============================================================
grid5x5 — double [mb_only]: ε̂=0.50, ε̃=0.50, β=0.40
  mini_benders=true, valid_inequality=none
============================================================
Set parameter Username
Set parameter LicenseID to value 2742039
Academic license - for non-commercial use only - expires 2026-11-20
Set parameter Username
Set parameter LicenseID to value 2742039
Academic license - for non-commercial use only - expires 2026-11-20
Set parameter OutputFlag to value 1
Set parameter LogFile to value "global_miqcp.log"
Set parameter Username
Set parameter LicenseID to value 2742039
Academic license - for non-commercial use only - expires 2026-11-20
Set parameter Username
Set parameter LicenseID to value 2742039
Academic license - for non-commercial use only - expires 2026-11-20
Set parameter Username
Set parameter LicenseID to value 2742039
Academic license - for non-commercial use only - expires 2026-11-20
Set parameter Username
Set parameter LicenseID to value 2742039
Academic license - for non-commercial use only - expires 2026-11-20

=== True-DRO Benders iter 1 ===
  OMP: t₀=-10000.000000, UB=Inf, gap=NaN, x=[0, 0, 0, 0, 0, 0, 0, 0, 0, 0, 0, 0, 0, 0, 0, 0, 0, 0, 0, 0, 0, 0, 0, 0, 0, 0, 0, 0, 0, 0, 0, 0, 0, 0, 0, 0, 0, 0, 0, 0, 0, 0, 0, 0, 0, 0, 0] (0.000s)
  Sub: Z₀=48.545771 [LOCAL] (0.7s), α=[0.000,0.000,0.000,0.000,0.000,0.000,0.000,0.000,0.000,0.000,0.000,0.000,0.000,0.000,0.000,0.000,0.000,0.000,0.000,0.000,0.000,0.000,0.000,0.000,2.929,0.000,0.000,0.037,4.892,0.000,0.000,0.000,0.000,0.000,0.000,0.249,2.142,0.000,0.000,0.000,0.000,0.000,0.000,0.000,0.000,0.000,0.000]
  Iter 1: LB=-10000.000000  UB=Inf  gap=NaN
  Cut: intercept=48.545771, π_x_range=[-829.0189, -774.1981]
  Mini-Benders[1] (mw): LB=-1601.425358, Z₀(α*)=43.721362, intercept=-96.843858 (0.156s) [OMP=0.032 ISP-L=0.021 ISP-F=0.055 MW-L=0.023 MW-F=0.033]
  Mini-Benders[2] (mw): LB=-293.758005, Z₀(α*)=41.675039, intercept=-18.809683 (0.125s) [OMP=0.024 ISP-L=0.014 ISP-F=0.040 MW-L=0.020 MW-F=0.028]
  Mini-Benders[3] (mw): LB=-158.264548, Z₀(α*)=32.947026, intercept=-70.702816 (0.203s) [OMP=0.088 ISP-L=0.014 ISP-F=0.040 MW-L=0.019 MW-F=0.032]
  Mini-Benders[4] (mw): LB=-145.890945, Z₀(α*)=38.129173, intercept=-129.298540 (0.204s) [OMP=0.101 ISP-L=0.013 ISP-F=0.041 MW-L=0.019 MW-F=0.027]
  Mini-Benders[5] (mw): LB=-134.774666, Z₀(α*)=37.763348, intercept=-69.618895 (0.218s) [OMP=0.116 ISP-L=0.013 ISP-F=0.040 MW-L=0.019 MW-F=0.029]
Set parameter NonConvex to value 2
Set parameter DualReductions to value 0
  α-step: Z₀=36.864928, α=[0.000,0.000,0.000,0.000,0.000,0.000,0.000,0.000,0.000,0.000,0.000,0.000,0.000,0.000,0.000,0.000,0.000,0.000,0.000,0.000,0.000,0.000,0.000,0.000,0.000,0.000,0.000,0.000,1.945,4.462,3.842,0.000,0.000,0.000,0.000,0.000,0.000,0.000,0.000,0.000,0.000,0.000,0.000,0.000,0.000,0.000,0.000]
  Alt-Benders[1] (mw): LB=-112.028084, Z₀(α*)=16.882930, intercept=-32.795860 (0.312s) [OMP=0.196 ISP-L=0.014 ISP-F=0.041 MW-L=0.019 MW-F=0.031]
  Alt-Benders[2] (mw): LB=-101.693171, Z₀(α*)=7.325803, intercept=-136.690057 (0.313s) [OMP=0.202 ISP-L=0.014 ISP-F=0.042 MW-L=0.019 MW-F=0.031]
  Alt-Benders[3] (mw): LB=-97.678857, Z₀(α*)=-29.542379, intercept=-48.474730 (0.406s) [OMP=0.316 ISP-L=0.013 ISP-F=0.038 MW-L=0.019 MW-F=0.029]
  Alt-Benders[4] (mw): LB=-95.882742, Z₀(α*)=6.379738, intercept=-41.012721 (0.281s) [OMP=0.179 ISP-L=0.014 ISP-F=0.039 MW-L=0.019 MW-F=0.030]
  Alt-Benders[5] (mw): LB=-88.660047, Z₀(α*)=-20.646636, intercept=-0.541553 (0.719s) [OMP=0.606 ISP-L=0.013 ISP-F=0.039 MW-L=0.018 MW-F=0.030]
  OMP re-solve: 0.404s

=== True-DRO Benders iter 2 ===
  OMP: t₀=-80.620312, UB=Inf, gap=NaN, x=[0, 0, 0, 0, 0, 0, 0, 0, 0, 0, 0, 0, 0, 0, 0, 0, 0, 0, 0, 0, 0, 0, 0, 0, 1, 0, 0, 0, 0, 0, 0, 0, 1, 0, 0, 0, 0, 0, 0, 0, 0, 0, 0, 0, 0, 0, 0] (0.000s)
  Sub: Z₀=42.798733 [LOCAL] (0.5s), α=[0.000,0.000,0.000,0.000,0.000,0.000,0.000,0.000,0.000,0.000,0.000,0.000,0.000,0.000,0.000,0.000,0.000,0.000,0.000,0.000,0.000,0.000,0.000,0.000,7.505,0.000,0.000,0.000,2.744,0.000,0.000,0.000,0.000,0.000,0.000,0.000,0.000,0.000,0.000,0.000,0.000,0.000,0.000,0.000,0.000,0.000,0.000]
  Iter 2: LB=-80.620312  UB=Inf  gap=NaN
  Cut: intercept=-1140.264409, π_x_range=[-826.4481, 599.4227]
  Mini-Benders[1] (mw): LB=-79.452258, Z₀(α*)=37.630119, intercept=-76.446255 (0.469s) [OMP=0.366 ISP-L=0.013 ISP-F=0.041 MW-L=0.017 MW-F=0.029]
  Mini-Benders[2] (mw): LB=-76.979572, Z₀(α*)=40.062662, intercept=-142.370801 (0.390s) [OMP=0.273 ISP-L=0.014 ISP-F=0.043 MW-L=0.021 MW-F=0.051]
  Mini-Benders[3] (mw): LB=-74.680219, Z₀(α*)=40.074988, intercept=13.995454 (0.422s) [OMP=0.299 ISP-L=0.013 ISP-F=0.040 MW-L=0.021 MW-F=0.043]
  Mini-Benders[4] (mw): LB=-66.020350, Z₀(α*)=15.457144, intercept=-82.763444 (0.438s) [OMP=0.327 ISP-L=0.013 ISP-F=0.042 MW-L=0.021 MW-F=0.030]
  Mini-Benders[5] (mw): LB=-57.285418, Z₀(α*)=32.061149, intercept=-107.147471 (0.468s) [OMP=0.361 ISP-L=0.013 ISP-F=0.040 MW-L=0.020 MW-F=0.030]
  α-step: Z₀=35.284348, α=[0.000,0.000,0.000,0.000,0.000,0.000,0.000,0.000,0.000,0.000,0.000,0.000,0.000,0.000,0.000,0.000,0.000,0.000,0.000,0.000,0.000,0.000,0.762,1.898,6.594,0.000,0.000,0.000,0.000,0.000,0.000,0.995,0.000,0.000,0.000,0.000,0.000,0.000,0.000,0.000,0.000,0.000,0.000,0.000,0.000,0.000,0.000]
  Alt-Benders[1] (mw): LB=-50.857266, Z₀(α*)=20.690712, intercept=-99.046633 (0.937s) [OMP=0.837 ISP-L=0.014 ISP-F=0.040 MW-L=0.019 MW-F=0.030]
  Alt-Benders[2] (mw): LB=-48.237991, Z₀(α*)=36.725582, intercept=-130.494259 (0.625s) [OMP=0.518 ISP-L=0.013 ISP-F=0.039 MW-L=0.020 MW-F=0.029]
  Alt-Benders[3] (mw): LB=-47.760782, Z₀(α*)=40.443407, intercept=-45.037565 (0.610s) [OMP=0.522 ISP-L=0.013 ISP-F=0.039 MW-L=0.017 MW-F=0.026]
  Alt-Benders[4] (mw): LB=-47.417061, Z₀(α*)=37.966319, intercept=5.555615 (0.875s) [OMP=0.741 ISP-L=0.013 ISP-F=0.039 MW-L=0.022 MW-F=0.054]
  Alt-Benders[5] (mw): LB=-45.206555, Z₀(α*)=11.378826, intercept=-204.877468 (1.109s) [OMP=1.013 ISP-L=0.013 ISP-F=0.039 MW-L=0.019 MW-F=0.027]
  OMP re-solve: 0.974s

=== True-DRO Benders iter 3 ===
  OMP: t₀=-43.476305, UB=Inf, gap=NaN, x=[0, 0, 0, 0, 0, 0, 0, 0, 0, 0, 0, 0, 0, 0, 0, 0, 0, 0, 0, 0, 0, 0, 0, 0, 0, 0, 0, 0, 0, 0, 1, 1, 0, 0, 0, 0, 0, 0, 0, 0, 0, 0, 0, 0, 0, 0, 0] (0.000s)
  Sub: Z₀=40.201350 [LOCAL] (0.5s), α=[0.000,0.000,0.000,0.000,0.000,0.000,0.000,0.000,0.000,0.000,0.000,0.000,0.000,0.000,0.000,0.000,0.000,0.000,0.000,0.000,0.000,0.000,0.000,0.000,3.773,0.000,0.000,0.000,0.118,0.000,2.461,3.897,0.000,0.000,0.000,0.000,0.000,0.000,0.000,0.000,0.000,0.000,0.000,0.000,0.000,0.000,0.000]
  Iter 3: LB=-43.476305  UB=Inf  gap=NaN
  Cut: intercept=-1123.894050, π_x_range=[-831.2901, 589.5973]
  Mini-Benders[1] (mw): LB=-43.075059, Z₀(α*)=1.553883, intercept=-61.750451 (1.156s) [OMP=1.044 ISP-L=0.014 ISP-F=0.041 MW-L=0.020 MW-F=0.033]
  Mini-Benders[2] (mw): LB=-41.914896, Z₀(α*)=13.452344, intercept=-216.935443 (0.844s) [OMP=0.739 ISP-L=0.013 ISP-F=0.039 MW-L=0.019 MW-F=0.032]
  Mini-Benders[3] (mw): LB=-40.220098, Z₀(α*)=19.952642, intercept=-146.173674 (0.906s) [OMP=0.800 ISP-L=0.013 ISP-F=0.041 MW-L=0.020 MW-F=0.030]
  Mini-Benders[4] (mw): LB=-39.460943, Z₀(α*)=42.042628, intercept=11.894751 (1.985s) [OMP=1.889 ISP-L=0.014 ISP-F=0.041 MW-L=0.018 MW-F=0.028]
  Mini-Benders[5] (mw): LB=-39.203541, Z₀(α*)=42.737742, intercept=-70.277237 (1.234s) [OMP=1.147 ISP-L=0.006 ISP-F=0.040 MW-L=0.018 MW-F=0.028]
  α-step QCP failed (True-DRO subproblem: INFEASIBLE (no feasible solution)), fallback to LP
  α-step: Z₀=39.176401, α=[0.000,0.000,0.000,0.000,0.000,0.000,0.000,0.000,0.000,0.000,0.000,0.000,0.000,0.000,0.000,0.000,0.000,0.000,0.000,0.000,0.000,0.000,0.000,0.000,1.121,0.000,0.000,4.775,3.505,0.000,0.000,0.000,0.000,0.000,0.000,0.000,0.849,0.000,0.000,0.000,0.000,0.000,0.000,0.000,0.000,0.000,0.000] [LP-fallback]
  Alt-Benders[1] (mw): LB=-38.223915, Z₀(α*)=26.851347, intercept=-74.828734 (1.485s) [OMP=1.383 ISP-L=0.013 ISP-F=0.040 MW-L=0.020 MW-F=0.032]
  Alt-Benders[2] (mw): LB=-36.850146, Z₀(α*)=22.225591, intercept=-47.209835 (0.859s) [OMP=0.744 ISP-L=0.014 ISP-F=0.039 MW-L=0.019 MW-F=0.030]
  Alt-Benders[3] (mw): LB=-36.262119, Z₀(α*)=39.388200, intercept=-45.920954 (0.985s) [OMP=0.891 ISP-L=0.014 ISP-F=0.041 MW-L=0.021 MW-F=0.029]
  Alt-Benders[4] (mw): LB=-33.587667, Z₀(α*)=-6.177714, intercept=-147.226462 (1.125s) [OMP=1.009 ISP-L=0.014 ISP-F=0.040 MW-L=0.020 MW-F=0.028]
  Alt-Benders[5] (mw): LB=-31.795467, Z₀(α*)=-6.177714, intercept=-127.529531 (1.156s) [OMP=1.063 ISP-L=0.014 ISP-F=0.040 MW-L=0.019 MW-F=0.029]
  OMP re-solve: 1.182s

=== True-DRO Benders iter 4 ===
  OMP: t₀=-30.317827, UB=Inf, gap=NaN, x=[0, 0, 0, 0, 0, 0, 0, 0, 0, 0, 0, 0, 0, 0, 0, 0, 0, 0, 0, 0, 0, 0, 0, 0, 0, 0, 0, 0, 0, 0, 0, 0, 1, 0, 0, 0, 1, 0, 0, 0, 0, 0, 0, 0, 0, 0, 0] (0.000s)
  Sub: Z₀=45.606711 [LOCAL] (0.5s), α=[0.000,0.000,0.000,0.000,0.000,0.000,0.000,0.000,0.000,0.000,0.000,0.000,0.000,0.000,0.000,0.000,0.000,0.000,0.000,0.000,0.000,0.000,0.000,0.000,0.160,0.000,0.000,0.000,2.744,0.000,0.000,0.000,0.000,0.000,0.000,0.000,7.345,0.000,0.000,0.000,0.000,0.000,0.000,0.000,0.000,0.000,0.000]
  Iter 4: LB=-30.317827  UB=Inf  gap=NaN
  Cut: intercept=-1143.971713, π_x_range=[-825.9263, 599.5235]
  Mini-Benders[1] (mw): LB=-29.975058, Z₀(α*)=42.567110, intercept=-173.071889 (1.297s) [OMP=1.182 ISP-L=0.013 ISP-F=0.042 MW-L=0.020 MW-F=0.027]
  Mini-Benders[2] (mw): LB=-27.667224, Z₀(α*)=7.971880, intercept=-73.499317 (1.329s) [OMP=1.201 ISP-L=0.013 ISP-F=0.040 MW-L=0.040 MW-F=0.030]
  Mini-Benders[3] (mw): LB=-27.651555, Z₀(α*)=37.841058, intercept=-96.644839 (1.421s) [OMP=1.328 ISP-L=0.013 ISP-F=0.041 MW-L=0.020 MW-F=0.027]
  Mini-Benders[4] (mw): LB=-26.272963, Z₀(α*)=6.350784, intercept=-37.191870 (1.109s) [OMP=0.999 ISP-L=0.013 ISP-F=0.040 MW-L=0.020 MW-F=0.030]
  Mini-Benders[5] (mw): LB=-23.487045, Z₀(α*)=9.653428, intercept=-75.204353 (1.485s) [OMP=1.370 ISP-L=0.014 ISP-F=0.041 MW-L=0.020 MW-F=0.034]
  α-step: Z₀=33.410741, α=[0.000,0.000,0.000,0.000,0.000,0.000,0.000,0.000,0.000,0.000,0.000,0.000,0.000,0.000,0.000,0.000,0.000,0.000,0.000,0.000,0.000,0.000,0.000,0.000,7.197,0.000,0.000,0.072,2.830,0.000,0.000,0.000,0.000,0.000,0.000,0.000,0.150,0.000,0.000,0.000,0.000,0.000,0.000,0.000,0.000,0.000,0.000]
  Alt-Benders[1] (mw): LB=-19.722076, Z₀(α*)=40.820116, intercept=-8.332895 (1.672s) [OMP=1.564 ISP-L=0.014 ISP-F=0.041 MW-L=0.020 MW-F=0.029]
  Alt-Benders[2] (mw): LB=-18.837729, Z₀(α*)=37.659012, intercept=-53.655252 (1.656s) [OMP=1.564 ISP-L=0.013 ISP-F=0.039 MW-L=0.019 MW-F=0.028]
  Alt-Benders[3] (mw): LB=-18.704437, Z₀(α*)=31.156235, intercept=-169.842980 (1.578s) [OMP=1.460 ISP-L=0.014 ISP-F=0.040 MW-L=0.020 MW-F=0.030]
  Alt-Benders[4] (mw): LB=-18.260630, Z₀(α*)=-1.635959, intercept=-52.823782 (1.516s) [OMP=1.392 ISP-L=0.013 ISP-F=0.039 MW-L=0.043 MW-F=0.029]
  Alt-Benders[5] (mw): LB=-17.635881, Z₀(α*)=18.945139, intercept=-123.933484 (1.422s) [OMP=1.323 ISP-L=0.013 ISP-F=0.041 MW-L=0.019 MW-F=0.031]
  OMP re-solve: 2.287s

=== True-DRO Benders iter 5 ===
  OMP: t₀=-17.321331, UB=Inf, gap=NaN, x=[0, 0, 0, 0, 0, 0, 0, 0, 0, 0, 1, 0, 0, 0, 0, 0, 0, 0, 0, 0, 0, 0, 0, 1, 0, 0, 0, 0, 0, 0, 0, 0, 0, 0, 0, 0, 0, 0, 0, 0, 0, 0, 0, 0, 0, 0, 0] (0.001s)
  Sub: Z₀=43.046733 (8.6s), α=[0.000,0.000,0.000,0.000,0.000,0.000,0.000,0.000,0.000,0.000,0.000,0.000,0.000,0.000,0.000,0.000,0.000,0.000,0.000,0.000,0.000,0.000,4.451,0.000,0.000,0.000,0.000,0.000,5.798,0.000,0.000,0.000,0.000,0.000,0.000,0.000,0.000,0.000,0.000,0.000,0.000,0.000,0.000,0.000,0.000,0.000,0.000]
  Iter 5: LB=-17.321331  UB=43.046733  gap=1.40e+00
  Cut: intercept=-128.370939, π_x_range=[-256.6314, 129.4810]
  Sherali-Cut: intercept=-13.895776, π_x_range=[-126.4217, 47.2104]
  Mini-Benders[1] (mw): LB=-16.024256, Z₀(α*)=37.157310, intercept=-47.886317 (1.484s) [OMP=1.385 ISP-L=0.014 ISP-F=0.041 MW-L=0.020 MW-F=0.029]
  Mini-Benders[2] (mw): LB=-16.007802, Z₀(α*)=22.785024, intercept=-44.905462 (1.485s) [OMP=1.380 ISP-L=0.013 ISP-F=0.038 MW-L=0.019 MW-F=0.028]
  Mini-Benders[3] (mw): LB=-15.104473, Z₀(α*)=40.991420, intercept=-15.771118 (1.625s) [OMP=1.525 ISP-L=0.013 ISP-F=0.038 MW-L=0.018 MW-F=0.028]
  Mini-Benders[4] (mw): LB=-14.639439, Z₀(α*)=42.944985, intercept=-9.346194 (1.890s) [OMP=1.776 ISP-L=0.013 ISP-F=0.040 MW-L=0.018 MW-F=0.048]
  Mini-Benders[5] (mw): LB=-13.602204, Z₀(α*)=31.544293, intercept=-75.745848 (1.828s) [OMP=1.723 ISP-L=0.013 ISP-F=0.039 MW-L=0.018 MW-F=0.029]
  α-step: Z₀=37.968797, α=[0.000,0.000,0.000,0.000,0.000,0.000,0.000,0.000,0.000,0.000,0.000,0.000,0.000,0.000,0.000,0.000,0.000,0.000,0.000,0.000,0.000,0.000,4.451,0.852,0.000,0.000,0.000,0.000,0.000,0.000,4.226,0.000,0.000,0.000,0.669,0.000,0.051,0.000,0.000,0.000,0.000,0.000,0.000,0.000,0.000,0.000,0.000]
  Alt-Benders[1] (mw): LB=-13.335535, Z₀(α*)=-9.500727, intercept=-49.218047 (1.812s) [OMP=1.712 ISP-L=0.013 ISP-F=0.039 MW-L=0.018 MW-F=0.030]
  Alt-Benders[2] (mw): LB=-11.233964, Z₀(α*)=11.064487, intercept=-5.286604 (1.734s) [OMP=1.634 ISP-L=0.014 ISP-F=0.039 MW-L=0.020 MW-F=0.028]
  Alt-Benders[3] (mw): LB=-10.576387, Z₀(α*)=-0.978334, intercept=-21.788705 (2.188s) [OMP=2.081 ISP-L=0.014 ISP-F=0.041 MW-L=0.020 MW-F=0.027]
  Alt-Benders[4] (mw): LB=-9.841358, Z₀(α*)=-3.462575, intercept=-93.673091 (1.906s) [OMP=1.809 ISP-L=0.013 ISP-F=0.039 MW-L=0.018 MW-F=0.029]
  Alt-Benders[5] (mw): LB=-9.500729, Z₀(α*)=-9.500727, intercept=-49.218047 (1.891s) [OMP=1.789 ISP-L=0.013 ISP-F=0.040 MW-L=0.018 MW-F=0.030]
  OMP re-solve: 2.097s

=== True-DRO Benders iter 6 ===
  OMP: t₀=-9.500729, UB=43.046733, gap=1.22e+00, x=[0, 0, 0, 0, 0, 0, 0, 0, 0, 0, 0, 0, 0, 0, 0, 0, 0, 0, 0, 0, 0, 0, 0, 0, 0, 0, 0, 1, 0, 0, 0, 0, 0, 0, 1, 0, 0, 0, 0, 0, 0, 0, 0, 0, 0, 0, 0] (0.000s)
  Sub: Z₀=38.125333 [LOCAL] (0.6s), α=[0.000,0.000,0.000,0.000,0.000,0.000,0.000,0.000,0.000,0.000,0.000,0.000,0.000,0.000,0.000,0.000,0.000,0.000,0.000,0.000,0.000,0.000,0.000,0.000,0.000,0.000,0.000,3.339,6.910,0.000,0.000,0.000,0.000,0.000,0.000,0.000,0.000,0.000,0.000,0.000,0.000,0.000,0.000,0.000,0.000,0.000,0.000]
  Iter 6: LB=-9.500729  UB=43.046733  gap=1.22e+00
  Cut: intercept=-1147.084165, π_x_range=[-825.9939, 594.8297]
  Mini-Benders[1] (mw): LB=-9.243793, Z₀(α*)=15.014644, intercept=-99.047819 (2.000s) [OMP=1.897 ISP-L=0.013 ISP-F=0.040 MW-L=0.019 MW-F=0.026]
  Mini-Benders[2] (mw): LB=-9.029661, Z₀(α*)=6.463098, intercept=-153.345635 (2.578s) [OMP=2.460 ISP-L=0.014 ISP-F=0.041 MW-L=0.021 MW-F=0.035]
  Mini-Benders[3] (mw): LB=-7.619667, Z₀(α*)=35.702946, intercept=-33.750552 (2.750s) [OMP=2.637 ISP-L=0.014 ISP-F=0.042 MW-L=0.019 MW-F=0.034]
  Mini-Benders[4] (mw): LB=-6.998601, Z₀(α*)=17.613619, intercept=-40.452860 (2.110s) [OMP=2.013 ISP-L=0.013 ISP-F=0.041 MW-L=0.021 MW-F=0.029]
  Mini-Benders[5] (mw): LB=-6.500955, Z₀(α*)=35.255858, intercept=31.242203 (2.000s) [OMP=1.896 ISP-L=0.013 ISP-F=0.040 MW-L=0.019 MW-F=0.027]
  α-step: Z₀=30.361083, α=[0.000,0.000,0.000,0.000,0.000,0.000,0.000,0.000,0.000,0.000,0.000,0.000,0.000,0.000,0.000,0.000,0.000,0.000,0.000,0.000,0.000,0.000,0.000,0.000,1.869,0.000,0.000,8.222,0.000,0.000,0.000,0.000,0.000,0.000,0.000,0.000,0.157,0.000,0.000,0.000,0.000,0.000,0.000,0.000,0.000,0.000,0.000]
  Alt-Benders[1] (mw): LB=-6.269015, Z₀(α*)=32.235469, intercept=-146.218055 (1.984s) [OMP=1.883 ISP-L=0.014 ISP-F=0.041 MW-L=0.020 MW-F=0.031]
  Alt-Benders[2] (mw): LB=-6.218102, Z₀(α*)=-2.298419, intercept=-29.718766 (1.766s) [OMP=1.642 ISP-L=0.013 ISP-F=0.039 MW-L=0.018 MW-F=0.050]
  Alt-Benders[3] (mw): LB=-6.177716, Z₀(α*)=-45.005987, intercept=-150.662410 (2.000s) [OMP=1.896 ISP-L=0.014 ISP-F=0.039 MW-L=0.019 MW-F=0.031]
  Alt-Benders[4] (mw): LB=-6.177716, Z₀(α*)=-45.005987, intercept=-150.662410 (2.031s) [OMP=1.926 ISP-L=0.013 ISP-F=0.039 MW-L=0.020 MW-F=0.033]
  Alt-Benders[5] (mw): LB=-6.177716, Z₀(α*)=-45.005987, intercept=-150.662410 (2.125s) [OMP=2.017 ISP-L=0.014 ISP-F=0.040 MW-L=0.020 MW-F=0.032]
  OMP re-solve: 1.939s

=== True-DRO Benders iter 7 ===
  OMP: t₀=-6.177716, UB=43.046733, gap=1.14e+00, x=[0, 0, 0, 0, 0, 0, 0, 0, 0, 0, 1, 0, 0, 0, 0, 0, 0, 0, 0, 0, 0, 0, 0, 0, 0, 0, 0, 0, 0, 0, 1, 0, 0, 0, 0, 0, 0, 0, 0, 0, 0, 0, 0, 0, 0, 0, 0] (0.000s)
  Sub: Z₀=40.804272 [LOCAL] (0.5s), α=[0.000,0.000,0.000,0.000,0.000,0.000,0.000,0.000,0.000,0.000,0.000,0.000,0.000,0.000,0.000,0.000,0.000,0.000,0.000,0.000,0.000,0.000,4.451,0.000,0.000,0.000,0.000,0.000,5.798,0.000,0.000,0.000,0.000,0.000,0.000,0.000,0.000,0.000,0.000,0.000,0.000,0.000,0.000,0.000,0.000,0.000,0.000]
  Iter 7: LB=-6.177716  UB=43.046733  gap=1.14e+00
  Cut: intercept=-1092.766328, π_x_range=[-829.5410, 580.8611]
  Mini-Benders[1] (mw): LB=-6.177716, Z₀(α*)=43.046733, intercept=-152.768291 (1.891s) [OMP=1.786 ISP-L=0.014 ISP-F=0.040 MW-L=0.020 MW-F=0.028]
  Mini-Benders[2] (mw): LB=-6.110616, Z₀(α*)=39.459548, intercept=-122.494791 (1.921s) [OMP=1.818 ISP-L=0.013 ISP-F=0.041 MW-L=0.018 MW-F=0.025]
  Mini-Benders[3] (mw): LB=-5.560699, Z₀(α*)=34.124579, intercept=-85.308114 (1.860s) [OMP=1.761 ISP-L=0.013 ISP-F=0.041 MW-L=0.019 MW-F=0.028]
  Mini-Benders[4] (mw): LB=-5.310240, Z₀(α*)=25.655247, intercept=-55.794968 (1.859s) [OMP=1.743 ISP-L=0.013 ISP-F=0.039 MW-L=0.018 MW-F=0.048]
  Mini-Benders[5] (mw): LB=-4.739539, Z₀(α*)=28.040214, intercept=-11.285283 (1.828s) [OMP=1.718 ISP-L=0.013 ISP-F=0.041 MW-L=0.019 MW-F=0.030]
  α-step: Z₀=30.245573, α=[0.000,0.000,0.000,0.000,0.000,0.000,0.000,0.000,0.000,0.000,0.000,0.000,0.000,0.000,0.000,0.000,0.000,0.000,0.000,0.000,0.000,0.000,0.000,0.000,0.000,0.000,0.000,0.000,0.000,0.000,0.000,0.000,10.249,0.000,0.000,0.000,0.000,0.000,0.000,0.000,0.000,0.000,0.000,0.000,0.000,0.000,0.000]
  Alt-Benders[1] (mw): LB=-3.821636, Z₀(α*)=-9.018731, intercept=-83.895725 (1.859s) [OMP=1.752 ISP-L=0.014 ISP-F=0.041 MW-L=0.020 MW-F=0.029]
  Alt-Benders[2] (mw): LB=-3.821636, Z₀(α*)=-9.018731, intercept=-83.895725 (1.813s) [OMP=1.713 ISP-L=0.013 ISP-F=0.041 MW-L=0.020 MW-F=0.029]
  Alt-Benders[3] (mw): LB=-3.821636, Z₀(α*)=-9.018731, intercept=-83.895725 (1.781s) [OMP=1.679 ISP-L=0.014 ISP-F=0.040 MW-L=0.019 MW-F=0.028]
  Alt-Benders[4]: LB stagnated, break
  OMP re-solve: 0.000s

=== True-DRO Benders iter 8 ===
  OMP: t₀=-3.821636, UB=43.046733, gap=1.09e+00, x=[0, 0, 0, 0, 0, 0, 0, 0, 0, 0, 0, 0, 0, 0, 0, 0, 0, 0, 0, 0, 0, 0, 0, 0, 0, 1, 0, 0, 0, 1, 0, 0, 0, 0, 0, 0, 0, 0, 0, 0, 0, 0, 0, 0, 0, 0, 0] (0.000s)
  Sub: Z₀=41.312811 [LOCAL] (0.7s), α=[0.000,0.000,0.000,0.000,0.000,0.000,0.000,0.000,0.000,0.000,0.000,0.000,0.000,0.000,0.000,0.000,0.000,0.000,0.000,0.000,0.000,0.000,0.000,0.000,0.000,4.622,0.000,0.037,5.034,0.000,0.000,0.000,0.000,0.000,0.000,0.000,0.556,0.000,0.000,0.000,0.000,0.000,0.000,0.000,0.000,0.000,0.000]
  Iter 8: LB=-3.821636  UB=43.046733  gap=1.09e+00
  Cut: intercept=-1114.150024, π_x_range=[-830.0411, 585.6068]
  Mini-Benders[1] (mw): LB=-3.462577, Z₀(α*)=37.719449, intercept=-51.005201 (1.969s) [OMP=1.861 ISP-L=0.013 ISP-F=0.041 MW-L=0.020 MW-F=0.025]
  Mini-Benders[2] (mw): LB=-3.185979, Z₀(α*)=16.472329, intercept=-166.282136 (2.031s) [OMP=1.902 ISP-L=0.013 ISP-F=0.041 MW-L=0.020 MW-F=0.053]
  Mini-Benders[3] (mw): LB=-2.922613, Z₀(α*)=17.008655, intercept=8.044152 (2.156s) [OMP=2.059 ISP-L=0.013 ISP-F=0.041 MW-L=0.019 MW-F=0.028]
  Mini-Benders[4] (mw): LB=-2.903817, Z₀(α*)=28.631377, intercept=-73.277674 (1.844s) [OMP=1.727 ISP-L=0.013 ISP-F=0.041 MW-L=0.020 MW-F=0.032]
  Mini-Benders[5] (mw): LB=-2.892526, Z₀(α*)=30.106892, intercept=-51.514163 (2.156s) [OMP=2.062 ISP-L=0.014 ISP-F=0.041 MW-L=0.021 MW-F=0.029]
  α-step: Z₀=27.828707, α=[0.000,0.000,0.000,0.000,0.000,0.000,0.000,0.000,0.000,0.000,0.000,0.000,0.000,0.000,0.000,0.000,0.000,0.000,0.000,0.000,0.000,0.000,0.000,0.000,0.000,0.000,0.000,0.000,6.868,0.000,0.000,0.000,3.381,0.000,0.000,0.000,0.000,0.000,0.000,0.000,0.000,0.000,0.000,0.000,0.000,0.000,0.000]
  Alt-Benders[1] (mw): LB=-1.747402, Z₀(α*)=-0.186066, intercept=-121.233534 (1.843s) [OMP=1.738 ISP-L=0.014 ISP-F=0.039 MW-L=0.020 MW-F=0.029]
  Alt-Benders[2] (mw): LB=-1.414663, Z₀(α*)=22.820846, intercept=-33.292947 (2.141s) [OMP=2.041 ISP-L=0.013 ISP-F=0.040 MW-L=0.019 MW-F=0.026]
  Alt-Benders[3] (mw): LB=-0.978336, Z₀(α*)=9.853901, intercept=-35.807032 (2.203s) [OMP=2.103 ISP-L=0.013 ISP-F=0.040 MW-L=0.020 MW-F=0.027]
  Alt-Benders[4] (mw): LB=-0.708072, Z₀(α*)=-1.750980, intercept=3.360733 (2.297s) [OMP=2.169 ISP-L=0.013 ISP-F=0.038 MW-L=0.019 MW-F=0.051]
  Alt-Benders[5] (mw): LB=-0.708072, Z₀(α*)=-1.750980, intercept=3.360733 (1.828s) [OMP=1.729 ISP-L=0.014 ISP-F=0.039 MW-L=0.020 MW-F=0.029]
  OMP re-solve: 1.758s

=== True-DRO Benders iter 9 ===
  OMP: t₀=-0.708072, UB=43.046733, gap=1.02e+00, x=[0, 0, 0, 0, 0, 0, 0, 0, 0, 0, 0, 0, 0, 0, 0, 0, 0, 0, 0, 0, 0, 0, 0, 0, 1, 0, 0, 0, 0, 0, 0, 0, 0, 0, 0, 1, 0, 0, 0, 0, 0, 0, 0, 0, 0, 0, 0] (0.001s)
  Sub: Z₀=41.436705 [LOCAL] (0.6s), α=[0.000,0.000,0.000,0.000,0.000,0.000,0.000,0.000,0.000,0.000,0.000,0.000,0.000,0.000,0.000,0.000,0.000,0.000,0.000,0.000,0.000,0.000,0.000,0.000,6.413,0.000,0.000,0.000,0.907,0.000,0.000,0.000,0.000,0.000,0.000,1.360,1.569,0.000,0.000,0.000,0.000,0.000,0.000,0.000,0.000,0.000,0.000]
  Iter 9: LB=-0.708072  UB=43.046733  gap=1.02e+00
  Cut: intercept=-1133.004124, π_x_range=[-831.5439, 588.6744]
  Mini-Benders[1] (mw): LB=-0.186068, Z₀(α*)=40.035732, intercept=-61.481480 (2.000s) [OMP=1.884 ISP-L=0.014 ISP-F=0.041 MW-L=0.020 MW-F=0.029]
  Mini-Benders[2] (mw): LB=0.058331, Z₀(α*)=13.354566, intercept=-58.681094 (2.078s) [OMP=1.973 ISP-L=0.014 ISP-F=0.041 MW-L=0.020 MW-F=0.033]
  Mini-Benders[3] (mw): LB=0.561527, Z₀(α*)=42.826185, intercept=-18.132158 (1.969s) [OMP=1.857 ISP-L=0.014 ISP-F=0.042 MW-L=0.020 MW-F=0.029]
  Mini-Benders[4] (mw): LB=0.638390, Z₀(α*)=43.556995, intercept=-141.651531 (2.141s) [OMP=2.044 ISP-L=0.013 ISP-F=0.040 MW-L=0.019 MW-F=0.028]
  Mini-Benders[5] (mw): LB=1.744672, Z₀(α*)=41.462662, intercept=-35.300308 (2.297s) [OMP=2.189 ISP-L=0.013 ISP-F=0.039 MW-L=0.019 MW-F=0.029]
  α-step: Z₀=38.544365, α=[0.000,0.000,0.000,0.000,0.000,0.000,0.000,0.000,0.000,0.000,0.000,0.000,0.000,0.000,0.000,0.000,0.000,0.000,0.000,0.000,0.000,0.000,0.000,0.000,6.663,0.000,0.000,0.000,0.000,0.000,2.605,0.000,0.000,0.000,0.000,0.000,0.981,0.000,0.000,0.000,0.000,0.000,0.000,0.000,0.000,0.000,0.000]
  Alt-Benders[1] (mw): LB=2.690409, Z₀(α*)=30.879739, intercept=-64.121853 (2.625s) [OMP=2.531 ISP-L=0.014 ISP-F=0.040 MW-L=0.018 MW-F=0.028]
  Alt-Benders[2] (mw): LB=4.414327, Z₀(α*)=15.866839, intercept=-68.952893 (2.640s) [OMP=2.539 ISP-L=0.013 ISP-F=0.041 MW-L=0.021 MW-F=0.030]
  Alt-Benders[3] (mw): LB=5.135653, Z₀(α*)=27.507932, intercept=-260.368888 (2.438s) [OMP=2.335 ISP-L=0.013 ISP-F=0.038 MW-L=0.019 MW-F=0.027]
  Alt-Benders[4] (mw): LB=5.255422, Z₀(α*)=32.026748, intercept=-6.711054 (2.438s) [OMP=2.334 ISP-L=0.013 ISP-F=0.040 MW-L=0.020 MW-F=0.030]
  Alt-Benders[5] (mw): LB=5.495502, Z₀(α*)=30.725954, intercept=-109.016662 (2.515s) [OMP=2.410 ISP-L=0.014 ISP-F=0.041 MW-L=0.019 MW-F=0.029]
  OMP re-solve: 2.410s

=== True-DRO Benders iter 10 ===
  OMP: t₀=6.350782, UB=43.046733, gap=8.52e-01, x=[0, 0, 0, 0, 0, 0, 0, 0, 0, 0, 0, 0, 0, 0, 0, 0, 0, 0, 0, 0, 0, 0, 0, 0, 0, 0, 0, 1, 0, 0, 0, 1, 0, 0, 0, 0, 0, 0, 0, 0, 0, 0, 0, 0, 0, 0, 0] (0.001s)
  Sub: Z₀=48.881735 (8.7s), α=[0.000,0.000,0.000,0.000,0.000,0.000,0.000,0.000,0.000,0.000,0.000,0.000,0.000,0.000,0.000,0.000,0.000,0.000,0.000,0.000,0.000,0.000,0.000,0.000,8.149,1.878,0.000,0.118,0.000,0.000,0.000,0.000,0.000,0.000,0.000,0.000,0.103,0.000,0.000,0.000,0.000,0.000,0.000,0.000,0.000,0.000,0.000]
  Iter 10: LB=6.350782  UB=43.046733  gap=8.52e-01
  Cut: intercept=-27.706487, π_x_range=[-240.0000, 62.3949]
  Sherali-Cut: intercept=3.935207, π_x_range=[-149.4018, 44.8597]
  Mini-Benders[1] (mw): LB=6.463096, Z₀(α*)=32.731471, intercept=-153.171846 (2.610s) [OMP=2.490 ISP-L=0.013 ISP-F=0.038 MW-L=0.042 MW-F=0.029]
  Mini-Benders[2] (mw): LB=6.571542, Z₀(α*)=33.725450, intercept=-42.277031 (2.812s) [OMP=2.710 ISP-L=0.013 ISP-F=0.039 MW-L=0.019 MW-F=0.028]
  Mini-Benders[3] (mw): LB=7.327788, Z₀(α*)=38.454888, intercept=-78.996988 (2.641s) [OMP=2.535 ISP-L=0.014 ISP-F=0.040 MW-L=0.020 MW-F=0.027]
  Mini-Benders[4] (mw): LB=7.488664, Z₀(α*)=40.853431, intercept=-92.310842 (2.781s) [OMP=2.684 ISP-L=0.014 ISP-F=0.041 MW-L=0.020 MW-F=0.027]
  Mini-Benders[5] (mw): LB=7.673506, Z₀(α*)=48.881735, intercept=48.881734 (2.750s) [OMP=2.633 ISP-L=0.014 ISP-F=0.042 MW-L=0.020 MW-F=0.039]
  α-step: Z₀=40.443407, α=[0.000,0.000,0.000,0.000,0.000,0.000,0.000,0.000,0.000,0.000,0.000,0.000,0.000,0.000,0.000,0.000,0.000,0.000,0.000,0.000,0.000,0.000,3.552,0.000,1.798,0.000,0.000,0.000,0.000,0.000,0.000,4.900,0.000,0.000,0.000,0.000,0.000,0.000,0.000,0.000,0.000,0.000,0.000,0.000,0.000,0.000,0.000]
  Alt-Benders[1] (mw): LB=8.063422, Z₀(α*)=37.727932, intercept=-128.424446 (2.531s) [OMP=2.438 ISP-L=0.013 ISP-F=0.040 MW-L=0.018 MW-F=0.029]
  Alt-Benders[2] (mw): LB=8.741004, Z₀(α*)=8.321991, intercept=-101.397428 (2.485s) [OMP=2.384 ISP-L=0.013 ISP-F=0.038 MW-L=0.018 MW-F=0.030]
  Alt-Benders[3] (mw): LB=8.741004, Z₀(α*)=8.321991, intercept=-101.397428 (2.484s) [OMP=2.357 ISP-L=0.013 ISP-F=0.058 MW-L=0.020 MW-F=0.030]
  Alt-Benders[4] (mw): LB=8.741004, Z₀(α*)=8.321991, intercept=-101.397428 (2.438s) [OMP=2.332 ISP-L=0.013 ISP-F=0.038 MW-L=0.018 MW-F=0.030]
  Alt-Benders[5]: LB stagnated, break
  OMP re-solve: 0.001s

=== True-DRO Benders iter 11 ===
  OMP: t₀=8.741004, UB=43.046733, gap=7.97e-01, x=[0, 0, 0, 0, 0, 0, 0, 0, 0, 0, 0, 0, 0, 0, 0, 0, 0, 0, 0, 0, 0, 0, 0, 0, 0, 0, 1, 0, 0, 0, 0, 0, 0, 0, 0, 0, 1, 0, 0, 0, 0, 0, 0, 0, 0, 0, 0] (0.001s)
  Sub: Z₀=40.911501 [LOCAL] (0.5s), α=[0.000,0.000,0.000,0.000,0.000,0.000,0.000,0.000,0.000,0.000,0.000,0.000,0.000,0.000,0.000,0.000,0.000,0.000,0.000,0.000,0.000,0.000,0.000,0.000,3.642,0.000,0.000,0.038,5.033,0.000,0.000,0.000,0.000,0.000,0.000,0.000,1.536,0.000,0.000,0.000,0.000,0.000,0.000,0.000,0.000,0.000,0.000]
  Iter 11: LB=8.741004  UB=43.046733  gap=7.97e-01
  Cut: intercept=-1123.566500, π_x_range=[-829.6664, 588.6376]
  Mini-Benders[1] (mw): LB=9.602679, Z₀(α*)=40.816111, intercept=-52.313942 (2.328s) [OMP=2.221 ISP-L=0.014 ISP-F=0.040 MW-L=0.020 MW-F=0.027]
  Mini-Benders[2] (mw): LB=9.653426, Z₀(α*)=38.370543, intercept=1.633887 (2.515s) [OMP=2.396 ISP-L=0.014 ISP-F=0.042 MW-L=0.021 MW-F=0.032]
  Mini-Benders[3] (mw): LB=10.085891, Z₀(α*)=46.062523, intercept=-4.020364 (2.500s) [OMP=2.399 ISP-L=0.013 ISP-F=0.041 MW-L=0.019 MW-F=0.027]
  Mini-Benders[4] (mw): LB=10.130431, Z₀(α*)=20.369051, intercept=-106.358090 (2.610s) [OMP=2.498 ISP-L=0.014 ISP-F=0.041 MW-L=0.019 MW-F=0.035]
  Mini-Benders[5] (mw): LB=10.142929, Z₀(α*)=34.410675, intercept=-113.281783 (2.515s) [OMP=2.389 ISP-L=0.013 ISP-F=0.040 MW-L=0.019 MW-F=0.053]
  α-step: Z₀=39.612147, α=[0.000,0.000,0.000,0.000,0.000,0.000,0.000,0.000,0.000,0.000,0.000,0.000,0.000,0.000,0.000,0.000,0.000,0.000,0.000,0.000,0.000,0.000,0.000,0.000,2.159,0.000,0.000,0.000,8.091,0.000,0.000,0.000,0.000,0.000,0.000,0.000,0.000,0.000,0.000,0.000,0.000,0.000,0.000,0.000,0.000,0.000,0.000]
  Alt-Benders[1] (mw): LB=11.326231, Z₀(α*)=23.165207, intercept=16.509801 (2.218s) [OMP=2.121 ISP-L=0.013 ISP-F=0.040 MW-L=0.018 MW-F=0.029]
  Alt-Benders[2] (mw): LB=11.378824, Z₀(α*)=39.993166, intercept=-161.359995 (1.844s) [OMP=1.742 ISP-L=0.014 ISP-F=0.039 MW-L=0.020 MW-F=0.030]
  Alt-Benders[3] (mw): LB=11.528202, Z₀(α*)=44.579165, intercept=12.976182 (1.766s) [OMP=1.662 ISP-L=0.014 ISP-F=0.040 MW-L=0.020 MW-F=0.028]
  Alt-Benders[4] (mw): LB=12.313473, Z₀(α*)=40.033606, intercept=5.793120 (2.250s) [OMP=2.147 ISP-L=0.014 ISP-F=0.041 MW-L=0.020 MW-F=0.025]
  Alt-Benders[5] (mw): LB=12.965339, Z₀(α*)=41.644289, intercept=-110.917318 (2.125s) [OMP=2.022 ISP-L=0.013 ISP-F=0.039 MW-L=0.020 MW-F=0.026]
  OMP re-solve: 1.960s

=== True-DRO Benders iter 12 ===
  OMP: t₀=13.354564, UB=43.046733, gap=6.90e-01, x=[0, 0, 0, 0, 0, 0, 0, 0, 0, 0, 0, 0, 0, 0, 0, 0, 0, 0, 0, 0, 0, 0, 0, 0, 0, 0, 0, 0, 0, 0, 0, 0, 0, 0, 1, 0, 1, 0, 0, 0, 0, 0, 0, 0, 0, 0, 0] (0.001s)
  Sub: Z₀=40.993723 [LOCAL] (0.6s), α=[0.000,0.000,0.000,0.000,0.000,0.000,0.000,0.000,0.000,0.000,0.000,0.000,0.000,0.000,0.000,0.000,0.000,0.000,0.000,0.000,0.000,0.000,0.000,0.000,0.000,0.000,0.000,0.000,0.907,0.000,0.000,0.000,0.000,0.000,0.000,0.000,9.342,0.000,0.000,0.000,0.000,0.000,0.000,0.000,0.000,0.000,0.000]
  Iter 12: LB=13.354564  UB=43.046733  gap=6.90e-01
  Cut: intercept=-1128.807080, π_x_range=[-831.0863, 590.9374]
  Mini-Benders[1] (mw): LB=13.452342, Z₀(α*)=39.899358, intercept=-240.179923 (2.281s) [OMP=2.167 ISP-L=0.007 ISP-F=0.039 MW-L=0.019 MW-F=0.053]
  Mini-Benders[2] (mw): LB=13.891221, Z₀(α*)=1.740089, intercept=-47.911449 (2.047s) [OMP=1.941 ISP-L=0.013 ISP-F=0.042 MW-L=0.020 MW-F=0.029]
  Mini-Benders[3] (mw): LB=13.891221, Z₀(α*)=1.740089, intercept=-47.911449 (2.265s) [OMP=2.157 ISP-L=0.014 ISP-F=0.041 MW-L=0.019 MW-F=0.029]
  Mini-Benders[4] (mw): LB=13.891221, Z₀(α*)=1.740089, intercept=-47.911449 (1.797s) [OMP=1.696 ISP-L=0.014 ISP-F=0.042 MW-L=0.020 MW-F=0.030]
  Mini-Benders[5]: LB stagnated, break
  α-step: Z₀=44.960912, α=[0.000,0.000,0.000,0.000,0.000,0.000,0.000,0.000,0.000,0.000,0.000,0.000,0.000,0.000,0.000,0.000,0.000,0.000,0.000,0.000,0.000,0.000,1.926,0.000,5.491,0.000,0.000,0.000,2.833,0.000,0.000,0.000,0.000,0.000,0.000,0.000,0.000,0.000,0.000,0.000,0.000,0.000,0.000,0.000,0.000,0.000,0.000]
  Alt-Benders[1] (mw): LB=14.421713, Z₀(α*)=42.394698, intercept=-104.783237 (2.297s) [OMP=2.196 ISP-L=0.013 ISP-F=0.040 MW-L=0.019 MW-F=0.028]
  Alt-Benders[2] (mw): LB=14.809155, Z₀(α*)=43.956726, intercept=-16.225914 (2.047s) [OMP=1.946 ISP-L=0.013 ISP-F=0.039 MW-L=0.018 MW-F=0.030]
  Alt-Benders[3] (mw): LB=15.014642, Z₀(α*)=39.612147, intercept=-103.073552 (2.062s) [OMP=1.959 ISP-L=0.013 ISP-F=0.040 MW-L=0.019 MW-F=0.025]
  Alt-Benders[4] (mw): LB=15.026344, Z₀(α*)=40.081427, intercept=-16.789009 (2.407s) [OMP=2.285 ISP-L=0.013 ISP-F=0.038 MW-L=0.019 MW-F=0.051]
  Alt-Benders[5] (mw): LB=15.326181, Z₀(α*)=40.030553, intercept=-27.251608 (2.500s) [OMP=2.390 ISP-L=0.013 ISP-F=0.040 MW-L=0.020 MW-F=0.029]
  OMP re-solve: 2.397s

=== True-DRO Benders iter 13 ===
  OMP: t₀=15.457142, UB=43.046733, gap=6.41e-01, x=[0, 0, 0, 0, 0, 0, 0, 0, 0, 0, 1, 0, 0, 0, 0, 0, 0, 0, 0, 0, 0, 0, 0, 0, 0, 0, 0, 0, 0, 0, 0, 0, 0, 0, 1, 0, 0, 0, 0, 0, 0, 0, 0, 0, 0, 0, 0] (0.001s)
  Sub: Z₀=41.975609 [LOCAL] (0.5s), α=[0.000,0.000,0.000,0.000,0.000,0.000,0.000,0.000,0.000,0.000,0.000,0.000,0.000,0.000,0.000,0.000,0.000,0.000,0.000,0.000,0.000,0.000,6.638,0.000,0.000,0.000,0.000,0.000,3.611,0.000,0.000,0.000,0.000,0.000,0.000,0.000,0.000,0.000,0.000,0.000,0.000,0.000,0.000,0.000,0.000,0.000,0.000]
  Iter 13: LB=15.457142  UB=43.046733  gap=6.41e-01
  Cut: intercept=-1104.968815, π_x_range=[-832.0117, 596.6129]
  Mini-Benders[1] (mw): LB=15.866837, Z₀(α*)=42.032907, intercept=-62.047229 (2.406s) [OMP=2.301 ISP-L=0.014 ISP-F=0.042 MW-L=0.020 MW-F=0.031]
  Mini-Benders[2] (mw): LB=16.267295, Z₀(α*)=5.131964, intercept=13.692977 (2.516s) [OMP=2.399 ISP-L=0.014 ISP-F=0.041 MW-L=0.020 MW-F=0.031]
  Mini-Benders[3] (mw): LB=16.267295, Z₀(α*)=5.131964, intercept=13.692977 (1.969s) [OMP=1.873 ISP-L=0.014 ISP-F=0.041 MW-L=0.020 MW-F=0.030]
  Mini-Benders[4] (mw): LB=16.267295, Z₀(α*)=5.131964, intercept=13.692977 (2.047s) [OMP=1.941 ISP-L=0.013 ISP-F=0.041 MW-L=0.019 MW-F=0.029]
  Mini-Benders[5]: LB stagnated, break
  α-step: Z₀=44.817393, α=[0.000,0.000,0.000,0.000,0.000,0.000,0.000,0.000,0.000,0.000,0.000,0.000,0.000,0.000,0.000,0.000,0.000,0.000,0.000,0.000,0.000,0.000,0.000,0.000,7.263,0.000,0.000,0.000,0.907,0.000,0.000,1.014,0.000,0.000,0.000,0.805,0.260,0.000,0.000,0.000,0.000,0.000,0.000,0.000,0.000,0.000,0.000]
  Alt-Benders[1] (mw): LB=16.365953, Z₀(α*)=44.717393, intercept=33.564134 (2.218s) [OMP=2.084 ISP-L=0.013 ISP-F=0.040 MW-L=0.019 MW-F=0.063]
  Alt-Benders[2] (mw): LB=16.472327, Z₀(α*)=26.814463, intercept=-183.633555 (2.110s) [OMP=2.003 ISP-L=0.013 ISP-F=0.039 MW-L=0.019 MW-F=0.028]
  Alt-Benders[3] (mw): LB=17.008653, Z₀(α*)=8.091099, intercept=-17.939876 (2.156s) [OMP=2.055 ISP-L=0.013 ISP-F=0.040 MW-L=0.019 MW-F=0.030]
  Alt-Benders[4] (mw): LB=17.008653, Z₀(α*)=8.091099, intercept=-17.939876 (2.219s) [OMP=2.114 ISP-L=0.013 ISP-F=0.041 MW-L=0.020 MW-F=0.030]
  Alt-Benders[5] (mw): LB=17.008653, Z₀(α*)=8.091099, intercept=-17.939876 (2.218s) [OMP=2.113 ISP-L=0.013 ISP-F=0.039 MW-L=0.019 MW-F=0.029]
  OMP re-solve: 2.038s

=== True-DRO Benders iter 14 ===
  OMP: t₀=17.008653, UB=43.046733, gap=6.05e-01, x=[0, 0, 0, 0, 0, 0, 0, 0, 0, 0, 0, 0, 0, 0, 0, 0, 0, 0, 0, 0, 0, 0, 0, 0, 0, 0, 0, 0, 0, 0, 0, 0, 0, 0, 1, 1, 0, 0, 0, 0, 0, 0, 0, 0, 0, 0, 0] (0.001s)
  Sub: Z₀=41.967945 [LOCAL] (0.5s), α=[0.000,0.000,0.000,0.000,0.000,0.000,0.000,0.000,0.000,0.000,0.000,0.000,0.000,0.000,0.000,0.000,0.000,0.000,0.000,0.000,0.000,0.000,0.000,0.000,0.000,0.000,0.000,0.000,2.744,0.000,0.000,0.000,0.000,0.000,2.310,3.635,1.560,0.000,0.000,0.000,0.000,0.000,0.000,0.000,0.000,0.000,0.000]
  Iter 14: LB=17.008653  UB=43.046733  gap=6.05e-01
  Cut: intercept=-1133.195861, π_x_range=[-830.6283, 592.1362]
  Mini-Benders[1] (mw): LB=17.376826, Z₀(α*)=43.271282, intercept=-91.568308 (2.265s) [OMP=2.158 ISP-L=0.013 ISP-F=0.040 MW-L=0.018 MW-F=0.026]
  Mini-Benders[2] (mw): LB=17.613617, Z₀(α*)=45.738139, intercept=37.847968 (2.328s) [OMP=2.229 ISP-L=0.013 ISP-F=0.041 MW-L=0.019 MW-F=0.029]
  Mini-Benders[3] (mw): LB=17.995670, Z₀(α*)=45.868058, intercept=-56.323338 (2.782s) [OMP=2.646 ISP-L=0.013 ISP-F=0.042 MW-L=0.019 MW-F=0.052]
  Mini-Benders[4] (mw): LB=18.139386, Z₀(α*)=46.378820, intercept=-83.707431 (2.734s) [OMP=2.637 ISP-L=0.006 ISP-F=0.040 MW-L=0.019 MW-F=0.030]
  Mini-Benders[5] (mw): LB=18.215972, Z₀(α*)=-6.576711, intercept=-17.069865 (2.688s) [OMP=2.591 ISP-L=0.013 ISP-F=0.042 MW-L=0.020 MW-F=0.029]
  α-step: Z₀=45.238691, α=[0.000,0.000,0.000,0.000,0.000,0.000,0.000,0.000,0.000,0.000,0.000,0.000,0.000,0.000,0.000,0.000,0.000,0.000,0.000,0.000,0.000,0.000,0.000,0.000,0.848,0.637,0.000,0.000,2.744,0.000,0.000,4.900,0.000,0.000,1.120,0.000,0.000,0.000,0.000,0.000,0.000,0.000,0.000,0.000,0.000,0.000,0.000]
  Alt-Benders[1] (mw): LB=18.627454, Z₀(α*)=45.238691, intercept=1.292880 (2.672s) [OMP=2.559 ISP-L=0.013 ISP-F=0.039 MW-L=0.019 MW-F=0.031]
  Alt-Benders[2] (mw): LB=18.945137, Z₀(α*)=9.779434, intercept=-246.950886 (2.297s) [OMP=2.202 ISP-L=0.007 ISP-F=0.040 MW-L=0.019 MW-F=0.026]
  Alt-Benders[3] (mw): LB=18.945137, Z₀(α*)=9.779434, intercept=-246.950886 (2.218s) [OMP=2.124 ISP-L=0.013 ISP-F=0.039 MW-L=0.019 MW-F=0.026]
  Alt-Benders[4] (mw): LB=18.945137, Z₀(α*)=9.779434, intercept=-246.950886 (2.547s) [OMP=2.449 ISP-L=0.013 ISP-F=0.038 MW-L=0.019 MW-F=0.026]
  Alt-Benders[5]: LB stagnated, break
  OMP re-solve: 0.001s

=== True-DRO Benders iter 15 ===
  OMP: t₀=18.945137, UB=43.046733, gap=5.60e-01, x=[0, 0, 0, 0, 0, 0, 0, 0, 0, 0, 1, 0, 0, 0, 0, 0, 0, 0, 0, 0, 0, 0, 0, 0, 0, 0, 0, 0, 0, 1, 0, 0, 0, 0, 0, 0, 0, 0, 0, 0, 0, 0, 0, 0, 0, 0, 0] (0.001s)
  Sub: Z₀=46.393545 (2.6s), α=[0.000,0.000,0.000,0.000,0.000,0.000,0.000,0.000,0.000,0.000,0.000,0.000,0.000,0.000,0.000,0.000,0.000,0.000,0.000,0.000,0.000,0.000,3.012,0.000,0.000,0.000,0.000,0.000,6.335,0.000,0.000,0.000,0.000,0.000,0.000,0.282,0.620,0.000,0.000,0.000,0.000,0.000,0.000,0.000,0.000,0.000,0.000]
  Iter 15: LB=18.945137  UB=43.046733  gap=5.60e-01
  Cut: intercept=-283.196503, π_x_range=[-220.0000, 191.4449]
  Sherali-Cut: intercept=-34.563773, π_x_range=[-120.0000, 60.8120]
  Mini-Benders[1] (mw): LB=19.448272, Z₀(α*)=46.393547, intercept=-2.004119 (2.313s) [OMP=2.200 ISP-L=0.013 ISP-F=0.041 MW-L=0.019 MW-F=0.041]
  Mini-Benders[2] (mw): LB=19.790746, Z₀(α*)=46.393547, intercept=22.611146 (2.218s) [OMP=2.103 ISP-L=0.013 ISP-F=0.040 MW-L=0.020 MW-F=0.041]
  Mini-Benders[3] (mw): LB=19.952640, Z₀(α*)=38.859195, intercept=-79.344261 (3.078s) [OMP=2.961 ISP-L=0.013 ISP-F=0.040 MW-L=0.019 MW-F=0.038]
  Mini-Benders[4] (mw): LB=20.369049, Z₀(α*)=41.591055, intercept=-106.987753 (3.063s) [OMP=2.950 ISP-L=0.013 ISP-F=0.039 MW-L=0.021 MW-F=0.043]
  Mini-Benders[5] (mw): LB=20.655966, Z₀(α*)=39.552525, intercept=-73.464960 (3.047s) [OMP=2.944 ISP-L=0.013 ISP-F=0.041 MW-L=0.018 MW-F=0.027]
  α-step: Z₀=37.544400, α=[0.000,0.000,0.000,0.000,0.000,0.000,0.000,0.000,0.000,0.000,0.000,0.000,0.000,0.000,0.000,0.000,0.000,0.000,0.000,0.000,0.000,0.000,0.000,0.000,0.000,0.000,0.000,0.000,5.078,0.000,0.000,0.000,5.171,0.000,0.000,0.000,0.000,0.000,0.000,0.000,0.000,0.000,0.000,0.000,0.000,0.000,0.000]
  Alt-Benders[1] (mw): LB=20.882654, Z₀(α*)=11.682906, intercept=-3.415660 (3.047s) [OMP=2.911 ISP-L=0.013 ISP-F=0.040 MW-L=0.042 MW-F=0.029]
  Alt-Benders[2] (mw): LB=20.882654, Z₀(α*)=11.682906, intercept=-3.415660 (3.047s) [OMP=2.952 ISP-L=0.013 ISP-F=0.040 MW-L=0.020 MW-F=0.029]
  Alt-Benders[3] (mw): LB=20.882654, Z₀(α*)=11.682906, intercept=-3.415660 (3.063s) [OMP=2.958 ISP-L=0.013 ISP-F=0.040 MW-L=0.021 MW-F=0.031]
  Alt-Benders[4]: LB stagnated, break
  OMP re-solve: 0.002s

=== True-DRO Benders iter 16 ===
  OMP: t₀=20.882654, UB=43.046733, gap=5.15e-01, x=[0, 0, 0, 0, 0, 0, 0, 0, 0, 0, 0, 0, 0, 0, 1, 0, 0, 0, 0, 0, 0, 0, 0, 0, 0, 0, 0, 0, 0, 0, 1, 0, 0, 0, 0, 0, 0, 0, 0, 0, 0, 0, 0, 0, 0, 0, 0] (0.002s)
  Sub: Z₀=42.738547 [LOCAL] (0.6s), α=[0.000,0.000,0.000,0.000,0.000,0.000,0.000,0.000,0.000,0.000,0.000,0.000,0.000,0.000,0.000,0.000,0.000,0.000,0.000,0.000,0.000,0.000,0.000,0.000,0.674,0.000,0.000,0.034,4.524,0.000,5.017,0.000,0.000,0.000,0.000,0.000,0.000,0.000,0.000,0.000,0.000,0.000,0.000,0.000,0.000,0.000,0.000]
  Iter 16: LB=20.882654  UB=43.046733  gap=5.15e-01
  Cut: intercept=-1117.831055, π_x_range=[-829.3626, 591.5488]
  Mini-Benders[1] (mw): LB=21.047802, Z₀(α*)=27.990357, intercept=-59.274718 (3.125s) [OMP=3.028 ISP-L=0.014 ISP-F=0.042 MW-L=0.021 MW-F=0.028]
  Mini-Benders[2] (mw): LB=22.399036, Z₀(α*)=22.161805, intercept=-1.614929 (3.109s) [OMP=3.002 ISP-L=0.014 ISP-F=0.042 MW-L=0.019 MW-F=0.030]
  Mini-Benders[3] (mw): LB=22.399036, Z₀(α*)=22.161805, intercept=-1.614929 (3.313s) [OMP=3.206 ISP-L=0.006 ISP-F=0.042 MW-L=0.018 MW-F=0.029]
  Mini-Benders[4] (mw): LB=22.399036, Z₀(α*)=22.161805, intercept=-1.614929 (3.265s) [OMP=3.168 ISP-L=0.006 ISP-F=0.040 MW-L=0.018 MW-F=0.029]
  Mini-Benders[5]: LB stagnated, break
  α-step: Z₀=44.659086, α=[0.000,0.000,0.000,0.000,0.000,0.000,0.000,0.000,0.000,0.000,0.000,0.000,0.000,0.000,0.000,0.000,0.000,0.000,0.000,0.000,0.000,0.000,0.000,0.000,7.406,0.000,0.000,0.000,2.089,0.000,0.000,0.754,0.000,0.000,0.000,0.000,0.000,0.000,0.000,0.000,0.000,0.000,0.000,0.000,0.000,0.000,0.000]
  Alt-Benders[1] (mw): LB=22.509217, Z₀(α*)=44.659086, intercept=-12.078755 (3.141s) [OMP=3.049 ISP-L=0.006 ISP-F=0.041 MW-L=0.019 MW-F=0.026]
  Alt-Benders[2] (mw): LB=22.785022, Z₀(α*)=34.779845, intercept=-33.953838 (3.140s) [OMP=3.047 ISP-L=0.013 ISP-F=0.040 MW-L=0.021 MW-F=0.029]
  Alt-Benders[3] (mw): LB=23.165205, Z₀(α*)=38.918940, intercept=-30.470863 (3.172s) [OMP=3.066 ISP-L=0.014 ISP-F=0.041 MW-L=0.020 MW-F=0.029]
  Alt-Benders[4] (mw): LB=23.274114, Z₀(α*)=39.337515, intercept=-17.044636 (3.281s) [OMP=3.174 ISP-L=0.014 ISP-F=0.040 MW-L=0.021 MW-F=0.029]
  Alt-Benders[5] (mw): LB=23.321892, Z₀(α*)=39.337515, intercept=12.109004 (3.203s) [OMP=3.097 ISP-L=0.014 ISP-F=0.039 MW-L=0.019 MW-F=0.028]
  OMP re-solve: 3.085s

=== True-DRO Benders iter 17 ===
  OMP: t₀=23.434457, UB=43.046733, gap=4.56e-01, x=[0, 0, 0, 0, 0, 0, 0, 0, 0, 0, 0, 0, 0, 0, 0, 0, 0, 0, 0, 0, 0, 0, 0, 0, 0, 0, 0, 0, 0, 0, 1, 0, 0, 0, 0, 1, 0, 0, 0, 0, 0, 0, 0, 0, 0, 0, 0] (0.001s)
  Sub: Z₀=43.775626 [LOCAL] (0.6s), α=[0.000,0.000,0.000,0.000,0.000,0.000,0.000,0.000,0.000,0.000,0.000,0.000,0.000,0.000,0.000,0.000,0.000,0.000,0.000,0.000,0.000,0.000,0.000,0.000,2.530,0.000,0.000,0.000,2.744,0.000,0.000,0.000,0.000,0.000,0.000,0.000,4.975,0.000,0.000,0.000,0.000,0.000,0.000,0.000,0.000,0.000,0.000]
  Iter 17: LB=23.434457  UB=43.046733  gap=4.56e-01
  Cut: intercept=-1121.353517, π_x_range=[-831.1033, 586.0985]
  Mini-Benders[1] (mw): LB=24.289448, Z₀(α*)=44.967669, intercept=33.048723 (3.359s) [OMP=3.257 ISP-L=0.013 ISP-F=0.041 MW-L=0.019 MW-F=0.029]
  Mini-Benders[2] (mw): LB=24.721574, Z₀(α*)=38.862596, intercept=-52.116660 (3.375s) [OMP=3.240 ISP-L=0.013 ISP-F=0.040 MW-L=0.042 MW-F=0.028]
  Mini-Benders[3] (mw): LB=24.916653, Z₀(α*)=41.005785, intercept=19.160543 (3.344s) [OMP=3.250 ISP-L=0.013 ISP-F=0.041 MW-L=0.019 MW-F=0.029]
  Mini-Benders[4] (mw): LB=25.655245, Z₀(α*)=39.172035, intercept=-44.500311 (3.343s) [OMP=3.239 ISP-L=0.007 ISP-F=0.038 MW-L=0.020 MW-F=0.029]
  Mini-Benders[5] (mw): LB=26.050069, Z₀(α*)=36.107885, intercept=-161.918871 (3.219s) [OMP=3.124 ISP-L=0.006 ISP-F=0.042 MW-L=0.020 MW-F=0.029]
  α-step: Z₀=38.092090, α=[0.000,0.000,0.000,0.000,0.000,0.000,0.000,0.000,0.000,0.000,0.000,0.000,0.000,0.000,0.000,0.000,0.000,0.000,0.000,0.000,0.000,0.000,0.000,0.000,6.145,0.000,0.000,0.000,1.713,0.000,0.000,0.000,0.000,0.000,0.000,0.000,2.391,0.000,0.000,0.000,0.000,0.000,0.000,0.000,0.000,0.000,0.000]
  Alt-Benders[1] (mw): LB=26.851345, Z₀(α*)=40.586353, intercept=-42.233461 (3.406s) [OMP=3.301 ISP-L=0.014 ISP-F=0.040 MW-L=0.018 MW-F=0.028]
  Alt-Benders[2] (mw): LB=27.229942, Z₀(α*)=41.352570, intercept=-73.212356 (3.594s) [OMP=3.491 ISP-L=0.013 ISP-F=0.039 MW-L=0.018 MW-F=0.027]
  Alt-Benders[3] (mw): LB=27.507930, Z₀(α*)=37.253418, intercept=-132.880418 (3.453s) [OMP=3.354 ISP-L=0.013 ISP-F=0.038 MW-L=0.018 MW-F=0.028]
  Alt-Benders[4] (mw): LB=27.828707, Z₀(α*)=43.689769, intercept=-49.855652 (2.297s) [OMP=2.167 ISP-L=0.013 ISP-F=0.039 MW-L=0.042 MW-F=0.040]
  Alt-Benders[5] (mw): LB=28.040212, Z₀(α*)=19.470175, intercept=-61.190836 (3.485s) [OMP=3.379 ISP-L=0.013 ISP-F=0.040 MW-L=0.020 MW-F=0.029]
  OMP re-solve: 2.584s

=== True-DRO Benders iter 18 ===
  OMP: t₀=28.040212, UB=43.046733, gap=3.49e-01, x=[0, 0, 0, 0, 0, 0, 0, 0, 0, 0, 0, 0, 0, 0, 0, 1, 0, 0, 0, 0, 0, 0, 0, 0, 0, 0, 0, 0, 0, 0, 0, 1, 0, 0, 0, 0, 0, 0, 0, 0, 0, 0, 0, 0, 0, 0, 0] (0.002s)
  Sub: Z₀=45.624521 [LOCAL] (0.7s), α=[0.000,0.000,0.000,0.000,0.000,0.000,0.000,0.000,0.000,0.000,0.000,0.000,0.000,0.000,0.000,0.000,0.000,0.000,0.000,0.000,0.000,0.000,0.000,0.000,4.431,0.000,0.000,0.000,0.960,0.000,0.000,4.858,0.000,0.000,0.000,0.000,0.000,0.000,0.000,0.000,0.000,0.000,0.000,0.000,0.000,0.000,0.000]
  Iter 18: LB=28.040212  UB=43.046733  gap=3.49e-01
  Cut: intercept=-1063.957343, π_x_range=[-830.9323, 564.6567]
  Mini-Benders[1] (mw): LB=28.234596, Z₀(α*)=38.209105, intercept=18.422286 (2.843s) [OMP=2.738 ISP-L=0.013 ISP-F=0.040 MW-L=0.019 MW-F=0.030]
  Mini-Benders[2] (mw): LB=28.263747, Z₀(α*)=42.729215, intercept=14.256070 (2.797s) [OMP=2.693 ISP-L=0.014 ISP-F=0.042 MW-L=0.019 MW-F=0.030]
  Mini-Benders[3] (mw): LB=28.454113, Z₀(α*)=38.209105, intercept=6.770873 (3.281s) [OMP=3.158 ISP-L=0.014 ISP-F=0.040 MW-L=0.020 MW-F=0.039]
  Mini-Benders[4] (mw): LB=28.548044, Z₀(α*)=48.142858, intercept=48.142858 (3.235s) [OMP=3.134 ISP-L=0.013 ISP-F=0.041 MW-L=0.018 MW-F=0.029]
  Mini-Benders[5] (mw): LB=28.631375, Z₀(α*)=38.364509, intercept=33.168568 (2.672s) [OMP=2.569 ISP-L=0.006 ISP-F=0.041 MW-L=0.018 MW-F=0.028]
  α-step: Z₀=48.778420, α=[0.000,0.000,0.000,0.000,0.000,0.000,0.000,0.000,0.000,0.000,0.000,0.000,0.000,0.000,0.000,0.000,0.000,0.000,0.000,0.000,0.000,0.000,0.000,0.000,5.025,0.000,0.000,0.000,0.325,0.000,0.000,4.900,0.000,0.000,0.000,0.000,0.000,0.000,0.000,0.000,0.000,0.000,0.000,0.000,0.000,0.000,0.000]
  Alt-Benders[1] (mw): LB=28.839807, Z₀(α*)=34.232116, intercept=-83.698975 (2.453s) [OMP=2.364 ISP-L=0.006 ISP-F=0.038 MW-L=0.018 MW-F=0.026]
  Alt-Benders[2] (mw): LB=29.161624, Z₀(α*)=29.131257, intercept=-33.728595 (2.547s) [OMP=2.440 ISP-L=0.013 ISP-F=0.041 MW-L=0.021 MW-F=0.032]
  Alt-Benders[3] (mw): LB=29.161624, Z₀(α*)=29.131257, intercept=-33.728595 (2.421s) [OMP=2.313 ISP-L=0.014 ISP-F=0.040 MW-L=0.020 MW-F=0.032]
  Alt-Benders[4] (mw): LB=29.161624, Z₀(α*)=29.131257, intercept=-33.728595 (2.485s) [OMP=2.376 ISP-L=0.014 ISP-F=0.041 MW-L=0.020 MW-F=0.032]
  Alt-Benders[5]: LB stagnated, break
  OMP re-solve: 0.002s

=== True-DRO Benders iter 19 ===
  OMP: t₀=29.161624, UB=43.046733, gap=3.23e-01, x=[0, 0, 0, 0, 0, 0, 0, 0, 0, 0, 0, 1, 0, 0, 0, 0, 0, 0, 0, 0, 0, 0, 0, 0, 0, 0, 1, 0, 0, 0, 0, 0, 0, 0, 0, 0, 0, 0, 0, 0, 0, 0, 0, 0, 0, 0, 0] (0.002s)
  Sub: Z₀=44.129038 [LOCAL] (0.6s), α=[0.000,0.000,0.000,0.000,0.000,0.000,0.000,0.000,0.000,0.000,0.000,0.000,0.000,0.000,0.000,0.000,0.000,0.000,0.000,0.000,0.000,0.000,0.000,0.000,5.178,0.000,0.000,0.039,5.032,0.000,0.000,0.000,0.000,0.000,0.000,0.000,0.000,0.000,0.000,0.000,0.000,0.000,0.000,0.000,0.000,0.000,0.000]
  Iter 19: LB=29.161624  UB=43.046733  gap=3.23e-01
  Cut: intercept=-1128.095877, π_x_range=[-829.7428, 586.7270]
  Mini-Benders[1] (mw): LB=29.635314, Z₀(α*)=44.031951, intercept=30.658529 (2.579s) [OMP=2.465 ISP-L=0.013 ISP-F=0.041 MW-L=0.020 MW-F=0.041]
  Mini-Benders[2] (mw): LB=30.106890, Z₀(α*)=29.527313, intercept=-52.070291 (2.484s) [OMP=2.384 ISP-L=0.013 ISP-F=0.041 MW-L=0.020 MW-F=0.029]
  Mini-Benders[3] (mw): LB=30.106890, Z₀(α*)=29.527313, intercept=-52.070291 (2.297s) [OMP=2.177 ISP-L=0.013 ISP-F=0.039 MW-L=0.042 MW-F=0.028]
  Mini-Benders[4] (mw): LB=30.106890, Z₀(α*)=29.527313, intercept=-52.070291 (2.297s) [OMP=2.188 ISP-L=0.013 ISP-F=0.041 MW-L=0.020 MW-F=0.029]
  Mini-Benders[5]: LB stagnated, break
  α-step: Z₀=45.042785, α=[0.000,0.000,0.000,0.000,0.000,0.000,0.000,0.000,0.000,0.000,0.000,0.000,0.000,0.000,0.000,0.000,0.000,0.000,0.000,0.000,0.000,0.000,9.495,0.000,0.000,0.000,0.000,0.000,0.000,0.000,0.000,0.754,0.000,0.000,0.000,0.000,0.000,0.000,0.000,0.000,0.000,0.000,0.000,0.000,0.000,0.000,0.000]
  Alt-Benders[1] (mw): LB=30.245573, Z₀(α*)=-6.982988, intercept=-110.554892 (2.438s) [OMP=2.335 ISP-L=0.014 ISP-F=0.040 MW-L=0.019 MW-F=0.029]
  Alt-Benders[2] (mw): LB=30.245573, Z₀(α*)=-6.982988, intercept=-110.554892 (2.406s) [OMP=2.303 ISP-L=0.013 ISP-F=0.040 MW-L=0.019 MW-F=0.029]
  Alt-Benders[3] (mw): LB=30.245573, Z₀(α*)=-6.982988, intercept=-110.554892 (2.422s) [OMP=2.319 ISP-L=0.013 ISP-F=0.040 MW-L=0.018 MW-F=0.028]
  Alt-Benders[4]: LB stagnated, break
  OMP re-solve: 0.002s

=== True-DRO Benders iter 20 ===
  OMP: t₀=30.245573, UB=43.046733, gap=2.97e-01, x=[0, 0, 0, 0, 0, 0, 0, 0, 0, 0, 0, 0, 0, 0, 0, 0, 0, 0, 0, 0, 0, 0, 0, 0, 0, 0, 0, 0, 0, 0, 0, 0, 1, 1, 0, 0, 0, 0, 0, 0, 0, 0, 0, 0, 0, 0, 0] (0.002s)
  Sub: Z₀=48.172555 [TIME_LIMIT] (16.2s), α=[0.000,0.000,0.000,0.000,0.000,0.000,0.000,0.000,0.000,0.000,0.000,0.000,0.000,0.000,0.000,0.000,0.000,0.000,0.000,0.000,0.000,0.000,0.000,0.000,5.790,0.000,0.000,0.000,0.907,0.000,0.000,0.000,0.000,0.000,0.574,1.232,1.746,0.000,0.000,0.000,0.000,0.000,0.000,0.000,0.000,0.000,0.000]
  Iter 20: LB=30.245573  UB=43.046733  gap=2.97e-01
  Cut: intercept=-98.358422, π_x_range=[-290.9997, 85.6490]
  Mini-Benders[1] (mw): LB=30.361083, Z₀(α*)=34.899719, intercept=-61.339903 (2.468s) [OMP=2.371 ISP-L=0.013 ISP-F=0.041 MW-L=0.019 MW-F=0.027]
  Mini-Benders[2] (mw): LB=30.725952, Z₀(α*)=39.357740, intercept=-58.843579 (2.485s) [OMP=2.366 ISP-L=0.013 ISP-F=0.040 MW-L=0.039 MW-F=0.029]
  Mini-Benders[3] (mw): LB=30.879737, Z₀(α*)=28.173608, intercept=-19.959027 (2.547s) [OMP=2.438 ISP-L=0.013 ISP-F=0.041 MW-L=0.018 MW-F=0.029]
  Mini-Benders[4] (mw): LB=30.879737, Z₀(α*)=28.173608, intercept=-19.959027 (2.421s) [OMP=2.320 ISP-L=0.013 ISP-F=0.041 MW-L=0.020 MW-F=0.030]
  Mini-Benders[5] (mw): LB=30.879737, Z₀(α*)=28.173608, intercept=-19.959027 (2.422s) [OMP=2.316 ISP-L=0.013 ISP-F=0.041 MW-L=0.019 MW-F=0.030]
  α-step: Z₀=45.270668, α=[0.000,0.000,0.000,0.000,0.000,0.000,0.000,0.000,0.000,0.000,0.000,0.000,0.000,0.000,0.000,0.000,0.000,0.000,0.000,0.000,0.000,0.000,0.000,0.000,8.730,0.000,0.000,0.000,0.907,0.000,0.000,0.000,0.000,0.000,0.000,0.612,0.000,0.000,0.000,0.000,0.000,0.000,0.000,0.000,0.000,0.000,0.000]
  Alt-Benders[1] (mw): LB=30.945981, Z₀(α*)=40.955645, intercept=-124.360215 (2.562s) [OMP=2.462 ISP-L=0.014 ISP-F=0.039 MW-L=0.018 MW-F=0.026]
  Alt-Benders[2] (mw): LB=31.156233, Z₀(α*)=29.166982, intercept=-98.614872 (2.563s) [OMP=2.463 ISP-L=0.013 ISP-F=0.039 MW-L=0.020 MW-F=0.027]
  Alt-Benders[3] (mw): LB=31.156233, Z₀(α*)=29.166982, intercept=-98.614872 (2.266s) [OMP=2.165 ISP-L=0.013 ISP-F=0.039 MW-L=0.020 MW-F=0.027]
  Alt-Benders[4] (mw): LB=31.156233, Z₀(α*)=29.166982, intercept=-98.614872 (2.359s) [OMP=2.244 ISP-L=0.013 ISP-F=0.039 MW-L=0.042 MW-F=0.028]
  Alt-Benders[5]: LB stagnated, break
  OMP re-solve: 0.002s

=== True-DRO Benders iter 21 ===
  OMP: t₀=31.156233, UB=43.046733, gap=2.76e-01, x=[0, 0, 0, 0, 0, 0, 0, 0, 0, 0, 0, 0, 0, 0, 0, 0, 0, 0, 0, 0, 0, 0, 0, 1, 0, 0, 0, 0, 0, 1, 0, 0, 0, 0, 0, 0, 0, 0, 0, 0, 0, 0, 0, 0, 0, 0, 0] (0.002s)
  Sub: Z₀=42.432918 [LOCAL] (0.6s), α=[0.000,0.000,0.000,0.000,0.000,0.000,0.000,0.000,0.000,0.000,0.000,0.000,0.000,0.000,0.000,0.000,0.000,0.000,0.000,0.000,0.000,0.000,3.721,4.089,0.000,0.000,0.000,0.000,0.048,0.000,0.000,0.000,0.000,0.000,0.000,0.460,1.931,0.000,0.000,0.000,0.000,0.000,0.000,0.000,0.000,0.000,0.000]
  Iter 21: LB=31.156233  UB=43.046733  gap=2.76e-01
  Cut: intercept=-1100.056277, π_x_range=[-829.1551, 571.6204]
  Mini-Benders[1] (mw): LB=31.271078, Z₀(α*)=43.408388, intercept=-47.015485 (2.563s) [OMP=2.467 ISP-L=0.013 ISP-F=0.041 MW-L=0.018 MW-F=0.032]
  Mini-Benders[2] (mw): LB=31.544291, Z₀(α*)=31.822380, intercept=-96.856970 (2.484s) [OMP=2.378 ISP-L=0.014 ISP-F=0.041 MW-L=0.019 MW-F=0.029]
  Mini-Benders[3] (mw): LB=31.822379, Z₀(α*)=31.822380, intercept=-96.856970 (2.453s) [OMP=2.348 ISP-L=0.013 ISP-F=0.040 MW-L=0.018 MW-F=0.028]
  Mini-Benders[4] (mw): LB=31.822379, Z₀(α*)=31.822380, intercept=-96.856970 (2.407s) [OMP=2.304 ISP-L=0.014 ISP-F=0.041 MW-L=0.019 MW-F=0.028]
  Mini-Benders[5] (mw): LB=31.822379, Z₀(α*)=31.822380, intercept=-96.856970 (2.421s) [OMP=2.318 ISP-L=0.013 ISP-F=0.040 MW-L=0.018 MW-F=0.027]
  α-step: Z₀=41.424434, α=[0.000,0.000,0.000,0.000,0.000,0.000,0.000,0.000,0.000,0.000,0.000,0.000,0.000,0.000,0.000,0.000,0.000,0.000,0.000,0.000,0.000,0.000,0.000,0.000,0.000,0.000,0.000,0.000,0.000,0.000,1.731,0.000,0.000,0.000,0.000,0.000,8.518,0.000,0.000,0.000,0.000,0.000,0.000,0.000,0.000,0.000,0.000]
  Alt-Benders[1] (mw): LB=31.906376, Z₀(α*)=26.845651, intercept=-85.300045 (2.625s) [OMP=2.491 ISP-L=0.013 ISP-F=0.039 MW-L=0.019 MW-F=0.052]
  Alt-Benders[2] (mw): LB=31.906376, Z₀(α*)=26.845651, intercept=-85.300045 (2.516s) [OMP=2.422 ISP-L=0.013 ISP-F=0.039 MW-L=0.019 MW-F=0.028]
  Alt-Benders[3] (mw): LB=31.906376, Z₀(α*)=26.845651, intercept=-85.300045 (2.468s) [OMP=2.368 ISP-L=0.013 ISP-F=0.039 MW-L=0.020 MW-F=0.029]
  Alt-Benders[4]: LB stagnated, break
  OMP re-solve: 0.002s

=== True-DRO Benders iter 22 ===
  OMP: t₀=31.906376, UB=43.046733, gap=2.59e-01, x=[0, 0, 0, 0, 0, 0, 0, 0, 0, 0, 0, 0, 0, 0, 0, 0, 0, 0, 0, 0, 0, 0, 0, 0, 0, 0, 0, 0, 1, 0, 0, 0, 1, 0, 0, 0, 0, 0, 0, 0, 0, 0, 0, 0, 0, 0, 0] (0.002s)
  Sub: Z₀=45.052374 [LOCAL] (0.5s), α=[0.000,0.000,0.000,0.000,0.000,0.000,0.000,0.000,0.000,0.000,0.000,0.000,0.000,0.000,0.000,0.000,0.000,0.000,0.000,0.000,0.000,0.000,0.000,0.000,2.760,0.000,0.000,0.000,6.968,0.000,0.000,0.000,0.000,0.000,0.000,0.057,0.464,0.000,0.000,0.000,0.000,0.000,0.000,0.000,0.000,0.000,0.000]
  Iter 22: LB=31.906376  UB=43.046733  gap=2.59e-01
  Cut: intercept=-1149.689711, π_x_range=[-824.8884, 597.5191]
  Mini-Benders[1] (mw): LB=31.922109, Z₀(α*)=43.258430, intercept=-150.292251 (2.672s) [OMP=2.569 ISP-L=0.013 ISP-F=0.041 MW-L=0.020 MW-F=0.030]
  Mini-Benders[2] (mw): LB=32.061147, Z₀(α*)=37.399650, intercept=-91.884034 (2.562s) [OMP=2.457 ISP-L=0.014 ISP-F=0.041 MW-L=0.019 MW-F=0.028]
  Mini-Benders[3] (mw): LB=32.235467, Z₀(α*)=35.951420, intercept=-52.373995 (2.609s) [OMP=2.504 ISP-L=0.013 ISP-F=0.040 MW-L=0.019 MW-F=0.026]
  Mini-Benders[4] (mw): LB=32.561696, Z₀(α*)=40.514354, intercept=29.569063 (2.891s) [OMP=2.792 ISP-L=0.013 ISP-F=0.039 MW-L=0.019 MW-F=0.026]
  Mini-Benders[5] (mw): LB=32.731469, Z₀(α*)=35.276585, intercept=-181.942739 (2.844s) [OMP=2.713 ISP-L=0.013 ISP-F=0.040 MW-L=0.019 MW-F=0.053]
  α-step: Z₀=33.014089, α=[0.000,0.000,0.000,0.000,0.000,0.000,0.000,0.000,0.000,0.000,0.000,0.000,0.000,0.000,0.000,0.000,0.000,0.000,0.000,0.000,0.000,0.000,7.220,0.100,2.929,0.000,0.000,0.000,0.000,0.000,0.000,0.000,0.000,0.000,0.000,0.000,0.000,0.000,0.000,0.000,0.000,0.000,0.000,0.000,0.000,0.000,0.000]
  Alt-Benders[1] (mw): LB=32.983362, Z₀(α*)=40.393407, intercept=-9.881813 (2.969s) [OMP=2.868 ISP-L=0.013 ISP-F=0.041 MW-L=0.019 MW-F=0.027]
  Alt-Benders[2] (mw): LB=33.014089, Z₀(α*)=37.248740, intercept=-31.312908 (2.859s) [OMP=2.758 ISP-L=0.014 ISP-F=0.041 MW-L=0.021 MW-F=0.029]
  Alt-Benders[3] (mw): LB=33.410741, Z₀(α*)=12.092825, intercept=-114.841013 (2.875s) [OMP=2.768 ISP-L=0.014 ISP-F=0.038 MW-L=0.019 MW-F=0.028]
  Alt-Benders[4] (mw): LB=33.410741, Z₀(α*)=12.092825, intercept=-114.841013 (2.937s) [OMP=2.836 ISP-L=0.013 ISP-F=0.037 MW-L=0.020 MW-F=0.026]
  Alt-Benders[5] (mw): LB=33.410741, Z₀(α*)=12.092825, intercept=-114.841013 (2.844s) [OMP=2.746 ISP-L=0.013 ISP-F=0.038 MW-L=0.018 MW-F=0.027]
  OMP re-solve: 2.839s

=== True-DRO Benders iter 23 ===
  OMP: t₀=33.410741, UB=43.046733, gap=2.24e-01, x=[0, 0, 0, 0, 0, 0, 0, 0, 0, 0, 0, 0, 0, 0, 0, 0, 0, 0, 0, 0, 0, 0, 0, 0, 1, 0, 0, 0, 0, 0, 1, 0, 0, 0, 0, 0, 0, 0, 0, 0, 0, 0, 0, 0, 0, 0, 0] (0.002s)
  Sub: Z₀=39.331812 [LOCAL] (0.6s), α=[0.000,0.000,0.000,0.000,0.000,0.000,0.000,0.000,0.000,0.000,0.000,0.000,0.000,0.000,0.000,0.000,0.000,0.000,0.000,0.000,0.000,0.000,0.000,0.000,7.787,0.000,0.000,0.000,0.273,0.000,2.190,0.000,0.000,0.000,0.000,0.000,0.000,0.000,0.000,0.000,0.000,0.000,0.000,0.000,0.000,0.000,0.000]
  Iter 23: LB=33.410741  UB=43.046733  gap=2.24e-01
  Cut: intercept=-1136.996447, π_x_range=[-831.6488, 589.0503]
  Mini-Benders[1] (mw): LB=33.722033, Z₀(α*)=35.693001, intercept=20.884494 (3.015s) [OMP=2.891 ISP-L=0.013 ISP-F=0.040 MW-L=0.019 MW-F=0.049]
  Mini-Benders[2] (mw): LB=33.725448, Z₀(α*)=27.584753, intercept=-121.407868 (3.016s) [OMP=2.909 ISP-L=0.013 ISP-F=0.043 MW-L=0.020 MW-F=0.027]
  Mini-Benders[3] (mw): LB=33.725448, Z₀(α*)=27.584753, intercept=-121.407868 (2.969s) [OMP=2.864 ISP-L=0.013 ISP-F=0.042 MW-L=0.021 MW-F=0.028]
  Mini-Benders[4] (mw): LB=33.725448, Z₀(α*)=27.584753, intercept=-121.407868 (2.984s) [OMP=2.878 ISP-L=0.014 ISP-F=0.043 MW-L=0.020 MW-F=0.028]
  Mini-Benders[5]: LB stagnated, break
  α-step: Z₀=40.324560, α=[0.000,0.000,0.000,0.000,0.000,0.000,0.000,0.000,0.000,0.000,0.000,0.000,0.000,0.000,0.000,0.000,0.000,0.000,0.000,0.000,0.000,0.000,0.000,0.000,2.929,1.323,0.000,1.075,3.030,0.000,0.000,0.000,0.000,0.941,0.000,0.794,0.157,0.000,0.000,0.000,0.000,0.000,0.000,0.000,0.000,0.000,0.000]
  Alt-Benders[1] (mw): LB=34.124577, Z₀(α*)=34.648113, intercept=-72.877530 (3.094s) [OMP=2.986 ISP-L=0.014 ISP-F=0.040 MW-L=0.020 MW-F=0.026]
  Alt-Benders[2] (mw): LB=34.221203, Z₀(α*)=42.434259, intercept=2.458973 (3.016s) [OMP=2.914 ISP-L=0.013 ISP-F=0.041 MW-L=0.019 MW-F=0.027]
  Alt-Benders[3] (mw): LB=34.283438, Z₀(α*)=40.903030, intercept=21.111781 (3.109s) [OMP=3.008 ISP-L=0.013 ISP-F=0.041 MW-L=0.020 MW-F=0.029]
  Alt-Benders[4] (mw): LB=34.410673, Z₀(α*)=17.000258, intercept=-102.963990 (3.078s) [OMP=2.957 ISP-L=0.013 ISP-F=0.039 MW-L=0.019 MW-F=0.050]
  Alt-Benders[5] (mw): LB=34.410673, Z₀(α*)=17.000258, intercept=-102.963990 (2.953s) [OMP=2.845 ISP-L=0.013 ISP-F=0.040 MW-L=0.019 MW-F=0.028]
  OMP re-solve: 2.898s

=== True-DRO Benders iter 24 ===
  OMP: t₀=34.410673, UB=43.046733, gap=2.01e-01, x=[0, 0, 0, 0, 0, 0, 0, 0, 0, 0, 1, 0, 0, 0, 0, 0, 0, 0, 0, 0, 0, 0, 0, 0, 0, 0, 0, 1, 0, 0, 0, 0, 0, 0, 0, 0, 0, 0, 0, 0, 0, 0, 0, 0, 0, 0, 0] (0.002s)
  Sub: Z₀=39.051364 [LOCAL] (0.5s), α=[0.000,0.000,0.000,0.000,0.000,0.000,0.000,0.000,0.000,0.000,0.000,0.000,0.000,0.000,0.000,0.000,0.000,0.000,0.000,0.000,0.000,0.000,0.000,0.000,0.758,0.000,0.000,0.000,9.491,0.000,0.000,0.000,0.000,0.000,0.000,0.000,0.000,0.000,0.000,0.000,0.000,0.000,0.000,0.000,0.000,0.000,0.000]
  Iter 24: LB=34.410673  UB=43.046733  gap=2.01e-01
  Cut: intercept=-1095.267827, π_x_range=[-818.8000, 586.7250]
  Mini-Benders[1] (mw): LB=34.648111, Z₀(α*)=39.602518, intercept=-20.276880 (3.031s) [OMP=2.923 ISP-L=0.014 ISP-F=0.041 MW-L=0.021 MW-F=0.031]
  Mini-Benders[2] (mw): LB=34.899717, Z₀(α*)=35.430232, intercept=-79.328490 (3.172s) [OMP=3.048 ISP-L=0.016 ISP-F=0.041 MW-L=0.020 MW-F=0.042]
  Mini-Benders[3] (mw): LB=34.898253, Z₀(α*)=44.835600, intercept=15.240454 (3.282s) [OMP=3.175 ISP-L=0.014 ISP-F=0.042 MW-L=0.021 MW-F=0.030]
  Mini-Benders[4] (mw): LB=35.255856, Z₀(α*)=36.488822, intercept=31.242204 (3.234s) [OMP=3.126 ISP-L=0.013 ISP-F=0.041 MW-L=0.020 MW-F=0.029]
  Mini-Benders[5] (mw): LB=35.261227, Z₀(α*)=39.262570, intercept=-4.825289 (3.234s) [OMP=3.129 ISP-L=0.014 ISP-F=0.042 MW-L=0.020 MW-F=0.029]
  α-step: Z₀=37.405965, α=[0.000,0.000,0.000,0.000,0.000,0.000,0.000,0.000,0.000,0.000,0.000,0.000,0.000,0.000,0.000,0.000,0.000,0.000,0.000,0.000,0.000,0.000,4.451,0.000,0.000,0.000,0.000,0.000,5.798,0.000,0.000,0.000,0.000,0.000,0.000,0.000,0.000,0.000,0.000,0.000,0.000,0.000,0.000,0.000,0.000,0.000,0.000]
  Alt-Benders[1] (mw): LB=35.284348, Z₀(α*)=37.782171, intercept=-20.838950 (3.125s) [OMP=3.023 ISP-L=0.013 ISP-F=0.038 MW-L=0.019 MW-F=0.028]
  Alt-Benders[2] (mw): LB=35.430230, Z₀(α*)=33.918453, intercept=-78.930605 (3.250s) [OMP=3.150 ISP-L=0.013 ISP-F=0.039 MW-L=0.020 MW-F=0.030]
  Alt-Benders[3] (mw): LB=35.430230, Z₀(α*)=33.918453, intercept=-78.930605 (3.078s) [OMP=2.974 ISP-L=0.014 ISP-F=0.040 MW-L=0.020 MW-F=0.029]
  Alt-Benders[4] (mw): LB=35.430230, Z₀(α*)=33.918453, intercept=-78.930605 (3.078s) [OMP=2.973 ISP-L=0.013 ISP-F=0.039 MW-L=0.020 MW-F=0.030]
  Alt-Benders[5]: LB stagnated, break
  OMP re-solve: 0.002s

=== True-DRO Benders iter 25 ===
  OMP: t₀=35.430230, UB=43.046733, gap=1.77e-01, x=[0, 0, 0, 0, 0, 0, 0, 0, 0, 0, 0, 0, 0, 0, 0, 0, 0, 0, 0, 0, 0, 0, 0, 1, 0, 0, 0, 1, 0, 0, 0, 0, 0, 0, 0, 0, 0, 0, 0, 0, 0, 0, 0, 0, 0, 0, 0] (0.002s)
  Sub: Z₀=40.608158 (2.6s), α=[0.000,0.000,0.000,0.000,0.000,0.000,0.000,0.000,0.000,0.000,0.000,0.000,0.000,0.000,0.000,0.000,0.000,0.000,0.000,0.000,0.000,0.000,0.000,0.000,0.000,0.000,0.000,1.119,3.953,0.000,0.000,0.000,0.000,0.000,0.000,1.453,3.725,0.000,0.000,0.000,0.000,0.000,0.000,0.000,0.000,0.000,0.000]
  Iter 25: LB=35.430230  UB=40.608158  gap=1.28e-01
  Cut: intercept=-108.139411, π_x_range=[-298.0000, 104.2210]
  Sherali-Cut: intercept=-11.700450, π_x_range=[-154.1357, 29.2822]
  Mini-Benders[1] (mw): LB=35.514778, Z₀(α*)=45.171095, intercept=25.343627 (3.313s) [OMP=3.214 ISP-L=0.013 ISP-F=0.040 MW-L=0.019 MW-F=0.029]
  Mini-Benders[2] (mw): LB=35.692999, Z₀(α*)=41.464116, intercept=-27.240032 (3.390s) [OMP=3.257 ISP-L=0.013 ISP-F=0.040 MW-L=0.043 MW-F=0.030]
  Mini-Benders[3] (mw): LB=35.702944, Z₀(α*)=18.985234, intercept=-101.610775 (3.266s) [OMP=3.168 ISP-L=0.013 ISP-F=0.042 MW-L=0.019 MW-F=0.030]
  Mini-Benders[4] (mw): LB=35.702944, Z₀(α*)=18.985234, intercept=-101.610775 (3.219s) [OMP=3.114 ISP-L=0.013 ISP-F=0.041 MW-L=0.020 MW-F=0.030]
  Mini-Benders[5] (mw): LB=35.702944, Z₀(α*)=18.985234, intercept=-101.610775 (3.219s) [OMP=3.113 ISP-L=0.013 ISP-F=0.042 MW-L=0.020 MW-F=0.030]
  α-step: Z₀=45.092374, α=[0.000,0.000,0.000,0.000,0.000,0.000,0.000,0.000,0.000,0.000,0.000,0.000,0.000,0.000,0.000,0.000,0.000,0.000,0.000,0.000,0.000,0.000,1.256,0.000,1.867,0.581,0.000,0.000,6.335,0.000,0.000,0.000,0.000,0.000,0.000,0.000,0.210,0.000,0.000,0.000,0.000,0.000,0.000,0.000,0.000,0.000,0.000]
  Alt-Benders[1] (mw): LB=35.723281, Z₀(α*)=41.459361, intercept=8.853246 (3.375s) [OMP=3.273 ISP-L=0.014 ISP-F=0.040 MW-L=0.020 MW-F=0.025]
  Alt-Benders[2] (mw): LB=35.951418, Z₀(α*)=36.896427, intercept=-56.168502 (3.469s) [OMP=3.368 ISP-L=0.013 ISP-F=0.038 MW-L=0.019 MW-F=0.038]
  Alt-Benders[3] (mw): LB=36.131009, Z₀(α*)=23.927126, intercept=-14.302313 (3.500s) [OMP=3.391 ISP-L=0.013 ISP-F=0.040 MW-L=0.020 MW-F=0.030]
  Alt-Benders[4] (mw): LB=36.131009, Z₀(α*)=23.927126, intercept=-14.302313 (3.391s) [OMP=3.255 ISP-L=0.013 ISP-F=0.040 MW-L=0.042 MW-F=0.029]
  Alt-Benders[5] (mw): LB=36.131009, Z₀(α*)=23.927126, intercept=-14.302313 (3.375s) [OMP=3.280 ISP-L=0.013 ISP-F=0.040 MW-L=0.019 MW-F=0.029]
  OMP re-solve: 3.302s

=== True-DRO Benders iter 26 ===
  OMP: t₀=36.131009, UB=40.608158, gap=1.10e-01, x=[0, 0, 0, 0, 0, 0, 0, 0, 0, 0, 0, 0, 0, 0, 0, 0, 0, 0, 0, 0, 0, 0, 0, 0, 0, 0, 0, 0, 0, 0, 0, 0, 0, 1, 0, 0, 1, 0, 0, 0, 0, 0, 0, 0, 0, 0, 0] (0.002s)
  Sub: Z₀=44.157883 [LOCAL] (0.5s), α=[0.000,0.000,0.000,0.000,0.000,0.000,0.000,0.000,0.000,0.000,0.000,0.000,0.000,0.000,0.000,0.000,0.000,0.000,0.000,0.000,0.000,0.000,0.000,0.000,1.348,0.000,0.000,0.000,0.368,0.000,0.000,0.000,0.000,0.000,0.000,0.000,8.533,0.000,0.000,0.000,0.000,0.000,0.000,0.000,0.000,0.000,0.000]
  Iter 26: LB=36.131009  UB=40.608158  gap=1.10e-01
  Cut: intercept=-1118.621216, π_x_range=[-831.3396, 583.8378]
  Mini-Benders[1] (mw): LB=36.488820, Z₀(α*)=37.940666, intercept=3.330174 (3.578s) [OMP=3.475 ISP-L=0.013 ISP-F=0.041 MW-L=0.019 MW-F=0.029]
  Mini-Benders[2] (mw): LB=36.488821, Z₀(α*)=46.149750, intercept=45.749750 (3.594s) [OMP=3.490 ISP-L=0.014 ISP-F=0.041 MW-L=0.020 MW-F=0.029]
  Mini-Benders[3] (mw): LB=36.488821, Z₀(α*)=44.908652, intercept=36.031834 (3.437s) [OMP=3.332 ISP-L=0.014 ISP-F=0.041 MW-L=0.019 MW-F=0.028]
  Mini-Benders[4] (mw): LB=36.725580, Z₀(α*)=46.149750, intercept=-31.778126 (3.609s) [OMP=3.504 ISP-L=0.013 ISP-F=0.040 MW-L=0.019 MW-F=0.029]
  Mini-Benders[5] (mw): LB=36.864928, Z₀(α*)=32.398774, intercept=-145.085662 (3.688s) [OMP=3.585 ISP-L=0.007 ISP-F=0.041 MW-L=0.020 MW-F=0.028]
  α-step: Z₀=41.644289, α=[0.000,0.000,0.000,0.000,0.000,0.000,0.000,0.000,0.000,0.000,0.000,0.000,0.000,0.000,0.000,0.000,0.000,0.000,0.000,0.000,0.000,0.000,6.936,0.000,1.121,0.000,0.000,0.000,0.000,0.000,0.000,0.000,0.000,0.000,0.000,0.794,1.398,0.000,0.000,0.000,0.000,0.000,0.000,0.000,0.000,0.000,0.000]
  Alt-Benders[1] (mw): LB=36.864928, Z₀(α*)=25.136834, intercept=-131.717370 (3.531s) [OMP=3.427 ISP-L=0.013 ISP-F=0.039 MW-L=0.019 MW-F=0.029]
  Alt-Benders[2] (mw): LB=36.864928, Z₀(α*)=25.136834, intercept=-131.717370 (3.562s) [OMP=3.460 ISP-L=0.013 ISP-F=0.040 MW-L=0.019 MW-F=0.030]
  Alt-Benders[3] (mw): LB=36.864928, Z₀(α*)=25.136834, intercept=-131.717370 (3.531s) [OMP=3.427 ISP-L=0.014 ISP-F=0.040 MW-L=0.020 MW-F=0.030]
  Alt-Benders[4]: LB stagnated, break
  OMP re-solve: 0.002s

=== True-DRO Benders iter 27 ===
  OMP: t₀=36.864928, UB=40.608158, gap=9.22e-02, x=[0, 0, 0, 0, 0, 0, 0, 0, 0, 0, 0, 0, 0, 0, 0, 0, 0, 0, 0, 0, 0, 0, 0, 0, 0, 0, 0, 0, 0, 1, 1, 0, 0, 0, 0, 0, 0, 0, 0, 0, 0, 0, 0, 0, 0, 0, 0] (0.002s)
  Sub: Z₀=40.956765 [LOCAL] (0.6s), α=[0.000,0.000,0.000,0.000,0.000,0.000,0.000,0.000,0.000,0.000,0.000,0.000,0.000,0.000,0.000,0.000,0.000,0.000,0.000,0.000,0.000,0.000,0.000,0.000,0.000,0.000,0.000,0.036,5.035,0.000,3.674,0.000,0.000,0.000,0.000,0.000,1.504,0.000,0.000,0.000,0.000,0.000,0.000,0.000,0.000,0.000,0.000]
  Iter 27: LB=36.864928  UB=40.608158  gap=9.22e-02
  Cut: intercept=-1113.631890, π_x_range=[-831.3405, 582.8237]
  Mini-Benders[1] (mw): LB=36.880289, Z₀(α*)=25.188562, intercept=-51.598512 (3.719s) [OMP=3.622 ISP-L=0.014 ISP-F=0.042 MW-L=0.020 MW-F=0.032]
  Mini-Benders[2] (mw): LB=36.880289, Z₀(α*)=25.188562, intercept=-51.598512 (3.594s) [OMP=3.487 ISP-L=0.013 ISP-F=0.042 MW-L=0.019 MW-F=0.032]
  Mini-Benders[3] (mw): LB=36.880289, Z₀(α*)=25.188562, intercept=-51.598512 (3.562s) [OMP=3.455 ISP-L=0.013 ISP-F=0.042 MW-L=0.019 MW-F=0.032]
  Mini-Benders[4]: LB stagnated, break
  α-step: Z₀=47.620047, α=[0.000,0.000,0.000,0.000,0.000,0.000,0.000,0.000,0.000,0.000,0.000,0.000,0.000,0.000,0.000,0.000,0.000,0.000,0.000,0.000,0.000,0.000,0.000,0.000,3.548,0.000,0.000,0.000,2.089,0.000,0.000,1.652,0.000,0.000,0.000,2.063,0.898,0.000,0.000,0.000,0.000,0.000,0.000,0.000,0.000,0.000,0.000]
  Alt-Benders[1] (mw): LB=36.896425, Z₀(α*)=24.348501, intercept=-66.062259 (3.688s) [OMP=3.584 ISP-L=0.013 ISP-F=0.039 MW-L=0.018 MW-F=0.029]
  Alt-Benders[2] (mw): LB=36.896425, Z₀(α*)=24.348501, intercept=-66.062259 (3.547s) [OMP=3.446 ISP-L=0.013 ISP-F=0.038 MW-L=0.019 MW-F=0.030]
  Alt-Benders[3] (mw): LB=36.896425, Z₀(α*)=24.348501, intercept=-66.062259 (3.468s) [OMP=3.367 ISP-L=0.013 ISP-F=0.038 MW-L=0.018 MW-F=0.029]
  Alt-Benders[4]: LB stagnated, break
  OMP re-solve: 0.002s

=== True-DRO Benders iter 28 ===
  OMP: t₀=36.896425, UB=40.608158, gap=9.14e-02, x=[0, 0, 0, 0, 0, 0, 0, 0, 0, 0, 0, 0, 0, 0, 0, 0, 0, 0, 0, 0, 0, 0, 0, 0, 0, 0, 1, 1, 0, 0, 0, 0, 0, 0, 0, 0, 0, 0, 0, 0, 0, 0, 0, 0, 0, 0, 0] (0.002s)
  Sub: Z₀=35.969904 [LOCAL] (0.7s), α=[0.000,0.000,0.000,0.000,0.000,0.000,0.000,0.000,0.000,0.000,0.000,0.000,0.000,0.000,0.000,0.000,0.000,0.000,0.000,0.000,0.000,0.000,0.000,0.000,6.378,0.000,0.000,0.000,3.871,0.000,0.000,0.000,0.000,0.000,0.000,0.000,0.000,0.000,0.000,0.000,0.000,0.000,0.000,0.000,0.000,0.000,0.000]
  Iter 28: LB=36.896425  UB=40.608158  gap=9.14e-02
  Cut: intercept=-1143.851385, π_x_range=[-827.1492, 597.2897]
  Mini-Benders[1] (mw): LB=36.896425, Z₀(α*)=36.714740, intercept=-50.571902 (3.422s) [OMP=3.319 ISP-L=0.014 ISP-F=0.040 MW-L=0.020 MW-F=0.027]
  Mini-Benders[2] (mw): LB=36.896425, Z₀(α*)=36.714740, intercept=-50.571902 (3.437s) [OMP=3.334 ISP-L=0.013 ISP-F=0.039 MW-L=0.020 MW-F=0.027]
  Mini-Benders[3]: LB stagnated, break
  α-step: Z₀=36.714739, α=[0.000,0.000,0.000,0.000,0.000,0.000,0.000,0.000,0.000,0.000,0.000,0.000,0.000,0.000,0.000,0.000,0.000,0.000,0.000,0.000,0.000,0.000,0.000,0.000,6.378,0.000,0.000,0.000,3.871,0.000,0.000,0.000,0.000,0.000,0.000,0.000,0.000,0.000,0.000,0.000,0.000,0.000,0.000,0.000,0.000,0.000,0.000]
  Alt-Benders[1] (mw): LB=36.896425, Z₀(α*)=36.714739, intercept=-50.571897 (3.422s) [OMP=3.303 ISP-L=0.013 ISP-F=0.039 MW-L=0.040 MW-F=0.029]
  Alt-Benders[2] (mw): LB=36.896425, Z₀(α*)=36.714739, intercept=-50.571897 (3.562s) [OMP=3.455 ISP-L=0.013 ISP-F=0.039 MW-L=0.019 MW-F=0.029]
  Alt-Benders[3]: LB stagnated, break
  OMP re-solve: 0.002s

=== True-DRO Benders iter 29 ===
  OMP: t₀=36.896425, UB=40.608158, gap=9.14e-02, x=[0, 0, 0, 0, 0, 0, 0, 0, 0, 0, 0, 0, 0, 0, 0, 0, 0, 0, 0, 0, 0, 0, 0, 0, 0, 0, 1, 1, 0, 0, 0, 0, 0, 0, 0, 0, 0, 0, 0, 0, 0, 0, 0, 0, 0, 0, 0] (0.002s)
  Sub: Z₀=35.969904 [LOCAL] (0.7s), α=[0.000,0.000,0.000,0.000,0.000,0.000,0.000,0.000,0.000,0.000,0.000,0.000,0.000,0.000,0.000,0.000,0.000,0.000,0.000,0.000,0.000,0.000,0.000,0.000,6.378,0.000,0.000,0.000,3.871,0.000,0.000,0.000,0.000,0.000,0.000,0.000,0.000,0.000,0.000,0.000,0.000,0.000,0.000,0.000,0.000,0.000,0.000]
  Iter 29: LB=36.896425  UB=40.608158  gap=9.14e-02
  Cut: intercept=-1143.851385, π_x_range=[-827.1492, 597.2897]
  Mini-Benders[1] (mw): LB=36.896425, Z₀(α*)=36.714740, intercept=-50.571902 (3.593s) [OMP=3.488 ISP-L=0.014 ISP-F=0.040 MW-L=0.021 MW-F=0.028]
  Mini-Benders[2] (mw): LB=36.896425, Z₀(α*)=36.714740, intercept=-50.571902 (3.516s) [OMP=3.411 ISP-L=0.013 ISP-F=0.040 MW-L=0.021 MW-F=0.028]
  Mini-Benders[3]: LB stagnated, break
  α-step: Z₀=36.714739, α=[0.000,0.000,0.000,0.000,0.000,0.000,0.000,0.000,0.000,0.000,0.000,0.000,0.000,0.000,0.000,0.000,0.000,0.000,0.000,0.000,0.000,0.000,0.000,0.000,6.378,0.000,0.000,0.000,3.871,0.000,0.000,0.000,0.000,0.000,0.000,0.000,0.000,0.000,0.000,0.000,0.000,0.000,0.000,0.000,0.000,0.000,0.000]
  Alt-Benders[1] (mw): LB=36.896425, Z₀(α*)=36.714739, intercept=-50.571897 (3.531s) [OMP=3.426 ISP-L=0.013 ISP-F=0.038 MW-L=0.019 MW-F=0.029]
  Alt-Benders[2] (mw): LB=36.896425, Z₀(α*)=36.714739, intercept=-50.571897 (3.531s) [OMP=3.430 ISP-L=0.013 ISP-F=0.038 MW-L=0.019 MW-F=0.029]
  Alt-Benders[3]: LB stagnated, break
  OMP re-solve: 0.002s

=== True-DRO Benders iter 30 ===
  OMP: t₀=36.896425, UB=40.608158, gap=9.14e-02, x=[0, 0, 0, 0, 0, 0, 0, 0, 0, 0, 0, 0, 0, 0, 0, 0, 0, 0, 0, 0, 0, 0, 0, 0, 0, 0, 1, 1, 0, 0, 0, 0, 0, 0, 0, 0, 0, 0, 0, 0, 0, 0, 0, 0, 0, 0, 0] (0.002s)
  Sub: Z₀=40.467312 (8.0s), α=[0.000,0.000,0.000,0.000,0.000,0.000,0.000,0.000,0.000,0.000,0.000,0.000,0.000,0.000,0.000,0.000,0.000,0.000,0.000,0.000,0.000,0.000,0.000,0.000,0.533,1.706,7.893,0.118,0.000,0.000,0.000,0.000,0.000,0.000,0.000,0.000,0.000,0.000,0.000,0.000,0.000,0.000,0.000,0.000,0.000,0.000,0.000]
  Iter 30: LB=36.896425  UB=40.467312  gap=8.82e-02
  Cut: intercept=-164.589522, π_x_range=[-251.4693, 110.1225]
  Sherali-Cut: intercept=-64.381237, π_x_range=[-153.5916, 60.0761]
  Mini-Benders[1] (mw): LB=36.968730, Z₀(α*)=0.840903, intercept=-0.915801 (3.406s) [OMP=3.309 ISP-L=0.013 ISP-F=0.041 MW-L=0.019 MW-F=0.028]
  Mini-Benders[2] (mw): LB=36.968730, Z₀(α*)=0.840903, intercept=-0.915801 (3.406s) [OMP=3.302 ISP-L=0.013 ISP-F=0.040 MW-L=0.020 MW-F=0.029]
  Mini-Benders[3] (mw): LB=36.968730, Z₀(α*)=0.840903, intercept=-0.915801 (3.469s) [OMP=3.365 ISP-L=0.013 ISP-F=0.040 MW-L=0.020 MW-F=0.029]
  Mini-Benders[4]: LB stagnated, break
  α-step: Z₀=48.196060, α=[0.000,0.000,0.000,0.000,0.000,0.000,0.000,0.000,0.000,0.000,0.000,0.000,0.000,0.000,0.000,0.000,0.000,0.000,0.000,0.000,0.000,0.000,0.000,0.000,1.121,3.322,0.000,0.000,0.907,0.000,0.000,4.900,0.000,0.000,0.000,0.000,0.000,0.000,0.000,0.000,0.000,0.000,0.000,0.000,0.000,0.000,0.000]
  Alt-Benders[1] (mw): LB=37.157308, Z₀(α*)=35.734407, intercept=-56.134440 (3.390s) [OMP=3.287 ISP-L=0.013 ISP-F=0.039 MW-L=0.018 MW-F=0.028]
  Alt-Benders[2] (mw): LB=37.157308, Z₀(α*)=35.734407, intercept=-56.134440 (3.516s) [OMP=3.416 ISP-L=0.013 ISP-F=0.040 MW-L=0.019 MW-F=0.029]
  Alt-Benders[3] (mw): LB=37.157308, Z₀(α*)=35.734407, intercept=-56.134440 (3.594s) [OMP=3.476 ISP-L=0.013 ISP-F=0.040 MW-L=0.040 MW-F=0.029]
  Alt-Benders[4]: LB stagnated, break
  OMP re-solve: 0.002s

=== True-DRO Benders iter 31 ===
  OMP: t₀=37.157308, UB=40.467312, gap=8.18e-02, x=[0, 0, 0, 0, 0, 0, 0, 0, 0, 0, 0, 0, 0, 0, 0, 0, 0, 0, 0, 0, 0, 0, 0, 0, 0, 1, 1, 0, 0, 0, 0, 0, 0, 0, 0, 0, 0, 0, 0, 0, 0, 0, 0, 0, 0, 0, 0] (0.002s)
  Sub: Z₀=42.743432 [LOCAL] (0.7s), α=[0.000,0.000,0.000,0.000,0.000,0.000,0.000,0.000,0.000,0.000,0.000,0.000,0.000,0.000,0.000,0.000,0.000,0.000,0.000,0.000,0.000,0.000,0.000,0.000,7.115,0.000,0.000,0.016,3.118,0.000,0.000,0.000,0.000,0.000,0.000,0.000,0.000,0.000,0.000,0.000,0.000,0.000,0.000,0.000,0.000,0.000,0.000]
  Iter 31: LB=37.157308  UB=40.467312  gap=8.18e-02
  Cut: intercept=-1135.075071, π_x_range=[-830.5932, 593.8321]
  Mini-Benders[1] (mw): LB=37.248738, Z₀(α*)=38.757850, intercept=-56.724887 (3.719s) [OMP=3.617 ISP-L=0.013 ISP-F=0.040 MW-L=0.018 MW-F=0.033]
  Mini-Benders[2] (mw): LB=37.253416, Z₀(α*)=33.968698, intercept=-130.936294 (3.641s) [OMP=3.534 ISP-L=0.014 ISP-F=0.040 MW-L=0.020 MW-F=0.027]
  Mini-Benders[3] (mw): LB=37.253416, Z₀(α*)=33.968698, intercept=-130.936294 (3.484s) [OMP=3.382 ISP-L=0.013 ISP-F=0.040 MW-L=0.020 MW-F=0.027]
  Mini-Benders[4] (mw): LB=37.253416, Z₀(α*)=33.968698, intercept=-130.936294 (3.469s) [OMP=3.367 ISP-L=0.014 ISP-F=0.040 MW-L=0.019 MW-F=0.026]
  Mini-Benders[5]: LB stagnated, break
  α-step: Z₀=38.019636, α=[0.000,0.000,0.000,0.000,0.000,0.000,0.000,0.000,0.000,0.000,0.000,0.000,0.000,0.000,0.000,0.000,0.000,0.000,0.000,0.000,0.000,0.000,0.000,0.000,4.526,0.000,0.000,0.000,0.118,0.000,0.000,0.000,0.000,0.000,0.000,0.000,5.605,0.000,0.000,0.000,0.000,0.000,0.000,0.000,0.000,0.000,0.000]
  Alt-Benders[1] (mw): LB=37.257311, Z₀(α*)=42.971804, intercept=-11.501931 (3.954s) [OMP=3.833 ISP-L=0.013 ISP-F=0.040 MW-L=0.020 MW-F=0.042]
  Alt-Benders[2] (mw): LB=37.334576, Z₀(α*)=40.021377, intercept=-10.516565 (3.718s) [OMP=3.601 ISP-L=0.013 ISP-F=0.041 MW-L=0.041 MW-F=0.027]
  Alt-Benders[3] (mw): LB=37.399648, Z₀(α*)=22.283289, intercept=-116.276383 (3.516s) [OMP=3.408 ISP-L=0.013 ISP-F=0.039 MW-L=0.019 MW-F=0.027]
  Alt-Benders[4] (mw): LB=37.399648, Z₀(α*)=22.283289, intercept=-116.276383 (3.484s) [OMP=3.385 ISP-L=0.013 ISP-F=0.038 MW-L=0.020 MW-F=0.028]
  Alt-Benders[5] (mw): LB=37.399648, Z₀(α*)=22.283289, intercept=-116.276383 (3.563s) [OMP=3.463 ISP-L=0.013 ISP-F=0.038 MW-L=0.020 MW-F=0.028]
  OMP re-solve: 3.383s

=== True-DRO Benders iter 32 ===
  OMP: t₀=37.399648, UB=40.467312, gap=7.58e-02, x=[0, 0, 0, 0, 0, 0, 0, 0, 0, 0, 0, 0, 0, 0, 0, 0, 0, 0, 0, 0, 0, 0, 0, 0, 0, 0, 0, 1, 0, 0, 0, 0, 1, 0, 0, 0, 0, 0, 0, 0, 0, 0, 0, 0, 0, 0, 0] (0.002s)
  Sub: Z₀=37.763345 [LOCAL] (0.5s), α=[0.000,0.000,0.000,0.000,0.000,0.000,0.000,0.000,0.000,0.000,0.000,0.000,0.000,0.000,0.000,0.000,0.000,0.000,0.000,0.000,0.000,0.000,0.000,0.000,0.000,0.000,0.000,0.000,10.249,0.000,0.000,0.000,0.000,0.000,0.000,0.000,0.000,0.000,0.000,0.000,0.000,0.000,0.000,0.000,0.000,0.000,0.000]
  Iter 32: LB=37.399648  UB=40.467312  gap=7.58e-02
  Cut: intercept=-1093.903812, π_x_range=[-824.6761, 568.4609]
  Mini-Benders[1] (mw): LB=37.405965, Z₀(α*)=38.854023, intercept=-189.181379 (3.625s) [OMP=3.505 ISP-L=0.014 ISP-F=0.046 MW-L=0.019 MW-F=0.030]
  Mini-Benders[2] (mw): LB=37.544400, Z₀(α*)=39.993166, intercept=-86.369927 (3.718s) [OMP=3.607 ISP-L=0.013 ISP-F=0.039 MW-L=0.020 MW-F=0.044]
  Mini-Benders[3] (mw): LB=37.630117, Z₀(α*)=42.420585, intercept=-50.949078 (3.829s) [OMP=3.726 ISP-L=0.013 ISP-F=0.039 MW-L=0.019 MW-F=0.030]
  Mini-Benders[4] (mw): LB=37.659010, Z₀(α*)=37.544400, intercept=-57.687263 (3.578s) [OMP=3.443 ISP-L=0.013 ISP-F=0.041 MW-L=0.044 MW-F=0.025]
  Mini-Benders[5] (mw): LB=37.659010, Z₀(α*)=37.544400, intercept=-57.687263 (3.672s) [OMP=3.578 ISP-L=0.014 ISP-F=0.041 MW-L=0.020 MW-F=0.025]
  α-step: Z₀=39.494812, α=[0.000,0.000,0.000,0.000,0.000,0.000,0.000,0.000,0.000,0.000,0.000,0.000,0.000,0.000,0.000,0.000,0.000,0.000,0.000,0.000,0.000,0.000,0.000,0.000,0.000,0.000,0.000,0.000,8.299,0.000,1.950,0.000,0.000,0.000,0.000,0.000,0.000,0.000,0.000,0.000,0.000,0.000,0.000,0.000,0.000,0.000,0.000]
  Alt-Benders[1] (mw): LB=37.727930, Z₀(α*)=31.800867, intercept=-89.529841 (3.781s) [OMP=3.679 ISP-L=0.014 ISP-F=0.041 MW-L=0.021 MW-F=0.030]
  Alt-Benders[2] (mw): LB=37.727930, Z₀(α*)=31.800867, intercept=-89.529841 (3.750s) [OMP=3.642 ISP-L=0.013 ISP-F=0.039 MW-L=0.020 MW-F=0.029]
  Alt-Benders[3] (mw): LB=37.727930, Z₀(α*)=31.800867, intercept=-89.529841 (3.594s) [OMP=3.491 ISP-L=0.013 ISP-F=0.040 MW-L=0.020 MW-F=0.028]
  Alt-Benders[4]: LB stagnated, break
  OMP re-solve: 0.003s

=== True-DRO Benders iter 33 ===
  OMP: t₀=37.727930, UB=40.467312, gap=6.77e-02, x=[0, 0, 0, 0, 0, 0, 0, 0, 0, 0, 0, 0, 0, 0, 0, 0, 0, 0, 0, 0, 0, 0, 1, 0, 0, 0, 0, 0, 0, 1, 0, 0, 0, 0, 0, 0, 0, 0, 0, 0, 0, 0, 0, 0, 0, 0, 0] (0.002s)
  Sub: Z₀=41.919611 [LOCAL] (0.5s), α=[0.000,0.000,0.000,0.000,0.000,0.000,0.000,0.000,0.000,0.000,0.000,0.000,0.000,0.000,0.000,0.000,0.000,0.000,0.000,0.000,0.000,0.000,5.645,0.060,0.000,0.000,0.000,0.000,2.153,0.000,0.000,0.000,0.000,0.000,0.000,0.421,1.970,0.000,0.000,0.000,0.000,0.000,0.000,0.000,0.000,0.000,0.000]
  Iter 33: LB=37.727930  UB=40.467312  gap=6.77e-02
  Cut: intercept=-1109.990432, π_x_range=[-830.5666, 580.5909]
  Mini-Benders[1] (mw): LB=37.763345, Z₀(α*)=-20.414974, intercept=-165.386287 (3.688s) [OMP=3.581 ISP-L=0.013 ISP-F=0.039 MW-L=0.019 MW-F=0.029]
  Mini-Benders[2] (mw): LB=37.763345, Z₀(α*)=-20.414974, intercept=-165.386287 (3.734s) [OMP=3.618 ISP-L=0.013 ISP-F=0.038 MW-L=0.040 MW-F=0.028]
  Mini-Benders[3] (mw): LB=37.763345, Z₀(α*)=-20.414974, intercept=-165.386287 (3.766s) [OMP=3.660 ISP-L=0.013 ISP-F=0.039 MW-L=0.018 MW-F=0.029]
  Mini-Benders[4]: LB stagnated, break
  α-step: Z₀=37.391147, α=[0.000,0.000,0.000,0.000,0.000,0.000,0.000,0.000,0.000,0.000,0.000,0.000,0.000,0.000,0.000,0.000,0.000,0.000,0.000,0.000,0.000,0.000,0.000,0.000,0.000,0.000,0.000,0.000,7.887,0.000,0.000,0.000,0.000,0.000,0.000,0.794,1.568,0.000,0.000,0.000,0.000,0.000,0.000,0.000,0.000,0.000,0.000]
  Alt-Benders[1] (mw): LB=37.763345, Z₀(α*)=37.763348, intercept=-115.871461 (3.765s) [OMP=3.660 ISP-L=0.014 ISP-F=0.039 MW-L=0.019 MW-F=0.028]
  Alt-Benders[2] (mw): LB=37.763346, Z₀(α*)=37.763348, intercept=-115.871461 (3.750s) [OMP=3.649 ISP-L=0.013 ISP-F=0.038 MW-L=0.019 MW-F=0.028]
  Alt-Benders[3] (mw): LB=37.763346, Z₀(α*)=37.763348, intercept=-115.871461 (3.766s) [OMP=3.665 ISP-L=0.014 ISP-F=0.039 MW-L=0.018 MW-F=0.027]
  Alt-Benders[4]: LB stagnated, break
  OMP re-solve: 0.003s

=== True-DRO Benders iter 34 ===
  OMP: t₀=37.763346, UB=40.467312, gap=6.68e-02, x=[0, 0, 0, 0, 0, 0, 0, 0, 0, 0, 0, 0, 0, 0, 0, 0, 0, 0, 0, 0, 0, 0, 0, 0, 0, 0, 0, 1, 0, 0, 0, 0, 1, 0, 0, 0, 0, 0, 0, 0, 0, 0, 0, 0, 0, 0, 0] (0.003s)
  Sub: Z₀=37.763345 [LOCAL] (0.5s), α=[0.000,0.000,0.000,0.000,0.000,0.000,0.000,0.000,0.000,0.000,0.000,0.000,0.000,0.000,0.000,0.000,0.000,0.000,0.000,0.000,0.000,0.000,0.000,0.000,0.000,0.000,0.000,0.000,10.249,0.000,0.000,0.000,0.000,0.000,0.000,0.000,0.000,0.000,0.000,0.000,0.000,0.000,0.000,0.000,0.000,0.000,0.000]
  Iter 34: LB=37.763346  UB=40.467312  gap=6.68e-02
  Cut: intercept=-1093.903812, π_x_range=[-824.6761, 568.4609]
  Mini-Benders[1] (mw): LB=37.763346, Z₀(α*)=37.763348, intercept=-100.479083 (3.765s) [OMP=3.664 ISP-L=0.013 ISP-F=0.039 MW-L=0.018 MW-F=0.029]
  Mini-Benders[2] (mw): LB=37.763346, Z₀(α*)=37.763348, intercept=-100.479083 (3.625s) [OMP=3.508 ISP-L=0.013 ISP-F=0.039 MW-L=0.019 MW-F=0.050]
  Mini-Benders[3]: LB stagnated, break
  α-step: Z₀=37.763348, α=[0.000,0.000,0.000,0.000,0.000,0.000,0.000,0.000,0.000,0.000,0.000,0.000,0.000,0.000,0.000,0.000,0.000,0.000,0.000,0.000,0.000,0.000,0.000,0.000,0.000,0.000,0.000,0.000,10.198,0.000,0.000,0.000,0.000,0.000,0.000,0.000,0.051,0.000,0.000,0.000,0.000,0.000,0.000,0.000,0.000,0.000,0.000]
  Alt-Benders[1] (mw): LB=37.763346, Z₀(α*)=35.655641, intercept=-92.097367 (3.672s) [OMP=3.567 ISP-L=0.013 ISP-F=0.039 MW-L=0.019 MW-F=0.028]
  Alt-Benders[2] (mw): LB=37.763346, Z₀(α*)=35.655641, intercept=-92.097367 (3.813s) [OMP=3.712 ISP-L=0.013 ISP-F=0.037 MW-L=0.019 MW-F=0.028]
  Alt-Benders[3]: LB stagnated, break
  OMP re-solve: 0.003s

=== True-DRO Benders iter 35 ===
  OMP: t₀=37.763346, UB=40.467312, gap=6.68e-02, x=[0, 0, 0, 0, 0, 0, 0, 0, 0, 0, 0, 0, 0, 0, 0, 0, 0, 0, 0, 0, 0, 0, 1, 0, 0, 0, 0, 1, 0, 0, 0, 0, 0, 0, 0, 0, 0, 0, 0, 0, 0, 0, 0, 0, 0, 0, 0] (0.003s)
  Sub: Z₀=40.443407 (8.8s), α=[0.000,0.000,0.000,0.000,0.000,0.000,0.000,0.000,0.000,0.000,0.000,0.000,0.000,0.000,0.000,0.000,0.000,0.000,0.000,0.000,0.000,0.000,6.457,0.000,3.035,0.758,0.000,0.000,0.000,0.000,0.000,0.000,0.000,0.000,0.000,0.000,0.000,0.000,0.000,0.000,0.000,0.000,0.000,0.000,0.000,0.000,0.000]
  Iter 35: LB=37.763346  UB=40.443407  gap=6.63e-02
  Cut: intercept=-68.473029, π_x_range=[-223.0000, 65.6174]
  Sherali-Cut: intercept=-63.923296, π_x_range=[-119.0000, 58.2481]
  Mini-Benders[1] (mw): LB=37.763346, Z₀(α*)=-36.278646, intercept=-140.894748 (3.859s) [OMP=3.761 ISP-L=0.014 ISP-F=0.039 MW-L=0.020 MW-F=0.029]
  Mini-Benders[2] (mw): LB=37.763347, Z₀(α*)=-36.278646, intercept=-140.894748 (4.016s) [OMP=3.913 ISP-L=0.013 ISP-F=0.039 MW-L=0.019 MW-F=0.029]
  Mini-Benders[3] (mw): LB=37.763347, Z₀(α*)=-36.278646, intercept=-140.894748 (4.000s) [OMP=3.884 ISP-L=0.013 ISP-F=0.038 MW-L=0.042 MW-F=0.029]
  Mini-Benders[4] (mw): LB=37.763347, Z₀(α*)=-36.278646, intercept=-140.894748 (4.078s) [OMP=3.970 ISP-L=0.013 ISP-F=0.038 MW-L=0.018 MW-F=0.028]
  Mini-Benders[5]: LB stagnated, break
  α-step: Z₀=37.763348, α=[0.000,0.000,0.000,0.000,0.000,0.000,0.000,0.000,0.000,0.000,0.000,0.000,0.000,0.000,0.000,0.000,0.000,0.000,0.000,0.000,0.000,0.000,0.000,0.000,2.929,0.000,0.000,0.000,7.320,0.000,0.000,0.000,0.000,0.000,0.000,0.000,0.000,0.000,0.000,0.000,0.000,0.000,0.000,0.000,0.000,0.000,0.000]
  Alt-Benders[1] (mw): LB=37.763348, Z₀(α*)=37.763348, intercept=-97.550175 (4.032s) [OMP=3.931 ISP-L=0.014 ISP-F=0.039 MW-L=0.020 MW-F=0.028]
  Alt-Benders[2] (mw): LB=37.763348, Z₀(α*)=37.763348, intercept=-97.550175 (3.734s) [OMP=3.633 ISP-L=0.014 ISP-F=0.038 MW-L=0.019 MW-F=0.028]
  Alt-Benders[3] (mw): LB=37.763348, Z₀(α*)=37.763348, intercept=-97.550175 (3.859s) [OMP=3.758 ISP-L=0.013 ISP-F=0.038 MW-L=0.018 MW-F=0.026]
  Alt-Benders[4]: LB stagnated, break
  OMP re-solve: 0.003s

=== True-DRO Benders iter 36 ===
  OMP: t₀=37.763348, UB=40.443407, gap=6.63e-02, x=[0, 0, 0, 0, 0, 0, 0, 0, 0, 0, 0, 0, 0, 0, 0, 0, 0, 0, 0, 0, 0, 0, 0, 0, 0, 0, 0, 1, 0, 0, 0, 0, 1, 0, 0, 0, 0, 0, 0, 0, 0, 0, 0, 0, 0, 0, 0] (0.003s)
  Sub: Z₀=37.763345 [LOCAL] (0.5s), α=[0.000,0.000,0.000,0.000,0.000,0.000,0.000,0.000,0.000,0.000,0.000,0.000,0.000,0.000,0.000,0.000,0.000,0.000,0.000,0.000,0.000,0.000,0.000,0.000,0.000,0.000,0.000,0.000,10.249,0.000,0.000,0.000,0.000,0.000,0.000,0.000,0.000,0.000,0.000,0.000,0.000,0.000,0.000,0.000,0.000,0.000,0.000]
  Iter 36: LB=37.763348  UB=40.443407  gap=6.63e-02
  Cut: intercept=-1093.903812, π_x_range=[-824.6761, 568.4609]
  Mini-Benders[1] (mw): LB=37.763348, Z₀(α*)=37.763348, intercept=-100.479083 (3.891s) [OMP=3.783 ISP-L=0.013 ISP-F=0.039 MW-L=0.019 MW-F=0.029]
  Mini-Benders[2] (mw): LB=37.763348, Z₀(α*)=37.763348, intercept=-100.479083 (3.750s) [OMP=3.633 ISP-L=0.013 ISP-F=0.039 MW-L=0.040 MW-F=0.029]
  Mini-Benders[3]: LB stagnated, break
  α-step: Z₀=37.763348, α=[0.000,0.000,0.000,0.000,0.000,0.000,0.000,0.000,0.000,0.000,0.000,0.000,0.000,0.000,0.000,0.000,0.000,0.000,0.000,0.000,0.000,0.000,0.000,0.000,0.000,0.000,0.000,0.000,10.198,0.000,0.000,0.000,0.000,0.000,0.000,0.000,0.051,0.000,0.000,0.000,0.000,0.000,0.000,0.000,0.000,0.000,0.000]
  Alt-Benders[1] (mw): LB=37.763348, Z₀(α*)=37.763348, intercept=-98.240589 (3.844s) [OMP=3.722 ISP-L=0.014 ISP-F=0.039 MW-L=0.018 MW-F=0.047]
  Alt-Benders[2] (mw): LB=37.763348, Z₀(α*)=37.763348, intercept=-98.240589 (3.765s) [OMP=3.646 ISP-L=0.014 ISP-F=0.039 MW-L=0.019 MW-F=0.047]
  Alt-Benders[3]: LB stagnated, break
  OMP re-solve: 0.003s

=== True-DRO Benders iter 37 ===
  OMP: t₀=37.763348, UB=40.443407, gap=6.63e-02, x=[0, 0, 0, 0, 0, 0, 0, 0, 0, 0, 0, 0, 0, 0, 0, 0, 0, 0, 0, 0, 0, 0, 0, 0, 0, 0, 0, 1, 0, 0, 0, 0, 1, 0, 0, 0, 0, 0, 0, 0, 0, 0, 0, 0, 0, 0, 0] (0.003s)
  Sub: Z₀=37.763345 [LOCAL] (0.5s), α=[0.000,0.000,0.000,0.000,0.000,0.000,0.000,0.000,0.000,0.000,0.000,0.000,0.000,0.000,0.000,0.000,0.000,0.000,0.000,0.000,0.000,0.000,0.000,0.000,0.000,0.000,0.000,0.000,10.249,0.000,0.000,0.000,0.000,0.000,0.000,0.000,0.000,0.000,0.000,0.000,0.000,0.000,0.000,0.000,0.000,0.000,0.000]
  Iter 37: LB=37.763348  UB=40.443407  gap=6.63e-02
  Cut: intercept=-1093.903812, π_x_range=[-824.6761, 568.4609]
  Mini-Benders[1] (mw): LB=37.763348, Z₀(α*)=37.763348, intercept=-100.479083 (3.765s) [OMP=3.662 ISP-L=0.013 ISP-F=0.039 MW-L=0.019 MW-F=0.030]
  Mini-Benders[2] (mw): LB=37.763348, Z₀(α*)=37.763348, intercept=-100.479083 (3.813s) [OMP=3.708 ISP-L=0.013 ISP-F=0.039 MW-L=0.018 MW-F=0.028]
  Mini-Benders[3]: LB stagnated, break
  α-step: Z₀=37.763348, α=[0.000,0.000,0.000,0.000,0.000,0.000,0.000,0.000,0.000,0.000,0.000,0.000,0.000,0.000,0.000,0.000,0.000,0.000,0.000,0.000,0.000,0.000,0.000,0.000,0.000,0.000,0.000,0.000,10.198,0.000,0.000,0.000,0.000,0.000,0.000,0.000,0.051,0.000,0.000,0.000,0.000,0.000,0.000,0.000,0.000,0.000,0.000]
  Alt-Benders[1] (mw): LB=37.763348, Z₀(α*)=37.763348, intercept=-98.240589 (3.796s) [OMP=3.665 ISP-L=0.013 ISP-F=0.038 MW-L=0.040 MW-F=0.045]
  Alt-Benders[2] (mw): LB=37.763348, Z₀(α*)=37.763348, intercept=-98.240589 (3.797s) [OMP=3.676 ISP-L=0.013 ISP-F=0.037 MW-L=0.018 MW-F=0.044]
  Alt-Benders[3]: LB stagnated, break
  OMP re-solve: 0.003s

=== True-DRO Benders iter 38 ===
  OMP: t₀=37.763348, UB=40.443407, gap=6.63e-02, x=[0, 0, 0, 0, 0, 0, 0, 0, 0, 0, 0, 0, 0, 0, 0, 0, 0, 0, 0, 0, 0, 0, 0, 0, 0, 0, 0, 1, 0, 0, 0, 0, 1, 0, 0, 0, 0, 0, 0, 0, 0, 0, 0, 0, 0, 0, 0] (0.003s)
  Sub: Z₀=37.763345 [LOCAL] (0.5s), α=[0.000,0.000,0.000,0.000,0.000,0.000,0.000,0.000,0.000,0.000,0.000,0.000,0.000,0.000,0.000,0.000,0.000,0.000,0.000,0.000,0.000,0.000,0.000,0.000,0.000,0.000,0.000,0.000,10.249,0.000,0.000,0.000,0.000,0.000,0.000,0.000,0.000,0.000,0.000,0.000,0.000,0.000,0.000,0.000,0.000,0.000,0.000]
  Iter 38: LB=37.763348  UB=40.443407  gap=6.63e-02
  Cut: intercept=-1093.903812, π_x_range=[-824.6761, 568.4609]
  Mini-Benders[1] (mw): LB=37.763348, Z₀(α*)=37.763348, intercept=-100.479083 (3.843s) [OMP=3.736 ISP-L=0.013 ISP-F=0.040 MW-L=0.020 MW-F=0.029]
  Mini-Benders[2] (mw): LB=37.763348, Z₀(α*)=37.763348, intercept=-100.479083 (3.891s) [OMP=3.787 ISP-L=0.013 ISP-F=0.039 MW-L=0.019 MW-F=0.029]
  Mini-Benders[3]: LB stagnated, break
  α-step: Z₀=37.763348, α=[0.000,0.000,0.000,0.000,0.000,0.000,0.000,0.000,0.000,0.000,0.000,0.000,0.000,0.000,0.000,0.000,0.000,0.000,0.000,0.000,0.000,0.000,0.000,0.000,0.000,0.000,0.000,0.000,10.198,0.000,0.000,0.000,0.000,0.000,0.000,0.000,0.051,0.000,0.000,0.000,0.000,0.000,0.000,0.000,0.000,0.000,0.000]
  Alt-Benders[1] (mw): LB=37.763348, Z₀(α*)=37.763348, intercept=-98.240589 (3.828s) [OMP=3.714 ISP-L=0.013 ISP-F=0.039 MW-L=0.019 MW-F=0.046]
  Alt-Benders[2] (mw): LB=37.763348, Z₀(α*)=37.763348, intercept=-98.240589 (3.766s) [OMP=3.648 ISP-L=0.013 ISP-F=0.039 MW-L=0.018 MW-F=0.046]
  Alt-Benders[3]: LB stagnated, break
  OMP re-solve: 0.003s

=== True-DRO Benders iter 39 ===
  OMP: t₀=37.763348, UB=40.443407, gap=6.63e-02, x=[0, 0, 0, 0, 0, 0, 0, 0, 0, 0, 0, 0, 0, 0, 0, 0, 0, 0, 0, 0, 0, 0, 0, 0, 0, 0, 0, 1, 0, 0, 0, 0, 1, 0, 0, 0, 0, 0, 0, 0, 0, 0, 0, 0, 0, 0, 0] (0.003s)
  Sub: Z₀=37.763345 [LOCAL] (0.5s), α=[0.000,0.000,0.000,0.000,0.000,0.000,0.000,0.000,0.000,0.000,0.000,0.000,0.000,0.000,0.000,0.000,0.000,0.000,0.000,0.000,0.000,0.000,0.000,0.000,0.000,0.000,0.000,0.000,10.249,0.000,0.000,0.000,0.000,0.000,0.000,0.000,0.000,0.000,0.000,0.000,0.000,0.000,0.000,0.000,0.000,0.000,0.000]
  Iter 39: LB=37.763348  UB=40.443407  gap=6.63e-02
  Cut: intercept=-1093.903812, π_x_range=[-824.6761, 568.4609]
  Mini-Benders[1] (mw): LB=37.763348, Z₀(α*)=37.763348, intercept=-100.479083 (3.953s) [OMP=3.845 ISP-L=0.013 ISP-F=0.038 MW-L=0.018 MW-F=0.028]
  Mini-Benders[2] (mw): LB=37.763348, Z₀(α*)=37.763348, intercept=-100.479083 (3.875s) [OMP=3.777 ISP-L=0.013 ISP-F=0.039 MW-L=0.019 MW-F=0.031]
  Mini-Benders[3]: LB stagnated, break
  α-step: Z₀=37.763348, α=[0.000,0.000,0.000,0.000,0.000,0.000,0.000,0.000,0.000,0.000,0.000,0.000,0.000,0.000,0.000,0.000,0.000,0.000,0.000,0.000,0.000,0.000,0.000,0.000,0.000,0.000,0.000,0.000,10.198,0.000,0.000,0.000,0.000,0.000,0.000,0.000,0.051,0.000,0.000,0.000,0.000,0.000,0.000,0.000,0.000,0.000,0.000]
  Alt-Benders[1] (mw): LB=37.763348, Z₀(α*)=37.763348, intercept=-98.240589 (3.953s) [OMP=3.833 ISP-L=0.013 ISP-F=0.038 MW-L=0.019 MW-F=0.046]
  Alt-Benders[2] (mw): LB=37.763348, Z₀(α*)=37.763348, intercept=-98.240589 (3.860s) [OMP=3.741 ISP-L=0.014 ISP-F=0.039 MW-L=0.020 MW-F=0.046]
  Alt-Benders[3]: LB stagnated, break
  OMP re-solve: 0.003s

=== True-DRO Benders iter 40 ===
  OMP: t₀=37.763348, UB=40.443407, gap=6.63e-02, x=[0, 0, 0, 0, 0, 0, 0, 0, 0, 0, 0, 0, 0, 0, 0, 0, 0, 0, 0, 0, 0, 0, 0, 0, 0, 0, 0, 1, 0, 0, 0, 0, 1, 0, 0, 0, 0, 0, 0, 0, 0, 0, 0, 0, 0, 0, 0] (0.003s)
  Sub: Z₀=37.763348 (2.4s), α=[0.000,0.000,0.000,0.000,0.000,0.000,0.000,0.000,0.000,0.000,0.000,0.000,0.000,0.000,0.000,0.000,0.000,0.000,0.000,0.000,0.000,0.000,0.000,0.000,0.000,0.000,0.000,0.000,10.198,0.000,0.000,0.000,0.000,0.000,0.000,0.000,0.051,0.000,0.000,0.000,0.000,0.000,0.000,0.000,0.000,0.000,0.000]
  Iter 40: LB=37.763348  UB=37.763348  gap=6.76e-10
True-DRO Benders converged at iter 40 (gap=6.76e-10)
  Wall time: 1202.86 sec
  OMP  time: mean=2.123s, median=2.358s, max=3.970s
  Sub  time (exact): mean=5.955s, median=8.028s, q90=8.717s, max=8.762s (n=7/40)

Result (double/mb_only): Z₀=37.763348, iters=40, time=1202.9s
x arcs = [28, 33]
