============================================================
polska — double [mb_only]: ε̂=0.50, ε̃=0.50, β=0.40
  mini_benders=true, valid_inequality=none
============================================================
Set parameter Username
Set parameter LicenseID to value 2742039
Academic license - for non-commercial use only - expires 2026-11-20
Set parameter Username
Set parameter LicenseID to value 2742039
Academic license - for non-commercial use only - expires 2026-11-20
Set parameter OutputFlag to value 1
Set parameter LogFile to value "global_miqcp.log"
Set parameter Username
Set parameter LicenseID to value 2742039
Academic license - for non-commercial use only - expires 2026-11-20
Set parameter Username
Set parameter LicenseID to value 2742039
Academic license - for non-commercial use only - expires 2026-11-20
Set parameter Username
Set parameter LicenseID to value 2742039
Academic license - for non-commercial use only - expires 2026-11-20
Set parameter Username
Set parameter LicenseID to value 2742039
Academic license - for non-commercial use only - expires 2026-11-20

=== True-DRO Benders iter 1 ===
  OMP: t₀=-10000.000000, UB=Inf, gap=NaN, x=[0, 0, 0, 0, 0, 0, 0, 0, 0, 0, 0, 0, 0, 0, 0, 0, 0, 0, 0, 0, 0, 0, 0, 0, 0, 0, 0, 0, 0, 0, 0, 0, 0, 0, 0, 0] (0.000s)
  Sub: Z₀=26.866614 [LOCAL] (0.6s), α=[0.000,0.000,6.351,0.000,0.000,0.000,0.000,0.000,0.000,0.000,0.000,0.000,0.000,0.000,0.000,0.000,0.000,0.065,0.000,0.000,0.000,0.000,0.000,0.000,0.000,0.000,0.000,0.000,0.000,0.000,0.000,0.000,0.143,3.385,0.000,0.000]
  Iter 1: LB=-10000.000000  UB=Inf  gap=NaN
  Cut: intercept=26.866615, π_x_range=[-823.1739, -799.7933]
  Mini-Benders[1] (mw): LB=-1616.869107, Z₀(α*)=8.709503, intercept=-34.164144 (0.125s) [OMP=0.034 ISP-L=0.013 ISP-F=0.035 MW-L=0.011 MW-F=0.027]
  Mini-Benders[2] (mw): LB=-165.695226, Z₀(α*)=12.658840, intercept=-19.368153 (0.094s) [OMP=0.022 ISP-L=0.009 ISP-F=0.027 MW-L=0.011 MW-F=0.024]
  Mini-Benders[3] (mw): LB=-106.573918, Z₀(α*)=13.864057, intercept=-58.159640 (0.109s) [OMP=0.033 ISP-L=0.009 ISP-F=0.026 MW-L=0.013 MW-F=0.026]
  Mini-Benders[4] (mw): LB=-93.610481, Z₀(α*)=20.494817, intercept=-35.484993 (0.281s) [OMP=0.199 ISP-L=0.009 ISP-F=0.030 MW-L=0.012 MW-F=0.023]
  Mini-Benders[5] (mw): LB=-90.270016, Z₀(α*)=-4.426595, intercept=-37.841825 (0.204s) [OMP=0.136 ISP-L=0.009 ISP-F=0.027 MW-L=0.013 MW-F=0.023]
Set parameter NonConvex to value 2
Set parameter DualReductions to value 0
  α-step: Z₀=21.884602, α=[0.000,0.000,9.733,0.000,0.000,0.021,0.000,0.000,0.000,0.000,0.000,0.000,0.000,0.023,0.000,0.000,0.000,0.000,0.000,0.000,0.000,0.000,0.000,0.000,0.000,0.000,0.000,0.000,0.000,0.084,0.083,0.000,0.000,0.000,0.000,0.000]
  Alt-Benders[1] (mw): LB=-79.872475, Z₀(α*)=-24.211715, intercept=-45.984712 (0.188s) [OMP=0.115 ISP-L=0.009 ISP-F=0.027 MW-L=0.011 MW-F=0.026]
  Alt-Benders[2] (mw): LB=-68.999662, Z₀(α*)=-29.737398, intercept=-49.096892 (0.312s) [OMP=0.241 ISP-L=0.010 ISP-F=0.027 MW-L=0.013 MW-F=0.024]
  Alt-Benders[3] (mw): LB=-68.403581, Z₀(α*)=21.884602, intercept=-4.371791 (0.391s) [OMP=0.315 ISP-L=0.008 ISP-F=0.027 MW-L=0.012 MW-F=0.023]
  Alt-Benders[4] (mw): LB=-63.644549, Z₀(α*)=5.080692, intercept=-49.629346 (0.437s) [OMP=0.367 ISP-L=0.009 ISP-F=0.027 MW-L=0.013 MW-F=0.025]
  Alt-Benders[5] (mw): LB=-59.349490, Z₀(α*)=20.515578, intercept=-60.814797 (0.563s) [OMP=0.488 ISP-L=0.009 ISP-F=0.027 MW-L=0.013 MW-F=0.027]
  OMP re-solve: 0.251s

=== True-DRO Benders iter 2 ===
  OMP: t₀=-57.818884, UB=Inf, gap=NaN, x=[0, 0, 0, 0, 0, 0, 0, 0, 0, 0, 0, 0, 0, 0, 0, 0, 0, 0, 0, 0, 0, 1, 0, 0, 1, 0, 0, 0, 0, 0, 0, 0, 0, 0, 0, 0] (0.000s)
  Sub: Z₀=24.887294 [LOCAL] (0.5s), α=[0.000,0.000,1.061,0.000,0.000,0.000,0.030,0.000,0.000,0.052,0.000,0.000,0.000,0.000,0.000,0.000,0.000,4.663,0.000,0.000,0.000,0.000,0.000,0.000,1.360,0.000,0.000,0.448,0.000,0.000,0.000,0.000,2.232,0.098,0.000,0.000]
  Iter 2: LB=-57.818884  UB=Inf  gap=NaN
  Cut: intercept=-1092.480473, π_x_range=[-823.5077, 572.7167]
  Mini-Benders[1] (mw): LB=-56.404736, Z₀(α*)=-2.298910, intercept=-2.298908 (0.407s) [OMP=0.318 ISP-L=0.010 ISP-F=0.028 MW-L=0.013 MW-F=0.026]
  Mini-Benders[2] (mw): LB=-54.013582, Z₀(α*)=9.505256, intercept=-35.934216 (0.375s) [OMP=0.305 ISP-L=0.009 ISP-F=0.027 MW-L=0.011 MW-F=0.024]
  Mini-Benders[3] (mw): LB=-52.918520, Z₀(α*)=5.007818, intercept=-40.329022 (0.296s) [OMP=0.226 ISP-L=0.009 ISP-F=0.027 MW-L=0.011 MW-F=0.024]
  Mini-Benders[4] (mw): LB=-50.552160, Z₀(α*)=-40.066875, intercept=-33.075858 (0.391s) [OMP=0.326 ISP-L=0.009 ISP-F=0.027 MW-L=0.013 MW-F=0.023]
  Mini-Benders[5] (mw): LB=-50.417498, Z₀(α*)=-13.835328, intercept=-37.098192 (0.547s) [OMP=0.469 ISP-L=0.009 ISP-F=0.028 MW-L=0.011 MW-F=0.024]
  α-step: Z₀=21.511698, α=[0.000,0.000,0.000,0.000,0.000,0.000,0.000,0.000,0.000,0.000,0.000,0.000,0.000,0.000,0.000,0.000,0.000,5.063,0.000,0.000,0.000,0.000,0.000,0.000,0.000,0.000,0.000,0.000,0.000,0.000,0.000,0.000,2.826,2.055,0.000,0.000]
  Alt-Benders[1] (mw): LB=-43.546328, Z₀(α*)=25.281780, intercept=25.281782 (0.562s) [OMP=0.458 ISP-L=0.009 ISP-F=0.027 MW-L=0.038 MW-F=0.033]
  Alt-Benders[2] (mw): LB=-41.837787, Z₀(α*)=21.773591, intercept=24.125921 (0.422s) [OMP=0.358 ISP-L=0.008 ISP-F=0.026 MW-L=0.012 MW-F=0.021]
  Alt-Benders[3] (mw): LB=-40.066877, Z₀(α*)=-12.002121, intercept=-28.234803 (0.391s) [OMP=0.310 ISP-L=0.010 ISP-F=0.029 MW-L=0.013 MW-F=0.025]
  Alt-Benders[4] (mw): LB=-38.097215, Z₀(α*)=20.631223, intercept=-55.413666 (0.547s) [OMP=0.476 ISP-L=0.009 ISP-F=0.028 MW-L=0.012 MW-F=0.025]
  Alt-Benders[5] (mw): LB=-33.783208, Z₀(α*)=19.018108, intercept=-19.946322 (0.500s) [OMP=0.415 ISP-L=0.009 ISP-F=0.028 MW-L=0.012 MW-F=0.023]
  OMP re-solve: 0.329s

=== True-DRO Benders iter 3 ===
  OMP: t₀=-33.007467, UB=Inf, gap=NaN, x=[0, 0, 0, 0, 0, 0, 1, 0, 0, 0, 0, 0, 0, 0, 0, 0, 0, 0, 0, 0, 0, 0, 1, 0, 0, 0, 0, 0, 0, 0, 0, 0, 0, 0, 0, 0] (0.000s)
  Sub: Z₀=23.413873 [LOCAL] (0.4s), α=[0.000,0.000,3.541,0.000,0.000,1.604,0.000,0.000,0.000,0.000,0.000,0.000,0.000,0.000,0.000,0.000,0.000,0.000,0.000,0.000,0.000,0.000,2.142,0.000,0.000,0.000,0.000,0.000,0.000,0.000,0.000,0.000,0.447,2.210,0.000,0.000]
  Iter 3: LB=-33.007467  UB=Inf  gap=NaN
  Cut: intercept=-1106.419960, π_x_range=[-822.5812, 581.1256]
  Mini-Benders[1] (mw): LB=-32.996521, Z₀(α*)=-2.956539, intercept=-23.062419 (0.422s) [OMP=0.347 ISP-L=0.009 ISP-F=0.027 MW-L=0.012 MW-F=0.025]
  Mini-Benders[2] (mw): LB=-29.900663, Z₀(α*)=19.212521, intercept=-37.054200 (0.578s) [OMP=0.516 ISP-L=0.008 ISP-F=0.027 MW-L=0.011 MW-F=0.025]
  Mini-Benders[3] (mw): LB=-29.737400, Z₀(α*)=-10.205894, intercept=-54.101095 (0.562s) [OMP=0.487 ISP-L=0.010 ISP-F=0.026 MW-L=0.013 MW-F=0.023]
  Mini-Benders[4] (mw): LB=-29.694791, Z₀(α*)=6.166478, intercept=-31.947521 (0.766s) [OMP=0.691 ISP-L=0.009 ISP-F=0.029 MW-L=0.012 MW-F=0.024]
  Mini-Benders[5] (mw): LB=-28.590087, Z₀(α*)=6.799599, intercept=-67.380572 (0.609s) [OMP=0.537 ISP-L=0.009 ISP-F=0.028 MW-L=0.011 MW-F=0.023]
  α-step: Z₀=21.511697, α=[0.000,0.000,0.773,0.000,0.000,0.000,0.000,0.000,0.000,0.000,0.000,0.000,0.000,0.000,0.000,0.000,0.000,4.290,0.000,0.000,0.000,0.000,0.000,0.000,0.000,0.000,0.000,0.000,0.000,0.000,0.000,0.000,0.000,4.881,0.000,0.000]
  Alt-Benders[1] (mw): LB=-22.943441, Z₀(α*)=21.511698, intercept=5.724855 (1.187s) [OMP=1.089 ISP-L=0.009 ISP-F=0.027 MW-L=0.011 MW-F=0.047]
  Alt-Benders[2] (mw): LB=-21.730769, Z₀(α*)=21.511698, intercept=-17.704635 (1.813s) [OMP=1.745 ISP-L=0.008 ISP-F=0.025 MW-L=0.010 MW-F=0.026]
  Alt-Benders[3] (mw): LB=-21.533353, Z₀(α*)=21.511698, intercept=-4.702059 (0.937s) [OMP=0.877 ISP-L=0.009 ISP-F=0.026 MW-L=0.012 MW-F=0.024]
  Alt-Benders[4] (mw): LB=-20.122603, Z₀(α*)=15.599679, intercept=-47.578905 (0.563s) [OMP=0.490 ISP-L=0.008 ISP-F=0.025 MW-L=0.011 MW-F=0.022]
  Alt-Benders[5] (mw): LB=-18.331692, Z₀(α*)=13.767230, intercept=-19.223149 (0.515s) [OMP=0.441 ISP-L=0.008 ISP-F=0.027 MW-L=0.011 MW-F=0.021]
  OMP re-solve: 0.558s

=== True-DRO Benders iter 4 ===
  OMP: t₀=-15.826511, UB=Inf, gap=NaN, x=[0, 0, 0, 0, 0, 0, 0, 0, 0, 0, 0, 0, 1, 0, 0, 0, 0, 0, 1, 0, 0, 0, 0, 0, 0, 0, 0, 0, 0, 0, 0, 0, 0, 0, 0, 0] (0.000s)
  Sub: Z₀=22.974037 [LOCAL] (0.4s), α=[0.000,0.000,4.242,0.000,0.000,0.000,0.000,0.000,0.000,0.000,0.000,0.000,0.996,0.115,0.000,0.000,0.000,0.000,0.000,0.000,0.000,0.000,0.000,0.000,0.000,0.000,0.000,0.000,0.000,0.000,0.000,0.000,0.000,4.592,0.000,0.000]
  Iter 4: LB=-15.826511  UB=Inf  gap=NaN
  Cut: intercept=-1123.020739, π_x_range=[-821.4850, 573.3040]
  Mini-Benders[1] (mw): LB=-14.846677, Z₀(α*)=15.221675, intercept=-17.847656 (0.563s) [OMP=0.495 ISP-L=0.009 ISP-F=0.027 MW-L=0.012 MW-F=0.023]
  Mini-Benders[2] (mw): LB=-14.846101, Z₀(α*)=18.908824, intercept=-44.342552 (0.640s) [OMP=0.565 ISP-L=0.008 ISP-F=0.027 MW-L=0.011 MW-F=0.025]
  Mini-Benders[3] (mw): LB=-14.232857, Z₀(α*)=5.382819, intercept=-80.290507 (1.016s) [OMP=0.947 ISP-L=0.009 ISP-F=0.028 MW-L=0.011 MW-F=0.023]
  Mini-Benders[4] (mw): LB=-12.392307, Z₀(α*)=15.002283, intercept=-20.876353 (0.656s) [OMP=0.583 ISP-L=0.008 ISP-F=0.028 MW-L=0.011 MW-F=0.027]
  Mini-Benders[5] (mw): LB=-12.002123, Z₀(α*)=-0.057115, intercept=-50.065852 (0.750s) [OMP=0.667 ISP-L=0.009 ISP-F=0.027 MW-L=0.012 MW-F=0.024]
  α-step: Z₀=12.266551, α=[0.000,0.000,0.128,0.000,0.000,3.523,0.000,0.000,0.000,5.282,0.000,0.000,0.000,1.012,0.000,0.000,0.000,0.000,0.000,0.000,0.000,0.000,0.000,0.000,0.000,0.000,0.000,0.000,0.000,0.000,0.000,0.000,0.000,0.000,0.000,0.000]
  Alt-Benders[1] (mw): LB=-11.212946, Z₀(α*)=-8.440378, intercept=-38.703505 (0.796s) [OMP=0.721 ISP-L=0.008 ISP-F=0.026 MW-L=0.011 MW-F=0.023]
  Alt-Benders[2] (mw): LB=-10.205896, Z₀(α*)=-4.681223, intercept=-48.097035 (0.563s) [OMP=0.471 ISP-L=0.009 ISP-F=0.028 MW-L=0.035 MW-F=0.024]
  Alt-Benders[3] (mw): LB=-10.074982, Z₀(α*)=-27.813215, intercept=-27.813216 (0.625s) [OMP=0.559 ISP-L=0.008 ISP-F=0.026 MW-L=0.011 MW-F=0.025]
  Alt-Benders[4] (mw): LB=-10.074982, Z₀(α*)=-27.813215, intercept=-27.813216 (0.578s) [OMP=0.501 ISP-L=0.008 ISP-F=0.026 MW-L=0.013 MW-F=0.026]
  Alt-Benders[5] (mw): LB=-10.074982, Z₀(α*)=-27.813215, intercept=-27.813216 (0.547s) [OMP=0.475 ISP-L=0.009 ISP-F=0.027 MW-L=0.012 MW-F=0.025]
  OMP re-solve: 0.532s

=== True-DRO Benders iter 5 ===
  OMP: t₀=-10.074982, UB=Inf, gap=NaN, x=[0, 0, 0, 0, 0, 0, 0, 0, 0, 0, 0, 0, 0, 0, 0, 0, 0, 0, 1, 0, 0, 0, 0, 0, 0, 0, 0, 1, 0, 0, 0, 0, 0, 0, 0, 0] (0.000s)
  Sub: Z₀=25.933767 (1.8s), α=[0.000,0.000,5.243,0.000,0.000,0.000,0.000,0.000,0.000,0.000,0.000,0.000,0.000,0.000,0.000,0.000,0.000,0.000,0.000,0.000,0.000,0.000,0.000,0.000,0.000,0.000,0.000,0.000,0.000,0.343,0.000,0.000,0.571,3.788,0.000,0.000]
  Iter 5: LB=-10.074982  UB=25.933767  gap=1.39e+00
  Cut: intercept=-59.514168, π_x_range=[-285.0000, 65.7256]
  Sherali-Cut: intercept=25.933655, π_x_range=[-106.4210, 0.0001]
  Mini-Benders[1] (mw): LB=-9.989151, Z₀(α*)=20.989113, intercept=-47.530236 (2.156s) [OMP=2.090 ISP-L=0.009 ISP-F=0.028 MW-L=0.011 MW-F=0.023]
  Mini-Benders[2] (mw): LB=-9.878353, Z₀(α*)=21.633840, intercept=-21.030185 (2.859s) [OMP=2.786 ISP-L=0.009 ISP-F=0.026 MW-L=0.011 MW-F=0.025]
  Mini-Benders[3] (mw): LB=-9.447538, Z₀(α*)=21.715032, intercept=-41.769967 (1.469s) [OMP=1.397 ISP-L=0.009 ISP-F=0.027 MW-L=0.012 MW-F=0.021]
  Mini-Benders[4] (mw): LB=-9.183819, Z₀(α*)=24.973958, intercept=-27.912607 (1.578s) [OMP=1.509 ISP-L=0.008 ISP-F=0.027 MW-L=0.011 MW-F=0.022]
  Mini-Benders[5] (mw): LB=-9.105347, Z₀(α*)=18.647593, intercept=-31.001354 (1.500s) [OMP=1.430 ISP-L=0.005 ISP-F=0.028 MW-L=0.012 MW-F=0.025]
  α-step: Z₀=21.511698, α=[0.000,0.000,0.000,0.000,0.000,0.000,0.000,0.000,0.000,0.000,0.000,0.000,0.000,0.000,0.000,0.000,0.000,5.063,0.000,0.000,0.000,0.000,0.000,0.000,0.000,0.000,0.000,0.000,0.000,0.000,0.000,0.000,4.881,0.000,0.000,0.000]
  Alt-Benders[1] (mw): LB=-8.440380, Z₀(α*)=21.921965, intercept=1.314396 (1.704s) [OMP=1.644 ISP-L=0.008 ISP-F=0.026 MW-L=0.010 MW-F=0.024]
  Alt-Benders[2] (mw): LB=-8.128240, Z₀(α*)=22.491342, intercept=22.491343 (2.203s) [OMP=2.121 ISP-L=0.009 ISP-F=0.027 MW-L=0.012 MW-F=0.026]
  Alt-Benders[3] (mw): LB=-5.944422, Z₀(α*)=21.511698, intercept=1.003888 (1.797s) [OMP=1.730 ISP-L=0.009 ISP-F=0.027 MW-L=0.012 MW-F=0.027]
  Alt-Benders[4] (mw): LB=-5.293997, Z₀(α*)=22.678591, intercept=-20.182209 (1.218s) [OMP=1.134 ISP-L=0.009 ISP-F=0.027 MW-L=0.012 MW-F=0.028]
  Alt-Benders[5] (mw): LB=-4.835075, Z₀(α*)=21.511698, intercept=-22.499533 (1.547s) [OMP=1.478 ISP-L=0.009 ISP-F=0.026 MW-L=0.013 MW-F=0.025]
  OMP re-solve: 1.464s

=== True-DRO Benders iter 6 ===
  OMP: t₀=-4.681225, UB=25.933767, gap=1.18e+00, x=[0, 0, 0, 0, 0, 1, 0, 0, 0, 0, 0, 0, 0, 0, 0, 0, 0, 0, 0, 0, 0, 0, 0, 0, 0, 0, 0, 0, 0, 0, 0, 0, 1, 0, 0, 0] (0.000s)
  Sub: Z₀=17.610522 [LOCAL] (0.4s), α=[0.000,0.000,0.000,0.000,0.000,3.395,0.000,0.000,0.000,0.000,0.000,0.000,0.000,0.423,0.000,0.000,0.000,0.259,0.000,0.000,0.000,0.000,0.000,0.000,0.000,0.000,0.000,0.000,0.000,0.000,0.000,0.000,5.431,0.436,0.000,0.000]
  Iter 6: LB=-4.681225  UB=25.933767  gap=1.18e+00
  Cut: intercept=-1113.638239, π_x_range=[-818.8677, 575.6743]
  Mini-Benders[1] (mw): LB=-4.426597, Z₀(α*)=4.237987, intercept=-92.637659 (1.562s) [OMP=1.493 ISP-L=0.009 ISP-F=0.028 MW-L=0.012 MW-F=0.026]
  Mini-Benders[2] (mw): LB=-2.760286, Z₀(α*)=-11.843039, intercept=-67.496859 (1.750s) [OMP=1.674 ISP-L=0.009 ISP-F=0.027 MW-L=0.012 MW-F=0.024]
  Mini-Benders[3] (mw): LB=-2.760286, Z₀(α*)=-11.843039, intercept=-67.496859 (1.984s) [OMP=1.914 ISP-L=0.008 ISP-F=0.027 MW-L=0.011 MW-F=0.025]
  Mini-Benders[4] (mw): LB=-2.760286, Z₀(α*)=-11.843039, intercept=-67.496859 (2.047s) [OMP=1.974 ISP-L=0.008 ISP-F=0.027 MW-L=0.010 MW-F=0.024]
  Mini-Benders[5]: LB stagnated, break
  α-step: Z₀=25.483480, α=[0.000,0.000,0.000,0.000,0.000,0.000,0.000,0.000,0.000,0.000,0.000,0.000,0.000,0.000,0.000,0.000,0.000,4.364,0.000,0.000,0.000,0.000,0.000,0.000,1.197,0.000,0.000,0.202,0.000,0.000,0.000,0.000,1.845,2.336,0.000,0.000]
  Alt-Benders[1] (mw): LB=-2.664744, Z₀(α*)=8.084120, intercept=-34.813722 (1.782s) [OMP=1.709 ISP-L=0.009 ISP-F=0.027 MW-L=0.011 MW-F=0.025]
  Alt-Benders[2] (mw): LB=-1.476668, Z₀(α*)=17.497328, intercept=7.347633 (1.703s) [OMP=1.606 ISP-L=0.008 ISP-F=0.026 MW-L=0.012 MW-F=0.043]
  Alt-Benders[3] (mw): LB=-0.912957, Z₀(α*)=13.818960, intercept=0.304560 (2.250s) [OMP=2.189 ISP-L=0.009 ISP-F=0.027 MW-L=0.011 MW-F=0.025]
  Alt-Benders[4] (mw): LB=-0.057117, Z₀(α*)=-19.694858, intercept=-27.953160 (3.015s) [OMP=2.938 ISP-L=0.010 ISP-F=0.028 MW-L=0.012 MW-F=0.024]
  Alt-Benders[5] (mw): LB=-0.057117, Z₀(α*)=-19.694858, intercept=-27.953160 (3.547s) [OMP=3.465 ISP-L=0.010 ISP-F=0.028 MW-L=0.013 MW-F=0.023]
  OMP re-solve: 3.679s

=== True-DRO Benders iter 7 ===
  OMP: t₀=-0.057117, UB=25.933767, gap=1.00e+00, x=[0, 0, 0, 0, 0, 0, 0, 0, 0, 0, 0, 0, 1, 0, 0, 0, 0, 0, 0, 0, 0, 0, 0, 0, 0, 0, 0, 0, 0, 0, 0, 0, 1, 0, 0, 0] (0.001s)
  Sub: Z₀=20.045823 [LOCAL] (0.5s), α=[0.000,0.000,2.038,0.000,0.000,0.000,0.000,0.000,0.000,0.000,0.000,0.000,0.000,0.000,0.000,0.000,0.000,0.000,0.000,0.000,0.000,0.000,0.000,0.000,0.000,0.000,0.000,0.000,0.000,0.000,0.000,0.000,0.100,7.807,0.000,0.000]
  Iter 7: LB=-0.057117  UB=25.933767  gap=1.00e+00
  Cut: intercept=-1128.567379, π_x_range=[-823.6863, 583.9998]
  Mini-Benders[1] (mw): LB=0.090355, Z₀(α*)=22.728312, intercept=2.242845 (3.672s) [OMP=3.598 ISP-L=0.009 ISP-F=0.028 MW-L=0.012 MW-F=0.032]
  Mini-Benders[2] (mw): LB=1.029829, Z₀(α*)=14.305148, intercept=14.305150 (2.718s) [OMP=2.642 ISP-L=0.008 ISP-F=0.027 MW-L=0.010 MW-F=0.023]
  Mini-Benders[3] (mw): LB=1.920555, Z₀(α*)=14.868115, intercept=-33.478482 (1.922s) [OMP=1.856 ISP-L=0.008 ISP-F=0.029 MW-L=0.010 MW-F=0.025]
  Mini-Benders[4] (mw): LB=2.870629, Z₀(α*)=22.657234, intercept=-27.194692 (1.969s) [OMP=1.895 ISP-L=0.008 ISP-F=0.028 MW-L=0.011 MW-F=0.023]
  Mini-Benders[5] (mw): LB=3.071844, Z₀(α*)=13.158674, intercept=-49.111557 (1.875s) [OMP=1.804 ISP-L=0.008 ISP-F=0.028 MW-L=0.011 MW-F=0.022]
  α-step: Z₀=18.625264, α=[0.000,0.000,2.038,0.000,0.000,0.000,0.000,0.000,0.000,0.000,0.000,0.000,0.000,0.000,0.000,0.000,0.000,0.000,0.000,0.000,0.000,0.000,0.000,0.000,0.000,0.000,0.000,0.000,0.000,0.000,0.000,0.000,1.923,5.984,0.000,0.000]
  Alt-Benders[1] (mw): LB=3.706740, Z₀(α*)=22.728312, intercept=-0.600506 (1.750s) [OMP=1.687 ISP-L=0.008 ISP-F=0.027 MW-L=0.011 MW-F=0.022]
  Alt-Benders[2] (mw): LB=3.946307, Z₀(α*)=-11.769740, intercept=-11.769737 (1.922s) [OMP=1.853 ISP-L=0.008 ISP-F=0.027 MW-L=0.011 MW-F=0.025]
  Alt-Benders[3] (mw): LB=3.946307, Z₀(α*)=-11.769740, intercept=-11.769737 (1.875s) [OMP=1.787 ISP-L=0.008 ISP-F=0.026 MW-L=0.032 MW-F=0.024]
  Alt-Benders[4] (mw): LB=3.946307, Z₀(α*)=-11.769740, intercept=-11.769737 (1.828s) [OMP=1.752 ISP-L=0.008 ISP-F=0.026 MW-L=0.010 MW-F=0.024]
  Alt-Benders[5]: LB stagnated, break
  OMP re-solve: 0.001s

=== True-DRO Benders iter 8 ===
  OMP: t₀=3.946307, UB=25.933767, gap=8.48e-01, x=[0, 0, 1, 0, 0, 0, 0, 0, 0, 0, 0, 0, 0, 1, 0, 0, 0, 0, 0, 0, 0, 0, 0, 0, 0, 0, 0, 0, 0, 0, 0, 0, 0, 0, 0, 0] (0.001s)
  Sub: Z₀=22.681788 [LOCAL] (0.3s), α=[0.000,0.000,9.794,0.000,0.000,0.000,0.000,0.000,0.000,0.000,0.000,0.000,0.000,0.000,0.000,0.000,0.000,0.150,0.000,0.000,0.000,0.000,0.000,0.000,0.000,0.000,0.000,0.000,0.000,0.000,0.000,0.000,0.000,0.000,0.000,0.000]
  Iter 8: LB=3.946307  UB=25.933767  gap=8.48e-01
  Cut: intercept=-1145.340140, π_x_range=[-822.6594, 592.4272]
  Mini-Benders[1] (mw): LB=3.976678, Z₀(α*)=1.199848, intercept=1.261462 (1.969s) [OMP=1.899 ISP-L=0.009 ISP-F=0.028 MW-L=0.012 MW-F=0.024]
  Mini-Benders[2] (mw): LB=3.976678, Z₀(α*)=1.199848, intercept=1.261462 (1.938s) [OMP=1.858 ISP-L=0.009 ISP-F=0.027 MW-L=0.012 MW-F=0.024]
  Mini-Benders[3] (mw): LB=3.976678, Z₀(α*)=1.199848, intercept=1.261462 (2.031s) [OMP=1.948 ISP-L=0.010 ISP-F=0.028 MW-L=0.014 MW-F=0.025]
  Mini-Benders[4]: LB stagnated, break
  α-step: Z₀=25.695381, α=[0.000,0.000,6.518,0.000,0.000,0.000,0.000,0.000,0.000,0.000,0.000,0.000,0.000,1.808,0.000,0.000,0.000,0.000,0.000,0.000,0.000,0.000,0.000,0.000,0.000,0.000,0.000,0.000,0.000,1.208,0.000,0.000,0.000,0.410,0.000,0.000]
  Alt-Benders[1] (mw): LB=4.237985, Z₀(α*)=-15.037788, intercept=-58.697561 (1.922s) [OMP=1.858 ISP-L=0.009 ISP-F=0.027 MW-L=0.013 MW-F=0.026]
  Alt-Benders[2] (mw): LB=4.237985, Z₀(α*)=-15.037788, intercept=-58.697561 (1.985s) [OMP=1.908 ISP-L=0.009 ISP-F=0.026 MW-L=0.013 MW-F=0.025]
  Alt-Benders[3] (mw): LB=4.237985, Z₀(α*)=-15.037788, intercept=-58.697561 (2.000s) [OMP=1.926 ISP-L=0.009 ISP-F=0.026 MW-L=0.012 MW-F=0.025]
  Alt-Benders[4]: LB stagnated, break
  OMP re-solve: 0.001s

=== True-DRO Benders iter 9 ===
  OMP: t₀=4.237985, UB=25.933767, gap=8.37e-01, x=[0, 0, 0, 0, 0, 0, 0, 0, 0, 0, 0, 0, 0, 0, 0, 0, 0, 0, 0, 0, 0, 0, 0, 0, 1, 0, 0, 0, 0, 0, 0, 0, 1, 0, 0, 0] (0.001s)
  Sub: Z₀=18.645222 [LOCAL] (0.7s), α=[0.000,0.000,0.000,0.000,0.000,0.000,0.013,0.000,0.000,0.000,0.000,0.000,0.000,0.000,0.000,0.000,0.000,1.584,0.000,0.000,0.000,0.000,0.000,0.000,0.317,0.000,0.000,0.000,0.000,0.000,0.000,0.000,6.444,1.587,0.000,0.000]
  Iter 9: LB=4.237985  UB=25.933767  gap=8.37e-01
  Cut: intercept=-1112.707668, π_x_range=[-820.8624, 571.6788]
  Mini-Benders[1] (mw): LB=4.797405, Z₀(α*)=-5.147383, intercept=-39.892736 (2.078s) [OMP=2.012 ISP-L=0.009 ISP-F=0.027 MW-L=0.012 MW-F=0.025]
  Mini-Benders[2] (mw): LB=4.797405, Z₀(α*)=-5.147383, intercept=-39.892736 (1.563s) [OMP=1.461 ISP-L=0.009 ISP-F=0.026 MW-L=0.011 MW-F=0.048]
  Mini-Benders[3] (mw): LB=4.797405, Z₀(α*)=-5.147383, intercept=-39.892736 (1.468s) [OMP=1.393 ISP-L=0.009 ISP-F=0.026 MW-L=0.011 MW-F=0.024]
  Mini-Benders[4]: LB stagnated, break
  α-step: Z₀=21.511698, α=[0.000,0.000,0.000,0.000,0.000,0.000,0.000,0.000,0.000,0.000,0.000,0.000,0.000,0.000,0.000,0.000,0.000,5.063,0.000,0.000,0.000,0.000,0.000,0.000,0.000,0.000,0.000,0.000,0.000,0.000,0.000,0.000,0.000,4.881,0.000,0.000]
  Alt-Benders[1] (mw): LB=4.815111, Z₀(α*)=20.095856, intercept=-28.258488 (1.984s) [OMP=1.897 ISP-L=0.009 ISP-F=0.028 MW-L=0.013 MW-F=0.024]
  Alt-Benders[2] (mw): LB=5.007816, Z₀(α*)=17.700374, intercept=-42.805713 (1.782s) [OMP=1.718 ISP-L=0.009 ISP-F=0.026 MW-L=0.011 MW-F=0.024]
  Alt-Benders[3] (mw): LB=5.254999, Z₀(α*)=20.699659, intercept=22.476202 (1.812s) [OMP=1.741 ISP-L=0.009 ISP-F=0.028 MW-L=0.013 MW-F=0.022]
  Alt-Benders[4] (mw): LB=5.382816, Z₀(α*)=11.144400, intercept=-47.735217 (1.985s) [OMP=1.911 ISP-L=0.009 ISP-F=0.026 MW-L=0.012 MW-F=0.023]
  Alt-Benders[5] (mw): LB=5.596727, Z₀(α*)=25.591056, intercept=19.003337 (2.171s) [OMP=2.096 ISP-L=0.008 ISP-F=0.026 MW-L=0.010 MW-F=0.027]
  OMP re-solve: 1.877s

=== True-DRO Benders iter 10 ===
  OMP: t₀=6.111532, UB=25.933767, gap=7.64e-01, x=[0, 0, 0, 0, 0, 0, 0, 0, 0, 0, 0, 0, 0, 0, 0, 0, 0, 0, 0, 0, 0, 0, 0, 0, 0, 0, 0, 0, 0, 1, 0, 0, 1, 0, 0, 0] (0.001s)
  Sub: Z₀=25.900436 (10.0s), α=[0.000,0.000,3.384,0.000,0.000,0.000,0.000,0.000,0.000,0.000,0.000,0.000,0.000,0.409,0.000,0.000,0.000,1.825,0.000,0.000,0.000,0.000,0.000,0.000,0.000,0.000,0.000,0.000,0.000,0.000,0.000,0.000,1.638,2.687,0.000,0.000]
  Iter 10: LB=6.111532  UB=25.900436  gap=7.64e-01
  Cut: intercept=-50.332189, π_x_range=[-276.0000, 44.5656]
  Sherali-Cut: intercept=-1.170021, π_x_range=[-166.4840, 17.8907]
  Mini-Benders[1] (mw): LB=6.483137, Z₀(α*)=24.964760, intercept=-94.836339 (2.422s) [OMP=2.357 ISP-L=0.008 ISP-F=0.026 MW-L=0.010 MW-F=0.024]
  Mini-Benders[2] (mw): LB=6.760236, Z₀(α*)=26.329358, intercept=-62.073969 (2.375s) [OMP=2.304 ISP-L=0.008 ISP-F=0.027 MW-L=0.011 MW-F=0.022]
  Mini-Benders[3] (mw): LB=6.799597, Z₀(α*)=19.591182, intercept=-65.712096 (2.218s) [OMP=2.123 ISP-L=0.008 ISP-F=0.026 MW-L=0.012 MW-F=0.045]
  Mini-Benders[4] (mw): LB=7.117397, Z₀(α*)=19.713423, intercept=-31.049581 (2.110s) [OMP=2.044 ISP-L=0.009 ISP-F=0.027 MW-L=0.012 MW-F=0.022]
  Mini-Benders[5] (mw): LB=7.120940, Z₀(α*)=20.912438, intercept=-25.604519 (2.281s) [OMP=2.211 ISP-L=0.008 ISP-F=0.026 MW-L=0.011 MW-F=0.023]
  α-step: Z₀=12.162511, α=[0.000,0.000,0.000,0.000,0.000,0.000,0.000,0.000,0.000,0.000,0.000,0.000,0.000,1.790,0.000,0.000,0.000,4.087,0.000,0.000,0.000,0.000,0.000,0.000,0.161,0.000,0.000,0.000,0.000,0.000,0.000,0.000,0.000,3.905,0.000,0.000]
  Alt-Benders[1] (mw): LB=7.511562, Z₀(α*)=8.904389, intercept=-24.555551 (2.328s) [OMP=2.274 ISP-L=0.008 ISP-F=0.025 MW-L=0.010 MW-F=0.021]
  Alt-Benders[2] (mw): LB=8.084117, Z₀(α*)=19.728545, intercept=-69.737906 (2.203s) [OMP=2.124 ISP-L=0.009 ISP-F=0.028 MW-L=0.012 MW-F=0.026]
  Alt-Benders[3] (mw): LB=8.709501, Z₀(α*)=20.535883, intercept=-64.842663 (2.812s) [OMP=2.738 ISP-L=0.009 ISP-F=0.027 MW-L=0.013 MW-F=0.023]
  Alt-Benders[4] (mw): LB=8.754616, Z₀(α*)=19.239798, intercept=-48.094753 (2.704s) [OMP=2.623 ISP-L=0.008 ISP-F=0.029 MW-L=0.012 MW-F=0.025]
  Alt-Benders[5] (mw): LB=8.882332, Z₀(α*)=15.562738, intercept=11.995908 (2.671s) [OMP=2.611 ISP-L=0.009 ISP-F=0.027 MW-L=0.010 MW-F=0.023]
  OMP re-solve: 2.173s

=== True-DRO Benders iter 11 ===
  OMP: t₀=8.904387, UB=25.900436, gap=6.56e-01, x=[0, 0, 1, 0, 0, 0, 0, 0, 0, 1, 0, 0, 0, 0, 0, 0, 0, 0, 0, 0, 0, 0, 0, 0, 0, 0, 0, 0, 0, 0, 0, 0, 0, 0, 0, 0] (0.001s)
  Sub: Z₀=18.855105 [LOCAL] (0.3s), α=[0.000,0.000,9.944,0.000,0.000,0.000,0.000,0.000,0.000,0.000,0.000,0.000,0.000,0.000,0.000,0.000,0.000,0.000,0.000,0.000,0.000,0.000,0.000,0.000,0.000,0.000,0.000,0.000,0.000,0.000,0.000,0.000,0.000,0.000,0.000,0.000]
  Iter 11: LB=8.904387  UB=25.900436  gap=6.56e-01
  Cut: intercept=-1152.397772, π_x_range=[-824.1198, 587.0573]
  Mini-Benders[1] (mw): LB=8.921785, Z₀(α*)=15.275266, intercept=4.793096 (2.656s) [OMP=2.585 ISP-L=0.009 ISP-F=0.027 MW-L=0.011 MW-F=0.024]
  Mini-Benders[2] (mw): LB=8.935538, Z₀(α*)=-27.928329, intercept=-27.928324 (2.578s) [OMP=2.494 ISP-L=0.009 ISP-F=0.026 MW-L=0.011 MW-F=0.027]
  Mini-Benders[3] (mw): LB=8.935538, Z₀(α*)=-27.928329, intercept=-27.928324 (2.282s) [OMP=2.210 ISP-L=0.009 ISP-F=0.026 MW-L=0.012 MW-F=0.027]
  Mini-Benders[4] (mw): LB=8.935538, Z₀(α*)=-27.928329, intercept=-27.928324 (2.250s) [OMP=2.153 ISP-L=0.009 ISP-F=0.026 MW-L=0.038 MW-F=0.027]
  Mini-Benders[5]: LB stagnated, break
  α-step: Z₀=21.813291, α=[0.000,0.000,0.000,0.000,0.000,0.000,0.000,0.000,0.000,0.000,0.000,0.000,0.000,0.000,0.000,0.000,0.000,5.422,0.000,0.000,0.000,0.000,0.000,0.000,0.000,0.000,0.000,0.000,0.000,0.000,0.000,0.000,0.000,4.522,0.000,0.000]
  Alt-Benders[1] (mw): LB=9.505254, Z₀(α*)=21.152375, intercept=-33.742187 (2.484s) [OMP=2.407 ISP-L=0.008 ISP-F=0.027 MW-L=0.011 MW-F=0.023]
  Alt-Benders[2] (mw): LB=9.505254, Z₀(α*)=21.152375, intercept=-33.742187 (2.484s) [OMP=2.420 ISP-L=0.009 ISP-F=0.026 MW-L=0.011 MW-F=0.021]
  Alt-Benders[3] (mw): LB=9.774089, Z₀(α*)=21.813291, intercept=21.813306 (2.860s) [OMP=2.784 ISP-L=0.009 ISP-F=0.028 MW-L=0.012 MW-F=0.020]
  Alt-Benders[4] (mw): LB=9.774091, Z₀(α*)=24.113629, intercept=25.591056 (2.984s) [OMP=2.903 ISP-L=0.009 ISP-F=0.028 MW-L=0.013 MW-F=0.028]
  Alt-Benders[5] (mw): LB=9.784744, Z₀(α*)=22.696414, intercept=24.113640 (2.359s) [OMP=2.291 ISP-L=0.004 ISP-F=0.028 MW-L=0.011 MW-F=0.021]
  OMP re-solve: 2.420s

=== True-DRO Benders iter 12 ===
  OMP: t₀=9.887232, UB=25.900436, gap=6.18e-01, x=[0, 0, 0, 0, 0, 1, 0, 0, 0, 0, 0, 0, 1, 0, 0, 0, 0, 0, 0, 0, 0, 0, 0, 0, 0, 0, 0, 0, 0, 0, 0, 0, 0, 0, 0, 0] (0.001s)
  Sub: Z₀=22.105858 [LOCAL] (0.4s), α=[0.000,0.000,1.786,0.000,0.000,1.910,0.000,0.000,0.000,0.000,0.000,0.000,0.000,4.399,0.000,0.000,0.000,0.216,0.000,0.000,0.000,0.000,0.000,0.000,0.000,0.000,0.000,0.000,0.000,0.096,0.437,0.000,0.000,1.101,0.000,0.000]
  Iter 12: LB=9.887232  UB=25.900436  gap=6.18e-01
  Cut: intercept=-1095.680989, π_x_range=[-817.1794, 562.2463]
  Mini-Benders[1] (mw): LB=9.887232, Z₀(α*)=23.121346, intercept=-19.542696 (2.578s) [OMP=2.514 ISP-L=0.008 ISP-F=0.028 MW-L=0.010 MW-F=0.022]
  Mini-Benders[2] (mw): LB=10.208971, Z₀(α*)=-3.894831, intercept=-68.713466 (2.110s) [OMP=2.040 ISP-L=0.008 ISP-F=0.026 MW-L=0.011 MW-F=0.024]
  Mini-Benders[3] (mw): LB=10.208971, Z₀(α*)=-3.894831, intercept=-68.713466 (2.109s) [OMP=2.031 ISP-L=0.008 ISP-F=0.026 MW-L=0.011 MW-F=0.024]
  Mini-Benders[4] (mw): LB=10.208971, Z₀(α*)=-3.894831, intercept=-68.713466 (2.078s) [OMP=2.008 ISP-L=0.009 ISP-F=0.027 MW-L=0.011 MW-F=0.025]
  Mini-Benders[5]: LB stagnated, break
  α-step: Z₀=25.933769, α=[0.000,0.000,3.011,0.000,0.000,0.000,0.000,0.000,0.000,0.000,0.000,0.000,0.000,0.000,0.000,0.000,0.000,2.232,0.000,0.000,0.000,0.000,0.000,0.000,0.000,0.000,0.000,0.000,0.000,0.343,0.000,0.000,1.229,3.130,0.000,0.000]
  Alt-Benders[1] (mw): LB=10.419455, Z₀(α*)=20.989113, intercept=-49.764323 (2.313s) [OMP=2.220 ISP-L=0.030 ISP-F=0.026 MW-L=0.011 MW-F=0.023]
  Alt-Benders[2] (mw): LB=10.685372, Z₀(α*)=24.170027, intercept=19.903362 (2.281s) [OMP=2.206 ISP-L=0.008 ISP-F=0.028 MW-L=0.011 MW-F=0.024]
  Alt-Benders[3] (mw): LB=10.873783, Z₀(α*)=19.275550, intercept=-28.323014 (2.203s) [OMP=2.131 ISP-L=0.009 ISP-F=0.027 MW-L=0.010 MW-F=0.025]
  Alt-Benders[4] (mw): LB=11.078593, Z₀(α*)=23.240344, intercept=13.151602 (1.969s) [OMP=1.894 ISP-L=0.008 ISP-F=0.027 MW-L=0.011 MW-F=0.022]
  Alt-Benders[5] (mw): LB=11.144398, Z₀(α*)=12.348266, intercept=-84.662696 (2.140s) [OMP=2.064 ISP-L=0.009 ISP-F=0.026 MW-L=0.012 MW-F=0.025]
  OMP re-solve: 1.920s

=== True-DRO Benders iter 13 ===
  OMP: t₀=11.775098, UB=25.900436, gap=5.45e-01, x=[0, 0, 0, 0, 0, 0, 0, 0, 0, 0, 0, 0, 0, 1, 0, 0, 0, 0, 0, 0, 0, 0, 0, 0, 0, 0, 0, 0, 0, 0, 0, 0, 0, 1, 0, 0] (0.001s)
  Sub: Z₀=22.681052 [LOCAL] (0.4s), α=[0.000,0.000,1.621,0.000,0.000,0.000,0.000,0.000,0.000,0.000,0.000,0.000,0.000,0.000,0.000,0.000,0.000,0.075,0.000,0.000,0.000,0.000,0.000,0.000,0.000,0.000,0.000,0.000,0.000,0.000,0.000,0.000,0.000,8.249,0.000,0.000]
  Iter 13: LB=11.775098  UB=25.900436  gap=5.45e-01
  Cut: intercept=-1153.343345, π_x_range=[-823.5238, 592.7276]
  Mini-Benders[1] (mw): LB=12.162511, Z₀(α*)=20.204150, intercept=-80.338108 (2.062s) [OMP=1.993 ISP-L=0.009 ISP-F=0.028 MW-L=0.011 MW-F=0.025]
  Mini-Benders[2] (mw): LB=12.172704, Z₀(α*)=-8.207722, intercept=10.471413 (2.141s) [OMP=2.060 ISP-L=0.009 ISP-F=0.027 MW-L=0.011 MW-F=0.026]
  Mini-Benders[3] (mw): LB=12.172704, Z₀(α*)=-8.207722, intercept=10.471413 (2.109s) [OMP=2.046 ISP-L=0.008 ISP-F=0.027 MW-L=0.010 MW-F=0.025]
  Mini-Benders[4] (mw): LB=12.172704, Z₀(α*)=-8.207722, intercept=10.471413 (2.156s) [OMP=2.082 ISP-L=0.008 ISP-F=0.027 MW-L=0.010 MW-F=0.025]
  Mini-Benders[5]: LB stagnated, break
  α-step: Z₀=25.591056, α=[0.000,0.000,4.900,0.000,0.000,0.000,0.000,0.000,0.000,0.000,0.000,0.000,0.000,0.000,0.000,0.000,0.000,0.000,0.000,0.000,0.000,0.000,0.000,0.000,0.000,0.000,0.000,0.000,0.000,0.000,0.000,0.000,1.229,3.816,0.000,0.000]
  Alt-Benders[1] (mw): LB=12.266551, Z₀(α*)=20.645823, intercept=-47.762762 (2.125s) [OMP=2.052 ISP-L=0.008 ISP-F=0.026 MW-L=0.011 MW-F=0.023]
  Alt-Benders[2] (mw): LB=12.348264, Z₀(α*)=12.348266, intercept=-84.302953 (2.250s) [OMP=2.149 ISP-L=0.009 ISP-F=0.028 MW-L=0.012 MW-F=0.044]
  Alt-Benders[3] (mw): LB=12.348264, Z₀(α*)=12.348266, intercept=-84.302953 (2.593s) [OMP=2.537 ISP-L=0.009 ISP-F=0.027 MW-L=0.011 MW-F=0.022]
  Alt-Benders[4] (mw): LB=12.348264, Z₀(α*)=12.348266, intercept=-84.302953 (2.594s) [OMP=2.523 ISP-L=0.009 ISP-F=0.027 MW-L=0.011 MW-F=0.022]
  Alt-Benders[5]: LB stagnated, break
  OMP re-solve: 0.001s

=== True-DRO Benders iter 14 ===
  OMP: t₀=12.348264, UB=25.900436, gap=5.23e-01, x=[0, 0, 0, 0, 0, 0, 0, 0, 0, 0, 0, 0, 0, 0, 0, 0, 0, 0, 0, 0, 0, 0, 1, 0, 1, 0, 0, 0, 0, 0, 0, 0, 0, 0, 0, 0] (0.001s)
  Sub: Z₀=20.898580 [LOCAL] (0.4s), α=[0.000,0.000,0.000,0.000,0.000,0.043,0.044,0.000,0.000,0.000,0.000,0.000,0.000,1.002,0.000,0.000,0.000,4.295,0.000,0.000,0.000,0.000,1.411,0.000,1.153,0.000,0.000,0.000,0.000,0.000,0.000,0.000,1.667,0.329,0.000,0.000]
  Iter 14: LB=12.348264  UB=25.900436  gap=5.23e-01
  Cut: intercept=-1074.639534, π_x_range=[-819.3185, 551.9957]
  Mini-Benders[1] (mw): LB=12.399543, Z₀(α*)=19.581235, intercept=-24.214948 (2.266s) [OMP=2.199 ISP-L=0.009 ISP-F=0.028 MW-L=0.013 MW-F=0.025]
  Mini-Benders[2] (mw): LB=12.658838, Z₀(α*)=9.502200, intercept=-49.119354 (2.218s) [OMP=2.132 ISP-L=0.009 ISP-F=0.027 MW-L=0.012 MW-F=0.026]
  Mini-Benders[3] (mw): LB=12.658838, Z₀(α*)=9.502200, intercept=-49.119354 (2.500s) [OMP=2.439 ISP-L=0.009 ISP-F=0.027 MW-L=0.011 MW-F=0.024]
  Mini-Benders[4] (mw): LB=12.658838, Z₀(α*)=9.502200, intercept=-49.119354 (2.360s) [OMP=2.287 ISP-L=0.009 ISP-F=0.027 MW-L=0.011 MW-F=0.024]
  Mini-Benders[5]: LB stagnated, break
  α-step: Z₀=24.282580, α=[0.000,0.000,3.592,0.000,0.000,0.000,0.000,0.000,0.000,0.000,0.000,0.000,0.000,1.906,0.000,0.000,0.000,0.000,0.000,0.000,0.000,0.000,0.000,0.000,0.000,0.000,0.000,0.000,0.000,0.000,0.000,0.000,4.446,0.000,0.000,0.000]
  Alt-Benders[1] (mw): LB=13.158672, Z₀(α*)=21.760423, intercept=-52.661141 (2.344s) [OMP=2.268 ISP-L=0.008 ISP-F=0.026 MW-L=0.011 MW-F=0.020]
  Alt-Benders[2] (mw): LB=13.195963, Z₀(α*)=22.935428, intercept=-3.700028 (2.203s) [OMP=2.142 ISP-L=0.008 ISP-F=0.026 MW-L=0.011 MW-F=0.024]
  Alt-Benders[3] (mw): LB=13.195963, Z₀(α*)=17.927972, intercept=-4.160940 (2.265s) [OMP=2.185 ISP-L=0.008 ISP-F=0.027 MW-L=0.011 MW-F=0.023]
  Alt-Benders[4] (mw): LB=13.645671, Z₀(α*)=8.547282, intercept=-47.238932 (2.329s) [OMP=2.262 ISP-L=0.009 ISP-F=0.027 MW-L=0.012 MW-F=0.025]
  Alt-Benders[5] (mw): LB=13.645671, Z₀(α*)=8.547282, intercept=-47.238932 (2.375s) [OMP=2.270 ISP-L=0.009 ISP-F=0.028 MW-L=0.038 MW-F=0.025]
  OMP re-solve: 2.337s

=== True-DRO Benders iter 15 ===
  OMP: t₀=13.645671, UB=25.900436, gap=4.73e-01, x=[0, 0, 0, 0, 0, 0, 0, 0, 0, 0, 0, 0, 0, 0, 0, 0, 0, 0, 0, 0, 0, 0, 0, 0, 1, 0, 0, 0, 0, 0, 0, 0, 0, 1, 0, 0] (0.002s)
  Sub: Z₀=22.815528 (6.4s), α=[0.000,0.000,0.000,0.000,0.000,0.000,0.000,0.000,0.000,0.000,0.000,0.000,0.000,0.000,0.000,0.000,0.000,1.696,0.000,0.000,0.000,0.000,0.000,0.000,0.000,0.000,0.000,0.000,0.000,0.000,0.000,0.000,3.578,4.670,0.000,0.000]
  Iter 15: LB=13.645671  UB=22.815528  gap=4.02e-01
  Cut: intercept=-128.275944, π_x_range=[-297.0000, 101.5318]
  Sherali-Cut: intercept=-57.491684, π_x_range=[-76.0922, 43.2723]
  Mini-Benders[1] (mw): LB=13.740225, Z₀(α*)=14.785104, intercept=-1.794444 (2.391s) [OMP=2.326 ISP-L=0.008 ISP-F=0.027 MW-L=0.011 MW-F=0.022]
  Mini-Benders[2] (mw): LB=13.767228, Z₀(α*)=11.698751, intercept=-30.286423 (2.906s) [OMP=2.837 ISP-L=0.008 ISP-F=0.027 MW-L=0.011 MW-F=0.021]
  Mini-Benders[3] (mw): LB=13.767229, Z₀(α*)=11.698751, intercept=-30.286423 (2.391s) [OMP=2.323 ISP-L=0.008 ISP-F=0.027 MW-L=0.010 MW-F=0.021]
  Mini-Benders[4] (mw): LB=13.767229, Z₀(α*)=11.698751, intercept=-30.286423 (2.328s) [OMP=2.261 ISP-L=0.009 ISP-F=0.028 MW-L=0.012 MW-F=0.022]
  Mini-Benders[5]: LB stagnated, break
  α-step: Z₀=24.270456, α=[0.000,0.000,1.366,0.000,0.000,0.000,0.000,0.000,0.000,0.000,0.000,0.000,0.000,1.794,0.000,0.000,0.000,2.214,0.000,0.000,0.000,0.000,0.100,0.000,0.000,0.000,0.000,0.000,0.000,0.000,0.000,0.000,4.470,0.000,0.000,0.000]
  Alt-Benders[1] (mw): LB=13.864055, Z₀(α*)=14.640788, intercept=-44.124810 (2.297s) [OMP=2.218 ISP-L=0.009 ISP-F=0.026 MW-L=0.012 MW-F=0.024]
  Alt-Benders[2] (mw): LB=13.864087, Z₀(α*)=5.193846, intercept=-14.587832 (2.813s) [OMP=2.750 ISP-L=0.008 ISP-F=0.025 MW-L=0.010 MW-F=0.022]
  Alt-Benders[3] (mw): LB=13.864087, Z₀(α*)=5.193846, intercept=-14.587832 (2.390s) [OMP=2.322 ISP-L=0.008 ISP-F=0.026 MW-L=0.011 MW-F=0.022]
  Alt-Benders[4] (mw): LB=13.864087, Z₀(α*)=5.193846, intercept=-14.587832 (2.375s) [OMP=2.296 ISP-L=0.009 ISP-F=0.026 MW-L=0.010 MW-F=0.023]
  Alt-Benders[5]: LB stagnated, break
  OMP re-solve: 0.002s

=== True-DRO Benders iter 16 ===
  OMP: t₀=13.864087, UB=22.815528, gap=3.92e-01, x=[0, 0, 1, 0, 0, 0, 0, 0, 0, 0, 0, 0, 0, 0, 0, 0, 0, 0, 0, 0, 0, 0, 0, 0, 0, 0, 0, 1, 0, 0, 0, 0, 0, 0, 0, 0] (0.001s)
  Sub: Z₀=21.188977 [LOCAL] (0.4s), α=[0.000,0.000,9.944,0.000,0.000,0.000,0.000,0.000,0.000,0.000,0.000,0.000,0.000,0.000,0.000,0.000,0.000,0.000,0.000,0.000,0.000,0.000,0.000,0.000,0.000,0.000,0.000,0.000,0.000,0.000,0.000,0.000,0.000,0.000,0.000,0.000]
  Iter 16: LB=13.864087  UB=22.815528  gap=3.92e-01
  Cut: intercept=-1152.294070, π_x_range=[-823.6946, 587.8727]
  Mini-Benders[1] (mw): LB=14.640786, Z₀(α*)=-20.973530, intercept=-73.022358 (2.828s) [OMP=2.765 ISP-L=0.009 ISP-F=0.028 MW-L=0.011 MW-F=0.024]
  Mini-Benders[2] (mw): LB=14.640786, Z₀(α*)=-20.973530, intercept=-73.022358 (2.875s) [OMP=2.801 ISP-L=0.009 ISP-F=0.028 MW-L=0.011 MW-F=0.025]
  Mini-Benders[3] (mw): LB=14.640786, Z₀(α*)=-20.973530, intercept=-73.022358 (2.828s) [OMP=2.753 ISP-L=0.010 ISP-F=0.028 MW-L=0.012 MW-F=0.025]
  Mini-Benders[4]: LB stagnated, break
  α-step: Z₀=21.813291, α=[0.000,0.000,0.000,0.000,0.000,0.000,0.000,0.000,0.000,0.000,0.000,0.000,0.000,0.000,0.000,0.000,0.000,5.422,0.000,0.000,0.000,0.000,0.000,0.000,0.000,0.000,0.000,0.000,0.000,0.000,0.000,0.000,2.396,2.125,0.000,0.000]
  Alt-Benders[1] (mw): LB=14.676355, Z₀(α*)=21.813291, intercept=8.443621 (2.921s) [OMP=2.830 ISP-L=0.009 ISP-F=0.028 MW-L=0.012 MW-F=0.029]
  Alt-Benders[2] (mw): LB=14.762127, Z₀(α*)=9.620197, intercept=-11.273555 (3.032s) [OMP=2.967 ISP-L=0.009 ISP-F=0.027 MW-L=0.011 MW-F=0.024]
  Alt-Benders[3] (mw): LB=14.762127, Z₀(α*)=9.620197, intercept=-11.273555 (2.703s) [OMP=2.630 ISP-L=0.009 ISP-F=0.027 MW-L=0.011 MW-F=0.024]
  Alt-Benders[4] (mw): LB=14.762127, Z₀(α*)=9.620197, intercept=-11.273555 (2.765s) [OMP=2.693 ISP-L=0.009 ISP-F=0.027 MW-L=0.011 MW-F=0.024]
  Alt-Benders[5]: LB stagnated, break
  OMP re-solve: 0.002s

=== True-DRO Benders iter 17 ===
  OMP: t₀=14.762127, UB=22.815528, gap=3.53e-01, x=[0, 0, 0, 0, 0, 0, 0, 0, 0, 0, 0, 0, 1, 1, 0, 0, 0, 0, 0, 0, 0, 0, 0, 0, 0, 0, 0, 0, 0, 0, 0, 0, 0, 0, 0, 0] (0.001s)
  Sub: Z₀=22.272976 [LOCAL] (0.3s), α=[0.000,0.000,2.118,0.000,0.000,0.000,0.000,0.000,0.000,0.000,0.000,0.000,0.913,1.879,0.000,0.000,0.000,0.050,0.000,0.000,0.000,0.000,0.000,0.000,0.000,0.000,0.000,0.000,0.000,0.000,0.000,0.000,0.000,4.985,0.000,0.000]
  Iter 17: LB=14.762127  UB=22.815528  gap=3.53e-01
  Cut: intercept=-1138.799641, π_x_range=[-819.8143, 588.8885]
  Mini-Benders[1] (mw): LB=14.785101, Z₀(α*)=20.246549, intercept=-21.277157 (2.969s) [OMP=2.898 ISP-L=0.008 ISP-F=0.028 MW-L=0.012 MW-F=0.024]
  Mini-Benders[2] (mw): LB=14.868113, Z₀(α*)=10.579494, intercept=-32.892808 (2.984s) [OMP=2.910 ISP-L=0.008 ISP-F=0.027 MW-L=0.010 MW-F=0.025]
  Mini-Benders[3] (mw): LB=14.868113, Z₀(α*)=10.579494, intercept=-32.892808 (2.688s) [OMP=2.585 ISP-L=0.008 ISP-F=0.027 MW-L=0.010 MW-F=0.049]
  Mini-Benders[4] (mw): LB=14.868113, Z₀(α*)=10.579494, intercept=-32.892808 (2.656s) [OMP=2.592 ISP-L=0.009 ISP-F=0.027 MW-L=0.010 MW-F=0.025]
  Mini-Benders[5]: LB stagnated, break
  α-step: Z₀=25.591056, α=[0.000,0.000,4.054,0.000,0.000,0.000,0.000,0.000,0.000,0.000,0.000,0.000,0.000,0.000,0.000,0.000,0.000,1.875,0.000,0.000,0.000,0.000,0.000,0.000,0.000,0.000,0.000,0.000,0.000,0.000,0.000,0.000,1.229,2.787,0.000,0.000]
  Alt-Benders[1] (mw): LB=15.002281, Z₀(α*)=23.356639, intercept=-17.970609 (3.047s) [OMP=2.978 ISP-L=0.009 ISP-F=0.029 MW-L=0.012 MW-F=0.030]
  Alt-Benders[2] (mw): LB=15.221672, Z₀(α*)=13.580600, intercept=-12.653448 (3.046s) [OMP=2.969 ISP-L=0.009 ISP-F=0.028 MW-L=0.011 MW-F=0.023]
  Alt-Benders[3] (mw): LB=15.221673, Z₀(α*)=13.580600, intercept=-12.653448 (2.938s) [OMP=2.865 ISP-L=0.011 ISP-F=0.028 MW-L=0.011 MW-F=0.025]
  Alt-Benders[4] (mw): LB=15.221673, Z₀(α*)=13.580600, intercept=-12.653448 (2.937s) [OMP=2.861 ISP-L=0.010 ISP-F=0.029 MW-L=0.012 MW-F=0.024]
  Alt-Benders[5]: LB stagnated, break
  OMP re-solve: 0.002s

=== True-DRO Benders iter 18 ===
  OMP: t₀=15.221673, UB=22.815528, gap=3.33e-01, x=[0, 0, 0, 0, 0, 0, 0, 0, 0, 0, 0, 0, 0, 0, 0, 0, 0, 0, 0, 0, 0, 1, 0, 0, 0, 0, 0, 0, 0, 0, 0, 0, 1, 0, 0, 0] (0.001s)
  Sub: Z₀=20.711137 [LOCAL] (0.4s), α=[0.000,0.000,2.038,0.000,0.000,0.000,0.000,0.000,0.000,0.000,0.000,0.000,0.000,0.000,0.000,0.000,0.000,0.000,0.000,0.000,0.000,0.000,0.000,0.000,0.000,0.000,0.000,0.000,0.000,0.000,0.000,0.000,7.907,0.000,0.000,0.000]
  Iter 18: LB=15.221673  UB=22.815528  gap=3.33e-01
  Cut: intercept=-1142.398864, π_x_range=[-824.3755, 588.5541]
  Mini-Benders[1] (mw): LB=15.275264, Z₀(α*)=12.099458, intercept=14.305149 (3.094s) [OMP=3.030 ISP-L=0.009 ISP-F=0.028 MW-L=0.012 MW-F=0.025]
  Mini-Benders[2] (mw): LB=15.275264, Z₀(α*)=12.099458, intercept=14.305149 (3.109s) [OMP=3.034 ISP-L=0.009 ISP-F=0.028 MW-L=0.011 MW-F=0.024]
  Mini-Benders[3] (mw): LB=15.275264, Z₀(α*)=12.099458, intercept=14.305149 (3.219s) [OMP=3.146 ISP-L=0.008 ISP-F=0.028 MW-L=0.011 MW-F=0.024]
  Mini-Benders[4]: LB stagnated, break
  α-step: Z₀=22.476197, α=[0.000,0.000,3.991,0.000,0.000,0.000,0.000,0.000,0.000,0.000,0.000,0.000,0.000,0.000,0.000,0.000,0.000,0.000,0.000,0.000,0.000,0.000,0.000,0.000,0.000,0.000,0.000,0.000,0.000,0.000,0.000,0.000,0.000,5.953,0.000,0.000]
  Alt-Benders[1] (mw): LB=15.381337, Z₀(α*)=13.292949, intercept=-45.095484 (3.156s) [OMP=3.091 ISP-L=0.008 ISP-F=0.027 MW-L=0.012 MW-F=0.024]
  Alt-Benders[2] (mw): LB=15.381338, Z₀(α*)=13.292949, intercept=-45.095484 (3.188s) [OMP=3.084 ISP-L=0.008 ISP-F=0.027 MW-L=0.012 MW-F=0.046]
  Alt-Benders[3] (mw): LB=15.381338, Z₀(α*)=13.292949, intercept=-45.095484 (3.156s) [OMP=3.093 ISP-L=0.008 ISP-F=0.027 MW-L=0.011 MW-F=0.024]
  Alt-Benders[4]: LB stagnated, break
  OMP re-solve: 0.002s

=== True-DRO Benders iter 19 ===
  OMP: t₀=15.381338, UB=22.815528, gap=3.26e-01, x=[0, 0, 1, 0, 0, 0, 0, 0, 0, 0, 0, 0, 0, 0, 0, 0, 0, 0, 0, 0, 0, 0, 0, 0, 0, 0, 0, 0, 0, 1, 0, 0, 0, 0, 0, 0] (0.001s)
  Sub: Z₀=22.704199 [LOCAL] (0.4s), α=[0.000,0.000,9.585,0.000,0.000,0.014,0.000,0.000,0.000,0.000,0.000,0.000,0.000,0.035,0.000,0.000,0.000,0.000,0.000,0.000,0.000,0.000,0.000,0.000,0.000,0.000,0.000,0.000,0.000,0.263,0.047,0.000,0.000,0.000,0.000,0.000]
  Iter 19: LB=15.381338  UB=22.815528  gap=3.26e-01
  Cut: intercept=-1143.302009, π_x_range=[-818.2696, 591.2642]
  Mini-Benders[1] (mw): LB=15.405780, Z₀(α*)=-6.111319, intercept=0.510352 (3.078s) [OMP=3.015 ISP-L=0.010 ISP-F=0.028 MW-L=0.012 MW-F=0.027]
  Mini-Benders[2] (mw): LB=15.405780, Z₀(α*)=-6.111319, intercept=0.510352 (3.015s) [OMP=2.938 ISP-L=0.010 ISP-F=0.028 MW-L=0.012 MW-F=0.027]
  Mini-Benders[3] (mw): LB=15.405780, Z₀(α*)=-6.111319, intercept=0.510352 (3.047s) [OMP=2.954 ISP-L=0.010 ISP-F=0.027 MW-L=0.012 MW-F=0.027]
  Mini-Benders[4]: LB stagnated, break
  α-step: Z₀=24.684022, α=[0.000,0.000,3.993,0.000,0.000,0.000,0.000,0.000,0.000,0.000,0.000,0.000,0.000,2.842,0.000,0.000,0.000,0.000,0.000,0.000,0.000,0.000,0.000,0.000,0.000,0.000,0.000,0.000,0.000,0.000,0.000,0.000,2.593,0.516,0.000,0.000]
  Alt-Benders[1] (mw): LB=15.562736, Z₀(α*)=12.186553, intercept=11.426391 (2.828s) [OMP=2.758 ISP-L=0.009 ISP-F=0.027 MW-L=0.010 MW-F=0.024]
  Alt-Benders[2] (mw): LB=15.562736, Z₀(α*)=12.186553, intercept=11.426391 (2.782s) [OMP=2.716 ISP-L=0.008 ISP-F=0.027 MW-L=0.010 MW-F=0.023]
  Alt-Benders[3] (mw): LB=15.562736, Z₀(α*)=12.186553, intercept=11.426391 (2.843s) [OMP=2.773 ISP-L=0.009 ISP-F=0.028 MW-L=0.010 MW-F=0.024]
  Alt-Benders[4]: LB stagnated, break
  OMP re-solve: 0.002s

=== True-DRO Benders iter 20 ===
  OMP: t₀=15.562736, UB=22.815528, gap=3.18e-01, x=[0, 0, 0, 0, 0, 0, 0, 0, 0, 1, 0, 0, 0, 0, 0, 0, 0, 1, 0, 0, 0, 0, 0, 0, 0, 0, 0, 0, 0, 0, 0, 0, 0, 0, 0, 0] (0.001s)
  Sub: Z₀=25.933769 (7.4s), α=[0.000,0.000,5.243,0.000,0.000,0.000,0.000,0.000,0.000,0.000,0.000,0.000,0.000,0.000,0.000,0.000,0.000,0.000,0.000,0.000,0.000,0.000,0.000,0.000,0.000,0.000,0.000,0.000,0.000,0.343,0.000,0.000,0.000,4.359,0.000,0.000]
  Iter 20: LB=15.562736  UB=22.815528  gap=3.18e-01
  Cut: intercept=-87.402808, π_x_range=[-286.0000, 70.9392]
  Sherali-Cut: intercept=13.151594, π_x_range=[-135.5313, 12.7822]
  Mini-Benders[1] (mw): LB=15.599677, Z₀(α*)=15.681520, intercept=-34.759543 (2.922s) [OMP=2.841 ISP-L=0.008 ISP-F=0.025 MW-L=0.036 MW-F=0.023]
  Mini-Benders[2] (mw): LB=15.681517, Z₀(α*)=15.681520, intercept=-34.759543 (2.812s) [OMP=2.740 ISP-L=0.008 ISP-F=0.025 MW-L=0.011 MW-F=0.023]
  Mini-Benders[3] (mw): LB=15.681517, Z₀(α*)=15.681520, intercept=-34.759543 (2.750s) [OMP=2.679 ISP-L=0.009 ISP-F=0.026 MW-L=0.011 MW-F=0.023]
  Mini-Benders[4] (mw): LB=15.681517, Z₀(α*)=15.681520, intercept=-34.759543 (2.812s) [OMP=2.737 ISP-L=0.009 ISP-F=0.026 MW-L=0.011 MW-F=0.023]
  Mini-Benders[5]: LB stagnated, break
  α-step: Z₀=18.534267, α=[0.000,0.000,6.382,0.000,0.000,0.000,0.000,0.000,0.000,0.000,0.000,0.000,0.000,0.000,0.000,0.000,0.000,0.000,0.000,0.000,0.000,0.000,0.000,0.000,0.000,0.000,0.000,0.000,0.000,0.000,0.000,0.000,3.562,0.000,0.000,0.000]
  Alt-Benders[1] (mw): LB=15.810190, Z₀(α*)=23.350180, intercept=-65.515157 (3.172s) [OMP=3.101 ISP-L=0.009 ISP-F=0.026 MW-L=0.014 MW-F=0.026]
  Alt-Benders[2] (mw): LB=16.040590, Z₀(α*)=11.256228, intercept=0.345748 (3.047s) [OMP=2.958 ISP-L=0.010 ISP-F=0.028 MW-L=0.013 MW-F=0.024]
  Alt-Benders[3] (mw): LB=16.040590, Z₀(α*)=11.256228, intercept=0.345748 (3.093s) [OMP=3.029 ISP-L=0.010 ISP-F=0.028 MW-L=0.013 MW-F=0.025]
  Alt-Benders[4] (mw): LB=16.040590, Z₀(α*)=11.256228, intercept=0.345748 (3.141s) [OMP=3.064 ISP-L=0.010 ISP-F=0.027 MW-L=0.012 MW-F=0.024]
  Alt-Benders[5]: LB stagnated, break
  OMP re-solve: 0.001s

=== True-DRO Benders iter 21 ===
  OMP: t₀=16.040590, UB=22.815528, gap=2.97e-01, x=[0, 0, 0, 0, 0, 0, 0, 0, 0, 0, 0, 0, 0, 0, 0, 0, 0, 0, 0, 0, 0, 0, 0, 0, 0, 0, 0, 0, 0, 1, 0, 0, 0, 1, 0, 0] (0.001s)
  Sub: Z₀=22.614774 [LOCAL] (0.4s), α=[0.000,0.000,1.783,0.000,0.000,0.000,0.000,0.000,0.000,0.000,0.000,0.000,0.000,0.000,0.000,0.000,0.000,0.000,0.000,0.000,0.000,0.000,0.000,0.000,0.000,0.000,0.000,0.000,0.000,0.000,0.000,0.000,0.000,8.162,0.000,0.000]
  Iter 21: LB=16.040590  UB=22.815528  gap=2.97e-01
  Cut: intercept=-1143.167062, π_x_range=[-821.1510, 590.3547]
  Mini-Benders[1] (mw): LB=16.330182, Z₀(α*)=11.502178, intercept=11.502184 (2.953s) [OMP=2.880 ISP-L=0.008 ISP-F=0.026 MW-L=0.010 MW-F=0.024]
  Mini-Benders[2] (mw): LB=16.330182, Z₀(α*)=11.502178, intercept=11.502184 (2.859s) [OMP=2.788 ISP-L=0.008 ISP-F=0.027 MW-L=0.010 MW-F=0.025]
  Mini-Benders[3] (mw): LB=16.330182, Z₀(α*)=11.502178, intercept=11.502184 (2.844s) [OMP=2.772 ISP-L=0.008 ISP-F=0.027 MW-L=0.010 MW-F=0.024]
  Mini-Benders[4]: LB stagnated, break
  α-step: Z₀=25.491056, α=[0.000,0.000,4.800,0.000,0.000,0.000,0.000,0.000,0.000,0.000,0.000,0.000,0.000,0.000,0.000,0.000,0.000,0.000,0.000,0.000,0.000,0.000,0.000,0.000,0.000,0.000,0.000,1.228,0.000,0.000,0.000,0.000,1.229,2.687,0.000,0.000]
  Alt-Benders[1] (mw): LB=16.476897, Z₀(α*)=18.584797, intercept=21.726184 (3.094s) [OMP=3.017 ISP-L=0.009 ISP-F=0.026 MW-L=0.011 MW-F=0.024]
  Alt-Benders[2] (mw): LB=16.539926, Z₀(α*)=21.826185, intercept=15.611620 (3.156s) [OMP=3.090 ISP-L=0.004 ISP-F=0.027 MW-L=0.010 MW-F=0.024]
  Alt-Benders[3] (mw): LB=16.889177, Z₀(α*)=20.628588, intercept=-34.336749 (3.266s) [OMP=3.198 ISP-L=0.009 ISP-F=0.028 MW-L=0.012 MW-F=0.023]
  Alt-Benders[4] (mw): LB=16.929232, Z₀(α*)=13.717426, intercept=10.656047 (3.265s) [OMP=3.191 ISP-L=0.009 ISP-F=0.027 MW-L=0.012 MW-F=0.026]
  Alt-Benders[5] (mw): LB=16.929232, Z₀(α*)=13.717426, intercept=10.656047 (2.750s) [OMP=2.674 ISP-L=0.009 ISP-F=0.027 MW-L=0.012 MW-F=0.025]
  OMP re-solve: 2.675s

=== True-DRO Benders iter 22 ===
  OMP: t₀=16.929232, UB=22.815528, gap=2.58e-01, x=[0, 0, 0, 0, 0, 0, 0, 0, 0, 0, 0, 0, 0, 0, 0, 0, 0, 0, 0, 0, 0, 0, 0, 0, 0, 0, 0, 0, 0, 0, 1, 0, 1, 0, 0, 0] (0.002s)
  Sub: Z₀=21.362518 [LOCAL] (0.4s), α=[0.000,0.000,2.169,0.000,0.000,0.000,0.000,0.000,0.000,0.000,0.000,0.000,0.000,0.000,0.000,0.000,0.000,0.000,0.000,0.000,0.000,0.000,0.000,0.000,0.000,0.000,0.000,0.000,0.000,0.000,0.000,0.000,5.852,1.923,0.000,0.000]
  Iter 22: LB=16.929232  UB=22.815528  gap=2.58e-01
  Cut: intercept=-1161.092351, π_x_range=[-824.4677, 596.1004]
  Mini-Benders[1] (mw): LB=17.605151, Z₀(α*)=-0.678357, intercept=-29.562890 (2.765s) [OMP=2.703 ISP-L=0.008 ISP-F=0.027 MW-L=0.013 MW-F=0.025]
  Mini-Benders[2] (mw): LB=17.605151, Z₀(α*)=-0.678357, intercept=-29.562890 (2.703s) [OMP=2.622 ISP-L=0.008 ISP-F=0.026 MW-L=0.012 MW-F=0.025]
  Mini-Benders[3] (mw): LB=17.605151, Z₀(α*)=-0.678357, intercept=-29.562890 (2.797s) [OMP=2.731 ISP-L=0.009 ISP-F=0.027 MW-L=0.012 MW-F=0.025]
  Mini-Benders[4]: LB stagnated, break
  α-step: Z₀=21.511698, α=[0.000,0.000,0.000,0.000,0.000,0.000,0.000,0.000,0.000,0.000,0.000,0.000,0.000,0.000,0.000,0.000,0.000,5.063,0.000,0.000,0.000,0.000,0.000,0.000,0.000,0.000,0.000,0.000,0.000,0.000,0.000,0.000,4.881,0.000,0.000,0.000]
  Alt-Benders[1] (mw): LB=17.610522, Z₀(α*)=5.698180, intercept=-84.101688 (2.750s) [OMP=2.666 ISP-L=0.009 ISP-F=0.027 MW-L=0.012 MW-F=0.022]
  Alt-Benders[2] (mw): LB=17.610522, Z₀(α*)=5.698180, intercept=-84.101688 (2.703s) [OMP=2.610 ISP-L=0.009 ISP-F=0.027 MW-L=0.013 MW-F=0.046]
  Alt-Benders[3] (mw): LB=17.610522, Z₀(α*)=5.698180, intercept=-84.101688 (2.687s) [OMP=2.625 ISP-L=0.009 ISP-F=0.027 MW-L=0.012 MW-F=0.022]
  Alt-Benders[4]: LB stagnated, break
  OMP re-solve: 0.002s

=== True-DRO Benders iter 23 ===
  OMP: t₀=17.610522, UB=22.815528, gap=2.28e-01, x=[0, 0, 0, 0, 0, 1, 0, 0, 0, 0, 0, 0, 0, 0, 0, 0, 0, 0, 0, 0, 0, 0, 0, 0, 0, 0, 0, 0, 0, 0, 0, 0, 1, 0, 0, 0] (0.002s)
  Sub: Z₀=17.610522 [LOCAL] (0.4s), α=[0.000,0.000,0.000,0.000,0.000,3.395,0.000,0.000,0.000,0.000,0.000,0.000,0.000,0.423,0.000,0.000,0.000,0.259,0.000,0.000,0.000,0.000,0.000,0.000,0.000,0.000,0.000,0.000,0.000,0.000,0.000,0.000,5.431,0.436,0.000,0.000]
  Iter 23: LB=17.610522  UB=22.815528  gap=2.28e-01
  Cut: intercept=-1113.638239, π_x_range=[-818.8677, 575.6743]
  Mini-Benders[1] (mw): LB=17.610522, Z₀(α*)=17.687575, intercept=-55.628971 (2.687s) [OMP=2.606 ISP-L=0.009 ISP-F=0.027 MW-L=0.012 MW-F=0.030]
  Mini-Benders[2] (mw): LB=17.687573, Z₀(α*)=17.687575, intercept=-55.628971 (2.563s) [OMP=2.478 ISP-L=0.009 ISP-F=0.028 MW-L=0.013 MW-F=0.031]
  Mini-Benders[3] (mw): LB=17.687573, Z₀(α*)=17.687575, intercept=-55.628971 (2.625s) [OMP=2.545 ISP-L=0.009 ISP-F=0.027 MW-L=0.012 MW-F=0.031]
  Mini-Benders[4] (mw): LB=17.687573, Z₀(α*)=17.687575, intercept=-55.628971 (2.562s) [OMP=2.481 ISP-L=0.009 ISP-F=0.027 MW-L=0.013 MW-F=0.031]
  Mini-Benders[5]: LB stagnated, break
  α-step: Z₀=17.687575, α=[0.000,0.000,0.000,0.000,0.000,3.607,0.000,0.000,0.000,0.000,0.000,0.000,0.000,0.000,0.000,0.000,0.000,0.259,0.000,0.000,0.000,0.000,0.000,0.000,0.000,0.000,0.000,0.000,0.000,0.212,0.000,0.000,5.866,0.000,0.000,0.000]
  Alt-Benders[1] (mw): LB=17.687575, Z₀(α*)=17.687575, intercept=-55.628970 (2.547s) [OMP=2.462 ISP-L=0.009 ISP-F=0.027 MW-L=0.014 MW-F=0.032]
  Alt-Benders[2] (mw): LB=17.687575, Z₀(α*)=17.687575, intercept=-55.628970 (2.531s) [OMP=2.443 ISP-L=0.009 ISP-F=0.027 MW-L=0.013 MW-F=0.031]
  Alt-Benders[3] (mw): LB=17.687575, Z₀(α*)=17.687575, intercept=-55.628970 (2.547s) [OMP=2.469 ISP-L=0.009 ISP-F=0.026 MW-L=0.013 MW-F=0.030]
  Alt-Benders[4]: LB stagnated, break
  OMP re-solve: 0.002s

=== True-DRO Benders iter 24 ===
  OMP: t₀=17.687575, UB=22.815528, gap=2.25e-01, x=[0, 0, 0, 0, 0, 1, 0, 0, 0, 0, 0, 0, 0, 0, 0, 0, 0, 0, 0, 0, 0, 0, 0, 0, 0, 0, 0, 0, 0, 0, 0, 0, 1, 0, 0, 0] (0.002s)
  Sub: Z₀=17.610522 [LOCAL] (0.4s), α=[0.000,0.000,0.000,0.000,0.000,3.395,0.000,0.000,0.000,0.000,0.000,0.000,0.000,0.423,0.000,0.000,0.000,0.259,0.000,0.000,0.000,0.000,0.000,0.000,0.000,0.000,0.000,0.000,0.000,0.000,0.000,0.000,5.431,0.436,0.000,0.000]
  Iter 24: LB=17.687575  UB=22.815528  gap=2.25e-01
  Cut: intercept=-1113.638239, π_x_range=[-818.8677, 575.6743]
  Mini-Benders[1] (mw): LB=17.687575, Z₀(α*)=17.687575, intercept=-55.628971 (2.531s) [OMP=2.451 ISP-L=0.009 ISP-F=0.027 MW-L=0.013 MW-F=0.031]
  Mini-Benders[2] (mw): LB=17.687575, Z₀(α*)=17.687575, intercept=-55.628971 (2.594s) [OMP=2.490 ISP-L=0.009 ISP-F=0.027 MW-L=0.013 MW-F=0.054]
  Mini-Benders[3]: LB stagnated, break
  α-step: Z₀=17.687575, α=[0.000,0.000,0.000,0.000,0.000,3.607,0.000,0.000,0.000,0.000,0.000,0.000,0.000,0.000,0.000,0.000,0.000,0.259,0.000,0.000,0.000,0.000,0.000,0.000,0.000,0.000,0.000,0.000,0.000,0.212,0.000,0.000,5.866,0.000,0.000,0.000]
  Alt-Benders[1] (mw): LB=17.687575, Z₀(α*)=17.687575, intercept=-55.628970 (2.562s) [OMP=2.476 ISP-L=0.009 ISP-F=0.026 MW-L=0.013 MW-F=0.030]
  Alt-Benders[2] (mw): LB=17.687575, Z₀(α*)=17.687575, intercept=-55.628970 (2.500s) [OMP=2.411 ISP-L=0.009 ISP-F=0.027 MW-L=0.014 MW-F=0.031]
  Alt-Benders[3]: LB stagnated, break
  OMP re-solve: 0.002s

=== True-DRO Benders iter 25 ===
  OMP: t₀=17.687575, UB=22.815528, gap=2.25e-01, x=[0, 0, 0, 0, 0, 1, 0, 0, 0, 0, 0, 0, 0, 0, 0, 0, 0, 0, 0, 0, 0, 0, 0, 0, 0, 0, 0, 0, 0, 0, 0, 0, 1, 0, 0, 0] (0.002s)
  Sub: Z₀=19.041838 (8.6s), α=[0.000,0.000,0.000,0.000,0.000,2.449,0.000,0.000,0.000,0.000,0.000,0.000,0.000,0.488,0.000,0.000,0.000,1.831,0.000,0.000,0.000,0.000,0.000,0.000,0.000,0.000,0.000,0.000,0.000,2.454,0.000,0.000,1.798,0.925,0.000,0.000]
  Iter 25: LB=17.687575  UB=19.041838  gap=7.11e-02
  Cut: intercept=-72.757009, π_x_range=[-296.0000, 62.7049]
  Sherali-Cut: intercept=-45.374543, π_x_range=[-79.7510, 46.4727]
  Mini-Benders[1] (mw): LB=17.700372, Z₀(α*)=13.230669, intercept=-39.156148 (2.594s) [OMP=2.509 ISP-L=0.009 ISP-F=0.027 MW-L=0.013 MW-F=0.025]
  Mini-Benders[2] (mw): LB=17.700372, Z₀(α*)=13.230669, intercept=-39.156148 (2.609s) [OMP=2.551 ISP-L=0.009 ISP-F=0.026 MW-L=0.012 MW-F=0.023]
  Mini-Benders[3] (mw): LB=17.700372, Z₀(α*)=13.230669, intercept=-39.156148 (2.672s) [OMP=2.599 ISP-L=0.009 ISP-F=0.026 MW-L=0.012 MW-F=0.024]
  Mini-Benders[4]: LB stagnated, break
  α-step: Z₀=20.274373, α=[0.000,0.000,0.450,0.000,0.000,1.428,0.000,0.000,0.000,0.000,0.000,0.000,0.000,3.724,0.000,0.000,0.000,2.396,0.000,0.000,0.000,0.000,0.000,0.000,0.000,0.000,0.000,0.000,0.000,0.000,0.000,0.000,1.946,0.000,0.000,0.000]
  Alt-Benders[1] (mw): LB=17.927970, Z₀(α*)=-3.662786, intercept=-26.215647 (3.047s) [OMP=2.979 ISP-L=0.008 ISP-F=0.026 MW-L=0.011 MW-F=0.025]
  Alt-Benders[2] (mw): LB=17.927970, Z₀(α*)=-3.662786, intercept=-26.215647 (3.390s) [OMP=3.310 ISP-L=0.009 ISP-F=0.027 MW-L=0.011 MW-F=0.025]
  Alt-Benders[3] (mw): LB=17.927970, Z₀(α*)=-3.662786, intercept=-26.215647 (3.360s) [OMP=3.258 ISP-L=0.008 ISP-F=0.026 MW-L=0.012 MW-F=0.047]
  Alt-Benders[4]: LB stagnated, break
  OMP re-solve: 0.002s

=== True-DRO Benders iter 26 ===
  OMP: t₀=17.927970, UB=19.041838, gap=5.85e-02, x=[0, 0, 0, 0, 0, 0, 1, 0, 0, 0, 0, 0, 0, 0, 0, 0, 0, 0, 0, 0, 0, 0, 0, 0, 0, 0, 0, 1, 0, 0, 0, 0, 0, 0, 0, 0] (0.002s)
  Sub: Z₀=24.917094 [LOCAL] (0.4s), α=[0.000,0.000,5.724,0.000,0.000,0.000,0.000,0.000,0.000,0.005,0.000,0.000,0.000,0.000,0.000,0.000,0.000,0.000,0.000,0.000,0.000,0.000,0.000,0.000,0.000,0.000,0.000,0.200,0.000,0.000,0.000,0.000,0.252,3.764,0.000,0.000]
  Iter 26: LB=17.927970  UB=19.041838  gap=5.85e-02
  Cut: intercept=-1131.794501, π_x_range=[-822.3674, 579.4466]
  Mini-Benders[1] (mw): LB=18.128154, Z₀(α*)=20.236722, intercept=-11.713098 (3.031s) [OMP=2.968 ISP-L=0.008 ISP-F=0.027 MW-L=0.011 MW-F=0.024]
  Mini-Benders[2] (mw): LB=18.358232, Z₀(α*)=23.133220, intercept=-90.308870 (2.906s) [OMP=2.839 ISP-L=0.009 ISP-F=0.028 MW-L=0.012 MW-F=0.024]
  Mini-Benders[3] (mw): LB=18.534267, Z₀(α*)=18.080508, intercept=-46.311171 (2.922s) [OMP=2.844 ISP-L=0.009 ISP-F=0.027 MW-L=0.011 MW-F=0.025]
  Mini-Benders[4] (mw): LB=18.534267, Z₀(α*)=18.080508, intercept=-46.311171 (2.875s) [OMP=2.808 ISP-L=0.009 ISP-F=0.027 MW-L=0.011 MW-F=0.026]
  Mini-Benders[5] (mw): LB=18.534267, Z₀(α*)=18.080508, intercept=-46.311171 (3.109s) [OMP=3.037 ISP-L=0.009 ISP-F=0.028 MW-L=0.012 MW-F=0.027]
  α-step: Z₀=21.672705, α=[0.000,0.000,9.521,0.000,0.000,0.000,0.000,0.000,0.000,0.000,0.000,0.000,0.000,0.000,0.000,0.000,0.000,0.000,0.000,0.000,0.000,0.000,0.000,0.000,0.000,0.000,0.000,0.000,0.000,0.000,0.000,0.000,0.424,0.000,0.000,0.000]
  Alt-Benders[1] (mw): LB=18.584796, Z₀(α*)=2.279164, intercept=3.890774 (2.906s) [OMP=2.841 ISP-L=0.010 ISP-F=0.027 MW-L=0.012 MW-F=0.024]
  Alt-Benders[2] (mw): LB=18.584796, Z₀(α*)=2.279164, intercept=3.890774 (3.078s) [OMP=2.996 ISP-L=0.010 ISP-F=0.027 MW-L=0.011 MW-F=0.024]
  Alt-Benders[3] (mw): LB=18.584796, Z₀(α*)=2.279164, intercept=3.890774 (3.078s) [OMP=3.016 ISP-L=0.009 ISP-F=0.026 MW-L=0.011 MW-F=0.023]
  Alt-Benders[4]: LB stagnated, break
  OMP re-solve: 0.002s

=== True-DRO Benders iter 27 ===
  OMP: t₀=18.584796, UB=19.041838, gap=2.40e-02, x=[0, 0, 0, 0, 0, 0, 0, 0, 0, 0, 0, 0, 0, 0, 0, 0, 0, 0, 0, 0, 0, 0, 0, 0, 0, 0, 0, 0, 0, 1, 1, 0, 0, 0, 0, 0] (0.002s)
  Sub: Z₀=25.191145 [LOCAL] (0.4s), α=[0.000,0.000,4.474,0.000,0.000,0.000,0.000,0.000,0.000,0.000,0.000,0.000,0.000,0.282,0.000,0.000,0.000,0.000,0.000,0.000,0.000,0.000,0.000,0.000,0.000,0.000,0.000,0.000,0.000,1.176,1.457,0.000,1.511,1.044,0.000,0.000]
  Iter 27: LB=18.584796  UB=19.041838  gap=2.40e-02
  Cut: intercept=-1160.421323, π_x_range=[-822.0846, 593.2219]
  Mini-Benders[1] (mw): LB=18.598098, Z₀(α*)=10.856160, intercept=-33.174056 (3.000s) [OMP=2.924 ISP-L=0.008 ISP-F=0.026 MW-L=0.011 MW-F=0.024]
  Mini-Benders[2] (mw): LB=18.598098, Z₀(α*)=10.856160, intercept=-33.174056 (3.172s) [OMP=3.078 ISP-L=0.008 ISP-F=0.027 MW-L=0.032 MW-F=0.024]
  Mini-Benders[3] (mw): LB=18.598098, Z₀(α*)=10.856160, intercept=-33.174056 (3.203s) [OMP=3.133 ISP-L=0.008 ISP-F=0.026 MW-L=0.010 MW-F=0.024]
  Mini-Benders[4]: LB stagnated, break
  α-step: Z₀=25.493612, α=[0.000,0.000,4.523,0.000,0.000,0.000,0.000,0.000,0.000,1.223,0.000,0.000,0.000,0.000,0.000,0.000,0.000,0.280,0.000,0.000,0.000,0.000,0.000,0.000,0.000,0.000,0.000,0.000,0.000,0.000,0.000,0.000,1.229,2.690,0.000,0.000]
  Alt-Benders[1] (mw): LB=18.625264, Z₀(α*)=21.416859, intercept=15.060496 (3.046s) [OMP=2.969 ISP-L=0.009 ISP-F=0.029 MW-L=0.012 MW-F=0.023]
  Alt-Benders[2] (mw): LB=18.645222, Z₀(α*)=2.889695, intercept=-37.841823 (3.032s) [OMP=2.945 ISP-L=0.009 ISP-F=0.027 MW-L=0.012 MW-F=0.023]
  Alt-Benders[3] (mw): LB=18.645222, Z₀(α*)=2.889695, intercept=-37.841823 (3.203s) [OMP=3.140 ISP-L=0.010 ISP-F=0.028 MW-L=0.013 MW-F=0.024]
  Alt-Benders[4] (mw): LB=18.645222, Z₀(α*)=2.889695, intercept=-37.841823 (3.156s) [OMP=3.083 ISP-L=0.009 ISP-F=0.027 MW-L=0.011 MW-F=0.022]
  Alt-Benders[5]: LB stagnated, break
  OMP re-solve: 0.002s

=== True-DRO Benders iter 28 ===
  OMP: t₀=18.645222, UB=19.041838, gap=2.08e-02, x=[0, 0, 0, 0, 0, 0, 0, 0, 0, 0, 0, 0, 0, 0, 0, 0, 0, 0, 0, 0, 0, 0, 0, 0, 1, 0, 0, 0, 0, 0, 0, 0, 1, 0, 0, 0] (0.002s)
  Sub: Z₀=18.645222 [LOCAL] (0.7s), α=[0.000,0.000,0.000,0.000,0.000,0.000,0.013,0.000,0.000,0.000,0.000,0.000,0.000,0.000,0.000,0.000,0.000,1.584,0.000,0.000,0.000,0.000,0.000,0.000,0.317,0.000,0.000,0.000,0.000,0.000,0.000,0.000,6.444,1.587,0.000,0.000]
  Iter 28: LB=18.645222  UB=19.041838  gap=2.08e-02
  Cut: intercept=-1112.707668, π_x_range=[-820.8624, 571.6788]
  Mini-Benders[1] (mw): LB=18.645222, Z₀(α*)=18.749539, intercept=-49.960007 (3.094s) [OMP=3.029 ISP-L=0.009 ISP-F=0.028 MW-L=0.011 MW-F=0.023]
  Mini-Benders[2] (mw): LB=18.647591, Z₀(α*)=9.113969, intercept=-29.227962 (3.110s) [OMP=3.029 ISP-L=0.009 ISP-F=0.028 MW-L=0.012 MW-F=0.025]
  Mini-Benders[3] (mw): LB=18.647591, Z₀(α*)=9.113969, intercept=-29.227962 (3.109s) [OMP=3.042 ISP-L=0.009 ISP-F=0.029 MW-L=0.012 MW-F=0.025]
  Mini-Benders[4] (mw): LB=18.647591, Z₀(α*)=9.113969, intercept=-29.227962 (3.141s) [OMP=3.054 ISP-L=0.009 ISP-F=0.028 MW-L=0.012 MW-F=0.025]
  Mini-Benders[5]: LB stagnated, break
  α-step: Z₀=19.562476, α=[0.000,0.000,0.000,0.000,0.000,0.000,0.000,0.000,0.000,0.000,0.000,0.000,0.000,1.021,0.000,0.000,0.000,2.369,0.000,0.000,0.000,0.000,0.000,0.000,0.000,0.000,0.000,0.000,0.000,0.000,0.000,0.000,0.000,6.554,0.000,0.000]
  Alt-Benders[1] (mw): LB=18.749537, Z₀(α*)=13.339141, intercept=-41.342593 (3.343s) [OMP=3.252 ISP-L=0.009 ISP-F=0.027 MW-L=0.033 MW-F=0.022]
  Alt-Benders[2] (mw): LB=18.749537, Z₀(α*)=13.339141, intercept=-41.342593 (3.094s) [OMP=3.016 ISP-L=0.009 ISP-F=0.026 MW-L=0.011 MW-F=0.022]
  Alt-Benders[3] (mw): LB=18.749537, Z₀(α*)=13.339141, intercept=-41.342593 (3.156s) [OMP=3.082 ISP-L=0.009 ISP-F=0.026 MW-L=0.011 MW-F=0.022]
  Alt-Benders[4]: LB stagnated, break
  OMP re-solve: 0.002s

=== True-DRO Benders iter 29 ===
  OMP: t₀=18.749537, UB=19.041838, gap=1.54e-02, x=[0, 0, 0, 0, 0, 0, 0, 0, 0, 0, 0, 0, 0, 0, 0, 0, 0, 0, 0, 0, 0, 0, 0, 0, 1, 0, 0, 0, 0, 0, 0, 0, 1, 0, 0, 0] (0.002s)
  Sub: Z₀=18.645222 [LOCAL] (0.7s), α=[0.000,0.000,0.000,0.000,0.000,0.000,0.013,0.000,0.000,0.000,0.000,0.000,0.000,0.000,0.000,0.000,0.000,1.584,0.000,0.000,0.000,0.000,0.000,0.000,0.317,0.000,0.000,0.000,0.000,0.000,0.000,0.000,6.444,1.587,0.000,0.000]
  Iter 29: LB=18.749537  UB=19.041838  gap=1.54e-02
  Cut: intercept=-1112.707668, π_x_range=[-820.8624, 571.6788]
  Mini-Benders[1] (mw): LB=18.749537, Z₀(α*)=18.749539, intercept=-49.960007 (3.156s) [OMP=3.089 ISP-L=0.009 ISP-F=0.028 MW-L=0.012 MW-F=0.023]
  Mini-Benders[2] (mw): LB=18.749537, Z₀(α*)=18.749539, intercept=-49.960007 (3.234s) [OMP=3.163 ISP-L=0.009 ISP-F=0.028 MW-L=0.012 MW-F=0.024]
  Mini-Benders[3]: LB stagnated, break
  α-step: Z₀=18.749539, α=[0.000,0.000,0.000,0.000,0.000,0.000,0.000,0.000,0.000,0.000,0.000,0.000,0.000,0.000,0.000,0.000,0.000,1.584,0.000,0.000,0.000,0.000,0.000,0.000,0.330,0.000,0.000,0.000,0.000,0.000,0.000,0.000,7.209,0.822,0.000,0.000]
  Alt-Benders[1] (mw): LB=18.749539, Z₀(α*)=18.749539, intercept=-49.960006 (3.125s) [OMP=3.055 ISP-L=0.010 ISP-F=0.028 MW-L=0.012 MW-F=0.023]
  Alt-Benders[2] (mw): LB=18.749539, Z₀(α*)=18.749539, intercept=-49.960006 (3.218s) [OMP=3.143 ISP-L=0.009 ISP-F=0.027 MW-L=0.012 MW-F=0.022]
  Alt-Benders[3] (mw): LB=18.749539, Z₀(α*)=18.749539, intercept=-49.960006 (3.110s) [OMP=3.045 ISP-L=0.009 ISP-F=0.028 MW-L=0.011 MW-F=0.022]
  Alt-Benders[4]: LB stagnated, break
  OMP re-solve: 0.002s

=== True-DRO Benders iter 30 ===
  OMP: t₀=18.749539, UB=19.041838, gap=1.54e-02, x=[0, 0, 0, 0, 0, 0, 0, 0, 0, 0, 0, 0, 0, 0, 0, 0, 0, 0, 0, 0, 0, 0, 0, 0, 1, 0, 0, 0, 0, 0, 0, 0, 1, 0, 0, 0] (0.002s)
  Sub: Z₀=23.355113 (8.5s), α=[0.000,0.000,2.749,0.000,0.000,0.000,0.000,0.000,0.000,0.193,0.000,0.000,0.000,1.159,0.000,0.000,0.000,0.000,0.000,0.000,0.000,0.000,0.000,0.000,3.079,0.000,0.000,2.241,0.000,0.523,0.000,0.000,0.000,0.000,0.000,0.000]
  Iter 30: LB=18.749539  UB=19.041838  gap=1.54e-02
  Cut: intercept=-48.608823, π_x_range=[-272.0000, 50.3980]
  Sherali-Cut: intercept=-44.540039, π_x_range=[-118.2963, 55.5125]
  Mini-Benders[1] (mw): LB=18.855105, Z₀(α*)=-7.175660, intercept=-66.369319 (3.125s) [OMP=3.034 ISP-L=0.008 ISP-F=0.026 MW-L=0.034 MW-F=0.022]
  Mini-Benders[2] (mw): LB=18.855105, Z₀(α*)=-7.175660, intercept=-66.369319 (2.797s) [OMP=2.729 ISP-L=0.010 ISP-F=0.026 MW-L=0.012 MW-F=0.022]
  Mini-Benders[3] (mw): LB=18.855105, Z₀(α*)=-7.175660, intercept=-66.369319 (2.750s) [OMP=2.679 ISP-L=0.009 ISP-F=0.026 MW-L=0.012 MW-F=0.023]
  Mini-Benders[4]: LB stagnated, break
  α-step: Z₀=21.511698, α=[0.000,0.000,5.063,0.000,0.000,0.000,0.000,0.000,0.000,0.000,0.000,0.000,0.000,0.000,0.000,0.000,0.000,0.000,0.000,0.000,0.000,0.000,0.000,0.000,0.000,0.000,0.000,0.000,0.000,0.000,0.000,0.000,0.000,4.881,0.000,0.000]
  Alt-Benders[1] (mw): LB=18.908822, Z₀(α*)=23.433417, intercept=-14.582581 (3.312s) [OMP=3.239 ISP-L=0.009 ISP-F=0.027 MW-L=0.011 MW-F=0.023]
  Alt-Benders[2] (mw): LB=19.018106, Z₀(α*)=25.591056, intercept=-22.096553 (3.016s) [OMP=2.954 ISP-L=0.009 ISP-F=0.026 MW-L=0.012 MW-F=0.022]
  Alt-Benders[2]: gap=1.25e-03 ≤ tol, break
  OMP re-solve: 2.538s

=== True-DRO Benders iter 31 ===
  OMP: t₀=19.041838, UB=19.041838, gap=4.53e-10, x=[0, 0, 0, 0, 0, 1, 0, 0, 0, 0, 0, 0, 0, 0, 0, 0, 0, 0, 0, 0, 0, 0, 0, 0, 0, 0, 0, 0, 0, 0, 0, 0, 1, 0, 0, 0] (0.002s)
  Sub: Z₀=17.610522 [LOCAL] (0.4s), α=[0.000,0.000,0.000,0.000,0.000,3.395,0.000,0.000,0.000,0.000,0.000,0.000,0.000,0.423,0.000,0.000,0.000,0.259,0.000,0.000,0.000,0.000,0.000,0.000,0.000,0.000,0.000,0.000,0.000,0.000,0.000,0.000,5.431,0.436,0.000,0.000]
  Iter 31: LB=19.041838  UB=19.041838  gap=4.53e-10
True-DRO Benders converged at iter 31 (gap=4.53e-10)
  Wall time: 815.54 sec
  OMP  time: mean=1.757s, median=2.131s, max=3.679s
  Sub  time (exact): mean=7.115s, median=7.963s, q90=9.290s, max=9.976s (n=6/31)

Result (double/mb_only): Z₀=19.041838, iters=31, time=815.6s
x arcs = [6, 33]
