============================================================
polska — double [mb_only]: ε̂=0.20, ε̃=0.20, β=0.40
  mini_benders=true, valid_inequality=none
============================================================
Set parameter Username
Set parameter LicenseID to value 2742039
Academic license - for non-commercial use only - expires 2026-11-20
Set parameter Username
Set parameter LicenseID to value 2742039
Academic license - for non-commercial use only - expires 2026-11-20
Set parameter OutputFlag to value 1
Set parameter LogFile to value "global_miqcp.log"
Set parameter Username
Set parameter LicenseID to value 2742039
Academic license - for non-commercial use only - expires 2026-11-20
Set parameter Username
Set parameter LicenseID to value 2742039
Academic license - for non-commercial use only - expires 2026-11-20
Set parameter Username
Set parameter LicenseID to value 2742039
Academic license - for non-commercial use only - expires 2026-11-20
Set parameter Username
Set parameter LicenseID to value 2742039
Academic license - for non-commercial use only - expires 2026-11-20

=== True-DRO Benders iter 1 ===
  OMP: t₀=-10000.000000, UB=Inf, gap=NaN, x=[0, 0, 0, 0, 0, 0, 0, 0, 0, 0, 0, 0, 0, 0, 0, 0, 0, 0, 0, 0, 0, 0, 0, 0, 0, 0, 0, 0, 0, 0, 0, 0, 0, 0, 0, 0] (0.000s)
  Sub: Z₀=25.632891 [LOCAL] (0.3s), α=[0.000,0.000,6.370,0.000,0.000,0.000,0.000,0.000,0.000,0.000,0.000,0.000,0.000,0.000,0.000,0.000,0.000,0.046,0.000,0.000,0.000,0.000,0.000,0.000,0.000,0.000,0.000,0.000,0.000,0.000,0.000,0.000,0.131,3.397,0.000,0.000]
  Iter 1: LB=-10000.000000  UB=Inf  gap=NaN
  Cut: intercept=25.632891, π_x_range=[-822.2232, -799.9665]
  Mini-Benders[1] (mw): LB=-1617.691302, Z₀(α*)=-5.906695, intercept=-74.675942 (0.060s) [OMP=0.003 ISP-L=0.006 ISP-F=0.014 MW-L=0.007 MW-F=0.015]
  Mini-Benders[2] (mw): LB=-185.331084, Z₀(α*)=7.307891, intercept=-68.822039 (0.032s) [OMP=0.001 ISP-L=0.004 ISP-F=0.010 MW-L=0.006 MW-F=0.010]
  Mini-Benders[3] (mw): LB=-144.172475, Z₀(α*)=16.254395, intercept=-45.079739 (0.034s) [OMP=0.005 ISP-L=0.003 ISP-F=0.010 MW-L=0.008 MW-F=0.008]
  Mini-Benders[4] (mw): LB=-120.035695, Z₀(α*)=12.928739, intercept=-17.493835 (0.040s) [OMP=0.007 ISP-L=0.003 ISP-F=0.011 MW-L=0.008 MW-F=0.010]
  Mini-Benders[5] (mw): LB=-108.771772, Z₀(α*)=18.402098, intercept=-61.432607 (0.043s) [OMP=0.013 ISP-L=0.003 ISP-F=0.011 MW-L=0.006 MW-F=0.010]
Set parameter NonConvex to value 2
Set parameter DualReductions to value 0
  α-step: Z₀=15.417398, α=[0.000,0.000,0.000,0.000,0.000,1.678,0.000,0.000,0.000,0.000,0.000,0.000,0.000,0.514,0.000,0.000,0.000,0.000,0.000,0.000,0.000,0.000,0.000,0.000,0.000,0.000,0.000,0.000,0.000,0.000,0.000,0.000,6.573,1.180,0.000,0.000]
  Alt-Benders[1] (mw): LB=-97.003975, Z₀(α*)=8.359567, intercept=-84.744938 (0.036s) [OMP=0.008 ISP-L=0.003 ISP-F=0.010 MW-L=0.006 MW-F=0.013]
  Alt-Benders[2] (mw): LB=-94.233806, Z₀(α*)=-20.972642, intercept=-83.823930 (0.043s) [OMP=0.007 ISP-L=0.004 ISP-F=0.010 MW-L=0.006 MW-F=0.010]
  Alt-Benders[3] (mw): LB=-81.154713, Z₀(α*)=1.627214, intercept=-72.706460 (0.044s) [OMP=0.011 ISP-L=0.003 ISP-F=0.011 MW-L=0.008 MW-F=0.009]
  Alt-Benders[4] (mw): LB=-80.254795, Z₀(α*)=-35.886156, intercept=-101.762360 (0.083s) [OMP=0.012 ISP-L=0.003 ISP-F=0.010 MW-L=0.048 MW-F=0.008]
  Alt-Benders[5] (mw): LB=-79.803051, Z₀(α*)=-18.673598, intercept=-54.149168 (0.205s) [OMP=0.011 ISP-L=0.003 ISP-F=0.011 MW-L=0.176 MW-F=0.011]
  OMP re-solve: 0.026s

=== True-DRO Benders iter 2 ===
  OMP: t₀=-73.461468, UB=Inf, gap=NaN, x=[0, 0, 0, 0, 0, 0, 0, 0, 0, 1, 0, 0, 0, 0, 0, 0, 0, 0, 0, 0, 0, 0, 0, 0, 1, 0, 0, 0, 0, 0, 0, 0, 0, 0, 0, 0] (0.000s)
  Sub: Z₀=19.365428 [LOCAL] (0.1s), α=[0.000,0.000,0.750,0.000,0.000,0.000,0.035,0.000,0.000,5.515,0.000,0.000,0.000,0.000,0.000,0.000,0.000,0.182,0.000,0.000,0.000,0.000,0.000,0.000,1.912,0.000,0.000,1.551,0.000,0.000,0.000,0.000,0.000,0.000,0.000,0.000]
  Iter 2: LB=-73.461468  UB=Inf  gap=NaN
  Cut: intercept=-1086.806262, π_x_range=[-820.8701, 555.2994]
  Mini-Benders[1] (mw): LB=-72.280164, Z₀(α*)=7.770035, intercept=-57.948208 (0.065s) [OMP=0.026 ISP-L=0.003 ISP-F=0.011 MW-L=0.007 MW-F=0.011]
  Mini-Benders[2] (mw): LB=-71.356894, Z₀(α*)=-61.729737, intercept=-66.825715 (0.061s) [OMP=0.026 ISP-L=0.004 ISP-F=0.012 MW-L=0.008 MW-F=0.013]
  Mini-Benders[3] (mw): LB=-67.854614, Z₀(α*)=-17.472190, intercept=-25.819604 (0.061s) [OMP=0.027 ISP-L=0.004 ISP-F=0.011 MW-L=0.007 MW-F=0.009]
  Mini-Benders[4] (mw): LB=-67.700491, Z₀(α*)=-25.205514, intercept=-93.478690 (0.079s) [OMP=0.043 ISP-L=0.004 ISP-F=0.010 MW-L=0.012 MW-F=0.010]
  Mini-Benders[5] (mw): LB=-67.235913, Z₀(α*)=-10.691052, intercept=-56.835601 (0.064s) [OMP=0.032 ISP-L=0.003 ISP-F=0.011 MW-L=0.006 MW-F=0.010]
  α-step: Z₀=19.674392, α=[0.000,0.000,1.415,0.000,0.000,0.000,0.000,0.000,0.000,0.000,0.000,0.000,0.000,0.000,0.000,0.000,0.000,4.943,0.000,0.000,0.000,1.428,0.000,0.000,0.000,0.000,0.000,0.000,0.000,0.000,0.000,0.000,2.158,0.000,0.000,0.000]
  Alt-Benders[1] (mw): LB=-64.381051, Z₀(α*)=-9.835909, intercept=-13.780733 (0.069s) [OMP=0.043 ISP-L=0.004 ISP-F=0.010 MW-L=0.007 MW-F=0.008]
  Alt-Benders[2] (mw): LB=-61.729739, Z₀(α*)=-45.260245, intercept=-52.869036 (0.079s) [OMP=0.052 ISP-L=0.004 ISP-F=0.011 MW-L=0.007 MW-F=0.009]
  Alt-Benders[3] (mw): LB=-60.238561, Z₀(α*)=9.892766, intercept=-65.417177 (0.077s) [OMP=0.033 ISP-L=0.003 ISP-F=0.011 MW-L=0.009 MW-F=0.011]
  Alt-Benders[4] (mw): LB=-57.170699, Z₀(α*)=-15.736090, intercept=-72.839400 (0.064s) [OMP=0.036 ISP-L=0.004 ISP-F=0.012 MW-L=0.006 MW-F=0.011]
  Alt-Benders[5] (mw): LB=-54.634729, Z₀(α*)=1.545022, intercept=-45.132510 (0.069s) [OMP=0.034 ISP-L=0.004 ISP-F=0.010 MW-L=0.007 MW-F=0.008]
  OMP re-solve: 0.046s

=== True-DRO Benders iter 3 ===
  OMP: t₀=-52.638445, UB=Inf, gap=NaN, x=[0, 0, 0, 0, 0, 0, 0, 0, 0, 1, 0, 0, 0, 0, 0, 0, 0, 0, 0, 0, 0, 0, 0, 0, 0, 0, 0, 0, 0, 0, 0, 0, 1, 0, 0, 0] (0.000s)
  Sub: Z₀=21.584686 [LOCAL] (0.1s), α=[0.000,0.000,4.527,0.000,0.000,0.000,0.000,0.000,0.000,0.000,0.000,0.000,0.000,0.000,0.000,0.000,0.000,0.000,0.000,0.000,0.000,0.000,0.000,0.000,0.000,0.000,0.000,0.000,0.000,0.000,0.000,0.000,3.004,2.414,0.000,0.000]
  Iter 3: LB=-52.638445  UB=Inf  gap=NaN
  Cut: intercept=-1127.513061, π_x_range=[-825.5373, 583.7448]
  Mini-Benders[1] (mw): LB=-52.296625, Z₀(α*)=23.670607, intercept=19.415583 (0.079s) [OMP=0.046 ISP-L=0.003 ISP-F=0.010 MW-L=0.007 MW-F=0.018]
  Mini-Benders[2] (mw): LB=-51.476742, Z₀(α*)=7.921889, intercept=-106.393290 (0.123s) [OMP=0.078 ISP-L=0.004 ISP-F=0.011 MW-L=0.006 MW-F=0.011]
  Mini-Benders[3] (mw): LB=-49.638646, Z₀(α*)=11.279003, intercept=-61.511636 (0.094s) [OMP=0.073 ISP-L=0.003 ISP-F=0.010 MW-L=0.007 MW-F=0.010]
  Mini-Benders[4] (mw): LB=-49.520477, Z₀(α*)=-1.091958, intercept=-32.914940 (0.124s) [OMP=0.088 ISP-L=0.004 ISP-F=0.010 MW-L=0.006 MW-F=0.009]
  Mini-Benders[5] (mw): LB=-47.098222, Z₀(α*)=17.044195, intercept=-24.329896 (0.109s) [OMP=0.082 ISP-L=0.004 ISP-F=0.012 MW-L=0.005 MW-F=0.008]
  α-step: Z₀=13.116627, α=[0.000,0.000,5.562,0.000,0.000,0.000,0.000,0.000,0.000,0.000,0.000,0.000,0.000,0.000,0.000,0.000,0.000,0.821,0.000,0.000,0.000,0.000,0.000,0.000,0.000,0.000,0.000,0.000,0.000,0.000,0.000,0.000,2.879,0.684,0.000,0.000]
  Alt-Benders[1] (mw): LB=-44.164246, Z₀(α*)=6.466765, intercept=-23.954742 (0.110s) [OMP=0.080 ISP-L=0.003 ISP-F=0.011 MW-L=0.008 MW-F=0.010]
  Alt-Benders[2] (mw): LB=-44.164244, Z₀(α*)=-13.284784, intercept=-90.421725 (0.140s) [OMP=0.096 ISP-L=0.003 ISP-F=0.011 MW-L=0.008 MW-F=0.011]
  Alt-Benders[3] (mw): LB=-40.119863, Z₀(α*)=15.756958, intercept=-61.634165 (0.125s) [OMP=0.091 ISP-L=0.003 ISP-F=0.011 MW-L=0.007 MW-F=0.011]
  Alt-Benders[4] (mw): LB=-37.932944, Z₀(α*)=0.962331, intercept=-60.012679 (0.125s) [OMP=0.101 ISP-L=0.003 ISP-F=0.010 MW-L=0.009 MW-F=0.007]
  Alt-Benders[5] (mw): LB=-37.393388, Z₀(α*)=-31.373573, intercept=-51.951809 (0.084s) [OMP=0.043 ISP-L=0.004 ISP-F=0.011 MW-L=0.006 MW-F=0.010]
  OMP re-solve: 0.048s

=== True-DRO Benders iter 4 ===
  OMP: t₀=-35.886158, UB=Inf, gap=NaN, x=[0, 0, 0, 0, 0, 0, 0, 0, 0, 0, 0, 0, 1, 0, 0, 0, 0, 0, 0, 0, 0, 0, 0, 0, 0, 0, 0, 0, 0, 0, 0, 0, 0, 1, 0, 0] (0.000s)
  Sub: Z₀=16.601999 [LOCAL] (0.1s), α=[0.000,0.000,0.000,0.000,0.000,0.000,0.000,0.000,0.000,0.000,0.000,0.000,1.818,0.159,0.000,0.000,0.000,0.000,0.000,0.000,0.000,0.000,0.000,0.000,0.000,0.000,0.000,0.000,0.000,0.000,0.000,0.000,0.000,7.968,0.000,0.000]
  Iter 4: LB=-35.886158  UB=Inf  gap=NaN
  Cut: intercept=-1160.247884, π_x_range=[-818.3602, 594.0365]
  Mini-Benders[1] (mw): LB=-35.571114, Z₀(α*)=-39.055529, intercept=-76.643131 (0.079s) [OMP=0.049 ISP-L=0.003 ISP-F=0.011 MW-L=0.006 MW-F=0.012]
  Mini-Benders[2] (mw): LB=-35.571114, Z₀(α*)=-39.055529, intercept=-76.643131 (0.075s) [OMP=0.034 ISP-L=0.003 ISP-F=0.011 MW-L=0.006 MW-F=0.011]
  Mini-Benders[3] (mw): LB=-35.571114, Z₀(α*)=-39.055529, intercept=-76.643131 (0.068s) [OMP=0.036 ISP-L=0.003 ISP-F=0.011 MW-L=0.006 MW-F=0.011]
  Mini-Benders[4]: LB stagnated, break
  α-step: Z₀=17.265664, α=[0.000,0.000,9.604,0.000,0.000,0.037,0.000,0.000,0.000,0.000,0.000,0.000,0.000,0.046,0.000,0.000,0.000,0.000,0.000,0.000,0.000,0.000,0.000,0.000,0.000,0.000,0.000,0.000,0.000,0.000,0.000,0.000,0.129,0.128,0.000,0.000]
  Alt-Benders[1] (mw): LB=-34.258286, Z₀(α*)=17.813597, intercept=-45.953562 (0.129s) [OMP=0.095 ISP-L=0.004 ISP-F=0.012 MW-L=0.009 MW-F=0.008]
  Alt-Benders[2] (mw): LB=-34.024804, Z₀(α*)=9.111454, intercept=-74.024906 (0.140s) [OMP=0.121 ISP-L=0.004 ISP-F=0.010 MW-L=0.009 MW-F=0.009]
  Alt-Benders[3] (mw): LB=-34.007472, Z₀(α*)=-16.840487, intercept=-35.635827 (0.126s) [OMP=0.089 ISP-L=0.004 ISP-F=0.011 MW-L=0.008 MW-F=0.009]
  Alt-Benders[4] (mw): LB=-32.085254, Z₀(α*)=-9.076093, intercept=-62.900855 (0.095s) [OMP=0.054 ISP-L=0.003 ISP-F=0.012 MW-L=0.008 MW-F=0.009]
  Alt-Benders[5] (mw): LB=-31.809190, Z₀(α*)=19.923420, intercept=-80.447376 (0.109s) [OMP=0.082 ISP-L=0.003 ISP-F=0.010 MW-L=0.008 MW-F=0.009]
  OMP re-solve: 0.096s

=== True-DRO Benders iter 5 ===
  OMP: t₀=-31.373575, UB=Inf, gap=NaN, x=[0, 0, 0, 0, 0, 0, 0, 0, 0, 0, 0, 0, 1, 0, 0, 0, 0, 0, 0, 0, 0, 0, 0, 0, 0, 0, 0, 0, 0, 0, 0, 0, 1, 0, 0, 0] (0.000s)
  Sub: Z₀=19.620074 [TIME_LIMIT] (15.1s), α=[0.000,0.000,2.193,0.000,0.000,0.000,0.000,0.000,0.000,0.000,0.000,0.000,0.000,0.000,0.000,0.000,0.000,0.000,0.000,0.000,0.000,0.000,0.000,0.000,0.000,0.000,0.000,0.000,0.000,0.000,0.000,0.000,0.288,7.464,0.000,0.000]
  Iter 5: LB=-31.373575  UB=19.626328  gap=2.60e+00
  Cut: intercept=-87.423578, π_x_range=[-382.9229, 67.2603]
  Mini-Benders[1] (mw): LB=-31.346910, Z₀(α*)=-3.884975, intercept=-34.975124 (0.241s) [OMP=0.194 ISP-L=0.004 ISP-F=0.012 MW-L=0.007 MW-F=0.010]
  Mini-Benders[2] (mw): LB=-30.857014, Z₀(α*)=11.165564, intercept=-2.804980 (0.227s) [OMP=0.205 ISP-L=0.003 ISP-F=0.011 MW-L=0.007 MW-F=0.009]
  Mini-Benders[3] (mw): LB=-30.773178, Z₀(α*)=20.631046, intercept=-43.784301 (0.203s) [OMP=0.156 ISP-L=0.003 ISP-F=0.011 MW-L=0.007 MW-F=0.017]
  Mini-Benders[4] (mw): LB=-30.409233, Z₀(α*)=20.238941, intercept=-58.607662 (0.127s) [OMP=0.100 ISP-L=0.003 ISP-F=0.010 MW-L=0.005 MW-F=0.008]
  Mini-Benders[5] (mw): LB=-30.311333, Z₀(α*)=15.598335, intercept=-9.709112 (0.155s) [OMP=0.127 ISP-L=0.003 ISP-F=0.012 MW-L=0.008 MW-F=0.010]
  α-step: Z₀=21.064216, α=[0.000,0.000,0.000,0.000,0.000,0.000,3.498,0.000,0.000,0.000,0.000,0.000,0.000,0.000,0.000,0.000,0.000,4.162,0.000,0.000,0.000,0.000,0.000,0.000,1.986,0.000,0.000,0.000,0.000,0.000,0.000,0.000,0.000,0.298,0.000,0.000]
  Alt-Benders[1] (mw): LB=-27.390317, Z₀(α*)=-10.482000, intercept=-45.101705 (0.219s) [OMP=0.181 ISP-L=0.003 ISP-F=0.012 MW-L=0.008 MW-F=0.012]
  Alt-Benders[2] (mw): LB=-26.786290, Z₀(α*)=-15.792972, intercept=-40.563180 (0.187s) [OMP=0.158 ISP-L=0.004 ISP-F=0.011 MW-L=0.009 MW-F=0.009]
  Alt-Benders[3] (mw): LB=-26.675739, Z₀(α*)=-18.633634, intercept=-40.255330 (0.235s) [OMP=0.191 ISP-L=0.003 ISP-F=0.012 MW-L=0.007 MW-F=0.007]
  Alt-Benders[4] (mw): LB=-26.604303, Z₀(α*)=-21.293992, intercept=-24.855264 (0.250s) [OMP=0.222 ISP-L=0.003 ISP-F=0.011 MW-L=0.006 MW-F=0.011]
  Alt-Benders[5] (mw): LB=-25.644116, Z₀(α*)=16.748549, intercept=-73.624839 (0.310s) [OMP=0.270 ISP-L=0.004 ISP-F=0.011 MW-L=0.007 MW-F=0.013]
  OMP re-solve: 0.257s

=== True-DRO Benders iter 6 ===
  OMP: t₀=-25.331188, UB=19.626328, gap=2.29e+00, x=[0, 0, 0, 0, 0, 0, 0, 0, 0, 1, 0, 0, 0, 0, 0, 0, 0, 1, 0, 0, 0, 0, 0, 0, 0, 0, 0, 0, 0, 0, 0, 0, 0, 0, 0, 0] (0.000s)
  Sub: Z₀=21.155466 [LOCAL] (0.1s), α=[0.000,0.000,7.624,0.000,0.000,0.000,0.000,0.000,0.000,0.000,0.000,0.000,0.000,0.000,0.000,0.000,0.000,0.000,0.000,0.000,0.000,0.000,0.000,0.000,0.000,0.000,0.000,0.000,0.000,0.000,0.000,0.000,0.649,1.671,0.000,0.000]
  Iter 6: LB=-25.331188  UB=19.626328  gap=2.29e+00
  Cut: intercept=-1133.550350, π_x_range=[-827.4714, 590.7374]
  Mini-Benders[1] (mw): LB=-24.545756, Z₀(α*)=22.491593, intercept=-21.294576 (0.310s) [OMP=0.274 ISP-L=0.003 ISP-F=0.010 MW-L=0.007 MW-F=0.010]
  Mini-Benders[2] (mw): LB=-24.210711, Z₀(α*)=-4.471019, intercept=-23.852234 (0.250s) [OMP=0.223 ISP-L=0.004 ISP-F=0.011 MW-L=0.007 MW-F=0.010]
  Mini-Benders[3] (mw): LB=-23.585914, Z₀(α*)=-7.394591, intercept=-12.343559 (0.281s) [OMP=0.232 ISP-L=0.004 ISP-F=0.011 MW-L=0.009 MW-F=0.012]
  Mini-Benders[4] (mw): LB=-23.135099, Z₀(α*)=-13.191366, intercept=-65.321627 (0.266s) [OMP=0.235 ISP-L=0.003 ISP-F=0.011 MW-L=0.009 MW-F=0.011]
  Mini-Benders[5] (mw): LB=-21.837505, Z₀(α*)=17.842884, intercept=-54.100119 (0.250s) [OMP=0.218 ISP-L=0.003 ISP-F=0.010 MW-L=0.009 MW-F=0.010]
  α-step: Z₀=17.826850, α=[0.000,0.000,0.000,0.000,0.000,3.096,0.000,0.000,0.000,0.000,0.000,0.000,0.000,3.506,0.000,0.000,0.000,1.762,0.000,0.000,0.000,0.000,0.000,0.000,0.000,0.000,0.000,0.000,0.000,0.000,0.000,0.000,0.000,1.580,0.000,0.000]
  Alt-Benders[1] (mw): LB=-21.293994, Z₀(α*)=-13.464643, intercept=-20.296899 (0.328s) [OMP=0.284 ISP-L=0.003 ISP-F=0.011 MW-L=0.008 MW-F=0.008]
  Alt-Benders[2] (mw): LB=-20.972644, Z₀(α*)=10.143374, intercept=-116.481974 (0.239s) [OMP=0.205 ISP-L=0.004 ISP-F=0.010 MW-L=0.006 MW-F=0.012]
  Alt-Benders[3] (mw): LB=-19.748752, Z₀(α*)=5.212334, intercept=-43.493625 (0.183s) [OMP=0.148 ISP-L=0.003 ISP-F=0.012 MW-L=0.007 MW-F=0.012]
  Alt-Benders[4] (mw): LB=-19.097905, Z₀(α*)=-6.191229, intercept=-90.764186 (0.156s) [OMP=0.138 ISP-L=0.003 ISP-F=0.010 MW-L=0.007 MW-F=0.011]
  Alt-Benders[5] (mw): LB=-18.673600, Z₀(α*)=10.027945, intercept=-50.075816 (0.157s) [OMP=0.124 ISP-L=0.004 ISP-F=0.011 MW-L=0.007 MW-F=0.010]
  OMP re-solve: 0.136s

=== True-DRO Benders iter 7 ===
  OMP: t₀=-18.633636, UB=19.626328, gap=1.95e+00, x=[0, 0, 0, 0, 0, 0, 1, 0, 0, 1, 0, 0, 0, 0, 0, 0, 0, 0, 0, 0, 0, 0, 0, 0, 0, 0, 0, 0, 0, 0, 0, 0, 0, 0, 0, 0] (0.000s)
  Sub: Z₀=23.060265 [LOCAL] (0.2s), α=[0.000,0.000,5.063,0.000,0.000,0.000,0.000,0.000,0.000,0.000,0.000,0.000,0.000,0.000,0.000,0.000,0.000,0.000,0.000,0.000,0.000,0.000,0.000,0.000,0.000,0.000,0.000,0.000,0.000,0.000,0.000,0.000,1.093,3.788,0.000,0.000]
  Iter 7: LB=-18.633636  UB=19.626328  gap=1.95e+00
  Cut: intercept=-1119.267921, π_x_range=[-825.3854, 583.0679]
  Mini-Benders[1] (mw): LB=-18.087447, Z₀(α*)=24.181450, intercept=23.154559 (0.157s) [OMP=0.126 ISP-L=0.003 ISP-F=0.012 MW-L=0.010 MW-F=0.013]
  Mini-Benders[2] (mw): LB=-17.472192, Z₀(α*)=0.559007, intercept=-21.528474 (0.141s) [OMP=0.114 ISP-L=0.004 ISP-F=0.012 MW-L=0.008 MW-F=0.008]
  Mini-Benders[3] (mw): LB=-17.353837, Z₀(α*)=10.313479, intercept=-29.776474 (0.156s) [OMP=0.133 ISP-L=0.003 ISP-F=0.010 MW-L=0.008 MW-F=0.008]
  Mini-Benders[4] (mw): LB=-17.340984, Z₀(α*)=11.475828, intercept=-81.650272 (0.157s) [OMP=0.117 ISP-L=0.003 ISP-F=0.011 MW-L=0.009 MW-F=0.009]
  Mini-Benders[5] (mw): LB=-16.897505, Z₀(α*)=15.840400, intercept=-25.878133 (0.162s) [OMP=0.121 ISP-L=0.003 ISP-F=0.012 MW-L=0.007 MW-F=0.011]
  α-step: Z₀=16.833147, α=[0.000,0.000,0.000,0.000,0.000,0.372,0.000,0.000,0.000,0.000,0.000,0.000,0.000,3.506,0.000,0.000,0.000,2.546,0.000,0.000,0.000,0.000,0.000,0.000,0.000,0.000,0.000,0.000,0.000,1.155,0.000,0.000,0.000,2.365,0.000,0.000]
  Alt-Benders[1] (mw): LB=-16.754063, Z₀(α*)=5.056421, intercept=-40.753339 (0.141s) [OMP=0.112 ISP-L=0.004 ISP-F=0.011 MW-L=0.007 MW-F=0.011]
  Alt-Benders[2] (mw): LB=-16.129141, Z₀(α*)=20.307706, intercept=-21.179786 (0.156s) [OMP=0.118 ISP-L=0.004 ISP-F=0.011 MW-L=0.006 MW-F=0.012]
  Alt-Benders[3] (mw): LB=-16.123822, Z₀(α*)=-4.913169, intercept=-20.278517 (0.203s) [OMP=0.170 ISP-L=0.004 ISP-F=0.011 MW-L=0.006 MW-F=0.011]
  Alt-Benders[4] (mw): LB=-15.736092, Z₀(α*)=16.469843, intercept=-80.220712 (0.188s) [OMP=0.156 ISP-L=0.003 ISP-F=0.011 MW-L=0.007 MW-F=0.009]
  Alt-Benders[5] (mw): LB=-15.159489, Z₀(α*)=-11.225515, intercept=-14.457409 (0.204s) [OMP=0.163 ISP-L=0.003 ISP-F=0.011 MW-L=0.008 MW-F=0.008]
  OMP re-solve: 0.191s

=== True-DRO Benders iter 8 ===
  OMP: t₀=-15.150281, UB=19.626328, gap=1.77e+00, x=[0, 0, 0, 0, 0, 0, 0, 0, 0, 1, 0, 0, 0, 0, 0, 0, 0, 0, 0, 0, 0, 0, 0, 0, 0, 0, 0, 0, 0, 0, 1, 0, 0, 0, 0, 0] (0.000s)
  Sub: Z₀=22.284233 [LOCAL] (0.2s), α=[0.000,0.000,4.805,0.000,0.000,0.000,0.000,0.000,0.000,4.593,0.000,0.000,0.000,0.000,0.000,0.000,0.000,0.000,0.000,0.000,0.000,0.000,0.000,0.000,0.000,0.000,0.000,0.546,0.000,0.000,0.000,0.000,0.000,0.000,0.000,0.000]
  Iter 8: LB=-15.150281  UB=19.626328  gap=1.77e+00
  Cut: intercept=-1137.028414, π_x_range=[-824.5940, 598.5499]
  Mini-Benders[1] (mw): LB=-15.031946, Z₀(α*)=10.900386, intercept=-42.000754 (0.188s) [OMP=0.141 ISP-L=0.003 ISP-F=0.011 MW-L=0.010 MW-F=0.009]
  Mini-Benders[2] (mw): LB=-15.004902, Z₀(α*)=-16.300043, intercept=-25.614144 (0.187s) [OMP=0.160 ISP-L=0.003 ISP-F=0.012 MW-L=0.008 MW-F=0.008]
  Mini-Benders[3] (mw): LB=-15.004902, Z₀(α*)=-16.300043, intercept=-25.614144 (0.156s) [OMP=0.129 ISP-L=0.004 ISP-F=0.011 MW-L=0.007 MW-F=0.011]
  Mini-Benders[4] (mw): LB=-15.004902, Z₀(α*)=-16.300043, intercept=-25.614144 (0.172s) [OMP=0.126 ISP-L=0.004 ISP-F=0.011 MW-L=0.006 MW-F=0.010]
  Mini-Benders[5]: LB stagnated, break
  α-step: Z₀=21.364314, α=[0.000,0.000,3.501,0.000,0.000,0.000,0.000,0.000,0.000,0.000,0.000,0.000,0.000,0.000,0.000,0.000,0.000,0.000,0.000,0.000,0.000,0.000,0.000,0.000,0.000,0.000,0.000,0.000,0.000,0.000,0.000,0.000,3.166,3.277,0.000,0.000]
  Alt-Benders[1] (mw): LB=-14.992379, Z₀(α*)=7.872051, intercept=-29.851336 (0.210s) [OMP=0.187 ISP-L=0.003 ISP-F=0.011 MW-L=0.005 MW-F=0.011]
  Alt-Benders[2] (mw): LB=-13.464645, Z₀(α*)=18.534474, intercept=-8.675864 (0.219s) [OMP=0.193 ISP-L=0.003 ISP-F=0.010 MW-L=0.006 MW-F=0.008]
  Alt-Benders[3] (mw): LB=-13.284786, Z₀(α*)=0.111608, intercept=-86.410269 (0.234s) [OMP=0.188 ISP-L=0.004 ISP-F=0.012 MW-L=0.010 MW-F=0.010]
  Alt-Benders[4] (mw): LB=-13.191368, Z₀(α*)=5.394502, intercept=-92.294032 (0.188s) [OMP=0.153 ISP-L=0.003 ISP-F=0.011 MW-L=0.009 MW-F=0.010]
  Alt-Benders[5] (mw): LB=-12.809242, Z₀(α*)=16.786196, intercept=-24.874319 (0.171s) [OMP=0.145 ISP-L=0.004 ISP-F=0.011 MW-L=0.008 MW-F=0.006]
  OMP re-solve: 0.174s

=== True-DRO Benders iter 9 ===
  OMP: t₀=-12.410450, UB=19.626328, gap=1.63e+00, x=[0, 0, 0, 0, 0, 0, 0, 0, 0, 0, 0, 0, 0, 0, 0, 0, 0, 0, 0, 0, 0, 0, 1, 0, 0, 0, 0, 1, 0, 0, 0, 0, 0, 0, 0, 0] (0.000s)
  Sub: Z₀=23.113048 [LOCAL] (0.2s), α=[0.000,0.000,5.007,0.000,0.000,0.045,0.000,0.000,0.000,0.000,0.000,0.000,0.000,0.853,0.000,0.000,0.000,0.000,0.000,0.000,0.000,0.000,1.170,0.000,0.000,0.000,0.000,0.000,0.000,0.000,0.000,0.000,1.525,1.344,0.000,0.000]
  Iter 9: LB=-12.410450  UB=19.626328  gap=1.63e+00
  Cut: intercept=-1115.026251, π_x_range=[-825.2946, 576.5679]
  Mini-Benders[1] (mw): LB=-10.691054, Z₀(α*)=-16.759219, intercept=-80.073464 (0.202s) [OMP=0.162 ISP-L=0.003 ISP-F=0.010 MW-L=0.010 MW-F=0.011]
  Mini-Benders[2] (mw): LB=-10.691054, Z₀(α*)=-16.759219, intercept=-80.073464 (0.141s) [OMP=0.116 ISP-L=0.003 ISP-F=0.010 MW-L=0.007 MW-F=0.014]
  Mini-Benders[3] (mw): LB=-10.691054, Z₀(α*)=-16.759219, intercept=-80.073464 (0.156s) [OMP=0.115 ISP-L=0.003 ISP-F=0.010 MW-L=0.007 MW-F=0.013]
  Mini-Benders[4]: LB stagnated, break
  α-step: Z₀=17.470824, α=[0.000,0.000,0.000,0.000,0.000,0.000,0.000,0.000,0.000,0.000,0.000,0.000,0.000,0.000,0.000,0.000,0.000,7.830,0.000,0.000,0.000,0.000,0.000,0.000,0.330,0.000,0.000,0.000,0.000,0.000,0.000,0.000,0.000,1.785,0.000,0.000]
  Alt-Benders[1] (mw): LB=-10.482002, Z₀(α*)=11.383236, intercept=-58.226531 (0.143s) [OMP=0.120 ISP-L=0.003 ISP-F=0.012 MW-L=0.007 MW-F=0.013]
  Alt-Benders[2] (mw): LB=-10.326286, Z₀(α*)=-13.809036, intercept=-39.460084 (0.141s) [OMP=0.109 ISP-L=0.004 ISP-F=0.011 MW-L=0.007 MW-F=0.008]
  Alt-Benders[3] (mw): LB=-10.326286, Z₀(α*)=-13.809036, intercept=-39.460084 (0.141s) [OMP=0.100 ISP-L=0.004 ISP-F=0.011 MW-L=0.009 MW-F=0.008]
  Alt-Benders[4] (mw): LB=-10.326286, Z₀(α*)=-13.809036, intercept=-39.460084 (0.125s) [OMP=0.102 ISP-L=0.004 ISP-F=0.011 MW-L=0.009 MW-F=0.008]
  Alt-Benders[5]: LB stagnated, break
  OMP re-solve: 0.000s

=== True-DRO Benders iter 10 ===
  OMP: t₀=-10.326286, UB=19.626328, gap=1.53e+00, x=[0, 0, 0, 0, 0, 0, 0, 0, 0, 0, 0, 0, 1, 1, 0, 0, 0, 0, 0, 0, 0, 0, 0, 0, 0, 0, 0, 0, 0, 0, 0, 0, 0, 0, 0, 0] (0.000s)
  Sub: Z₀=21.911309 [TIME_LIMIT] (15.1s), α=[0.000,0.000,2.948,0.000,0.000,0.000,0.000,0.000,0.000,0.000,0.000,0.000,2.578,0.325,0.000,0.000,0.000,0.428,0.000,0.000,0.000,0.000,0.000,0.000,0.000,0.000,0.000,0.000,0.000,0.000,0.000,0.000,0.000,3.666,0.000,0.000]
  Iter 10: LB=-10.326286  UB=19.626328  gap=1.53e+00
  Cut: intercept=-52.769065, π_x_range=[-129.3134, 58.5904]
  Mini-Benders[1] (mw): LB=-10.253296, Z₀(α*)=22.313681, intercept=-41.392235 (0.141s) [OMP=0.110 ISP-L=0.004 ISP-F=0.012 MW-L=0.009 MW-F=0.008]
  Mini-Benders[2] (mw): LB=-9.576310, Z₀(α*)=-8.897015, intercept=-36.151634 (0.140s) [OMP=0.114 ISP-L=0.003 ISP-F=0.011 MW-L=0.007 MW-F=0.013]
  Mini-Benders[3] (mw): LB=-9.567231, Z₀(α*)=14.072748, intercept=6.566648 (0.157s) [OMP=0.106 ISP-L=0.003 ISP-F=0.012 MW-L=0.007 MW-F=0.012]
  Mini-Benders[4] (mw): LB=-9.076095, Z₀(α*)=-0.076974, intercept=-48.486791 (0.125s) [OMP=0.094 ISP-L=0.003 ISP-F=0.012 MW-L=0.007 MW-F=0.011]
  Mini-Benders[5] (mw): LB=-8.897017, Z₀(α*)=-8.897015, intercept=-36.151634 (0.125s) [OMP=0.099 ISP-L=0.003 ISP-F=0.011 MW-L=0.006 MW-F=0.012]
  α-step: Z₀=19.122421, α=[0.000,0.000,9.521,0.000,0.000,0.000,0.000,0.000,0.000,0.000,0.000,0.000,0.000,0.000,0.000,0.000,0.000,0.125,0.000,0.000,0.000,0.000,0.000,0.000,0.000,0.000,0.000,0.000,0.000,0.000,0.000,0.000,0.298,0.000,0.000,0.000]
  Alt-Benders[1] (mw): LB=-8.085475, Z₀(α*)=-5.384766, intercept=-86.071146 (0.141s) [OMP=0.103 ISP-L=0.004 ISP-F=0.011 MW-L=0.010 MW-F=0.009]
  Alt-Benders[2] (mw): LB=-7.539509, Z₀(α*)=-31.989391, intercept=-24.728321 (0.172s) [OMP=0.141 ISP-L=0.004 ISP-F=0.012 MW-L=0.009 MW-F=0.009]
  Alt-Benders[3] (mw): LB=-7.539509, Z₀(α*)=-31.989391, intercept=-24.728321 (0.189s) [OMP=0.156 ISP-L=0.004 ISP-F=0.011 MW-L=0.007 MW-F=0.008]
  Alt-Benders[4] (mw): LB=-7.539509, Z₀(α*)=-31.989391, intercept=-24.728321 (0.170s) [OMP=0.137 ISP-L=0.003 ISP-F=0.011 MW-L=0.007 MW-F=0.008]
  Alt-Benders[5]: LB stagnated, break
  OMP re-solve: 0.000s

=== True-DRO Benders iter 11 ===
  OMP: t₀=-7.539509, UB=19.626328, gap=1.38e+00, x=[0, 0, 0, 0, 0, 0, 0, 0, 0, 0, 0, 0, 0, 1, 0, 0, 0, 0, 0, 0, 0, 0, 0, 0, 0, 0, 0, 0, 0, 0, 0, 0, 0, 1, 0, 0] (0.000s)
  Sub: Z₀=21.177376 [LOCAL] (0.1s), α=[0.000,0.000,1.631,0.000,0.000,0.000,0.000,0.000,0.000,0.000,0.000,0.000,0.000,0.000,0.000,0.000,0.000,0.065,0.000,0.000,0.000,0.000,0.000,0.000,0.000,0.000,0.000,0.000,0.000,0.000,0.000,0.000,0.000,8.249,0.000,0.000]
  Iter 11: LB=-7.539509  UB=19.626328  gap=1.38e+00
  Cut: intercept=-1155.133291, π_x_range=[-821.6513, 591.9004]
  Mini-Benders[1] (mw): LB=-7.394593, Z₀(α*)=20.762299, intercept=-22.442719 (0.139s) [OMP=0.102 ISP-L=0.003 ISP-F=0.011 MW-L=0.008 MW-F=0.011]
  Mini-Benders[2] (mw): LB=-6.536043, Z₀(α*)=-5.543810, intercept=-66.262901 (0.169s) [OMP=0.133 ISP-L=0.003 ISP-F=0.012 MW-L=0.006 MW-F=0.010]
  Mini-Benders[3] (mw): LB=-6.191231, Z₀(α*)=-6.158937, intercept=-90.029345 (0.160s) [OMP=0.128 ISP-L=0.003 ISP-F=0.010 MW-L=0.007 MW-F=0.014]
  Mini-Benders[4] (mw): LB=-6.158939, Z₀(α*)=-6.158937, intercept=-90.029345 (0.156s) [OMP=0.132 ISP-L=0.003 ISP-F=0.010 MW-L=0.007 MW-F=0.011]
  Mini-Benders[5] (mw): LB=-6.158939, Z₀(α*)=-6.158937, intercept=-90.029345 (0.171s) [OMP=0.135 ISP-L=0.003 ISP-F=0.010 MW-L=0.009 MW-F=0.012]
  α-step: Z₀=19.216638, α=[0.000,0.000,5.063,0.000,0.000,0.000,0.000,0.000,0.000,0.000,0.000,0.000,0.000,0.000,0.000,0.000,0.000,0.000,0.000,0.000,0.000,0.000,0.000,0.000,0.000,0.000,0.000,0.000,0.000,0.000,0.000,0.000,0.000,4.881,0.000,0.000]
  Alt-Benders[1] (mw): LB=-5.625666, Z₀(α*)=12.392950, intercept=-6.931657 (0.172s) [OMP=0.133 ISP-L=0.004 ISP-F=0.013 MW-L=0.008 MW-F=0.009]
  Alt-Benders[2] (mw): LB=-5.543812, Z₀(α*)=4.240296, intercept=-63.653763 (0.171s) [OMP=0.136 ISP-L=0.003 ISP-F=0.011 MW-L=0.009 MW-F=0.009]
  Alt-Benders[3] (mw): LB=-5.388399, Z₀(α*)=23.296224, intercept=20.665999 (0.188s) [OMP=0.150 ISP-L=0.003 ISP-F=0.011 MW-L=0.007 MW-F=0.012]
  Alt-Benders[4] (mw): LB=-5.384768, Z₀(α*)=9.496184, intercept=-76.874409 (0.172s) [OMP=0.149 ISP-L=0.003 ISP-F=0.012 MW-L=0.006 MW-F=0.012]
  Alt-Benders[5] (mw): LB=-5.251769, Z₀(α*)=16.702063, intercept=-50.800780 (0.187s) [OMP=0.155 ISP-L=0.003 ISP-F=0.009 MW-L=0.006 MW-F=0.010]
  OMP re-solve: 0.160s

=== True-DRO Benders iter 12 ===
  OMP: t₀=-4.913171, UB=19.626328, gap=1.25e+00, x=[0, 0, 0, 0, 0, 0, 1, 0, 0, 0, 0, 0, 0, 0, 0, 0, 0, 0, 0, 0, 0, 0, 0, 0, 0, 0, 0, 0, 0, 0, 0, 0, 0, 1, 0, 0] (0.000s)
  Sub: Z₀=21.515053 [LOCAL] (0.2s), α=[0.000,0.000,1.706,0.000,0.000,0.000,0.000,0.000,0.000,0.000,0.000,0.000,0.000,0.000,0.000,0.000,0.000,0.000,0.000,0.000,0.000,0.000,0.000,0.000,0.000,0.000,0.000,0.000,0.000,0.000,0.000,0.000,0.006,8.232,0.000,0.000]
  Iter 12: LB=-4.913171  UB=19.626328  gap=1.25e+00
  Cut: intercept=-1143.599054, π_x_range=[-823.6920, 584.6086]
  Mini-Benders[1] (mw): LB=-4.913171, Z₀(α*)=21.515055, intercept=-7.336547 (0.171s) [OMP=0.145 ISP-L=0.003 ISP-F=0.011 MW-L=0.006 MW-F=0.009]
  Mini-Benders[2] (mw): LB=-4.391006, Z₀(α*)=-2.552480, intercept=-32.744084 (0.203s) [OMP=0.160 ISP-L=0.003 ISP-F=0.012 MW-L=0.010 MW-F=0.011]
  Mini-Benders[3] (mw): LB=-3.884977, Z₀(α*)=-4.938819, intercept=-35.380448 (0.204s) [OMP=0.171 ISP-L=0.003 ISP-F=0.013 MW-L=0.009 MW-F=0.008]
  Mini-Benders[4] (mw): LB=-3.884977, Z₀(α*)=-4.938819, intercept=-35.380448 (0.140s) [OMP=0.115 ISP-L=0.003 ISP-F=0.012 MW-L=0.008 MW-F=0.008]
  Mini-Benders[5] (mw): LB=-3.884977, Z₀(α*)=-4.938819, intercept=-35.380448 (0.157s) [OMP=0.117 ISP-L=0.003 ISP-F=0.012 MW-L=0.009 MW-F=0.008]
  α-step: Z₀=21.820353, α=[0.000,0.000,0.000,0.000,0.000,0.000,0.181,0.000,0.000,0.000,0.000,0.000,0.000,0.000,0.000,0.000,0.000,3.031,0.000,0.000,0.000,0.000,0.000,0.000,1.016,0.000,0.000,2.730,0.000,1.472,0.000,0.000,1.514,0.000,0.000,0.000]
  Alt-Benders[1] (mw): LB=-3.658306, Z₀(α*)=9.312047, intercept=-19.029660 (0.156s) [OMP=0.125 ISP-L=0.003 ISP-F=0.012 MW-L=0.007 MW-F=0.009]
  Alt-Benders[2] (mw): LB=-2.831611, Z₀(α*)=7.104329, intercept=-24.075287 (0.147s) [OMP=0.109 ISP-L=0.003 ISP-F=0.012 MW-L=0.007 MW-F=0.011]
  Alt-Benders[3] (mw): LB=-2.552482, Z₀(α*)=16.913137, intercept=-28.725781 (0.181s) [OMP=0.159 ISP-L=0.003 ISP-F=0.011 MW-L=0.006 MW-F=0.013]
  Alt-Benders[4] (mw): LB=-0.544324, Z₀(α*)=-16.143002, intercept=-70.318788 (0.172s) [OMP=0.135 ISP-L=0.003 ISP-F=0.009 MW-L=0.006 MW-F=0.011]
  Alt-Benders[5] (mw): LB=-0.544324, Z₀(α*)=-16.143002, intercept=-70.318788 (0.141s) [OMP=0.103 ISP-L=0.003 ISP-F=0.009 MW-L=0.009 MW-F=0.011]
  OMP re-solve: 0.105s

=== True-DRO Benders iter 13 ===
  OMP: t₀=-0.544324, UB=19.626328, gap=1.03e+00, x=[0, 0, 1, 0, 0, 0, 0, 0, 0, 0, 0, 0, 0, 0, 0, 0, 0, 0, 1, 0, 0, 0, 0, 0, 0, 0, 0, 0, 0, 0, 0, 0, 0, 0, 0, 0] (0.000s)
  Sub: Z₀=20.374146 [LOCAL] (0.1s), α=[0.000,0.000,9.944,0.000,0.000,0.000,0.000,0.000,0.000,0.000,0.000,0.000,0.000,0.000,0.000,0.000,0.000,0.000,0.000,0.000,0.000,0.000,0.000,0.000,0.000,0.000,0.000,0.000,0.000,0.000,0.000,0.000,0.000,0.000,0.000,0.000]
  Iter 13: LB=-0.544324  UB=19.626328  gap=1.03e+00
  Cut: intercept=-1147.961264, π_x_range=[-822.7667, 584.4576]
  Mini-Benders[1] (mw): LB=-0.429266, Z₀(α*)=12.454202, intercept=-52.969967 (0.140s) [OMP=0.107 ISP-L=0.004 ISP-F=0.012 MW-L=0.008 MW-F=0.011]
  Mini-Benders[2] (mw): LB=-0.076976, Z₀(α*)=-10.676251, intercept=-53.717263 (0.237s) [OMP=0.193 ISP-L=0.004 ISP-F=0.013 MW-L=0.009 MW-F=0.010]
  Mini-Benders[3] (mw): LB=-0.076976, Z₀(α*)=-10.676251, intercept=-53.717263 (0.139s) [OMP=0.108 ISP-L=0.003 ISP-F=0.013 MW-L=0.007 MW-F=0.012]
  Mini-Benders[4] (mw): LB=-0.076976, Z₀(α*)=-10.676251, intercept=-53.717263 (0.140s) [OMP=0.102 ISP-L=0.003 ISP-F=0.013 MW-L=0.006 MW-F=0.012]
  Mini-Benders[5]: LB stagnated, break
  α-step: Z₀=22.654029, α=[0.000,0.000,0.000,0.000,0.000,0.000,0.000,0.000,0.000,1.530,0.000,0.000,0.000,0.000,0.000,0.000,0.000,5.692,0.000,0.000,0.000,0.000,0.000,0.000,1.197,0.000,0.000,0.000,0.000,0.000,0.000,0.000,0.000,1.526,0.000,0.000]
  Alt-Benders[1] (mw): LB=0.111606, Z₀(α*)=1.215373, intercept=-89.695876 (0.200s) [OMP=0.158 ISP-L=0.004 ISP-F=0.011 MW-L=0.006 MW-F=0.010]
  Alt-Benders[2] (mw): LB=0.148533, Z₀(α*)=-11.318768, intercept=-27.395749 (0.125s) [OMP=0.110 ISP-L=0.003 ISP-F=0.009 MW-L=0.006 MW-F=0.007]
  Alt-Benders[3] (mw): LB=0.148533, Z₀(α*)=-11.318768, intercept=-27.395749 (0.187s) [OMP=0.145 ISP-L=0.003 ISP-F=0.009 MW-L=0.009 MW-F=0.007]
  Alt-Benders[4] (mw): LB=0.148533, Z₀(α*)=-11.318768, intercept=-27.395749 (0.188s) [OMP=0.160 ISP-L=0.003 ISP-F=0.009 MW-L=0.008 MW-F=0.007]
  Alt-Benders[5]: LB stagnated, break
  OMP re-solve: 0.000s

=== True-DRO Benders iter 14 ===
  OMP: t₀=0.148533, UB=19.626328, gap=9.92e-01, x=[0, 0, 1, 0, 0, 0, 0, 0, 0, 0, 0, 0, 0, 0, 0, 0, 0, 0, 0, 0, 0, 0, 0, 0, 0, 0, 0, 1, 0, 0, 0, 0, 0, 0, 0, 0] (0.000s)
  Sub: Z₀=20.601439 [LOCAL] (0.1s), α=[0.000,0.000,9.944,0.000,0.000,0.000,0.000,0.000,0.000,0.000,0.000,0.000,0.000,0.000,0.000,0.000,0.000,0.000,0.000,0.000,0.000,0.000,0.000,0.000,0.000,0.000,0.000,0.000,0.000,0.000,0.000,0.000,0.000,0.000,0.000,0.000]
  Iter 14: LB=0.148533  UB=19.626328  gap=9.92e-01
  Cut: intercept=-1151.977744, π_x_range=[-823.2036, 587.5368]
  Mini-Benders[1] (mw): LB=0.297545, Z₀(α*)=1.362294, intercept=-22.839417 (0.157s) [OMP=0.125 ISP-L=0.004 ISP-F=0.011 MW-L=0.008 MW-F=0.010]
  Mini-Benders[2] (mw): LB=0.559005, Z₀(α*)=-17.654325, intercept=-24.954754 (0.140s) [OMP=0.111 ISP-L=0.004 ISP-F=0.010 MW-L=0.005 MW-F=0.012]
  Mini-Benders[3] (mw): LB=0.559005, Z₀(α*)=-17.654325, intercept=-24.954754 (0.141s) [OMP=0.110 ISP-L=0.004 ISP-F=0.011 MW-L=0.006 MW-F=0.012]
  Mini-Benders[4] (mw): LB=0.559005, Z₀(α*)=-17.654325, intercept=-24.954754 (0.140s) [OMP=0.109 ISP-L=0.004 ISP-F=0.011 MW-L=0.006 MW-F=0.011]
  Mini-Benders[5]: LB stagnated, break
  α-step: Z₀=19.575927, α=[0.000,0.000,0.000,0.000,0.000,2.814,0.000,0.000,0.000,0.000,0.000,0.000,0.000,2.159,0.000,0.000,0.000,2.667,0.000,0.000,0.000,0.000,0.000,0.000,0.000,0.000,0.000,0.000,0.000,0.000,0.000,0.000,0.000,2.304,0.000,0.000]
  Alt-Benders[1] (mw): LB=0.768312, Z₀(α*)=-0.658473, intercept=-20.453620 (0.143s) [OMP=0.113 ISP-L=0.003 ISP-F=0.013 MW-L=0.006 MW-F=0.010]
  Alt-Benders[2] (mw): LB=0.768312, Z₀(α*)=-0.658473, intercept=-20.453620 (0.140s) [OMP=0.105 ISP-L=0.003 ISP-F=0.012 MW-L=0.009 MW-F=0.010]
  Alt-Benders[3] (mw): LB=0.768312, Z₀(α*)=-0.658473, intercept=-20.453620 (0.141s) [OMP=0.107 ISP-L=0.003 ISP-F=0.012 MW-L=0.008 MW-F=0.010]
  Alt-Benders[4]: LB stagnated, break
  OMP re-solve: 0.000s

=== True-DRO Benders iter 15 ===
  OMP: t₀=0.768312, UB=19.626328, gap=9.61e-01, x=[0, 0, 0, 0, 0, 0, 0, 0, 0, 0, 0, 0, 0, 1, 0, 0, 0, 1, 0, 0, 0, 0, 0, 0, 0, 0, 0, 0, 0, 0, 0, 0, 0, 0, 0, 0] (0.000s)
  Sub: Z₀=23.029260 [TIME_LIMIT] (15.2s), α=[0.000,0.000,4.250,0.000,0.000,0.000,0.000,0.000,0.000,0.000,0.000,0.000,0.000,0.918,0.000,0.000,0.000,1.319,0.000,0.000,0.000,0.000,0.000,0.000,0.000,0.000,0.000,0.000,0.000,0.000,0.000,0.000,0.000,3.457,0.000,0.000]
  Iter 15: LB=0.768312  UB=19.626328  gap=9.61e-01
  Cut: intercept=-27.927757, π_x_range=[-244.0000, 38.6358]
  Mini-Benders[1] (mw): LB=0.962329, Z₀(α*)=-6.999703, intercept=-59.842906 (0.149s) [OMP=0.116 ISP-L=0.003 ISP-F=0.010 MW-L=0.008 MW-F=0.008]
  Mini-Benders[2] (mw): LB=0.962329, Z₀(α*)=-6.999703, intercept=-59.842906 (0.133s) [OMP=0.115 ISP-L=0.003 ISP-F=0.010 MW-L=0.006 MW-F=0.010]
  Mini-Benders[3] (mw): LB=0.962329, Z₀(α*)=-6.999703, intercept=-59.842906 (0.156s) [OMP=0.119 ISP-L=0.003 ISP-F=0.010 MW-L=0.006 MW-F=0.009]
  Mini-Benders[4]: LB stagnated, break
  α-step: Z₀=17.076253, α=[0.000,0.000,9.944,0.000,0.000,0.000,0.000,0.000,0.000,0.000,0.000,0.000,0.000,0.000,0.000,0.000,0.000,0.000,0.000,0.000,0.000,0.000,0.000,0.000,0.000,0.000,0.000,0.000,0.000,0.000,0.000,0.000,0.000,0.000,0.000,0.000]
  Alt-Benders[1] (mw): LB=1.215371, Z₀(α*)=-28.741324, intercept=-106.096724 (0.166s) [OMP=0.139 ISP-L=0.004 ISP-F=0.012 MW-L=0.007 MW-F=0.008]
  Alt-Benders[2] (mw): LB=1.215371, Z₀(α*)=-28.741324, intercept=-106.096724 (0.141s) [OMP=0.112 ISP-L=0.003 ISP-F=0.012 MW-L=0.009 MW-F=0.008]
  Alt-Benders[3] (mw): LB=1.215371, Z₀(α*)=-28.741324, intercept=-106.096724 (0.140s) [OMP=0.110 ISP-L=0.004 ISP-F=0.011 MW-L=0.009 MW-F=0.008]
  Alt-Benders[4]: LB stagnated, break
  OMP re-solve: 0.000s

=== True-DRO Benders iter 16 ===
  OMP: t₀=1.215371, UB=19.626328, gap=9.38e-01, x=[0, 0, 0, 0, 0, 0, 0, 0, 0, 0, 0, 0, 1, 0, 0, 0, 0, 0, 0, 0, 0, 0, 0, 0, 1, 0, 0, 0, 0, 0, 0, 0, 0, 0, 0, 0] (0.000s)
  Sub: Z₀=21.241908 [LOCAL] (0.1s), α=[0.000,0.000,0.000,0.000,0.000,0.000,0.015,0.000,0.000,0.000,0.000,0.000,0.981,0.507,0.000,0.000,0.000,3.919,0.000,0.000,0.000,0.000,0.000,0.000,0.315,0.000,0.000,0.000,0.000,0.000,0.000,0.000,0.000,4.208,0.000,0.000]
  Iter 16: LB=1.215371  UB=19.626328  gap=9.38e-01
  Cut: intercept=-1090.624648, π_x_range=[-819.6945, 562.7609]
  Mini-Benders[1] (mw): LB=1.362292, Z₀(α*)=13.348863, intercept=-21.782127 (0.156s) [OMP=0.133 ISP-L=0.003 ISP-F=0.012 MW-L=0.008 MW-F=0.010]
  Mini-Benders[2] (mw): LB=1.545020, Z₀(α*)=14.315817, intercept=-46.303393 (0.172s) [OMP=0.126 ISP-L=0.004 ISP-F=0.009 MW-L=0.007 MW-F=0.014]
  Mini-Benders[3] (mw): LB=1.627212, Z₀(α*)=4.726826, intercept=-70.556361 (0.141s) [OMP=0.110 ISP-L=0.003 ISP-F=0.010 MW-L=0.006 MW-F=0.010]
  Mini-Benders[4] (mw): LB=2.222870, Z₀(α*)=10.543533, intercept=-40.522892 (0.187s) [OMP=0.162 ISP-L=0.003 ISP-F=0.011 MW-L=0.006 MW-F=0.011]
  Mini-Benders[5] (mw): LB=2.702260, Z₀(α*)=17.477795, intercept=-53.105610 (0.172s) [OMP=0.132 ISP-L=0.003 ISP-F=0.011 MW-L=0.005 MW-F=0.010]
  α-step: Z₀=18.212620, α=[0.000,0.000,1.217,0.000,0.000,0.000,0.000,0.000,0.000,0.000,0.000,0.000,0.000,0.000,0.000,0.000,0.000,0.000,0.000,0.000,0.000,0.000,0.000,0.000,0.000,0.000,0.000,0.000,0.000,0.000,0.000,0.000,0.000,8.728,0.000,0.000]
  Alt-Benders[1] (mw): LB=4.503208, Z₀(α*)=-30.909980, intercept=-24.913932 (0.140s) [OMP=0.105 ISP-L=0.003 ISP-F=0.010 MW-L=0.008 MW-F=0.009]
  Alt-Benders[2] (mw): LB=4.503208, Z₀(α*)=-30.909980, intercept=-24.913932 (0.141s) [OMP=0.115 ISP-L=0.003 ISP-F=0.009 MW-L=0.008 MW-F=0.009]
  Alt-Benders[3] (mw): LB=4.503208, Z₀(α*)=-30.909980, intercept=-24.913932 (0.156s) [OMP=0.118 ISP-L=0.003 ISP-F=0.010 MW-L=0.008 MW-F=0.009]
  Alt-Benders[4]: LB stagnated, break
  OMP re-solve: 0.000s

=== True-DRO Benders iter 17 ===
  OMP: t₀=4.503208, UB=19.626328, gap=7.71e-01, x=[0, 0, 1, 0, 0, 0, 0, 0, 0, 0, 0, 0, 0, 1, 0, 0, 0, 0, 0, 0, 0, 0, 0, 0, 0, 0, 0, 0, 0, 0, 0, 0, 0, 0, 0, 0] (0.000s)
  Sub: Z₀=21.509564 [LOCAL] (0.1s), α=[0.000,0.000,9.796,0.000,0.000,0.000,0.000,0.000,0.000,0.000,0.000,0.000,0.000,0.000,0.000,0.000,0.000,0.148,0.000,0.000,0.000,0.000,0.000,0.000,0.000,0.000,0.000,0.000,0.000,0.000,0.000,0.000,0.000,0.000,0.000,0.000]
  Iter 17: LB=4.503208  UB=19.626328  gap=7.71e-01
  Cut: intercept=-1145.991859, π_x_range=[-821.9169, 591.8130]
  Mini-Benders[1] (mw): LB=4.550028, Z₀(α*)=-17.506313, intercept=-25.192790 (0.136s) [OMP=0.105 ISP-L=0.004 ISP-F=0.011 MW-L=0.007 MW-F=0.015]
  Mini-Benders[2] (mw): LB=4.550028, Z₀(α*)=-17.506313, intercept=-25.192790 (0.183s) [OMP=0.140 ISP-L=0.004 ISP-F=0.011 MW-L=0.006 MW-F=0.014]
  Mini-Benders[3] (mw): LB=4.550028, Z₀(α*)=-17.506313, intercept=-25.192790 (0.161s) [OMP=0.135 ISP-L=0.004 ISP-F=0.011 MW-L=0.006 MW-F=0.014]
  Mini-Benders[4]: LB stagnated, break
  α-step: Z₀=19.575927, α=[0.000,0.000,0.000,0.000,0.000,1.467,0.000,0.000,0.000,0.000,0.000,0.000,0.000,3.506,0.000,0.000,0.000,2.667,0.000,0.000,0.000,0.000,0.000,0.000,0.000,0.000,0.000,0.000,0.000,0.000,0.000,0.000,2.304,0.000,0.000,0.000]
  Alt-Benders[1] (mw): LB=4.726824, Z₀(α*)=13.310428, intercept=-74.636536 (0.156s) [OMP=0.108 ISP-L=0.003 ISP-F=0.012 MW-L=0.008 MW-F=0.010]
  Alt-Benders[2] (mw): LB=4.882386, Z₀(α*)=-2.910838, intercept=-40.333763 (0.148s) [OMP=0.113 ISP-L=0.004 ISP-F=0.011 MW-L=0.008 MW-F=0.009]
  Alt-Benders[3] (mw): LB=4.882386, Z₀(α*)=-2.910838, intercept=-40.333763 (0.149s) [OMP=0.125 ISP-L=0.004 ISP-F=0.011 MW-L=0.008 MW-F=0.009]
  Alt-Benders[4] (mw): LB=4.882386, Z₀(α*)=-2.910838, intercept=-40.333763 (0.156s) [OMP=0.123 ISP-L=0.004 ISP-F=0.011 MW-L=0.008 MW-F=0.009]
  Alt-Benders[5]: LB stagnated, break
  OMP re-solve: 0.000s

=== True-DRO Benders iter 18 ===
  OMP: t₀=4.882386, UB=19.626328, gap=7.51e-01, x=[0, 0, 0, 0, 0, 0, 1, 0, 0, 0, 0, 0, 1, 0, 0, 0, 0, 0, 0, 0, 0, 0, 0, 0, 0, 0, 0, 0, 0, 0, 0, 0, 0, 0, 0, 0] (0.000s)
  Sub: Z₀=22.313679 [LOCAL] (0.2s), α=[0.000,0.000,2.890,0.000,0.000,0.000,0.000,0.000,0.000,0.000,0.000,0.000,2.091,0.000,0.000,0.000,0.000,0.486,0.000,0.000,0.000,0.000,0.000,0.000,0.000,0.000,0.000,0.000,0.000,0.000,0.000,0.000,0.000,4.477,0.000,0.000]
  Iter 18: LB=4.882386  UB=19.626328  gap=7.51e-01
  Cut: intercept=-1133.451120, π_x_range=[-819.6525, 582.8264]
  Mini-Benders[1] (mw): LB=5.056418, Z₀(α*)=15.926370, intercept=-21.769959 (0.172s) [OMP=0.139 ISP-L=0.003 ISP-F=0.012 MW-L=0.006 MW-F=0.011]
  Mini-Benders[2] (mw): LB=5.117551, Z₀(α*)=-6.548762, intercept=-36.630185 (0.140s) [OMP=0.110 ISP-L=0.003 ISP-F=0.011 MW-L=0.008 MW-F=0.010]
  Mini-Benders[3] (mw): LB=5.117551, Z₀(α*)=-6.548762, intercept=-36.630185 (0.141s) [OMP=0.107 ISP-L=0.003 ISP-F=0.011 MW-L=0.007 MW-F=0.011]
  Mini-Benders[4] (mw): LB=5.117551, Z₀(α*)=-6.548762, intercept=-36.630185 (0.141s) [OMP=0.105 ISP-L=0.003 ISP-F=0.011 MW-L=0.007 MW-F=0.009]
  Mini-Benders[5]: LB stagnated, break
  α-step: Z₀=18.375933, α=[0.000,0.000,0.000,0.000,0.000,0.518,0.000,0.000,0.000,0.000,0.000,0.000,0.000,6.084,0.000,0.000,0.000,1.762,0.000,0.000,0.000,0.000,0.000,0.000,0.000,0.000,0.000,0.000,0.000,0.000,0.000,0.000,0.000,1.580,0.000,0.000]
  Alt-Benders[1] (mw): LB=5.212332, Z₀(α*)=8.014817, intercept=-61.201704 (0.141s) [OMP=0.114 ISP-L=0.003 ISP-F=0.011 MW-L=0.008 MW-F=0.008]
  Alt-Benders[2] (mw): LB=5.350098, Z₀(α*)=-16.116036, intercept=-59.717593 (0.156s) [OMP=0.116 ISP-L=0.003 ISP-F=0.012 MW-L=0.007 MW-F=0.010]
  Alt-Benders[3] (mw): LB=5.350098, Z₀(α*)=-16.116036, intercept=-59.717593 (0.156s) [OMP=0.122 ISP-L=0.003 ISP-F=0.012 MW-L=0.005 MW-F=0.012]
  Alt-Benders[4] (mw): LB=5.350098, Z₀(α*)=-16.116036, intercept=-59.717593 (0.156s) [OMP=0.129 ISP-L=0.003 ISP-F=0.012 MW-L=0.005 MW-F=0.012]
  Alt-Benders[5]: LB stagnated, break
  OMP re-solve: 0.000s

=== True-DRO Benders iter 19 ===
  OMP: t₀=5.350098, UB=19.626328, gap=7.27e-01, x=[0, 0, 0, 0, 0, 0, 0, 0, 0, 1, 0, 0, 0, 0, 0, 0, 0, 0, 0, 1, 0, 0, 0, 0, 0, 0, 0, 0, 0, 0, 0, 0, 0, 0, 0, 0] (0.000s)
  Sub: Z₀=22.994123 [LOCAL] (0.2s), α=[0.000,0.000,4.803,0.000,0.000,0.000,0.000,0.000,0.000,1.223,0.000,0.000,0.000,0.000,0.000,0.000,0.000,0.000,0.000,0.000,0.000,0.000,0.000,0.000,0.000,0.000,0.000,0.000,0.000,0.000,0.000,0.000,1.229,2.690,0.000,0.000]
  Iter 19: LB=5.350098  UB=19.626328  gap=7.27e-01
  Cut: intercept=-1119.964704, π_x_range=[-825.4775, 578.5550]
  Mini-Benders[1] (mw): LB=5.394500, Z₀(α*)=-0.156080, intercept=-72.922704 (0.172s) [OMP=0.130 ISP-L=0.003 ISP-F=0.011 MW-L=0.007 MW-F=0.012]
  Mini-Benders[2] (mw): LB=5.394500, Z₀(α*)=-0.156080, intercept=-72.922704 (0.140s) [OMP=0.116 ISP-L=0.003 ISP-F=0.011 MW-L=0.007 MW-F=0.010]
  Mini-Benders[3] (mw): LB=5.394500, Z₀(α*)=-0.156080, intercept=-72.922704 (0.156s) [OMP=0.115 ISP-L=0.003 ISP-F=0.012 MW-L=0.009 MW-F=0.010]
  Mini-Benders[4]: LB stagnated, break
  α-step: Z₀=19.529929, α=[0.000,0.000,0.000,0.000,0.000,0.000,0.000,0.000,0.000,0.000,0.000,0.000,0.000,0.000,0.000,0.000,0.000,3.895,0.000,0.000,0.000,0.000,0.000,0.000,0.000,0.000,0.000,0.000,0.000,0.000,0.000,0.000,0.000,6.049,0.000,0.000]
  Alt-Benders[1] (mw): LB=5.708335, Z₀(α*)=21.601462, intercept=5.011979 (0.149s) [OMP=0.118 ISP-L=0.003 ISP-F=0.010 MW-L=0.009 MW-F=0.008]
  Alt-Benders[2] (mw): LB=5.794936, Z₀(α*)=-8.900647, intercept=-25.745593 (0.188s) [OMP=0.171 ISP-L=0.003 ISP-F=0.009 MW-L=0.006 MW-F=0.011]
  Alt-Benders[3] (mw): LB=5.794936, Z₀(α*)=-8.900647, intercept=-25.745593 (0.141s) [OMP=0.108 ISP-L=0.003 ISP-F=0.009 MW-L=0.007 MW-F=0.010]
  Alt-Benders[4] (mw): LB=5.794936, Z₀(α*)=-8.900647, intercept=-25.745593 (0.140s) [OMP=0.109 ISP-L=0.003 ISP-F=0.009 MW-L=0.006 MW-F=0.010]
  Alt-Benders[5]: LB stagnated, break
  OMP re-solve: 0.000s

=== True-DRO Benders iter 20 ===
  OMP: t₀=5.794936, UB=19.626328, gap=7.05e-01, x=[0, 0, 1, 0, 0, 0, 0, 0, 0, 0, 0, 0, 0, 0, 0, 0, 0, 0, 0, 0, 0, 0, 0, 0, 0, 0, 0, 0, 1, 0, 0, 0, 0, 0, 0, 0] (0.000s)
  Sub: Z₀=21.483652 (0.2s), α=[0.000,0.000,9.944,0.000,0.000,0.000,0.000,0.000,0.000,0.000,0.000,0.000,0.000,0.000,0.000,0.000,0.000,0.000,0.000,0.000,0.000,0.000,0.000,0.000,0.000,0.000,0.000,0.000,0.000,0.000,0.000,0.000,0.000,0.000,0.000,0.000]
  Iter 20: LB=5.794936  UB=19.626328  gap=7.05e-01
  Cut: intercept=-145.883983, π_x_range=[-252.0000, 106.9533]
  Sherali-Cut: intercept=-24.271499, π_x_range=[-74.5225, 45.7549]
  Mini-Benders[1] (mw): LB=5.977752, Z₀(α*)=-17.582361, intercept=-28.566833 (0.138s) [OMP=0.109 ISP-L=0.004 ISP-F=0.011 MW-L=0.007 MW-F=0.009]
  Mini-Benders[2] (mw): LB=5.977752, Z₀(α*)=-17.582361, intercept=-28.566833 (0.140s) [OMP=0.106 ISP-L=0.004 ISP-F=0.011 MW-L=0.007 MW-F=0.009]
  Mini-Benders[3] (mw): LB=5.977752, Z₀(α*)=-17.582361, intercept=-28.566833 (0.142s) [OMP=0.109 ISP-L=0.004 ISP-F=0.010 MW-L=0.007 MW-F=0.009]
  Mini-Benders[4]: LB stagnated, break
  α-step: Z₀=19.611908, α=[0.000,0.000,2.811,0.000,0.000,2.478,0.000,0.000,0.000,0.000,0.000,0.000,0.000,2.423,0.000,0.000,0.000,0.000,0.000,0.000,0.000,0.000,0.000,0.000,0.000,0.000,0.000,0.000,0.000,0.000,0.000,0.000,0.996,1.237,0.000,0.000]
  Alt-Benders[1] (mw): LB=6.230911, Z₀(α*)=20.199761, intercept=-23.155645 (0.156s) [OMP=0.110 ISP-L=0.004 ISP-F=0.010 MW-L=0.006 MW-F=0.012]
  Alt-Benders[2] (mw): LB=6.457185, Z₀(α*)=10.835921, intercept=-73.682423 (0.140s) [OMP=0.120 ISP-L=0.004 ISP-F=0.010 MW-L=0.007 MW-F=0.011]
  Alt-Benders[3] (mw): LB=6.466763, Z₀(α*)=22.617458, intercept=-27.411670 (0.172s) [OMP=0.127 ISP-L=0.003 ISP-F=0.012 MW-L=0.006 MW-F=0.017]
  Alt-Benders[4] (mw): LB=6.520610, Z₀(α*)=-4.272679, intercept=-67.276984 (0.141s) [OMP=0.120 ISP-L=0.003 ISP-F=0.009 MW-L=0.006 MW-F=0.009]
  Alt-Benders[5] (mw): LB=6.520610, Z₀(α*)=-4.272679, intercept=-67.276984 (0.140s) [OMP=0.106 ISP-L=0.003 ISP-F=0.009 MW-L=0.008 MW-F=0.009]
  OMP re-solve: 0.106s

=== True-DRO Benders iter 21 ===
  OMP: t₀=6.520610, UB=19.626328, gap=6.68e-01, x=[0, 0, 0, 0, 0, 0, 0, 0, 0, 0, 0, 0, 0, 0, 0, 0, 0, 0, 0, 0, 0, 0, 0, 0, 1, 0, 1, 0, 0, 0, 0, 0, 0, 0, 0, 0] (0.000s)
  Sub: Z₀=22.571849 [LOCAL] (0.1s), α=[0.000,0.000,0.000,0.000,0.000,0.000,0.000,0.000,0.000,0.000,0.000,0.000,0.000,0.000,0.000,0.000,0.000,4.162,0.000,0.000,0.000,0.000,0.000,0.000,2.752,0.000,0.000,0.000,0.000,0.000,0.000,0.000,0.906,2.124,0.000,0.000]
  Iter 21: LB=6.520610  UB=19.626328  gap=6.68e-01
  Cut: intercept=-1128.604350, π_x_range=[-820.4768, 590.4706]
  Mini-Benders[1] (mw): LB=6.635845, Z₀(α*)=-5.081587, intercept=-39.858094 (0.157s) [OMP=0.115 ISP-L=0.003 ISP-F=0.010 MW-L=0.008 MW-F=0.010]
  Mini-Benders[2] (mw): LB=6.635845, Z₀(α*)=-5.081587, intercept=-39.858094 (0.140s) [OMP=0.122 ISP-L=0.003 ISP-F=0.010 MW-L=0.008 MW-F=0.010]
  Mini-Benders[3] (mw): LB=6.635845, Z₀(α*)=-5.081587, intercept=-39.858094 (0.157s) [OMP=0.117 ISP-L=0.003 ISP-F=0.010 MW-L=0.006 MW-F=0.012]
  Mini-Benders[4]: LB stagnated, break
  α-step: Z₀=23.656667, α=[0.000,0.000,5.210,0.000,0.000,0.000,0.000,0.000,0.000,0.000,0.000,0.000,0.000,0.000,0.000,0.000,0.000,0.000,0.000,0.000,0.000,0.000,0.000,0.000,0.000,0.000,0.000,0.000,0.000,0.409,0.000,0.000,1.229,3.097,0.000,0.000]
  Alt-Benders[1] (mw): LB=6.942350, Z₀(α*)=24.376726, intercept=-47.698379 (0.140s) [OMP=0.119 ISP-L=0.003 ISP-F=0.011 MW-L=0.006 MW-F=0.011]
  Alt-Benders[2] (mw): LB=7.104327, Z₀(α*)=22.618990, intercept=-5.261937 (0.156s) [OMP=0.121 ISP-L=0.003 ISP-F=0.011 MW-L=0.007 MW-F=0.010]
  Alt-Benders[3] (mw): LB=7.287244, Z₀(α*)=10.610336, intercept=-11.312950 (0.157s) [OMP=0.121 ISP-L=0.004 ISP-F=0.010 MW-L=0.008 MW-F=0.009]
  Alt-Benders[4] (mw): LB=7.307889, Z₀(α*)=13.205411, intercept=-68.423559 (0.141s) [OMP=0.111 ISP-L=0.004 ISP-F=0.011 MW-L=0.007 MW-F=0.008]
  Alt-Benders[5] (mw): LB=7.348465, Z₀(α*)=17.641054, intercept=-11.427929 (0.140s) [OMP=0.115 ISP-L=0.004 ISP-F=0.011 MW-L=0.008 MW-F=0.008]
  OMP re-solve: 0.108s

=== True-DRO Benders iter 22 ===
  OMP: t₀=7.770033, UB=19.626328, gap=6.04e-01, x=[0, 0, 0, 0, 0, 0, 0, 0, 0, 0, 0, 0, 0, 0, 0, 0, 0, 0, 0, 0, 0, 0, 1, 0, 1, 0, 0, 0, 0, 0, 0, 0, 0, 0, 0, 0] (0.000s)
  Sub: Z₀=19.956980 [LOCAL] (0.2s), α=[0.000,0.000,0.000,0.000,0.000,0.045,0.075,0.000,0.000,0.000,0.000,0.000,0.000,1.026,0.000,0.000,0.000,3.271,0.000,0.000,0.000,0.000,1.385,0.000,2.147,0.000,0.000,0.000,0.000,0.000,0.000,0.000,1.686,0.310,0.000,0.000]
  Iter 22: LB=7.770033  UB=19.626328  gap=6.04e-01
  Cut: intercept=-1075.161998, π_x_range=[-818.5085, 554.0152]
  Mini-Benders[1] (mw): LB=7.784104, Z₀(α*)=5.119356, intercept=-16.147965 (0.125s) [OMP=0.101 ISP-L=0.003 ISP-F=0.010 MW-L=0.006 MW-F=0.012]
  Mini-Benders[2] (mw): LB=7.784104, Z₀(α*)=5.119356, intercept=-16.147965 (0.156s) [OMP=0.114 ISP-L=0.003 ISP-F=0.010 MW-L=0.006 MW-F=0.011]
  Mini-Benders[3] (mw): LB=7.784104, Z₀(α*)=5.119356, intercept=-16.147965 (0.141s) [OMP=0.114 ISP-L=0.003 ISP-F=0.010 MW-L=0.006 MW-F=0.011]
  Mini-Benders[4]: LB stagnated, break
  α-step: Z₀=23.825573, α=[0.000,0.000,2.306,0.000,0.000,0.000,0.000,0.000,0.000,0.000,0.000,0.000,0.000,0.000,0.000,0.000,0.000,2.807,0.000,0.000,0.000,0.000,0.000,0.000,0.000,0.000,0.000,0.000,0.000,0.619,0.000,0.000,4.212,0.000,0.000,0.000]
  Alt-Benders[1] (mw): LB=7.872049, Z₀(α*)=2.915727, intercept=-30.499572 (0.111s) [OMP=0.085 ISP-L=0.003 ISP-F=0.011 MW-L=0.007 MW-F=0.007]
  Alt-Benders[2] (mw): LB=7.872049, Z₀(α*)=2.915727, intercept=-30.499572 (0.172s) [OMP=0.147 ISP-L=0.003 ISP-F=0.010 MW-L=0.008 MW-F=0.007]
  Alt-Benders[3] (mw): LB=7.872049, Z₀(α*)=2.915727, intercept=-30.499572 (0.172s) [OMP=0.148 ISP-L=0.003 ISP-F=0.010 MW-L=0.007 MW-F=0.007]
  Alt-Benders[4]: LB stagnated, break
  OMP re-solve: 0.000s

=== True-DRO Benders iter 23 ===
  OMP: t₀=7.872049, UB=19.626328, gap=5.99e-01, x=[0, 0, 0, 0, 0, 0, 0, 0, 0, 1, 0, 0, 0, 0, 0, 0, 0, 0, 0, 0, 0, 0, 0, 0, 0, 0, 0, 1, 0, 0, 0, 0, 0, 0, 0, 0] (0.000s)
  Sub: Z₀=22.796991 [LOCAL] (0.3s), α=[0.000,0.000,5.422,0.000,0.000,0.000,0.000,0.000,0.000,0.000,0.000,0.000,0.000,0.000,0.000,0.000,0.000,0.000,0.000,0.000,0.000,0.000,0.000,0.000,0.000,0.000,0.000,0.000,0.000,0.000,0.000,0.000,0.932,3.590,0.000,0.000]
  Iter 23: LB=7.872049  UB=19.626328  gap=5.99e-01
  Cut: intercept=-1119.867999, π_x_range=[-825.0570, 571.9684]
  Mini-Benders[1] (mw): LB=7.921887, Z₀(α*)=3.216800, intercept=-62.572401 (0.141s) [OMP=0.100 ISP-L=0.003 ISP-F=0.012 MW-L=0.007 MW-F=0.011]
  Mini-Benders[2] (mw): LB=7.921887, Z₀(α*)=3.216800, intercept=-62.572401 (0.156s) [OMP=0.121 ISP-L=0.003 ISP-F=0.011 MW-L=0.006 MW-F=0.010]
  Mini-Benders[3] (mw): LB=7.921887, Z₀(α*)=3.216800, intercept=-62.572401 (0.144s) [OMP=0.116 ISP-L=0.003 ISP-F=0.011 MW-L=0.006 MW-F=0.011]
  Mini-Benders[4]: LB stagnated, break
  α-step: Z₀=20.729772, α=[0.000,0.000,3.334,0.000,0.000,0.000,0.000,0.000,0.000,0.000,0.000,0.000,0.000,0.000,0.000,0.000,0.000,0.000,0.000,0.000,0.000,0.000,4.177,0.000,0.000,0.000,0.000,0.000,0.000,0.000,0.000,0.000,2.433,0.000,0.000,0.000]
  Alt-Benders[1] (mw): LB=8.014815, Z₀(α*)=-20.187490, intercept=-55.011376 (0.125s) [OMP=0.093 ISP-L=0.004 ISP-F=0.011 MW-L=0.008 MW-F=0.009]
  Alt-Benders[2] (mw): LB=8.014815, Z₀(α*)=-20.187490, intercept=-55.011376 (0.123s) [OMP=0.089 ISP-L=0.004 ISP-F=0.011 MW-L=0.008 MW-F=0.009]
  Alt-Benders[3] (mw): LB=8.014815, Z₀(α*)=-20.187490, intercept=-55.011376 (0.112s) [OMP=0.089 ISP-L=0.003 ISP-F=0.011 MW-L=0.008 MW-F=0.009]
  Alt-Benders[4]: LB stagnated, break
  OMP re-solve: 0.000s

=== True-DRO Benders iter 24 ===
  OMP: t₀=8.014815, UB=19.626328, gap=5.92e-01, x=[0, 0, 0, 0, 0, 0, 0, 0, 0, 0, 0, 0, 1, 0, 0, 0, 0, 0, 0, 0, 0, 0, 0, 0, 0, 0, 0, 0, 0, 1, 0, 0, 0, 0, 0, 0] (0.000s)
  Sub: Z₀=22.313679 [LOCAL] (0.2s), α=[0.000,0.000,3.348,0.000,0.000,0.000,0.000,0.000,0.000,0.000,0.000,0.000,0.703,2.246,0.000,0.000,0.000,0.028,0.000,0.000,0.000,0.000,0.000,0.000,0.000,0.000,0.000,0.000,0.000,0.000,0.000,0.000,0.000,3.620,0.000,0.000]
  Iter 24: LB=8.014815  UB=19.626328  gap=5.92e-01
  Cut: intercept=-1141.950376, π_x_range=[-818.0865, 594.7896]
  Mini-Benders[1] (mw): LB=8.239658, Z₀(α*)=21.329689, intercept=-87.718494 (0.141s) [OMP=0.106 ISP-L=0.003 ISP-F=0.010 MW-L=0.006 MW-F=0.012]
  Mini-Benders[2] (mw): LB=8.260838, Z₀(α*)=7.722413, intercept=-30.412644 (0.140s) [OMP=0.110 ISP-L=0.003 ISP-F=0.011 MW-L=0.006 MW-F=0.010]
  Mini-Benders[3] (mw): LB=8.260838, Z₀(α*)=7.722413, intercept=-30.412644 (0.125s) [OMP=0.103 ISP-L=0.004 ISP-F=0.010 MW-L=0.006 MW-F=0.010]
  Mini-Benders[4] (mw): LB=8.260838, Z₀(α*)=7.722413, intercept=-30.412644 (0.141s) [OMP=0.101 ISP-L=0.003 ISP-F=0.011 MW-L=0.006 MW-F=0.008]
  Mini-Benders[5]: LB stagnated, break
  α-step: Z₀=21.671454, α=[0.000,0.000,3.456,0.000,0.000,0.000,0.000,0.000,0.000,0.000,0.000,0.000,0.000,0.000,0.000,0.000,0.000,0.000,0.000,0.000,0.000,0.000,0.000,0.000,0.000,0.000,0.000,0.000,0.000,0.000,0.000,0.000,0.000,6.488,0.000,0.000]
  Alt-Benders[1] (mw): LB=8.359565, Z₀(α*)=5.346836, intercept=-66.446410 (0.140s) [OMP=0.111 ISP-L=0.003 ISP-F=0.012 MW-L=0.008 MW-F=0.008]
  Alt-Benders[2] (mw): LB=8.359565, Z₀(α*)=5.346836, intercept=-66.446410 (0.125s) [OMP=0.095 ISP-L=0.003 ISP-F=0.011 MW-L=0.008 MW-F=0.008]
  Alt-Benders[3] (mw): LB=8.359565, Z₀(α*)=5.346836, intercept=-66.446410 (0.141s) [OMP=0.095 ISP-L=0.003 ISP-F=0.012 MW-L=0.006 MW-F=0.010]
  Alt-Benders[4]: LB stagnated, break
  OMP re-solve: 0.000s

=== True-DRO Benders iter 25 ===
  OMP: t₀=8.359565, UB=19.626328, gap=5.74e-01, x=[0, 0, 0, 0, 0, 0, 0, 0, 0, 0, 0, 0, 0, 0, 0, 0, 0, 0, 0, 0, 0, 0, 0, 0, 1, 0, 0, 0, 0, 0, 0, 0, 1, 0, 0, 0] (0.000s)
  Sub: Z₀=18.298634 [TIME_LIMIT] (15.1s), α=[0.000,0.000,0.391,0.000,0.000,0.000,0.000,0.000,0.000,0.788,0.000,0.000,0.000,0.000,0.000,0.000,0.000,0.603,0.000,0.000,0.000,0.000,0.000,0.000,0.721,0.000,0.000,0.000,0.000,0.000,0.000,0.000,6.446,0.995,0.000,0.000]
  Iter 25: LB=8.359565  UB=19.080927  gap=5.62e-01
  Cut: intercept=-84.598885, π_x_range=[-211.7020, 64.2167]
  Mini-Benders[1] (mw): LB=9.111452, Z₀(α*)=-4.536050, intercept=-70.114574 (0.359s) [OMP=0.321 ISP-L=0.003 ISP-F=0.011 MW-L=0.006 MW-F=0.012]
  Mini-Benders[2] (mw): LB=9.111452, Z₀(α*)=-4.536050, intercept=-70.114574 (0.367s) [OMP=0.335 ISP-L=0.003 ISP-F=0.011 MW-L=0.006 MW-F=0.012]
  Mini-Benders[3] (mw): LB=9.111452, Z₀(α*)=-4.536050, intercept=-70.114574 (0.352s) [OMP=0.332 ISP-L=0.003 ISP-F=0.010 MW-L=0.006 MW-F=0.010]
  Mini-Benders[4]: LB stagnated, break
  α-step: Z₀=19.216838, α=[0.000,0.000,5.063,0.000,0.000,0.000,0.000,0.000,0.000,0.000,0.000,0.000,0.000,0.000,0.000,0.000,0.000,0.000,0.000,0.000,0.000,0.000,0.000,0.000,0.000,0.000,0.000,0.000,0.000,0.000,0.000,0.000,0.000,4.881,0.000,0.000]
  Alt-Benders[1] (mw): LB=9.312045, Z₀(α*)=13.727867, intercept=-8.101649 (0.264s) [OMP=0.227 ISP-L=0.004 ISP-F=0.012 MW-L=0.008 MW-F=0.007]
  Alt-Benders[2] (mw): LB=9.385560, Z₀(α*)=24.690426, intercept=24.690429 (0.234s) [OMP=0.200 ISP-L=0.003 ISP-F=0.011 MW-L=0.009 MW-F=0.009]
  Alt-Benders[3] (mw): LB=9.496182, Z₀(α*)=9.496184, intercept=-76.874409 (0.219s) [OMP=0.191 ISP-L=0.003 ISP-F=0.012 MW-L=0.006 MW-F=0.012]
  Alt-Benders[4] (mw): LB=9.496182, Z₀(α*)=9.496184, intercept=-76.874409 (0.234s) [OMP=0.192 ISP-L=0.003 ISP-F=0.012 MW-L=0.006 MW-F=0.012]
  Alt-Benders[5] (mw): LB=9.496182, Z₀(α*)=9.496184, intercept=-76.874409 (0.219s) [OMP=0.181 ISP-L=0.003 ISP-F=0.012 MW-L=0.007 MW-F=0.014]
  OMP re-solve: 0.175s

=== True-DRO Benders iter 26 ===
  OMP: t₀=9.496182, UB=19.080927, gap=5.02e-01, x=[0, 0, 0, 0, 0, 0, 0, 0, 0, 0, 0, 0, 0, 0, 0, 0, 0, 0, 0, 0, 0, 0, 0, 0, 1, 0, 0, 0, 1, 0, 0, 0, 0, 0, 0, 0] (0.000s)
  Sub: Z₀=22.172993 [LOCAL] (0.2s), α=[0.000,0.000,0.740,0.000,0.000,0.000,0.036,0.000,0.000,0.000,0.000,0.000,0.000,0.000,0.000,0.000,0.000,3.730,0.000,0.000,0.000,0.000,0.000,0.000,1.901,0.000,0.000,0.602,0.651,0.118,0.172,0.000,0.227,1.768,0.000,0.000]
  Iter 26: LB=9.496182  UB=19.080927  gap=5.02e-01
  Cut: intercept=-1081.894970, π_x_range=[-821.2689, 557.2491]
  Mini-Benders[1] (mw): LB=9.892764, Z₀(α*)=5.098672, intercept=-65.648731 (0.187s) [OMP=0.158 ISP-L=0.003 ISP-F=0.011 MW-L=0.009 MW-F=0.009]
  Mini-Benders[2] (mw): LB=9.892764, Z₀(α*)=5.098672, intercept=-65.648731 (0.218s) [OMP=0.179 ISP-L=0.003 ISP-F=0.011 MW-L=0.009 MW-F=0.009]
  Mini-Benders[3] (mw): LB=9.892764, Z₀(α*)=5.098672, intercept=-65.648731 (0.204s) [OMP=0.182 ISP-L=0.003 ISP-F=0.011 MW-L=0.009 MW-F=0.009]
  Mini-Benders[4]: LB stagnated, break
  α-step: Z₀=18.330806, α=[0.000,0.000,0.000,0.000,0.000,0.254,0.000,0.000,0.000,0.000,0.000,0.000,0.000,1.365,0.000,0.000,0.000,4.254,0.000,0.000,0.000,0.000,0.000,0.000,0.000,0.000,0.000,0.000,0.000,0.000,0.000,0.000,0.000,4.072,0.000,0.000]
  Alt-Benders[1] (mw): LB=10.027943, Z₀(α*)=16.982041, intercept=-57.951843 (0.203s) [OMP=0.183 ISP-L=0.004 ISP-F=0.011 MW-L=0.007 MW-F=0.011]
  Alt-Benders[2] (mw): LB=10.140070, Z₀(α*)=13.195794, intercept=-40.677727 (0.172s) [OMP=0.128 ISP-L=0.003 ISP-F=0.013 MW-L=0.006 MW-F=0.009]
  Alt-Benders[3] (mw): LB=10.143372, Z₀(α*)=-7.327688, intercept=-80.624940 (0.188s) [OMP=0.161 ISP-L=0.003 ISP-F=0.009 MW-L=0.006 MW-F=0.011]
  Alt-Benders[4] (mw): LB=10.143372, Z₀(α*)=-7.327688, intercept=-80.624940 (0.172s) [OMP=0.147 ISP-L=0.004 ISP-F=0.009 MW-L=0.006 MW-F=0.010]
  Alt-Benders[5] (mw): LB=10.143372, Z₀(α*)=-7.327688, intercept=-80.624940 (0.187s) [OMP=0.144 ISP-L=0.003 ISP-F=0.009 MW-L=0.008 MW-F=0.010]
  OMP re-solve: 0.137s

=== True-DRO Benders iter 27 ===
  OMP: t₀=10.143372, UB=19.080927, gap=4.68e-01, x=[0, 0, 0, 0, 0, 1, 0, 0, 0, 0, 0, 0, 0, 0, 0, 0, 0, 0, 0, 0, 0, 0, 1, 0, 0, 0, 0, 0, 0, 0, 0, 0, 0, 0, 0, 0] (0.000s)
  Sub: Z₀=17.342989 [LOCAL] (0.1s), α=[0.000,0.000,0.000,0.000,0.000,9.017,0.000,0.000,0.000,0.000,0.000,0.000,0.000,0.928,0.000,0.000,0.000,0.000,0.000,0.000,0.000,0.000,0.000,0.000,0.000,0.000,0.000,0.000,0.000,0.000,0.000,0.000,0.000,0.000,0.000,0.000]
  Iter 27: LB=10.143372  UB=19.080927  gap=4.68e-01
  Cut: intercept=-1135.149887, π_x_range=[-818.4776, 581.1198]
  Mini-Benders[1] (mw): LB=10.256743, Z₀(α*)=-22.715872, intercept=-91.487928 (0.171s) [OMP=0.141 ISP-L=0.003 ISP-F=0.011 MW-L=0.009 MW-F=0.009]
  Mini-Benders[2] (mw): LB=10.256743, Z₀(α*)=-22.715872, intercept=-91.487928 (0.187s) [OMP=0.152 ISP-L=0.003 ISP-F=0.011 MW-L=0.006 MW-F=0.011]
  Mini-Benders[3] (mw): LB=10.256743, Z₀(α*)=-22.715872, intercept=-91.487928 (0.189s) [OMP=0.149 ISP-L=0.003 ISP-F=0.010 MW-L=0.006 MW-F=0.011]
  Mini-Benders[4]: LB stagnated, break
  α-step: Z₀=22.777626, α=[0.000,0.000,4.182,0.000,0.000,0.000,0.000,0.000,0.000,0.000,0.000,0.000,0.000,0.000,0.000,0.000,0.000,0.000,0.000,0.000,0.000,0.000,2.481,0.000,0.000,0.000,0.000,0.000,0.000,0.000,0.000,0.000,0.748,2.534,0.000,0.000]
  Alt-Benders[1] (mw): LB=10.272798, Z₀(α*)=11.857932, intercept=-7.243474 (0.172s) [OMP=0.139 ISP-L=0.003 ISP-F=0.012 MW-L=0.005 MW-F=0.010]
  Alt-Benders[2] (mw): LB=10.313477, Z₀(α*)=-1.356800, intercept=-30.723103 (0.173s) [OMP=0.139 ISP-L=0.003 ISP-F=0.010 MW-L=0.008 MW-F=0.008]
  Alt-Benders[3] (mw): LB=10.313477, Z₀(α*)=-1.356800, intercept=-30.723103 (0.170s) [OMP=0.150 ISP-L=0.003 ISP-F=0.010 MW-L=0.007 MW-F=0.008]
  Alt-Benders[4] (mw): LB=10.313477, Z₀(α*)=-1.356800, intercept=-30.723103 (0.203s) [OMP=0.162 ISP-L=0.003 ISP-F=0.011 MW-L=0.007 MW-F=0.008]
  Alt-Benders[5]: LB stagnated, break
  OMP re-solve: 0.000s

=== True-DRO Benders iter 28 ===
  OMP: t₀=10.313477, UB=19.080927, gap=4.59e-01, x=[0, 0, 1, 0, 0, 0, 0, 0, 0, 0, 0, 0, 0, 0, 0, 0, 0, 0, 0, 0, 0, 1, 0, 0, 0, 0, 0, 0, 0, 0, 0, 0, 0, 0, 0, 0] (0.000s)
  Sub: Z₀=21.929726 [LOCAL] (0.1s), α=[0.000,0.000,9.900,0.000,0.000,0.000,0.000,0.000,0.000,0.000,0.000,0.000,0.000,0.000,0.000,0.000,0.000,0.045,0.000,0.000,0.000,0.000,0.000,0.000,0.000,0.000,0.000,0.000,0.000,0.000,0.000,0.000,0.000,0.000,0.000,0.000]
  Iter 28: LB=10.313477  UB=19.080927  gap=4.59e-01
  Cut: intercept=-1124.635246, π_x_range=[-819.6669, 574.1641]
  Mini-Benders[1] (mw): LB=10.543531, Z₀(α*)=-0.942818, intercept=-54.029913 (0.171s) [OMP=0.137 ISP-L=0.003 ISP-F=0.012 MW-L=0.006 MW-F=0.012]
  Mini-Benders[2] (mw): LB=10.543531, Z₀(α*)=-0.942818, intercept=-54.029913 (0.188s) [OMP=0.145 ISP-L=0.004 ISP-F=0.013 MW-L=0.006 MW-F=0.011]
  Mini-Benders[3] (mw): LB=10.543531, Z₀(α*)=-0.942818, intercept=-54.029913 (0.172s) [OMP=0.148 ISP-L=0.004 ISP-F=0.012 MW-L=0.006 MW-F=0.011]
  Mini-Benders[4]: LB stagnated, break
  α-step: Z₀=23.092604, α=[0.000,0.000,5.444,0.000,0.000,0.635,0.000,0.000,0.000,0.000,0.000,0.000,0.000,1.309,0.000,0.000,0.000,0.000,0.000,0.000,0.000,0.000,0.000,0.000,0.000,0.000,0.000,0.000,0.000,0.000,0.000,0.000,1.090,1.467,0.000,0.000]
  Alt-Benders[1] (mw): LB=10.610334, Z₀(α*)=6.135838, intercept=-12.197296 (0.156s) [OMP=0.137 ISP-L=0.003 ISP-F=0.010 MW-L=0.008 MW-F=0.008]
  Alt-Benders[2] (mw): LB=10.610334, Z₀(α*)=6.135838, intercept=-12.197296 (0.188s) [OMP=0.154 ISP-L=0.005 ISP-F=0.011 MW-L=0.008 MW-F=0.009]
  Alt-Benders[3] (mw): LB=10.610334, Z₀(α*)=6.135838, intercept=-12.197296 (0.207s) [OMP=0.162 ISP-L=0.003 ISP-F=0.010 MW-L=0.008 MW-F=0.008]
  Alt-Benders[4]: LB stagnated, break
  OMP re-solve: 0.000s

=== True-DRO Benders iter 29 ===
  OMP: t₀=10.610334, UB=19.080927, gap=4.44e-01, x=[0, 0, 0, 0, 0, 0, 0, 0, 0, 0, 0, 0, 0, 0, 0, 0, 0, 0, 0, 0, 0, 0, 0, 0, 0, 0, 0, 0, 0, 0, 1, 0, 1, 0, 0, 0] (0.000s)
  Sub: Z₀=21.078325 [LOCAL] (0.1s), α=[0.000,0.000,2.169,0.000,0.000,0.000,0.000,0.000,0.000,0.000,0.000,0.000,0.000,0.000,0.000,0.000,0.000,0.000,0.000,0.000,0.000,0.000,0.000,0.000,0.000,0.000,0.000,0.000,0.000,0.000,0.000,0.000,5.857,1.918,0.000,0.000]
  Iter 29: LB=10.610334  UB=19.080927  gap=4.44e-01
  Cut: intercept=-1161.095232, π_x_range=[-824.2806, 596.0381]
  Mini-Benders[1] (mw): LB=10.835919, Z₀(α*)=-11.484558, intercept=-76.531244 (0.176s) [OMP=0.136 ISP-L=0.004 ISP-F=0.010 MW-L=0.007 MW-F=0.014]
  Mini-Benders[2] (mw): LB=10.835919, Z₀(α*)=-11.484558, intercept=-76.531244 (0.168s) [OMP=0.138 ISP-L=0.003 ISP-F=0.011 MW-L=0.006 MW-F=0.013]
  Mini-Benders[3] (mw): LB=10.835919, Z₀(α*)=-11.484558, intercept=-76.531244 (0.172s) [OMP=0.135 ISP-L=0.004 ISP-F=0.010 MW-L=0.006 MW-F=0.012]
  Mini-Benders[4]: LB stagnated, break
  α-step: Z₀=18.900723, α=[0.000,0.000,0.000,0.000,0.000,0.750,0.000,0.000,0.000,0.000,0.000,0.000,0.000,1.873,0.000,0.000,0.000,3.839,0.000,0.000,0.000,0.000,0.000,0.000,0.000,0.000,0.000,0.000,0.000,0.000,0.000,0.000,1.096,2.387,0.000,0.000]
  Alt-Benders[1] (mw): LB=10.900384, Z₀(α*)=9.020920, intercept=-43.391057 (0.188s) [OMP=0.155 ISP-L=0.003 ISP-F=0.012 MW-L=0.008 MW-F=0.008]
  Alt-Benders[2] (mw): LB=10.900384, Z₀(α*)=9.020920, intercept=-43.391057 (0.172s) [OMP=0.142 ISP-L=0.003 ISP-F=0.012 MW-L=0.008 MW-F=0.008]
  Alt-Benders[3] (mw): LB=10.900384, Z₀(α*)=9.020920, intercept=-43.391057 (0.172s) [OMP=0.139 ISP-L=0.003 ISP-F=0.012 MW-L=0.006 MW-F=0.010]
  Alt-Benders[4]: LB stagnated, break
  OMP re-solve: 0.000s

=== True-DRO Benders iter 30 ===
  OMP: t₀=10.900384, UB=19.080927, gap=4.29e-01, x=[0, 0, 0, 0, 0, 0, 0, 0, 0, 0, 0, 0, 0, 0, 0, 0, 0, 0, 0, 0, 0, 0, 0, 0, 1, 0, 0, 1, 0, 0, 0, 0, 0, 0, 0, 0] (0.000s)
  Sub: Z₀=22.083398 [TIME_LIMIT] (15.3s), α=[0.000,0.000,2.746,0.000,0.000,0.000,0.882,0.000,0.000,4.022,0.000,0.000,0.000,0.000,0.000,0.000,0.000,1.525,0.000,0.000,0.000,0.000,0.000,0.000,0.412,0.000,0.000,0.253,0.000,0.000,0.000,0.000,0.000,0.105,0.000,0.000]
  Iter 30: LB=10.900384  UB=19.080927  gap=4.29e-01
  Cut: intercept=-47.563094, π_x_range=[-237.0000, 52.6789]
  Mini-Benders[1] (mw): LB=11.215634, Z₀(α*)=-21.906931, intercept=-67.998248 (0.185s) [OMP=0.155 ISP-L=0.004 ISP-F=0.010 MW-L=0.007 MW-F=0.011]
  Mini-Benders[2] (mw): LB=11.215634, Z₀(α*)=-21.906931, intercept=-67.998248 (0.188s) [OMP=0.153 ISP-L=0.004 ISP-F=0.010 MW-L=0.007 MW-F=0.011]
  Mini-Benders[3] (mw): LB=11.215634, Z₀(α*)=-21.906931, intercept=-67.998248 (0.172s) [OMP=0.143 ISP-L=0.004 ISP-F=0.010 MW-L=0.007 MW-F=0.009]
  Mini-Benders[4]: LB stagnated, break
  α-step: Z₀=21.882453, α=[0.000,0.000,4.527,0.000,0.000,0.000,0.000,0.000,0.000,0.000,0.000,0.000,0.000,0.000,0.000,0.000,0.000,0.000,0.000,0.000,0.000,0.000,0.000,0.000,0.000,0.000,0.000,0.000,0.000,0.000,0.000,0.000,3.004,2.414,0.000,0.000]
  Alt-Benders[1] (mw): LB=11.223676, Z₀(α*)=21.690922, intercept=-11.769351 (0.187s) [OMP=0.163 ISP-L=0.004 ISP-F=0.011 MW-L=0.008 MW-F=0.007]
  Alt-Benders[2] (mw): LB=11.279001, Z₀(α*)=11.279003, intercept=-61.511636 (0.203s) [OMP=0.171 ISP-L=0.003 ISP-F=0.012 MW-L=0.009 MW-F=0.009]
  Alt-Benders[3] (mw): LB=11.279001, Z₀(α*)=11.279003, intercept=-61.511636 (0.181s) [OMP=0.138 ISP-L=0.003 ISP-F=0.012 MW-L=0.007 MW-F=0.010]
  Alt-Benders[4] (mw): LB=11.279001, Z₀(α*)=11.279003, intercept=-61.511636 (0.162s) [OMP=0.138 ISP-L=0.003 ISP-F=0.012 MW-L=0.007 MW-F=0.010]
  Alt-Benders[5]: LB stagnated, break
  OMP re-solve: 0.000s

=== True-DRO Benders iter 31 ===
  OMP: t₀=11.279001, UB=19.080927, gap=4.09e-01, x=[0, 0, 0, 0, 0, 0, 0, 0, 0, 1, 0, 0, 1, 0, 0, 0, 0, 0, 0, 0, 0, 0, 0, 0, 0, 0, 0, 0, 0, 0, 0, 0, 0, 0, 0, 0] (0.000s)
  Sub: Z₀=20.293511 [LOCAL] (0.1s), α=[0.000,0.000,5.422,0.000,0.000,0.000,0.000,0.000,0.000,0.000,0.000,0.000,0.000,0.000,0.000,0.000,0.000,0.000,0.000,0.000,0.000,0.000,0.000,0.000,0.000,0.000,0.000,0.000,0.000,0.000,0.000,0.000,0.000,4.522,0.000,0.000]
  Iter 31: LB=11.279001  UB=19.080927  gap=4.09e-01
  Cut: intercept=-1113.539269, π_x_range=[-822.3856, 569.0160]
  Mini-Benders[1] (mw): LB=11.336375, Z₀(α*)=23.859133, intercept=-17.323007 (0.187s) [OMP=0.159 ISP-L=0.003 ISP-F=0.012 MW-L=0.006 MW-F=0.008]
  Mini-Benders[2] (mw): LB=11.383234, Z₀(α*)=17.713601, intercept=-47.978655 (0.188s) [OMP=0.155 ISP-L=0.003 ISP-F=0.010 MW-L=0.008 MW-F=0.009]
  Mini-Benders[3] (mw): LB=11.475826, Z₀(α*)=10.936843, intercept=-81.530495 (0.203s) [OMP=0.162 ISP-L=0.003 ISP-F=0.011 MW-L=0.008 MW-F=0.009]
  Mini-Benders[4] (mw): LB=11.475826, Z₀(α*)=10.936843, intercept=-81.530495 (0.187s) [OMP=0.168 ISP-L=0.003 ISP-F=0.011 MW-L=0.009 MW-F=0.009]
  Mini-Benders[5] (mw): LB=11.475826, Z₀(α*)=10.936843, intercept=-81.530495 (0.219s) [OMP=0.171 ISP-L=0.003 ISP-F=0.011 MW-L=0.007 MW-F=0.011]
  α-step: Z₀=20.287219, α=[0.000,0.000,0.000,0.000,0.000,0.000,0.181,0.000,0.000,0.000,0.000,0.000,0.000,0.000,0.000,0.000,0.000,2.399,0.000,0.000,0.000,0.000,0.000,0.000,1.016,0.000,0.000,1.396,0.000,2.735,0.000,0.000,1.066,1.152,0.000,0.000]
  Alt-Benders[1] (mw): LB=11.496196, Z₀(α*)=6.819499, intercept=-62.993922 (0.186s) [OMP=0.156 ISP-L=0.003 ISP-F=0.011 MW-L=0.006 MW-F=0.012]
  Alt-Benders[2] (mw): LB=11.496196, Z₀(α*)=6.819499, intercept=-62.993922 (0.187s) [OMP=0.157 ISP-L=0.003 ISP-F=0.011 MW-L=0.006 MW-F=0.011]
  Alt-Benders[3] (mw): LB=11.496196, Z₀(α*)=6.819499, intercept=-62.993922 (0.189s) [OMP=0.154 ISP-L=0.003 ISP-F=0.011 MW-L=0.008 MW-F=0.011]
  Alt-Benders[4]: LB stagnated, break
  OMP re-solve: 0.000s

=== True-DRO Benders iter 32 ===
  OMP: t₀=11.496196, UB=19.080927, gap=3.98e-01, x=[0, 0, 0, 0, 0, 0, 1, 0, 0, 0, 0, 0, 0, 0, 0, 0, 0, 0, 1, 0, 0, 0, 0, 0, 0, 0, 0, 0, 0, 0, 0, 0, 0, 0, 0, 0] (0.000s)
  Sub: Z₀=24.385291 [LOCAL] (0.1s), α=[0.000,0.000,5.243,0.000,0.000,0.000,0.000,0.000,0.000,0.000,0.000,0.000,0.000,0.000,0.000,0.000,0.000,0.000,0.000,0.000,0.000,0.000,0.000,0.000,0.000,0.000,0.000,0.000,0.000,0.343,0.000,0.000,0.293,4.066,0.000,0.000]
  Iter 32: LB=11.496196  UB=19.080927  gap=3.98e-01
  Cut: intercept=-1131.415109, π_x_range=[-824.9388, 582.9501]
  Mini-Benders[1] (mw): LB=11.665338, Z₀(α*)=23.337654, intercept=-5.869146 (0.204s) [OMP=0.163 ISP-L=0.003 ISP-F=0.011 MW-L=0.007 MW-F=0.008]
  Mini-Benders[2] (mw): LB=11.710575, Z₀(α*)=13.711609, intercept=-18.291168 (0.187s) [OMP=0.166 ISP-L=0.004 ISP-F=0.011 MW-L=0.006 MW-F=0.011]
  Mini-Benders[3] (mw): LB=11.848385, Z₀(α*)=24.513387, intercept=5.273038 (0.203s) [OMP=0.158 ISP-L=0.003 ISP-F=0.010 MW-L=0.007 MW-F=0.017]
  Mini-Benders[4] (mw): LB=12.392948, Z₀(α*)=15.405341, intercept=-6.958784 (0.203s) [OMP=0.165 ISP-L=0.003 ISP-F=0.011 MW-L=0.007 MW-F=0.012]
  Mini-Benders[5] (mw): LB=12.454200, Z₀(α*)=20.871278, intercept=-31.306480 (0.172s) [OMP=0.146 ISP-L=0.004 ISP-F=0.011 MW-L=0.006 MW-F=0.009]
  α-step: Z₀=20.712575, α=[0.000,0.000,9.944,0.000,0.000,0.000,0.000,0.000,0.000,0.000,0.000,0.000,0.000,0.000,0.000,0.000,0.000,0.000,0.000,0.000,0.000,0.000,0.000,0.000,0.000,0.000,0.000,0.000,0.000,0.000,0.000,0.000,0.000,0.000,0.000,0.000]
  Alt-Benders[1] (mw): LB=13.073316, Z₀(α*)=9.305808, intercept=-14.790598 (0.191s) [OMP=0.150 ISP-L=0.005 ISP-F=0.013 MW-L=0.008 MW-F=0.009]
  Alt-Benders[2] (mw): LB=13.073316, Z₀(α*)=9.305808, intercept=-14.790598 (0.183s) [OMP=0.155 ISP-L=0.004 ISP-F=0.012 MW-L=0.008 MW-F=0.009]
  Alt-Benders[3] (mw): LB=13.073316, Z₀(α*)=9.305808, intercept=-14.790598 (0.189s) [OMP=0.164 ISP-L=0.004 ISP-F=0.012 MW-L=0.006 MW-F=0.010]
  Alt-Benders[4]: LB stagnated, break
  OMP re-solve: 0.000s

=== True-DRO Benders iter 33 ===
  OMP: t₀=13.073316, UB=19.080927, gap=3.15e-01, x=[0, 0, 0, 0, 0, 0, 1, 0, 0, 0, 0, 0, 0, 0, 0, 0, 0, 0, 0, 0, 0, 0, 0, 0, 0, 0, 0, 1, 0, 0, 0, 0, 0, 0, 0, 0] (0.000s)
  Sub: Z₀=24.315086 [LOCAL] (0.3s), α=[0.000,0.000,5.701,0.000,0.000,0.012,0.000,0.000,0.000,0.000,0.000,0.000,0.000,0.028,0.000,0.000,0.000,0.000,0.000,0.000,0.000,0.000,0.000,0.000,0.000,0.000,0.000,0.000,0.000,0.020,0.053,0.000,0.269,3.860,0.000,0.000]
  Iter 33: LB=13.073316  UB=19.080927  gap=3.15e-01
  Cut: intercept=-1134.773714, π_x_range=[-825.5850, 580.4129]
  Mini-Benders[1] (mw): LB=13.109403, Z₀(α*)=14.508674, intercept=-32.541108 (0.187s) [OMP=0.147 ISP-L=0.004 ISP-F=0.010 MW-L=0.006 MW-F=0.013]
  Mini-Benders[2] (mw): LB=13.116627, Z₀(α*)=15.892612, intercept=-51.237992 (0.172s) [OMP=0.152 ISP-L=0.003 ISP-F=0.010 MW-L=0.007 MW-F=0.007]
  Mini-Benders[3] (mw): LB=13.195792, Z₀(α*)=19.550714, intercept=-70.416224 (0.172s) [OMP=0.137 ISP-L=0.003 ISP-F=0.011 MW-L=0.009 MW-F=0.009]
  Mini-Benders[4] (mw): LB=13.205409, Z₀(α*)=10.434414, intercept=-68.521462 (0.202s) [OMP=0.158 ISP-L=0.004 ISP-F=0.011 MW-L=0.009 MW-F=0.010]
  Mini-Benders[5] (mw): LB=13.205409, Z₀(α*)=10.434414, intercept=-68.521462 (0.173s) [OMP=0.140 ISP-L=0.004 ISP-F=0.011 MW-L=0.009 MW-F=0.010]
  α-step: Z₀=21.296251, α=[0.000,0.000,3.501,0.000,0.000,0.000,0.000,0.000,0.000,0.000,0.000,0.000,0.000,0.000,0.000,0.000,0.000,0.000,0.000,0.000,0.000,0.000,0.000,0.000,0.000,0.000,0.000,0.000,0.000,0.000,0.000,0.000,6.444,0.000,0.000,0.000]
  Alt-Benders[1] (mw): LB=13.238295, Z₀(α*)=21.468265, intercept=12.826349 (0.189s) [OMP=0.161 ISP-L=0.003 ISP-F=0.011 MW-L=0.007 MW-F=0.012]
  Alt-Benders[2] (mw): LB=13.310426, Z₀(α*)=2.973200, intercept=-69.879182 (0.186s) [OMP=0.159 ISP-L=0.003 ISP-F=0.010 MW-L=0.005 MW-F=0.010]
  Alt-Benders[3] (mw): LB=13.310426, Z₀(α*)=2.973200, intercept=-69.879182 (0.172s) [OMP=0.146 ISP-L=0.003 ISP-F=0.011 MW-L=0.005 MW-F=0.008]
  Alt-Benders[4] (mw): LB=13.310426, Z₀(α*)=2.973200, intercept=-69.879182 (0.186s) [OMP=0.145 ISP-L=0.003 ISP-F=0.011 MW-L=0.008 MW-F=0.008]
  Alt-Benders[5]: LB stagnated, break
  OMP re-solve: 0.000s

=== True-DRO Benders iter 34 ===
  OMP: t₀=13.310426, UB=19.080927, gap=3.02e-01, x=[0, 0, 0, 0, 0, 1, 0, 0, 0, 1, 0, 0, 0, 0, 0, 0, 0, 0, 0, 0, 0, 0, 0, 0, 0, 0, 0, 0, 0, 0, 0, 0, 0, 0, 0, 0] (0.000s)
  Sub: Z₀=18.368923 [LOCAL] (0.2s), α=[0.000,0.000,0.182,0.000,0.000,3.432,0.000,0.000,0.000,5.812,0.000,0.000,0.000,0.519,0.000,0.000,0.000,0.000,0.000,0.000,0.000,0.000,0.000,0.000,0.000,0.000,0.000,0.000,0.000,0.000,0.000,0.000,0.000,0.000,0.000,0.000]
  Iter 34: LB=13.310426  UB=19.080927  gap=3.02e-01
  Cut: intercept=-1098.043481, π_x_range=[-818.5918, 562.3637]
  Mini-Benders[1] (mw): LB=13.313773, Z₀(α*)=-34.310235, intercept=-30.424835 (0.166s) [OMP=0.122 ISP-L=0.003 ISP-F=0.011 MW-L=0.008 MW-F=0.008]
  Mini-Benders[2] (mw): LB=13.313773, Z₀(α*)=-34.310235, intercept=-30.424835 (0.177s) [OMP=0.149 ISP-L=0.003 ISP-F=0.010 MW-L=0.005 MW-F=0.010]
  Mini-Benders[3] (mw): LB=13.313773, Z₀(α*)=-34.310235, intercept=-30.424835 (0.172s) [OMP=0.149 ISP-L=0.004 ISP-F=0.011 MW-L=0.005 MW-F=0.010]
  Mini-Benders[4]: LB stagnated, break
  α-step: Z₀=20.683361, α=[0.000,0.000,3.661,0.000,0.000,0.000,0.000,0.000,0.000,0.000,0.000,0.000,0.000,0.000,0.000,0.000,0.000,0.000,0.000,0.000,0.000,0.000,0.000,0.000,0.000,0.000,0.000,0.000,0.000,0.000,0.000,0.000,0.000,6.283,0.000,0.000]
  Alt-Benders[1] (mw): LB=13.348861, Z₀(α*)=18.510655, intercept=-6.906764 (0.185s) [OMP=0.167 ISP-L=0.004 ISP-F=0.012 MW-L=0.006 MW-F=0.009]
  Alt-Benders[2] (mw): LB=13.348861, Z₀(α*)=16.219852, intercept=-2.663384 (0.188s) [OMP=0.153 ISP-L=0.004 ISP-F=0.011 MW-L=0.009 MW-F=0.009]
  Alt-Benders[3] (mw): LB=13.711607, Z₀(α*)=19.834420, intercept=-17.967606 (0.203s) [OMP=0.164 ISP-L=0.003 ISP-F=0.010 MW-L=0.008 MW-F=0.008]
  Alt-Benders[4] (mw): LB=13.727865, Z₀(α*)=15.583150, intercept=-9.242860 (0.188s) [OMP=0.154 ISP-L=0.004 ISP-F=0.012 MW-L=0.008 MW-F=0.009]
  Alt-Benders[5] (mw): LB=14.072746, Z₀(α*)=22.172731, intercept=11.734533 (0.203s) [OMP=0.157 ISP-L=0.006 ISP-F=0.012 MW-L=0.008 MW-F=0.013]
  OMP re-solve: 0.174s

=== True-DRO Benders iter 35 ===
  OMP: t₀=14.315815, UB=19.080927, gap=2.50e-01, x=[0, 0, 0, 0, 0, 1, 0, 0, 0, 0, 0, 0, 0, 0, 0, 0, 0, 0, 0, 0, 0, 0, 0, 0, 0, 0, 0, 0, 0, 0, 0, 0, 0, 1, 0, 0] (0.000s)
  Sub: Z₀=19.330259 [TIME_LIMIT] (15.3s), α=[0.000,0.000,4.360,0.000,0.000,0.000,0.000,0.000,0.000,0.000,0.000,0.000,0.000,0.000,0.000,0.000,0.000,0.703,0.000,0.000,0.000,0.000,0.000,0.000,0.000,0.000,0.000,0.000,0.000,0.000,0.000,0.000,0.756,4.126,0.000,0.000]
  Iter 35: LB=14.315815  UB=19.080927  gap=2.50e-01
  Cut: intercept=-66.365494, π_x_range=[-219.0000, 59.9870]
  Mini-Benders[1] (mw): LB=14.341404, Z₀(α*)=24.717261, intercept=24.717260 (0.187s) [OMP=0.167 ISP-L=0.003 ISP-F=0.011 MW-L=0.006 MW-F=0.011]
  Mini-Benders[2] (mw): LB=15.053671, Z₀(α*)=16.635814, intercept=-19.181132 (0.203s) [OMP=0.157 ISP-L=0.003 ISP-F=0.012 MW-L=0.007 MW-F=0.011]
  Mini-Benders[3] (mw): LB=15.168803, Z₀(α*)=22.251342, intercept=6.547004 (0.205s) [OMP=0.170 ISP-L=0.003 ISP-F=0.010 MW-L=0.011 MW-F=0.009]
  Mini-Benders[4] (mw): LB=15.245497, Z₀(α*)=16.039751, intercept=-32.734837 (0.184s) [OMP=0.157 ISP-L=0.004 ISP-F=0.010 MW-L=0.008 MW-F=0.009]
  Mini-Benders[5] (mw): LB=15.405339, Z₀(α*)=16.244016, intercept=-6.931657 (0.204s) [OMP=0.170 ISP-L=0.004 ISP-F=0.011 MW-L=0.008 MW-F=0.009]
  α-step: Z₀=15.723262, α=[0.000,0.000,0.000,0.000,0.000,3.559,0.000,0.000,0.000,0.000,0.000,0.000,0.000,0.000,0.000,0.000,0.000,0.000,0.000,0.000,0.000,0.000,0.000,0.000,0.000,0.000,0.000,0.000,0.000,0.000,0.000,0.000,2.126,4.259,0.000,0.000]
  Alt-Benders[1] (mw): LB=15.435474, Z₀(α*)=-14.484730, intercept=-12.956020 (0.218s) [OMP=0.190 ISP-L=0.003 ISP-F=0.011 MW-L=0.007 MW-F=0.010]
  Alt-Benders[2] (mw): LB=15.435474, Z₀(α*)=-14.484730, intercept=-12.956020 (0.219s) [OMP=0.179 ISP-L=0.003 ISP-F=0.011 MW-L=0.006 MW-F=0.009]
  Alt-Benders[3] (mw): LB=15.435474, Z₀(α*)=-14.484730, intercept=-12.956020 (0.203s) [OMP=0.180 ISP-L=0.003 ISP-F=0.011 MW-L=0.007 MW-F=0.008]
  Alt-Benders[4]: LB stagnated, break
  OMP re-solve: 0.001s

=== True-DRO Benders iter 36 ===
  OMP: t₀=15.435474, UB=19.080927, gap=1.91e-01, x=[0, 0, 0, 0, 0, 0, 0, 0, 0, 0, 0, 0, 0, 0, 0, 0, 0, 0, 0, 0, 0, 0, 0, 0, 0, 0, 0, 1, 0, 0, 1, 0, 0, 0, 0, 0] (0.000s)
  Sub: Z₀=23.086393 [LOCAL] (0.1s), α=[0.000,0.000,5.422,0.000,0.000,0.000,0.000,0.000,0.000,0.000,0.000,0.000,0.000,0.000,0.000,0.000,0.000,0.000,0.000,0.000,0.000,0.000,0.000,0.000,0.000,0.000,0.000,0.000,0.000,0.000,0.000,0.000,1.388,3.134,0.000,0.000]
  Iter 36: LB=15.435474  UB=19.080927  gap=1.91e-01
  Cut: intercept=-1151.419156, π_x_range=[-823.0957, 594.3168]
  Mini-Benders[1] (mw): LB=15.583148, Z₀(α*)=16.440705, intercept=-7.981882 (0.218s) [OMP=0.182 ISP-L=0.004 ISP-F=0.012 MW-L=0.009 MW-F=0.009]
  Mini-Benders[2] (mw): LB=15.598333, Z₀(α*)=23.513377, intercept=-7.898609 (0.219s) [OMP=0.183 ISP-L=0.003 ISP-F=0.011 MW-L=0.008 MW-F=0.010]
  Mini-Benders[3] (mw): LB=15.661222, Z₀(α*)=24.551415, intercept=21.153066 (0.187s) [OMP=0.154 ISP-L=0.003 ISP-F=0.011 MW-L=0.006 MW-F=0.010]
  Mini-Benders[4] (mw): LB=15.723262, Z₀(α*)=-7.349886, intercept=-64.498791 (0.172s) [OMP=0.146 ISP-L=0.004 ISP-F=0.010 MW-L=0.007 MW-F=0.011]
  Mini-Benders[5] (mw): LB=15.723262, Z₀(α*)=-7.349886, intercept=-64.498791 (0.156s) [OMP=0.132 ISP-L=0.004 ISP-F=0.010 MW-L=0.006 MW-F=0.010]
  α-step: Z₀=17.157608, α=[0.000,0.000,0.000,0.000,0.000,1.111,0.000,0.000,0.000,0.000,0.000,0.000,0.000,1.873,0.000,0.000,0.000,0.677,0.000,0.000,0.000,0.000,0.000,0.000,0.000,0.000,0.000,0.000,0.000,0.000,0.000,0.000,6.284,0.000,0.000,0.000]
  Alt-Benders[1] (mw): LB=15.756956, Z₀(α*)=-7.999711, intercept=-63.993417 (0.172s) [OMP=0.152 ISP-L=0.003 ISP-F=0.010 MW-L=0.010 MW-F=0.009]
  Alt-Benders[2] (mw): LB=15.756956, Z₀(α*)=-7.999711, intercept=-63.993417 (0.203s) [OMP=0.157 ISP-L=0.003 ISP-F=0.010 MW-L=0.009 MW-F=0.009]
  Alt-Benders[3] (mw): LB=15.756956, Z₀(α*)=-7.999711, intercept=-63.993417 (0.187s) [OMP=0.161 ISP-L=0.003 ISP-F=0.010 MW-L=0.008 MW-F=0.009]
  Alt-Benders[4]: LB stagnated, break
  OMP re-solve: 0.000s

=== True-DRO Benders iter 37 ===
  OMP: t₀=15.756956, UB=19.080927, gap=1.74e-01, x=[0, 0, 1, 0, 0, 1, 0, 0, 0, 0, 0, 0, 0, 0, 0, 0, 0, 0, 0, 0, 0, 0, 0, 0, 0, 0, 0, 0, 0, 0, 0, 0, 0, 0, 0, 0] (0.000s)
  Sub: Z₀=17.446219 [LOCAL] (0.1s), α=[0.000,0.000,5.660,0.000,0.000,2.705,0.000,0.000,0.000,0.000,0.000,0.000,0.000,0.614,0.000,0.000,0.000,0.555,0.000,0.000,0.000,0.000,0.000,0.000,0.000,0.000,0.000,0.000,0.000,0.064,0.346,0.000,0.000,0.000,0.000,0.000]
  Iter 37: LB=15.756956  UB=19.080927  gap=1.74e-01
  Cut: intercept=-1118.993877, π_x_range=[-816.9054, 576.1238]
  Mini-Benders[1] (mw): LB=15.840398, Z₀(α*)=14.174554, intercept=-36.514383 (0.187s) [OMP=0.158 ISP-L=0.003 ISP-F=0.012 MW-L=0.007 MW-F=0.011]
  Mini-Benders[2] (mw): LB=15.840398, Z₀(α*)=14.174554, intercept=-36.514383 (0.203s) [OMP=0.169 ISP-L=0.003 ISP-F=0.012 MW-L=0.007 MW-F=0.011]
  Mini-Benders[3] (mw): LB=15.840398, Z₀(α*)=14.174554, intercept=-36.514383 (0.203s) [OMP=0.161 ISP-L=0.003 ISP-F=0.012 MW-L=0.007 MW-F=0.010]
  Mini-Benders[4]: LB stagnated, break
  α-step: Z₀=22.869649, α=[0.000,0.000,4.998,0.000,0.000,1.498,0.000,0.000,0.000,0.000,0.000,0.000,0.000,0.000,0.000,0.000,0.000,0.000,0.000,0.000,0.000,0.000,1.338,0.000,0.000,0.000,0.000,0.000,0.000,0.000,0.000,0.000,0.000,2.111,0.000,0.000]
  Alt-Benders[1] (mw): LB=15.892610, Z₀(α*)=1.350518, intercept=-54.412661 (0.203s) [OMP=0.173 ISP-L=0.003 ISP-F=0.011 MW-L=0.008 MW-F=0.010]
  Alt-Benders[2] (mw): LB=15.892610, Z₀(α*)=1.350518, intercept=-54.412661 (0.234s) [OMP=0.190 ISP-L=0.003 ISP-F=0.010 MW-L=0.008 MW-F=0.010]
  Alt-Benders[3] (mw): LB=15.892610, Z₀(α*)=1.350518, intercept=-54.412661 (0.204s) [OMP=0.178 ISP-L=0.003 ISP-F=0.010 MW-L=0.006 MW-F=0.012]
  Alt-Benders[4]: LB stagnated, break
  OMP re-solve: 0.000s

=== True-DRO Benders iter 38 ===
  OMP: t₀=15.892610, UB=19.080927, gap=1.67e-01, x=[0, 0, 1, 0, 0, 0, 0, 0, 0, 0, 0, 0, 0, 0, 0, 0, 0, 0, 0, 0, 0, 0, 0, 0, 0, 0, 0, 0, 0, 0, 0, 0, 1, 0, 0, 0] (0.000s)
  Sub: Z₀=16.933345 [LOCAL] (0.1s), α=[0.000,0.000,6.382,0.000,0.000,0.000,0.000,0.000,0.000,0.000,0.000,0.000,0.000,0.000,0.000,0.000,0.000,0.000,0.000,0.000,0.000,0.000,0.000,0.000,0.000,0.000,0.000,0.000,0.000,0.000,0.000,0.000,3.247,0.315,0.000,0.000]
  Iter 38: LB=15.892610  UB=19.080927  gap=1.67e-01
  Cut: intercept=-1146.848322, π_x_range=[-822.1754, 586.5740]
  Mini-Benders[1] (mw): LB=15.926368, Z₀(α*)=23.892079, intercept=1.025798 (0.202s) [OMP=0.170 ISP-L=0.003 ISP-F=0.010 MW-L=0.007 MW-F=0.011]
  Mini-Benders[2] (mw): LB=15.966146, Z₀(α*)=12.875129, intercept=-67.284813 (0.203s) [OMP=0.164 ISP-L=0.004 ISP-F=0.011 MW-L=0.006 MW-F=0.010]
  Mini-Benders[3] (mw): LB=15.966146, Z₀(α*)=12.875129, intercept=-67.284813 (0.188s) [OMP=0.161 ISP-L=0.004 ISP-F=0.011 MW-L=0.008 MW-F=0.010]
  Mini-Benders[4] (mw): LB=15.966146, Z₀(α*)=12.875129, intercept=-67.284813 (0.187s) [OMP=0.157 ISP-L=0.004 ISP-F=0.010 MW-L=0.008 MW-F=0.010]
  Mini-Benders[5]: LB stagnated, break
  α-step: Z₀=21.899120, α=[0.000,0.000,4.527,0.000,0.000,0.000,0.000,0.000,0.000,0.000,0.000,0.000,0.000,0.000,0.000,0.000,0.000,0.000,0.000,0.000,0.000,0.000,0.000,0.000,0.000,0.000,0.000,0.000,0.000,0.000,0.000,0.000,3.004,2.414,0.000,0.000]
  Alt-Benders[1] (mw): LB=16.013811, Z₀(α*)=2.155093, intercept=-16.306892 (0.196s) [OMP=0.166 ISP-L=0.003 ISP-F=0.010 MW-L=0.007 MW-F=0.012]
  Alt-Benders[2] (mw): LB=16.013811, Z₀(α*)=2.155093, intercept=-16.306892 (0.188s) [OMP=0.164 ISP-L=0.003 ISP-F=0.010 MW-L=0.007 MW-F=0.012]
  Alt-Benders[3] (mw): LB=16.013811, Z₀(α*)=2.155093, intercept=-16.306892 (0.187s) [OMP=0.152 ISP-L=0.003 ISP-F=0.011 MW-L=0.007 MW-F=0.012]
  Alt-Benders[4]: LB stagnated, break
  OMP re-solve: 0.000s

=== True-DRO Benders iter 39 ===
  OMP: t₀=16.013811, UB=19.080927, gap=1.61e-01, x=[0, 0, 1, 0, 0, 0, 0, 0, 0, 0, 0, 0, 0, 0, 0, 0, 0, 0, 0, 0, 0, 0, 0, 0, 0, 0, 0, 0, 0, 0, 1, 0, 0, 0, 0, 0] (0.000s)
  Sub: Z₀=22.133448 [LOCAL] (0.1s), α=[0.000,0.000,9.944,0.000,0.000,0.000,0.000,0.000,0.000,0.000,0.000,0.000,0.000,0.000,0.000,0.000,0.000,0.000,0.000,0.000,0.000,0.000,0.000,0.000,0.000,0.000,0.000,0.000,0.000,0.000,0.000,0.000,0.000,0.000,0.000,0.000]
  Iter 39: LB=16.013811  UB=19.080927  gap=1.61e-01
  Cut: intercept=-1157.562020, π_x_range=[-821.5392, 597.7182]
  Mini-Benders[1] (mw): LB=16.039749, Z₀(α*)=-30.341504, intercept=-35.420366 (0.203s) [OMP=0.157 ISP-L=0.004 ISP-F=0.011 MW-L=0.009 MW-F=0.009]
  Mini-Benders[2] (mw): LB=16.039749, Z₀(α*)=-30.341504, intercept=-35.420366 (0.187s) [OMP=0.166 ISP-L=0.004 ISP-F=0.011 MW-L=0.008 MW-F=0.009]
  Mini-Benders[3] (mw): LB=16.039749, Z₀(α*)=-30.341504, intercept=-35.420366 (0.188s) [OMP=0.153 ISP-L=0.003 ISP-F=0.011 MW-L=0.007 MW-F=0.011]
  Mini-Benders[4]: LB stagnated, break
  α-step: Z₀=22.313681, α=[0.000,0.000,0.000,0.000,0.000,0.000,0.000,0.000,0.000,0.000,0.000,0.000,2.479,0.273,0.000,0.000,0.000,3.687,0.000,0.000,0.000,0.000,0.000,0.000,0.000,0.000,0.000,0.000,0.000,0.000,0.000,0.000,0.000,3.505,0.000,0.000]
  Alt-Benders[1] (mw): LB=16.047303, Z₀(α*)=20.192680, intercept=-54.051018 (0.194s) [OMP=0.169 ISP-L=0.004 ISP-F=0.010 MW-L=0.005 MW-F=0.011]
  Alt-Benders[2] (mw): LB=16.112820, Z₀(α*)=7.864752, intercept=-21.169805 (0.188s) [OMP=0.164 ISP-L=0.003 ISP-F=0.010 MW-L=0.007 MW-F=0.008]
  Alt-Benders[3] (mw): LB=16.112820, Z₀(α*)=7.864752, intercept=-21.169805 (0.203s) [OMP=0.164 ISP-L=0.003 ISP-F=0.011 MW-L=0.009 MW-F=0.009]
  Alt-Benders[4] (mw): LB=16.112820, Z₀(α*)=7.864752, intercept=-21.169805 (0.203s) [OMP=0.176 ISP-L=0.003 ISP-F=0.011 MW-L=0.008 MW-F=0.009]
  Alt-Benders[5]: LB stagnated, break
  OMP re-solve: 0.000s

=== True-DRO Benders iter 40 ===
  OMP: t₀=16.112820, UB=19.080927, gap=1.56e-01, x=[0, 0, 0, 0, 0, 0, 0, 0, 0, 0, 0, 0, 0, 0, 0, 0, 0, 1, 0, 0, 0, 0, 0, 0, 0, 0, 0, 0, 0, 0, 1, 0, 0, 0, 0, 0] (0.000s)
  Sub: Z₀=22.812089 [TIME_LIMIT] (15.1s), α=[0.000,0.000,5.738,0.000,0.000,0.001,0.000,0.000,0.000,0.000,0.000,0.000,0.000,0.886,0.000,0.000,0.000,0.000,0.000,0.000,0.000,0.000,0.000,0.000,0.000,0.000,0.000,0.000,0.000,0.171,0.595,0.000,1.415,1.139,0.000,0.000]
  Iter 40: LB=16.112820  UB=19.080927  gap=1.56e-01
  Cut: intercept=-21.266102, π_x_range=[-168.5771, 34.7968]
  Mini-Benders[1] (mw): LB=16.165685, Z₀(α*)=14.971485, intercept=-77.222975 (0.219s) [OMP=0.191 ISP-L=0.003 ISP-F=0.011 MW-L=0.006 MW-F=0.013]
  Mini-Benders[2] (mw): LB=16.165685, Z₀(α*)=14.971485, intercept=-77.222975 (0.234s) [OMP=0.192 ISP-L=0.004 ISP-F=0.010 MW-L=0.006 MW-F=0.013]
  Mini-Benders[3] (mw): LB=16.165685, Z₀(α*)=14.971485, intercept=-77.222975 (0.235s) [OMP=0.209 ISP-L=0.003 ISP-F=0.011 MW-L=0.005 MW-F=0.013]
  Mini-Benders[4]: LB stagnated, break
  α-step: Z₀=23.355537, α=[0.000,0.000,6.416,0.000,0.000,0.000,0.000,0.000,0.000,0.000,0.000,0.000,0.000,0.000,0.000,0.000,0.000,0.000,0.000,0.000,0.000,0.000,0.000,0.000,0.000,0.000,0.000,0.000,0.000,0.000,0.000,0.000,0.711,2.817,0.000,0.000]
  Alt-Benders[1] (mw): LB=16.244014, Z₀(α*)=18.265516, intercept=-6.706156 (0.219s) [OMP=0.186 ISP-L=0.004 ISP-F=0.012 MW-L=0.008 MW-F=0.010]
  Alt-Benders[2] (mw): LB=16.254393, Z₀(α*)=15.811230, intercept=-45.072147 (0.204s) [OMP=0.173 ISP-L=0.003 ISP-F=0.011 MW-L=0.009 MW-F=0.007]
  Alt-Benders[3] (mw): LB=16.254393, Z₀(α*)=15.811230, intercept=-45.072147 (0.234s) [OMP=0.192 ISP-L=0.003 ISP-F=0.011 MW-L=0.007 MW-F=0.007]
  Alt-Benders[4] (mw): LB=16.254393, Z₀(α*)=15.811230, intercept=-45.072147 (0.218s) [OMP=0.194 ISP-L=0.003 ISP-F=0.011 MW-L=0.006 MW-F=0.009]
  Alt-Benders[5]: LB stagnated, break
  OMP re-solve: 0.000s

=== True-DRO Benders iter 41 ===
  OMP: t₀=16.254393, UB=19.080927, gap=1.48e-01, x=[0, 0, 0, 0, 0, 0, 0, 0, 0, 1, 0, 0, 0, 0, 0, 0, 0, 0, 0, 0, 0, 0, 0, 0, 0, 0, 0, 0, 0, 0, 0, 0, 0, 1, 0, 0] (0.000s)
  Sub: Z₀=21.110976 [LOCAL] (0.1s), α=[0.000,0.000,4.215,0.000,0.000,0.000,0.000,0.000,0.000,0.000,0.000,0.000,0.000,0.000,0.000,0.000,0.000,0.000,0.000,0.000,0.000,0.000,0.000,0.000,0.000,0.000,0.000,0.000,0.000,0.000,0.000,0.000,0.080,5.649,0.000,0.000]
  Iter 41: LB=16.254393  UB=19.080927  gap=1.48e-01
  Cut: intercept=-1128.678258, π_x_range=[-823.8647, 581.3530]
  Mini-Benders[1] (mw): LB=16.257619, Z₀(α*)=22.980948, intercept=23.582780 (0.234s) [OMP=0.203 ISP-L=0.003 ISP-F=0.011 MW-L=0.007 MW-F=0.011]
  Mini-Benders[2] (mw): LB=16.440703, Z₀(α*)=14.822460, intercept=-8.781319 (0.220s) [OMP=0.187 ISP-L=0.004 ISP-F=0.011 MW-L=0.007 MW-F=0.008]
  Mini-Benders[3] (mw): LB=16.440703, Z₀(α*)=14.822460, intercept=-8.781319 (0.218s) [OMP=0.180 ISP-L=0.004 ISP-F=0.012 MW-L=0.009 MW-F=0.008]
  Mini-Benders[4] (mw): LB=16.440703, Z₀(α*)=14.822460, intercept=-8.781319 (0.203s) [OMP=0.177 ISP-L=0.004 ISP-F=0.012 MW-L=0.009 MW-F=0.008]
  Mini-Benders[5]: LB stagnated, break
  α-step: Z₀=22.448496, α=[0.000,0.000,4.185,0.000,0.000,0.000,0.000,0.000,0.000,0.000,0.000,0.000,0.000,0.684,0.000,0.000,0.000,0.000,0.000,0.000,0.000,0.000,0.000,0.000,0.000,0.000,0.000,0.000,0.000,0.000,0.000,0.000,5.076,0.000,0.000,0.000]
  Alt-Benders[1] (mw): LB=16.456400, Z₀(α*)=17.685173, intercept=-20.183309 (0.218s) [OMP=0.175 ISP-L=0.003 ISP-F=0.012 MW-L=0.005 MW-F=0.011]
  Alt-Benders[2] (mw): LB=16.469841, Z₀(α*)=-4.148009, intercept=-67.476808 (0.189s) [OMP=0.172 ISP-L=0.003 ISP-F=0.010 MW-L=0.006 MW-F=0.008]
  Alt-Benders[3] (mw): LB=16.469841, Z₀(α*)=-4.148009, intercept=-67.476808 (0.233s) [OMP=0.192 ISP-L=0.003 ISP-F=0.014 MW-L=0.006 MW-F=0.007]
  Alt-Benders[4] (mw): LB=16.469841, Z₀(α*)=-4.148009, intercept=-67.476808 (0.203s) [OMP=0.175 ISP-L=0.003 ISP-F=0.011 MW-L=0.008 MW-F=0.007]
  Alt-Benders[5]: LB stagnated, break
  OMP re-solve: 0.000s

=== True-DRO Benders iter 42 ===
  OMP: t₀=16.469841, UB=19.080927, gap=1.37e-01, x=[0, 0, 0, 0, 0, 0, 0, 0, 0, 0, 0, 0, 1, 0, 0, 0, 0, 0, 0, 0, 0, 0, 1, 0, 0, 0, 0, 0, 0, 0, 0, 0, 0, 0, 0, 0] (0.000s)
  Sub: Z₀=21.734174 [LOCAL] (0.2s), α=[0.000,0.000,2.615,0.000,0.000,0.000,0.000,0.000,0.000,0.000,0.000,0.000,0.000,4.607,0.000,0.000,0.000,0.000,0.000,0.000,0.000,0.000,0.298,0.000,0.000,0.000,0.000,0.000,0.000,0.000,0.000,0.000,0.000,2.424,0.000,0.000]
  Iter 42: LB=16.469841  UB=19.080927  gap=1.37e-01
  Cut: intercept=-1097.805547, π_x_range=[-818.1709, 564.2198]
  Mini-Benders[1] (mw): LB=16.500599, Z₀(α*)=12.853473, intercept=-23.204859 (0.203s) [OMP=0.164 ISP-L=0.003 ISP-F=0.012 MW-L=0.008 MW-F=0.008]
  Mini-Benders[2] (mw): LB=16.500599, Z₀(α*)=12.853473, intercept=-23.204859 (0.172s) [OMP=0.146 ISP-L=0.003 ISP-F=0.011 MW-L=0.006 MW-F=0.010]
  Mini-Benders[3] (mw): LB=16.500599, Z₀(α*)=12.853473, intercept=-23.204859 (0.172s) [OMP=0.143 ISP-L=0.003 ISP-F=0.011 MW-L=0.006 MW-F=0.010]
  Mini-Benders[4]: LB stagnated, break
  α-step: Z₀=20.092642, α=[0.000,0.000,0.000,0.000,0.000,3.161,0.000,0.000,0.000,0.000,0.000,0.000,0.000,1.873,0.000,0.000,0.000,2.546,0.000,0.000,0.000,0.000,0.000,0.000,0.000,0.000,0.000,0.000,0.000,0.000,0.000,0.000,0.000,2.365,0.000,0.000]
  Alt-Benders[1] (mw): LB=16.527380, Z₀(α*)=1.494001, intercept=-36.360785 (0.193s) [OMP=0.169 ISP-L=0.003 ISP-F=0.012 MW-L=0.006 MW-F=0.009]
  Alt-Benders[2] (mw): LB=16.527380, Z₀(α*)=1.494001, intercept=-36.360785 (0.203s) [OMP=0.175 ISP-L=0.003 ISP-F=0.012 MW-L=0.009 MW-F=0.009]
  Alt-Benders[3] (mw): LB=16.527380, Z₀(α*)=1.494001, intercept=-36.360785 (0.219s) [OMP=0.170 ISP-L=0.003 ISP-F=0.012 MW-L=0.009 MW-F=0.010]
  Alt-Benders[4]: LB stagnated, break
  OMP re-solve: 0.000s

=== True-DRO Benders iter 43 ===
  OMP: t₀=16.527380, UB=19.080927, gap=1.34e-01, x=[0, 0, 0, 0, 0, 0, 0, 0, 0, 0, 0, 0, 0, 0, 0, 0, 0, 0, 0, 1, 0, 0, 0, 0, 1, 0, 0, 0, 0, 0, 0, 0, 0, 0, 0, 0] (0.000s)
  Sub: Z₀=22.851614 [LOCAL] (0.2s), α=[0.000,0.000,0.491,0.000,0.000,0.000,0.036,0.000,0.000,0.052,0.000,0.000,0.000,0.000,0.000,0.000,0.000,4.708,0.000,0.000,0.000,0.000,0.000,0.000,1.652,0.000,0.000,0.494,0.000,0.000,0.000,0.000,0.485,2.027,0.000,0.000]
  Iter 43: LB=16.527380  UB=19.080927  gap=1.34e-01
  Cut: intercept=-1103.312083, π_x_range=[-822.8631, 580.0197]
  Mini-Benders[1] (mw): LB=16.564246, Z₀(α*)=-8.941262, intercept=-13.986277 (0.203s) [OMP=0.166 ISP-L=0.004 ISP-F=0.011 MW-L=0.006 MW-F=0.011]
  Mini-Benders[2] (mw): LB=16.564246, Z₀(α*)=-8.941262, intercept=-13.986277 (0.203s) [OMP=0.172 ISP-L=0.004 ISP-F=0.011 MW-L=0.006 MW-F=0.011]
  Mini-Benders[3] (mw): LB=16.564246, Z₀(α*)=-8.941262, intercept=-13.986277 (0.187s) [OMP=0.160 ISP-L=0.004 ISP-F=0.011 MW-L=0.007 MW-F=0.009]
  Mini-Benders[4]: LB stagnated, break
  α-step: Z₀=22.622562, α=[0.000,0.000,4.338,0.000,0.000,0.000,0.000,0.000,0.000,0.000,0.000,0.000,0.000,0.000,0.000,0.000,0.000,0.000,0.000,0.000,0.000,0.000,0.000,0.000,0.000,0.000,0.000,0.000,0.000,0.000,0.000,0.000,3.381,2.225,0.000,0.000]
  Alt-Benders[1] (mw): LB=16.601999, Z₀(α*)=-12.608401, intercept=-97.910385 (0.195s) [OMP=0.172 ISP-L=0.004 ISP-F=0.010 MW-L=0.009 MW-F=0.011]
  Alt-Benders[2] (mw): LB=16.601999, Z₀(α*)=-12.608401, intercept=-97.910385 (0.219s) [OMP=0.172 ISP-L=0.004 ISP-F=0.009 MW-L=0.010 MW-F=0.011]
  Alt-Benders[3] (mw): LB=16.601999, Z₀(α*)=-12.608401, intercept=-97.910385 (0.202s) [OMP=0.177 ISP-L=0.004 ISP-F=0.010 MW-L=0.007 MW-F=0.013]
  Alt-Benders[4]: LB stagnated, break
  OMP re-solve: 0.000s

=== True-DRO Benders iter 44 ===
  OMP: t₀=16.601999, UB=19.080927, gap=1.30e-01, x=[0, 0, 0, 0, 0, 0, 0, 0, 0, 0, 0, 0, 1, 0, 0, 0, 0, 0, 0, 0, 0, 0, 0, 0, 0, 0, 0, 0, 0, 0, 0, 0, 0, 1, 0, 0] (0.000s)
  Sub: Z₀=16.601999 [LOCAL] (0.1s), α=[0.000,0.000,0.000,0.000,0.000,0.000,0.000,0.000,0.000,0.000,0.000,0.000,1.818,0.159,0.000,0.000,0.000,0.000,0.000,0.000,0.000,0.000,0.000,0.000,0.000,0.000,0.000,0.000,0.000,0.000,0.000,0.000,0.000,7.968,0.000,0.000]
  Iter 44: LB=16.601999  UB=19.080927  gap=1.30e-01
  Cut: intercept=-1160.247884, π_x_range=[-818.3602, 594.0365]
  Mini-Benders[1] (mw): LB=16.601999, Z₀(α*)=16.602001, intercept=-100.205313 (0.218s) [OMP=0.176 ISP-L=0.004 ISP-F=0.010 MW-L=0.007 MW-F=0.011]
  Mini-Benders[2] (mw): LB=16.601999, Z₀(α*)=16.602001, intercept=-100.205313 (0.203s) [OMP=0.178 ISP-L=0.004 ISP-F=0.010 MW-L=0.007 MW-F=0.009]
  Mini-Benders[3]: LB stagnated, break
  α-step: Z₀=16.602001, α=[0.000,0.000,0.000,0.000,0.000,0.000,0.000,0.000,0.000,0.000,0.000,0.000,2.900,0.000,0.000,0.000,0.000,0.000,0.000,0.000,0.000,0.000,0.000,0.000,0.000,0.000,0.000,0.000,0.000,0.000,0.000,0.000,0.000,7.045,0.000,0.000]
  Alt-Benders[1] (mw): LB=16.602001, Z₀(α*)=16.602001, intercept=-100.205319 (0.217s) [OMP=0.176 ISP-L=0.004 ISP-F=0.010 MW-L=0.009 MW-F=0.011]
  Alt-Benders[2] (mw): LB=16.602001, Z₀(α*)=16.602001, intercept=-100.205319 (0.188s) [OMP=0.163 ISP-L=0.004 ISP-F=0.010 MW-L=0.007 MW-F=0.012]
  Alt-Benders[3] (mw): LB=16.602001, Z₀(α*)=16.602001, intercept=-100.205319 (0.203s) [OMP=0.169 ISP-L=0.004 ISP-F=0.010 MW-L=0.007 MW-F=0.012]
  Alt-Benders[4]: LB stagnated, break
  OMP re-solve: 0.000s

=== True-DRO Benders iter 45 ===
  OMP: t₀=16.602001, UB=19.080927, gap=1.30e-01, x=[0, 0, 0, 0, 0, 0, 0, 0, 0, 0, 0, 0, 1, 0, 0, 0, 0, 0, 0, 0, 0, 0, 0, 0, 0, 0, 0, 0, 0, 0, 0, 0, 0, 1, 0, 0] (0.000s)
  Sub: Z₀=16.602001 [TIME_LIMIT] (15.1s), α=[0.000,0.000,0.000,0.000,0.000,0.000,0.000,0.000,0.000,0.000,0.000,0.000,2.900,0.000,0.000,0.000,0.000,0.000,0.000,0.000,0.000,0.000,0.000,0.000,0.000,0.000,0.000,0.000,0.000,0.000,0.000,0.000,0.000,7.045,0.000,0.000]
  Iter 45: LB=16.602001  UB=17.548671  gap=5.39e-02
  Cut: intercept=-167.257878, π_x_range=[-180.4216, 102.6568]
  Mini-Benders[1] (mw): LB=16.602001, Z₀(α*)=16.602001, intercept=-100.205319 (0.265s) [OMP=0.242 ISP-L=0.004 ISP-F=0.010 MW-L=0.007 MW-F=0.011]
  Mini-Benders[2] (mw): LB=16.602001, Z₀(α*)=16.602001, intercept=-100.205319 (0.267s) [OMP=0.228 ISP-L=0.004 ISP-F=0.010 MW-L=0.009 MW-F=0.011]
  Mini-Benders[3]: LB stagnated, break
  α-step: Z₀=16.602001, α=[0.000,0.000,0.000,0.000,0.000,0.000,0.000,0.000,0.000,0.000,0.000,0.000,2.900,0.000,0.000,0.000,0.000,0.000,0.000,0.000,0.000,0.000,0.000,0.000,0.000,0.000,0.000,0.000,0.000,0.000,0.000,0.000,0.000,7.045,0.000,0.000]
  Alt-Benders[1] (mw): LB=16.602001, Z₀(α*)=16.602001, intercept=-100.205319 (0.266s) [OMP=0.234 ISP-L=0.004 ISP-F=0.010 MW-L=0.010 MW-F=0.012]
  Alt-Benders[2] (mw): LB=16.602001, Z₀(α*)=16.602001, intercept=-100.205319 (0.281s) [OMP=0.239 ISP-L=0.004 ISP-F=0.010 MW-L=0.007 MW-F=0.014]
  Alt-Benders[3]: LB stagnated, break
  OMP re-solve: 0.000s

=== True-DRO Benders iter 46 ===
  OMP: t₀=16.602001, UB=17.548671, gap=5.39e-02, x=[0, 0, 0, 0, 0, 0, 0, 0, 0, 0, 0, 0, 1, 0, 0, 0, 0, 0, 0, 0, 0, 0, 0, 0, 0, 0, 0, 0, 0, 0, 0, 0, 0, 1, 0, 0] (0.000s)
  Sub: Z₀=16.601999 [LOCAL] (0.1s), α=[0.000,0.000,0.000,0.000,0.000,0.000,0.000,0.000,0.000,0.000,0.000,0.000,1.818,0.159,0.000,0.000,0.000,0.000,0.000,0.000,0.000,0.000,0.000,0.000,0.000,0.000,0.000,0.000,0.000,0.000,0.000,0.000,0.000,7.968,0.000,0.000]
  Iter 46: LB=16.602001  UB=17.548671  gap=5.39e-02
  Cut: intercept=-1160.247884, π_x_range=[-818.3602, 594.0365]
  Mini-Benders[1] (mw): LB=16.602001, Z₀(α*)=16.602001, intercept=-100.205313 (0.280s) [OMP=0.245 ISP-L=0.004 ISP-F=0.011 MW-L=0.008 MW-F=0.010]
  Mini-Benders[2] (mw): LB=16.602001, Z₀(α*)=16.602001, intercept=-100.205313 (0.266s) [OMP=0.229 ISP-L=0.004 ISP-F=0.010 MW-L=0.010 MW-F=0.010]
  Mini-Benders[3]: LB stagnated, break
  α-step: Z₀=16.602001, α=[0.000,0.000,0.000,0.000,0.000,0.000,0.000,0.000,0.000,0.000,0.000,0.000,2.900,0.000,0.000,0.000,0.000,0.000,0.000,0.000,0.000,0.000,0.000,0.000,0.000,0.000,0.000,0.000,0.000,0.000,0.000,0.000,0.000,7.045,0.000,0.000]
  Alt-Benders[1] (mw): LB=16.602001, Z₀(α*)=16.602001, intercept=-100.205319 (0.234s) [OMP=0.203 ISP-L=0.004 ISP-F=0.010 MW-L=0.009 MW-F=0.011]
  Alt-Benders[2] (mw): LB=16.602001, Z₀(α*)=16.602001, intercept=-100.205319 (0.250s) [OMP=0.214 ISP-L=0.004 ISP-F=0.010 MW-L=0.007 MW-F=0.013]
  Alt-Benders[3]: LB stagnated, break
  OMP re-solve: 0.000s

=== True-DRO Benders iter 47 ===
  OMP: t₀=16.602001, UB=17.548671, gap=5.39e-02, x=[0, 0, 0, 0, 0, 0, 0, 0, 0, 0, 0, 0, 1, 0, 0, 0, 0, 0, 0, 0, 0, 0, 0, 0, 0, 0, 0, 0, 0, 0, 0, 0, 0, 1, 0, 0] (0.000s)
  Sub: Z₀=16.601999 [LOCAL] (0.1s), α=[0.000,0.000,0.000,0.000,0.000,0.000,0.000,0.000,0.000,0.000,0.000,0.000,1.818,0.159,0.000,0.000,0.000,0.000,0.000,0.000,0.000,0.000,0.000,0.000,0.000,0.000,0.000,0.000,0.000,0.000,0.000,0.000,0.000,7.968,0.000,0.000]
  Iter 47: LB=16.602001  UB=17.548671  gap=5.39e-02
  Cut: intercept=-1160.247884, π_x_range=[-818.3602, 594.0365]
  Mini-Benders[1] (mw): LB=16.602001, Z₀(α*)=16.602001, intercept=-100.205313 (0.233s) [OMP=0.204 ISP-L=0.004 ISP-F=0.010 MW-L=0.007 MW-F=0.012]
  Mini-Benders[2] (mw): LB=16.602001, Z₀(α*)=16.602001, intercept=-100.205313 (0.235s) [OMP=0.191 ISP-L=0.004 ISP-F=0.010 MW-L=0.007 MW-F=0.010]
  Mini-Benders[3]: LB stagnated, break
  α-step: Z₀=16.602001, α=[0.000,0.000,0.000,0.000,0.000,0.000,0.000,0.000,0.000,0.000,0.000,0.000,2.900,0.000,0.000,0.000,0.000,0.000,0.000,0.000,0.000,0.000,0.000,0.000,0.000,0.000,0.000,0.000,0.000,0.000,0.000,0.000,0.000,7.045,0.000,0.000]
  Alt-Benders[1] (mw): LB=16.602001, Z₀(α*)=16.602001, intercept=-100.205319 (0.213s) [OMP=0.180 ISP-L=0.004 ISP-F=0.010 MW-L=0.009 MW-F=0.011]
  Alt-Benders[2] (mw): LB=16.602001, Z₀(α*)=16.602001, intercept=-100.205319 (0.214s) [OMP=0.182 ISP-L=0.003 ISP-F=0.009 MW-L=0.009 MW-F=0.011]
  Alt-Benders[3]: LB stagnated, break
  OMP re-solve: 0.000s

=== True-DRO Benders iter 48 ===
  OMP: t₀=16.602001, UB=17.548671, gap=5.39e-02, x=[0, 0, 0, 0, 0, 0, 0, 0, 0, 0, 0, 0, 1, 0, 0, 0, 0, 0, 0, 0, 0, 0, 0, 0, 0, 0, 0, 0, 0, 0, 0, 0, 0, 1, 0, 0] (0.000s)
  Sub: Z₀=16.601999 [LOCAL] (0.1s), α=[0.000,0.000,0.000,0.000,0.000,0.000,0.000,0.000,0.000,0.000,0.000,0.000,1.818,0.159,0.000,0.000,0.000,0.000,0.000,0.000,0.000,0.000,0.000,0.000,0.000,0.000,0.000,0.000,0.000,0.000,0.000,0.000,0.000,7.968,0.000,0.000]
  Iter 48: LB=16.602001  UB=17.548671  gap=5.39e-02
  Cut: intercept=-1160.247884, π_x_range=[-818.3602, 594.0365]
  Mini-Benders[1] (mw): LB=16.602001, Z₀(α*)=16.602001, intercept=-100.205313 (0.218s) [OMP=0.187 ISP-L=0.004 ISP-F=0.010 MW-L=0.007 MW-F=0.011]
  Mini-Benders[2] (mw): LB=16.602001, Z₀(α*)=16.602001, intercept=-100.205313 (0.219s) [OMP=0.180 ISP-L=0.004 ISP-F=0.010 MW-L=0.007 MW-F=0.009]
  Mini-Benders[3]: LB stagnated, break
  α-step: Z₀=16.602001, α=[0.000,0.000,0.000,0.000,0.000,0.000,0.000,0.000,0.000,0.000,0.000,0.000,2.900,0.000,0.000,0.000,0.000,0.000,0.000,0.000,0.000,0.000,0.000,0.000,0.000,0.000,0.000,0.000,0.000,0.000,0.000,0.000,0.000,7.045,0.000,0.000]
  Alt-Benders[1] (mw): LB=16.602001, Z₀(α*)=16.602001, intercept=-100.205319 (0.218s) [OMP=0.171 ISP-L=0.004 ISP-F=0.010 MW-L=0.009 MW-F=0.011]
  Alt-Benders[2] (mw): LB=16.602001, Z₀(α*)=16.602001, intercept=-100.205319 (0.203s) [OMP=0.172 ISP-L=0.004 ISP-F=0.010 MW-L=0.009 MW-F=0.011]
  Alt-Benders[3]: LB stagnated, break
  OMP re-solve: 0.000s

=== True-DRO Benders iter 49 ===
  OMP: t₀=16.602001, UB=17.548671, gap=5.39e-02, x=[0, 0, 0, 0, 0, 0, 0, 0, 0, 0, 0, 0, 1, 0, 0, 0, 0, 0, 0, 0, 0, 0, 0, 0, 0, 0, 0, 0, 0, 0, 0, 0, 0, 1, 0, 0] (0.000s)
  Sub: Z₀=16.601999 [LOCAL] (0.1s), α=[0.000,0.000,0.000,0.000,0.000,0.000,0.000,0.000,0.000,0.000,0.000,0.000,1.818,0.159,0.000,0.000,0.000,0.000,0.000,0.000,0.000,0.000,0.000,0.000,0.000,0.000,0.000,0.000,0.000,0.000,0.000,0.000,0.000,7.968,0.000,0.000]
  Iter 49: LB=16.602001  UB=17.548671  gap=5.39e-02
  Cut: intercept=-1160.247884, π_x_range=[-818.3602, 594.0365]
  Mini-Benders[1] (mw): LB=16.602001, Z₀(α*)=16.602001, intercept=-100.205313 (0.203s) [OMP=0.177 ISP-L=0.004 ISP-F=0.010 MW-L=0.007 MW-F=0.011]
  Mini-Benders[2] (mw): LB=16.602001, Z₀(α*)=16.602001, intercept=-100.205313 (0.203s) [OMP=0.177 ISP-L=0.004 ISP-F=0.009 MW-L=0.007 MW-F=0.011]
  Mini-Benders[3]: LB stagnated, break
  α-step: Z₀=16.602001, α=[0.000,0.000,0.000,0.000,0.000,0.000,0.000,0.000,0.000,0.000,0.000,0.000,2.900,0.000,0.000,0.000,0.000,0.000,0.000,0.000,0.000,0.000,0.000,0.000,0.000,0.000,0.000,0.000,0.000,0.000,0.000,0.000,0.000,7.045,0.000,0.000]
  Alt-Benders[1] (mw): LB=16.602001, Z₀(α*)=16.602001, intercept=-100.205319 (0.211s) [OMP=0.177 ISP-L=0.004 ISP-F=0.009 MW-L=0.009 MW-F=0.011]
  Alt-Benders[2] (mw): LB=16.602001, Z₀(α*)=16.602001, intercept=-100.205319 (0.203s) [OMP=0.180 ISP-L=0.003 ISP-F=0.009 MW-L=0.009 MW-F=0.011]
  Alt-Benders[3]: LB stagnated, break
  OMP re-solve: 0.000s

=== True-DRO Benders iter 50 ===
  OMP: t₀=16.602001, UB=17.548671, gap=5.39e-02, x=[0, 0, 0, 0, 0, 0, 0, 0, 0, 0, 0, 0, 1, 0, 0, 0, 0, 0, 0, 0, 0, 0, 0, 0, 0, 0, 0, 0, 0, 0, 0, 0, 0, 1, 0, 0] (0.000s)
  → Boost: time limit 3600s + MIPGap=0.5% (same x + prev TIME_LIMIT)
  Sub: Z₀=16.602001 (20.9s), α=[0.000,0.000,0.000,0.000,0.000,0.000,0.000,0.000,0.000,0.000,0.000,0.000,2.900,0.000,0.000,0.000,0.000,0.000,0.000,0.000,0.000,0.000,0.000,0.000,0.000,0.000,0.000,0.000,0.000,0.000,0.000,0.000,0.000,7.045,0.000,0.000]
  Iter 50: LB=16.602001  UB=16.602001  gap=2.04e-10
True-DRO Benders converged at iter 50 (gap=2.04e-10)
  Wall time: 227.91 sec
  OMP  time: mean=0.112s, median=0.127s, max=0.335s
  Sub  time (exact): mean=10.571s, median=10.571s, q90=18.873s, max=20.948s (n=2/50)

Result (double/mb_only): Z₀=16.602001, iters=50, time=228.0s
x arcs = [13, 34]
