============================================================
abilene — double [mb_only]: ε̂=0.20, ε̃=0.20, β=0.05
  mini_benders=true, valid_inequality=none
============================================================
Set parameter Username
Set parameter LicenseID to value 2742039
Academic license - for non-commercial use only - expires 2026-11-20
Set parameter Username
Set parameter LicenseID to value 2742039
Academic license - for non-commercial use only - expires 2026-11-20
Set parameter OutputFlag to value 1
Set parameter LogFile to value "global_miqcp.log"
Set parameter Username
Set parameter LicenseID to value 2742039
Academic license - for non-commercial use only - expires 2026-11-20
Set parameter Username
Set parameter LicenseID to value 2742039
Academic license - for non-commercial use only - expires 2026-11-20
Set parameter Username
Set parameter LicenseID to value 2742039
Academic license - for non-commercial use only - expires 2026-11-20
Set parameter Username
Set parameter LicenseID to value 2742039
Academic license - for non-commercial use only - expires 2026-11-20

=== True-DRO Benders iter 1 ===
  OMP: t₀=-10000.000000, UB=Inf, gap=NaN, x=[0, 0, 0, 0, 0, 0, 0, 0, 0, 0, 0, 0, 0, 0, 0, 0, 0, 0, 0, 0, 0, 0, 0, 0, 0, 0, 0, 0, 0, 0] (0.000s)
  Sub: Z₀=21.038782 [LOCAL] (0.2s), α=[0.000,0.000,0.000,0.000,0.000,0.000,0.000,0.000,0.000,0.000,0.000,0.000,0.000,0.000,2.095,0.000,0.000,0.000,0.000,0.000,0.000,0.000,0.000,0.000,0.000,6.997,1.242,0.481,0.000,0.000]
  Iter 1: LB=-10000.000000  UB=Inf  gap=NaN
  Cut: intercept=21.038782, π_x_range=[-833.7513, -801.3904]
  Mini-Benders[1] (mw): LB=-1634.092106, Z₀(α*)=-7.738095, intercept=-77.523996 (0.047s) [OMP=0.004 ISP-L=0.006 ISP-F=0.012 MW-L=0.006 MW-F=0.009]
  Mini-Benders[2] (mw): LB=-256.314079, Z₀(α*)=-3.809800, intercept=-45.494141 (0.032s) [OMP=0.002 ISP-L=0.003 ISP-F=0.009 MW-L=0.006 MW-F=0.008]
  Mini-Benders[3] (mw): LB=-187.018034, Z₀(α*)=11.884992, intercept=-40.892156 (0.031s) [OMP=0.008 ISP-L=0.003 ISP-F=0.008 MW-L=0.007 MW-F=0.008]
  Mini-Benders[4] (mw): LB=-126.833339, Z₀(α*)=-24.877230, intercept=-126.488433 (0.031s) [OMP=0.013 ISP-L=0.003 ISP-F=0.008 MW-L=0.007 MW-F=0.008]
  Mini-Benders[5] (mw): LB=-122.624921, Z₀(α*)=-35.567080, intercept=-35.492921 (0.063s) [OMP=0.019 ISP-L=0.003 ISP-F=0.008 MW-L=0.007 MW-F=0.011]
Set parameter NonConvex to value 2
Set parameter DualReductions to value 0
  α-step: Z₀=12.091723, α=[0.000,0.000,0.000,0.000,3.703,0.000,0.112,0.000,0.000,0.000,3.499,0.000,0.000,0.104,1.631,0.000,0.000,0.000,0.000,0.000,0.000,0.000,0.000,0.000,0.000,0.000,1.057,0.709,0.000,0.000]
  Alt-Benders[1] (mw): LB=-108.103524, Z₀(α*)=0.421708, intercept=-41.963497 (0.047s) [OMP=0.018 ISP-L=0.003 ISP-F=0.008 MW-L=0.006 MW-F=0.008]
  Alt-Benders[2] (mw): LB=-102.292515, Z₀(α*)=-22.861578, intercept=-33.431106 (0.046s) [OMP=0.023 ISP-L=0.003 ISP-F=0.007 MW-L=0.005 MW-F=0.009]
  Alt-Benders[3] (mw): LB=-90.784636, Z₀(α*)=-7.770904, intercept=-140.389709 (0.047s) [OMP=0.024 ISP-L=0.003 ISP-F=0.008 MW-L=0.006 MW-F=0.009]
  Alt-Benders[4] (mw): LB=-79.967153, Z₀(α*)=-12.816889, intercept=-50.013176 (0.047s) [OMP=0.018 ISP-L=0.003 ISP-F=0.008 MW-L=0.006 MW-F=0.007]
  Alt-Benders[5] (mw): LB=-79.763754, Z₀(α*)=-40.924377, intercept=-62.943746 (0.047s) [OMP=0.024 ISP-L=0.003 ISP-F=0.006 MW-L=0.007 MW-F=0.007]
  OMP re-solve: 0.024s

=== True-DRO Benders iter 2 ===
  OMP: t₀=-78.173370, UB=Inf, gap=NaN, x=[0, 0, 0, 0, 0, 0, 1, 0, 0, 0, 0, 0, 0, 0, 0, 0, 0, 1, 0, 0, 0, 0, 0, 0, 0, 0, 0, 0, 0, 0] (0.000s)
  Sub: Z₀=18.837988 [LOCAL] (0.2s), α=[0.000,0.000,0.000,0.000,0.000,0.000,3.397,0.000,0.000,0.000,0.000,0.000,0.000,0.000,0.868,0.000,0.000,0.000,0.000,0.000,0.000,0.000,0.000,0.000,0.000,5.285,0.327,0.938,0.000,0.000]
  Iter 2: LB=-78.173370  UB=Inf  gap=NaN
  Cut: intercept=-1121.537625, π_x_range=[-828.8975, 584.3574]
  Mini-Benders[1] (mw): LB=-74.135747, Z₀(α*)=-14.086850, intercept=-92.208218 (0.047s) [OMP=0.031 ISP-L=0.003 ISP-F=0.008 MW-L=0.007 MW-F=0.007]
  Mini-Benders[2] (mw): LB=-74.093667, Z₀(α*)=1.230054, intercept=-58.864144 (0.063s) [OMP=0.032 ISP-L=0.003 ISP-F=0.009 MW-L=0.006 MW-F=0.010]
  Mini-Benders[3] (mw): LB=-66.197352, Z₀(α*)=-1.719934, intercept=-52.775269 (0.078s) [OMP=0.036 ISP-L=0.003 ISP-F=0.009 MW-L=0.007 MW-F=0.011]
  Mini-Benders[4] (mw): LB=-65.680576, Z₀(α*)=-10.733906, intercept=-58.484707 (0.062s) [OMP=0.034 ISP-L=0.004 ISP-F=0.010 MW-L=0.007 MW-F=0.010]
  Mini-Benders[5] (mw): LB=-60.604157, Z₀(α*)=9.491597, intercept=-29.844884 (0.110s) [OMP=0.067 ISP-L=0.004 ISP-F=0.010 MW-L=0.008 MW-F=0.023]
  α-step: Z₀=14.624500, α=[0.000,0.000,0.000,0.000,0.000,0.000,3.665,0.000,0.000,0.000,0.000,0.000,0.000,0.000,0.000,0.000,0.000,0.000,0.000,0.000,0.000,0.000,0.000,0.000,0.000,0.651,1.165,5.334,0.000,0.000]
  Alt-Benders[1] (mw): LB=-58.923368, Z₀(α*)=-6.367671, intercept=-47.085704 (0.078s) [OMP=0.056 ISP-L=0.003 ISP-F=0.010 MW-L=0.008 MW-F=0.011]
  Alt-Benders[2] (mw): LB=-58.297067, Z₀(α*)=8.410230, intercept=-31.103725 (0.093s) [OMP=0.054 ISP-L=0.003 ISP-F=0.009 MW-L=0.007 MW-F=0.009]
  Alt-Benders[3] (mw): LB=-58.150231, Z₀(α*)=-12.529995, intercept=-70.634933 (0.079s) [OMP=0.051 ISP-L=0.003 ISP-F=0.007 MW-L=0.005 MW-F=0.008]
  Alt-Benders[4] (mw): LB=-57.539248, Z₀(α*)=-26.265587, intercept=-20.950312 (0.062s) [OMP=0.048 ISP-L=0.003 ISP-F=0.007 MW-L=0.006 MW-F=0.008]
  Alt-Benders[5] (mw): LB=-56.832304, Z₀(α*)=-10.706512, intercept=-86.868306 (0.078s) [OMP=0.056 ISP-L=0.003 ISP-F=0.007 MW-L=0.005 MW-F=0.007]
  OMP re-solve: 0.051s

=== True-DRO Benders iter 3 ===
  OMP: t₀=-56.596043, UB=Inf, gap=NaN, x=[0, 0, 0, 0, 1, 0, 0, 1, 0, 0, 0, 0, 0, 0, 0, 0, 0, 0, 0, 0, 0, 0, 0, 0, 0, 0, 0, 0, 0, 0] (0.000s)
  Sub: Z₀=13.913122 [LOCAL] (0.2s), α=[0.000,0.000,0.000,0.000,6.504,0.000,0.000,0.765,0.000,0.000,0.000,0.000,0.000,0.000,3.545,0.000,0.000,0.000,0.000,0.000,0.000,0.000,0.000,0.000,0.000,0.000,0.000,0.000,0.000,0.000]
  Iter 3: LB=-56.596043  UB=Inf  gap=NaN
  Cut: intercept=-1110.148111, π_x_range=[-828.5903, 562.1052]
  Mini-Benders[1] (mw): LB=-56.179048, Z₀(α*)=-13.894696, intercept=-82.572460 (0.094s) [OMP=0.056 ISP-L=0.003 ISP-F=0.008 MW-L=0.006 MW-F=0.009]
  Mini-Benders[2] (mw): LB=-56.057776, Z₀(α*)=-34.484901, intercept=-54.988967 (0.109s) [OMP=0.085 ISP-L=0.003 ISP-F=0.007 MW-L=0.006 MW-F=0.009]
  Mini-Benders[3] (mw): LB=-53.941302, Z₀(α*)=-14.981674, intercept=-43.251020 (0.094s) [OMP=0.077 ISP-L=0.003 ISP-F=0.009 MW-L=0.007 MW-F=0.007]
  Mini-Benders[4] (mw): LB=-52.673241, Z₀(α*)=-16.235889, intercept=-17.586327 (0.110s) [OMP=0.066 ISP-L=0.003 ISP-F=0.008 MW-L=0.021 MW-F=0.009]
  Mini-Benders[5] (mw): LB=-51.609395, Z₀(α*)=-11.951491, intercept=-16.628225 (0.078s) [OMP=0.055 ISP-L=0.003 ISP-F=0.008 MW-L=0.006 MW-F=0.008]
  α-step: Z₀=13.120074, α=[0.000,0.000,0.000,0.000,0.000,0.000,2.312,0.000,0.000,0.000,0.000,0.000,0.000,0.000,0.000,0.000,0.000,0.000,0.000,0.000,0.000,0.000,0.000,0.000,0.000,2.087,5.239,1.176,0.000,0.000]
  Alt-Benders[1] (mw): LB=-45.882870, Z₀(α*)=-5.640189, intercept=-43.190568 (0.125s) [OMP=0.096 ISP-L=0.003 ISP-F=0.007 MW-L=0.006 MW-F=0.007]
  Alt-Benders[2] (mw): LB=-44.651056, Z₀(α*)=-4.594835, intercept=-51.172580 (0.063s) [OMP=0.043 ISP-L=0.003 ISP-F=0.007 MW-L=0.006 MW-F=0.009]
  Alt-Benders[3] (mw): LB=-44.614809, Z₀(α*)=-2.463823, intercept=-22.542709 (0.078s) [OMP=0.042 ISP-L=0.003 ISP-F=0.008 MW-L=0.006 MW-F=0.007]
  Alt-Benders[4] (mw): LB=-40.924379, Z₀(α*)=-32.840208, intercept=-61.649950 (0.062s) [OMP=0.049 ISP-L=0.003 ISP-F=0.007 MW-L=0.006 MW-F=0.007]
  Alt-Benders[5] (mw): LB=-39.747850, Z₀(α*)=-13.130169, intercept=-62.700743 (0.156s) [OMP=0.125 ISP-L=0.002 ISP-F=0.008 MW-L=0.005 MW-F=0.008]
  OMP re-solve: 0.049s

=== True-DRO Benders iter 4 ===
  OMP: t₀=-39.086562, UB=Inf, gap=NaN, x=[0, 0, 0, 0, 0, 0, 1, 0, 0, 0, 1, 0, 0, 0, 0, 0, 0, 0, 0, 0, 0, 0, 0, 0, 0, 0, 0, 0, 0, 0] (0.000s)
  Sub: Z₀=14.726621 [LOCAL] (0.1s), α=[0.000,0.000,0.000,0.000,0.000,0.000,4.539,0.000,0.000,0.000,5.952,0.000,0.000,0.000,0.000,0.000,0.000,0.000,0.000,0.000,0.000,0.000,0.000,0.000,0.000,0.323,0.000,0.000,0.000,0.000]
  Iter 4: LB=-39.086562  UB=Inf  gap=NaN
  Cut: intercept=-1105.713057, π_x_range=[-819.8934, 581.8187]
  Mini-Benders[1] (mw): LB=-38.735270, Z₀(α*)=-5.506478, intercept=-88.709144 (0.140s) [OMP=0.106 ISP-L=0.003 ISP-F=0.008 MW-L=0.006 MW-F=0.009]
  Mini-Benders[2] (mw): LB=-37.729798, Z₀(α*)=-26.444030, intercept=-49.182648 (0.125s) [OMP=0.094 ISP-L=0.003 ISP-F=0.008 MW-L=0.006 MW-F=0.008]
  Mini-Benders[3] (mw): LB=-37.616982, Z₀(α*)=-29.649735, intercept=-73.436994 (0.125s) [OMP=0.099 ISP-L=0.003 ISP-F=0.008 MW-L=0.019 MW-F=0.009]
  Mini-Benders[4] (mw): LB=-37.284112, Z₀(α*)=-5.050276, intercept=-36.691001 (0.141s) [OMP=0.111 ISP-L=0.003 ISP-F=0.008 MW-L=0.005 MW-F=0.009]
  Mini-Benders[5] (mw): LB=-37.190261, Z₀(α*)=-27.862311, intercept=-53.566106 (0.156s) [OMP=0.133 ISP-L=0.003 ISP-F=0.008 MW-L=0.006 MW-F=0.008]
  α-step: Z₀=15.348930, α=[0.000,0.000,0.000,0.000,0.000,0.000,0.000,0.000,0.000,0.000,0.000,0.000,0.000,0.000,1.520,0.000,0.000,0.000,0.000,0.000,0.000,0.000,0.000,0.000,0.000,2.574,4.782,1.940,0.000,0.000]
  Alt-Benders[1] (mw): LB=-36.931133, Z₀(α*)=16.596328, intercept=-27.778733 (0.141s) [OMP=0.105 ISP-L=0.003 ISP-F=0.008 MW-L=0.006 MW-F=0.011]
  Alt-Benders[2] (mw): LB=-36.811567, Z₀(α*)=15.298166, intercept=-19.879138 (0.109s) [OMP=0.090 ISP-L=0.003 ISP-F=0.008 MW-L=0.007 MW-F=0.009]
  Alt-Benders[3] (mw): LB=-36.315835, Z₀(α*)=9.291085, intercept=-58.839804 (0.094s) [OMP=0.072 ISP-L=0.003 ISP-F=0.008 MW-L=0.006 MW-F=0.006]
  Alt-Benders[4] (mw): LB=-35.922388, Z₀(α*)=10.125762, intercept=-10.875828 (0.141s) [OMP=0.110 ISP-L=0.003 ISP-F=0.008 MW-L=0.006 MW-F=0.007]
  Alt-Benders[5] (mw): LB=-35.891611, Z₀(α*)=-10.777049, intercept=-47.032891 (0.140s) [OMP=0.115 ISP-L=0.003 ISP-F=0.008 MW-L=0.007 MW-F=0.008]
  OMP re-solve: 0.098s

=== True-DRO Benders iter 5 ===
  OMP: t₀=-35.567082, UB=Inf, gap=NaN, x=[0, 0, 0, 0, 0, 0, 0, 1, 0, 0, 0, 0, 0, 0, 0, 0, 0, 0, 0, 0, 0, 0, 0, 0, 0, 0, 0, 1, 0, 0] (0.000s)
  Sub: Z₀=14.947438 [TIME_LIMIT] (15.1s), α=[0.000,0.000,0.000,0.000,0.000,0.000,0.555,0.970,0.000,0.000,0.000,0.000,0.000,0.000,0.000,0.000,0.000,0.000,0.000,0.000,0.000,0.000,0.000,0.000,0.000,1.681,0.000,7.609,0.000,0.000]
  Iter 5: LB=-35.567082  UB=15.394913  gap=3.31e+00
  Cut: intercept=-104.774327, π_x_range=[-194.9814, 69.7137]
  Mini-Benders[1] (mw): LB=-34.484903, Z₀(α*)=-21.985949, intercept=-71.946126 (0.296s) [OMP=0.270 ISP-L=0.003 ISP-F=0.008 MW-L=0.006 MW-F=0.021]
  Mini-Benders[2] (mw): LB=-32.840209, Z₀(α*)=-26.986805, intercept=-62.298567 (0.297s) [OMP=0.274 ISP-L=0.002 ISP-F=0.007 MW-L=0.004 MW-F=0.008]
  Mini-Benders[3] (mw): LB=-32.790450, Z₀(α*)=-7.892265, intercept=-15.125065 (0.297s) [OMP=0.272 ISP-L=0.002 ISP-F=0.007 MW-L=0.004 MW-F=0.007]
  Mini-Benders[4] (mw): LB=-32.403944, Z₀(α*)=1.744695, intercept=-38.231006 (0.313s) [OMP=0.289 ISP-L=0.003 ISP-F=0.008 MW-L=0.006 MW-F=0.008]
  Mini-Benders[5] (mw): LB=-32.264572, Z₀(α*)=7.715953, intercept=-30.014778 (0.265s) [OMP=0.241 ISP-L=0.003 ISP-F=0.007 MW-L=0.005 MW-F=0.007]
  α-step: Z₀=17.685763, α=[0.000,0.000,0.000,0.000,0.000,0.000,0.000,0.000,0.000,0.000,0.000,0.000,0.000,0.000,0.286,0.000,0.000,0.000,0.000,5.056,0.000,0.000,0.000,0.000,0.000,3.107,2.366,0.000,0.000,0.000]
  Alt-Benders[1] (mw): LB=-31.854002, Z₀(α*)=-12.076085, intercept=-45.411813 (0.250s) [OMP=0.230 ISP-L=0.003 ISP-F=0.007 MW-L=0.006 MW-F=0.009]
  Alt-Benders[2] (mw): LB=-31.279186, Z₀(α*)=-31.309531, intercept=-51.895501 (0.250s) [OMP=0.227 ISP-L=0.003 ISP-F=0.007 MW-L=0.006 MW-F=0.007]
  Alt-Benders[3] (mw): LB=-31.279186, Z₀(α*)=-31.309531, intercept=-51.895501 (0.188s) [OMP=0.158 ISP-L=0.003 ISP-F=0.006 MW-L=0.005 MW-F=0.007]
  Alt-Benders[4] (mw): LB=-31.279186, Z₀(α*)=-31.309531, intercept=-51.895501 (0.172s) [OMP=0.156 ISP-L=0.003 ISP-F=0.007 MW-L=0.005 MW-F=0.007]
  Alt-Benders[5]: LB stagnated, break
  OMP re-solve: 0.000s

=== True-DRO Benders iter 6 ===
  OMP: t₀=-31.279186, UB=15.394913, gap=3.03e+00, x=[0, 0, 0, 0, 1, 0, 0, 0, 0, 0, 0, 0, 0, 0, 1, 0, 0, 0, 0, 0, 0, 0, 0, 0, 0, 0, 0, 0, 0, 0] (0.000s)
  Sub: Z₀=13.121027 [LOCAL] (0.1s), α=[0.000,0.000,0.000,0.000,6.285,0.000,0.000,0.000,0.000,0.000,0.000,0.000,0.000,0.000,4.530,0.000,0.000,0.000,0.000,0.000,0.000,0.000,0.000,0.000,0.000,0.000,0.000,0.000,0.000,0.000]
  Iter 6: LB=-31.279186  UB=15.394913  gap=3.03e+00
  Cut: intercept=-1155.247696, π_x_range=[-829.2864, 590.7160]
  Mini-Benders[1] (mw): LB=-30.912115, Z₀(α*)=4.029106, intercept=-74.941023 (0.250s) [OMP=0.215 ISP-L=0.003 ISP-F=0.008 MW-L=0.007 MW-F=0.021]
  Mini-Benders[2] (mw): LB=-28.728026, Z₀(α*)=-24.193180, intercept=-43.571705 (0.235s) [OMP=0.206 ISP-L=0.003 ISP-F=0.007 MW-L=0.006 MW-F=0.008]
  Mini-Benders[3] (mw): LB=-27.862313, Z₀(α*)=-14.172431, intercept=-41.958559 (0.234s) [OMP=0.215 ISP-L=0.003 ISP-F=0.008 MW-L=0.006 MW-F=0.008]
  Mini-Benders[4] (mw): LB=-26.986806, Z₀(α*)=-46.405796, intercept=-61.856874 (0.234s) [OMP=0.210 ISP-L=0.003 ISP-F=0.008 MW-L=0.007 MW-F=0.010]
  Mini-Benders[5] (mw): LB=-26.986806, Z₀(α*)=-46.405796, intercept=-61.856874 (0.266s) [OMP=0.232 ISP-L=0.003 ISP-F=0.008 MW-L=0.007 MW-F=0.010]
  α-step: Z₀=14.325903, α=[0.000,0.000,0.000,0.000,0.000,0.000,0.000,6.842,0.000,0.000,0.000,0.000,0.000,0.000,0.000,0.000,0.000,0.000,0.000,2.883,0.000,0.000,0.000,0.000,0.000,0.959,0.131,0.000,0.000,0.000]
  Alt-Benders[1] (mw): LB=-26.393399, Z₀(α*)=-41.383263, intercept=-34.007716 (0.266s) [OMP=0.248 ISP-L=0.003 ISP-F=0.007 MW-L=0.006 MW-F=0.007]
  Alt-Benders[2] (mw): LB=-26.393399, Z₀(α*)=-41.383263, intercept=-34.007716 (0.265s) [OMP=0.241 ISP-L=0.003 ISP-F=0.007 MW-L=0.006 MW-F=0.007]
  Alt-Benders[3] (mw): LB=-26.393399, Z₀(α*)=-41.383263, intercept=-34.007716 (0.282s) [OMP=0.247 ISP-L=0.003 ISP-F=0.007 MW-L=0.006 MW-F=0.007]
  Alt-Benders[4]: LB stagnated, break
  OMP re-solve: 0.000s

=== True-DRO Benders iter 7 ===
  OMP: t₀=-26.393399, UB=15.394913, gap=2.71e+00, x=[0, 0, 0, 0, 0, 0, 0, 0, 0, 0, 0, 0, 0, 0, 1, 0, 0, 0, 0, 0, 0, 0, 0, 0, 0, 1, 0, 0, 0, 0] (0.000s)
  Sub: Z₀=13.945675 [LOCAL] (0.1s), α=[0.000,0.000,0.000,0.000,0.000,0.000,0.000,0.000,0.000,0.000,0.000,0.000,0.000,0.000,0.395,0.000,0.000,0.000,0.000,0.000,0.000,0.000,0.000,0.000,0.000,10.420,0.000,0.000,0.000,0.000]
  Iter 7: LB=-26.393399  UB=15.394913  gap=2.71e+00
  Cut: intercept=-1169.060154, π_x_range=[-828.5343, 597.3068]
  Mini-Benders[1] (mw): LB=-25.743631, Z₀(α*)=15.537572, intercept=-13.320208 (0.281s) [OMP=0.247 ISP-L=0.003 ISP-F=0.008 MW-L=0.006 MW-F=0.008]
  Mini-Benders[2] (mw): LB=-24.877232, Z₀(α*)=-28.635181, intercept=-126.619930 (0.328s) [OMP=0.294 ISP-L=0.003 ISP-F=0.008 MW-L=0.006 MW-F=0.021]
  Mini-Benders[3] (mw): LB=-24.877232, Z₀(α*)=-28.635181, intercept=-126.619930 (0.297s) [OMP=0.261 ISP-L=0.003 ISP-F=0.008 MW-L=0.006 MW-F=0.008]
  Mini-Benders[4] (mw): LB=-24.877232, Z₀(α*)=-28.635181, intercept=-126.619930 (0.281s) [OMP=0.257 ISP-L=0.003 ISP-F=0.008 MW-L=0.006 MW-F=0.008]
  Mini-Benders[5]: LB stagnated, break
  α-step: Z₀=12.450657, α=[0.000,0.000,0.000,0.000,0.000,0.000,0.000,0.000,0.000,0.000,8.584,0.000,0.000,0.000,0.000,0.000,0.000,0.000,0.000,0.000,0.000,0.000,0.000,0.000,0.000,2.231,0.000,0.000,0.000,0.000]
  Alt-Benders[1] (mw): LB=-24.752183, Z₀(α*)=-29.843215, intercept=-56.278113 (0.235s) [OMP=0.216 ISP-L=0.003 ISP-F=0.007 MW-L=0.006 MW-F=0.008]
  Alt-Benders[2] (mw): LB=-24.752183, Z₀(α*)=-29.843215, intercept=-56.278113 (0.218s) [OMP=0.187 ISP-L=0.003 ISP-F=0.007 MW-L=0.006 MW-F=0.008]
  Alt-Benders[3] (mw): LB=-24.752183, Z₀(α*)=-29.843215, intercept=-56.278113 (0.219s) [OMP=0.208 ISP-L=0.003 ISP-F=0.007 MW-L=0.006 MW-F=0.008]
  Alt-Benders[4]: LB stagnated, break
  OMP re-solve: 0.000s

=== True-DRO Benders iter 8 ===
  OMP: t₀=-24.752183, UB=15.394913, gap=2.61e+00, x=[0, 0, 0, 0, 1, 0, 0, 0, 0, 0, 0, 0, 0, 0, 0, 0, 0, 0, 0, 0, 0, 0, 0, 0, 0, 0, 0, 1, 0, 0] (0.000s)
  Sub: Z₀=14.204195 [LOCAL] (0.1s), α=[0.000,0.000,0.000,0.000,6.367,0.000,0.000,0.000,0.000,0.000,0.000,0.000,0.000,0.000,1.730,0.000,0.000,0.000,0.000,0.000,0.000,0.000,0.000,0.000,0.000,0.000,0.065,2.652,0.000,0.000]
  Iter 8: LB=-24.752183  UB=15.394913  gap=2.61e+00
  Cut: intercept=-1114.728155, π_x_range=[-828.5335, 569.2658]
  Mini-Benders[1] (mw): LB=-24.193183, Z₀(α*)=-23.567992, intercept=-43.275417 (0.188s) [OMP=0.173 ISP-L=0.003 ISP-F=0.006 MW-L=0.006 MW-F=0.009]
  Mini-Benders[2] (mw): LB=-23.791240, Z₀(α*)=-15.273499, intercept=-13.766732 (0.172s) [OMP=0.147 ISP-L=0.003 ISP-F=0.008 MW-L=0.006 MW-F=0.008]
  Mini-Benders[3] (mw): LB=-23.754387, Z₀(α*)=-15.901312, intercept=-71.925670 (0.218s) [OMP=0.181 ISP-L=0.003 ISP-F=0.008 MW-L=0.006 MW-F=0.008]
  Mini-Benders[4] (mw): LB=-23.567994, Z₀(α*)=-23.567992, intercept=-43.275417 (0.188s) [OMP=0.164 ISP-L=0.003 ISP-F=0.007 MW-L=0.017 MW-F=0.007]
  Mini-Benders[5] (mw): LB=-23.567994, Z₀(α*)=-23.567992, intercept=-43.275417 (0.266s) [OMP=0.238 ISP-L=0.003 ISP-F=0.006 MW-L=0.006 MW-F=0.008]
  α-step: Z₀=14.996024, α=[0.000,0.000,0.000,0.000,0.000,0.000,0.000,0.000,0.000,0.000,0.000,0.000,0.000,0.000,1.520,0.000,0.000,0.000,0.000,0.000,0.000,0.000,0.000,0.000,0.000,9.295,0.000,0.000,0.000,0.000]
  Alt-Benders[1] (mw): LB=-22.982587, Z₀(α*)=15.704565, intercept=8.158073 (0.187s) [OMP=0.170 ISP-L=0.003 ISP-F=0.008 MW-L=0.006 MW-F=0.008]
  Alt-Benders[2] (mw): LB=-22.532958, Z₀(α*)=16.014136, intercept=-33.268470 (0.203s) [OMP=0.173 ISP-L=0.003 ISP-F=0.008 MW-L=0.007 MW-F=0.008]
  Alt-Benders[3] (mw): LB=-21.985950, Z₀(α*)=-40.643919, intercept=-52.689303 (0.204s) [OMP=0.176 ISP-L=0.003 ISP-F=0.007 MW-L=0.007 MW-F=0.009]
  Alt-Benders[4] (mw): LB=-21.985950, Z₀(α*)=-40.643919, intercept=-52.689303 (0.203s) [OMP=0.176 ISP-L=0.003 ISP-F=0.007 MW-L=0.007 MW-F=0.009]
  Alt-Benders[5] (mw): LB=-21.985950, Z₀(α*)=-40.643919, intercept=-52.689303 (0.187s) [OMP=0.172 ISP-L=0.003 ISP-F=0.007 MW-L=0.007 MW-F=0.009]
  OMP re-solve: 0.176s

=== True-DRO Benders iter 9 ===
  OMP: t₀=-21.985950, UB=15.394913, gap=2.43e+00, x=[0, 0, 0, 0, 0, 0, 0, 1, 0, 0, 0, 0, 0, 0, 0, 0, 0, 0, 0, 0, 0, 0, 1, 0, 0, 0, 0, 0, 0, 0] (0.000s)
  Sub: Z₀=15.293878 [LOCAL] (0.1s), α=[0.000,0.000,0.000,0.000,0.000,0.000,0.000,8.674,0.000,0.000,0.000,0.000,0.000,0.000,0.000,0.000,0.000,0.000,0.000,0.000,0.000,0.000,1.659,0.000,0.000,0.481,0.000,0.000,0.000,0.000]
  Iter 9: LB=-21.985950  UB=15.394913  gap=2.43e+00
  Cut: intercept=-1111.645480, π_x_range=[-828.6551, 565.3012]
  Mini-Benders[1] (mw): LB=-21.839609, Z₀(α*)=-12.983596, intercept=-38.361545 (0.203s) [OMP=0.174 ISP-L=0.003 ISP-F=0.008 MW-L=0.005 MW-F=0.008]
  Mini-Benders[2] (mw): LB=-21.623569, Z₀(α*)=-36.417273, intercept=-54.357015 (0.188s) [OMP=0.156 ISP-L=0.003 ISP-F=0.008 MW-L=0.006 MW-F=0.008]
  Mini-Benders[3] (mw): LB=-21.623569, Z₀(α*)=-36.417273, intercept=-54.357015 (0.218s) [OMP=0.178 ISP-L=0.003 ISP-F=0.008 MW-L=0.020 MW-F=0.009]
  Mini-Benders[4] (mw): LB=-21.623569, Z₀(α*)=-36.417273, intercept=-54.357015 (0.204s) [OMP=0.174 ISP-L=0.003 ISP-F=0.008 MW-L=0.006 MW-F=0.008]
  Mini-Benders[5]: LB stagnated, break
  α-step: Z₀=14.421228, α=[0.000,0.000,0.000,0.000,6.285,0.000,0.098,0.000,0.000,0.000,0.000,0.000,0.000,0.000,1.617,0.000,0.000,0.000,0.000,0.000,0.000,0.000,0.000,0.000,0.000,0.000,2.482,0.333,0.000,0.000]
  Alt-Benders[1] (mw): LB=-19.774810, Z₀(α*)=-23.903694, intercept=-19.121811 (0.265s) [OMP=0.251 ISP-L=0.003 ISP-F=0.007 MW-L=0.006 MW-F=0.007]
  Alt-Benders[2] (mw): LB=-19.774810, Z₀(α*)=-23.903694, intercept=-19.121811 (0.219s) [OMP=0.187 ISP-L=0.003 ISP-F=0.007 MW-L=0.006 MW-F=0.007]
  Alt-Benders[3] (mw): LB=-19.774810, Z₀(α*)=-23.903694, intercept=-19.121811 (0.203s) [OMP=0.186 ISP-L=0.003 ISP-F=0.007 MW-L=0.006 MW-F=0.007]
  Alt-Benders[4]: LB stagnated, break
  OMP re-solve: 0.000s

=== True-DRO Benders iter 10 ===
  OMP: t₀=-19.774810, UB=15.394913, gap=2.28e+00, x=[0, 0, 0, 0, 0, 0, 0, 0, 0, 0, 0, 0, 0, 0, 0, 0, 0, 0, 0, 0, 0, 1, 0, 0, 0, 1, 0, 0, 0, 0] (0.000s)
  Sub: Z₀=16.749458 (0.9s), α=[0.000,0.000,0.000,0.000,0.000,0.000,0.000,0.000,0.000,0.000,0.000,0.000,0.000,0.000,0.000,0.000,0.000,0.000,0.000,0.000,0.000,0.000,0.000,0.000,0.000,10.815,0.000,0.000,0.000,0.000]
  Iter 10: LB=-19.774810  UB=15.394913  gap=2.28e+00
  Cut: intercept=-116.681860, π_x_range=[-272.0000, 74.7048]
  Sherali-Cut: intercept=-15.456911, π_x_range=[-89.4785, 27.8398]
  Mini-Benders[1] (mw): LB=-19.348292, Z₀(α*)=-3.458965, intercept=-11.210238 (0.187s) [OMP=0.166 ISP-L=0.003 ISP-F=0.009 MW-L=0.006 MW-F=0.007]
  Mini-Benders[2] (mw): LB=-18.826142, Z₀(α*)=-15.654624, intercept=-38.759865 (0.203s) [OMP=0.169 ISP-L=0.003 ISP-F=0.007 MW-L=0.006 MW-F=0.018]
  Mini-Benders[3] (mw): LB=-17.767802, Z₀(α*)=-5.412788, intercept=-45.466934 (0.204s) [OMP=0.171 ISP-L=0.003 ISP-F=0.007 MW-L=0.006 MW-F=0.007]
  Mini-Benders[4] (mw): LB=-16.618053, Z₀(α*)=16.538311, intercept=-20.082490 (0.218s) [OMP=0.190 ISP-L=0.003 ISP-F=0.008 MW-L=0.006 MW-F=0.006]
  Mini-Benders[5] (mw): LB=-16.235891, Z₀(α*)=-2.865602, intercept=-15.859272 (0.157s) [OMP=0.137 ISP-L=0.003 ISP-F=0.007 MW-L=0.006 MW-F=0.008]
  α-step: Z₀=14.306762, α=[0.000,0.000,0.000,0.000,0.000,0.000,0.000,0.000,0.000,0.000,6.272,0.000,0.000,0.081,4.462,0.000,0.000,0.000,0.000,0.000,0.000,0.000,0.000,0.000,0.000,0.000,0.000,0.000,0.000,0.000]
  Alt-Benders[1] (mw): LB=-15.654627, Z₀(α*)=-14.794208, intercept=-73.150041 (0.329s) [OMP=0.303 ISP-L=0.003 ISP-F=0.008 MW-L=0.006 MW-F=0.008]
  Alt-Benders[2] (mw): LB=-14.981676, Z₀(α*)=-14.581736, intercept=-43.225086 (0.265s) [OMP=0.235 ISP-L=0.003 ISP-F=0.007 MW-L=0.006 MW-F=0.007]
  Alt-Benders[3] (mw): LB=-14.794210, Z₀(α*)=-14.794208, intercept=-73.150041 (0.219s) [OMP=0.198 ISP-L=0.003 ISP-F=0.008 MW-L=0.006 MW-F=0.007]
  Alt-Benders[4] (mw): LB=-14.794210, Z₀(α*)=-14.794208, intercept=-73.150041 (0.172s) [OMP=0.146 ISP-L=0.003 ISP-F=0.008 MW-L=0.006 MW-F=0.008]
  Alt-Benders[5] (mw): LB=-14.794210, Z₀(α*)=-14.794208, intercept=-73.150041 (0.172s) [OMP=0.148 ISP-L=0.003 ISP-F=0.008 MW-L=0.006 MW-F=0.008]
  OMP re-solve: 0.151s

=== True-DRO Benders iter 11 ===
  OMP: t₀=-14.794210, UB=15.394913, gap=1.96e+00, x=[0, 0, 0, 0, 0, 0, 0, 0, 0, 0, 0, 0, 0, 0, 0, 0, 0, 1, 0, 0, 0, 0, 0, 0, 0, 0, 0, 1, 0, 0] (0.000s)
  Sub: Z₀=17.116627 [LOCAL] (0.1s), α=[0.000,0.000,0.000,0.000,0.000,0.000,0.000,0.000,0.000,0.000,0.000,0.000,0.000,0.000,0.000,0.000,0.000,0.000,0.000,0.000,0.000,0.000,0.000,0.000,0.000,2.761,0.000,8.054,0.000,0.000]
  Iter 11: LB=-14.794210  UB=15.394913  gap=1.96e+00
  Cut: intercept=-1113.354251, π_x_range=[-828.8382, 567.0032]
  Mini-Benders[1] (mw): LB=-14.581738, Z₀(α*)=2.620895, intercept=-40.996924 (0.266s) [OMP=0.228 ISP-L=0.003 ISP-F=0.008 MW-L=0.006 MW-F=0.023]
  Mini-Benders[2] (mw): LB=-14.172434, Z₀(α*)=10.578603, intercept=-47.484346 (0.219s) [OMP=0.179 ISP-L=0.003 ISP-F=0.009 MW-L=0.006 MW-F=0.009]
  Mini-Benders[3] (mw): LB=-14.086852, Z₀(α*)=1.762201, intercept=-84.621655 (0.203s) [OMP=0.187 ISP-L=0.003 ISP-F=0.008 MW-L=0.007 MW-F=0.008]
  Mini-Benders[4] (mw): LB=-13.894698, Z₀(α*)=-1.632118, intercept=-75.397204 (0.203s) [OMP=0.166 ISP-L=0.003 ISP-F=0.009 MW-L=0.006 MW-F=0.009]
  Mini-Benders[5] (mw): LB=-13.374047, Z₀(α*)=-0.808165, intercept=-14.156141 (0.187s) [OMP=0.171 ISP-L=0.003 ISP-F=0.008 MW-L=0.006 MW-F=0.008]
  α-step: Z₀=16.892103, α=[0.000,0.000,0.000,0.000,0.000,0.000,0.000,1.907,0.000,0.000,0.000,0.000,0.000,0.000,3.554,0.000,0.000,0.000,0.000,0.274,0.000,0.000,0.000,0.000,0.000,3.657,1.422,0.000,0.000,0.000]
  Alt-Benders[1] (mw): LB=-13.207166, Z₀(α*)=11.869267, intercept=-16.309914 (0.234s) [OMP=0.210 ISP-L=0.003 ISP-F=0.008 MW-L=0.006 MW-F=0.008]
  Alt-Benders[2] (mw): LB=-13.180771, Z₀(α*)=14.023818, intercept=-36.612903 (0.219s) [OMP=0.202 ISP-L=0.003 ISP-F=0.007 MW-L=0.006 MW-F=0.007]
  Alt-Benders[3] (mw): LB=-13.151840, Z₀(α*)=11.666897, intercept=-24.618464 (0.234s) [OMP=0.206 ISP-L=0.003 ISP-F=0.008 MW-L=0.006 MW-F=0.009]
  Alt-Benders[4] (mw): LB=-13.130171, Z₀(α*)=1.626485, intercept=-91.651588 (0.203s) [OMP=0.169 ISP-L=0.003 ISP-F=0.008 MW-L=0.006 MW-F=0.009]
  Alt-Benders[5] (mw): LB=-12.983598, Z₀(α*)=4.995174, intercept=-30.631279 (0.203s) [OMP=0.185 ISP-L=0.003 ISP-F=0.007 MW-L=0.006 MW-F=0.008]
  OMP re-solve: 0.172s

=== True-DRO Benders iter 12 ===
  OMP: t₀=-12.816892, UB=15.394913, gap=1.83e+00, x=[0, 0, 0, 0, 0, 0, 0, 1, 0, 0, 0, 0, 0, 0, 0, 0, 0, 0, 0, 0, 0, 0, 0, 0, 0, 0, 1, 0, 0, 0] (0.000s)
  Sub: Z₀=15.685201 [LOCAL] (0.1s), α=[0.000,0.000,0.000,0.000,0.000,0.000,0.000,0.000,0.000,0.000,0.000,0.000,0.000,0.000,0.564,0.000,0.000,0.000,0.000,0.000,0.000,0.000,0.000,0.000,0.000,1.566,5.590,3.095,0.000,0.000]
  Iter 12: LB=-12.816892  UB=15.394913  gap=1.83e+00
  Cut: intercept=-1099.283184, π_x_range=[-829.9188, 561.7442]
  Mini-Benders[1] (mw): LB=-12.812341, Z₀(α*)=4.463560, intercept=-43.879106 (0.219s) [OMP=0.193 ISP-L=0.003 ISP-F=0.008 MW-L=0.006 MW-F=0.007]
  Mini-Benders[2] (mw): LB=-12.529997, Z₀(α*)=-7.695304, intercept=-69.934444 (0.234s) [OMP=0.204 ISP-L=0.003 ISP-F=0.008 MW-L=0.006 MW-F=0.009]
  Mini-Benders[3] (mw): LB=-12.315867, Z₀(α*)=0.615651, intercept=-50.453956 (0.235s) [OMP=0.209 ISP-L=0.003 ISP-F=0.007 MW-L=0.006 MW-F=0.008]
  Mini-Benders[4] (mw): LB=-12.076087, Z₀(α*)=-11.920274, intercept=-71.272140 (0.234s) [OMP=0.206 ISP-L=0.003 ISP-F=0.008 MW-L=0.005 MW-F=0.009]
  Mini-Benders[5] (mw): LB=-11.951493, Z₀(α*)=16.245865, intercept=-12.944003 (0.234s) [OMP=0.202 ISP-L=0.003 ISP-F=0.008 MW-L=0.005 MW-F=0.008]
  α-step: Z₀=12.755765, α=[0.000,0.000,0.000,0.000,6.453,0.000,0.000,0.000,0.000,0.000,0.000,0.000,0.000,0.000,1.492,0.000,0.000,0.000,0.000,2.870,0.000,0.000,0.000,0.000,0.000,0.000,0.000,0.000,0.000,0.000]
  Alt-Benders[1] (mw): LB=-11.858914, Z₀(α*)=-33.807483, intercept=-85.464224 (0.204s) [OMP=0.189 ISP-L=0.003 ISP-F=0.008 MW-L=0.006 MW-F=0.009]
  Alt-Benders[2] (mw): LB=-11.858914, Z₀(α*)=-33.807483, intercept=-85.464224 (0.234s) [OMP=0.205 ISP-L=0.004 ISP-F=0.009 MW-L=0.006 MW-F=0.009]
  Alt-Benders[3] (mw): LB=-11.858914, Z₀(α*)=-33.807483, intercept=-85.464224 (0.219s) [OMP=0.189 ISP-L=0.003 ISP-F=0.007 MW-L=0.006 MW-F=0.009]
  Alt-Benders[4]: LB stagnated, break
  OMP re-solve: 0.000s

=== True-DRO Benders iter 13 ===
  OMP: t₀=-11.858914, UB=15.394913, gap=1.77e+00, x=[0, 0, 0, 0, 0, 0, 0, 0, 0, 0, 1, 0, 0, 1, 0, 0, 0, 0, 0, 0, 0, 0, 0, 0, 0, 0, 0, 0, 0, 0] (0.000s)
  Sub: Z₀=16.455520 [LOCAL] (0.2s), α=[0.000,0.000,0.000,0.000,0.000,0.000,0.303,0.000,0.000,0.000,6.842,0.000,0.000,0.191,3.478,0.000,0.000,0.000,0.000,0.000,0.000,0.000,0.000,0.000,0.000,0.000,0.000,0.000,0.000,0.000]
  Iter 13: LB=-11.858914  UB=15.394913  gap=1.77e+00
  Cut: intercept=-1114.204744, π_x_range=[-818.4341, 594.4747]
  Mini-Benders[1] (mw): LB=-10.733908, Z₀(α*)=-16.641207, intercept=-60.573972 (0.250s) [OMP=0.208 ISP-L=0.003 ISP-F=0.007 MW-L=0.018 MW-F=0.009]
  Mini-Benders[2] (mw): LB=-10.733908, Z₀(α*)=-16.641207, intercept=-60.573972 (0.265s) [OMP=0.245 ISP-L=0.003 ISP-F=0.008 MW-L=0.006 MW-F=0.009]
  Mini-Benders[3] (mw): LB=-10.733908, Z₀(α*)=-16.641207, intercept=-60.573972 (0.282s) [OMP=0.254 ISP-L=0.003 ISP-F=0.007 MW-L=0.006 MW-F=0.009]
  Mini-Benders[4]: LB stagnated, break
  α-step: Z₀=12.597968, α=[0.000,0.000,0.000,0.000,4.114,0.000,0.000,0.000,0.000,0.000,0.000,0.000,0.000,0.000,4.723,0.000,0.000,0.000,0.000,0.000,0.000,0.000,0.000,0.000,0.000,0.000,1.977,0.000,0.000,0.000]
  Alt-Benders[1] (mw): LB=-10.706514, Z₀(α*)=-5.810448, intercept=-80.765803 (0.250s) [OMP=0.237 ISP-L=0.003 ISP-F=0.007 MW-L=0.006 MW-F=0.008]
  Alt-Benders[2] (mw): LB=-7.770906, Z₀(α*)=-9.367344, intercept=-162.792571 (0.250s) [OMP=0.210 ISP-L=0.003 ISP-F=0.008 MW-L=0.006 MW-F=0.008]
  Alt-Benders[3] (mw): LB=-7.770906, Z₀(α*)=-9.367344, intercept=-162.792571 (0.219s) [OMP=0.203 ISP-L=0.003 ISP-F=0.008 MW-L=0.006 MW-F=0.008]
  Alt-Benders[4] (mw): LB=-7.770906, Z₀(α*)=-9.367344, intercept=-162.792571 (0.234s) [OMP=0.204 ISP-L=0.003 ISP-F=0.008 MW-L=0.006 MW-F=0.008]
  Alt-Benders[5]: LB stagnated, break
  OMP re-solve: 0.000s

=== True-DRO Benders iter 14 ===
  OMP: t₀=-7.770906, UB=15.394913, gap=1.50e+00, x=[0, 0, 0, 0, 0, 0, 0, 0, 0, 0, 1, 0, 0, 0, 0, 0, 0, 0, 0, 0, 0, 0, 0, 0, 0, 0, 1, 0, 0, 0] (0.000s)
  Sub: Z₀=14.806886 [LOCAL] (0.1s), α=[0.000,0.000,0.000,0.000,0.000,0.000,0.000,0.000,0.000,0.000,3.484,0.000,0.000,0.000,0.388,0.000,0.000,0.000,0.000,0.000,0.000,0.000,0.000,0.000,0.000,0.000,6.723,0.219,0.000,0.000]
  Iter 14: LB=-7.770906  UB=15.394913  gap=1.50e+00
  Cut: intercept=-1087.636986, π_x_range=[-822.3110, 557.3221]
  Mini-Benders[1] (mw): LB=-7.738097, Z₀(α*)=-3.064907, intercept=-104.626332 (0.219s) [OMP=0.194 ISP-L=0.003 ISP-F=0.009 MW-L=0.007 MW-F=0.008]
  Mini-Benders[2] (mw): LB=-7.695306, Z₀(α*)=-10.272588, intercept=-71.277076 (0.250s) [OMP=0.227 ISP-L=0.003 ISP-F=0.008 MW-L=0.006 MW-F=0.007]
  Mini-Benders[3] (mw): LB=-7.695306, Z₀(α*)=-10.272588, intercept=-71.277076 (0.266s) [OMP=0.226 ISP-L=0.003 ISP-F=0.008 MW-L=0.018 MW-F=0.008]
  Mini-Benders[4] (mw): LB=-7.695306, Z₀(α*)=-10.272588, intercept=-71.277076 (0.250s) [OMP=0.224 ISP-L=0.003 ISP-F=0.008 MW-L=0.006 MW-F=0.008]
  Mini-Benders[5]: LB stagnated, break
  α-step: Z₀=16.324209, α=[0.000,0.000,0.000,0.000,0.000,0.000,0.566,0.000,0.000,0.000,0.000,0.000,0.000,0.000,0.011,0.000,0.000,0.000,0.000,5.271,0.000,0.000,0.000,0.000,0.000,1.032,3.934,0.000,0.000,0.000]
  Alt-Benders[1] (mw): LB=-7.382146, Z₀(α*)=-16.771173, intercept=-44.431041 (0.250s) [OMP=0.229 ISP-L=0.003 ISP-F=0.007 MW-L=0.005 MW-F=0.008]
  Alt-Benders[2] (mw): LB=-7.382146, Z₀(α*)=-16.771173, intercept=-44.431041 (0.218s) [OMP=0.194 ISP-L=0.003 ISP-F=0.007 MW-L=0.005 MW-F=0.007]
  Alt-Benders[3] (mw): LB=-7.382146, Z₀(α*)=-16.771173, intercept=-44.431041 (0.219s) [OMP=0.195 ISP-L=0.003 ISP-F=0.007 MW-L=0.005 MW-F=0.007]
  Alt-Benders[4]: LB stagnated, break
  OMP re-solve: 0.000s

=== True-DRO Benders iter 15 ===
  OMP: t₀=-7.382146, UB=15.394913, gap=1.48e+00, x=[0, 0, 0, 0, 1, 0, 0, 0, 0, 0, 0, 0, 0, 0, 0, 0, 0, 0, 0, 0, 0, 1, 0, 0, 0, 0, 0, 0, 0, 0] (0.000s)
  Sub: Z₀=14.945617 [TIME_LIMIT] (15.0s), α=[0.000,0.000,0.000,0.000,8.907,0.000,0.595,0.000,0.000,0.000,0.000,0.000,0.000,0.000,0.990,0.000,0.000,0.000,0.000,0.000,0.000,0.000,0.000,0.000,0.000,0.323,0.000,0.000,0.000,0.000]
  Iter 15: LB=-7.382146  UB=14.983554  gap=1.49e+00
  Cut: intercept=-49.946436, π_x_range=[-191.4043, 61.0496]
  Mini-Benders[1] (mw): LB=-7.328935, Z₀(α*)=-30.961159, intercept=-29.609522 (0.359s) [OMP=0.330 ISP-L=0.003 ISP-F=0.008 MW-L=0.007 MW-F=0.008]
  Mini-Benders[2] (mw): LB=-7.328935, Z₀(α*)=-30.961159, intercept=-29.609522 (0.329s) [OMP=0.309 ISP-L=0.003 ISP-F=0.008 MW-L=0.007 MW-F=0.008]
  Mini-Benders[3] (mw): LB=-7.328935, Z₀(α*)=-30.961159, intercept=-29.609522 (0.343s) [OMP=0.310 ISP-L=0.003 ISP-F=0.008 MW-L=0.007 MW-F=0.008]
  Mini-Benders[4]: LB stagnated, break
  α-step: Z₀=15.369088, α=[0.000,0.000,0.000,0.000,0.000,0.000,0.000,0.000,0.000,0.000,0.000,0.000,0.000,0.000,3.937,0.000,0.000,0.000,0.000,0.000,0.000,0.000,0.000,0.000,0.000,1.712,5.165,0.000,0.000,0.000]
  Alt-Benders[1] (mw): LB=-6.611358, Z₀(α*)=-0.633499, intercept=-44.399448 (0.297s) [OMP=0.267 ISP-L=0.003 ISP-F=0.007 MW-L=0.019 MW-F=0.007]
  Alt-Benders[2] (mw): LB=-6.367673, Z₀(α*)=7.295646, intercept=-46.457856 (0.281s) [OMP=0.259 ISP-L=0.003 ISP-F=0.007 MW-L=0.006 MW-F=0.007]
  Alt-Benders[3] (mw): LB=-5.810450, Z₀(α*)=4.998181, intercept=-106.716999 (0.297s) [OMP=0.270 ISP-L=0.003 ISP-F=0.007 MW-L=0.006 MW-F=0.007]
  Alt-Benders[4] (mw): LB=-5.640191, Z₀(α*)=7.183092, intercept=-51.367582 (0.297s) [OMP=0.269 ISP-L=0.003 ISP-F=0.007 MW-L=0.006 MW-F=0.009]
  Alt-Benders[5] (mw): LB=-5.506480, Z₀(α*)=0.878349, intercept=-79.870862 (0.297s) [OMP=0.272 ISP-L=0.003 ISP-F=0.008 MW-L=0.006 MW-F=0.008]
  OMP re-solve: 0.297s

=== True-DRO Benders iter 16 ===
  OMP: t₀=-5.412790, UB=14.983554, gap=1.36e+00, x=[0, 0, 0, 1, 0, 0, 0, 0, 0, 0, 1, 0, 0, 0, 0, 0, 0, 0, 0, 0, 0, 0, 0, 0, 0, 0, 0, 0, 0, 0] (0.000s)
  Sub: Z₀=17.161761 [LOCAL] (0.1s), α=[0.000,0.000,0.000,0.000,0.000,0.000,0.000,0.000,0.000,0.000,6.636,0.000,0.000,0.000,3.545,0.000,0.000,0.000,0.000,0.000,0.000,0.000,0.000,0.000,0.000,0.283,0.212,0.138,0.000,0.000]
  Iter 16: LB=-5.412790  UB=14.983554  gap=1.36e+00
  Cut: intercept=-1069.988859, π_x_range=[-819.7910, 561.8079]
  Mini-Benders[1] (mw): LB=-4.594837, Z₀(α*)=-17.277207, intercept=-54.224169 (0.281s) [OMP=0.261 ISP-L=0.003 ISP-F=0.008 MW-L=0.006 MW-F=0.008]
  Mini-Benders[2] (mw): LB=-4.594837, Z₀(α*)=-17.277207, intercept=-54.224169 (0.297s) [OMP=0.262 ISP-L=0.003 ISP-F=0.008 MW-L=0.006 MW-F=0.008]
  Mini-Benders[3] (mw): LB=-4.594837, Z₀(α*)=-17.277207, intercept=-54.224169 (0.297s) [OMP=0.271 ISP-L=0.003 ISP-F=0.008 MW-L=0.006 MW-F=0.008]
  Mini-Benders[4]: LB stagnated, break
  α-step: Z₀=14.949340, α=[0.000,0.000,0.000,0.000,0.000,0.000,0.000,0.765,0.000,0.000,0.000,0.000,0.000,0.000,0.000,0.000,0.000,0.000,0.000,0.000,0.000,0.000,0.000,0.000,0.000,10.049,0.000,0.000,0.000,0.000]
  Alt-Benders[1] (mw): LB=-3.918437, Z₀(α*)=-17.135108, intercept=-72.263033 (0.313s) [OMP=0.267 ISP-L=0.003 ISP-F=0.008 MW-L=0.006 MW-F=0.021]
  Alt-Benders[2] (mw): LB=-3.918437, Z₀(α*)=-17.135108, intercept=-72.263033 (0.281s) [OMP=0.263 ISP-L=0.003 ISP-F=0.008 MW-L=0.007 MW-F=0.009]
  Alt-Benders[3] (mw): LB=-3.918437, Z₀(α*)=-17.135108, intercept=-72.263033 (0.297s) [OMP=0.262 ISP-L=0.003 ISP-F=0.008 MW-L=0.006 MW-F=0.009]
  Alt-Benders[4]: LB stagnated, break
  OMP re-solve: 0.000s

=== True-DRO Benders iter 17 ===
  OMP: t₀=-3.918437, UB=14.983554, gap=1.26e+00, x=[0, 0, 0, 0, 0, 0, 0, 0, 0, 0, 1, 0, 0, 0, 0, 0, 0, 0, 0, 0, 0, 0, 1, 0, 0, 0, 0, 0, 0, 0] (0.000s)
  Sub: Z₀=15.714372 [LOCAL] (0.2s), α=[0.000,0.000,0.000,0.000,0.000,0.000,0.000,0.031,0.000,0.000,6.402,0.000,0.000,0.000,1.520,0.000,0.000,0.000,0.000,0.000,0.000,0.000,2.812,0.000,0.000,0.049,0.000,0.000,0.000,0.000]
  Iter 17: LB=-3.918437  UB=14.983554  gap=1.26e+00
  Cut: intercept=-1065.880574, π_x_range=[-820.8113, 556.2029]
  Mini-Benders[1] (mw): LB=-3.809802, Z₀(α*)=-30.486567, intercept=-39.001973 (0.313s) [OMP=0.277 ISP-L=0.003 ISP-F=0.007 MW-L=0.006 MW-F=0.008]
  Mini-Benders[2] (mw): LB=-3.809802, Z₀(α*)=-30.486567, intercept=-39.001973 (0.297s) [OMP=0.267 ISP-L=0.003 ISP-F=0.007 MW-L=0.006 MW-F=0.008]
  Mini-Benders[3] (mw): LB=-3.809802, Z₀(α*)=-30.486567, intercept=-39.001973 (0.296s) [OMP=0.272 ISP-L=0.003 ISP-F=0.007 MW-L=0.005 MW-F=0.008]
  Mini-Benders[4]: LB stagnated, break
  α-step: Z₀=14.290026, α=[0.000,0.000,0.000,0.000,6.881,0.000,0.000,0.000,0.000,0.000,0.000,0.000,0.000,0.000,1.520,0.000,0.000,0.000,0.000,0.000,0.000,0.000,0.000,0.000,0.000,0.596,1.817,0.000,0.000,0.000]
  Alt-Benders[1] (mw): LB=-3.598306, Z₀(α*)=-8.432754, intercept=-47.438242 (0.312s) [OMP=0.274 ISP-L=0.003 ISP-F=0.008 MW-L=0.005 MW-F=0.008]
  Alt-Benders[2] (mw): LB=-3.598306, Z₀(α*)=-8.432754, intercept=-47.438242 (0.313s) [OMP=0.294 ISP-L=0.003 ISP-F=0.007 MW-L=0.005 MW-F=0.010]
  Alt-Benders[3] (mw): LB=-3.598306, Z₀(α*)=-8.432754, intercept=-47.438242 (0.328s) [OMP=0.300 ISP-L=0.003 ISP-F=0.008 MW-L=0.006 MW-F=0.008]
  Alt-Benders[4]: LB stagnated, break
  OMP re-solve: 0.000s

=== True-DRO Benders iter 18 ===
  OMP: t₀=-3.598306, UB=14.983554, gap=1.24e+00, x=[0, 0, 0, 0, 0, 0, 0, 0, 0, 0, 0, 0, 0, 0, 0, 0, 0, 1, 0, 0, 0, 1, 0, 0, 0, 0, 0, 0, 0, 0] (0.000s)
  Sub: Z₀=20.839897 [LOCAL] (0.2s), α=[0.000,0.000,0.000,0.000,0.000,0.000,0.000,0.000,0.000,0.000,0.000,0.000,0.000,0.000,3.916,0.000,0.000,0.000,0.000,0.000,0.000,0.000,0.000,0.000,0.000,5.293,1.605,0.000,0.000,0.000]
  Iter 18: LB=-3.598306  UB=14.983554  gap=1.24e+00
  Cut: intercept=-1085.770652, π_x_range=[-829.5007, 554.6044]
  Mini-Benders[1] (mw): LB=-3.458967, Z₀(α*)=1.717885, intercept=-9.857655 (0.312s) [OMP=0.283 ISP-L=0.003 ISP-F=0.010 MW-L=0.006 MW-F=0.008]
  Mini-Benders[2] (mw): LB=-3.064909, Z₀(α*)=-3.981586, intercept=-120.126029 (0.313s) [OMP=0.281 ISP-L=0.003 ISP-F=0.008 MW-L=0.007 MW-F=0.008]
  Mini-Benders[3] (mw): LB=-3.064909, Z₀(α*)=-3.981586, intercept=-120.126029 (0.312s) [OMP=0.286 ISP-L=0.003 ISP-F=0.008 MW-L=0.007 MW-F=0.008]
  Mini-Benders[4] (mw): LB=-3.064909, Z₀(α*)=-3.981586, intercept=-120.126029 (0.313s) [OMP=0.281 ISP-L=0.003 ISP-F=0.008 MW-L=0.007 MW-F=0.008]
  Mini-Benders[5]: LB stagnated, break
  α-step: Z₀=15.595317, α=[0.000,0.000,0.000,0.000,0.000,0.000,0.000,2.230,0.000,0.000,4.974,0.000,0.000,0.000,3.545,0.000,0.000,0.000,0.000,0.000,0.000,0.000,0.000,0.000,0.000,0.000,0.067,0.000,0.000,0.000]
  Alt-Benders[1] (mw): LB=-2.865604, Z₀(α*)=-16.025670, intercept=-15.616151 (0.328s) [OMP=0.289 ISP-L=0.003 ISP-F=0.008 MW-L=0.006 MW-F=0.009]
  Alt-Benders[2] (mw): LB=-2.865604, Z₀(α*)=-16.025670, intercept=-15.616151 (0.437s) [OMP=0.422 ISP-L=0.003 ISP-F=0.008 MW-L=0.006 MW-F=0.009]
  Alt-Benders[3] (mw): LB=-2.865604, Z₀(α*)=-16.025670, intercept=-15.616151 (0.454s) [OMP=0.416 ISP-L=0.003 ISP-F=0.008 MW-L=0.006 MW-F=0.009]
  Alt-Benders[4]: LB stagnated, break
  OMP re-solve: 0.000s

=== True-DRO Benders iter 19 ===
  OMP: t₀=-2.865604, UB=14.983554, gap=1.19e+00, x=[0, 0, 0, 0, 0, 0, 0, 0, 0, 0, 0, 0, 0, 0, 0, 0, 0, 0, 1, 0, 0, 0, 0, 0, 0, 0, 1, 0, 0, 0] (0.000s)
  Sub: Z₀=17.110054 [LOCAL] (0.2s), α=[0.000,0.000,0.000,0.000,0.000,0.000,0.000,0.000,0.000,0.000,0.019,0.000,0.000,0.000,0.000,0.000,0.000,0.000,0.820,0.000,0.000,0.000,0.000,0.000,0.000,1.711,7.931,0.334,0.000,0.000]
  Iter 19: LB=-2.865604  UB=14.983554  gap=1.19e+00
  Cut: intercept=-1072.936300, π_x_range=[-827.5580, 552.7621]
  Mini-Benders[1] (mw): LB=-2.774763, Z₀(α*)=5.596924, intercept=-1.120393 (0.391s) [OMP=0.370 ISP-L=0.003 ISP-F=0.008 MW-L=0.006 MW-F=0.008]
  Mini-Benders[2] (mw): LB=-2.463825, Z₀(α*)=0.753979, intercept=-22.838728 (0.281s) [OMP=0.246 ISP-L=0.003 ISP-F=0.008 MW-L=0.007 MW-F=0.018]
  Mini-Benders[3] (mw): LB=-2.081066, Z₀(α*)=13.040079, intercept=-29.220064 (0.281s) [OMP=0.244 ISP-L=0.003 ISP-F=0.008 MW-L=0.006 MW-F=0.008]
  Mini-Benders[4] (mw): LB=-1.719936, Z₀(α*)=6.885150, intercept=-59.570387 (0.266s) [OMP=0.240 ISP-L=0.003 ISP-F=0.008 MW-L=0.006 MW-F=0.008]
  Mini-Benders[5] (mw): LB=-1.691856, Z₀(α*)=5.570087, intercept=-9.379587 (0.266s) [OMP=0.240 ISP-L=0.003 ISP-F=0.007 MW-L=0.006 MW-F=0.007]
  α-step: Z₀=14.129610, α=[0.000,0.000,0.000,0.000,0.000,0.000,0.000,0.000,0.000,0.000,0.000,0.000,0.000,0.000,0.000,0.000,0.000,0.081,5.322,0.000,0.000,0.000,0.000,0.000,0.000,3.619,1.620,0.173,0.000,0.000]
  Alt-Benders[1] (mw): LB=-1.229783, Z₀(α*)=-7.215015, intercept=-54.556162 (0.297s) [OMP=0.266 ISP-L=0.003 ISP-F=0.008 MW-L=0.006 MW-F=0.007]
  Alt-Benders[2] (mw): LB=-1.229783, Z₀(α*)=-7.215015, intercept=-54.556162 (0.297s) [OMP=0.277 ISP-L=0.003 ISP-F=0.008 MW-L=0.006 MW-F=0.007]
  Alt-Benders[3] (mw): LB=-1.229783, Z₀(α*)=-7.215015, intercept=-54.556162 (0.297s) [OMP=0.275 ISP-L=0.003 ISP-F=0.007 MW-L=0.006 MW-F=0.007]
  Alt-Benders[4]: LB stagnated, break
  OMP re-solve: 0.001s

=== True-DRO Benders iter 20 ===
  OMP: t₀=-1.229783, UB=14.983554, gap=1.08e+00, x=[0, 0, 0, 0, 0, 0, 0, 0, 0, 0, 1, 0, 0, 0, 0, 0, 0, 0, 0, 0, 0, 1, 0, 0, 0, 0, 0, 0, 0, 0] (0.000s)
  Sub: Z₀=17.161765 [TIME_LIMIT] (15.1s), α=[0.000,0.000,0.000,0.000,0.000,0.000,0.000,0.000,0.000,0.000,6.636,0.000,0.000,0.000,3.545,0.000,0.000,0.000,0.000,0.000,0.000,0.000,0.000,0.000,0.000,0.283,0.350,0.000,0.000,0.000]
  Iter 20: LB=-1.229783  UB=14.983554  gap=1.08e+00
  Cut: intercept=-89.136153, π_x_range=[-297.7377, 74.2723]
  Mini-Benders[1] (mw): LB=-1.061642, Z₀(α*)=17.161763, intercept=-35.043966 (0.297s) [OMP=0.271 ISP-L=0.003 ISP-F=0.008 MW-L=0.006 MW-F=0.013]
  Mini-Benders[2] (mw): LB=-1.034483, Z₀(α*)=-7.263259, intercept=-23.175806 (0.422s) [OMP=0.386 ISP-L=0.003 ISP-F=0.008 MW-L=0.006 MW-F=0.007]
  Mini-Benders[3] (mw): LB=-1.034483, Z₀(α*)=-7.263259, intercept=-23.175806 (0.437s) [OMP=0.398 ISP-L=0.003 ISP-F=0.008 MW-L=0.019 MW-F=0.007]
  Mini-Benders[4] (mw): LB=-1.034483, Z₀(α*)=-7.263259, intercept=-23.175806 (0.406s) [OMP=0.378 ISP-L=0.003 ISP-F=0.008 MW-L=0.006 MW-F=0.007]
  Mini-Benders[5]: LB stagnated, break
  α-step: Z₀=18.270082, α=[0.000,0.000,0.000,0.000,0.000,0.000,0.000,0.096,0.000,0.000,0.000,0.000,0.000,0.000,1.520,0.000,0.000,0.000,0.000,2.956,0.000,0.000,0.000,0.000,0.000,4.528,1.716,0.000,0.000,0.000]
  Alt-Benders[1] (mw): LB=-0.859817, Z₀(α*)=-14.712420, intercept=-39.048285 (0.406s) [OMP=0.378 ISP-L=0.003 ISP-F=0.008 MW-L=0.006 MW-F=0.009]
  Alt-Benders[2] (mw): LB=-0.859817, Z₀(α*)=-14.712420, intercept=-39.048285 (0.360s) [OMP=0.333 ISP-L=0.003 ISP-F=0.007 MW-L=0.005 MW-F=0.009]
  Alt-Benders[3] (mw): LB=-0.859817, Z₀(α*)=-14.712420, intercept=-39.048285 (0.359s) [OMP=0.334 ISP-L=0.003 ISP-F=0.007 MW-L=0.005 MW-F=0.009]
  Alt-Benders[4]: LB stagnated, break
  OMP re-solve: 0.000s

=== True-DRO Benders iter 21 ===
  OMP: t₀=-0.859817, UB=14.983554, gap=1.06e+00, x=[0, 0, 0, 0, 1, 0, 0, 0, 0, 0, 0, 0, 0, 1, 0, 0, 0, 0, 0, 0, 0, 0, 0, 0, 0, 0, 0, 0, 0, 0] (0.000s)
  Sub: Z₀=14.734344 [LOCAL] (0.1s), α=[0.000,0.000,0.000,0.000,7.171,0.000,0.993,0.000,0.000,0.000,0.000,0.000,0.000,0.000,2.513,0.000,0.000,0.000,0.000,0.000,0.000,0.000,0.000,0.000,0.000,0.138,0.000,0.000,0.000,0.000]
  Iter 21: LB=-0.859817  UB=14.983554  gap=1.06e+00
  Cut: intercept=-1140.073514, π_x_range=[-829.5184, 587.8053]
  Mini-Benders[1] (mw): LB=-0.808167, Z₀(α*)=-12.103610, intercept=-27.246564 (0.422s) [OMP=0.387 ISP-L=0.003 ISP-F=0.008 MW-L=0.006 MW-F=0.008]
  Mini-Benders[2] (mw): LB=-0.808167, Z₀(α*)=-12.103610, intercept=-27.246564 (0.359s) [OMP=0.326 ISP-L=0.003 ISP-F=0.008 MW-L=0.006 MW-F=0.008]
  Mini-Benders[3] (mw): LB=-0.808167, Z₀(α*)=-12.103610, intercept=-27.246564 (0.359s) [OMP=0.334 ISP-L=0.003 ISP-F=0.008 MW-L=0.006 MW-F=0.008]
  Mini-Benders[4]: LB stagnated, break
  α-step: Z₀=18.270082, α=[0.000,0.000,0.000,0.000,0.000,0.000,0.000,0.096,0.000,0.000,0.000,0.000,0.000,0.000,1.520,0.000,0.000,0.000,0.000,2.956,0.000,0.000,0.000,0.000,0.000,4.528,1.716,0.000,0.000,0.000]
  Alt-Benders[1] (mw): LB=-0.808167, Z₀(α*)=18.270082, intercept=-5.254715 (0.422s) [OMP=0.395 ISP-L=0.003 ISP-F=0.008 MW-L=0.018 MW-F=0.007]
  Alt-Benders[2] (mw): LB=-0.633501, Z₀(α*)=-14.712420, intercept=-39.048285 (0.406s) [OMP=0.377 ISP-L=0.004 ISP-F=0.009 MW-L=0.006 MW-F=0.006]
  Alt-Benders[3] (mw): LB=-0.633501, Z₀(α*)=-14.712420, intercept=-39.048285 (0.422s) [OMP=0.401 ISP-L=0.003 ISP-F=0.007 MW-L=0.006 MW-F=0.006]
  Alt-Benders[4] (mw): LB=-0.633501, Z₀(α*)=-14.712420, intercept=-39.048285 (0.437s) [OMP=0.411 ISP-L=0.003 ISP-F=0.007 MW-L=0.006 MW-F=0.006]
  Alt-Benders[5]: LB stagnated, break
  OMP re-solve: 0.000s

=== True-DRO Benders iter 22 ===
  OMP: t₀=-0.633501, UB=14.983554, gap=1.04e+00, x=[0, 0, 0, 0, 1, 0, 0, 0, 1, 0, 0, 0, 0, 0, 0, 0, 0, 0, 0, 0, 0, 0, 0, 0, 0, 0, 0, 0, 0, 0] (0.000s)
  Sub: Z₀=14.734344 [LOCAL] (0.1s), α=[0.000,0.000,0.000,0.000,7.185,0.000,0.980,0.000,0.000,0.000,0.000,0.000,0.000,0.000,2.499,0.000,0.000,0.000,0.000,0.000,0.000,0.000,0.000,0.000,0.000,0.151,0.000,0.000,0.000,0.000]
  Iter 22: LB=-0.633501  UB=14.983554  gap=1.04e+00
  Cut: intercept=-1137.609242, π_x_range=[-828.8742, 585.3103]
  Mini-Benders[1] (mw): LB=-0.633501, Z₀(α*)=14.734345, intercept=-29.951023 (0.391s) [OMP=0.370 ISP-L=0.003 ISP-F=0.008 MW-L=0.006 MW-F=0.009]
  Mini-Benders[2] (mw): LB=-0.605061, Z₀(α*)=-15.318224, intercept=-39.956071 (0.359s) [OMP=0.331 ISP-L=0.003 ISP-F=0.008 MW-L=0.006 MW-F=0.009]
  Mini-Benders[3] (mw): LB=-0.605061, Z₀(α*)=-15.318224, intercept=-39.956071 (0.375s) [OMP=0.351 ISP-L=0.003 ISP-F=0.008 MW-L=0.006 MW-F=0.009]
  Mini-Benders[4] (mw): LB=-0.605061, Z₀(α*)=-15.318224, intercept=-39.956071 (0.375s) [OMP=0.353 ISP-L=0.003 ISP-F=0.008 MW-L=0.006 MW-F=0.008]
  Mini-Benders[5]: LB stagnated, break
  α-step: Z₀=17.334568, α=[0.000,0.000,0.000,0.000,0.000,0.000,0.000,3.002,0.000,0.000,0.000,0.000,0.000,0.000,4.705,0.000,0.000,0.000,0.000,0.000,0.000,0.000,0.000,0.000,0.000,3.107,0.000,0.000,0.000,0.000]
  Alt-Benders[1] (mw): LB=0.421706, Z₀(α*)=12.919810, intercept=-37.106515 (0.375s) [OMP=0.347 ISP-L=0.003 ISP-F=0.008 MW-L=0.006 MW-F=0.008]
  Alt-Benders[2] (mw): LB=0.438851, Z₀(α*)=7.633496, intercept=-35.141808 (0.422s) [OMP=0.384 ISP-L=0.003 ISP-F=0.007 MW-L=0.018 MW-F=0.009]
  Alt-Benders[3] (mw): LB=0.615649, Z₀(α*)=-4.773631, intercept=-51.338625 (0.406s) [OMP=0.387 ISP-L=0.003 ISP-F=0.007 MW-L=0.006 MW-F=0.007]
  Alt-Benders[4] (mw): LB=0.615649, Z₀(α*)=-4.773631, intercept=-51.338625 (0.360s) [OMP=0.328 ISP-L=0.003 ISP-F=0.007 MW-L=0.006 MW-F=0.007]
  Alt-Benders[5] (mw): LB=0.615649, Z₀(α*)=-4.773631, intercept=-51.338625 (0.359s) [OMP=0.343 ISP-L=0.003 ISP-F=0.007 MW-L=0.006 MW-F=0.007]
  OMP re-solve: 0.341s

=== True-DRO Benders iter 23 ===
  OMP: t₀=0.615649, UB=14.983554, gap=9.59e-01, x=[0, 0, 0, 0, 1, 0, 0, 0, 0, 0, 0, 0, 0, 0, 0, 0, 0, 0, 0, 0, 0, 0, 1, 0, 0, 0, 0, 0, 0, 0] (0.000s)
  Sub: Z₀=14.304162 [LOCAL] (0.1s), α=[0.000,0.000,0.000,0.000,6.453,0.000,0.000,0.000,0.000,0.000,0.000,0.000,0.000,0.000,4.362,0.000,0.000,0.000,0.000,0.000,0.000,0.000,0.000,0.000,0.000,0.000,0.000,0.000,0.000,0.000]
  Iter 23: LB=0.615649  UB=14.983554  gap=9.59e-01
  Cut: intercept=-1109.175849, π_x_range=[-829.4036, 563.6221]
  Mini-Benders[1] (mw): LB=0.753977, Z₀(α*)=-22.529546, intercept=-32.844133 (0.406s) [OMP=0.382 ISP-L=0.003 ISP-F=0.008 MW-L=0.006 MW-F=0.008]
  Mini-Benders[2] (mw): LB=0.753977, Z₀(α*)=-22.529546, intercept=-32.844133 (0.469s) [OMP=0.448 ISP-L=0.003 ISP-F=0.008 MW-L=0.006 MW-F=0.008]
  Mini-Benders[3] (mw): LB=0.753977, Z₀(α*)=-22.529546, intercept=-32.844133 (0.469s) [OMP=0.436 ISP-L=0.003 ISP-F=0.008 MW-L=0.006 MW-F=0.008]
  Mini-Benders[4]: LB stagnated, break
  α-step: Z₀=14.459371, α=[0.000,0.000,0.000,0.000,0.000,0.000,0.000,0.000,0.000,0.000,0.000,0.000,0.000,0.000,1.520,0.000,0.000,0.000,0.000,0.000,0.000,0.000,0.000,0.000,0.000,9.295,0.000,0.000,0.000,0.000]
  Alt-Benders[1] (mw): LB=0.878347, Z₀(α*)=-6.142275, intercept=-85.849661 (0.359s) [OMP=0.324 ISP-L=0.003 ISP-F=0.008 MW-L=0.006 MW-F=0.010]
  Alt-Benders[2] (mw): LB=0.878347, Z₀(α*)=-6.142275, intercept=-85.849661 (0.328s) [OMP=0.287 ISP-L=0.003 ISP-F=0.007 MW-L=0.006 MW-F=0.021]
  Alt-Benders[3] (mw): LB=0.878347, Z₀(α*)=-6.142275, intercept=-85.849661 (0.313s) [OMP=0.288 ISP-L=0.003 ISP-F=0.007 MW-L=0.006 MW-F=0.010]
  Alt-Benders[4]: LB stagnated, break
  OMP re-solve: 0.000s

=== True-DRO Benders iter 24 ===
  OMP: t₀=0.878347, UB=14.983554, gap=9.41e-01, x=[0, 0, 0, 0, 0, 0, 0, 0, 0, 0, 1, 0, 0, 0, 1, 0, 0, 0, 0, 0, 0, 0, 0, 0, 0, 0, 0, 0, 0, 0] (0.000s)
  Sub: Z₀=15.621015 [LOCAL] (0.1s), α=[0.000,0.000,0.000,0.000,0.000,0.000,0.000,0.000,0.000,0.000,5.084,0.000,0.000,0.000,5.731,0.000,0.000,0.000,0.000,0.000,0.000,0.000,0.000,0.000,0.000,0.000,0.000,0.000,0.000,0.000]
  Iter 24: LB=0.878347  UB=14.983554  gap=9.41e-01
  Cut: intercept=-1117.689443, π_x_range=[-822.8168, 586.5589]
  Mini-Benders[1] (mw): LB=1.230052, Z₀(α*)=-3.247985, intercept=-66.600461 (0.375s) [OMP=0.358 ISP-L=0.003 ISP-F=0.007 MW-L=0.006 MW-F=0.009]
  Mini-Benders[2] (mw): LB=1.230052, Z₀(α*)=-3.247985, intercept=-66.600461 (0.328s) [OMP=0.292 ISP-L=0.003 ISP-F=0.007 MW-L=0.006 MW-F=0.009]
  Mini-Benders[3] (mw): LB=1.230052, Z₀(α*)=-3.247985, intercept=-66.600461 (0.328s) [OMP=0.306 ISP-L=0.003 ISP-F=0.007 MW-L=0.006 MW-F=0.009]
  Mini-Benders[4]: LB stagnated, break
  α-step: Z₀=16.473403, α=[0.000,0.000,0.000,0.000,0.000,0.000,0.000,0.000,0.000,0.000,0.000,0.000,0.000,0.000,5.218,0.000,0.000,0.000,0.000,0.000,0.000,0.000,1.035,0.000,0.000,2.512,2.050,0.000,0.000,0.000]
  Alt-Benders[1] (mw): LB=1.400468, Z₀(α*)=15.891252, intercept=-38.344945 (0.328s) [OMP=0.301 ISP-L=0.003 ISP-F=0.008 MW-L=0.006 MW-F=0.008]
  Alt-Benders[2] (mw): LB=1.626483, Z₀(α*)=-2.917991, intercept=-91.876279 (0.375s) [OMP=0.350 ISP-L=0.003 ISP-F=0.008 MW-L=0.006 MW-F=0.009]
  Alt-Benders[3] (mw): LB=1.626483, Z₀(α*)=-2.917991, intercept=-91.876279 (0.343s) [OMP=0.323 ISP-L=0.003 ISP-F=0.007 MW-L=0.006 MW-F=0.008]
  Alt-Benders[4] (mw): LB=1.626483, Z₀(α*)=-2.917991, intercept=-91.876279 (0.297s) [OMP=0.274 ISP-L=0.003 ISP-F=0.007 MW-L=0.006 MW-F=0.008]
  Alt-Benders[5]: LB stagnated, break
  OMP re-solve: 0.000s

=== True-DRO Benders iter 25 ===
  OMP: t₀=1.626483, UB=14.983554, gap=8.91e-01, x=[0, 0, 0, 0, 0, 0, 0, 0, 0, 0, 1, 0, 0, 0, 0, 0, 0, 0, 0, 1, 0, 0, 0, 0, 0, 0, 0, 0, 0, 0] (0.000s)
  Sub: Z₀=15.716468 [TIME_LIMIT] (15.0s), α=[0.000,0.000,0.000,0.000,0.000,0.000,0.000,0.000,0.000,0.000,6.383,0.000,0.000,0.000,1.520,0.000,0.000,0.000,0.000,2.883,0.000,0.000,0.000,0.000,0.000,0.029,0.000,0.000,0.000,0.000]
  Iter 25: LB=1.626483  UB=14.983554  gap=8.91e-01
  Cut: intercept=-71.081356, π_x_range=[-231.0000, 62.3435]
  Mini-Benders[1] (mw): LB=1.717883, Z₀(α*)=-6.356403, intercept=-42.138451 (0.485s) [OMP=0.451 ISP-L=0.003 ISP-F=0.008 MW-L=0.006 MW-F=0.009]
  Mini-Benders[2] (mw): LB=1.717883, Z₀(α*)=-6.356403, intercept=-42.138451 (0.375s) [OMP=0.350 ISP-L=0.003 ISP-F=0.008 MW-L=0.006 MW-F=0.009]
  Mini-Benders[3] (mw): LB=1.717883, Z₀(α*)=-6.356403, intercept=-42.138451 (0.359s) [OMP=0.331 ISP-L=0.003 ISP-F=0.008 MW-L=0.006 MW-F=0.009]
  Mini-Benders[4]: LB stagnated, break
  α-step: Z₀=18.602652, α=[0.000,0.000,0.000,0.000,0.000,0.000,0.000,4.037,0.000,0.000,0.000,0.000,0.000,0.000,1.724,0.000,0.000,0.000,0.000,0.081,0.000,0.000,0.000,0.000,0.000,3.619,1.353,0.000,0.000,0.000]
  Alt-Benders[1] (mw): LB=1.744693, Z₀(α*)=10.808040, intercept=-15.118151 (0.422s) [OMP=0.397 ISP-L=0.003 ISP-F=0.008 MW-L=0.006 MW-F=0.008]
  Alt-Benders[2] (mw): LB=1.762199, Z₀(α*)=-11.911045, intercept=-105.217534 (0.328s) [OMP=0.310 ISP-L=0.003 ISP-F=0.007 MW-L=0.007 MW-F=0.008]
  Alt-Benders[3] (mw): LB=1.762199, Z₀(α*)=-11.911045, intercept=-105.217534 (0.297s) [OMP=0.273 ISP-L=0.003 ISP-F=0.007 MW-L=0.006 MW-F=0.008]
  Alt-Benders[4] (mw): LB=1.762199, Z₀(α*)=-11.911045, intercept=-105.217534 (0.328s) [OMP=0.290 ISP-L=0.003 ISP-F=0.007 MW-L=0.006 MW-F=0.009]
  Alt-Benders[5]: LB stagnated, break
  OMP re-solve: 0.000s

=== True-DRO Benders iter 26 ===
  OMP: t₀=1.762199, UB=14.983554, gap=8.82e-01, x=[0, 0, 0, 0, 0, 0, 0, 0, 0, 0, 1, 0, 0, 0, 0, 0, 0, 0, 0, 0, 0, 0, 0, 0, 0, 0, 0, 1, 0, 0] (0.000s)
  Sub: Z₀=14.080937 [LOCAL] (0.1s), α=[0.000,0.000,0.000,0.000,0.000,0.000,0.000,0.000,0.000,0.000,6.305,0.000,0.000,0.000,0.930,0.000,0.000,0.000,0.000,0.000,0.000,0.000,0.000,0.000,0.000,0.000,0.093,3.487,0.000,0.000]
  Iter 26: LB=1.762199  UB=14.983554  gap=8.82e-01
  Cut: intercept=-1084.579064, π_x_range=[-819.9792, 565.3343]
  Mini-Benders[1] (mw): LB=2.620893, Z₀(α*)=-13.095974, intercept=-44.421399 (0.297s) [OMP=0.280 ISP-L=0.003 ISP-F=0.008 MW-L=0.006 MW-F=0.008]
  Mini-Benders[2] (mw): LB=2.620893, Z₀(α*)=-13.095974, intercept=-44.421399 (0.359s) [OMP=0.321 ISP-L=0.003 ISP-F=0.008 MW-L=0.006 MW-F=0.021]
  Mini-Benders[3] (mw): LB=2.620893, Z₀(α*)=-13.095974, intercept=-44.421399 (0.360s) [OMP=0.322 ISP-L=0.003 ISP-F=0.008 MW-L=0.006 MW-F=0.009]
  Mini-Benders[4]: LB stagnated, break
  α-step: Z₀=14.360120, α=[0.000,0.000,0.000,0.000,0.000,0.000,0.000,0.000,0.000,0.000,0.000,0.000,0.000,0.000,0.495,0.000,0.000,0.000,0.000,1.818,0.000,0.000,0.000,0.000,0.000,2.177,6.325,0.000,0.000,0.000]
  Alt-Benders[1] (mw): LB=2.746470, Z₀(α*)=4.791446, intercept=-13.832303 (0.329s) [OMP=0.303 ISP-L=0.003 ISP-F=0.007 MW-L=0.005 MW-F=0.007]
  Alt-Benders[2] (mw): LB=2.995372, Z₀(α*)=11.578674, intercept=-9.646204 (0.343s) [OMP=0.313 ISP-L=0.003 ISP-F=0.009 MW-L=0.006 MW-F=0.008]
  Alt-Benders[3] (mw): LB=4.029104, Z₀(α*)=-17.271085, intercept=-49.706983 (0.344s) [OMP=0.327 ISP-L=0.003 ISP-F=0.006 MW-L=0.006 MW-F=0.007]
  Alt-Benders[4] (mw): LB=4.029104, Z₀(α*)=-17.271085, intercept=-49.706983 (0.344s) [OMP=0.321 ISP-L=0.003 ISP-F=0.006 MW-L=0.006 MW-F=0.007]
  Alt-Benders[5] (mw): LB=4.029104, Z₀(α*)=-17.271085, intercept=-49.706983 (0.343s) [OMP=0.317 ISP-L=0.003 ISP-F=0.006 MW-L=0.006 MW-F=0.007]
  OMP re-solve: 0.326s

=== True-DRO Benders iter 27 ===
  OMP: t₀=4.029104, UB=14.983554, gap=7.31e-01, x=[0, 0, 0, 0, 1, 0, 1, 0, 0, 0, 0, 0, 0, 0, 0, 0, 0, 0, 0, 0, 0, 0, 0, 0, 0, 0, 0, 0, 0, 0] (0.000s)
  Sub: Z₀=12.957283 [LOCAL] (0.1s), α=[0.000,0.000,0.000,0.000,7.103,0.000,2.977,0.000,0.000,0.000,0.000,0.000,0.000,0.000,0.665,0.000,0.000,0.000,0.000,0.000,0.000,0.000,0.000,0.000,0.000,0.070,0.000,0.000,0.000,0.000]
  Iter 27: LB=4.029104  UB=14.983554  gap=7.31e-01
  Cut: intercept=-1140.579125, π_x_range=[-829.4791, 585.7669]
  Mini-Benders[1] (mw): LB=4.463558, Z₀(α*)=-31.561727, intercept=-49.452179 (0.375s) [OMP=0.338 ISP-L=0.003 ISP-F=0.008 MW-L=0.006 MW-F=0.007]
  Mini-Benders[2] (mw): LB=4.463558, Z₀(α*)=-31.561727, intercept=-49.452179 (0.266s) [OMP=0.244 ISP-L=0.003 ISP-F=0.008 MW-L=0.006 MW-F=0.007]
  Mini-Benders[3] (mw): LB=4.463558, Z₀(α*)=-31.561727, intercept=-49.452179 (0.281s) [OMP=0.246 ISP-L=0.003 ISP-F=0.008 MW-L=0.006 MW-F=0.019]
  Mini-Benders[4]: LB stagnated, break
  α-step: Z₀=14.187895, α=[0.000,0.000,0.000,0.000,0.000,0.000,0.000,0.000,0.000,0.000,0.000,0.000,0.000,0.000,0.000,0.000,0.000,0.000,0.000,0.000,0.000,0.000,0.000,0.000,0.000,7.761,3.054,0.000,0.000,0.000]
  Alt-Benders[1] (mw): LB=4.790782, Z₀(α*)=16.905421, intercept=-15.150978 (0.375s) [OMP=0.359 ISP-L=0.003 ISP-F=0.008 MW-L=0.005 MW-F=0.007]
  Alt-Benders[2] (mw): LB=4.791444, Z₀(α*)=14.159443, intercept=-12.518600 (0.344s) [OMP=0.323 ISP-L=0.003 ISP-F=0.007 MW-L=0.006 MW-F=0.007]
  Alt-Benders[3] (mw): LB=4.995172, Z₀(α*)=12.201947, intercept=-36.213231 (0.344s) [OMP=0.315 ISP-L=0.003 ISP-F=0.007 MW-L=0.006 MW-F=0.007]
  Alt-Benders[4] (mw): LB=4.998180, Z₀(α*)=6.932204, intercept=-86.877548 (0.359s) [OMP=0.328 ISP-L=0.003 ISP-F=0.007 MW-L=0.006 MW-F=0.006]
  Alt-Benders[5] (mw): LB=5.570084, Z₀(α*)=13.988467, intercept=-9.455252 (0.313s) [OMP=0.288 ISP-L=0.003 ISP-F=0.007 MW-L=0.006 MW-F=0.007]
  OMP re-solve: 0.312s

=== True-DRO Benders iter 28 ===
  OMP: t₀=5.677101, UB=14.983554, gap=6.21e-01, x=[0, 0, 0, 0, 0, 0, 0, 0, 0, 0, 0, 0, 0, 0, 0, 0, 0, 0, 1, 0, 0, 1, 0, 0, 0, 0, 0, 0, 0, 0] (0.000s)
  Sub: Z₀=19.790221 [LOCAL] (0.1s), α=[0.000,0.000,0.000,0.000,0.000,0.000,0.000,0.000,0.000,0.000,0.000,0.000,0.000,0.000,3.151,0.000,0.000,0.000,0.000,0.000,0.000,0.000,0.000,0.000,0.000,7.663,0.000,0.000,0.000,0.000]
  Iter 28: LB=5.677101  UB=14.983554  gap=6.21e-01
  Cut: intercept=-1079.291467, π_x_range=[-834.8003, 554.1381]
  Mini-Benders[1] (mw): LB=6.424231, Z₀(α*)=14.387969, intercept=-1.555491 (0.297s) [OMP=0.279 ISP-L=0.003 ISP-F=0.008 MW-L=0.005 MW-F=0.009]
  Mini-Benders[2] (mw): LB=6.864788, Z₀(α*)=19.790223, intercept=20.624710 (0.343s) [OMP=0.313 ISP-L=0.003 ISP-F=0.009 MW-L=0.005 MW-F=0.008]
  Mini-Benders[3] (mw): LB=6.885148, Z₀(α*)=15.292393, intercept=-68.770062 (0.313s) [OMP=0.285 ISP-L=0.003 ISP-F=0.007 MW-L=0.006 MW-F=0.008]
  Mini-Benders[4] (mw): LB=6.932202, Z₀(α*)=11.614544, intercept=-132.389413 (0.297s) [OMP=0.256 ISP-L=0.003 ISP-F=0.007 MW-L=0.018 MW-F=0.008]
  Mini-Benders[5] (mw): LB=6.969453, Z₀(α*)=20.766660, intercept=20.766661 (0.297s) [OMP=0.270 ISP-L=0.003 ISP-F=0.007 MW-L=0.006 MW-F=0.008]
  α-step: Z₀=13.794322, α=[0.000,0.000,0.000,0.000,0.000,0.000,0.000,0.000,0.000,0.000,0.000,0.000,0.000,0.000,0.395,0.000,0.000,0.000,0.000,0.000,0.000,0.000,0.000,0.000,0.000,10.420,0.000,0.000,0.000,0.000]
  Alt-Benders[1] (mw): LB=7.295644, Z₀(α*)=-1.701343, intercept=-70.276437 (0.265s) [OMP=0.241 ISP-L=0.003 ISP-F=0.007 MW-L=0.006 MW-F=0.007]
  Alt-Benders[2] (mw): LB=7.295644, Z₀(α*)=-1.701343, intercept=-70.276437 (0.266s) [OMP=0.232 ISP-L=0.003 ISP-F=0.007 MW-L=0.006 MW-F=0.007]
  Alt-Benders[3] (mw): LB=7.295644, Z₀(α*)=-1.701343, intercept=-70.276437 (0.265s) [OMP=0.240 ISP-L=0.003 ISP-F=0.007 MW-L=0.006 MW-F=0.007]
  Alt-Benders[4]: LB stagnated, break
  OMP re-solve: 0.000s

=== True-DRO Benders iter 29 ===
  OMP: t₀=7.295644, UB=14.983554, gap=5.13e-01, x=[0, 0, 0, 0, 1, 0, 0, 0, 0, 0, 0, 0, 0, 0, 0, 0, 0, 0, 0, 0, 0, 0, 0, 0, 0, 1, 0, 0, 0, 0] (0.000s)
  Sub: Z₀=12.004820 [LOCAL] (0.1s), α=[0.000,0.000,0.000,0.000,3.466,0.000,1.182,0.000,0.000,0.000,0.000,0.000,0.000,0.000,2.701,0.000,0.000,0.000,0.000,0.000,0.000,0.000,0.000,0.000,0.000,3.466,0.000,0.000,0.000,0.000]
  Iter 29: LB=7.295644  UB=14.983554  gap=5.13e-01
  Cut: intercept=-1133.566147, π_x_range=[-826.4863, 578.8142]
  Mini-Benders[1] (mw): LB=7.633494, Z₀(α*)=6.579073, intercept=-25.995888 (0.328s) [OMP=0.292 ISP-L=0.003 ISP-F=0.008 MW-L=0.006 MW-F=0.009]
  Mini-Benders[2] (mw): LB=7.633494, Z₀(α*)=6.579073, intercept=-25.995888 (0.297s) [OMP=0.273 ISP-L=0.003 ISP-F=0.008 MW-L=0.006 MW-F=0.009]
  Mini-Benders[3] (mw): LB=7.633494, Z₀(α*)=6.579073, intercept=-25.995888 (0.297s) [OMP=0.277 ISP-L=0.003 ISP-F=0.008 MW-L=0.006 MW-F=0.009]
  Mini-Benders[4]: LB stagnated, break
  α-step: Z₀=17.166215, α=[0.000,0.000,0.000,0.000,0.000,0.000,2.132,0.485,0.000,0.000,0.000,0.000,0.000,0.000,0.000,0.000,0.000,0.000,0.000,0.000,0.000,0.000,0.553,0.000,0.000,7.645,0.000,0.000,0.000,0.000]
  Alt-Benders[1] (mw): LB=7.715951, Z₀(α*)=-3.541716, intercept=-40.834628 (0.328s) [OMP=0.284 ISP-L=0.003 ISP-F=0.007 MW-L=0.019 MW-F=0.008]
  Alt-Benders[2] (mw): LB=7.715951, Z₀(α*)=-3.541716, intercept=-40.834628 (0.297s) [OMP=0.272 ISP-L=0.003 ISP-F=0.007 MW-L=0.006 MW-F=0.008]
  Alt-Benders[3] (mw): LB=7.715951, Z₀(α*)=-3.541716, intercept=-40.834628 (0.297s) [OMP=0.279 ISP-L=0.003 ISP-F=0.007 MW-L=0.006 MW-F=0.008]
  Alt-Benders[4]: LB stagnated, break
  OMP re-solve: 0.000s

=== True-DRO Benders iter 30 ===
  OMP: t₀=7.715951, UB=14.983554, gap=4.85e-01, x=[0, 0, 0, 0, 0, 0, 0, 0, 0, 0, 0, 0, 0, 0, 1, 0, 0, 0, 0, 0, 0, 0, 0, 0, 0, 0, 0, 1, 0, 0] (0.000s)
  Sub: Z₀=16.353224 [TIME_LIMIT] (15.0s), α=[0.000,0.000,0.000,0.000,0.000,0.000,0.000,0.000,0.000,0.000,0.000,0.000,0.000,0.000,4.659,0.000,0.000,0.000,0.000,0.000,0.000,0.000,0.000,0.000,0.000,3.704,0.348,2.104,0.000,0.000]
  Iter 30: LB=7.715951  UB=14.983554  gap=4.85e-01
  Cut: intercept=-31.514740, π_x_range=[-205.1015, 37.8961]
  Mini-Benders[1] (mw): LB=8.064911, Z₀(α*)=12.920653, intercept=-15.329818 (0.344s) [OMP=0.309 ISP-L=0.003 ISP-F=0.008 MW-L=0.006 MW-F=0.008]
  Mini-Benders[2] (mw): LB=8.410228, Z₀(α*)=15.956566, intercept=-33.748894 (0.344s) [OMP=0.314 ISP-L=0.003 ISP-F=0.008 MW-L=0.006 MW-F=0.009]
  Mini-Benders[3] (mw): LB=8.957071, Z₀(α*)=3.997239, intercept=-18.344058 (0.328s) [OMP=0.315 ISP-L=0.003 ISP-F=0.008 MW-L=0.006 MW-F=0.008]
  Mini-Benders[4] (mw): LB=8.957071, Z₀(α*)=3.997239, intercept=-18.344058 (0.390s) [OMP=0.353 ISP-L=0.003 ISP-F=0.008 MW-L=0.006 MW-F=0.008]
  Mini-Benders[5] (mw): LB=8.957071, Z₀(α*)=3.997239, intercept=-18.344058 (0.375s) [OMP=0.350 ISP-L=0.003 ISP-F=0.008 MW-L=0.006 MW-F=0.008]
  α-step: Z₀=18.820045, α=[0.000,0.000,0.000,0.000,0.000,0.000,0.000,2.836,0.000,0.000,0.000,0.000,0.000,0.000,2.621,0.000,0.000,0.000,0.000,0.000,0.000,0.000,0.000,0.000,0.000,3.107,2.250,0.000,0.000,0.000]
  Alt-Benders[1] (mw): LB=9.291083, Z₀(α*)=-3.135865, intercept=-45.860142 (0.312s) [OMP=0.276 ISP-L=0.003 ISP-F=0.007 MW-L=0.006 MW-F=0.007]
  Alt-Benders[2] (mw): LB=9.291083, Z₀(α*)=-3.135865, intercept=-45.860142 (0.281s) [OMP=0.244 ISP-L=0.003 ISP-F=0.007 MW-L=0.024 MW-F=0.008]
  Alt-Benders[3] (mw): LB=9.291083, Z₀(α*)=-3.135865, intercept=-45.860142 (0.266s) [OMP=0.241 ISP-L=0.003 ISP-F=0.007 MW-L=0.006 MW-F=0.008]
  Alt-Benders[4]: LB stagnated, break
  OMP re-solve: 0.000s

=== True-DRO Benders iter 31 ===
  OMP: t₀=9.291083, UB=14.983554, gap=3.80e-01, x=[0, 0, 0, 0, 0, 0, 0, 0, 0, 0, 0, 0, 0, 0, 0, 0, 0, 0, 0, 0, 0, 0, 0, 0, 0, 1, 0, 1, 0, 0] (0.000s)
  Sub: Z₀=14.136060 [LOCAL] (0.1s), α=[0.000,0.000,0.000,0.000,0.000,0.000,0.000,0.000,0.000,0.000,0.000,0.000,0.000,0.000,0.000,0.000,0.000,0.000,0.000,0.000,0.000,0.000,0.000,0.000,0.000,7.747,0.072,2.996,0.000,0.000]
  Iter 31: LB=9.291083  UB=14.983554  gap=3.80e-01
  Cut: intercept=-1128.371822, π_x_range=[-828.7099, 578.5352]
  Mini-Benders[1] (mw): LB=9.461998, Z₀(α*)=15.686710, intercept=-11.579372 (0.329s) [OMP=0.302 ISP-L=0.003 ISP-F=0.008 MW-L=0.006 MW-F=0.011]
  Mini-Benders[2] (mw): LB=9.491595, Z₀(α*)=-2.735718, intercept=-30.302415 (0.266s) [OMP=0.245 ISP-L=0.003 ISP-F=0.008 MW-L=0.006 MW-F=0.008]
  Mini-Benders[3] (mw): LB=9.491595, Z₀(α*)=-2.735718, intercept=-30.302415 (0.297s) [OMP=0.268 ISP-L=0.003 ISP-F=0.008 MW-L=0.006 MW-F=0.008]
  Mini-Benders[4] (mw): LB=9.491595, Z₀(α*)=-2.735718, intercept=-30.302415 (0.281s) [OMP=0.266 ISP-L=0.003 ISP-F=0.008 MW-L=0.006 MW-F=0.008]
  Mini-Benders[5]: LB stagnated, break
  α-step: Z₀=17.424855, α=[0.000,0.000,0.000,0.000,0.894,0.000,2.312,1.805,0.000,0.000,0.000,0.000,0.000,0.000,0.000,0.000,0.000,0.000,0.000,0.000,0.000,0.000,0.000,0.000,0.000,4.512,1.291,0.000,0.000,0.000]
  Alt-Benders[1] (mw): LB=9.870274, Z₀(α*)=12.462447, intercept=-11.575530 (0.281s) [OMP=0.251 ISP-L=0.003 ISP-F=0.008 MW-L=0.005 MW-F=0.008]
  Alt-Benders[2] (mw): LB=10.125760, Z₀(α*)=-1.784087, intercept=-23.838910 (0.313s) [OMP=0.301 ISP-L=0.003 ISP-F=0.008 MW-L=0.006 MW-F=0.007]
  Alt-Benders[3] (mw): LB=10.125760, Z₀(α*)=-1.784087, intercept=-23.838910 (0.281s) [OMP=0.265 ISP-L=0.003 ISP-F=0.008 MW-L=0.006 MW-F=0.008]
  Alt-Benders[4] (mw): LB=10.125760, Z₀(α*)=-1.784087, intercept=-23.838910 (0.329s) [OMP=0.291 ISP-L=0.003 ISP-F=0.008 MW-L=0.019 MW-F=0.007]
  Alt-Benders[5]: LB stagnated, break
  OMP re-solve: 0.000s

=== True-DRO Benders iter 32 ===
  OMP: t₀=10.125760, UB=14.983554, gap=3.24e-01, x=[0, 0, 0, 0, 0, 0, 0, 0, 0, 0, 0, 0, 0, 0, 1, 0, 0, 1, 0, 0, 0, 0, 0, 0, 0, 0, 0, 0, 0, 0] (0.000s)
  Sub: Z₀=19.758655 [LOCAL] (0.2s), α=[0.000,0.000,0.000,0.000,0.000,0.000,0.000,0.000,0.000,0.000,0.000,0.000,0.000,0.000,6.053,0.000,0.000,0.000,0.000,0.000,0.000,0.000,0.000,0.000,0.000,3.619,0.415,0.728,0.000,0.000]
  Iter 32: LB=10.125760  UB=14.983554  gap=3.24e-01
  Cut: intercept=-1126.913297, π_x_range=[-828.7900, 586.6670]
  Mini-Benders[1] (mw): LB=10.574974, Z₀(α*)=19.758657, intercept=13.430807 (0.312s) [OMP=0.296 ISP-L=0.003 ISP-F=0.009 MW-L=0.006 MW-F=0.009]
  Mini-Benders[2] (mw): LB=10.578601, Z₀(α*)=0.387490, intercept=-29.970753 (0.329s) [OMP=0.296 ISP-L=0.003 ISP-F=0.007 MW-L=0.006 MW-F=0.007]
  Mini-Benders[3] (mw): LB=10.578601, Z₀(α*)=0.387490, intercept=-29.970753 (0.296s) [OMP=0.273 ISP-L=0.003 ISP-F=0.007 MW-L=0.006 MW-F=0.007]
  Mini-Benders[4] (mw): LB=10.578601, Z₀(α*)=0.387490, intercept=-29.970753 (0.313s) [OMP=0.286 ISP-L=0.003 ISP-F=0.007 MW-L=0.006 MW-F=0.007]
  Mini-Benders[5]: LB stagnated, break
  α-step: Z₀=15.000003, α=[0.000,0.000,0.000,0.000,0.000,0.000,0.000,0.000,0.000,0.000,0.000,0.000,0.000,0.000,0.000,0.000,0.000,0.000,0.000,0.000,0.000,0.000,0.000,0.000,0.000,6.710,4.105,0.000,0.000,0.000]
  Alt-Benders[1] (mw): LB=10.808038, Z₀(α*)=14.153134, intercept=-15.081242 (0.360s) [OMP=0.340 ISP-L=0.003 ISP-F=0.008 MW-L=0.005 MW-F=0.009]
  Alt-Benders[2] (mw): LB=11.578672, Z₀(α*)=17.759371, intercept=-14.918720 (0.328s) [OMP=0.299 ISP-L=0.003 ISP-F=0.008 MW-L=0.006 MW-F=0.012]
  Alt-Benders[3] (mw): LB=11.614542, Z₀(α*)=6.759940, intercept=-87.027409 (0.281s) [OMP=0.258 ISP-L=0.003 ISP-F=0.007 MW-L=0.006 MW-F=0.007]
  Alt-Benders[4] (mw): LB=11.614542, Z₀(α*)=6.759940, intercept=-87.027409 (0.281s) [OMP=0.239 ISP-L=0.003 ISP-F=0.007 MW-L=0.006 MW-F=0.019]
  Alt-Benders[5] (mw): LB=11.614542, Z₀(α*)=6.759940, intercept=-87.027409 (0.266s) [OMP=0.246 ISP-L=0.003 ISP-F=0.007 MW-L=0.006 MW-F=0.007]
  OMP re-solve: 0.248s

=== True-DRO Benders iter 33 ===
  OMP: t₀=11.614542, UB=14.983554, gap=2.25e-01, x=[0, 0, 0, 0, 0, 0, 0, 0, 0, 0, 1, 0, 0, 0, 0, 0, 0, 0, 0, 0, 0, 0, 0, 0, 0, 1, 0, 0, 0, 0] (0.000s)
  Sub: Z₀=12.082863 [LOCAL] (0.1s), α=[0.000,0.000,0.000,0.000,0.000,0.000,0.000,0.000,0.000,0.000,4.597,0.000,0.000,0.000,1.520,0.000,0.000,0.000,0.000,0.000,0.000,0.000,0.000,0.000,0.000,4.697,0.000,0.000,0.000,0.000]
  Iter 33: LB=11.614542  UB=14.983554  gap=2.25e-01
  Cut: intercept=-1103.284858, π_x_range=[-820.1194, 579.9051]
  Mini-Benders[1] (mw): LB=11.666889, Z₀(α*)=-2.970622, intercept=-11.624729 (0.281s) [OMP=0.267 ISP-L=0.003 ISP-F=0.010 MW-L=0.006 MW-F=0.007]
  Mini-Benders[2] (mw): LB=11.666889, Z₀(α*)=-2.970622, intercept=-11.624729 (0.329s) [OMP=0.315 ISP-L=0.003 ISP-F=0.010 MW-L=0.006 MW-F=0.007]
  Mini-Benders[3] (mw): LB=11.666889, Z₀(α*)=-2.970622, intercept=-11.624729 (0.296s) [OMP=0.271 ISP-L=0.003 ISP-F=0.010 MW-L=0.005 MW-F=0.007]
  Mini-Benders[4]: LB stagnated, break
  α-step: Z₀=18.788571, α=[0.000,0.000,0.000,0.000,0.000,0.000,0.000,3.435,0.000,0.000,0.000,0.000,0.000,0.000,2.066,0.000,0.000,0.000,0.000,0.000,0.000,0.000,0.000,0.000,0.000,3.619,1.695,0.000,0.000,0.000]
  Alt-Benders[1] (mw): LB=11.666895, Z₀(α*)=18.512847, intercept=-25.105567 (0.344s) [OMP=0.318 ISP-L=0.003 ISP-F=0.008 MW-L=0.005 MW-F=0.011]
  Alt-Benders[2] (mw): LB=11.726106, Z₀(α*)=11.020093, intercept=-31.893601 (0.328s) [OMP=0.300 ISP-L=0.003 ISP-F=0.008 MW-L=0.006 MW-F=0.009]
  Alt-Benders[3] (mw): LB=11.726106, Z₀(α*)=11.020093, intercept=-31.893601 (0.359s) [OMP=0.328 ISP-L=0.003 ISP-F=0.008 MW-L=0.006 MW-F=0.009]
  Alt-Benders[4] (mw): LB=11.726106, Z₀(α*)=11.020093, intercept=-31.893601 (0.344s) [OMP=0.319 ISP-L=0.003 ISP-F=0.008 MW-L=0.006 MW-F=0.009]
  Alt-Benders[5]: LB stagnated, break
  OMP re-solve: 0.000s

=== True-DRO Benders iter 34 ===
  OMP: t₀=11.726106, UB=14.983554, gap=2.17e-01, x=[0, 0, 0, 0, 0, 0, 0, 0, 0, 0, 0, 0, 0, 0, 0, 0, 0, 1, 0, 0, 0, 0, 0, 0, 0, 0, 0, 0, 0, 0] (0.000s)
  Sub: Z₀=20.839897 [LOCAL] (0.2s), α=[0.000,0.000,0.000,0.000,0.000,0.000,0.000,0.000,0.000,0.000,0.000,0.000,0.000,0.000,3.916,0.000,0.000,0.000,0.000,0.000,0.000,0.000,0.000,0.000,0.000,5.293,0.485,1.120,0.000,0.000]
  Iter 34: LB=11.726106  UB=14.983554  gap=2.17e-01
  Cut: intercept=-531.842916, π_x_range=[-829.5475, 552.6828]
  Mini-Benders[1] (mw): LB=11.726106, Z₀(α*)=20.839900, intercept=10.994495 (0.328s) [OMP=0.295 ISP-L=0.003 ISP-F=0.008 MW-L=0.005 MW-F=0.007]
  Mini-Benders[2] (mw): LB=11.869265, Z₀(α*)=18.495385, intercept=11.464592 (0.282s) [OMP=0.259 ISP-L=0.003 ISP-F=0.009 MW-L=0.006 MW-F=0.008]
  Mini-Benders[3] (mw): LB=11.884990, Z₀(α*)=11.748514, intercept=-67.865630 (0.297s) [OMP=0.259 ISP-L=0.003 ISP-F=0.008 MW-L=0.007 MW-F=0.010]
  Mini-Benders[4] (mw): LB=11.884990, Z₀(α*)=11.748514, intercept=-67.865630 (0.265s) [OMP=0.241 ISP-L=0.003 ISP-F=0.008 MW-L=0.007 MW-F=0.010]
  Mini-Benders[5] (mw): LB=11.884990, Z₀(α*)=11.748514, intercept=-67.865630 (0.266s) [OMP=0.241 ISP-L=0.003 ISP-F=0.008 MW-L=0.007 MW-F=0.010]
  α-step: Z₀=11.899635, α=[0.000,0.000,0.000,0.000,0.000,0.000,0.000,0.000,0.000,0.000,0.000,0.000,0.000,0.000,3.545,0.000,0.000,0.000,0.000,0.000,0.000,0.000,0.000,0.000,0.000,5.879,1.391,0.000,0.000,0.000]
  Alt-Benders[1] (mw): LB=11.899635, Z₀(α*)=11.915037, intercept=-61.571999 (0.282s) [OMP=0.248 ISP-L=0.003 ISP-F=0.008 MW-L=0.007 MW-F=0.009]
  Alt-Benders[2] (mw): LB=11.915035, Z₀(α*)=11.915037, intercept=-61.571999 (0.265s) [OMP=0.244 ISP-L=0.003 ISP-F=0.008 MW-L=0.007 MW-F=0.009]
  Alt-Benders[3] (mw): LB=11.915035, Z₀(α*)=11.915037, intercept=-61.571999 (0.266s) [OMP=0.238 ISP-L=0.003 ISP-F=0.008 MW-L=0.008 MW-F=0.008]
  Alt-Benders[4] (mw): LB=11.915035, Z₀(α*)=11.915037, intercept=-61.571999 (0.266s) [OMP=0.241 ISP-L=0.003 ISP-F=0.008 MW-L=0.007 MW-F=0.009]
  Alt-Benders[5]: LB stagnated, break
  OMP re-solve: 0.000s

=== True-DRO Benders iter 35 ===
  OMP: t₀=11.915035, UB=14.983554, gap=2.05e-01, x=[0, 0, 0, 0, 0, 0, 0, 0, 0, 0, 0, 0, 0, 0, 0, 0, 0, 0, 0, 0, 0, 0, 0, 0, 0, 1, 1, 0, 0, 0] (0.000s)
  Sub: Z₀=12.498506 [TIME_LIMIT] (15.1s), α=[0.000,0.000,0.000,0.000,0.000,0.000,0.000,0.000,0.000,0.000,0.000,0.000,0.000,0.000,0.000,0.000,0.000,0.000,0.000,0.000,0.000,0.000,0.000,0.000,0.000,1.317,8.389,1.108,0.000,0.000]
  Iter 35: LB=11.915035  UB=12.592790  gap=5.38e-02
  Cut: intercept=-82.973397, π_x_range=[-191.3328, 51.4309]
  Mini-Benders[1] (mw): LB=12.004820, Z₀(α*)=6.126451, intercept=-46.497158 (0.282s) [OMP=0.246 ISP-L=0.003 ISP-F=0.008 MW-L=0.007 MW-F=0.006]
  Mini-Benders[2] (mw): LB=12.004820, Z₀(α*)=6.126451, intercept=-46.497158 (0.250s) [OMP=0.237 ISP-L=0.003 ISP-F=0.008 MW-L=0.007 MW-F=0.006]
  Mini-Benders[3] (mw): LB=12.004820, Z₀(α*)=6.126451, intercept=-46.497158 (0.265s) [OMP=0.235 ISP-L=0.003 ISP-F=0.007 MW-L=0.007 MW-F=0.006]
  Mini-Benders[4]: LB stagnated, break
  α-step: Z₀=11.575905, α=[0.000,0.000,0.000,0.000,0.100,0.000,2.468,0.000,0.000,0.000,0.000,0.000,0.000,0.000,2.862,0.000,0.000,0.000,0.000,0.000,0.000,0.000,0.000,0.000,0.000,0.100,5.285,0.000,0.000,0.000]
  Alt-Benders[1] (mw): LB=12.004820, Z₀(α*)=12.729772, intercept=-41.752099 (0.250s) [OMP=0.230 ISP-L=0.003 ISP-F=0.007 MW-L=0.006 MW-F=0.011]
  Alt-Benders[2] (mw): LB=12.082863, Z₀(α*)=8.341631, intercept=-92.942220 (0.297s) [OMP=0.284 ISP-L=0.003 ISP-F=0.007 MW-L=0.006 MW-F=0.007]
  Alt-Benders[3] (mw): LB=12.082863, Z₀(α*)=8.341631, intercept=-92.942220 (0.281s) [OMP=0.250 ISP-L=0.003 ISP-F=0.007 MW-L=0.006 MW-F=0.007]
  Alt-Benders[4] (mw): LB=12.082863, Z₀(α*)=8.341631, intercept=-92.942220 (0.266s) [OMP=0.250 ISP-L=0.003 ISP-F=0.007 MW-L=0.006 MW-F=0.007]
  Alt-Benders[5]: LB stagnated, break
  OMP re-solve: 0.000s

=== True-DRO Benders iter 36 ===
  OMP: t₀=12.082863, UB=12.592790, gap=4.05e-02, x=[0, 0, 0, 0, 0, 0, 0, 0, 0, 0, 1, 0, 0, 0, 0, 0, 0, 0, 0, 0, 0, 0, 0, 0, 0, 1, 0, 0, 0, 0] (0.000s)
  Sub: Z₀=12.082863 [LOCAL] (0.1s), α=[0.000,0.000,0.000,0.000,0.000,0.000,0.000,0.000,0.000,0.000,4.597,0.000,0.000,0.000,1.520,0.000,0.000,0.000,0.000,0.000,0.000,0.000,0.000,0.000,0.000,4.697,0.000,0.000,0.000,0.000]
  Iter 36: LB=12.082863  UB=12.592790  gap=4.05e-02
  Cut: intercept=-1103.284858, π_x_range=[-820.1194, 579.9051]
  Mini-Benders[1] (mw): LB=12.082863, Z₀(α*)=12.082864, intercept=-74.808004 (0.281s) [OMP=0.248 ISP-L=0.003 ISP-F=0.008 MW-L=0.006 MW-F=0.013]
  Mini-Benders[2] (mw): LB=12.082863, Z₀(α*)=12.082864, intercept=-74.808004 (0.297s) [OMP=0.253 ISP-L=0.003 ISP-F=0.008 MW-L=0.019 MW-F=0.013]
  Mini-Benders[3]: LB stagnated, break
  α-step: Z₀=12.082864, α=[0.000,0.000,0.000,0.000,0.000,0.000,0.000,0.000,0.000,0.000,4.597,0.000,0.000,0.000,1.520,0.000,0.000,0.000,0.000,0.000,0.000,0.000,0.000,0.000,0.000,4.697,0.000,0.000,0.000,0.000]
  Alt-Benders[1] (mw): LB=12.082864, Z₀(α*)=12.082864, intercept=-74.808004 (0.266s) [OMP=0.244 ISP-L=0.003 ISP-F=0.008 MW-L=0.006 MW-F=0.011]
  Alt-Benders[2] (mw): LB=12.082864, Z₀(α*)=12.082864, intercept=-74.808004 (0.281s) [OMP=0.245 ISP-L=0.003 ISP-F=0.008 MW-L=0.006 MW-F=0.011]
  Alt-Benders[3] (mw): LB=12.082864, Z₀(α*)=12.082864, intercept=-74.808004 (0.266s) [OMP=0.247 ISP-L=0.003 ISP-F=0.008 MW-L=0.006 MW-F=0.011]
  Alt-Benders[4]: LB stagnated, break
  OMP re-solve: 0.000s

=== True-DRO Benders iter 37 ===
  OMP: t₀=12.082864, UB=12.592790, gap=4.05e-02, x=[0, 0, 0, 0, 0, 0, 0, 0, 0, 0, 1, 0, 0, 0, 0, 0, 0, 0, 0, 0, 0, 0, 0, 0, 0, 1, 0, 0, 0, 0] (0.000s)
  Sub: Z₀=12.082863 [LOCAL] (0.1s), α=[0.000,0.000,0.000,0.000,0.000,0.000,0.000,0.000,0.000,0.000,4.597,0.000,0.000,0.000,1.520,0.000,0.000,0.000,0.000,0.000,0.000,0.000,0.000,0.000,0.000,4.697,0.000,0.000,0.000,0.000]
  Iter 37: LB=12.082864  UB=12.592790  gap=4.05e-02
  Cut: intercept=-1103.284858, π_x_range=[-820.1194, 579.9051]
  Mini-Benders[1] (mw): LB=12.082864, Z₀(α*)=12.082864, intercept=-74.808004 (0.281s) [OMP=0.249 ISP-L=0.003 ISP-F=0.008 MW-L=0.006 MW-F=0.013]
  Mini-Benders[2] (mw): LB=12.082864, Z₀(α*)=12.082864, intercept=-74.808004 (0.281s) [OMP=0.247 ISP-L=0.003 ISP-F=0.008 MW-L=0.006 MW-F=0.013]
  Mini-Benders[3]: LB stagnated, break
  α-step: Z₀=12.082864, α=[0.000,0.000,0.000,0.000,0.000,0.000,0.000,0.000,0.000,0.000,4.597,0.000,0.000,0.000,1.520,0.000,0.000,0.000,0.000,0.000,0.000,0.000,0.000,0.000,0.000,4.697,0.000,0.000,0.000,0.000]
  Alt-Benders[1] (mw): LB=12.082864, Z₀(α*)=12.082864, intercept=-74.808004 (0.282s) [OMP=0.242 ISP-L=0.003 ISP-F=0.008 MW-L=0.006 MW-F=0.011]
  Alt-Benders[2] (mw): LB=12.082864, Z₀(α*)=12.082864, intercept=-74.808004 (0.281s) [OMP=0.255 ISP-L=0.003 ISP-F=0.008 MW-L=0.006 MW-F=0.011]
  Alt-Benders[3]: LB stagnated, break
  OMP re-solve: 0.000s

=== True-DRO Benders iter 38 ===
  OMP: t₀=12.082864, UB=12.592790, gap=4.05e-02, x=[0, 0, 0, 0, 0, 0, 0, 0, 0, 0, 1, 0, 0, 0, 0, 0, 0, 0, 0, 0, 0, 0, 0, 0, 0, 1, 0, 0, 0, 0] (0.000s)
  Sub: Z₀=12.082863 [LOCAL] (0.1s), α=[0.000,0.000,0.000,0.000,0.000,0.000,0.000,0.000,0.000,0.000,4.597,0.000,0.000,0.000,1.520,0.000,0.000,0.000,0.000,0.000,0.000,0.000,0.000,0.000,0.000,4.697,0.000,0.000,0.000,0.000]
  Iter 38: LB=12.082864  UB=12.592790  gap=4.05e-02
  Cut: intercept=-1103.284858, π_x_range=[-820.1194, 579.9051]
  Mini-Benders[1] (mw): LB=12.082864, Z₀(α*)=12.082864, intercept=-74.808004 (0.281s) [OMP=0.248 ISP-L=0.003 ISP-F=0.008 MW-L=0.007 MW-F=0.014]
  Mini-Benders[2] (mw): LB=12.082864, Z₀(α*)=12.082864, intercept=-74.808004 (0.281s) [OMP=0.247 ISP-L=0.003 ISP-F=0.008 MW-L=0.006 MW-F=0.014]
  Mini-Benders[3]: LB stagnated, break
  α-step: Z₀=12.082864, α=[0.000,0.000,0.000,0.000,0.000,0.000,0.000,0.000,0.000,0.000,4.597,0.000,0.000,0.000,1.520,0.000,0.000,0.000,0.000,0.000,0.000,0.000,0.000,0.000,0.000,4.697,0.000,0.000,0.000,0.000]
  Alt-Benders[1] (mw): LB=12.082864, Z₀(α*)=12.082864, intercept=-74.808004 (0.281s) [OMP=0.251 ISP-L=0.003 ISP-F=0.008 MW-L=0.006 MW-F=0.011]
  Alt-Benders[2] (mw): LB=12.082864, Z₀(α*)=12.082864, intercept=-74.808004 (0.266s) [OMP=0.246 ISP-L=0.003 ISP-F=0.008 MW-L=0.006 MW-F=0.011]
  Alt-Benders[3]: LB stagnated, break
  OMP re-solve: 0.000s

=== True-DRO Benders iter 39 ===
  OMP: t₀=12.082864, UB=12.592790, gap=4.05e-02, x=[0, 0, 0, 0, 0, 0, 0, 0, 0, 0, 1, 0, 0, 0, 0, 0, 0, 0, 0, 0, 0, 0, 0, 0, 0, 1, 0, 0, 0, 0] (0.000s)
  Sub: Z₀=12.082863 [LOCAL] (0.1s), α=[0.000,0.000,0.000,0.000,0.000,0.000,0.000,0.000,0.000,0.000,4.597,0.000,0.000,0.000,1.520,0.000,0.000,0.000,0.000,0.000,0.000,0.000,0.000,0.000,0.000,4.697,0.000,0.000,0.000,0.000]
  Iter 39: LB=12.082864  UB=12.592790  gap=4.05e-02
  Cut: intercept=-1103.284858, π_x_range=[-820.1194, 579.9051]
  Mini-Benders[1] (mw): LB=12.082864, Z₀(α*)=12.082864, intercept=-74.808004 (0.281s) [OMP=0.244 ISP-L=0.003 ISP-F=0.008 MW-L=0.006 MW-F=0.013]
  Mini-Benders[2] (mw): LB=12.082864, Z₀(α*)=12.082864, intercept=-74.808004 (0.266s) [OMP=0.245 ISP-L=0.003 ISP-F=0.008 MW-L=0.006 MW-F=0.013]
  Mini-Benders[3]: LB stagnated, break
  α-step: Z₀=12.082864, α=[0.000,0.000,0.000,0.000,0.000,0.000,0.000,0.000,0.000,0.000,4.597,0.000,0.000,0.000,1.520,0.000,0.000,0.000,0.000,0.000,0.000,0.000,0.000,0.000,0.000,4.697,0.000,0.000,0.000,0.000]
  Alt-Benders[1] (mw): LB=12.082864, Z₀(α*)=12.082864, intercept=-74.808004 (0.266s) [OMP=0.250 ISP-L=0.003 ISP-F=0.008 MW-L=0.006 MW-F=0.011]
  Alt-Benders[2] (mw): LB=12.082864, Z₀(α*)=12.082864, intercept=-74.808004 (0.296s) [OMP=0.251 ISP-L=0.003 ISP-F=0.008 MW-L=0.018 MW-F=0.011]
  Alt-Benders[3]: LB stagnated, break
  OMP re-solve: 0.000s

=== True-DRO Benders iter 40 ===
  OMP: t₀=12.082864, UB=12.592790, gap=4.05e-02, x=[0, 0, 0, 0, 0, 0, 0, 0, 0, 0, 1, 0, 0, 0, 0, 0, 0, 0, 0, 0, 0, 0, 0, 0, 0, 1, 0, 0, 0, 0] (0.000s)
  Sub: Z₀=12.417172 [TIME_LIMIT] (15.2s), α=[0.000,0.000,0.000,0.000,0.000,0.000,0.000,0.000,0.000,0.000,1.950,0.000,0.000,0.000,0.395,0.000,0.000,0.000,0.000,0.000,0.000,0.000,0.000,0.000,0.000,8.470,0.000,0.000,0.000,0.000]
  Iter 40: LB=12.082864  UB=12.592790  gap=4.05e-02
  Cut: intercept=-127.292579, π_x_range=[-213.4441, 96.2006]
  Mini-Benders[1] (mw): LB=12.091723, Z₀(α*)=-22.632580, intercept=-112.948857 (0.235s) [OMP=0.215 ISP-L=0.003 ISP-F=0.007 MW-L=0.006 MW-F=0.009]
  Mini-Benders[2] (mw): LB=12.091723, Z₀(α*)=-22.632580, intercept=-112.948857 (0.234s) [OMP=0.203 ISP-L=0.003 ISP-F=0.007 MW-L=0.006 MW-F=0.009]
  Mini-Benders[3] (mw): LB=12.091723, Z₀(α*)=-22.632580, intercept=-112.948857 (0.219s) [OMP=0.203 ISP-L=0.003 ISP-F=0.007 MW-L=0.006 MW-F=0.009]
  Mini-Benders[4]: LB stagnated, break
  α-step: Z₀=12.344986, α=[0.000,0.000,0.000,0.000,4.190,0.000,0.000,0.000,0.000,0.000,4.090,0.000,0.000,0.000,0.395,0.000,0.000,0.000,0.000,0.000,0.000,0.000,0.000,0.000,0.000,0.000,2.140,0.000,0.000,0.000]
  Alt-Benders[1] (mw): LB=12.201945, Z₀(α*)=-22.289624, intercept=-31.670991 (0.281s) [OMP=0.262 ISP-L=0.003 ISP-F=0.007 MW-L=0.005 MW-F=0.008]
  Alt-Benders[2] (mw): LB=12.201945, Z₀(α*)=-22.289624, intercept=-31.670991 (0.281s) [OMP=0.251 ISP-L=0.003 ISP-F=0.007 MW-L=0.006 MW-F=0.008]
  Alt-Benders[3] (mw): LB=12.201945, Z₀(α*)=-22.289624, intercept=-31.670991 (0.297s) [OMP=0.273 ISP-L=0.003 ISP-F=0.007 MW-L=0.005 MW-F=0.008]
  Alt-Benders[4]: LB stagnated, break
  OMP re-solve: 0.000s

=== True-DRO Benders iter 41 ===
  OMP: t₀=12.201945, UB=12.592790, gap=3.10e-02, x=[0, 0, 0, 0, 0, 0, 1, 0, 0, 0, 0, 0, 0, 0, 0, 0, 0, 0, 0, 1, 0, 0, 0, 0, 0, 0, 0, 0, 0, 0] (0.000s)
  Sub: Z₀=17.270049 [LOCAL] (0.1s), α=[0.000,0.000,0.000,0.000,0.000,0.000,2.132,0.000,0.000,0.000,0.000,0.000,0.000,0.000,0.000,0.000,0.000,0.000,0.000,2.363,0.000,0.000,0.000,0.000,0.000,6.320,0.000,0.000,0.000,0.000]
  Iter 41: LB=12.201945  UB=12.592790  gap=3.10e-02
  Cut: intercept=-1127.676764, π_x_range=[-830.4893, 583.0735]
  Mini-Benders[1] (mw): LB=12.344986, Z₀(α*)=-26.205711, intercept=-113.795574 (0.312s) [OMP=0.281 ISP-L=0.003 ISP-F=0.008 MW-L=0.006 MW-F=0.010]
  Mini-Benders[2] (mw): LB=12.344986, Z₀(α*)=-26.205711, intercept=-113.795574 (0.297s) [OMP=0.262 ISP-L=0.003 ISP-F=0.008 MW-L=0.018 MW-F=0.009]
  Mini-Benders[3] (mw): LB=12.344986, Z₀(α*)=-26.205711, intercept=-113.795574 (0.297s) [OMP=0.260 ISP-L=0.003 ISP-F=0.008 MW-L=0.006 MW-F=0.009]
  Mini-Benders[4]: LB stagnated, break
  α-step: Z₀=12.344986, α=[0.000,0.000,0.000,0.000,4.190,0.000,0.000,0.000,0.000,0.000,4.090,0.000,0.000,0.000,0.395,0.000,0.000,0.000,0.000,0.000,0.000,0.000,0.000,0.000,0.000,0.000,2.140,0.000,0.000,0.000]
  Alt-Benders[1] (mw): LB=12.344986, Z₀(α*)=12.344986, intercept=-108.057323 (0.297s) [OMP=0.266 ISP-L=0.003 ISP-F=0.007 MW-L=0.006 MW-F=0.012]
  Alt-Benders[2] (mw): LB=12.344986, Z₀(α*)=12.344986, intercept=-108.057323 (0.281s) [OMP=0.243 ISP-L=0.003 ISP-F=0.007 MW-L=0.006 MW-F=0.012]
  Alt-Benders[3] (mw): LB=12.344986, Z₀(α*)=12.344986, intercept=-108.057323 (0.266s) [OMP=0.239 ISP-L=0.003 ISP-F=0.007 MW-L=0.006 MW-F=0.013]
  Alt-Benders[4]: LB stagnated, break
  OMP re-solve: 0.000s

=== True-DRO Benders iter 42 ===
  OMP: t₀=12.344986, UB=12.592790, gap=1.97e-02, x=[0, 0, 0, 0, 1, 0, 0, 0, 0, 0, 1, 0, 0, 0, 0, 0, 0, 0, 0, 0, 0, 0, 0, 0, 0, 0, 0, 0, 0, 0] (0.000s)
  Sub: Z₀=12.095136 [LOCAL] (0.2s), α=[0.000,0.000,0.000,0.000,4.931,0.000,0.000,0.000,0.000,0.000,4.364,0.000,0.000,0.000,1.520,0.000,0.000,0.000,0.000,0.000,0.000,0.000,0.000,0.000,0.000,0.000,0.000,0.000,0.000,0.000]
  Iter 42: LB=12.344986  UB=12.592790  gap=1.97e-02
  Cut: intercept=-1094.076952, π_x_range=[-821.8857, 567.6480]
  Mini-Benders[1] (mw): LB=12.344986, Z₀(α*)=12.095138, intercept=-105.870266 (0.265s) [OMP=0.235 ISP-L=0.003 ISP-F=0.007 MW-L=0.007 MW-F=0.008]
  Mini-Benders[2] (mw): LB=12.344986, Z₀(α*)=12.095138, intercept=-105.870266 (0.250s) [OMP=0.234 ISP-L=0.003 ISP-F=0.007 MW-L=0.007 MW-F=0.008]
  Mini-Benders[3]: LB stagnated, break
  α-step: Z₀=12.095138, α=[0.000,0.000,0.000,0.000,4.931,0.000,0.000,0.000,0.000,0.000,4.364,0.000,0.000,0.000,1.520,0.000,0.000,0.000,0.000,0.000,0.000,0.000,0.000,0.000,0.000,0.000,0.000,0.000,0.000,0.000]
  Alt-Benders[1] (mw): LB=12.344986, Z₀(α*)=12.095138, intercept=-105.870266 (0.266s) [OMP=0.238 ISP-L=0.003 ISP-F=0.007 MW-L=0.006 MW-F=0.008]
  Alt-Benders[2] (mw): LB=12.344986, Z₀(α*)=12.095138, intercept=-105.870266 (0.265s) [OMP=0.235 ISP-L=0.003 ISP-F=0.007 MW-L=0.019 MW-F=0.008]
  Alt-Benders[3]: LB stagnated, break
  OMP re-solve: 0.000s

=== True-DRO Benders iter 43 ===
  OMP: t₀=12.344986, UB=12.592790, gap=1.97e-02, x=[0, 0, 0, 0, 1, 0, 0, 0, 0, 0, 1, 0, 0, 0, 0, 0, 0, 0, 0, 0, 0, 0, 0, 0, 0, 0, 0, 0, 0, 0] (0.000s)
  Sub: Z₀=12.095136 [LOCAL] (0.2s), α=[0.000,0.000,0.000,0.000,4.931,0.000,0.000,0.000,0.000,0.000,4.364,0.000,0.000,0.000,1.520,0.000,0.000,0.000,0.000,0.000,0.000,0.000,0.000,0.000,0.000,0.000,0.000,0.000,0.000,0.000]
  Iter 43: LB=12.344986  UB=12.592790  gap=1.97e-02
  Cut: intercept=-1094.076952, π_x_range=[-821.8857, 567.6480]
  Mini-Benders[1] (mw): LB=12.344986, Z₀(α*)=12.095138, intercept=-105.870266 (0.265s) [OMP=0.237 ISP-L=0.003 ISP-F=0.007 MW-L=0.007 MW-F=0.008]
  Mini-Benders[2] (mw): LB=12.344986, Z₀(α*)=12.095138, intercept=-105.870266 (0.266s) [OMP=0.236 ISP-L=0.003 ISP-F=0.007 MW-L=0.007 MW-F=0.008]
  Mini-Benders[3]: LB stagnated, break
  α-step: Z₀=12.095138, α=[0.000,0.000,0.000,0.000,4.931,0.000,0.000,0.000,0.000,0.000,4.364,0.000,0.000,0.000,1.520,0.000,0.000,0.000,0.000,0.000,0.000,0.000,0.000,0.000,0.000,0.000,0.000,0.000,0.000,0.000]
  Alt-Benders[1] (mw): LB=12.344986, Z₀(α*)=12.095138, intercept=-105.870266 (0.266s) [OMP=0.238 ISP-L=0.003 ISP-F=0.007 MW-L=0.006 MW-F=0.008]
  Alt-Benders[2] (mw): LB=12.344986, Z₀(α*)=12.095138, intercept=-105.870266 (0.265s) [OMP=0.234 ISP-L=0.003 ISP-F=0.007 MW-L=0.006 MW-F=0.008]
  Alt-Benders[3]: LB stagnated, break
  OMP re-solve: 0.000s

=== True-DRO Benders iter 44 ===
  OMP: t₀=12.344986, UB=12.592790, gap=1.97e-02, x=[0, 0, 0, 0, 1, 0, 0, 0, 0, 0, 1, 0, 0, 0, 0, 0, 0, 0, 0, 0, 0, 0, 0, 0, 0, 0, 0, 0, 0, 0] (0.000s)
  Sub: Z₀=12.095136 [LOCAL] (0.2s), α=[0.000,0.000,0.000,0.000,4.931,0.000,0.000,0.000,0.000,0.000,4.364,0.000,0.000,0.000,1.520,0.000,0.000,0.000,0.000,0.000,0.000,0.000,0.000,0.000,0.000,0.000,0.000,0.000,0.000,0.000]
  Iter 44: LB=12.344986  UB=12.592790  gap=1.97e-02
  Cut: intercept=-1094.076952, π_x_range=[-821.8857, 567.6480]
  Mini-Benders[1] (mw): LB=12.344986, Z₀(α*)=12.095138, intercept=-105.870266 (0.266s) [OMP=0.236 ISP-L=0.003 ISP-F=0.007 MW-L=0.007 MW-F=0.008]
  Mini-Benders[2] (mw): LB=12.344986, Z₀(α*)=12.095138, intercept=-105.870266 (0.265s) [OMP=0.235 ISP-L=0.003 ISP-F=0.007 MW-L=0.007 MW-F=0.008]
  Mini-Benders[3]: LB stagnated, break
  α-step: Z₀=12.095138, α=[0.000,0.000,0.000,0.000,4.931,0.000,0.000,0.000,0.000,0.000,4.364,0.000,0.000,0.000,1.520,0.000,0.000,0.000,0.000,0.000,0.000,0.000,0.000,0.000,0.000,0.000,0.000,0.000,0.000,0.000]
  Alt-Benders[1] (mw): LB=12.344986, Z₀(α*)=12.095138, intercept=-105.870266 (0.250s) [OMP=0.238 ISP-L=0.003 ISP-F=0.007 MW-L=0.006 MW-F=0.008]
  Alt-Benders[2] (mw): LB=12.344986, Z₀(α*)=12.095138, intercept=-105.870266 (0.265s) [OMP=0.236 ISP-L=0.003 ISP-F=0.007 MW-L=0.007 MW-F=0.008]
  Alt-Benders[3]: LB stagnated, break
  OMP re-solve: 0.000s

=== True-DRO Benders iter 45 ===
  OMP: t₀=12.344986, UB=12.592790, gap=1.97e-02, x=[0, 0, 0, 0, 1, 0, 0, 0, 0, 0, 1, 0, 0, 0, 0, 0, 0, 0, 0, 0, 0, 0, 0, 0, 0, 0, 0, 0, 0, 0] (0.000s)
  Sub: Z₀=12.385899 [TIME_LIMIT] (15.2s), α=[0.000,0.000,0.000,0.000,4.501,0.000,0.000,0.000,0.000,0.000,3.934,0.000,0.000,0.000,0.395,0.000,0.000,0.000,0.000,0.000,0.000,0.000,0.000,0.000,0.000,0.000,1.985,0.000,0.000,0.000]
  Iter 45: LB=12.344986  UB=12.592790  gap=1.97e-02
  Cut: intercept=-115.442063, π_x_range=[-231.0000, 76.8511]
  Mini-Benders[1] (mw): LB=12.385899, Z₀(α*)=12.385899, intercept=-103.583562 (0.328s) [OMP=0.306 ISP-L=0.003 ISP-F=0.007 MW-L=0.006 MW-F=0.011]
  Mini-Benders[2] (mw): LB=12.385899, Z₀(α*)=12.385899, intercept=-103.583562 (0.344s) [OMP=0.309 ISP-L=0.003 ISP-F=0.007 MW-L=0.006 MW-F=0.011]
  Mini-Benders[3] (mw): LB=12.385899, Z₀(α*)=12.385899, intercept=-103.583562 (0.328s) [OMP=0.306 ISP-L=0.003 ISP-F=0.007 MW-L=0.006 MW-F=0.011]
  Mini-Benders[4]: LB stagnated, break
  α-step: Z₀=12.385899, α=[0.000,0.000,0.000,0.000,4.501,0.000,0.000,0.000,0.000,0.000,3.934,0.000,0.000,0.000,0.395,0.000,0.000,0.000,0.000,0.000,0.000,0.000,0.000,0.000,0.000,0.000,1.985,0.000,0.000,0.000]
  Alt-Benders[1] (mw): LB=12.385899, Z₀(α*)=12.385899, intercept=-103.583562 (0.282s) [OMP=0.251 ISP-L=0.003 ISP-F=0.007 MW-L=0.006 MW-F=0.011]
  Alt-Benders[2] (mw): LB=12.385899, Z₀(α*)=12.385899, intercept=-103.583562 (0.265s) [OMP=0.245 ISP-L=0.003 ISP-F=0.007 MW-L=0.006 MW-F=0.011]
  Alt-Benders[3] (mw): LB=12.385899, Z₀(α*)=12.385899, intercept=-103.583562 (0.281s) [OMP=0.251 ISP-L=0.003 ISP-F=0.007 MW-L=0.006 MW-F=0.011]
  Alt-Benders[4]: LB stagnated, break
  OMP re-solve: 0.000s

=== True-DRO Benders iter 46 ===
  OMP: t₀=12.385899, UB=12.592790, gap=1.64e-02, x=[0, 0, 0, 0, 1, 0, 0, 0, 0, 0, 1, 0, 0, 0, 0, 0, 0, 0, 0, 0, 0, 0, 0, 0, 0, 0, 0, 0, 0, 0] (0.000s)
  Sub: Z₀=12.095136 [LOCAL] (0.2s), α=[0.000,0.000,0.000,0.000,4.931,0.000,0.000,0.000,0.000,0.000,4.364,0.000,0.000,0.000,1.520,0.000,0.000,0.000,0.000,0.000,0.000,0.000,0.000,0.000,0.000,0.000,0.000,0.000,0.000,0.000]
  Iter 46: LB=12.385899  UB=12.592790  gap=1.64e-02
  Cut: intercept=-1094.076952, π_x_range=[-821.8857, 567.6480]
  Mini-Benders[1] (mw): LB=12.385899, Z₀(α*)=12.095138, intercept=-105.870266 (0.266s) [OMP=0.246 ISP-L=0.003 ISP-F=0.007 MW-L=0.007 MW-F=0.008]
  Mini-Benders[2] (mw): LB=12.385899, Z₀(α*)=12.095138, intercept=-105.870266 (0.266s) [OMP=0.244 ISP-L=0.003 ISP-F=0.007 MW-L=0.007 MW-F=0.008]
  Mini-Benders[3]: LB stagnated, break
  α-step: Z₀=12.095138, α=[0.000,0.000,0.000,0.000,4.931,0.000,0.000,0.000,0.000,0.000,4.364,0.000,0.000,0.000,1.520,0.000,0.000,0.000,0.000,0.000,0.000,0.000,0.000,0.000,0.000,0.000,0.000,0.000,0.000,0.000]
  Alt-Benders[1] (mw): LB=12.385899, Z₀(α*)=12.095138, intercept=-105.870266 (0.281s) [OMP=0.250 ISP-L=0.003 ISP-F=0.007 MW-L=0.006 MW-F=0.008]
  Alt-Benders[2] (mw): LB=12.385899, Z₀(α*)=12.095138, intercept=-105.870266 (0.266s) [OMP=0.247 ISP-L=0.003 ISP-F=0.007 MW-L=0.006 MW-F=0.008]
  Alt-Benders[3]: LB stagnated, break
  OMP re-solve: 0.000s

=== True-DRO Benders iter 47 ===
  OMP: t₀=12.385899, UB=12.592790, gap=1.64e-02, x=[0, 0, 0, 0, 1, 0, 0, 0, 0, 0, 1, 0, 0, 0, 0, 0, 0, 0, 0, 0, 0, 0, 0, 0, 0, 0, 0, 0, 0, 0] (0.000s)
  Sub: Z₀=12.095136 [LOCAL] (0.2s), α=[0.000,0.000,0.000,0.000,4.931,0.000,0.000,0.000,0.000,0.000,4.364,0.000,0.000,0.000,1.520,0.000,0.000,0.000,0.000,0.000,0.000,0.000,0.000,0.000,0.000,0.000,0.000,0.000,0.000,0.000]
  Iter 47: LB=12.385899  UB=12.592790  gap=1.64e-02
  Cut: intercept=-1094.076952, π_x_range=[-821.8857, 567.6480]
  Mini-Benders[1] (mw): LB=12.385899, Z₀(α*)=12.095138, intercept=-105.870266 (0.266s) [OMP=0.242 ISP-L=0.003 ISP-F=0.007 MW-L=0.007 MW-F=0.008]
  Mini-Benders[2] (mw): LB=12.385899, Z₀(α*)=12.095138, intercept=-105.870266 (0.281s) [OMP=0.245 ISP-L=0.003 ISP-F=0.007 MW-L=0.007 MW-F=0.008]
  Mini-Benders[3]: LB stagnated, break
  α-step: Z₀=12.095138, α=[0.000,0.000,0.000,0.000,4.931,0.000,0.000,0.000,0.000,0.000,4.364,0.000,0.000,0.000,1.520,0.000,0.000,0.000,0.000,0.000,0.000,0.000,0.000,0.000,0.000,0.000,0.000,0.000,0.000,0.000]
  Alt-Benders[1] (mw): LB=12.385899, Z₀(α*)=12.095138, intercept=-105.870266 (0.281s) [OMP=0.247 ISP-L=0.003 ISP-F=0.007 MW-L=0.006 MW-F=0.008]
  Alt-Benders[2] (mw): LB=12.385899, Z₀(α*)=12.095138, intercept=-105.870266 (0.282s) [OMP=0.246 ISP-L=0.003 ISP-F=0.007 MW-L=0.007 MW-F=0.020]
  Alt-Benders[3]: LB stagnated, break
  OMP re-solve: 0.000s

=== True-DRO Benders iter 48 ===
  OMP: t₀=12.385899, UB=12.592790, gap=1.64e-02, x=[0, 0, 0, 0, 1, 0, 0, 0, 0, 0, 1, 0, 0, 0, 0, 0, 0, 0, 0, 0, 0, 0, 0, 0, 0, 0, 0, 0, 0, 0] (0.000s)
  Sub: Z₀=12.095136 [LOCAL] (0.2s), α=[0.000,0.000,0.000,0.000,4.931,0.000,0.000,0.000,0.000,0.000,4.364,0.000,0.000,0.000,1.520,0.000,0.000,0.000,0.000,0.000,0.000,0.000,0.000,0.000,0.000,0.000,0.000,0.000,0.000,0.000]
  Iter 48: LB=12.385899  UB=12.592790  gap=1.64e-02
  Cut: intercept=-1094.076952, π_x_range=[-821.8857, 567.6480]
  Mini-Benders[1] (mw): LB=12.385899, Z₀(α*)=12.095138, intercept=-105.870266 (0.266s) [OMP=0.246 ISP-L=0.003 ISP-F=0.007 MW-L=0.007 MW-F=0.008]
  Mini-Benders[2] (mw): LB=12.385899, Z₀(α*)=12.095138, intercept=-105.870266 (0.281s) [OMP=0.244 ISP-L=0.003 ISP-F=0.007 MW-L=0.007 MW-F=0.008]
  Mini-Benders[3]: LB stagnated, break
  α-step: Z₀=12.095138, α=[0.000,0.000,0.000,0.000,4.931,0.000,0.000,0.000,0.000,0.000,4.364,0.000,0.000,0.000,1.520,0.000,0.000,0.000,0.000,0.000,0.000,0.000,0.000,0.000,0.000,0.000,0.000,0.000,0.000,0.000]
  Alt-Benders[1] (mw): LB=12.385899, Z₀(α*)=12.095138, intercept=-105.870266 (0.265s) [OMP=0.246 ISP-L=0.004 ISP-F=0.008 MW-L=0.008 MW-F=0.010]
  Alt-Benders[2] (mw): LB=12.385899, Z₀(α*)=12.095138, intercept=-105.870266 (0.266s) [OMP=0.251 ISP-L=0.003 ISP-F=0.007 MW-L=0.006 MW-F=0.008]
  Alt-Benders[3]: LB stagnated, break
  OMP re-solve: 0.000s

=== True-DRO Benders iter 49 ===
  OMP: t₀=12.385899, UB=12.592790, gap=1.64e-02, x=[0, 0, 0, 0, 1, 0, 0, 0, 0, 0, 1, 0, 0, 0, 0, 0, 0, 0, 0, 0, 0, 0, 0, 0, 0, 0, 0, 0, 0, 0] (0.000s)
  Sub: Z₀=12.095136 [LOCAL] (0.2s), α=[0.000,0.000,0.000,0.000,4.931,0.000,0.000,0.000,0.000,0.000,4.364,0.000,0.000,0.000,1.520,0.000,0.000,0.000,0.000,0.000,0.000,0.000,0.000,0.000,0.000,0.000,0.000,0.000,0.000,0.000]
  Iter 49: LB=12.385899  UB=12.592790  gap=1.64e-02
  Cut: intercept=-1094.076952, π_x_range=[-821.8857, 567.6480]
  Mini-Benders[1] (mw): LB=12.385899, Z₀(α*)=12.095138, intercept=-105.870266 (0.266s) [OMP=0.243 ISP-L=0.003 ISP-F=0.007 MW-L=0.007 MW-F=0.008]
  Mini-Benders[2] (mw): LB=12.385899, Z₀(α*)=12.095138, intercept=-105.870266 (0.281s) [OMP=0.249 ISP-L=0.003 ISP-F=0.007 MW-L=0.007 MW-F=0.008]
  Mini-Benders[3]: LB stagnated, break
  α-step: Z₀=12.095138, α=[0.000,0.000,0.000,0.000,4.931,0.000,0.000,0.000,0.000,0.000,4.364,0.000,0.000,0.000,1.520,0.000,0.000,0.000,0.000,0.000,0.000,0.000,0.000,0.000,0.000,0.000,0.000,0.000,0.000,0.000]
  Alt-Benders[1] (mw): LB=12.385899, Z₀(α*)=12.095138, intercept=-105.870266 (0.282s) [OMP=0.249 ISP-L=0.003 ISP-F=0.007 MW-L=0.006 MW-F=0.020]
  Alt-Benders[2] (mw): LB=12.385899, Z₀(α*)=12.095138, intercept=-105.870266 (0.281s) [OMP=0.251 ISP-L=0.003 ISP-F=0.007 MW-L=0.006 MW-F=0.008]
  Alt-Benders[3]: LB stagnated, break
  OMP re-solve: 0.000s

=== True-DRO Benders iter 50 ===
  OMP: t₀=12.385899, UB=12.592790, gap=1.64e-02, x=[0, 0, 0, 0, 1, 0, 0, 0, 0, 0, 1, 0, 0, 0, 0, 0, 0, 0, 0, 0, 0, 0, 0, 0, 0, 0, 0, 0, 0, 0] (0.000s)
  Sub: Z₀=12.385899 [TIME_LIMIT] (15.1s), α=[0.000,0.000,0.000,0.000,4.501,0.000,0.000,0.000,0.000,0.000,3.934,0.000,0.000,0.000,0.395,0.000,0.000,0.000,0.000,0.000,0.000,0.000,0.000,0.000,0.000,0.000,1.985,0.000,0.000,0.000]
  Iter 50: LB=12.385899  UB=12.592790  gap=1.64e-02
  Cut: intercept=-115.442063, π_x_range=[-231.0000, 76.8511]
  Mini-Benders[1] (mw): LB=12.385899, Z₀(α*)=12.385899, intercept=-103.583562 (0.328s) [OMP=0.305 ISP-L=0.003 ISP-F=0.007 MW-L=0.006 MW-F=0.011]
  Mini-Benders[2] (mw): LB=12.385899, Z₀(α*)=12.385899, intercept=-103.583562 (0.328s) [OMP=0.305 ISP-L=0.003 ISP-F=0.007 MW-L=0.006 MW-F=0.011]
  Mini-Benders[3]: LB stagnated, break
  α-step: Z₀=12.385899, α=[0.000,0.000,0.000,0.000,4.501,0.000,0.000,0.000,0.000,0.000,3.934,0.000,0.000,0.000,0.395,0.000,0.000,0.000,0.000,0.000,0.000,0.000,0.000,0.000,0.000,0.000,1.985,0.000,0.000,0.000]
  Alt-Benders[1] (mw): LB=12.385899, Z₀(α*)=12.385899, intercept=-103.583562 (0.296s) [OMP=0.261 ISP-L=0.003 ISP-F=0.007 MW-L=0.006 MW-F=0.011]
  Alt-Benders[2] (mw): LB=12.385899, Z₀(α*)=12.385899, intercept=-103.583562 (0.285s) [OMP=0.251 ISP-L=0.003 ISP-F=0.007 MW-L=0.006 MW-F=0.011]
  Alt-Benders[3]: LB stagnated, break
  OMP re-solve: 0.000s

=== True-DRO Benders iter 51 ===
  OMP: t₀=12.385899, UB=12.592790, gap=1.64e-02, x=[0, 0, 0, 0, 1, 0, 0, 0, 0, 0, 1, 0, 0, 0, 0, 0, 0, 0, 0, 0, 0, 0, 0, 0, 0, 0, 0, 0, 0, 0] (0.000s)
  Sub: Z₀=12.095136 [LOCAL] (0.2s), α=[0.000,0.000,0.000,0.000,4.931,0.000,0.000,0.000,0.000,0.000,4.364,0.000,0.000,0.000,1.520,0.000,0.000,0.000,0.000,0.000,0.000,0.000,0.000,0.000,0.000,0.000,0.000,0.000,0.000,0.000]
  Iter 51: LB=12.385899  UB=12.592790  gap=1.64e-02
  Cut: intercept=-1094.076952, π_x_range=[-821.8857, 567.6480]
  Mini-Benders[1] (mw): LB=12.385899, Z₀(α*)=12.095138, intercept=-105.870266 (0.279s) [OMP=0.253 ISP-L=0.003 ISP-F=0.007 MW-L=0.007 MW-F=0.008]
  Mini-Benders[2] (mw): LB=12.385899, Z₀(α*)=12.095138, intercept=-105.870266 (0.271s) [OMP=0.246 ISP-L=0.003 ISP-F=0.007 MW-L=0.007 MW-F=0.008]
  Mini-Benders[3]: LB stagnated, break
  α-step: Z₀=12.095138, α=[0.000,0.000,0.000,0.000,4.931,0.000,0.000,0.000,0.000,0.000,4.364,0.000,0.000,0.000,1.520,0.000,0.000,0.000,0.000,0.000,0.000,0.000,0.000,0.000,0.000,0.000,0.000,0.000,0.000,0.000]
  Alt-Benders[1] (mw): LB=12.385899, Z₀(α*)=12.095138, intercept=-105.870266 (0.280s) [OMP=0.252 ISP-L=0.003 ISP-F=0.007 MW-L=0.007 MW-F=0.009]
  Alt-Benders[2] (mw): LB=12.385899, Z₀(α*)=12.095138, intercept=-105.870266 (0.277s) [OMP=0.251 ISP-L=0.003 ISP-F=0.007 MW-L=0.007 MW-F=0.008]
  Alt-Benders[3]: LB stagnated, break
  OMP re-solve: 0.000s

=== True-DRO Benders iter 52 ===
  OMP: t₀=12.385899, UB=12.592790, gap=1.64e-02, x=[0, 0, 0, 0, 1, 0, 0, 0, 0, 0, 1, 0, 0, 0, 0, 0, 0, 0, 0, 0, 0, 0, 0, 0, 0, 0, 0, 0, 0, 0] (0.000s)
  Sub: Z₀=12.095136 [LOCAL] (0.2s), α=[0.000,0.000,0.000,0.000,4.931,0.000,0.000,0.000,0.000,0.000,4.364,0.000,0.000,0.000,1.520,0.000,0.000,0.000,0.000,0.000,0.000,0.000,0.000,0.000,0.000,0.000,0.000,0.000,0.000,0.000]
  Iter 52: LB=12.385899  UB=12.592790  gap=1.64e-02
  Cut: intercept=-1094.076952, π_x_range=[-821.8857, 567.6480]
  Mini-Benders[1] (mw): LB=12.385899, Z₀(α*)=12.095138, intercept=-105.870266 (0.275s) [OMP=0.248 ISP-L=0.003 ISP-F=0.007 MW-L=0.007 MW-F=0.008]
  Mini-Benders[2] (mw): LB=12.385899, Z₀(α*)=12.095138, intercept=-105.870266 (0.276s) [OMP=0.254 ISP-L=0.003 ISP-F=0.007 MW-L=0.007 MW-F=0.008]
  Mini-Benders[3]: LB stagnated, break
  α-step: Z₀=12.095138, α=[0.000,0.000,0.000,0.000,4.931,0.000,0.000,0.000,0.000,0.000,4.364,0.000,0.000,0.000,1.520,0.000,0.000,0.000,0.000,0.000,0.000,0.000,0.000,0.000,0.000,0.000,0.000,0.000,0.000,0.000]
  Alt-Benders[1] (mw): LB=12.385899, Z₀(α*)=12.095138, intercept=-105.870266 (0.266s) [OMP=0.249 ISP-L=0.003 ISP-F=0.007 MW-L=0.006 MW-F=0.008]
  Alt-Benders[2] (mw): LB=12.385899, Z₀(α*)=12.095138, intercept=-105.870266 (0.281s) [OMP=0.251 ISP-L=0.003 ISP-F=0.007 MW-L=0.006 MW-F=0.008]
  Alt-Benders[3]: LB stagnated, break
  OMP re-solve: 0.000s

=== True-DRO Benders iter 53 ===
  OMP: t₀=12.385899, UB=12.592790, gap=1.64e-02, x=[0, 0, 0, 0, 1, 0, 0, 0, 0, 0, 1, 0, 0, 0, 0, 0, 0, 0, 0, 0, 0, 0, 0, 0, 0, 0, 0, 0, 0, 0] (0.000s)
  Sub: Z₀=12.095136 [LOCAL] (0.2s), α=[0.000,0.000,0.000,0.000,4.931,0.000,0.000,0.000,0.000,0.000,4.364,0.000,0.000,0.000,1.520,0.000,0.000,0.000,0.000,0.000,0.000,0.000,0.000,0.000,0.000,0.000,0.000,0.000,0.000,0.000]
  Iter 53: LB=12.385899  UB=12.592790  gap=1.64e-02
  Cut: intercept=-1094.076952, π_x_range=[-821.8857, 567.6480]
  Mini-Benders[1] (mw): LB=12.385899, Z₀(α*)=12.095138, intercept=-105.870266 (0.280s) [OMP=0.252 ISP-L=0.003 ISP-F=0.007 MW-L=0.007 MW-F=0.008]
  Mini-Benders[2] (mw): LB=12.385899, Z₀(α*)=12.095138, intercept=-105.870266 (0.281s) [OMP=0.248 ISP-L=0.003 ISP-F=0.007 MW-L=0.007 MW-F=0.021]
  Mini-Benders[3]: LB stagnated, break
  α-step: Z₀=12.095138, α=[0.000,0.000,0.000,0.000,4.931,0.000,0.000,0.000,0.000,0.000,4.364,0.000,0.000,0.000,1.520,0.000,0.000,0.000,0.000,0.000,0.000,0.000,0.000,0.000,0.000,0.000,0.000,0.000,0.000,0.000]
  Alt-Benders[1] (mw): LB=12.385899, Z₀(α*)=12.095138, intercept=-105.870266 (0.266s) [OMP=0.250 ISP-L=0.003 ISP-F=0.007 MW-L=0.006 MW-F=0.008]
  Alt-Benders[2] (mw): LB=12.385899, Z₀(α*)=12.095138, intercept=-105.870266 (0.281s) [OMP=0.251 ISP-L=0.003 ISP-F=0.007 MW-L=0.006 MW-F=0.008]
  Alt-Benders[3]: LB stagnated, break
  OMP re-solve: 0.000s

=== True-DRO Benders iter 54 ===
  OMP: t₀=12.385899, UB=12.592790, gap=1.64e-02, x=[0, 0, 0, 0, 1, 0, 0, 0, 0, 0, 1, 0, 0, 0, 0, 0, 0, 0, 0, 0, 0, 0, 0, 0, 0, 0, 0, 0, 0, 0] (0.000s)
  Sub: Z₀=12.095136 [LOCAL] (0.2s), α=[0.000,0.000,0.000,0.000,4.931,0.000,0.000,0.000,0.000,0.000,4.364,0.000,0.000,0.000,1.520,0.000,0.000,0.000,0.000,0.000,0.000,0.000,0.000,0.000,0.000,0.000,0.000,0.000,0.000,0.000]
  Iter 54: LB=12.385899  UB=12.592790  gap=1.64e-02
  Cut: intercept=-1094.076952, π_x_range=[-821.8857, 567.6480]
  Mini-Benders[1] (mw): LB=12.385899, Z₀(α*)=12.095138, intercept=-105.870266 (0.266s) [OMP=0.248 ISP-L=0.003 ISP-F=0.007 MW-L=0.007 MW-F=0.008]
  Mini-Benders[2] (mw): LB=12.385899, Z₀(α*)=12.095138, intercept=-105.870266 (0.265s) [OMP=0.247 ISP-L=0.003 ISP-F=0.007 MW-L=0.007 MW-F=0.008]
  Mini-Benders[3]: LB stagnated, break
  α-step: Z₀=12.095138, α=[0.000,0.000,0.000,0.000,4.931,0.000,0.000,0.000,0.000,0.000,4.364,0.000,0.000,0.000,1.520,0.000,0.000,0.000,0.000,0.000,0.000,0.000,0.000,0.000,0.000,0.000,0.000,0.000,0.000,0.000]
  Alt-Benders[1] (mw): LB=12.385899, Z₀(α*)=12.095138, intercept=-105.870266 (0.265s) [OMP=0.240 ISP-L=0.003 ISP-F=0.007 MW-L=0.006 MW-F=0.008]
  Alt-Benders[2] (mw): LB=12.385899, Z₀(α*)=12.095138, intercept=-105.870266 (0.266s) [OMP=0.253 ISP-L=0.003 ISP-F=0.007 MW-L=0.006 MW-F=0.008]
  Alt-Benders[3]: LB stagnated, break
  OMP re-solve: 0.000s

=== True-DRO Benders iter 55 ===
  OMP: t₀=12.385899, UB=12.592790, gap=1.64e-02, x=[0, 0, 0, 0, 1, 0, 0, 0, 0, 0, 1, 0, 0, 0, 0, 0, 0, 0, 0, 0, 0, 0, 0, 0, 0, 0, 0, 0, 0, 0] (0.000s)
  → Boost: time limit 3600s + MIPGap=0.5% (same x + prev TIME_LIMIT)
  Sub: Z₀=12.385899 (60.3s), α=[0.000,0.000,0.000,0.000,4.501,0.000,0.000,0.000,0.000,0.000,3.934,0.000,0.000,0.000,0.395,0.000,0.000,0.000,0.000,0.000,0.000,0.000,0.000,0.000,0.000,0.000,1.985,0.000,0.000,0.000]
  Iter 55: LB=12.385899  UB=12.385899  gap=6.27e-09
True-DRO Benders converged at iter 55 (gap=6.27e-09)
  Wall time: 330.12 sec
  OMP  time: mean=0.187s, median=0.240s, max=0.451s
  Sub  time (exact): mean=30.599s, median=30.599s, q90=54.323s, max=60.254s (n=2/55)

Result (double/mb_only): Z₀=12.385899, iters=55, time=330.2s
x arcs = [5, 11]
