============================================================
grid5x5 — double [mb_only]: ε̂=0.20, ε̃=0.20, β=0.05
  mini_benders=true, valid_inequality=none
============================================================
Set parameter Username
Set parameter LicenseID to value 2742039
Academic license - for non-commercial use only - expires 2026-11-20
Set parameter Username
Set parameter LicenseID to value 2742039
Academic license - for non-commercial use only - expires 2026-11-20
Set parameter OutputFlag to value 1
Set parameter LogFile to value "global_miqcp.log"
Set parameter Username
Set parameter LicenseID to value 2742039
Academic license - for non-commercial use only - expires 2026-11-20
Set parameter Username
Set parameter LicenseID to value 2742039
Academic license - for non-commercial use only - expires 2026-11-20
Set parameter Username
Set parameter LicenseID to value 2742039
Academic license - for non-commercial use only - expires 2026-11-20
Set parameter Username
Set parameter LicenseID to value 2742039
Academic license - for non-commercial use only - expires 2026-11-20

=== True-DRO Benders iter 1 ===
  OMP: t₀=-10000.000000, UB=Inf, gap=NaN, x=[0, 0, 0, 0, 0, 0, 0, 0, 0, 0, 0, 0, 0, 0, 0, 0, 0, 0, 0, 0, 0, 0, 0, 0, 0, 0, 0, 0, 0, 0, 0, 0, 0, 0, 0, 0, 0, 0, 0, 0, 0, 0, 0, 0, 0, 0, 0] (0.000s)
  Sub: Z₀=43.121499 [LOCAL] (0.3s), α=[0.000,0.000,0.000,0.000,0.000,0.000,0.000,0.000,0.000,0.000,0.000,0.000,0.000,0.000,0.000,0.000,0.000,0.000,0.000,0.000,0.000,0.000,0.000,0.000,2.929,0.000,0.000,0.037,4.949,0.000,0.000,0.000,0.000,0.000,0.000,0.233,2.102,0.000,0.000,0.000,0.000,0.000,0.000,0.000,0.000,0.000,0.000]
  Iter 1: LB=-10000.000000  UB=Inf  gap=NaN
  Cut: intercept=43.121499, π_x_range=[-829.3201, -773.0504]
  Mini-Benders[1] (mw): LB=-1608.664699, Z₀(α*)=27.975080, intercept=-112.882357 (0.046s) [OMP=0.004 ISP-L=0.007 ISP-F=0.018 MW-L=0.009 MW-F=0.013]
  Mini-Benders[2] (mw): LB=-263.931907, Z₀(α*)=29.445705, intercept=-21.570862 (0.047s) [OMP=0.002 ISP-L=0.004 ISP-F=0.012 MW-L=0.008 MW-F=0.011]
  Mini-Benders[3] (mw): LB=-204.842267, Z₀(α*)=31.154790, intercept=-84.357141 (0.031s) [OMP=0.004 ISP-L=0.004 ISP-F=0.010 MW-L=0.008 MW-F=0.014]
  Mini-Benders[4] (mw): LB=-142.103087, Z₀(α*)=8.038089, intercept=-179.369991 (0.062s) [OMP=0.014 ISP-L=0.004 ISP-F=0.012 MW-L=0.022 MW-F=0.010]
  Mini-Benders[5] (mw): LB=-131.823375, Z₀(α*)=10.284204, intercept=-29.225770 (0.063s) [OMP=0.014 ISP-L=0.004 ISP-F=0.010 MW-L=0.009 MW-F=0.013]
Set parameter NonConvex to value 2
Set parameter DualReductions to value 0
  α-step: Z₀=35.540555, α=[0.000,0.000,0.000,0.000,0.000,0.000,0.000,0.000,0.000,0.000,0.000,0.000,0.000,0.000,0.000,0.000,0.000,0.000,0.000,0.000,0.000,0.000,0.000,0.000,0.000,0.000,0.000,0.265,4.341,0.000,2.115,0.000,0.000,0.000,2.027,0.000,1.501,0.000,0.000,0.000,0.000,0.000,0.000,0.000,0.000,0.000,0.000]
  Alt-Benders[1] (mw): LB=-104.293989, Z₀(α*)=29.812043, intercept=-6.695235 (0.055s) [OMP=0.017 ISP-L=0.004 ISP-F=0.010 MW-L=0.009 MW-F=0.012]
  Alt-Benders[2] (mw): LB=-98.113460, Z₀(α*)=-1.317331, intercept=-206.031099 (0.071s) [OMP=0.021 ISP-L=0.004 ISP-F=0.011 MW-L=0.009 MW-F=0.024]
  Alt-Benders[3] (mw): LB=-93.318300, Z₀(α*)=8.370898, intercept=-57.837318 (0.046s) [OMP=0.023 ISP-L=0.004 ISP-F=0.009 MW-L=0.009 MW-F=0.012]
  Alt-Benders[4] (mw): LB=-91.623390, Z₀(α*)=1.408550, intercept=-166.726721 (0.063s) [OMP=0.026 ISP-L=0.004 ISP-F=0.010 MW-L=0.008 MW-F=0.012]
  Alt-Benders[5] (mw): LB=-89.996176, Z₀(α*)=12.875745, intercept=-152.771137 (0.062s) [OMP=0.031 ISP-L=0.004 ISP-F=0.009 MW-L=0.008 MW-F=0.010]
  OMP re-solve: 0.039s

=== True-DRO Benders iter 2 ===
  OMP: t₀=-82.923732, UB=Inf, gap=NaN, x=[0, 0, 0, 0, 0, 0, 0, 0, 0, 0, 1, 0, 0, 0, 0, 0, 0, 0, 0, 0, 0, 0, 0, 0, 0, 0, 0, 0, 0, 0, 0, 0, 0, 0, 0, 1, 0, 0, 0, 0, 0, 0, 0, 0, 0, 0, 0] (0.000s)
  Sub: Z₀=37.413457 [LOCAL] (0.4s), α=[0.000,0.000,0.000,0.000,0.000,0.000,0.000,0.000,0.000,0.000,0.000,0.000,0.000,0.000,0.000,0.000,0.000,0.000,0.000,0.000,0.000,0.000,4.451,0.000,0.000,0.000,0.000,0.000,5.747,0.000,0.000,0.000,0.000,0.000,0.000,0.047,0.003,0.000,0.000,0.000,0.000,0.000,0.000,0.000,0.000,0.000,0.000]
  Iter 2: LB=-82.923732  UB=Inf  gap=NaN
  Cut: intercept=-1106.558794, π_x_range=[-827.6773, 591.9923]
  Mini-Benders[1] (mw): LB=-82.809784, Z₀(α*)=34.012867, intercept=-140.133032 (0.078s) [OMP=0.032 ISP-L=0.004 ISP-F=0.011 MW-L=0.018 MW-F=0.012]
  Mini-Benders[2] (mw): LB=-80.994919, Z₀(α*)=34.424964, intercept=-145.994666 (0.063s) [OMP=0.026 ISP-L=0.004 ISP-F=0.011 MW-L=0.007 MW-F=0.011]
  Mini-Benders[3] (mw): LB=-78.068546, Z₀(α*)=21.405070, intercept=27.227983 (0.078s) [OMP=0.046 ISP-L=0.004 ISP-F=0.013 MW-L=0.008 MW-F=0.012]
  Mini-Benders[4] (mw): LB=-75.785683, Z₀(α*)=26.606006, intercept=-59.802114 (0.078s) [OMP=0.036 ISP-L=0.004 ISP-F=0.012 MW-L=0.007 MW-F=0.013]
  Mini-Benders[5] (mw): LB=-75.690620, Z₀(α*)=0.609542, intercept=-112.964721 (0.078s) [OMP=0.039 ISP-L=0.005 ISP-F=0.012 MW-L=0.010 MW-F=0.020]
  α-step: Z₀=34.126771, α=[0.000,0.000,0.000,0.000,0.000,0.000,0.000,0.000,0.000,0.000,0.000,0.000,0.000,0.000,0.000,0.000,0.000,0.000,0.000,0.000,0.000,0.000,0.000,0.000,0.000,0.000,0.000,0.000,6.630,0.000,0.000,0.000,0.000,0.000,2.239,0.809,0.572,0.000,0.000,0.000,0.000,0.000,0.000,0.000,0.000,0.000,0.000]
  Alt-Benders[1] (mw): LB=-72.641712, Z₀(α*)=15.561505, intercept=-111.536631 (0.066s) [OMP=0.032 ISP-L=0.004 ISP-F=0.010 MW-L=0.008 MW-F=0.010]
  Alt-Benders[2] (mw): LB=-71.219161, Z₀(α*)=19.578957, intercept=-115.821266 (0.070s) [OMP=0.036 ISP-L=0.004 ISP-F=0.009 MW-L=0.008 MW-F=0.012]
  Alt-Benders[3] (mw): LB=-67.179623, Z₀(α*)=30.056634, intercept=-105.524040 (0.120s) [OMP=0.081 ISP-L=0.004 ISP-F=0.011 MW-L=0.008 MW-F=0.013]
  Alt-Benders[4] (mw): LB=-63.910432, Z₀(α*)=4.645221, intercept=-70.301665 (0.136s) [OMP=0.092 ISP-L=0.004 ISP-F=0.010 MW-L=0.018 MW-F=0.010]
  Alt-Benders[5] (mw): LB=-62.430117, Z₀(α*)=11.685325, intercept=-89.365146 (0.125s) [OMP=0.092 ISP-L=0.004 ISP-F=0.011 MW-L=0.008 MW-F=0.010]
  OMP re-solve: 0.087s

=== True-DRO Benders iter 3 ===
  OMP: t₀=-59.388607, UB=Inf, gap=NaN, x=[0, 0, 0, 0, 0, 0, 0, 0, 0, 0, 0, 0, 0, 0, 0, 0, 0, 0, 0, 0, 0, 0, 0, 0, 0, 0, 0, 0, 0, 0, 0, 0, 0, 1, 0, 0, 1, 0, 0, 0, 0, 0, 0, 0, 0, 0, 0] (0.000s)
  Sub: Z₀=39.256616 [LOCAL] (0.2s), α=[0.000,0.000,0.000,0.000,0.000,0.000,0.000,0.000,0.000,0.000,0.000,0.000,0.000,0.000,0.000,0.000,0.000,0.000,0.000,0.000,0.000,0.000,0.000,0.000,1.348,0.000,0.000,0.000,0.368,0.000,0.000,0.000,0.000,0.000,0.000,0.000,8.533,0.000,0.000,0.000,0.000,0.000,0.000,0.000,0.000,0.000,0.000]
  Iter 3: LB=-59.388607  UB=Inf  gap=NaN
  Cut: intercept=-1120.234119, π_x_range=[-831.1582, 581.2919]
  Mini-Benders[1] (mw): LB=-58.937970, Z₀(α*)=1.635187, intercept=-75.541937 (0.131s) [OMP=0.089 ISP-L=0.005 ISP-F=0.011 MW-L=0.008 MW-F=0.016]
  Mini-Benders[2] (mw): LB=-58.172391, Z₀(α*)=-11.363615, intercept=-202.907028 (0.128s) [OMP=0.082 ISP-L=0.004 ISP-F=0.012 MW-L=0.009 MW-F=0.019]
  Mini-Benders[3] (mw): LB=-57.787434, Z₀(α*)=1.482569, intercept=-20.825366 (0.116s) [OMP=0.086 ISP-L=0.004 ISP-F=0.012 MW-L=0.008 MW-F=0.012]
  Mini-Benders[4] (mw): LB=-57.757904, Z₀(α*)=25.757019, intercept=-79.736045 (0.125s) [OMP=0.093 ISP-L=0.004 ISP-F=0.011 MW-L=0.009 MW-F=0.013]
  Mini-Benders[5] (mw): LB=-56.284608, Z₀(α*)=-30.240071, intercept=-119.814278 (0.140s) [OMP=0.087 ISP-L=0.004 ISP-F=0.011 MW-L=0.009 MW-F=0.012]
  α-step: Z₀=31.100975, α=[0.000,0.000,0.000,0.000,0.000,0.000,0.000,0.000,0.000,0.000,0.000,0.000,0.000,0.000,0.000,0.000,0.000,0.000,0.000,0.000,0.000,0.000,0.000,0.000,7.197,0.000,0.000,0.681,2.371,0.000,0.000,0.000,0.000,0.000,0.000,0.000,0.000,0.000,0.000,0.000,0.000,0.000,0.000,0.000,0.000,0.000,0.000]
  Alt-Benders[1] (mw): LB=-55.346891, Z₀(α*)=31.354815, intercept=-68.659688 (0.127s) [OMP=0.093 ISP-L=0.004 ISP-F=0.010 MW-L=0.010 MW-F=0.018]
  Alt-Benders[2] (mw): LB=-53.329536, Z₀(α*)=35.365647, intercept=-41.324180 (0.094s) [OMP=0.058 ISP-L=0.004 ISP-F=0.012 MW-L=0.009 MW-F=0.011]
  Alt-Benders[3] (mw): LB=-53.014205, Z₀(α*)=27.074919, intercept=-110.506968 (0.133s) [OMP=0.086 ISP-L=0.004 ISP-F=0.011 MW-L=0.008 MW-F=0.013]
  Alt-Benders[4] (mw): LB=-52.328471, Z₀(α*)=29.651888, intercept=-87.193316 (0.117s) [OMP=0.097 ISP-L=0.004 ISP-F=0.009 MW-L=0.008 MW-F=0.009]
  Alt-Benders[5] (mw): LB=-50.987478, Z₀(α*)=17.083701, intercept=-133.574099 (0.203s) [OMP=0.163 ISP-L=0.004 ISP-F=0.010 MW-L=0.009 MW-F=0.010]
  OMP re-solve: 0.170s

=== True-DRO Benders iter 4 ===
  OMP: t₀=-50.411215, UB=Inf, gap=NaN, x=[0, 0, 0, 0, 0, 0, 0, 0, 0, 0, 0, 0, 0, 0, 0, 0, 0, 0, 0, 0, 0, 0, 0, 0, 0, 0, 0, 1, 0, 0, 0, 0, 1, 0, 0, 0, 0, 0, 0, 0, 0, 0, 0, 0, 0, 0, 0] (0.000s)
  Sub: Z₀=31.153912 [LOCAL] (0.2s), α=[0.000,0.000,0.000,0.000,0.000,0.000,0.000,0.000,0.000,0.000,0.000,0.000,0.000,0.000,0.000,0.000,0.000,0.000,0.000,0.000,0.000,0.000,0.000,0.000,0.000,0.000,0.000,0.000,10.249,0.000,0.000,0.000,0.000,0.000,0.000,0.000,0.000,0.000,0.000,0.000,0.000,0.000,0.000,0.000,0.000,0.000,0.000]
  Iter 4: LB=-50.411215  UB=Inf  gap=NaN
  Cut: intercept=-1094.395438, π_x_range=[-824.5549, 563.6349]
  Mini-Benders[1] (mw): LB=-45.856654, Z₀(α*)=-1.183567, intercept=-54.171048 (0.157s) [OMP=0.119 ISP-L=0.005 ISP-F=0.010 MW-L=0.009 MW-F=0.011]
  Mini-Benders[2] (mw): LB=-44.763923, Z₀(α*)=35.621142, intercept=-121.086648 (0.140s) [OMP=0.092 ISP-L=0.004 ISP-F=0.011 MW-L=0.008 MW-F=0.011]
  Mini-Benders[3] (mw): LB=-42.714254, Z₀(α*)=35.652135, intercept=-124.356106 (0.172s) [OMP=0.147 ISP-L=0.004 ISP-F=0.012 MW-L=0.009 MW-F=0.010]
  Mini-Benders[4] (mw): LB=-42.403612, Z₀(α*)=31.974617, intercept=-216.984173 (0.188s) [OMP=0.144 ISP-L=0.004 ISP-F=0.011 MW-L=0.008 MW-F=0.019]
  Mini-Benders[5] (mw): LB=-42.237783, Z₀(α*)=6.714757, intercept=-27.977676 (0.186s) [OMP=0.137 ISP-L=0.004 ISP-F=0.012 MW-L=0.009 MW-F=0.011]
  α-step: Z₀=32.581483, α=[0.000,0.000,0.000,0.000,0.000,0.000,0.000,0.000,0.000,0.000,0.000,0.000,0.000,0.000,0.000,0.000,0.000,0.000,0.000,0.000,0.000,0.000,0.000,0.000,1.367,0.000,0.000,0.247,4.824,0.000,0.000,0.000,0.000,0.000,0.000,0.000,3.811,0.000,0.000,0.000,0.000,0.000,0.000,0.000,0.000,0.000,0.000]
  Alt-Benders[1] (mw): LB=-39.676819, Z₀(α*)=27.955776, intercept=-113.718610 (0.156s) [OMP=0.124 ISP-L=0.004 ISP-F=0.012 MW-L=0.007 MW-F=0.011]
  Alt-Benders[2] (mw): LB=-39.542886, Z₀(α*)=35.620214, intercept=-50.981143 (0.184s) [OMP=0.140 ISP-L=0.004 ISP-F=0.011 MW-L=0.009 MW-F=0.010]
  Alt-Benders[3] (mw): LB=-39.487980, Z₀(α*)=27.291578, intercept=-46.209201 (0.160s) [OMP=0.121 ISP-L=0.004 ISP-F=0.011 MW-L=0.017 MW-F=0.009]
  Alt-Benders[4] (mw): LB=-38.441146, Z₀(α*)=17.472934, intercept=-31.108337 (0.190s) [OMP=0.151 ISP-L=0.004 ISP-F=0.012 MW-L=0.009 MW-F=0.011]
  Alt-Benders[5] (mw): LB=-35.933721, Z₀(α*)=32.299801, intercept=-69.519369 (0.131s) [OMP=0.094 ISP-L=0.004 ISP-F=0.009 MW-L=0.008 MW-F=0.012]
  OMP re-solve: 0.079s

=== True-DRO Benders iter 5 ===
  OMP: t₀=-35.678658, UB=Inf, gap=NaN, x=[0, 0, 0, 0, 0, 0, 0, 0, 0, 0, 1, 0, 0, 0, 0, 0, 0, 0, 0, 0, 0, 0, 0, 1, 0, 0, 0, 0, 0, 0, 0, 0, 0, 0, 0, 0, 0, 0, 0, 0, 0, 0, 0, 0, 0, 0, 0] (0.000s)
  Sub: Z₀=37.664871 (3.8s), α=[0.000,0.000,0.000,0.000,0.000,0.000,0.000,0.000,0.000,0.000,0.000,0.000,0.000,0.000,0.000,0.000,0.000,0.000,0.000,0.000,0.000,0.000,7.761,0.000,2.363,0.000,0.000,0.000,0.000,0.000,0.000,0.000,0.000,0.000,0.000,0.000,0.125,0.000,0.000,0.000,0.000,0.000,0.000,0.000,0.000,0.000,0.000]
  Iter 5: LB=-35.678658  UB=37.664871  gap=1.95e+00
  Cut: intercept=-45.328299, π_x_range=[-185.2308, 42.5660]
  Sherali-Cut: intercept=-37.783278, π_x_range=[-143.0626, 48.9303]
  Mini-Benders[1] (mw): LB=-33.782110, Z₀(α*)=-11.080495, intercept=-83.576931 (0.110s) [OMP=0.078 ISP-L=0.005 ISP-F=0.011 MW-L=0.008 MW-F=0.012]
  Mini-Benders[2] (mw): LB=-33.467475, Z₀(α*)=-27.323982, intercept=-176.274354 (0.181s) [OMP=0.137 ISP-L=0.004 ISP-F=0.010 MW-L=0.009 MW-F=0.011]
  Mini-Benders[3] (mw): LB=-32.607382, Z₀(α*)=-4.557350, intercept=12.904046 (0.163s) [OMP=0.139 ISP-L=0.004 ISP-F=0.010 MW-L=0.008 MW-F=0.012]
  Mini-Benders[4] (mw): LB=-32.514674, Z₀(α*)=-25.304222, intercept=-137.046665 (0.124s) [OMP=0.082 ISP-L=0.004 ISP-F=0.009 MW-L=0.008 MW-F=0.012]
  Mini-Benders[5] (mw): LB=-31.451173, Z₀(α*)=-8.713852, intercept=-121.774908 (0.156s) [OMP=0.111 ISP-L=0.004 ISP-F=0.012 MW-L=0.017 MW-F=0.010]
  α-step: Z₀=30.888779, α=[0.000,0.000,0.000,0.000,0.000,0.000,0.000,0.000,0.000,0.000,0.000,0.000,0.000,0.000,0.000,0.000,0.000,0.000,0.000,0.000,0.000,0.000,0.000,0.000,0.000,0.000,0.000,3.459,3.037,0.000,0.000,3.753,0.000,0.000,0.000,0.000,0.000,0.000,0.000,0.000,0.000,0.000,0.000,0.000,0.000,0.000,0.000]
  Alt-Benders[1] (mw): LB=-30.064311, Z₀(α*)=5.015772, intercept=-68.439767 (0.148s) [OMP=0.115 ISP-L=0.004 ISP-F=0.011 MW-L=0.008 MW-F=0.011]
  Alt-Benders[2] (mw): LB=-29.947097, Z₀(α*)=-5.578349, intercept=-110.389256 (0.171s) [OMP=0.143 ISP-L=0.004 ISP-F=0.011 MW-L=0.009 MW-F=0.012]
  Alt-Benders[3] (mw): LB=-29.821293, Z₀(α*)=19.436922, intercept=-107.297821 (0.189s) [OMP=0.132 ISP-L=0.005 ISP-F=0.012 MW-L=0.009 MW-F=0.019]
  Alt-Benders[4] (mw): LB=-29.213929, Z₀(α*)=7.717435, intercept=-53.899106 (0.171s) [OMP=0.146 ISP-L=0.004 ISP-F=0.011 MW-L=0.009 MW-F=0.011]
  Alt-Benders[5] (mw): LB=-29.024725, Z₀(α*)=-7.897175, intercept=-22.840035 (0.172s) [OMP=0.136 ISP-L=0.004 ISP-F=0.012 MW-L=0.008 MW-F=0.010]
  OMP re-solve: 0.113s

=== True-DRO Benders iter 6 ===
  OMP: t₀=-27.902098, UB=37.664871, gap=1.74e+00, x=[0, 0, 0, 0, 0, 0, 0, 0, 0, 0, 0, 0, 0, 0, 0, 1, 0, 0, 0, 0, 0, 0, 0, 0, 0, 0, 0, 0, 0, 0, 1, 0, 0, 0, 0, 0, 0, 0, 0, 0, 0, 0, 0, 0, 0, 0, 0] (0.000s)
  Sub: Z₀=39.572221 [LOCAL] (0.2s), α=[0.000,0.000,0.000,0.000,0.000,0.000,0.000,0.000,0.000,0.000,0.000,0.000,0.000,0.000,0.000,0.000,0.000,0.000,0.000,0.000,0.000,0.000,0.000,0.000,5.491,0.000,0.000,0.000,2.744,0.000,0.870,0.000,0.000,0.000,0.000,0.000,1.144,0.000,0.000,0.000,0.000,0.000,0.000,0.000,0.000,0.000,0.000]
  Iter 6: LB=-27.902098  UB=37.664871  gap=1.74e+00
  Cut: intercept=-1070.506056, π_x_range=[-830.4661, 572.8847]
  Mini-Benders[1] (mw): LB=-27.323984, Z₀(α*)=10.976551, intercept=-157.486097 (0.155s) [OMP=0.123 ISP-L=0.004 ISP-F=0.011 MW-L=0.009 MW-F=0.014]
  Mini-Benders[2] (mw): LB=-26.195319, Z₀(α*)=32.652005, intercept=-41.825662 (0.173s) [OMP=0.111 ISP-L=0.004 ISP-F=0.011 MW-L=0.020 MW-F=0.014]
  Mini-Benders[3] (mw): LB=-25.356510, Z₀(α*)=30.976887, intercept=-41.620806 (0.125s) [OMP=0.099 ISP-L=0.004 ISP-F=0.012 MW-L=0.009 MW-F=0.010]
  Mini-Benders[4] (mw): LB=-25.304224, Z₀(α*)=33.990399, intercept=-107.996953 (0.158s) [OMP=0.119 ISP-L=0.004 ISP-F=0.011 MW-L=0.008 MW-F=0.011]
  Mini-Benders[5] (mw): LB=-24.754037, Z₀(α*)=11.414404, intercept=-80.328005 (0.154s) [OMP=0.113 ISP-L=0.004 ISP-F=0.013 MW-L=0.009 MW-F=0.014]
  α-step: Z₀=32.347041, α=[0.000,0.000,0.000,0.000,0.000,0.000,0.000,0.000,0.000,0.000,0.000,0.000,0.000,0.000,0.000,0.000,0.000,0.000,0.000,0.000,0.000,0.000,4.981,0.000,0.000,0.000,0.000,0.000,4.283,0.000,0.000,0.000,0.000,0.000,0.935,0.000,0.051,0.000,0.000,0.000,0.000,0.000,0.000,0.000,0.000,0.000,0.000]
  Alt-Benders[1] (mw): LB=-23.831516, Z₀(α*)=13.445616, intercept=-68.535560 (0.215s) [OMP=0.173 ISP-L=0.004 ISP-F=0.011 MW-L=0.016 MW-F=0.011]
  Alt-Benders[2] (mw): LB=-23.645957, Z₀(α*)=6.158234, intercept=-27.307972 (0.188s) [OMP=0.153 ISP-L=0.004 ISP-F=0.011 MW-L=0.008 MW-F=0.009]
  Alt-Benders[3] (mw): LB=-23.542552, Z₀(α*)=14.793676, intercept=-7.328209 (0.187s) [OMP=0.141 ISP-L=0.004 ISP-F=0.010 MW-L=0.008 MW-F=0.012]
  Alt-Benders[4] (mw): LB=-23.521752, Z₀(α*)=12.614871, intercept=-88.339114 (0.172s) [OMP=0.139 ISP-L=0.004 ISP-F=0.011 MW-L=0.007 MW-F=0.011]
  Alt-Benders[5] (mw): LB=-23.452809, Z₀(α*)=12.037453, intercept=-82.880378 (0.191s) [OMP=0.150 ISP-L=0.004 ISP-F=0.011 MW-L=0.008 MW-F=0.020]
  OMP re-solve: 0.129s

=== True-DRO Benders iter 7 ===
  OMP: t₀=-21.360593, UB=37.664871, gap=1.57e+00, x=[0, 0, 0, 0, 0, 0, 0, 0, 0, 0, 0, 0, 0, 0, 0, 0, 0, 0, 0, 0, 0, 0, 0, 0, 0, 0, 0, 0, 0, 0, 0, 0, 0, 0, 0, 1, 1, 0, 0, 0, 0, 0, 0, 0, 0, 0, 0] (0.000s)
  Sub: Z₀=37.650765 [LOCAL] (0.2s), α=[0.000,0.000,0.000,0.000,0.000,0.000,0.000,0.000,0.000,0.000,0.000,0.000,0.000,0.000,0.000,0.000,0.000,0.000,0.000,0.000,0.000,0.000,0.000,0.000,0.533,0.000,0.000,0.000,1.999,0.000,0.000,0.000,0.000,0.000,0.000,2.215,5.503,0.000,0.000,0.000,0.000,0.000,0.000,0.000,0.000,0.000,0.000]
  Iter 7: LB=-21.360593  UB=37.664871  gap=1.57e+00
  Cut: intercept=-1137.078390, π_x_range=[-830.7419, 588.2060]
  Mini-Benders[1] (mw): LB=-21.310782, Z₀(α*)=31.754676, intercept=-64.843255 (0.184s) [OMP=0.133 ISP-L=0.004 ISP-F=0.010 MW-L=0.009 MW-F=0.011]
  Mini-Benders[2] (mw): LB=-21.055506, Z₀(α*)=23.860347, intercept=-79.249317 (0.162s) [OMP=0.129 ISP-L=0.005 ISP-F=0.010 MW-L=0.008 MW-F=0.011]
  Mini-Benders[3] (mw): LB=-20.016063, Z₀(α*)=29.672293, intercept=-47.944616 (0.154s) [OMP=0.129 ISP-L=0.004 ISP-F=0.012 MW-L=0.008 MW-F=0.013]
  Mini-Benders[4] (mw): LB=-19.103171, Z₀(α*)=-1.620279, intercept=-41.129259 (0.211s) [OMP=0.149 ISP-L=0.004 ISP-F=0.013 MW-L=0.016 MW-F=0.013]
  Mini-Benders[5] (mw): LB=-18.941131, Z₀(α*)=30.062969, intercept=-36.148417 (0.196s) [OMP=0.171 ISP-L=0.005 ISP-F=0.010 MW-L=0.008 MW-F=0.012]
  α-step: Z₀=37.570488, α=[0.000,0.000,0.000,0.000,0.000,0.000,0.000,0.000,0.000,0.000,0.000,0.000,0.000,0.000,0.000,0.000,0.000,0.000,0.000,0.000,0.000,0.000,0.000,0.000,6.413,0.000,0.000,0.000,0.775,0.000,0.000,0.000,0.000,0.000,0.000,0.000,3.062,0.000,0.000,0.000,0.000,0.000,0.000,0.000,0.000,0.000,0.000]
  Alt-Benders[1] (mw): LB=-17.097877, Z₀(α*)=6.860254, intercept=-108.250148 (0.188s) [OMP=0.146 ISP-L=0.004 ISP-F=0.011 MW-L=0.008 MW-F=0.012]
  Alt-Benders[2] (mw): LB=-16.766397, Z₀(α*)=10.963337, intercept=-133.616198 (0.187s) [OMP=0.144 ISP-L=0.004 ISP-F=0.010 MW-L=0.008 MW-F=0.020]
  Alt-Benders[3] (mw): LB=-16.560134, Z₀(α*)=-2.646667, intercept=-27.102101 (0.172s) [OMP=0.132 ISP-L=0.004 ISP-F=0.010 MW-L=0.008 MW-F=0.010]
  Alt-Benders[4] (mw): LB=-16.043505, Z₀(α*)=33.805634, intercept=-69.277686 (0.188s) [OMP=0.146 ISP-L=0.004 ISP-F=0.011 MW-L=0.009 MW-F=0.014]
  Alt-Benders[5] (mw): LB=-15.640730, Z₀(α*)=36.934911, intercept=-40.046069 (0.171s) [OMP=0.141 ISP-L=0.004 ISP-F=0.011 MW-L=0.007 MW-F=0.009]
  OMP re-solve: 0.146s

=== True-DRO Benders iter 8 ===
  OMP: t₀=-14.642578, UB=37.664871, gap=1.39e+00, x=[0, 0, 0, 0, 0, 0, 0, 0, 0, 0, 0, 0, 0, 0, 0, 1, 0, 0, 0, 0, 0, 0, 0, 0, 0, 0, 0, 0, 0, 0, 0, 1, 0, 0, 0, 0, 0, 0, 0, 0, 0, 0, 0, 0, 0, 0, 0] (0.000s)
  Sub: Z₀=38.891208 [LOCAL] (0.2s), α=[0.000,0.000,0.000,0.000,0.000,0.000,0.000,0.000,0.000,0.000,0.000,0.000,0.000,0.000,0.000,0.000,0.000,0.000,0.000,0.000,0.000,0.000,0.000,0.000,2.605,0.000,0.000,0.000,2.744,0.000,0.000,4.900,0.000,0.000,0.000,0.000,0.000,0.000,0.000,0.000,0.000,0.000,0.000,0.000,0.000,0.000,0.000]
  Iter 8: LB=-14.642578  UB=37.664871  gap=1.39e+00
  Cut: intercept=-1066.077899, π_x_range=[-830.2249, 564.0877]
  Mini-Benders[1] (mw): LB=-14.505066, Z₀(α*)=26.033226, intercept=-27.024031 (0.188s) [OMP=0.150 ISP-L=0.005 ISP-F=0.011 MW-L=0.009 MW-F=0.020]
  Mini-Benders[2] (mw): LB=-14.315403, Z₀(α*)=6.383109, intercept=-52.605758 (0.194s) [OMP=0.142 ISP-L=0.005 ISP-F=0.013 MW-L=0.009 MW-F=0.011]
  Mini-Benders[3] (mw): LB=-13.030401, Z₀(α*)=20.249445, intercept=-85.833988 (0.184s) [OMP=0.146 ISP-L=0.004 ISP-F=0.012 MW-L=0.008 MW-F=0.012]
  Mini-Benders[4] (mw): LB=-12.588162, Z₀(α*)=10.456342, intercept=-128.667649 (0.184s) [OMP=0.156 ISP-L=0.004 ISP-F=0.014 MW-L=0.008 MW-F=0.011]
  Mini-Benders[5] (mw): LB=-12.439975, Z₀(α*)=38.729720, intercept=-14.743328 (0.204s) [OMP=0.167 ISP-L=0.004 ISP-F=0.013 MW-L=0.008 MW-F=0.010]
  α-step: Z₀=34.690334, α=[0.000,0.000,0.000,0.000,0.000,0.000,0.000,0.000,0.000,0.000,0.000,0.000,0.000,0.000,0.000,0.000,0.000,0.000,0.000,0.000,0.000,0.000,0.000,0.000,0.000,0.529,4.460,0.000,2.744,2.516,0.000,0.000,0.000,0.000,0.000,0.000,0.000,0.000,0.000,0.000,0.000,0.000,0.000,0.000,0.000,0.000,0.000]
  Alt-Benders[1] (mw): LB=-11.080497, Z₀(α*)=-17.709710, intercept=-56.649043 (0.193s) [OMP=0.155 ISP-L=0.004 ISP-F=0.011 MW-L=0.009 MW-F=0.011]
  Alt-Benders[2] (mw): LB=-11.080497, Z₀(α*)=-17.709710, intercept=-56.649043 (0.166s) [OMP=0.140 ISP-L=0.004 ISP-F=0.010 MW-L=0.009 MW-F=0.011]
  Alt-Benders[3] (mw): LB=-11.080497, Z₀(α*)=-17.709710, intercept=-56.649043 (0.171s) [OMP=0.132 ISP-L=0.004 ISP-F=0.010 MW-L=0.009 MW-F=0.012]
  Alt-Benders[4]: LB stagnated, break
  OMP re-solve: 0.000s

=== True-DRO Benders iter 9 ===
  OMP: t₀=-11.080497, UB=37.664871, gap=1.29e+00, x=[0, 0, 0, 0, 0, 0, 0, 0, 0, 0, 0, 0, 0, 0, 0, 0, 0, 0, 0, 0, 0, 0, 0, 0, 0, 1, 0, 0, 0, 0, 0, 0, 0, 0, 0, 0, 1, 0, 0, 0, 0, 0, 0, 0, 0, 0, 0] (0.000s)
  Sub: Z₀=37.914534 [LOCAL] (0.2s), α=[0.000,0.000,0.000,0.000,0.000,0.000,0.000,0.000,0.000,0.000,0.000,0.000,0.000,0.000,0.000,0.000,0.000,0.000,0.000,0.000,0.000,0.000,0.000,0.000,0.160,0.000,0.000,0.000,2.744,0.000,0.000,0.000,0.000,0.000,0.000,0.000,7.345,0.000,0.000,0.000,0.000,0.000,0.000,0.000,0.000,0.000,0.000]
  Iter 9: LB=-11.080497  UB=37.664871  gap=1.29e+00
  Cut: intercept=-1140.193532, π_x_range=[-830.6554, 595.1610]
  Mini-Benders[1] (mw): LB=-9.679507, Z₀(α*)=35.026737, intercept=-134.169106 (0.203s) [OMP=0.171 ISP-L=0.004 ISP-F=0.011 MW-L=0.008 MW-F=0.013]
  Mini-Benders[2] (mw): LB=-9.320676, Z₀(α*)=38.456255, intercept=-11.424209 (0.203s) [OMP=0.171 ISP-L=0.004 ISP-F=0.011 MW-L=0.008 MW-F=0.011]
  Mini-Benders[3] (mw): LB=-8.713854, Z₀(α*)=-5.522977, intercept=-135.848640 (0.204s) [OMP=0.155 ISP-L=0.004 ISP-F=0.013 MW-L=0.008 MW-F=0.013]
  Mini-Benders[4] (mw): LB=-8.370455, Z₀(α*)=17.747885, intercept=-35.779479 (0.199s) [OMP=0.156 ISP-L=0.005 ISP-F=0.011 MW-L=0.008 MW-F=0.012]
  Mini-Benders[5] (mw): LB=-8.111157, Z₀(α*)=4.261171, intercept=10.834321 (0.206s) [OMP=0.162 ISP-L=0.004 ISP-F=0.011 MW-L=0.017 MW-F=0.013]
  α-step: Z₀=34.480968, α=[0.000,0.000,0.000,0.000,0.000,0.000,0.000,0.000,0.000,0.000,0.000,0.000,0.000,0.000,0.000,0.000,0.000,0.000,0.000,0.000,0.000,0.000,0.000,0.000,8.119,0.000,0.000,0.000,2.130,0.000,0.000,0.000,0.000,0.000,0.000,0.000,0.000,0.000,0.000,0.000,0.000,0.000,0.000,0.000,0.000,0.000,0.000]
  Alt-Benders[1] (mw): LB=-7.666825, Z₀(α*)=22.923635, intercept=0.289644 (0.176s) [OMP=0.147 ISP-L=0.004 ISP-F=0.012 MW-L=0.008 MW-F=0.009]
  Alt-Benders[2] (mw): LB=-7.303194, Z₀(α*)=32.813324, intercept=-49.822557 (0.172s) [OMP=0.133 ISP-L=0.004 ISP-F=0.010 MW-L=0.009 MW-F=0.010]
  Alt-Benders[3] (mw): LB=-7.255133, Z₀(α*)=30.731846, intercept=-33.128509 (0.179s) [OMP=0.140 ISP-L=0.004 ISP-F=0.010 MW-L=0.008 MW-F=0.012]
  Alt-Benders[4] (mw): LB=-5.942976, Z₀(α*)=6.753160, intercept=-117.953352 (0.196s) [OMP=0.161 ISP-L=0.004 ISP-F=0.010 MW-L=0.017 MW-F=0.009]
  Alt-Benders[5] (mw): LB=-5.578351, Z₀(α*)=31.447601, intercept=-82.253068 (0.203s) [OMP=0.159 ISP-L=0.004 ISP-F=0.012 MW-L=0.009 MW-F=0.012]
  OMP re-solve: 0.154s

=== True-DRO Benders iter 10 ===
  OMP: t₀=-5.522979, UB=37.664871, gap=1.15e+00, x=[0, 0, 0, 0, 0, 0, 0, 0, 0, 0, 0, 0, 0, 0, 0, 0, 0, 0, 0, 0, 0, 0, 0, 0, 0, 0, 0, 0, 0, 1, 0, 1, 0, 0, 0, 0, 0, 0, 0, 0, 0, 0, 0, 0, 0, 0, 0] (0.000s)
  Sub: Z₀=37.170281 (12.8s), α=[0.000,0.000,0.000,0.000,0.000,0.000,0.000,0.000,0.000,0.000,0.000,0.000,0.000,0.000,0.000,0.000,0.000,0.000,0.000,0.000,0.000,0.000,0.000,0.000,0.000,1.990,0.000,0.000,0.907,2.453,0.000,4.900,0.000,0.000,0.000,0.000,0.000,0.000,0.000,0.000,0.000,0.000,0.000,0.000,0.000,0.000,0.000]
  Iter 10: LB=-5.522979  UB=37.170281  gap=1.15e+00
  Cut: intercept=-156.719440, π_x_range=[-237.4416, 142.6914]
  Sherali-Cut: intercept=-115.680583, π_x_range=[-140.6636, 121.9246]
  Mini-Benders[1] (mw): LB=-5.199142, Z₀(α*)=20.293109, intercept=-167.144062 (0.250s) [OMP=0.195 ISP-L=0.005 ISP-F=0.011 MW-L=0.017 MW-F=0.012]
  Mini-Benders[2] (mw): LB=-4.557351, Z₀(α*)=-12.411633, intercept=-2.701002 (0.234s) [OMP=0.201 ISP-L=0.004 ISP-F=0.012 MW-L=0.008 MW-F=0.011]
  Mini-Benders[3] (mw): LB=-4.557352, Z₀(α*)=-12.411633, intercept=-2.701002 (0.238s) [OMP=0.194 ISP-L=0.004 ISP-F=0.011 MW-L=0.008 MW-F=0.011]
  Mini-Benders[4] (mw): LB=-4.557352, Z₀(α*)=-12.411633, intercept=-2.701002 (0.231s) [OMP=0.199 ISP-L=0.004 ISP-F=0.011 MW-L=0.008 MW-F=0.011]
  Mini-Benders[5]: LB stagnated, break
  α-step: Z₀=39.484469, α=[0.000,0.000,0.000,0.000,0.000,0.000,0.000,0.000,0.000,0.000,0.000,0.000,0.000,0.000,0.000,0.000,0.000,0.000,0.000,0.000,0.000,0.000,0.000,0.000,8.882,0.000,0.000,0.000,0.368,0.000,0.000,0.107,0.000,0.000,0.735,0.000,0.157,0.000,0.000,0.000,0.000,0.000,0.000,0.000,0.000,0.000,0.000]
  Alt-Benders[1] (mw): LB=-4.039500, Z₀(α*)=23.026715, intercept=-96.498495 (0.234s) [OMP=0.199 ISP-L=0.004 ISP-F=0.011 MW-L=0.008 MW-F=0.010]
  Alt-Benders[2] (mw): LB=-3.671696, Z₀(α*)=24.155710, intercept=-170.921801 (0.248s) [OMP=0.207 ISP-L=0.004 ISP-F=0.010 MW-L=0.008 MW-F=0.011]
  Alt-Benders[3] (mw): LB=-3.635924, Z₀(α*)=24.570964, intercept=-35.423009 (0.220s) [OMP=0.191 ISP-L=0.004 ISP-F=0.011 MW-L=0.008 MW-F=0.012]
  Alt-Benders[4] (mw): LB=-3.581729, Z₀(α*)=26.756941, intercept=-38.117650 (0.242s) [OMP=0.197 ISP-L=0.004 ISP-F=0.011 MW-L=0.009 MW-F=0.011]
  Alt-Benders[5] (mw): LB=-3.063626, Z₀(α*)=37.568063, intercept=-36.256191 (0.243s) [OMP=0.199 ISP-L=0.005 ISP-F=0.013 MW-L=0.019 MW-F=0.011]
  OMP re-solve: 0.212s

=== True-DRO Benders iter 11 ===
  OMP: t₀=-2.646669, UB=37.170281, gap=1.07e+00, x=[0, 0, 0, 0, 0, 0, 0, 0, 0, 0, 0, 0, 0, 0, 0, 0, 0, 0, 0, 0, 0, 0, 0, 0, 0, 0, 0, 0, 0, 0, 0, 0, 0, 0, 1, 0, 1, 0, 0, 0, 0, 0, 0, 0, 0, 0, 0] (0.000s)
  Sub: Z₀=35.996689 [LOCAL] (0.2s), α=[0.000,0.000,0.000,0.000,0.000,0.000,0.000,0.000,0.000,0.000,0.000,0.000,0.000,0.000,0.000,0.000,0.000,0.000,0.000,0.000,0.000,0.000,0.000,0.000,0.000,0.000,0.000,0.000,0.907,0.000,0.000,0.000,0.000,0.000,0.000,0.000,9.342,0.000,0.000,0.000,0.000,0.000,0.000,0.000,0.000,0.000,0.000]
  Iter 11: LB=-2.646669  UB=37.170281  gap=1.07e+00
  Cut: intercept=-1130.503181, π_x_range=[-830.9194, 588.8673]
  Mini-Benders[1] (mw): LB=-2.378455, Z₀(α*)=27.794569, intercept=-3.598399 (0.248s) [OMP=0.210 ISP-L=0.004 ISP-F=0.013 MW-L=0.008 MW-F=0.011]
  Mini-Benders[2] (mw): LB=-1.798882, Z₀(α*)=18.620117, intercept=-56.457357 (0.235s) [OMP=0.206 ISP-L=0.004 ISP-F=0.012 MW-L=0.008 MW-F=0.011]
  Mini-Benders[3] (mw): LB=-1.620281, Z₀(α*)=-13.515375, intercept=-41.542674 (0.234s) [OMP=0.187 ISP-L=0.004 ISP-F=0.013 MW-L=0.009 MW-F=0.012]
  Mini-Benders[4] (mw): LB=-1.620281, Z₀(α*)=-13.515375, intercept=-41.542674 (0.219s) [OMP=0.182 ISP-L=0.004 ISP-F=0.013 MW-L=0.016 MW-F=0.011]
  Mini-Benders[5] (mw): LB=-1.620281, Z₀(α*)=-13.515375, intercept=-41.542674 (0.218s) [OMP=0.185 ISP-L=0.004 ISP-F=0.013 MW-L=0.008 MW-F=0.011]
  α-step: Z₀=38.486536, α=[0.000,0.000,0.000,0.000,0.000,0.000,0.000,0.000,0.000,0.000,0.000,0.000,0.000,0.000,0.000,0.000,0.000,0.000,0.000,0.000,0.000,0.000,0.000,0.000,6.498,0.000,0.000,0.000,2.744,0.000,0.000,0.000,0.000,0.000,1.007,0.000,0.000,0.000,0.000,0.000,0.000,0.000,0.000,0.000,0.000,0.000,0.000]
  Alt-Benders[1] (mw): LB=-1.593064, Z₀(α*)=26.394061, intercept=-72.387542 (0.234s) [OMP=0.187 ISP-L=0.004 ISP-F=0.012 MW-L=0.008 MW-F=0.009]
  Alt-Benders[2] (mw): LB=-1.317333, Z₀(α*)=10.786558, intercept=-183.909735 (0.244s) [OMP=0.199 ISP-L=0.005 ISP-F=0.011 MW-L=0.009 MW-F=0.020]
  Alt-Benders[3] (mw): LB=-1.208202, Z₀(α*)=30.379464, intercept=-92.939542 (0.225s) [OMP=0.191 ISP-L=0.004 ISP-F=0.011 MW-L=0.008 MW-F=0.010]
  Alt-Benders[4] (mw): LB=-1.183569, Z₀(α*)=33.660246, intercept=-51.656557 (0.235s) [OMP=0.198 ISP-L=0.005 ISP-F=0.011 MW-L=0.008 MW-F=0.012]
  Alt-Benders[5] (mw): LB=-1.007551, Z₀(α*)=40.166621, intercept=23.330963 (0.232s) [OMP=0.203 ISP-L=0.005 ISP-F=0.012 MW-L=0.008 MW-F=0.011]
  OMP re-solve: 0.224s

=== True-DRO Benders iter 12 ===
  OMP: t₀=-0.501240, UB=37.170281, gap=1.01e+00, x=[0, 0, 0, 0, 0, 0, 0, 0, 0, 0, 0, 0, 0, 0, 0, 0, 0, 0, 0, 0, 0, 0, 0, 1, 0, 0, 0, 0, 0, 0, 0, 0, 0, 0, 0, 1, 0, 0, 0, 0, 0, 0, 0, 0, 0, 0, 0] (0.000s)
  Sub: Z₀=36.978106 [LOCAL] (0.3s), α=[0.000,0.000,0.000,0.000,0.000,0.000,0.000,0.000,0.000,0.000,0.000,0.000,0.000,0.000,0.000,0.000,0.000,0.000,0.000,0.000,0.000,0.000,2.114,2.960,0.000,0.000,0.000,0.000,0.000,0.000,0.000,0.000,0.000,0.000,0.000,2.953,2.222,0.000,0.000,0.000,0.000,0.000,0.000,0.000,0.000,0.000,0.000]
  Iter 12: LB=-0.501240  UB=37.170281  gap=1.01e+00
  Cut: intercept=-1138.712457, π_x_range=[-828.5685, 590.5179]
  Mini-Benders[1] (mw): LB=-0.092513, Z₀(α*)=11.323249, intercept=-119.778218 (0.254s) [OMP=0.214 ISP-L=0.004 ISP-F=0.012 MW-L=0.016 MW-F=0.011]
  Mini-Benders[2] (mw): LB=1.408548, Z₀(α*)=-46.289816, intercept=-148.701595 (0.262s) [OMP=0.224 ISP-L=0.004 ISP-F=0.012 MW-L=0.008 MW-F=0.011]
  Mini-Benders[3] (mw): LB=1.408548, Z₀(α*)=-46.289816, intercept=-148.701595 (0.253s) [OMP=0.209 ISP-L=0.004 ISP-F=0.012 MW-L=0.009 MW-F=0.012]
  Mini-Benders[4] (mw): LB=1.408548, Z₀(α*)=-46.289816, intercept=-148.701595 (0.247s) [OMP=0.209 ISP-L=0.004 ISP-F=0.012 MW-L=0.008 MW-F=0.011]
  Mini-Benders[5]: LB stagnated, break
  α-step: Z₀=32.861792, α=[0.000,0.000,0.000,0.000,0.000,0.000,0.000,0.000,0.000,0.000,0.000,0.000,0.000,0.000,0.000,0.000,0.000,0.000,0.000,0.000,0.000,0.000,0.000,0.000,1.418,0.000,0.000,0.000,5.078,0.000,0.000,3.753,0.000,0.000,0.000,0.000,0.000,0.000,0.000,0.000,0.000,0.000,0.000,0.000,0.000,0.000,0.000]
  Alt-Benders[1] (mw): LB=1.760440, Z₀(α*)=24.848500, intercept=-77.471689 (0.264s) [OMP=0.230 ISP-L=0.004 ISP-F=0.011 MW-L=0.011 MW-F=0.011]
  Alt-Benders[2] (mw): LB=1.920518, Z₀(α*)=3.767842, intercept=-147.690031 (0.268s) [OMP=0.225 ISP-L=0.005 ISP-F=0.011 MW-L=0.008 MW-F=0.011]
  Alt-Benders[3] (mw): LB=2.252571, Z₀(α*)=26.451989, intercept=-104.038532 (0.232s) [OMP=0.211 ISP-L=0.004 ISP-F=0.010 MW-L=0.008 MW-F=0.011]
  Alt-Benders[4] (mw): LB=2.477034, Z₀(α*)=15.061169, intercept=-16.681460 (0.295s) [OMP=0.244 ISP-L=0.004 ISP-F=0.010 MW-L=0.009 MW-F=0.011]
  Alt-Benders[5] (mw): LB=2.659427, Z₀(α*)=4.964039, intercept=-114.227267 (0.283s) [OMP=0.247 ISP-L=0.004 ISP-F=0.010 MW-L=0.010 MW-F=0.018]
  OMP re-solve: 0.216s

=== True-DRO Benders iter 13 ===
  OMP: t₀=3.767840, UB=37.170281, gap=8.99e-01, x=[0, 0, 0, 0, 0, 0, 0, 0, 0, 0, 1, 0, 0, 0, 0, 0, 0, 0, 0, 0, 0, 0, 0, 0, 0, 0, 1, 0, 0, 0, 0, 0, 0, 0, 0, 0, 0, 0, 0, 0, 0, 0, 0, 0, 0, 0, 0] (0.000s)
  Sub: Z₀=35.699822 [LOCAL] (0.2s), α=[0.000,0.000,0.000,0.000,0.000,0.000,0.000,0.000,0.000,0.000,0.000,0.000,0.000,0.000,0.000,0.000,0.000,0.000,0.000,0.000,0.000,0.000,5.204,0.000,0.000,0.000,0.000,0.000,5.046,0.000,0.000,0.000,0.000,0.000,0.000,0.000,0.000,0.000,0.000,0.000,0.000,0.000,0.000,0.000,0.000,0.000,0.000]
  Iter 13: LB=3.767840  UB=37.170281  gap=8.99e-01
  Cut: intercept=-1097.857146, π_x_range=[-827.8408, 583.9153]
  Mini-Benders[1] (mw): LB=3.779006, Z₀(α*)=33.006002, intercept=-25.519884 (0.301s) [OMP=0.258 ISP-L=0.004 ISP-F=0.011 MW-L=0.008 MW-F=0.011]
  Mini-Benders[2] (mw): LB=3.780251, Z₀(α*)=0.091657, intercept=25.804987 (0.277s) [OMP=0.249 ISP-L=0.004 ISP-F=0.013 MW-L=0.007 MW-F=0.012]
  Mini-Benders[3] (mw): LB=3.780251, Z₀(α*)=0.091657, intercept=25.804987 (0.230s) [OMP=0.181 ISP-L=0.004 ISP-F=0.012 MW-L=0.008 MW-F=0.012]
  Mini-Benders[4] (mw): LB=3.780251, Z₀(α*)=0.091657, intercept=25.804987 (0.223s) [OMP=0.178 ISP-L=0.004 ISP-F=0.013 MW-L=0.016 MW-F=0.012]
  Mini-Benders[5]: LB stagnated, break
  α-step: Z₀=40.623169, α=[0.000,0.000,0.000,0.000,0.000,0.000,0.000,0.000,0.000,0.000,0.000,0.000,0.000,0.000,0.000,0.000,0.000,0.000,0.000,0.000,0.000,0.000,0.000,0.000,8.612,0.107,0.000,0.000,0.907,0.000,0.000,0.000,0.000,0.000,0.466,0.000,0.157,0.000,0.000,0.000,0.000,0.000,0.000,0.000,0.000,0.000,0.000]
  Alt-Benders[1] (mw): LB=4.261169, Z₀(α*)=40.623169, intercept=28.042598 (0.248s) [OMP=0.211 ISP-L=0.004 ISP-F=0.011 MW-L=0.007 MW-F=0.010]
  Alt-Benders[2] (mw): LB=4.726496, Z₀(α*)=32.630157, intercept=-30.027456 (0.267s) [OMP=0.222 ISP-L=0.004 ISP-F=0.010 MW-L=0.009 MW-F=0.012]
  Alt-Benders[3] (mw): LB=4.806375, Z₀(α*)=33.979971, intercept=-58.706724 (0.248s) [OMP=0.219 ISP-L=0.005 ISP-F=0.010 MW-L=0.009 MW-F=0.017]
  Alt-Benders[4] (mw): LB=4.964037, Z₀(α*)=32.924897, intercept=-117.150442 (0.237s) [OMP=0.188 ISP-L=0.004 ISP-F=0.009 MW-L=0.008 MW-F=0.012]
  Alt-Benders[5] (mw): LB=5.015770, Z₀(α*)=34.203259, intercept=-71.699757 (0.229s) [OMP=0.191 ISP-L=0.004 ISP-F=0.011 MW-L=0.009 MW-F=0.012]
  OMP re-solve: 0.199s

=== True-DRO Benders iter 14 ===
  OMP: t₀=5.093073, UB=37.170281, gap=8.63e-01, x=[0, 0, 0, 0, 0, 0, 0, 0, 0, 0, 0, 0, 0, 0, 0, 0, 0, 0, 0, 0, 0, 0, 0, 0, 0, 0, 0, 0, 0, 0, 0, 0, 1, 0, 0, 1, 0, 0, 0, 0, 0, 0, 0, 0, 0, 0, 0] (0.000s)
  Sub: Z₀=35.523397 [LOCAL] (0.2s), α=[0.000,0.000,0.000,0.000,0.000,0.000,0.000,0.000,0.000,0.000,0.000,0.000,0.000,0.000,0.000,0.000,0.000,0.000,0.000,0.000,0.000,0.000,0.000,0.000,0.000,0.000,0.000,0.000,5.074,0.000,0.000,0.000,0.000,0.000,0.000,2.893,2.282,0.000,0.000,0.000,0.000,0.000,0.000,0.000,0.000,0.000,0.000]
  Iter 14: LB=5.093073  UB=37.170281  gap=8.63e-01
  Cut: intercept=-1145.132353, π_x_range=[-825.1604, 593.8219]
  Mini-Benders[1] (mw): LB=5.104234, Z₀(α*)=39.970098, intercept=-105.650697 (0.250s) [OMP=0.205 ISP-L=0.004 ISP-F=0.014 MW-L=0.008 MW-F=0.012]
  Mini-Benders[2] (mw): LB=5.225319, Z₀(α*)=35.814342, intercept=-51.212204 (0.250s) [OMP=0.201 ISP-L=0.004 ISP-F=0.012 MW-L=0.016 MW-F=0.012]
  Mini-Benders[3] (mw): LB=6.158232, Z₀(α*)=-9.916547, intercept=-47.329779 (0.281s) [OMP=0.243 ISP-L=0.005 ISP-F=0.012 MW-L=0.009 MW-F=0.014]
  Mini-Benders[4] (mw): LB=6.158232, Z₀(α*)=-9.916547, intercept=-47.329779 (0.235s) [OMP=0.196 ISP-L=0.004 ISP-F=0.013 MW-L=0.008 MW-F=0.013]
  Mini-Benders[5] (mw): LB=6.158232, Z₀(α*)=-9.916547, intercept=-47.329779 (0.234s) [OMP=0.194 ISP-L=0.004 ISP-F=0.013 MW-L=0.008 MW-F=0.013]
  α-step: Z₀=36.945206, α=[0.000,0.000,0.000,0.000,0.000,0.000,0.000,0.000,0.000,0.000,0.000,0.000,0.000,0.000,0.000,0.000,0.000,0.000,0.000,0.000,0.000,0.000,0.000,0.000,1.513,0.000,0.000,0.000,5.071,0.000,0.000,3.665,0.000,0.000,0.000,0.000,0.000,0.000,0.000,0.000,0.000,0.000,0.000,0.000,0.000,0.000,0.000]
  Alt-Benders[1] (mw): LB=6.383107, Z₀(α*)=13.402333, intercept=-43.471122 (0.265s) [OMP=0.226 ISP-L=0.004 ISP-F=0.012 MW-L=0.015 MW-F=0.011]
  Alt-Benders[2] (mw): LB=6.753158, Z₀(α*)=4.077955, intercept=-111.552985 (0.235s) [OMP=0.196 ISP-L=0.004 ISP-F=0.010 MW-L=0.008 MW-F=0.012]
  Alt-Benders[3] (mw): LB=6.753158, Z₀(α*)=4.077955, intercept=-111.552985 (0.237s) [OMP=0.191 ISP-L=0.004 ISP-F=0.010 MW-L=0.008 MW-F=0.012]
  Alt-Benders[4] (mw): LB=6.753158, Z₀(α*)=4.077955, intercept=-111.552985 (0.233s) [OMP=0.197 ISP-L=0.004 ISP-F=0.010 MW-L=0.009 MW-F=0.012]
  Alt-Benders[5]: LB stagnated, break
  OMP re-solve: 0.000s

=== True-DRO Benders iter 15 ===
  OMP: t₀=6.753158, UB=37.170281, gap=8.18e-01, x=[0, 0, 0, 0, 0, 0, 0, 0, 0, 0, 0, 0, 0, 0, 0, 0, 0, 0, 0, 0, 0, 0, 0, 0, 0, 0, 0, 0, 0, 1, 0, 0, 0, 0, 0, 0, 1, 0, 0, 0, 0, 0, 0, 0, 0, 0, 0] (0.000s)
  Sub: Z₀=36.848469 (1.6s), α=[0.000,0.000,0.000,0.000,0.000,0.000,0.000,0.000,0.000,0.000,0.000,0.000,0.000,0.000,0.000,0.000,0.000,0.000,0.000,0.000,0.000,0.000,0.000,0.000,0.000,0.000,0.000,0.000,2.744,0.000,0.000,0.000,0.000,0.000,0.000,0.000,7.505,0.000,0.000,0.000,0.000,0.000,0.000,0.000,0.000,0.000,0.000]
  Iter 15: LB=6.753158  UB=36.848469  gap=8.17e-01
  Cut: intercept=-180.094415, π_x_range=[-240.0000, 153.3428]
  Sherali-Cut: intercept=-114.418779, π_x_range=[-122.9251, 95.9071]
  Mini-Benders[1] (mw): LB=6.860252, Z₀(α*)=3.467363, intercept=-135.219990 (0.313s) [OMP=0.284 ISP-L=0.004 ISP-F=0.011 MW-L=0.008 MW-F=0.011]
  Mini-Benders[2] (mw): LB=6.860252, Z₀(α*)=3.467363, intercept=-135.219990 (0.264s) [OMP=0.217 ISP-L=0.004 ISP-F=0.010 MW-L=0.008 MW-F=0.011]
  Mini-Benders[3] (mw): LB=6.860252, Z₀(α*)=3.467363, intercept=-135.219990 (0.252s) [OMP=0.216 ISP-L=0.005 ISP-F=0.010 MW-L=0.008 MW-F=0.018]
  Mini-Benders[4]: LB stagnated, break
  α-step: Z₀=32.602982, α=[0.000,0.000,0.000,0.000,0.000,0.000,0.000,0.000,0.000,0.000,0.000,0.000,0.000,0.000,0.000,0.000,0.000,0.000,0.000,0.000,0.000,0.000,0.000,0.000,0.000,0.000,0.000,0.242,9.957,0.000,0.000,0.000,0.000,0.000,0.000,0.000,0.051,0.000,0.000,0.000,0.000,0.000,0.000,0.000,0.000,0.000,0.000]
  Alt-Benders[1] (mw): LB=6.928574, Z₀(α*)=28.232296, intercept=-162.790552 (0.270s) [OMP=0.237 ISP-L=0.004 ISP-F=0.010 MW-L=0.009 MW-F=0.012]
  Alt-Benders[2] (mw): LB=7.717433, Z₀(α*)=18.684150, intercept=-55.963156 (0.250s) [OMP=0.215 ISP-L=0.005 ISP-F=0.012 MW-L=0.009 MW-F=0.012]
  Alt-Benders[3] (mw): LB=8.038087, Z₀(α*)=31.654368, intercept=-212.334860 (0.307s) [OMP=0.262 ISP-L=0.004 ISP-F=0.011 MW-L=0.009 MW-F=0.012]
  Alt-Benders[4] (mw): LB=8.173795, Z₀(α*)=15.763879, intercept=-5.744173 (0.287s) [OMP=0.249 ISP-L=0.004 ISP-F=0.010 MW-L=0.016 MW-F=0.011]
  Alt-Benders[5] (mw): LB=8.370896, Z₀(α*)=6.558609, intercept=-48.083298 (0.245s) [OMP=0.203 ISP-L=0.004 ISP-F=0.010 MW-L=0.009 MW-F=0.011]
  OMP re-solve: 0.196s

=== True-DRO Benders iter 16 ===
  OMP: t₀=8.370896, UB=36.848469, gap=7.73e-01, x=[0, 0, 0, 0, 0, 0, 0, 0, 0, 0, 0, 0, 0, 0, 0, 0, 0, 0, 0, 0, 0, 0, 1, 0, 0, 0, 0, 0, 0, 0, 0, 0, 0, 0, 0, 0, 1, 0, 0, 0, 0, 0, 0, 0, 0, 0, 0] (0.000s)
  Sub: Z₀=37.078522 [LOCAL] (0.2s), α=[0.000,0.000,0.000,0.000,0.000,0.000,0.000,0.000,0.000,0.000,0.000,0.000,0.000,0.000,0.000,0.000,0.000,0.000,0.000,0.000,0.000,0.000,0.000,0.000,1.532,0.000,0.000,0.000,0.000,0.000,0.000,0.000,0.000,0.000,0.000,0.003,8.714,0.000,0.000,0.000,0.000,0.000,0.000,0.000,0.000,0.000,0.000]
  Iter 16: LB=8.370896  UB=36.848469  gap=7.73e-01
  Cut: intercept=-1130.721678, π_x_range=[-830.9735, 589.6369]
  Mini-Benders[1] (mw): LB=8.853144, Z₀(α*)=-5.655264, intercept=-44.151930 (0.283s) [OMP=0.230 ISP-L=0.005 ISP-F=0.013 MW-L=0.008 MW-F=0.011]
  Mini-Benders[2] (mw): LB=8.853144, Z₀(α*)=-5.655264, intercept=-44.151930 (0.232s) [OMP=0.200 ISP-L=0.004 ISP-F=0.014 MW-L=0.008 MW-F=0.011]
  Mini-Benders[3] (mw): LB=8.853144, Z₀(α*)=-5.655264, intercept=-44.151930 (0.245s) [OMP=0.192 ISP-L=0.005 ISP-F=0.013 MW-L=0.016 MW-F=0.010]
  Mini-Benders[4]: LB stagnated, break
  α-step: Z₀=40.087785, α=[0.000,0.000,0.000,0.000,0.000,0.000,0.000,0.000,0.000,0.000,0.000,0.000,0.000,0.000,0.000,0.000,0.000,0.000,0.000,0.000,0.000,0.000,0.000,0.000,5.422,0.000,0.963,0.000,2.744,0.000,0.000,0.000,0.000,0.000,0.000,0.000,1.120,0.000,0.000,0.000,0.000,0.000,0.000,0.000,0.000,0.000,0.000]
  Alt-Benders[1] (mw): LB=9.140803, Z₀(α*)=25.506887, intercept=-58.822078 (0.275s) [OMP=0.230 ISP-L=0.004 ISP-F=0.010 MW-L=0.008 MW-F=0.009]
  Alt-Benders[2] (mw): LB=9.151492, Z₀(α*)=26.449950, intercept=-20.623189 (0.209s) [OMP=0.181 ISP-L=0.004 ISP-F=0.009 MW-L=0.009 MW-F=0.012]
  Alt-Benders[3] (mw): LB=9.733416, Z₀(α*)=28.573832, intercept=-16.679619 (0.235s) [OMP=0.188 ISP-L=0.004 ISP-F=0.011 MW-L=0.008 MW-F=0.019]
  Alt-Benders[4] (mw): LB=10.456340, Z₀(α*)=24.315118, intercept=-119.753564 (0.218s) [OMP=0.180 ISP-L=0.005 ISP-F=0.011 MW-L=0.008 MW-F=0.011]
  Alt-Benders[5] (mw): LB=10.458784, Z₀(α*)=2.803754, intercept=-111.912436 (0.219s) [OMP=0.186 ISP-L=0.004 ISP-F=0.011 MW-L=0.009 MW-F=0.014]
  OMP re-solve: 0.167s

=== True-DRO Benders iter 17 ===
  OMP: t₀=10.458784, UB=36.848469, gap=7.16e-01, x=[0, 0, 0, 0, 0, 0, 0, 0, 0, 0, 0, 0, 0, 0, 0, 0, 0, 0, 0, 0, 0, 0, 0, 0, 0, 0, 0, 0, 0, 1, 0, 0, 0, 0, 1, 0, 0, 0, 0, 0, 0, 0, 0, 0, 0, 0, 0] (0.000s)
  Sub: Z₀=37.883880 [LOCAL] (0.2s), α=[0.000,0.000,0.000,0.000,0.000,0.000,0.000,0.000,0.000,0.000,0.000,0.000,0.000,0.000,0.000,0.000,0.000,0.000,0.000,0.000,0.000,0.000,0.000,0.000,0.000,0.000,0.000,0.033,4.645,0.000,0.000,0.000,0.000,0.000,0.000,2.143,3.429,0.000,0.000,0.000,0.000,0.000,0.000,0.000,0.000,0.000,0.000]
  Iter 17: LB=10.458784  UB=36.848469  gap=7.16e-01
  Cut: intercept=-1085.646477, π_x_range=[-829.6524, 581.6651]
  Mini-Benders[1] (mw): LB=10.786556, Z₀(α*)=26.357288, intercept=-158.758989 (0.221s) [OMP=0.182 ISP-L=0.004 ISP-F=0.011 MW-L=0.009 MW-F=0.013]
  Mini-Benders[2] (mw): LB=10.963335, Z₀(α*)=30.868748, intercept=-161.747756 (0.248s) [OMP=0.200 ISP-L=0.004 ISP-F=0.012 MW-L=0.015 MW-F=0.011]
  Mini-Benders[3] (mw): LB=10.976549, Z₀(α*)=34.568976, intercept=-192.935491 (0.218s) [OMP=0.185 ISP-L=0.004 ISP-F=0.012 MW-L=0.007 MW-F=0.012]
  Mini-Benders[4] (mw): LB=11.323247, Z₀(α*)=34.279966, intercept=-93.545044 (0.236s) [OMP=0.194 ISP-L=0.004 ISP-F=0.012 MW-L=0.008 MW-F=0.012]
  Mini-Benders[5] (mw): LB=11.414402, Z₀(α*)=31.537244, intercept=-72.228929 (0.233s) [OMP=0.191 ISP-L=0.004 ISP-F=0.013 MW-L=0.009 MW-F=0.012]
  α-step: Z₀=30.791033, α=[0.000,0.000,0.000,0.000,0.000,0.000,0.000,0.000,0.000,0.000,0.000,0.000,0.000,0.000,0.000,0.000,0.000,0.000,0.000,0.000,0.000,0.000,0.000,0.000,2.261,0.000,0.000,7.989,0.000,0.000,0.000,0.000,0.000,0.000,0.000,0.000,0.000,0.000,0.000,0.000,0.000,0.000,0.000,0.000,0.000,0.000,0.000]
  Alt-Benders[1] (mw): LB=12.037451, Z₀(α*)=2.823150, intercept=-91.295643 (0.234s) [OMP=0.190 ISP-L=0.004 ISP-F=0.012 MW-L=0.017 MW-F=0.011]
  Alt-Benders[2] (mw): LB=12.037451, Z₀(α*)=2.823150, intercept=-91.295643 (0.204s) [OMP=0.170 ISP-L=0.005 ISP-F=0.012 MW-L=0.008 MW-F=0.011]
  Alt-Benders[3] (mw): LB=12.037451, Z₀(α*)=2.823150, intercept=-91.295643 (0.203s) [OMP=0.167 ISP-L=0.005 ISP-F=0.013 MW-L=0.008 MW-F=0.011]
  Alt-Benders[4]: LB stagnated, break
  OMP re-solve: 0.000s

=== True-DRO Benders iter 18 ===
  OMP: t₀=12.037451, UB=36.848469, gap=6.73e-01, x=[0, 0, 0, 0, 0, 0, 0, 0, 0, 0, 0, 0, 0, 0, 0, 0, 0, 0, 0, 0, 0, 0, 0, 0, 0, 0, 0, 0, 0, 0, 1, 1, 0, 0, 0, 0, 0, 0, 0, 0, 0, 0, 0, 0, 0, 0, 0] (0.000s)
  Sub: Z₀=35.803173 [LOCAL] (0.2s), α=[0.000,0.000,0.000,0.000,0.000,0.000,0.000,0.000,0.000,0.000,0.000,0.000,0.000,0.000,0.000,0.000,0.000,0.000,0.000,0.000,0.000,0.000,0.000,0.000,4.903,0.000,0.000,0.000,0.118,0.000,1.917,3.312,0.000,0.000,0.000,0.000,0.000,0.000,0.000,0.000,0.000,0.000,0.000,0.000,0.000,0.000,0.000]
  Iter 18: LB=12.037451  UB=36.848469  gap=6.73e-01
  Cut: intercept=-1128.236977, π_x_range=[-831.1920, 592.1542]
  Mini-Benders[1] (mw): LB=12.191555, Z₀(α*)=1.460578, intercept=-131.289915 (0.222s) [OMP=0.191 ISP-L=0.005 ISP-F=0.011 MW-L=0.008 MW-F=0.016]
  Mini-Benders[2] (mw): LB=12.191555, Z₀(α*)=1.460578, intercept=-131.289915 (0.234s) [OMP=0.190 ISP-L=0.005 ISP-F=0.011 MW-L=0.008 MW-F=0.009]
  Mini-Benders[3] (mw): LB=12.191555, Z₀(α*)=1.460578, intercept=-131.289915 (0.219s) [OMP=0.187 ISP-L=0.005 ISP-F=0.011 MW-L=0.008 MW-F=0.009]
  Mini-Benders[4]: LB stagnated, break
  α-step: Z₀=35.813408, α=[0.000,0.000,0.000,0.000,0.000,0.000,0.000,0.000,0.000,0.000,0.000,0.000,0.000,0.000,0.000,0.000,0.000,0.000,0.000,0.000,0.000,0.000,4.451,0.000,0.000,0.000,0.000,0.000,5.798,0.000,0.000,0.000,0.000,0.000,0.000,0.000,0.000,0.000,0.000,0.000,0.000,0.000,0.000,0.000,0.000,0.000,0.000]
  Alt-Benders[1] (mw): LB=12.614869, Z₀(α*)=12.716174, intercept=-79.313668 (0.233s) [OMP=0.195 ISP-L=0.004 ISP-F=0.010 MW-L=0.009 MW-F=0.011]
  Alt-Benders[2] (mw): LB=12.699806, Z₀(α*)=37.884352, intercept=8.285198 (0.217s) [OMP=0.170 ISP-L=0.004 ISP-F=0.010 MW-L=0.017 MW-F=0.011]
  Alt-Benders[3] (mw): LB=12.716172, Z₀(α*)=12.716174, intercept=-79.313668 (0.220s) [OMP=0.187 ISP-L=0.004 ISP-F=0.011 MW-L=0.009 MW-F=0.011]
  Alt-Benders[4] (mw): LB=12.716172, Z₀(α*)=12.716174, intercept=-79.313668 (0.203s) [OMP=0.163 ISP-L=0.004 ISP-F=0.010 MW-L=0.009 MW-F=0.011]
  Alt-Benders[5] (mw): LB=12.716172, Z₀(α*)=12.716174, intercept=-79.313668 (0.188s) [OMP=0.161 ISP-L=0.004 ISP-F=0.011 MW-L=0.009 MW-F=0.011]
  OMP re-solve: 0.158s

=== True-DRO Benders iter 19 ===
  OMP: t₀=12.716172, UB=36.848469, gap=6.55e-01, x=[0, 0, 0, 0, 0, 0, 0, 0, 0, 0, 0, 0, 0, 0, 0, 0, 0, 0, 0, 0, 0, 0, 0, 1, 0, 0, 0, 0, 0, 0, 0, 0, 0, 0, 0, 0, 1, 0, 0, 0, 0, 0, 0, 0, 0, 0, 0] (0.000s)
  Sub: Z₀=35.290692 [LOCAL] (0.3s), α=[0.000,0.000,0.000,0.000,0.000,0.000,0.000,0.000,0.000,0.000,0.000,0.000,0.000,0.000,0.000,0.000,0.000,0.000,0.000,0.000,0.000,0.000,0.000,0.000,1.532,0.000,0.000,0.000,0.000,0.000,0.000,0.000,0.000,0.000,0.000,0.003,8.714,0.000,0.000,0.000,0.000,0.000,0.000,0.000,0.000,0.000,0.000]
  Iter 19: LB=12.716172  UB=36.848469  gap=6.55e-01
  Cut: intercept=-1134.474596, π_x_range=[-827.5507, 594.3722]
  Mini-Benders[1] (mw): LB=12.875743, Z₀(α*)=-4.827155, intercept=-168.941566 (0.218s) [OMP=0.193 ISP-L=0.004 ISP-F=0.010 MW-L=0.008 MW-F=0.011]
  Mini-Benders[2] (mw): LB=12.875743, Z₀(α*)=-4.827155, intercept=-168.941566 (0.211s) [OMP=0.163 ISP-L=0.004 ISP-F=0.010 MW-L=0.008 MW-F=0.012]
  Mini-Benders[3] (mw): LB=12.875743, Z₀(α*)=-4.827155, intercept=-168.941566 (0.196s) [OMP=0.168 ISP-L=0.004 ISP-F=0.010 MW-L=0.008 MW-F=0.011]
  Mini-Benders[4]: LB stagnated, break
  α-step: Z₀=36.080918, α=[0.000,0.000,0.000,0.000,0.000,0.000,0.000,0.000,0.000,0.000,0.000,0.000,0.000,0.000,0.000,0.000,0.000,0.000,0.000,0.000,0.000,0.000,4.451,0.000,0.000,0.000,0.000,0.000,5.798,0.000,0.000,0.000,0.000,0.000,0.000,0.000,0.000,0.000,0.000,0.000,0.000,0.000,0.000,0.000,0.000,0.000,0.000]
  Alt-Benders[1] (mw): LB=12.965896, Z₀(α*)=34.368669, intercept=-2.553448 (0.234s) [OMP=0.201 ISP-L=0.004 ISP-F=0.012 MW-L=0.008 MW-F=0.019]
  Alt-Benders[2] (mw): LB=13.045540, Z₀(α*)=37.484543, intercept=-11.889649 (0.235s) [OMP=0.191 ISP-L=0.004 ISP-F=0.010 MW-L=0.007 MW-F=0.012]
  Alt-Benders[3] (mw): LB=13.083288, Z₀(α*)=39.306228, intercept=-53.425798 (0.204s) [OMP=0.174 ISP-L=0.004 ISP-F=0.010 MW-L=0.007 MW-F=0.011]
  Alt-Benders[4] (mw): LB=13.402331, Z₀(α*)=29.702666, intercept=-74.928534 (0.217s) [OMP=0.185 ISP-L=0.004 ISP-F=0.011 MW-L=0.008 MW-F=0.010]
  Alt-Benders[5] (mw): LB=13.538853, Z₀(α*)=35.433261, intercept=-13.930741 (0.235s) [OMP=0.194 ISP-L=0.005 ISP-F=0.011 MW-L=0.007 MW-F=0.010]
  OMP re-solve: 0.186s

=== True-DRO Benders iter 20 ===
  OMP: t₀=13.569602, UB=36.848469, gap=6.32e-01, x=[0, 0, 0, 0, 0, 0, 0, 0, 0, 0, 0, 0, 0, 0, 0, 0, 0, 0, 0, 0, 0, 0, 0, 1, 1, 0, 0, 0, 0, 0, 0, 0, 0, 0, 0, 0, 0, 0, 0, 0, 0, 0, 0, 0, 0, 0, 0] (0.000s)
  Sub: Z₀=35.558759 (5.5s), α=[0.000,0.000,0.000,0.000,0.000,0.000,0.000,0.000,0.000,0.000,0.000,0.000,0.000,0.000,0.000,0.000,0.000,0.000,0.000,0.000,0.000,0.000,3.005,0.032,7.212,0.000,0.000,0.000,0.000,0.000,0.000,0.000,0.000,0.000,0.000,0.000,0.000,0.000,0.000,0.000,0.000,0.000,0.000,0.000,0.000,0.000,0.000]
  Iter 20: LB=13.569602  UB=35.558759  gap=6.18e-01
  Cut: intercept=-99.526648, π_x_range=[-184.7930, 95.3306]
  Sherali-Cut: intercept=-31.233492, π_x_range=[-137.0431, 48.2990]
  Mini-Benders[1] (mw): LB=13.918922, Z₀(α*)=29.484305, intercept=-69.226866 (0.203s) [OMP=0.166 ISP-L=0.004 ISP-F=0.011 MW-L=0.008 MW-F=0.012]
  Mini-Benders[2] (mw): LB=14.160490, Z₀(α*)=26.475763, intercept=-3.684311 (0.187s) [OMP=0.160 ISP-L=0.004 ISP-F=0.010 MW-L=0.009 MW-F=0.013]
  Mini-Benders[3] (mw): LB=14.356204, Z₀(α*)=5.583171, intercept=-65.226096 (0.219s) [OMP=0.162 ISP-L=0.004 ISP-F=0.012 MW-L=0.015 MW-F=0.010]
  Mini-Benders[4] (mw): LB=14.356204, Z₀(α*)=5.583171, intercept=-65.226096 (0.187s) [OMP=0.158 ISP-L=0.004 ISP-F=0.012 MW-L=0.008 MW-F=0.010]
  Mini-Benders[5] (mw): LB=14.356204, Z₀(α*)=5.583171, intercept=-65.226096 (0.202s) [OMP=0.160 ISP-L=0.005 ISP-F=0.011 MW-L=0.008 MW-F=0.010]
  α-step: Z₀=40.687906, α=[0.000,0.000,0.000,0.000,0.000,0.000,0.000,0.000,0.000,0.000,0.000,0.000,0.000,0.000,0.000,0.000,0.000,0.000,0.000,0.000,0.000,0.000,0.000,1.263,0.000,1.300,0.000,0.000,6.335,0.000,0.000,0.000,0.000,0.000,0.000,0.000,1.351,0.000,0.000,0.000,0.000,0.000,0.000,0.000,0.000,0.000,0.000]
  Alt-Benders[1] (mw): LB=14.672787, Z₀(α*)=40.341990, intercept=-85.868450 (0.234s) [OMP=0.191 ISP-L=0.004 ISP-F=0.012 MW-L=0.008 MW-F=0.013]
  Alt-Benders[2] (mw): LB=14.828047, Z₀(α*)=30.388534, intercept=-24.470336 (0.252s) [OMP=0.209 ISP-L=0.004 ISP-F=0.010 MW-L=0.017 MW-F=0.010]
  Alt-Benders[3] (mw): LB=15.061167, Z₀(α*)=22.423282, intercept=-7.953754 (0.235s) [OMP=0.208 ISP-L=0.004 ISP-F=0.010 MW-L=0.009 MW-F=0.011]
  Alt-Benders[4] (mw): LB=15.561503, Z₀(α*)=24.558591, intercept=-117.401788 (0.232s) [OMP=0.192 ISP-L=0.004 ISP-F=0.010 MW-L=0.008 MW-F=0.009]
  Alt-Benders[5] (mw): LB=15.585910, Z₀(α*)=14.884414, intercept=-171.094830 (0.218s) [OMP=0.187 ISP-L=0.004 ISP-F=0.010 MW-L=0.008 MW-F=0.011]
  OMP re-solve: 0.185s

=== True-DRO Benders iter 21 ===
  OMP: t₀=15.585910, UB=35.558759, gap=5.62e-01, x=[0, 0, 0, 0, 0, 0, 0, 0, 0, 0, 1, 0, 0, 0, 0, 0, 0, 0, 0, 0, 0, 0, 0, 0, 0, 0, 0, 0, 0, 1, 0, 0, 0, 0, 0, 0, 0, 0, 0, 0, 0, 0, 0, 0, 0, 0, 0] (0.000s)
  Sub: Z₀=38.210355 [LOCAL] (0.3s), α=[0.000,0.000,0.000,0.000,0.000,0.000,0.000,0.000,0.000,0.000,0.000,0.000,0.000,0.000,0.000,0.000,0.000,0.000,0.000,0.000,0.000,0.000,4.451,0.000,0.000,0.000,0.000,0.000,5.747,0.000,0.000,0.000,0.000,0.000,0.000,0.000,0.051,0.000,0.000,0.000,0.000,0.000,0.000,0.000,0.000,0.000,0.000]
  Iter 21: LB=15.585910  UB=35.558759  gap=5.62e-01
  Cut: intercept=-1080.490107, π_x_range=[-824.9225, 568.2202]
  Mini-Benders[1] (mw): LB=15.828460, Z₀(α*)=36.013770, intercept=-45.316329 (0.234s) [OMP=0.198 ISP-L=0.004 ISP-F=0.012 MW-L=0.008 MW-F=0.011]
  Mini-Benders[2] (mw): LB=16.510268, Z₀(α*)=7.670757, intercept=-66.306223 (0.235s) [OMP=0.199 ISP-L=0.004 ISP-F=0.012 MW-L=0.007 MW-F=0.009]
  Mini-Benders[3] (mw): LB=16.510268, Z₀(α*)=7.670757, intercept=-66.306223 (0.220s) [OMP=0.188 ISP-L=0.004 ISP-F=0.012 MW-L=0.007 MW-F=0.009]
  Mini-Benders[4] (mw): LB=16.510268, Z₀(α*)=7.670757, intercept=-66.306223 (0.218s) [OMP=0.184 ISP-L=0.004 ISP-F=0.012 MW-L=0.007 MW-F=0.009]
  Mini-Benders[5]: LB stagnated, break
  α-step: Z₀=35.868297, α=[0.000,0.000,0.000,0.000,0.000,0.000,0.000,0.000,0.000,0.000,0.000,0.000,0.000,0.000,0.000,0.000,0.000,0.000,0.000,0.000,0.000,0.000,0.000,0.000,6.509,0.000,0.000,0.000,0.583,0.000,0.000,0.000,0.000,0.000,0.000,0.000,3.157,0.000,0.000,0.000,0.000,0.000,0.000,0.000,0.000,0.000,0.000]
  Alt-Benders[1] (mw): LB=17.083699, Z₀(α*)=20.588376, intercept=-114.153585 (0.225s) [OMP=0.201 ISP-L=0.004 ISP-F=0.010 MW-L=0.009 MW-F=0.010]
  Alt-Benders[2] (mw): LB=17.147724, Z₀(α*)=28.575424, intercept=-52.355082 (0.250s) [OMP=0.204 ISP-L=0.004 ISP-F=0.011 MW-L=0.009 MW-F=0.010]
  Alt-Benders[3] (mw): LB=17.550673, Z₀(α*)=14.704746, intercept=-4.303316 (0.234s) [OMP=0.204 ISP-L=0.004 ISP-F=0.010 MW-L=0.009 MW-F=0.009]
  Alt-Benders[4] (mw): LB=17.550673, Z₀(α*)=14.704746, intercept=-4.303316 (0.235s) [OMP=0.190 ISP-L=0.004 ISP-F=0.010 MW-L=0.009 MW-F=0.017]
  Alt-Benders[5] (mw): LB=17.550673, Z₀(α*)=14.704746, intercept=-4.303316 (0.218s) [OMP=0.191 ISP-L=0.004 ISP-F=0.010 MW-L=0.008 MW-F=0.009]
  OMP re-solve: 0.190s

=== True-DRO Benders iter 22 ===
  OMP: t₀=17.550673, UB=35.558759, gap=5.06e-01, x=[0, 0, 0, 0, 0, 0, 0, 0, 0, 0, 0, 0, 0, 0, 0, 1, 0, 0, 0, 0, 0, 0, 0, 0, 0, 0, 0, 0, 0, 0, 0, 0, 0, 0, 1, 0, 0, 0, 0, 0, 0, 0, 0, 0, 0, 0, 0] (0.000s)
  Sub: Z₀=38.676477 [LOCAL] (0.2s), α=[0.000,0.000,0.000,0.000,0.000,0.000,0.000,0.000,0.000,0.000,0.000,0.000,0.000,0.000,0.000,0.000,0.000,0.000,0.000,0.000,0.000,0.000,0.000,0.000,0.000,0.000,0.000,0.035,4.761,0.000,0.000,0.000,0.000,0.000,2.413,2.883,0.157,0.000,0.000,0.000,0.000,0.000,0.000,0.000,0.000,0.000,0.000]
  Iter 22: LB=17.550673  UB=35.558759  gap=5.06e-01
  Cut: intercept=-1081.120402, π_x_range=[-829.7338, 582.8822]
  Mini-Benders[1] (mw): LB=17.747882, Z₀(α*)=25.890248, intercept=-56.360833 (0.234s) [OMP=0.187 ISP-L=0.005 ISP-F=0.013 MW-L=0.009 MW-F=0.013]
  Mini-Benders[2] (mw): LB=18.042812, Z₀(α*)=29.284320, intercept=9.339215 (0.229s) [OMP=0.190 ISP-L=0.004 ISP-F=0.010 MW-L=0.008 MW-F=0.010]
  Mini-Benders[3] (mw): LB=18.117132, Z₀(α*)=28.623390, intercept=22.596062 (0.255s) [OMP=0.209 ISP-L=0.005 ISP-F=0.012 MW-L=0.010 MW-F=0.022]
  Mini-Benders[4] (mw): LB=18.259485, Z₀(α*)=30.413905, intercept=-76.040560 (0.221s) [OMP=0.180 ISP-L=0.005 ISP-F=0.011 MW-L=0.008 MW-F=0.012]
  Mini-Benders[5] (mw): LB=18.558884, Z₀(α*)=10.165495, intercept=-12.748348 (0.216s) [OMP=0.184 ISP-L=0.004 ISP-F=0.013 MW-L=0.009 MW-F=0.010]
  α-step: Z₀=39.199070, α=[0.000,0.000,0.000,0.000,0.000,0.000,0.000,0.000,0.000,0.000,0.000,0.000,0.000,0.000,0.000,0.000,0.000,0.000,0.000,0.000,0.000,0.000,0.000,0.000,4.903,0.000,0.000,0.000,4.985,0.000,0.000,0.362,0.000,0.000,0.000,0.000,0.000,0.000,0.000,0.000,0.000,0.000,0.000,0.000,0.000,0.000,0.000]
  Alt-Benders[1] (mw): LB=18.585125, Z₀(α*)=37.073662, intercept=-2.347380 (0.219s) [OMP=0.195 ISP-L=0.004 ISP-F=0.011 MW-L=0.008 MW-F=0.012]
  Alt-Benders[2] (mw): LB=18.620115, Z₀(α*)=28.878504, intercept=-61.578999 (0.256s) [OMP=0.198 ISP-L=0.004 ISP-F=0.011 MW-L=0.016 MW-F=0.012]
  Alt-Benders[3] (mw): LB=18.684148, Z₀(α*)=36.261389, intercept=-22.736367 (0.213s) [OMP=0.189 ISP-L=0.005 ISP-F=0.011 MW-L=0.008 MW-F=0.010]
  Alt-Benders[4] (mw): LB=18.784345, Z₀(α*)=20.289306, intercept=-21.194028 (0.219s) [OMP=0.186 ISP-L=0.004 ISP-F=0.012 MW-L=0.008 MW-F=0.009]
  Alt-Benders[5] (mw): LB=19.302749, Z₀(α*)=31.728061, intercept=12.870667 (0.235s) [OMP=0.186 ISP-L=0.005 ISP-F=0.012 MW-L=0.008 MW-F=0.012]
  OMP re-solve: 0.191s

=== True-DRO Benders iter 23 ===
  OMP: t₀=19.578955, UB=35.558759, gap=4.49e-01, x=[0, 0, 0, 0, 0, 0, 0, 0, 0, 0, 0, 0, 0, 0, 0, 0, 0, 0, 0, 0, 0, 0, 0, 0, 0, 0, 0, 0, 0, 0, 0, 0, 1, 0, 0, 0, 1, 0, 0, 0, 0, 0, 0, 0, 0, 0, 0] (0.000s)
  Sub: Z₀=33.522008 [LOCAL] (0.2s), α=[0.000,0.000,0.000,0.000,0.000,0.000,0.000,0.000,0.000,0.000,0.000,0.000,0.000,0.000,0.000,0.000,0.000,0.000,0.000,0.000,0.000,0.000,0.000,0.000,0.160,0.000,0.000,0.000,2.744,0.000,0.000,0.000,0.000,0.000,0.000,0.000,7.345,0.000,0.000,0.000,0.000,0.000,0.000,0.000,0.000,0.000,0.000]
  Iter 23: LB=19.578955  UB=35.558759  gap=4.49e-01
  Cut: intercept=-1149.471533, π_x_range=[-825.9582, 594.1873]
  Mini-Benders[1] (mw): LB=20.249443, Z₀(α*)=30.640528, intercept=-84.766391 (0.229s) [OMP=0.196 ISP-L=0.004 ISP-F=0.011 MW-L=0.009 MW-F=0.012]
  Mini-Benders[2] (mw): LB=20.289304, Z₀(α*)=36.258463, intercept=-15.205488 (0.237s) [OMP=0.206 ISP-L=0.004 ISP-F=0.012 MW-L=0.009 MW-F=0.011]
  Mini-Benders[3] (mw): LB=20.293107, Z₀(α*)=33.871028, intercept=-142.177330 (0.247s) [OMP=0.205 ISP-L=0.004 ISP-F=0.010 MW-L=0.008 MW-F=0.012]
  Mini-Benders[4] (mw): LB=20.526351, Z₀(α*)=41.552784, intercept=41.660458 (0.266s) [OMP=0.211 ISP-L=0.004 ISP-F=0.012 MW-L=0.008 MW-F=0.024]
  Mini-Benders[5] (mw): LB=20.530492, Z₀(α*)=-3.641575, intercept=-11.931873 (0.234s) [OMP=0.204 ISP-L=0.005 ISP-F=0.011 MW-L=0.008 MW-F=0.019]
  α-step: Z₀=39.237166, α=[0.000,0.000,0.000,0.000,0.000,0.000,0.000,0.000,0.000,0.000,0.000,0.000,0.000,0.000,0.000,0.000,0.000,0.000,0.000,0.000,0.000,0.000,0.000,0.000,5.265,0.000,0.000,0.000,4.985,0.000,0.000,0.000,0.000,0.000,0.000,0.000,0.000,0.000,0.000,0.000,0.000,0.000,0.000,0.000,0.000,0.000,0.000]
  Alt-Benders[1] (mw): LB=20.588374, Z₀(α*)=24.558177, intercept=-133.695119 (0.234s) [OMP=0.197 ISP-L=0.004 ISP-F=0.011 MW-L=0.009 MW-F=0.010]
  Alt-Benders[2] (mw): LB=20.649158, Z₀(α*)=35.451737, intercept=-18.016906 (0.284s) [OMP=0.250 ISP-L=0.004 ISP-F=0.010 MW-L=0.008 MW-F=0.010]
  Alt-Benders[3] (mw): LB=20.659376, Z₀(α*)=31.497901, intercept=-39.789043 (0.247s) [OMP=0.208 ISP-L=0.004 ISP-F=0.010 MW-L=0.009 MW-F=0.011]
  Alt-Benders[4] (mw): LB=20.933510, Z₀(α*)=39.858612, intercept=15.966039 (0.235s) [OMP=0.196 ISP-L=0.005 ISP-F=0.010 MW-L=0.016 MW-F=0.009]
  Alt-Benders[5] (mw): LB=21.136250, Z₀(α*)=33.485061, intercept=-52.804136 (0.219s) [OMP=0.192 ISP-L=0.004 ISP-F=0.010 MW-L=0.009 MW-F=0.009]
  OMP re-solve: 0.244s

=== True-DRO Benders iter 24 ===
  OMP: t₀=21.405068, UB=35.558759, gap=3.98e-01, x=[0, 0, 0, 0, 0, 0, 0, 0, 0, 0, 0, 0, 0, 0, 0, 0, 0, 0, 0, 0, 0, 0, 0, 0, 0, 0, 0, 0, 0, 0, 0, 0, 0, 1, 0, 1, 0, 0, 0, 0, 0, 0, 0, 0, 0, 0, 0] (0.000s)
  Sub: Z₀=40.586172 [LOCAL] (0.2s), α=[0.000,0.000,0.000,0.000,0.000,0.000,0.000,0.000,0.000,0.000,0.000,0.000,0.000,0.000,0.000,0.000,0.000,0.000,0.000,0.000,0.000,0.000,0.000,0.000,2.895,0.000,0.000,0.000,0.869,0.000,0.000,0.000,0.000,0.000,0.000,3.185,3.300,0.000,0.000,0.000,0.000,0.000,0.000,0.000,0.000,0.000,0.000]
  Iter 24: LB=21.405068  UB=35.558759  gap=3.98e-01
  Cut: intercept=-1117.662226, π_x_range=[-831.2491, 582.6367]
  Mini-Benders[1] (mw): LB=21.865431, Z₀(α*)=36.350555, intercept=-25.517560 (0.289s) [OMP=0.261 ISP-L=0.004 ISP-F=0.013 MW-L=0.009 MW-F=0.012]
  Mini-Benders[2] (mw): LB=22.314635, Z₀(α*)=19.423853, intercept=-129.959124 (0.310s) [OMP=0.249 ISP-L=0.005 ISP-F=0.013 MW-L=0.009 MW-F=0.021]
  Mini-Benders[3] (mw): LB=22.314635, Z₀(α*)=19.423853, intercept=-129.959124 (0.234s) [OMP=0.207 ISP-L=0.004 ISP-F=0.014 MW-L=0.009 MW-F=0.013]
  Mini-Benders[4] (mw): LB=22.314635, Z₀(α*)=19.423853, intercept=-129.959124 (0.262s) [OMP=0.206 ISP-L=0.004 ISP-F=0.013 MW-L=0.009 MW-F=0.013]
  Mini-Benders[5]: LB stagnated, break
  α-step: Z₀=39.678884, α=[0.000,0.000,0.000,0.000,0.000,0.000,0.000,0.000,0.000,0.000,0.000,0.000,0.000,0.000,0.000,0.000,0.000,0.000,0.000,0.000,0.000,0.000,0.000,0.000,4.495,0.000,0.000,0.000,2.744,0.000,0.000,0.000,0.000,0.000,0.000,3.010,0.000,0.000,0.000,0.000,0.000,0.000,0.000,0.000,0.000,0.000,0.000]
  Alt-Benders[1] (mw): LB=22.423280, Z₀(α*)=38.375035, intercept=-26.997263 (0.297s) [OMP=0.254 ISP-L=0.004 ISP-F=0.011 MW-L=0.009 MW-F=0.012]
  Alt-Benders[2] (mw): LB=22.856715, Z₀(α*)=30.747632, intercept=-6.627681 (0.290s) [OMP=0.247 ISP-L=0.004 ISP-F=0.011 MW-L=0.008 MW-F=0.018]
  Alt-Benders[3] (mw): LB=22.923633, Z₀(α*)=33.124719, intercept=-16.448826 (0.269s) [OMP=0.234 ISP-L=0.004 ISP-F=0.011 MW-L=0.009 MW-F=0.009]
  Alt-Benders[4] (mw): LB=23.026713, Z₀(α*)=31.118277, intercept=-137.344483 (0.285s) [OMP=0.253 ISP-L=0.004 ISP-F=0.011 MW-L=0.008 MW-F=0.011]
  Alt-Benders[5] (mw): LB=23.122729, Z₀(α*)=20.540967, intercept=-137.268284 (0.282s) [OMP=0.242 ISP-L=0.004 ISP-F=0.011 MW-L=0.008 MW-F=0.012]
  OMP re-solve: 0.239s

=== True-DRO Benders iter 25 ===
  OMP: t₀=23.122729, UB=35.558759, gap=3.50e-01, x=[0, 0, 0, 0, 0, 0, 0, 0, 0, 0, 1, 0, 0, 1, 0, 0, 0, 0, 0, 0, 0, 0, 0, 0, 0, 0, 0, 0, 0, 0, 0, 0, 0, 0, 0, 0, 0, 0, 0, 0, 0, 0, 0, 0, 0, 0, 0] (0.000s)
  Sub: Z₀=39.866054 (5.9s), α=[0.000,0.000,0.000,0.000,0.000,0.000,0.000,0.000,0.000,0.000,0.000,0.000,0.000,0.000,0.000,0.000,0.000,0.000,0.000,0.000,0.000,0.000,3.012,0.000,1.947,0.000,0.000,0.000,5.239,0.000,0.000,0.000,0.000,0.000,0.000,0.000,0.051,0.000,0.000,0.000,0.000,0.000,0.000,0.000,0.000,0.000,0.000]
  Iter 25: LB=23.122729  UB=35.558759  gap=3.50e-01
  Cut: intercept=-124.553244, π_x_range=[-219.0000, 129.8110]
  Sherali-Cut: intercept=-66.304061, π_x_range=[-117.5300, 106.1701]
  Mini-Benders[1] (mw): LB=23.813767, Z₀(α*)=25.792303, intercept=-32.641595 (0.302s) [OMP=0.264 ISP-L=0.005 ISP-F=0.011 MW-L=0.008 MW-F=0.012]
  Mini-Benders[2] (mw): LB=23.860345, Z₀(α*)=31.483891, intercept=-75.697820 (0.266s) [OMP=0.244 ISP-L=0.005 ISP-F=0.010 MW-L=0.009 MW-F=0.010]
  Mini-Benders[3] (mw): LB=24.155708, Z₀(α*)=34.535812, intercept=-180.452438 (0.276s) [OMP=0.227 ISP-L=0.004 ISP-F=0.010 MW-L=0.008 MW-F=0.012]
  Mini-Benders[4] (mw): LB=24.315116, Z₀(α*)=32.004169, intercept=-114.902899 (0.270s) [OMP=0.240 ISP-L=0.005 ISP-F=0.012 MW-L=0.015 MW-F=0.012]
  Mini-Benders[5] (mw): LB=24.558175, Z₀(α*)=8.526906, intercept=-130.124559 (0.282s) [OMP=0.247 ISP-L=0.004 ISP-F=0.009 MW-L=0.009 MW-F=0.011]
  α-step: Z₀=28.474313, α=[0.000,0.000,0.000,0.000,0.000,0.000,0.000,0.000,0.000,0.000,0.000,0.000,0.000,0.000,0.000,0.000,0.000,0.000,0.000,0.000,0.000,0.000,0.000,0.000,2.021,0.000,0.000,0.000,5.071,0.000,0.000,0.000,0.000,0.000,0.000,0.000,3.157,0.000,0.000,0.000,0.000,0.000,0.000,0.000,0.000,0.000,0.000]
  Alt-Benders[1] (mw): LB=24.558589, Z₀(α*)=22.400317, intercept=-110.479319 (0.312s) [OMP=0.266 ISP-L=0.005 ISP-F=0.010 MW-L=0.009 MW-F=0.011]
  Alt-Benders[2] (mw): LB=24.558589, Z₀(α*)=22.400317, intercept=-110.479319 (0.281s) [OMP=0.254 ISP-L=0.004 ISP-F=0.010 MW-L=0.009 MW-F=0.011]
  Alt-Benders[3] (mw): LB=24.558589, Z₀(α*)=22.400317, intercept=-110.479319 (0.297s) [OMP=0.247 ISP-L=0.004 ISP-F=0.010 MW-L=0.017 MW-F=0.011]
  Alt-Benders[4]: LB stagnated, break
  OMP re-solve: 0.000s

=== True-DRO Benders iter 26 ===
  OMP: t₀=24.558589, UB=35.558759, gap=3.09e-01, x=[0, 0, 0, 0, 0, 0, 0, 0, 0, 0, 0, 0, 0, 0, 0, 0, 0, 0, 0, 0, 0, 0, 0, 0, 0, 0, 1, 1, 0, 0, 0, 0, 0, 0, 0, 0, 0, 0, 0, 0, 0, 0, 0, 0, 0, 0, 0] (0.000s)
  Sub: Z₀=30.028802 [LOCAL] (0.2s), α=[0.000,0.000,0.000,0.000,0.000,0.000,0.000,0.000,0.000,0.000,0.000,0.000,0.000,0.000,0.000,0.000,0.000,0.000,0.000,0.000,0.000,0.000,0.000,0.000,2.239,0.000,0.000,2.376,5.634,0.000,0.000,0.000,0.000,0.000,0.000,0.000,0.000,0.000,0.000,0.000,0.000,0.000,0.000,0.000,0.000,0.000,0.000]
  Iter 26: LB=24.558589  UB=35.558759  gap=3.09e-01
  Cut: intercept=-1141.211491, π_x_range=[-831.8089, 590.5382]
  Mini-Benders[1] (mw): LB=24.848498, Z₀(α*)=25.154736, intercept=-56.441854 (0.318s) [OMP=0.271 ISP-L=0.004 ISP-F=0.013 MW-L=0.009 MW-F=0.010]
  Mini-Benders[2] (mw): LB=24.901117, Z₀(α*)=28.077581, intercept=-53.391917 (0.307s) [OMP=0.282 ISP-L=0.004 ISP-F=0.012 MW-L=0.008 MW-F=0.012]
  Mini-Benders[3] (mw): LB=25.075994, Z₀(α*)=26.786984, intercept=-6.865011 (0.313s) [OMP=0.257 ISP-L=0.004 ISP-F=0.012 MW-L=0.009 MW-F=0.020]
  Mini-Benders[4] (mw): LB=25.154734, Z₀(α*)=25.154736, intercept=-56.441854 (0.281s) [OMP=0.246 ISP-L=0.004 ISP-F=0.012 MW-L=0.009 MW-F=0.010]
  Mini-Benders[5] (mw): LB=25.154734, Z₀(α*)=25.154736, intercept=-56.441854 (0.266s) [OMP=0.234 ISP-L=0.004 ISP-F=0.013 MW-L=0.009 MW-F=0.010]
  α-step: Z₀=37.494860, α=[0.000,0.000,0.000,0.000,0.000,0.000,0.000,0.000,0.000,0.000,0.000,0.000,0.000,0.000,0.000,0.000,0.000,0.000,0.000,0.000,0.000,0.000,0.000,0.000,5.937,0.000,0.000,0.000,2.744,0.000,0.000,0.000,0.000,0.000,0.000,1.411,0.157,0.000,0.000,0.000,0.000,0.000,0.000,0.000,0.000,0.000,0.000]
  Alt-Benders[1] (mw): LB=25.506885, Z₀(α*)=30.674612, intercept=-58.467431 (0.301s) [OMP=0.271 ISP-L=0.004 ISP-F=0.010 MW-L=0.008 MW-F=0.012]
  Alt-Benders[2] (mw): LB=25.581063, Z₀(α*)=36.799107, intercept=-15.638429 (0.318s) [OMP=0.269 ISP-L=0.004 ISP-F=0.010 MW-L=0.017 MW-F=0.010]
  Alt-Benders[3] (mw): LB=25.757017, Z₀(α*)=20.945962, intercept=-78.830950 (0.275s) [OMP=0.249 ISP-L=0.004 ISP-F=0.010 MW-L=0.009 MW-F=0.013]
  Alt-Benders[4] (mw): LB=25.757017, Z₀(α*)=20.945962, intercept=-78.830950 (0.283s) [OMP=0.236 ISP-L=0.005 ISP-F=0.010 MW-L=0.009 MW-F=0.013]
  Alt-Benders[5] (mw): LB=25.757017, Z₀(α*)=20.945962, intercept=-78.830950 (0.280s) [OMP=0.243 ISP-L=0.004 ISP-F=0.010 MW-L=0.009 MW-F=0.013]
  OMP re-solve: 0.243s

=== True-DRO Benders iter 27 ===
  OMP: t₀=25.757017, UB=35.558759, gap=2.76e-01, x=[0, 0, 0, 0, 0, 0, 0, 0, 0, 0, 0, 0, 0, 0, 0, 0, 0, 0, 0, 0, 0, 0, 1, 1, 0, 0, 0, 0, 0, 0, 0, 0, 0, 0, 0, 0, 0, 0, 0, 0, 0, 0, 0, 0, 0, 0, 0] (0.000s)
  Sub: Z₀=33.616237 [LOCAL] (0.2s), α=[0.000,0.000,0.000,0.000,0.000,0.000,0.000,0.000,0.000,0.000,0.000,0.000,0.000,0.000,0.000,0.000,0.000,0.000,0.000,0.000,0.000,0.000,5.168,0.136,2.929,0.000,0.000,0.000,0.000,0.000,0.000,0.000,0.000,0.000,0.000,0.211,1.805,0.000,0.000,0.000,0.000,0.000,0.000,0.000,0.000,0.000,0.000]
  Iter 27: LB=25.757017  UB=35.558759  gap=2.76e-01
  Cut: intercept=-1138.211915, π_x_range=[-827.6990, 586.3410]
  Mini-Benders[1] (mw): LB=25.792301, Z₀(α*)=19.750371, intercept=-56.315561 (0.312s) [OMP=0.263 ISP-L=0.005 ISP-F=0.013 MW-L=0.017 MW-F=0.011]
  Mini-Benders[2] (mw): LB=25.792301, Z₀(α*)=19.750371, intercept=-56.315561 (0.281s) [OMP=0.251 ISP-L=0.005 ISP-F=0.013 MW-L=0.008 MW-F=0.011]
  Mini-Benders[3] (mw): LB=25.792301, Z₀(α*)=19.750371, intercept=-56.315561 (0.297s) [OMP=0.250 ISP-L=0.005 ISP-F=0.012 MW-L=0.008 MW-F=0.011]
  Mini-Benders[4]: LB stagnated, break
  α-step: Z₀=38.924376, α=[0.000,0.000,0.000,0.000,0.000,0.000,0.000,0.000,0.000,0.000,0.000,0.000,0.000,0.000,0.000,0.000,0.000,0.000,0.000,0.000,0.000,0.000,0.000,0.000,5.261,0.529,0.000,0.539,0.368,0.000,0.000,0.000,0.000,0.000,3.552,0.000,0.000,0.000,0.000,0.000,0.000,0.000,0.000,0.000,0.000,0.000,0.000]
  Alt-Benders[1] (mw): LB=25.890246, Z₀(α*)=37.061359, intercept=-58.503408 (0.300s) [OMP=0.263 ISP-L=0.005 ISP-F=0.012 MW-L=0.009 MW-F=0.017]
  Alt-Benders[2] (mw): LB=25.927808, Z₀(α*)=40.653765, intercept=30.904312 (0.321s) [OMP=0.285 ISP-L=0.005 ISP-F=0.011 MW-L=0.008 MW-F=0.011]
  Alt-Benders[3] (mw): LB=25.953148, Z₀(α*)=35.460898, intercept=-6.641186 (0.308s) [OMP=0.274 ISP-L=0.004 ISP-F=0.010 MW-L=0.009 MW-F=0.012]
  Alt-Benders[4] (mw): LB=25.992825, Z₀(α*)=38.859729, intercept=6.101735 (0.309s) [OMP=0.271 ISP-L=0.004 ISP-F=0.011 MW-L=0.007 MW-F=0.012]
  Alt-Benders[5] (mw): LB=26.033224, Z₀(α*)=34.491124, intercept=-32.107520 (0.307s) [OMP=0.262 ISP-L=0.005 ISP-F=0.010 MW-L=0.008 MW-F=0.012]
  OMP re-solve: 0.254s

=== True-DRO Benders iter 28 ===
  OMP: t₀=26.357286, UB=35.558759, gap=2.59e-01, x=[0, 0, 0, 0, 0, 0, 0, 0, 0, 0, 1, 0, 0, 0, 0, 0, 0, 0, 0, 0, 0, 0, 0, 0, 0, 0, 0, 0, 0, 0, 0, 0, 0, 0, 0, 0, 1, 0, 0, 0, 0, 0, 0, 0, 0, 0, 0] (0.000s)
  Sub: Z₀=33.984825 [LOCAL] (0.2s), α=[0.000,0.000,0.000,0.000,0.000,0.000,0.000,0.000,0.000,0.000,0.000,0.000,0.000,0.000,0.000,0.000,0.000,0.000,0.000,0.000,0.000,0.000,3.481,0.000,0.000,0.000,0.000,0.000,3.611,0.000,0.000,0.000,0.000,0.000,0.000,0.000,3.157,0.000,0.000,0.000,0.000,0.000,0.000,0.000,0.000,0.000,0.000]
  Iter 28: LB=26.357286  UB=35.558759  gap=2.59e-01
  Cut: intercept=-1109.165215, π_x_range=[-826.4448, 585.6580]
  Mini-Benders[1] (mw): LB=26.394059, Z₀(α*)=12.066556, intercept=-118.786380 (0.292s) [OMP=0.264 ISP-L=0.004 ISP-F=0.011 MW-L=0.008 MW-F=0.009]
  Mini-Benders[2] (mw): LB=26.394059, Z₀(α*)=12.066556, intercept=-118.786380 (0.282s) [OMP=0.251 ISP-L=0.004 ISP-F=0.010 MW-L=0.008 MW-F=0.009]
  Mini-Benders[3] (mw): LB=26.394059, Z₀(α*)=12.066556, intercept=-118.786380 (0.280s) [OMP=0.247 ISP-L=0.004 ISP-F=0.010 MW-L=0.008 MW-F=0.009]
  Mini-Benders[4]: LB stagnated, break
  α-step: Z₀=33.507847, α=[0.000,0.000,0.000,0.000,0.000,0.000,0.000,0.000,0.000,0.000,0.000,0.000,0.000,0.000,0.000,0.000,0.000,0.000,0.000,0.000,0.000,0.000,0.000,0.000,2.929,0.000,0.000,1.287,5.239,0.000,0.000,0.000,0.000,0.000,0.000,0.794,0.000,0.000,0.000,0.000,0.000,0.000,0.000,0.000,0.000,0.000,0.000]
  Alt-Benders[1] (mw): LB=26.449948, Z₀(α*)=6.753411, intercept=-19.036355 (0.296s) [OMP=0.253 ISP-L=0.004 ISP-F=0.010 MW-L=0.017 MW-F=0.011]
  Alt-Benders[2] (mw): LB=26.449948, Z₀(α*)=6.753411, intercept=-19.036355 (0.282s) [OMP=0.249 ISP-L=0.005 ISP-F=0.010 MW-L=0.008 MW-F=0.011]
  Alt-Benders[3] (mw): LB=26.449948, Z₀(α*)=6.753411, intercept=-19.036355 (0.304s) [OMP=0.254 ISP-L=0.004 ISP-F=0.010 MW-L=0.008 MW-F=0.011]
  Alt-Benders[4]: LB stagnated, break
  OMP re-solve: 0.000s

=== True-DRO Benders iter 29 ===
  OMP: t₀=26.449948, UB=35.558759, gap=2.56e-01, x=[0, 0, 0, 0, 0, 0, 0, 0, 0, 0, 0, 0, 0, 0, 0, 0, 0, 0, 0, 0, 0, 0, 1, 0, 1, 0, 0, 0, 0, 0, 0, 0, 0, 0, 0, 0, 0, 0, 0, 0, 0, 0, 0, 0, 0, 0, 0] (0.000s)
  Sub: Z₀=36.372189 [LOCAL] (0.2s), α=[0.000,0.000,0.000,0.000,0.000,0.000,0.000,0.000,0.000,0.000,0.000,0.000,0.000,0.000,0.000,0.000,0.000,0.000,0.000,0.000,0.000,0.000,0.000,0.000,9.931,0.000,0.000,0.000,0.000,0.000,0.000,0.000,0.000,0.000,0.000,0.034,0.284,0.000,0.000,0.000,0.000,0.000,0.000,0.000,0.000,0.000,0.000]
  Iter 29: LB=26.449948  UB=35.558759  gap=2.56e-01
  Cut: intercept=-1132.767346, π_x_range=[-831.0565, 586.9625]
  Mini-Benders[1] (mw): LB=26.451987, Z₀(α*)=23.296657, intercept=-71.897980 (0.294s) [OMP=0.255 ISP-L=0.004 ISP-F=0.011 MW-L=0.009 MW-F=0.019]
  Mini-Benders[2] (mw): LB=26.451987, Z₀(α*)=23.296657, intercept=-71.897980 (0.278s) [OMP=0.226 ISP-L=0.004 ISP-F=0.011 MW-L=0.009 MW-F=0.012]
  Mini-Benders[3] (mw): LB=26.451987, Z₀(α*)=23.296657, intercept=-71.897980 (0.253s) [OMP=0.222 ISP-L=0.004 ISP-F=0.011 MW-L=0.009 MW-F=0.012]
  Mini-Benders[4]: LB stagnated, break
  α-step: Z₀=32.216393, α=[0.000,0.000,0.000,0.000,0.000,0.000,0.000,0.000,0.000,0.000,0.000,0.000,0.000,0.000,0.000,0.000,0.000,0.000,0.000,0.000,0.000,0.000,0.000,0.000,7.115,0.000,0.000,0.000,3.135,0.000,0.000,0.000,0.000,0.000,0.000,0.000,0.000,0.000,0.000,0.000,0.000,0.000,0.000,0.000,0.000,0.000,0.000]
  Alt-Benders[1] (mw): LB=26.475762, Z₀(α*)=37.230326, intercept=-14.958632 (0.295s) [OMP=0.246 ISP-L=0.004 ISP-F=0.009 MW-L=0.008 MW-F=0.013]
  Alt-Benders[2] (mw): LB=26.606004, Z₀(α*)=35.229072, intercept=-52.296976 (0.314s) [OMP=0.273 ISP-L=0.005 ISP-F=0.010 MW-L=0.017 MW-F=0.012]
  Alt-Benders[3] (mw): LB=26.651644, Z₀(α*)=33.851340, intercept=-68.746557 (0.292s) [OMP=0.251 ISP-L=0.004 ISP-F=0.010 MW-L=0.009 MW-F=0.011]
  Alt-Benders[4] (mw): LB=26.756939, Z₀(α*)=34.493743, intercept=-31.713529 (0.285s) [OMP=0.253 ISP-L=0.005 ISP-F=0.010 MW-L=0.008 MW-F=0.009]
  Alt-Benders[5] (mw): LB=27.074917, Z₀(α*)=27.357956, intercept=-110.476339 (0.268s) [OMP=0.242 ISP-L=0.004 ISP-F=0.009 MW-L=0.008 MW-F=0.011]
  OMP re-solve: 0.232s

=== True-DRO Benders iter 30 ===
  OMP: t₀=27.291576, UB=35.558759, gap=2.32e-01, x=[0, 0, 0, 0, 0, 0, 0, 0, 0, 0, 0, 0, 0, 0, 0, 0, 0, 0, 0, 0, 0, 0, 0, 0, 0, 0, 0, 0, 0, 0, 0, 1, 0, 0, 1, 0, 0, 0, 0, 0, 0, 0, 0, 0, 0, 0, 0] (0.000s)
  Sub: Z₀=36.960885 [TIME_LIMIT] (15.0s), α=[0.000,0.000,0.000,0.000,0.000,0.000,0.000,0.000,0.000,0.000,0.000,0.000,0.000,0.000,0.000,0.000,0.000,0.000,0.000,0.000,0.000,0.000,0.064,0.000,0.205,3.904,0.000,0.000,0.971,0.000,0.000,4.900,0.000,0.000,0.205,0.000,0.000,0.000,0.000,0.000,0.000,0.000,0.000,0.000,0.000,0.000,0.000]
  Iter 30: LB=27.291576  UB=35.558759  gap=2.32e-01
  Cut: intercept=-47.817126, π_x_range=[-219.4197, 47.4338]
  Mini-Benders[1] (mw): LB=27.357954, Z₀(α*)=-11.930610, intercept=-149.115818 (0.343s) [OMP=0.299 ISP-L=0.004 ISP-F=0.010 MW-L=0.017 MW-F=0.010]
  Mini-Benders[2] (mw): LB=27.357954, Z₀(α*)=-11.930610, intercept=-149.115818 (0.321s) [OMP=0.276 ISP-L=0.005 ISP-F=0.009 MW-L=0.009 MW-F=0.010]
  Mini-Benders[3] (mw): LB=27.357954, Z₀(α*)=-11.930610, intercept=-149.115818 (0.304s) [OMP=0.273 ISP-L=0.004 ISP-F=0.009 MW-L=0.009 MW-F=0.010]
  Mini-Benders[4]: LB stagnated, break
  α-step: Z₀=30.576485, α=[0.000,0.000,0.000,0.000,0.000,0.000,0.000,0.000,0.000,0.000,0.000,0.000,0.000,0.000,0.000,0.000,0.000,0.000,0.000,0.000,0.000,0.000,0.000,0.000,2.573,0.000,0.000,0.000,5.071,0.000,2.605,0.000,0.000,0.000,0.000,0.000,0.000,0.000,0.000,0.000,0.000,0.000,0.000,0.000,0.000,0.000,0.000]
  Alt-Benders[1] (mw): LB=27.536972, Z₀(α*)=24.097194, intercept=2.588211 (0.314s) [OMP=0.263 ISP-L=0.004 ISP-F=0.012 MW-L=0.009 MW-F=0.018]
  Alt-Benders[2] (mw): LB=27.536972, Z₀(α*)=24.097194, intercept=2.588211 (0.264s) [OMP=0.236 ISP-L=0.004 ISP-F=0.011 MW-L=0.009 MW-F=0.010]
  Alt-Benders[3] (mw): LB=27.536972, Z₀(α*)=24.097194, intercept=2.588211 (0.276s) [OMP=0.234 ISP-L=0.004 ISP-F=0.011 MW-L=0.009 MW-F=0.010]
  Alt-Benders[4]: LB stagnated, break
  OMP re-solve: 0.000s

=== True-DRO Benders iter 31 ===
  OMP: t₀=27.536972, UB=35.558759, gap=2.26e-01, x=[0, 0, 0, 0, 0, 0, 0, 0, 0, 0, 0, 0, 0, 0, 0, 0, 0, 0, 0, 0, 0, 0, 0, 0, 0, 0, 0, 0, 1, 0, 0, 0, 0, 0, 1, 0, 0, 0, 0, 0, 0, 0, 0, 0, 0, 0, 0] (0.000s)
  Sub: Z₀=38.770973 [LOCAL] (0.2s), α=[0.000,0.000,0.000,0.000,0.000,0.000,0.000,0.000,0.000,0.000,0.000,0.000,0.000,0.000,0.000,0.000,0.000,0.000,0.000,0.000,0.000,0.000,0.063,0.047,0.473,0.000,0.000,0.028,5.154,0.000,0.000,0.000,0.000,0.000,2.773,0.718,0.992,0.000,0.000,0.000,0.000,0.000,0.000,0.000,0.000,0.000,0.000]
  Iter 31: LB=27.536972  UB=35.558759  gap=2.26e-01
  Cut: intercept=-1142.137101, π_x_range=[-829.7088, 596.9645]
  Mini-Benders[1] (mw): LB=27.794567, Z₀(α*)=24.791251, intercept=-20.509126 (0.297s) [OMP=0.263 ISP-L=0.004 ISP-F=0.012 MW-L=0.008 MW-F=0.012]
  Mini-Benders[2] (mw): LB=27.794567, Z₀(α*)=24.791251, intercept=-20.509126 (0.322s) [OMP=0.264 ISP-L=0.004 ISP-F=0.012 MW-L=0.016 MW-F=0.012]
  Mini-Benders[3] (mw): LB=27.794567, Z₀(α*)=24.791251, intercept=-20.509126 (0.286s) [OMP=0.253 ISP-L=0.004 ISP-F=0.012 MW-L=0.008 MW-F=0.012]
  Mini-Benders[4]: LB stagnated, break
  α-step: Z₀=40.694216, α=[0.000,0.000,0.000,0.000,0.000,0.000,0.000,0.000,0.000,0.000,0.000,0.000,0.000,0.000,0.000,0.000,0.000,0.000,0.000,0.000,0.000,0.000,0.000,0.000,3.486,0.000,0.000,0.000,2.089,0.000,0.000,0.000,0.000,0.000,0.000,2.780,1.895,0.000,0.000,0.000,0.000,0.000,0.000,0.000,0.000,0.000,0.000]
  Alt-Benders[1] (mw): LB=27.955774, Z₀(α*)=19.996211, intercept=-113.209446 (0.296s) [OMP=0.266 ISP-L=0.004 ISP-F=0.011 MW-L=0.008 MW-F=0.010]
  Alt-Benders[2] (mw): LB=27.955774, Z₀(α*)=19.996211, intercept=-113.209446 (0.281s) [OMP=0.250 ISP-L=0.004 ISP-F=0.011 MW-L=0.008 MW-F=0.010]
  Alt-Benders[3] (mw): LB=27.955774, Z₀(α*)=19.996211, intercept=-113.209446 (0.299s) [OMP=0.248 ISP-L=0.004 ISP-F=0.011 MW-L=0.016 MW-F=0.010]
  Alt-Benders[4]: LB stagnated, break
  OMP re-solve: 0.000s

=== True-DRO Benders iter 32 ===
  OMP: t₀=27.955774, UB=35.558759, gap=2.14e-01, x=[0, 0, 0, 0, 0, 0, 0, 0, 0, 0, 0, 0, 0, 0, 0, 0, 0, 0, 0, 0, 0, 0, 0, 0, 0, 0, 0, 1, 0, 0, 0, 0, 0, 0, 1, 0, 0, 0, 0, 0, 0, 0, 0, 0, 0, 0, 0] (0.000s)
  Sub: Z₀=31.301099 [LOCAL] (0.2s), α=[0.000,0.000,0.000,0.000,0.000,0.000,0.000,0.000,0.000,0.000,0.000,0.000,0.000,0.000,0.000,0.000,0.000,0.000,0.000,0.000,0.000,0.000,0.000,0.000,0.000,0.000,0.000,4.070,6.082,0.000,0.000,0.000,0.000,0.000,0.094,0.002,0.002,0.000,0.000,0.000,0.000,0.000,0.000,0.000,0.000,0.000,0.000]
  Iter 32: LB=27.955774  UB=35.558759  gap=2.14e-01
  Cut: intercept=-1147.835769, π_x_range=[-826.7745, 591.9751]
  Mini-Benders[1] (mw): LB=27.975078, Z₀(α*)=6.845092, intercept=-115.228441 (0.297s) [OMP=0.260 ISP-L=0.004 ISP-F=0.013 MW-L=0.008 MW-F=0.011]
  Mini-Benders[2] (mw): LB=27.975078, Z₀(α*)=6.845092, intercept=-115.228441 (0.287s) [OMP=0.246 ISP-L=0.005 ISP-F=0.012 MW-L=0.008 MW-F=0.011]
  Mini-Benders[3] (mw): LB=27.975078, Z₀(α*)=6.845092, intercept=-115.228441 (0.275s) [OMP=0.245 ISP-L=0.004 ISP-F=0.012 MW-L=0.008 MW-F=0.018]
  Mini-Benders[4]: LB stagnated, break
  α-step: Z₀=36.454201, α=[0.000,0.000,0.000,0.000,0.000,0.000,0.000,0.000,0.000,0.000,0.000,0.000,0.000,0.000,0.000,0.000,0.000,0.000,0.000,0.000,0.000,0.000,0.000,0.000,2.108,0.000,0.000,0.000,8.091,0.000,0.000,0.000,0.000,0.000,0.000,0.000,0.051,0.000,0.000,0.000,0.000,0.000,0.000,0.000,0.000,0.000,0.000]
  Alt-Benders[1] (mw): LB=28.232294, Z₀(α*)=27.087557, intercept=-161.319245 (0.296s) [OMP=0.257 ISP-L=0.004 ISP-F=0.010 MW-L=0.008 MW-F=0.008]
  Alt-Benders[2] (mw): LB=28.232294, Z₀(α*)=27.087557, intercept=-161.319245 (0.282s) [OMP=0.253 ISP-L=0.004 ISP-F=0.010 MW-L=0.008 MW-F=0.008]
  Alt-Benders[3] (mw): LB=28.232294, Z₀(α*)=27.087557, intercept=-161.319245 (0.281s) [OMP=0.246 ISP-L=0.004 ISP-F=0.010 MW-L=0.009 MW-F=0.009]
  Alt-Benders[4]: LB stagnated, break
  OMP re-solve: 0.000s

=== True-DRO Benders iter 33 ===
  OMP: t₀=28.232294, UB=35.558759, gap=2.06e-01, x=[0, 0, 0, 0, 0, 0, 0, 0, 0, 0, 0, 0, 0, 0, 0, 0, 0, 0, 0, 0, 0, 0, 0, 0, 0, 0, 0, 0, 0, 1, 0, 0, 0, 0, 0, 1, 0, 0, 0, 0, 0, 0, 0, 0, 0, 0, 0] (0.000s)
  Sub: Z₀=38.666423 [LOCAL] (0.2s), α=[0.000,0.000,0.000,0.000,0.000,0.000,0.000,0.000,0.000,0.000,0.000,0.000,0.000,0.000,0.000,0.000,0.000,0.000,0.000,0.000,0.000,0.000,0.000,0.000,0.000,0.000,0.000,0.028,4.061,0.000,0.000,0.000,0.000,0.000,0.000,3.317,2.843,0.000,0.000,0.000,0.000,0.000,0.000,0.000,0.000,0.000,0.000]
  Iter 33: LB=28.232294  UB=35.558759  gap=2.06e-01
  Cut: intercept=-1114.071834, π_x_range=[-829.8335, 585.6062]
  Mini-Benders[1] (mw): LB=28.474313, Z₀(α*)=23.097801, intercept=-119.591222 (0.308s) [OMP=0.261 ISP-L=0.004 ISP-F=0.011 MW-L=0.008 MW-F=0.009]
  Mini-Benders[2] (mw): LB=28.474313, Z₀(α*)=23.097801, intercept=-119.591222 (0.243s) [OMP=0.215 ISP-L=0.004 ISP-F=0.010 MW-L=0.008 MW-F=0.009]
  Mini-Benders[3] (mw): LB=28.474313, Z₀(α*)=23.097801, intercept=-119.591222 (0.246s) [OMP=0.217 ISP-L=0.004 ISP-F=0.010 MW-L=0.008 MW-F=0.009]
  Mini-Benders[4]: LB stagnated, break
  α-step: Z₀=29.270330, α=[0.000,0.000,0.000,0.000,0.000,0.000,0.000,0.000,0.000,0.000,0.000,0.000,0.000,0.000,0.000,0.000,0.000,0.000,0.000,0.000,0.000,0.000,0.000,0.000,0.000,0.000,0.000,2.034,3.037,0.000,0.000,0.000,0.000,0.000,0.000,0.000,5.178,0.000,0.000,0.000,0.000,0.000,0.000,0.000,0.000,0.000,0.000]
  Alt-Benders[1] (mw): LB=28.573830, Z₀(α*)=25.135224, intercept=-16.184721 (0.294s) [OMP=0.248 ISP-L=0.004 ISP-F=0.011 MW-L=0.016 MW-F=0.011]
  Alt-Benders[2] (mw): LB=28.573830, Z₀(α*)=25.135224, intercept=-16.184721 (0.280s) [OMP=0.239 ISP-L=0.005 ISP-F=0.010 MW-L=0.009 MW-F=0.011]
  Alt-Benders[3] (mw): LB=28.573830, Z₀(α*)=25.135224, intercept=-16.184721 (0.267s) [OMP=0.242 ISP-L=0.004 ISP-F=0.011 MW-L=0.009 MW-F=0.011]
  Alt-Benders[4]: LB stagnated, break
  OMP re-solve: 0.000s

=== True-DRO Benders iter 34 ===
  OMP: t₀=28.573830, UB=35.558759, gap=1.96e-01, x=[0, 0, 0, 0, 0, 0, 0, 0, 0, 0, 0, 0, 0, 0, 0, 0, 0, 0, 0, 0, 0, 0, 0, 1, 0, 0, 0, 0, 0, 0, 0, 0, 0, 1, 0, 0, 0, 0, 0, 0, 0, 0, 0, 0, 0, 0, 0] (0.000s)
  Sub: Z₀=38.133128 [LOCAL] (0.4s), α=[0.000,0.000,0.000,0.000,0.000,0.000,0.000,0.000,0.000,0.000,0.000,0.000,0.000,0.000,0.000,0.000,0.000,0.000,0.000,0.000,0.000,0.000,3.212,3.724,2.776,0.000,0.000,0.000,0.000,0.000,0.000,0.000,0.000,0.000,0.000,0.050,0.488,0.000,0.000,0.000,0.000,0.000,0.000,0.000,0.000,0.000,0.000]
  Iter 34: LB=28.573830  UB=35.558759  gap=1.96e-01
  Cut: intercept=-1115.551323, π_x_range=[-828.1494, 578.0964]
  Mini-Benders[1] (mw): LB=28.575422, Z₀(α*)=-17.311913, intercept=-69.013932 (0.311s) [OMP=0.268 ISP-L=0.004 ISP-F=0.011 MW-L=0.007 MW-F=0.017]
  Mini-Benders[2] (mw): LB=28.575422, Z₀(α*)=-17.311913, intercept=-69.013932 (0.305s) [OMP=0.261 ISP-L=0.004 ISP-F=0.011 MW-L=0.007 MW-F=0.009]
  Mini-Benders[3] (mw): LB=28.575422, Z₀(α*)=-17.311913, intercept=-69.013932 (0.289s) [OMP=0.263 ISP-L=0.004 ISP-F=0.011 MW-L=0.007 MW-F=0.009]
  Mini-Benders[4]: LB stagnated, break
  α-step: Z₀=34.358473, α=[0.000,0.000,0.000,0.000,0.000,0.000,0.000,0.000,0.000,0.000,0.000,0.000,0.000,0.000,0.000,0.000,0.000,0.000,0.000,0.000,0.000,0.000,0.000,0.000,2.929,0.000,0.000,4.126,3.037,0.000,0.000,0.000,0.000,0.000,0.000,0.000,0.157,0.000,0.000,0.000,0.000,0.000,0.000,0.000,0.000,0.000,0.000]
  Alt-Benders[1] (mw): LB=28.621316, Z₀(α*)=40.333708, intercept=29.728393 (0.296s) [OMP=0.268 ISP-L=0.005 ISP-F=0.011 MW-L=0.008 MW-F=0.011]
  Alt-Benders[2] (mw): LB=28.623388, Z₀(α*)=36.440048, intercept=18.343895 (0.329s) [OMP=0.280 ISP-L=0.005 ISP-F=0.012 MW-L=0.016 MW-F=0.011]
  Alt-Benders[3] (mw): LB=28.697209, Z₀(α*)=34.358473, intercept=-53.802028 (0.299s) [OMP=0.263 ISP-L=0.004 ISP-F=0.011 MW-L=0.007 MW-F=0.009]
  Alt-Benders[4] (mw): LB=28.734369, Z₀(α*)=31.358193, intercept=-7.692665 (0.310s) [OMP=0.276 ISP-L=0.004 ISP-F=0.011 MW-L=0.008 MW-F=0.011]
  Alt-Benders[5] (mw): LB=28.878502, Z₀(α*)=25.984117, intercept=-3.122945 (0.314s) [OMP=0.277 ISP-L=0.005 ISP-F=0.011 MW-L=0.008 MW-F=0.011]
  OMP re-solve: 0.279s

=== True-DRO Benders iter 35 ===
  OMP: t₀=28.878502, UB=35.558759, gap=1.88e-01, x=[0, 0, 0, 0, 0, 0, 0, 0, 0, 0, 0, 0, 0, 0, 0, 1, 0, 0, 0, 0, 0, 0, 0, 0, 0, 0, 0, 0, 0, 0, 0, 0, 0, 0, 0, 1, 0, 0, 0, 0, 0, 0, 0, 0, 0, 0, 0] (0.000s)
  Sub: Z₀=41.097451 [TIME_LIMIT] (15.1s), α=[0.000,0.000,0.000,0.000,0.000,0.000,0.000,0.000,0.000,0.000,0.000,0.000,0.000,0.000,0.000,0.000,0.000,0.000,0.000,0.000,0.000,0.000,0.000,0.000,0.160,0.000,0.000,0.000,2.744,0.000,0.000,0.000,0.000,0.000,0.000,5.793,1.552,0.000,0.000,0.000,0.000,0.000,0.000,0.000,0.000,0.000,0.000]
  Iter 35: LB=28.878502  UB=35.558759  gap=1.88e-01
  Cut: intercept=-54.986647, π_x_range=[-202.0879, 79.1694]
  Mini-Benders[1] (mw): LB=29.204722, Z₀(α*)=30.246224, intercept=-51.698834 (0.344s) [OMP=0.306 ISP-L=0.004 ISP-F=0.011 MW-L=0.017 MW-F=0.012]
  Mini-Benders[2] (mw): LB=29.270330, Z₀(α*)=10.625473, intercept=-150.035687 (0.312s) [OMP=0.283 ISP-L=0.002 ISP-F=0.010 MW-L=0.006 MW-F=0.011]
  Mini-Benders[3] (mw): LB=29.270330, Z₀(α*)=10.625473, intercept=-150.035687 (0.313s) [OMP=0.266 ISP-L=0.004 ISP-F=0.010 MW-L=0.008 MW-F=0.011]
  Mini-Benders[4] (mw): LB=29.270330, Z₀(α*)=10.625473, intercept=-150.035687 (0.312s) [OMP=0.276 ISP-L=0.005 ISP-F=0.010 MW-L=0.008 MW-F=0.011]
  Mini-Benders[5]: LB stagnated, break
  α-step: Z₀=29.126794, α=[0.000,0.000,0.000,0.000,0.000,0.000,0.000,0.000,0.000,0.000,0.000,0.000,0.000,0.000,0.000,0.000,0.000,0.000,0.000,0.000,0.000,0.000,0.000,0.000,0.000,0.000,0.000,1.566,3.505,0.000,0.000,0.000,0.000,0.000,0.000,0.000,5.178,0.000,0.000,0.000,0.000,0.000,0.000,0.000,0.000,0.000,0.000]
  Alt-Benders[1] (mw): LB=29.270330, Z₀(α*)=29.270330, intercept=-92.965845 (0.312s) [OMP=0.250 ISP-L=0.004 ISP-F=0.010 MW-L=0.009 MW-F=0.027]
  Alt-Benders[2] (mw): LB=29.270328, Z₀(α*)=29.270330, intercept=-92.965845 (0.312s) [OMP=0.273 ISP-L=0.004 ISP-F=0.010 MW-L=0.009 MW-F=0.026]
  Alt-Benders[3] (mw): LB=29.270328, Z₀(α*)=29.270330, intercept=-92.965845 (0.329s) [OMP=0.272 ISP-L=0.004 ISP-F=0.010 MW-L=0.009 MW-F=0.026]
  Alt-Benders[4]: LB stagnated, break
  OMP re-solve: 0.000s

=== True-DRO Benders iter 36 ===
  OMP: t₀=29.270328, UB=35.558759, gap=1.77e-01, x=[0, 0, 0, 0, 0, 0, 0, 0, 0, 0, 0, 0, 0, 0, 0, 0, 0, 0, 0, 0, 0, 0, 0, 0, 0, 0, 0, 1, 0, 0, 0, 0, 0, 0, 0, 0, 1, 0, 0, 0, 0, 0, 0, 0, 0, 0, 0] (0.000s)
  Sub: Z₀=29.270328 [LOCAL] (0.2s), α=[0.000,0.000,0.000,0.000,0.000,0.000,0.000,0.000,0.000,0.000,0.000,0.000,0.000,0.000,0.000,0.000,0.000,0.000,0.000,0.000,0.000,0.000,0.000,0.000,0.000,0.000,0.000,0.863,3.961,0.000,0.000,0.000,0.000,0.000,0.000,0.000,5.425,0.000,0.000,0.000,0.000,0.000,0.000,0.000,0.000,0.000,0.000]
  Iter 36: LB=29.270328  UB=35.558759  gap=1.77e-01
  Cut: intercept=-1152.209799, π_x_range=[-830.3876, 592.6613]
  Mini-Benders[1] (mw): LB=29.270330, Z₀(α*)=29.270330, intercept=-104.266942 (0.313s) [OMP=0.265 ISP-L=0.004 ISP-F=0.010 MW-L=0.016 MW-F=0.011]
  Mini-Benders[2] (mw): LB=29.270330, Z₀(α*)=29.270330, intercept=-104.266942 (0.297s) [OMP=0.259 ISP-L=0.004 ISP-F=0.010 MW-L=0.008 MW-F=0.011]
  Mini-Benders[3] (mw): LB=29.270330, Z₀(α*)=29.270330, intercept=-104.266942 (0.281s) [OMP=0.256 ISP-L=0.004 ISP-F=0.010 MW-L=0.008 MW-F=0.010]
  Mini-Benders[4]: LB stagnated, break
  α-step: Z₀=29.270330, α=[0.000,0.000,0.000,0.000,0.000,0.000,0.000,0.000,0.000,0.000,0.000,0.000,0.000,0.000,0.000,0.000,0.000,0.000,0.000,0.000,0.000,0.000,0.000,0.000,0.000,0.000,0.000,2.034,1.030,0.000,0.000,0.000,0.000,0.000,0.000,0.000,7.185,0.000,0.000,0.000,0.000,0.000,0.000,0.000,0.000,0.000,0.000]
  Alt-Benders[1] (mw): LB=29.270330, Z₀(α*)=29.270330, intercept=-104.844895 (0.297s) [OMP=0.253 ISP-L=0.004 ISP-F=0.010 MW-L=0.008 MW-F=0.012]
  Alt-Benders[2] (mw): LB=29.270328, Z₀(α*)=29.270330, intercept=-104.844895 (0.314s) [OMP=0.270 ISP-L=0.004 ISP-F=0.011 MW-L=0.016 MW-F=0.012]
  Alt-Benders[3] (mw): LB=29.270328, Z₀(α*)=29.270330, intercept=-104.844895 (0.294s) [OMP=0.269 ISP-L=0.004 ISP-F=0.011 MW-L=0.008 MW-F=0.012]
  Alt-Benders[4]: LB stagnated, break
  OMP re-solve: 0.000s

=== True-DRO Benders iter 37 ===
  OMP: t₀=29.270328, UB=35.558759, gap=1.77e-01, x=[0, 0, 0, 0, 0, 0, 0, 0, 0, 0, 0, 0, 0, 0, 0, 0, 0, 0, 0, 0, 0, 0, 0, 0, 0, 0, 0, 1, 0, 0, 0, 0, 0, 0, 0, 0, 1, 0, 0, 0, 0, 0, 0, 0, 0, 0, 0] (0.000s)
  Sub: Z₀=29.270328 [LOCAL] (0.2s), α=[0.000,0.000,0.000,0.000,0.000,0.000,0.000,0.000,0.000,0.000,0.000,0.000,0.000,0.000,0.000,0.000,0.000,0.000,0.000,0.000,0.000,0.000,0.000,0.000,0.000,0.000,0.000,0.863,3.961,0.000,0.000,0.000,0.000,0.000,0.000,0.000,5.425,0.000,0.000,0.000,0.000,0.000,0.000,0.000,0.000,0.000,0.000]
  Iter 37: LB=29.270328  UB=35.558759  gap=1.77e-01
  Cut: intercept=-1152.209799, π_x_range=[-830.3876, 592.6613]
  Mini-Benders[1] (mw): LB=29.270330, Z₀(α*)=29.270330, intercept=-104.266942 (0.292s) [OMP=0.250 ISP-L=0.004 ISP-F=0.010 MW-L=0.008 MW-F=0.011]
  Mini-Benders[2] (mw): LB=29.270330, Z₀(α*)=29.270330, intercept=-104.266942 (0.294s) [OMP=0.253 ISP-L=0.004 ISP-F=0.010 MW-L=0.008 MW-F=0.018]
  Mini-Benders[3] (mw): LB=29.270330, Z₀(α*)=29.270330, intercept=-104.266942 (0.287s) [OMP=0.260 ISP-L=0.004 ISP-F=0.010 MW-L=0.008 MW-F=0.010]
  Mini-Benders[4]: LB stagnated, break
  α-step: Z₀=29.270330, α=[0.000,0.000,0.000,0.000,0.000,0.000,0.000,0.000,0.000,0.000,0.000,0.000,0.000,0.000,0.000,0.000,0.000,0.000,0.000,0.000,0.000,0.000,0.000,0.000,0.000,0.000,0.000,2.034,1.030,0.000,0.000,0.000,0.000,0.000,0.000,0.000,7.185,0.000,0.000,0.000,0.000,0.000,0.000,0.000,0.000,0.000,0.000]
  Alt-Benders[1] (mw): LB=29.270330, Z₀(α*)=29.270330, intercept=-104.844895 (0.298s) [OMP=0.261 ISP-L=0.005 ISP-F=0.010 MW-L=0.008 MW-F=0.011]
  Alt-Benders[2] (mw): LB=29.270330, Z₀(α*)=29.270330, intercept=-104.844895 (0.301s) [OMP=0.265 ISP-L=0.004 ISP-F=0.011 MW-L=0.008 MW-F=0.012]
  Alt-Benders[3] (mw): LB=29.270330, Z₀(α*)=29.270330, intercept=-104.844895 (0.308s) [OMP=0.265 ISP-L=0.004 ISP-F=0.011 MW-L=0.015 MW-F=0.011]
  Alt-Benders[4]: LB stagnated, break
  OMP re-solve: 0.000s

=== True-DRO Benders iter 38 ===
  OMP: t₀=29.270330, UB=35.558759, gap=1.77e-01, x=[0, 0, 0, 0, 0, 0, 0, 0, 0, 0, 0, 0, 0, 0, 0, 0, 0, 0, 0, 0, 0, 0, 0, 0, 0, 0, 0, 1, 0, 0, 0, 0, 0, 0, 0, 0, 1, 0, 0, 0, 0, 0, 0, 0, 0, 0, 0] (0.000s)
  Sub: Z₀=29.270328 [LOCAL] (0.2s), α=[0.000,0.000,0.000,0.000,0.000,0.000,0.000,0.000,0.000,0.000,0.000,0.000,0.000,0.000,0.000,0.000,0.000,0.000,0.000,0.000,0.000,0.000,0.000,0.000,0.000,0.000,0.000,0.863,3.961,0.000,0.000,0.000,0.000,0.000,0.000,0.000,5.425,0.000,0.000,0.000,0.000,0.000,0.000,0.000,0.000,0.000,0.000]
  Iter 38: LB=29.270330  UB=35.558759  gap=1.77e-01
  Cut: intercept=-1152.209799, π_x_range=[-830.3876, 592.6613]
  Mini-Benders[1] (mw): LB=29.270330, Z₀(α*)=29.270330, intercept=-104.266942 (0.293s) [OMP=0.266 ISP-L=0.004 ISP-F=0.010 MW-L=0.008 MW-F=0.011]
  Mini-Benders[2] (mw): LB=29.270330, Z₀(α*)=29.270330, intercept=-104.266942 (0.313s) [OMP=0.266 ISP-L=0.004 ISP-F=0.010 MW-L=0.008 MW-F=0.011]
  Mini-Benders[3]: LB stagnated, break
  α-step: Z₀=29.270330, α=[0.000,0.000,0.000,0.000,0.000,0.000,0.000,0.000,0.000,0.000,0.000,0.000,0.000,0.000,0.000,0.000,0.000,0.000,0.000,0.000,0.000,0.000,0.000,0.000,0.000,0.000,0.000,2.034,1.030,0.000,0.000,0.000,0.000,0.000,0.000,0.000,7.185,0.000,0.000,0.000,0.000,0.000,0.000,0.000,0.000,0.000,0.000]
  Alt-Benders[1] (mw): LB=29.270330, Z₀(α*)=29.270330, intercept=-104.844895 (0.314s) [OMP=0.260 ISP-L=0.004 ISP-F=0.011 MW-L=0.017 MW-F=0.012]
  Alt-Benders[2] (mw): LB=29.270330, Z₀(α*)=29.270330, intercept=-104.844895 (0.296s) [OMP=0.259 ISP-L=0.004 ISP-F=0.011 MW-L=0.008 MW-F=0.012]
  Alt-Benders[3]: LB stagnated, break
  OMP re-solve: 0.000s

=== True-DRO Benders iter 39 ===
  OMP: t₀=29.270330, UB=35.558759, gap=1.77e-01, x=[0, 0, 0, 0, 0, 0, 0, 0, 0, 0, 0, 0, 0, 0, 0, 0, 0, 0, 0, 0, 0, 0, 0, 0, 0, 0, 0, 1, 0, 0, 0, 0, 0, 0, 0, 0, 1, 0, 0, 0, 0, 0, 0, 0, 0, 0, 0] (0.000s)
  Sub: Z₀=29.270328 [LOCAL] (0.2s), α=[0.000,0.000,0.000,0.000,0.000,0.000,0.000,0.000,0.000,0.000,0.000,0.000,0.000,0.000,0.000,0.000,0.000,0.000,0.000,0.000,0.000,0.000,0.000,0.000,0.000,0.000,0.000,0.863,3.961,0.000,0.000,0.000,0.000,0.000,0.000,0.000,5.425,0.000,0.000,0.000,0.000,0.000,0.000,0.000,0.000,0.000,0.000]
  Iter 39: LB=29.270330  UB=35.558759  gap=1.77e-01
  Cut: intercept=-1152.209799, π_x_range=[-830.3876, 592.6613]
  Mini-Benders[1] (mw): LB=29.270330, Z₀(α*)=29.270330, intercept=-104.266942 (0.297s) [OMP=0.262 ISP-L=0.004 ISP-F=0.010 MW-L=0.008 MW-F=0.011]
  Mini-Benders[2] (mw): LB=29.270330, Z₀(α*)=29.270330, intercept=-104.266942 (0.297s) [OMP=0.262 ISP-L=0.004 ISP-F=0.010 MW-L=0.008 MW-F=0.018]
  Mini-Benders[3]: LB stagnated, break
  α-step: Z₀=29.270330, α=[0.000,0.000,0.000,0.000,0.000,0.000,0.000,0.000,0.000,0.000,0.000,0.000,0.000,0.000,0.000,0.000,0.000,0.000,0.000,0.000,0.000,0.000,0.000,0.000,0.000,0.000,0.000,2.034,1.030,0.000,0.000,0.000,0.000,0.000,0.000,0.000,7.185,0.000,0.000,0.000,0.000,0.000,0.000,0.000,0.000,0.000,0.000]
  Alt-Benders[1] (mw): LB=29.270330, Z₀(α*)=29.270330, intercept=-104.844895 (0.312s) [OMP=0.264 ISP-L=0.005 ISP-F=0.010 MW-L=0.008 MW-F=0.011]
  Alt-Benders[2] (mw): LB=29.270330, Z₀(α*)=29.270330, intercept=-104.844895 (0.297s) [OMP=0.265 ISP-L=0.004 ISP-F=0.010 MW-L=0.008 MW-F=0.011]
  Alt-Benders[3]: LB stagnated, break
  OMP re-solve: 0.000s

=== True-DRO Benders iter 40 ===
  OMP: t₀=29.270330, UB=35.558759, gap=1.77e-01, x=[0, 0, 0, 0, 0, 0, 0, 0, 0, 0, 0, 0, 0, 0, 0, 0, 0, 0, 0, 0, 0, 0, 0, 0, 0, 0, 0, 1, 0, 0, 0, 0, 0, 0, 0, 0, 1, 0, 0, 0, 0, 0, 0, 0, 0, 0, 0] (0.000s)
  Sub: Z₀=29.602844 (3.5s), α=[0.000,0.000,0.000,0.000,0.000,0.000,0.000,0.000,0.000,0.000,0.000,0.000,0.000,0.000,0.000,0.000,0.000,0.000,0.000,0.000,0.000,0.000,0.000,0.000,1.594,0.000,0.000,0.009,0.128,0.000,0.000,0.000,0.000,0.000,0.000,0.000,8.518,0.000,0.000,0.000,0.000,0.000,0.000,0.000,0.000,0.000,0.000]
  Iter 40: LB=29.270330  UB=29.602844  gap=1.12e-02
  Cut: intercept=-154.557576, π_x_range=[-182.6371, 123.0196]
  Sherali-Cut: intercept=-100.447937, π_x_range=[-87.6244, 85.2573]
  Mini-Benders[1] (mw): LB=29.445703, Z₀(α*)=-10.754025, intercept=-38.828761 (0.266s) [OMP=0.242 ISP-L=0.004 ISP-F=0.011 MW-L=0.008 MW-F=0.011]
  Mini-Benders[2] (mw): LB=29.445703, Z₀(α*)=-10.754025, intercept=-38.828761 (0.294s) [OMP=0.248 ISP-L=0.004 ISP-F=0.011 MW-L=0.008 MW-F=0.010]
  Mini-Benders[3] (mw): LB=29.445703, Z₀(α*)=-10.754025, intercept=-38.828761 (0.268s) [OMP=0.243 ISP-L=0.004 ISP-F=0.011 MW-L=0.008 MW-F=0.011]
  Mini-Benders[4]: LB stagnated, break
  α-step: Z₀=37.816595, α=[0.000,0.000,0.000,0.000,0.000,0.000,0.000,0.000,0.000,0.000,0.000,0.000,0.000,0.000,0.000,0.000,0.000,0.000,0.000,0.000,0.000,0.000,0.000,0.000,6.378,0.000,0.000,0.000,3.871,0.000,0.000,0.000,0.000,0.000,0.000,0.000,0.000,0.000,0.000,0.000,0.000,0.000,0.000,0.000,0.000,0.000,0.000]
  Alt-Benders[1] (mw): LB=29.484303, Z₀(α*)=39.773370, intercept=-11.326127 (0.327s) [OMP=0.279 ISP-L=0.005 ISP-F=0.010 MW-L=0.008 MW-F=0.011]
  Alt-Benders[1]: gap=4.00e-03 ≤ tol, break
  OMP re-solve: 0.282s

=== True-DRO Benders iter 41 ===
  OMP: t₀=29.602844, UB=29.602844, gap=2.20e-08, x=[0, 0, 0, 0, 0, 0, 0, 0, 0, 0, 0, 0, 0, 0, 0, 0, 0, 0, 0, 0, 0, 0, 0, 0, 0, 0, 0, 1, 0, 0, 0, 0, 0, 0, 0, 0, 1, 0, 0, 0, 0, 0, 0, 0, 0, 0, 0] (0.000s)
  Sub: Z₀=29.270328 [LOCAL] (0.2s), α=[0.000,0.000,0.000,0.000,0.000,0.000,0.000,0.000,0.000,0.000,0.000,0.000,0.000,0.000,0.000,0.000,0.000,0.000,0.000,0.000,0.000,0.000,0.000,0.000,0.000,0.000,0.000,0.863,3.961,0.000,0.000,0.000,0.000,0.000,0.000,0.000,5.425,0.000,0.000,0.000,0.000,0.000,0.000,0.000,0.000,0.000,0.000]
  Iter 41: LB=29.602844  UB=29.602844  gap=2.20e-08
True-DRO Benders converged at iter 41 (gap=2.20e-08)
  Wall time: 214.73 sec
  OMP  time: mean=0.164s, median=0.191s, max=0.306s
  Sub  time (exact): mean=5.539s, median=4.664s, q90=9.377s, max=12.840s (n=6/41)

Result (double/mb_only): Z₀=29.602844, iters=41, time=214.8s
x arcs = [28, 37]
