============================================================
abilene — single_l: ε̂=0.50, ε̃=0.00, β=0.70
============================================================
Set parameter Username
Set parameter LicenseID to value 2742039
Academic license - for non-commercial use only - expires 2026-11-20
Set parameter Username
Set parameter LicenseID to value 2742039
Academic license - for non-commercial use only - expires 2026-11-20
Set parameter OutputFlag to value 1
Set parameter LogFile to value "global_miqcp.log"
Set parameter Username
Set parameter LicenseID to value 2742039
Academic license - for non-commercial use only - expires 2026-11-20
Set parameter Username
Set parameter LicenseID to value 2742039
Academic license - for non-commercial use only - expires 2026-11-20
Set parameter Username
Set parameter LicenseID to value 2742039
Academic license - for non-commercial use only - expires 2026-11-20
Set parameter Username
Set parameter LicenseID to value 2742039
Academic license - for non-commercial use only - expires 2026-11-20

=== True-DRO Benders iter 1 ===
  OMP: t₀=3.652761, UB=Inf, gap=NaN, x=[0, 0, 0, 0, 0, 0, 0, 0, 0, 0, 1, 0, 0, 0, 0, 0, 0, 0, 1, 0, 0, 0, 0, 0, 0, 0, 0, 0, 0, 0] (0.039s)
  Sub: Z₀=17.589064 [LOCAL] (0.1s), α=[0.000,0.000,0.000,0.000,0.000,0.000,0.000,0.000,0.000,0.000,10.391,0.000,0.000,0.000,0.424,0.000,0.000,0.000,0.000,0.000,0.000,0.000,0.000,0.000,0.000,0.000,0.000,0.000,0.000,0.000]
  Iter 1: LB=3.652761  UB=Inf  gap=NaN
  Cut: intercept=-1084.456432, π_x_range=[-816.4027, 556.3466]
  Mini-Benders[1] (mw): LB=4.239475, Z₀(α*)=-17.494563, intercept=-150.399850 (0.073s) [OMP=0.042 ISP-L=0.005 ISP-F=0.009 MW-L=0.004 MW-F=0.005]
  Mini-Benders[2] (mw): LB=4.239475, Z₀(α*)=-17.494563, intercept=-150.399850 (0.068s) [OMP=0.049 ISP-L=0.003 ISP-F=0.006 MW-L=0.004 MW-F=0.005]
  Mini-Benders[3] (mw): LB=4.239475, Z₀(α*)=-17.494563, intercept=-150.399850 (0.078s) [OMP=0.047 ISP-L=0.002 ISP-F=0.006 MW-L=0.004 MW-F=0.018]
  Mini-Benders[4]: LB stagnated, break
Set parameter NonConvex to value 2
Set parameter DualReductions to value 0
  α-step: Z₀=15.074862, α=[0.000,0.000,0.000,0.000,4.236,0.000,0.070,0.000,0.000,0.000,3.879,0.000,0.000,0.079,2.551,0.000,0.000,0.000,0.000,0.000,0.000,0.000,0.000,0.000,0.000,0.000,0.000,0.000,0.000,0.000]
  Alt-Benders[1] (mw): LB=4.611359, Z₀(α*)=-57.458582, intercept=-84.546255 (0.053s) [OMP=0.033 ISP-L=0.002 ISP-F=0.006 MW-L=0.004 MW-F=0.006]
  Alt-Benders[2] (mw): LB=4.611359, Z₀(α*)=-57.458582, intercept=-84.546255 (0.067s) [OMP=0.048 ISP-L=0.002 ISP-F=0.006 MW-L=0.004 MW-F=0.006]
  Alt-Benders[3] (mw): LB=4.611359, Z₀(α*)=-57.458582, intercept=-84.546255 (0.067s) [OMP=0.048 ISP-L=0.002 ISP-F=0.006 MW-L=0.004 MW-F=0.006]
  Alt-Benders[4]: LB stagnated, break
  OMP re-solve: 0.000s

=== True-DRO Benders iter 2 ===
  OMP: t₀=4.611359, UB=Inf, gap=NaN, x=[0, 0, 0, 0, 0, 0, 0, 1, 0, 0, 0, 0, 0, 0, 0, 0, 0, 0, 0, 1, 0, 0, 0, 0, 0, 0, 0, 0, 0, 0] (0.000s)
  Sub: Z₀=18.923017 [LOCAL] (0.1s), α=[0.000,0.000,0.000,0.000,0.000,0.000,0.000,4.541,0.000,0.000,0.000,0.000,0.000,0.000,0.000,0.000,0.000,0.000,0.000,5.850,0.000,0.000,0.000,0.000,0.000,0.424,0.000,0.000,0.000,0.000]
  Iter 2: LB=4.611359  UB=Inf  gap=NaN
  Cut: intercept=-1113.208492, π_x_range=[-827.4949, 568.5082]
  Mini-Benders[1] (mw): LB=5.015886, Z₀(α*)=-41.778966, intercept=-98.535289 (0.054s) [OMP=0.036 ISP-L=0.002 ISP-F=0.006 MW-L=0.004 MW-F=0.005]
  Mini-Benders[2] (mw): LB=5.015886, Z₀(α*)=-41.778966, intercept=-98.535289 (0.058s) [OMP=0.029 ISP-L=0.002 ISP-F=0.006 MW-L=0.004 MW-F=0.016]
  Mini-Benders[3] (mw): LB=5.015886, Z₀(α*)=-41.778966, intercept=-98.535289 (0.050s) [OMP=0.030 ISP-L=0.003 ISP-F=0.006 MW-L=0.005 MW-F=0.005]
  Mini-Benders[4]: LB stagnated, break
  α-step: Z₀=13.976826, α=[0.000,0.000,0.000,0.000,5.344,0.000,0.000,0.000,0.000,0.000,0.000,0.000,0.000,0.000,3.545,0.000,0.000,0.000,0.000,0.000,0.000,0.000,0.000,0.000,0.000,0.000,1.802,0.124,0.000,0.000]
  Alt-Benders[1] (mw): LB=5.232305, Z₀(α*)=-10.886191, intercept=-68.671587 (0.060s) [OMP=0.041 ISP-L=0.003 ISP-F=0.006 MW-L=0.005 MW-F=0.005]
  Alt-Benders[2] (mw): LB=5.232305, Z₀(α*)=-10.886191, intercept=-68.671587 (0.057s) [OMP=0.039 ISP-L=0.002 ISP-F=0.006 MW-L=0.004 MW-F=0.005]
  Alt-Benders[3] (mw): LB=5.232305, Z₀(α*)=-10.886191, intercept=-68.671587 (0.059s) [OMP=0.040 ISP-L=0.002 ISP-F=0.006 MW-L=0.004 MW-F=0.005]
  Alt-Benders[4]: LB stagnated, break
  OMP re-solve: 0.000s

=== True-DRO Benders iter 3 ===
  OMP: t₀=5.232305, UB=Inf, gap=NaN, x=[0, 0, 0, 0, 1, 0, 1, 0, 0, 0, 0, 0, 0, 0, 0, 0, 0, 0, 0, 0, 0, 0, 0, 0, 0, 0, 0, 0, 0, 0] (0.000s)
  Sub: Z₀=16.870751 [LOCAL] (0.1s), α=[0.000,0.000,0.000,0.000,7.102,0.000,2.978,0.000,0.000,0.000,0.000,0.000,0.000,0.000,0.665,0.000,0.000,0.000,0.000,0.000,0.000,0.000,0.000,0.000,0.000,0.069,0.000,0.000,0.000,0.000]
  Iter 3: LB=5.232305  UB=Inf  gap=NaN
  Cut: intercept=-1137.331108, π_x_range=[-829.4112, 586.8378]
  Mini-Benders[1] (mw): LB=5.303459, Z₀(α*)=-4.093980, intercept=-81.582722 (0.061s) [OMP=0.041 ISP-L=0.003 ISP-F=0.006 MW-L=0.005 MW-F=0.005]
  Mini-Benders[2] (mw): LB=5.303459, Z₀(α*)=-4.093980, intercept=-81.582722 (0.070s) [OMP=0.042 ISP-L=0.002 ISP-F=0.006 MW-L=0.014 MW-F=0.005]
  Mini-Benders[3] (mw): LB=5.303459, Z₀(α*)=-4.093980, intercept=-81.582722 (0.060s) [OMP=0.042 ISP-L=0.002 ISP-F=0.006 MW-L=0.004 MW-F=0.005]
  Mini-Benders[4]: LB stagnated, break
  α-step: Z₀=13.534038, α=[0.000,0.000,0.000,0.000,6.408,0.000,0.000,0.000,0.000,0.000,0.000,0.000,0.000,0.000,4.407,0.000,0.000,0.000,0.000,0.000,0.000,0.000,0.000,0.000,0.000,0.000,0.000,0.000,0.000,0.000]
  Alt-Benders[1] (mw): LB=5.323459, Z₀(α*)=14.614470, intercept=-45.858104 (0.059s) [OMP=0.040 ISP-L=0.002 ISP-F=0.006 MW-L=0.005 MW-F=0.005]
  Alt-Benders[2] (mw): LB=5.382118, Z₀(α*)=10.737972, intercept=-63.592746 (0.060s) [OMP=0.041 ISP-L=0.002 ISP-F=0.006 MW-L=0.005 MW-F=0.005]
  Alt-Benders[3] (mw): LB=5.566875, Z₀(α*)=10.216443, intercept=-106.579188 (0.070s) [OMP=0.050 ISP-L=0.002 ISP-F=0.006 MW-L=0.004 MW-F=0.005]
  Alt-Benders[4] (mw): LB=5.677265, Z₀(α*)=-25.582464, intercept=-125.995706 (0.061s) [OMP=0.042 ISP-L=0.003 ISP-F=0.006 MW-L=0.004 MW-F=0.005]
  Alt-Benders[5] (mw): LB=5.677265, Z₀(α*)=-25.582464, intercept=-125.995706 (0.068s) [OMP=0.051 ISP-L=0.003 ISP-F=0.006 MW-L=0.013 MW-F=0.006]
  OMP re-solve: 0.048s

=== True-DRO Benders iter 4 ===
  OMP: t₀=5.677265, UB=Inf, gap=NaN, x=[0, 0, 0, 0, 0, 0, 0, 0, 0, 0, 1, 0, 0, 0, 0, 0, 0, 0, 0, 0, 0, 0, 0, 0, 0, 0, 1, 0, 0, 0] (0.000s)
  Sub: Z₀=16.648971 [LOCAL] (0.1s), α=[0.000,0.000,0.000,0.000,0.000,0.000,0.000,0.000,0.000,0.000,5.326,0.000,0.000,0.000,0.000,0.000,0.000,0.000,0.000,0.000,0.000,0.000,0.000,0.000,0.000,0.000,5.322,0.166,0.000,0.000]
  Iter 4: LB=5.677265  UB=Inf  gap=NaN
  Cut: intercept=-1084.586734, π_x_range=[-819.8021, 558.3351]
  Mini-Benders[1] (mw): LB=5.785279, Z₀(α*)=-32.895921, intercept=-88.182069 (0.083s) [OMP=0.074 ISP-L=0.003 ISP-F=0.007 MW-L=0.004 MW-F=0.005]
  Mini-Benders[2] (mw): LB=5.785279, Z₀(α*)=-32.895921, intercept=-88.182069 (0.076s) [OMP=0.045 ISP-L=0.003 ISP-F=0.007 MW-L=0.004 MW-F=0.005]
  Mini-Benders[3] (mw): LB=5.785279, Z₀(α*)=-32.895921, intercept=-88.182069 (0.065s) [OMP=0.046 ISP-L=0.002 ISP-F=0.006 MW-L=0.004 MW-F=0.005]
  Mini-Benders[4]: LB stagnated, break
  α-step: Z₀=18.442588, α=[0.000,0.000,0.000,0.000,0.000,0.000,0.000,2.958,0.000,0.000,0.000,0.000,0.000,0.000,0.000,0.000,0.000,0.000,0.000,0.000,0.000,0.000,0.000,0.000,0.000,0.651,0.000,7.206,0.000,0.000]
  Alt-Benders[1] (mw): LB=5.922414, Z₀(α*)=-16.009650, intercept=-106.627228 (0.087s) [OMP=0.076 ISP-L=0.003 ISP-F=0.007 MW-L=0.004 MW-F=0.005]
  Alt-Benders[2] (mw): LB=5.922414, Z₀(α*)=-16.009650, intercept=-106.627228 (0.119s) [OMP=0.086 ISP-L=0.002 ISP-F=0.006 MW-L=0.005 MW-F=0.014]
  Alt-Benders[3] (mw): LB=5.922414, Z₀(α*)=-16.009650, intercept=-106.627228 (0.104s) [OMP=0.087 ISP-L=0.002 ISP-F=0.006 MW-L=0.004 MW-F=0.005]
  Alt-Benders[4]: LB stagnated, break
  OMP re-solve: 0.000s

=== True-DRO Benders iter 5 ===
  OMP: t₀=5.922414, UB=Inf, gap=NaN, x=[0, 0, 0, 0, 0, 0, 0, 0, 0, 0, 1, 0, 0, 0, 0, 0, 0, 0, 0, 0, 0, 0, 0, 0, 0, 0, 0, 1, 0, 0] (0.000s)
  Sub: Z₀=17.791748 (0.1s), α=[0.000,0.000,0.000,0.000,0.000,0.000,0.091,0.000,0.000,0.000,5.919,0.000,0.000,0.000,1.610,0.000,0.000,0.000,0.000,0.000,0.000,0.000,0.000,0.000,0.000,0.000,0.105,3.090,0.000,0.000]
  Iter 5: LB=5.922414  UB=17.791748  gap=6.67e-01
  Cut: intercept=-108.585975, π_x_range=[-228.0000, 93.3466]
  Sherali-Cut: intercept=-108.475189, π_x_range=[-69.9948, 93.3597]
  Mini-Benders[1] (mw): LB=6.189946, Z₀(α*)=-45.922189, intercept=-88.851838 (0.089s) [OMP=0.079 ISP-L=0.002 ISP-F=0.006 MW-L=0.004 MW-F=0.005]
  Mini-Benders[2] (mw): LB=6.189946, Z₀(α*)=-45.922189, intercept=-88.851838 (0.088s) [OMP=0.065 ISP-L=0.003 ISP-F=0.006 MW-L=0.004 MW-F=0.005]
  Mini-Benders[3] (mw): LB=6.189946, Z₀(α*)=-45.922189, intercept=-88.851838 (0.089s) [OMP=0.064 ISP-L=0.002 ISP-F=0.006 MW-L=0.004 MW-F=0.013]
  Mini-Benders[4]: LB stagnated, break
  α-step: Z₀=15.074862, α=[0.000,0.000,0.000,0.000,0.000,0.000,0.000,8.674,0.000,0.000,0.000,0.000,0.000,0.000,0.000,0.000,0.000,0.000,0.000,0.000,0.000,0.000,0.573,0.000,0.000,0.481,1.087,0.000,0.000,0.000]
  Alt-Benders[1] (mw): LB=6.413535, Z₀(α*)=-39.865260, intercept=-55.546401 (0.076s) [OMP=0.057 ISP-L=0.003 ISP-F=0.006 MW-L=0.004 MW-F=0.006]
  Alt-Benders[2] (mw): LB=6.413535, Z₀(α*)=-39.865260, intercept=-55.546401 (0.078s) [OMP=0.072 ISP-L=0.002 ISP-F=0.006 MW-L=0.004 MW-F=0.006]
  Alt-Benders[3] (mw): LB=6.413535, Z₀(α*)=-39.865260, intercept=-55.546401 (0.104s) [OMP=0.071 ISP-L=0.002 ISP-F=0.006 MW-L=0.004 MW-F=0.005]
  Alt-Benders[4]: LB stagnated, break
  OMP re-solve: 0.000s

=== True-DRO Benders iter 6 ===
  OMP: t₀=6.413535, UB=17.791748, gap=6.40e-01, x=[0, 0, 0, 0, 1, 0, 0, 0, 0, 0, 0, 0, 0, 0, 0, 0, 0, 0, 0, 1, 0, 0, 0, 0, 0, 0, 0, 0, 0, 0] (0.000s)
  Sub: Z₀=15.320218 [LOCAL] (0.1s), α=[0.000,0.000,0.000,0.000,6.453,0.000,0.000,0.000,0.000,0.000,0.000,0.000,0.000,0.000,4.362,0.000,0.000,0.000,0.000,0.000,0.000,0.000,0.000,0.000,0.000,0.000,0.000,0.000,0.000,0.000]
  Iter 6: LB=6.413535  UB=17.791748  gap=6.40e-01
  Cut: intercept=-1107.182646, π_x_range=[-830.1050, 565.1532]
  Mini-Benders[1] (mw): LB=6.480837, Z₀(α*)=-44.651492, intercept=-87.420548 (0.088s) [OMP=0.077 ISP-L=0.003 ISP-F=0.005 MW-L=0.005 MW-F=0.006]
  Mini-Benders[2] (mw): LB=6.480837, Z₀(α*)=-44.651492, intercept=-87.420548 (0.105s) [OMP=0.064 ISP-L=0.002 ISP-F=0.006 MW-L=0.005 MW-F=0.014]
  Mini-Benders[3] (mw): LB=6.480837, Z₀(α*)=-44.651492, intercept=-87.420548 (0.082s) [OMP=0.064 ISP-L=0.002 ISP-F=0.006 MW-L=0.005 MW-F=0.006]
  Mini-Benders[4]: LB stagnated, break
  α-step: Z₀=18.026191, α=[0.000,0.000,0.000,0.000,0.000,0.000,3.397,0.000,0.000,0.000,6.396,0.000,0.000,0.000,0.979,0.000,0.000,0.000,0.000,0.000,0.000,0.000,0.000,0.000,0.000,0.043,0.000,0.000,0.000,0.000]
  Alt-Benders[1] (mw): LB=6.489786, Z₀(α*)=8.668384, intercept=-98.089203 (0.081s) [OMP=0.074 ISP-L=0.002 ISP-F=0.007 MW-L=0.005 MW-F=0.006]
  Alt-Benders[2] (mw): LB=6.701834, Z₀(α*)=-39.275173, intercept=-57.382112 (0.106s) [OMP=0.074 ISP-L=0.002 ISP-F=0.006 MW-L=0.004 MW-F=0.005]
  Alt-Benders[3] (mw): LB=6.701834, Z₀(α*)=-39.275173, intercept=-57.382111 (0.094s) [OMP=0.074 ISP-L=0.003 ISP-F=0.006 MW-L=0.004 MW-F=0.005]
  Alt-Benders[4] (mw): LB=6.701834, Z₀(α*)=-39.275173, intercept=-57.382111 (0.093s) [OMP=0.075 ISP-L=0.003 ISP-F=0.006 MW-L=0.004 MW-F=0.005]
  Alt-Benders[5]: LB stagnated, break
  OMP re-solve: 0.000s

=== True-DRO Benders iter 7 ===
  OMP: t₀=6.701834, UB=17.791748, gap=6.23e-01, x=[0, 0, 0, 0, 1, 0, 0, 0, 0, 0, 0, 0, 0, 0, 0, 0, 0, 0, 1, 0, 0, 0, 0, 0, 0, 0, 0, 0, 0, 0] (0.000s)
  Sub: Z₀=15.378018 [LOCAL] (0.1s), α=[0.000,0.000,0.000,0.000,7.221,0.000,0.000,0.000,0.000,0.000,0.000,0.000,0.000,0.000,2.825,0.000,0.000,0.000,0.000,0.000,0.000,0.000,0.000,0.000,0.000,0.768,0.000,0.000,0.000,0.000]
  Iter 7: LB=6.701834  UB=17.791748  gap=6.23e-01
  Cut: intercept=-1099.307566, π_x_range=[-832.4956, 567.8084]
  Mini-Benders[1] (mw): LB=6.701834, Z₀(α*)=15.118086, intercept=-63.555481 (0.094s) [OMP=0.073 ISP-L=0.003 ISP-F=0.006 MW-L=0.013 MW-F=0.005]
  Mini-Benders[2] (mw): LB=6.701834, Z₀(α*)=-3.472810, intercept=-64.085608 (0.104s) [OMP=0.080 ISP-L=0.003 ISP-F=0.006 MW-L=0.004 MW-F=0.005]
  Mini-Benders[3]: LB stagnated, break
  α-step: Z₀=13.312481, α=[0.000,0.000,0.000,0.000,4.647,0.000,0.000,0.000,0.000,0.000,0.000,0.000,0.000,0.000,1.520,0.000,0.000,0.000,0.000,0.000,0.000,0.000,0.000,0.000,0.000,4.647,0.000,0.000,0.000,0.000]
  Alt-Benders[1] (mw): LB=6.982619, Z₀(α*)=-26.732455, intercept=-126.130063 (0.087s) [OMP=0.066 ISP-L=0.002 ISP-F=0.007 MW-L=0.004 MW-F=0.006]
  Alt-Benders[2] (mw): LB=6.982619, Z₀(α*)=-26.732455, intercept=-126.130063 (0.087s) [OMP=0.079 ISP-L=0.002 ISP-F=0.006 MW-L=0.004 MW-F=0.006]
  Alt-Benders[3] (mw): LB=6.982619, Z₀(α*)=-26.732455, intercept=-126.130063 (0.109s) [OMP=0.077 ISP-L=0.003 ISP-F=0.006 MW-L=0.004 MW-F=0.006]
  Alt-Benders[4]: LB stagnated, break
  OMP re-solve: 0.000s

=== True-DRO Benders iter 8 ===
  OMP: t₀=6.982619, UB=17.791748, gap=6.08e-01, x=[0, 0, 0, 0, 0, 0, 0, 0, 0, 0, 1, 0, 0, 0, 1, 0, 0, 0, 0, 0, 0, 0, 0, 0, 0, 0, 0, 0, 0, 0] (0.000s)
  Sub: Z₀=17.925809 [LOCAL] (0.1s), α=[0.000,0.000,0.000,0.000,0.000,0.000,0.000,0.000,0.000,0.000,5.084,0.000,0.000,0.000,5.731,0.000,0.000,0.000,0.000,0.000,0.000,0.000,0.000,0.000,0.000,0.000,0.000,0.000,0.000,0.000]
  Iter 8: LB=6.982619  UB=17.791748  gap=6.08e-01
  Cut: intercept=-1110.287477, π_x_range=[-820.5452, 584.8287]
  Mini-Benders[1] (mw): LB=7.002619, Z₀(α*)=18.480377, intercept=-51.167971 (0.105s) [OMP=0.089 ISP-L=0.002 ISP-F=0.007 MW-L=0.013 MW-F=0.005]
  Mini-Benders[2] (mw): LB=7.247957, Z₀(α*)=17.150309, intercept=-138.072022 (0.104s) [OMP=0.076 ISP-L=0.001 ISP-F=0.006 MW-L=0.004 MW-F=0.005]
  Mini-Benders[3] (mw): LB=7.365269, Z₀(α*)=-25.960503, intercept=-44.534062 (0.103s) [OMP=0.084 ISP-L=0.002 ISP-F=0.006 MW-L=0.005 MW-F=0.005]
  Mini-Benders[4] (mw): LB=7.365269, Z₀(α*)=-25.960503, intercept=-44.534062 (0.085s) [OMP=0.063 ISP-L=0.002 ISP-F=0.006 MW-L=0.005 MW-F=0.005]
  Mini-Benders[5] (mw): LB=7.365269, Z₀(α*)=-25.960503, intercept=-44.534062 (0.080s) [OMP=0.061 ISP-L=0.002 ISP-F=0.006 MW-L=0.005 MW-F=0.005]
  α-step: Z₀=15.068202, α=[0.000,0.000,0.000,0.000,6.862,0.000,0.000,0.000,0.000,0.000,0.000,0.000,0.000,0.000,3.545,0.000,0.000,0.000,0.000,0.000,0.000,0.000,0.000,0.000,0.000,0.408,0.000,0.000,0.000,0.000]
  Alt-Benders[1] (mw): LB=7.409898, Z₀(α*)=-20.899335, intercept=-75.842987 (0.093s) [OMP=0.074 ISP-L=0.002 ISP-F=0.006 MW-L=0.005 MW-F=0.005]
  Alt-Benders[2] (mw): LB=7.409898, Z₀(α*)=-20.899335, intercept=-75.842987 (0.076s) [OMP=0.048 ISP-L=0.002 ISP-F=0.006 MW-L=0.005 MW-F=0.014]
  Alt-Benders[3] (mw): LB=7.409898, Z₀(α*)=-20.899335, intercept=-75.842987 (0.070s) [OMP=0.049 ISP-L=0.002 ISP-F=0.006 MW-L=0.005 MW-F=0.005]
  Alt-Benders[4]: LB stagnated, break
  OMP re-solve: 0.000s

=== True-DRO Benders iter 9 ===
  OMP: t₀=7.409898, UB=17.791748, gap=5.84e-01, x=[0, 0, 0, 0, 0, 0, 0, 0, 0, 0, 1, 0, 0, 0, 0, 0, 0, 0, 0, 1, 0, 0, 0, 0, 0, 0, 0, 0, 0, 0] (0.000s)
  Sub: Z₀=19.568075 [LOCAL] (0.1s), α=[0.000,0.000,0.000,0.000,0.000,0.000,0.000,0.000,0.000,0.000,6.402,0.000,0.000,0.000,1.520,0.000,0.000,0.000,0.000,2.843,0.000,0.000,0.000,0.000,0.000,0.049,0.000,0.000,0.000,0.000]
  Iter 9: LB=7.409898  UB=17.791748  gap=5.84e-01
  Cut: intercept=-1065.013180, π_x_range=[-820.2714, 555.5432]
  Mini-Benders[1] (mw): LB=7.698197, Z₀(α*)=9.251764, intercept=-103.715949 (0.095s) [OMP=0.084 ISP-L=0.003 ISP-F=0.006 MW-L=0.005 MW-F=0.005]
  Mini-Benders[2] (mw): LB=8.287138, Z₀(α*)=10.337593, intercept=-76.820303 (0.104s) [OMP=0.081 ISP-L=0.002 ISP-F=0.006 MW-L=0.004 MW-F=0.005]
  Mini-Benders[3] (mw): LB=8.287138, Z₀(α*)=-15.098230, intercept=-116.744885 (0.099s) [OMP=0.076 ISP-L=0.003 ISP-F=0.007 MW-L=0.004 MW-F=0.005]
  Mini-Benders[4] (mw): LB=8.287138, Z₀(α*)=-15.098230, intercept=-116.744885 (0.095s) [OMP=0.079 ISP-L=0.003 ISP-F=0.007 MW-L=0.004 MW-F=0.005]
  Mini-Benders[5]: LB stagnated, break
  α-step: Z₀=13.828886, α=[0.000,0.000,0.000,0.000,0.000,0.000,0.000,0.000,0.000,0.000,4.597,0.000,0.000,0.000,1.520,0.000,0.000,0.000,0.000,0.000,0.000,0.000,0.000,0.000,0.000,4.697,0.000,0.000,0.000,0.000]
  Alt-Benders[1] (mw): LB=8.668383, Z₀(α*)=4.336902, intercept=-95.633056 (0.087s) [OMP=0.066 ISP-L=0.002 ISP-F=0.007 MW-L=0.013 MW-F=0.006]
  Alt-Benders[2] (mw): LB=8.668383, Z₀(α*)=4.336902, intercept=-95.633056 (0.094s) [OMP=0.067 ISP-L=0.002 ISP-F=0.007 MW-L=0.004 MW-F=0.006]
  Alt-Benders[3] (mw): LB=8.668383, Z₀(α*)=4.336902, intercept=-95.633056 (0.086s) [OMP=0.066 ISP-L=0.002 ISP-F=0.007 MW-L=0.004 MW-F=0.006]
  Alt-Benders[4]: LB stagnated, break
  OMP re-solve: 0.000s

=== True-DRO Benders iter 10 ===
  OMP: t₀=8.668383, UB=17.791748, gap=5.13e-01, x=[0, 0, 0, 0, 0, 0, 0, 0, 0, 0, 1, 0, 0, 1, 0, 0, 0, 0, 0, 0, 0, 0, 0, 0, 0, 0, 0, 0, 0, 0] (0.000s)
  Sub: Z₀=22.340829 (0.1s), α=[0.000,0.000,0.000,0.000,0.000,0.000,0.404,0.000,0.000,0.000,6.873,0.000,0.000,0.130,3.409,0.000,0.000,0.000,0.000,0.000,0.000,0.000,0.000,0.000,0.000,0.000,0.000,0.000,0.000,0.000]
  Iter 10: LB=8.668383  UB=17.791748  gap=5.13e-01
  Cut: intercept=-99.511130, π_x_range=[-234.0000, 98.4108]
  Sherali-Cut: intercept=-95.633232, π_x_range=[-79.1817, 98.1853]
  Mini-Benders[1] (mw): LB=9.010174, Z₀(α*)=-27.814822, intercept=-66.232881 (0.106s) [OMP=0.076 ISP-L=0.003 ISP-F=0.006 MW-L=0.005 MW-F=0.005]
  Mini-Benders[2] (mw): LB=9.010174, Z₀(α*)=-27.814822, intercept=-66.232881 (0.088s) [OMP=0.068 ISP-L=0.003 ISP-F=0.006 MW-L=0.013 MW-F=0.005]
  Mini-Benders[3] (mw): LB=9.010174, Z₀(α*)=-27.814822, intercept=-66.232881 (0.089s) [OMP=0.068 ISP-L=0.003 ISP-F=0.006 MW-L=0.005 MW-F=0.005]
  Mini-Benders[4]: LB stagnated, break
  α-step: Z₀=18.442588, α=[0.000,0.000,0.000,0.000,0.000,0.000,0.000,0.000,0.000,0.000,0.000,0.000,0.000,0.000,1.520,0.000,0.000,0.000,0.000,0.000,0.000,0.000,0.000,0.000,0.000,2.001,0.000,7.294,0.000,0.000]
  Alt-Benders[1] (mw): LB=9.251762, Z₀(α*)=-20.189312, intercept=-98.900075 (0.104s) [OMP=0.086 ISP-L=0.003 ISP-F=0.006 MW-L=0.004 MW-F=0.005]
  Alt-Benders[2] (mw): LB=9.251762, Z₀(α*)=-20.189312, intercept=-98.900075 (0.103s) [OMP=0.074 ISP-L=0.002 ISP-F=0.006 MW-L=0.005 MW-F=0.005]
  Alt-Benders[3] (mw): LB=9.251762, Z₀(α*)=-20.189312, intercept=-98.900075 (0.092s) [OMP=0.076 ISP-L=0.003 ISP-F=0.006 MW-L=0.005 MW-F=0.005]
  Alt-Benders[4]: LB stagnated, break
  OMP re-solve: 0.000s

=== True-DRO Benders iter 11 ===
  OMP: t₀=9.251762, UB=17.791748, gap=4.80e-01, x=[0, 0, 0, 0, 0, 0, 0, 0, 0, 0, 1, 0, 0, 0, 0, 0, 0, 0, 0, 0, 0, 0, 1, 0, 0, 0, 0, 0, 0, 0] (0.000s)
  Sub: Z₀=19.041555 [LOCAL] (0.1s), α=[0.000,0.000,0.000,0.000,0.000,0.000,0.000,0.028,0.000,0.000,6.353,0.000,0.000,0.000,2.453,0.000,0.000,0.000,0.000,0.000,0.000,0.000,1.981,0.000,0.000,0.000,0.000,0.000,0.000,0.000]
  Iter 11: LB=9.251762  UB=17.791748  gap=4.80e-01
  Cut: intercept=-1074.543787, π_x_range=[-821.8285, 558.4224]
  Mini-Benders[1] (mw): LB=9.706348, Z₀(α*)=-17.420433, intercept=-70.637912 (0.104s) [OMP=0.086 ISP-L=0.002 ISP-F=0.006 MW-L=0.014 MW-F=0.005]
  Mini-Benders[2] (mw): LB=9.706348, Z₀(α*)=-17.420433, intercept=-70.637912 (0.096s) [OMP=0.062 ISP-L=0.002 ISP-F=0.006 MW-L=0.005 MW-F=0.005]
  Mini-Benders[3] (mw): LB=9.706348, Z₀(α*)=-17.420433, intercept=-70.637912 (0.081s) [OMP=0.061 ISP-L=0.003 ISP-F=0.006 MW-L=0.005 MW-F=0.005]
  Mini-Benders[4]: LB stagnated, break
  α-step: Z₀=14.365013, α=[0.000,0.000,0.000,0.000,0.000,0.000,0.000,2.215,0.000,0.000,0.000,0.000,0.000,0.000,0.847,0.000,0.000,0.000,0.000,0.000,0.000,0.000,0.000,0.000,0.000,3.619,4.133,0.000,0.000,0.000]
  Alt-Benders[1] (mw): LB=9.752159, Z₀(α*)=-13.697585, intercept=-76.451334 (0.095s) [OMP=0.084 ISP-L=0.002 ISP-F=0.006 MW-L=0.005 MW-F=0.005]
  Alt-Benders[2] (mw): LB=9.752159, Z₀(α*)=-13.697585, intercept=-76.451334 (0.095s) [OMP=0.067 ISP-L=0.002 ISP-F=0.006 MW-L=0.005 MW-F=0.005]
  Alt-Benders[3] (mw): LB=9.752159, Z₀(α*)=-13.697585, intercept=-76.451334 (0.084s) [OMP=0.066 ISP-L=0.002 ISP-F=0.006 MW-L=0.005 MW-F=0.005]
  Alt-Benders[4]: LB stagnated, break
  OMP re-solve: 0.000s

=== True-DRO Benders iter 12 ===
  OMP: t₀=9.752159, UB=17.791748, gap=4.52e-01, x=[0, 0, 0, 0, 0, 0, 0, 0, 0, 0, 0, 0, 0, 0, 0, 0, 0, 1, 0, 1, 0, 0, 0, 0, 0, 0, 0, 0, 0, 0] (0.000s)
  Sub: Z₀=19.379275 [LOCAL] (0.1s), α=[0.000,0.000,0.000,0.000,0.000,0.000,0.000,0.000,0.000,0.000,0.000,0.000,0.000,0.000,1.520,0.000,0.000,1.130,0.000,6.694,0.000,0.000,0.000,0.000,0.000,1.471,0.000,0.000,0.000,0.000]
  Iter 12: LB=9.752159  UB=17.791748  gap=4.52e-01
  Cut: intercept=-1093.642531, π_x_range=[-826.6073, 561.9442]
  Mini-Benders[1] (mw): LB=9.809641, Z₀(α*)=-18.452758, intercept=-48.716144 (0.104s) [OMP=0.086 ISP-L=0.003 ISP-F=0.007 MW-L=0.004 MW-F=0.005]
  Mini-Benders[2] (mw): LB=9.809641, Z₀(α*)=-18.452758, intercept=-48.716144 (0.104s) [OMP=0.081 ISP-L=0.003 ISP-F=0.007 MW-L=0.004 MW-F=0.005]
  Mini-Benders[3] (mw): LB=9.809641, Z₀(α*)=-18.452758, intercept=-48.716144 (0.090s) [OMP=0.082 ISP-L=0.003 ISP-F=0.007 MW-L=0.004 MW-F=0.005]
  Mini-Benders[4]: LB stagnated, break
  α-step: Z₀=13.829501, α=[0.000,0.000,0.000,0.000,0.000,0.000,0.000,0.000,0.000,0.000,0.000,0.000,0.000,0.000,0.000,0.000,0.000,0.000,0.000,1.238,0.000,0.000,0.000,0.000,0.000,2.714,6.862,0.000,0.000,0.000]
  Alt-Benders[1] (mw): LB=10.066568, Z₀(α*)=12.739989, intercept=-33.292221 (0.095s) [OMP=0.075 ISP-L=0.003 ISP-F=0.006 MW-L=0.005 MW-F=0.005]
  Alt-Benders[2] (mw): LB=10.097939, Z₀(α*)=10.264978, intercept=-47.503323 (0.091s) [OMP=0.086 ISP-L=0.003 ISP-F=0.006 MW-L=0.005 MW-F=0.005]
  Alt-Benders[3] (mw): LB=10.216441, Z₀(α*)=-29.242531, intercept=-103.212507 (0.122s) [OMP=0.084 ISP-L=0.002 ISP-F=0.006 MW-L=0.004 MW-F=0.014]
  Alt-Benders[4] (mw): LB=10.216441, Z₀(α*)=-29.242531, intercept=-103.212507 (0.104s) [OMP=0.083 ISP-L=0.002 ISP-F=0.006 MW-L=0.004 MW-F=0.005]
  Alt-Benders[5] (mw): LB=10.216441, Z₀(α*)=-29.242531, intercept=-103.212507 (0.102s) [OMP=0.081 ISP-L=0.002 ISP-F=0.006 MW-L=0.004 MW-F=0.005]
  OMP re-solve: 0.082s

=== True-DRO Benders iter 13 ===
  OMP: t₀=10.216441, UB=17.791748, gap=4.26e-01, x=[0, 0, 0, 0, 1, 0, 0, 1, 0, 0, 0, 0, 0, 0, 0, 0, 0, 0, 0, 0, 0, 0, 0, 0, 0, 0, 0, 0, 0, 0] (0.000s)
  Sub: Z₀=15.117777 [LOCAL] (0.1s), α=[0.000,0.000,0.000,0.000,6.453,0.000,0.000,0.859,0.000,0.000,0.000,0.000,0.000,0.000,3.495,0.000,0.000,0.000,0.000,0.008,0.000,0.000,0.000,0.000,0.000,0.000,0.000,0.000,0.000,0.000]
  Iter 13: LB=10.216441  UB=17.791748  gap=4.26e-01
  Cut: intercept=-1118.892801, π_x_range=[-829.3625, 567.3099]
  Mini-Benders[1] (mw): LB=10.220276, Z₀(α*)=14.141382, intercept=-55.722231 (0.104s) [OMP=0.082 ISP-L=0.003 ISP-F=0.006 MW-L=0.005 MW-F=0.005]
  Mini-Benders[2] (mw): LB=10.264976, Z₀(α*)=-27.738553, intercept=-49.349657 (0.105s) [OMP=0.087 ISP-L=0.003 ISP-F=0.006 MW-L=0.005 MW-F=0.005]
  Mini-Benders[3] (mw): LB=10.264976, Z₀(α*)=-27.738553, intercept=-49.349657 (0.083s) [OMP=0.059 ISP-L=0.003 ISP-F=0.006 MW-L=0.005 MW-F=0.005]
  Mini-Benders[4] (mw): LB=10.264976, Z₀(α*)=-27.738553, intercept=-49.349657 (0.079s) [OMP=0.059 ISP-L=0.003 ISP-F=0.006 MW-L=0.005 MW-F=0.005]
  Mini-Benders[5]: LB stagnated, break
  α-step: Z₀=12.591297, α=[0.000,0.000,0.000,0.000,0.000,0.000,0.000,0.000,0.000,0.000,0.000,0.000,0.000,0.000,0.000,0.000,0.000,0.000,0.000,0.000,0.000,0.000,0.000,0.000,0.000,1.476,9.338,0.000,0.000,0.000]
  Alt-Benders[1] (mw): LB=10.337591, Z₀(α*)=-29.669777, intercept=-73.362793 (0.088s) [OMP=0.071 ISP-L=0.002 ISP-F=0.006 MW-L=0.004 MW-F=0.005]
  Alt-Benders[2] (mw): LB=10.337591, Z₀(α*)=-29.669777, intercept=-73.362793 (0.088s) [OMP=0.079 ISP-L=0.002 ISP-F=0.006 MW-L=0.004 MW-F=0.005]
  Alt-Benders[3] (mw): LB=10.337591, Z₀(α*)=-29.669777, intercept=-73.362793 (0.112s) [OMP=0.080 ISP-L=0.003 ISP-F=0.006 MW-L=0.004 MW-F=0.005]
  Alt-Benders[4]: LB stagnated, break
  OMP re-solve: 0.000s

=== True-DRO Benders iter 14 ===
  OMP: t₀=10.337591, UB=17.791748, gap=4.19e-01, x=[0, 0, 0, 0, 0, 0, 0, 0, 0, 0, 1, 0, 0, 0, 0, 0, 0, 1, 0, 0, 0, 0, 0, 0, 0, 0, 0, 0, 0, 0] (0.000s)
  Sub: Z₀=20.937837 [LOCAL] (0.1s), α=[0.000,0.000,0.000,0.000,0.000,0.000,0.129,0.000,0.000,0.000,6.834,0.000,0.000,0.026,3.145,0.000,0.000,0.000,0.000,0.000,0.000,0.000,0.000,0.000,0.000,0.507,0.087,0.087,0.000,0.000]
  Iter 14: LB=10.337591  UB=17.791748  gap=4.19e-01
  Cut: intercept=-1052.339743, π_x_range=[-821.3805, 546.2071]
  Mini-Benders[1] (mw): LB=10.360728, Z₀(α*)=-28.769414, intercept=-25.073800 (0.125s) [OMP=0.105 ISP-L=0.003 ISP-F=0.006 MW-L=0.005 MW-F=0.005]
  Mini-Benders[2] (mw): LB=10.360728, Z₀(α*)=-28.769414, intercept=-25.073800 (0.103s) [OMP=0.091 ISP-L=0.003 ISP-F=0.006 MW-L=0.005 MW-F=0.005]
  Mini-Benders[3] (mw): LB=10.360728, Z₀(α*)=-28.769414, intercept=-25.073800 (0.110s) [OMP=0.089 ISP-L=0.002 ISP-F=0.006 MW-L=0.004 MW-F=0.015]
  Mini-Benders[4]: LB stagnated, break
  α-step: Z₀=13.245334, α=[0.000,0.000,0.000,0.000,0.000,0.000,0.000,0.000,0.000,0.000,0.000,0.000,0.000,0.000,1.520,0.000,0.000,0.000,0.000,0.000,0.000,0.000,0.000,0.000,0.000,0.611,8.684,0.000,0.000,0.000]
  Alt-Benders[1] (mw): LB=10.614154, Z₀(α*)=9.642167, intercept=-32.564618 (0.078s) [OMP=0.057 ISP-L=0.002 ISP-F=0.007 MW-L=0.005 MW-F=0.005]
  Alt-Benders[2] (mw): LB=10.614154, Z₀(α*)=9.642167, intercept=-32.564618 (0.095s) [OMP=0.082 ISP-L=0.003 ISP-F=0.007 MW-L=0.005 MW-F=0.005]
  Alt-Benders[3] (mw): LB=10.614154, Z₀(α*)=9.642167, intercept=-32.564618 (0.104s) [OMP=0.081 ISP-L=0.002 ISP-F=0.007 MW-L=0.005 MW-F=0.005]
  Alt-Benders[4]: LB stagnated, break
  OMP re-solve: 0.000s

=== True-DRO Benders iter 15 ===
  OMP: t₀=10.614154, UB=17.791748, gap=4.03e-01, x=[0, 0, 0, 0, 0, 0, 0, 0, 0, 0, 0, 0, 0, 0, 1, 0, 0, 0, 0, 0, 0, 0, 0, 0, 0, 0, 1, 0, 0, 0] (0.000s)
  Sub: Z₀=18.084200 (1.6s), α=[0.000,0.000,0.000,0.000,0.000,0.000,0.000,0.000,0.000,0.000,0.000,0.000,0.000,0.000,3.937,0.000,0.000,0.000,0.000,0.000,0.000,0.000,0.000,0.000,0.000,1.365,5.512,0.000,0.000,0.000]
  Iter 15: LB=10.614154  UB=17.791748  gap=4.03e-01
  Cut: intercept=-32.758798, π_x_range=[-206.8492, 35.0672]
  Sherali-Cut: intercept=-31.338021, π_x_range=[-77.6650, 33.6464]
  Mini-Benders[1] (mw): LB=10.624154, Z₀(α*)=1.972431, intercept=-38.640418 (0.120s) [OMP=0.095 ISP-L=0.003 ISP-F=0.006 MW-L=0.006 MW-F=0.006]
  Mini-Benders[2] (mw): LB=10.624154, Z₀(α*)=1.972431, intercept=-38.640418 (0.062s) [OMP=0.054 ISP-L=0.002 ISP-F=0.006 MW-L=0.005 MW-F=0.006]
  Mini-Benders[3] (mw): LB=10.624154, Z₀(α*)=1.972431, intercept=-38.640418 (0.073s) [OMP=0.054 ISP-L=0.003 ISP-F=0.006 MW-L=0.005 MW-F=0.005]
  Mini-Benders[4]: LB stagnated, break
  α-step: Z₀=18.986478, α=[0.000,0.000,0.000,0.000,0.000,0.000,1.293,0.000,0.000,0.000,0.000,0.000,0.000,0.000,0.000,0.000,0.000,0.000,0.000,0.000,0.000,0.000,0.000,0.000,0.000,3.107,6.415,0.000,0.000,0.000]
  Alt-Benders[1] (mw): LB=10.624154, Z₀(α*)=10.705249, intercept=-12.706740 (0.116s) [OMP=0.099 ISP-L=0.003 ISP-F=0.007 MW-L=0.005 MW-F=0.005]
  Alt-Benders[2] (mw): LB=10.634154, Z₀(α*)=12.912750, intercept=-17.232631 (0.096s) [OMP=0.072 ISP-L=0.003 ISP-F=0.007 MW-L=0.005 MW-F=0.005]
  Alt-Benders[3] (mw): LB=10.634154, Z₀(α*)=10.705249, intercept=-12.706743 (0.098s) [OMP=0.084 ISP-L=0.003 ISP-F=0.007 MW-L=0.005 MW-F=0.014]
  Alt-Benders[4] (mw): LB=10.634154, Z₀(α*)=-1.822934, intercept=-68.616653 (0.093s) [OMP=0.059 ISP-L=0.002 ISP-F=0.007 MW-L=0.004 MW-F=0.005]
  Alt-Benders[5]: LB stagnated, break
  OMP re-solve: 0.000s

=== True-DRO Benders iter 16 ===
  OMP: t₀=10.634154, UB=17.791748, gap=4.02e-01, x=[0, 0, 0, 0, 0, 0, 0, 0, 0, 0, 0, 0, 0, 0, 0, 0, 0, 0, 0, 0, 0, 0, 0, 0, 0, 1, 1, 0, 0, 0] (0.000s)
  Sub: Z₀=12.496566 [LOCAL] (0.1s), α=[0.000,0.000,0.000,0.000,0.000,0.000,0.000,0.000,0.000,0.000,0.000,0.000,0.000,0.000,1.520,0.000,0.000,0.000,0.000,0.000,0.000,0.000,0.000,0.000,0.000,6.357,2.834,0.104,0.000,0.000]
  Iter 16: LB=10.634154  UB=17.791748  gap=4.02e-01
  Cut: intercept=-1136.262149, π_x_range=[-828.1609, 580.3946]
  Mini-Benders[1] (mw): LB=10.634154, Z₀(α*)=2.905827, intercept=-17.095821 (0.081s) [OMP=0.061 ISP-L=0.003 ISP-F=0.006 MW-L=0.005 MW-F=0.005]
  Mini-Benders[2] (mw): LB=10.634154, Z₀(α*)=2.905827, intercept=-17.095821 (0.077s) [OMP=0.057 ISP-L=0.003 ISP-F=0.006 MW-L=0.005 MW-F=0.005]
  Mini-Benders[3]: LB stagnated, break
  α-step: Z₀=12.097814, α=[0.000,0.000,0.000,0.000,0.000,0.000,0.000,0.000,0.000,0.000,0.000,0.000,0.000,0.000,1.520,0.000,0.000,0.000,0.000,0.000,0.000,0.000,0.000,0.000,0.000,2.574,6.721,0.000,0.000,0.000]
  Alt-Benders[1] (mw): LB=10.634154, Z₀(α*)=17.329933, intercept=-11.720338 (0.098s) [OMP=0.084 ISP-L=0.003 ISP-F=0.006 MW-L=0.004 MW-F=0.004]
  Alt-Benders[2] (mw): LB=10.688955, Z₀(α*)=-0.825269, intercept=-73.723748 (0.122s) [OMP=0.101 ISP-L=0.002 ISP-F=0.006 MW-L=0.004 MW-F=0.005]
  Alt-Benders[3] (mw): LB=10.688955, Z₀(α*)=-0.825269, intercept=-73.723748 (0.089s) [OMP=0.060 ISP-L=0.002 ISP-F=0.006 MW-L=0.013 MW-F=0.005]
  Alt-Benders[4] (mw): LB=10.688955, Z₀(α*)=-0.825269, intercept=-73.723748 (0.079s) [OMP=0.060 ISP-L=0.003 ISP-F=0.006 MW-L=0.005 MW-F=0.005]
  Alt-Benders[5]: LB stagnated, break
  OMP re-solve: 0.000s

=== True-DRO Benders iter 17 ===
  OMP: t₀=10.688955, UB=17.791748, gap=3.99e-01, x=[0, 0, 0, 0, 0, 0, 0, 0, 0, 0, 0, 0, 0, 0, 0, 0, 0, 1, 0, 0, 0, 0, 1, 0, 0, 0, 0, 0, 0, 0] (0.000s)
  Sub: Z₀=19.379275 [LOCAL] (0.1s), α=[0.000,0.000,0.000,0.000,0.000,0.000,0.000,0.000,0.000,0.000,0.000,0.000,0.000,0.000,1.520,0.000,0.000,1.696,0.000,0.000,0.000,0.000,6.128,0.000,0.000,1.471,0.000,0.000,0.000,0.000]
  Iter 17: LB=10.688955  UB=17.791748  gap=3.99e-01
  Cut: intercept=-1087.867420, π_x_range=[-826.5779, 556.6068]
  Mini-Benders[1] (mw): LB=10.737970, Z₀(α*)=-33.576319, intercept=-64.604602 (0.106s) [OMP=0.100 ISP-L=0.003 ISP-F=0.006 MW-L=0.004 MW-F=0.005]
  Mini-Benders[2] (mw): LB=10.737970, Z₀(α*)=-33.576319, intercept=-64.604602 (0.087s) [OMP=0.055 ISP-L=0.002 ISP-F=0.006 MW-L=0.004 MW-F=0.005]
  Mini-Benders[3] (mw): LB=10.737970, Z₀(α*)=-33.576319, intercept=-64.604602 (0.070s) [OMP=0.056 ISP-L=0.002 ISP-F=0.006 MW-L=0.004 MW-F=0.005]
  Mini-Benders[4]: LB stagnated, break
  α-step: Z₀=17.735702, α=[0.000,0.000,0.000,0.000,6.285,0.000,0.000,0.000,0.000,0.000,0.000,0.000,0.000,0.000,1.869,0.000,0.000,0.000,0.000,0.000,0.000,0.000,0.000,0.000,0.000,0.000,2.661,0.000,0.000,0.000]
  Alt-Benders[1] (mw): LB=11.231177, Z₀(α*)=-24.594442, intercept=-52.777127 (0.114s) [OMP=0.093 ISP-L=0.002 ISP-F=0.006 MW-L=0.004 MW-F=0.014]
  Alt-Benders[2] (mw): LB=11.231177, Z₀(α*)=-24.594442, intercept=-52.777127 (0.082s) [OMP=0.056 ISP-L=0.002 ISP-F=0.006 MW-L=0.004 MW-F=0.005]
  Alt-Benders[3] (mw): LB=11.231177, Z₀(α*)=-24.594442, intercept=-52.777127 (0.075s) [OMP=0.056 ISP-L=0.002 ISP-F=0.006 MW-L=0.004 MW-F=0.005]
  Alt-Benders[4]: LB stagnated, break
  OMP re-solve: 0.000s

=== True-DRO Benders iter 18 ===
  OMP: t₀=11.231177, UB=17.791748, gap=3.69e-01, x=[0, 0, 0, 1, 0, 0, 0, 0, 0, 0, 1, 0, 0, 0, 0, 0, 0, 0, 0, 0, 0, 0, 0, 0, 0, 0, 0, 0, 0, 0] (0.000s)
  Sub: Z₀=21.416633 [LOCAL] (0.1s), α=[0.000,0.000,0.000,0.000,0.000,0.000,0.283,0.000,0.000,0.000,6.353,0.000,0.000,0.000,3.828,0.000,0.000,0.000,0.000,0.000,0.000,0.000,0.000,0.000,0.000,0.000,0.210,0.140,0.000,0.000]
  Iter 18: LB=11.231177  UB=17.791748  gap=3.69e-01
  Cut: intercept=-1069.301875, π_x_range=[-821.4597, 562.6942]
  Mini-Benders[1] (mw): LB=11.412232, Z₀(α*)=-12.043844, intercept=-58.804111 (0.103s) [OMP=0.081 ISP-L=0.002 ISP-F=0.006 MW-L=0.004 MW-F=0.005]
  Mini-Benders[2] (mw): LB=11.412232, Z₀(α*)=-12.043844, intercept=-58.804111 (0.080s) [OMP=0.051 ISP-L=0.002 ISP-F=0.006 MW-L=0.004 MW-F=0.005]
  Mini-Benders[3] (mw): LB=11.412232, Z₀(α*)=-12.043844, intercept=-58.804111 (0.072s) [OMP=0.052 ISP-L=0.002 ISP-F=0.006 MW-L=0.004 MW-F=0.005]
  Mini-Benders[4]: LB stagnated, break
  α-step: Z₀=22.399000, α=[0.000,0.000,0.000,0.000,0.000,0.000,0.000,3.002,0.000,0.000,0.000,0.000,0.000,0.000,4.705,0.000,0.000,0.000,0.000,0.000,0.000,0.000,0.000,0.000,0.000,3.107,0.000,0.000,0.000,0.000]
  Alt-Benders[1] (mw): LB=11.412232, Z₀(α*)=16.215148, intercept=-16.380517 (0.120s) [OMP=0.102 ISP-L=0.003 ISP-F=0.007 MW-L=0.005 MW-F=0.005]
  Alt-Benders[2] (mw): LB=11.532678, Z₀(α*)=-10.081606, intercept=-44.015962 (0.104s) [OMP=0.088 ISP-L=0.003 ISP-F=0.006 MW-L=0.005 MW-F=0.005]
  Alt-Benders[3] (mw): LB=11.532678, Z₀(α*)=-10.081606, intercept=-44.015962 (0.095s) [OMP=0.068 ISP-L=0.002 ISP-F=0.006 MW-L=0.006 MW-F=0.005]
  Alt-Benders[4] (mw): LB=11.532678, Z₀(α*)=-10.081606, intercept=-44.015962 (0.083s) [OMP=0.067 ISP-L=0.002 ISP-F=0.006 MW-L=0.006 MW-F=0.005]
  Alt-Benders[5]: LB stagnated, break
  OMP re-solve: 0.000s

=== True-DRO Benders iter 19 ===
  OMP: t₀=11.532678, UB=17.791748, gap=3.52e-01, x=[0, 0, 0, 0, 0, 0, 1, 0, 0, 0, 0, 0, 0, 0, 0, 0, 0, 0, 0, 0, 0, 0, 0, 0, 0, 0, 0, 1, 0, 0] (0.000s)
  Sub: Z₀=18.526887 [LOCAL] (0.1s), α=[0.000,0.000,0.000,0.000,0.000,0.000,1.862,0.000,0.000,0.000,0.000,0.000,0.000,0.000,0.000,0.000,0.000,0.000,0.000,0.000,0.000,0.000,0.000,0.000,0.000,2.067,0.330,6.555,0.000,0.000]
  Iter 19: LB=11.532678  UB=17.791748  gap=3.52e-01
  Cut: intercept=-1131.199904, π_x_range=[-830.6685, 586.4460]
  Mini-Benders[1] (mw): LB=11.608121, Z₀(α*)=-2.370908, intercept=-32.383113 (0.104s) [OMP=0.086 ISP-L=0.002 ISP-F=0.007 MW-L=0.004 MW-F=0.005]
  Mini-Benders[2] (mw): LB=11.608121, Z₀(α*)=-2.370908, intercept=-32.383113 (0.073s) [OMP=0.053 ISP-L=0.002 ISP-F=0.007 MW-L=0.004 MW-F=0.005]
  Mini-Benders[3] (mw): LB=11.608121, Z₀(α*)=-2.370908, intercept=-32.383113 (0.069s) [OMP=0.053 ISP-L=0.002 ISP-F=0.007 MW-L=0.013 MW-F=0.005]
  Mini-Benders[4]: LB stagnated, break
  α-step: Z₀=13.753448, α=[0.000,0.000,0.000,0.000,0.000,0.000,0.000,0.000,0.000,0.000,0.000,0.000,0.000,0.000,3.937,0.000,0.000,0.000,0.000,0.000,0.000,0.000,0.000,0.000,0.000,3.156,3.721,0.000,0.000,0.000]
  Alt-Benders[1] (mw): LB=11.628121, Z₀(α*)=16.024929, intercept=-19.136359 (0.088s) [OMP=0.070 ISP-L=0.002 ISP-F=0.006 MW-L=0.005 MW-F=0.005]
  Alt-Benders[2] (mw): LB=11.717059, Z₀(α*)=-17.979050, intercept=-42.937456 (0.106s) [OMP=0.092 ISP-L=0.003 ISP-F=0.006 MW-L=0.004 MW-F=0.005]
  Alt-Benders[3] (mw): LB=11.717059, Z₀(α*)=-17.979050, intercept=-42.937456 (0.104s) [OMP=0.083 ISP-L=0.002 ISP-F=0.006 MW-L=0.004 MW-F=0.005]
  Alt-Benders[4] (mw): LB=11.717059, Z₀(α*)=-17.979050, intercept=-42.937456 (0.106s) [OMP=0.082 ISP-L=0.003 ISP-F=0.006 MW-L=0.004 MW-F=0.005]
  Alt-Benders[5]: LB stagnated, break
  OMP re-solve: 0.000s

=== True-DRO Benders iter 20 ===
  OMP: t₀=11.717059, UB=17.791748, gap=3.41e-01, x=[0, 0, 0, 0, 1, 0, 0, 0, 1, 0, 0, 0, 0, 0, 0, 0, 0, 0, 0, 0, 0, 0, 0, 0, 0, 0, 0, 0, 0, 0] (0.000s)
  Sub: Z₀=16.829113 (0.7s), α=[0.000,0.000,0.000,0.000,7.442,0.000,0.722,0.000,0.000,0.000,0.000,0.000,0.000,0.000,2.242,0.000,0.000,0.000,0.000,0.000,0.000,0.000,0.000,0.000,0.000,0.409,0.000,0.000,0.000,0.000]
  Iter 20: LB=11.717059  UB=16.829113  gap=3.04e-01
  Cut: intercept=-72.361543, π_x_range=[-264.7494, 61.1166]
  Sherali-Cut: intercept=-42.999945, π_x_range=[-88.0758, 59.8291]
  Mini-Benders[1] (mw): LB=11.851330, Z₀(α*)=-20.293266, intercept=-23.392992 (0.125s) [OMP=0.103 ISP-L=0.003 ISP-F=0.007 MW-L=0.005 MW-F=0.005]
  Mini-Benders[2] (mw): LB=11.851330, Z₀(α*)=-20.293266, intercept=-23.392992 (0.089s) [OMP=0.068 ISP-L=0.003 ISP-F=0.006 MW-L=0.005 MW-F=0.005]
  Mini-Benders[3] (mw): LB=11.851330, Z₀(α*)=-20.293266, intercept=-23.392992 (0.088s) [OMP=0.066 ISP-L=0.002 ISP-F=0.006 MW-L=0.005 MW-F=0.005]
  Mini-Benders[4]: LB stagnated, break
  α-step: Z₀=18.442588, α=[0.000,0.000,0.000,0.000,0.000,0.000,0.000,0.000,0.000,0.000,0.000,0.000,0.000,0.000,0.000,0.000,0.000,0.000,0.000,0.000,0.000,0.000,0.000,0.000,0.000,4.255,6.560,0.000,0.000,0.000]
  Alt-Benders[1] (mw): LB=11.851330, Z₀(α*)=2.722405, intercept=-48.504819 (0.104s) [OMP=0.099 ISP-L=0.003 ISP-F=0.007 MW-L=0.004 MW-F=0.005]
  Alt-Benders[2] (mw): LB=11.851330, Z₀(α*)=2.722405, intercept=-48.504819 (0.121s) [OMP=0.082 ISP-L=0.002 ISP-F=0.007 MW-L=0.004 MW-F=0.013]
  Alt-Benders[3] (mw): LB=11.851330, Z₀(α*)=2.722405, intercept=-48.504819 (0.089s) [OMP=0.083 ISP-L=0.002 ISP-F=0.007 MW-L=0.004 MW-F=0.005]
  Alt-Benders[4]: LB stagnated, break
  OMP re-solve: 0.000s

=== True-DRO Benders iter 21 ===
  OMP: t₀=11.851330, UB=16.829113, gap=2.96e-01, x=[0, 0, 0, 0, 0, 0, 0, 0, 0, 0, 0, 0, 0, 0, 0, 0, 0, 0, 0, 0, 0, 0, 0, 0, 0, 1, 0, 1, 0, 0] (0.000s)
  Sub: Z₀=17.735699 [LOCAL] (0.1s), α=[0.000,0.000,0.000,0.000,0.000,0.000,0.000,0.000,0.000,0.000,0.000,0.000,0.000,0.000,0.105,0.000,0.000,0.000,0.000,0.000,0.000,0.000,0.000,0.000,0.000,7.794,0.070,2.845,0.000,0.000]
  Iter 21: LB=11.851330  UB=16.829113  gap=2.96e-01
  Cut: intercept=-1127.947861, π_x_range=[-828.9536, 578.2032]
  Mini-Benders[1] (mw): LB=11.851330, Z₀(α*)=15.042295, intercept=-23.420119 (0.112s) [OMP=0.103 ISP-L=0.003 ISP-F=0.006 MW-L=0.005 MW-F=0.005]
  Mini-Benders[2] (mw): LB=11.851330, Z₀(α*)=14.285479, intercept=-18.564775 (0.120s) [OMP=0.100 ISP-L=0.003 ISP-F=0.006 MW-L=0.005 MW-F=0.005]
  Mini-Benders[3]: LB stagnated, break
  α-step: Z₀=18.561979, α=[0.000,0.000,0.000,0.000,0.000,0.000,0.000,0.000,0.000,0.000,0.000,0.000,0.000,0.000,4.723,0.000,0.000,0.000,0.000,0.000,0.000,0.000,0.000,0.000,0.000,2.907,3.184,0.000,0.000,0.000]
  Alt-Benders[1] (mw): LB=11.851330, Z₀(α*)=18.561979, intercept=-43.495289 (0.122s) [OMP=0.102 ISP-L=0.002 ISP-F=0.006 MW-L=0.004 MW-F=0.005]
  Alt-Benders[2] (mw): LB=12.103468, Z₀(α*)=-9.359311, intercept=-54.177838 (0.106s) [OMP=0.092 ISP-L=0.003 ISP-F=0.007 MW-L=0.004 MW-F=0.005]
  Alt-Benders[3] (mw): LB=12.103468, Z₀(α*)=-9.359311, intercept=-54.177838 (0.135s) [OMP=0.103 ISP-L=0.002 ISP-F=0.015 MW-L=0.004 MW-F=0.006]
  Alt-Benders[4] (mw): LB=12.103468, Z₀(α*)=-9.359311, intercept=-54.177838 (0.122s) [OMP=0.103 ISP-L=0.002 ISP-F=0.007 MW-L=0.004 MW-F=0.005]
  Alt-Benders[5]: LB stagnated, break
  OMP re-solve: 0.000s

=== True-DRO Benders iter 22 ===
  OMP: t₀=12.103468, UB=16.829113, gap=2.81e-01, x=[0, 0, 0, 0, 0, 0, 1, 1, 0, 0, 0, 0, 0, 0, 0, 0, 0, 0, 0, 0, 0, 0, 0, 0, 0, 0, 0, 0, 0, 0] (0.000s)
  Sub: Z₀=20.876050 [LOCAL] (0.1s), α=[0.000,0.000,0.000,0.000,0.000,0.000,2.418,2.960,0.000,0.000,0.000,0.000,0.000,0.000,0.000,0.000,0.000,0.000,0.000,0.000,0.000,0.000,0.000,0.000,0.000,5.437,0.000,0.000,0.000,0.000]
  Iter 22: LB=12.103468  UB=16.829113  gap=2.81e-01
  Cut: intercept=-1127.656320, π_x_range=[-832.4857, 583.4087]
  Mini-Benders[1] (mw): LB=12.190224, Z₀(α*)=12.278601, intercept=-39.632400 (0.124s) [OMP=0.108 ISP-L=0.003 ISP-F=0.007 MW-L=0.004 MW-F=0.005]
  Mini-Benders[2] (mw): LB=12.249157, Z₀(α*)=-6.746950, intercept=-114.547234 (0.104s) [OMP=0.083 ISP-L=0.002 ISP-F=0.006 MW-L=0.005 MW-F=0.005]
  Mini-Benders[3] (mw): LB=12.249157, Z₀(α*)=-6.746950, intercept=-114.547234 (0.107s) [OMP=0.087 ISP-L=0.002 ISP-F=0.006 MW-L=0.005 MW-F=0.005]
  Mini-Benders[4] (mw): LB=12.249157, Z₀(α*)=-6.746950, intercept=-114.547234 (0.104s) [OMP=0.086 ISP-L=0.002 ISP-F=0.006 MW-L=0.005 MW-F=0.005]
  Mini-Benders[5]: LB stagnated, break
  α-step: Z₀=18.900175, α=[0.000,0.000,0.000,0.000,0.000,0.000,0.000,0.000,0.000,0.000,0.000,0.000,0.000,0.000,1.166,0.000,0.000,0.081,4.201,0.000,0.000,0.000,0.000,0.000,0.000,5.366,0.000,0.000,0.000,0.000]
  Alt-Benders[1] (mw): LB=12.278599, Z₀(α*)=2.681367, intercept=-39.261260 (0.110s) [OMP=0.092 ISP-L=0.002 ISP-F=0.007 MW-L=0.004 MW-F=0.005]
  Alt-Benders[2] (mw): LB=12.278599, Z₀(α*)=2.681367, intercept=-39.261260 (0.106s) [OMP=0.094 ISP-L=0.002 ISP-F=0.006 MW-L=0.004 MW-F=0.005]
  Alt-Benders[3] (mw): LB=12.278599, Z₀(α*)=2.681367, intercept=-39.261260 (0.119s) [OMP=0.095 ISP-L=0.002 ISP-F=0.007 MW-L=0.004 MW-F=0.005]
  Alt-Benders[4]: LB stagnated, break
  OMP re-solve: 0.000s

=== True-DRO Benders iter 23 ===
  OMP: t₀=12.278599, UB=16.829113, gap=2.70e-01, x=[0, 0, 0, 0, 0, 0, 0, 1, 0, 0, 0, 0, 0, 0, 0, 0, 0, 0, 1, 0, 0, 0, 0, 0, 0, 0, 0, 0, 0, 0] (0.000s)
  Sub: Z₀=19.569232 [LOCAL] (0.1s), α=[0.000,0.000,0.000,0.000,0.000,0.000,0.000,4.119,0.000,0.000,0.000,0.000,0.000,0.000,3.358,0.000,0.000,0.000,0.327,0.000,0.000,0.000,0.000,0.000,0.000,3.011,0.000,0.000,0.000,0.000]
  Iter 23: LB=12.278599  UB=16.829113  gap=2.70e-01
  Cut: intercept=-1072.107612, π_x_range=[-830.0755, 553.1647]
  Mini-Benders[1] (mw): LB=12.496566, Z₀(α*)=-13.180165, intercept=-72.053619 (0.107s) [OMP=0.099 ISP-L=0.003 ISP-F=0.007 MW-L=0.005 MW-F=0.005]
  Mini-Benders[2] (mw): LB=12.496566, Z₀(α*)=-13.180165, intercept=-72.053619 (0.104s) [OMP=0.085 ISP-L=0.002 ISP-F=0.006 MW-L=0.004 MW-F=0.005]
  Mini-Benders[3] (mw): LB=12.496566, Z₀(α*)=-13.180165, intercept=-72.053619 (0.122s) [OMP=0.083 ISP-L=0.002 ISP-F=0.006 MW-L=0.004 MW-F=0.013]
  Mini-Benders[4]: LB stagnated, break
  α-step: Z₀=12.415465, α=[0.000,0.000,0.000,0.000,0.000,0.000,0.000,0.000,0.000,0.000,0.000,0.000,0.000,0.000,1.520,0.000,0.000,0.000,0.000,0.000,0.000,0.000,0.000,0.000,0.000,6.357,2.938,0.000,0.000,0.000]
  Alt-Benders[1] (mw): LB=12.496566, Z₀(α*)=12.532427, intercept=-72.092927 (0.089s) [OMP=0.078 ISP-L=0.003 ISP-F=0.007 MW-L=0.004 MW-F=0.005]
  Alt-Benders[2] (mw): LB=12.498669, Z₀(α*)=-0.971209, intercept=-31.705442 (0.119s) [OMP=0.094 ISP-L=0.002 ISP-F=0.007 MW-L=0.004 MW-F=0.005]
  Alt-Benders[3] (mw): LB=12.498669, Z₀(α*)=-0.971209, intercept=-31.705442 (0.123s) [OMP=0.107 ISP-L=0.002 ISP-F=0.007 MW-L=0.004 MW-F=0.005]
  Alt-Benders[4] (mw): LB=12.498669, Z₀(α*)=-0.971209, intercept=-31.705442 (0.121s) [OMP=0.109 ISP-L=0.002 ISP-F=0.007 MW-L=0.004 MW-F=0.005]
  Alt-Benders[5]: LB stagnated, break
  OMP re-solve: 0.000s

=== True-DRO Benders iter 24 ===
  OMP: t₀=12.498669, UB=16.829113, gap=2.57e-01, x=[0, 0, 0, 0, 0, 0, 0, 1, 1, 0, 0, 0, 0, 0, 0, 0, 0, 0, 0, 0, 0, 0, 0, 0, 0, 0, 0, 0, 0, 0] (0.000s)
  Sub: Z₀=22.613797 [LOCAL] (0.1s), α=[0.000,0.000,0.000,0.000,0.000,0.000,0.000,4.119,0.000,0.000,0.000,0.000,0.000,0.000,1.724,0.000,0.000,0.000,0.000,0.000,0.000,0.000,0.000,0.000,0.000,3.619,0.000,1.353,0.000,0.000]
  Iter 24: LB=12.498669  UB=16.829113  gap=2.57e-01
  Cut: intercept=-1122.468198, π_x_range=[-830.3960, 581.5918]
  Mini-Benders[1] (mw): LB=12.532424, Z₀(α*)=-10.619939, intercept=-73.678299 (0.110s) [OMP=0.100 ISP-L=0.002 ISP-F=0.006 MW-L=0.005 MW-F=0.005]
  Mini-Benders[2] (mw): LB=12.532424, Z₀(α*)=-10.619939, intercept=-73.678299 (0.107s) [OMP=0.084 ISP-L=0.011 ISP-F=0.007 MW-L=0.004 MW-F=0.005]
  Mini-Benders[3] (mw): LB=12.532424, Z₀(α*)=-10.619939, intercept=-73.678299 (0.119s) [OMP=0.085 ISP-L=0.002 ISP-F=0.006 MW-L=0.004 MW-F=0.005]
  Mini-Benders[4]: LB stagnated, break
  α-step: Z₀=12.532427, α=[0.000,0.000,0.000,0.000,0.000,0.000,0.000,0.000,0.000,0.000,0.000,0.000,0.000,0.000,0.395,0.000,0.000,0.000,0.000,0.000,0.000,0.000,0.000,0.000,0.000,6.919,3.501,0.000,0.000,0.000]
  Alt-Benders[1] (mw): LB=12.532427, Z₀(α*)=12.532427, intercept=-71.530390 (0.105s) [OMP=0.099 ISP-L=0.003 ISP-F=0.007 MW-L=0.005 MW-F=0.005]
  Alt-Benders[2] (mw): LB=12.532424, Z₀(α*)=12.532427, intercept=-71.530390 (0.114s) [OMP=0.081 ISP-L=0.002 ISP-F=0.007 MW-L=0.005 MW-F=0.005]
  Alt-Benders[3] (mw): LB=12.532424, Z₀(α*)=12.532427, intercept=-71.530390 (0.096s) [OMP=0.082 ISP-L=0.002 ISP-F=0.007 MW-L=0.005 MW-F=0.005]
  Alt-Benders[4]: LB stagnated, break
  OMP re-solve: 0.000s

=== True-DRO Benders iter 25 ===
  OMP: t₀=12.532424, UB=16.829113, gap=2.55e-01, x=[0, 0, 0, 0, 0, 0, 0, 0, 0, 0, 0, 0, 0, 0, 0, 0, 0, 0, 0, 0, 0, 0, 0, 0, 0, 1, 1, 0, 0, 0] (0.000s)
  Sub: Z₀=12.532427 [TIME_LIMIT] (15.1s), α=[0.000,0.000,0.000,0.000,0.000,0.000,0.000,0.000,0.000,0.000,0.000,0.000,0.000,0.000,1.520,0.000,0.000,0.000,0.000,0.000,0.000,0.000,0.000,0.000,0.000,6.357,1.736,1.203,0.000,0.000]
  Iter 25: LB=12.532424  UB=12.542742  gap=8.23e-04
True-DRO Benders converged at iter 25 (gap=8.23e-04)
  Wall time: 39.35 sec
  OMP  time: mean=0.054s, median=0.064s, max=0.112s
  Sub  time (exact): mean=0.648s, median=0.421s, q90=1.371s, max=1.647s (n=4/25)

Result (single_l): Z₀=12.542742, iters=25, time=39.4s
x arcs = [26, 27]
