============================================================
grid5x5 — double: ε̂=0.50, ε̃=0.50, β=0.70
============================================================
Set parameter Username
Set parameter LicenseID to value 2742039
Academic license - for non-commercial use only - expires 2026-11-20
Set parameter Username
Set parameter LicenseID to value 2742039
Academic license - for non-commercial use only - expires 2026-11-20
Set parameter OutputFlag to value 1
Set parameter LogFile to value "global_miqcp.log"
Set parameter Username
Set parameter LicenseID to value 2742039
Academic license - for non-commercial use only - expires 2026-11-20
Set parameter Username
Set parameter LicenseID to value 2742039
Academic license - for non-commercial use only - expires 2026-11-20
Set parameter Username
Set parameter LicenseID to value 2742039
Academic license - for non-commercial use only - expires 2026-11-20
Set parameter Username
Set parameter LicenseID to value 2742039
Academic license - for non-commercial use only - expires 2026-11-20

=== True-DRO Benders iter 1 ===
  OMP: t₀=14.356761, UB=Inf, gap=NaN, x=[0, 0, 0, 0, 0, 0, 0, 0, 0, 0, 0, 0, 0, 0, 0, 0, 0, 0, 0, 0, 0, 0, 0, 0, 0, 0, 0, 1, 0, 0, 0, 0, 0, 0, 0, 0, 1, 0, 0, 0, 0, 0, 0, 0, 0, 0, 0] (0.016s)
  Sub: Z₀=38.657174 [LOCAL] (0.3s), α=[0.000,0.000,0.000,0.000,0.000,0.000,0.000,0.000,0.000,0.000,0.000,0.000,0.000,0.000,0.000,0.000,0.000,0.000,0.000,0.000,0.000,0.000,0.000,0.000,1.333,0.000,0.000,0.000,0.399,0.000,0.000,0.000,0.000,0.000,0.000,0.000,8.518,0.000,0.000,0.000,0.000,0.000,0.000,0.000,0.000,0.000,0.000]
  Iter 1: LB=14.356761  UB=Inf  gap=NaN
  Cut: intercept=-1147.032931, π_x_range=[-830.9011, 599.8081]
  Mini-Benders[1] (mw): LB=15.740565, Z₀(α*)=22.008609, intercept=-66.561811 (0.094s) [OMP=0.039 ISP-L=0.007 ISP-F=0.016 MW-L=0.007 MW-F=0.009]
  Mini-Benders[2] (mw): LB=15.748163, Z₀(α*)=1.659427, intercept=-36.019023 (0.087s) [OMP=0.040 ISP-L=0.004 ISP-F=0.010 MW-L=0.019 MW-F=0.011]
  Mini-Benders[3] (mw): LB=15.748163, Z₀(α*)=1.659427, intercept=-36.019023 (0.079s) [OMP=0.046 ISP-L=0.004 ISP-F=0.010 MW-L=0.007 MW-F=0.011]
  Mini-Benders[4] (mw): LB=15.748163, Z₀(α*)=1.659427, intercept=-36.019023 (0.079s) [OMP=0.046 ISP-L=0.004 ISP-F=0.010 MW-L=0.007 MW-F=0.011]
  Mini-Benders[5]: LB stagnated, break
Set parameter NonConvex to value 2
Set parameter DualReductions to value 0
  α-step: Z₀=44.031951, α=[0.000,0.000,0.000,0.000,0.000,0.000,0.000,0.000,0.000,0.000,0.000,0.000,0.000,0.000,0.000,0.000,0.000,0.000,0.000,0.000,0.000,0.000,0.000,0.000,3.360,0.000,0.000,0.879,4.192,0.000,0.000,1.818,0.000,0.000,0.000,0.000,0.000,0.000,0.000,0.000,0.000,0.000,0.000,0.000,0.000,0.000,0.000]
  Alt-Benders[1] (mw): LB=16.468695, Z₀(α*)=28.410382, intercept=3.041093 (0.076s) [OMP=0.055 ISP-L=0.004 ISP-F=0.012 MW-L=0.007 MW-F=0.010]
  Alt-Benders[2] (mw): LB=16.604306, Z₀(α*)=22.619323, intercept=-138.071948 (0.101s) [OMP=0.053 ISP-L=0.004 ISP-F=0.010 MW-L=0.007 MW-F=0.012]
  Alt-Benders[3] (mw): LB=17.041466, Z₀(α*)=31.794603, intercept=-79.231283 (0.124s) [OMP=0.085 ISP-L=0.004 ISP-F=0.012 MW-L=0.015 MW-F=0.011]
  Alt-Benders[4] (mw): LB=17.197649, Z₀(α*)=44.031951, intercept=-35.964872 (0.120s) [OMP=0.092 ISP-L=0.004 ISP-F=0.011 MW-L=0.006 MW-F=0.010]
  Alt-Benders[5] (mw): LB=17.217289, Z₀(α*)=37.784643, intercept=-65.321676 (0.151s) [OMP=0.113 ISP-L=0.004 ISP-F=0.010 MW-L=0.006 MW-F=0.010]
  OMP re-solve: 0.114s

=== True-DRO Benders iter 2 ===
  OMP: t₀=17.852499, UB=Inf, gap=NaN, x=[0, 0, 0, 0, 0, 0, 0, 0, 0, 0, 0, 0, 0, 0, 0, 0, 0, 0, 0, 0, 0, 0, 0, 0, 1, 0, 0, 0, 0, 0, 0, 0, 1, 0, 0, 0, 0, 0, 0, 0, 0, 0, 0, 0, 0, 0, 0] (0.000s)
  Sub: Z₀=42.798733 [LOCAL] (0.2s), α=[0.000,0.000,0.000,0.000,0.000,0.000,0.000,0.000,0.000,0.000,0.000,0.000,0.000,0.000,0.000,0.000,0.000,0.000,0.000,0.000,0.000,0.000,0.000,0.000,7.505,0.000,0.000,0.000,2.744,0.000,0.000,0.000,0.000,0.000,0.000,0.000,0.000,0.000,0.000,0.000,0.000,0.000,0.000,0.000,0.000,0.000,0.000]
  Iter 2: LB=17.852499  UB=Inf  gap=NaN
  Cut: intercept=-1140.264420, π_x_range=[-826.4481, 599.4227]
  Mini-Benders[1] (mw): LB=17.860097, Z₀(α*)=43.045917, intercept=-27.196727 (0.151s) [OMP=0.110 ISP-L=0.004 ISP-F=0.010 MW-L=0.008 MW-F=0.012]
  Mini-Benders[2] (mw): LB=18.046335, Z₀(α*)=46.358796, intercept=-7.502279 (0.151s) [OMP=0.131 ISP-L=0.004 ISP-F=0.011 MW-L=0.006 MW-F=0.011]
  Mini-Benders[3] (mw): LB=18.324271, Z₀(α*)=38.485828, intercept=-101.066561 (0.182s) [OMP=0.129 ISP-L=0.004 ISP-F=0.012 MW-L=0.014 MW-F=0.011]
  Mini-Benders[4] (mw): LB=18.373711, Z₀(α*)=21.129631, intercept=-124.257988 (0.167s) [OMP=0.138 ISP-L=0.003 ISP-F=0.011 MW-L=0.006 MW-F=0.012]
  Mini-Benders[5] (mw): LB=18.434300, Z₀(α*)=37.999208, intercept=-110.065196 (0.166s) [OMP=0.135 ISP-L=0.004 ISP-F=0.010 MW-L=0.006 MW-F=0.011]
  α-step: Z₀=30.952331, α=[0.000,0.000,0.000,0.000,0.000,0.000,0.000,0.000,0.000,0.000,1.651,0.000,0.000,0.000,0.000,0.000,0.000,0.000,0.000,0.000,0.000,0.000,1.626,0.000,2.372,0.000,0.000,0.000,4.600,0.000,0.000,0.000,0.000,0.000,0.000,0.000,0.000,0.000,0.000,0.000,0.000,0.000,0.000,0.000,0.000,0.000,0.000]
  Alt-Benders[1] (mw): LB=19.153400, Z₀(α*)=38.027765, intercept=-41.075020 (0.182s) [OMP=0.134 ISP-L=0.004 ISP-F=0.012 MW-L=0.007 MW-F=0.014]
  Alt-Benders[2] (mw): LB=19.243576, Z₀(α*)=26.228599, intercept=-98.656603 (0.172s) [OMP=0.147 ISP-L=0.004 ISP-F=0.011 MW-L=0.007 MW-F=0.012]
  Alt-Benders[3] (mw): LB=19.309583, Z₀(α*)=37.761505, intercept=-41.432015 (0.198s) [OMP=0.158 ISP-L=0.004 ISP-F=0.010 MW-L=0.013 MW-F=0.010]
  Alt-Benders[4] (mw): LB=19.329224, Z₀(α*)=33.361846, intercept=-115.928835 (0.182s) [OMP=0.146 ISP-L=0.004 ISP-F=0.010 MW-L=0.007 MW-F=0.013]
  Alt-Benders[5] (mw): LB=19.436631, Z₀(α*)=26.701781, intercept=-80.128495 (0.198s) [OMP=0.161 ISP-L=0.004 ISP-F=0.011 MW-L=0.007 MW-F=0.013]
  OMP re-solve: 0.152s

=== True-DRO Benders iter 3 ===
  OMP: t₀=19.508439, UB=Inf, gap=NaN, x=[0, 0, 0, 0, 0, 0, 0, 0, 0, 0, 1, 0, 0, 0, 0, 0, 0, 0, 0, 0, 0, 0, 0, 0, 0, 0, 0, 0, 0, 0, 0, 0, 0, 0, 0, 0, 1, 0, 0, 0, 0, 0, 0, 0, 0, 0, 0] (0.000s)
  Sub: Z₀=41.814750 [LOCAL] (0.2s), α=[0.000,0.000,0.000,0.000,0.000,0.000,0.000,0.000,0.000,0.000,0.000,0.000,0.000,0.000,0.000,0.000,0.000,0.000,0.000,0.000,0.000,0.000,3.012,0.000,0.000,0.000,0.000,0.000,4.027,0.000,0.000,0.000,0.000,0.000,0.000,0.000,3.210,0.000,0.000,0.000,0.000,0.000,0.000,0.000,0.000,0.000,0.000]
  Iter 3: LB=19.508439  UB=Inf  gap=NaN
  Cut: intercept=-1100.086684, π_x_range=[-826.9667, 585.6744]
  Mini-Benders[1] (mw): LB=20.158270, Z₀(α*)=42.655509, intercept=-46.309600 (0.198s) [OMP=0.159 ISP-L=0.004 ISP-F=0.012 MW-L=0.006 MW-F=0.014]
  Mini-Benders[2] (mw): LB=20.236467, Z₀(α*)=44.485629, intercept=-40.289342 (0.182s) [OMP=0.154 ISP-L=0.004 ISP-F=0.011 MW-L=0.007 MW-F=0.010]
  Mini-Benders[3] (mw): LB=20.286273, Z₀(α*)=40.001476, intercept=-98.542758 (0.198s) [OMP=0.145 ISP-L=0.002 ISP-F=0.012 MW-L=0.005 MW-F=0.019]
  Mini-Benders[4] (mw): LB=20.444597, Z₀(α*)=20.937301, intercept=-58.715037 (0.214s) [OMP=0.177 ISP-L=0.004 ISP-F=0.012 MW-L=0.007 MW-F=0.012]
  Mini-Benders[5] (mw): LB=20.485646, Z₀(α*)=43.024880, intercept=-144.852412 (0.182s) [OMP=0.148 ISP-L=0.004 ISP-F=0.010 MW-L=0.007 MW-F=0.011]
  α-step: Z₀=42.096256, α=[0.000,0.000,0.000,0.000,0.000,0.000,0.000,0.000,0.000,0.000,0.000,0.000,0.000,0.000,0.000,0.000,0.000,0.000,0.000,0.000,0.000,0.000,0.000,0.000,1.067,0.000,0.000,0.000,3.762,0.000,0.000,0.000,0.000,0.000,0.000,4.022,1.399,0.000,0.000,0.000,0.000,0.000,0.000,0.000,0.000,0.000,0.000]
  Alt-Benders[1] (mw): LB=20.892243, Z₀(α*)=27.525165, intercept=-263.316071 (0.213s) [OMP=0.174 ISP-L=0.004 ISP-F=0.012 MW-L=0.008 MW-F=0.013]
  Alt-Benders[2] (mw): LB=20.899841, Z₀(α*)=-5.156879, intercept=-179.045539 (0.229s) [OMP=0.180 ISP-L=0.004 ISP-F=0.012 MW-L=0.008 MW-F=0.016]
  Alt-Benders[3] (mw): LB=20.899841, Z₀(α*)=-5.156879, intercept=-179.045539 (0.151s) [OMP=0.112 ISP-L=0.004 ISP-F=0.012 MW-L=0.008 MW-F=0.022]
  Alt-Benders[4] (mw): LB=20.899841, Z₀(α*)=-5.156879, intercept=-179.045539 (0.151s) [OMP=0.113 ISP-L=0.004 ISP-F=0.011 MW-L=0.008 MW-F=0.016]
  Alt-Benders[5]: LB stagnated, break
  OMP re-solve: 0.000s

=== True-DRO Benders iter 4 ===
  OMP: t₀=20.899841, UB=Inf, gap=NaN, x=[0, 0, 0, 0, 0, 0, 0, 0, 0, 0, 1, 0, 0, 0, 0, 0, 0, 0, 0, 0, 0, 0, 0, 0, 0, 0, 0, 0, 0, 0, 0, 1, 0, 0, 0, 0, 0, 0, 0, 0, 0, 0, 0, 0, 0, 0, 0] (0.000s)
  Sub: Z₀=39.096740 [LOCAL] (0.2s), α=[0.000,0.000,0.000,0.000,0.000,0.000,0.000,0.000,0.000,0.000,0.000,0.000,0.000,0.000,0.000,0.000,0.000,0.000,0.000,0.000,0.000,0.000,5.204,0.000,0.000,0.000,0.000,0.000,5.046,0.000,0.000,0.000,0.000,0.000,0.000,0.000,0.000,0.000,0.000,0.000,0.000,0.000,0.000,0.000,0.000,0.000,0.000]
  Iter 4: LB=20.899841  UB=Inf  gap=NaN
  Cut: intercept=-1077.443686, π_x_range=[-830.1528, 568.9247]
  Mini-Benders[1] (mw): LB=20.937298, Z₀(α*)=9.739093, intercept=-60.288618 (0.213s) [OMP=0.178 ISP-L=0.004 ISP-F=0.011 MW-L=0.007 MW-F=0.016]
  Mini-Benders[2] (mw): LB=20.937298, Z₀(α*)=9.739093, intercept=-60.288618 (0.198s) [OMP=0.162 ISP-L=0.004 ISP-F=0.011 MW-L=0.007 MW-F=0.010]
  Mini-Benders[3] (mw): LB=20.937298, Z₀(α*)=9.739093, intercept=-60.288618 (0.198s) [OMP=0.170 ISP-L=0.004 ISP-F=0.010 MW-L=0.007 MW-F=0.010]
  Mini-Benders[4]: LB stagnated, break
  α-step: Z₀=44.130874, α=[0.000,0.000,0.000,0.000,0.000,0.000,0.000,0.000,0.000,0.000,0.000,0.000,0.000,0.000,0.000,0.000,0.000,0.000,0.000,0.000,0.000,0.000,0.000,0.000,4.184,1.093,0.000,1.622,0.312,0.000,0.000,0.000,0.000,0.000,0.538,1.422,1.078,0.000,0.000,0.000,0.000,0.000,0.000,0.000,0.000,0.000,0.000]
  Alt-Benders[1] (mw): LB=21.129629, Z₀(α*)=25.006528, intercept=-132.352166 (0.211s) [OMP=0.187 ISP-L=0.004 ISP-F=0.009 MW-L=0.014 MW-F=0.009]
  Alt-Benders[2] (mw): LB=21.376336, Z₀(α*)=38.328813, intercept=-17.633277 (0.214s) [OMP=0.166 ISP-L=0.004 ISP-F=0.011 MW-L=0.008 MW-F=0.012]
  Alt-Benders[3] (mw): LB=21.851213, Z₀(α*)=43.320603, intercept=22.037107 (0.197s) [OMP=0.173 ISP-L=0.004 ISP-F=0.011 MW-L=0.006 MW-F=0.010]
  Alt-Benders[4] (mw): LB=21.878151, Z₀(α*)=30.790888, intercept=-52.734221 (0.214s) [OMP=0.173 ISP-L=0.004 ISP-F=0.012 MW-L=0.013 MW-F=0.014]
  Alt-Benders[5] (mw): LB=21.997249, Z₀(α*)=35.806041, intercept=-50.583385 (0.213s) [OMP=0.164 ISP-L=0.004 ISP-F=0.011 MW-L=0.008 MW-F=0.015]
  OMP re-solve: 0.158s

=== True-DRO Benders iter 5 ===
  OMP: t₀=22.008607, UB=Inf, gap=NaN, x=[0, 0, 0, 0, 0, 0, 0, 0, 0, 0, 0, 0, 0, 0, 0, 0, 0, 0, 0, 0, 0, 0, 0, 0, 1, 0, 0, 1, 0, 0, 0, 0, 0, 0, 0, 0, 0, 0, 0, 0, 0, 0, 0, 0, 0, 0, 0] (0.000s)
  Sub: Z₀=43.753721 (0.3s), α=[0.000,0.000,0.000,0.000,0.000,0.000,0.000,0.000,0.000,0.000,0.000,0.000,0.000,0.000,0.000,0.000,0.000,0.000,0.000,0.000,0.000,0.000,0.000,0.000,10.131,0.000,0.000,0.057,0.061,0.000,0.000,0.000,0.000,0.000,0.000,0.000,0.000,0.000,0.000,0.000,0.000,0.000,0.000,0.000,0.000,0.000,0.000]
  Iter 5: LB=22.008607  UB=43.753721  gap=4.97e-01
  Cut: intercept=-89.945750, π_x_range=[-292.0000, 100.6512]
  Sherali-Cut: intercept=-26.756789, π_x_range=[-152.4182, 45.8626]
  Mini-Benders[1] (mw): LB=22.193144, Z₀(α*)=33.267267, intercept=-227.894448 (0.203s) [OMP=0.154 ISP-L=0.004 ISP-F=0.012 MW-L=0.007 MW-F=0.011]
  Mini-Benders[2] (mw): LB=22.349327, Z₀(α*)=-9.545210, intercept=-82.118798 (0.198s) [OMP=0.158 ISP-L=0.004 ISP-F=0.011 MW-L=0.007 MW-F=0.018]
  Mini-Benders[3] (mw): LB=22.349327, Z₀(α*)=-9.545210, intercept=-82.118798 (0.198s) [OMP=0.165 ISP-L=0.004 ISP-F=0.011 MW-L=0.007 MW-F=0.012]
  Mini-Benders[4] (mw): LB=22.349327, Z₀(α*)=-9.545210, intercept=-82.118798 (0.198s) [OMP=0.165 ISP-L=0.004 ISP-F=0.011 MW-L=0.007 MW-F=0.012]
  Mini-Benders[5]: LB stagnated, break
  α-step: Z₀=39.612147, α=[0.000,0.000,0.000,0.000,0.000,0.000,0.000,0.000,0.000,0.000,0.000,0.000,0.000,0.000,0.000,0.000,0.000,0.000,0.000,0.000,0.000,0.000,3.915,0.000,0.000,0.000,0.000,0.000,6.335,0.000,0.000,0.000,0.000,0.000,0.000,0.000,0.000,0.000,0.000,0.000,0.000,0.000,0.000,0.000,0.000,0.000,0.000]
  Alt-Benders[1] (mw): LB=22.368968, Z₀(α*)=43.046733, intercept=-101.786165 (0.208s) [OMP=0.173 ISP-L=0.004 ISP-F=0.010 MW-L=0.008 MW-F=0.023]
  Alt-Benders[2] (mw): LB=22.619321, Z₀(α*)=11.506252, intercept=-156.439264 (0.213s) [OMP=0.167 ISP-L=0.004 ISP-F=0.009 MW-L=0.007 MW-F=0.014]
  Alt-Benders[3] (mw): LB=22.619321, Z₀(α*)=11.506252, intercept=-156.439264 (0.182s) [OMP=0.154 ISP-L=0.004 ISP-F=0.010 MW-L=0.007 MW-F=0.014]
  Alt-Benders[4] (mw): LB=22.619321, Z₀(α*)=11.506252, intercept=-156.439264 (0.198s) [OMP=0.157 ISP-L=0.004 ISP-F=0.009 MW-L=0.014 MW-F=0.014]
  Alt-Benders[5]: LB stagnated, break
  OMP re-solve: 0.000s

=== True-DRO Benders iter 6 ===
  OMP: t₀=22.619321, UB=43.753721, gap=4.83e-01, x=[0, 0, 0, 0, 0, 0, 0, 0, 0, 0, 0, 0, 0, 0, 0, 0, 0, 0, 0, 0, 0, 0, 0, 0, 0, 0, 0, 1, 0, 0, 0, 0, 1, 0, 0, 0, 0, 0, 0, 0, 0, 0, 0, 0, 0, 0, 0] (0.000s)
  Sub: Z₀=37.763345 [LOCAL] (0.2s), α=[0.000,0.000,0.000,0.000,0.000,0.000,0.000,0.000,0.000,0.000,0.000,0.000,0.000,0.000,0.000,0.000,0.000,0.000,0.000,0.000,0.000,0.000,0.000,0.000,0.000,0.000,0.000,0.000,10.249,0.000,0.000,0.000,0.000,0.000,0.000,0.000,0.000,0.000,0.000,0.000,0.000,0.000,0.000,0.000,0.000,0.000,0.000]
  Iter 6: LB=22.619321  UB=43.753721  gap=4.83e-01
  Cut: intercept=-1093.903800, π_x_range=[-824.6761, 568.4609]
  Mini-Benders[1] (mw): LB=22.897040, Z₀(α*)=37.198996, intercept=-14.711094 (0.229s) [OMP=0.185 ISP-L=0.004 ISP-F=0.012 MW-L=0.007 MW-F=0.012]
  Mini-Benders[2] (mw): LB=22.982345, Z₀(α*)=37.960570, intercept=-20.510372 (0.197s) [OMP=0.168 ISP-L=0.004 ISP-F=0.011 MW-L=0.013 MW-F=0.012]
  Mini-Benders[3] (mw): LB=23.133016, Z₀(α*)=25.833303, intercept=-45.822431 (0.214s) [OMP=0.164 ISP-L=0.004 ISP-F=0.012 MW-L=0.007 MW-F=0.011]
  Mini-Benders[4] (mw): LB=23.198014, Z₀(α*)=39.993166, intercept=-149.211177 (0.198s) [OMP=0.169 ISP-L=0.004 ISP-F=0.012 MW-L=0.008 MW-F=0.013]
  Mini-Benders[5] (mw): LB=23.381052, Z₀(α*)=-5.201143, intercept=21.499343 (0.228s) [OMP=0.178 ISP-L=0.004 ISP-F=0.012 MW-L=0.013 MW-F=0.015]
  α-step: Z₀=39.993166, α=[0.000,0.000,0.000,0.000,0.000,0.000,0.000,0.000,0.000,0.000,0.000,0.000,0.000,0.000,0.000,0.000,0.000,0.000,0.000,0.000,0.000,0.000,0.000,0.000,7.212,0.000,0.000,0.000,3.037,0.000,0.000,0.000,0.000,0.000,0.000,0.000,0.000,0.000,0.000,0.000,0.000,0.000,0.000,0.000,0.000,0.000,0.000]
  Alt-Benders[1] (mw): LB=23.388651, Z₀(α*)=39.993166, intercept=-2.183108 (0.219s) [OMP=0.180 ISP-L=0.004 ISP-F=0.011 MW-L=0.008 MW-F=0.012]
  Alt-Benders[2] (mw): LB=23.525390, Z₀(α*)=19.815319, intercept=-124.933932 (0.213s) [OMP=0.174 ISP-L=0.004 ISP-F=0.010 MW-L=0.014 MW-F=0.011]
  Alt-Benders[3] (mw): LB=23.525390, Z₀(α*)=19.815319, intercept=-124.933932 (0.198s) [OMP=0.163 ISP-L=0.004 ISP-F=0.011 MW-L=0.007 MW-F=0.011]
  Alt-Benders[4] (mw): LB=23.525390, Z₀(α*)=19.815319, intercept=-124.933932 (0.198s) [OMP=0.168 ISP-L=0.004 ISP-F=0.011 MW-L=0.007 MW-F=0.011]
  Alt-Benders[5]: LB stagnated, break
  OMP re-solve: 0.000s

=== True-DRO Benders iter 7 ===
  OMP: t₀=23.525390, UB=43.753721, gap=4.62e-01, x=[0, 0, 0, 0, 0, 0, 0, 0, 0, 0, 1, 0, 0, 0, 0, 0, 0, 0, 0, 0, 0, 0, 0, 0, 0, 0, 0, 0, 0, 1, 0, 0, 0, 0, 0, 0, 0, 0, 0, 0, 0, 0, 0, 0, 0, 0, 0] (0.000s)
  Sub: Z₀=44.046136 [LOCAL] (0.4s), α=[0.000,0.000,0.000,0.000,0.000,0.000,0.000,0.000,0.000,0.000,0.000,0.000,0.000,0.000,0.000,0.000,0.000,0.000,0.000,0.000,0.000,0.000,3.012,0.000,0.000,0.000,0.000,0.000,6.335,0.000,0.000,0.000,0.000,0.000,0.000,0.208,0.694,0.000,0.000,0.000,0.000,0.000,0.000,0.000,0.000,0.000,0.000]
  Iter 7: LB=23.525390  UB=43.753721  gap=4.62e-01
  Cut: intercept=-1090.743614, π_x_range=[-825.3111, 579.0978]
  Mini-Benders[1] (mw): LB=23.585979, Z₀(α*)=43.046733, intercept=-38.944395 (0.229s) [OMP=0.171 ISP-L=0.004 ISP-F=0.012 MW-L=0.007 MW-F=0.025]
  Mini-Benders[2] (mw): LB=23.642892, Z₀(α*)=25.033060, intercept=-28.406510 (0.213s) [OMP=0.183 ISP-L=0.004 ISP-F=0.011 MW-L=0.008 MW-F=0.012]
  Mini-Benders[3] (mw): LB=24.059997, Z₀(α*)=22.080656, intercept=15.742385 (0.213s) [OMP=0.174 ISP-L=0.004 ISP-F=0.011 MW-L=0.006 MW-F=0.018]
  Mini-Benders[4] (mw): LB=24.059997, Z₀(α*)=22.080656, intercept=15.742385 (0.198s) [OMP=0.165 ISP-L=0.003 ISP-F=0.010 MW-L=0.006 MW-F=0.012]
  Mini-Benders[5] (mw): LB=24.059997, Z₀(α*)=22.080656, intercept=15.742385 (0.214s) [OMP=0.169 ISP-L=0.004 ISP-F=0.011 MW-L=0.006 MW-F=0.011]
  α-step: Z₀=47.338065, α=[0.000,0.000,0.000,0.000,0.000,0.000,0.000,0.000,0.000,0.000,0.000,0.000,0.000,0.000,0.000,0.000,0.000,0.000,0.000,0.000,0.000,0.000,0.000,0.000,0.160,0.000,0.000,0.000,2.744,0.000,0.000,0.000,0.000,0.000,0.000,0.000,7.345,0.000,0.000,0.000,0.000,0.000,0.000,0.000,0.000,0.000,0.000]
  Alt-Benders[1] (mw): LB=24.079997, Z₀(α*)=42.597273, intercept=-14.182757 (0.214s) [OMP=0.170 ISP-L=0.004 ISP-F=0.011 MW-L=0.007 MW-F=0.025]
  Alt-Benders[2] (mw): LB=24.119478, Z₀(α*)=40.880540, intercept=-87.878877 (0.213s) [OMP=0.171 ISP-L=0.004 ISP-F=0.010 MW-L=0.007 MW-F=0.011]
  Alt-Benders[3] (mw): LB=24.172546, Z₀(α*)=8.775414, intercept=-65.623994 (0.213s) [OMP=0.174 ISP-L=0.004 ISP-F=0.011 MW-L=0.009 MW-F=0.021]
  Alt-Benders[4] (mw): LB=24.172546, Z₀(α*)=8.775414, intercept=-65.623994 (0.198s) [OMP=0.164 ISP-L=0.004 ISP-F=0.011 MW-L=0.008 MW-F=0.014]
  Alt-Benders[5] (mw): LB=24.172546, Z₀(α*)=8.775414, intercept=-65.623994 (0.213s) [OMP=0.163 ISP-L=0.004 ISP-F=0.011 MW-L=0.009 MW-F=0.014]
  OMP re-solve: 0.164s

=== True-DRO Benders iter 8 ===
  OMP: t₀=24.172546, UB=43.753721, gap=4.48e-01, x=[0, 0, 0, 0, 0, 0, 0, 0, 0, 0, 0, 0, 0, 0, 0, 0, 0, 0, 0, 0, 0, 0, 0, 0, 0, 0, 0, 0, 0, 0, 1, 1, 0, 0, 0, 0, 0, 0, 0, 0, 0, 0, 0, 0, 0, 0, 0] (0.000s)
  Sub: Z₀=40.201350 [LOCAL] (0.2s), α=[0.000,0.000,0.000,0.000,0.000,0.000,0.000,0.000,0.000,0.000,0.000,0.000,0.000,0.000,0.000,0.000,0.000,0.000,0.000,0.000,0.000,0.000,0.000,0.000,3.773,0.000,0.000,0.000,0.118,0.000,2.461,3.897,0.000,0.000,0.000,0.000,0.000,0.000,0.000,0.000,0.000,0.000,0.000,0.000,0.000,0.000,0.000]
  Iter 8: LB=24.172546  UB=43.753721  gap=4.48e-01
  Cut: intercept=-1123.894051, π_x_range=[-831.2901, 589.5973]
  Mini-Benders[1] (mw): LB=24.366148, Z₀(α*)=23.803097, intercept=-39.771115 (0.213s) [OMP=0.173 ISP-L=0.004 ISP-F=0.011 MW-L=0.007 MW-F=0.012]
  Mini-Benders[2] (mw): LB=24.366148, Z₀(α*)=23.803097, intercept=-39.771115 (0.198s) [OMP=0.169 ISP-L=0.004 ISP-F=0.011 MW-L=0.007 MW-F=0.012]
  Mini-Benders[3] (mw): LB=24.366148, Z₀(α*)=23.803097, intercept=-39.771115 (0.213s) [OMP=0.169 ISP-L=0.004 ISP-F=0.011 MW-L=0.007 MW-F=0.012]
  Mini-Benders[4]: LB stagnated, break
  α-step: Z₀=39.698092, α=[0.000,0.000,0.000,0.000,0.000,0.000,0.000,0.000,0.000,0.000,0.000,0.000,0.000,0.000,0.000,0.000,0.000,0.000,0.000,0.000,0.000,0.000,0.588,0.000,7.212,0.000,0.000,0.000,2.449,0.000,0.000,0.000,0.000,0.000,0.000,0.000,0.000,0.000,0.000,0.000,0.000,0.000,0.000,0.000,0.000,0.000,0.000]
  Alt-Benders[1] (mw): LB=24.373747, Z₀(α*)=39.698092, intercept=-17.674360 (0.192s) [OMP=0.167 ISP-L=0.004 ISP-F=0.010 MW-L=0.008 MW-F=0.009]
  Alt-Benders[2] (mw): LB=24.426319, Z₀(α*)=44.289188, intercept=-12.505823 (0.213s) [OMP=0.173 ISP-L=0.004 ISP-F=0.011 MW-L=0.007 MW-F=0.014]
  Alt-Benders[3] (mw): LB=24.667044, Z₀(α*)=39.463877, intercept=-46.350433 (0.213s) [OMP=0.155 ISP-L=0.004 ISP-F=0.010 MW-L=0.014 MW-F=0.023]
  Alt-Benders[4] (mw): LB=24.681954, Z₀(α*)=39.698092, intercept=-31.195459 (0.214s) [OMP=0.178 ISP-L=0.004 ISP-F=0.010 MW-L=0.008 MW-F=0.014]
  Alt-Benders[5] (mw): LB=24.838137, Z₀(α*)=30.728173, intercept=-38.859954 (0.213s) [OMP=0.184 ISP-L=0.004 ISP-F=0.010 MW-L=0.007 MW-F=0.010]
  OMP re-solve: 0.168s

=== True-DRO Benders iter 9 ===
  OMP: t₀=24.838252, UB=43.753721, gap=4.32e-01, x=[0, 0, 0, 0, 0, 0, 0, 0, 0, 0, 1, 0, 0, 0, 0, 1, 0, 0, 0, 0, 0, 0, 0, 0, 0, 0, 0, 0, 0, 0, 0, 0, 0, 0, 0, 0, 0, 0, 0, 0, 0, 0, 0, 0, 0, 0, 0] (0.000s)
  Sub: Z₀=45.351415 [LOCAL] (0.4s), α=[0.000,0.000,0.000,0.000,0.000,0.000,0.000,0.000,0.000,0.000,0.000,0.000,0.000,0.000,0.000,0.000,0.000,0.000,0.000,0.000,0.000,0.000,3.012,0.000,0.108,0.000,0.000,0.000,6.335,0.000,0.000,0.000,0.000,0.000,0.000,0.794,0.000,0.000,0.000,0.000,0.000,0.000,0.000,0.000,0.000,0.000,0.000]
  Iter 9: LB=24.838252  UB=43.753721  gap=4.32e-01
  Cut: intercept=-1065.516538, π_x_range=[-825.1743, 556.5010]
  Mini-Benders[1] (mw): LB=24.857777, Z₀(α*)=43.662810, intercept=-61.496248 (0.213s) [OMP=0.183 ISP-L=0.004 ISP-F=0.012 MW-L=0.007 MW-F=0.012]
  Mini-Benders[2] (mw): LB=24.890957, Z₀(α*)=41.732928, intercept=-34.512514 (0.213s) [OMP=0.171 ISP-L=0.004 ISP-F=0.012 MW-L=0.009 MW-F=0.012]
  Mini-Benders[3] (mw): LB=24.895043, Z₀(α*)=46.393547, intercept=-24.323038 (0.229s) [OMP=0.179 ISP-L=0.004 ISP-F=0.012 MW-L=0.013 MW-F=0.012]
  Mini-Benders[4] (mw): LB=24.912109, Z₀(α*)=26.070551, intercept=-1.605930 (0.214s) [OMP=0.181 ISP-L=0.004 ISP-F=0.013 MW-L=0.007 MW-F=0.012]
  Mini-Benders[5] (mw): LB=25.006526, Z₀(α*)=36.672745, intercept=-141.828354 (0.198s) [OMP=0.162 ISP-L=0.003 ISP-F=0.011 MW-L=0.006 MW-F=0.011]
  α-step: Z₀=38.905389, α=[0.000,0.000,0.000,0.000,0.000,0.000,0.000,0.000,0.000,0.000,0.000,0.000,0.000,0.000,0.000,0.000,0.000,0.000,0.000,0.000,0.000,0.000,7.762,0.000,2.488,0.000,0.000,0.000,0.000,0.000,0.000,0.000,0.000,0.000,0.000,0.000,0.000,0.000,0.000,0.000,0.000,0.000,0.000,0.000,0.000,0.000,0.000]
  Alt-Benders[1] (mw): LB=25.033058, Z₀(α*)=-4.182774, intercept=-77.773964 (0.203s) [OMP=0.169 ISP-L=0.004 ISP-F=0.010 MW-L=0.007 MW-F=0.014]
  Alt-Benders[2] (mw): LB=25.033058, Z₀(α*)=-4.182774, intercept=-77.773964 (0.198s) [OMP=0.167 ISP-L=0.004 ISP-F=0.010 MW-L=0.007 MW-F=0.014]
  Alt-Benders[3] (mw): LB=25.033058, Z₀(α*)=-4.182774, intercept=-77.773964 (0.213s) [OMP=0.166 ISP-L=0.004 ISP-F=0.010 MW-L=0.007 MW-F=0.020]
  Alt-Benders[4]: LB stagnated, break
  OMP re-solve: 0.000s

=== True-DRO Benders iter 10 ===
  OMP: t₀=25.033058, UB=43.753721, gap=4.28e-01, x=[0, 0, 0, 0, 0, 0, 0, 0, 0, 0, 0, 0, 0, 0, 0, 0, 0, 0, 0, 0, 0, 0, 0, 0, 0, 0, 0, 0, 0, 0, 0, 0, 0, 0, 1, 0, 1, 0, 0, 0, 0, 0, 0, 0, 0, 0, 0] (0.000s)
  Sub: Z₀=41.352567 (0.3s), α=[0.000,0.000,0.000,0.000,0.000,0.000,0.000,0.000,0.000,0.000,0.000,0.000,0.000,0.000,0.000,0.000,0.000,0.000,0.000,0.000,0.000,0.000,0.000,0.000,0.000,0.000,0.000,0.000,0.907,0.000,0.000,0.000,0.000,0.000,0.000,0.000,9.342,0.000,0.000,0.000,0.000,0.000,0.000,0.000,0.000,0.000,0.000]
  Iter 10: LB=25.033058  UB=41.352567  gap=3.95e-01
  Cut: intercept=-63.864065, π_x_range=[-270.0000, 55.2746]
  Sherali-Cut: intercept=-3.049528, π_x_range=[-145.2162, 27.4046]
  Mini-Benders[1] (mw): LB=25.532121, Z₀(α*)=34.958781, intercept=-155.783908 (0.203s) [OMP=0.171 ISP-L=0.004 ISP-F=0.012 MW-L=0.013 MW-F=0.012]
  Mini-Benders[2] (mw): LB=25.596275, Z₀(α*)=29.164517, intercept=-159.135081 (0.213s) [OMP=0.174 ISP-L=0.004 ISP-F=0.012 MW-L=0.008 MW-F=0.011]
  Mini-Benders[3] (mw): LB=25.667050, Z₀(α*)=-2.540666, intercept=-79.453592 (0.198s) [OMP=0.164 ISP-L=0.004 ISP-F=0.012 MW-L=0.008 MW-F=0.010]
  Mini-Benders[4] (mw): LB=25.667050, Z₀(α*)=-2.540666, intercept=-79.453592 (0.198s) [OMP=0.154 ISP-L=0.004 ISP-F=0.012 MW-L=0.014 MW-F=0.010]
  Mini-Benders[5] (mw): LB=25.667050, Z₀(α*)=-2.540666, intercept=-79.453592 (0.197s) [OMP=0.152 ISP-L=0.004 ISP-F=0.012 MW-L=0.008 MW-F=0.011]
  α-step: Z₀=41.241500, α=[0.000,0.000,0.000,0.000,0.000,0.000,0.000,0.000,0.000,0.000,0.000,0.000,0.000,0.000,0.000,0.000,0.000,0.000,0.000,0.000,0.000,0.000,3.469,0.000,4.510,0.000,0.000,0.000,0.000,0.000,0.000,0.000,0.000,0.000,2.114,0.000,0.157,0.000,0.000,0.000,0.000,0.000,0.000,0.000,0.000,0.000,0.000]
  Alt-Benders[1] (mw): LB=25.683353, Z₀(α*)=36.033485, intercept=-98.352447 (0.213s) [OMP=0.183 ISP-L=0.004 ISP-F=0.010 MW-L=0.013 MW-F=0.012]
  Alt-Benders[2] (mw): LB=25.686823, Z₀(α*)=39.519804, intercept=-14.902942 (0.229s) [OMP=0.180 ISP-L=0.004 ISP-F=0.011 MW-L=0.008 MW-F=0.014]
  Alt-Benders[3] (mw): LB=25.823233, Z₀(α*)=41.241500, intercept=-37.030683 (0.198s) [OMP=0.172 ISP-L=0.004 ISP-F=0.010 MW-L=0.007 MW-F=0.012]
  Alt-Benders[4] (mw): LB=25.826098, Z₀(α*)=23.867271, intercept=-4.980848 (0.213s) [OMP=0.171 ISP-L=0.004 ISP-F=0.009 MW-L=0.006 MW-F=0.016]
  Alt-Benders[5] (mw): LB=25.826098, Z₀(α*)=23.867271, intercept=-4.980848 (0.198s) [OMP=0.174 ISP-L=0.004 ISP-F=0.010 MW-L=0.007 MW-F=0.010]
  OMP re-solve: 0.172s

=== True-DRO Benders iter 11 ===
  OMP: t₀=25.826098, UB=41.352567, gap=3.75e-01, x=[0, 0, 0, 0, 0, 0, 0, 0, 0, 0, 0, 0, 0, 0, 0, 1, 0, 0, 0, 0, 0, 0, 0, 0, 0, 0, 0, 1, 0, 0, 0, 0, 0, 0, 0, 0, 0, 0, 0, 0, 0, 0, 0, 0, 0, 0, 0] (0.000s)
  Sub: Z₀=39.819638 [LOCAL] (0.2s), α=[0.000,0.000,0.000,0.000,0.000,0.000,0.000,0.000,0.000,0.000,0.000,0.000,0.000,0.000,0.000,0.000,0.000,0.000,0.000,0.000,0.000,0.000,0.000,0.000,4.852,0.000,0.000,0.926,4.145,0.000,0.000,0.000,0.000,0.000,0.000,0.326,0.000,0.000,0.000,0.000,0.000,0.000,0.000,0.000,0.000,0.000,0.000]
  Iter 11: LB=25.826098  UB=41.352567  gap=3.75e-01
  Cut: intercept=-1091.527114, π_x_range=[-827.5259, 593.5706]
  Mini-Benders[1] (mw): LB=25.833301, Z₀(α*)=37.333810, intercept=-41.940879 (0.214s) [OMP=0.170 ISP-L=0.004 ISP-F=0.012 MW-L=0.008 MW-F=0.018]
  Mini-Benders[2] (mw): LB=25.842873, Z₀(α*)=36.446266, intercept=-51.706159 (0.213s) [OMP=0.178 ISP-L=0.004 ISP-F=0.012 MW-L=0.007 MW-F=0.011]
  Mini-Benders[3] (mw): LB=25.860295, Z₀(α*)=35.766754, intercept=3.579866 (0.198s) [OMP=0.161 ISP-L=0.004 ISP-F=0.011 MW-L=0.007 MW-F=0.012]
  Mini-Benders[4] (mw): LB=26.014199, Z₀(α*)=30.876185, intercept=-98.457235 (0.213s) [OMP=0.180 ISP-L=0.004 ISP-F=0.012 MW-L=0.008 MW-F=0.017]
  Mini-Benders[5] (mw): LB=26.070549, Z₀(α*)=43.706054, intercept=11.310093 (0.229s) [OMP=0.180 ISP-L=0.004 ISP-F=0.013 MW-L=0.007 MW-F=0.024]
  α-step: Z₀=28.656190, α=[0.000,0.000,0.000,0.000,0.000,0.000,0.000,0.000,0.000,0.000,0.000,0.000,0.000,0.000,0.000,0.000,0.000,0.000,0.000,0.000,0.000,0.000,0.000,0.000,0.000,0.000,0.000,0.000,1.537,0.000,0.000,0.000,0.000,0.000,0.000,0.000,8.712,0.000,0.000,0.000,0.000,0.000,0.000,0.000,0.000,0.000,0.000]
  Alt-Benders[1] (mw): LB=26.202506, Z₀(α*)=-10.854384, intercept=-52.337522 (0.213s) [OMP=0.173 ISP-L=0.004 ISP-F=0.012 MW-L=0.007 MW-F=0.021]
  Alt-Benders[2] (mw): LB=26.202506, Z₀(α*)=-10.854384, intercept=-52.337522 (0.213s) [OMP=0.170 ISP-L=0.004 ISP-F=0.012 MW-L=0.007 MW-F=0.014]
  Alt-Benders[3] (mw): LB=26.202506, Z₀(α*)=-10.854384, intercept=-52.337522 (0.214s) [OMP=0.170 ISP-L=0.004 ISP-F=0.012 MW-L=0.007 MW-F=0.014]
  Alt-Benders[4]: LB stagnated, break
  OMP re-solve: 0.000s

=== True-DRO Benders iter 12 ===
  OMP: t₀=26.202506, UB=41.352567, gap=3.66e-01, x=[0, 0, 0, 0, 0, 0, 0, 0, 0, 0, 0, 0, 0, 0, 0, 0, 0, 0, 0, 0, 0, 0, 0, 0, 0, 1, 1, 0, 0, 0, 0, 0, 0, 0, 0, 0, 0, 0, 0, 0, 0, 0, 0, 0, 0, 0, 0] (0.000s)
  Sub: Z₀=42.743432 [LOCAL] (0.2s), α=[0.000,0.000,0.000,0.000,0.000,0.000,0.000,0.000,0.000,0.000,0.000,0.000,0.000,0.000,0.000,0.000,0.000,0.000,0.000,0.000,0.000,0.000,0.000,0.000,6.466,0.648,0.000,0.016,3.118,0.000,0.000,0.000,0.000,0.000,0.000,0.000,0.000,0.000,0.000,0.000,0.000,0.000,0.000,0.000,0.000,0.000,0.000]
  Iter 12: LB=26.202506  UB=41.352567  gap=3.66e-01
  Cut: intercept=-1133.568991, π_x_range=[-830.5584, 592.8680]
  Mini-Benders[1] (mw): LB=26.228597, Z₀(α*)=37.308893, intercept=-72.937954 (0.198s) [OMP=0.172 ISP-L=0.004 ISP-F=0.011 MW-L=0.007 MW-F=0.014]
  Mini-Benders[2] (mw): LB=26.257859, Z₀(α*)=33.617555, intercept=-104.978159 (0.213s) [OMP=0.171 ISP-L=0.004 ISP-F=0.012 MW-L=0.008 MW-F=0.013]
  Mini-Benders[3] (mw): LB=26.263347, Z₀(α*)=37.526523, intercept=-3.556666 (0.214s) [OMP=0.184 ISP-L=0.004 ISP-F=0.013 MW-L=0.008 MW-F=0.011]
  Mini-Benders[4] (mw): LB=26.318608, Z₀(α*)=40.018174, intercept=-115.402293 (0.229s) [OMP=0.183 ISP-L=0.004 ISP-F=0.011 MW-L=0.015 MW-F=0.013]
  Mini-Benders[5] (mw): LB=26.524454, Z₀(α*)=38.646787, intercept=-3.937586 (0.213s) [OMP=0.177 ISP-L=0.004 ISP-F=0.013 MW-L=0.008 MW-F=0.012]
  α-step: Z₀=33.847796, α=[0.000,0.000,0.000,0.000,0.000,0.000,0.000,0.000,0.000,0.000,0.000,0.000,0.000,0.000,0.000,0.000,0.000,0.000,0.000,0.000,0.000,0.000,0.000,0.000,0.000,0.000,0.000,0.000,5.078,0.000,0.000,4.059,0.000,0.000,1.112,0.000,0.000,0.000,0.000,0.000,0.000,0.000,0.000,0.000,0.000,0.000,0.000]
  Alt-Benders[1] (mw): LB=26.671919, Z₀(α*)=35.475681, intercept=-30.270633 (0.245s) [OMP=0.192 ISP-L=0.004 ISP-F=0.013 MW-L=0.014 MW-F=0.011]
  Alt-Benders[2] (mw): LB=26.701779, Z₀(α*)=34.862752, intercept=-104.355527 (0.213s) [OMP=0.180 ISP-L=0.004 ISP-F=0.009 MW-L=0.007 MW-F=0.011]
  Alt-Benders[3] (mw): LB=26.933252, Z₀(α*)=35.963005, intercept=-172.324740 (0.213s) [OMP=0.180 ISP-L=0.004 ISP-F=0.010 MW-L=0.008 MW-F=0.011]
  Alt-Benders[4] (mw): LB=26.999295, Z₀(α*)=26.512978, intercept=-129.419813 (0.198s) [OMP=0.166 ISP-L=0.004 ISP-F=0.011 MW-L=0.015 MW-F=0.011]
  Alt-Benders[5] (mw): LB=26.999295, Z₀(α*)=26.512978, intercept=-129.419813 (0.229s) [OMP=0.181 ISP-L=0.004 ISP-F=0.011 MW-L=0.008 MW-F=0.011]
  OMP re-solve: 0.181s

=== True-DRO Benders iter 13 ===
  OMP: t₀=26.999295, UB=41.352567, gap=3.47e-01, x=[0, 0, 0, 0, 0, 0, 0, 0, 0, 0, 0, 0, 0, 0, 0, 0, 0, 0, 0, 0, 0, 0, 1, 0, 0, 0, 0, 0, 0, 1, 0, 0, 0, 0, 0, 0, 0, 0, 0, 0, 0, 0, 0, 0, 0, 0, 0] (0.000s)
  Sub: Z₀=41.919611 [LOCAL] (0.2s), α=[0.000,0.000,0.000,0.000,0.000,0.000,0.000,0.000,0.000,0.000,0.000,0.000,0.000,0.000,0.000,0.000,0.000,0.000,0.000,0.000,0.000,0.000,5.645,0.060,0.000,0.000,0.000,0.000,2.153,0.000,0.000,0.000,0.000,0.000,0.000,0.421,1.970,0.000,0.000,0.000,0.000,0.000,0.000,0.000,0.000,0.000,0.000]
  Iter 13: LB=26.999295  UB=41.352567  gap=3.47e-01
  Cut: intercept=-1109.990446, π_x_range=[-830.5666, 580.5909]
  Mini-Benders[1] (mw): LB=27.059884, Z₀(α*)=41.792893, intercept=-3.328531 (0.230s) [OMP=0.185 ISP-L=0.004 ISP-F=0.010 MW-L=0.015 MW-F=0.016]
  Mini-Benders[2] (mw): LB=27.110662, Z₀(α*)=41.703781, intercept=-134.875053 (0.244s) [OMP=0.198 ISP-L=0.004 ISP-F=0.012 MW-L=0.008 MW-F=0.012]
  Mini-Benders[3] (mw): LB=27.429468, Z₀(α*)=26.569603, intercept=-57.862603 (0.229s) [OMP=0.191 ISP-L=0.004 ISP-F=0.011 MW-L=0.009 MW-F=0.011]
  Mini-Benders[4] (mw): LB=27.429468, Z₀(α*)=26.569603, intercept=-57.862603 (0.213s) [OMP=0.176 ISP-L=0.004 ISP-F=0.011 MW-L=0.009 MW-F=0.018]
  Mini-Benders[5] (mw): LB=27.429468, Z₀(α*)=26.569603, intercept=-57.862603 (0.214s) [OMP=0.175 ISP-L=0.004 ISP-F=0.011 MW-L=0.008 MW-F=0.011]
  α-step: Z₀=40.320852, α=[0.000,0.000,0.000,0.000,0.000,0.000,0.000,0.000,0.000,0.000,0.000,0.000,0.000,0.000,0.000,0.000,0.000,0.000,0.000,0.000,0.000,0.000,0.000,0.000,2.453,0.000,0.000,0.000,5.071,0.000,0.000,0.000,0.000,0.000,2.725,0.000,0.000,0.000,0.000,0.000,0.000,0.000,0.000,0.000,0.000,0.000,0.000]
  Alt-Benders[1] (mw): LB=27.496868, Z₀(α*)=39.184460, intercept=-10.811878 (0.235s) [OMP=0.195 ISP-L=0.004 ISP-F=0.011 MW-L=0.007 MW-F=0.017]
  Alt-Benders[2] (mw): LB=27.525163, Z₀(α*)=8.116377, intercept=-124.387213 (0.213s) [OMP=0.181 ISP-L=0.004 ISP-F=0.010 MW-L=0.008 MW-F=0.014]
  Alt-Benders[3] (mw): LB=27.525163, Z₀(α*)=8.116377, intercept=-124.387213 (0.213s) [OMP=0.174 ISP-L=0.002 ISP-F=0.011 MW-L=0.006 MW-F=0.014]
  Alt-Benders[4] (mw): LB=27.525163, Z₀(α*)=8.116377, intercept=-124.387213 (0.214s) [OMP=0.179 ISP-L=0.002 ISP-F=0.011 MW-L=0.005 MW-F=0.021]
  Alt-Benders[5]: LB stagnated, break
  OMP re-solve: 0.000s

=== True-DRO Benders iter 14 ===
  OMP: t₀=27.525163, UB=41.352567, gap=3.34e-01, x=[0, 0, 0, 0, 0, 0, 0, 0, 0, 0, 1, 0, 0, 0, 0, 0, 0, 0, 0, 0, 0, 0, 0, 0, 1, 0, 0, 0, 0, 0, 0, 0, 0, 0, 0, 0, 0, 0, 0, 0, 0, 0, 0, 0, 0, 0, 0] (0.000s)
  Sub: Z₀=33.867123 [LOCAL] (0.2s), α=[0.000,0.000,0.000,0.000,0.000,0.000,0.000,0.000,0.000,0.000,0.000,0.000,0.000,0.000,0.000,0.000,0.000,0.000,0.000,0.000,0.000,0.000,0.493,0.000,6.145,0.000,0.000,0.000,3.611,0.000,0.000,0.000,0.000,0.000,0.000,0.000,0.000,0.000,0.000,0.000,0.000,0.000,0.000,0.000,0.000,0.000,0.000]
  Iter 14: LB=27.525163  UB=41.352567  gap=3.34e-01
  Cut: intercept=-1117.698592, π_x_range=[-825.6942, 586.4697]
  Mini-Benders[1] (mw): LB=27.549414, Z₀(α*)=42.747195, intercept=-53.312250 (0.244s) [OMP=0.219 ISP-L=0.002 ISP-F=0.012 MW-L=0.006 MW-F=0.012]
  Mini-Benders[2] (mw): LB=27.578326, Z₀(α*)=42.685583, intercept=11.866046 (0.245s) [OMP=0.200 ISP-L=0.004 ISP-F=0.012 MW-L=0.008 MW-F=0.017]
  Mini-Benders[3] (mw): LB=27.667552, Z₀(α*)=12.734649, intercept=-20.731215 (0.229s) [OMP=0.184 ISP-L=0.004 ISP-F=0.012 MW-L=0.008 MW-F=0.011]
  Mini-Benders[4] (mw): LB=27.667552, Z₀(α*)=12.734649, intercept=-20.731215 (0.213s) [OMP=0.182 ISP-L=0.004 ISP-F=0.012 MW-L=0.007 MW-F=0.010]
  Mini-Benders[5] (mw): LB=27.667552, Z₀(α*)=12.734649, intercept=-20.731215 (0.213s) [OMP=0.187 ISP-L=0.004 ISP-F=0.012 MW-L=0.007 MW-F=0.010]
  α-step: Z₀=43.100518, α=[0.000,0.000,0.000,0.000,0.000,0.000,0.000,0.000,0.000,0.000,0.000,0.000,0.000,0.000,0.000,0.000,0.000,0.000,0.000,0.000,0.000,0.000,4.246,0.000,0.000,0.000,0.000,0.000,5.154,0.000,0.000,0.000,0.000,0.000,0.000,0.849,0.000,0.000,0.000,0.000,0.000,0.000,0.000,0.000,0.000,0.000,0.000]
  Alt-Benders[1] (mw): LB=27.738789, Z₀(α*)=46.667080, intercept=1.669182 (0.229s) [OMP=0.190 ISP-L=0.004 ISP-F=0.011 MW-L=0.007 MW-F=0.010]
  Alt-Benders[2] (mw): LB=27.766016, Z₀(α*)=42.825240, intercept=-117.183013 (0.229s) [OMP=0.192 ISP-L=0.004 ISP-F=0.012 MW-L=0.007 MW-F=0.012]
  Alt-Benders[3] (mw): LB=27.888326, Z₀(α*)=40.786710, intercept=-15.975830 (0.245s) [OMP=0.200 ISP-L=0.004 ISP-F=0.011 MW-L=0.014 MW-F=0.013]
  Alt-Benders[4] (mw): LB=27.908258, Z₀(α*)=5.232979, intercept=22.053916 (0.229s) [OMP=0.193 ISP-L=0.004 ISP-F=0.011 MW-L=0.007 MW-F=0.012]
  Alt-Benders[5] (mw): LB=27.908258, Z₀(α*)=5.232979, intercept=22.053916 (0.213s) [OMP=0.187 ISP-L=0.004 ISP-F=0.011 MW-L=0.007 MW-F=0.012]
  OMP re-solve: 0.186s

=== True-DRO Benders iter 15 ===
  OMP: t₀=27.908258, UB=41.352567, gap=3.25e-01, x=[0, 0, 0, 0, 0, 0, 0, 0, 0, 0, 0, 0, 0, 0, 0, 0, 0, 0, 0, 0, 0, 0, 0, 0, 1, 0, 0, 0, 0, 0, 0, 0, 0, 1, 0, 0, 0, 0, 0, 0, 0, 0, 0, 0, 0, 0, 0] (0.000s)
  Sub: Z₀=45.270666 (0.3s), α=[0.000,0.000,0.000,0.000,0.000,0.000,0.000,0.000,0.000,0.000,0.000,0.000,0.000,0.000,0.000,0.000,0.000,0.000,0.000,0.000,0.000,0.000,0.000,0.000,8.730,0.000,0.000,0.000,0.907,0.000,0.000,0.000,0.000,0.000,0.000,0.113,0.499,0.000,0.000,0.000,0.000,0.000,0.000,0.000,0.000,0.000,0.000]
  Iter 15: LB=27.908258  UB=41.352567  gap=3.25e-01
  Cut: intercept=-43.518943, π_x_range=[-285.0000, 65.3105]
  Sherali-Cut: intercept=40.038858, π_x_range=[-159.9591, 5.2316]
  Mini-Benders[1] (mw): LB=27.915856, Z₀(α*)=45.550855, intercept=-14.665702 (0.292s) [OMP=0.247 ISP-L=0.004 ISP-F=0.013 MW-L=0.007 MW-F=0.016]
  Mini-Benders[2] (mw): LB=27.990205, Z₀(α*)=42.002396, intercept=-63.669141 (0.307s) [OMP=0.271 ISP-L=0.002 ISP-F=0.013 MW-L=0.007 MW-F=0.012]
  Mini-Benders[3] (mw): LB=28.081371, Z₀(α*)=38.536173, intercept=-62.158939 (0.307s) [OMP=0.270 ISP-L=0.004 ISP-F=0.012 MW-L=0.009 MW-F=0.011]
  Mini-Benders[4] (mw): LB=28.271242, Z₀(α*)=37.208195, intercept=-60.678671 (0.276s) [OMP=0.235 ISP-L=0.004 ISP-F=0.012 MW-L=0.008 MW-F=0.011]
  Mini-Benders[5] (mw): LB=28.273643, Z₀(α*)=40.825513, intercept=-37.992166 (0.322s) [OMP=0.269 ISP-L=0.004 ISP-F=0.012 MW-L=0.015 MW-F=0.013]
  α-step: Z₀=44.445449, α=[0.000,0.000,0.000,0.000,0.000,0.000,0.000,0.000,0.000,0.000,0.000,0.000,0.000,0.000,0.000,0.000,0.000,0.000,0.000,0.000,0.000,0.000,4.960,0.000,2.929,0.000,0.000,0.000,1.409,0.000,0.000,0.000,0.000,0.000,0.000,0.794,0.157,0.000,0.000,0.000,0.000,0.000,0.000,0.000,0.000,0.000,0.000]
  Alt-Benders[1] (mw): LB=28.392334, Z₀(α*)=40.235771, intercept=-9.185760 (0.244s) [OMP=0.208 ISP-L=0.004 ISP-F=0.011 MW-L=0.007 MW-F=0.012]
  Alt-Benders[2] (mw): LB=28.410380, Z₀(α*)=10.014340, intercept=-28.943571 (0.261s) [OMP=0.226 ISP-L=0.004 ISP-F=0.011 MW-L=0.013 MW-F=0.013]
  Alt-Benders[3] (mw): LB=28.410380, Z₀(α*)=10.014340, intercept=-28.943571 (0.260s) [OMP=0.213 ISP-L=0.004 ISP-F=0.011 MW-L=0.007 MW-F=0.013]
  Alt-Benders[4] (mw): LB=28.410380, Z₀(α*)=10.014340, intercept=-28.943571 (0.245s) [OMP=0.208 ISP-L=0.004 ISP-F=0.011 MW-L=0.007 MW-F=0.013]
  Alt-Benders[5]: LB stagnated, break
  OMP re-solve: 0.000s

=== True-DRO Benders iter 16 ===
  OMP: t₀=28.410380, UB=41.352567, gap=3.13e-01, x=[0, 0, 0, 0, 0, 0, 0, 0, 0, 0, 0, 0, 0, 0, 0, 0, 0, 0, 0, 0, 0, 0, 0, 0, 0, 0, 0, 0, 0, 0, 0, 0, 1, 0, 0, 0, 1, 0, 0, 0, 0, 0, 0, 0, 0, 0, 0] (0.000s)
  Sub: Z₀=45.606711 [LOCAL] (0.2s), α=[0.000,0.000,0.000,0.000,0.000,0.000,0.000,0.000,0.000,0.000,0.000,0.000,0.000,0.000,0.000,0.000,0.000,0.000,0.000,0.000,0.000,0.000,0.000,0.000,0.160,0.000,0.000,0.000,2.744,0.000,0.000,0.000,0.000,0.000,0.000,0.000,7.345,0.000,0.000,0.000,0.000,0.000,0.000,0.000,0.000,0.000,0.000]
  Iter 16: LB=28.410380  UB=41.352567  gap=3.13e-01
  Cut: intercept=-1143.971719, π_x_range=[-825.9263, 599.5235]
  Mini-Benders[1] (mw): LB=28.534467, Z₀(α*)=42.096256, intercept=-60.631022 (0.260s) [OMP=0.210 ISP-L=0.004 ISP-F=0.013 MW-L=0.007 MW-F=0.031]
  Mini-Benders[2] (mw): LB=28.542714, Z₀(α*)=28.879468, intercept=-58.524061 (0.229s) [OMP=0.197 ISP-L=0.004 ISP-F=0.012 MW-L=0.008 MW-F=0.013]
  Mini-Benders[3] (mw): LB=28.656190, Z₀(α*)=47.338065, intercept=25.897642 (0.260s) [OMP=0.214 ISP-L=0.004 ISP-F=0.010 MW-L=0.013 MW-F=0.015]
  Mini-Benders[4] (mw): LB=28.659844, Z₀(α*)=40.867405, intercept=-5.834646 (0.276s) [OMP=0.223 ISP-L=0.002 ISP-F=0.012 MW-L=0.006 MW-F=0.022]
  Mini-Benders[5] (mw): LB=28.710391, Z₀(α*)=41.192696, intercept=5.665567 (0.276s) [OMP=0.227 ISP-L=0.004 ISP-F=0.012 MW-L=0.007 MW-F=0.024]
  α-step: Z₀=41.352570, α=[0.000,0.000,0.000,0.000,0.000,0.000,0.000,0.000,0.000,0.000,0.000,0.000,0.000,0.000,0.000,0.000,0.000,0.000,0.000,0.000,0.000,0.000,0.000,0.000,0.000,0.000,0.000,0.000,2.744,4.356,0.000,0.000,0.000,0.000,0.000,0.000,3.149,0.000,0.000,0.000,0.000,0.000,0.000,0.000,0.000,0.000,0.000]
  Alt-Benders[1] (mw): LB=28.868225, Z₀(α*)=16.033751, intercept=-64.600210 (0.250s) [OMP=0.226 ISP-L=0.002 ISP-F=0.012 MW-L=0.006 MW-F=0.014]
  Alt-Benders[2] (mw): LB=28.868225, Z₀(α*)=16.033751, intercept=-64.600211 (0.260s) [OMP=0.212 ISP-L=0.004 ISP-F=0.012 MW-L=0.007 MW-F=0.014]
  Alt-Benders[3] (mw): LB=28.868225, Z₀(α*)=16.033751, intercept=-64.600211 (0.261s) [OMP=0.223 ISP-L=0.004 ISP-F=0.012 MW-L=0.007 MW-F=0.020]
  Alt-Benders[4]: LB stagnated, break
  OMP re-solve: 0.000s

=== True-DRO Benders iter 17 ===
  OMP: t₀=28.868225, UB=41.352567, gap=3.02e-01, x=[0, 0, 0, 0, 0, 0, 0, 0, 0, 0, 0, 0, 0, 0, 1, 0, 0, 0, 0, 0, 0, 0, 0, 0, 0, 0, 1, 0, 0, 0, 0, 0, 0, 0, 0, 0, 0, 0, 0, 0, 0, 0, 0, 0, 0, 0, 0] (0.000s)
  Sub: Z₀=44.129038 [LOCAL] (0.2s), α=[0.000,0.000,0.000,0.000,0.000,0.000,0.000,0.000,0.000,0.000,0.000,0.000,0.000,0.000,0.000,0.000,0.000,0.000,0.000,0.000,0.000,0.000,0.000,0.000,4.924,0.254,0.000,0.039,5.032,0.000,0.000,0.000,0.000,0.000,0.000,0.000,0.000,0.000,0.000,0.000,0.000,0.000,0.000,0.000,0.000,0.000,0.000]
  Iter 17: LB=28.868225  UB=41.352567  gap=3.02e-01
  Cut: intercept=-1136.056361, π_x_range=[-829.5740, 595.1287]
  Mini-Benders[1] (mw): LB=28.879227, Z₀(α*)=44.659086, intercept=21.749482 (0.261s) [OMP=0.213 ISP-L=0.004 ISP-F=0.012 MW-L=0.009 MW-F=0.012]
  Mini-Benders[2] (mw): LB=28.879466, Z₀(α*)=39.906533, intercept=-21.655138 (0.275s) [OMP=0.232 ISP-L=0.004 ISP-F=0.013 MW-L=0.009 MW-F=0.019]
  Mini-Benders[3] (mw): LB=28.971585, Z₀(α*)=13.624199, intercept=-118.540457 (0.261s) [OMP=0.224 ISP-L=0.004 ISP-F=0.014 MW-L=0.008 MW-F=0.015]
  Mini-Benders[4] (mw): LB=28.971585, Z₀(α*)=13.624199, intercept=-118.540457 (0.260s) [OMP=0.211 ISP-L=0.004 ISP-F=0.013 MW-L=0.007 MW-F=0.015]
  Mini-Benders[5] (mw): LB=28.971585, Z₀(α*)=13.624199, intercept=-118.540457 (0.244s) [OMP=0.207 ISP-L=0.004 ISP-F=0.014 MW-L=0.008 MW-F=0.021]
  α-step: Z₀=44.741863, α=[0.000,0.000,0.000,0.000,0.000,0.000,0.000,0.000,0.000,0.000,0.000,0.000,0.000,0.000,0.000,0.000,0.000,0.000,0.000,0.000,0.000,0.000,2.846,0.000,0.000,0.000,0.000,0.000,3.753,3.317,0.000,0.000,0.000,0.000,0.000,0.175,0.157,0.000,0.000,0.000,0.000,0.000,0.000,0.000,0.000,0.000,0.000]
  Alt-Benders[1] (mw): LB=29.055050, Z₀(α*)=23.706156, intercept=-19.842616 (0.260s) [OMP=0.226 ISP-L=0.004 ISP-F=0.011 MW-L=0.007 MW-F=0.010]
  Alt-Benders[2] (mw): LB=29.055050, Z₀(α*)=23.706156, intercept=-19.842616 (0.245s) [OMP=0.205 ISP-L=0.004 ISP-F=0.011 MW-L=0.007 MW-F=0.017]
  Alt-Benders[3] (mw): LB=29.055050, Z₀(α*)=23.706156, intercept=-19.842616 (0.229s) [OMP=0.201 ISP-L=0.004 ISP-F=0.011 MW-L=0.007 MW-F=0.010]
  Alt-Benders[4]: LB stagnated, break
  OMP re-solve: 0.000s

=== True-DRO Benders iter 18 ===
  OMP: t₀=29.055050, UB=41.352567, gap=2.97e-01, x=[0, 0, 0, 0, 0, 0, 0, 0, 0, 0, 0, 0, 0, 0, 0, 0, 0, 0, 0, 0, 0, 0, 0, 0, 0, 0, 0, 0, 1, 0, 1, 0, 0, 0, 0, 0, 0, 0, 0, 0, 0, 0, 0, 0, 0, 0, 0] (0.000s)
  Sub: Z₀=43.354290 [LOCAL] (0.3s), α=[0.000,0.000,0.000,0.000,0.000,0.000,0.000,0.000,0.000,0.000,0.000,0.000,0.000,0.000,0.000,0.000,0.000,0.000,0.000,0.000,0.000,0.000,0.000,0.000,5.656,0.000,0.000,0.000,1.007,0.000,2.605,0.000,0.000,0.000,0.000,0.000,0.981,0.000,0.000,0.000,0.000,0.000,0.000,0.000,0.000,0.000,0.000]
  Iter 18: LB=29.055050  UB=41.352567  gap=2.97e-01
  Cut: intercept=-1133.352089, π_x_range=[-831.2609, 599.0142]
  Mini-Benders[1] (mw): LB=29.059984, Z₀(α*)=35.726382, intercept=-56.244865 (0.182s) [OMP=0.151 ISP-L=0.004 ISP-F=0.011 MW-L=0.007 MW-F=0.013]
  Mini-Benders[2] (mw): LB=29.209159, Z₀(α*)=42.222101, intercept=8.940093 (0.292s) [OMP=0.240 ISP-L=0.004 ISP-F=0.014 MW-L=0.015 MW-F=0.013]
  Mini-Benders[3] (mw): LB=29.365342, Z₀(α*)=32.616454, intercept=-2.423220 (0.276s) [OMP=0.238 ISP-L=0.004 ISP-F=0.012 MW-L=0.007 MW-F=0.011]
  Mini-Benders[4] (mw): LB=29.384982, Z₀(α*)=45.640120, intercept=18.692635 (0.260s) [OMP=0.221 ISP-L=0.004 ISP-F=0.012 MW-L=0.009 MW-F=0.012]
  Mini-Benders[5] (mw): LB=29.389810, Z₀(α*)=12.770152, intercept=-3.771872 (0.276s) [OMP=0.227 ISP-L=0.004 ISP-F=0.012 MW-L=0.015 MW-F=0.013]
  α-step: Z₀=43.921116, α=[0.000,0.000,0.000,0.000,0.000,0.000,0.000,0.000,0.000,0.000,0.000,0.000,0.000,0.000,0.000,0.000,0.000,0.000,0.000,0.000,0.000,0.000,0.000,0.000,2.330,0.000,0.000,0.000,2.744,0.000,0.000,0.000,0.000,0.000,0.000,3.928,1.247,0.000,0.000,0.000,0.000,0.000,0.000,0.000,0.000,0.000,0.000]
  Alt-Benders[1] (mw): LB=29.873095, Z₀(α*)=45.168101, intercept=35.274475 (0.245s) [OMP=0.215 ISP-L=0.004 ISP-F=0.011 MW-L=0.008 MW-F=0.010]
  Alt-Benders[2] (mw): LB=30.073363, Z₀(α*)=45.106878, intercept=-65.300024 (0.276s) [OMP=0.220 ISP-L=0.004 ISP-F=0.012 MW-L=0.013 MW-F=0.016]
  Alt-Benders[3] (mw): LB=30.205558, Z₀(α*)=43.591835, intercept=-41.371212 (0.260s) [OMP=0.237 ISP-L=0.004 ISP-F=0.011 MW-L=0.007 MW-F=0.011]
  Alt-Benders[4] (mw): LB=30.211472, Z₀(α*)=34.453925, intercept=-39.357268 (0.260s) [OMP=0.216 ISP-L=0.004 ISP-F=0.011 MW-L=0.007 MW-F=0.011]
  Alt-Benders[5] (mw): LB=30.226939, Z₀(α*)=34.361284, intercept=-53.765969 (0.261s) [OMP=0.220 ISP-L=0.004 ISP-F=0.011 MW-L=0.007 MW-F=0.017]
  OMP re-solve: 0.218s

=== True-DRO Benders iter 19 ===
  OMP: t₀=30.272061, UB=41.352567, gap=2.68e-01, x=[0, 0, 0, 0, 0, 0, 0, 0, 0, 0, 0, 0, 0, 0, 0, 0, 0, 0, 0, 0, 0, 0, 0, 0, 0, 0, 0, 0, 1, 0, 0, 0, 0, 0, 0, 1, 0, 0, 0, 0, 0, 0, 0, 0, 0, 0, 0] (0.000s)
  Sub: Z₀=45.045866 [LOCAL] (0.3s), α=[0.000,0.000,0.000,0.000,0.000,0.000,0.000,0.000,0.000,0.000,0.000,0.000,0.000,0.000,0.000,0.000,0.000,0.000,0.000,0.000,0.000,0.000,0.000,0.000,0.000,0.000,0.000,0.000,3.842,0.000,0.000,0.000,0.000,0.000,0.000,3.139,3.268,0.000,0.000,0.000,0.000,0.000,0.000,0.000,0.000,0.000,0.000]
  Iter 19: LB=30.272061  UB=41.352567  gap=2.68e-01
  Cut: intercept=-1137.742387, π_x_range=[-831.1613, 597.6927]
  Mini-Benders[1] (mw): LB=30.326938, Z₀(α*)=36.667362, intercept=-67.657844 (0.261s) [OMP=0.223 ISP-L=0.004 ISP-F=0.011 MW-L=0.008 MW-F=0.013]
  Mini-Benders[2] (mw): LB=30.326939, Z₀(α*)=46.400777, intercept=40.144157 (0.245s) [OMP=0.206 ISP-L=0.004 ISP-F=0.012 MW-L=0.008 MW-F=0.016]
  Mini-Benders[3] (mw): LB=30.490542, Z₀(α*)=27.516470, intercept=-6.364079 (0.275s) [OMP=0.234 ISP-L=0.004 ISP-F=0.013 MW-L=0.008 MW-F=0.014]
  Mini-Benders[4] (mw): LB=30.490542, Z₀(α*)=27.516470, intercept=-6.364079 (0.245s) [OMP=0.208 ISP-L=0.004 ISP-F=0.014 MW-L=0.007 MW-F=0.014]
  Mini-Benders[5] (mw): LB=30.490542, Z₀(α*)=27.516470, intercept=-6.364079 (0.260s) [OMP=0.207 ISP-L=0.004 ISP-F=0.013 MW-L=0.008 MW-F=0.020]
  α-step: Z₀=44.967669, α=[0.000,0.000,0.000,0.000,0.000,0.000,0.000,0.000,0.000,0.000,0.000,0.000,0.000,0.000,0.000,0.000,0.000,0.000,0.000,0.000,0.000,0.000,1.443,0.000,1.087,0.000,0.000,0.000,4.188,0.000,0.000,0.000,0.000,0.000,1.259,0.000,2.272,0.000,0.000,0.000,0.000,0.000,0.000,0.000,0.000,0.000,0.000]
  Alt-Benders[1] (mw): LB=30.541404, Z₀(α*)=34.028981, intercept=-90.955247 (0.276s) [OMP=0.242 ISP-L=0.004 ISP-F=0.011 MW-L=0.008 MW-F=0.013]
  Alt-Benders[2] (mw): LB=30.569414, Z₀(α*)=44.967669, intercept=39.950230 (0.244s) [OMP=0.207 ISP-L=0.004 ISP-F=0.011 MW-L=0.008 MW-F=0.016]
  Alt-Benders[3] (mw): LB=30.601993, Z₀(α*)=42.913280, intercept=37.053472 (0.276s) [OMP=0.245 ISP-L=0.002 ISP-F=0.011 MW-L=0.006 MW-F=0.014]
  Alt-Benders[4] (mw): LB=30.728171, Z₀(α*)=38.822299, intercept=-8.051669 (0.260s) [OMP=0.207 ISP-L=0.004 ISP-F=0.011 MW-L=0.007 MW-F=0.028]
  Alt-Benders[5] (mw): LB=30.748511, Z₀(α*)=44.967669, intercept=18.941759 (0.261s) [OMP=0.227 ISP-L=0.004 ISP-F=0.010 MW-L=0.007 MW-F=0.011]
  OMP re-solve: 0.230s

=== True-DRO Benders iter 20 ===
  OMP: t₀=30.790886, UB=41.352567, gap=2.55e-01, x=[0, 0, 0, 0, 0, 0, 0, 0, 0, 0, 0, 0, 0, 0, 0, 0, 0, 0, 0, 0, 0, 0, 1, 1, 0, 0, 0, 0, 0, 0, 0, 0, 0, 0, 0, 0, 0, 0, 0, 0, 0, 0, 0, 0, 0, 0, 0] (0.000s)
  Sub: Z₀=47.338065 (0.5s), α=[0.000,0.000,0.000,0.000,0.000,0.000,0.000,0.000,0.000,0.000,0.000,0.000,0.000,0.000,0.000,0.000,0.000,0.000,0.000,0.000,0.000,0.000,0.160,0.000,0.000,0.000,0.000,0.000,2.904,0.000,0.000,0.000,0.000,0.000,0.000,3.857,3.328,0.000,0.000,0.000,0.000,0.000,0.000,0.000,0.000,0.000,0.000]
  Iter 20: LB=30.790886  UB=41.352567  gap=2.55e-01
  Cut: intercept=-54.292872, π_x_range=[-210.1151, 66.8823]
  Sherali-Cut: intercept=1.383586, π_x_range=[-129.3790, 29.1923]
  Mini-Benders[1] (mw): LB=30.800947, Z₀(α*)=44.437338, intercept=-84.121747 (0.281s) [OMP=0.229 ISP-L=0.004 ISP-F=0.013 MW-L=0.009 MW-F=0.016]
  Mini-Benders[2] (mw): LB=30.876183, Z₀(α*)=41.192696, intercept=-34.855803 (0.247s) [OMP=0.207 ISP-L=0.004 ISP-F=0.011 MW-L=0.008 MW-F=0.027]
  Mini-Benders[3] (mw): LB=30.952331, Z₀(α*)=37.145809, intercept=-168.109003 (0.245s) [OMP=0.201 ISP-L=0.004 ISP-F=0.011 MW-L=0.006 MW-F=0.010]
  Mini-Benders[4] (mw): LB=31.745827, Z₀(α*)=47.338065, intercept=47.238071 (0.229s) [OMP=0.185 ISP-L=0.004 ISP-F=0.012 MW-L=0.007 MW-F=0.017]
  Mini-Benders[5] (mw): LB=31.794601, Z₀(α*)=4.892049, intercept=-77.946032 (0.213s) [OMP=0.188 ISP-L=0.004 ISP-F=0.010 MW-L=0.007 MW-F=0.012]
  α-step: Z₀=39.008309, α=[0.000,0.000,0.000,0.000,0.000,0.000,0.000,0.000,0.000,0.000,0.000,0.000,0.000,0.000,0.000,0.000,0.000,0.000,0.000,0.000,0.000,0.000,0.000,0.000,0.000,0.000,1.600,0.000,5.071,0.000,0.000,0.000,0.000,0.000,0.272,3.306,0.000,0.000,0.000,0.000,0.000,0.000,0.000,0.000,0.000,0.000,0.000]
  Alt-Benders[1] (mw): LB=31.854267, Z₀(α*)=29.250655, intercept=-65.358114 (0.229s) [OMP=0.197 ISP-L=0.004 ISP-F=0.011 MW-L=0.008 MW-F=0.017]
  Alt-Benders[2] (mw): LB=31.854267, Z₀(α*)=29.250655, intercept=-65.358114 (0.260s) [OMP=0.224 ISP-L=0.004 ISP-F=0.011 MW-L=0.008 MW-F=0.011]
  Alt-Benders[3] (mw): LB=31.854267, Z₀(α*)=29.250655, intercept=-65.358114 (0.260s) [OMP=0.221 ISP-L=0.004 ISP-F=0.011 MW-L=0.008 MW-F=0.011]
  Alt-Benders[4]: LB stagnated, break
  OMP re-solve: 0.000s

=== True-DRO Benders iter 21 ===
  OMP: t₀=31.854267, UB=41.352567, gap=2.30e-01, x=[0, 0, 0, 0, 0, 0, 0, 0, 0, 0, 0, 0, 0, 0, 0, 1, 0, 0, 0, 0, 0, 0, 0, 0, 0, 0, 0, 0, 0, 0, 0, 0, 0, 1, 0, 0, 0, 0, 0, 0, 0, 0, 0, 0, 0, 0, 0] (0.000s)
  Sub: Z₀=45.963112 [LOCAL] (0.4s), α=[0.000,0.000,0.000,0.000,0.000,0.000,0.000,0.000,0.000,0.000,0.000,0.000,0.000,0.000,0.000,0.000,0.000,0.000,0.000,0.000,0.000,0.000,0.000,0.000,6.378,0.000,0.000,0.000,0.368,0.000,0.000,0.000,0.000,0.000,0.000,3.503,0.000,0.000,0.000,0.000,0.000,0.000,0.000,0.000,0.000,0.000,0.000]
  Iter 21: LB=31.854267  UB=41.352567  gap=2.30e-01
  Cut: intercept=-1061.370855, π_x_range=[-831.2336, 571.0502]
  Mini-Benders[1] (mw): LB=31.911058, Z₀(α*)=45.232478, intercept=38.169277 (0.263s) [OMP=0.224 ISP-L=0.004 ISP-F=0.012 MW-L=0.015 MW-F=0.011]
  Mini-Benders[2] (mw): LB=32.616452, Z₀(α*)=47.622668, intercept=23.445845 (0.261s) [OMP=0.228 ISP-L=0.004 ISP-F=0.013 MW-L=0.007 MW-F=0.011]
  Mini-Benders[3] (mw): LB=33.024491, Z₀(α*)=41.119485, intercept=-9.326772 (0.260s) [OMP=0.218 ISP-L=0.004 ISP-F=0.013 MW-L=0.008 MW-F=0.013]
  Mini-Benders[4] (mw): LB=33.183633, Z₀(α*)=45.232478, intercept=21.178243 (0.291s) [OMP=0.243 ISP-L=0.004 ISP-F=0.013 MW-L=0.014 MW-F=0.024]
  Mini-Benders[5] (mw): LB=33.267265, Z₀(α*)=16.456574, intercept=-175.379572 (0.276s) [OMP=0.232 ISP-L=0.004 ISP-F=0.014 MW-L=0.007 MW-F=0.014]
  α-step: Z₀=41.727170, α=[0.000,0.000,0.000,0.000,0.000,0.000,0.000,0.000,0.000,0.000,0.000,0.000,0.000,0.000,0.000,0.000,0.000,0.000,0.000,0.000,0.000,0.000,1.569,0.000,1.484,0.000,0.000,0.000,7.196,0.000,0.000,0.000,0.000,0.000,0.000,0.000,0.000,0.000,0.000,0.000,0.000,0.000,0.000,0.000,0.000,0.000,0.000]
  Alt-Benders[1] (mw): LB=33.323103, Z₀(α*)=36.455562, intercept=-80.609175 (0.282s) [OMP=0.236 ISP-L=0.002 ISP-F=0.011 MW-L=0.012 MW-F=0.013]
  Alt-Benders[2] (mw): LB=33.361844, Z₀(α*)=41.562276, intercept=-119.998132 (0.260s) [OMP=0.230 ISP-L=0.002 ISP-F=0.010 MW-L=0.005 MW-F=0.009]
  Alt-Benders[3] (mw): LB=33.617553, Z₀(α*)=38.818657, intercept=-76.792180 (0.260s) [OMP=0.228 ISP-L=0.004 ISP-F=0.011 MW-L=0.008 MW-F=0.011]
  Alt-Benders[4] (mw): LB=33.847796, Z₀(α*)=41.907590, intercept=-32.324005 (0.229s) [OMP=0.188 ISP-L=0.004 ISP-F=0.011 MW-L=0.014 MW-F=0.011]
  Alt-Benders[5] (mw): LB=33.867123, Z₀(α*)=38.092090, intercept=-127.854937 (0.261s) [OMP=0.229 ISP-L=0.004 ISP-F=0.010 MW-L=0.008 MW-F=0.017]
  OMP re-solve: 0.210s

=== True-DRO Benders iter 22 ===
  OMP: t₀=33.970350, UB=41.352567, gap=1.79e-01, x=[0, 0, 0, 0, 0, 0, 0, 0, 0, 0, 0, 1, 0, 0, 0, 0, 0, 0, 0, 0, 0, 0, 0, 0, 0, 0, 0, 1, 0, 0, 0, 0, 0, 0, 0, 0, 0, 0, 0, 0, 0, 0, 0, 0, 0, 0, 0] (0.000s)
  Sub: Z₀=42.026455 [LOCAL] (0.3s), α=[0.000,0.000,0.000,0.000,0.000,0.000,0.000,0.000,0.000,0.000,0.000,0.000,0.000,0.000,0.000,0.000,0.000,0.000,0.000,0.000,0.000,0.000,0.000,0.000,5.178,0.000,0.000,0.000,5.071,0.000,0.000,0.000,0.000,0.000,0.000,0.000,0.000,0.000,0.000,0.000,0.000,0.000,0.000,0.000,0.000,0.000,0.000]
  Iter 22: LB=33.970350  UB=41.352567  gap=1.79e-01
  Cut: intercept=-1141.270285, π_x_range=[-826.1623, 594.8536]
  Mini-Benders[1] (mw): LB=34.028979, Z₀(α*)=31.279275, intercept=-154.527786 (0.276s) [OMP=0.234 ISP-L=0.004 ISP-F=0.013 MW-L=0.007 MW-F=0.020]
  Mini-Benders[2] (mw): LB=34.028979, Z₀(α*)=31.279275, intercept=-154.527786 (0.244s) [OMP=0.208 ISP-L=0.004 ISP-F=0.013 MW-L=0.007 MW-F=0.014]
  Mini-Benders[3] (mw): LB=34.028979, Z₀(α*)=31.279275, intercept=-154.527786 (0.245s) [OMP=0.207 ISP-L=0.004 ISP-F=0.013 MW-L=0.007 MW-F=0.014]
  Mini-Benders[4]: LB stagnated, break
  α-step: Z₀=40.535646, α=[0.000,0.000,0.000,0.000,0.000,0.000,0.000,0.000,0.000,0.000,0.000,0.000,0.000,0.000,0.000,0.000,0.000,0.000,0.000,0.000,0.000,0.000,0.000,0.000,2.929,2.053,0.000,0.419,2.744,0.000,0.000,0.000,0.000,0.000,0.000,0.000,2.104,0.000,0.000,0.000,0.000,0.000,0.000,0.000,0.000,0.000,0.000]
  Alt-Benders[1] (mw): LB=34.134919, Z₀(α*)=41.537019, intercept=15.092301 (0.241s) [OMP=0.215 ISP-L=0.004 ISP-F=0.012 MW-L=0.007 MW-F=0.010]
  Alt-Benders[2] (mw): LB=34.171336, Z₀(α*)=41.522186, intercept=-13.812530 (0.260s) [OMP=0.220 ISP-L=0.004 ISP-F=0.011 MW-L=0.007 MW-F=0.013]
  Alt-Benders[3] (mw): LB=34.177208, Z₀(α*)=40.999955, intercept=-3.461786 (0.276s) [OMP=0.230 ISP-L=0.004 ISP-F=0.013 MW-L=0.008 MW-F=0.017]
  Alt-Benders[4] (mw): LB=34.361282, Z₀(α*)=40.198950, intercept=-82.910102 (0.276s) [OMP=0.243 ISP-L=0.004 ISP-F=0.011 MW-L=0.007 MW-F=0.010]
  Alt-Benders[5] (mw): LB=34.453922, Z₀(α*)=42.603522, intercept=-6.187114 (0.245s) [OMP=0.211 ISP-L=0.004 ISP-F=0.012 MW-L=0.007 MW-F=0.009]
  OMP re-solve: 0.238s

=== True-DRO Benders iter 23 ===
  OMP: t₀=34.508001, UB=41.352567, gap=1.66e-01, x=[0, 0, 0, 0, 0, 0, 0, 0, 0, 0, 0, 0, 0, 0, 0, 1, 0, 0, 0, 0, 0, 0, 0, 0, 0, 0, 1, 0, 0, 0, 0, 0, 0, 0, 0, 0, 0, 0, 0, 0, 0, 0, 0, 0, 0, 0, 0] (0.000s)
  Sub: Z₀=43.472014 [LOCAL] (0.2s), α=[0.000,0.000,0.000,0.000,0.000,0.000,0.000,0.000,0.000,0.000,0.000,0.000,0.000,0.000,0.000,0.000,0.000,0.000,0.000,0.000,0.000,0.000,0.000,0.000,5.996,0.000,0.000,0.031,4.222,0.000,0.000,0.000,0.000,0.000,0.000,0.000,0.000,0.000,0.000,0.000,0.000,0.000,0.000,0.000,0.000,0.000,0.000]
  Iter 23: LB=34.508001  UB=41.352567  gap=1.66e-01
  Cut: intercept=-1086.878906, π_x_range=[-830.0521, 585.3980]
  Mini-Benders[1] (mw): LB=34.533921, Z₀(α*)=40.012220, intercept=-3.265010 (0.261s) [OMP=0.236 ISP-L=0.002 ISP-F=0.013 MW-L=0.007 MW-F=0.013]
  Mini-Benders[2] (mw): LB=34.552310, Z₀(α*)=44.849975, intercept=44.149976 (0.260s) [OMP=0.213 ISP-L=0.004 ISP-F=0.013 MW-L=0.008 MW-F=0.011]
  Mini-Benders[3] (mw): LB=34.862750, Z₀(α*)=34.652142, intercept=-36.316659 (0.276s) [OMP=0.245 ISP-L=0.004 ISP-F=0.011 MW-L=0.007 MW-F=0.014]
  Mini-Benders[4] (mw): LB=34.862750, Z₀(α*)=34.652142, intercept=-36.316659 (0.260s) [OMP=0.220 ISP-L=0.004 ISP-F=0.010 MW-L=0.015 MW-F=0.013]
  Mini-Benders[5] (mw): LB=34.862750, Z₀(α*)=34.652142, intercept=-36.316659 (0.260s) [OMP=0.218 ISP-L=0.004 ISP-F=0.011 MW-L=0.007 MW-F=0.014]
  α-step: Z₀=35.034644, α=[0.000,0.000,0.000,0.000,0.000,0.000,0.000,0.000,0.000,0.000,0.000,0.000,0.000,0.000,0.000,0.000,0.000,0.000,0.000,0.000,0.000,0.000,0.000,0.000,6.378,0.000,0.000,0.000,3.871,0.000,0.000,0.000,0.000,0.000,0.000,0.000,0.000,0.000,0.000,0.000,0.000,0.000,0.000,0.000,0.000,0.000,0.000]
  Alt-Benders[1] (mw): LB=34.958779, Z₀(α*)=39.269766, intercept=-102.234350 (0.276s) [OMP=0.236 ISP-L=0.004 ISP-F=0.011 MW-L=0.014 MW-F=0.011]
  Alt-Benders[2] (mw): LB=35.034644, Z₀(α*)=35.034644, intercept=-36.322298 (0.291s) [OMP=0.248 ISP-L=0.004 ISP-F=0.009 MW-L=0.007 MW-F=0.012]
  Alt-Benders[3] (mw): LB=35.034644, Z₀(α*)=35.034644, intercept=-36.322298 (0.229s) [OMP=0.207 ISP-L=0.004 ISP-F=0.009 MW-L=0.007 MW-F=0.012]
  Alt-Benders[4] (mw): LB=35.034644, Z₀(α*)=35.034644, intercept=-36.322298 (0.261s) [OMP=0.207 ISP-L=0.004 ISP-F=0.010 MW-L=0.014 MW-F=0.012]
  Alt-Benders[5]: LB stagnated, break
  OMP re-solve: 0.000s

=== True-DRO Benders iter 24 ===
  OMP: t₀=35.034644, UB=41.352567, gap=1.53e-01, x=[0, 0, 0, 0, 0, 0, 0, 0, 0, 0, 0, 0, 0, 0, 0, 0, 0, 0, 0, 0, 0, 0, 0, 1, 0, 0, 0, 1, 0, 0, 0, 0, 0, 0, 0, 0, 0, 0, 0, 0, 0, 0, 0, 0, 0, 0, 0] (0.000s)
  Sub: Z₀=37.185779 [LOCAL] (0.2s), α=[0.000,0.000,0.000,0.000,0.000,0.000,0.000,0.000,0.000,0.000,0.000,0.000,0.000,0.000,0.000,0.000,0.000,0.000,0.000,0.000,0.000,0.000,0.000,0.000,2.787,0.000,0.000,0.000,5.071,0.000,0.000,0.000,0.000,0.000,0.000,0.255,2.136,0.000,0.000,0.000,0.000,0.000,0.000,0.000,0.000,0.000,0.000]
  Iter 24: LB=35.034644  UB=41.352567  gap=1.53e-01
  Cut: intercept=-1131.252783, π_x_range=[-827.4002, 585.5672]
  Mini-Benders[1] (mw): LB=35.475679, Z₀(α*)=41.037221, intercept=-0.633143 (0.260s) [OMP=0.228 ISP-L=0.004 ISP-F=0.013 MW-L=0.007 MW-F=0.011]
  Mini-Benders[2] (mw): LB=35.726380, Z₀(α*)=33.939455, intercept=2.997835 (0.292s) [OMP=0.241 ISP-L=0.004 ISP-F=0.012 MW-L=0.008 MW-F=0.018]
  Mini-Benders[3] (mw): LB=35.726380, Z₀(α*)=33.939455, intercept=2.997835 (0.260s) [OMP=0.224 ISP-L=0.004 ISP-F=0.013 MW-L=0.007 MW-F=0.012]
  Mini-Benders[4] (mw): LB=35.726380, Z₀(α*)=33.939455, intercept=2.997835 (0.260s) [OMP=0.220 ISP-L=0.004 ISP-F=0.013 MW-L=0.007 MW-F=0.011]
  Mini-Benders[5]: LB stagnated, break
  α-step: Z₀=47.338065, α=[0.000,0.000,0.000,0.000,0.000,0.000,0.000,0.000,0.000,0.000,0.000,0.000,0.000,0.000,0.000,0.000,0.000,0.000,0.000,0.000,0.000,0.000,0.000,0.000,0.000,0.160,0.000,0.000,2.744,0.000,0.000,0.000,0.000,0.000,0.272,3.828,3.245,0.000,0.000,0.000,0.000,0.000,0.000,0.000,0.000,0.000,0.000]
  Alt-Benders[1] (mw): LB=35.766752, Z₀(α*)=-6.327345, intercept=-50.257760 (0.260s) [OMP=0.225 ISP-L=0.004 ISP-F=0.011 MW-L=0.006 MW-F=0.013]
  Alt-Benders[2] (mw): LB=35.766752, Z₀(α*)=-6.327345, intercept=-50.257760 (0.244s) [OMP=0.208 ISP-L=0.004 ISP-F=0.011 MW-L=0.006 MW-F=0.013]
  Alt-Benders[3] (mw): LB=35.766752, Z₀(α*)=-6.327345, intercept=-50.257760 (0.245s) [OMP=0.208 ISP-L=0.004 ISP-F=0.011 MW-L=0.006 MW-F=0.020]
  Alt-Benders[4]: LB stagnated, break
  OMP re-solve: 0.000s

=== True-DRO Benders iter 25 ===
  OMP: t₀=35.766752, UB=41.352567, gap=1.35e-01, x=[0, 0, 0, 0, 0, 0, 0, 0, 0, 0, 0, 0, 0, 0, 0, 0, 0, 0, 0, 0, 0, 0, 0, 0, 1, 1, 0, 0, 0, 0, 0, 0, 0, 0, 0, 0, 0, 0, 0, 0, 0, 0, 0, 0, 0, 0, 0] (0.000s)
  Sub: Z₀=43.753721 (0.3s), α=[0.000,0.000,0.000,0.000,0.000,0.000,0.000,0.000,0.000,0.000,0.000,0.000,0.000,0.000,0.000,0.000,0.000,0.000,0.000,0.000,0.000,0.000,0.000,0.000,8.953,1.178,0.000,0.000,0.118,0.000,0.000,0.000,0.000,0.000,0.000,0.000,0.000,0.000,0.000,0.000,0.000,0.000,0.000,0.000,0.000,0.000,0.000]
  Iter 25: LB=35.766752  UB=41.352567  gap=1.35e-01
  Cut: intercept=-14.770063, π_x_range=[-272.0000, 30.8899]
  Sherali-Cut: intercept=31.459543, π_x_range=[-180.6149, 7.0841]
  Mini-Benders[1] (mw): LB=35.806039, Z₀(α*)=32.286181, intercept=-83.849806 (0.276s) [OMP=0.229 ISP-L=0.004 ISP-F=0.013 MW-L=0.015 MW-F=0.011]
  Mini-Benders[2] (mw): LB=35.806039, Z₀(α*)=32.286181, intercept=-83.849806 (0.245s) [OMP=0.203 ISP-L=0.004 ISP-F=0.012 MW-L=0.008 MW-F=0.012]
  Mini-Benders[3] (mw): LB=35.806039, Z₀(α*)=32.286181, intercept=-83.849806 (0.229s) [OMP=0.205 ISP-L=0.004 ISP-F=0.013 MW-L=0.008 MW-F=0.012]
  Mini-Benders[4]: LB stagnated, break
  α-step: Z₀=39.451581, α=[0.000,0.000,0.000,0.000,0.000,0.000,0.000,0.000,0.000,0.000,0.000,0.000,0.000,0.000,0.000,0.000,0.000,0.000,0.000,0.000,0.000,0.000,0.000,0.000,7.092,0.000,0.000,0.000,0.000,0.000,0.000,0.000,0.000,0.000,0.000,0.000,3.157,0.000,0.000,0.000,0.000,0.000,0.000,0.000,0.000,0.000,0.000]
  Alt-Benders[1] (mw): LB=35.951909, Z₀(α*)=38.644581, intercept=24.047346 (0.255s) [OMP=0.233 ISP-L=0.004 ISP-F=0.011 MW-L=0.008 MW-F=0.011]
  Alt-Benders[2] (mw): LB=35.963003, Z₀(α*)=29.933001, intercept=-60.372482 (0.276s) [OMP=0.231 ISP-L=0.004 ISP-F=0.011 MW-L=0.007 MW-F=0.011]
  Alt-Benders[3] (mw): LB=35.963003, Z₀(α*)=29.933001, intercept=-60.372482 (0.275s) [OMP=0.233 ISP-L=0.004 ISP-F=0.011 MW-L=0.007 MW-F=0.017]
  Alt-Benders[4] (mw): LB=35.963003, Z₀(α*)=29.933001, intercept=-60.372482 (0.261s) [OMP=0.230 ISP-L=0.004 ISP-F=0.011 MW-L=0.007 MW-F=0.010]
  Alt-Benders[5]: LB stagnated, break
  OMP re-solve: 0.000s

=== True-DRO Benders iter 26 ===
  OMP: t₀=35.963003, UB=41.352567, gap=1.30e-01, x=[0, 0, 0, 0, 0, 0, 0, 0, 0, 0, 0, 0, 0, 0, 0, 0, 0, 0, 0, 0, 0, 0, 0, 0, 0, 0, 0, 0, 0, 1, 1, 0, 0, 0, 0, 0, 0, 0, 0, 0, 0, 0, 0, 0, 0, 0, 0] (0.000s)
  Sub: Z₀=40.956765 [LOCAL] (0.3s), α=[0.000,0.000,0.000,0.000,0.000,0.000,0.000,0.000,0.000,0.000,0.000,0.000,0.000,0.000,0.000,0.000,0.000,0.000,0.000,0.000,0.000,0.000,0.000,0.000,0.000,0.000,0.000,0.036,5.035,0.000,3.674,0.000,0.000,0.000,0.000,0.000,1.504,0.000,0.000,0.000,0.000,0.000,0.000,0.000,0.000,0.000,0.000]
  Iter 26: LB=35.963003  UB=41.352567  gap=1.30e-01
  Cut: intercept=-1113.631888, π_x_range=[-831.3405, 582.8237]
  Mini-Benders[1] (mw): LB=36.033483, Z₀(α*)=31.291379, intercept=-19.559108 (0.307s) [OMP=0.254 ISP-L=0.004 ISP-F=0.011 MW-L=0.008 MW-F=0.019]
  Mini-Benders[2] (mw): LB=36.033483, Z₀(α*)=31.291379, intercept=-19.559108 (0.260s) [OMP=0.230 ISP-L=0.004 ISP-F=0.011 MW-L=0.009 MW-F=0.013]
  Mini-Benders[3] (mw): LB=36.033483, Z₀(α*)=31.291379, intercept=-19.559108 (0.276s) [OMP=0.234 ISP-L=0.004 ISP-F=0.011 MW-L=0.008 MW-F=0.013]
  Mini-Benders[4]: LB stagnated, break
  α-step: Z₀=41.527973, α=[0.000,0.000,0.000,0.000,0.000,0.000,0.000,0.000,0.000,0.000,0.000,0.000,0.000,0.000,0.000,0.000,0.000,0.000,0.000,0.000,0.000,0.000,0.161,0.000,2.929,0.000,0.000,0.000,5.239,0.000,0.000,0.563,0.000,0.000,0.000,0.794,0.563,0.000,0.000,0.000,0.000,0.000,0.000,0.000,0.000,0.000,0.000]
  Alt-Benders[1] (mw): LB=36.446264, Z₀(α*)=35.703172, intercept=-81.158676 (0.271s) [OMP=0.240 ISP-L=0.004 ISP-F=0.010 MW-L=0.007 MW-F=0.013]
  Alt-Benders[2] (mw): LB=36.446264, Z₀(α*)=35.703172, intercept=-81.158676 (0.245s) [OMP=0.212 ISP-L=0.004 ISP-F=0.010 MW-L=0.007 MW-F=0.013]
  Alt-Benders[3] (mw): LB=36.446264, Z₀(α*)=35.703172, intercept=-81.158676 (0.244s) [OMP=0.213 ISP-L=0.004 ISP-F=0.011 MW-L=0.007 MW-F=0.013]
  Alt-Benders[4]: LB stagnated, break
  OMP re-solve: 0.000s

=== True-DRO Benders iter 27 ===
  OMP: t₀=36.446264, UB=41.352567, gap=1.19e-01, x=[0, 0, 0, 0, 0, 0, 0, 0, 0, 0, 0, 0, 0, 0, 0, 0, 0, 0, 0, 0, 0, 0, 1, 0, 0, 0, 0, 0, 0, 0, 1, 0, 0, 0, 0, 0, 0, 0, 0, 0, 0, 0, 0, 0, 0, 0, 0] (0.000s)
  Sub: Z₀=41.441929 [LOCAL] (0.9s), α=[0.000,0.000,0.000,0.000,0.000,0.000,0.000,0.000,0.000,0.000,0.000,0.000,0.000,0.000,0.000,0.000,0.000,0.000,0.000,0.000,0.000,0.000,0.000,0.000,3.672,0.000,0.000,0.000,0.461,0.000,0.000,0.000,0.000,0.000,0.000,0.000,6.116,0.000,0.000,0.000,0.000,0.000,0.000,0.000,0.000,0.000,0.000]
  Iter 27: LB=36.446264  UB=41.352567  gap=1.19e-01
  Cut: intercept=-1122.240773, π_x_range=[-832.2272, 590.1759]
  Mini-Benders[1] (mw): LB=36.455561, Z₀(α*)=35.238582, intercept=-31.314612 (0.261s) [OMP=0.227 ISP-L=0.004 ISP-F=0.012 MW-L=0.008 MW-F=0.012]
  Mini-Benders[2] (mw): LB=36.455561, Z₀(α*)=35.238582, intercept=-31.314612 (0.260s) [OMP=0.209 ISP-L=0.004 ISP-F=0.013 MW-L=0.008 MW-F=0.012]
  Mini-Benders[3] (mw): LB=36.455561, Z₀(α*)=35.238582, intercept=-31.314612 (0.245s) [OMP=0.212 ISP-L=0.004 ISP-F=0.012 MW-L=0.014 MW-F=0.012]
  Mini-Benders[4]: LB stagnated, break
  α-step: Z₀=43.737634, α=[0.000,0.000,0.000,0.000,0.000,0.000,0.000,0.000,0.000,0.000,0.000,0.000,0.000,0.000,0.000,0.000,0.000,0.000,0.000,0.000,0.000,0.000,0.000,0.000,7.197,0.000,0.000,0.000,2.258,0.000,0.000,0.000,0.000,0.000,0.000,0.794,0.000,0.000,0.000,0.000,0.000,0.000,0.000,0.000,0.000,0.000,0.000]
  Alt-Benders[1] (mw): LB=36.514990, Z₀(α*)=45.059249, intercept=-51.974952 (0.221s) [OMP=0.191 ISP-L=0.004 ISP-F=0.011 MW-L=0.007 MW-F=0.013]
  Alt-Benders[2] (mw): LB=36.667360, Z₀(α*)=39.828049, intercept=-29.759110 (0.244s) [OMP=0.205 ISP-L=0.004 ISP-F=0.011 MW-L=0.014 MW-F=0.011]
  Alt-Benders[3] (mw): LB=36.672743, Z₀(α*)=18.454960, intercept=-134.198724 (0.261s) [OMP=0.228 ISP-L=0.004 ISP-F=0.010 MW-L=0.007 MW-F=0.011]
  Alt-Benders[4] (mw): LB=36.672743, Z₀(α*)=18.454960, intercept=-134.198724 (0.260s) [OMP=0.228 ISP-L=0.004 ISP-F=0.010 MW-L=0.007 MW-F=0.010]
  Alt-Benders[5] (mw): LB=36.672743, Z₀(α*)=18.454960, intercept=-134.198724 (0.276s) [OMP=0.232 ISP-L=0.004 ISP-F=0.010 MW-L=0.007 MW-F=0.017]
  OMP re-solve: 0.227s

=== True-DRO Benders iter 28 ===
  OMP: t₀=36.672743, UB=41.352567, gap=1.13e-01, x=[0, 0, 0, 0, 0, 0, 0, 0, 0, 0, 0, 0, 0, 0, 0, 0, 0, 0, 0, 0, 0, 0, 0, 0, 0, 0, 0, 1, 0, 1, 0, 0, 0, 0, 0, 0, 0, 0, 0, 0, 0, 0, 0, 0, 0, 0, 0] (0.000s)
  Sub: Z₀=37.794678 [LOCAL] (0.2s), α=[0.000,0.000,0.000,0.000,0.000,0.000,0.000,0.000,0.000,0.000,0.000,0.000,0.000,0.000,0.000,0.000,0.000,0.000,0.000,0.000,0.000,0.000,0.000,0.000,0.000,0.000,0.000,0.890,6.968,0.000,0.000,0.000,0.000,0.000,0.000,0.410,1.981,0.000,0.000,0.000,0.000,0.000,0.000,0.000,0.000,0.000,0.000]
  Iter 28: LB=36.672743  UB=41.352567  gap=1.13e-01
  Cut: intercept=-1128.227372, π_x_range=[-831.5820, 593.7310]
  Mini-Benders[1] (mw): LB=36.948332, Z₀(α*)=25.996735, intercept=19.676284 (0.261s) [OMP=0.213 ISP-L=0.004 ISP-F=0.011 MW-L=0.008 MW-F=0.012]
  Mini-Benders[2] (mw): LB=36.948332, Z₀(α*)=25.996735, intercept=19.676284 (0.244s) [OMP=0.208 ISP-L=0.004 ISP-F=0.011 MW-L=0.007 MW-F=0.017]
  Mini-Benders[3] (mw): LB=36.948332, Z₀(α*)=25.996735, intercept=19.676284 (0.261s) [OMP=0.217 ISP-L=0.004 ISP-F=0.012 MW-L=0.007 MW-F=0.012]
  Mini-Benders[4]: LB stagnated, break
  α-step: Z₀=47.620047, α=[0.000,0.000,0.000,0.000,0.000,0.000,0.000,0.000,0.000,0.000,0.000,0.000,0.000,0.000,0.000,0.000,0.000,0.000,0.000,0.000,0.000,0.000,0.000,0.000,3.548,0.000,0.000,0.000,2.089,0.000,0.000,1.652,0.000,0.000,1.358,0.705,0.898,0.000,0.000,0.000,0.000,0.000,0.000,0.000,0.000,0.000,0.000]
  Alt-Benders[1] (mw): LB=37.078554, Z₀(α*)=42.298477, intercept=26.579345 (0.279s) [OMP=0.249 ISP-L=0.004 ISP-F=0.010 MW-L=0.008 MW-F=0.018]
  Alt-Benders[2] (mw): LB=37.145807, Z₀(α*)=8.139402, intercept=-199.251196 (0.323s) [OMP=0.279 ISP-L=0.004 ISP-F=0.010 MW-L=0.007 MW-F=0.013]
  Alt-Benders[3] (mw): LB=37.145807, Z₀(α*)=8.139402, intercept=-199.251196 (0.260s) [OMP=0.229 ISP-L=0.004 ISP-F=0.010 MW-L=0.007 MW-F=0.013]
  Alt-Benders[4] (mw): LB=37.145807, Z₀(α*)=8.139402, intercept=-199.251196 (0.260s) [OMP=0.223 ISP-L=0.004 ISP-F=0.010 MW-L=0.007 MW-F=0.013]
  Alt-Benders[5]: LB stagnated, break
  OMP re-solve: 0.000s

=== True-DRO Benders iter 29 ===
  OMP: t₀=37.145807, UB=41.352567, gap=1.02e-01, x=[0, 0, 0, 0, 0, 0, 0, 0, 0, 0, 1, 0, 0, 0, 0, 0, 0, 0, 0, 0, 0, 0, 1, 0, 0, 0, 0, 0, 0, 0, 0, 0, 0, 0, 0, 0, 0, 0, 0, 0, 0, 0, 0, 0, 0, 0, 0] (0.000s)
  Sub: Z₀=40.622625 [LOCAL] (0.2s), α=[0.000,0.000,0.000,0.000,0.000,0.000,0.000,0.000,0.000,0.000,0.000,0.000,0.000,0.000,0.000,0.000,0.000,0.000,0.000,0.000,0.000,0.000,5.204,0.000,0.000,0.000,0.000,0.000,5.046,0.000,0.000,0.000,0.000,0.000,0.000,0.000,0.000,0.000,0.000,0.000,0.000,0.000,0.000,0.000,0.000,0.000,0.000]
  Iter 29: LB=37.145807  UB=41.352567  gap=1.02e-01
  Cut: intercept=-1109.639656, π_x_range=[-821.5938, 597.9960]
  Mini-Benders[1] (mw): LB=37.185779, Z₀(α*)=33.166041, intercept=-79.683053 (0.245s) [OMP=0.198 ISP-L=0.004 ISP-F=0.012 MW-L=0.008 MW-F=0.012]
  Mini-Benders[2] (mw): LB=37.185779, Z₀(α*)=33.166041, intercept=-79.683053 (0.260s) [OMP=0.231 ISP-L=0.004 ISP-F=0.012 MW-L=0.007 MW-F=0.012]
  Mini-Benders[3] (mw): LB=37.185779, Z₀(α*)=33.166041, intercept=-79.683053 (0.276s) [OMP=0.236 ISP-L=0.004 ISP-F=0.012 MW-L=0.014 MW-F=0.012]
  Mini-Benders[4]: LB stagnated, break
  α-step: Z₀=36.899946, α=[0.000,0.000,0.000,0.000,0.000,0.000,0.000,0.000,0.000,0.000,0.000,0.000,0.000,0.000,0.000,0.000,0.000,0.000,0.000,0.000,0.000,0.000,0.000,0.000,1.121,0.936,0.000,0.000,5.071,0.000,0.000,1.652,0.000,0.000,0.000,0.000,1.470,0.000,0.000,0.000,0.000,0.000,0.000,0.000,0.000,0.000,0.000]
  Alt-Benders[1] (mw): LB=37.185779, Z₀(α*)=36.899946, intercept=-67.989809 (0.260s) [OMP=0.241 ISP-L=0.004 ISP-F=0.010 MW-L=0.007 MW-F=0.011]
  Alt-Benders[2] (mw): LB=37.185779, Z₀(α*)=36.899946, intercept=-67.989809 (0.291s) [OMP=0.247 ISP-L=0.004 ISP-F=0.010 MW-L=0.013 MW-F=0.011]
  Alt-Benders[3] (mw): LB=37.185779, Z₀(α*)=36.899946, intercept=-67.989809 (0.292s) [OMP=0.251 ISP-L=0.004 ISP-F=0.010 MW-L=0.007 MW-F=0.011]
  Alt-Benders[4]: LB stagnated, break
  OMP re-solve: 0.000s

=== True-DRO Benders iter 30 ===
  OMP: t₀=37.185779, UB=41.352567, gap=1.01e-01, x=[0, 0, 0, 0, 0, 0, 0, 0, 0, 0, 0, 0, 0, 0, 0, 0, 0, 0, 0, 0, 0, 0, 0, 1, 0, 0, 0, 1, 0, 0, 0, 0, 0, 0, 0, 0, 0, 0, 0, 0, 0, 0, 0, 0, 0, 0, 0] (0.000s)
  Sub: Z₀=40.608158 (0.3s), α=[0.000,0.000,0.000,0.000,0.000,0.000,0.000,0.000,0.000,0.000,0.000,0.000,0.000,0.000,0.000,0.000,0.000,0.000,0.000,0.000,0.000,0.000,0.000,0.000,0.000,0.000,0.000,1.118,3.953,0.000,0.000,0.000,0.000,0.000,0.000,1.455,3.723,0.000,0.000,0.000,0.000,0.000,0.000,0.000,0.000,0.000,0.000]
  Iter 30: LB=37.185779  UB=40.608158  gap=8.43e-02
  Cut: intercept=-108.139424, π_x_range=[-298.0000, 104.2211]
  Sherali-Cut: intercept=-11.700408, π_x_range=[-152.6359, 29.2822]
  Mini-Benders[1] (mw): LB=37.198994, Z₀(α*)=35.554846, intercept=-40.460246 (0.278s) [OMP=0.238 ISP-L=0.004 ISP-F=0.012 MW-L=0.007 MW-F=0.012]
  Mini-Benders[2] (mw): LB=37.198994, Z₀(α*)=35.554846, intercept=-40.460246 (0.260s) [OMP=0.228 ISP-L=0.004 ISP-F=0.011 MW-L=0.007 MW-F=0.012]
  Mini-Benders[3] (mw): LB=37.198994, Z₀(α*)=35.554846, intercept=-40.460246 (0.276s) [OMP=0.224 ISP-L=0.004 ISP-F=0.011 MW-L=0.013 MW-F=0.011]
  Mini-Benders[4]: LB stagnated, break
  α-step: Z₀=40.989323, α=[0.000,0.000,0.000,0.000,0.000,0.000,0.000,0.000,0.000,0.000,0.000,0.000,0.000,0.000,0.000,0.000,0.000,0.000,0.000,0.000,0.000,0.000,0.000,0.000,4.348,0.000,0.000,0.000,2.744,0.000,0.000,0.000,0.000,0.000,0.000,0.000,3.157,0.000,0.000,0.000,0.000,0.000,0.000,0.000,0.000,0.000,0.000]
  Alt-Benders[1] (mw): LB=37.208193, Z₀(α*)=41.704310, intercept=13.680849 (0.282s) [OMP=0.251 ISP-L=0.004 ISP-F=0.011 MW-L=0.007 MW-F=0.011]
  Alt-Benders[2] (mw): LB=37.238862, Z₀(α*)=41.888386, intercept=-11.250268 (0.292s) [OMP=0.247 ISP-L=0.004 ISP-F=0.011 MW-L=0.014 MW-F=0.013]
  Alt-Benders[3] (mw): LB=37.308891, Z₀(α*)=36.344684, intercept=-71.581011 (0.307s) [OMP=0.256 ISP-L=0.004 ISP-F=0.009 MW-L=0.007 MW-F=0.027]
  Alt-Benders[4] (mw): LB=37.308891, Z₀(α*)=36.344684, intercept=-71.581011 (0.291s) [OMP=0.250 ISP-L=0.004 ISP-F=0.009 MW-L=0.007 MW-F=0.027]
  Alt-Benders[5] (mw): LB=37.308891, Z₀(α*)=36.344684, intercept=-71.581011 (0.323s) [OMP=0.264 ISP-L=0.004 ISP-F=0.009 MW-L=0.013 MW-F=0.027]
  OMP re-solve: 0.257s

=== True-DRO Benders iter 31 ===
  OMP: t₀=37.308891, UB=40.608158, gap=8.12e-02, x=[0, 0, 0, 0, 0, 0, 0, 0, 0, 0, 0, 0, 0, 0, 0, 0, 0, 0, 0, 0, 0, 0, 1, 0, 0, 0, 0, 1, 0, 0, 0, 0, 0, 0, 0, 0, 0, 0, 0, 0, 0, 0, 0, 0, 0, 0, 0] (0.000s)
  Sub: Z₀=37.154295 [LOCAL] (0.3s), α=[0.000,0.000,0.000,0.000,0.000,0.000,0.000,0.000,0.000,0.000,0.000,0.000,0.000,0.000,0.000,0.000,0.000,0.000,0.000,0.000,0.000,0.000,0.000,0.000,2.929,0.000,0.000,1.827,4.803,0.000,0.000,0.000,0.000,0.000,0.000,0.081,0.609,0.000,0.000,0.000,0.000,0.000,0.000,0.000,0.000,0.000,0.000]
  Iter 31: LB=37.308891  UB=40.608158  gap=8.12e-02
  Cut: intercept=-1117.315877, π_x_range=[-827.9960, 581.7753]
  Mini-Benders[1] (mw): LB=37.308891, Z₀(α*)=37.763348, intercept=-71.319502 (0.292s) [OMP=0.248 ISP-L=0.004 ISP-F=0.011 MW-L=0.007 MW-F=0.017]
  Mini-Benders[2] (mw): LB=37.333807, Z₀(α*)=29.755454, intercept=-28.793821 (0.276s) [OMP=0.245 ISP-L=0.004 ISP-F=0.011 MW-L=0.009 MW-F=0.020]
  Mini-Benders[3] (mw): LB=37.333807, Z₀(α*)=29.755454, intercept=-28.793821 (0.260s) [OMP=0.219 ISP-L=0.004 ISP-F=0.011 MW-L=0.009 MW-F=0.013]
  Mini-Benders[4] (mw): LB=37.333807, Z₀(α*)=29.755454, intercept=-28.793821 (0.260s) [OMP=0.220 ISP-L=0.004 ISP-F=0.011 MW-L=0.009 MW-F=0.013]
  Mini-Benders[5]: LB stagnated, break
  α-step: Z₀=40.820116, α=[0.000,0.000,0.000,0.000,0.000,0.000,0.000,0.000,0.000,0.000,0.000,0.000,0.000,0.000,0.000,0.000,0.000,0.000,0.000,0.000,0.000,0.000,0.000,0.000,7.197,0.000,0.000,0.000,3.052,0.000,0.000,0.000,0.000,0.000,0.000,0.000,0.000,0.000,0.000,0.000,0.000,0.000,0.000,0.000,0.000,0.000,0.000]
  Alt-Benders[1] (mw): LB=37.526522, Z₀(α*)=39.993166, intercept=24.707593 (0.263s) [OMP=0.233 ISP-L=0.004 ISP-F=0.012 MW-L=0.008 MW-F=0.011]
  Alt-Benders[2] (mw): LB=37.761503, Z₀(α*)=38.244826, intercept=-76.446256 (0.276s) [OMP=0.245 ISP-L=0.004 ISP-F=0.010 MW-L=0.006 MW-F=0.011]
  Alt-Benders[3] (mw): LB=37.763345, Z₀(α*)=32.675857, intercept=-106.840119 (0.291s) [OMP=0.253 ISP-L=0.004 ISP-F=0.009 MW-L=0.007 MW-F=0.019]
  Alt-Benders[4] (mw): LB=37.763345, Z₀(α*)=32.675857, intercept=-106.840119 (0.292s) [OMP=0.256 ISP-L=0.004 ISP-F=0.009 MW-L=0.007 MW-F=0.012]
  Alt-Benders[5] (mw): LB=37.763345, Z₀(α*)=32.675857, intercept=-106.840119 (0.292s) [OMP=0.255 ISP-L=0.004 ISP-F=0.009 MW-L=0.007 MW-F=0.012]
  OMP re-solve: 0.255s

=== True-DRO Benders iter 32 ===
  OMP: t₀=37.763345, UB=40.608158, gap=7.01e-02, x=[0, 0, 0, 0, 0, 0, 0, 0, 0, 0, 0, 0, 0, 0, 0, 0, 0, 0, 0, 0, 0, 0, 0, 0, 0, 0, 0, 1, 0, 0, 0, 0, 1, 0, 0, 0, 0, 0, 0, 0, 0, 0, 0, 0, 0, 0, 0] (0.000s)
  Sub: Z₀=37.763345 [LOCAL] (0.2s), α=[0.000,0.000,0.000,0.000,0.000,0.000,0.000,0.000,0.000,0.000,0.000,0.000,0.000,0.000,0.000,0.000,0.000,0.000,0.000,0.000,0.000,0.000,0.000,0.000,0.000,0.000,0.000,0.000,10.249,0.000,0.000,0.000,0.000,0.000,0.000,0.000,0.000,0.000,0.000,0.000,0.000,0.000,0.000,0.000,0.000,0.000,0.000]
  Iter 32: LB=37.763345  UB=40.608158  gap=7.01e-02
  Cut: intercept=-1093.903800, π_x_range=[-824.6761, 568.4609]
  Mini-Benders[1] (mw): LB=37.763345, Z₀(α*)=37.763348, intercept=-100.479081 (0.291s) [OMP=0.246 ISP-L=0.004 ISP-F=0.011 MW-L=0.014 MW-F=0.014]
  Mini-Benders[2] (mw): LB=37.763346, Z₀(α*)=37.763348, intercept=-100.479081 (0.276s) [OMP=0.239 ISP-L=0.004 ISP-F=0.010 MW-L=0.007 MW-F=0.013]
  Mini-Benders[3]: LB stagnated, break
  α-step: Z₀=37.763348, α=[0.000,0.000,0.000,0.000,0.000,0.000,0.000,0.000,0.000,0.000,0.000,0.000,0.000,0.000,0.000,0.000,0.000,0.000,0.000,0.000,0.000,0.000,0.000,0.000,0.000,0.000,0.000,0.000,10.198,0.000,0.000,0.000,0.000,0.000,0.000,0.000,0.051,0.000,0.000,0.000,0.000,0.000,0.000,0.000,0.000,0.000,0.000]
  Alt-Benders[1] (mw): LB=37.763346, Z₀(α*)=35.655641, intercept=-92.097367 (0.277s) [OMP=0.238 ISP-L=0.004 ISP-F=0.009 MW-L=0.013 MW-F=0.012]
  Alt-Benders[2] (mw): LB=37.763346, Z₀(α*)=35.655641, intercept=-92.097367 (0.260s) [OMP=0.234 ISP-L=0.004 ISP-F=0.010 MW-L=0.007 MW-F=0.012]
  Alt-Benders[3]: LB stagnated, break
  OMP re-solve: 0.000s

=== True-DRO Benders iter 33 ===
  OMP: t₀=37.763346, UB=40.608158, gap=7.01e-02, x=[0, 0, 0, 0, 0, 0, 0, 0, 0, 0, 0, 0, 0, 0, 0, 0, 0, 0, 0, 0, 0, 0, 1, 0, 0, 0, 0, 1, 0, 0, 0, 0, 0, 0, 0, 0, 0, 0, 0, 0, 0, 0, 0, 0, 0, 0, 0] (0.000s)
  Sub: Z₀=37.154295 [LOCAL] (0.3s), α=[0.000,0.000,0.000,0.000,0.000,0.000,0.000,0.000,0.000,0.000,0.000,0.000,0.000,0.000,0.000,0.000,0.000,0.000,0.000,0.000,0.000,0.000,0.000,0.000,2.929,0.000,0.000,1.827,4.803,0.000,0.000,0.000,0.000,0.000,0.000,0.081,0.609,0.000,0.000,0.000,0.000,0.000,0.000,0.000,0.000,0.000,0.000]
  Iter 33: LB=37.763346  UB=40.608158  gap=7.01e-02
  Cut: intercept=-1117.315877, π_x_range=[-827.9960, 581.7753]
  Mini-Benders[1] (mw): LB=37.763346, Z₀(α*)=37.763348, intercept=-71.319502 (0.276s) [OMP=0.236 ISP-L=0.004 ISP-F=0.011 MW-L=0.013 MW-F=0.017]
  Mini-Benders[2] (mw): LB=37.763346, Z₀(α*)=37.763348, intercept=-71.319502 (0.291s) [OMP=0.243 ISP-L=0.004 ISP-F=0.011 MW-L=0.007 MW-F=0.017]
  Mini-Benders[3]: LB stagnated, break
  α-step: Z₀=37.763348, α=[0.000,0.000,0.000,0.000,0.000,0.000,0.000,0.000,0.000,0.000,0.000,0.000,0.000,0.000,0.000,0.000,0.000,0.000,0.000,0.000,0.000,0.000,0.000,0.000,2.929,0.000,0.000,1.391,5.239,0.000,0.000,0.000,0.000,0.000,0.000,0.000,0.690,0.000,0.000,0.000,0.000,0.000,0.000,0.000,0.000,0.000,0.000]
  Alt-Benders[1] (mw): LB=37.763346, Z₀(α*)=33.758783, intercept=-87.055906 (0.284s) [OMP=0.247 ISP-L=0.004 ISP-F=0.011 MW-L=0.013 MW-F=0.011]
  Alt-Benders[2] (mw): LB=37.763346, Z₀(α*)=33.758783, intercept=-87.055906 (0.261s) [OMP=0.237 ISP-L=0.004 ISP-F=0.011 MW-L=0.007 MW-F=0.011]
  Alt-Benders[3]: LB stagnated, break
  OMP re-solve: 0.000s

=== True-DRO Benders iter 34 ===
  OMP: t₀=37.763346, UB=40.608158, gap=7.01e-02, x=[0, 0, 0, 0, 0, 0, 0, 0, 0, 0, 0, 0, 0, 0, 0, 0, 0, 0, 0, 0, 0, 0, 0, 0, 0, 0, 0, 1, 0, 0, 0, 0, 1, 0, 0, 0, 0, 0, 0, 0, 0, 0, 0, 0, 0, 0, 0] (0.000s)
  Sub: Z₀=37.763345 [LOCAL] (0.2s), α=[0.000,0.000,0.000,0.000,0.000,0.000,0.000,0.000,0.000,0.000,0.000,0.000,0.000,0.000,0.000,0.000,0.000,0.000,0.000,0.000,0.000,0.000,0.000,0.000,0.000,0.000,0.000,0.000,10.249,0.000,0.000,0.000,0.000,0.000,0.000,0.000,0.000,0.000,0.000,0.000,0.000,0.000,0.000,0.000,0.000,0.000,0.000]
  Iter 34: LB=37.763346  UB=40.608158  gap=7.01e-02
  Cut: intercept=-1093.903800, π_x_range=[-824.6761, 568.4609]
  Mini-Benders[1] (mw): LB=37.763346, Z₀(α*)=37.763348, intercept=-100.479081 (0.260s) [OMP=0.226 ISP-L=0.004 ISP-F=0.011 MW-L=0.007 MW-F=0.020]
  Mini-Benders[2] (mw): LB=37.763346, Z₀(α*)=37.763348, intercept=-100.479081 (0.276s) [OMP=0.233 ISP-L=0.004 ISP-F=0.010 MW-L=0.007 MW-F=0.014]
  Mini-Benders[3]: LB stagnated, break
  α-step: Z₀=37.763348, α=[0.000,0.000,0.000,0.000,0.000,0.000,0.000,0.000,0.000,0.000,0.000,0.000,0.000,0.000,0.000,0.000,0.000,0.000,0.000,0.000,0.000,0.000,0.000,0.000,0.000,0.000,0.000,0.000,10.198,0.000,0.000,0.000,0.000,0.000,0.000,0.000,0.051,0.000,0.000,0.000,0.000,0.000,0.000,0.000,0.000,0.000,0.000]
  Alt-Benders[1] (mw): LB=37.763346, Z₀(α*)=37.763348, intercept=-98.240577 (0.267s) [OMP=0.237 ISP-L=0.004 ISP-F=0.010 MW-L=0.007 MW-F=0.018]
  Alt-Benders[2] (mw): LB=37.763346, Z₀(α*)=37.763348, intercept=-98.240577 (0.276s) [OMP=0.236 ISP-L=0.004 ISP-F=0.009 MW-L=0.007 MW-F=0.012]
  Alt-Benders[3]: LB stagnated, break
  OMP re-solve: 0.000s

=== True-DRO Benders iter 35 ===
  OMP: t₀=37.763346, UB=40.608158, gap=7.01e-02, x=[0, 0, 0, 0, 0, 0, 0, 0, 0, 0, 0, 0, 0, 0, 0, 0, 0, 0, 0, 0, 0, 0, 0, 0, 0, 0, 0, 1, 0, 0, 0, 0, 1, 0, 0, 0, 0, 0, 0, 0, 0, 0, 0, 0, 0, 0, 0] (0.000s)
  Sub: Z₀=37.763348 (0.2s), α=[0.000,0.000,0.000,0.000,0.000,0.000,0.000,0.000,0.000,0.000,0.000,0.000,0.000,0.000,0.000,0.000,0.000,0.000,0.000,0.000,0.000,0.000,0.000,0.000,0.000,0.000,0.000,0.000,10.198,0.000,0.000,0.000,0.000,0.000,0.000,0.000,0.051,0.000,0.000,0.000,0.000,0.000,0.000,0.000,0.000,0.000,0.000]
  Iter 35: LB=37.763346  UB=37.763348  gap=5.23e-08
True-DRO Benders converged at iter 35 (gap=5.23e-08)
  Wall time: 114.18 sec
  OMP  time: mean=0.164s, median=0.184s, max=0.279s
  Sub  time (exact): mean=0.315s, median=0.320s, q90=0.388s, max=0.467s (n=7/35)

Result (double): Z₀=37.763348, iters=35, time=114.3s
x arcs = [28, 33]
