============================================================
polska — single_l: ε̂=0.50, ε̃=0.00, β=0.70
============================================================
Set parameter Username
Set parameter LicenseID to value 2742039
Academic license - for non-commercial use only - expires 2026-11-20
Set parameter Username
Set parameter LicenseID to value 2742039
Academic license - for non-commercial use only - expires 2026-11-20
Set parameter OutputFlag to value 1
Set parameter LogFile to value "global_miqcp.log"
Set parameter Username
Set parameter LicenseID to value 2742039
Academic license - for non-commercial use only - expires 2026-11-20
Set parameter Username
Set parameter LicenseID to value 2742039
Academic license - for non-commercial use only - expires 2026-11-20
Set parameter Username
Set parameter LicenseID to value 2742039
Academic license - for non-commercial use only - expires 2026-11-20
Set parameter Username
Set parameter LicenseID to value 2742039
Academic license - for non-commercial use only - expires 2026-11-20

=== True-DRO Benders iter 1 ===
  OMP: t₀=6.268929, UB=Inf, gap=NaN, x=[0, 0, 0, 0, 0, 0, 0, 0, 0, 0, 0, 0, 1, 0, 0, 0, 0, 0, 0, 0, 0, 0, 0, 0, 0, 0, 0, 0, 0, 0, 0, 0, 0, 1, 0, 0] (0.013s)
  Sub: Z₀=17.078195 [LOCAL] (0.1s), α=[0.000,0.000,0.000,0.000,0.000,0.000,0.000,0.000,0.000,0.000,0.000,0.000,1.659,0.150,0.000,0.000,0.000,0.000,0.000,0.000,0.000,0.000,0.000,0.000,0.000,0.000,0.000,0.000,0.000,0.000,0.000,0.000,0.000,8.136,0.000,0.000]
  Iter 1: LB=6.268929  UB=Inf  gap=NaN
  Cut: intercept=-1159.182190, π_x_range=[-819.6735, 592.4029]
  Mini-Benders[1] (mw): LB=9.544851, Z₀(α*)=10.564071, intercept=-53.980911 (0.069s) [OMP=0.033 ISP-L=0.006 ISP-F=0.015 MW-L=0.005 MW-F=0.006]
  Mini-Benders[2] (mw): LB=9.735199, Z₀(α*)=-51.967451, intercept=-162.209073 (0.091s) [OMP=0.058 ISP-L=0.003 ISP-F=0.008 MW-L=0.018 MW-F=0.007]
  Mini-Benders[3] (mw): LB=9.735199, Z₀(α*)=-51.967451, intercept=-162.209073 (0.089s) [OMP=0.060 ISP-L=0.003 ISP-F=0.008 MW-L=0.006 MW-F=0.007]
  Mini-Benders[4] (mw): LB=9.735199, Z₀(α*)=-51.967451, intercept=-162.209073 (0.086s) [OMP=0.058 ISP-L=0.003 ISP-F=0.008 MW-L=0.006 MW-F=0.007]
  Mini-Benders[5]: LB stagnated, break
Set parameter NonConvex to value 2
Set parameter DualReductions to value 0
  α-step: Z₀=16.448586, α=[0.000,0.000,0.000,0.000,0.000,8.708,0.000,0.000,0.000,0.000,0.000,0.000,0.000,1.236,0.000,0.000,0.000,0.000,0.000,0.000,0.000,0.000,0.000,0.000,0.000,0.000,0.000,0.000,0.000,0.000,0.000,0.000,0.000,0.000,0.000,0.000]
  Alt-Benders[1] (mw): LB=10.564068, Z₀(α*)=-58.687243, intercept=-68.628869 (0.098s) [OMP=0.082 ISP-L=0.004 ISP-F=0.009 MW-L=0.007 MW-F=0.007]
  Alt-Benders[2] (mw): LB=10.564068, Z₀(α*)=-58.687243, intercept=-68.628869 (0.122s) [OMP=0.081 ISP-L=0.004 ISP-F=0.009 MW-L=0.018 MW-F=0.007]
  Alt-Benders[3] (mw): LB=10.564068, Z₀(α*)=-58.687243, intercept=-68.628869 (0.120s) [OMP=0.082 ISP-L=0.004 ISP-F=0.009 MW-L=0.007 MW-F=0.007]
  Alt-Benders[4]: LB stagnated, break
  OMP re-solve: 0.000s

=== True-DRO Benders iter 2 ===
  OMP: t₀=10.564068, UB=Inf, gap=NaN, x=[0, 0, 0, 0, 0, 0, 0, 0, 0, 0, 0, 0, 1, 0, 0, 0, 0, 0, 0, 0, 0, 0, 0, 0, 0, 0, 0, 0, 0, 0, 0, 0, 1, 0, 0, 0] (0.000s)
  Sub: Z₀=19.892596 [LOCAL] (0.1s), α=[0.000,0.000,1.860,0.000,0.000,0.000,0.000,0.000,0.000,0.000,0.000,0.000,0.000,0.000,0.000,0.000,0.000,0.000,0.000,0.000,0.000,0.000,0.000,0.000,0.000,0.000,0.000,0.000,0.000,0.000,0.000,0.000,0.003,8.082,0.000,0.000]
  Iter 2: LB=10.564068  UB=Inf  gap=NaN
  Cut: intercept=-1127.152172, π_x_range=[-822.3505, 583.8441]
  Mini-Benders[1] (mw): LB=10.950919, Z₀(α*)=21.502419, intercept=-66.036658 (0.106s) [OMP=0.088 ISP-L=0.003 ISP-F=0.009 MW-L=0.005 MW-F=0.006]
  Mini-Benders[2] (mw): LB=11.035939, Z₀(α*)=21.029977, intercept=-33.215961 (0.118s) [OMP=0.080 ISP-L=0.003 ISP-F=0.009 MW-L=0.006 MW-F=0.007]
  Mini-Benders[3] (mw): LB=11.592142, Z₀(α*)=8.423873, intercept=-73.733398 (0.124s) [OMP=0.101 ISP-L=0.003 ISP-F=0.009 MW-L=0.016 MW-F=0.007]
  Mini-Benders[4] (mw): LB=11.592142, Z₀(α*)=8.423873, intercept=-73.733398 (0.137s) [OMP=0.108 ISP-L=0.003 ISP-F=0.009 MW-L=0.007 MW-F=0.007]
  Mini-Benders[5] (mw): LB=11.592142, Z₀(α*)=8.423873, intercept=-73.733398 (0.138s) [OMP=0.108 ISP-L=0.003 ISP-F=0.009 MW-L=0.007 MW-F=0.007]
  α-step: Z₀=16.448586, α=[0.000,0.000,0.000,0.000,0.000,2.309,0.000,0.000,0.000,0.000,0.000,0.000,0.000,0.914,0.000,0.000,0.000,0.000,0.000,0.000,0.000,0.000,0.000,0.000,0.000,0.000,0.000,0.000,0.000,0.195,0.566,0.000,0.322,5.639,0.000,0.000]
  Alt-Benders[1] (mw): LB=11.656086, Z₀(α*)=8.678351, intercept=-56.261430 (0.135s) [OMP=0.110 ISP-L=0.003 ISP-F=0.010 MW-L=0.005 MW-F=0.007]
  Alt-Benders[2] (mw): LB=11.656086, Z₀(α*)=8.678351, intercept=-56.261430 (0.135s) [OMP=0.094 ISP-L=0.003 ISP-F=0.010 MW-L=0.012 MW-F=0.007]
  Alt-Benders[3] (mw): LB=11.656086, Z₀(α*)=8.678351, intercept=-56.261430 (0.122s) [OMP=0.096 ISP-L=0.003 ISP-F=0.010 MW-L=0.005 MW-F=0.007]
  Alt-Benders[4]: LB stagnated, break
  OMP re-solve: 0.000s

=== True-DRO Benders iter 3 ===
  OMP: t₀=11.656086, UB=Inf, gap=NaN, x=[0, 0, 0, 0, 0, 0, 0, 0, 0, 0, 0, 0, 0, 0, 0, 0, 0, 0, 0, 0, 0, 0, 1, 0, 0, 0, 0, 0, 0, 0, 0, 0, 0, 1, 0, 0] (0.000s)
  Sub: Z₀=20.621459 [LOCAL] (0.1s), α=[0.000,0.000,1.217,0.000,0.000,0.000,0.000,0.000,0.000,0.000,0.000,0.000,0.000,0.000,0.000,0.000,0.000,0.000,0.000,0.000,0.000,0.000,0.000,0.000,0.000,0.000,0.000,0.000,0.000,0.000,0.000,0.000,1.132,7.596,0.000,0.000]
  Iter 3: LB=11.656086  UB=Inf  gap=NaN
  Cut: intercept=-1109.683679, π_x_range=[-823.3691, 575.4702]
  Mini-Benders[1] (mw): LB=11.763232, Z₀(α*)=1.291099, intercept=-83.084600 (0.122s) [OMP=0.095 ISP-L=0.004 ISP-F=0.009 MW-L=0.007 MW-F=0.008]
  Mini-Benders[2] (mw): LB=11.763232, Z₀(α*)=1.291099, intercept=-83.084600 (0.106s) [OMP=0.081 ISP-L=0.004 ISP-F=0.009 MW-L=0.007 MW-F=0.008]
  Mini-Benders[3] (mw): LB=11.763232, Z₀(α*)=1.291099, intercept=-83.084600 (0.122s) [OMP=0.079 ISP-L=0.004 ISP-F=0.009 MW-L=0.007 MW-F=0.015]
  Mini-Benders[4]: LB stagnated, break
  α-step: Z₀=16.390857, α=[0.000,0.000,0.000,0.000,0.000,3.202,0.000,0.000,0.000,0.000,0.000,0.000,0.000,0.700,0.000,0.000,0.000,0.220,0.000,0.000,0.000,0.000,0.000,0.000,0.000,0.000,0.000,0.000,0.000,0.000,0.000,0.000,5.251,0.572,0.000,0.000]
  Alt-Benders[1] (mw): LB=11.781872, Z₀(α*)=-9.164929, intercept=-107.546820 (0.113s) [OMP=0.088 ISP-L=0.003 ISP-F=0.009 MW-L=0.005 MW-F=0.007]
  Alt-Benders[2] (mw): LB=11.781872, Z₀(α*)=-9.164929, intercept=-107.546820 (0.126s) [OMP=0.107 ISP-L=0.003 ISP-F=0.009 MW-L=0.005 MW-F=0.007]
  Alt-Benders[3] (mw): LB=11.781872, Z₀(α*)=-9.164929, intercept=-107.546820 (0.136s) [OMP=0.105 ISP-L=0.003 ISP-F=0.009 MW-L=0.005 MW-F=0.007]
  Alt-Benders[4]: LB stagnated, break
  OMP re-solve: 0.000s

=== True-DRO Benders iter 4 ===
  OMP: t₀=11.781872, UB=Inf, gap=NaN, x=[0, 0, 0, 0, 0, 0, 0, 0, 0, 0, 0, 0, 0, 0, 0, 0, 0, 0, 0, 0, 0, 0, 0, 0, 1, 0, 0, 0, 0, 0, 0, 0, 0, 1, 0, 0] (0.000s)
  Sub: Z₀=20.548084 [LOCAL] (0.1s), α=[0.000,0.000,0.000,0.000,0.000,0.000,0.012,0.000,0.000,0.000,0.000,0.000,0.000,0.000,0.000,0.000,0.000,3.314,0.000,0.000,0.000,0.000,0.000,0.000,0.279,0.000,0.000,0.000,0.000,0.000,0.000,0.000,0.000,6.340,0.000,0.000]
  Iter 4: LB=11.781872  UB=Inf  gap=NaN
  Cut: intercept=-1122.789234, π_x_range=[-820.7693, 583.1384]
  Mini-Benders[1] (mw): LB=11.781872, Z₀(α*)=13.726986, intercept=-19.043076 (0.122s) [OMP=0.091 ISP-L=0.003 ISP-F=0.010 MW-L=0.006 MW-F=0.007]
  Mini-Benders[2] (mw): LB=11.781872, Z₀(α*)=2.858806, intercept=-42.700397 (0.122s) [OMP=0.096 ISP-L=0.003 ISP-F=0.010 MW-L=0.005 MW-F=0.006]
  Mini-Benders[3]: LB stagnated, break
  α-step: Z₀=22.326413, α=[0.000,0.000,4.204,0.000,0.000,0.000,0.000,0.000,0.000,0.000,0.000,0.000,0.000,0.000,0.000,0.000,0.000,0.000,0.000,0.000,0.000,0.000,0.000,0.000,0.000,0.000,0.000,0.000,0.000,0.000,0.000,0.000,0.079,5.662,0.000,0.000]
  Alt-Benders[1] (mw): LB=11.781872, Z₀(α*)=18.184697, intercept=-54.614703 (0.121s) [OMP=0.095 ISP-L=0.003 ISP-F=0.009 MW-L=0.005 MW-F=0.006]
  Alt-Benders[2] (mw): LB=11.781872, Z₀(α*)=9.570644, intercept=-38.847043 (0.122s) [OMP=0.092 ISP-L=0.003 ISP-F=0.009 MW-L=0.006 MW-F=0.014]
  Alt-Benders[3]: LB stagnated, break
  OMP re-solve: 0.000s

=== True-DRO Benders iter 5 ===
  OMP: t₀=11.781872, UB=Inf, gap=NaN, x=[0, 0, 0, 0, 0, 0, 0, 0, 0, 0, 0, 0, 0, 0, 0, 0, 0, 0, 0, 0, 0, 1, 0, 0, 0, 0, 0, 0, 0, 0, 0, 0, 0, 1, 0, 0] (0.000s)
  Sub: Z₀=22.336317 (0.1s), α=[0.000,0.000,1.208,0.000,0.000,0.000,0.000,0.000,0.000,0.000,0.000,0.000,0.000,0.000,0.000,0.000,0.000,0.008,0.000,0.000,0.000,0.000,0.000,0.000,0.000,0.000,0.000,0.000,0.000,0.000,0.000,0.000,1.197,7.531,0.000,0.000]
  Iter 5: LB=11.781872  UB=22.336317  gap=4.73e-01
  Cut: intercept=-57.436450, π_x_range=[-266.0000, 43.3858]
  Sherali-Cut: intercept=-37.163047, π_x_range=[-80.5364, 36.3870]
  Mini-Benders[1] (mw): LB=11.781872, Z₀(α*)=21.361045, intercept=-53.043980 (0.135s) [OMP=0.098 ISP-L=0.003 ISP-F=0.009 MW-L=0.005 MW-F=0.006]
  Mini-Benders[2] (mw): LB=11.781872, Z₀(α*)=-12.769336, intercept=-76.524591 (0.119s) [OMP=0.093 ISP-L=0.003 ISP-F=0.010 MW-L=0.005 MW-F=0.013]
  Mini-Benders[3]: LB stagnated, break
  α-step: Z₀=21.224589, α=[0.000,0.000,5.350,0.000,0.000,0.000,0.000,0.000,0.000,0.000,0.000,0.000,0.000,0.000,0.000,0.000,0.000,0.000,0.000,0.000,0.000,0.000,0.000,0.000,0.000,0.000,0.000,0.000,0.000,0.000,0.000,0.000,0.000,4.594,0.000,0.000]
  Alt-Benders[1] (mw): LB=11.781872, Z₀(α*)=8.367998, intercept=-31.322383 (0.131s) [OMP=0.111 ISP-L=0.004 ISP-F=0.010 MW-L=0.007 MW-F=0.008]
  Alt-Benders[2] (mw): LB=11.781872, Z₀(α*)=8.367998, intercept=-31.322383 (0.120s) [OMP=0.094 ISP-L=0.004 ISP-F=0.010 MW-L=0.006 MW-F=0.008]
  Alt-Benders[3]: LB stagnated, break
  OMP re-solve: 0.000s

=== True-DRO Benders iter 6 ===
  OMP: t₀=11.781872, UB=22.336317, gap=4.73e-01, x=[0, 0, 0, 0, 0, 0, 0, 0, 0, 0, 0, 0, 0, 0, 0, 0, 0, 0, 0, 0, 0, 0, 0, 0, 0, 0, 0, 1, 0, 0, 0, 0, 0, 1, 0, 0] (0.000s)
  Sub: Z₀=22.516510 [LOCAL] (0.1s), α=[0.000,0.000,2.920,0.000,0.000,0.000,0.000,0.000,0.000,0.000,0.000,0.000,0.000,0.000,0.000,0.000,0.000,0.000,0.000,0.000,0.000,0.000,0.000,0.000,0.000,0.000,0.000,0.000,0.000,0.000,0.000,0.000,0.000,7.025,0.000,0.000]
  Iter 6: LB=11.781872  UB=22.336317  gap=4.73e-01
  Cut: intercept=-1141.314046, π_x_range=[-824.5811, 582.2252]
  Mini-Benders[1] (mw): LB=11.781872, Z₀(α*)=21.875789, intercept=-57.814525 (0.121s) [OMP=0.102 ISP-L=0.003 ISP-F=0.008 MW-L=0.004 MW-F=0.014]
  Mini-Benders[2] (mw): LB=11.781872, Z₀(α*)=17.406490, intercept=-19.437121 (0.122s) [OMP=0.097 ISP-L=0.003 ISP-F=0.010 MW-L=0.005 MW-F=0.006]
  Mini-Benders[3]: LB stagnated, break
  α-step: Z₀=22.473497, α=[0.000,0.000,1.783,0.000,0.000,0.000,0.000,0.000,0.000,0.000,0.000,0.000,0.000,0.000,0.000,0.000,0.000,0.000,0.000,0.000,0.000,0.000,0.000,0.000,0.000,0.000,0.000,0.000,0.000,0.000,0.000,0.000,0.000,8.162,0.000,0.000]
  Alt-Benders[1] (mw): LB=11.908421, Z₀(α*)=3.848741, intercept=-71.990134 (0.120s) [OMP=0.098 ISP-L=0.003 ISP-F=0.011 MW-L=0.005 MW-F=0.007]
  Alt-Benders[2] (mw): LB=11.908421, Z₀(α*)=3.848741, intercept=-71.990134 (0.138s) [OMP=0.103 ISP-L=0.003 ISP-F=0.011 MW-L=0.005 MW-F=0.007]
  Alt-Benders[3] (mw): LB=11.908421, Z₀(α*)=3.848741, intercept=-71.990134 (0.135s) [OMP=0.104 ISP-L=0.003 ISP-F=0.011 MW-L=0.005 MW-F=0.014]
  Alt-Benders[4]: LB stagnated, break
  OMP re-solve: 0.000s

=== True-DRO Benders iter 7 ===
  OMP: t₀=11.908421, UB=22.336317, gap=4.67e-01, x=[0, 0, 0, 0, 0, 0, 0, 0, 0, 0, 0, 0, 0, 0, 0, 0, 0, 0, 0, 0, 0, 0, 1, 0, 0, 0, 0, 0, 0, 0, 0, 0, 1, 0, 0, 0] (0.000s)
  Sub: Z₀=21.314669 [LOCAL] (0.1s), α=[0.000,0.000,2.169,0.000,0.000,0.000,0.000,0.000,0.000,0.000,0.000,0.000,0.000,0.000,0.000,0.000,0.000,0.000,0.000,0.000,0.000,0.000,0.000,0.000,0.000,0.000,0.000,0.000,0.000,0.000,0.000,0.000,7.124,0.652,0.000,0.000]
  Iter 7: LB=11.908421  UB=22.336317  gap=4.67e-01
  Cut: intercept=-1120.445769, π_x_range=[-823.2080, 578.1663]
  Mini-Benders[1] (mw): LB=12.273291, Z₀(α*)=20.641352, intercept=-30.839058 (0.119s) [OMP=0.097 ISP-L=0.003 ISP-F=0.009 MW-L=0.006 MW-F=0.007]
  Mini-Benders[2] (mw): LB=12.381944, Z₀(α*)=-32.084015, intercept=-62.512694 (0.122s) [OMP=0.102 ISP-L=0.003 ISP-F=0.009 MW-L=0.005 MW-F=0.006]
  Mini-Benders[3] (mw): LB=12.381944, Z₀(α*)=-32.084015, intercept=-62.512694 (0.122s) [OMP=0.103 ISP-L=0.003 ISP-F=0.009 MW-L=0.005 MW-F=0.006]
  Mini-Benders[4] (mw): LB=12.381944, Z₀(α*)=-32.084015, intercept=-62.512694 (0.135s) [OMP=0.102 ISP-L=0.003 ISP-F=0.009 MW-L=0.005 MW-F=0.014]
  Mini-Benders[5]: LB stagnated, break
  α-step: Z₀=19.439016, α=[0.000,0.000,2.990,0.000,0.000,0.000,0.000,0.000,0.000,0.000,0.000,0.000,0.334,0.000,0.000,0.000,0.000,0.000,0.000,0.000,0.000,0.000,0.000,0.000,0.000,0.000,0.000,0.000,0.000,0.000,0.000,0.000,0.000,6.620,0.000,0.000]
  Alt-Benders[1] (mw): LB=12.494595, Z₀(α*)=19.727398, intercept=-23.680322 (0.120s) [OMP=0.107 ISP-L=0.003 ISP-F=0.010 MW-L=0.005 MW-F=0.006]
  Alt-Benders[2] (mw): LB=12.533151, Z₀(α*)=4.263748, intercept=-81.515727 (0.135s) [OMP=0.107 ISP-L=0.003 ISP-F=0.009 MW-L=0.006 MW-F=0.007]
  Alt-Benders[3] (mw): LB=12.533151, Z₀(α*)=4.263748, intercept=-81.515727 (0.135s) [OMP=0.102 ISP-L=0.003 ISP-F=0.009 MW-L=0.005 MW-F=0.006]
  Alt-Benders[4] (mw): LB=12.533151, Z₀(α*)=4.263748, intercept=-81.515727 (0.122s) [OMP=0.100 ISP-L=0.003 ISP-F=0.009 MW-L=0.005 MW-F=0.014]
  Alt-Benders[5]: LB stagnated, break
  OMP re-solve: 0.000s

=== True-DRO Benders iter 8 ===
  OMP: t₀=12.533151, UB=22.336317, gap=4.39e-01, x=[0, 0, 1, 0, 0, 0, 0, 0, 0, 0, 0, 0, 0, 0, 0, 0, 0, 0, 0, 0, 0, 0, 0, 0, 0, 0, 0, 0, 0, 0, 0, 0, 1, 0, 0, 0] (0.000s)
  Sub: Z₀=18.144441 [LOCAL] (0.1s), α=[0.000,0.000,6.382,0.000,0.000,0.000,0.000,0.000,0.000,0.000,0.000,0.000,0.000,0.000,0.000,0.000,0.000,0.000,0.000,0.000,0.000,0.000,0.000,0.000,0.000,0.000,0.000,0.000,0.000,0.000,0.000,0.000,3.252,0.310,0.000,0.000]
  Iter 8: LB=12.533151  UB=22.336317  gap=4.39e-01
  Cut: intercept=-1147.089765, π_x_range=[-822.7236, 587.6161]
  Mini-Benders[1] (mw): LB=12.533151, Z₀(α*)=-4.243780, intercept=-29.735049 (0.135s) [OMP=0.102 ISP-L=0.003 ISP-F=0.010 MW-L=0.008 MW-F=0.007]
  Mini-Benders[2] (mw): LB=12.533151, Z₀(α*)=-4.243780, intercept=-29.735049 (0.138s) [OMP=0.102 ISP-L=0.003 ISP-F=0.010 MW-L=0.008 MW-F=0.007]
  Mini-Benders[3]: LB stagnated, break
  α-step: Z₀=22.859542, α=[0.000,0.000,2.169,0.000,0.000,0.000,0.000,0.000,0.000,0.000,0.000,0.000,0.000,0.000,0.000,0.000,0.000,0.000,0.000,0.000,0.000,0.000,0.000,0.000,0.000,0.000,0.000,0.000,0.000,0.000,0.000,0.000,7.720,0.056,0.000,0.000]
  Alt-Benders[1] (mw): LB=12.533151, Z₀(α*)=6.634621, intercept=-81.338499 (0.128s) [OMP=0.103 ISP-L=0.003 ISP-F=0.011 MW-L=0.006 MW-F=0.015]
  Alt-Benders[2] (mw): LB=12.533151, Z₀(α*)=6.634621, intercept=-81.338499 (0.135s) [OMP=0.103 ISP-L=0.003 ISP-F=0.011 MW-L=0.006 MW-F=0.007]
  Alt-Benders[3]: LB stagnated, break
  OMP re-solve: 0.000s

=== True-DRO Benders iter 9 ===
  OMP: t₀=12.533151, UB=22.336317, gap=4.39e-01, x=[0, 0, 0, 0, 0, 0, 0, 0, 0, 0, 0, 0, 0, 0, 0, 0, 0, 0, 0, 0, 0, 0, 0, 0, 1, 0, 0, 0, 0, 0, 0, 0, 1, 0, 0, 0] (0.000s)
  Sub: Z₀=18.092719 [LOCAL] (0.1s), α=[0.000,0.000,0.000,0.000,0.000,0.000,0.029,0.000,0.000,0.000,0.000,0.000,0.000,0.000,0.000,0.000,0.000,1.439,0.000,0.000,0.000,0.000,0.000,0.000,1.168,0.000,0.000,0.000,0.000,0.000,0.000,0.000,6.047,1.261,0.000,0.000]
  Iter 9: LB=12.533151  UB=22.336317  gap=4.39e-01
  Cut: intercept=-1103.395233, π_x_range=[-821.8213, 572.7360]
  Mini-Benders[1] (mw): LB=12.533151, Z₀(α*)=9.392352, intercept=-72.955359 (0.137s) [OMP=0.112 ISP-L=0.003 ISP-F=0.009 MW-L=0.005 MW-F=0.007]
  Mini-Benders[2] (mw): LB=12.533151, Z₀(α*)=9.392352, intercept=-72.955359 (0.120s) [OMP=0.103 ISP-L=0.003 ISP-F=0.009 MW-L=0.005 MW-F=0.007]
  Mini-Benders[3]: LB stagnated, break
  α-step: Z₀=25.591056, α=[0.000,0.000,4.054,0.000,0.000,0.000,0.000,0.000,0.000,0.000,0.000,0.000,0.000,0.000,0.000,0.000,0.000,1.433,0.000,0.000,0.000,0.000,0.000,0.000,0.000,0.000,0.000,0.000,0.000,0.000,0.000,0.000,1.670,2.787,0.000,0.000]
  Alt-Benders[1] (mw): LB=12.533151, Z₀(α*)=17.903465, intercept=-64.559729 (0.147s) [OMP=0.131 ISP-L=0.003 ISP-F=0.010 MW-L=0.005 MW-F=0.006]
  Alt-Benders[2] (mw): LB=12.533151, Z₀(α*)=1.798911, intercept=-28.872655 (0.135s) [OMP=0.104 ISP-L=0.003 ISP-F=0.010 MW-L=0.006 MW-F=0.006]
  Alt-Benders[3]: LB stagnated, break
  OMP re-solve: 0.000s

=== True-DRO Benders iter 10 ===
  OMP: t₀=12.533151, UB=22.336317, gap=4.39e-01, x=[0, 0, 0, 0, 0, 0, 0, 0, 0, 0, 0, 0, 0, 0, 0, 0, 0, 0, 0, 0, 0, 0, 0, 0, 0, 0, 0, 0, 0, 0, 1, 0, 1, 0, 0, 0] (0.000s)
  Sub: Z₀=22.476195 (0.1s), α=[0.000,0.000,2.038,0.000,0.000,0.000,0.000,0.000,0.000,0.000,0.000,0.000,0.000,0.000,0.000,0.000,0.000,0.000,0.000,0.000,0.000,0.000,0.000,0.000,0.000,0.000,0.000,0.000,0.000,0.000,0.000,0.000,6.169,1.737,0.000,0.000]
  Iter 10: LB=12.533151  UB=22.336317  gap=4.39e-01
  Cut: intercept=-45.204411, π_x_range=[-275.0000, 51.3489]
  Sherali-Cut: intercept=-31.735494, π_x_range=[-100.7999, 51.3489]
  Mini-Benders[1] (mw): LB=12.533151, Z₀(α*)=15.933068, intercept=-58.926469 (0.166s) [OMP=0.136 ISP-L=0.003 ISP-F=0.009 MW-L=0.006 MW-F=0.007]
  Mini-Benders[2] (mw): LB=12.533151, Z₀(α*)=22.597082, intercept=-44.737643 (0.135s) [OMP=0.110 ISP-L=0.003 ISP-F=0.009 MW-L=0.005 MW-F=0.006]
  Mini-Benders[3] (mw): LB=12.595269, Z₀(α*)=22.465851, intercept=-57.112868 (0.135s) [OMP=0.114 ISP-L=0.003 ISP-F=0.009 MW-L=0.005 MW-F=0.006]
  Mini-Benders[4] (mw): LB=12.965403, Z₀(α*)=-21.157582, intercept=-56.219434 (0.138s) [OMP=0.111 ISP-L=0.003 ISP-F=0.009 MW-L=0.005 MW-F=0.006]
  Mini-Benders[5] (mw): LB=12.965403, Z₀(α*)=-21.157582, intercept=-56.219434 (0.138s) [OMP=0.113 ISP-L=0.003 ISP-F=0.009 MW-L=0.005 MW-F=0.014]
  α-step: Z₀=24.110137, α=[0.000,0.000,2.990,0.000,0.000,0.000,0.000,0.000,0.000,0.000,0.000,0.000,2.900,0.000,0.000,0.000,0.000,0.000,0.000,0.000,0.000,0.000,0.000,0.000,0.000,0.000,0.000,0.000,0.000,0.000,0.000,0.000,0.000,4.054,0.000,0.000]
  Alt-Benders[1] (mw): LB=13.067530, Z₀(α*)=24.110137, intercept=-50.385869 (0.151s) [OMP=0.115 ISP-L=0.003 ISP-F=0.009 MW-L=0.005 MW-F=0.007]
  Alt-Benders[2] (mw): LB=13.096807, Z₀(α*)=-10.776879, intercept=-71.318735 (0.153s) [OMP=0.133 ISP-L=0.003 ISP-F=0.009 MW-L=0.006 MW-F=0.006]
  Alt-Benders[3] (mw): LB=13.096807, Z₀(α*)=-10.776879, intercept=-71.318735 (0.138s) [OMP=0.115 ISP-L=0.003 ISP-F=0.009 MW-L=0.006 MW-F=0.006]
  Alt-Benders[4] (mw): LB=13.096807, Z₀(α*)=-10.776879, intercept=-71.318735 (0.150s) [OMP=0.113 ISP-L=0.003 ISP-F=0.009 MW-L=0.006 MW-F=0.006]
  Alt-Benders[5]: LB stagnated, break
  OMP re-solve: 0.000s

=== True-DRO Benders iter 11 ===
  OMP: t₀=13.096807, UB=22.336317, gap=4.14e-01, x=[0, 0, 0, 0, 0, 1, 0, 0, 0, 0, 0, 0, 1, 0, 0, 0, 0, 0, 0, 0, 0, 0, 0, 0, 0, 0, 0, 0, 0, 0, 0, 0, 0, 0, 0, 0] (0.000s)
  Sub: Z₀=21.866309 [LOCAL] (0.1s), α=[0.000,0.000,1.511,0.000,0.000,1.976,0.000,0.000,0.000,0.000,0.000,0.000,0.000,4.114,0.000,0.000,0.000,0.251,0.000,0.000,0.000,0.000,0.000,0.000,0.000,0.000,0.000,0.000,0.000,0.091,0.422,0.000,0.000,1.580,0.000,0.000]
  Iter 11: LB=13.096807  UB=22.336317  gap=4.14e-01
  Cut: intercept=-1095.236057, π_x_range=[-817.6259, 562.3840]
  Mini-Benders[1] (mw): LB=13.096807, Z₀(α*)=1.360459, intercept=-98.117602 (0.153s) [OMP=0.123 ISP-L=0.003 ISP-F=0.009 MW-L=0.005 MW-F=0.006]
  Mini-Benders[2] (mw): LB=13.096807, Z₀(α*)=1.360459, intercept=-98.117602 (0.135s) [OMP=0.108 ISP-L=0.003 ISP-F=0.009 MW-L=0.005 MW-F=0.006]
  Mini-Benders[3]: LB stagnated, break
  α-step: Z₀=23.622707, α=[0.000,0.000,0.000,0.000,0.000,0.000,1.197,0.000,0.000,0.000,0.000,0.000,0.550,2.276,0.000,0.000,0.000,3.052,0.000,0.000,0.000,0.000,0.000,0.000,0.000,0.000,0.000,0.000,0.000,0.000,0.000,0.000,0.000,2.870,0.000,0.000]
  Alt-Benders[1] (mw): LB=13.096807, Z₀(α*)=11.661855, intercept=-78.340440 (0.134s) [OMP=0.113 ISP-L=0.003 ISP-F=0.010 MW-L=0.005 MW-F=0.009]
  Alt-Benders[2] (mw): LB=13.096807, Z₀(α*)=11.661855, intercept=-78.340440 (0.151s) [OMP=0.108 ISP-L=0.003 ISP-F=0.010 MW-L=0.013 MW-F=0.009]
  Alt-Benders[3]: LB stagnated, break
  OMP re-solve: 0.000s

=== True-DRO Benders iter 12 ===
  OMP: t₀=13.096807, UB=22.336317, gap=4.14e-01, x=[0, 0, 0, 0, 0, 0, 0, 0, 0, 0, 0, 0, 1, 0, 0, 0, 0, 0, 0, 0, 0, 0, 1, 0, 0, 0, 0, 0, 0, 0, 0, 0, 0, 0, 0, 0] (0.000s)
  Sub: Z₀=21.835072 [LOCAL] (0.1s), α=[0.000,0.000,2.369,0.000,0.000,0.000,0.000,0.000,0.000,0.000,0.000,0.000,1.595,3.506,0.000,0.000,0.000,0.000,0.000,0.000,0.000,0.000,0.062,0.000,0.000,0.000,0.000,0.000,0.000,0.000,0.000,0.000,0.000,2.412,0.000,0.000]
  Iter 12: LB=13.096807  UB=22.336317  gap=4.14e-01
  Cut: intercept=-1095.199116, π_x_range=[-821.0328, 563.3885]
  Mini-Benders[1] (mw): LB=13.096807, Z₀(α*)=4.996726, intercept=-93.452571 (0.169s) [OMP=0.132 ISP-L=0.003 ISP-F=0.009 MW-L=0.005 MW-F=0.007]
  Mini-Benders[2] (mw): LB=13.096807, Z₀(α*)=4.996726, intercept=-93.452571 (0.137s) [OMP=0.114 ISP-L=0.003 ISP-F=0.009 MW-L=0.006 MW-F=0.006]
  Mini-Benders[3]: LB stagnated, break
  α-step: Z₀=20.450597, α=[0.000,0.000,4.721,0.000,0.000,0.000,0.000,0.000,0.000,1.404,0.000,0.000,0.000,0.000,0.000,0.000,0.000,0.000,0.000,0.000,0.000,0.000,0.000,0.000,0.000,0.000,0.000,0.000,0.000,0.000,0.000,0.000,0.000,3.820,0.000,0.000]
  Alt-Benders[1] (mw): LB=13.096807, Z₀(α*)=9.169079, intercept=-60.057613 (0.162s) [OMP=0.130 ISP-L=0.003 ISP-F=0.010 MW-L=0.014 MW-F=0.006]
  Alt-Benders[2] (mw): LB=13.096807, Z₀(α*)=9.169079, intercept=-60.057613 (0.136s) [OMP=0.108 ISP-L=0.003 ISP-F=0.010 MW-L=0.007 MW-F=0.006]
  Alt-Benders[3]: LB stagnated, break
  OMP re-solve: 0.000s

=== True-DRO Benders iter 13 ===
  OMP: t₀=13.096807, UB=22.336317, gap=4.14e-01, x=[0, 0, 0, 0, 0, 0, 0, 0, 0, 0, 0, 0, 1, 0, 0, 0, 0, 0, 0, 0, 0, 0, 0, 0, 0, 0, 0, 1, 0, 0, 0, 0, 0, 0, 0, 0] (0.000s)
  Sub: Z₀=22.794133 [LOCAL] (0.1s), α=[0.000,0.000,4.533,0.000,0.000,0.000,0.000,0.000,0.000,0.000,0.000,0.000,0.635,0.072,0.000,0.000,0.000,0.000,0.000,0.000,0.000,0.000,0.000,0.000,0.000,0.000,0.000,0.000,0.000,0.000,0.000,0.000,0.000,4.705,0.000,0.000]
  Iter 13: LB=13.096807  UB=22.336317  gap=4.14e-01
  Cut: intercept=-1131.554333, π_x_range=[-821.5129, 582.0742]
  Mini-Benders[1] (mw): LB=13.096807, Z₀(α*)=5.533253, intercept=-59.582572 (0.182s) [OMP=0.145 ISP-L=0.003 ISP-F=0.010 MW-L=0.005 MW-F=0.007]
  Mini-Benders[2] (mw): LB=13.096807, Z₀(α*)=5.533253, intercept=-59.582572 (0.135s) [OMP=0.110 ISP-L=0.003 ISP-F=0.010 MW-L=0.005 MW-F=0.007]
  Mini-Benders[3]: LB stagnated, break
  α-step: Z₀=23.726302, α=[0.000,0.000,1.374,0.000,0.000,0.000,0.000,0.000,0.000,0.000,0.000,0.000,3.179,1.079,0.000,0.000,0.000,1.560,0.000,0.000,0.000,0.000,0.000,0.000,0.000,0.000,0.000,0.000,0.000,0.000,0.000,0.000,0.493,2.259,0.000,0.000]
  Alt-Benders[1] (mw): LB=13.096807, Z₀(α*)=-3.855083, intercept=-74.231482 (0.165s) [OMP=0.142 ISP-L=0.003 ISP-F=0.009 MW-L=0.006 MW-F=0.007]
  Alt-Benders[2] (mw): LB=13.096807, Z₀(α*)=-3.855083, intercept=-74.231482 (0.135s) [OMP=0.108 ISP-L=0.003 ISP-F=0.009 MW-L=0.005 MW-F=0.007]
  Alt-Benders[3]: LB stagnated, break
  OMP re-solve: 0.000s

=== True-DRO Benders iter 14 ===
  OMP: t₀=13.096807, UB=22.336317, gap=4.14e-01, x=[0, 0, 1, 0, 0, 0, 0, 0, 0, 0, 0, 0, 1, 0, 0, 0, 0, 0, 0, 0, 0, 0, 0, 0, 0, 0, 0, 0, 0, 0, 0, 0, 0, 0, 0, 0] (0.000s)
  Sub: Z₀=20.476437 [LOCAL] (0.1s), α=[0.000,0.000,6.989,0.000,0.000,0.000,0.000,0.000,0.000,0.000,0.000,0.000,0.000,0.000,0.000,0.000,0.000,0.050,0.000,0.000,0.000,0.000,0.000,0.000,0.000,0.000,0.000,0.000,0.000,0.000,0.000,0.000,0.000,2.906,0.000,0.000]
  Iter 14: LB=13.096807  UB=22.336317  gap=4.14e-01
  Cut: intercept=-1124.199433, π_x_range=[-819.4631, 581.2313]
  Mini-Benders[1] (mw): LB=13.096807, Z₀(α*)=-4.288374, intercept=-59.096848 (0.168s) [OMP=0.140 ISP-L=0.004 ISP-F=0.010 MW-L=0.007 MW-F=0.007]
  Mini-Benders[2] (mw): LB=13.096807, Z₀(α*)=-4.288374, intercept=-59.096848 (0.151s) [OMP=0.115 ISP-L=0.004 ISP-F=0.010 MW-L=0.015 MW-F=0.007]
  Mini-Benders[3]: LB stagnated, break
  α-step: Z₀=24.110137, α=[0.000,0.000,2.990,0.000,0.000,0.000,0.000,0.000,0.000,0.000,0.000,0.000,2.097,2.048,0.000,0.000,0.000,0.000,0.000,0.000,0.000,0.000,0.000,0.000,0.000,0.000,0.000,0.000,0.000,0.000,0.000,0.000,0.000,2.809,0.000,0.000]
  Alt-Benders[1] (mw): LB=13.096807, Z₀(α*)=17.947706, intercept=-88.716090 (0.141s) [OMP=0.125 ISP-L=0.003 ISP-F=0.009 MW-L=0.005 MW-F=0.006]
  Alt-Benders[2] (mw): LB=13.096807, Z₀(α*)=12.714922, intercept=-94.402361 (0.166s) [OMP=0.141 ISP-L=0.003 ISP-F=0.008 MW-L=0.005 MW-F=0.006]
  Alt-Benders[3]: LB stagnated, break
  OMP re-solve: 0.000s

=== True-DRO Benders iter 15 ===
  OMP: t₀=13.096807, UB=22.336317, gap=4.14e-01, x=[0, 0, 0, 0, 0, 0, 0, 0, 0, 0, 0, 0, 1, 0, 0, 0, 0, 1, 0, 0, 0, 0, 0, 0, 0, 0, 0, 0, 0, 0, 0, 0, 0, 0, 0, 0] (0.000s)
  Sub: Z₀=21.536182 (1.5s), α=[0.000,0.000,2.717,0.000,0.000,0.000,0.000,0.000,0.000,0.000,0.000,0.000,0.118,0.044,0.000,0.000,0.000,2.241,0.000,0.000,0.000,0.000,0.000,0.000,0.000,0.000,0.000,0.000,0.000,0.000,0.000,0.000,0.000,4.824,0.000,0.000]
  Iter 15: LB=13.096807  UB=21.536182  gap=3.92e-01
  Cut: intercept=-93.132724, π_x_range=[-241.0000, 69.4907]
  Sherali-Cut: intercept=-92.434699, π_x_range=[-71.6349, 68.7926]
  Mini-Benders[1] (mw): LB=13.510969, Z₀(α*)=-22.360724, intercept=-105.478097 (0.167s) [OMP=0.143 ISP-L=0.003 ISP-F=0.009 MW-L=0.007 MW-F=0.007]
  Mini-Benders[2] (mw): LB=13.510969, Z₀(α*)=-22.360724, intercept=-105.478097 (0.135s) [OMP=0.106 ISP-L=0.003 ISP-F=0.009 MW-L=0.007 MW-F=0.007]
  Mini-Benders[3] (mw): LB=13.510969, Z₀(α*)=-22.360724, intercept=-105.478097 (0.135s) [OMP=0.104 ISP-L=0.003 ISP-F=0.009 MW-L=0.007 MW-F=0.007]
  Mini-Benders[4]: LB stagnated, break
  α-step: Z₀=18.627514, α=[0.000,0.000,2.237,0.000,0.000,0.000,0.000,0.000,0.000,0.000,0.000,0.000,0.000,0.000,0.000,0.000,0.000,0.000,0.000,0.000,0.000,1.775,4.597,0.000,0.000,0.000,0.000,0.000,0.000,0.000,0.000,0.000,1.336,0.000,0.000,0.000]
  Alt-Benders[1] (mw): LB=13.726984, Z₀(α*)=-35.681319, intercept=-24.420023 (0.161s) [OMP=0.138 ISP-L=0.004 ISP-F=0.009 MW-L=0.006 MW-F=0.007]
  Alt-Benders[2] (mw): LB=13.726984, Z₀(α*)=-35.681319, intercept=-24.420023 (0.135s) [OMP=0.118 ISP-L=0.004 ISP-F=0.009 MW-L=0.006 MW-F=0.007]
  Alt-Benders[3] (mw): LB=13.726984, Z₀(α*)=-35.681319, intercept=-24.420023 (0.151s) [OMP=0.117 ISP-L=0.004 ISP-F=0.009 MW-L=0.006 MW-F=0.006]
  Alt-Benders[4]: LB stagnated, break
  OMP re-solve: 0.000s

=== True-DRO Benders iter 16 ===
  OMP: t₀=13.726984, UB=21.536182, gap=3.63e-01, x=[0, 0, 0, 0, 0, 0, 1, 0, 0, 0, 0, 0, 0, 0, 0, 0, 0, 0, 0, 0, 0, 0, 0, 0, 0, 0, 0, 0, 0, 0, 0, 0, 0, 1, 0, 0] (0.000s)
  Sub: Z₀=22.681052 [LOCAL] (0.1s), α=[0.000,0.000,1.696,0.000,0.000,0.000,0.000,0.000,0.000,0.000,0.000,0.000,0.000,0.000,0.000,0.000,0.000,0.000,0.000,0.000,0.000,0.000,0.000,0.000,0.000,0.000,0.000,0.000,0.000,0.000,0.000,0.000,0.012,8.237,0.000,0.000]
  Iter 16: LB=13.726984  UB=21.536182  gap=3.63e-01
  Cut: intercept=-1142.401508, π_x_range=[-824.6255, 584.3388]
  Mini-Benders[1] (mw): LB=13.843235, Z₀(α*)=0.723810, intercept=-47.574896 (0.182s) [OMP=0.154 ISP-L=0.003 ISP-F=0.010 MW-L=0.013 MW-F=0.006]
  Mini-Benders[2] (mw): LB=13.843235, Z₀(α*)=0.723810, intercept=-47.574896 (0.136s) [OMP=0.116 ISP-L=0.003 ISP-F=0.010 MW-L=0.006 MW-F=0.006]
  Mini-Benders[3] (mw): LB=13.843235, Z₀(α*)=0.723810, intercept=-47.574896 (0.137s) [OMP=0.117 ISP-L=0.003 ISP-F=0.010 MW-L=0.005 MW-F=0.006]
  Mini-Benders[4]: LB stagnated, break
  α-step: Z₀=24.862149, α=[0.000,0.000,4.171,0.000,0.000,0.000,0.000,0.000,0.000,0.000,0.000,0.000,0.000,0.671,0.000,0.000,0.000,0.000,0.000,0.000,0.000,0.000,1.815,0.000,0.000,0.000,0.000,0.000,0.000,0.000,0.000,0.000,0.005,3.282,0.000,0.000]
  Alt-Benders[1] (mw): LB=14.257968, Z₀(α*)=-2.277263, intercept=-46.133719 (0.183s) [OMP=0.158 ISP-L=0.003 ISP-F=0.009 MW-L=0.005 MW-F=0.007]
  Alt-Benders[2] (mw): LB=14.257968, Z₀(α*)=-2.277263, intercept=-46.133719 (0.136s) [OMP=0.114 ISP-L=0.003 ISP-F=0.009 MW-L=0.005 MW-F=0.015]
  Alt-Benders[3] (mw): LB=14.257968, Z₀(α*)=-2.277263, intercept=-46.133719 (0.151s) [OMP=0.113 ISP-L=0.003 ISP-F=0.010 MW-L=0.005 MW-F=0.007]
  Alt-Benders[4]: LB stagnated, break
  OMP re-solve: 0.000s

=== True-DRO Benders iter 17 ===
  OMP: t₀=14.257968, UB=21.536182, gap=3.38e-01, x=[0, 0, 0, 0, 0, 0, 0, 0, 0, 0, 0, 0, 0, 0, 0, 0, 0, 0, 0, 0, 0, 0, 0, 0, 0, 0, 0, 0, 1, 0, 0, 0, 1, 0, 0, 0] (0.000s)
  Sub: Z₀=21.392828 [LOCAL] (0.1s), α=[0.000,0.000,2.169,0.000,0.000,0.000,0.000,0.000,0.000,0.000,0.000,0.000,0.000,0.000,0.000,0.000,0.000,0.000,0.000,0.000,0.000,0.000,0.000,0.000,0.000,0.000,0.000,0.000,0.000,0.000,0.000,0.000,5.111,2.665,0.000,0.000]
  Iter 17: LB=14.257968  UB=21.536182  gap=3.38e-01
  Cut: intercept=-1133.220474, π_x_range=[-824.3259, 585.9279]
  Mini-Benders[1] (mw): LB=14.318869, Z₀(α*)=-21.453660, intercept=-33.394747 (0.198s) [OMP=0.171 ISP-L=0.003 ISP-F=0.009 MW-L=0.006 MW-F=0.007]
  Mini-Benders[2] (mw): LB=14.318869, Z₀(α*)=-21.453660, intercept=-33.394747 (0.135s) [OMP=0.119 ISP-L=0.003 ISP-F=0.009 MW-L=0.006 MW-F=0.006]
  Mini-Benders[3] (mw): LB=14.318869, Z₀(α*)=-21.453660, intercept=-33.394747 (0.151s) [OMP=0.116 ISP-L=0.003 ISP-F=0.009 MW-L=0.006 MW-F=0.014]
  Mini-Benders[4]: LB stagnated, break
  α-step: Z₀=18.210676, α=[0.000,0.000,0.370,0.000,0.000,3.368,0.000,0.000,0.000,0.000,0.000,0.000,0.000,3.234,0.000,0.000,0.000,1.392,0.000,0.000,0.000,0.000,0.000,0.000,0.000,0.000,0.000,0.000,0.000,0.000,0.000,0.000,1.270,0.310,0.000,0.000]
  Alt-Benders[1] (mw): LB=14.622305, Z₀(α*)=-12.925075, intercept=-116.480265 (0.171s) [OMP=0.152 ISP-L=0.003 ISP-F=0.010 MW-L=0.005 MW-F=0.007]
  Alt-Benders[2] (mw): LB=14.622305, Z₀(α*)=-12.925075, intercept=-116.480265 (0.151s) [OMP=0.118 ISP-L=0.003 ISP-F=0.011 MW-L=0.005 MW-F=0.007]
  Alt-Benders[3] (mw): LB=14.622305, Z₀(α*)=-12.925075, intercept=-116.480265 (0.135s) [OMP=0.116 ISP-L=0.003 ISP-F=0.010 MW-L=0.005 MW-F=0.007]
  Alt-Benders[4]: LB stagnated, break
  OMP re-solve: 0.000s

=== True-DRO Benders iter 18 ===
  OMP: t₀=14.622305, UB=21.536182, gap=3.21e-01, x=[0, 0, 0, 0, 0, 0, 0, 0, 0, 0, 0, 0, 0, 0, 0, 0, 0, 0, 0, 0, 0, 0, 1, 0, 0, 0, 0, 0, 1, 0, 0, 0, 0, 0, 0, 0] (0.000s)
  Sub: Z₀=23.537673 [LOCAL] (0.1s), α=[0.000,0.000,5.507,0.000,0.000,0.000,0.000,0.000,0.000,0.000,0.000,0.000,0.000,0.000,0.000,0.000,0.000,0.000,0.000,0.000,0.000,0.000,1.818,0.000,0.000,0.000,0.000,0.000,0.000,0.000,0.000,0.000,0.763,1.857,0.000,0.000]
  Iter 18: LB=14.622305  UB=21.536182  gap=3.21e-01
  Cut: intercept=-1112.684179, π_x_range=[-826.3853, 569.6473]
  Mini-Benders[1] (mw): LB=15.085239, Z₀(α*)=-16.122921, intercept=-51.609901 (0.184s) [OMP=0.167 ISP-L=0.004 ISP-F=0.010 MW-L=0.006 MW-F=0.006]
  Mini-Benders[2] (mw): LB=15.085239, Z₀(α*)=-16.122921, intercept=-51.609901 (0.167s) [OMP=0.134 ISP-L=0.004 ISP-F=0.010 MW-L=0.006 MW-F=0.006]
  Mini-Benders[3] (mw): LB=15.085239, Z₀(α*)=-16.122921, intercept=-51.609901 (0.166s) [OMP=0.133 ISP-L=0.004 ISP-F=0.010 MW-L=0.006 MW-F=0.006]
  Mini-Benders[4]: LB stagnated, break
  α-step: Z₀=19.381286, α=[0.000,0.000,2.990,0.000,0.000,0.000,0.000,0.000,0.000,0.000,0.000,0.000,1.534,1.365,0.000,0.000,0.000,0.000,0.000,0.000,0.000,0.000,0.000,0.000,0.000,0.000,0.000,0.000,0.000,0.000,0.000,0.000,0.000,4.054,0.000,0.000]
  Alt-Benders[1] (mw): LB=15.801379, Z₀(α*)=6.913490, intercept=-44.037560 (0.176s) [OMP=0.149 ISP-L=0.003 ISP-F=0.009 MW-L=0.005 MW-F=0.014]
  Alt-Benders[2] (mw): LB=15.801379, Z₀(α*)=6.913490, intercept=-44.037560 (0.136s) [OMP=0.117 ISP-L=0.003 ISP-F=0.009 MW-L=0.006 MW-F=0.007]
  Alt-Benders[3] (mw): LB=15.801379, Z₀(α*)=6.913490, intercept=-44.037560 (0.150s) [OMP=0.119 ISP-L=0.003 ISP-F=0.009 MW-L=0.006 MW-F=0.007]
  Alt-Benders[4]: LB stagnated, break
  OMP re-solve: 0.000s

=== True-DRO Benders iter 19 ===
  OMP: t₀=15.801379, UB=21.536182, gap=2.66e-01, x=[0, 0, 0, 0, 0, 0, 0, 0, 0, 0, 0, 0, 0, 0, 0, 0, 0, 0, 0, 0, 0, 0, 1, 0, 0, 0, 0, 1, 0, 0, 0, 0, 0, 0, 0, 0] (0.000s)
  Sub: Z₀=22.984060 [LOCAL] (0.1s), α=[0.000,0.000,4.595,0.000,0.000,0.037,0.000,0.000,0.000,0.000,0.000,0.000,0.000,0.443,0.000,0.000,0.000,0.000,0.000,0.000,0.000,0.000,1.176,0.000,0.000,0.000,0.000,0.000,0.000,0.000,0.000,0.000,2.069,1.625,0.000,0.000]
  Iter 19: LB=15.801379  UB=21.536182  gap=2.66e-01
  Cut: intercept=-1115.061371, π_x_range=[-825.5712, 575.9468]
  Mini-Benders[1] (mw): LB=15.920516, Z₀(α*)=12.760493, intercept=-35.740916 (0.182s) [OMP=0.142 ISP-L=0.003 ISP-F=0.009 MW-L=0.007 MW-F=0.006]
  Mini-Benders[2] (mw): LB=15.920516, Z₀(α*)=12.760493, intercept=-35.740916 (0.151s) [OMP=0.116 ISP-L=0.003 ISP-F=0.009 MW-L=0.007 MW-F=0.014]
  Mini-Benders[3] (mw): LB=15.920516, Z₀(α*)=12.760493, intercept=-35.740916 (0.135s) [OMP=0.117 ISP-L=0.003 ISP-F=0.009 MW-L=0.007 MW-F=0.006]
  Mini-Benders[4]: LB stagnated, break
  α-step: Z₀=24.369674, α=[0.000,0.000,3.679,0.000,0.000,0.000,0.000,0.000,0.000,0.000,0.000,0.000,0.000,3.471,0.000,0.000,0.000,0.000,0.000,0.000,0.000,0.000,0.000,0.000,0.000,0.000,0.000,0.000,0.000,0.000,0.000,0.000,2.795,0.000,0.000,0.000]
  Alt-Benders[1] (mw): LB=15.933066, Z₀(α*)=-10.389745, intercept=-57.285107 (0.183s) [OMP=0.158 ISP-L=0.003 ISP-F=0.009 MW-L=0.006 MW-F=0.007]
  Alt-Benders[2] (mw): LB=15.933066, Z₀(α*)=-10.389745, intercept=-57.285107 (0.135s) [OMP=0.118 ISP-L=0.003 ISP-F=0.009 MW-L=0.007 MW-F=0.007]
  Alt-Benders[3] (mw): LB=15.933066, Z₀(α*)=-10.389745, intercept=-57.285107 (0.151s) [OMP=0.117 ISP-L=0.003 ISP-F=0.009 MW-L=0.006 MW-F=0.014]
  Alt-Benders[4]: LB stagnated, break
  OMP re-solve: 0.000s

=== True-DRO Benders iter 20 ===
  OMP: t₀=15.933066, UB=21.536182, gap=2.60e-01, x=[0, 0, 0, 0, 0, 0, 0, 0, 0, 0, 0, 0, 0, 0, 0, 0, 0, 0, 0, 0, 0, 1, 0, 0, 0, 0, 0, 0, 0, 0, 0, 0, 1, 0, 0, 0] (0.000s)
  Sub: Z₀=21.029045 (0.5s), α=[0.000,0.000,1.455,0.000,0.000,0.000,0.000,0.000,0.000,0.000,0.000,0.000,0.000,0.000,0.000,0.000,0.000,0.000,0.000,0.000,0.000,0.000,0.000,0.000,0.000,0.000,0.000,0.000,0.000,0.000,0.000,0.000,8.490,0.000,0.000,0.000]
  Iter 20: LB=15.933066  UB=21.029045  gap=2.42e-01
  Cut: intercept=-75.204177, π_x_range=[-242.9816, 54.0963]
  Sherali-Cut: intercept=-59.509359, π_x_range=[-82.9902, 54.0963]
  Mini-Benders[1] (mw): LB=15.978276, Z₀(α*)=-5.215989, intercept=-30.343889 (0.167s) [OMP=0.143 ISP-L=0.003 ISP-F=0.010 MW-L=0.006 MW-F=0.006]
  Mini-Benders[2] (mw): LB=15.978276, Z₀(α*)=-5.215989, intercept=-30.343889 (0.135s) [OMP=0.114 ISP-L=0.002 ISP-F=0.010 MW-L=0.004 MW-F=0.013]
  Mini-Benders[3] (mw): LB=15.978276, Z₀(α*)=-5.215989, intercept=-30.343889 (0.151s) [OMP=0.115 ISP-L=0.003 ISP-F=0.010 MW-L=0.006 MW-F=0.006]
  Mini-Benders[4]: LB stagnated, break
  α-step: Z₀=26.542142, α=[0.000,0.000,5.422,0.000,0.000,0.000,0.000,0.000,0.000,0.000,0.000,0.000,0.000,0.000,0.000,0.000,0.000,0.000,0.000,0.000,0.000,0.000,0.000,0.000,0.000,0.000,0.000,0.000,0.000,0.000,0.000,0.000,1.735,2.787,0.000,0.000]
  Alt-Benders[1] (mw): LB=15.990760, Z₀(α*)=16.355238, intercept=-40.853101 (0.180s) [OMP=0.168 ISP-L=0.002 ISP-F=0.010 MW-L=0.005 MW-F=0.006]
  Alt-Benders[2] (mw): LB=16.083994, Z₀(α*)=-19.872100, intercept=-40.076946 (0.151s) [OMP=0.126 ISP-L=0.003 ISP-F=0.008 MW-L=0.006 MW-F=0.007]
  Alt-Benders[3] (mw): LB=16.083994, Z₀(α*)=-19.872100, intercept=-40.076946 (0.198s) [OMP=0.167 ISP-L=0.004 ISP-F=0.008 MW-L=0.006 MW-F=0.014]
  Alt-Benders[4] (mw): LB=16.083994, Z₀(α*)=-19.872100, intercept=-40.076946 (0.198s) [OMP=0.168 ISP-L=0.003 ISP-F=0.008 MW-L=0.006 MW-F=0.007]
  Alt-Benders[5]: LB stagnated, break
  OMP re-solve: 0.000s

=== True-DRO Benders iter 21 ===
  OMP: t₀=16.083994, UB=21.029045, gap=2.35e-01, x=[0, 0, 0, 0, 0, 1, 0, 0, 0, 0, 0, 0, 0, 1, 0, 0, 0, 0, 0, 0, 0, 0, 0, 0, 0, 0, 0, 0, 0, 0, 0, 0, 0, 0, 0, 0] (0.000s)
  Sub: Z₀=21.134593 [LOCAL] (0.1s), α=[0.000,0.000,0.774,0.000,0.000,4.020,0.000,0.000,0.000,0.000,0.000,0.000,0.000,3.459,0.000,0.000,0.000,0.256,0.000,0.000,0.000,0.000,0.000,0.000,0.000,0.000,0.000,0.000,0.000,0.109,0.478,0.000,0.252,0.596,0.000,0.000]
  Iter 21: LB=16.083994  UB=21.029045  gap=2.35e-01
  Cut: intercept=-1120.121895, π_x_range=[-817.9876, 585.5900]
  Mini-Benders[1] (mw): LB=16.355236, Z₀(α*)=0.234613, intercept=-63.469160 (0.184s) [OMP=0.151 ISP-L=0.003 ISP-F=0.010 MW-L=0.005 MW-F=0.012]
  Mini-Benders[2] (mw): LB=16.355236, Z₀(α*)=0.234613, intercept=-63.469160 (0.151s) [OMP=0.126 ISP-L=0.003 ISP-F=0.010 MW-L=0.005 MW-F=0.012]
  Mini-Benders[3] (mw): LB=16.355236, Z₀(α*)=0.234613, intercept=-63.469160 (0.167s) [OMP=0.129 ISP-L=0.003 ISP-F=0.010 MW-L=0.005 MW-F=0.012]
  Mini-Benders[4]: LB stagnated, break
  α-step: Z₀=21.665638, α=[0.000,0.000,3.751,0.000,0.000,0.000,0.000,0.000,0.000,0.000,0.000,0.000,0.000,0.250,0.000,0.000,0.000,0.000,0.000,0.000,0.000,0.000,3.076,0.000,0.000,0.000,0.000,0.000,0.000,0.000,0.000,0.000,0.764,2.103,0.000,0.000]
  Alt-Benders[1] (mw): LB=16.390857, Z₀(α*)=-18.705676, intercept=-85.319975 (0.176s) [OMP=0.149 ISP-L=0.004 ISP-F=0.009 MW-L=0.007 MW-F=0.007]
  Alt-Benders[2] (mw): LB=16.390857, Z₀(α*)=-18.705676, intercept=-85.319975 (0.151s) [OMP=0.128 ISP-L=0.004 ISP-F=0.009 MW-L=0.007 MW-F=0.007]
  Alt-Benders[3] (mw): LB=16.390857, Z₀(α*)=-18.705676, intercept=-85.319975 (0.151s) [OMP=0.128 ISP-L=0.004 ISP-F=0.009 MW-L=0.007 MW-F=0.007]
  Alt-Benders[4]: LB stagnated, break
  OMP re-solve: 0.000s

=== True-DRO Benders iter 22 ===
  OMP: t₀=16.390857, UB=21.029045, gap=2.21e-01, x=[0, 0, 0, 0, 0, 1, 0, 0, 0, 0, 0, 0, 0, 0, 0, 0, 0, 0, 0, 0, 0, 0, 0, 0, 0, 0, 0, 0, 0, 0, 0, 0, 1, 0, 0, 0] (0.000s)
  Sub: Z₀=17.351177 [LOCAL] (0.1s), α=[0.000,0.000,0.000,0.000,0.000,3.592,0.000,0.000,0.000,0.000,0.000,0.000,0.000,0.463,0.000,0.000,0.000,0.141,0.000,0.000,0.000,0.000,0.000,0.000,0.000,0.000,0.000,0.000,0.000,0.000,0.000,0.000,5.337,0.411,0.000,0.000]
  Iter 22: LB=16.390857  UB=21.029045  gap=2.21e-01
  Cut: intercept=-1116.650404, π_x_range=[-819.6707, 577.0834]
  Mini-Benders[1] (mw): LB=16.448586, Z₀(α*)=15.158994, intercept=-71.707154 (0.200s) [OMP=0.170 ISP-L=0.003 ISP-F=0.010 MW-L=0.013 MW-F=0.006]
  Mini-Benders[2] (mw): LB=16.448586, Z₀(α*)=15.158994, intercept=-71.707154 (0.151s) [OMP=0.124 ISP-L=0.003 ISP-F=0.009 MW-L=0.005 MW-F=0.006]
  Mini-Benders[3] (mw): LB=16.448586, Z₀(α*)=15.158994, intercept=-71.707154 (0.151s) [OMP=0.125 ISP-L=0.003 ISP-F=0.010 MW-L=0.006 MW-F=0.006]
  Mini-Benders[4]: LB stagnated, break
  α-step: Z₀=20.395551, α=[0.000,0.000,0.000,0.000,0.000,1.956,0.000,0.000,0.000,0.000,0.000,0.000,0.000,2.159,0.000,0.000,0.000,0.000,0.000,0.000,0.000,0.000,0.000,0.000,0.000,0.000,0.000,0.000,0.000,0.000,0.000,0.000,0.000,5.829,0.000,0.000]
  Alt-Benders[1] (mw): LB=16.448586, Z₀(α*)=-21.861475, intercept=-161.229429 (0.185s) [OMP=0.160 ISP-L=0.003 ISP-F=0.009 MW-L=0.007 MW-F=0.007]
  Alt-Benders[2] (mw): LB=16.448586, Z₀(α*)=-21.861475, intercept=-161.229429 (0.166s) [OMP=0.131 ISP-L=0.003 ISP-F=0.009 MW-L=0.015 MW-F=0.007]
  Alt-Benders[3] (mw): LB=16.448586, Z₀(α*)=-21.861475, intercept=-161.229429 (0.151s) [OMP=0.132 ISP-L=0.003 ISP-F=0.009 MW-L=0.007 MW-F=0.007]
  Alt-Benders[4]: LB stagnated, break
  OMP re-solve: 0.000s

=== True-DRO Benders iter 23 ===
  OMP: t₀=16.448586, UB=21.029045, gap=2.18e-01, x=[0, 0, 0, 0, 0, 1, 0, 0, 0, 0, 0, 0, 0, 0, 0, 0, 0, 0, 0, 0, 0, 0, 1, 0, 0, 0, 0, 0, 0, 0, 0, 0, 0, 0, 0, 0] (0.000s)
  Sub: Z₀=17.612522 [LOCAL] (0.1s), α=[0.000,0.000,0.000,0.000,0.000,8.985,0.000,0.000,0.000,0.000,0.000,0.000,0.000,0.959,0.000,0.000,0.000,0.000,0.000,0.000,0.000,0.000,0.000,0.000,0.000,0.000,0.000,0.000,0.000,0.000,0.000,0.000,0.000,0.000,0.000,0.000]
  Iter 23: LB=16.448586  UB=21.029045  gap=2.18e-01
  Cut: intercept=-1135.635335, π_x_range=[-819.9540, 582.1643]
  Mini-Benders[1] (mw): LB=16.605852, Z₀(α*)=-10.041512, intercept=-73.745285 (0.198s) [OMP=0.175 ISP-L=0.003 ISP-F=0.011 MW-L=0.006 MW-F=0.006]
  Mini-Benders[2] (mw): LB=16.605852, Z₀(α*)=-10.041512, intercept=-73.745285 (0.150s) [OMP=0.122 ISP-L=0.003 ISP-F=0.011 MW-L=0.005 MW-F=0.006]
  Mini-Benders[3] (mw): LB=16.605852, Z₀(α*)=-10.041512, intercept=-73.745285 (0.151s) [OMP=0.122 ISP-L=0.003 ISP-F=0.010 MW-L=0.013 MW-F=0.006]
  Mini-Benders[4]: LB stagnated, break
  α-step: Z₀=21.665638, α=[0.000,0.000,3.751,0.000,0.000,0.000,0.000,0.000,0.000,0.000,0.000,0.000,0.000,0.250,0.000,0.000,0.000,0.000,0.000,0.000,0.000,0.000,3.076,0.000,0.000,0.000,0.000,0.000,0.000,0.000,0.000,0.000,0.955,1.912,0.000,0.000]
  Alt-Benders[1] (mw): LB=16.651563, Z₀(α*)=24.191563, intercept=-34.782536 (0.190s) [OMP=0.169 ISP-L=0.003 ISP-F=0.012 MW-L=0.006 MW-F=0.006]
  Alt-Benders[2] (mw): LB=16.876266, Z₀(α*)=-15.845202, intercept=-79.710925 (0.198s) [OMP=0.168 ISP-L=0.003 ISP-F=0.010 MW-L=0.006 MW-F=0.007]
  Alt-Benders[3] (mw): LB=16.876266, Z₀(α*)=-15.845202, intercept=-79.710925 (0.150s) [OMP=0.126 ISP-L=0.003 ISP-F=0.010 MW-L=0.006 MW-F=0.007]
  Alt-Benders[4] (mw): LB=16.876266, Z₀(α*)=-15.845202, intercept=-79.710925 (0.167s) [OMP=0.126 ISP-L=0.003 ISP-F=0.009 MW-L=0.014 MW-F=0.007]
  Alt-Benders[5]: LB stagnated, break
  OMP re-solve: 0.000s

=== True-DRO Benders iter 24 ===
  OMP: t₀=16.876266, UB=21.029045, gap=1.97e-01, x=[0, 0, 1, 0, 0, 0, 0, 0, 0, 0, 0, 0, 0, 0, 0, 0, 0, 0, 0, 0, 0, 0, 1, 0, 0, 0, 0, 0, 0, 0, 0, 0, 0, 0, 0, 0] (0.000s)
  Sub: Z₀=21.262334 [LOCAL] (0.1s), α=[0.000,0.000,9.733,0.000,0.000,0.026,0.000,0.000,0.000,0.000,0.000,0.000,0.000,0.185,0.000,0.000,0.000,0.000,0.000,0.000,0.000,0.000,0.000,0.000,0.000,0.000,0.000,0.000,0.000,0.000,0.000,0.000,0.000,0.000,0.000,0.000]
  Iter 24: LB=16.876266  UB=21.029045  gap=1.97e-01
  Cut: intercept=-1122.021638, π_x_range=[-822.4748, 574.7085]
  Mini-Benders[1] (mw): LB=16.876266, Z₀(α*)=-3.099277, intercept=-56.265746 (0.216s) [OMP=0.186 ISP-L=0.004 ISP-F=0.010 MW-L=0.007 MW-F=0.007]
  Mini-Benders[2] (mw): LB=16.876266, Z₀(α*)=-3.099277, intercept=-56.265746 (0.213s) [OMP=0.182 ISP-L=0.004 ISP-F=0.009 MW-L=0.007 MW-F=0.007]
  Mini-Benders[3]: LB stagnated, break
  α-step: Z₀=22.348688, α=[0.000,0.000,4.182,0.000,0.000,0.000,0.000,0.000,0.000,0.000,0.000,0.000,0.000,2.481,0.000,0.000,0.000,0.000,0.000,0.000,0.000,0.000,0.000,0.000,0.000,0.000,0.000,0.000,0.000,0.000,0.000,0.000,1.815,1.467,0.000,0.000]
  Alt-Benders[1] (mw): LB=16.886266, Z₀(α*)=17.074223, intercept=-49.065928 (0.177s) [OMP=0.147 ISP-L=0.003 ISP-F=0.010 MW-L=0.005 MW-F=0.013]
  Alt-Benders[2] (mw): LB=16.886266, Z₀(α*)=24.851356, intercept=-38.847019 (0.182s) [OMP=0.160 ISP-L=0.003 ISP-F=0.010 MW-L=0.006 MW-F=0.006]
  Alt-Benders[3] (mw): LB=16.886266, Z₀(α*)=14.249345, intercept=-71.539904 (0.182s) [OMP=0.159 ISP-L=0.003 ISP-F=0.009 MW-L=0.006 MW-F=0.007]
  Alt-Benders[4]: LB stagnated, break
  OMP re-solve: 0.000s

=== True-DRO Benders iter 25 ===
  OMP: t₀=16.886266, UB=21.029045, gap=1.97e-01, x=[0, 0, 0, 0, 0, 0, 0, 0, 0, 0, 0, 0, 0, 0, 0, 0, 0, 1, 0, 0, 0, 0, 1, 0, 0, 0, 0, 0, 0, 0, 0, 0, 0, 0, 0, 0] (0.000s)
  Sub: Z₀=22.636174 (0.7s), α=[0.000,0.000,4.090,0.000,0.000,0.000,0.000,0.000,0.000,0.000,0.000,0.000,0.000,0.000,0.000,0.000,0.000,3.430,0.000,0.000,0.000,0.000,0.000,0.000,0.000,0.000,0.000,0.000,0.000,0.000,0.000,0.000,1.684,0.739,0.000,0.000]
  Iter 25: LB=16.886266  UB=21.029045  gap=1.97e-01
  Cut: intercept=-80.966342, π_x_range=[-240.0000, 65.5518]
  Sherali-Cut: intercept=-73.016662, π_x_range=[-104.6087, 58.3308]
  Mini-Benders[1] (mw): LB=16.886266, Z₀(α*)=1.264041, intercept=-97.095363 (0.200s) [OMP=0.159 ISP-L=0.004 ISP-F=0.011 MW-L=0.007 MW-F=0.007]
  Mini-Benders[2] (mw): LB=16.886266, Z₀(α*)=1.264041, intercept=-97.095363 (0.151s) [OMP=0.121 ISP-L=0.004 ISP-F=0.010 MW-L=0.007 MW-F=0.007]
  Mini-Benders[3]: LB stagnated, break
  α-step: Z₀=19.854425, α=[0.000,0.000,0.000,0.000,0.000,0.000,0.455,0.000,0.000,0.000,0.000,0.000,0.000,0.000,0.000,0.000,0.000,5.084,0.000,0.000,0.000,0.000,0.000,0.000,1.181,0.000,0.000,0.000,0.000,0.000,0.000,0.000,3.224,0.000,0.000,0.000]
  Alt-Benders[1] (mw): LB=16.886266, Z₀(α*)=4.492218, intercept=-73.171863 (0.192s) [OMP=0.170 ISP-L=0.003 ISP-F=0.009 MW-L=0.007 MW-F=0.007]
  Alt-Benders[2] (mw): LB=16.886266, Z₀(α*)=4.492218, intercept=-73.171863 (0.151s) [OMP=0.124 ISP-L=0.003 ISP-F=0.009 MW-L=0.007 MW-F=0.014]
  Alt-Benders[3]: LB stagnated, break
  OMP re-solve: 0.000s

=== True-DRO Benders iter 26 ===
  OMP: t₀=16.886266, UB=21.029045, gap=1.97e-01, x=[0, 0, 0, 0, 0, 0, 0, 0, 0, 0, 0, 0, 0, 0, 0, 0, 0, 0, 1, 0, 0, 0, 1, 0, 0, 0, 0, 0, 0, 0, 0, 0, 0, 0, 0, 0] (0.000s)
  Sub: Z₀=23.043588 [LOCAL] (0.1s), α=[0.000,0.000,4.458,0.000,0.000,0.041,0.000,0.000,0.000,0.000,0.000,0.000,0.000,0.630,0.000,0.000,0.000,0.000,0.000,0.000,0.000,0.000,1.258,0.000,0.000,0.000,0.000,0.000,0.000,0.000,0.000,0.000,2.005,1.552,0.000,0.000]
  Iter 26: LB=16.886266  UB=21.029045  gap=1.97e-01
  Cut: intercept=-1104.159985, π_x_range=[-825.3768, 565.3622]
  Mini-Benders[1] (mw): LB=17.060712, Z₀(α*)=-8.614826, intercept=-36.043791 (0.182s) [OMP=0.152 ISP-L=0.004 ISP-F=0.010 MW-L=0.007 MW-F=0.007]
  Mini-Benders[2] (mw): LB=17.060712, Z₀(α*)=-8.614826, intercept=-36.043791 (0.214s) [OMP=0.187 ISP-L=0.004 ISP-F=0.010 MW-L=0.007 MW-F=0.007]
  Mini-Benders[3] (mw): LB=17.060712, Z₀(α*)=-8.614826, intercept=-36.043791 (0.213s) [OMP=0.186 ISP-L=0.004 ISP-F=0.010 MW-L=0.007 MW-F=0.007]
  Mini-Benders[4]: LB stagnated, break
  α-step: Z₀=18.152947, α=[0.000,0.000,0.000,0.000,0.000,5.576,0.000,0.000,0.000,0.000,0.000,0.000,0.000,0.000,0.000,0.000,0.000,1.762,0.000,0.000,0.000,0.000,0.000,0.000,0.000,0.000,0.000,0.000,0.000,0.814,0.212,0.000,0.748,0.833,0.000,0.000]
  Alt-Benders[1] (mw): LB=17.074221, Z₀(α*)=-16.168646, intercept=-51.469803 (0.192s) [OMP=0.166 ISP-L=0.003 ISP-F=0.010 MW-L=0.005 MW-F=0.006]
  Alt-Benders[2] (mw): LB=17.074221, Z₀(α*)=-16.168646, intercept=-51.469803 (0.151s) [OMP=0.137 ISP-L=0.003 ISP-F=0.010 MW-L=0.005 MW-F=0.006]
  Alt-Benders[3] (mw): LB=17.074221, Z₀(α*)=-16.168646, intercept=-51.469803 (0.166s) [OMP=0.136 ISP-L=0.003 ISP-F=0.010 MW-L=0.005 MW-F=0.006]
  Alt-Benders[4]: LB stagnated, break
  OMP re-solve: 0.000s

=== True-DRO Benders iter 27 ===
  OMP: t₀=17.074221, UB=21.029045, gap=1.88e-01, x=[0, 0, 0, 0, 0, 0, 0, 0, 0, 1, 0, 0, 0, 0, 0, 0, 0, 0, 0, 0, 0, 0, 1, 0, 0, 0, 0, 0, 0, 0, 0, 0, 0, 0, 0, 0] (0.000s)
  Sub: Z₀=22.082638 [LOCAL] (0.1s), α=[0.000,0.000,5.422,0.000,0.000,0.000,0.000,0.000,0.000,0.000,0.000,0.000,0.000,0.000,0.000,0.000,0.000,0.000,0.000,0.000,0.000,0.000,0.000,0.000,0.000,0.000,0.000,0.000,0.000,0.000,0.000,0.000,3.920,0.602,0.000,0.000]
  Iter 27: LB=17.074221  UB=21.029045  gap=1.88e-01
  Cut: intercept=-1099.473045, π_x_range=[-826.0007, 562.6884]
  Mini-Benders[1] (mw): LB=17.078194, Z₀(α*)=-46.453246, intercept=-147.494737 (0.201s) [OMP=0.163 ISP-L=0.004 ISP-F=0.009 MW-L=0.006 MW-F=0.014]
  Mini-Benders[2] (mw): LB=17.078194, Z₀(α*)=-46.453246, intercept=-147.494737 (0.182s) [OMP=0.161 ISP-L=0.004 ISP-F=0.009 MW-L=0.006 MW-F=0.007]
  Mini-Benders[3] (mw): LB=17.078194, Z₀(α*)=-46.453246, intercept=-147.494737 (0.182s) [OMP=0.161 ISP-L=0.003 ISP-F=0.009 MW-L=0.006 MW-F=0.007]
  Mini-Benders[4]: LB stagnated, break
  α-step: Z₀=16.448586, α=[0.000,0.000,0.000,0.000,0.000,0.000,0.000,0.000,0.000,0.000,0.000,0.000,1.534,1.365,0.000,0.000,0.000,0.000,0.000,0.000,0.000,0.000,0.000,0.000,0.000,0.000,0.000,0.000,0.000,0.000,0.000,0.000,0.000,7.045,0.000,0.000]
  Alt-Benders[1] (mw): LB=17.078194, Z₀(α*)=17.153080, intercept=-147.527404 (0.173s) [OMP=0.161 ISP-L=0.003 ISP-F=0.010 MW-L=0.006 MW-F=0.007]
  Alt-Benders[2] (mw): LB=17.088090, Z₀(α*)=-24.515583, intercept=-86.042374 (0.198s) [OMP=0.170 ISP-L=0.003 ISP-F=0.008 MW-L=0.006 MW-F=0.015]
  Alt-Benders[3] (mw): LB=17.088090, Z₀(α*)=-24.515583, intercept=-86.042374 (0.151s) [OMP=0.123 ISP-L=0.003 ISP-F=0.009 MW-L=0.006 MW-F=0.007]
  Alt-Benders[4] (mw): LB=17.088090, Z₀(α*)=-24.515583, intercept=-86.042374 (0.153s) [OMP=0.125 ISP-L=0.003 ISP-F=0.009 MW-L=0.006 MW-F=0.007]
  Alt-Benders[5]: LB stagnated, break
  OMP re-solve: 0.000s

=== True-DRO Benders iter 28 ===
  OMP: t₀=17.088090, UB=21.029045, gap=1.87e-01, x=[0, 0, 1, 0, 0, 1, 0, 0, 0, 0, 0, 0, 0, 0, 0, 0, 0, 0, 0, 0, 0, 0, 0, 0, 0, 0, 0, 0, 0, 0, 0, 0, 0, 0, 0, 0] (0.000s)
  Sub: Z₀=19.079930 [LOCAL] (0.1s), α=[0.000,0.000,5.732,0.000,0.000,2.698,0.000,0.000,0.000,0.000,0.000,0.000,0.000,0.612,0.000,0.000,0.000,0.483,0.000,0.000,0.000,0.000,0.000,0.000,0.000,0.000,0.000,0.000,0.000,0.068,0.352,0.000,0.000,0.000,0.000,0.000]
  Iter 28: LB=17.088090  UB=21.029045  gap=1.87e-01
  Cut: intercept=-1117.988489, π_x_range=[-818.2399, 576.7837]
  Mini-Benders[1] (mw): LB=17.088090, Z₀(α*)=0.998706, intercept=-26.726753 (0.184s) [OMP=0.156 ISP-L=0.004 ISP-F=0.009 MW-L=0.007 MW-F=0.006]
  Mini-Benders[2] (mw): LB=17.088090, Z₀(α*)=0.998706, intercept=-26.726753 (0.167s) [OMP=0.131 ISP-L=0.004 ISP-F=0.009 MW-L=0.007 MW-F=0.006]
  Mini-Benders[3]: LB stagnated, break
  α-step: Z₀=22.881798, α=[0.000,0.000,0.963,0.000,0.000,4.443,0.000,0.000,0.000,0.000,0.000,0.000,0.000,2.159,0.000,0.000,0.000,0.799,0.000,0.000,0.000,0.000,0.000,0.000,0.000,0.000,0.000,0.000,0.000,0.000,0.000,0.000,0.000,1.580,0.000,0.000]
  Alt-Benders[1] (mw): LB=17.088090, Z₀(α*)=22.881798, intercept=-29.130296 (0.151s) [OMP=0.133 ISP-L=0.003 ISP-F=0.009 MW-L=0.006 MW-F=0.006]
  Alt-Benders[2] (mw): LB=17.088090, Z₀(α*)=6.958663, intercept=-92.263070 (0.182s) [OMP=0.153 ISP-L=0.003 ISP-F=0.009 MW-L=0.005 MW-F=0.007]
  Alt-Benders[3]: LB stagnated, break
  OMP re-solve: 0.000s

=== True-DRO Benders iter 29 ===
  OMP: t₀=17.088090, UB=21.029045, gap=1.87e-01, x=[0, 0, 0, 0, 0, 1, 0, 0, 0, 1, 0, 0, 0, 0, 0, 0, 0, 0, 0, 0, 0, 0, 0, 0, 0, 0, 0, 0, 0, 0, 0, 0, 0, 0, 0, 0] (0.000s)
  Sub: Z₀=19.147898 [LOCAL] (0.1s), α=[0.000,0.000,0.182,0.000,0.000,3.864,0.000,0.000,0.000,5.282,0.000,0.000,0.000,0.616,0.000,0.000,0.000,0.000,0.000,0.000,0.000,0.000,0.000,0.000,0.000,0.000,0.000,0.000,0.000,0.000,0.000,0.000,0.000,0.000,0.000,0.000]
  Iter 29: LB=17.088090  UB=21.029045  gap=1.87e-01
  Cut: intercept=-1098.224809, π_x_range=[-817.5566, 560.3250]
  Mini-Benders[1] (mw): LB=17.088090, Z₀(α*)=2.793513, intercept=-30.710560 (0.167s) [OMP=0.153 ISP-L=0.003 ISP-F=0.010 MW-L=0.005 MW-F=0.006]
  Mini-Benders[2] (mw): LB=17.088090, Z₀(α*)=2.793513, intercept=-30.710560 (0.166s) [OMP=0.127 ISP-L=0.003 ISP-F=0.010 MW-L=0.013 MW-F=0.006]
  Mini-Benders[3]: LB stagnated, break
  α-step: Z₀=22.881798, α=[0.000,0.000,1.762,0.000,0.000,3.199,0.000,0.000,0.000,0.000,0.000,0.000,0.000,3.403,0.000,0.000,0.000,0.000,0.000,0.000,0.000,0.000,0.000,0.000,0.000,0.000,0.000,0.000,0.000,0.000,0.000,0.000,1.580,0.000,0.000,0.000]
  Alt-Benders[1] (mw): LB=17.088090, Z₀(α*)=8.192622, intercept=-87.834435 (0.177s) [OMP=0.164 ISP-L=0.003 ISP-F=0.009 MW-L=0.006 MW-F=0.007]
  Alt-Benders[2] (mw): LB=17.088090, Z₀(α*)=8.192622, intercept=-87.834435 (0.182s) [OMP=0.155 ISP-L=0.003 ISP-F=0.009 MW-L=0.006 MW-F=0.006]
  Alt-Benders[3]: LB stagnated, break
  OMP re-solve: 0.000s

=== True-DRO Benders iter 30 ===
  OMP: t₀=17.088090, UB=21.029045, gap=1.87e-01, x=[0, 0, 0, 0, 0, 1, 0, 0, 0, 0, 0, 0, 0, 0, 0, 0, 0, 1, 0, 0, 0, 0, 0, 0, 0, 0, 0, 0, 0, 0, 0, 0, 0, 0, 0, 0] (0.000s)
  Sub: Z₀=19.762533 (0.4s), α=[0.000,0.000,0.000,0.000,0.000,3.643,0.000,0.000,0.000,0.000,0.000,0.000,0.000,1.222,0.000,0.000,0.000,5.080,0.000,0.000,0.000,0.000,0.000,0.000,0.000,0.000,0.000,0.000,0.000,0.000,0.000,0.000,0.000,0.000,0.000,0.000]
  Iter 30: LB=17.088090  UB=19.762533  gap=1.35e-01
  Cut: intercept=-87.158916, π_x_range=[-241.0000, 61.7801]
  Sherali-Cut: intercept=-86.708976, π_x_range=[-69.5060, 61.7227]
  Mini-Benders[1] (mw): LB=17.088090, Z₀(α*)=4.435583, intercept=-33.065363 (0.203s) [OMP=0.168 ISP-L=0.004 ISP-F=0.010 MW-L=0.007 MW-F=0.007]
  Mini-Benders[2] (mw): LB=17.088090, Z₀(α*)=4.435583, intercept=-33.065363 (0.182s) [OMP=0.154 ISP-L=0.004 ISP-F=0.010 MW-L=0.006 MW-F=0.007]
  Mini-Benders[3]: LB stagnated, break
  α-step: Z₀=19.190320, α=[0.000,0.000,1.622,0.000,0.000,0.124,0.000,0.000,0.000,0.000,0.000,0.000,0.000,4.607,0.000,0.000,0.000,0.140,0.000,0.000,0.000,0.000,0.000,0.000,0.000,0.000,0.000,0.000,0.000,1.871,0.000,0.000,0.841,0.739,0.000,0.000]
  Alt-Benders[1] (mw): LB=17.088090, Z₀(α*)=22.881798, intercept=-29.130297 (0.200s) [OMP=0.170 ISP-L=0.003 ISP-F=0.010 MW-L=0.013 MW-F=0.007]
  Alt-Benders[2] (mw): LB=17.088090, Z₀(α*)=18.717118, intercept=-37.917322 (0.166s) [OMP=0.152 ISP-L=0.003 ISP-F=0.010 MW-L=0.005 MW-F=0.007]
  Alt-Benders[3]: LB stagnated, break
  OMP re-solve: 0.000s

=== True-DRO Benders iter 31 ===
  OMP: t₀=17.088090, UB=19.762533, gap=1.35e-01, x=[0, 0, 0, 0, 0, 1, 0, 0, 0, 0, 0, 0, 0, 0, 0, 0, 0, 0, 0, 0, 0, 0, 0, 0, 0, 0, 0, 0, 0, 1, 0, 0, 0, 0, 0, 0] (0.000s)
  Sub: Z₀=20.146491 [LOCAL] (0.1s), α=[0.000,0.000,0.000,0.000,0.000,5.278,0.000,0.000,0.000,0.000,0.000,0.000,0.000,1.366,0.000,0.000,0.000,0.000,0.000,0.000,0.000,0.000,0.000,0.000,0.000,0.000,0.000,0.000,0.000,2.168,1.133,0.000,0.000,0.000,0.000,0.000]
  Iter 31: LB=17.088090  UB=19.762533  gap=1.35e-01
  Cut: intercept=-1134.579932, π_x_range=[-817.7277, 590.4921]
  Mini-Benders[1] (mw): LB=17.088090, Z₀(α*)=18.648906, intercept=-35.569944 (0.185s) [OMP=0.154 ISP-L=0.003 ISP-F=0.009 MW-L=0.005 MW-F=0.006]
  Mini-Benders[2] (mw): LB=17.088090, Z₀(α*)=9.093654, intercept=-83.420730 (0.182s) [OMP=0.154 ISP-L=0.003 ISP-F=0.009 MW-L=0.005 MW-F=0.008]
  Mini-Benders[3]: LB stagnated, break
  α-step: Z₀=23.399875, α=[0.000,0.000,0.000,0.000,0.000,4.128,0.544,0.000,0.000,0.000,0.000,0.000,0.000,2.900,0.000,0.000,0.000,2.280,0.000,0.000,0.000,0.000,0.000,0.000,0.000,0.000,0.000,0.000,0.000,0.092,0.000,0.000,0.000,0.000,0.000,0.000]
  Alt-Benders[1] (mw): LB=17.153078, Z₀(α*)=-38.975260, intercept=-151.355786 (0.229s) [OMP=0.199 ISP-L=0.004 ISP-F=0.009 MW-L=0.006 MW-F=0.008]
  Alt-Benders[2] (mw): LB=17.153078, Z₀(α*)=-38.975260, intercept=-151.355786 (0.213s) [OMP=0.189 ISP-L=0.004 ISP-F=0.008 MW-L=0.006 MW-F=0.008]
  Alt-Benders[3] (mw): LB=17.153078, Z₀(α*)=-38.975260, intercept=-151.355786 (0.213s) [OMP=0.190 ISP-L=0.004 ISP-F=0.008 MW-L=0.006 MW-F=0.008]
  Alt-Benders[4]: LB stagnated, break
  OMP re-solve: 0.000s

=== True-DRO Benders iter 32 ===
  OMP: t₀=17.153078, UB=19.762533, gap=1.32e-01, x=[0, 0, 0, 0, 0, 0, 0, 0, 0, 0, 0, 0, 1, 0, 0, 0, 0, 0, 0, 0, 0, 0, 0, 0, 0, 0, 0, 0, 0, 0, 0, 0, 0, 1, 0, 0] (0.000s)
  Sub: Z₀=17.078195 [LOCAL] (0.1s), α=[0.000,0.000,0.000,0.000,0.000,0.000,0.000,0.000,0.000,0.000,0.000,0.000,1.659,0.150,0.000,0.000,0.000,0.000,0.000,0.000,0.000,0.000,0.000,0.000,0.000,0.000,0.000,0.000,0.000,0.000,0.000,0.000,0.000,8.136,0.000,0.000]
  Iter 32: LB=17.153078  UB=19.762533  gap=1.32e-01
  Cut: intercept=-1159.182190, π_x_range=[-819.6735, 592.4029]
  Mini-Benders[1] (mw): LB=17.153078, Z₀(α*)=17.153080, intercept=-147.527405 (0.229s) [OMP=0.191 ISP-L=0.003 ISP-F=0.010 MW-L=0.015 MW-F=0.007]
  Mini-Benders[2] (mw): LB=17.153078, Z₀(α*)=17.153080, intercept=-147.527405 (0.182s) [OMP=0.164 ISP-L=0.004 ISP-F=0.009 MW-L=0.006 MW-F=0.007]
  Mini-Benders[3]: LB stagnated, break
  α-step: Z₀=17.153080, α=[0.000,0.000,0.000,0.000,0.000,0.000,0.000,0.000,0.000,0.000,0.000,0.000,1.820,1.079,0.000,0.000,0.000,0.000,0.000,0.000,0.000,0.000,0.000,0.000,0.000,0.000,0.000,0.000,0.000,0.000,0.000,0.000,0.000,7.045,0.000,0.000]
  Alt-Benders[1] (mw): LB=17.153078, Z₀(α*)=17.153080, intercept=-147.527404 (0.182s) [OMP=0.170 ISP-L=0.003 ISP-F=0.009 MW-L=0.005 MW-F=0.007]
  Alt-Benders[2] (mw): LB=17.153078, Z₀(α*)=17.153080, intercept=-147.527404 (0.198s) [OMP=0.171 ISP-L=0.003 ISP-F=0.009 MW-L=0.005 MW-F=0.007]
  Alt-Benders[3]: LB stagnated, break
  OMP re-solve: 0.000s

=== True-DRO Benders iter 33 ===
  OMP: t₀=17.153078, UB=19.762533, gap=1.32e-01, x=[0, 0, 0, 0, 0, 0, 0, 0, 0, 0, 0, 0, 1, 0, 0, 0, 0, 0, 0, 0, 0, 0, 0, 0, 0, 0, 0, 0, 0, 0, 0, 0, 0, 1, 0, 0] (0.000s)
  Sub: Z₀=17.078195 [LOCAL] (0.1s), α=[0.000,0.000,0.000,0.000,0.000,0.000,0.000,0.000,0.000,0.000,0.000,0.000,1.659,0.150,0.000,0.000,0.000,0.000,0.000,0.000,0.000,0.000,0.000,0.000,0.000,0.000,0.000,0.000,0.000,0.000,0.000,0.000,0.000,8.136,0.000,0.000]
  Iter 33: LB=17.153078  UB=19.762533  gap=1.32e-01
  Cut: intercept=-1159.182190, π_x_range=[-819.6735, 592.4029]
  Mini-Benders[1] (mw): LB=17.153078, Z₀(α*)=17.153080, intercept=-147.527405 (0.184s) [OMP=0.166 ISP-L=0.004 ISP-F=0.009 MW-L=0.007 MW-F=0.007]
  Mini-Benders[2] (mw): LB=17.153078, Z₀(α*)=17.153080, intercept=-147.527405 (0.214s) [OMP=0.175 ISP-L=0.003 ISP-F=0.010 MW-L=0.006 MW-F=0.007]
  Mini-Benders[3]: LB stagnated, break
  α-step: Z₀=17.153080, α=[0.000,0.000,0.000,0.000,0.000,0.000,0.000,0.000,0.000,0.000,0.000,0.000,1.820,1.079,0.000,0.000,0.000,0.000,0.000,0.000,0.000,0.000,0.000,0.000,0.000,0.000,0.000,0.000,0.000,0.000,0.000,0.000,0.000,7.045,0.000,0.000]
  Alt-Benders[1] (mw): LB=17.153078, Z₀(α*)=17.153080, intercept=-147.527404 (0.197s) [OMP=0.169 ISP-L=0.003 ISP-F=0.009 MW-L=0.005 MW-F=0.007]
  Alt-Benders[2] (mw): LB=17.153078, Z₀(α*)=17.153080, intercept=-147.527404 (0.198s) [OMP=0.173 ISP-L=0.004 ISP-F=0.010 MW-L=0.005 MW-F=0.015]
  Alt-Benders[3]: LB stagnated, break
  OMP re-solve: 0.000s

=== True-DRO Benders iter 34 ===
  OMP: t₀=17.153078, UB=19.762533, gap=1.32e-01, x=[0, 0, 0, 0, 0, 0, 0, 0, 0, 0, 0, 0, 1, 0, 0, 0, 0, 0, 0, 0, 0, 0, 0, 0, 0, 0, 0, 0, 0, 0, 0, 0, 0, 1, 0, 0] (0.000s)
  Sub: Z₀=17.078195 [LOCAL] (0.1s), α=[0.000,0.000,0.000,0.000,0.000,0.000,0.000,0.000,0.000,0.000,0.000,0.000,1.659,0.150,0.000,0.000,0.000,0.000,0.000,0.000,0.000,0.000,0.000,0.000,0.000,0.000,0.000,0.000,0.000,0.000,0.000,0.000,0.000,8.136,0.000,0.000]
  Iter 34: LB=17.153078  UB=19.762533  gap=1.32e-01
  Cut: intercept=-1159.182190, π_x_range=[-819.6735, 592.4029]
  Mini-Benders[1] (mw): LB=17.153078, Z₀(α*)=17.153080, intercept=-147.527405 (0.169s) [OMP=0.154 ISP-L=0.003 ISP-F=0.009 MW-L=0.006 MW-F=0.006]
  Mini-Benders[2] (mw): LB=17.153078, Z₀(α*)=17.153080, intercept=-147.527405 (0.200s) [OMP=0.160 ISP-L=0.003 ISP-F=0.010 MW-L=0.006 MW-F=0.007]
  Mini-Benders[3]: LB stagnated, break
  α-step: Z₀=17.153080, α=[0.000,0.000,0.000,0.000,0.000,0.000,0.000,0.000,0.000,0.000,0.000,0.000,1.820,1.079,0.000,0.000,0.000,0.000,0.000,0.000,0.000,0.000,0.000,0.000,0.000,0.000,0.000,0.000,0.000,0.000,0.000,0.000,0.000,7.045,0.000,0.000]
  Alt-Benders[1] (mw): LB=17.153078, Z₀(α*)=17.153080, intercept=-147.527404 (0.198s) [OMP=0.154 ISP-L=0.003 ISP-F=0.009 MW-L=0.005 MW-F=0.014]
  Alt-Benders[2] (mw): LB=17.153078, Z₀(α*)=17.153080, intercept=-147.527404 (0.245s) [OMP=0.223 ISP-L=0.004 ISP-F=0.009 MW-L=0.006 MW-F=0.008]
  Alt-Benders[3]: LB stagnated, break
  OMP re-solve: 0.000s

=== True-DRO Benders iter 35 ===
  OMP: t₀=17.153078, UB=19.762533, gap=1.32e-01, x=[0, 0, 0, 0, 0, 0, 0, 0, 0, 0, 0, 0, 1, 0, 0, 0, 0, 0, 0, 0, 0, 0, 0, 0, 0, 0, 0, 0, 0, 0, 0, 0, 0, 1, 0, 0] (0.000s)
  Sub: Z₀=17.153080 (0.2s), α=[0.000,0.000,0.000,0.000,0.000,0.000,0.000,0.000,0.000,0.000,0.000,0.000,1.820,1.079,0.000,0.000,0.000,0.000,0.000,0.000,0.000,0.000,0.000,0.000,0.000,0.000,0.000,0.000,0.000,0.000,0.000,0.000,0.000,7.045,0.000,0.000]
  Iter 35: LB=17.153078  UB=17.153080  gap=1.15e-07
True-DRO Benders converged at iter 35 (gap=1.15e-07)
  Wall time: 48.00 sec
  OMP  time: mean=0.091s, median=0.110s, max=0.223s
  Sub  time (exact): mean=0.492s, median=0.383s, q90=0.998s, max=1.456s (n=7/35)

Result (single_l): Z₀=17.153080, iters=35, time=48.1s
x arcs = [13, 34]
