============================================================
polska — double: ε̂=0.50, ε̃=0.50, β=0.70
============================================================
Set parameter Username
Set parameter LicenseID to value 2742039
Academic license - for non-commercial use only - expires 2026-11-20
Set parameter Username
Set parameter LicenseID to value 2742039
Academic license - for non-commercial use only - expires 2026-11-20
Set parameter OutputFlag to value 1
Set parameter LogFile to value "global_miqcp.log"
Set parameter Username
Set parameter LicenseID to value 2742039
Academic license - for non-commercial use only - expires 2026-11-20
Set parameter Username
Set parameter LicenseID to value 2742039
Academic license - for non-commercial use only - expires 2026-11-20
Set parameter Username
Set parameter LicenseID to value 2742039
Academic license - for non-commercial use only - expires 2026-11-20
Set parameter Username
Set parameter LicenseID to value 2742039
Academic license - for non-commercial use only - expires 2026-11-20

=== True-DRO Benders iter 1 ===
  OMP: t₀=6.268929, UB=Inf, gap=NaN, x=[0, 0, 0, 0, 0, 0, 0, 0, 0, 0, 0, 0, 1, 0, 0, 0, 0, 0, 0, 0, 0, 0, 0, 0, 0, 0, 0, 0, 0, 0, 0, 0, 0, 1, 0, 0] (0.012s)
  Sub: Z₀=17.111981 [LOCAL] (0.1s), α=[0.000,0.000,0.000,0.000,0.000,0.000,0.000,0.000,0.000,0.000,0.000,0.000,1.659,0.150,0.000,0.000,0.000,0.000,0.000,0.000,0.000,0.000,0.000,0.000,0.000,0.000,0.000,0.000,0.000,0.000,0.000,0.000,0.000,8.136,0.000,0.000]
  Iter 1: LB=6.268929  UB=Inf  gap=NaN
  Cut: intercept=-1158.370969, π_x_range=[-819.2011, 592.2528]
  Mini-Benders[1] (mw): LB=9.544851, Z₀(α*)=18.853927, intercept=-61.626994 (0.081s) [OMP=0.029 ISP-L=0.005 ISP-F=0.014 MW-L=0.006 MW-F=0.014]
  Mini-Benders[2] (mw): LB=9.735199, Z₀(α*)=-16.806013, intercept=-47.117906 (0.075s) [OMP=0.045 ISP-L=0.003 ISP-F=0.010 MW-L=0.006 MW-F=0.010]
  Mini-Benders[3] (mw): LB=9.735199, Z₀(α*)=-16.806013, intercept=-47.117906 (0.082s) [OMP=0.041 ISP-L=0.003 ISP-F=0.010 MW-L=0.006 MW-F=0.022]
  Mini-Benders[4] (mw): LB=9.735199, Z₀(α*)=-16.806013, intercept=-47.117906 (0.072s) [OMP=0.041 ISP-L=0.003 ISP-F=0.010 MW-L=0.006 MW-F=0.010]
  Mini-Benders[5]: LB stagnated, break
Set parameter NonConvex to value 2
Set parameter DualReductions to value 0
  α-step: Z₀=21.511698, α=[0.000,0.000,2.654,0.000,0.000,0.000,0.000,0.000,0.000,0.000,0.000,0.000,0.000,0.000,0.000,0.000,0.000,2.410,0.000,0.000,0.000,0.000,0.000,0.000,0.000,0.000,0.000,0.000,0.000,0.000,0.000,0.000,4.422,0.460,0.000,0.000]
  Alt-Benders[1] (mw): LB=10.950919, Z₀(α*)=5.472685, intercept=-10.914222 (0.106s) [OMP=0.078 ISP-L=0.003 ISP-F=0.010 MW-L=0.006 MW-F=0.009]
  Alt-Benders[2] (mw): LB=10.950919, Z₀(α*)=5.472685, intercept=-10.914222 (0.106s) [OMP=0.078 ISP-L=0.003 ISP-F=0.010 MW-L=0.006 MW-F=0.009]
  Alt-Benders[3] (mw): LB=10.950919, Z₀(α*)=5.472685, intercept=-10.914222 (0.119s) [OMP=0.078 ISP-L=0.003 ISP-F=0.010 MW-L=0.016 MW-F=0.010]
  Alt-Benders[4]: LB stagnated, break
  OMP re-solve: 0.000s

=== True-DRO Benders iter 2 ===
  OMP: t₀=10.950919, UB=Inf, gap=NaN, x=[0, 0, 0, 0, 0, 0, 0, 0, 0, 0, 0, 0, 1, 1, 0, 0, 0, 0, 0, 0, 0, 0, 0, 0, 0, 0, 0, 0, 0, 0, 0, 0, 0, 0, 0, 0] (0.000s)
  Sub: Z₀=22.272976 [LOCAL] (0.1s), α=[0.000,0.000,2.118,0.000,0.000,0.000,0.000,0.000,0.000,0.000,0.000,0.000,0.913,1.879,0.000,0.000,0.000,0.050,0.000,0.000,0.000,0.000,0.000,0.000,0.000,0.000,0.000,0.000,0.000,0.000,0.000,0.000,0.000,4.985,0.000,0.000]
  Iter 2: LB=10.950919  UB=Inf  gap=NaN
  Cut: intercept=-1138.799632, π_x_range=[-819.8259, 588.8886]
  Mini-Benders[1] (mw): LB=11.035939, Z₀(α*)=20.473259, intercept=-44.908499 (0.104s) [OMP=0.072 ISP-L=0.003 ISP-F=0.010 MW-L=0.005 MW-F=0.009]
  Mini-Benders[2] (mw): LB=11.592142, Z₀(α*)=15.575210, intercept=-38.767184 (0.120s) [OMP=0.086 ISP-L=0.003 ISP-F=0.009 MW-L=0.006 MW-F=0.009]
  Mini-Benders[3] (mw): LB=11.656086, Z₀(α*)=19.664461, intercept=-53.964690 (0.106s) [OMP=0.082 ISP-L=0.003 ISP-F=0.010 MW-L=0.005 MW-F=0.009]
  Mini-Benders[4] (mw): LB=11.763232, Z₀(α*)=4.619111, intercept=-58.112238 (0.135s) [OMP=0.085 ISP-L=0.003 ISP-F=0.011 MW-L=0.007 MW-F=0.018]
  Mini-Benders[5] (mw): LB=11.763232, Z₀(α*)=4.619111, intercept=-58.112238 (0.104s) [OMP=0.078 ISP-L=0.004 ISP-F=0.011 MW-L=0.007 MW-F=0.010]
  α-step: Z₀=18.105254, α=[0.000,0.000,0.211,0.000,0.000,1.636,0.000,0.000,0.000,0.000,0.000,0.000,0.000,0.495,0.000,0.000,0.000,0.466,0.000,0.000,0.000,0.000,0.000,0.000,0.000,0.000,0.000,0.000,0.000,0.372,0.480,0.000,5.433,0.851,0.000,0.000]
  Alt-Benders[1] (mw): LB=11.781872, Z₀(α*)=4.948685, intercept=-7.065302 (0.104s) [OMP=0.080 ISP-L=0.003 ISP-F=0.010 MW-L=0.005 MW-F=0.010]
  Alt-Benders[2] (mw): LB=11.781872, Z₀(α*)=4.948685, intercept=-7.065302 (0.122s) [OMP=0.086 ISP-L=0.003 ISP-F=0.010 MW-L=0.005 MW-F=0.010]
  Alt-Benders[3] (mw): LB=11.781872, Z₀(α*)=4.948685, intercept=-7.065302 (0.122s) [OMP=0.084 ISP-L=0.003 ISP-F=0.010 MW-L=0.005 MW-F=0.018]
  Alt-Benders[4]: LB stagnated, break
  OMP re-solve: 0.000s

=== True-DRO Benders iter 3 ===
  OMP: t₀=11.781872, UB=Inf, gap=NaN, x=[0, 0, 0, 0, 0, 0, 0, 0, 0, 0, 0, 0, 0, 0, 1, 0, 0, 0, 0, 0, 0, 0, 0, 0, 0, 0, 0, 0, 0, 0, 0, 0, 0, 1, 0, 0] (0.000s)
  Sub: Z₀=22.681052 [LOCAL] (0.1s), α=[0.000,0.000,1.696,0.000,0.000,0.000,0.000,0.000,0.000,0.000,0.000,0.000,0.000,0.000,0.000,0.000,0.000,0.000,0.000,0.000,0.000,0.000,0.000,0.000,0.000,0.000,0.000,0.000,0.000,0.000,0.000,0.000,0.012,8.237,0.000,0.000]
  Iter 3: LB=11.781872  UB=Inf  gap=NaN
  Cut: intercept=-1133.500328, π_x_range=[-824.2260, 580.3342]
  Mini-Benders[1] (mw): LB=11.781872, Z₀(α*)=22.815528, intercept=-0.513292 (0.122s) [OMP=0.085 ISP-L=0.003 ISP-F=0.010 MW-L=0.005 MW-F=0.013]
  Mini-Benders[2] (mw): LB=11.781872, Z₀(α*)=22.815528, intercept=-0.513289 (0.104s) [OMP=0.076 ISP-L=0.003 ISP-F=0.010 MW-L=0.005 MW-F=0.009]
  Mini-Benders[3]: LB stagnated, break
  α-step QCP failed (True-DRO subproblem: INFEASIBLE (no feasible solution)), fallback to LP
  α-step: Z₀=20.270927, α=[0.000,0.000,0.000,0.000,0.000,0.000,0.000,0.000,0.000,0.000,0.000,0.000,0.000,0.000,0.000,0.000,0.000,4.240,0.000,0.000,0.000,0.000,0.000,0.000,0.000,0.000,0.000,0.000,0.000,0.000,0.000,0.000,0.000,5.704,0.000,0.000] [LP-fallback]
  Alt-Benders[1] (mw): LB=11.781872, Z₀(α*)=22.289596, intercept=-7.686356 (0.120s) [OMP=0.082 ISP-L=0.003 ISP-F=0.010 MW-L=0.005 MW-F=0.011]
  Alt-Benders[2] (mw): LB=11.781872, Z₀(α*)=20.689007, intercept=-56.832396 (0.106s) [OMP=0.085 ISP-L=0.003 ISP-F=0.009 MW-L=0.005 MW-F=0.013]
  Alt-Benders[3]: LB stagnated, break
  OMP re-solve: 0.000s

=== True-DRO Benders iter 4 ===
  OMP: t₀=11.781872, UB=Inf, gap=NaN, x=[0, 0, 0, 0, 0, 0, 0, 0, 0, 1, 0, 0, 0, 0, 0, 0, 0, 0, 0, 0, 0, 0, 0, 0, 0, 0, 0, 0, 0, 0, 0, 0, 0, 1, 0, 0] (0.000s)
  Sub: Z₀=21.601609 [LOCAL] (0.2s), α=[0.000,0.000,4.204,0.000,0.000,0.000,0.000,0.000,0.000,0.000,0.000,0.000,0.000,0.000,0.000,0.000,0.000,0.000,0.000,0.000,0.000,0.000,0.000,0.000,0.000,0.000,0.000,0.000,0.000,0.000,0.000,0.000,0.091,5.650,0.000,0.000]
  Iter 4: LB=11.781872  UB=Inf  gap=NaN
  Cut: intercept=-1129.092126, π_x_range=[-823.8265, 581.9839]
  Mini-Benders[1] (mw): LB=11.781872, Z₀(α*)=22.326414, intercept=-4.779981 (0.119s) [OMP=0.086 ISP-L=0.003 ISP-F=0.012 MW-L=0.006 MW-F=0.011]
  Mini-Benders[2] (mw): LB=11.908421, Z₀(α*)=20.033445, intercept=-43.455939 (0.136s) [OMP=0.098 ISP-L=0.003 ISP-F=0.012 MW-L=0.005 MW-F=0.025]
  Mini-Benders[3] (mw): LB=12.273291, Z₀(α*)=24.113629, intercept=5.608918 (0.135s) [OMP=0.091 ISP-L=0.003 ISP-F=0.010 MW-L=0.005 MW-F=0.016]
  Mini-Benders[4] (mw): LB=12.381944, Z₀(α*)=23.123191, intercept=-17.371073 (0.121s) [OMP=0.089 ISP-L=0.003 ISP-F=0.011 MW-L=0.005 MW-F=0.011]
  Mini-Benders[5] (mw): LB=12.533151, Z₀(α*)=24.894388, intercept=-11.803091 (0.122s) [OMP=0.097 ISP-L=0.003 ISP-F=0.010 MW-L=0.005 MW-F=0.017]
  α-step: Z₀=25.591056, α=[0.000,0.000,1.784,0.000,0.000,0.000,0.000,0.000,0.000,0.000,0.000,0.000,0.000,0.000,0.000,0.000,0.000,3.117,0.000,0.000,0.000,0.000,0.000,0.000,0.000,0.000,0.000,0.000,0.000,0.000,0.000,0.000,2.025,3.019,0.000,0.000]
  Alt-Benders[1] (mw): LB=12.533151, Z₀(α*)=15.762180, intercept=-47.613573 (0.135s) [OMP=0.116 ISP-L=0.003 ISP-F=0.009 MW-L=0.005 MW-F=0.009]
  Alt-Benders[2] (mw): LB=12.533151, Z₀(α*)=17.351488, intercept=-21.337814 (0.135s) [OMP=0.093 ISP-L=0.004 ISP-F=0.022 MW-L=0.006 MW-F=0.010]
  Alt-Benders[3] (mw): LB=12.533151, Z₀(α*)=25.156589, intercept=-3.738870 (0.122s) [OMP=0.090 ISP-L=0.003 ISP-F=0.010 MW-L=0.005 MW-F=0.010]
  Alt-Benders[4]: LB stagnated, break
  OMP re-solve: 0.000s

=== True-DRO Benders iter 5 ===
  OMP: t₀=12.533151, UB=Inf, gap=NaN, x=[0, 0, 0, 0, 0, 0, 0, 0, 0, 0, 0, 0, 0, 0, 0, 0, 0, 0, 0, 0, 0, 0, 0, 0, 1, 0, 0, 0, 0, 0, 0, 0, 1, 0, 0, 0] (0.000s)
  Sub: Z₀=23.355113 (0.4s), α=[0.000,0.000,2.437,0.000,0.000,0.000,0.000,0.000,0.000,2.746,0.000,0.000,0.000,0.884,0.000,0.000,0.000,0.312,0.000,0.000,0.000,0.000,0.000,0.000,2.767,0.000,0.000,0.000,0.000,0.798,0.000,0.000,0.000,0.000,0.000,0.000]
  Iter 5: LB=12.533151  UB=23.355113  gap=4.63e-01
  Cut: intercept=-54.520023, π_x_range=[-252.0000, 50.3980]
  Sherali-Cut: intercept=-40.316975, π_x_range=[-113.5774, 52.7674]
  Mini-Benders[1] (mw): LB=13.096807, Z₀(α*)=-6.576243, intercept=-39.331104 (0.151s) [OMP=0.110 ISP-L=0.004 ISP-F=0.011 MW-L=0.015 MW-F=0.012]
  Mini-Benders[2] (mw): LB=13.096807, Z₀(α*)=-6.576243, intercept=-39.331104 (0.135s) [OMP=0.104 ISP-L=0.004 ISP-F=0.011 MW-L=0.007 MW-F=0.012]
  Mini-Benders[3] (mw): LB=13.096807, Z₀(α*)=-6.576243, intercept=-39.331104 (0.135s) [OMP=0.103 ISP-L=0.004 ISP-F=0.011 MW-L=0.008 MW-F=0.012]
  Mini-Benders[4]: LB stagnated, break
  α-step: Z₀=23.121346, α=[0.000,0.000,0.000,0.000,0.000,2.235,0.000,0.000,0.000,0.000,0.000,0.000,0.000,4.607,0.000,0.000,0.000,2.002,0.000,0.000,0.000,0.000,0.000,0.000,0.000,0.000,0.000,0.000,0.000,0.000,0.000,0.000,0.514,0.587,0.000,0.000]
  Alt-Benders[1] (mw): LB=13.096807, Z₀(α*)=13.630067, intercept=-81.781715 (0.128s) [OMP=0.100 ISP-L=0.003 ISP-F=0.010 MW-L=0.005 MW-F=0.011]
  Alt-Benders[2] (mw): LB=13.096807, Z₀(α*)=4.081250, intercept=-55.360357 (0.120s) [OMP=0.090 ISP-L=0.003 ISP-F=0.011 MW-L=0.013 MW-F=0.007]
  Alt-Benders[3] (mw): LB=13.096807, Z₀(α*)=4.081250, intercept=-55.360357 (0.119s) [OMP=0.096 ISP-L=0.003 ISP-F=0.010 MW-L=0.006 MW-F=0.007]
  Alt-Benders[4]: LB stagnated, break
  OMP re-solve: 0.000s

=== True-DRO Benders iter 6 ===
  OMP: t₀=13.096807, UB=23.355113, gap=4.39e-01, x=[0, 0, 0, 0, 0, 0, 0, 0, 0, 0, 0, 0, 1, 0, 0, 0, 0, 0, 0, 0, 0, 0, 0, 0, 0, 0, 0, 1, 0, 0, 0, 0, 0, 0, 0, 0] (0.000s)
  Sub: Z₀=22.816920 [LOCAL] (0.2s), α=[0.000,0.000,4.563,0.000,0.000,0.000,0.000,0.000,0.000,0.000,0.000,0.000,0.599,0.065,0.000,0.000,0.000,0.000,0.000,0.000,0.000,0.000,0.000,0.000,0.000,0.000,0.000,0.000,0.000,0.000,0.000,0.000,0.000,4.718,0.000,0.000]
  Iter 6: LB=13.096807  UB=23.355113  gap=4.39e-01
  Cut: intercept=-1129.324414, π_x_range=[-819.6437, 581.2788]
  Mini-Benders[1] (mw): LB=13.096807, Z₀(α*)=21.931648, intercept=-29.094286 (0.135s) [OMP=0.095 ISP-L=0.003 ISP-F=0.008 MW-L=0.006 MW-F=0.013]
  Mini-Benders[2] (mw): LB=13.096807, Z₀(α*)=20.876068, intercept=-45.484679 (0.122s) [OMP=0.096 ISP-L=0.003 ISP-F=0.012 MW-L=0.007 MW-F=0.010]
  Mini-Benders[3]: LB stagnated, break
  α-step: Z₀=14.752307, α=[0.000,0.000,5.422,0.000,0.000,0.000,0.000,0.000,0.000,0.000,0.000,0.000,0.000,0.000,0.000,0.000,0.000,0.000,0.000,0.000,0.000,0.000,0.000,0.000,0.000,0.000,0.000,0.000,0.000,0.000,0.000,0.000,0.000,4.522,0.000,0.000]
  Alt-Benders[1] (mw): LB=13.096807, Z₀(α*)=20.053550, intercept=-29.971456 (0.124s) [OMP=0.095 ISP-L=0.003 ISP-F=0.011 MW-L=0.007 MW-F=0.010]
  Alt-Benders[2] (mw): LB=13.096807, Z₀(α*)=21.152375, intercept=-17.448142 (0.138s) [OMP=0.097 ISP-L=0.003 ISP-F=0.009 MW-L=0.005 MW-F=0.020]
  Alt-Benders[3]: LB stagnated, break
  OMP re-solve: 0.000s

=== True-DRO Benders iter 7 ===
  OMP: t₀=13.096807, UB=23.355113, gap=4.39e-01, x=[0, 0, 0, 0, 0, 0, 0, 0, 0, 0, 0, 0, 1, 0, 0, 0, 0, 0, 0, 0, 0, 1, 0, 0, 0, 0, 0, 0, 0, 0, 0, 0, 0, 0, 0, 0] (0.000s)
  Sub: Z₀=23.194731 [LOCAL] (0.2s), α=[0.000,0.000,1.425,0.000,0.000,0.000,0.000,0.000,0.000,0.000,0.000,0.000,3.237,0.674,0.000,0.000,0.000,1.951,0.000,0.000,0.000,0.000,0.000,0.000,0.000,0.000,0.000,0.000,0.000,0.000,0.000,0.000,0.000,2.657,0.000,0.000]
  Iter 7: LB=13.096807  UB=23.355113  gap=4.39e-01
  Cut: intercept=-1110.018840, π_x_range=[-817.6156, 576.4681]
  Mini-Benders[1] (mw): LB=13.510969, Z₀(α*)=12.056955, intercept=-60.520312 (0.166s) [OMP=0.127 ISP-L=0.003 ISP-F=0.011 MW-L=0.005 MW-F=0.010]
  Mini-Benders[2] (mw): LB=13.510969, Z₀(α*)=12.056955, intercept=-60.520312 (0.136s) [OMP=0.098 ISP-L=0.003 ISP-F=0.011 MW-L=0.005 MW-F=0.018]
  Mini-Benders[3] (mw): LB=13.510969, Z₀(α*)=12.056955, intercept=-60.520312 (0.121s) [OMP=0.098 ISP-L=0.003 ISP-F=0.011 MW-L=0.006 MW-F=0.010]
  Mini-Benders[4]: LB stagnated, break
  α-step: Z₀=21.172739, α=[0.000,0.000,4.782,0.000,0.000,0.000,0.000,0.000,0.000,0.000,0.000,0.000,0.000,1.281,0.000,0.000,0.000,0.000,0.000,0.000,0.000,0.000,0.000,0.000,0.000,0.000,0.000,0.000,0.000,0.000,0.000,0.000,3.881,0.000,0.000,0.000]
  Alt-Benders[1] (mw): LB=13.630065, Z₀(α*)=2.293520, intercept=-44.319287 (0.126s) [OMP=0.105 ISP-L=0.003 ISP-F=0.010 MW-L=0.006 MW-F=0.010]
  Alt-Benders[2] (mw): LB=13.630065, Z₀(α*)=2.293520, intercept=-44.319287 (0.135s) [OMP=0.096 ISP-L=0.003 ISP-F=0.011 MW-L=0.006 MW-F=0.010]
  Alt-Benders[3] (mw): LB=13.630065, Z₀(α*)=2.293520, intercept=-44.319287 (0.135s) [OMP=0.096 ISP-L=0.003 ISP-F=0.010 MW-L=0.006 MW-F=0.018]
  Alt-Benders[4]: LB stagnated, break
  OMP re-solve: 0.000s

=== True-DRO Benders iter 8 ===
  OMP: t₀=13.630065, UB=23.355113, gap=4.16e-01, x=[0, 0, 0, 0, 0, 0, 0, 0, 0, 0, 0, 0, 1, 0, 0, 0, 0, 0, 0, 0, 0, 0, 0, 0, 1, 0, 0, 0, 0, 0, 0, 0, 0, 0, 0, 0] (0.000s)
  Sub: Z₀=23.213587 [LOCAL] (0.3s), α=[0.000,0.000,0.000,0.000,0.000,0.000,0.000,0.000,0.000,0.000,0.000,0.000,1.287,1.018,0.000,0.000,0.000,3.519,0.000,0.000,0.000,0.000,0.000,0.000,0.000,0.000,0.000,0.000,0.000,0.000,0.000,0.000,0.000,4.120,0.000,0.000]
  Iter 8: LB=13.630065  UB=23.355113  gap=4.16e-01
  Cut: intercept=-1100.473849, π_x_range=[-820.7417, 562.6577]
  Mini-Benders[1] (mw): LB=13.843235, Z₀(α*)=14.310012, intercept=-21.495877 (0.135s) [OMP=0.105 ISP-L=0.003 ISP-F=0.011 MW-L=0.006 MW-F=0.010]
  Mini-Benders[2] (mw): LB=13.881227, Z₀(α*)=20.039024, intercept=-43.550556 (0.135s) [OMP=0.101 ISP-L=0.003 ISP-F=0.010 MW-L=0.006 MW-F=0.008]
  Mini-Benders[3] (mw): LB=13.891826, Z₀(α*)=18.236915, intercept=-4.119347 (0.154s) [OMP=0.129 ISP-L=0.003 ISP-F=0.011 MW-L=0.005 MW-F=0.009]
  Mini-Benders[4] (mw): LB=14.310010, Z₀(α*)=14.310012, intercept=-21.495877 (0.137s) [OMP=0.103 ISP-L=0.003 ISP-F=0.011 MW-L=0.006 MW-F=0.018]
  Mini-Benders[5] (mw): LB=14.310010, Z₀(α*)=14.310012, intercept=-21.495877 (0.135s) [OMP=0.105 ISP-L=0.003 ISP-F=0.011 MW-L=0.006 MW-F=0.011]
  α-step: Z₀=24.862149, α=[0.000,0.000,4.171,0.000,0.000,0.000,0.000,0.000,0.000,0.000,0.000,0.000,0.000,2.059,0.000,0.000,0.000,0.000,0.000,0.000,0.000,0.000,0.427,0.000,0.000,0.000,0.000,0.000,0.000,0.000,0.000,0.000,3.287,0.000,0.000,0.000]
  Alt-Benders[1] (mw): LB=14.318869, Z₀(α*)=19.137429, intercept=-22.101816 (0.122s) [OMP=0.102 ISP-L=0.004 ISP-F=0.010 MW-L=0.006 MW-F=0.008]
  Alt-Benders[2] (mw): LB=14.622305, Z₀(α*)=24.862149, intercept=-19.952090 (0.184s) [OMP=0.144 ISP-L=0.003 ISP-F=0.010 MW-L=0.005 MW-F=0.015]
  Alt-Benders[3] (mw): LB=14.752307, Z₀(α*)=8.667728, intercept=-37.328836 (0.166s) [OMP=0.135 ISP-L=0.003 ISP-F=0.010 MW-L=0.006 MW-F=0.010]
  Alt-Benders[4] (mw): LB=14.752307, Z₀(α*)=8.667728, intercept=-37.328836 (0.136s) [OMP=0.103 ISP-L=0.011 ISP-F=0.011 MW-L=0.006 MW-F=0.009]
  Alt-Benders[5] (mw): LB=14.752307, Z₀(α*)=8.667728, intercept=-37.328836 (0.137s) [OMP=0.105 ISP-L=0.003 ISP-F=0.011 MW-L=0.006 MW-F=0.010]
  OMP re-solve: 0.102s

=== True-DRO Benders iter 9 ===
  OMP: t₀=14.752307, UB=23.355113, gap=3.68e-01, x=[0, 0, 0, 0, 0, 0, 0, 0, 0, 1, 0, 0, 1, 0, 0, 0, 0, 0, 0, 0, 0, 0, 0, 0, 0, 0, 0, 0, 0, 0, 0, 0, 0, 0, 0, 0] (0.000s)
  Sub: Z₀=21.736375 [LOCAL] (0.2s), α=[0.000,0.000,5.422,0.000,0.000,0.000,0.000,0.000,0.000,0.000,0.000,0.000,0.000,0.000,0.000,0.000,0.000,0.000,0.000,0.000,0.000,0.000,0.000,0.000,0.000,0.000,0.000,0.000,0.000,0.000,0.000,0.000,0.000,4.522,0.000,0.000]
  Iter 9: LB=14.752307  UB=23.355113  gap=3.68e-01
  Cut: intercept=-1116.117503, π_x_range=[-823.2196, 569.7276]
  Mini-Benders[1] (mw): LB=15.575208, Z₀(α*)=21.813291, intercept=-3.895479 (0.154s) [OMP=0.131 ISP-L=0.003 ISP-F=0.010 MW-L=0.007 MW-F=0.010]
  Mini-Benders[2] (mw): LB=15.762178, Z₀(α*)=17.574534, intercept=-35.102256 (0.167s) [OMP=0.139 ISP-L=0.003 ISP-F=0.008 MW-L=0.006 MW-F=0.012]
  Mini-Benders[3] (mw): LB=15.801379, Z₀(α*)=22.850665, intercept=-4.140874 (0.166s) [OMP=0.141 ISP-L=0.003 ISP-F=0.010 MW-L=0.014 MW-F=0.009]
  Mini-Benders[4] (mw): LB=15.920516, Z₀(α*)=22.850665, intercept=-8.756612 (0.182s) [OMP=0.147 ISP-L=0.003 ISP-F=0.010 MW-L=0.006 MW-F=0.011]
  Mini-Benders[5] (mw): LB=15.978276, Z₀(α*)=26.542142, intercept=26.542143 (0.183s) [OMP=0.142 ISP-L=0.003 ISP-F=0.010 MW-L=0.007 MW-F=0.015]
  α-step: Z₀=19.580776, α=[0.000,0.000,0.000,0.000,0.000,6.486,0.000,0.000,0.000,0.000,0.000,0.000,0.000,0.116,0.000,0.000,0.000,1.762,0.000,0.000,0.000,0.000,0.000,0.000,0.000,0.000,0.000,0.000,0.000,0.000,0.000,0.000,1.580,0.000,0.000,0.000]
  Alt-Benders[1] (mw): LB=16.651563, Z₀(α*)=14.616314, intercept=-33.169806 (0.167s) [OMP=0.140 ISP-L=0.002 ISP-F=0.011 MW-L=0.004 MW-F=0.010]
  Alt-Benders[2] (mw): LB=16.651563, Z₀(α*)=14.616314, intercept=-33.169806 (0.166s) [OMP=0.133 ISP-L=0.003 ISP-F=0.011 MW-L=0.013 MW-F=0.009]
  Alt-Benders[3] (mw): LB=16.651563, Z₀(α*)=14.616314, intercept=-33.169806 (0.182s) [OMP=0.148 ISP-L=0.003 ISP-F=0.011 MW-L=0.005 MW-F=0.010]
  Alt-Benders[4]: LB stagnated, break
  OMP re-solve: 0.000s

=== True-DRO Benders iter 10 ===
  OMP: t₀=16.651563, UB=23.355113, gap=2.87e-01, x=[0, 0, 0, 0, 0, 0, 1, 0, 0, 0, 0, 0, 0, 0, 0, 0, 0, 0, 0, 0, 0, 0, 1, 0, 0, 0, 0, 0, 0, 0, 0, 0, 0, 0, 0, 0] (0.000s)
  Sub: Z₀=24.911754 (0.4s), α=[0.000,0.000,3.792,0.000,0.000,0.076,0.000,0.000,0.000,0.000,0.000,0.000,0.000,0.925,0.000,0.000,0.000,0.000,0.000,0.000,0.000,0.000,5.152,0.000,0.000,0.000,0.000,0.000,0.000,0.000,0.000,0.000,0.000,0.000,0.000,0.000]
  Iter 10: LB=16.651563  UB=23.355113  gap=2.87e-01
  Cut: intercept=-46.898485, π_x_range=[-197.0000, 47.7861]
  Sherali-Cut: intercept=15.755532, π_x_range=[-130.5998, 9.1390]
  Mini-Benders[1] (mw): LB=16.876266, Z₀(α*)=-1.388576, intercept=-102.696248 (0.198s) [OMP=0.162 ISP-L=0.003 ISP-F=0.010 MW-L=0.012 MW-F=0.012]
  Mini-Benders[2] (mw): LB=16.876266, Z₀(α*)=-1.388576, intercept=-102.696248 (0.182s) [OMP=0.150 ISP-L=0.003 ISP-F=0.010 MW-L=0.005 MW-F=0.012]
  Mini-Benders[3] (mw): LB=16.876266, Z₀(α*)=-1.388576, intercept=-102.696248 (0.182s) [OMP=0.154 ISP-L=0.003 ISP-F=0.010 MW-L=0.005 MW-F=0.012]
  Mini-Benders[4]: LB stagnated, break
  α-step: Z₀=20.572576, α=[0.000,0.000,6.778,0.000,0.000,0.000,0.000,0.000,0.000,0.000,0.000,0.000,0.000,0.000,0.000,0.000,0.000,0.000,0.000,0.000,0.000,0.000,1.813,0.000,0.000,0.000,0.000,0.000,0.000,0.000,0.000,0.000,1.353,0.000,0.000,0.000]
  Alt-Benders[1] (mw): LB=16.886266, Z₀(α*)=7.466325, intercept=-62.009620 (0.173s) [OMP=0.149 ISP-L=0.004 ISP-F=0.011 MW-L=0.006 MW-F=0.009]
  Alt-Benders[2] (mw): LB=16.886266, Z₀(α*)=7.466325, intercept=-62.009620 (0.167s) [OMP=0.131 ISP-L=0.004 ISP-F=0.010 MW-L=0.006 MW-F=0.017]
  Alt-Benders[3] (mw): LB=16.886266, Z₀(α*)=7.466325, intercept=-62.009620 (0.166s) [OMP=0.132 ISP-L=0.003 ISP-F=0.011 MW-L=0.006 MW-F=0.009]
  Alt-Benders[4]: LB stagnated, break
  OMP re-solve: 0.000s

=== True-DRO Benders iter 11 ===
  OMP: t₀=16.886266, UB=23.355113, gap=2.77e-01, x=[0, 0, 0, 0, 0, 0, 0, 0, 0, 0, 0, 0, 0, 0, 0, 0, 0, 0, 0, 0, 0, 0, 1, 0, 1, 0, 0, 0, 0, 0, 0, 0, 0, 0, 0, 0] (0.000s)
  Sub: Z₀=20.898580 [LOCAL] (0.2s), α=[0.000,0.000,0.000,0.000,0.000,0.043,0.044,0.000,0.000,0.000,0.000,0.000,0.000,1.002,0.000,0.000,0.000,4.295,0.000,0.000,0.000,0.000,1.411,0.000,1.153,0.000,0.000,0.000,0.000,0.000,0.000,0.000,1.667,0.329,0.000,0.000]
  Iter 11: LB=16.886266  UB=23.355113  gap=2.77e-01
  Cut: intercept=-1074.639567, π_x_range=[-819.3184, 551.9957]
  Mini-Benders[1] (mw): LB=16.886266, Z₀(α*)=10.715305, intercept=-34.098928 (0.182s) [OMP=0.145 ISP-L=0.003 ISP-F=0.012 MW-L=0.006 MW-F=0.010]
  Mini-Benders[2] (mw): LB=16.886266, Z₀(α*)=10.715305, intercept=-34.098928 (0.167s) [OMP=0.136 ISP-L=0.003 ISP-F=0.012 MW-L=0.006 MW-F=0.010]
  Mini-Benders[3]: LB stagnated, break
  α-step: Z₀=24.856753, α=[0.000,0.000,0.177,0.000,0.000,0.508,0.000,0.000,0.000,0.000,0.000,0.000,0.000,1.873,0.000,0.000,0.000,4.005,0.000,0.000,0.000,0.000,0.100,0.000,0.000,0.000,0.000,0.000,0.000,0.000,0.000,0.000,3.101,0.180,0.000,0.000]
  Alt-Benders[1] (mw): LB=16.886266, Z₀(α*)=24.856753, intercept=-26.545207 (0.161s) [OMP=0.135 ISP-L=0.003 ISP-F=0.009 MW-L=0.005 MW-F=0.014]
  Alt-Benders[2] (mw): LB=17.088090, Z₀(α*)=19.578764, intercept=-51.948311 (0.151s) [OMP=0.130 ISP-L=0.003 ISP-F=0.011 MW-L=0.006 MW-F=0.008]
  Alt-Benders[3] (mw): LB=17.088090, Z₀(α*)=20.239680, intercept=-22.091029 (0.182s) [OMP=0.140 ISP-L=0.004 ISP-F=0.011 MW-L=0.006 MW-F=0.008]
  Alt-Benders[4] (mw): LB=17.088090, Z₀(α*)=18.988973, intercept=-65.466502 (0.182s) [OMP=0.154 ISP-L=0.003 ISP-F=0.011 MW-L=0.007 MW-F=0.011]
  Alt-Benders[5]: LB stagnated, break
  OMP re-solve: 0.000s

=== True-DRO Benders iter 12 ===
  OMP: t₀=17.088090, UB=23.355113, gap=2.68e-01, x=[0, 0, 0, 0, 0, 1, 0, 0, 0, 0, 0, 0, 0, 0, 0, 0, 0, 0, 0, 0, 0, 0, 0, 0, 0, 0, 0, 0, 0, 0, 1, 0, 0, 0, 0, 0] (0.000s)
  Sub: Z₀=22.105858 [LOCAL] (0.1s), α=[0.000,0.000,1.446,0.000,0.000,4.696,0.000,0.000,0.000,0.000,0.000,0.000,0.000,0.818,0.000,0.000,0.000,0.555,0.000,0.000,0.000,0.000,0.000,0.000,0.000,0.000,0.000,0.000,0.000,0.120,1.207,0.000,0.369,0.732,0.000,0.000]
  Iter 12: LB=17.088090  UB=23.355113  gap=2.68e-01
  Cut: intercept=-1125.484496, π_x_range=[-817.8248, 591.8839]
  Mini-Benders[1] (mw): LB=17.088090, Z₀(α*)=17.979952, intercept=-51.270068 (0.182s) [OMP=0.158 ISP-L=0.003 ISP-F=0.011 MW-L=0.006 MW-F=0.008]
  Mini-Benders[2] (mw): LB=17.088090, Z₀(α*)=19.429869, intercept=-31.171245 (0.183s) [OMP=0.153 ISP-L=0.003 ISP-F=0.011 MW-L=0.005 MW-F=0.008]
  Mini-Benders[3]: LB stagnated, break
  α-step: Z₀=19.190320, α=[0.000,0.000,0.000,0.000,0.000,5.040,0.000,0.000,0.000,0.000,0.000,0.000,0.000,1.107,0.000,0.000,0.000,1.762,0.000,0.000,0.000,0.000,0.000,0.000,0.000,0.000,0.000,0.000,0.000,0.454,0.000,0.000,1.580,0.000,0.000,0.000]
  Alt-Benders[1] (mw): LB=17.088090, Z₀(α*)=19.190320, intercept=-27.279964 (0.198s) [OMP=0.172 ISP-L=0.003 ISP-F=0.010 MW-L=0.006 MW-F=0.016]
  Alt-Benders[2] (mw): LB=17.111981, Z₀(α*)=-16.217863, intercept=-38.077732 (0.198s) [OMP=0.166 ISP-L=0.003 ISP-F=0.010 MW-L=0.006 MW-F=0.010]
  Alt-Benders[3] (mw): LB=17.111981, Z₀(α*)=-16.217863, intercept=-38.077732 (0.182s) [OMP=0.145 ISP-L=0.003 ISP-F=0.010 MW-L=0.014 MW-F=0.011]
  Alt-Benders[4] (mw): LB=17.111981, Z₀(α*)=-16.217863, intercept=-38.077732 (0.182s) [OMP=0.145 ISP-L=0.003 ISP-F=0.010 MW-L=0.006 MW-F=0.011]
  Alt-Benders[5]: LB stagnated, break
  OMP re-solve: 0.000s

=== True-DRO Benders iter 13 ===
  OMP: t₀=17.111981, UB=23.355113, gap=2.67e-01, x=[0, 0, 0, 0, 0, 0, 0, 0, 0, 0, 0, 0, 1, 0, 0, 0, 0, 0, 0, 0, 0, 0, 0, 0, 0, 0, 0, 0, 0, 0, 0, 0, 0, 1, 0, 0] (0.000s)
  Sub: Z₀=17.111981 [LOCAL] (0.1s), α=[0.000,0.000,0.000,0.000,0.000,0.000,0.000,0.000,0.000,0.000,0.000,0.000,1.659,0.150,0.000,0.000,0.000,0.000,0.000,0.000,0.000,0.000,0.000,0.000,0.000,0.000,0.000,0.000,0.000,0.000,0.000,0.000,0.000,8.136,0.000,0.000]
  Iter 13: LB=17.111981  UB=23.355113  gap=2.67e-01
  Cut: intercept=-1158.370969, π_x_range=[-819.2011, 592.2528]
  Mini-Benders[1] (mw): LB=17.111981, Z₀(α*)=17.153080, intercept=-69.594770 (0.200s) [OMP=0.177 ISP-L=0.004 ISP-F=0.009 MW-L=0.006 MW-F=0.012]
  Mini-Benders[2] (mw): LB=17.153078, Z₀(α*)=17.153080, intercept=-69.594770 (0.213s) [OMP=0.174 ISP-L=0.003 ISP-F=0.009 MW-L=0.005 MW-F=0.012]
  Mini-Benders[3] (mw): LB=17.153078, Z₀(α*)=17.153080, intercept=-69.594770 (0.198s) [OMP=0.168 ISP-L=0.003 ISP-F=0.009 MW-L=0.014 MW-F=0.011]
  Mini-Benders[4] (mw): LB=17.153078, Z₀(α*)=17.153080, intercept=-69.594770 (0.198s) [OMP=0.164 ISP-L=0.003 ISP-F=0.010 MW-L=0.006 MW-F=0.012]
  Mini-Benders[5]: LB stagnated, break
  α-step: Z₀=17.153080, α=[0.000,0.000,0.000,0.000,0.000,0.000,0.000,0.000,0.000,0.000,0.000,0.000,2.900,0.000,0.000,0.000,0.000,0.000,0.000,0.000,0.000,0.000,0.000,0.000,0.000,0.000,0.000,0.000,0.000,0.000,0.000,0.000,0.000,7.045,0.000,0.000]
  Alt-Benders[1] (mw): LB=17.153078, Z₀(α*)=17.153080, intercept=-69.594770 (0.175s) [OMP=0.153 ISP-L=0.003 ISP-F=0.009 MW-L=0.006 MW-F=0.010]
  Alt-Benders[2] (mw): LB=17.153078, Z₀(α*)=17.153080, intercept=-69.594770 (0.167s) [OMP=0.136 ISP-L=0.003 ISP-F=0.009 MW-L=0.006 MW-F=0.010]
  Alt-Benders[3] (mw): LB=17.153078, Z₀(α*)=17.153080, intercept=-69.594770 (0.166s) [OMP=0.136 ISP-L=0.003 ISP-F=0.010 MW-L=0.013 MW-F=0.010]
  Alt-Benders[4]: LB stagnated, break
  OMP re-solve: 0.000s

=== True-DRO Benders iter 14 ===
  OMP: t₀=17.153078, UB=23.355113, gap=2.66e-01, x=[0, 0, 0, 0, 0, 0, 0, 0, 0, 0, 0, 0, 1, 0, 0, 0, 0, 0, 0, 0, 0, 0, 0, 0, 0, 0, 0, 0, 0, 0, 0, 0, 0, 1, 0, 0] (0.000s)
  Sub: Z₀=17.111981 [LOCAL] (0.1s), α=[0.000,0.000,0.000,0.000,0.000,0.000,0.000,0.000,0.000,0.000,0.000,0.000,1.659,0.150,0.000,0.000,0.000,0.000,0.000,0.000,0.000,0.000,0.000,0.000,0.000,0.000,0.000,0.000,0.000,0.000,0.000,0.000,0.000,8.136,0.000,0.000]
  Iter 14: LB=17.153078  UB=23.355113  gap=2.66e-01
  Cut: intercept=-1158.370969, π_x_range=[-819.2011, 592.2528]
  Mini-Benders[1] (mw): LB=17.153075, Z₀(α*)=17.153080, intercept=-69.594770 (0.182s) [OMP=0.147 ISP-L=0.004 ISP-F=0.009 MW-L=0.006 MW-F=0.012]
  Mini-Benders[2] (mw): LB=17.153078, Z₀(α*)=17.153080, intercept=-69.594770 (0.167s) [OMP=0.139 ISP-L=0.003 ISP-F=0.009 MW-L=0.006 MW-F=0.012]
  Mini-Benders[3] (mw): LB=17.153078, Z₀(α*)=17.153080, intercept=-69.594770 (0.166s) [OMP=0.135 ISP-L=0.004 ISP-F=0.009 MW-L=0.006 MW-F=0.012]
  Mini-Benders[4] (mw): LB=17.153075, Z₀(α*)=17.153080, intercept=-69.594770 (0.182s) [OMP=0.142 ISP-L=0.003 ISP-F=0.009 MW-L=0.006 MW-F=0.020]
  Mini-Benders[5] (mw): LB=17.153078, Z₀(α*)=17.153080, intercept=-69.594770 (0.167s) [OMP=0.136 ISP-L=0.003 ISP-F=0.009 MW-L=0.006 MW-F=0.012]
  α-step: Z₀=17.153080, α=[0.000,0.000,0.000,0.000,0.000,0.000,0.000,0.000,0.000,0.000,0.000,0.000,2.900,0.000,0.000,0.000,0.000,0.000,0.000,0.000,0.000,0.000,0.000,0.000,0.000,0.000,0.000,0.000,0.000,0.000,0.000,0.000,0.000,7.045,0.000,0.000]
  Alt-Benders[1] (mw): LB=17.153075, Z₀(α*)=17.153080, intercept=-69.594770 (0.182s) [OMP=0.146 ISP-L=0.003 ISP-F=0.009 MW-L=0.006 MW-F=0.010]
  Alt-Benders[2] (mw): LB=17.153078, Z₀(α*)=17.153080, intercept=-69.594770 (0.166s) [OMP=0.145 ISP-L=0.003 ISP-F=0.009 MW-L=0.006 MW-F=0.010]
  Alt-Benders[3] (mw): LB=17.153078, Z₀(α*)=17.153080, intercept=-69.594770 (0.182s) [OMP=0.140 ISP-L=0.003 ISP-F=0.009 MW-L=0.006 MW-F=0.017]
  Alt-Benders[4] (mw): LB=17.153078, Z₀(α*)=17.153080, intercept=-69.594770 (0.167s) [OMP=0.141 ISP-L=0.003 ISP-F=0.009 MW-L=0.006 MW-F=0.010]
  Alt-Benders[5]: LB stagnated, break
  OMP re-solve: 0.000s

=== True-DRO Benders iter 15 ===
  OMP: t₀=17.153078, UB=23.355113, gap=2.66e-01, x=[0, 0, 0, 0, 0, 0, 0, 0, 0, 0, 0, 0, 1, 0, 0, 0, 0, 0, 0, 0, 0, 0, 0, 0, 0, 0, 0, 0, 0, 0, 0, 0, 0, 1, 0, 0] (0.000s)
  Sub: Z₀=21.813291 (0.3s), α=[0.000,0.000,0.000,0.000,0.000,0.000,0.000,0.000,0.000,0.000,0.000,0.000,0.000,0.000,0.000,0.000,0.000,5.422,0.000,0.000,0.000,0.000,0.000,0.000,0.000,0.000,0.000,0.000,0.000,0.000,0.000,0.000,0.000,4.522,0.000,0.000]
  Iter 15: LB=17.153078  UB=21.813291  gap=2.14e-01
  Cut: intercept=-85.745641, π_x_range=[-162.1483, 72.9970]
  Sherali-Cut: intercept=-34.044678, π_x_range=[-66.5895, 30.9185]
  Mini-Benders[1] (mw): LB=17.351486, Z₀(α*)=3.537565, intercept=-37.106270 (0.182s) [OMP=0.143 ISP-L=0.004 ISP-F=0.011 MW-L=0.006 MW-F=0.018]
  Mini-Benders[2] (mw): LB=17.351486, Z₀(α*)=3.537565, intercept=-37.106270 (0.182s) [OMP=0.158 ISP-L=0.004 ISP-F=0.010 MW-L=0.006 MW-F=0.011]
  Mini-Benders[3] (mw): LB=17.351486, Z₀(α*)=3.537565, intercept=-37.106270 (0.198s) [OMP=0.158 ISP-L=0.004 ISP-F=0.010 MW-L=0.006 MW-F=0.011]
  Mini-Benders[4]: LB stagnated, break
  α-step: Z₀=23.821406, α=[0.000,0.000,0.000,0.000,0.000,0.000,0.000,0.000,0.000,0.000,0.000,0.000,0.000,0.000,0.000,0.000,0.000,3.131,0.000,0.000,0.000,0.000,0.000,0.000,0.000,0.000,0.000,0.000,0.000,2.792,0.000,0.000,3.004,1.018,0.000,0.000]
  Alt-Benders[1] (mw): LB=17.574532, Z₀(α*)=0.778009, intercept=-65.220897 (0.178s) [OMP=0.155 ISP-L=0.003 ISP-F=0.009 MW-L=0.005 MW-F=0.009]
  Alt-Benders[2] (mw): LB=17.574532, Z₀(α*)=0.778009, intercept=-65.220897 (0.182s) [OMP=0.146 ISP-L=0.003 ISP-F=0.009 MW-L=0.005 MW-F=0.016]
  Alt-Benders[3] (mw): LB=17.574532, Z₀(α*)=0.778009, intercept=-65.220897 (0.166s) [OMP=0.143 ISP-L=0.003 ISP-F=0.009 MW-L=0.005 MW-F=0.009]
  Alt-Benders[4]: LB stagnated, break
  OMP re-solve: 0.000s

=== True-DRO Benders iter 16 ===
  OMP: t₀=17.574532, UB=21.813291, gap=1.94e-01, x=[0, 0, 1, 0, 0, 0, 0, 0, 0, 0, 0, 0, 0, 0, 0, 0, 0, 0, 0, 0, 0, 0, 0, 0, 0, 0, 0, 0, 0, 0, 0, 0, 1, 0, 0, 0] (0.000s)
  Sub: Z₀=18.856478 [LOCAL] (0.2s), α=[0.000,0.000,7.094,0.000,0.000,0.000,0.000,0.000,0.000,0.000,0.000,0.000,0.000,0.000,0.000,0.000,0.000,0.000,0.000,0.000,0.000,0.000,0.000,0.000,0.000,0.000,0.000,0.000,0.000,0.000,0.000,0.000,2.611,0.239,0.000,0.000]
  Iter 16: LB=17.574532  UB=21.813291  gap=1.94e-01
  Cut: intercept=-1149.120858, π_x_range=[-823.6338, 591.4322]
  Mini-Benders[1] (mw): LB=17.646731, Z₀(α*)=3.423826, intercept=-0.366285 (0.167s) [OMP=0.137 ISP-L=0.004 ISP-F=0.010 MW-L=0.007 MW-F=0.010]
  Mini-Benders[2] (mw): LB=17.646731, Z₀(α*)=3.423826, intercept=-0.366285 (0.182s) [OMP=0.148 ISP-L=0.004 ISP-F=0.009 MW-L=0.007 MW-F=0.010]
  Mini-Benders[3] (mw): LB=17.646731, Z₀(α*)=3.423826, intercept=-0.366285 (0.182s) [OMP=0.148 ISP-L=0.004 ISP-F=0.009 MW-L=0.007 MW-F=0.010]
  Mini-Benders[4]: LB stagnated, break
  α-step: Z₀=21.813291, α=[0.000,0.000,5.422,0.000,0.000,0.000,0.000,0.000,0.000,0.000,0.000,0.000,0.000,0.000,0.000,0.000,0.000,0.000,0.000,0.000,0.000,0.000,0.000,0.000,0.000,0.000,0.000,0.000,0.000,0.000,0.000,0.000,3.034,1.488,0.000,0.000]
  Alt-Benders[1] (mw): LB=17.715154, Z₀(α*)=24.291219, intercept=24.291220 (0.187s) [OMP=0.170 ISP-L=0.003 ISP-F=0.009 MW-L=0.006 MW-F=0.011]
  Alt-Benders[2] (mw): LB=17.789650, Z₀(α*)=21.813291, intercept=1.305483 (0.151s) [OMP=0.120 ISP-L=0.004 ISP-F=0.011 MW-L=0.006 MW-F=0.008]
  Alt-Benders[3] (mw): LB=17.850145, Z₀(α*)=23.792740, intercept=26.542147 (0.197s) [OMP=0.159 ISP-L=0.003 ISP-F=0.010 MW-L=0.005 MW-F=0.007]
  Alt-Benders[4] (mw): LB=17.863816, Z₀(α*)=26.542142, intercept=24.192395 (0.183s) [OMP=0.159 ISP-L=0.003 ISP-F=0.010 MW-L=0.005 MW-F=0.017]
  Alt-Benders[5] (mw): LB=17.863816, Z₀(α*)=26.542142, intercept=26.542149 (0.197s) [OMP=0.155 ISP-L=0.003 ISP-F=0.011 MW-L=0.013 MW-F=0.007]
  OMP re-solve: 0.146s

=== True-DRO Benders iter 17 ===
  OMP: t₀=17.863816, UB=21.813291, gap=1.81e-01, x=[0, 0, 0, 0, 0, 0, 0, 0, 0, 1, 0, 0, 0, 1, 0, 0, 0, 0, 0, 0, 0, 0, 0, 0, 0, 0, 0, 0, 0, 0, 0, 0, 0, 0, 0, 0] (0.000s)
  Sub: Z₀=22.913994 [LOCAL] (0.2s), α=[0.000,0.000,5.422,0.000,0.000,0.000,0.000,0.000,0.000,0.000,0.000,0.000,0.000,0.000,0.000,0.000,0.000,0.000,0.000,0.000,0.000,0.000,0.000,0.000,0.000,0.000,0.000,0.000,0.000,0.000,0.000,0.000,0.503,4.019,0.000,0.000]
  Iter 17: LB=17.863816  UB=21.813291  gap=1.81e-01
  Cut: intercept=-1133.564868, π_x_range=[-827.0343, 590.0834]
  Mini-Benders[1] (mw): LB=17.863816, Z₀(α*)=21.152375, intercept=-10.557422 (0.182s) [OMP=0.151 ISP-L=0.003 ISP-F=0.010 MW-L=0.006 MW-F=0.010]
  Mini-Benders[2] (mw): LB=17.863816, Z₀(α*)=23.312228, intercept=19.560662 (0.182s) [OMP=0.157 ISP-L=0.003 ISP-F=0.010 MW-L=0.006 MW-F=0.011]
  Mini-Benders[3]: LB stagnated, break
  α-step: Z₀=24.347064, α=[0.000,0.000,5.569,0.000,0.000,0.000,0.000,0.000,0.000,0.000,0.000,0.000,0.000,0.918,0.000,0.000,0.000,0.000,0.000,0.000,0.000,0.000,0.000,0.000,0.000,0.000,0.000,0.000,0.000,0.000,0.000,0.000,0.000,3.457,0.000,0.000]
  Alt-Benders[1] (mw): LB=17.863816, Z₀(α*)=25.770057, intercept=-50.684082 (0.182s) [OMP=0.159 ISP-L=0.003 ISP-F=0.010 MW-L=0.005 MW-F=0.017]
  Alt-Benders[2] (mw): LB=17.979950, Z₀(α*)=16.710666, intercept=-50.060771 (0.182s) [OMP=0.149 ISP-L=0.003 ISP-F=0.010 MW-L=0.006 MW-F=0.009]
  Alt-Benders[3] (mw): LB=17.979950, Z₀(α*)=16.710666, intercept=-50.060771 (0.151s) [OMP=0.113 ISP-L=0.003 ISP-F=0.010 MW-L=0.006 MW-F=0.009]
  Alt-Benders[4] (mw): LB=17.979950, Z₀(α*)=16.710666, intercept=-50.060771 (0.135s) [OMP=0.111 ISP-L=0.003 ISP-F=0.010 MW-L=0.006 MW-F=0.009]
  Alt-Benders[5]: LB stagnated, break
  OMP re-solve: 0.000s

=== True-DRO Benders iter 18 ===
  OMP: t₀=17.979950, UB=21.813291, gap=1.76e-01, x=[0, 0, 0, 0, 0, 1, 0, 0, 0, 1, 0, 0, 0, 0, 0, 0, 0, 0, 0, 0, 0, 0, 0, 0, 0, 0, 0, 0, 0, 0, 0, 0, 0, 0, 0, 0] (0.000s)
  Sub: Z₀=19.745993 [LOCAL] (0.3s), α=[0.000,0.000,1.129,0.000,0.000,3.377,0.000,0.000,0.000,4.750,0.000,0.000,0.000,0.459,0.000,0.000,0.000,0.000,0.000,0.000,0.000,0.000,0.000,0.000,0.000,0.000,0.000,0.000,0.000,0.000,0.000,0.000,0.113,0.116,0.000,0.000]
  Iter 18: LB=17.979950  UB=21.813291  gap=1.76e-01
  Cut: intercept=-1097.737715, π_x_range=[-816.4839, 562.6432]
  Mini-Benders[1] (mw): LB=17.979955, Z₀(α*)=4.282545, intercept=-30.525492 (0.167s) [OMP=0.134 ISP-L=0.003 ISP-F=0.011 MW-L=0.005 MW-F=0.017]
  Mini-Benders[2] (mw): LB=17.979955, Z₀(α*)=4.282545, intercept=-30.525492 (0.182s) [OMP=0.146 ISP-L=0.003 ISP-F=0.010 MW-L=0.006 MW-F=0.010]
  Mini-Benders[3] (mw): LB=17.979955, Z₀(α*)=4.282545, intercept=-30.525492 (0.167s) [OMP=0.140 ISP-L=0.003 ISP-F=0.011 MW-L=0.006 MW-F=0.010]
  Mini-Benders[4]: LB stagnated, break
  α-step: Z₀=23.121346, α=[0.000,0.000,0.857,0.000,0.000,3.966,0.000,0.000,0.000,0.000,0.000,0.000,0.000,0.000,0.000,0.000,0.000,1.144,0.000,0.000,0.000,0.000,0.000,0.000,0.000,0.000,0.000,0.000,0.000,2.876,0.000,0.000,0.000,1.101,0.000,0.000]
  Alt-Benders[1] (mw): LB=18.105254, Z₀(α*)=11.449937, intercept=-46.542369 (0.182s) [OMP=0.154 ISP-L=0.004 ISP-F=0.011 MW-L=0.007 MW-F=0.008]
  Alt-Benders[2] (mw): LB=18.105254, Z₀(α*)=11.449937, intercept=-46.542369 (0.151s) [OMP=0.114 ISP-L=0.004 ISP-F=0.010 MW-L=0.007 MW-F=0.016]
  Alt-Benders[3] (mw): LB=18.105254, Z₀(α*)=11.449937, intercept=-46.542369 (0.135s) [OMP=0.113 ISP-L=0.004 ISP-F=0.010 MW-L=0.007 MW-F=0.008]
  Alt-Benders[4]: LB stagnated, break
  OMP re-solve: 0.000s

=== True-DRO Benders iter 19 ===
  OMP: t₀=18.105254, UB=21.813291, gap=1.70e-01, x=[0, 0, 0, 0, 0, 1, 0, 0, 0, 0, 0, 0, 0, 0, 0, 0, 0, 0, 0, 0, 0, 0, 0, 0, 0, 0, 0, 0, 0, 0, 0, 0, 1, 0, 0, 0] (0.000s)
  Sub: Z₀=17.610522 [LOCAL] (0.1s), α=[0.000,0.000,0.000,0.000,0.000,3.395,0.000,0.000,0.000,0.000,0.000,0.000,0.000,0.423,0.000,0.000,0.000,0.259,0.000,0.000,0.000,0.000,0.000,0.000,0.000,0.000,0.000,0.000,0.000,0.000,0.000,0.000,5.431,0.436,0.000,0.000]
  Iter 19: LB=18.105254  UB=21.813291  gap=1.70e-01
  Cut: intercept=-1113.638226, π_x_range=[-818.8676, 575.6743]
  Mini-Benders[1] (mw): LB=18.105254, Z₀(α*)=17.687575, intercept=-55.628971 (0.166s) [OMP=0.135 ISP-L=0.003 ISP-F=0.010 MW-L=0.007 MW-F=0.019]
  Mini-Benders[2] (mw): LB=18.105254, Z₀(α*)=17.687575, intercept=-55.628971 (0.182s) [OMP=0.144 ISP-L=0.003 ISP-F=0.010 MW-L=0.007 MW-F=0.019]
  Mini-Benders[3]: LB stagnated, break
  α-step: Z₀=17.687575, α=[0.000,0.000,0.000,0.000,0.000,3.698,0.000,0.000,0.000,0.000,0.000,0.000,0.000,0.000,0.000,0.000,0.000,0.259,0.000,0.000,0.000,0.000,0.000,0.000,0.000,0.000,0.000,0.000,0.000,0.121,0.000,0.000,5.866,0.000,0.000,0.000]
  Alt-Benders[1] (mw): LB=18.105254, Z₀(α*)=17.687575, intercept=-55.628970 (0.175s) [OMP=0.141 ISP-L=0.003 ISP-F=0.010 MW-L=0.015 MW-F=0.017]
  Alt-Benders[2] (mw): LB=18.105254, Z₀(α*)=17.687575, intercept=-55.628970 (0.183s) [OMP=0.142 ISP-L=0.003 ISP-F=0.010 MW-L=0.007 MW-F=0.017]
  Alt-Benders[3]: LB stagnated, break
  OMP re-solve: 0.000s

=== True-DRO Benders iter 20 ===
  OMP: t₀=18.105254, UB=21.813291, gap=1.70e-01, x=[0, 0, 0, 0, 0, 1, 0, 0, 0, 0, 0, 0, 0, 0, 0, 0, 0, 0, 0, 0, 0, 0, 0, 0, 0, 0, 0, 0, 0, 0, 0, 0, 1, 0, 0, 0] (0.000s)
  Sub: Z₀=19.041838 (0.5s), α=[0.000,0.000,0.000,0.000,0.000,1.968,0.000,0.000,0.000,0.000,0.000,0.000,0.000,0.000,0.000,0.000,0.000,1.831,0.000,0.000,0.000,0.000,0.000,0.000,0.000,0.000,0.000,0.000,0.000,0.000,3.423,0.000,2.722,0.000,0.000,0.000]
  Iter 20: LB=18.105254  UB=19.041838  gap=4.92e-02
  Cut: intercept=-79.262969, π_x_range=[-276.0000, 69.6626]
  Sherali-Cut: intercept=-45.374868, π_x_range=[-81.0236, 46.4703]
  Mini-Benders[1] (mw): LB=18.236913, Z₀(α*)=4.705857, intercept=-8.785606 (0.203s) [OMP=0.173 ISP-L=0.003 ISP-F=0.011 MW-L=0.013 MW-F=0.012]
  Mini-Benders[2] (mw): LB=18.236913, Z₀(α*)=4.705857, intercept=-8.785606 (0.198s) [OMP=0.163 ISP-L=0.003 ISP-F=0.011 MW-L=0.006 MW-F=0.013]
  Mini-Benders[3] (mw): LB=18.236913, Z₀(α*)=4.705857, intercept=-8.785606 (0.213s) [OMP=0.168 ISP-L=0.003 ISP-F=0.011 MW-L=0.005 MW-F=0.013]
  Mini-Benders[4]: LB stagnated, break
  α-step: Z₀=24.303789, α=[0.000,0.000,0.000,0.000,0.000,0.000,0.000,0.000,0.000,0.000,0.000,0.000,0.000,0.000,0.000,0.000,0.000,3.613,0.000,0.000,0.000,0.000,0.000,0.000,0.000,0.000,0.000,0.000,0.000,1.828,0.000,0.000,3.004,1.500,0.000,0.000]
  Alt-Benders[1] (mw): LB=18.518400, Z₀(α*)=13.766774, intercept=15.165839 (0.178s) [OMP=0.153 ISP-L=0.003 ISP-F=0.011 MW-L=0.005 MW-F=0.008]
  Alt-Benders[2] (mw): LB=18.518400, Z₀(α*)=13.766774, intercept=15.165839 (0.167s) [OMP=0.128 ISP-L=0.003 ISP-F=0.011 MW-L=0.013 MW-F=0.008]
  Alt-Benders[3] (mw): LB=18.518400, Z₀(α*)=13.766774, intercept=15.165839 (0.151s) [OMP=0.129 ISP-L=0.003 ISP-F=0.011 MW-L=0.005 MW-F=0.008]
  Alt-Benders[4]: LB stagnated, break
  OMP re-solve: 0.000s

=== True-DRO Benders iter 21 ===
  OMP: t₀=18.518400, UB=19.041838, gap=2.75e-02, x=[0, 0, 0, 0, 0, 0, 0, 0, 0, 1, 0, 0, 0, 0, 0, 0, 0, 0, 0, 0, 0, 0, 0, 0, 0, 0, 0, 0, 1, 0, 0, 0, 0, 0, 0, 0] (0.000s)
  Sub: Z₀=23.620938 [LOCAL] (0.1s), α=[0.000,0.000,5.422,0.000,0.000,0.000,0.000,0.000,0.000,0.000,0.000,0.000,0.000,0.000,0.000,0.000,0.000,0.000,0.000,0.000,0.000,0.000,0.000,0.000,0.000,0.000,0.000,0.000,0.000,0.000,0.000,0.000,0.946,3.576,0.000,0.000]
  Iter 21: LB=18.518400  UB=19.041838  gap=2.75e-02
  Cut: intercept=-1109.282773, π_x_range=[-826.5523, 567.0331]
  Mini-Benders[1] (mw): LB=18.518400, Z₀(α*)=25.591056, intercept=19.003335 (0.167s) [OMP=0.142 ISP-L=0.003 ISP-F=0.009 MW-L=0.005 MW-F=0.014]
  Mini-Benders[2] (mw): LB=18.518400, Z₀(α*)=26.542143, intercept=-48.333297 (0.197s) [OMP=0.170 ISP-L=0.003 ISP-F=0.010 MW-L=0.005 MW-F=0.008]
  Mini-Benders[3] (mw): LB=18.561193, Z₀(α*)=21.152375, intercept=-14.674912 (0.214s) [OMP=0.169 ISP-L=0.003 ISP-F=0.010 MW-L=0.005 MW-F=0.023]
  Mini-Benders[4] (mw): LB=18.571193, Z₀(α*)=23.792740, intercept=19.630674 (0.182s) [OMP=0.150 ISP-L=0.003 ISP-F=0.011 MW-L=0.005 MW-F=0.009]
  Mini-Benders[5] (mw): LB=18.571193, Z₀(α*)=23.792740, intercept=-28.046201 (0.198s) [OMP=0.172 ISP-L=0.003 ISP-F=0.010 MW-L=0.005 MW-F=0.011]
  α-step: Z₀=22.897106, α=[0.000,0.000,4.527,0.000,0.000,0.000,0.000,0.000,0.000,0.000,0.000,0.000,0.000,0.000,0.000,0.000,0.000,0.000,0.000,0.000,0.000,0.000,0.000,0.000,0.000,0.000,0.000,0.000,0.000,0.000,0.000,0.000,0.448,4.970,0.000,0.000]
  Alt-Benders[1] (mw): LB=18.571193, Z₀(α*)=23.382908, intercept=15.046923 (0.198s) [OMP=0.158 ISP-L=0.003 ISP-F=0.011 MW-L=0.005 MW-F=0.008]
  Alt-Benders[2] (mw): LB=18.608375, Z₀(α*)=15.612271, intercept=-9.949599 (0.197s) [OMP=0.169 ISP-L=0.003 ISP-F=0.010 MW-L=0.005 MW-F=0.017]
  Alt-Benders[3] (mw): LB=18.608375, Z₀(α*)=15.612271, intercept=-9.949599 (0.198s) [OMP=0.166 ISP-L=0.003 ISP-F=0.010 MW-L=0.006 MW-F=0.010]
  Alt-Benders[4] (mw): LB=18.608375, Z₀(α*)=15.612271, intercept=-9.949599 (0.198s) [OMP=0.165 ISP-L=0.003 ISP-F=0.010 MW-L=0.006 MW-F=0.010]
  Alt-Benders[5]: LB stagnated, break
  OMP re-solve: 0.000s

=== True-DRO Benders iter 22 ===
  OMP: t₀=18.608375, UB=19.041838, gap=2.28e-02, x=[0, 0, 1, 0, 0, 0, 0, 0, 0, 0, 0, 0, 0, 0, 0, 0, 0, 0, 0, 0, 0, 0, 0, 0, 0, 0, 0, 0, 1, 0, 0, 0, 0, 0, 0, 0] (0.000s)
  Sub: Z₀=22.681788 [LOCAL] (0.1s), α=[0.000,0.000,9.944,0.000,0.000,0.000,0.000,0.000,0.000,0.000,0.000,0.000,0.000,0.000,0.000,0.000,0.000,0.000,0.000,0.000,0.000,0.000,0.000,0.000,0.000,0.000,0.000,0.000,0.000,0.000,0.000,0.000,0.000,0.000,0.000,0.000]
  Iter 22: LB=18.608375  UB=19.041838  gap=2.28e-02
  Cut: intercept=-1139.163152, π_x_range=[-823.1690, 584.5540]
  Mini-Benders[1] (mw): LB=18.609749, Z₀(α*)=1.199848, intercept=1.261463 (0.182s) [OMP=0.158 ISP-L=0.004 ISP-F=0.010 MW-L=0.005 MW-F=0.011]
  Mini-Benders[2] (mw): LB=18.609749, Z₀(α*)=1.199848, intercept=1.261463 (0.213s) [OMP=0.166 ISP-L=0.004 ISP-F=0.010 MW-L=0.005 MW-F=0.019]
  Mini-Benders[3] (mw): LB=18.609749, Z₀(α*)=1.199848, intercept=1.261463 (0.182s) [OMP=0.150 ISP-L=0.004 ISP-F=0.010 MW-L=0.006 MW-F=0.011]
  Mini-Benders[4]: LB stagnated, break
  α-step: Z₀=26.342679, α=[0.000,0.000,5.223,0.000,0.000,0.000,0.000,0.000,0.000,0.000,0.000,0.000,0.000,0.000,0.000,0.000,0.000,0.000,0.000,0.000,0.000,0.000,0.000,0.000,0.000,0.000,0.000,0.000,0.000,3.664,0.000,0.000,0.134,0.924,0.000,0.000]
  Alt-Benders[1] (mw): LB=18.609749, Z₀(α*)=10.939474, intercept=-11.170524 (0.195s) [OMP=0.165 ISP-L=0.003 ISP-F=0.009 MW-L=0.006 MW-F=0.010]
  Alt-Benders[2] (mw): LB=18.609749, Z₀(α*)=10.939474, intercept=-11.170524 (0.182s) [OMP=0.166 ISP-L=0.003 ISP-F=0.010 MW-L=0.006 MW-F=0.010]
  Alt-Benders[3] (mw): LB=18.609749, Z₀(α*)=10.939474, intercept=-11.170524 (0.198s) [OMP=0.165 ISP-L=0.003 ISP-F=0.010 MW-L=0.006 MW-F=0.010]
  Alt-Benders[4]: LB stagnated, break
  OMP re-solve: 0.000s

=== True-DRO Benders iter 23 ===
  OMP: t₀=18.609749, UB=19.041838, gap=2.27e-02, x=[0, 0, 0, 0, 0, 0, 0, 0, 0, 1, 0, 0, 0, 0, 0, 0, 0, 0, 0, 0, 0, 0, 0, 0, 0, 0, 0, 0, 0, 0, 1, 0, 0, 0, 0, 0] (0.000s)
  Sub: Z₀=23.510614 [LOCAL] (0.3s), α=[0.000,0.000,4.912,0.000,0.000,0.000,0.000,0.000,0.000,4.511,0.000,0.000,0.000,0.000,0.000,0.000,0.000,0.000,0.000,0.000,0.000,0.000,0.000,0.000,0.000,0.000,0.000,0.521,0.000,0.000,0.000,0.000,0.000,0.000,0.000,0.000]
  Iter 23: LB=18.609749  UB=19.041838  gap=2.27e-02
  Cut: intercept=-1135.911796, π_x_range=[-825.3658, 598.4936]
  Mini-Benders[1] (mw): LB=18.609749, Z₀(α*)=24.180779, intercept=-31.019430 (0.199s) [OMP=0.173 ISP-L=0.003 ISP-F=0.011 MW-L=0.006 MW-F=0.010]
  Mini-Benders[2] (mw): LB=18.609749, Z₀(α*)=16.923514, intercept=-66.534529 (0.213s) [OMP=0.176 ISP-L=0.003 ISP-F=0.010 MW-L=0.006 MW-F=0.010]
  Mini-Benders[3]: LB stagnated, break
  α-step: Z₀=27.582594, α=[0.000,0.000,1.117,0.000,0.000,0.000,0.000,0.000,0.000,0.000,0.000,0.000,0.000,0.000,0.000,0.000,0.000,5.346,0.000,0.000,0.000,0.000,0.000,0.000,0.000,0.000,0.000,1.184,0.000,0.000,0.000,0.000,2.297,0.000,0.000,0.000]
  Alt-Benders[1] (mw): LB=18.609749, Z₀(α*)=17.511387, intercept=-80.726126 (0.186s) [OMP=0.168 ISP-L=0.003 ISP-F=0.010 MW-L=0.007 MW-F=0.008]
  Alt-Benders[2] (mw): LB=18.609749, Z₀(α*)=17.511387, intercept=-80.726126 (0.182s) [OMP=0.143 ISP-L=0.003 ISP-F=0.010 MW-L=0.015 MW-F=0.008]
  Alt-Benders[3]: LB stagnated, break
  OMP re-solve: 0.000s

=== True-DRO Benders iter 24 ===
  OMP: t₀=18.609749, UB=19.041838, gap=2.27e-02, x=[0, 0, 0, 0, 0, 0, 0, 0, 0, 0, 0, 0, 0, 0, 0, 0, 0, 1, 0, 0, 0, 0, 0, 0, 1, 0, 0, 0, 0, 0, 0, 0, 0, 0, 0, 0] (0.000s)
  Sub: Z₀=20.656437 [LOCAL] (0.1s), α=[0.000,0.000,0.000,0.000,0.000,0.000,0.045,0.000,0.000,0.000,0.000,0.000,0.000,0.000,0.000,0.000,0.000,7.897,0.000,0.000,0.000,0.000,0.000,0.000,2.002,0.000,0.000,0.000,0.000,0.000,0.000,0.000,0.000,0.000,0.000,0.000]
  Iter 24: LB=18.609749  UB=19.041838  gap=2.27e-02
  Cut: intercept=-1115.766083, π_x_range=[-824.1492, 587.8309]
  Mini-Benders[1] (mw): LB=18.609749, Z₀(α*)=7.609443, intercept=-32.106632 (0.166s) [OMP=0.129 ISP-L=0.003 ISP-F=0.010 MW-L=0.007 MW-F=0.007]
  Mini-Benders[2] (mw): LB=18.609749, Z₀(α*)=7.609443, intercept=-32.106632 (0.198s) [OMP=0.168 ISP-L=0.003 ISP-F=0.010 MW-L=0.007 MW-F=0.008]
  Mini-Benders[3]: LB stagnated, break
  α-step: Z₀=19.596968, α=[0.000,0.000,1.154,0.000,0.000,0.000,0.000,0.000,0.000,0.000,0.000,0.000,0.000,0.000,0.000,0.000,0.000,8.492,0.000,0.000,0.000,0.000,0.000,0.000,0.000,0.000,0.000,0.000,0.000,0.000,0.000,0.000,0.298,0.000,0.000,0.000]
  Alt-Benders[1] (mw): LB=18.609749, Z₀(α*)=20.542612, intercept=-102.735028 (0.177s) [OMP=0.149 ISP-L=0.004 ISP-F=0.010 MW-L=0.006 MW-F=0.016]
  Alt-Benders[2] (mw): LB=18.609749, Z₀(α*)=13.972261, intercept=-47.100583 (0.198s) [OMP=0.164 ISP-L=0.002 ISP-F=0.011 MW-L=0.005 MW-F=0.013]
  Alt-Benders[3]: LB stagnated, break
  OMP re-solve: 0.000s

=== True-DRO Benders iter 25 ===
  OMP: t₀=18.609749, UB=19.041838, gap=2.27e-02, x=[0, 0, 0, 0, 0, 0, 0, 0, 0, 1, 0, 0, 0, 0, 0, 0, 0, 1, 0, 0, 0, 0, 0, 0, 0, 0, 0, 0, 0, 0, 0, 0, 0, 0, 0, 0] (0.000s)
  Sub: Z₀=25.933769 (0.5s), α=[0.000,0.000,5.243,0.000,0.000,0.000,0.000,0.000,0.000,0.000,0.000,0.000,0.000,0.343,0.000,0.000,0.000,0.000,0.000,0.000,0.000,0.000,0.000,0.000,0.000,0.000,0.000,0.000,0.000,0.000,0.000,0.000,0.000,4.359,0.000,0.000]
  Iter 25: LB=18.609749  UB=19.041838  gap=2.27e-02
  Cut: intercept=-7.332382, π_x_range=[-198.6069, 17.9485]
  Sherali-Cut: intercept=13.151597, π_x_range=[-135.5313, 12.7822]
  Mini-Benders[1] (mw): LB=18.609749, Z₀(α*)=19.275550, intercept=-13.828238 (0.250s) [OMP=0.210 ISP-L=0.003 ISP-F=0.011 MW-L=0.006 MW-F=0.019]
  Mini-Benders[2] (mw): LB=18.609749, Z₀(α*)=23.021303, intercept=22.914499 (0.245s) [OMP=0.206 ISP-L=0.003 ISP-F=0.010 MW-L=0.006 MW-F=0.020]
  Mini-Benders[3]: LB stagnated, break
  α-step: Z₀=21.119708, α=[0.000,0.000,0.182,0.000,0.000,0.000,0.000,0.000,0.000,7.058,0.000,0.000,0.000,0.000,0.000,0.000,0.000,0.000,0.000,0.000,0.000,0.000,0.000,0.000,2.705,0.000,0.000,0.000,0.000,0.000,0.000,0.000,0.000,0.000,0.000,0.000]
  Alt-Benders[1] (mw): LB=18.609749, Z₀(α*)=-0.692722, intercept=-70.137210 (0.208s) [OMP=0.184 ISP-L=0.002 ISP-F=0.011 MW-L=0.006 MW-F=0.008]
  Alt-Benders[2] (mw): LB=18.609749, Z₀(α*)=-0.692722, intercept=-70.137210 (0.197s) [OMP=0.178 ISP-L=0.003 ISP-F=0.010 MW-L=0.006 MW-F=0.007]
  Alt-Benders[3]: LB stagnated, break
  OMP re-solve: 0.000s

=== True-DRO Benders iter 26 ===
  OMP: t₀=18.609749, UB=19.041838, gap=2.27e-02, x=[0, 0, 1, 0, 0, 0, 0, 0, 0, 0, 0, 0, 0, 0, 0, 0, 0, 0, 0, 0, 0, 0, 0, 0, 1, 0, 0, 0, 0, 0, 0, 0, 0, 0, 0, 0] (0.000s)
  Sub: Z₀=22.117017 [LOCAL] (0.1s), α=[0.000,0.000,5.782,0.000,0.000,0.000,0.000,0.000,0.000,0.000,0.000,0.000,0.000,0.000,0.000,0.000,0.000,4.162,0.000,0.000,0.000,0.000,0.000,0.000,0.000,0.000,0.000,0.000,0.000,0.000,0.000,0.000,0.000,0.000,0.000,0.000]
  Iter 26: LB=18.609749  UB=19.041838  gap=2.27e-02
  Cut: intercept=-1107.696042, π_x_range=[-821.3614, 571.9091]
  Mini-Benders[1] (mw): LB=18.609749, Z₀(α*)=23.739203, intercept=-19.712355 (0.216s) [OMP=0.183 ISP-L=0.003 ISP-F=0.009 MW-L=0.007 MW-F=0.012]
  Mini-Benders[2] (mw): LB=18.609749, Z₀(α*)=21.575065, intercept=-48.190279 (0.213s) [OMP=0.182 ISP-L=0.003 ISP-F=0.010 MW-L=0.007 MW-F=0.009]
  Mini-Benders[3]: LB stagnated, break
  α-step: Z₀=14.620770, α=[0.000,0.000,0.165,0.000,0.000,0.000,1.386,0.000,0.000,0.000,0.000,0.000,0.000,1.112,0.000,0.000,0.000,2.080,0.000,0.000,0.000,0.000,0.000,0.000,0.000,0.000,0.000,4.448,0.000,0.000,0.000,0.000,0.753,0.000,0.000,0.000]
  Alt-Benders[1] (mw): LB=18.609749, Z₀(α*)=23.364486, intercept=-9.985155 (0.198s) [OMP=0.171 ISP-L=0.003 ISP-F=0.011 MW-L=0.006 MW-F=0.008]
  Alt-Benders[2] (mw): LB=18.609749, Z₀(α*)=-0.490508, intercept=-45.657540 (0.229s) [OMP=0.204 ISP-L=0.003 ISP-F=0.010 MW-L=0.006 MW-F=0.009]
  Alt-Benders[3]: LB stagnated, break
  OMP re-solve: 0.000s

=== True-DRO Benders iter 27 ===
  OMP: t₀=18.609749, UB=19.041838, gap=2.27e-02, x=[0, 0, 0, 0, 0, 0, 0, 0, 0, 1, 0, 0, 0, 0, 0, 0, 0, 0, 0, 0, 0, 0, 0, 0, 0, 0, 0, 0, 0, 1, 0, 0, 0, 0, 0, 0] (0.000s)
  Sub: Z₀=23.573089 [LOCAL] (0.2s), α=[0.000,0.000,5.422,0.000,0.000,0.000,0.000,0.000,0.000,0.000,0.000,0.000,0.000,0.000,0.000,0.000,0.000,0.000,0.000,0.000,0.000,0.000,0.000,0.000,0.000,0.000,0.000,0.000,0.000,0.000,0.000,0.000,1.820,2.702,0.000,0.000]
  Iter 27: LB=18.609749  UB=19.041838  gap=2.27e-02
  Cut: intercept=-1130.900872, π_x_range=[-826.4038, 589.1561]
  Mini-Benders[1] (mw): LB=18.609749, Z₀(α*)=21.152375, intercept=-33.758692 (0.213s) [OMP=0.189 ISP-L=0.003 ISP-F=0.010 MW-L=0.006 MW-F=0.015]
  Mini-Benders[2] (mw): LB=18.609749, Z₀(α*)=21.152375, intercept=-13.161904 (0.229s) [OMP=0.192 ISP-L=0.003 ISP-F=0.010 MW-L=0.006 MW-F=0.009]
  Mini-Benders[3]: LB stagnated, break
  α-step: Z₀=20.352436, α=[0.000,0.000,0.000,0.000,0.000,0.000,1.215,0.000,0.000,0.000,0.000,0.000,0.000,0.000,0.000,0.000,0.000,4.717,0.000,0.000,0.000,0.000,0.000,0.000,0.290,0.000,0.000,0.000,0.000,0.000,0.000,0.000,0.063,3.659,0.000,0.000]
  Alt-Benders[1] (mw): LB=18.609749, Z₀(α*)=19.948854, intercept=-29.067179 (0.195s) [OMP=0.173 ISP-L=0.003 ISP-F=0.011 MW-L=0.005 MW-F=0.010]
  Alt-Benders[2] (mw): LB=18.609749, Z₀(α*)=17.417673, intercept=-30.601880 (0.214s) [OMP=0.172 ISP-L=0.003 ISP-F=0.009 MW-L=0.013 MW-F=0.009]
  Alt-Benders[3]: LB stagnated, break
  OMP re-solve: 0.000s

=== True-DRO Benders iter 28 ===
  OMP: t₀=18.609749, UB=19.041838, gap=2.27e-02, x=[0, 0, 0, 0, 0, 0, 0, 0, 0, 0, 0, 0, 0, 0, 0, 0, 0, 0, 0, 0, 0, 1, 0, 0, 0, 0, 0, 0, 0, 0, 1, 0, 0, 0, 0, 0] (0.000s)
  Sub: Z₀=25.806097 [LOCAL] (0.5s), α=[0.000,0.000,5.351,0.000,0.000,0.000,0.000,0.000,0.000,0.000,0.000,0.000,0.000,0.000,0.000,0.000,0.000,0.351,0.000,0.000,0.000,0.262,0.000,0.000,0.000,0.000,0.000,0.000,0.000,0.110,0.981,0.000,2.890,0.000,0.000,0.000]
  Iter 28: LB=18.609749  UB=19.041838  gap=2.27e-02
  Cut: intercept=-1140.322395, π_x_range=[-825.7924, 595.1109]
  Mini-Benders[1] (mw): LB=18.609749, Z₀(α*)=22.897157, intercept=11.656351 (0.213s) [OMP=0.187 ISP-L=0.003 ISP-F=0.011 MW-L=0.006 MW-F=0.012]
  Mini-Benders[2] (mw): LB=18.609749, Z₀(α*)=22.897157, intercept=11.656351 (0.229s) [OMP=0.188 ISP-L=0.003 ISP-F=0.011 MW-L=0.006 MW-F=0.012]
  Mini-Benders[3]: LB stagnated, break
  α-step: Z₀=14.472927, α=[0.000,0.000,0.000,0.000,0.000,0.000,0.000,0.000,0.000,0.000,0.000,0.000,0.000,0.000,0.000,0.000,0.000,7.624,0.000,0.000,0.000,0.000,0.000,0.000,0.000,0.000,0.000,0.000,0.000,0.000,0.000,0.000,2.320,0.000,0.000,0.000]
  Alt-Benders[1] (mw): LB=18.609749, Z₀(α*)=21.207957, intercept=-13.530986 (0.212s) [OMP=0.175 ISP-L=0.003 ISP-F=0.010 MW-L=0.014 MW-F=0.012]
  Alt-Benders[2] (mw): LB=18.609749, Z₀(α*)=0.787713, intercept=0.787717 (0.229s) [OMP=0.197 ISP-L=0.004 ISP-F=0.011 MW-L=0.006 MW-F=0.012]
  Alt-Benders[3]: LB stagnated, break
  OMP re-solve: 0.000s

=== True-DRO Benders iter 29 ===
  OMP: t₀=18.609749, UB=19.041838, gap=2.27e-02, x=[0, 0, 0, 0, 0, 0, 1, 0, 0, 0, 0, 0, 0, 0, 0, 0, 0, 0, 1, 0, 0, 0, 0, 0, 0, 0, 0, 0, 0, 0, 0, 0, 0, 0, 0, 0] (0.000s)
  Sub: Z₀=25.909496 [LOCAL] (0.4s), α=[0.000,0.000,6.471,0.000,0.000,0.000,0.000,0.000,0.000,0.000,0.000,0.000,0.000,0.000,0.000,0.000,0.000,0.000,0.416,0.000,0.000,0.000,0.000,0.000,0.000,0.000,0.000,0.025,0.000,0.220,0.000,0.000,0.090,2.724,0.000,0.000]
  Iter 29: LB=18.609749  UB=19.041838  gap=2.27e-02
  Cut: intercept=-1123.620848, π_x_range=[-825.3251, 581.5203]
  Mini-Benders[1] (mw): LB=18.609749, Z₀(α*)=21.211512, intercept=-15.030167 (0.198s) [OMP=0.165 ISP-L=0.003 ISP-F=0.010 MW-L=0.006 MW-F=0.009]
  Mini-Benders[2] (mw): LB=18.609749, Z₀(α*)=24.546731, intercept=-62.190418 (0.213s) [OMP=0.177 ISP-L=0.003 ISP-F=0.012 MW-L=0.006 MW-F=0.010]
  Mini-Benders[3]: LB stagnated, break
  α-step: Z₀=24.180779, α=[0.000,0.000,4.663,0.000,0.000,0.000,0.000,0.000,0.000,5.282,0.000,0.000,0.000,0.000,0.000,0.000,0.000,0.000,0.000,0.000,0.000,0.000,0.000,0.000,0.000,0.000,0.000,0.000,0.000,0.000,0.000,0.000,0.000,0.000,0.000,0.000]
  Alt-Benders[1] (mw): LB=18.609749, Z₀(α*)=20.781176, intercept=-64.358399 (0.216s) [OMP=0.203 ISP-L=0.002 ISP-F=0.011 MW-L=0.005 MW-F=0.008]
  Alt-Benders[2] (mw): LB=18.609749, Z₀(α*)=6.022771, intercept=6.022775 (0.229s) [OMP=0.186 ISP-L=0.003 ISP-F=0.012 MW-L=0.006 MW-F=0.011]
  Alt-Benders[3]: LB stagnated, break
  OMP re-solve: 0.000s

=== True-DRO Benders iter 30 ===
  OMP: t₀=18.609749, UB=19.041838, gap=2.27e-02, x=[0, 0, 0, 0, 0, 0, 0, 0, 0, 0, 0, 0, 0, 0, 0, 0, 0, 0, 0, 1, 0, 1, 0, 0, 0, 0, 0, 0, 0, 0, 0, 0, 0, 0, 0, 0] (0.000s)
  Sub: Z₀=28.059973 (0.4s), α=[0.000,0.000,5.836,0.000,0.000,0.000,0.000,0.000,0.000,0.000,0.000,0.000,0.000,0.000,0.000,0.000,0.000,1.104,0.000,0.000,0.000,0.000,0.000,0.000,0.000,0.000,0.000,0.000,0.000,0.229,0.000,0.000,2.583,0.191,0.000,0.000]
  Iter 30: LB=18.609749  UB=19.041838  gap=2.27e-02
  Cut: intercept=-0.255971, π_x_range=[-237.0000, 27.9826]
  Sherali-Cut: intercept=28.059973, π_x_range=[-102.4431, 0.0000]
  Mini-Benders[1] (mw): LB=18.635093, Z₀(α*)=-8.971789, intercept=-14.607005 (0.218s) [OMP=0.192 ISP-L=0.004 ISP-F=0.010 MW-L=0.006 MW-F=0.010]
  Mini-Benders[2] (mw): LB=18.635093, Z₀(α*)=-8.971789, intercept=-14.607005 (0.229s) [OMP=0.186 ISP-L=0.004 ISP-F=0.010 MW-L=0.006 MW-F=0.010]
  Mini-Benders[3] (mw): LB=18.635093, Z₀(α*)=-8.971789, intercept=-14.607005 (0.214s) [OMP=0.193 ISP-L=0.004 ISP-F=0.010 MW-L=0.006 MW-F=0.010]
  Mini-Benders[4]: LB stagnated, break
  α-step: Z₀=21.511698, α=[0.000,0.000,0.000,0.000,0.000,0.000,0.000,0.000,0.000,0.000,0.000,0.000,0.000,0.000,0.000,0.000,0.000,5.063,0.000,0.000,0.000,0.000,0.000,0.000,0.000,0.000,0.000,0.000,0.000,0.000,0.000,0.000,0.000,4.881,0.000,0.000]
  Alt-Benders[1] (mw): LB=18.803334, Z₀(α*)=23.038739, intercept=25.491058 (0.210s) [OMP=0.175 ISP-L=0.003 ISP-F=0.011 MW-L=0.005 MW-F=0.018]
  Alt-Benders[2] (mw): LB=18.851352, Z₀(α*)=25.591056, intercept=25.591057 (0.198s) [OMP=0.177 ISP-L=0.003 ISP-F=0.011 MW-L=0.006 MW-F=0.010]
  Alt-Benders[3] (mw): LB=18.853925, Z₀(α*)=-5.639839, intercept=-55.230190 (0.229s) [OMP=0.192 ISP-L=0.004 ISP-F=0.010 MW-L=0.007 MW-F=0.013]
  Alt-Benders[4] (mw): LB=18.853925, Z₀(α*)=-5.639839, intercept=-55.230190 (0.229s) [OMP=0.189 ISP-L=0.004 ISP-F=0.010 MW-L=0.007 MW-F=0.012]
  Alt-Benders[5] (mw): LB=18.853925, Z₀(α*)=-5.639839, intercept=-55.230190 (0.229s) [OMP=0.189 ISP-L=0.004 ISP-F=0.010 MW-L=0.007 MW-F=0.013]
  OMP re-solve: 0.184s

=== True-DRO Benders iter 31 ===
  OMP: t₀=18.853925, UB=19.041838, gap=9.87e-03, x=[0, 0, 0, 0, 0, 0, 0, 0, 0, 0, 0, 0, 1, 0, 0, 0, 0, 0, 0, 0, 0, 0, 0, 0, 0, 0, 0, 0, 0, 0, 0, 0, 1, 0, 0, 0] (0.000s)
  Sub: Z₀=20.045823 [LOCAL] (0.2s), α=[0.000,0.000,2.038,0.000,0.000,0.000,0.000,0.000,0.000,0.000,0.000,0.000,0.000,0.000,0.000,0.000,0.000,0.000,0.000,0.000,0.000,0.000,0.000,0.000,0.000,0.000,0.000,0.000,0.000,0.000,0.000,0.000,0.100,7.807,0.000,0.000]
  Iter 31: LB=18.853925  UB=19.041838  gap=9.87e-03
  Cut: intercept=-1128.567379, π_x_range=[-823.6863, 583.9998]
  Mini-Benders[1] (mw): LB=18.856478, Z₀(α*)=16.050032, intercept=-55.659948 (0.229s) [OMP=0.187 ISP-L=0.003 ISP-F=0.010 MW-L=0.014 MW-F=0.010]
  Mini-Benders[2] (mw): LB=18.856478, Z₀(α*)=16.050032, intercept=-55.659948 (0.213s) [OMP=0.186 ISP-L=0.003 ISP-F=0.010 MW-L=0.006 MW-F=0.010]
  Mini-Benders[3] (mw): LB=18.856478, Z₀(α*)=16.050032, intercept=-55.659948 (0.214s) [OMP=0.187 ISP-L=0.003 ISP-F=0.010 MW-L=0.006 MW-F=0.010]
  Mini-Benders[4]: LB stagnated, break
  α-step: Z₀=17.268072, α=[0.000,0.000,0.819,0.000,0.000,0.000,0.000,0.000,0.000,0.000,0.000,0.000,0.000,0.000,0.000,0.000,0.000,0.000,0.000,0.000,0.000,0.000,0.000,0.000,0.000,0.000,0.000,0.000,0.000,0.000,0.000,0.000,8.822,0.303,0.000,0.000]
  Alt-Benders[1] (mw): LB=18.856478, Z₀(α*)=17.268072, intercept=-51.507861 (0.164s) [OMP=0.140 ISP-L=0.003 ISP-F=0.009 MW-L=0.005 MW-F=0.009]
  Alt-Benders[2] (mw): LB=18.856478, Z₀(α*)=17.268072, intercept=-51.507861 (0.214s) [OMP=0.190 ISP-L=0.003 ISP-F=0.009 MW-L=0.012 MW-F=0.009]
  Alt-Benders[3] (mw): LB=18.856478, Z₀(α*)=17.268072, intercept=-51.507861 (0.213s) [OMP=0.186 ISP-L=0.003 ISP-F=0.009 MW-L=0.005 MW-F=0.009]
  Alt-Benders[4]: LB stagnated, break
  OMP re-solve: 0.000s

=== True-DRO Benders iter 32 ===
  OMP: t₀=18.856478, UB=19.041838, gap=9.73e-03, x=[0, 0, 1, 0, 0, 0, 0, 0, 0, 0, 0, 0, 0, 0, 0, 0, 0, 0, 0, 0, 0, 0, 0, 0, 0, 0, 0, 0, 0, 0, 0, 0, 1, 0, 0, 0] (0.000s)
  Sub: Z₀=18.856478 [LOCAL] (0.2s), α=[0.000,0.000,7.094,0.000,0.000,0.000,0.000,0.000,0.000,0.000,0.000,0.000,0.000,0.000,0.000,0.000,0.000,0.000,0.000,0.000,0.000,0.000,0.000,0.000,0.000,0.000,0.000,0.000,0.000,0.000,0.000,0.000,2.611,0.239,0.000,0.000]
  Iter 32: LB=18.856478  UB=19.041838  gap=9.73e-03
  Cut: intercept=-1149.120858, π_x_range=[-823.6338, 591.4322]
  Mini-Benders[1] (mw): LB=18.856478, Z₀(α*)=19.246304, intercept=-36.923805 (0.213s) [OMP=0.180 ISP-L=0.003 ISP-F=0.010 MW-L=0.006 MW-F=0.015]
  Mini-Benders[2] (mw): LB=18.856729, Z₀(α*)=18.644531, intercept=17.045083 (0.214s) [OMP=0.174 ISP-L=0.003 ISP-F=0.011 MW-L=0.006 MW-F=0.010]
  Mini-Benders[3] (mw): LB=18.856729, Z₀(α*)=18.644531, intercept=17.045083 (0.229s) [OMP=0.191 ISP-L=0.004 ISP-F=0.011 MW-L=0.006 MW-F=0.018]
  Mini-Benders[4] (mw): LB=18.856729, Z₀(α*)=18.644531, intercept=17.045083 (0.229s) [OMP=0.190 ISP-L=0.004 ISP-F=0.011 MW-L=0.006 MW-F=0.010]
  Mini-Benders[5]: LB stagnated, break
  α-step: Z₀=23.844215, α=[0.000,0.000,5.410,0.000,0.000,0.000,0.000,0.000,0.000,0.000,0.000,0.000,0.000,0.000,0.000,0.000,0.000,1.006,0.000,0.000,0.000,0.000,0.000,0.000,0.000,0.000,0.000,0.000,0.000,0.000,0.000,0.000,0.000,3.528,0.000,0.000]
  Alt-Benders[1] (mw): LB=18.988971, Z₀(α*)=9.336823, intercept=-34.164134 (0.204s) [OMP=0.178 ISP-L=0.003 ISP-F=0.011 MW-L=0.006 MW-F=0.011]
  Alt-Benders[1]: gap=2.78e-03 ≤ tol, break
  OMP re-solve: 0.197s

=== True-DRO Benders iter 33 ===
  OMP: t₀=18.988971, UB=19.041838, gap=2.78e-03, x=[0, 0, 0, 0, 0, 1, 0, 0, 0, 0, 0, 0, 0, 0, 0, 0, 0, 0, 0, 0, 0, 0, 0, 0, 1, 0, 0, 0, 0, 0, 0, 0, 0, 0, 0, 0] (0.000s)
  Sub: Z₀=21.846710 [LOCAL] (0.1s), α=[0.000,0.000,0.000,0.000,0.000,3.382,0.000,0.000,0.000,0.000,0.000,0.000,0.000,2.109,0.000,0.000,0.000,3.393,0.000,0.000,0.000,0.000,0.000,0.000,0.000,0.000,0.000,0.000,0.000,0.228,0.832,0.000,0.000,0.000,0.000,0.000]
  Iter 33: LB=18.988971  UB=19.041838  gap=2.78e-03
True-DRO Benders converged at iter 33 (gap=2.78e-03)
  Wall time: 89.54 sec
  OMP  time: mean=0.105s, median=0.133s, max=0.210s
  Sub  time (exact): mean=0.399s, median=0.404s, q90=0.459s, max=0.460s (n=6/33)

Result (double): Z₀=19.041838, iters=33, time=89.6s
x arcs = [6, 33]
