============================================================
polska — double [mb_only]: ε̂=0.20, ε̃=0.20, β=0.70
  mini_benders=true, valid_inequality=none
============================================================
Set parameter Username
Set parameter LicenseID to value 2742039
Academic license - for non-commercial use only - expires 2026-11-20
Set parameter Username
Set parameter LicenseID to value 2742039
Academic license - for non-commercial use only - expires 2026-11-20
Set parameter OutputFlag to value 1
Set parameter LogFile to value "global_miqcp.log"
Set parameter Username
Set parameter LicenseID to value 2742039
Academic license - for non-commercial use only - expires 2026-11-20
Set parameter Username
Set parameter LicenseID to value 2742039
Academic license - for non-commercial use only - expires 2026-11-20
Set parameter Username
Set parameter LicenseID to value 2742039
Academic license - for non-commercial use only - expires 2026-11-20
Set parameter Username
Set parameter LicenseID to value 2742039
Academic license - for non-commercial use only - expires 2026-11-20

=== True-DRO Benders iter 1 ===
  OMP: t₀=-10000.000000, UB=Inf, gap=NaN, x=[0, 0, 0, 0, 0, 0, 0, 0, 0, 0, 0, 0, 0, 0, 0, 0, 0, 0, 0, 0, 0, 0, 0, 0, 0, 0, 0, 0, 0, 0, 0, 0, 0, 0, 0, 0] (0.000s)
  Sub: Z₀=26.866614 [LOCAL] (0.5s), α=[0.000,0.000,6.351,0.000,0.000,0.000,0.000,0.000,0.000,0.000,0.000,0.000,0.000,0.000,0.000,0.000,0.000,0.065,0.000,0.000,0.000,0.000,0.000,0.000,0.000,0.000,0.000,0.000,0.000,0.000,0.000,0.000,0.143,3.385,0.000,0.000]
  Iter 1: LB=-10000.000000  UB=Inf  gap=NaN
  Cut: intercept=26.866614, π_x_range=[-823.0941, -799.8716]
  Mini-Benders[1] (mw): LB=-1616.881610, Z₀(α*)=-2.899110, intercept=-75.176067 (0.032s) [OMP=0.005 ISP-L=0.006 ISP-F=0.015 MW-L=0.006 MW-F=0.009]
  Mini-Benders[2] (mw): LB=-186.436686, Z₀(α*)=9.148865, intercept=-67.164462 (0.046s) [OMP=0.003 ISP-L=0.004 ISP-F=0.011 MW-L=0.006 MW-F=0.010]
  Mini-Benders[3] (mw): LB=-144.867306, Z₀(α*)=15.444822, intercept=-33.933534 (0.032s) [OMP=0.012 ISP-L=0.003 ISP-F=0.012 MW-L=0.006 MW-F=0.008]
  Mini-Benders[4] (mw): LB=-120.613763, Z₀(α*)=20.158825, intercept=-66.985801 (0.047s) [OMP=0.013 ISP-L=0.003 ISP-F=0.010 MW-L=0.007 MW-F=0.010]
  Mini-Benders[5] (mw): LB=-105.377061, Z₀(α*)=-13.201767, intercept=-76.543188 (0.062s) [OMP=0.029 ISP-L=0.004 ISP-F=0.011 MW-L=0.006 MW-F=0.012]
Set parameter NonConvex to value 2
Set parameter DualReductions to value 0
  α-step: Z₀=21.431292, α=[0.000,0.000,1.455,0.000,0.000,0.000,0.000,0.000,0.000,0.000,0.000,0.000,0.000,0.000,0.000,0.000,0.000,3.608,0.000,0.000,0.000,0.000,0.000,0.000,0.000,0.000,0.000,0.000,0.000,0.000,0.000,0.000,0.000,4.881,0.000,0.000]
  Alt-Benders[1] (mw): LB=-95.274901, Z₀(α*)=24.725759, intercept=-11.195461 (0.078s) [OMP=0.041 ISP-L=0.003 ISP-F=0.011 MW-L=0.006 MW-F=0.009]
  Alt-Benders[2] (mw): LB=-93.235464, Z₀(α*)=11.363793, intercept=-78.206583 (0.063s) [OMP=0.030 ISP-L=0.004 ISP-F=0.011 MW-L=0.007 MW-F=0.012]
  Alt-Benders[3] (mw): LB=-82.560734, Z₀(α*)=20.587248, intercept=-28.639674 (0.093s) [OMP=0.031 ISP-L=0.003 ISP-F=0.012 MW-L=0.029 MW-F=0.010]
  Alt-Benders[4] (mw): LB=-77.869580, Z₀(α*)=0.015638, intercept=-20.918737 (0.078s) [OMP=0.051 ISP-L=0.004 ISP-F=0.011 MW-L=0.006 MW-F=0.009]
  Alt-Benders[5] (mw): LB=-72.291625, Z₀(α*)=12.213212, intercept=-22.460643 (0.063s) [OMP=0.032 ISP-L=0.003 ISP-F=0.010 MW-L=0.006 MW-F=0.010]
  OMP re-solve: 0.049s

=== True-DRO Benders iter 2 ===
  OMP: t₀=-66.537468, UB=Inf, gap=NaN, x=[0, 0, 0, 0, 0, 0, 0, 0, 0, 0, 0, 0, 0, 0, 0, 0, 0, 0, 0, 0, 0, 1, 1, 0, 0, 0, 0, 0, 0, 0, 0, 0, 0, 0, 0, 0] (0.000s)
  Sub: Z₀=23.189191 [LOCAL] (0.1s), α=[0.000,0.000,2.237,0.000,0.000,0.000,0.000,0.000,0.000,0.000,0.000,0.000,0.000,0.000,0.000,0.000,0.000,0.000,0.000,0.000,0.000,1.775,4.597,0.000,0.000,0.000,0.000,0.000,0.000,0.000,0.000,0.000,1.336,0.000,0.000,0.000]
  Iter 2: LB=-66.537468  UB=Inf  gap=NaN
  Cut: intercept=-1117.837735, π_x_range=[-823.4377, 576.3542]
  Mini-Benders[1] (mw): LB=-66.391226, Z₀(α*)=-8.332695, intercept=-80.132613 (0.094s) [OMP=0.050 ISP-L=0.003 ISP-F=0.011 MW-L=0.006 MW-F=0.009]
  Mini-Benders[2] (mw): LB=-66.210013, Z₀(α*)=-14.995628, intercept=-41.481727 (0.078s) [OMP=0.051 ISP-L=0.004 ISP-F=0.011 MW-L=0.006 MW-F=0.010]
  Mini-Benders[3] (mw): LB=-64.239283, Z₀(α*)=-0.065177, intercept=-111.746028 (0.093s) [OMP=0.063 ISP-L=0.003 ISP-F=0.012 MW-L=0.006 MW-F=0.010]
  Mini-Benders[4] (mw): LB=-63.526834, Z₀(α*)=-17.469019, intercept=-51.914481 (0.110s) [OMP=0.074 ISP-L=0.003 ISP-F=0.010 MW-L=0.005 MW-F=0.010]
  Mini-Benders[5] (mw): LB=-57.370633, Z₀(α*)=-19.062164, intercept=-24.420028 (0.140s) [OMP=0.112 ISP-L=0.004 ISP-F=0.012 MW-L=0.006 MW-F=0.010]
  α-step: Z₀=16.532121, α=[0.000,0.000,0.000,0.000,0.000,0.000,2.233,0.000,0.000,0.000,0.000,0.000,0.000,0.000,0.000,0.000,0.000,4.624,0.000,0.000,0.000,0.000,0.000,0.000,3.086,0.000,0.000,0.000,0.000,0.000,0.000,0.000,0.000,0.000,0.000,0.000]
  Alt-Benders[1] (mw): LB=-47.612447, Z₀(α*)=-39.491844, intercept=-101.812631 (0.140s) [OMP=0.109 ISP-L=0.003 ISP-F=0.009 MW-L=0.006 MW-F=0.009]
  Alt-Benders[2] (mw): LB=-46.922918, Z₀(α*)=-12.251723, intercept=-115.129378 (0.188s) [OMP=0.149 ISP-L=0.004 ISP-F=0.011 MW-L=0.007 MW-F=0.011]
  Alt-Benders[3] (mw): LB=-45.280793, Z₀(α*)=-22.080356, intercept=-65.807228 (0.281s) [OMP=0.256 ISP-L=0.003 ISP-F=0.011 MW-L=0.006 MW-F=0.009]
  Alt-Benders[4] (mw): LB=-43.926535, Z₀(α*)=-3.160172, intercept=-23.799705 (0.266s) [OMP=0.230 ISP-L=0.003 ISP-F=0.012 MW-L=0.006 MW-F=0.012]
  Alt-Benders[5] (mw): LB=-43.565486, Z₀(α*)=-8.848740, intercept=-66.901490 (0.281s) [OMP=0.261 ISP-L=0.003 ISP-F=0.010 MW-L=0.006 MW-F=0.011]
  OMP re-solve: 0.261s

=== True-DRO Benders iter 3 ===
  OMP: t₀=-41.624515, UB=Inf, gap=NaN, x=[0, 0, 0, 0, 0, 0, 0, 0, 0, 0, 0, 0, 0, 1, 0, 0, 0, 0, 0, 0, 0, 0, 0, 0, 0, 0, 0, 1, 0, 0, 0, 0, 0, 0, 0, 0] (0.000s)
  Sub: Z₀=23.946283 [LOCAL] (0.1s), α=[0.000,0.000,5.422,0.000,0.000,0.000,0.000,0.000,0.000,0.000,0.000,0.000,0.000,0.000,0.000,0.000,0.000,0.000,0.000,0.000,0.000,0.000,0.000,0.000,0.000,0.000,0.000,0.000,0.000,0.000,0.000,0.000,0.021,4.501,0.000,0.000]
  Iter 3: LB=-41.624515  UB=Inf  gap=NaN
  Cut: intercept=-1144.784763, π_x_range=[-824.7899, 589.6950]
  Mini-Benders[1] (mw): LB=-39.491846, Z₀(α*)=10.123196, intercept=-97.290669 (0.406s) [OMP=0.376 ISP-L=0.004 ISP-F=0.010 MW-L=0.006 MW-F=0.010]
  Mini-Benders[2] (mw): LB=-38.920367, Z₀(α*)=12.164809, intercept=-30.136018 (0.297s) [OMP=0.275 ISP-L=0.003 ISP-F=0.010 MW-L=0.006 MW-F=0.009]
  Mini-Benders[3] (mw): LB=-38.661902, Z₀(α*)=9.277083, intercept=-64.727141 (0.234s) [OMP=0.203 ISP-L=0.003 ISP-F=0.012 MW-L=0.006 MW-F=0.010]
  Mini-Benders[4] (mw): LB=-38.152364, Z₀(α*)=26.542143, intercept=24.092395 (0.375s) [OMP=0.332 ISP-L=0.003 ISP-F=0.011 MW-L=0.006 MW-F=0.012]
  Mini-Benders[5] (mw): LB=-36.068635, Z₀(α*)=12.205267, intercept=-21.894886 (0.110s) [OMP=0.088 ISP-L=0.004 ISP-F=0.011 MW-L=0.006 MW-F=0.011]
  α-step: Z₀=17.268072, α=[0.000,0.000,0.384,0.000,0.000,0.000,0.000,0.000,0.000,0.000,0.000,0.000,0.000,0.000,0.000,0.000,0.000,0.435,0.000,0.000,0.000,0.000,0.000,0.000,0.000,0.000,0.000,0.000,0.000,0.000,0.000,0.000,1.621,7.504,0.000,0.000]
  Alt-Benders[1] (mw): LB=-35.174531, Z₀(α*)=5.036965, intercept=-22.349180 (0.125s) [OMP=0.082 ISP-L=0.003 ISP-F=0.011 MW-L=0.006 MW-F=0.008]
  Alt-Benders[2] (mw): LB=-34.729741, Z₀(α*)=19.899446, intercept=-53.738078 (0.203s) [OMP=0.176 ISP-L=0.003 ISP-F=0.011 MW-L=0.005 MW-F=0.009]
  Alt-Benders[3] (mw): LB=-34.321668, Z₀(α*)=-3.591435, intercept=-75.066547 (0.203s) [OMP=0.171 ISP-L=0.003 ISP-F=0.012 MW-L=0.006 MW-F=0.011]
  Alt-Benders[4] (mw): LB=-33.948681, Z₀(α*)=-8.525402, intercept=-50.923073 (0.172s) [OMP=0.140 ISP-L=0.003 ISP-F=0.011 MW-L=0.005 MW-F=0.010]
  Alt-Benders[5] (mw): LB=-32.938198, Z₀(α*)=-45.402802, intercept=-63.544785 (0.141s) [OMP=0.114 ISP-L=0.003 ISP-F=0.010 MW-L=0.005 MW-F=0.008]
  OMP re-solve: 0.088s

=== True-DRO Benders iter 4 ===
  OMP: t₀=-32.938198, UB=Inf, gap=NaN, x=[0, 0, 1, 0, 0, 0, 0, 0, 0, 1, 0, 0, 0, 0, 0, 0, 0, 0, 0, 0, 0, 0, 0, 0, 0, 0, 0, 0, 0, 0, 0, 0, 0, 0, 0, 0] (0.000s)
  Sub: Z₀=18.855105 [LOCAL] (0.1s), α=[0.000,0.000,9.944,0.000,0.000,0.000,0.000,0.000,0.000,0.000,0.000,0.000,0.000,0.000,0.000,0.000,0.000,0.000,0.000,0.000,0.000,0.000,0.000,0.000,0.000,0.000,0.000,0.000,0.000,0.000,0.000,0.000,0.000,0.000,0.000,0.000]
  Iter 4: LB=-32.938198  UB=Inf  gap=NaN
  Cut: intercept=-1152.326382, π_x_range=[-824.1308, 587.0499]
  Mini-Benders[1] (mw): LB=-30.563479, Z₀(α*)=-22.084618, intercept=-46.995208 (0.187s) [OMP=0.163 ISP-L=0.004 ISP-F=0.011 MW-L=0.007 MW-F=0.010]
  Mini-Benders[2] (mw): LB=-27.666173, Z₀(α*)=5.017905, intercept=-19.818130 (0.250s) [OMP=0.203 ISP-L=0.004 ISP-F=0.011 MW-L=0.007 MW-F=0.011]
  Mini-Benders[3] (mw): LB=-26.828534, Z₀(α*)=-4.217404, intercept=-56.838960 (0.235s) [OMP=0.195 ISP-L=0.003 ISP-F=0.012 MW-L=0.024 MW-F=0.011]
  Mini-Benders[4] (mw): LB=-25.758221, Z₀(α*)=11.472049, intercept=-66.115192 (0.219s) [OMP=0.189 ISP-L=0.003 ISP-F=0.010 MW-L=0.006 MW-F=0.010]
  Mini-Benders[5] (mw): LB=-25.434544, Z₀(α*)=0.231066, intercept=-46.118475 (0.187s) [OMP=0.156 ISP-L=0.004 ISP-F=0.012 MW-L=0.007 MW-F=0.010]
  α-step: Z₀=13.999384, α=[0.000,0.000,4.139,0.000,0.000,0.000,0.000,0.000,0.000,2.835,0.000,0.000,0.000,0.000,0.000,0.000,0.000,0.000,0.000,0.000,0.000,0.000,0.000,0.000,0.000,0.000,0.000,0.169,0.000,0.000,0.000,0.000,0.000,2.802,0.000,0.000]
  Alt-Benders[1] (mw): LB=-24.584084, Z₀(α*)=17.750190, intercept=-34.820001 (0.218s) [OMP=0.187 ISP-L=0.003 ISP-F=0.012 MW-L=0.006 MW-F=0.010]
  Alt-Benders[2] (mw): LB=-23.302907, Z₀(α*)=24.377166, intercept=-19.061136 (0.282s) [OMP=0.244 ISP-L=0.003 ISP-F=0.011 MW-L=0.006 MW-F=0.011]
  Alt-Benders[3] (mw): LB=-23.165049, Z₀(α*)=-12.060292, intercept=-83.505381 (0.203s) [OMP=0.178 ISP-L=0.003 ISP-F=0.010 MW-L=0.006 MW-F=0.009]
  Alt-Benders[4] (mw): LB=-22.403118, Z₀(α*)=12.258098, intercept=-29.350190 (0.203s) [OMP=0.165 ISP-L=0.003 ISP-F=0.012 MW-L=0.006 MW-F=0.010]
  Alt-Benders[5] (mw): LB=-22.084620, Z₀(α*)=-0.584752, intercept=-45.942454 (0.187s) [OMP=0.156 ISP-L=0.004 ISP-F=0.012 MW-L=0.006 MW-F=0.010]
  OMP re-solve: 0.156s

=== True-DRO Benders iter 5 ===
  OMP: t₀=-21.226449, UB=Inf, gap=NaN, x=[0, 0, 0, 0, 0, 0, 0, 0, 0, 0, 0, 0, 0, 0, 0, 0, 0, 0, 0, 0, 0, 0, 1, 0, 1, 0, 0, 0, 0, 0, 0, 0, 0, 0, 0, 0] (0.000s)
  Sub: Z₀=24.722894 [TIME_LIMIT] (15.2s), α=[0.000,0.000,0.000,0.000,0.000,0.000,0.000,0.000,0.000,0.000,0.000,0.000,0.000,5.605,0.000,0.000,0.000,3.603,0.000,0.000,0.000,0.000,0.359,0.000,0.330,0.000,0.000,0.000,0.000,0.000,0.000,0.000,0.048,0.000,0.000,0.000]
  Iter 5: LB=-21.226449  UB=24.858032  gap=1.85e+00
  Cut: intercept=-75.211986, π_x_range=[-194.7563, 56.9274]
  Mini-Benders[1] (mw): LB=-21.103504, Z₀(α*)=-7.317822, intercept=-46.780275 (0.219s) [OMP=0.189 ISP-L=0.003 ISP-F=0.011 MW-L=0.007 MW-F=0.012]
  Mini-Benders[2] (mw): LB=-20.591813, Z₀(α*)=-21.701024, intercept=-65.385123 (0.281s) [OMP=0.245 ISP-L=0.003 ISP-F=0.012 MW-L=0.005 MW-F=0.010]
  Mini-Benders[3] (mw): LB=-20.591813, Z₀(α*)=-21.701024, intercept=-65.385123 (0.203s) [OMP=0.185 ISP-L=0.003 ISP-F=0.011 MW-L=0.005 MW-F=0.010]
  Mini-Benders[4] (mw): LB=-20.591813, Z₀(α*)=-21.701024, intercept=-65.385123 (0.219s) [OMP=0.184 ISP-L=0.003 ISP-F=0.011 MW-L=0.005 MW-F=0.010]
  Mini-Benders[5]: LB stagnated, break
  α-step: Z₀=25.591056, α=[0.000,0.000,4.900,0.000,0.000,0.000,0.000,0.000,0.000,0.020,0.000,0.000,0.000,0.000,0.000,0.000,0.000,0.000,0.000,0.000,0.000,0.000,0.000,0.000,0.000,0.000,0.000,0.000,0.000,0.000,0.000,0.000,2.237,2.787,0.000,0.000]
  Alt-Benders[1] (mw): LB=-20.367541, Z₀(α*)=8.947083, intercept=-32.634094 (0.391s) [OMP=0.340 ISP-L=0.004 ISP-F=0.010 MW-L=0.024 MW-F=0.009]
  Alt-Benders[2] (mw): LB=-20.119225, Z₀(α*)=17.956986, intercept=-58.187973 (0.344s) [OMP=0.320 ISP-L=0.003 ISP-F=0.011 MW-L=0.005 MW-F=0.008]
  Alt-Benders[3] (mw): LB=-20.031113, Z₀(α*)=14.723459, intercept=-80.434490 (0.281s) [OMP=0.256 ISP-L=0.003 ISP-F=0.011 MW-L=0.006 MW-F=0.010]
  Alt-Benders[4] (mw): LB=-19.508538, Z₀(α*)=4.074241, intercept=-89.877182 (0.281s) [OMP=0.241 ISP-L=0.003 ISP-F=0.012 MW-L=0.006 MW-F=0.009]
  Alt-Benders[5] (mw): LB=-19.484876, Z₀(α*)=13.537911, intercept=-74.089100 (0.281s) [OMP=0.262 ISP-L=0.003 ISP-F=0.013 MW-L=0.005 MW-F=0.008]
  OMP re-solve: 0.227s

=== True-DRO Benders iter 6 ===
  OMP: t₀=-19.249342, UB=24.858032, gap=1.77e+00, x=[0, 0, 0, 0, 0, 0, 0, 0, 0, 0, 0, 0, 0, 0, 0, 0, 0, 1, 0, 0, 0, 1, 0, 0, 0, 0, 0, 0, 0, 0, 0, 0, 0, 0, 0, 0] (0.000s)
  Sub: Z₀=23.026438 [LOCAL] (0.2s), α=[0.000,0.000,1.737,0.000,0.000,0.000,0.000,0.000,0.000,0.000,0.000,0.000,0.000,0.000,0.000,0.000,0.000,3.965,0.000,0.000,0.000,1.330,0.000,0.000,0.000,0.000,0.000,0.000,0.000,0.022,0.076,0.000,2.814,0.000,0.000,0.000]
  Iter 6: LB=-19.249342  UB=24.858032  gap=1.77e+00
  Cut: intercept=-1139.197904, π_x_range=[-823.3055, 593.4690]
  Mini-Benders[1] (mw): LB=-18.438591, Z₀(α*)=12.634500, intercept=-29.302533 (0.296s) [OMP=0.270 ISP-L=0.003 ISP-F=0.012 MW-L=0.007 MW-F=0.010]
  Mini-Benders[2] (mw): LB=-17.845461, Z₀(α*)=5.895464, intercept=-20.489159 (0.313s) [OMP=0.281 ISP-L=0.003 ISP-F=0.010 MW-L=0.005 MW-F=0.011]
  Mini-Benders[3] (mw): LB=-17.469021, Z₀(α*)=8.511714, intercept=-71.741223 (0.312s) [OMP=0.275 ISP-L=0.003 ISP-F=0.011 MW-L=0.006 MW-F=0.010]
  Mini-Benders[4] (mw): LB=-16.255691, Z₀(α*)=11.555616, intercept=5.185642 (0.266s) [OMP=0.239 ISP-L=0.003 ISP-F=0.012 MW-L=0.007 MW-F=0.011]
  Mini-Benders[5] (mw): LB=-15.834433, Z₀(α*)=0.127878, intercept=-35.243292 (0.281s) [OMP=0.247 ISP-L=0.003 ISP-F=0.011 MW-L=0.007 MW-F=0.012]
  α-step: Z₀=10.196767, α=[0.000,0.000,0.000,0.000,0.000,1.208,0.000,0.000,0.000,0.000,0.000,0.000,0.000,4.607,0.000,0.000,0.000,3.509,0.000,0.000,0.000,0.000,0.000,0.000,0.000,0.000,0.000,0.000,0.000,0.000,0.000,0.000,0.621,0.000,0.000,0.000]
  Alt-Benders[1] (mw): LB=-15.310004, Z₀(α*)=3.368165, intercept=-48.759369 (0.312s) [OMP=0.282 ISP-L=0.003 ISP-F=0.012 MW-L=0.006 MW-F=0.011]
  Alt-Benders[2] (mw): LB=-15.139703, Z₀(α*)=-24.391393, intercept=-29.591571 (0.281s) [OMP=0.260 ISP-L=0.003 ISP-F=0.010 MW-L=0.005 MW-F=0.008]
  Alt-Benders[3] (mw): LB=-15.139703, Z₀(α*)=-24.391393, intercept=-29.591571 (0.282s) [OMP=0.253 ISP-L=0.003 ISP-F=0.010 MW-L=0.005 MW-F=0.008]
  Alt-Benders[4] (mw): LB=-15.139703, Z₀(α*)=-24.391393, intercept=-29.591571 (0.312s) [OMP=0.263 ISP-L=0.003 ISP-F=0.011 MW-L=0.024 MW-F=0.008]
  Alt-Benders[5]: LB stagnated, break
  OMP re-solve: 0.000s

=== True-DRO Benders iter 7 ===
  OMP: t₀=-15.139703, UB=24.858032, gap=1.61e+00, x=[0, 0, 1, 0, 0, 0, 0, 0, 0, 0, 0, 0, 0, 0, 0, 0, 0, 0, 0, 0, 0, 0, 0, 0, 0, 0, 0, 1, 0, 0, 0, 0, 0, 0, 0, 0] (0.000s)
  Sub: Z₀=21.188977 [LOCAL] (0.1s), α=[0.000,0.000,9.944,0.000,0.000,0.000,0.000,0.000,0.000,0.000,0.000,0.000,0.000,0.000,0.000,0.000,0.000,0.000,0.000,0.000,0.000,0.000,0.000,0.000,0.000,0.000,0.000,0.000,0.000,0.000,0.000,0.000,0.000,0.000,0.000,0.000]
  Iter 7: LB=-15.139703  UB=24.858032  gap=1.61e+00
  Cut: intercept=-1152.251663, π_x_range=[-823.6977, 587.8561]
  Mini-Benders[1] (mw): LB=-14.995630, Z₀(α*)=-28.077377, intercept=-62.895283 (0.312s) [OMP=0.290 ISP-L=0.004 ISP-F=0.012 MW-L=0.006 MW-F=0.011]
  Mini-Benders[2] (mw): LB=-14.995630, Z₀(α*)=-28.077377, intercept=-62.895283 (0.328s) [OMP=0.287 ISP-L=0.004 ISP-F=0.011 MW-L=0.006 MW-F=0.011]
  Mini-Benders[3] (mw): LB=-14.995630, Z₀(α*)=-28.077377, intercept=-62.895283 (0.297s) [OMP=0.265 ISP-L=0.004 ISP-F=0.011 MW-L=0.006 MW-F=0.011]
  Mini-Benders[4]: LB stagnated, break
  α-step: Z₀=19.978010, α=[0.000,0.000,0.000,0.000,0.000,0.000,0.000,0.000,0.000,0.000,0.000,0.000,0.000,0.000,0.000,0.000,0.000,4.383,0.000,0.000,0.000,0.000,0.000,0.000,0.000,0.000,0.000,0.000,0.000,0.000,0.000,0.000,0.000,5.562,0.000,0.000]
  Alt-Benders[1] (mw): LB=-14.695547, Z₀(α*)=20.638845, intercept=-33.467056 (0.328s) [OMP=0.295 ISP-L=0.004 ISP-F=0.011 MW-L=0.006 MW-F=0.009]
  Alt-Benders[2] (mw): LB=-13.801632, Z₀(α*)=9.500397, intercept=-38.527313 (0.406s) [OMP=0.384 ISP-L=0.003 ISP-F=0.011 MW-L=0.006 MW-F=0.010]
  Alt-Benders[3] (mw): LB=-13.424108, Z₀(α*)=1.500106, intercept=-37.676147 (0.375s) [OMP=0.352 ISP-L=0.003 ISP-F=0.010 MW-L=0.006 MW-F=0.009]
  Alt-Benders[4] (mw): LB=-13.392757, Z₀(α*)=19.812743, intercept=-9.318772 (0.375s) [OMP=0.338 ISP-L=0.003 ISP-F=0.011 MW-L=0.006 MW-F=0.008]
  Alt-Benders[5] (mw): LB=-13.346730, Z₀(α*)=22.723914, intercept=-46.664907 (0.313s) [OMP=0.284 ISP-L=0.003 ISP-F=0.012 MW-L=0.007 MW-F=0.009]
  OMP re-solve: 0.347s

=== True-DRO Benders iter 8 ===
  OMP: t₀=-13.201769, UB=24.858032, gap=1.53e+00, x=[0, 0, 0, 0, 0, 1, 0, 0, 0, 0, 0, 0, 0, 0, 0, 0, 0, 0, 0, 0, 0, 0, 0, 0, 0, 0, 0, 0, 0, 0, 0, 0, 1, 0, 0, 0] (0.000s)
  Sub: Z₀=17.610522 [LOCAL] (0.1s), α=[0.000,0.000,0.000,0.000,0.000,3.395,0.000,0.000,0.000,0.000,0.000,0.000,0.000,0.424,0.000,0.000,0.000,0.259,0.000,0.000,0.000,0.000,0.000,0.000,0.000,0.000,0.000,0.000,0.000,0.000,0.000,0.000,5.430,0.436,0.000,0.000]
  Iter 8: LB=-13.201769  UB=24.858032  gap=1.53e+00
  Cut: intercept=-1113.608186, π_x_range=[-818.8836, 575.6983]
  Mini-Benders[1] (mw): LB=-12.834411, Z₀(α*)=18.661513, intercept=-52.839201 (0.312s) [OMP=0.279 ISP-L=0.003 ISP-F=0.010 MW-L=0.006 MW-F=0.012]
  Mini-Benders[2] (mw): LB=-12.668564, Z₀(α*)=-2.936726, intercept=-34.507504 (0.313s) [OMP=0.268 ISP-L=0.003 ISP-F=0.012 MW-L=0.006 MW-F=0.009]
  Mini-Benders[3] (mw): LB=-12.251725, Z₀(α*)=-2.739588, intercept=-102.073617 (0.297s) [OMP=0.268 ISP-L=0.003 ISP-F=0.011 MW-L=0.006 MW-F=0.013]
  Mini-Benders[4] (mw): LB=-12.060294, Z₀(α*)=-32.746918, intercept=-86.229987 (0.375s) [OMP=0.325 ISP-L=0.003 ISP-F=0.010 MW-L=0.024 MW-F=0.011]
  Mini-Benders[5] (mw): LB=-12.060294, Z₀(α*)=-32.746918, intercept=-86.229987 (0.297s) [OMP=0.270 ISP-L=0.003 ISP-F=0.010 MW-L=0.006 MW-F=0.011]
  α-step: Z₀=17.983734, α=[0.000,0.000,0.000,0.000,0.000,0.000,0.330,0.000,0.000,0.000,0.000,0.000,0.000,0.000,0.000,0.000,0.000,7.830,0.000,0.000,0.000,0.000,0.000,0.000,0.000,0.000,0.000,0.000,0.000,0.000,0.000,0.000,1.785,0.000,0.000,0.000]
  Alt-Benders[1] (mw): LB=-11.906362, Z₀(α*)=-22.032017, intercept=-59.930166 (0.312s) [OMP=0.275 ISP-L=0.004 ISP-F=0.011 MW-L=0.007 MW-F=0.010]
  Alt-Benders[2] (mw): LB=-11.906362, Z₀(α*)=-22.032017, intercept=-59.930166 (0.281s) [OMP=0.257 ISP-L=0.004 ISP-F=0.011 MW-L=0.007 MW-F=0.010]
  Alt-Benders[3] (mw): LB=-11.906362, Z₀(α*)=-22.032017, intercept=-59.930166 (0.297s) [OMP=0.265 ISP-L=0.004 ISP-F=0.011 MW-L=0.007 MW-F=0.010]
  Alt-Benders[4]: LB stagnated, break
  OMP re-solve: 0.000s

=== True-DRO Benders iter 9 ===
  OMP: t₀=-11.906362, UB=24.858032, gap=1.48e+00, x=[0, 0, 0, 0, 0, 0, 0, 0, 0, 0, 0, 0, 1, 0, 0, 0, 0, 0, 0, 0, 0, 0, 0, 0, 0, 0, 0, 0, 0, 1, 0, 0, 0, 0, 0, 0] (0.000s)
  Sub: Z₀=23.480101 [LOCAL] (0.1s), α=[0.000,0.000,3.346,0.000,0.000,0.000,0.000,0.000,0.000,0.000,0.000,0.000,0.714,2.264,0.000,0.000,0.000,0.030,0.000,0.000,0.000,0.000,0.000,0.000,0.000,0.000,0.000,0.000,0.000,0.000,0.000,0.000,0.000,3.590,0.000,0.000]
  Iter 9: LB=-11.906362  UB=24.858032  gap=1.48e+00
  Cut: intercept=-1140.983707, π_x_range=[-819.2611, 595.0984]
  Mini-Benders[1] (mw): LB=-11.558684, Z₀(α*)=17.140131, intercept=-30.100900 (0.344s) [OMP=0.303 ISP-L=0.003 ISP-F=0.011 MW-L=0.006 MW-F=0.012]
  Mini-Benders[2] (mw): LB=-10.986620, Z₀(α*)=13.499415, intercept=-49.045123 (0.297s) [OMP=0.276 ISP-L=0.003 ISP-F=0.013 MW-L=0.006 MW-F=0.011]
  Mini-Benders[3] (mw): LB=-10.428313, Z₀(α*)=-8.562001, intercept=-42.514823 (0.391s) [OMP=0.361 ISP-L=0.003 ISP-F=0.009 MW-L=0.006 MW-F=0.009]
  Mini-Benders[4] (mw): LB=-8.848742, Z₀(α*)=-4.036606, intercept=-72.223660 (0.406s) [OMP=0.369 ISP-L=0.003 ISP-F=0.011 MW-L=0.006 MW-F=0.009]
  Mini-Benders[5] (mw): LB=-8.562003, Z₀(α*)=-8.562001, intercept=-42.514823 (0.406s) [OMP=0.377 ISP-L=0.003 ISP-F=0.009 MW-L=0.006 MW-F=0.009]
  α-step: Z₀=16.928755, α=[0.000,0.000,9.646,0.000,0.000,0.000,0.000,0.000,0.000,0.000,0.000,0.000,0.000,0.000,0.000,0.000,0.000,0.000,0.000,0.000,0.000,0.000,0.000,0.000,0.000,0.000,0.000,0.000,0.000,0.000,0.000,0.000,0.298,0.000,0.000,0.000]
  Alt-Benders[1] (mw): LB=-8.332697, Z₀(α*)=9.787947, intercept=-90.649321 (0.422s) [OMP=0.384 ISP-L=0.003 ISP-F=0.010 MW-L=0.006 MW-F=0.011]
  Alt-Benders[2] (mw): LB=-8.004868, Z₀(α*)=16.350496, intercept=-92.075011 (0.406s) [OMP=0.385 ISP-L=0.004 ISP-F=0.010 MW-L=0.006 MW-F=0.010]
  Alt-Benders[3] (mw): LB=-7.389770, Z₀(α*)=-15.223911, intercept=-26.382664 (0.516s) [OMP=0.466 ISP-L=0.004 ISP-F=0.010 MW-L=0.025 MW-F=0.009]
  Alt-Benders[4] (mw): LB=-7.389770, Z₀(α*)=-15.223911, intercept=-26.382664 (0.422s) [OMP=0.381 ISP-L=0.004 ISP-F=0.011 MW-L=0.006 MW-F=0.008]
  Alt-Benders[5] (mw): LB=-7.389770, Z₀(α*)=-15.223911, intercept=-26.382664 (0.406s) [OMP=0.378 ISP-L=0.004 ISP-F=0.010 MW-L=0.006 MW-F=0.008]
  OMP re-solve: 0.380s

=== True-DRO Benders iter 10 ===
  OMP: t₀=-7.389770, UB=24.858032, gap=1.30e+00, x=[0, 0, 0, 0, 0, 1, 0, 0, 0, 0, 0, 0, 0, 0, 0, 0, 0, 0, 1, 0, 0, 0, 0, 0, 0, 0, 0, 0, 0, 0, 0, 0, 0, 0, 0, 0] (0.000s)
  Sub: Z₀=23.671931 (0.4s), α=[0.000,0.000,0.558,0.000,0.000,0.000,0.000,0.000,0.000,0.000,0.000,0.000,0.000,3.666,0.000,0.000,0.000,1.994,0.000,0.000,0.000,0.000,0.000,0.000,0.000,0.000,0.000,0.000,0.000,3.726,0.000,0.000,0.000,0.000,0.000,0.000]
  Iter 10: LB=-7.389770  UB=23.671931  gap=1.31e+00
  Cut: intercept=-88.586901, π_x_range=[-226.0000, 59.2436]
  Sherali-Cut: intercept=-25.224216, π_x_range=[-82.0102, 48.8961]
  Mini-Benders[1] (mw): LB=-7.317824, Z₀(α*)=-7.329835, intercept=-47.574881 (0.328s) [OMP=0.292 ISP-L=0.003 ISP-F=0.012 MW-L=0.006 MW-F=0.009]
  Mini-Benders[2] (mw): LB=-7.317824, Z₀(α*)=-7.329835, intercept=-47.574881 (0.313s) [OMP=0.277 ISP-L=0.003 ISP-F=0.011 MW-L=0.006 MW-F=0.009]
  Mini-Benders[3] (mw): LB=-7.317824, Z₀(α*)=-7.329835, intercept=-47.574881 (0.312s) [OMP=0.277 ISP-L=0.003 ISP-F=0.011 MW-L=0.006 MW-F=0.010]
  Mini-Benders[4]: LB stagnated, break
  α-step: Z₀=25.767752, α=[0.000,0.000,5.077,0.000,0.000,0.000,0.000,0.000,0.000,0.000,0.000,0.000,0.000,0.000,0.000,0.000,0.000,0.000,0.000,0.000,0.000,0.000,0.000,0.000,0.000,0.000,0.000,0.000,0.000,0.675,0.000,0.000,1.229,2.964,0.000,0.000]
  Alt-Benders[1] (mw): LB=-6.043057, Z₀(α*)=25.493975, intercept=16.324446 (0.375s) [OMP=0.329 ISP-L=0.003 ISP-F=0.012 MW-L=0.007 MW-F=0.017]
  Alt-Benders[2] (mw): LB=-5.278573, Z₀(α*)=22.643179, intercept=-19.874686 (0.312s) [OMP=0.291 ISP-L=0.003 ISP-F=0.011 MW-L=0.006 MW-F=0.011]
  Alt-Benders[3] (mw): LB=-5.131825, Z₀(α*)=17.540378, intercept=-26.389661 (0.360s) [OMP=0.321 ISP-L=0.004 ISP-F=0.011 MW-L=0.005 MW-F=0.010]
  Alt-Benders[4] (mw): LB=-4.564612, Z₀(α*)=16.508042, intercept=-46.442802 (0.469s) [OMP=0.446 ISP-L=0.003 ISP-F=0.011 MW-L=0.006 MW-F=0.010]
  Alt-Benders[5] (mw): LB=-4.217406, Z₀(α*)=6.992512, intercept=-31.631606 (0.546s) [OMP=0.504 ISP-L=0.003 ISP-F=0.011 MW-L=0.006 MW-F=0.010]
  OMP re-solve: 0.494s

=== True-DRO Benders iter 11 ===
  OMP: t₀=-4.036608, UB=23.671931, gap=1.17e+00, x=[0, 0, 1, 0, 0, 0, 0, 0, 0, 0, 0, 0, 0, 0, 0, 0, 0, 0, 0, 0, 0, 0, 1, 0, 0, 0, 0, 0, 0, 0, 0, 0, 0, 0, 0, 0] (0.000s)
  Sub: Z₀=21.262334 [LOCAL] (0.1s), α=[0.000,0.000,9.733,0.000,0.000,0.026,0.000,0.000,0.000,0.000,0.000,0.000,0.000,0.185,0.000,0.000,0.000,0.000,0.000,0.000,0.000,0.000,0.000,0.000,0.000,0.000,0.000,0.000,0.000,0.000,0.000,0.000,0.000,0.000,0.000,0.000]
  Iter 11: LB=-4.036608  UB=23.671931  gap=1.17e+00
  Cut: intercept=-1122.155482, π_x_range=[-822.3943, 574.7267]
  Mini-Benders[1] (mw): LB=-4.016545, Z₀(α*)=20.846091, intercept=-78.079261 (0.485s) [OMP=0.441 ISP-L=0.004 ISP-F=0.012 MW-L=0.007 MW-F=0.011]
  Mini-Benders[2] (mw): LB=-3.591437, Z₀(α*)=-21.131371, intercept=-81.962002 (0.500s) [OMP=0.471 ISP-L=0.004 ISP-F=0.012 MW-L=0.007 MW-F=0.009]
  Mini-Benders[3] (mw): LB=-3.591437, Z₀(α*)=-21.131371, intercept=-81.962002 (0.469s) [OMP=0.436 ISP-L=0.004 ISP-F=0.011 MW-L=0.007 MW-F=0.009]
  Mini-Benders[4] (mw): LB=-3.591437, Z₀(α*)=-21.131371, intercept=-81.962002 (0.453s) [OMP=0.431 ISP-L=0.004 ISP-F=0.011 MW-L=0.007 MW-F=0.009]
  Mini-Benders[5]: LB stagnated, break
  α-step: Z₀=23.428321, α=[0.000,0.000,3.088,0.000,0.000,0.000,0.000,0.000,0.000,0.000,0.000,0.000,0.000,4.607,0.000,0.000,0.000,0.000,0.000,0.000,0.000,0.000,0.062,0.000,0.000,0.000,0.000,0.000,0.000,0.000,0.000,0.000,0.000,2.188,0.000,0.000]
  Alt-Benders[1] (mw): LB=-3.514596, Z₀(α*)=19.329003, intercept=-48.764803 (0.469s) [OMP=0.436 ISP-L=0.003 ISP-F=0.010 MW-L=0.006 MW-F=0.008]
  Alt-Benders[2] (mw): LB=-3.160174, Z₀(α*)=17.980219, intercept=-27.232416 (0.469s) [OMP=0.440 ISP-L=0.003 ISP-F=0.010 MW-L=0.006 MW-F=0.010]
  Alt-Benders[3] (mw): LB=-3.157054, Z₀(α*)=7.120870, intercept=-41.940408 (0.437s) [OMP=0.416 ISP-L=0.003 ISP-F=0.011 MW-L=0.006 MW-F=0.009]
  Alt-Benders[4] (mw): LB=-2.936728, Z₀(α*)=3.265913, intercept=-26.898080 (0.375s) [OMP=0.333 ISP-L=0.003 ISP-F=0.011 MW-L=0.006 MW-F=0.012]
  Alt-Benders[5] (mw): LB=-2.851098, Z₀(α*)=-2.785997, intercept=-21.270754 (0.375s) [OMP=0.351 ISP-L=0.003 ISP-F=0.011 MW-L=0.005 MW-F=0.010]
  OMP re-solve: 0.373s

=== True-DRO Benders iter 12 ===
  OMP: t₀=-2.785999, UB=23.671931, gap=1.12e+00, x=[0, 0, 0, 0, 0, 0, 1, 0, 0, 0, 0, 0, 0, 0, 0, 0, 0, 0, 0, 0, 0, 0, 0, 0, 0, 0, 0, 0, 0, 0, 0, 0, 0, 1, 0, 0] (0.000s)
  Sub: Z₀=22.681052 [LOCAL] (0.1s), α=[0.000,0.000,1.696,0.000,0.000,0.000,0.000,0.000,0.000,0.000,0.000,0.000,0.000,0.000,0.000,0.000,0.000,0.000,0.000,0.000,0.000,0.000,0.000,0.000,0.000,0.000,0.000,0.000,0.000,0.000,0.000,0.000,0.012,8.237,0.000,0.000]
  Iter 12: LB=-2.785999  UB=23.671931  gap=1.12e+00
  Cut: intercept=-1142.261139, π_x_range=[-824.6625, 584.3232]
  Mini-Benders[1] (mw): LB=-2.739590, Z₀(α*)=17.398409, intercept=-80.676854 (0.360s) [OMP=0.329 ISP-L=0.003 ISP-F=0.010 MW-L=0.006 MW-F=0.011]
  Mini-Benders[2] (mw): LB=-1.610674, Z₀(α*)=3.145454, intercept=-43.192130 (0.406s) [OMP=0.385 ISP-L=0.003 ISP-F=0.011 MW-L=0.006 MW-F=0.011]
  Mini-Benders[3] (mw): LB=-1.495487, Z₀(α*)=9.022498, intercept=-4.269010 (0.406s) [OMP=0.366 ISP-L=0.003 ISP-F=0.011 MW-L=0.006 MW-F=0.011]
  Mini-Benders[4] (mw): LB=-1.416910, Z₀(α*)=-1.034810, intercept=-56.501054 (0.469s) [OMP=0.420 ISP-L=0.003 ISP-F=0.012 MW-L=0.024 MW-F=0.010]
  Mini-Benders[5] (mw): LB=-1.164226, Z₀(α*)=19.748922, intercept=-49.809837 (0.469s) [OMP=0.445 ISP-L=0.003 ISP-F=0.011 MW-L=0.005 MW-F=0.009]
  α-step: Z₀=22.376197, α=[0.000,0.000,6.416,0.000,0.000,0.000,0.000,0.000,0.000,0.000,0.000,0.000,0.000,0.000,0.000,0.000,0.000,0.000,0.000,0.000,0.000,0.000,0.000,0.000,0.000,0.000,0.000,0.000,0.000,0.000,0.000,0.000,3.034,0.494,0.000,0.000]
  Alt-Benders[1] (mw): LB=-0.954508, Z₀(α*)=-3.137378, intercept=-75.176068 (0.547s) [OMP=0.515 ISP-L=0.004 ISP-F=0.013 MW-L=0.005 MW-F=0.011]
  Alt-Benders[2] (mw): LB=-0.954508, Z₀(α*)=-3.137378, intercept=-75.176068 (0.468s) [OMP=0.441 ISP-L=0.003 ISP-F=0.012 MW-L=0.005 MW-F=0.011]
  Alt-Benders[3] (mw): LB=-0.954508, Z₀(α*)=-3.137378, intercept=-75.176068 (0.485s) [OMP=0.448 ISP-L=0.004 ISP-F=0.012 MW-L=0.005 MW-F=0.011]
  Alt-Benders[4]: LB stagnated, break
  OMP re-solve: 0.000s

=== True-DRO Benders iter 13 ===
  OMP: t₀=-0.954508, UB=23.671931, gap=1.04e+00, x=[0, 0, 0, 0, 0, 1, 0, 0, 0, 0, 0, 0, 0, 0, 0, 0, 0, 0, 0, 0, 0, 0, 0, 0, 1, 0, 0, 0, 0, 0, 0, 0, 0, 0, 0, 0] (0.000s)
  Sub: Z₀=21.846710 [LOCAL] (0.1s), α=[0.000,0.000,0.000,0.000,0.000,3.381,0.000,0.000,0.000,0.000,0.000,0.000,0.000,2.110,0.000,0.000,0.000,3.393,0.000,0.000,0.000,0.000,0.000,0.000,0.000,0.000,0.000,0.000,0.000,0.228,0.832,0.000,0.000,0.000,0.000,0.000]
  Iter 13: LB=-0.954508  UB=23.671931  gap=1.04e+00
  Cut: intercept=-1080.121956, π_x_range=[-817.7368, 556.1060]
  Mini-Benders[1] (mw): LB=-0.839797, Z₀(α*)=-15.809755, intercept=-71.114548 (0.469s) [OMP=0.441 ISP-L=0.004 ISP-F=0.011 MW-L=0.006 MW-F=0.009]
  Mini-Benders[2] (mw): LB=-0.839798, Z₀(α*)=-15.809755, intercept=-71.114548 (0.500s) [OMP=0.460 ISP-L=0.004 ISP-F=0.011 MW-L=0.006 MW-F=0.010]
  Mini-Benders[3] (mw): LB=-0.839798, Z₀(α*)=-15.809755, intercept=-71.114548 (0.484s) [OMP=0.457 ISP-L=0.004 ISP-F=0.011 MW-L=0.006 MW-F=0.009]
  Mini-Benders[4]: LB stagnated, break
  α-step: Z₀=23.513752, α=[0.000,0.000,4.358,0.000,0.000,0.000,0.000,0.000,0.000,0.000,0.000,0.000,0.000,2.129,0.000,0.000,0.000,0.000,0.000,0.000,0.000,0.000,0.000,0.000,0.000,0.000,0.000,0.000,0.000,0.000,0.000,0.000,0.000,3.457,0.000,0.000]
  Alt-Benders[1] (mw): LB=-0.638239, Z₀(α*)=10.330276, intercept=-32.356880 (0.469s) [OMP=0.426 ISP-L=0.004 ISP-F=0.010 MW-L=0.006 MW-F=0.013]
  Alt-Benders[2] (mw): LB=-0.584754, Z₀(α*)=18.798260, intercept=-45.723361 (0.547s) [OMP=0.517 ISP-L=0.003 ISP-F=0.013 MW-L=0.006 MW-F=0.010]
  Alt-Benders[3] (mw): LB=-0.184808, Z₀(α*)=20.335359, intercept=-8.786222 (0.484s) [OMP=0.453 ISP-L=0.003 ISP-F=0.012 MW-L=0.005 MW-F=0.010]
  Alt-Benders[4] (mw): LB=-0.158941, Z₀(α*)=15.650091, intercept=0.585730 (0.453s) [OMP=0.425 ISP-L=0.003 ISP-F=0.012 MW-L=0.006 MW-F=0.010]
  Alt-Benders[5] (mw): LB=-0.065179, Z₀(α*)=-1.764074, intercept=-80.291374 (0.625s) [OMP=0.560 ISP-L=0.003 ISP-F=0.011 MW-L=0.007 MW-F=0.030]
  OMP re-solve: 0.451s

=== True-DRO Benders iter 14 ===
  OMP: t₀=-0.065179, UB=23.671931, gap=1.00e+00, x=[0, 0, 0, 0, 0, 1, 0, 0, 0, 0, 0, 0, 0, 0, 0, 0, 0, 0, 0, 0, 0, 0, 1, 0, 0, 0, 0, 0, 0, 0, 0, 0, 0, 0, 0, 0] (0.000s)
  Sub: Z₀=17.612523 [LOCAL] (0.1s), α=[0.000,0.000,0.000,0.000,0.000,8.986,0.000,0.000,0.000,0.000,0.000,0.000,0.000,0.959,0.000,0.000,0.000,0.000,0.000,0.000,0.000,0.000,0.000,0.000,0.000,0.000,0.000,0.000,0.000,0.000,0.000,0.000,0.000,0.000,0.000,0.000]
  Iter 14: LB=-0.065179  UB=23.671931  gap=1.00e+00
  Cut: intercept=-1135.637353, π_x_range=[-819.8898, 583.1510]
  Mini-Benders[1] (mw): LB=-0.049641, Z₀(α*)=-42.094480, intercept=-35.136619 (0.500s) [OMP=0.476 ISP-L=0.003 ISP-F=0.010 MW-L=0.006 MW-F=0.012]
  Mini-Benders[2] (mw): LB=-0.049641, Z₀(α*)=-42.094480, intercept=-35.136619 (0.609s) [OMP=0.574 ISP-L=0.003 ISP-F=0.010 MW-L=0.006 MW-F=0.012]
  Mini-Benders[3] (mw): LB=-0.049641, Z₀(α*)=-42.094480, intercept=-35.136619 (0.610s) [OMP=0.580 ISP-L=0.003 ISP-F=0.011 MW-L=0.006 MW-F=0.012]
  Mini-Benders[4]: LB stagnated, break
  α-step: Z₀=18.026017, α=[0.000,0.000,7.438,0.000,0.000,0.000,0.000,0.000,0.000,0.000,0.000,0.000,0.000,0.000,0.000,0.000,0.000,0.000,0.000,0.000,0.000,0.000,0.000,0.000,0.000,0.000,0.000,0.000,0.000,0.000,0.000,0.000,2.223,0.284,0.000,0.000]
  Alt-Benders[1] (mw): LB=0.015636, Z₀(α*)=-1.203791, intercept=-24.837085 (0.516s) [OMP=0.492 ISP-L=0.004 ISP-F=0.012 MW-L=0.006 MW-F=0.010]
  Alt-Benders[2] (mw): LB=0.015636, Z₀(α*)=-1.203791, intercept=-24.837085 (0.546s) [OMP=0.509 ISP-L=0.004 ISP-F=0.011 MW-L=0.006 MW-F=0.010]
  Alt-Benders[3] (mw): LB=0.015636, Z₀(α*)=-1.203791, intercept=-24.837085 (0.547s) [OMP=0.523 ISP-L=0.004 ISP-F=0.011 MW-L=0.006 MW-F=0.010]
  Alt-Benders[4]: LB stagnated, break
  OMP re-solve: 0.000s

=== True-DRO Benders iter 15 ===
  OMP: t₀=0.015636, UB=23.671931, gap=9.99e-01, x=[0, 0, 0, 0, 0, 0, 0, 0, 0, 0, 0, 0, 0, 0, 0, 0, 0, 0, 0, 0, 0, 1, 0, 0, 0, 0, 0, 0, 0, 0, 0, 0, 1, 0, 0, 0] (0.000s)
  Sub: Z₀=22.265296 [TIME_LIMIT] (15.3s), α=[0.000,0.000,1.575,0.000,0.000,0.000,0.000,0.000,0.000,0.000,0.000,0.000,0.000,0.000,0.000,0.000,0.000,0.000,0.000,0.000,0.000,0.000,0.000,0.000,0.000,0.000,0.000,0.000,0.000,0.000,1.236,0.000,7.134,0.000,0.000,0.000]
  Iter 15: LB=0.015636  UB=23.564033  gap=9.99e-01
  Cut: intercept=-61.910725, π_x_range=[-224.0000, 43.7766]
  Mini-Benders[1] (mw): LB=0.076632, Z₀(α*)=-8.288936, intercept=-7.933659 (0.421s) [OMP=0.395 ISP-L=0.003 ISP-F=0.012 MW-L=0.005 MW-F=0.011]
  Mini-Benders[2] (mw): LB=0.076632, Z₀(α*)=-8.288936, intercept=-7.933659 (0.438s) [OMP=0.407 ISP-L=0.003 ISP-F=0.012 MW-L=0.005 MW-F=0.011]
  Mini-Benders[3] (mw): LB=0.076632, Z₀(α*)=-8.288936, intercept=-7.933659 (0.437s) [OMP=0.408 ISP-L=0.003 ISP-F=0.012 MW-L=0.005 MW-F=0.011]
  Mini-Benders[4]: LB stagnated, break
  α-step: Z₀=25.591056, α=[0.000,0.000,4.054,0.000,0.000,0.000,0.000,0.000,0.000,0.000,0.000,0.000,0.000,0.000,0.000,0.000,0.000,1.875,0.000,0.000,0.000,0.000,0.000,0.000,0.000,0.000,0.000,0.000,0.000,0.000,0.000,0.000,1.229,2.787,0.000,0.000]
  Alt-Benders[1] (mw): LB=0.191968, Z₀(α*)=5.081886, intercept=-22.665033 (0.562s) [OMP=0.530 ISP-L=0.004 ISP-F=0.012 MW-L=0.006 MW-F=0.010]
  Alt-Benders[2] (mw): LB=0.231064, Z₀(α*)=21.347145, intercept=-25.177971 (0.625s) [OMP=0.569 ISP-L=0.003 ISP-F=0.010 MW-L=0.007 MW-F=0.029]
  Alt-Benders[3] (mw): LB=0.520102, Z₀(α*)=24.277318, intercept=-3.705862 (0.469s) [OMP=0.437 ISP-L=0.003 ISP-F=0.012 MW-L=0.006 MW-F=0.009]
  Alt-Benders[4] (mw): LB=0.854259, Z₀(α*)=26.526840, intercept=20.054496 (0.500s) [OMP=0.478 ISP-L=0.003 ISP-F=0.012 MW-L=0.006 MW-F=0.011]
  Alt-Benders[5] (mw): LB=1.245543, Z₀(α*)=17.995896, intercept=-3.470015 (0.547s) [OMP=0.515 ISP-L=0.003 ISP-F=0.011 MW-L=0.006 MW-F=0.011]
  OMP re-solve: 0.491s

=== True-DRO Benders iter 16 ===
  OMP: t₀=1.322011, UB=23.564033, gap=9.44e-01, x=[0, 0, 0, 0, 0, 1, 0, 0, 0, 0, 0, 0, 0, 1, 0, 0, 0, 0, 0, 0, 0, 0, 0, 0, 0, 0, 0, 0, 0, 0, 0, 0, 0, 0, 0, 0] (0.000s)
  Sub: Z₀=21.374142 [LOCAL] (0.1s), α=[0.000,0.000,1.003,0.000,0.000,4.115,0.000,0.000,0.000,0.000,0.000,0.000,0.000,3.576,0.000,0.000,0.000,0.267,0.000,0.000,0.000,0.000,0.000,0.000,0.000,0.000,0.000,0.000,0.000,0.114,0.500,0.000,0.140,0.229,0.000,0.000]
  Iter 16: LB=1.322011  UB=23.564033  gap=9.44e-01
  Cut: intercept=-1121.169561, π_x_range=[-817.7648, 586.3850]
  Mini-Benders[1] (mw): LB=1.500104, Z₀(α*)=-31.553353, intercept=-40.429015 (0.484s) [OMP=0.464 ISP-L=0.003 ISP-F=0.012 MW-L=0.005 MW-F=0.013]
  Mini-Benders[2] (mw): LB=1.500104, Z₀(α*)=-31.553353, intercept=-40.429015 (0.547s) [OMP=0.521 ISP-L=0.003 ISP-F=0.012 MW-L=0.005 MW-F=0.013]
  Mini-Benders[3] (mw): LB=1.500104, Z₀(α*)=-31.553353, intercept=-40.429015 (0.546s) [OMP=0.517 ISP-L=0.003 ISP-F=0.012 MW-L=0.005 MW-F=0.012]
  Mini-Benders[4]: LB stagnated, break
  α-step: Z₀=16.928755, α=[0.000,0.000,7.780,0.000,0.000,0.000,0.000,0.000,0.000,0.000,0.000,0.000,0.000,0.000,0.000,0.000,0.000,1.866,0.000,0.000,0.000,0.000,0.000,0.000,0.000,0.000,0.000,0.000,0.000,0.000,0.000,0.000,0.298,0.000,0.000,0.000]
  Alt-Benders[1] (mw): LB=1.548873, Z₀(α*)=23.440857, intercept=-21.727060 (0.469s) [OMP=0.447 ISP-L=0.003 ISP-F=0.011 MW-L=0.007 MW-F=0.011]
  Alt-Benders[2] (mw): LB=1.998370, Z₀(α*)=-2.425272, intercept=-66.718130 (0.578s) [OMP=0.537 ISP-L=0.004 ISP-F=0.011 MW-L=0.006 MW-F=0.010]
  Alt-Benders[3] (mw): LB=1.998370, Z₀(α*)=-2.425272, intercept=-66.718130 (0.406s) [OMP=0.376 ISP-L=0.004 ISP-F=0.010 MW-L=0.006 MW-F=0.010]
  Alt-Benders[4] (mw): LB=1.998370, Z₀(α*)=-2.425272, intercept=-66.718130 (0.531s) [OMP=0.496 ISP-L=0.004 ISP-F=0.011 MW-L=0.006 MW-F=0.010]
  Alt-Benders[5]: LB stagnated, break
  OMP re-solve: 0.000s

=== True-DRO Benders iter 17 ===
  OMP: t₀=1.998370, UB=23.564033, gap=9.15e-01, x=[0, 0, 0, 0, 0, 0, 0, 0, 0, 0, 0, 0, 0, 0, 0, 0, 0, 0, 1, 0, 0, 0, 0, 0, 0, 0, 0, 0, 0, 0, 0, 0, 1, 0, 0, 0] (0.000s)
  Sub: Z₀=21.838855 [LOCAL] (0.2s), α=[0.000,0.000,2.774,0.000,0.000,0.000,0.000,0.000,0.000,0.000,0.000,0.000,0.000,0.000,0.000,0.000,0.000,0.000,0.000,0.000,0.000,0.000,0.000,0.000,0.000,0.000,0.000,0.000,0.000,0.000,0.000,0.000,4.760,2.410,0.000,0.000]
  Iter 17: LB=1.998370  UB=23.564033  gap=9.15e-01
  Cut: intercept=-1140.972076, π_x_range=[-827.5290, 584.6212]
  Mini-Benders[1] (mw): LB=2.099773, Z₀(α*)=1.993727, intercept=-20.347248 (0.531s) [OMP=0.508 ISP-L=0.003 ISP-F=0.011 MW-L=0.006 MW-F=0.009]
  Mini-Benders[2] (mw): LB=2.099773, Z₀(α*)=1.993727, intercept=-20.347248 (0.484s) [OMP=0.433 ISP-L=0.003 ISP-F=0.011 MW-L=0.007 MW-F=0.028]
  Mini-Benders[3] (mw): LB=2.099773, Z₀(α*)=1.993727, intercept=-20.347248 (0.454s) [OMP=0.427 ISP-L=0.003 ISP-F=0.011 MW-L=0.005 MW-F=0.009]
  Mini-Benders[4]: LB stagnated, break
  α-step: Z₀=25.591056, α=[0.000,0.000,5.928,0.000,0.000,0.000,0.000,0.000,0.000,0.000,0.000,0.000,0.000,0.000,0.000,0.000,0.000,0.000,0.000,0.000,0.000,0.000,0.000,0.000,0.000,0.000,0.000,0.000,0.000,0.000,0.000,0.000,0.000,4.016,0.000,0.000]
  Alt-Benders[1] (mw): LB=3.265912, Z₀(α*)=19.973786, intercept=-28.865830 (0.563s) [OMP=0.532 ISP-L=0.003 ISP-F=0.011 MW-L=0.006 MW-F=0.010]
  Alt-Benders[2] (mw): LB=3.346472, Z₀(α*)=25.591056, intercept=-26.238258 (0.547s) [OMP=0.508 ISP-L=0.003 ISP-F=0.011 MW-L=0.005 MW-F=0.009]
  Alt-Benders[3] (mw): LB=3.368163, Z₀(α*)=18.556353, intercept=-63.537945 (0.531s) [OMP=0.504 ISP-L=0.003 ISP-F=0.010 MW-L=0.006 MW-F=0.011]
  Alt-Benders[4] (mw): LB=4.074239, Z₀(α*)=7.480886, intercept=-93.413290 (0.578s) [OMP=0.540 ISP-L=0.004 ISP-F=0.012 MW-L=0.006 MW-F=0.013]
  Alt-Benders[5] (mw): LB=4.348382, Z₀(α*)=25.591056, intercept=22.446409 (0.406s) [OMP=0.383 ISP-L=0.003 ISP-F=0.011 MW-L=0.006 MW-F=0.009]
  OMP re-solve: 0.528s

=== True-DRO Benders iter 18 ===
  OMP: t₀=4.565875, UB=23.564033, gap=8.06e-01, x=[0, 0, 0, 0, 0, 0, 0, 0, 0, 0, 0, 0, 0, 1, 0, 0, 0, 0, 0, 0, 0, 0, 0, 0, 0, 0, 0, 0, 0, 1, 0, 0, 0, 0, 0, 0] (0.000s)
  Sub: Z₀=25.131844 [LOCAL] (0.2s), α=[0.000,0.000,4.105,0.000,0.000,0.024,0.000,0.000,0.000,0.000,0.000,0.000,0.000,1.629,0.000,0.000,0.000,0.029,0.000,0.000,0.000,0.000,0.000,0.000,0.000,0.000,0.000,0.000,0.000,0.653,0.269,0.000,0.449,2.785,0.000,0.000]
  Iter 18: LB=4.565875  UB=23.564033  gap=8.06e-01
  Cut: intercept=-1149.481716, π_x_range=[-821.7546, 587.7172]
  Mini-Benders[1] (mw): LB=4.799013, Z₀(α*)=4.283714, intercept=-20.224142 (0.406s) [OMP=0.379 ISP-L=0.004 ISP-F=0.011 MW-L=0.006 MW-F=0.010]
  Mini-Benders[2] (mw): LB=4.799013, Z₀(α*)=4.283714, intercept=-20.224142 (0.390s) [OMP=0.361 ISP-L=0.004 ISP-F=0.011 MW-L=0.006 MW-F=0.011]
  Mini-Benders[3] (mw): LB=4.799013, Z₀(α*)=4.283714, intercept=-20.224142 (0.407s) [OMP=0.370 ISP-L=0.004 ISP-F=0.011 MW-L=0.006 MW-F=0.010]
  Mini-Benders[4]: LB stagnated, break
  α-step: Z₀=19.310472, α=[0.000,0.000,1.258,0.000,0.000,0.000,0.000,0.000,0.000,0.000,0.000,0.000,0.000,0.000,0.000,0.000,0.000,1.662,0.000,0.000,0.000,0.000,0.000,0.000,0.000,0.000,0.000,0.000,0.000,0.000,0.000,0.000,0.000,7.025,0.000,0.000]
  Alt-Benders[1] (mw): LB=4.959536, Z₀(α*)=6.533722, intercept=-31.158070 (0.406s) [OMP=0.374 ISP-L=0.003 ISP-F=0.012 MW-L=0.006 MW-F=0.011]
  Alt-Benders[2] (mw): LB=5.036962, Z₀(α*)=15.915404, intercept=-8.616314 (0.406s) [OMP=0.372 ISP-L=0.003 ISP-F=0.012 MW-L=0.006 MW-F=0.008]
  Alt-Benders[3] (mw): LB=5.081884, Z₀(α*)=-4.156332, intercept=-24.604141 (0.391s) [OMP=0.331 ISP-L=0.004 ISP-F=0.012 MW-L=0.006 MW-F=0.028]
  Alt-Benders[4] (mw): LB=5.081884, Z₀(α*)=-4.156332, intercept=-24.604141 (0.375s) [OMP=0.341 ISP-L=0.004 ISP-F=0.012 MW-L=0.006 MW-F=0.009]
  Alt-Benders[5] (mw): LB=5.081884, Z₀(α*)=-4.156332, intercept=-24.604141 (0.359s) [OMP=0.335 ISP-L=0.003 ISP-F=0.012 MW-L=0.006 MW-F=0.010]
  OMP re-solve: 0.335s

=== True-DRO Benders iter 19 ===
  OMP: t₀=5.081884, UB=23.564033, gap=7.84e-01, x=[0, 0, 0, 0, 0, 1, 1, 0, 0, 0, 0, 0, 0, 0, 0, 0, 0, 0, 0, 0, 0, 0, 0, 0, 0, 0, 0, 0, 0, 0, 0, 0, 0, 0, 0, 0] (0.000s)
  Sub: Z₀=22.105858 [LOCAL] (0.1s), α=[0.000,0.000,1.355,0.000,0.000,5.515,0.000,0.000,0.000,0.000,0.000,0.000,0.000,0.595,0.000,0.000,0.000,0.647,0.000,0.000,0.000,0.000,0.000,0.000,0.000,0.000,0.000,0.000,0.000,0.131,0.601,0.000,0.213,0.888,0.000,0.000]
  Iter 19: LB=5.081884  UB=23.564033  gap=7.84e-01
  Cut: intercept=-1113.757713, π_x_range=[-820.0027, 579.7428]
  Mini-Benders[1] (mw): LB=5.402062, Z₀(α*)=-9.121247, intercept=-75.825822 (0.375s) [OMP=0.345 ISP-L=0.003 ISP-F=0.011 MW-L=0.005 MW-F=0.009]
  Mini-Benders[2] (mw): LB=5.402062, Z₀(α*)=-9.121247, intercept=-75.825822 (0.407s) [OMP=0.376 ISP-L=0.003 ISP-F=0.011 MW-L=0.005 MW-F=0.009]
  Mini-Benders[3] (mw): LB=5.402062, Z₀(α*)=-9.121247, intercept=-75.825822 (0.390s) [OMP=0.360 ISP-L=0.003 ISP-F=0.011 MW-L=0.005 MW-F=0.009]
  Mini-Benders[4]: LB stagnated, break
  α-step: Z₀=25.244193, α=[0.000,0.000,0.000,0.000,0.000,0.000,0.000,0.000,0.000,0.000,0.000,0.000,0.000,0.000,0.000,0.000,0.000,4.124,0.000,0.000,0.000,0.000,0.000,0.000,2.596,0.000,0.000,0.000,0.000,0.000,0.000,0.000,0.000,3.224,0.000,0.000]
  Alt-Benders[1] (mw): LB=5.895462, Z₀(α*)=-3.172188, intercept=-27.456313 (0.406s) [OMP=0.379 ISP-L=0.003 ISP-F=0.012 MW-L=0.006 MW-F=0.008]
  Alt-Benders[2] (mw): LB=5.895462, Z₀(α*)=-3.172188, intercept=-27.456313 (0.375s) [OMP=0.344 ISP-L=0.003 ISP-F=0.012 MW-L=0.006 MW-F=0.008]
  Alt-Benders[3] (mw): LB=5.895462, Z₀(α*)=-3.172188, intercept=-27.456313 (0.360s) [OMP=0.331 ISP-L=0.003 ISP-F=0.012 MW-L=0.006 MW-F=0.008]
  Alt-Benders[4]: LB stagnated, break
  OMP re-solve: 0.000s

=== True-DRO Benders iter 20 ===
  OMP: t₀=5.895462, UB=23.564033, gap=7.50e-01, x=[0, 0, 1, 0, 0, 0, 1, 0, 0, 0, 0, 0, 0, 0, 0, 0, 0, 0, 0, 0, 0, 0, 0, 0, 0, 0, 0, 0, 0, 0, 0, 0, 0, 0, 0, 0] (0.000s)
  Sub: Z₀=23.739201 (0.2s), α=[0.000,0.000,9.944,0.000,0.000,0.000,0.000,0.000,0.000,0.000,0.000,0.000,0.000,0.000,0.000,0.000,0.000,0.000,0.000,0.000,0.000,0.000,0.000,0.000,0.000,0.000,0.000,0.000,0.000,0.000,0.000,0.000,0.000,0.000,0.000,0.000]
  Iter 20: LB=5.895462  UB=23.564033  gap=7.50e-01
  Cut: intercept=-70.676265, π_x_range=[-256.0000, 54.4898]
  Sherali-Cut: intercept=-6.792713, π_x_range=[-85.1813, 30.5319]
  Mini-Benders[1] (mw): LB=6.050035, Z₀(α*)=-4.904096, intercept=-40.220903 (0.407s) [OMP=0.368 ISP-L=0.004 ISP-F=0.012 MW-L=0.005 MW-F=0.011]
  Mini-Benders[2] (mw): LB=6.050035, Z₀(α*)=-4.904096, intercept=-40.220903 (0.375s) [OMP=0.323 ISP-L=0.004 ISP-F=0.012 MW-L=0.006 MW-F=0.028]
  Mini-Benders[3] (mw): LB=6.050035, Z₀(α*)=-4.904096, intercept=-40.220903 (0.359s) [OMP=0.322 ISP-L=0.003 ISP-F=0.012 MW-L=0.005 MW-F=0.010]
  Mini-Benders[4]: LB stagnated, break
  α-step: Z₀=27.100522, α=[0.000,0.000,0.281,0.000,0.000,0.000,0.000,0.000,0.000,0.000,0.000,0.000,0.000,0.000,0.000,0.000,0.000,5.903,0.000,0.000,0.000,0.000,0.000,0.000,0.000,0.000,0.000,1.741,0.000,0.000,0.000,0.000,0.000,2.019,0.000,0.000]
  Alt-Benders[1] (mw): LB=6.533720, Z₀(α*)=11.281234, intercept=-32.274195 (0.406s) [OMP=0.375 ISP-L=0.004 ISP-F=0.012 MW-L=0.006 MW-F=0.009]
  Alt-Benders[2] (mw): LB=6.760690, Z₀(α*)=20.411092, intercept=-4.500228 (0.438s) [OMP=0.399 ISP-L=0.003 ISP-F=0.013 MW-L=0.006 MW-F=0.011]
  Alt-Benders[3] (mw): LB=6.990437, Z₀(α*)=-1.769674, intercept=-28.274400 (0.437s) [OMP=0.397 ISP-L=0.004 ISP-F=0.011 MW-L=0.007 MW-F=0.010]
  Alt-Benders[4] (mw): LB=6.990437, Z₀(α*)=-1.769674, intercept=-28.274400 (0.422s) [OMP=0.389 ISP-L=0.004 ISP-F=0.011 MW-L=0.007 MW-F=0.010]
  Alt-Benders[5] (mw): LB=6.990437, Z₀(α*)=-1.769674, intercept=-28.274400 (0.422s) [OMP=0.394 ISP-L=0.004 ISP-F=0.011 MW-L=0.007 MW-F=0.010]
  OMP re-solve: 0.391s

=== True-DRO Benders iter 21 ===
  OMP: t₀=6.990437, UB=23.564033, gap=7.03e-01, x=[0, 0, 0, 0, 0, 1, 0, 0, 0, 0, 0, 0, 0, 0, 0, 0, 0, 0, 0, 0, 0, 0, 0, 0, 0, 0, 0, 1, 0, 0, 0, 0, 0, 0, 0, 0] (0.000s)
  Sub: Z₀=21.089970 [LOCAL] (0.2s), α=[0.000,0.000,2.846,0.000,0.000,4.137,0.000,0.000,0.000,0.000,0.000,0.000,0.000,0.783,0.000,0.000,0.000,0.000,0.000,0.000,0.000,0.000,0.000,0.000,0.000,0.000,0.000,0.000,0.000,0.049,0.183,0.000,0.574,1.371,0.000,0.000]
  Iter 21: LB=6.990437  UB=23.564033  gap=7.03e-01
  Cut: intercept=-1116.074715, π_x_range=[-817.9787, 580.3561]
  Mini-Benders[1] (mw): LB=6.992509, Z₀(α*)=-3.803677, intercept=-47.854362 (0.469s) [OMP=0.435 ISP-L=0.003 ISP-F=0.011 MW-L=0.006 MW-F=0.011]
  Mini-Benders[2] (mw): LB=6.992509, Z₀(α*)=-3.803677, intercept=-47.854362 (0.391s) [OMP=0.365 ISP-L=0.003 ISP-F=0.011 MW-L=0.006 MW-F=0.011]
  Mini-Benders[3] (mw): LB=6.992509, Z₀(α*)=-3.803677, intercept=-47.854362 (0.390s) [OMP=0.360 ISP-L=0.003 ISP-F=0.011 MW-L=0.006 MW-F=0.011]
  Mini-Benders[4]: LB stagnated, break
  α-step: Z₀=26.506610, α=[0.000,0.000,0.000,0.000,0.000,0.000,0.000,0.000,0.000,0.000,0.000,0.000,0.000,0.000,0.000,0.000,0.000,5.387,0.000,0.000,0.000,0.000,0.000,0.000,0.330,0.000,0.000,1.225,0.000,0.000,0.000,0.000,0.000,3.003,0.000,0.000]
  Alt-Benders[1] (mw): LB=7.186051, Z₀(α*)=-0.316155, intercept=-19.931468 (0.469s) [OMP=0.437 ISP-L=0.004 ISP-F=0.011 MW-L=0.007 MW-F=0.009]
  Alt-Benders[2] (mw): LB=7.186051, Z₀(α*)=-0.316155, intercept=-19.931468 (0.390s) [OMP=0.354 ISP-L=0.004 ISP-F=0.011 MW-L=0.007 MW-F=0.009]
  Alt-Benders[3] (mw): LB=7.186051, Z₀(α*)=-0.316155, intercept=-19.931468 (0.407s) [OMP=0.364 ISP-L=0.004 ISP-F=0.011 MW-L=0.007 MW-F=0.027]
  Alt-Benders[4]: LB stagnated, break
  OMP re-solve: 0.000s

=== True-DRO Benders iter 22 ===
  OMP: t₀=7.186051, UB=23.564033, gap=6.95e-01, x=[0, 0, 0, 0, 0, 0, 0, 0, 0, 0, 0, 0, 0, 0, 0, 0, 0, 0, 0, 0, 0, 0, 0, 0, 0, 0, 0, 0, 0, 0, 1, 0, 0, 1, 0, 0] (0.000s)
  Sub: Z₀=22.681052 [LOCAL] (0.1s), α=[0.000,0.000,1.696,0.000,0.000,0.000,0.000,0.000,0.000,0.000,0.000,0.000,0.000,0.000,0.000,0.000,0.000,0.000,0.000,0.000,0.000,0.000,0.000,0.000,0.000,0.000,0.000,0.000,0.000,0.000,0.000,0.000,0.013,8.235,0.000,0.000]
  Iter 22: LB=7.186051  UB=23.564033  gap=6.95e-01
  Cut: intercept=-1154.731254, π_x_range=[-824.5574, 597.0355]
  Mini-Benders[1] (mw): LB=7.480884, Z₀(α*)=13.512757, intercept=-92.917468 (0.422s) [OMP=0.392 ISP-L=0.003 ISP-F=0.011 MW-L=0.006 MW-F=0.012]
  Mini-Benders[2] (mw): LB=7.596386, Z₀(α*)=5.100636, intercept=-14.206886 (0.438s) [OMP=0.411 ISP-L=0.003 ISP-F=0.013 MW-L=0.005 MW-F=0.009]
  Mini-Benders[3] (mw): LB=7.596386, Z₀(α*)=5.100636, intercept=-14.206886 (0.406s) [OMP=0.373 ISP-L=0.003 ISP-F=0.012 MW-L=0.005 MW-F=0.009]
  Mini-Benders[4] (mw): LB=7.596386, Z₀(α*)=5.100636, intercept=-14.206886 (0.391s) [OMP=0.361 ISP-L=0.003 ISP-F=0.012 MW-L=0.005 MW-F=0.009]
  Mini-Benders[5]: LB stagnated, break
  α-step: Z₀=25.591056, α=[0.000,0.000,5.063,0.000,0.000,0.000,0.000,0.000,0.000,0.000,0.000,0.000,0.000,0.000,0.000,0.000,0.000,0.000,0.000,0.000,0.000,0.000,0.000,0.000,0.000,0.000,0.000,0.000,0.000,0.000,0.000,0.000,2.094,2.787,0.000,0.000]
  Alt-Benders[1] (mw): LB=7.714803, Z₀(α*)=16.661219, intercept=-22.718370 (0.422s) [OMP=0.395 ISP-L=0.004 ISP-F=0.010 MW-L=0.006 MW-F=0.008]
  Alt-Benders[2] (mw): LB=8.336232, Z₀(α*)=23.304833, intercept=-10.518515 (0.406s) [OMP=0.373 ISP-L=0.003 ISP-F=0.010 MW-L=0.006 MW-F=0.009]
  Alt-Benders[3] (mw): LB=8.345916, Z₀(α*)=24.113629, intercept=-15.839326 (0.391s) [OMP=0.361 ISP-L=0.003 ISP-F=0.011 MW-L=0.006 MW-F=0.010]
  Alt-Benders[4] (mw): LB=8.511712, Z₀(α*)=17.215211, intercept=-56.385847 (0.375s) [OMP=0.350 ISP-L=0.003 ISP-F=0.010 MW-L=0.006 MW-F=0.011]
  Alt-Benders[5] (mw): LB=8.864958, Z₀(α*)=5.127163, intercept=-40.521362 (0.437s) [OMP=0.395 ISP-L=0.004 ISP-F=0.012 MW-L=0.006 MW-F=0.010]
  OMP re-solve: 0.348s

=== True-DRO Benders iter 23 ===
  OMP: t₀=8.864958, UB=23.564033, gap=6.24e-01, x=[0, 0, 0, 0, 0, 0, 0, 0, 0, 0, 0, 0, 1, 1, 0, 0, 0, 0, 0, 0, 0, 0, 0, 0, 0, 0, 0, 0, 0, 0, 0, 0, 0, 0, 0, 0] (0.000s)
  Sub: Z₀=22.272976 [LOCAL] (0.1s), α=[0.000,0.000,2.118,0.000,0.000,0.000,0.000,0.000,0.000,0.000,0.000,0.000,0.913,1.879,0.000,0.000,0.000,0.050,0.000,0.000,0.000,0.000,0.000,0.000,0.000,0.000,0.000,0.000,0.000,0.000,0.000,0.000,0.000,4.985,0.000,0.000]
  Iter 23: LB=8.864958  UB=23.564033  gap=6.24e-01
  Cut: intercept=-1138.807572, π_x_range=[-819.8352, 588.8773]
  Mini-Benders[1] (mw): LB=8.947080, Z₀(α*)=9.770405, intercept=-35.365600 (0.438s) [OMP=0.394 ISP-L=0.003 ISP-F=0.011 MW-L=0.007 MW-F=0.009]
  Mini-Benders[2] (mw): LB=9.148863, Z₀(α*)=16.739712, intercept=-115.017341 (0.406s) [OMP=0.386 ISP-L=0.003 ISP-F=0.012 MW-L=0.006 MW-F=0.009]
  Mini-Benders[3] (mw): LB=9.195406, Z₀(α*)=13.116707, intercept=-93.492559 (0.406s) [OMP=0.347 ISP-L=0.004 ISP-F=0.012 MW-L=0.007 MW-F=0.028]
  Mini-Benders[4] (mw): LB=9.277081, Z₀(α*)=10.283534, intercept=-71.237538 (0.407s) [OMP=0.385 ISP-L=0.003 ISP-F=0.011 MW-L=0.006 MW-F=0.009]
  Mini-Benders[5] (mw): LB=9.500395, Z₀(α*)=10.620540, intercept=-49.515323 (0.468s) [OMP=0.428 ISP-L=0.003 ISP-F=0.012 MW-L=0.006 MW-F=0.011]
  α-step: Z₀=14.049972, α=[0.000,0.000,2.088,0.000,0.000,0.000,0.000,0.000,0.000,0.000,0.000,0.000,2.900,0.000,0.000,0.000,0.000,0.000,0.000,0.000,0.000,0.000,0.000,0.000,0.000,0.000,0.000,0.000,0.000,0.000,0.000,0.000,0.000,4.957,0.000,0.000]
  Alt-Benders[1] (mw): LB=9.770403, Z₀(α*)=0.052587, intercept=-35.446833 (0.453s) [OMP=0.431 ISP-L=0.004 ISP-F=0.009 MW-L=0.006 MW-F=0.009]
  Alt-Benders[2] (mw): LB=9.770403, Z₀(α*)=0.052587, intercept=-35.446833 (0.578s) [OMP=0.545 ISP-L=0.004 ISP-F=0.010 MW-L=0.006 MW-F=0.010]
  Alt-Benders[3] (mw): LB=9.770403, Z₀(α*)=0.052587, intercept=-35.446833 (0.422s) [OMP=0.396 ISP-L=0.004 ISP-F=0.010 MW-L=0.006 MW-F=0.009]
  Alt-Benders[4]: LB stagnated, break
  OMP re-solve: 0.000s

=== True-DRO Benders iter 24 ===
  OMP: t₀=9.770403, UB=23.564033, gap=5.85e-01, x=[0, 0, 0, 0, 0, 1, 0, 0, 0, 0, 0, 0, 0, 0, 0, 0, 0, 0, 0, 0, 0, 0, 0, 0, 0, 0, 0, 0, 0, 1, 0, 0, 0, 0, 0, 0] (0.000s)
  Sub: Z₀=20.146491 [LOCAL] (0.1s), α=[0.000,0.000,0.000,0.000,0.000,5.278,0.000,0.000,0.000,0.000,0.000,0.000,0.000,1.365,0.000,0.000,0.000,0.000,0.000,0.000,0.000,0.000,0.000,0.000,0.000,0.000,0.000,0.000,0.000,2.168,1.133,0.000,0.000,0.000,0.000,0.000]
  Iter 24: LB=9.770403  UB=23.564033  gap=5.85e-01
  Cut: intercept=-1134.430861, π_x_range=[-817.7143, 590.4000]
  Mini-Benders[1] (mw): LB=9.787945, Z₀(α*)=-18.878053, intercept=-81.650628 (0.453s) [OMP=0.416 ISP-L=0.003 ISP-F=0.010 MW-L=0.006 MW-F=0.012]
  Mini-Benders[2] (mw): LB=9.787945, Z₀(α*)=-18.878053, intercept=-81.650628 (0.359s) [OMP=0.322 ISP-L=0.003 ISP-F=0.010 MW-L=0.006 MW-F=0.012]
  Mini-Benders[3] (mw): LB=9.787945, Z₀(α*)=-18.878053, intercept=-81.650628 (0.391s) [OMP=0.367 ISP-L=0.003 ISP-F=0.010 MW-L=0.006 MW-F=0.012]
  Mini-Benders[4]: LB stagnated, break
  α-step: Z₀=19.718068, α=[0.000,0.000,0.000,0.000,0.000,0.000,0.455,0.000,0.000,1.500,0.000,0.000,0.000,0.000,0.000,0.000,0.000,3.714,0.000,0.000,0.000,0.000,0.000,0.000,0.742,0.000,0.000,0.000,0.000,0.000,0.000,0.000,3.533,0.000,0.000,0.000]
  Alt-Benders[1] (mw): LB=10.123194, Z₀(α*)=-26.531405, intercept=-98.940974 (0.360s) [OMP=0.334 ISP-L=0.003 ISP-F=0.010 MW-L=0.006 MW-F=0.009]
  Alt-Benders[2] (mw): LB=10.123194, Z₀(α*)=-26.531405, intercept=-98.940974 (0.359s) [OMP=0.321 ISP-L=0.003 ISP-F=0.010 MW-L=0.006 MW-F=0.009]
  Alt-Benders[3] (mw): LB=10.123194, Z₀(α*)=-26.531405, intercept=-98.940974 (0.344s) [OMP=0.312 ISP-L=0.003 ISP-F=0.010 MW-L=0.006 MW-F=0.009]
  Alt-Benders[4]: LB stagnated, break
  OMP re-solve: 0.000s

=== True-DRO Benders iter 25 ===
  OMP: t₀=10.123194, UB=23.564033, gap=5.70e-01, x=[0, 0, 0, 0, 0, 0, 0, 0, 0, 0, 0, 0, 1, 0, 0, 0, 0, 0, 0, 0, 0, 0, 0, 0, 0, 0, 0, 0, 0, 0, 0, 0, 0, 1, 0, 0] (0.000s)
  Sub: Z₀=17.153081 [TIME_LIMIT] (15.2s), α=[0.000,0.000,0.000,0.000,0.000,0.000,0.000,0.000,0.000,0.000,0.000,0.000,3.531,0.000,0.000,0.000,0.000,0.000,0.000,0.000,0.000,0.000,0.000,0.000,0.000,0.000,0.000,0.000,0.000,0.000,0.000,0.000,0.000,6.414,0.000,0.000]
  Iter 25: LB=10.123194  UB=18.220876  gap=4.44e-01
  Cut: intercept=-107.140568, π_x_range=[-180.0000, 69.9023]
  Mini-Benders[1] (mw): LB=10.140451, Z₀(α*)=-3.667628, intercept=-47.814400 (0.282s) [OMP=0.259 ISP-L=0.003 ISP-F=0.012 MW-L=0.006 MW-F=0.012]
  Mini-Benders[2] (mw): LB=10.140451, Z₀(α*)=-3.667628, intercept=-47.814400 (0.343s) [OMP=0.310 ISP-L=0.003 ISP-F=0.012 MW-L=0.006 MW-F=0.011]
  Mini-Benders[3] (mw): LB=10.140451, Z₀(α*)=-3.667628, intercept=-47.814400 (0.328s) [OMP=0.297 ISP-L=0.003 ISP-F=0.011 MW-L=0.006 MW-F=0.011]
  Mini-Benders[4]: LB stagnated, break
  α-step: Z₀=25.993027, α=[0.000,0.000,3.880,0.000,0.000,0.000,0.000,0.000,0.000,0.000,0.000,0.000,0.000,0.000,0.000,0.000,0.000,0.993,0.000,0.000,0.000,0.000,0.000,0.000,0.000,0.000,0.000,0.000,0.000,0.380,0.000,0.000,4.691,0.000,0.000,0.000]
  Alt-Benders[1] (mw): LB=10.196767, Z₀(α*)=20.082732, intercept=-58.612471 (0.375s) [OMP=0.337 ISP-L=0.003 ISP-F=0.012 MW-L=0.006 MW-F=0.008]
  Alt-Benders[2] (mw): LB=10.283532, Z₀(α*)=8.505251, intercept=-68.532976 (0.359s) [OMP=0.339 ISP-L=0.003 ISP-F=0.010 MW-L=0.006 MW-F=0.008]
  Alt-Benders[3] (mw): LB=10.283532, Z₀(α*)=8.505251, intercept=-68.532976 (0.359s) [OMP=0.322 ISP-L=0.003 ISP-F=0.011 MW-L=0.006 MW-F=0.008]
  Alt-Benders[4] (mw): LB=10.283532, Z₀(α*)=8.505251, intercept=-68.532976 (0.344s) [OMP=0.322 ISP-L=0.003 ISP-F=0.010 MW-L=0.006 MW-F=0.009]
  Alt-Benders[5]: LB stagnated, break
  OMP re-solve: 0.000s

=== True-DRO Benders iter 26 ===
  OMP: t₀=10.283532, UB=18.220876, gap=4.36e-01, x=[0, 0, 0, 0, 0, 1, 0, 0, 0, 1, 0, 0, 0, 0, 0, 0, 0, 0, 0, 0, 0, 0, 0, 0, 0, 0, 0, 0, 0, 0, 0, 0, 0, 0, 0, 0] (0.000s)
  Sub: Z₀=19.745993 [LOCAL] (0.4s), α=[0.000,0.000,1.129,0.000,0.000,3.376,0.000,0.000,0.000,4.750,0.000,0.000,0.000,0.460,0.000,0.000,0.000,0.000,0.000,0.000,0.000,0.000,0.000,0.000,0.000,0.000,0.000,0.000,0.000,0.000,0.000,0.000,0.113,0.116,0.000,0.000]
  Iter 26: LB=10.283532  UB=18.220876  gap=4.36e-01
  Cut: intercept=-1097.523446, π_x_range=[-816.4790, 562.5479]
  Mini-Benders[1] (mw): LB=10.330274, Z₀(α*)=-30.093630, intercept=-35.585148 (0.391s) [OMP=0.351 ISP-L=0.004 ISP-F=0.011 MW-L=0.006 MW-F=0.011]
  Mini-Benders[2] (mw): LB=10.330274, Z₀(α*)=-30.093630, intercept=-35.585148 (0.359s) [OMP=0.328 ISP-L=0.004 ISP-F=0.011 MW-L=0.006 MW-F=0.011]
  Mini-Benders[3] (mw): LB=10.330274, Z₀(α*)=-30.093630, intercept=-35.585148 (0.359s) [OMP=0.325 ISP-L=0.004 ISP-F=0.011 MW-L=0.006 MW-F=0.011]
  Mini-Benders[4]: LB stagnated, break
  α-step: Z₀=19.186044, α=[0.000,0.000,0.000,0.000,0.000,0.000,0.000,0.000,0.000,0.000,0.000,0.000,0.000,0.000,0.000,0.000,0.000,2.795,0.000,0.000,0.000,0.000,0.000,0.000,0.000,0.000,0.000,0.000,0.000,0.000,0.000,0.000,0.000,7.149,0.000,0.000]
  Alt-Benders[1] (mw): LB=10.620538, Z₀(α*)=5.598198, intercept=-40.131718 (0.375s) [OMP=0.346 ISP-L=0.003 ISP-F=0.012 MW-L=0.007 MW-F=0.011]
  Alt-Benders[2] (mw): LB=10.620538, Z₀(α*)=5.598198, intercept=-40.131718 (0.484s) [OMP=0.447 ISP-L=0.003 ISP-F=0.012 MW-L=0.007 MW-F=0.012]
  Alt-Benders[3] (mw): LB=10.620538, Z₀(α*)=5.598198, intercept=-40.131718 (0.485s) [OMP=0.430 ISP-L=0.020 ISP-F=0.012 MW-L=0.006 MW-F=0.011]
  Alt-Benders[4]: LB stagnated, break
  OMP re-solve: 0.000s

=== True-DRO Benders iter 27 ===
  OMP: t₀=10.620538, UB=18.220876, gap=4.17e-01, x=[0, 0, 0, 0, 0, 0, 0, 0, 0, 0, 0, 0, 0, 0, 0, 0, 0, 0, 1, 0, 0, 0, 1, 0, 0, 0, 0, 0, 0, 0, 0, 0, 0, 0, 0, 0] (0.000s)
  Sub: Z₀=23.319536 [LOCAL] (0.1s), α=[0.000,0.000,4.734,0.000,0.000,0.046,0.000,0.000,0.000,0.000,0.000,0.000,0.000,0.834,0.000,0.000,0.000,0.000,0.000,0.000,0.000,0.000,1.325,0.000,0.000,0.000,0.000,0.000,0.000,0.000,0.000,0.000,1.607,1.399,0.000,0.000]
  Iter 27: LB=10.620538  UB=18.220876  gap=4.17e-01
  Cut: intercept=-1103.676553, π_x_range=[-826.0992, 563.9768]
  Mini-Benders[1] (mw): LB=10.633546, Z₀(α*)=23.237313, intercept=-39.420120 (0.374s) [OMP=0.348 ISP-L=0.003 ISP-F=0.011 MW-L=0.007 MW-F=0.012]
  Mini-Benders[2] (mw): LB=10.972348, Z₀(α*)=5.357784, intercept=-24.242556 (0.453s) [OMP=0.418 ISP-L=0.004 ISP-F=0.012 MW-L=0.006 MW-F=0.010]
  Mini-Benders[3] (mw): LB=10.972348, Z₀(α*)=5.357784, intercept=-24.242556 (0.375s) [OMP=0.338 ISP-L=0.004 ISP-F=0.012 MW-L=0.006 MW-F=0.010]
  Mini-Benders[4] (mw): LB=10.972348, Z₀(α*)=5.357784, intercept=-24.242556 (0.375s) [OMP=0.340 ISP-L=0.004 ISP-F=0.013 MW-L=0.006 MW-F=0.010]
  Mini-Benders[5]: LB stagnated, break
  α-step: Z₀=19.176861, α=[0.000,0.000,0.000,0.000,0.000,0.652,0.000,0.000,0.000,0.000,0.000,0.000,0.000,1.365,0.000,0.000,0.000,3.026,0.000,0.000,0.000,0.000,0.000,0.000,0.000,0.000,0.000,0.000,0.000,2.777,0.000,0.000,0.996,1.129,0.000,0.000]
  Alt-Benders[1] (mw): LB=11.133222, Z₀(α*)=19.896803, intercept=-32.463318 (0.453s) [OMP=0.417 ISP-L=0.003 ISP-F=0.012 MW-L=0.005 MW-F=0.010]
  Alt-Benders[2] (mw): LB=11.281232, Z₀(α*)=14.433634, intercept=-41.927385 (0.422s) [OMP=0.388 ISP-L=0.003 ISP-F=0.012 MW-L=0.006 MW-F=0.011]
  Alt-Benders[3] (mw): LB=11.363791, Z₀(α*)=-3.625659, intercept=-68.710686 (0.422s) [OMP=0.393 ISP-L=0.004 ISP-F=0.013 MW-L=0.007 MW-F=0.012]
  Alt-Benders[4] (mw): LB=11.363791, Z₀(α*)=-3.625659, intercept=-68.710686 (0.531s) [OMP=0.484 ISP-L=0.004 ISP-F=0.012 MW-L=0.007 MW-F=0.011]
  Alt-Benders[5] (mw): LB=11.363791, Z₀(α*)=-3.625659, intercept=-68.710686 (0.531s) [OMP=0.501 ISP-L=0.004 ISP-F=0.012 MW-L=0.007 MW-F=0.011]
  OMP re-solve: 0.504s

=== True-DRO Benders iter 28 ===
  OMP: t₀=11.363791, UB=18.220876, gap=3.76e-01, x=[0, 0, 0, 0, 0, 0, 0, 0, 0, 0, 0, 0, 0, 0, 0, 0, 0, 0, 0, 0, 0, 0, 0, 0, 1, 0, 0, 0, 0, 0, 0, 0, 1, 0, 0, 0] (0.000s)
  Sub: Z₀=18.645222 [LOCAL] (0.4s), α=[0.000,0.000,0.000,0.000,0.000,0.000,0.013,0.000,0.000,0.000,0.000,0.000,0.000,0.000,0.000,0.000,0.000,1.584,0.000,0.000,0.000,0.000,0.000,0.000,0.317,0.000,0.000,0.000,0.000,0.000,0.000,0.000,6.444,1.588,0.000,0.000]
  Iter 28: LB=11.363791  UB=18.220876  gap=3.76e-01
  Cut: intercept=-1112.505268, π_x_range=[-820.8794, 571.6448]
  Mini-Benders[1] (mw): LB=11.472047, Z₀(α*)=-16.019573, intercept=-78.318978 (0.562s) [OMP=0.519 ISP-L=0.003 ISP-F=0.010 MW-L=0.007 MW-F=0.013]
  Mini-Benders[2] (mw): LB=11.472047, Z₀(α*)=-16.019573, intercept=-78.318978 (0.391s) [OMP=0.364 ISP-L=0.003 ISP-F=0.010 MW-L=0.007 MW-F=0.012]
  Mini-Benders[3] (mw): LB=11.472047, Z₀(α*)=-16.019573, intercept=-78.318978 (0.422s) [OMP=0.365 ISP-L=0.003 ISP-F=0.010 MW-L=0.026 MW-F=0.012]
  Mini-Benders[4]: LB stagnated, break
  α-step: Z₀=21.511698, α=[0.000,0.000,0.901,0.000,0.000,0.000,0.000,0.000,0.000,0.000,0.000,0.000,0.000,0.000,0.000,0.000,0.000,4.162,0.000,0.000,0.000,0.000,0.000,0.000,0.000,0.000,0.000,0.000,0.000,0.000,0.000,0.000,0.000,4.881,0.000,0.000]
  Alt-Benders[1] (mw): LB=11.553799, Z₀(α*)=20.426791, intercept=0.835500 (0.563s) [OMP=0.532 ISP-L=0.003 ISP-F=0.012 MW-L=0.006 MW-F=0.008]
  Alt-Benders[2] (mw): LB=11.555614, Z₀(α*)=18.092047, intercept=6.956195 (0.468s) [OMP=0.439 ISP-L=0.003 ISP-F=0.011 MW-L=0.005 MW-F=0.009]
  Alt-Benders[3] (mw): LB=11.883504, Z₀(α*)=17.349626, intercept=-33.579795 (0.438s) [OMP=0.420 ISP-L=0.004 ISP-F=0.010 MW-L=0.006 MW-F=0.010]
  Alt-Benders[4] (mw): LB=12.093101, Z₀(α*)=12.225781, intercept=-9.566282 (0.453s) [OMP=0.418 ISP-L=0.003 ISP-F=0.011 MW-L=0.006 MW-F=0.008]
  Alt-Benders[5] (mw): LB=12.164807, Z₀(α*)=10.027289, intercept=-25.799042 (0.453s) [OMP=0.423 ISP-L=0.002 ISP-F=0.011 MW-L=0.005 MW-F=0.008]
  OMP re-solve: 0.429s

=== True-DRO Benders iter 29 ===
  OMP: t₀=12.164807, UB=18.220876, gap=3.32e-01, x=[0, 0, 1, 0, 0, 0, 0, 0, 0, 0, 0, 0, 0, 0, 0, 0, 0, 0, 0, 0, 0, 1, 0, 0, 0, 0, 0, 0, 0, 0, 0, 0, 0, 0, 0, 0] (0.000s)
  Sub: Z₀=23.170729 [LOCAL] (0.1s), α=[0.000,0.000,9.900,0.000,0.000,0.000,0.000,0.000,0.000,0.000,0.000,0.000,0.000,0.000,0.000,0.000,0.000,0.044,0.000,0.000,0.000,0.000,0.000,0.000,0.000,0.000,0.000,0.000,0.000,0.000,0.000,0.000,0.000,0.000,0.000,0.000]
  Iter 29: LB=12.164807  UB=18.220876  gap=3.32e-01
  Cut: intercept=-1124.987626, π_x_range=[-818.9059, 575.2057]
  Mini-Benders[1] (mw): LB=12.205265, Z₀(α*)=-33.652259, intercept=-28.784265 (0.453s) [OMP=0.418 ISP-L=0.004 ISP-F=0.010 MW-L=0.006 MW-F=0.012]
  Mini-Benders[2] (mw): LB=12.205265, Z₀(α*)=-33.652259, intercept=-28.784265 (0.469s) [OMP=0.438 ISP-L=0.004 ISP-F=0.010 MW-L=0.006 MW-F=0.012]
  Mini-Benders[3] (mw): LB=12.205265, Z₀(α*)=-33.652259, intercept=-28.784265 (0.468s) [OMP=0.439 ISP-L=0.004 ISP-F=0.010 MW-L=0.006 MW-F=0.012]
  Mini-Benders[4]: LB stagnated, break
  α-step: Z₀=19.310472, α=[0.000,0.000,1.258,0.000,0.000,0.000,0.000,0.000,0.000,0.000,0.000,0.000,0.000,0.000,0.000,0.000,0.000,1.662,0.000,0.000,0.000,0.000,0.000,0.000,0.000,0.000,0.000,0.000,0.000,0.000,0.000,0.000,0.000,7.024,0.000,0.000]
  Alt-Benders[1] (mw): LB=12.213210, Z₀(α*)=5.255382, intercept=-25.520682 (0.641s) [OMP=0.609 ISP-L=0.004 ISP-F=0.011 MW-L=0.007 MW-F=0.012]
  Alt-Benders[2] (mw): LB=12.213210, Z₀(α*)=5.255382, intercept=-25.520682 (0.593s) [OMP=0.555 ISP-L=0.004 ISP-F=0.010 MW-L=0.007 MW-F=0.011]
  Alt-Benders[3] (mw): LB=12.213210, Z₀(α*)=5.255382, intercept=-25.520682 (0.579s) [OMP=0.549 ISP-L=0.004 ISP-F=0.011 MW-L=0.007 MW-F=0.012]
  Alt-Benders[4]: LB stagnated, break
  OMP re-solve: 0.000s

=== True-DRO Benders iter 30 ===
  OMP: t₀=12.213210, UB=18.220876, gap=3.30e-01, x=[0, 0, 0, 0, 0, 1, 0, 0, 0, 0, 0, 0, 0, 0, 0, 0, 0, 0, 0, 0, 0, 1, 0, 0, 0, 0, 0, 0, 0, 0, 0, 0, 0, 0, 0, 0] (0.000s)
  Sub: Z₀=23.670983 (1.6s), α=[0.000,0.000,2.538,0.000,0.000,5.978,0.000,0.000,0.000,0.000,0.000,0.000,0.000,0.000,0.000,0.000,0.000,0.014,0.000,0.000,0.000,0.000,0.000,0.000,0.000,0.000,0.000,0.000,0.000,1.374,0.041,0.000,0.000,0.000,0.000,0.000]
  Iter 30: LB=12.213210  UB=18.220876  gap=3.30e-01
  Cut: intercept=-62.465110, π_x_range=[-135.7597, 55.1281]
  Sherali-Cut: intercept=-25.224196, π_x_range=[-79.5876, 48.8961]
  Mini-Benders[1] (mw): LB=12.225780, Z₀(α*)=-20.132942, intercept=-20.354254 (0.500s) [OMP=0.455 ISP-L=0.003 ISP-F=0.012 MW-L=0.006 MW-F=0.012]
  Mini-Benders[2] (mw): LB=12.225780, Z₀(α*)=-20.132942, intercept=-20.354254 (0.500s) [OMP=0.473 ISP-L=0.003 ISP-F=0.011 MW-L=0.006 MW-F=0.011]
  Mini-Benders[3] (mw): LB=12.225780, Z₀(α*)=-20.132942, intercept=-20.354254 (0.515s) [OMP=0.478 ISP-L=0.003 ISP-F=0.011 MW-L=0.006 MW-F=0.012]
  Mini-Benders[4]: LB stagnated, break
  α-step: Z₀=22.476197, α=[0.000,0.000,2.193,0.000,0.000,0.000,0.000,0.000,0.000,0.000,0.000,0.000,0.000,0.000,0.000,0.000,0.000,0.000,0.000,0.000,0.000,0.000,0.000,0.000,0.000,0.000,0.000,0.000,0.000,0.000,0.000,0.000,7.663,0.089,0.000,0.000]
  Alt-Benders[1] (mw): LB=12.258096, Z₀(α*)=13.552012, intercept=-40.820325 (0.579s) [OMP=0.535 ISP-L=0.003 ISP-F=0.012 MW-L=0.006 MW-F=0.011]
  Alt-Benders[2] (mw): LB=12.634498, Z₀(α*)=-1.209028, intercept=-32.811774 (0.500s) [OMP=0.470 ISP-L=0.003 ISP-F=0.012 MW-L=0.006 MW-F=0.009]
  Alt-Benders[3] (mw): LB=12.634498, Z₀(α*)=-1.209028, intercept=-32.811774 (0.453s) [OMP=0.431 ISP-L=0.003 ISP-F=0.012 MW-L=0.006 MW-F=0.009]
  Alt-Benders[4] (mw): LB=12.634498, Z₀(α*)=-1.209028, intercept=-32.811774 (0.484s) [OMP=0.450 ISP-L=0.003 ISP-F=0.011 MW-L=0.006 MW-F=0.009]
  Alt-Benders[5]: LB stagnated, break
  OMP re-solve: 0.000s

=== True-DRO Benders iter 31 ===
  OMP: t₀=12.634498, UB=18.220876, gap=3.07e-01, x=[0, 0, 0, 0, 0, 0, 0, 0, 0, 0, 0, 0, 0, 0, 0, 0, 0, 0, 0, 0, 0, 0, 0, 0, 1, 0, 0, 0, 0, 1, 0, 0, 0, 0, 0, 0] (0.000s)
  Sub: Z₀=23.603358 [LOCAL] (0.2s), α=[0.000,0.000,0.000,0.000,0.000,0.032,0.036,0.000,0.000,0.000,0.000,0.000,0.000,0.561,0.000,0.000,0.000,4.588,0.000,0.000,0.000,0.000,0.000,0.000,1.161,0.000,0.000,0.000,0.000,1.139,0.528,0.000,0.877,1.023,0.000,0.000]
  Iter 31: LB=12.634498  UB=18.220876  gap=3.07e-01
  Cut: intercept=-1107.130458, π_x_range=[-818.9353, 587.3794]
  Mini-Benders[1] (mw): LB=12.699556, Z₀(α*)=-5.007396, intercept=-44.465155 (0.438s) [OMP=0.414 ISP-L=0.003 ISP-F=0.012 MW-L=0.007 MW-F=0.011]
  Mini-Benders[2] (mw): LB=12.699556, Z₀(α*)=-5.007396, intercept=-44.465155 (0.500s) [OMP=0.460 ISP-L=0.003 ISP-F=0.012 MW-L=0.006 MW-F=0.011]
  Mini-Benders[3] (mw): LB=12.699556, Z₀(α*)=-5.007396, intercept=-44.465155 (0.484s) [OMP=0.450 ISP-L=0.003 ISP-F=0.012 MW-L=0.006 MW-F=0.011]
  Mini-Benders[4]: LB stagnated, break
  α-step: Z₀=25.900436, α=[0.000,0.000,5.210,0.000,0.000,0.000,0.000,0.000,0.000,0.000,0.000,0.000,0.000,0.000,0.000,0.000,0.000,0.000,0.000,0.000,0.000,0.000,0.000,0.000,0.000,0.000,0.000,0.000,0.000,0.409,0.000,0.000,1.229,3.097,0.000,0.000]
  Alt-Benders[1] (mw): LB=12.939695, Z₀(α*)=25.900436, intercept=-55.646570 (0.531s) [OMP=0.508 ISP-L=0.003 ISP-F=0.012 MW-L=0.006 MW-F=0.010]
  Alt-Benders[2] (mw): LB=13.016597, Z₀(α*)=25.687651, intercept=-3.785827 (0.438s) [OMP=0.405 ISP-L=0.003 ISP-F=0.012 MW-L=0.005 MW-F=0.010]
  Alt-Benders[3] (mw): LB=13.116705, Z₀(α*)=8.566981, intercept=-61.117499 (0.406s) [OMP=0.372 ISP-L=0.004 ISP-F=0.011 MW-L=0.006 MW-F=0.011]
  Alt-Benders[4] (mw): LB=13.116705, Z₀(α*)=8.566981, intercept=-61.117499 (0.422s) [OMP=0.384 ISP-L=0.004 ISP-F=0.011 MW-L=0.006 MW-F=0.011]
  Alt-Benders[5] (mw): LB=13.116705, Z₀(α*)=8.566981, intercept=-61.117499 (0.422s) [OMP=0.385 ISP-L=0.004 ISP-F=0.011 MW-L=0.006 MW-F=0.011]
  OMP re-solve: 0.384s

=== True-DRO Benders iter 32 ===
  OMP: t₀=13.116705, UB=18.220876, gap=2.80e-01, x=[0, 0, 0, 0, 0, 1, 0, 0, 0, 0, 0, 0, 1, 0, 0, 0, 0, 0, 0, 0, 0, 0, 0, 0, 0, 0, 0, 0, 0, 0, 0, 0, 0, 0, 0, 0] (0.000s)
  Sub: Z₀=22.105858 [LOCAL] (0.2s), α=[0.000,0.000,1.785,0.000,0.000,1.910,0.000,0.000,0.000,0.000,0.000,0.000,0.000,4.399,0.000,0.000,0.000,0.216,0.000,0.000,0.000,0.000,0.000,0.000,0.000,0.000,0.000,0.000,0.000,0.096,0.437,0.000,0.000,1.101,0.000,0.000]
  Iter 32: LB=13.116705  UB=18.220876  gap=2.80e-01
  Cut: intercept=-1095.650338, π_x_range=[-817.1873, 562.2367]
  Mini-Benders[1] (mw): LB=13.245026, Z₀(α*)=-14.636883, intercept=-23.277709 (0.531s) [OMP=0.500 ISP-L=0.004 ISP-F=0.010 MW-L=0.006 MW-F=0.009]
  Mini-Benders[2] (mw): LB=13.245026, Z₀(α*)=-14.636883, intercept=-23.277709 (0.516s) [OMP=0.474 ISP-L=0.004 ISP-F=0.010 MW-L=0.007 MW-F=0.009]
  Mini-Benders[3] (mw): LB=13.245026, Z₀(α*)=-14.636883, intercept=-23.277709 (0.500s) [OMP=0.473 ISP-L=0.004 ISP-F=0.011 MW-L=0.007 MW-F=0.009]
  Mini-Benders[4]: LB stagnated, break
  α-step: Z₀=19.310472, α=[0.000,0.000,1.258,0.000,0.000,0.000,0.000,0.000,0.000,0.000,0.000,0.000,0.000,0.000,0.000,0.000,0.000,1.662,0.000,0.000,0.000,0.000,0.000,0.000,0.000,0.000,0.000,0.000,0.000,0.000,0.000,0.000,0.000,7.025,0.000,0.000]
  Alt-Benders[1] (mw): LB=13.451304, Z₀(α*)=10.863622, intercept=14.888964 (0.500s) [OMP=0.468 ISP-L=0.003 ISP-F=0.011 MW-L=0.007 MW-F=0.009]
  Alt-Benders[2] (mw): LB=13.451304, Z₀(α*)=10.863622, intercept=14.888964 (0.547s) [OMP=0.517 ISP-L=0.003 ISP-F=0.011 MW-L=0.007 MW-F=0.009]
  Alt-Benders[3] (mw): LB=13.451304, Z₀(α*)=10.863622, intercept=14.888964 (0.546s) [OMP=0.521 ISP-L=0.003 ISP-F=0.011 MW-L=0.007 MW-F=0.009]
  Alt-Benders[4]: LB stagnated, break
  OMP re-solve: 0.000s

=== True-DRO Benders iter 33 ===
  OMP: t₀=13.451304, UB=18.220876, gap=2.62e-01, x=[0, 0, 0, 0, 0, 0, 0, 0, 0, 0, 0, 0, 0, 0, 0, 0, 0, 0, 0, 0, 0, 0, 0, 0, 0, 0, 0, 1, 0, 0, 1, 0, 0, 0, 0, 0] (0.000s)
  Sub: Z₀=24.697124 [LOCAL] (0.2s), α=[0.000,0.000,6.416,0.000,0.000,0.000,0.000,0.000,0.000,0.000,0.000,0.000,0.000,0.000,0.000,0.000,0.000,0.000,0.000,0.000,0.000,0.000,0.000,0.000,0.000,0.000,0.000,0.000,0.000,0.000,0.000,0.000,0.697,2.832,0.000,0.000]
  Iter 33: LB=13.451304  UB=18.220876  gap=2.62e-01
  Cut: intercept=-1151.574949, π_x_range=[-821.5742, 595.9493]
  Mini-Benders[1] (mw): LB=13.499413, Z₀(α*)=25.804247, intercept=-43.557440 (0.515s) [OMP=0.451 ISP-L=0.003 ISP-F=0.011 MW-L=0.026 MW-F=0.019]
  Mini-Benders[2] (mw): LB=13.505232, Z₀(α*)=5.159957, intercept=-22.227795 (0.485s) [OMP=0.462 ISP-L=0.004 ISP-F=0.011 MW-L=0.006 MW-F=0.011]
  Mini-Benders[3] (mw): LB=13.505232, Z₀(α*)=5.159957, intercept=-22.227795 (0.437s) [OMP=0.404 ISP-L=0.004 ISP-F=0.011 MW-L=0.006 MW-F=0.011]
  Mini-Benders[4] (mw): LB=13.505232, Z₀(α*)=5.159957, intercept=-22.227795 (0.438s) [OMP=0.396 ISP-L=0.004 ISP-F=0.011 MW-L=0.006 MW-F=0.011]
  Mini-Benders[5]: LB stagnated, break
  α-step: Z₀=19.310472, α=[0.000,0.000,0.000,0.000,0.000,0.000,0.000,0.000,0.000,0.000,0.000,0.000,0.000,0.000,0.000,0.000,0.000,2.920,0.000,0.000,0.000,0.000,0.000,0.000,0.000,0.000,0.000,0.000,0.000,0.000,0.000,0.000,1.229,5.796,0.000,0.000]
  Alt-Benders[1] (mw): LB=13.512755, Z₀(α*)=18.968735, intercept=-71.221979 (0.469s) [OMP=0.442 ISP-L=0.003 ISP-F=0.012 MW-L=0.006 MW-F=0.011]
  Alt-Benders[2] (mw): LB=13.537909, Z₀(α*)=17.018996, intercept=-77.446584 (0.469s) [OMP=0.427 ISP-L=0.003 ISP-F=0.012 MW-L=0.006 MW-F=0.012]
  Alt-Benders[3] (mw): LB=13.552010, Z₀(α*)=5.196408, intercept=-55.529736 (0.453s) [OMP=0.419 ISP-L=0.003 ISP-F=0.011 MW-L=0.007 MW-F=0.010]
  Alt-Benders[4] (mw): LB=13.552010, Z₀(α*)=5.196408, intercept=-55.529736 (0.469s) [OMP=0.442 ISP-L=0.003 ISP-F=0.011 MW-L=0.007 MW-F=0.010]
  Alt-Benders[5] (mw): LB=13.552010, Z₀(α*)=5.196408, intercept=-55.529736 (0.484s) [OMP=0.446 ISP-L=0.003 ISP-F=0.011 MW-L=0.007 MW-F=0.010]
  OMP re-solve: 0.445s

=== True-DRO Benders iter 34 ===
  OMP: t₀=13.552010, UB=18.220876, gap=2.56e-01, x=[0, 0, 0, 0, 0, 0, 0, 0, 0, 0, 0, 0, 0, 0, 0, 0, 0, 0, 0, 0, 0, 0, 1, 0, 0, 0, 0, 1, 0, 0, 0, 0, 0, 0, 0, 0] (0.000s)
  Sub: Z₀=23.396700 [LOCAL] (0.2s), α=[0.000,0.000,5.007,0.000,0.000,0.045,0.000,0.000,0.000,0.000,0.000,0.000,0.000,0.850,0.000,0.000,0.000,0.000,0.000,0.000,0.000,0.000,1.172,0.000,0.000,0.000,0.000,0.000,0.000,0.000,0.000,0.000,1.510,1.359,0.000,0.000]
  Iter 34: LB=13.552010  UB=18.220876  gap=2.56e-01
  Cut: intercept=-1117.194747, π_x_range=[-826.3822, 577.3327]
  Mini-Benders[1] (mw): LB=13.990584, Z₀(α*)=-2.648688, intercept=-22.887165 (0.468s) [OMP=0.433 ISP-L=0.004 ISP-F=0.010 MW-L=0.007 MW-F=0.010]
  Mini-Benders[2] (mw): LB=13.990584, Z₀(α*)=-2.648688, intercept=-22.887165 (0.485s) [OMP=0.445 ISP-L=0.004 ISP-F=0.010 MW-L=0.007 MW-F=0.010]
  Mini-Benders[3] (mw): LB=13.990584, Z₀(α*)=-2.648688, intercept=-22.887165 (0.468s) [OMP=0.447 ISP-L=0.004 ISP-F=0.010 MW-L=0.007 MW-F=0.010]
  Mini-Benders[4]: LB stagnated, break
  α-step: Z₀=19.310472, α=[0.000,0.000,0.000,0.000,0.000,0.000,0.000,0.000,0.000,0.000,0.000,0.000,0.000,0.000,0.000,0.000,0.000,2.920,0.000,0.000,0.000,0.000,0.000,0.000,0.000,0.000,0.000,0.000,0.000,0.000,0.000,0.000,0.955,6.070,0.000,0.000]
  Alt-Benders[1] (mw): LB=13.990590, Z₀(α*)=23.610401, intercept=-19.437143 (0.438s) [OMP=0.382 ISP-L=0.003 ISP-F=0.010 MW-L=0.024 MW-F=0.010]
  Alt-Benders[2] (mw): LB=13.999384, Z₀(α*)=5.835390, intercept=-97.773999 (0.468s) [OMP=0.445 ISP-L=0.003 ISP-F=0.012 MW-L=0.006 MW-F=0.008]
  Alt-Benders[3] (mw): LB=13.999384, Z₀(α*)=5.835390, intercept=-97.773999 (0.453s) [OMP=0.417 ISP-L=0.003 ISP-F=0.012 MW-L=0.006 MW-F=0.008]
  Alt-Benders[4] (mw): LB=13.999384, Z₀(α*)=5.835390, intercept=-97.773999 (0.391s) [OMP=0.370 ISP-L=0.003 ISP-F=0.012 MW-L=0.006 MW-F=0.008]
  Alt-Benders[5]: LB stagnated, break
  OMP re-solve: 0.000s

=== True-DRO Benders iter 35 ===
  OMP: t₀=13.999384, UB=18.220876, gap=2.32e-01, x=[0, 0, 0, 0, 0, 0, 0, 0, 0, 1, 0, 0, 1, 0, 0, 0, 0, 0, 0, 0, 0, 0, 0, 0, 0, 0, 0, 0, 0, 0, 0, 0, 0, 0, 0, 0] (0.000s)
  Sub: Z₀=21.813289 (0.2s), α=[0.000,0.000,5.422,0.000,0.000,0.000,0.000,0.000,0.000,0.000,0.000,0.000,0.000,0.000,0.000,0.000,0.000,0.000,0.000,0.000,0.000,0.000,0.000,0.000,0.000,0.000,0.000,0.000,0.000,0.000,0.000,0.000,0.000,4.522,0.000,0.000]
  Iter 35: LB=13.999384  UB=18.220876  gap=2.32e-01
  Cut: intercept=-104.604599, π_x_range=[-230.0000, 72.1763]
  Sherali-Cut: intercept=-56.986772, π_x_range=[-68.8061, 44.2137]
  Mini-Benders[1] (mw): LB=14.049972, Z₀(α*)=18.911430, intercept=-30.193608 (0.485s) [OMP=0.447 ISP-L=0.003 ISP-F=0.011 MW-L=0.006 MW-F=0.010]
  Mini-Benders[2] (mw): LB=14.148706, Z₀(α*)=22.850665, intercept=-4.718602 (0.406s) [OMP=0.386 ISP-L=0.003 ISP-F=0.011 MW-L=0.005 MW-F=0.008]
  Mini-Benders[3] (mw): LB=14.433632, Z₀(α*)=15.148711, intercept=-13.995280 (0.390s) [OMP=0.353 ISP-L=0.003 ISP-F=0.012 MW-L=0.007 MW-F=0.010]
  Mini-Benders[4] (mw): LB=14.479202, Z₀(α*)=21.530132, intercept=3.429827 (0.454s) [OMP=0.418 ISP-L=0.003 ISP-F=0.012 MW-L=0.006 MW-F=0.010]
  Mini-Benders[5] (mw): LB=14.723457, Z₀(α*)=14.645660, intercept=-78.292352 (0.406s) [OMP=0.367 ISP-L=0.003 ISP-F=0.012 MW-L=0.006 MW-F=0.011]
  α-step: Z₀=24.224829, α=[0.000,0.000,0.327,0.000,0.000,0.000,1.524,0.000,0.000,0.000,0.000,0.000,0.000,0.000,0.000,0.000,0.000,2.778,0.000,0.000,0.000,0.000,0.000,0.000,0.000,0.000,0.000,4.196,0.000,0.314,0.000,0.000,0.806,0.000,0.000,0.000]
  Alt-Benders[1] (mw): LB=15.148709, Z₀(α*)=4.391984, intercept=-41.225606 (0.422s) [OMP=0.386 ISP-L=0.003 ISP-F=0.011 MW-L=0.007 MW-F=0.010]
  Alt-Benders[2] (mw): LB=15.148709, Z₀(α*)=4.391984, intercept=-41.225606 (0.453s) [OMP=0.431 ISP-L=0.003 ISP-F=0.011 MW-L=0.007 MW-F=0.010]
  Alt-Benders[3] (mw): LB=15.148709, Z₀(α*)=4.391984, intercept=-41.225606 (0.484s) [OMP=0.433 ISP-L=0.003 ISP-F=0.011 MW-L=0.026 MW-F=0.009]
  Alt-Benders[4]: LB stagnated, break
  OMP re-solve: 0.000s

=== True-DRO Benders iter 36 ===
  OMP: t₀=15.148709, UB=18.220876, gap=1.69e-01, x=[0, 0, 0, 0, 0, 0, 0, 0, 0, 0, 0, 0, 0, 0, 0, 0, 0, 0, 0, 0, 0, 0, 1, 0, 0, 0, 0, 0, 0, 1, 0, 0, 0, 0, 0, 0] (0.000s)
  Sub: Z₀=23.551601 [LOCAL] (0.1s), α=[0.000,0.000,4.182,0.000,0.000,0.087,0.000,0.000,0.000,0.000,0.000,0.000,0.000,2.312,0.000,0.000,0.000,0.000,0.000,0.000,0.000,0.000,0.082,0.000,0.000,0.000,0.000,0.000,0.000,0.000,0.000,0.000,2.901,0.380,0.000,0.000]
  Iter 36: LB=15.148709  UB=18.220876  gap=1.69e-01
  Cut: intercept=-1131.623867, π_x_range=[-824.9376, 591.3173]
  Mini-Benders[1] (mw): LB=15.361633, Z₀(α*)=25.001865, intercept=8.750064 (0.437s) [OMP=0.390 ISP-L=0.003 ISP-F=0.012 MW-L=0.006 MW-F=0.010]
  Mini-Benders[2] (mw): LB=15.444820, Z₀(α*)=19.407804, intercept=-33.321136 (0.406s) [OMP=0.386 ISP-L=0.003 ISP-F=0.012 MW-L=0.006 MW-F=0.010]
  Mini-Benders[3] (mw): LB=15.915402, Z₀(α*)=23.992471, intercept=-9.071075 (0.422s) [OMP=0.378 ISP-L=0.003 ISP-F=0.014 MW-L=0.006 MW-F=0.010]
  Mini-Benders[4] (mw): LB=16.508040, Z₀(α*)=8.389997, intercept=-47.353807 (0.406s) [OMP=0.385 ISP-L=0.003 ISP-F=0.012 MW-L=0.006 MW-F=0.010]
  Mini-Benders[5] (mw): LB=16.508040, Z₀(α*)=8.389997, intercept=-47.353807 (0.422s) [OMP=0.389 ISP-L=0.003 ISP-F=0.012 MW-L=0.005 MW-F=0.009]
  α-step: Z₀=20.352436, α=[0.000,0.000,3.688,0.000,0.000,0.000,0.000,0.000,0.000,0.000,0.000,0.000,0.000,0.000,0.000,0.000,0.000,2.534,0.000,0.000,0.000,0.000,0.000,0.000,0.000,0.000,0.000,0.000,0.000,0.000,0.000,0.000,3.722,0.000,0.000,0.000]
  Alt-Benders[1] (mw): LB=16.532121, Z₀(α*)=13.215662, intercept=-44.640665 (0.407s) [OMP=0.380 ISP-L=0.003 ISP-F=0.012 MW-L=0.005 MW-F=0.010]
  Alt-Benders[2] (mw): LB=16.532121, Z₀(α*)=13.215662, intercept=-44.640665 (0.453s) [OMP=0.415 ISP-L=0.003 ISP-F=0.012 MW-L=0.005 MW-F=0.009]
  Alt-Benders[3] (mw): LB=16.532121, Z₀(α*)=13.215662, intercept=-44.640665 (0.437s) [OMP=0.412 ISP-L=0.003 ISP-F=0.012 MW-L=0.005 MW-F=0.010]
  Alt-Benders[4]: LB stagnated, break
  OMP re-solve: 0.000s

=== True-DRO Benders iter 37 ===
  OMP: t₀=16.532121, UB=18.220876, gap=9.27e-02, x=[0, 0, 0, 0, 0, 0, 1, 0, 0, 0, 0, 0, 0, 0, 0, 0, 0, 0, 0, 0, 0, 0, 0, 0, 1, 0, 0, 0, 0, 0, 0, 0, 0, 0, 0, 0] (0.000s)
  Sub: Z₀=23.593946 [LOCAL] (0.2s), α=[0.000,0.000,0.000,0.000,0.000,0.000,2.029,0.000,0.000,0.000,0.000,0.000,0.000,0.000,0.000,0.000,0.000,4.162,0.000,0.000,0.000,0.000,0.000,0.000,3.753,0.000,0.000,0.000,0.000,0.000,0.000,0.000,0.000,0.000,0.000,0.000]
  Iter 37: LB=16.532121  UB=18.220876  gap=9.27e-02
  Cut: intercept=-1105.110851, π_x_range=[-823.7478, 577.3498]
  Mini-Benders[1] (mw): LB=16.607351, Z₀(α*)=24.122578, intercept=-52.183415 (0.468s) [OMP=0.430 ISP-L=0.003 ISP-F=0.013 MW-L=0.006 MW-F=0.011]
  Mini-Benders[2] (mw): LB=16.643819, Z₀(α*)=-2.411387, intercept=-31.919224 (0.454s) [OMP=0.424 ISP-L=0.003 ISP-F=0.011 MW-L=0.006 MW-F=0.010]
  Mini-Benders[3] (mw): LB=16.643819, Z₀(α*)=-2.411387, intercept=-31.919224 (0.421s) [OMP=0.397 ISP-L=0.003 ISP-F=0.010 MW-L=0.006 MW-F=0.010]
  Mini-Benders[4] (mw): LB=16.643819, Z₀(α*)=-2.411387, intercept=-31.919224 (0.454s) [OMP=0.401 ISP-L=0.003 ISP-F=0.011 MW-L=0.006 MW-F=0.030]
  Mini-Benders[5]: LB stagnated, break
  α-step: Z₀=24.915462, α=[0.000,0.000,4.054,0.000,0.000,0.000,0.000,0.000,0.000,0.000,0.000,0.000,0.000,0.000,0.000,0.000,0.000,2.362,0.000,0.000,0.000,0.000,0.000,0.000,0.000,0.000,0.000,0.000,0.000,0.000,0.000,0.000,1.229,2.300,0.000,0.000]
  Alt-Benders[1] (mw): LB=16.661217, Z₀(α*)=5.461768, intercept=-23.410252 (0.454s) [OMP=0.424 ISP-L=0.004 ISP-F=0.010 MW-L=0.006 MW-F=0.008]
  Alt-Benders[2] (mw): LB=16.661217, Z₀(α*)=5.461768, intercept=-23.410252 (0.390s) [OMP=0.360 ISP-L=0.004 ISP-F=0.011 MW-L=0.006 MW-F=0.008]
  Alt-Benders[3] (mw): LB=16.661217, Z₀(α*)=5.461768, intercept=-23.410252 (0.391s) [OMP=0.359 ISP-L=0.004 ISP-F=0.011 MW-L=0.006 MW-F=0.008]
  Alt-Benders[4]: LB stagnated, break
  OMP re-solve: 0.000s

=== True-DRO Benders iter 38 ===
  OMP: t₀=16.661217, UB=18.220876, gap=8.56e-02, x=[0, 0, 0, 0, 0, 0, 0, 0, 0, 0, 0, 0, 0, 0, 0, 0, 0, 0, 0, 0, 0, 0, 0, 0, 0, 0, 0, 1, 0, 0, 0, 0, 0, 1, 0, 0] (0.000s)
  Sub: Z₀=22.516510 [LOCAL] (0.1s), α=[0.000,0.000,2.920,0.000,0.000,0.000,0.000,0.000,0.000,0.000,0.000,0.000,0.000,0.000,0.000,0.000,0.000,0.000,0.000,0.000,0.000,0.000,0.000,0.000,0.000,0.000,0.000,0.000,0.000,0.000,0.000,0.000,0.000,7.025,0.000,0.000]
  Iter 38: LB=16.661217  UB=18.220876  gap=8.56e-02
  Cut: intercept=-1141.009434, π_x_range=[-824.2281, 582.1814]
  Mini-Benders[1] (mw): LB=16.723865, Z₀(α*)=18.250859, intercept=-12.638182 (0.546s) [OMP=0.507 ISP-L=0.003 ISP-F=0.012 MW-L=0.006 MW-F=0.009]
  Mini-Benders[2] (mw): LB=16.739710, Z₀(α*)=16.974238, intercept=-67.471187 (0.485s) [OMP=0.448 ISP-L=0.003 ISP-F=0.012 MW-L=0.005 MW-F=0.011]
  Mini-Benders[3] (mw): LB=16.831930, Z₀(α*)=19.589564, intercept=19.589565 (0.437s) [OMP=0.409 ISP-L=0.003 ISP-F=0.012 MW-L=0.007 MW-F=0.010]
  Mini-Benders[4] (mw): LB=16.902357, Z₀(α*)=20.492557, intercept=1.233678 (0.485s) [OMP=0.456 ISP-L=0.002 ISP-F=0.012 MW-L=0.005 MW-F=0.011]
  Mini-Benders[5] (mw): LB=16.928755, Z₀(α*)=-13.551169, intercept=-42.971094 (0.500s) [OMP=0.465 ISP-L=0.002 ISP-F=0.011 MW-L=0.005 MW-F=0.012]
  α-step: Z₀=16.928755, α=[0.000,0.000,9.646,0.000,0.000,0.000,0.000,0.000,0.000,0.000,0.000,0.000,0.000,0.000,0.000,0.000,0.000,0.000,0.000,0.000,0.000,0.000,0.000,0.000,0.000,0.000,0.000,0.000,0.000,0.000,0.000,0.000,0.298,0.000,0.000,0.000]
  Alt-Benders[1] (mw): LB=16.928755, Z₀(α*)=21.709411, intercept=-36.755608 (0.500s) [OMP=0.446 ISP-L=0.003 ISP-F=0.010 MW-L=0.007 MW-F=0.021]
  Alt-Benders[2] (mw): LB=16.928755, Z₀(α*)=22.678591, intercept=-17.111092 (0.469s) [OMP=0.437 ISP-L=0.003 ISP-F=0.010 MW-L=0.008 MW-F=0.018]
  Alt-Benders[3] (mw): LB=16.951009, Z₀(α*)=8.465700, intercept=-68.354833 (0.500s) [OMP=0.456 ISP-L=0.004 ISP-F=0.011 MW-L=0.007 MW-F=0.012]
  Alt-Benders[4] (mw): LB=16.951009, Z₀(α*)=8.465700, intercept=-68.354833 (0.515s) [OMP=0.461 ISP-L=0.004 ISP-F=0.011 MW-L=0.008 MW-F=0.031]
  Alt-Benders[5] (mw): LB=16.951009, Z₀(α*)=8.465700, intercept=-68.354833 (0.500s) [OMP=0.468 ISP-L=0.004 ISP-F=0.011 MW-L=0.007 MW-F=0.012]
  OMP re-solve: 0.467s

=== True-DRO Benders iter 39 ===
  OMP: t₀=16.951009, UB=18.220876, gap=6.97e-02, x=[0, 0, 0, 0, 0, 0, 0, 0, 0, 0, 0, 0, 0, 1, 0, 0, 0, 0, 1, 0, 0, 0, 0, 0, 0, 0, 0, 0, 0, 0, 0, 0, 0, 0, 0, 0] (0.000s)
  Sub: Z₀=25.391178 [LOCAL] (0.1s), α=[0.000,0.000,5.039,0.000,0.000,0.000,0.000,0.000,0.000,0.000,0.000,0.000,0.000,0.000,0.000,0.000,0.000,0.000,0.000,0.000,0.000,0.000,0.000,0.000,0.000,0.000,0.000,0.000,0.000,1.059,0.000,0.000,0.000,3.846,0.000,0.000]
  Iter 39: LB=16.951009  UB=18.220876  gap=6.97e-02
  Cut: intercept=-1139.246528, π_x_range=[-823.6651, 592.2726]
  Mini-Benders[1] (mw): LB=16.974236, Z₀(α*)=13.808384, intercept=-69.536476 (0.500s) [OMP=0.470 ISP-L=0.003 ISP-F=0.011 MW-L=0.005 MW-F=0.010]
  Mini-Benders[2] (mw): LB=16.974236, Z₀(α*)=13.808384, intercept=-69.536476 (0.422s) [OMP=0.387 ISP-L=0.003 ISP-F=0.012 MW-L=0.006 MW-F=0.011]
  Mini-Benders[3] (mw): LB=16.974236, Z₀(α*)=13.808384, intercept=-69.536476 (0.422s) [OMP=0.393 ISP-L=0.003 ISP-F=0.011 MW-L=0.005 MW-F=0.010]
  Mini-Benders[4]: LB stagnated, break
  α-step: Z₀=21.672705, α=[0.000,0.000,3.501,0.000,0.000,0.000,0.000,0.000,0.000,0.000,0.000,0.000,0.000,0.000,0.000,0.000,0.000,0.000,0.000,0.000,0.000,0.000,0.000,0.000,0.000,0.000,0.000,0.000,0.000,0.000,0.000,0.000,6.444,0.000,0.000,0.000]
  Alt-Benders[1] (mw): LB=16.990600, Z₀(α*)=24.547419, intercept=1.508180 (0.500s) [OMP=0.457 ISP-L=0.003 ISP-F=0.011 MW-L=0.006 MW-F=0.010]
  Alt-Benders[2] (mw): LB=17.018994, Z₀(α*)=13.210861, intercept=-76.865418 (0.485s) [OMP=0.465 ISP-L=0.003 ISP-F=0.011 MW-L=0.005 MW-F=0.008]
  Alt-Benders[3] (mw): LB=17.018994, Z₀(α*)=13.210861, intercept=-76.865418 (0.468s) [OMP=0.439 ISP-L=0.003 ISP-F=0.011 MW-L=0.005 MW-F=0.008]
  Alt-Benders[4] (mw): LB=17.018994, Z₀(α*)=13.210861, intercept=-76.865418 (0.485s) [OMP=0.444 ISP-L=0.003 ISP-F=0.011 MW-L=0.005 MW-F=0.008]
  Alt-Benders[5]: LB stagnated, break
  OMP re-solve: 0.000s

=== True-DRO Benders iter 40 ===
  OMP: t₀=17.018994, UB=18.220876, gap=6.60e-02, x=[0, 0, 0, 0, 0, 0, 0, 0, 0, 0, 0, 0, 0, 0, 0, 0, 0, 0, 0, 0, 0, 0, 0, 0, 1, 0, 0, 0, 1, 0, 0, 0, 0, 0, 0, 0] (0.000s)
  Sub: Z₀=26.442415 [TIME_LIMIT] (15.1s), α=[0.000,0.000,1.574,0.000,0.000,0.000,0.053,0.000,0.000,0.000,0.000,0.000,0.000,0.000,0.000,0.000,0.000,3.748,0.000,0.000,0.000,0.000,0.000,0.000,1.852,0.000,0.000,0.497,0.707,0.125,0.231,0.000,0.233,0.924,0.000,0.000]
  Iter 40: LB=17.018994  UB=18.220876  gap=6.60e-02
  Cut: intercept=-91.988201, π_x_range=[-233.0000, 64.8016]
  Mini-Benders[1] (mw): LB=17.140129, Z₀(α*)=-1.920745, intercept=-25.880839 (0.532s) [OMP=0.490 ISP-L=0.004 ISP-F=0.011 MW-L=0.007 MW-F=0.012]
  Mini-Benders[2] (mw): LB=17.140129, Z₀(α*)=-1.920745, intercept=-25.880839 (0.515s) [OMP=0.478 ISP-L=0.003 ISP-F=0.011 MW-L=0.007 MW-F=0.012]
  Mini-Benders[3] (mw): LB=17.140129, Z₀(α*)=-1.920745, intercept=-25.880839 (0.516s) [OMP=0.480 ISP-L=0.004 ISP-F=0.011 MW-L=0.007 MW-F=0.012]
  Mini-Benders[4]: LB stagnated, break
  α-step: Z₀=23.983136, α=[0.000,0.000,4.235,0.000,0.000,0.000,0.000,0.000,0.000,0.000,0.000,0.000,0.000,3.084,0.000,0.000,0.000,0.000,0.000,0.000,0.000,0.000,0.000,0.000,0.000,0.000,0.000,0.000,0.000,0.000,0.000,0.000,2.625,0.000,0.000,0.000]
  Alt-Benders[1] (mw): LB=17.153081, Z₀(α*)=-7.862456, intercept=-99.187996 (0.531s) [OMP=0.496 ISP-L=0.004 ISP-F=0.011 MW-L=0.005 MW-F=0.010]
  Alt-Benders[2] (mw): LB=17.153081, Z₀(α*)=-7.862456, intercept=-99.187996 (0.547s) [OMP=0.514 ISP-L=0.004 ISP-F=0.011 MW-L=0.005 MW-F=0.010]
  Alt-Benders[3] (mw): LB=17.153081, Z₀(α*)=-7.862456, intercept=-99.187996 (0.531s) [OMP=0.505 ISP-L=0.004 ISP-F=0.012 MW-L=0.006 MW-F=0.010]
  Alt-Benders[4]: LB stagnated, break
  OMP re-solve: 0.000s

=== True-DRO Benders iter 41 ===
  OMP: t₀=17.153081, UB=18.220876, gap=5.86e-02, x=[0, 0, 0, 0, 0, 0, 0, 0, 0, 0, 0, 0, 1, 0, 0, 0, 0, 0, 0, 0, 0, 0, 0, 0, 0, 0, 0, 0, 0, 0, 0, 0, 0, 1, 0, 0] (0.000s)
  Sub: Z₀=17.111981 [LOCAL] (0.1s), α=[0.000,0.000,0.000,0.000,0.000,0.000,0.000,0.000,0.000,0.000,0.000,0.000,1.659,0.150,0.000,0.000,0.000,0.000,0.000,0.000,0.000,0.000,0.000,0.000,0.000,0.000,0.000,0.000,0.000,0.000,0.000,0.000,0.000,8.136,0.000,0.000]
  Iter 41: LB=17.153081  UB=18.220876  gap=5.86e-02
  Cut: intercept=-1158.426551, π_x_range=[-819.2156, 592.2616]
  Mini-Benders[1] (mw): LB=17.153081, Z₀(α*)=17.153080, intercept=-97.984252 (0.531s) [OMP=0.502 ISP-L=0.004 ISP-F=0.010 MW-L=0.006 MW-F=0.012]
  Mini-Benders[2] (mw): LB=17.153081, Z₀(α*)=17.153080, intercept=-97.984252 (0.562s) [OMP=0.531 ISP-L=0.004 ISP-F=0.010 MW-L=0.006 MW-F=0.013]
  Mini-Benders[3]: LB stagnated, break
  α-step: Z₀=17.153080, α=[0.000,0.000,0.000,0.000,0.000,0.000,0.000,0.000,0.000,0.000,0.000,0.000,0.000,1.365,0.000,0.000,0.000,0.000,0.000,0.000,0.000,0.000,0.000,0.000,0.000,0.000,0.000,0.000,0.000,0.000,0.000,0.000,0.000,8.579,0.000,0.000]
  Alt-Benders[1] (mw): LB=17.153081, Z₀(α*)=17.153080, intercept=-97.984252 (0.516s) [OMP=0.491 ISP-L=0.004 ISP-F=0.010 MW-L=0.005 MW-F=0.010]
  Alt-Benders[2] (mw): LB=17.153081, Z₀(α*)=17.153080, intercept=-97.984252 (0.547s) [OMP=0.514 ISP-L=0.004 ISP-F=0.010 MW-L=0.006 MW-F=0.010]
  Alt-Benders[3]: LB stagnated, break
  OMP re-solve: 0.000s

=== True-DRO Benders iter 42 ===
  OMP: t₀=17.153081, UB=18.220876, gap=5.86e-02, x=[0, 0, 0, 0, 0, 0, 0, 0, 0, 0, 0, 0, 1, 0, 0, 0, 0, 0, 0, 0, 0, 0, 0, 0, 0, 0, 0, 0, 0, 0, 0, 0, 0, 1, 0, 0] (0.000s)
  Sub: Z₀=17.111981 [LOCAL] (0.1s), α=[0.000,0.000,0.000,0.000,0.000,0.000,0.000,0.000,0.000,0.000,0.000,0.000,1.659,0.150,0.000,0.000,0.000,0.000,0.000,0.000,0.000,0.000,0.000,0.000,0.000,0.000,0.000,0.000,0.000,0.000,0.000,0.000,0.000,8.136,0.000,0.000]
  Iter 42: LB=17.153081  UB=18.220876  gap=5.86e-02
  Cut: intercept=-1158.426551, π_x_range=[-819.2156, 592.2616]
  Mini-Benders[1] (mw): LB=17.153081, Z₀(α*)=17.153080, intercept=-97.984252 (0.547s) [OMP=0.512 ISP-L=0.004 ISP-F=0.010 MW-L=0.007 MW-F=0.013]
  Mini-Benders[2] (mw): LB=17.153081, Z₀(α*)=17.153080, intercept=-97.984252 (0.531s) [OMP=0.504 ISP-L=0.004 ISP-F=0.010 MW-L=0.007 MW-F=0.013]
  Mini-Benders[3]: LB stagnated, break
  α-step: Z₀=17.153080, α=[0.000,0.000,0.000,0.000,0.000,0.000,0.000,0.000,0.000,0.000,0.000,0.000,0.000,1.365,0.000,0.000,0.000,0.000,0.000,0.000,0.000,0.000,0.000,0.000,0.000,0.000,0.000,0.000,0.000,0.000,0.000,0.000,0.000,8.579,0.000,0.000]
  Alt-Benders[1] (mw): LB=17.153081, Z₀(α*)=17.153080, intercept=-97.984252 (0.562s) [OMP=0.528 ISP-L=0.004 ISP-F=0.010 MW-L=0.006 MW-F=0.010]
  Alt-Benders[2] (mw): LB=17.153081, Z₀(α*)=17.153080, intercept=-97.984252 (0.563s) [OMP=0.533 ISP-L=0.004 ISP-F=0.010 MW-L=0.006 MW-F=0.011]
  Alt-Benders[3]: LB stagnated, break
  OMP re-solve: 0.000s

=== True-DRO Benders iter 43 ===
  OMP: t₀=17.153081, UB=18.220876, gap=5.86e-02, x=[0, 0, 0, 0, 0, 0, 0, 0, 0, 0, 0, 0, 1, 0, 0, 0, 0, 0, 0, 0, 0, 0, 0, 0, 0, 0, 0, 0, 0, 0, 0, 0, 0, 1, 0, 0] (0.000s)
  Sub: Z₀=17.111981 [LOCAL] (0.1s), α=[0.000,0.000,0.000,0.000,0.000,0.000,0.000,0.000,0.000,0.000,0.000,0.000,1.659,0.150,0.000,0.000,0.000,0.000,0.000,0.000,0.000,0.000,0.000,0.000,0.000,0.000,0.000,0.000,0.000,0.000,0.000,0.000,0.000,8.136,0.000,0.000]
  Iter 43: LB=17.153081  UB=18.220876  gap=5.86e-02
  Cut: intercept=-1158.426551, π_x_range=[-819.2156, 592.2616]
  Mini-Benders[1] (mw): LB=17.153081, Z₀(α*)=17.153080, intercept=-97.984252 (0.531s) [OMP=0.497 ISP-L=0.004 ISP-F=0.010 MW-L=0.006 MW-F=0.012]
  Mini-Benders[2] (mw): LB=17.153081, Z₀(α*)=17.153080, intercept=-97.984252 (0.531s) [OMP=0.495 ISP-L=0.004 ISP-F=0.010 MW-L=0.006 MW-F=0.012]
  Mini-Benders[3]: LB stagnated, break
  α-step: Z₀=17.153080, α=[0.000,0.000,0.000,0.000,0.000,0.000,0.000,0.000,0.000,0.000,0.000,0.000,0.000,1.365,0.000,0.000,0.000,0.000,0.000,0.000,0.000,0.000,0.000,0.000,0.000,0.000,0.000,0.000,0.000,0.000,0.000,0.000,0.000,8.579,0.000,0.000]
  Alt-Benders[1] (mw): LB=17.153081, Z₀(α*)=17.153080, intercept=-97.984252 (0.532s) [OMP=0.500 ISP-L=0.004 ISP-F=0.010 MW-L=0.006 MW-F=0.010]
  Alt-Benders[2] (mw): LB=17.153081, Z₀(α*)=17.153080, intercept=-97.984252 (0.547s) [OMP=0.508 ISP-L=0.004 ISP-F=0.009 MW-L=0.005 MW-F=0.010]
  Alt-Benders[3]: LB stagnated, break
  OMP re-solve: 0.001s

=== True-DRO Benders iter 44 ===
  OMP: t₀=17.153081, UB=18.220876, gap=5.86e-02, x=[0, 0, 0, 0, 0, 0, 0, 0, 0, 0, 0, 0, 1, 0, 0, 0, 0, 0, 0, 0, 0, 0, 0, 0, 0, 0, 0, 0, 0, 0, 0, 0, 0, 1, 0, 0] (0.000s)
  Sub: Z₀=17.111981 [LOCAL] (0.1s), α=[0.000,0.000,0.000,0.000,0.000,0.000,0.000,0.000,0.000,0.000,0.000,0.000,1.659,0.150,0.000,0.000,0.000,0.000,0.000,0.000,0.000,0.000,0.000,0.000,0.000,0.000,0.000,0.000,0.000,0.000,0.000,0.000,0.000,8.136,0.000,0.000]
  Iter 44: LB=17.153081  UB=18.220876  gap=5.86e-02
  Cut: intercept=-1158.426551, π_x_range=[-819.2156, 592.2616]
  Mini-Benders[1] (mw): LB=17.153081, Z₀(α*)=17.153080, intercept=-97.984252 (0.531s) [OMP=0.498 ISP-L=0.004 ISP-F=0.010 MW-L=0.006 MW-F=0.013]
  Mini-Benders[2] (mw): LB=17.153081, Z₀(α*)=17.153080, intercept=-97.984252 (0.578s) [OMP=0.542 ISP-L=0.004 ISP-F=0.010 MW-L=0.007 MW-F=0.013]
  Mini-Benders[3]: LB stagnated, break
  α-step: Z₀=17.153080, α=[0.000,0.000,0.000,0.000,0.000,0.000,0.000,0.000,0.000,0.000,0.000,0.000,0.000,1.365,0.000,0.000,0.000,0.000,0.000,0.000,0.000,0.000,0.000,0.000,0.000,0.000,0.000,0.000,0.000,0.000,0.000,0.000,0.000,8.579,0.000,0.000]
  Alt-Benders[1] (mw): LB=17.153081, Z₀(α*)=17.153080, intercept=-97.984252 (0.531s) [OMP=0.502 ISP-L=0.004 ISP-F=0.009 MW-L=0.006 MW-F=0.010]
  Alt-Benders[2] (mw): LB=17.153081, Z₀(α*)=17.153080, intercept=-97.984252 (0.516s) [OMP=0.484 ISP-L=0.004 ISP-F=0.010 MW-L=0.006 MW-F=0.010]
  Alt-Benders[3]: LB stagnated, break
  OMP re-solve: 0.000s

=== True-DRO Benders iter 45 ===
  OMP: t₀=17.153081, UB=18.220876, gap=5.86e-02, x=[0, 0, 0, 0, 0, 0, 0, 0, 0, 0, 0, 0, 1, 0, 0, 0, 0, 0, 0, 0, 0, 0, 0, 0, 0, 0, 0, 0, 0, 0, 0, 0, 0, 1, 0, 0] (0.000s)
  Sub: Z₀=17.153080 [TIME_LIMIT] (15.3s), α=[0.000,0.000,0.000,0.000,0.000,0.000,0.000,0.000,0.000,0.000,0.000,0.000,0.000,1.365,0.000,0.000,0.000,0.000,0.000,0.000,0.000,0.000,0.000,0.000,0.000,0.000,0.000,0.000,0.000,0.000,0.000,0.000,0.000,8.579,0.000,0.000]
  Iter 45: LB=17.153081  UB=18.220876  gap=5.86e-02
  Cut: intercept=-166.706799, π_x_range=[-175.5912, 102.6568]
  Mini-Benders[1] (mw): LB=17.153081, Z₀(α*)=17.153080, intercept=-97.984252 (0.438s) [OMP=0.414 ISP-L=0.004 ISP-F=0.010 MW-L=0.006 MW-F=0.010]
  Mini-Benders[2] (mw): LB=17.153081, Z₀(α*)=17.153080, intercept=-97.984252 (0.453s) [OMP=0.426 ISP-L=0.004 ISP-F=0.010 MW-L=0.006 MW-F=0.010]
  Mini-Benders[3]: LB stagnated, break
  α-step: Z₀=17.153080, α=[0.000,0.000,0.000,0.000,0.000,0.000,0.000,0.000,0.000,0.000,0.000,0.000,0.000,1.365,0.000,0.000,0.000,0.000,0.000,0.000,0.000,0.000,0.000,0.000,0.000,0.000,0.000,0.000,0.000,0.000,0.000,0.000,0.000,8.579,0.000,0.000]
  Alt-Benders[1] (mw): LB=17.153081, Z₀(α*)=17.153080, intercept=-97.984252 (0.532s) [OMP=0.501 ISP-L=0.004 ISP-F=0.010 MW-L=0.005 MW-F=0.010]
  Alt-Benders[2] (mw): LB=17.153081, Z₀(α*)=17.153080, intercept=-97.984252 (0.531s) [OMP=0.505 ISP-L=0.004 ISP-F=0.010 MW-L=0.006 MW-F=0.011]
  Alt-Benders[3]: LB stagnated, break
  OMP re-solve: 0.000s

=== True-DRO Benders iter 46 ===
  OMP: t₀=17.153081, UB=18.220876, gap=5.86e-02, x=[0, 0, 0, 0, 0, 0, 0, 0, 0, 0, 0, 0, 1, 0, 0, 0, 0, 0, 0, 0, 0, 0, 0, 0, 0, 0, 0, 0, 0, 0, 0, 0, 0, 1, 0, 0] (0.000s)
  Sub: Z₀=17.111981 [LOCAL] (0.1s), α=[0.000,0.000,0.000,0.000,0.000,0.000,0.000,0.000,0.000,0.000,0.000,0.000,1.659,0.150,0.000,0.000,0.000,0.000,0.000,0.000,0.000,0.000,0.000,0.000,0.000,0.000,0.000,0.000,0.000,0.000,0.000,0.000,0.000,8.136,0.000,0.000]
  Iter 46: LB=17.153081  UB=18.220876  gap=5.86e-02
  Cut: intercept=-1158.426551, π_x_range=[-819.2156, 592.2616]
  Mini-Benders[1] (mw): LB=17.153081, Z₀(α*)=17.153080, intercept=-97.984252 (0.531s) [OMP=0.489 ISP-L=0.004 ISP-F=0.010 MW-L=0.006 MW-F=0.012]
  Mini-Benders[2] (mw): LB=17.153081, Z₀(α*)=17.153080, intercept=-97.984252 (0.532s) [OMP=0.509 ISP-L=0.004 ISP-F=0.010 MW-L=0.006 MW-F=0.013]
  Mini-Benders[3]: LB stagnated, break
  α-step: Z₀=17.153080, α=[0.000,0.000,0.000,0.000,0.000,0.000,0.000,0.000,0.000,0.000,0.000,0.000,0.000,1.365,0.000,0.000,0.000,0.000,0.000,0.000,0.000,0.000,0.000,0.000,0.000,0.000,0.000,0.000,0.000,0.000,0.000,0.000,0.000,8.579,0.000,0.000]
  Alt-Benders[1] (mw): LB=17.153081, Z₀(α*)=17.153080, intercept=-97.984252 (0.531s) [OMP=0.493 ISP-L=0.004 ISP-F=0.010 MW-L=0.005 MW-F=0.010]
  Alt-Benders[2] (mw): LB=17.153081, Z₀(α*)=17.153080, intercept=-97.984252 (0.531s) [OMP=0.506 ISP-L=0.004 ISP-F=0.010 MW-L=0.006 MW-F=0.010]
  Alt-Benders[3]: LB stagnated, break
  OMP re-solve: 0.000s

=== True-DRO Benders iter 47 ===
  OMP: t₀=17.153081, UB=18.220876, gap=5.86e-02, x=[0, 0, 0, 0, 0, 0, 0, 0, 0, 0, 0, 0, 1, 0, 0, 0, 0, 0, 0, 0, 0, 0, 0, 0, 0, 0, 0, 0, 0, 0, 0, 0, 0, 1, 0, 0] (0.000s)
  Sub: Z₀=17.111981 [LOCAL] (0.1s), α=[0.000,0.000,0.000,0.000,0.000,0.000,0.000,0.000,0.000,0.000,0.000,0.000,1.659,0.150,0.000,0.000,0.000,0.000,0.000,0.000,0.000,0.000,0.000,0.000,0.000,0.000,0.000,0.000,0.000,0.000,0.000,0.000,0.000,8.136,0.000,0.000]
  Iter 47: LB=17.153081  UB=18.220876  gap=5.86e-02
  Cut: intercept=-1158.426551, π_x_range=[-819.2156, 592.2616]
  Mini-Benders[1] (mw): LB=17.153081, Z₀(α*)=17.153080, intercept=-97.984252 (0.547s) [OMP=0.509 ISP-L=0.004 ISP-F=0.010 MW-L=0.007 MW-F=0.013]
  Mini-Benders[2] (mw): LB=17.153081, Z₀(α*)=17.153080, intercept=-97.984252 (0.547s) [OMP=0.514 ISP-L=0.004 ISP-F=0.010 MW-L=0.007 MW-F=0.013]
  Mini-Benders[3]: LB stagnated, break
  α-step: Z₀=17.153080, α=[0.000,0.000,0.000,0.000,0.000,0.000,0.000,0.000,0.000,0.000,0.000,0.000,0.000,1.365,0.000,0.000,0.000,0.000,0.000,0.000,0.000,0.000,0.000,0.000,0.000,0.000,0.000,0.000,0.000,0.000,0.000,0.000,0.000,8.579,0.000,0.000]
  Alt-Benders[1] (mw): LB=17.153081, Z₀(α*)=17.153080, intercept=-97.984252 (0.516s) [OMP=0.481 ISP-L=0.004 ISP-F=0.010 MW-L=0.006 MW-F=0.010]
  Alt-Benders[2] (mw): LB=17.153081, Z₀(α*)=17.153080, intercept=-97.984252 (0.531s) [OMP=0.506 ISP-L=0.004 ISP-F=0.010 MW-L=0.006 MW-F=0.010]
  Alt-Benders[3]: LB stagnated, break
  OMP re-solve: 0.000s

=== True-DRO Benders iter 48 ===
  OMP: t₀=17.153081, UB=18.220876, gap=5.86e-02, x=[0, 0, 0, 0, 0, 0, 0, 0, 0, 0, 0, 0, 1, 0, 0, 0, 0, 0, 0, 0, 0, 0, 0, 0, 0, 0, 0, 0, 0, 0, 0, 0, 0, 1, 0, 0] (0.000s)
  Sub: Z₀=17.111981 [LOCAL] (0.1s), α=[0.000,0.000,0.000,0.000,0.000,0.000,0.000,0.000,0.000,0.000,0.000,0.000,1.659,0.150,0.000,0.000,0.000,0.000,0.000,0.000,0.000,0.000,0.000,0.000,0.000,0.000,0.000,0.000,0.000,0.000,0.000,0.000,0.000,8.136,0.000,0.000]
  Iter 48: LB=17.153081  UB=18.220876  gap=5.86e-02
  Cut: intercept=-1158.426551, π_x_range=[-819.2156, 592.2616]
  Mini-Benders[1] (mw): LB=17.153081, Z₀(α*)=17.153080, intercept=-97.984252 (0.532s) [OMP=0.492 ISP-L=0.004 ISP-F=0.010 MW-L=0.007 MW-F=0.013]
  Mini-Benders[2] (mw): LB=17.153081, Z₀(α*)=17.153080, intercept=-97.984252 (0.515s) [OMP=0.491 ISP-L=0.004 ISP-F=0.011 MW-L=0.007 MW-F=0.013]
  Mini-Benders[3]: LB stagnated, break
  α-step: Z₀=17.153080, α=[0.000,0.000,0.000,0.000,0.000,0.000,0.000,0.000,0.000,0.000,0.000,0.000,0.000,1.365,0.000,0.000,0.000,0.000,0.000,0.000,0.000,0.000,0.000,0.000,0.000,0.000,0.000,0.000,0.000,0.000,0.000,0.000,0.000,8.579,0.000,0.000]
  Alt-Benders[1] (mw): LB=17.153081, Z₀(α*)=17.153080, intercept=-97.984252 (0.531s) [OMP=0.494 ISP-L=0.004 ISP-F=0.010 MW-L=0.006 MW-F=0.010]
  Alt-Benders[2] (mw): LB=17.153081, Z₀(α*)=17.153080, intercept=-97.984252 (0.516s) [OMP=0.489 ISP-L=0.004 ISP-F=0.010 MW-L=0.005 MW-F=0.010]
  Alt-Benders[3]: LB stagnated, break
  OMP re-solve: 0.000s

=== True-DRO Benders iter 49 ===
  OMP: t₀=17.153081, UB=18.220876, gap=5.86e-02, x=[0, 0, 0, 0, 0, 0, 0, 0, 0, 0, 0, 0, 1, 0, 0, 0, 0, 0, 0, 0, 0, 0, 0, 0, 0, 0, 0, 0, 0, 0, 0, 0, 0, 1, 0, 0] (0.000s)
  Sub: Z₀=17.111981 [LOCAL] (0.1s), α=[0.000,0.000,0.000,0.000,0.000,0.000,0.000,0.000,0.000,0.000,0.000,0.000,1.659,0.150,0.000,0.000,0.000,0.000,0.000,0.000,0.000,0.000,0.000,0.000,0.000,0.000,0.000,0.000,0.000,0.000,0.000,0.000,0.000,8.136,0.000,0.000]
  Iter 49: LB=17.153081  UB=18.220876  gap=5.86e-02
  Cut: intercept=-1158.426551, π_x_range=[-819.2156, 592.2616]
  Mini-Benders[1] (mw): LB=17.153081, Z₀(α*)=17.153080, intercept=-97.984252 (0.532s) [OMP=0.508 ISP-L=0.004 ISP-F=0.010 MW-L=0.007 MW-F=0.013]
  Mini-Benders[2] (mw): LB=17.153081, Z₀(α*)=17.153080, intercept=-97.984252 (0.547s) [OMP=0.507 ISP-L=0.004 ISP-F=0.010 MW-L=0.007 MW-F=0.013]
  Mini-Benders[3]: LB stagnated, break
  α-step: Z₀=17.153080, α=[0.000,0.000,0.000,0.000,0.000,0.000,0.000,0.000,0.000,0.000,0.000,0.000,0.000,1.365,0.000,0.000,0.000,0.000,0.000,0.000,0.000,0.000,0.000,0.000,0.000,0.000,0.000,0.000,0.000,0.000,0.000,0.000,0.000,8.579,0.000,0.000]
  Alt-Benders[1] (mw): LB=17.153081, Z₀(α*)=17.153080, intercept=-97.984252 (0.516s) [OMP=0.490 ISP-L=0.004 ISP-F=0.010 MW-L=0.006 MW-F=0.010]
  Alt-Benders[2] (mw): LB=17.153081, Z₀(α*)=17.153080, intercept=-97.984252 (0.531s) [OMP=0.496 ISP-L=0.004 ISP-F=0.010 MW-L=0.006 MW-F=0.010]
  Alt-Benders[3]: LB stagnated, break
  OMP re-solve: 0.000s

=== True-DRO Benders iter 50 ===
  OMP: t₀=17.153081, UB=18.220876, gap=5.86e-02, x=[0, 0, 0, 0, 0, 0, 0, 0, 0, 0, 0, 0, 1, 0, 0, 0, 0, 0, 0, 0, 0, 0, 0, 0, 0, 0, 0, 0, 0, 0, 0, 0, 0, 1, 0, 0] (0.000s)
  → Boost: time limit 3600s + MIPGap=0.5% (same x + prev TIME_LIMIT)
  Sub: Z₀=17.153080 (31.4s), α=[0.000,0.000,0.000,0.000,0.000,0.000,0.000,0.000,0.000,0.000,0.000,0.000,0.000,1.365,0.000,0.000,0.000,0.000,0.000,0.000,0.000,0.000,0.000,0.000,0.000,0.000,0.000,0.000,0.000,0.000,0.000,0.000,0.000,8.579,0.000,0.000]
  Iter 50: LB=17.153081  UB=17.153080  gap=4.82e-08
True-DRO Benders converged at iter 50 (gap=4.82e-08)
  Wall time: 324.62 sec
  OMP  time: mean=0.305s, median=0.372s, max=0.609s
  Sub  time (exact): mean=6.773s, median=0.402s, q90=19.512s, max=31.426s (n=5/50)

Result (double/mb_only): Z₀=17.153080, iters=50, time=324.7s
x arcs = [13, 34]
