================================================================================
Value of Robustness (VoR) + Value of Follower Ambiguity (VoF)
================================================================================
  VoF grid5x5 ε=0p1 β=0: x=[28, 37], Z*=26.202080 ... Set parameter Username
Set parameter LicenseID to value 2742039
Academic license - for non-commercial use only - expires 2026-11-20
WC=26.161055, VoF=-0.16%, time=14.3s (OPTIMAL)
  VoF polska ε=0p1 β=0: x=[3, 33], Z*=14.671609 ... Set parameter Username
Set parameter LicenseID to value 2742039
Academic license - for non-commercial use only - expires 2026-11-20
WC=14.671616, VoF=0.00%, time=52.6s (OPTIMAL)
  VoF abilene ε=0p1 β=0: x=[5, 26], Z*=11.174296 ... Set parameter Username
Set parameter LicenseID to value 2742039
Academic license - for non-commercial use only - expires 2026-11-20
WC=11.174298, VoF=0.00%, time=227.8s (OPTIMAL)
  VoF nobel_us ε=0p1 β=0: x=[6, 9], Z*=9.633640 ... Set parameter Username
Set parameter LicenseID to value 2742039
Academic license - for non-commercial use only - expires 2026-11-20
WC=9.633665, VoF=0.00%, time=159.5s (OPTIMAL)
  VoF sioux_falls ε=0p1 β=0: x=[54, 72], Z*=14.715160 ... Set parameter Username
Set parameter LicenseID to value 2742039
Academic license - for non-commercial use only - expires 2026-11-20
WC=14.763504, VoF=0.33%, time=27.9s (OPTIMAL)
  VoF grid5x5 ε=0p2 β=0: x=[28, 37], Z*=28.867941 ... Set parameter Username
Set parameter LicenseID to value 2742039
Academic license - for non-commercial use only - expires 2026-11-20
WC=28.867941, VoF=0.00%, time=3.0s (OPTIMAL)
  VoF polska ε=0p2 β=0: x=[3, 33], Z*=15.400214 ... Set parameter Username
Set parameter LicenseID to value 2742039
Academic license - for non-commercial use only - expires 2026-11-20
WC=15.496908, VoF=0.63%, time=14.1s (OPTIMAL)
  VoF abilene ε=0p2 β=0: x=[26, 27], Z*=12.060331 ... Set parameter Username
Set parameter LicenseID to value 2742039
Academic license - for non-commercial use only - expires 2026-11-20
WC=12.060337, VoF=0.00%, time=154.0s (OPTIMAL)
  VoF nobel_us ε=0p2 β=0: x=[6, 9], Z*=10.136713 ... Set parameter Username
Set parameter LicenseID to value 2742039
Academic license - for non-commercial use only - expires 2026-11-20
WC=10.136715, VoF=0.00%, time=225.7s (OPTIMAL)
  VoF sioux_falls ε=0p2 β=0: x=[54, 72], Z*=15.775185 ... Set parameter Username
Set parameter LicenseID to value 2742039
Academic license - for non-commercial use only - expires 2026-11-20
WC=15.775181, VoF=-0.00%, time=5.9s (OPTIMAL)
  VoF grid5x5 ε=0p5 β=0: x=[27, 28], Z*=35.096177 ... Set parameter Username
Set parameter LicenseID to value 2742039
Academic license - for non-commercial use only - expires 2026-11-20
WC=35.361574, VoF=0.76%, time=5.4s (OPTIMAL)
  VoF polska ε=0p5 β=0: x=[13, 34], Z*=17.627035 ... Set parameter Username
Set parameter LicenseID to value 2742039
Academic license - for non-commercial use only - expires 2026-11-20
WC=18.290428, VoF=3.76%, time=2.0s (OPTIMAL)
  VoF abilene ε=0p5 β=0: x=[26, 27], Z*=15.294928 ... Set parameter Username
Set parameter LicenseID to value 2742039
Academic license - for non-commercial use only - expires 2026-11-20
WC=16.930317, VoF=10.69%, time=0.6s (OPTIMAL)
  VoF nobel_us ε=0p5 β=0: x=[6, 9], Z*=13.928091 ... Set parameter Username
Set parameter LicenseID to value 2742039
Academic license - for non-commercial use only - expires 2026-11-20
WC=14.036002, VoF=0.77%, time=5.5s (OPTIMAL)
  VoF sioux_falls ε=0p5 β=0: x=[54, 72], Z*=19.672256 ... Set parameter Username
Set parameter LicenseID to value 2742039
Academic license - for non-commercial use only - expires 2026-11-20
WC=19.672256, VoF=0.00%, time=1.8s (OPTIMAL)
  VoF grid5x5 ε=0p1 β=0p05: x=[28, 37], Z*=26.813472 ... Set parameter Username
Set parameter LicenseID to value 2742039
Academic license - for non-commercial use only - expires 2026-11-20
WC=26.813473, VoF=0.00%, time=19.8s (OPTIMAL)
  VoF polska ε=0p1 β=0p05: x=[3, 33], Z*=14.883538 ... Set parameter Username
Set parameter LicenseID to value 2742039
Academic license - for non-commercial use only - expires 2026-11-20
WC=14.865204, VoF=-0.12%, time=51.5s (OPTIMAL)
  VoF abilene ε=0p1 β=0p05: x=[5, 26], Z*=11.316122 ... Set parameter Username
Set parameter LicenseID to value 2742039
Academic license - for non-commercial use only - expires 2026-11-20
WC=11.316123, VoF=0.00%, time=154.9s (OPTIMAL)
  VoF nobel_us ε=0p1 β=0p05: x=[6, 9], Z*=9.753734 ... Set parameter Username
Set parameter LicenseID to value 2742039
Academic license - for non-commercial use only - expires 2026-11-20
WC=9.753738, VoF=0.00%, time=74.1s (OPTIMAL)
  VoF sioux_falls ε=0p1 β=0p05: x=[35, 73], Z*=14.932279 ... Set parameter Username
Set parameter LicenseID to value 2742039
Academic license - for non-commercial use only - expires 2026-11-20
WC=14.932283, VoF=0.00%, time=127.7s (OPTIMAL)
  VoF grid5x5 ε=0p2 β=0p05: x=[28, 37], Z*=29.602844 ... Set parameter Username
Set parameter LicenseID to value 2742039
Academic license - for non-commercial use only - expires 2026-11-20
WC=29.602845, VoF=0.00%, time=7.0s (OPTIMAL)
  VoF polska ε=0p2 β=0p05: x=[3, 33], Z*=15.563691 ... Set parameter Username
Set parameter LicenseID to value 2742039
Academic license - for non-commercial use only - expires 2026-11-20
WC=15.786870, VoF=1.43%, time=10.0s (OPTIMAL)
  VoF abilene ε=0p2 β=0p05: x=[26, 27], Z*=12.385899 ... Set parameter Username
Set parameter LicenseID to value 2742039
Academic license - for non-commercial use only - expires 2026-11-20
WC=12.498508, VoF=0.91%, time=24.8s (OPTIMAL)
  VoF nobel_us ε=0p2 β=0p05: x=[6, 9], Z*=10.296608 ... Set parameter Username
Set parameter LicenseID to value 2742039
Academic license - for non-commercial use only - expires 2026-11-20
WC=10.296610, VoF=0.00%, time=64.4s (OPTIMAL)
  VoF sioux_falls ε=0p2 β=0p05: x=[54, 72], Z*=16.045315 ... Set parameter Username
Set parameter LicenseID to value 2742039
Academic license - for non-commercial use only - expires 2026-11-20
WC=16.045312, VoF=-0.00%, time=4.0s (OPTIMAL)
  VoF grid5x5 ε=0p5 β=0p05: x=[28, 31], Z*=35.442164 ... Set parameter Username
Set parameter LicenseID to value 2742039
Academic license - for non-commercial use only - expires 2026-11-20
WC=37.172393, VoF=4.88%, time=9.0s (OPTIMAL)
  VoF polska ε=0p5 β=0p05: x=[13, 34], Z*=17.720956 ... Set parameter Username
Set parameter LicenseID to value 2742039
Academic license - for non-commercial use only - expires 2026-11-20
WC=18.766207, VoF=5.90%, time=2.2s (OPTIMAL)
  VoF abilene ε=0p5 β=0p05: x=[26, 27], Z*=15.813902 ... Set parameter Username
Set parameter LicenseID to value 2742039
Academic license - for non-commercial use only - expires 2026-11-20
WC=17.564767, VoF=11.07%, time=0.6s (OPTIMAL)
  VoF nobel_us ε=0p5 β=0p05: x=[6, 9], Z*=14.603387 ... Set parameter Username
Set parameter LicenseID to value 2742039
Academic license - for non-commercial use only - expires 2026-11-20
WC=14.603386, VoF=-0.00%, time=2.8s (OPTIMAL)
  VoF sioux_falls ε=0p5 β=0p05: x=[54, 72], Z*=20.176114 ... Set parameter Username
Set parameter LicenseID to value 2742039
Academic license - for non-commercial use only - expires 2026-11-20
WC=20.489974, VoF=1.56%, time=2.2s (OPTIMAL)
  VoF grid5x5 ε=0p1 β=0p4: x=[28, 31], Z*=32.581142 ... Set parameter Username
Set parameter LicenseID to value 2742039
Academic license - for non-commercial use only - expires 2026-11-20
WC=32.717678, VoF=0.42%, time=99.3s (OPTIMAL)
  VoF polska ε=0p1 β=0p4: x=[3, 33], Z*=16.188667 ... Set parameter Username
Set parameter LicenseID to value 2742039
Academic license - for non-commercial use only - expires 2026-11-20
WC=16.243298, VoF=0.34%, time=21.5s (OPTIMAL)
  VoF abilene ε=0p1 β=0p4: x=[26, 27], Z*=13.877275 ... Set parameter Username
Set parameter LicenseID to value 2742039
Academic license - for non-commercial use only - expires 2026-11-20
WC=12.894225, VoF=-7.08%, time=305.0s (OPTIMAL)
  VoF nobel_us ε=0p1 β=0p4: x=[6, 9], Z*=10.903731 ... Set parameter Username
Set parameter LicenseID to value 2742039
Academic license - for non-commercial use only - expires 2026-11-20
WC=10.906671, VoF=0.03%, time=150.2s (OPTIMAL)
  VoF sioux_falls ε=0p1 β=0p4: x=[54, 72], Z*=17.308263 ... Set parameter Username
Set parameter LicenseID to value 2742039
Academic license - for non-commercial use only - expires 2026-11-20
WC=17.308262, VoF=-0.00%, time=3.9s (OPTIMAL)
  VoF grid5x5 ε=0p2 β=0p4: x=[28, 31], Z*=34.458113 ... Set parameter Username
Set parameter LicenseID to value 2742039
Academic license - for non-commercial use only - expires 2026-11-20
WC=35.748033, VoF=3.74%, time=5.0s (OPTIMAL)
  VoF polska ε=0p2 β=0p4: x=[13, 34], Z*=16.602001 ... Set parameter Username
Set parameter LicenseID to value 2742039
Academic license - for non-commercial use only - expires 2026-11-20
WC=16.602003, VoF=0.00%, time=25.2s (OPTIMAL)
  VoF abilene ε=0p2 β=0p4: x=[26, 27], Z*=14.122941 ... Set parameter Username
Set parameter LicenseID to value 2742039
Academic license - for non-commercial use only - expires 2026-11-20
WC=16.761209, VoF=18.68%, time=2849.5s (OPTIMAL)
  VoF nobel_us ε=0p2 β=0p4: x=[6, 9], Z*=13.454735 ... Set parameter Username
Set parameter LicenseID to value 2742039
Academic license - for non-commercial use only - expires 2026-11-20
WC=14.015260, VoF=4.17%, time=232.0s (OPTIMAL)
  VoF sioux_falls ε=0p2 β=0p4: x=[54, 72], Z*=18.531368 ... Set parameter Username
Set parameter LicenseID to value 2742039
Academic license - for non-commercial use only - expires 2026-11-20
WC=18.531371, VoF=0.00%, time=144.4s (OPTIMAL)
  VoF grid5x5 ε=0p5 β=0p4: x=[27, 28], Z*=37.763348 ... Set parameter Username
Set parameter LicenseID to value 2742039
Academic license - for non-commercial use only - expires 2026-11-20
WC=40.467312, VoF=7.16%, time=2.2s (OPTIMAL)
  VoF polska ε=0p5 β=0p4: x=[13, 34], Z*=19.041838 ... Set parameter Username
Set parameter LicenseID to value 2742039
Academic license - for non-commercial use only - expires 2026-11-20
WC=21.813291, VoF=14.55%, time=1.8s (OPTIMAL)
  VoF abilene ε=0p5 β=0p4: x=[26, 27], Z*=19.190132 ... Set parameter Username
Set parameter LicenseID to value 2742039
Academic license - for non-commercial use only - expires 2026-11-20
WC=20.408595, VoF=6.35%, time=79.3s (OPTIMAL)
  VoF nobel_us ε=0p5 β=0p4: x=[6, 9], Z*=17.028242 ... Set parameter Username
Set parameter LicenseID to value 2742039
Academic license - for non-commercial use only - expires 2026-11-20
WC=17.391076, VoF=2.13%, time=0.3s (OPTIMAL)
  VoF sioux_falls ε=0p5 β=0p4: x=[35, 72], Z*=22.225787 ... Set parameter Username
Set parameter LicenseID to value 2742039
Academic license - for non-commercial use only - expires 2026-11-20
WC=22.225787, VoF=0.00%, time=0.7s (OPTIMAL)
  VoF grid5x5 ε=0p1 β=0p7: x=[27, 28], Z*=35.515105 ... Set parameter Username
Set parameter LicenseID to value 2742039
Academic license - for non-commercial use only - expires 2026-11-20
WC=35.515110, VoF=0.00%, time=3608.2s (TIME_LIMIT)
  VoF polska ε=0p1 β=0p7: x=[13, 34], Z*=16.918249 ... Set parameter Username
Set parameter LicenseID to value 2742039
Academic license - for non-commercial use only - expires 2026-11-20
WC=16.918249, VoF=-0.00%, time=38.1s (OPTIMAL)
  VoF abilene ε=0p1 β=0p7: x=[26, 27], Z*=13.849995 ... Set parameter Username
Set parameter LicenseID to value 2742039
Academic license - for non-commercial use only - expires 2026-11-20
WC=13.863503, VoF=0.10%, time=2198.7s (OPTIMAL)
  VoF nobel_us ε=0p1 β=0p7: x=[6, 9], Z*=12.577905 ... Set parameter Username
Set parameter LicenseID to value 2742039
Academic license - for non-commercial use only - expires 2026-11-20
WC=12.577910, VoF=0.00%, time=174.1s (OPTIMAL)
  VoF sioux_falls ε=0p1 β=0p7: x=[35, 72], Z*=19.941900 ... Set parameter Username
Set parameter LicenseID to value 2742039
Academic license - for non-commercial use only - expires 2026-11-20
WC=19.941932, VoF=0.00%, time=3610.1s (TIME_LIMIT)
  VoF grid5x5 ε=0p2 β=0p7: x=[28, 31], Z*=37.763348 ... Set parameter Username
Set parameter LicenseID to value 2742039
Academic license - for non-commercial use only - expires 2026-11-20
WC=42.737740, VoF=13.17%, time=5.4s (OPTIMAL)
  VoF polska ε=0p2 β=0p7: x=[13, 34], Z*=17.153080 ... Set parameter Username
Set parameter LicenseID to value 2742039
Academic license - for non-commercial use only - expires 2026-11-20
WC=17.153083, VoF=0.00%, time=84.1s (OPTIMAL)
  VoF abilene ε=0p2 β=0p7: x=[26, 27], Z*=16.688647 ... Set parameter Username
Set parameter LicenseID to value 2742039
Academic license - for non-commercial use only - expires 2026-11-20
WC=19.091294, VoF=14.40%, time=129.5s (OPTIMAL)
  VoF nobel_us ε=0p2 β=0p7: x=[6, 9], Z*=15.564049 ... Set parameter Username
Set parameter LicenseID to value 2742039
Academic license - for non-commercial use only - expires 2026-11-20
WC=16.971498, VoF=9.04%, time=973.9s (OPTIMAL)
  VoF sioux_falls ε=0p2 β=0p7: x=[35, 72], Z*=20.763335 ... Set parameter Username
Set parameter LicenseID to value 2742039
Academic license - for non-commercial use only - expires 2026-11-20
WC=20.807440, VoF=0.21%, time=3612.4s (TIME_LIMIT)
  VoF grid5x5 ε=0p5 β=0p7: x=[28, 31], Z*=37.763348 ... Set parameter Username
Set parameter LicenseID to value 2742039
Academic license - for non-commercial use only - expires 2026-11-20
WC=42.737742, VoF=13.17%, time=4.8s (OPTIMAL)
  VoF polska ε=0p5 β=0p7: x=[13, 34], Z*=19.041838 ... Set parameter Username
Set parameter LicenseID to value 2742039
Academic license - for non-commercial use only - expires 2026-11-20
WC=21.813291, VoF=14.55%, time=4.1s (OPTIMAL)
  VoF abilene ε=0p5 β=0p7: x=[26, 27], Z*=19.190132 ... Set parameter Username
Set parameter LicenseID to value 2742039
Academic license - for non-commercial use only - expires 2026-11-20
WC=20.408595, VoF=6.35%, time=1.5s (OPTIMAL)
  VoF nobel_us ε=0p5 β=0p7: x=[6, 9], Z*=17.028242 ... Set parameter Username
Set parameter LicenseID to value 2742039
Academic license - for non-commercial use only - expires 2026-11-20
WC=17.391076, VoF=2.13%, time=4.1s (OPTIMAL)
  VoF sioux_falls ε=0p5 β=0p7: x=[35, 72], Z*=22.225787 ... Set parameter Username
Set parameter LicenseID to value 2742039
Academic license - for non-commercial use only - expires 2026-11-20
WC=22.225787, VoF=0.00%, time=7.0s (OPTIMAL)

================================================================================
VoF Summary Table
================================================================================
Network           ε      β  x_sl                          Z*          WC    VoF(%)
--------------------------------------------------------------------------------
grid5x5        0.10   0.00  [28,37]                  26.2021     26.1611     -0.16
polska         0.10   0.00  [3,33]                   14.6716     14.6716      0.00
abilene        0.10   0.00  [5,26]                   11.1743     11.1743      0.00
nobel_us       0.10   0.00  [6,9]                     9.6336      9.6337      0.00
sioux_falls    0.10   0.00  [54,72]                  14.7152     14.7635      0.33
grid5x5        0.20   0.00  [28,37]                  28.8679     28.8679      0.00
polska         0.20   0.00  [3,33]                   15.4002     15.4969      0.63
abilene        0.20   0.00  [26,27]                  12.0603     12.0603      0.00
nobel_us       0.20   0.00  [6,9]                    10.1367     10.1367      0.00
sioux_falls    0.20   0.00  [54,72]                  15.7752     15.7752     -0.00
grid5x5        0.50   0.00  [27,28]                  35.0962     35.3616      0.76
polska         0.50   0.00  [13,34]                  17.6270     18.2904      3.76
abilene        0.50   0.00  [26,27]                  15.2949     16.9303     10.69
nobel_us       0.50   0.00  [6,9]                    13.9281     14.0360      0.77
sioux_falls    0.50   0.00  [54,72]                  19.6723     19.6723      0.00
grid5x5        0.10   0.05  [28,37]                  26.8135     26.8135      0.00
polska         0.10   0.05  [3,33]                   14.8835     14.8652     -0.12
abilene        0.10   0.05  [5,26]                   11.3161     11.3161      0.00
nobel_us       0.10   0.05  [6,9]                     9.7537      9.7537      0.00
sioux_falls    0.10   0.05  [35,73]                  14.9323     14.9323      0.00
grid5x5        0.20   0.05  [28,37]                  29.6028     29.6028      0.00
polska         0.20   0.05  [3,33]                   15.5637     15.7869      1.43
abilene        0.20   0.05  [26,27]                  12.3859     12.4985      0.91
nobel_us       0.20   0.05  [6,9]                    10.2966     10.2966      0.00
sioux_falls    0.20   0.05  [54,72]                  16.0453     16.0453     -0.00
grid5x5        0.50   0.05  [28,31]                  35.4422     37.1724      4.88
polska         0.50   0.05  [13,34]                  17.7210     18.7662      5.90
abilene        0.50   0.05  [26,27]                  15.8139     17.5648     11.07
nobel_us       0.50   0.05  [6,9]                    14.6034     14.6034     -0.00
sioux_falls    0.50   0.05  [54,72]                  20.1761     20.4900      1.56
grid5x5        0.10   0.40  [28,31]                  32.5811     32.7177      0.42
polska         0.10   0.40  [3,33]                   16.1887     16.2433      0.34
abilene        0.10   0.40  [26,27]                  13.8773     12.8942     -7.08
nobel_us       0.10   0.40  [6,9]                    10.9037     10.9067      0.03
sioux_falls    0.10   0.40  [54,72]                  17.3083     17.3083     -0.00
grid5x5        0.20   0.40  [28,31]                  34.4581     35.7480      3.74
polska         0.20   0.40  [13,34]                  16.6020     16.6020      0.00
abilene        0.20   0.40  [26,27]                  14.1229     16.7612     18.68
nobel_us       0.20   0.40  [6,9]                    13.4547     14.0153      4.17
sioux_falls    0.20   0.40  [54,72]                  18.5314     18.5314      0.00
grid5x5        0.50   0.40  [27,28]                  37.7633     40.4673      7.16
polska         0.50   0.40  [13,34]                  19.0418     21.8133     14.55
abilene        0.50   0.40  [26,27]                  19.1901     20.4086      6.35
nobel_us       0.50   0.40  [6,9]                    17.0282     17.3911      2.13
sioux_falls    0.50   0.40  [35,72]                  22.2258     22.2258      0.00
grid5x5        0.10   0.70  [27,28]                  35.5151     35.5151      0.00
polska         0.10   0.70  [13,34]                  16.9182     16.9182     -0.00
abilene        0.10   0.70  [26,27]                  13.8500     13.8635      0.10
nobel_us       0.10   0.70  [6,9]                    12.5779     12.5779      0.00
sioux_falls    0.10   0.70  [35,72]                  19.9419     19.9419      0.00
grid5x5        0.20   0.70  [28,31]                  37.7633     42.7377     13.17
polska         0.20   0.70  [13,34]                  17.1531     17.1531      0.00
abilene        0.20   0.70  [26,27]                  16.6886     19.0913     14.40
nobel_us       0.20   0.70  [6,9]                    15.5640     16.9715      9.04
sioux_falls    0.20   0.70  [35,72]                  20.7633     20.8074      0.21
grid5x5        0.50   0.70  [28,31]                  37.7633     42.7377     13.17
polska         0.50   0.70  [13,34]                  19.0418     21.8133     14.55
abilene        0.50   0.70  [26,27]                  19.1901     20.4086      6.35
nobel_us       0.50   0.70  [6,9]                    17.0282     17.3911      2.13
sioux_falls    0.50   0.70  [35,72]                  22.2258     22.2258      0.00

================================================================================
Done!
================================================================================
