============================================================
abilene — double [mb_only]: ε̂=0.50, ε̃=0.50, β=0.00
  mini_benders=true, valid_inequality=none
============================================================
Set parameter Username
Set parameter LicenseID to value 2742039
Academic license - for non-commercial use only - expires 2026-11-20
Set parameter Username
Set parameter LicenseID to value 2742039
Academic license - for non-commercial use only - expires 2026-11-20
Set parameter OutputFlag to value 1
Set parameter LogFile to value "global_miqcp.log"
Set parameter Username
Set parameter LicenseID to value 2742039
Academic license - for non-commercial use only - expires 2026-11-20
Set parameter Username
Set parameter LicenseID to value 2742039
Academic license - for non-commercial use only - expires 2026-11-20
Set parameter Username
Set parameter LicenseID to value 2742039
Academic license - for non-commercial use only - expires 2026-11-20
Set parameter Username
Set parameter LicenseID to value 2742039
Academic license - for non-commercial use only - expires 2026-11-20

=== True-DRO Benders iter 1 ===
  OMP: t₀=-10000.000000, UB=Inf, gap=NaN, x=[0, 0, 0, 0, 0, 0, 0, 0, 0, 0, 0, 0, 0, 0, 0, 0, 0, 0, 0, 0, 0, 0, 0, 0, 0, 0, 0, 0, 0, 0] (0.000s)
  Sub: Z₀=23.197242 [LOCAL] (0.2s), α=[0.000,0.000,0.000,0.000,0.099,0.000,0.526,0.000,0.000,0.000,0.000,0.000,0.000,0.000,3.372,0.000,0.000,0.000,0.000,0.000,0.000,0.000,0.000,0.000,0.000,3.718,2.448,0.652,0.000,0.000]
  Iter 1: LB=-10000.000000  UB=Inf  gap=NaN
  Cut: intercept=23.197242, π_x_range=[-830.5497, -801.5810]
  Mini-Benders[1] (mw): LB=-1628.853501, Z₀(α*)=-5.289483, intercept=-103.173733 (0.031s) [OMP=0.005 ISP-L=0.005 ISP-F=0.010 MW-L=0.006 MW-F=0.008]
  Mini-Benders[2] (mw): LB=-303.210557, Z₀(α*)=2.070661, intercept=-34.145463 (0.031s) [OMP=0.004 ISP-L=0.003 ISP-F=0.008 MW-L=0.007 MW-F=0.008]
  Mini-Benders[3] (mw): LB=-165.039718, Z₀(α*)=13.760236, intercept=-38.047322 (0.031s) [OMP=0.011 ISP-L=0.003 ISP-F=0.007 MW-L=0.005 MW-F=0.007]
  Mini-Benders[4] (mw): LB=-117.103702, Z₀(α*)=15.726130, intercept=-8.797191 (0.032s) [OMP=0.013 ISP-L=0.003 ISP-F=0.008 MW-L=0.005 MW-F=0.007]
  Mini-Benders[5] (mw): LB=-98.473108, Z₀(α*)=-10.217251, intercept=-24.667126 (0.047s) [OMP=0.014 ISP-L=0.003 ISP-F=0.007 MW-L=0.005 MW-F=0.009]
Set parameter NonConvex to value 2
Set parameter DualReductions to value 0
  α-step: Z₀=16.634438, α=[0.000,0.000,0.000,0.000,0.000,0.000,0.000,0.000,0.000,0.000,0.000,0.000,0.000,0.000,0.000,0.000,0.000,0.000,0.000,0.000,0.000,0.000,0.000,0.000,0.000,0.000,10.259,0.555,0.000,0.000]
  Alt-Benders[1] (mw): LB=-87.967428, Z₀(α*)=2.508602, intercept=-75.892806 (0.047s) [OMP=0.020 ISP-L=0.003 ISP-F=0.008 MW-L=0.005 MW-F=0.007]
  Alt-Benders[2] (mw): LB=-80.201954, Z₀(α*)=-9.852349, intercept=-85.319700 (0.062s) [OMP=0.031 ISP-L=0.003 ISP-F=0.007 MW-L=0.005 MW-F=0.008]
  Alt-Benders[3] (mw): LB=-72.996797, Z₀(α*)=-16.149636, intercept=-60.779248 (0.047s) [OMP=0.029 ISP-L=0.003 ISP-F=0.008 MW-L=0.005 MW-F=0.007]
  Alt-Benders[4] (mw): LB=-62.312680, Z₀(α*)=13.087326, intercept=13.592944 (0.063s) [OMP=0.045 ISP-L=0.003 ISP-F=0.008 MW-L=0.005 MW-F=0.007]
  Alt-Benders[5] (mw): LB=-58.099531, Z₀(α*)=-12.934889, intercept=-67.990324 (0.047s) [OMP=0.021 ISP-L=0.003 ISP-F=0.007 MW-L=0.005 MW-F=0.007]
  OMP re-solve: 0.037s

=== True-DRO Benders iter 2 ===
  OMP: t₀=-56.929259, UB=Inf, gap=NaN, x=[0, 0, 0, 0, 1, 0, 0, 1, 0, 0, 0, 0, 0, 0, 0, 0, 0, 0, 0, 0, 0, 0, 0, 0, 0, 0, 0, 0, 0, 0] (0.000s)
  Sub: Z₀=15.946772 [LOCAL] (0.4s), α=[0.000,0.000,0.000,0.000,8.584,0.000,0.000,0.000,0.000,0.000,0.000,0.000,0.000,0.000,2.230,0.000,0.000,0.000,0.000,0.000,0.000,0.000,0.000,0.000,0.000,0.000,0.000,0.000,0.000,0.000]
  Iter 2: LB=-56.929259  UB=Inf  gap=NaN
  Cut: intercept=-1116.661043, π_x_range=[-828.2543, 574.4148]
  Mini-Benders[1] (mw): LB=-53.843614, Z₀(α*)=-3.845370, intercept=-28.915723 (0.078s) [OMP=0.035 ISP-L=0.003 ISP-F=0.009 MW-L=0.006 MW-F=0.018]
  Mini-Benders[2] (mw): LB=-47.620794, Z₀(α*)=-14.682471, intercept=-80.341082 (0.062s) [OMP=0.047 ISP-L=0.003 ISP-F=0.008 MW-L=0.005 MW-F=0.007]
  Mini-Benders[3] (mw): LB=-42.374082, Z₀(α*)=-13.512790, intercept=-49.183954 (0.078s) [OMP=0.057 ISP-L=0.003 ISP-F=0.008 MW-L=0.005 MW-F=0.009]
  Mini-Benders[4] (mw): LB=-41.397377, Z₀(α*)=-14.696088, intercept=-79.099063 (0.078s) [OMP=0.050 ISP-L=0.003 ISP-F=0.007 MW-L=0.006 MW-F=0.008]
  Mini-Benders[5] (mw): LB=-39.829471, Z₀(α*)=-15.417736, intercept=-37.538876 (0.079s) [OMP=0.052 ISP-L=0.003 ISP-F=0.008 MW-L=0.005 MW-F=0.008]
  α-step: Z₀=14.745513, α=[0.000,0.000,0.000,0.000,0.000,0.000,0.000,0.000,0.000,0.000,0.000,0.000,0.000,0.000,4.866,0.000,0.000,0.000,0.000,0.000,0.000,0.000,0.000,0.000,0.000,2.227,0.634,3.087,0.000,0.000]
  Alt-Benders[1] (mw): LB=-38.012266, Z₀(α*)=-2.882611, intercept=-26.647724 (0.078s) [OMP=0.055 ISP-L=0.003 ISP-F=0.008 MW-L=0.006 MW-F=0.007]
  Alt-Benders[2] (mw): LB=-36.034981, Z₀(α*)=12.203502, intercept=-107.920129 (0.109s) [OMP=0.067 ISP-L=0.003 ISP-F=0.007 MW-L=0.013 MW-F=0.015]
  Alt-Benders[3] (mw): LB=-34.984311, Z₀(α*)=16.737683, intercept=-7.678285 (0.110s) [OMP=0.079 ISP-L=0.003 ISP-F=0.007 MW-L=0.005 MW-F=0.006]
  Alt-Benders[4] (mw): LB=-32.473862, Z₀(α*)=4.585245, intercept=-22.859236 (0.078s) [OMP=0.071 ISP-L=0.003 ISP-F=0.008 MW-L=0.005 MW-F=0.006]
  Alt-Benders[5] (mw): LB=-31.467209, Z₀(α*)=-6.870796, intercept=-20.978091 (0.093s) [OMP=0.061 ISP-L=0.003 ISP-F=0.007 MW-L=0.005 MW-F=0.007]
  OMP re-solve: 0.089s

=== True-DRO Benders iter 3 ===
  OMP: t₀=-29.004438, UB=Inf, gap=NaN, x=[0, 0, 0, 0, 0, 0, 0, 0, 0, 0, 0, 0, 0, 0, 0, 0, 0, 0, 1, 1, 0, 0, 0, 0, 0, 0, 0, 0, 0, 0] (0.000s)
  Sub: Z₀=19.621400 [LOCAL] (0.2s), α=[0.000,0.000,0.000,0.000,0.000,0.000,0.000,0.010,0.000,0.000,0.010,0.000,0.000,0.000,1.520,0.000,0.000,0.000,0.906,3.441,0.000,0.000,0.000,0.000,0.000,4.928,0.000,0.000,0.000,0.000]
  Iter 3: LB=-29.004438  UB=Inf  gap=NaN
  Cut: intercept=-1073.086233, π_x_range=[-823.8073, 555.7685]
  Mini-Benders[1] (mw): LB=-28.103642, Z₀(α*)=1.681634, intercept=2.495851 (0.109s) [OMP=0.083 ISP-L=0.003 ISP-F=0.008 MW-L=0.005 MW-F=0.008]
  Mini-Benders[2] (mw): LB=-26.781064, Z₀(α*)=1.681634, intercept=2.495842 (0.078s) [OMP=0.063 ISP-L=0.003 ISP-F=0.008 MW-L=0.006 MW-F=0.009]
  Mini-Benders[3] (mw): LB=-25.855214, Z₀(α*)=-16.173748, intercept=-83.435966 (0.110s) [OMP=0.065 ISP-L=0.003 ISP-F=0.008 MW-L=0.013 MW-F=0.009]
  Mini-Benders[4] (mw): LB=-25.567194, Z₀(α*)=17.473736, intercept=-75.823393 (0.093s) [OMP=0.069 ISP-L=0.003 ISP-F=0.008 MW-L=0.005 MW-F=0.008]
  Mini-Benders[5] (mw): LB=-24.787840, Z₀(α*)=6.546477, intercept=-27.641110 (0.094s) [OMP=0.078 ISP-L=0.003 ISP-F=0.009 MW-L=0.005 MW-F=0.008]
  α-step: Z₀=11.557751, α=[0.000,0.000,0.000,0.000,0.000,0.000,0.000,0.000,0.000,0.000,0.000,0.000,0.000,0.000,0.000,0.000,0.000,0.000,0.000,0.000,0.000,0.000,0.000,0.000,0.000,6.476,3.650,0.689,0.000,0.000]
  Alt-Benders[1] (mw): LB=-20.888977, Z₀(α*)=14.244176, intercept=-8.907872 (0.109s) [OMP=0.072 ISP-L=0.003 ISP-F=0.007 MW-L=0.005 MW-F=0.007]
  Alt-Benders[2] (mw): LB=-20.616459, Z₀(α*)=14.639447, intercept=-17.390898 (0.078s) [OMP=0.070 ISP-L=0.003 ISP-F=0.007 MW-L=0.006 MW-F=0.006]
  Alt-Benders[3] (mw): LB=-20.393505, Z₀(α*)=16.594928, intercept=-23.071773 (0.125s) [OMP=0.081 ISP-L=0.003 ISP-F=0.007 MW-L=0.006 MW-F=0.015]
  Alt-Benders[4] (mw): LB=-19.488877, Z₀(α*)=11.337031, intercept=-5.055417 (0.094s) [OMP=0.072 ISP-L=0.003 ISP-F=0.008 MW-L=0.006 MW-F=0.009]
  Alt-Benders[5] (mw): LB=-18.837498, Z₀(α*)=11.018390, intercept=-21.187239 (0.109s) [OMP=0.084 ISP-L=0.003 ISP-F=0.008 MW-L=0.006 MW-F=0.007]
  OMP re-solve: 0.066s

=== True-DRO Benders iter 4 ===
  OMP: t₀=-18.707244, UB=Inf, gap=NaN, x=[0, 0, 0, 0, 0, 0, 0, 0, 0, 0, 0, 0, 0, 0, 1, 0, 0, 1, 0, 0, 0, 0, 0, 0, 0, 0, 0, 0, 0, 0] (0.000s)
  Sub: Z₀=21.689684 [LOCAL] (0.2s), α=[0.000,0.000,0.000,0.000,0.000,0.000,0.000,0.000,0.000,0.000,0.000,0.000,0.000,0.000,6.053,0.000,0.000,0.000,0.000,0.000,0.000,0.000,0.000,0.000,0.000,3.619,0.412,0.731,0.000,0.000]
  Iter 4: LB=-18.707244  UB=Inf  gap=NaN
  Cut: intercept=-1125.498518, π_x_range=[-827.9862, 586.7573]
  Mini-Benders[1] (mw): LB=-17.812603, Z₀(α*)=20.426819, intercept=-37.261832 (0.094s) [OMP=0.068 ISP-L=0.003 ISP-F=0.009 MW-L=0.007 MW-F=0.008]
  Mini-Benders[2] (mw): LB=-17.380648, Z₀(α*)=9.389096, intercept=-88.394718 (0.109s) [OMP=0.077 ISP-L=0.003 ISP-F=0.008 MW-L=0.006 MW-F=0.007]
  Mini-Benders[3] (mw): LB=-16.675706, Z₀(α*)=13.769884, intercept=-49.816425 (0.110s) [OMP=0.079 ISP-L=0.003 ISP-F=0.008 MW-L=0.006 MW-F=0.008]
  Mini-Benders[4] (mw): LB=-16.179793, Z₀(α*)=19.736347, intercept=17.785805 (0.109s) [OMP=0.086 ISP-L=0.003 ISP-F=0.007 MW-L=0.006 MW-F=0.015]
  Mini-Benders[5] (mw): LB=-16.173750, Z₀(α*)=7.343409, intercept=-123.277608 (0.109s) [OMP=0.079 ISP-L=0.003 ISP-F=0.008 MW-L=0.006 MW-F=0.008]
  α-step: Z₀=14.464507, α=[0.000,0.000,0.000,0.000,0.000,0.000,0.000,2.067,0.000,0.000,5.107,0.000,0.000,0.000,3.478,0.000,0.000,0.000,0.000,0.162,0.000,0.000,0.000,0.000,0.000,0.000,0.000,0.000,0.000,0.000]
  Alt-Benders[1] (mw): LB=-16.071123, Z₀(α*)=9.199313, intercept=-64.029182 (0.094s) [OMP=0.078 ISP-L=0.003 ISP-F=0.008 MW-L=0.006 MW-F=0.011]
  Alt-Benders[2] (mw): LB=-15.417738, Z₀(α*)=-4.500248, intercept=-36.431570 (0.109s) [OMP=0.086 ISP-L=0.003 ISP-F=0.007 MW-L=0.005 MW-F=0.008]
  Alt-Benders[3] (mw): LB=-14.696090, Z₀(α*)=-2.756622, intercept=-78.751324 (0.109s) [OMP=0.072 ISP-L=0.003 ISP-F=0.008 MW-L=0.006 MW-F=0.007]
  Alt-Benders[4] (mw): LB=-14.682473, Z₀(α*)=-10.127187, intercept=-76.113087 (0.078s) [OMP=0.058 ISP-L=0.003 ISP-F=0.009 MW-L=0.006 MW-F=0.007]
  Alt-Benders[5] (mw): LB=-13.822865, Z₀(α*)=12.297146, intercept=-69.421759 (0.094s) [OMP=0.068 ISP-L=0.003 ISP-F=0.008 MW-L=0.014 MW-F=0.007]
  OMP re-solve: 0.067s

=== True-DRO Benders iter 5 ===
  OMP: t₀=-13.512792, UB=Inf, gap=NaN, x=[0, 0, 0, 0, 0, 0, 1, 1, 0, 0, 0, 0, 0, 0, 0, 0, 0, 0, 0, 0, 0, 0, 0, 0, 0, 0, 0, 0, 0, 0] (0.000s)
  Sub: Z₀=20.535491 [TIME_LIMIT] (15.0s), α=[0.000,0.000,0.000,0.000,0.300,0.000,5.392,0.066,0.000,0.000,0.000,0.000,0.000,0.000,0.853,0.000,0.000,0.000,0.000,0.000,0.000,0.000,0.010,0.000,0.000,3.407,0.091,0.695,0.000,0.000]
  Iter 5: LB=-13.512792  UB=20.596998  gap=1.66e+00
  Cut: intercept=-42.379300, π_x_range=[-169.0072, 42.7049]
  Mini-Benders[1] (mw): LB=-12.934891, Z₀(α*)=18.599600, intercept=-43.789097 (0.266s) [OMP=0.245 ISP-L=0.003 ISP-F=0.008 MW-L=0.006 MW-F=0.007]
  Mini-Benders[2] (mw): LB=-12.771878, Z₀(α*)=-6.220988, intercept=-5.459556 (0.297s) [OMP=0.265 ISP-L=0.003 ISP-F=0.008 MW-L=0.005 MW-F=0.009]
  Mini-Benders[3] (mw): LB=-12.084298, Z₀(α*)=-8.402368, intercept=-21.962035 (0.203s) [OMP=0.186 ISP-L=0.003 ISP-F=0.007 MW-L=0.006 MW-F=0.008]
  Mini-Benders[4] (mw): LB=-11.016871, Z₀(α*)=-14.804534, intercept=-7.399912 (0.203s) [OMP=0.180 ISP-L=0.003 ISP-F=0.008 MW-L=0.006 MW-F=0.008]
  Mini-Benders[5] (mw): LB=-11.016871, Z₀(α*)=-14.804534, intercept=-7.399912 (0.203s) [OMP=0.178 ISP-L=0.003 ISP-F=0.008 MW-L=0.005 MW-F=0.008]
  α-step: Z₀=16.605002, α=[0.000,0.000,0.000,0.000,0.000,0.000,0.000,0.000,0.000,0.000,0.000,0.000,0.000,0.000,3.937,0.000,0.000,0.000,0.000,0.000,0.000,0.000,0.000,0.000,0.000,3.176,3.702,0.000,0.000,0.000]
  Alt-Benders[1] (mw): LB=-10.365871, Z₀(α*)=17.531484, intercept=-21.529981 (0.235s) [OMP=0.209 ISP-L=0.003 ISP-F=0.007 MW-L=0.006 MW-F=0.006]
  Alt-Benders[2] (mw): LB=-10.217253, Z₀(α*)=-8.449383, intercept=-24.666023 (0.234s) [OMP=0.207 ISP-L=0.003 ISP-F=0.007 MW-L=0.005 MW-F=0.008]
  Alt-Benders[3] (mw): LB=-10.127189, Z₀(α*)=17.498517, intercept=-8.400937 (0.203s) [OMP=0.184 ISP-L=0.003 ISP-F=0.008 MW-L=0.005 MW-F=0.007]
  Alt-Benders[4] (mw): LB=-9.852351, Z₀(α*)=1.104017, intercept=-103.262901 (0.235s) [OMP=0.200 ISP-L=0.003 ISP-F=0.007 MW-L=0.004 MW-F=0.007]
  Alt-Benders[5] (mw): LB=-9.095001, Z₀(α*)=18.956566, intercept=8.249861 (0.203s) [OMP=0.192 ISP-L=0.003 ISP-F=0.008 MW-L=0.005 MW-F=0.007]
  OMP re-solve: 0.204s

=== True-DRO Benders iter 6 ===
  OMP: t₀=-8.449385, UB=20.596998, gap=1.41e+00, x=[0, 0, 0, 0, 0, 0, 0, 1, 0, 0, 0, 0, 0, 0, 0, 0, 0, 0, 0, 1, 0, 0, 0, 0, 0, 0, 0, 0, 0, 0] (0.000s)
  Sub: Z₀=17.383126 [LOCAL] (0.1s), α=[0.000,0.000,0.000,0.000,0.000,0.000,0.000,4.070,0.000,0.000,0.000,0.000,0.000,0.000,0.000,0.000,0.000,0.000,0.000,5.720,0.000,0.000,0.000,0.000,0.000,1.025,0.000,0.000,0.000,0.000]
  Iter 6: LB=-8.449385  UB=20.596998  gap=1.41e+00
  Cut: intercept=-1117.851429, π_x_range=[-827.1276, 570.9367]
  Mini-Benders[1] (mw): LB=-8.402370, Z₀(α*)=-31.645042, intercept=-30.693491 (0.234s) [OMP=0.213 ISP-L=0.003 ISP-F=0.008 MW-L=0.007 MW-F=0.008]
  Mini-Benders[2] (mw): LB=-8.402370, Z₀(α*)=-31.645042, intercept=-30.693491 (0.219s) [OMP=0.194 ISP-L=0.003 ISP-F=0.007 MW-L=0.007 MW-F=0.008]
  Mini-Benders[3] (mw): LB=-8.402370, Z₀(α*)=-31.645042, intercept=-30.693491 (0.219s) [OMP=0.184 ISP-L=0.003 ISP-F=0.007 MW-L=0.006 MW-F=0.008]
  Mini-Benders[4]: LB stagnated, break
  α-step: Z₀=16.835632, α=[0.000,0.000,0.000,0.000,1.682,0.000,0.875,0.000,0.000,0.000,0.000,0.000,0.000,0.000,0.000,0.000,0.000,0.000,0.000,0.000,0.000,0.000,0.000,0.000,0.000,2.333,0.000,5.925,0.000,0.000]
  Alt-Benders[1] (mw): LB=-7.926719, Z₀(α*)=6.558994, intercept=-78.239835 (0.265s) [OMP=0.240 ISP-L=0.003 ISP-F=0.008 MW-L=0.006 MW-F=0.008]
  Alt-Benders[2] (mw): LB=-7.160318, Z₀(α*)=8.464538, intercept=-17.327521 (0.250s) [OMP=0.224 ISP-L=0.003 ISP-F=0.008 MW-L=0.005 MW-F=0.007]
  Alt-Benders[3] (mw): LB=-6.870798, Z₀(α*)=10.005688, intercept=-19.751772 (0.266s) [OMP=0.235 ISP-L=0.003 ISP-F=0.007 MW-L=0.005 MW-F=0.014]
  Alt-Benders[4] (mw): LB=-6.220990, Z₀(α*)=12.165491, intercept=-12.264957 (0.219s) [OMP=0.204 ISP-L=0.003 ISP-F=0.007 MW-L=0.006 MW-F=0.008]
  Alt-Benders[5] (mw): LB=-5.459573, Z₀(α*)=11.158071, intercept=-13.710747 (0.359s) [OMP=0.333 ISP-L=0.003 ISP-F=0.008 MW-L=0.006 MW-F=0.008]
  OMP re-solve: 0.265s

=== True-DRO Benders iter 7 ===
  OMP: t₀=-5.289485, UB=20.596998, gap=1.26e+00, x=[0, 0, 0, 0, 0, 0, 0, 0, 0, 0, 1, 0, 0, 0, 0, 0, 0, 0, 1, 0, 0, 0, 0, 0, 0, 0, 0, 0, 0, 0] (0.000s)
  Sub: Z₀=16.615675 [LOCAL] (0.1s), α=[0.000,0.000,0.000,0.000,0.000,0.000,0.000,0.000,0.000,0.000,9.603,0.000,0.000,0.000,1.212,0.000,0.000,0.000,0.000,0.000,0.000,0.000,0.000,0.000,0.000,0.000,0.000,0.000,0.000,0.000]
  Iter 7: LB=-5.289485  UB=20.596998  gap=1.26e+00
  Cut: intercept=-1083.383330, π_x_range=[-816.3242, 554.6046]
  Mini-Benders[1] (mw): LB=-4.500250, Z₀(α*)=-12.214800, intercept=-40.961637 (0.375s) [OMP=0.346 ISP-L=0.003 ISP-F=0.008 MW-L=0.005 MW-F=0.009]
  Mini-Benders[2] (mw): LB=-4.500250, Z₀(α*)=-12.214800, intercept=-40.961637 (0.344s) [OMP=0.324 ISP-L=0.003 ISP-F=0.009 MW-L=0.006 MW-F=0.008]
  Mini-Benders[3] (mw): LB=-4.500250, Z₀(α*)=-12.214800, intercept=-40.961637 (0.359s) [OMP=0.323 ISP-L=0.003 ISP-F=0.009 MW-L=0.005 MW-F=0.009]
  Mini-Benders[4]: LB stagnated, break
  α-step: Z₀=17.265032, α=[0.000,0.000,0.000,0.000,0.000,0.000,0.000,0.000,0.000,0.000,0.000,0.000,0.000,0.000,0.000,0.000,0.000,0.000,5.322,0.000,0.000,0.000,0.000,0.000,0.000,3.619,0.000,1.874,0.000,0.000]
  Alt-Benders[1] (mw): LB=-4.070165, Z₀(α*)=0.917813, intercept=-0.742948 (0.297s) [OMP=0.269 ISP-L=0.003 ISP-F=0.007 MW-L=0.005 MW-F=0.008]
  Alt-Benders[2] (mw): LB=-3.845372, Z₀(α*)=19.816571, intercept=-7.884133 (0.484s) [OMP=0.449 ISP-L=0.003 ISP-F=0.008 MW-L=0.006 MW-F=0.010]
  Alt-Benders[3] (mw): LB=-3.498090, Z₀(α*)=-1.106508, intercept=-52.218002 (0.375s) [OMP=0.358 ISP-L=0.003 ISP-F=0.007 MW-L=0.005 MW-F=0.007]
  Alt-Benders[4] (mw): LB=-2.882613, Z₀(α*)=-16.996733, intercept=-37.360034 (0.422s) [OMP=0.394 ISP-L=0.003 ISP-F=0.008 MW-L=0.006 MW-F=0.008]
  Alt-Benders[5] (mw): LB=-2.882613, Z₀(α*)=-16.996733, intercept=-37.360034 (0.359s) [OMP=0.342 ISP-L=0.003 ISP-F=0.008 MW-L=0.006 MW-F=0.008]
  OMP re-solve: 0.331s

=== True-DRO Benders iter 8 ===
  OMP: t₀=-2.882613, UB=20.596998, gap=1.14e+00, x=[0, 0, 0, 0, 0, 0, 0, 1, 0, 0, 0, 0, 0, 0, 0, 0, 0, 0, 0, 0, 0, 0, 0, 0, 0, 0, 0, 1, 0, 0] (0.000s)
  Sub: Z₀=17.110483 [LOCAL] (0.2s), α=[0.000,0.000,0.000,0.000,0.000,0.000,0.000,2.617,0.000,0.000,0.000,0.000,0.000,0.000,0.000,0.000,0.000,0.000,0.000,0.000,0.000,0.000,0.000,0.000,0.000,1.332,0.000,6.865,0.000,0.000]
  Iter 8: LB=-2.882613  UB=20.596998  gap=1.14e+00
  Cut: intercept=-1118.120194, π_x_range=[-830.7742, 568.6646]
  Mini-Benders[1] (mw): LB=-2.756624, Z₀(α*)=5.507467, intercept=-50.496600 (0.375s) [OMP=0.346 ISP-L=0.003 ISP-F=0.007 MW-L=0.012 MW-F=0.007]
  Mini-Benders[2] (mw): LB=-2.139011, Z₀(α*)=-6.203366, intercept=-24.185444 (0.407s) [OMP=0.379 ISP-L=0.003 ISP-F=0.008 MW-L=0.005 MW-F=0.008]
  Mini-Benders[3] (mw): LB=-2.139011, Z₀(α*)=-6.203366, intercept=-24.185444 (0.343s) [OMP=0.323 ISP-L=0.003 ISP-F=0.008 MW-L=0.005 MW-F=0.008]
  Mini-Benders[4] (mw): LB=-2.139011, Z₀(α*)=-6.203366, intercept=-24.185444 (0.328s) [OMP=0.309 ISP-L=0.003 ISP-F=0.008 MW-L=0.005 MW-F=0.008]
  Mini-Benders[5]: LB stagnated, break
  α-step: Z₀=17.014722, α=[0.000,0.000,0.000,0.000,2.134,0.000,0.000,0.000,0.000,0.000,0.000,0.000,0.000,0.000,0.395,0.000,0.000,0.000,0.000,0.000,0.000,0.000,0.000,0.000,0.000,2.785,5.502,0.000,0.000,0.000]
  Alt-Benders[1] (mw): LB=-2.066097, Z₀(α*)=19.020919, intercept=20.585544 (0.297s) [OMP=0.265 ISP-L=0.003 ISP-F=0.008 MW-L=0.005 MW-F=0.007]
  Alt-Benders[2] (mw): LB=-2.012640, Z₀(α*)=13.076556, intercept=-44.297205 (0.344s) [OMP=0.312 ISP-L=0.003 ISP-F=0.007 MW-L=0.005 MW-F=0.014]
  Alt-Benders[3] (mw): LB=-1.372070, Z₀(α*)=16.578071, intercept=-6.762601 (0.422s) [OMP=0.400 ISP-L=0.003 ISP-F=0.007 MW-L=0.005 MW-F=0.006]
  Alt-Benders[4] (mw): LB=-1.236481, Z₀(α*)=16.398977, intercept=-78.540354 (0.328s) [OMP=0.315 ISP-L=0.003 ISP-F=0.007 MW-L=0.006 MW-F=0.006]
  Alt-Benders[5] (mw): LB=-1.106510, Z₀(α*)=4.253414, intercept=-78.421526 (0.375s) [OMP=0.340 ISP-L=0.003 ISP-F=0.008 MW-L=0.005 MW-F=0.008]
  OMP re-solve: 0.301s

=== True-DRO Benders iter 9 ===
  OMP: t₀=0.917811, UB=20.596998, gap=9.55e-01, x=[0, 0, 0, 0, 0, 0, 1, 0, 0, 0, 0, 0, 0, 0, 0, 0, 0, 1, 0, 0, 0, 0, 0, 0, 0, 0, 0, 0, 0, 0] (0.000s)
  Sub: Z₀=21.117495 [LOCAL] (0.2s), α=[0.000,0.000,0.000,0.000,0.000,0.000,3.952,0.000,0.000,0.000,0.000,0.000,0.000,0.000,1.481,0.000,0.000,0.000,0.000,0.000,0.000,0.000,0.000,0.000,0.000,3.561,0.758,1.062,0.000,0.000]
  Iter 9: LB=0.917811  UB=20.596998  gap=9.55e-01
  Cut: intercept=-1121.441030, π_x_range=[-829.9518, 585.2077]
  Mini-Benders[1] (mw): LB=1.104016, Z₀(α*)=-4.247877, intercept=-84.031247 (0.375s) [OMP=0.339 ISP-L=0.003 ISP-F=0.008 MW-L=0.006 MW-F=0.010]
  Mini-Benders[2] (mw): LB=1.104016, Z₀(α*)=-4.247877, intercept=-84.031247 (0.375s) [OMP=0.355 ISP-L=0.003 ISP-F=0.008 MW-L=0.006 MW-F=0.009]
  Mini-Benders[3] (mw): LB=1.104016, Z₀(α*)=-4.247877, intercept=-84.031247 (0.390s) [OMP=0.345 ISP-L=0.003 ISP-F=0.008 MW-L=0.006 MW-F=0.017]
  Mini-Benders[4]: LB stagnated, break
  α-step: Z₀=15.295011, α=[0.000,0.000,0.000,0.000,0.000,0.000,1.435,0.000,0.000,0.000,4.667,0.000,0.000,0.000,0.560,0.000,0.000,0.000,0.000,0.000,0.000,0.000,0.000,0.000,0.000,0.000,4.152,0.000,0.000,0.000]
  Alt-Benders[1] (mw): LB=1.681632, Z₀(α*)=7.167248, intercept=-20.389283 (0.375s) [OMP=0.361 ISP-L=0.003 ISP-F=0.008 MW-L=0.005 MW-F=0.007]
  Alt-Benders[2] (mw): LB=2.070659, Z₀(α*)=-5.603834, intercept=-33.504175 (0.391s) [OMP=0.366 ISP-L=0.003 ISP-F=0.008 MW-L=0.006 MW-F=0.008]
  Alt-Benders[3] (mw): LB=2.070659, Z₀(α*)=-5.603834, intercept=-33.504175 (0.313s) [OMP=0.284 ISP-L=0.003 ISP-F=0.008 MW-L=0.006 MW-F=0.007]
  Alt-Benders[4] (mw): LB=2.070659, Z₀(α*)=-5.603834, intercept=-33.504175 (0.312s) [OMP=0.292 ISP-L=0.003 ISP-F=0.008 MW-L=0.006 MW-F=0.007]
  Alt-Benders[5]: LB stagnated, break
  OMP re-solve: 0.000s

=== True-DRO Benders iter 10 ===
  OMP: t₀=2.070659, UB=20.596998, gap=8.99e-01, x=[0, 0, 0, 0, 0, 0, 0, 1, 0, 0, 0, 0, 0, 0, 0, 0, 0, 0, 0, 0, 0, 0, 0, 0, 0, 0, 1, 0, 0, 0] (0.000s)
  Sub: Z₀=18.598074 [TIME_LIMIT] (15.1s), α=[0.000,0.000,0.000,0.000,0.000,0.000,0.000,0.000,0.000,0.000,0.000,0.000,0.000,0.000,0.235,0.000,0.000,0.000,0.000,0.000,0.000,0.000,0.000,0.000,0.000,1.895,1.074,7.610,0.000,0.000]
  Iter 10: LB=2.070659  UB=18.759447  gap=8.90e-01
  Cut: intercept=-105.452369, π_x_range=[-183.7348, 76.6865]
  Mini-Benders[1] (mw): LB=2.508600, Z₀(α*)=18.201296, intercept=-71.732707 (0.407s) [OMP=0.370 ISP-L=0.003 ISP-F=0.009 MW-L=0.006 MW-F=0.014]
  Mini-Benders[2] (mw): LB=2.516209, Z₀(α*)=1.601298, intercept=-46.168461 (0.218s) [OMP=0.207 ISP-L=0.003 ISP-F=0.007 MW-L=0.005 MW-F=0.008]
  Mini-Benders[3] (mw): LB=2.516209, Z₀(α*)=1.601298, intercept=-46.168461 (0.329s) [OMP=0.300 ISP-L=0.003 ISP-F=0.007 MW-L=0.006 MW-F=0.008]
  Mini-Benders[4] (mw): LB=2.516209, Z₀(α*)=1.601298, intercept=-46.168461 (0.343s) [OMP=0.312 ISP-L=0.003 ISP-F=0.007 MW-L=0.006 MW-F=0.009]
  Mini-Benders[5]: LB stagnated, break
  α-step: Z₀=16.835598, α=[0.000,0.000,0.000,0.000,0.000,0.000,2.450,0.000,0.000,0.000,0.000,0.000,0.000,0.000,1.895,0.000,0.000,0.000,0.000,0.000,0.000,0.000,0.000,0.000,0.000,0.651,5.818,0.000,0.000,0.000]
  Alt-Benders[1] (mw): LB=3.079719, Z₀(α*)=0.099882, intercept=-51.959647 (0.282s) [OMP=0.265 ISP-L=0.003 ISP-F=0.008 MW-L=0.005 MW-F=0.009]
  Alt-Benders[2] (mw): LB=3.079719, Z₀(α*)=0.099882, intercept=-51.959647 (0.281s) [OMP=0.258 ISP-L=0.003 ISP-F=0.007 MW-L=0.005 MW-F=0.009]
  Alt-Benders[3] (mw): LB=3.079719, Z₀(α*)=0.099882, intercept=-51.959647 (0.297s) [OMP=0.259 ISP-L=0.003 ISP-F=0.008 MW-L=0.012 MW-F=0.009]
  Alt-Benders[4]: LB stagnated, break
  OMP re-solve: 0.000s

=== True-DRO Benders iter 11 ===
  OMP: t₀=3.079719, UB=18.759447, gap=8.36e-01, x=[0, 0, 0, 0, 0, 0, 0, 0, 0, 0, 1, 0, 0, 1, 0, 0, 0, 0, 0, 0, 0, 0, 0, 0, 0, 0, 0, 0, 0, 0] (0.000s)
  Sub: Z₀=19.398318 [LOCAL] (0.2s), α=[0.000,0.000,0.000,0.000,0.000,0.000,0.303,0.000,0.000,0.000,6.844,0.000,0.000,0.190,3.478,0.000,0.000,0.000,0.000,0.000,0.000,0.000,0.000,0.000,0.000,0.000,0.000,0.000,0.000,0.000]
  Iter 11: LB=3.079719  UB=18.759447  gap=8.36e-01
  Cut: intercept=-1115.135991, π_x_range=[-818.7075, 594.4122]
  Mini-Benders[1] (mw): LB=3.700315, Z₀(α*)=-11.755680, intercept=-33.826658 (0.406s) [OMP=0.386 ISP-L=0.003 ISP-F=0.008 MW-L=0.007 MW-F=0.009]
  Mini-Benders[2] (mw): LB=3.700315, Z₀(α*)=-11.755680, intercept=-33.826658 (0.313s) [OMP=0.288 ISP-L=0.003 ISP-F=0.008 MW-L=0.006 MW-F=0.009]
  Mini-Benders[3] (mw): LB=3.700315, Z₀(α*)=-11.755680, intercept=-33.826658 (0.328s) [OMP=0.290 ISP-L=0.003 ISP-F=0.008 MW-L=0.006 MW-F=0.008]
  Mini-Benders[4]: LB stagnated, break
  α-step: Z₀=16.629399, α=[0.000,0.000,0.000,0.000,0.000,0.000,0.000,0.000,0.000,0.000,0.000,0.000,0.000,0.000,4.723,0.000,0.000,0.000,0.000,0.000,0.000,0.000,0.000,0.000,0.000,1.987,4.105,0.000,0.000,0.000]
  Alt-Benders[1] (mw): LB=3.842200, Z₀(α*)=19.270228, intercept=7.510906 (0.438s) [OMP=0.415 ISP-L=0.003 ISP-F=0.008 MW-L=0.006 MW-F=0.009]
  Alt-Benders[2] (mw): LB=4.185844, Z₀(α*)=19.846070, intercept=16.570151 (0.437s) [OMP=0.401 ISP-L=0.003 ISP-F=0.008 MW-L=0.013 MW-F=0.008]
  Alt-Benders[3] (mw): LB=4.253412, Z₀(α*)=13.885233, intercept=-94.799907 (0.422s) [OMP=0.407 ISP-L=0.003 ISP-F=0.007 MW-L=0.006 MW-F=0.007]
  Alt-Benders[4] (mw): LB=4.447957, Z₀(α*)=15.023507, intercept=-17.613740 (0.375s) [OMP=0.353 ISP-L=0.003 ISP-F=0.007 MW-L=0.005 MW-F=0.006]
  Alt-Benders[5] (mw): LB=4.585244, Z₀(α*)=14.821885, intercept=-20.842767 (0.344s) [OMP=0.312 ISP-L=0.003 ISP-F=0.007 MW-L=0.005 MW-F=0.007]
  OMP re-solve: 0.468s

=== True-DRO Benders iter 12 ===
  OMP: t₀=5.507465, UB=18.759447, gap=7.06e-01, x=[0, 0, 0, 0, 0, 0, 0, 1, 0, 0, 0, 0, 0, 0, 0, 0, 0, 0, 0, 0, 0, 0, 0, 0, 0, 1, 0, 0, 0, 0] (0.000s)
  Sub: Z₀=18.021554 [LOCAL] (0.1s), α=[0.000,0.000,0.000,0.000,0.000,0.000,0.000,0.765,0.000,0.000,0.000,0.000,0.000,0.000,1.470,0.000,0.000,0.000,0.000,0.000,0.000,0.000,0.000,0.000,0.000,8.579,0.000,0.000,0.000,0.000]
  Iter 12: LB=5.507465  UB=18.759447  gap=7.06e-01
  Cut: intercept=-1125.379592, π_x_range=[-830.5945, 576.9798]
  Mini-Benders[1] (mw): LB=5.708722, Z₀(α*)=12.143946, intercept=-19.194401 (0.453s) [OMP=0.431 ISP-L=0.003 ISP-F=0.008 MW-L=0.006 MW-F=0.008]
  Mini-Benders[2] (mw): LB=5.718941, Z₀(α*)=14.143876, intercept=-4.534719 (0.438s) [OMP=0.415 ISP-L=0.003 ISP-F=0.008 MW-L=0.007 MW-F=0.015]
  Mini-Benders[3] (mw): LB=5.795277, Z₀(α*)=11.275254, intercept=-55.182137 (0.437s) [OMP=0.408 ISP-L=0.003 ISP-F=0.009 MW-L=0.006 MW-F=0.009]
  Mini-Benders[4] (mw): LB=6.266263, Z₀(α*)=19.806022, intercept=-15.110138 (0.547s) [OMP=0.513 ISP-L=0.003 ISP-F=0.009 MW-L=0.006 MW-F=0.008]
  Mini-Benders[5] (mw): LB=6.558992, Z₀(α*)=1.384646, intercept=-66.350583 (0.563s) [OMP=0.531 ISP-L=0.003 ISP-F=0.009 MW-L=0.006 MW-F=0.008]
  α-step: Z₀=17.323675, α=[0.000,0.000,0.000,0.000,0.000,0.000,0.322,0.000,0.000,0.000,0.000,0.000,0.000,0.081,5.045,0.000,0.000,0.000,0.000,0.000,0.000,0.000,0.000,0.000,0.000,5.366,0.000,0.000,0.000,0.000]
  Alt-Benders[1] (mw): LB=7.167246, Z₀(α*)=9.055882, intercept=2.807523 (0.500s) [OMP=0.471 ISP-L=0.003 ISP-F=0.008 MW-L=0.005 MW-F=0.008]
  Alt-Benders[2] (mw): LB=7.343407, Z₀(α*)=-4.238204, intercept=-94.657192 (0.500s) [OMP=0.479 ISP-L=0.003 ISP-F=0.007 MW-L=0.006 MW-F=0.007]
  Alt-Benders[3] (mw): LB=7.343407, Z₀(α*)=-4.238204, intercept=-94.657192 (0.563s) [OMP=0.533 ISP-L=0.003 ISP-F=0.007 MW-L=0.006 MW-F=0.015]
  Alt-Benders[4] (mw): LB=7.343407, Z₀(α*)=-4.238204, intercept=-94.657192 (0.562s) [OMP=0.531 ISP-L=0.003 ISP-F=0.007 MW-L=0.006 MW-F=0.008]
  Alt-Benders[5]: LB stagnated, break
  OMP re-solve: 0.000s

=== True-DRO Benders iter 13 ===
  OMP: t₀=7.343407, UB=18.759447, gap=6.09e-01, x=[0, 0, 0, 0, 0, 0, 0, 0, 0, 0, 1, 0, 0, 0, 0, 0, 0, 0, 0, 0, 0, 0, 0, 0, 0, 0, 0, 1, 0, 0] (0.000s)
  Sub: Z₀=16.301633 [LOCAL] (0.1s), α=[0.000,0.000,0.000,0.000,0.000,0.000,0.000,0.000,0.000,0.000,5.873,0.000,0.000,0.000,0.000,0.000,0.000,0.000,0.000,0.000,0.000,0.000,0.000,0.000,0.000,0.000,0.157,4.785,0.000,0.000]
  Iter 13: LB=7.343407  UB=18.759447  gap=6.09e-01
  Cut: intercept=-1085.107857, π_x_range=[-821.0988, 566.0111]
  Mini-Benders[1] (mw): LB=7.445978, Z₀(α*)=0.024169, intercept=-26.017730 (0.469s) [OMP=0.453 ISP-L=0.003 ISP-F=0.008 MW-L=0.006 MW-F=0.008]
  Mini-Benders[2] (mw): LB=7.445978, Z₀(α*)=0.024169, intercept=-26.017730 (0.531s) [OMP=0.501 ISP-L=0.003 ISP-F=0.008 MW-L=0.005 MW-F=0.008]
  Mini-Benders[3] (mw): LB=7.445978, Z₀(α*)=0.024169, intercept=-26.017730 (0.547s) [OMP=0.516 ISP-L=0.003 ISP-F=0.008 MW-L=0.005 MW-F=0.008]
  Mini-Benders[4]: LB stagnated, break
  α-step: Z₀=18.602075, α=[0.000,0.000,0.000,0.000,1.671,0.000,0.886,0.000,0.000,0.000,0.000,0.000,0.000,0.000,0.011,0.000,0.000,0.000,0.000,0.000,0.000,0.000,0.000,0.000,0.000,2.322,5.925,0.000,0.000,0.000]
  Alt-Benders[1] (mw): LB=7.556869, Z₀(α*)=16.508988, intercept=-8.243568 (0.438s) [OMP=0.412 ISP-L=0.003 ISP-F=0.008 MW-L=0.005 MW-F=0.019]
  Alt-Benders[2] (mw): LB=8.464535, Z₀(α*)=16.072664, intercept=-17.105925 (0.484s) [OMP=0.458 ISP-L=0.003 ISP-F=0.007 MW-L=0.005 MW-F=0.012]
  Alt-Benders[3] (mw): LB=8.725151, Z₀(α*)=16.534078, intercept=-3.956282 (0.516s) [OMP=0.481 ISP-L=0.003 ISP-F=0.008 MW-L=0.005 MW-F=0.013]
  Alt-Benders[4] (mw): LB=9.039525, Z₀(α*)=10.112975, intercept=-46.177539 (0.531s) [OMP=0.509 ISP-L=0.003 ISP-F=0.007 MW-L=0.006 MW-F=0.007]
  Alt-Benders[5] (mw): LB=9.055880, Z₀(α*)=17.506132, intercept=-22.613038 (0.484s) [OMP=0.458 ISP-L=0.003 ISP-F=0.008 MW-L=0.005 MW-F=0.008]
  OMP re-solve: 0.362s

=== True-DRO Benders iter 14 ===
  OMP: t₀=9.199311, UB=18.759447, gap=5.10e-01, x=[0, 0, 0, 0, 0, 0, 0, 0, 0, 0, 1, 0, 0, 0, 1, 0, 0, 0, 0, 0, 0, 0, 0, 0, 0, 0, 0, 0, 0, 0] (0.000s)
  Sub: Z₀=18.206557 [LOCAL] (0.1s), α=[0.000,0.000,0.000,0.000,0.000,0.000,0.000,0.000,0.000,0.000,5.084,0.000,0.000,0.000,5.731,0.000,0.000,0.000,0.000,0.000,0.000,0.000,0.000,0.000,0.000,0.000,0.000,0.000,0.000,0.000]
  Iter 14: LB=9.199311  UB=18.759447  gap=5.10e-01
  Cut: intercept=-1118.540616, π_x_range=[-823.1412, 585.9794]
  Mini-Benders[1] (mw): LB=9.230771, Z₀(α*)=-5.609564, intercept=-3.968000 (0.375s) [OMP=0.343 ISP-L=0.003 ISP-F=0.007 MW-L=0.006 MW-F=0.009]
  Mini-Benders[2] (mw): LB=9.230771, Z₀(α*)=-5.609564, intercept=-3.968000 (0.438s) [OMP=0.402 ISP-L=0.003 ISP-F=0.008 MW-L=0.013 MW-F=0.009]
  Mini-Benders[3] (mw): LB=9.230771, Z₀(α*)=-5.609564, intercept=-3.968000 (0.437s) [OMP=0.415 ISP-L=0.003 ISP-F=0.008 MW-L=0.007 MW-F=0.008]
  Mini-Benders[4]: LB stagnated, break
  α-step: Z₀=16.656552, α=[0.000,0.000,0.000,0.000,0.000,0.000,0.000,0.000,0.000,0.000,0.000,0.000,0.000,0.000,1.520,0.000,0.000,0.000,0.000,0.000,0.000,0.000,0.000,0.000,0.000,6.372,2.923,0.000,0.000,0.000]
  Alt-Benders[1] (mw): LB=9.389094, Z₀(α*)=3.519385, intercept=-68.511854 (0.469s) [OMP=0.448 ISP-L=0.003 ISP-F=0.007 MW-L=0.006 MW-F=0.007]
  Alt-Benders[2] (mw): LB=9.389094, Z₀(α*)=3.519385, intercept=-68.511854 (0.453s) [OMP=0.436 ISP-L=0.003 ISP-F=0.008 MW-L=0.006 MW-F=0.007]
  Alt-Benders[3] (mw): LB=9.389094, Z₀(α*)=3.519385, intercept=-68.511854 (0.469s) [OMP=0.440 ISP-L=0.003 ISP-F=0.007 MW-L=0.006 MW-F=0.007]
  Alt-Benders[4]: LB stagnated, break
  OMP re-solve: 0.000s

=== True-DRO Benders iter 15 ===
  OMP: t₀=9.389094, UB=18.759447, gap=5.00e-01, x=[0, 0, 0, 0, 0, 0, 0, 0, 0, 0, 1, 0, 0, 0, 0, 0, 0, 0, 0, 0, 0, 0, 1, 0, 0, 0, 0, 0, 0, 0] (0.000s)
  Sub: Z₀=19.317603 [TIME_LIMIT] (15.0s), α=[0.000,0.000,0.000,0.000,0.000,0.000,0.038,0.546,0.000,0.000,1.973,0.000,0.000,0.000,0.433,0.000,0.000,0.000,0.000,0.000,0.000,0.000,4.656,0.000,0.000,3.107,0.061,0.000,0.000,0.000]
  Iter 15: LB=9.389094  UB=18.759447  gap=5.00e-01
  Cut: intercept=-75.604700, π_x_range=[-166.3074, 59.1256]
  Mini-Benders[1] (mw): LB=9.460721, Z₀(α*)=-5.274972, intercept=-17.419849 (0.422s) [OMP=0.399 ISP-L=0.003 ISP-F=0.008 MW-L=0.013 MW-F=0.009]
  Mini-Benders[2] (mw): LB=9.460721, Z₀(α*)=-5.274972, intercept=-17.419849 (0.485s) [OMP=0.457 ISP-L=0.003 ISP-F=0.007 MW-L=0.006 MW-F=0.009]
  Mini-Benders[3] (mw): LB=9.460721, Z₀(α*)=-5.274972, intercept=-17.419849 (0.500s) [OMP=0.468 ISP-L=0.003 ISP-F=0.007 MW-L=0.006 MW-F=0.009]
  Mini-Benders[4]: LB stagnated, break
  α-step: Z₀=19.360100, α=[0.000,0.000,0.000,0.000,0.000,0.000,0.000,0.633,0.000,0.000,0.000,0.000,0.000,0.000,1.520,0.000,0.000,0.000,0.000,2.210,0.000,0.000,0.000,0.000,0.000,4.945,1.507,0.000,0.000,0.000]
  Alt-Benders[1] (mw): LB=9.575495, Z₀(α*)=11.788989, intercept=-3.720044 (0.516s) [OMP=0.497 ISP-L=0.003 ISP-F=0.008 MW-L=0.006 MW-F=0.009]
  Alt-Benders[2] (mw): LB=9.856845, Z₀(α*)=16.222642, intercept=-20.990996 (0.594s) [OMP=0.567 ISP-L=0.003 ISP-F=0.008 MW-L=0.006 MW-F=0.007]
  Alt-Benders[3] (mw): LB=10.005686, Z₀(α*)=-9.625441, intercept=-23.321381 (0.625s) [OMP=0.591 ISP-L=0.003 ISP-F=0.008 MW-L=0.005 MW-F=0.016]
  Alt-Benders[4] (mw): LB=10.005686, Z₀(α*)=-9.625441, intercept=-23.321381 (0.531s) [OMP=0.499 ISP-L=0.003 ISP-F=0.009 MW-L=0.005 MW-F=0.009]
  Alt-Benders[5] (mw): LB=10.005686, Z₀(α*)=-9.625441, intercept=-23.321381 (0.515s) [OMP=0.497 ISP-L=0.003 ISP-F=0.008 MW-L=0.006 MW-F=0.009]
  OMP re-solve: 0.492s

=== True-DRO Benders iter 16 ===
  OMP: t₀=10.005686, UB=18.759447, gap=4.67e-01, x=[0, 0, 0, 0, 0, 0, 0, 1, 0, 0, 0, 0, 0, 0, 0, 0, 0, 0, 0, 0, 0, 0, 1, 0, 0, 0, 0, 0, 0, 0] (0.000s)
  Sub: Z₀=18.082259 [LOCAL] (0.1s), α=[0.000,0.000,0.000,0.000,0.000,0.000,0.000,7.587,0.000,0.000,0.000,0.000,0.000,0.000,0.000,0.000,0.000,0.000,0.000,0.000,0.000,0.000,2.203,0.000,0.000,1.025,0.000,0.000,0.000,0.000]
  Iter 16: LB=10.005686  UB=18.759447  gap=4.67e-01
  Cut: intercept=-1112.293455, π_x_range=[-826.8455, 568.3994]
  Mini-Benders[1] (mw): LB=10.053520, Z₀(α*)=-19.823927, intercept=-30.157018 (0.641s) [OMP=0.612 ISP-L=0.003 ISP-F=0.008 MW-L=0.006 MW-F=0.008]
  Mini-Benders[2] (mw): LB=10.053520, Z₀(α*)=-19.823927, intercept=-30.157018 (0.531s) [OMP=0.505 ISP-L=0.003 ISP-F=0.008 MW-L=0.006 MW-F=0.008]
  Mini-Benders[3] (mw): LB=10.053520, Z₀(α*)=-19.823927, intercept=-30.157018 (0.531s) [OMP=0.506 ISP-L=0.003 ISP-F=0.008 MW-L=0.005 MW-F=0.007]
  Mini-Benders[4]: LB stagnated, break
  α-step: Z₀=17.524615, α=[0.000,0.000,0.000,0.000,1.895,0.000,0.555,0.000,0.000,0.000,0.000,0.000,0.000,0.000,0.000,0.000,0.000,0.000,0.000,0.000,0.000,0.000,0.000,0.000,0.000,2.546,5.818,0.000,0.000,0.000]
  Alt-Benders[1] (mw): LB=10.112973, Z₀(α*)=10.340262, intercept=-38.426509 (0.625s) [OMP=0.592 ISP-L=0.003 ISP-F=0.007 MW-L=0.006 MW-F=0.007]
  Alt-Benders[2] (mw): LB=10.340260, Z₀(α*)=10.340262, intercept=-38.426509 (0.532s) [OMP=0.509 ISP-L=0.003 ISP-F=0.007 MW-L=0.006 MW-F=0.007]
  Alt-Benders[3] (mw): LB=10.340260, Z₀(α*)=10.340262, intercept=-38.426509 (0.531s) [OMP=0.513 ISP-L=0.003 ISP-F=0.007 MW-L=0.006 MW-F=0.007]
  Alt-Benders[4] (mw): LB=10.340260, Z₀(α*)=10.340262, intercept=-38.426509 (0.531s) [OMP=0.498 ISP-L=0.003 ISP-F=0.007 MW-L=0.005 MW-F=0.007]
  Alt-Benders[5]: LB stagnated, break
  OMP re-solve: 0.000s

=== True-DRO Benders iter 17 ===
  OMP: t₀=10.340260, UB=18.759447, gap=4.49e-01, x=[0, 0, 0, 0, 0, 0, 0, 0, 0, 0, 1, 0, 0, 0, 0, 0, 0, 0, 0, 0, 0, 1, 0, 0, 0, 0, 0, 0, 0, 0] (0.000s)
  Sub: Z₀=20.089895 [LOCAL] (0.1s), α=[0.000,0.000,0.000,0.000,0.000,0.000,0.000,0.000,0.000,0.000,6.636,0.000,0.000,0.000,3.545,0.000,0.000,0.000,0.000,0.000,0.000,0.000,0.000,0.000,0.000,0.283,0.350,0.000,0.000,0.000]
  Iter 17: LB=10.340260  UB=18.759447  gap=4.49e-01
  Cut: intercept=-1070.142439, π_x_range=[-820.2580, 558.6031]
  Mini-Benders[1] (mw): LB=10.370530, Z₀(α*)=8.936077, intercept=-18.625377 (0.625s) [OMP=0.601 ISP-L=0.003 ISP-F=0.008 MW-L=0.006 MW-F=0.009]
  Mini-Benders[2] (mw): LB=10.370530, Z₀(α*)=8.936077, intercept=-18.625377 (0.485s) [OMP=0.446 ISP-L=0.003 ISP-F=0.008 MW-L=0.005 MW-F=0.016]
  Mini-Benders[3] (mw): LB=10.370530, Z₀(α*)=8.936077, intercept=-18.625377 (0.484s) [OMP=0.462 ISP-L=0.003 ISP-F=0.008 MW-L=0.005 MW-F=0.009]
  Mini-Benders[4]: LB stagnated, break
  α-step: Z₀=21.745605, α=[0.000,0.000,0.000,0.000,0.000,0.000,0.000,0.000,0.000,0.000,0.000,0.000,0.000,0.000,1.948,0.000,0.000,0.000,4.183,0.000,0.000,0.000,0.000,0.000,0.000,3.107,1.577,0.000,0.000,0.000]
  Alt-Benders[1] (mw): LB=11.018388, Z₀(α*)=-2.275849, intercept=-21.103196 (0.625s) [OMP=0.594 ISP-L=0.003 ISP-F=0.008 MW-L=0.005 MW-F=0.009]
  Alt-Benders[2] (mw): LB=11.018388, Z₀(α*)=-2.275849, intercept=-21.103196 (0.547s) [OMP=0.527 ISP-L=0.003 ISP-F=0.008 MW-L=0.006 MW-F=0.009]
  Alt-Benders[3] (mw): LB=11.018388, Z₀(α*)=-2.275849, intercept=-21.103196 (0.547s) [OMP=0.525 ISP-L=0.003 ISP-F=0.008 MW-L=0.005 MW-F=0.009]
  Alt-Benders[4]: LB stagnated, break
  OMP re-solve: 0.000s

=== True-DRO Benders iter 18 ===
  OMP: t₀=11.018388, UB=18.759447, gap=4.13e-01, x=[0, 0, 0, 0, 0, 0, 0, 0, 0, 0, 0, 0, 0, 0, 1, 0, 0, 0, 0, 1, 0, 0, 0, 0, 0, 0, 0, 0, 0, 0] (0.000s)
  Sub: Z₀=19.277375 [LOCAL] (0.1s), α=[0.000,0.000,0.000,0.000,0.000,0.000,0.000,0.000,0.000,0.000,0.000,0.000,0.000,0.000,3.942,0.000,0.000,0.000,0.000,2.843,0.000,0.000,0.000,0.000,0.000,4.029,0.000,0.000,0.000,0.000]
  Iter 18: LB=11.018388  UB=18.759447  gap=4.13e-01
  Cut: intercept=-1127.533248, π_x_range=[-827.9771, 587.1731]
  Mini-Benders[1] (mw): LB=11.158069, Z₀(α*)=10.028545, intercept=-15.901343 (0.625s) [OMP=0.590 ISP-L=0.003 ISP-F=0.008 MW-L=0.013 MW-F=0.008]
  Mini-Benders[2] (mw): LB=11.158069, Z₀(α*)=10.028545, intercept=-15.901343 (0.531s) [OMP=0.514 ISP-L=0.003 ISP-F=0.008 MW-L=0.006 MW-F=0.007]
  Mini-Benders[3] (mw): LB=11.158069, Z₀(α*)=10.028545, intercept=-15.901343 (0.531s) [OMP=0.503 ISP-L=0.003 ISP-F=0.008 MW-L=0.006 MW-F=0.008]
  Mini-Benders[4]: LB stagnated, break
  α-step: Z₀=19.339830, α=[0.000,0.000,0.000,0.000,0.000,0.000,0.000,0.000,0.000,0.000,0.000,0.000,0.000,0.000,1.812,0.000,0.000,0.000,0.000,0.000,0.000,0.000,0.000,0.000,0.000,9.003,0.000,0.000,0.000,0.000]
  Alt-Benders[1] (mw): LB=11.275252, Z₀(α*)=12.415847, intercept=-66.899028 (0.593s) [OMP=0.573 ISP-L=0.003 ISP-F=0.008 MW-L=0.005 MW-F=0.009]
  Alt-Benders[2] (mw): LB=11.337029, Z₀(α*)=2.971232, intercept=-55.332773 (0.485s) [OMP=0.447 ISP-L=0.003 ISP-F=0.008 MW-L=0.006 MW-F=0.009]
  Alt-Benders[3] (mw): LB=11.337029, Z₀(α*)=2.971232, intercept=-55.332773 (0.484s) [OMP=0.454 ISP-L=0.003 ISP-F=0.008 MW-L=0.006 MW-F=0.009]
  Alt-Benders[4] (mw): LB=11.337029, Z₀(α*)=2.971232, intercept=-55.332773 (0.500s) [OMP=0.467 ISP-L=0.003 ISP-F=0.008 MW-L=0.014 MW-F=0.009]
  Alt-Benders[5]: LB stagnated, break
  OMP re-solve: 0.000s

=== True-DRO Benders iter 19 ===
  OMP: t₀=11.337029, UB=18.759447, gap=3.96e-01, x=[0, 0, 0, 0, 0, 0, 0, 1, 0, 0, 0, 0, 0, 0, 0, 0, 0, 1, 0, 0, 0, 0, 0, 0, 0, 0, 0, 0, 0, 0] (0.000s)
  Sub: Z₀=21.449558 [LOCAL] (0.2s), α=[0.000,0.000,0.000,0.000,0.000,0.000,0.000,3.412,0.000,0.000,0.000,0.000,0.000,0.000,2.044,0.000,0.000,0.000,0.000,0.068,0.000,0.000,0.000,0.000,0.000,3.619,0.110,1.562,0.000,0.000]
  Iter 19: LB=11.337029  UB=18.759447  gap=3.96e-01
  Cut: intercept=-1087.407247, π_x_range=[-826.9757, 563.4854]
  Mini-Benders[1] (mw): LB=11.337029, Z₀(α*)=21.568259, intercept=3.901136 (0.500s) [OMP=0.469 ISP-L=0.003 ISP-F=0.008 MW-L=0.007 MW-F=0.008]
  Mini-Benders[2] (mw): LB=11.557751, Z₀(α*)=-6.567797, intercept=-34.566791 (0.500s) [OMP=0.471 ISP-L=0.003 ISP-F=0.008 MW-L=0.006 MW-F=0.007]
  Mini-Benders[3] (mw): LB=11.557751, Z₀(α*)=-6.567797, intercept=-34.566791 (0.531s) [OMP=0.514 ISP-L=0.003 ISP-F=0.009 MW-L=0.005 MW-F=0.007]
  Mini-Benders[4] (mw): LB=11.557751, Z₀(α*)=-6.567797, intercept=-34.566791 (0.547s) [OMP=0.518 ISP-L=0.003 ISP-F=0.008 MW-L=0.006 MW-F=0.007]
  Mini-Benders[5]: LB stagnated, break
  α-step: Z₀=15.636510, α=[0.000,0.000,0.000,0.000,0.000,0.000,0.000,0.000,0.000,0.000,0.000,0.000,0.000,0.000,0.000,0.000,0.000,0.000,0.000,0.000,0.000,0.000,0.000,0.000,0.000,0.000,10.815,0.000,0.000,0.000]
  Alt-Benders[1] (mw): LB=11.788987, Z₀(α*)=15.498913, intercept=-2.812235 (0.562s) [OMP=0.535 ISP-L=0.003 ISP-F=0.008 MW-L=0.005 MW-F=0.006]
  Alt-Benders[2] (mw): LB=11.944535, Z₀(α*)=-4.890732, intercept=-36.704342 (0.547s) [OMP=0.525 ISP-L=0.003 ISP-F=0.007 MW-L=0.005 MW-F=0.007]
  Alt-Benders[3] (mw): LB=11.944535, Z₀(α*)=-4.890732, intercept=-36.704342 (0.484s) [OMP=0.453 ISP-L=0.003 ISP-F=0.008 MW-L=0.005 MW-F=0.007]
  Alt-Benders[4] (mw): LB=11.944535, Z₀(α*)=-4.890732, intercept=-36.704342 (0.469s) [OMP=0.458 ISP-L=0.003 ISP-F=0.008 MW-L=0.005 MW-F=0.007]
  Alt-Benders[5]: LB stagnated, break
  OMP re-solve: 0.000s

=== True-DRO Benders iter 20 ===
  OMP: t₀=11.944535, UB=18.759447, gap=3.63e-01, x=[0, 0, 0, 0, 0, 0, 0, 0, 0, 0, 1, 1, 0, 0, 0, 0, 0, 0, 0, 0, 0, 0, 0, 0, 0, 0, 0, 0, 0, 0] (0.000s)
  Sub: Z₀=21.264993 [TIME_LIMIT] (15.0s), α=[0.000,0.000,0.000,0.000,0.000,0.000,0.330,0.000,0.000,0.000,0.000,0.000,0.000,0.000,3.874,0.000,0.000,0.000,0.000,0.000,0.000,0.000,0.000,0.000,0.000,3.107,1.848,1.656,0.000,0.000]
  Iter 20: LB=11.944535  UB=18.759447  gap=3.63e-01
  Cut: intercept=-78.382651, π_x_range=[-171.1091, 99.6476]
  Mini-Benders[1] (mw): LB=12.143944, Z₀(α*)=14.566147, intercept=-30.102993 (0.500s) [OMP=0.474 ISP-L=0.003 ISP-F=0.007 MW-L=0.005 MW-F=0.008]
  Mini-Benders[2] (mw): LB=12.165489, Z₀(α*)=16.944781, intercept=9.635961 (0.515s) [OMP=0.475 ISP-L=0.003 ISP-F=0.008 MW-L=0.006 MW-F=0.015]
  Mini-Benders[3] (mw): LB=12.165489, Z₀(α*)=16.944781, intercept=9.025039 (0.422s) [OMP=0.405 ISP-L=0.003 ISP-F=0.008 MW-L=0.007 MW-F=0.009]
  Mini-Benders[4] (mw): LB=12.165489, Z₀(α*)=16.944781, intercept=9.635961 (0.500s) [OMP=0.475 ISP-L=0.003 ISP-F=0.008 MW-L=0.006 MW-F=0.009]
  Mini-Benders[5] (mw): LB=12.203500, Z₀(α*)=12.526553, intercept=-88.680663 (0.453s) [OMP=0.418 ISP-L=0.003 ISP-F=0.007 MW-L=0.005 MW-F=0.009]
  α-step: Z₀=17.385075, α=[0.000,0.000,0.000,0.000,0.000,0.000,0.041,0.000,0.000,0.000,6.279,0.000,0.000,0.000,0.435,0.000,0.000,0.000,0.000,0.000,0.000,0.000,0.000,0.000,0.000,0.651,3.408,0.000,0.000,0.000]
  Alt-Benders[1] (mw): LB=12.415845, Z₀(α*)=18.796479, intercept=-19.825890 (0.578s) [OMP=0.551 ISP-L=0.003 ISP-F=0.008 MW-L=0.005 MW-F=0.008]
  Alt-Benders[2] (mw): LB=12.443452, Z₀(α*)=-5.786684, intercept=-10.780393 (0.484s) [OMP=0.459 ISP-L=0.003 ISP-F=0.007 MW-L=0.005 MW-F=0.007]
  Alt-Benders[3] (mw): LB=12.443452, Z₀(α*)=-5.786684, intercept=-10.780393 (0.531s) [OMP=0.506 ISP-L=0.003 ISP-F=0.007 MW-L=0.005 MW-F=0.015]
  Alt-Benders[4] (mw): LB=12.443452, Z₀(α*)=-5.786684, intercept=-10.780393 (0.547s) [OMP=0.524 ISP-L=0.003 ISP-F=0.007 MW-L=0.006 MW-F=0.007]
  Alt-Benders[5]: LB stagnated, break
  OMP re-solve: 0.000s

=== True-DRO Benders iter 21 ===
  OMP: t₀=12.443452, UB=18.759447, gap=3.37e-01, x=[0, 0, 0, 0, 1, 0, 0, 0, 0, 0, 0, 0, 0, 0, 0, 0, 0, 0, 0, 0, 0, 1, 0, 0, 0, 0, 0, 0, 0, 0] (0.000s)
  Sub: Z₀=15.870305 [LOCAL] (0.1s), α=[0.000,0.000,0.000,0.000,7.191,0.000,0.973,0.000,0.000,0.000,0.000,0.000,0.000,0.000,2.493,0.000,0.000,0.000,0.000,0.000,0.000,0.000,0.000,0.000,0.000,0.158,0.000,0.000,0.000,0.000]
  Iter 21: LB=12.443452  UB=18.759447  gap=3.37e-01
  Cut: intercept=-1112.497607, π_x_range=[-829.1326, 567.2958]
  Mini-Benders[1] (mw): LB=12.526551, Z₀(α*)=-12.071165, intercept=-82.194777 (0.500s) [OMP=0.472 ISP-L=0.003 ISP-F=0.008 MW-L=0.006 MW-F=0.009]
  Mini-Benders[2] (mw): LB=12.526551, Z₀(α*)=-12.071165, intercept=-82.194777 (0.531s) [OMP=0.502 ISP-L=0.003 ISP-F=0.008 MW-L=0.006 MW-F=0.009]
  Mini-Benders[3] (mw): LB=12.526551, Z₀(α*)=-12.071165, intercept=-82.194777 (0.532s) [OMP=0.511 ISP-L=0.003 ISP-F=0.008 MW-L=0.006 MW-F=0.009]
  Mini-Benders[4]: LB stagnated, break
  α-step: Z₀=14.628377, α=[0.000,0.000,0.000,0.000,0.000,0.000,0.000,0.000,0.000,0.000,3.715,0.000,0.000,0.000,1.520,0.000,0.000,0.000,0.000,0.000,0.000,0.000,0.000,0.000,0.000,3.815,0.933,0.832,0.000,0.000]
  Alt-Benders[1] (mw): LB=13.076554, Z₀(α*)=-2.982134, intercept=-29.504054 (0.516s) [OMP=0.482 ISP-L=0.003 ISP-F=0.006 MW-L=0.013 MW-F=0.007]
  Alt-Benders[2] (mw): LB=13.076554, Z₀(α*)=-2.982134, intercept=-29.504054 (0.547s) [OMP=0.514 ISP-L=0.003 ISP-F=0.006 MW-L=0.005 MW-F=0.008]
  Alt-Benders[3] (mw): LB=13.076554, Z₀(α*)=-2.982134, intercept=-29.504054 (0.547s) [OMP=0.525 ISP-L=0.003 ISP-F=0.006 MW-L=0.005 MW-F=0.008]
  Alt-Benders[4]: LB stagnated, break
  OMP re-solve: 0.000s

=== True-DRO Benders iter 22 ===
  OMP: t₀=13.076554, UB=18.759447, gap=3.03e-01, x=[0, 0, 0, 0, 1, 0, 1, 0, 0, 0, 0, 0, 0, 0, 0, 0, 0, 0, 0, 0, 0, 0, 0, 0, 0, 0, 0, 0, 0, 0] (0.000s)
  Sub: Z₀=14.963347 [LOCAL] (0.1s), α=[0.000,0.000,0.000,0.000,7.103,0.000,2.977,0.000,0.000,0.000,0.000,0.000,0.000,0.000,0.665,0.000,0.000,0.000,0.000,0.000,0.000,0.000,0.000,0.000,0.000,0.070,0.000,0.000,0.000,0.000]
  Iter 22: LB=13.076554  UB=18.759447  gap=3.03e-01
  Cut: intercept=-1139.345683, π_x_range=[-830.1026, 586.6583]
  Mini-Benders[1] (mw): LB=13.087324, Z₀(α*)=-6.128645, intercept=-18.423471 (0.531s) [OMP=0.511 ISP-L=0.003 ISP-F=0.007 MW-L=0.005 MW-F=0.008]
  Mini-Benders[2] (mw): LB=13.087324, Z₀(α*)=-6.128645, intercept=-18.423471 (0.594s) [OMP=0.568 ISP-L=0.003 ISP-F=0.007 MW-L=0.005 MW-F=0.008]
  Mini-Benders[3] (mw): LB=13.087324, Z₀(α*)=-6.128645, intercept=-18.423471 (0.531s) [OMP=0.499 ISP-L=0.003 ISP-F=0.007 MW-L=0.005 MW-F=0.008]
  Mini-Benders[4]: LB stagnated, break
  α-step: Z₀=21.117496, α=[0.000,0.000,0.000,0.000,0.000,0.000,3.952,0.000,0.000,0.000,0.000,0.000,0.000,0.000,1.640,0.000,0.000,0.000,0.000,0.000,0.000,0.000,0.000,0.000,0.000,3.402,0.000,1.820,0.000,0.000]
  Alt-Benders[1] (mw): LB=13.087324, Z₀(α*)=21.117496, intercept=8.282141 (0.563s) [OMP=0.543 ISP-L=0.003 ISP-F=0.008 MW-L=0.005 MW-F=0.009]
  Alt-Benders[2] (mw): LB=13.092562, Z₀(α*)=3.799619, intercept=-15.189185 (0.547s) [OMP=0.505 ISP-L=0.003 ISP-F=0.008 MW-L=0.005 MW-F=0.008]
  Alt-Benders[3] (mw): LB=13.092562, Z₀(α*)=3.799619, intercept=-15.189185 (0.656s) [OMP=0.631 ISP-L=0.003 ISP-F=0.008 MW-L=0.005 MW-F=0.009]
  Alt-Benders[4] (mw): LB=13.092562, Z₀(α*)=3.799619, intercept=-15.189185 (0.656s) [OMP=0.633 ISP-L=0.003 ISP-F=0.008 MW-L=0.005 MW-F=0.009]
  Alt-Benders[5]: LB stagnated, break
  OMP re-solve: 0.000s

=== True-DRO Benders iter 23 ===
  OMP: t₀=13.092562, UB=18.759447, gap=3.02e-01, x=[0, 0, 0, 0, 0, 0, 0, 0, 0, 0, 0, 0, 0, 0, 0, 0, 0, 0, 0, 1, 0, 0, 1, 0, 0, 0, 0, 0, 0, 0] (0.000s)
  Sub: Z₀=19.463163 [LOCAL] (0.1s), α=[0.000,0.000,0.000,0.000,0.000,0.000,0.000,1.592,0.000,0.000,0.000,0.000,0.000,0.000,3.501,0.000,0.000,0.000,0.000,0.000,0.000,0.000,0.000,0.000,0.000,5.721,0.000,0.000,0.000,0.000]
  Iter 23: LB=13.092562  UB=18.759447  gap=3.02e-01
  Cut: intercept=-1096.181243, π_x_range=[-834.1924, 558.2864]
  Mini-Benders[1] (mw): LB=13.332418, Z₀(α*)=14.808852, intercept=-31.552329 (0.515s) [OMP=0.484 ISP-L=0.003 ISP-F=0.008 MW-L=0.005 MW-F=0.015]
  Mini-Benders[2] (mw): LB=13.760234, Z₀(α*)=14.497227, intercept=-36.989596 (0.641s) [OMP=0.624 ISP-L=0.003 ISP-F=0.008 MW-L=0.006 MW-F=0.009]
  Mini-Benders[3] (mw): LB=13.769882, Z₀(α*)=14.497227, intercept=-26.748092 (0.547s) [OMP=0.521 ISP-L=0.003 ISP-F=0.009 MW-L=0.006 MW-F=0.007]
  Mini-Benders[4] (mw): LB=13.885231, Z₀(α*)=5.971346, intercept=-99.162883 (0.453s) [OMP=0.421 ISP-L=0.003 ISP-F=0.008 MW-L=0.007 MW-F=0.007]
  Mini-Benders[5] (mw): LB=13.885231, Z₀(α*)=5.971346, intercept=-99.162883 (0.437s) [OMP=0.410 ISP-L=0.003 ISP-F=0.008 MW-L=0.006 MW-F=0.007]
  α-step: Z₀=18.683330, α=[0.000,0.000,0.000,0.000,0.000,0.000,0.815,0.485,0.000,0.000,1.135,0.000,0.000,0.000,0.000,0.000,0.000,0.000,0.000,3.617,0.000,0.000,0.000,0.000,0.000,4.763,0.000,0.000,0.000,0.000]
  Alt-Benders[1] (mw): LB=14.143874, Z₀(α*)=-10.696519, intercept=-15.220044 (0.516s) [OMP=0.492 ISP-L=0.003 ISP-F=0.007 MW-L=0.006 MW-F=0.009]
  Alt-Benders[2] (mw): LB=14.143874, Z₀(α*)=-10.696519, intercept=-15.220044 (0.500s) [OMP=0.464 ISP-L=0.003 ISP-F=0.008 MW-L=0.006 MW-F=0.016]
  Alt-Benders[3] (mw): LB=14.143874, Z₀(α*)=-10.696519, intercept=-15.220044 (0.484s) [OMP=0.460 ISP-L=0.003 ISP-F=0.007 MW-L=0.006 MW-F=0.009]
  Alt-Benders[4]: LB stagnated, break
  OMP re-solve: 0.000s

=== True-DRO Benders iter 24 ===
  OMP: t₀=14.143874, UB=18.759447, gap=2.46e-01, x=[0, 0, 0, 0, 0, 0, 0, 0, 0, 0, 0, 0, 0, 0, 0, 0, 0, 0, 0, 0, 0, 1, 0, 0, 0, 0, 1, 0, 0, 0] (0.000s)
  Sub: Z₀=19.589794 [LOCAL] (0.1s), α=[0.000,0.000,0.000,0.000,0.000,0.000,0.000,0.000,0.000,0.000,0.000,0.000,0.000,0.000,0.050,0.000,0.000,0.000,0.000,0.000,0.000,0.000,0.000,0.000,0.000,2.080,8.684,0.000,0.000,0.000]
  Iter 24: LB=14.143874  UB=18.759447  gap=2.46e-01
  Cut: intercept=-1109.969153, π_x_range=[-829.4748, 568.0993]
  Mini-Benders[1] (mw): LB=14.244174, Z₀(α*)=13.301388, intercept=-23.652782 (0.500s) [OMP=0.466 ISP-L=0.003 ISP-F=0.008 MW-L=0.006 MW-F=0.007]
  Mini-Benders[2] (mw): LB=14.244174, Z₀(α*)=13.301388, intercept=-23.652782 (0.438s) [OMP=0.413 ISP-L=0.003 ISP-F=0.008 MW-L=0.006 MW-F=0.007]
  Mini-Benders[3] (mw): LB=14.244174, Z₀(α*)=13.301388, intercept=-23.652782 (0.437s) [OMP=0.407 ISP-L=0.003 ISP-F=0.008 MW-L=0.005 MW-F=0.007]
  Mini-Benders[4]: LB stagnated, break
  α-step: Z₀=17.364845, α=[0.000,0.000,0.000,0.000,0.000,0.000,0.000,0.000,0.000,0.000,0.000,0.000,0.000,0.000,0.000,0.000,0.000,0.000,0.000,2.883,0.000,0.000,0.000,0.000,0.000,4.359,3.572,0.000,0.000,0.000]
  Alt-Benders[1] (mw): LB=14.280791, Z₀(α*)=5.911094, intercept=-7.678518 (0.453s) [OMP=0.418 ISP-L=0.003 ISP-F=0.007 MW-L=0.006 MW-F=0.014]
  Alt-Benders[2] (mw): LB=14.280791, Z₀(α*)=5.911094, intercept=-7.678518 (0.422s) [OMP=0.402 ISP-L=0.003 ISP-F=0.007 MW-L=0.005 MW-F=0.008]
  Alt-Benders[3] (mw): LB=14.280791, Z₀(α*)=5.911094, intercept=-7.678518 (0.406s) [OMP=0.386 ISP-L=0.003 ISP-F=0.007 MW-L=0.006 MW-F=0.007]
  Alt-Benders[4]: LB stagnated, break
  OMP re-solve: 0.000s

=== True-DRO Benders iter 25 ===
  OMP: t₀=14.280791, UB=18.759447, gap=2.39e-01, x=[0, 0, 0, 0, 1, 0, 0, 0, 0, 0, 0, 0, 0, 0, 0, 0, 0, 1, 0, 0, 0, 0, 0, 0, 0, 0, 0, 0, 0, 0] (0.000s)
  Sub: Z₀=17.561244 [TIME_LIMIT] (15.1s), α=[0.000,0.000,0.000,0.000,0.278,0.000,2.279,0.000,0.000,0.000,0.000,0.000,0.000,0.000,1.404,0.000,0.000,0.000,0.000,0.000,0.000,0.000,0.000,0.000,0.000,0.928,5.130,0.795,0.000,0.000]
  Iter 25: LB=14.280791  UB=17.735424  gap=1.95e-01
  Cut: intercept=-32.701161, π_x_range=[-189.1526, 50.2624]
  Mini-Benders[1] (mw): LB=14.285098, Z₀(α*)=17.200074, intercept=-2.075083 (0.422s) [OMP=0.394 ISP-L=0.003 ISP-F=0.008 MW-L=0.006 MW-F=0.008]
  Mini-Benders[2] (mw): LB=14.464507, Z₀(α*)=1.567500, intercept=-67.632030 (0.438s) [OMP=0.411 ISP-L=0.003 ISP-F=0.008 MW-L=0.005 MW-F=0.007]
  Mini-Benders[3] (mw): LB=14.464507, Z₀(α*)=1.567500, intercept=-67.632030 (0.406s) [OMP=0.390 ISP-L=0.003 ISP-F=0.008 MW-L=0.005 MW-F=0.006]
  Mini-Benders[4] (mw): LB=14.464507, Z₀(α*)=1.567500, intercept=-67.632030 (0.422s) [OMP=0.385 ISP-L=0.003 ISP-F=0.008 MW-L=0.013 MW-F=0.007]
  Mini-Benders[5]: LB stagnated, break
  α-step: Z₀=19.674307, α=[0.000,0.000,0.000,0.000,0.000,0.000,0.000,0.000,0.000,0.000,3.745,0.000,0.000,0.000,2.167,0.000,0.000,0.000,0.000,0.000,0.000,0.000,0.000,0.000,0.000,3.107,1.796,0.000,0.000,0.000]
  Alt-Benders[1] (mw): LB=14.497225, Z₀(α*)=2.151478, intercept=-44.084720 (0.438s) [OMP=0.397 ISP-L=0.003 ISP-F=0.009 MW-L=0.005 MW-F=0.009]
  Alt-Benders[2] (mw): LB=14.497225, Z₀(α*)=2.151478, intercept=-44.084720 (0.437s) [OMP=0.414 ISP-L=0.003 ISP-F=0.008 MW-L=0.005 MW-F=0.008]
  Alt-Benders[3] (mw): LB=14.497225, Z₀(α*)=2.151478, intercept=-44.084720 (0.438s) [OMP=0.420 ISP-L=0.003 ISP-F=0.008 MW-L=0.006 MW-F=0.008]
  Alt-Benders[4]: LB stagnated, break
  OMP re-solve: 0.000s

=== True-DRO Benders iter 26 ===
  OMP: t₀=14.497225, UB=17.735424, gap=1.83e-01, x=[0, 0, 0, 0, 0, 0, 0, 0, 0, 0, 0, 0, 0, 0, 0, 0, 0, 0, 0, 0, 0, 0, 1, 0, 0, 1, 0, 0, 0, 0] (0.000s)
  Sub: Z₀=15.333009 [LOCAL] (0.1s), α=[0.000,0.000,0.000,0.000,0.000,0.000,0.000,0.000,0.000,0.000,0.000,0.000,0.000,0.000,0.170,0.000,0.000,0.000,0.000,0.000,0.000,0.000,0.000,0.000,0.000,10.645,0.000,0.000,0.000,0.000]
  Iter 26: LB=14.497225  UB=17.735424  gap=1.83e-01
  Cut: intercept=-1138.075729, π_x_range=[-829.9337, 578.3933]
  Mini-Benders[1] (mw): LB=14.497226, Z₀(α*)=15.333011, intercept=-23.895226 (0.453s) [OMP=0.422 ISP-L=0.003 ISP-F=0.008 MW-L=0.005 MW-F=0.009]
  Mini-Benders[2] (mw): LB=14.566145, Z₀(α*)=15.935471, intercept=-15.952259 (0.469s) [OMP=0.443 ISP-L=0.003 ISP-F=0.007 MW-L=0.013 MW-F=0.008]
  Mini-Benders[3] (mw): LB=14.628377, Z₀(α*)=15.736594, intercept=-68.258685 (0.375s) [OMP=0.347 ISP-L=0.003 ISP-F=0.008 MW-L=0.006 MW-F=0.009]
  Mini-Benders[4] (mw): LB=14.639445, Z₀(α*)=-13.137535, intercept=-32.696520 (0.422s) [OMP=0.398 ISP-L=0.003 ISP-F=0.008 MW-L=0.007 MW-F=0.008]
  Mini-Benders[5] (mw): LB=14.639445, Z₀(α*)=-13.137535, intercept=-32.696520 (0.468s) [OMP=0.447 ISP-L=0.003 ISP-F=0.008 MW-L=0.006 MW-F=0.008]
  α-step: Z₀=14.874287, α=[0.000,0.000,0.000,0.000,0.000,0.000,0.000,0.000,0.000,0.000,0.000,0.000,0.000,0.000,3.652,0.000,0.000,0.000,0.000,0.000,0.000,0.000,0.000,0.000,0.000,3.411,3.752,0.000,0.000,0.000]
  Alt-Benders[1] (mw): LB=14.745513, Z₀(α*)=17.175211, intercept=-18.526258 (0.469s) [OMP=0.443 ISP-L=0.003 ISP-F=0.008 MW-L=0.005 MW-F=0.007]
  Alt-Benders[2] (mw): LB=14.760108, Z₀(α*)=15.892821, intercept=-0.853804 (0.453s) [OMP=0.428 ISP-L=0.003 ISP-F=0.007 MW-L=0.006 MW-F=0.006]
  Alt-Benders[3] (mw): LB=14.798732, Z₀(α*)=18.023438, intercept=-2.736638 (0.453s) [OMP=0.428 ISP-L=0.003 ISP-F=0.007 MW-L=0.013 MW-F=0.007]
  Alt-Benders[4] (mw): LB=14.808850, Z₀(α*)=17.670307, intercept=-6.301149 (0.469s) [OMP=0.444 ISP-L=0.003 ISP-F=0.007 MW-L=0.006 MW-F=0.008]
  Alt-Benders[5] (mw): LB=14.821883, Z₀(α*)=16.525729, intercept=-20.098738 (0.453s) [OMP=0.433 ISP-L=0.003 ISP-F=0.007 MW-L=0.005 MW-F=0.006]
  OMP re-solve: 0.430s

=== True-DRO Benders iter 27 ===
  OMP: t₀=14.874287, UB=17.735424, gap=1.61e-01, x=[0, 0, 0, 0, 1, 0, 0, 0, 0, 0, 0, 0, 0, 0, 0, 0, 0, 0, 0, 0, 0, 0, 0, 0, 0, 0, 1, 0, 0, 0] (0.000s)
  Sub: Z₀=13.891104 [LOCAL] (0.3s), α=[0.000,0.000,0.000,0.000,5.609,0.000,0.000,0.000,0.000,0.000,0.000,0.000,0.000,0.000,0.000,0.000,0.000,0.000,0.000,0.000,0.000,0.000,0.000,0.000,0.000,0.000,5.019,0.186,0.000,0.000]
  Iter 27: LB=14.874287  UB=17.735424  gap=1.61e-01
  Cut: intercept=-1130.550150, π_x_range=[-830.9799, 580.3980]
  Mini-Benders[1] (mw): LB=14.874287, Z₀(α*)=13.891106, intercept=-22.878715 (0.438s) [OMP=0.399 ISP-L=0.003 ISP-F=0.008 MW-L=0.006 MW-F=0.007]
  Mini-Benders[2] (mw): LB=14.874287, Z₀(α*)=13.891106, intercept=-22.878715 (0.406s) [OMP=0.395 ISP-L=0.003 ISP-F=0.008 MW-L=0.006 MW-F=0.007]
  Mini-Benders[3]: LB stagnated, break
  α-step: Z₀=16.695825, α=[0.000,0.000,0.000,0.000,0.000,0.000,0.000,0.000,0.000,0.000,0.000,0.000,0.000,0.000,0.000,0.000,0.000,0.000,0.000,0.000,0.000,0.000,0.000,0.000,0.000,0.000,10.815,0.000,0.000,0.000]
  Alt-Benders[1] (mw): LB=14.963347, Z₀(α*)=11.282962, intercept=-42.302267 (0.438s) [OMP=0.413 ISP-L=0.003 ISP-F=0.006 MW-L=0.006 MW-F=0.007]
  Alt-Benders[2] (mw): LB=14.963347, Z₀(α*)=11.282962, intercept=-42.302267 (0.531s) [OMP=0.516 ISP-L=0.003 ISP-F=0.007 MW-L=0.005 MW-F=0.007]
  Alt-Benders[3] (mw): LB=14.963347, Z₀(α*)=11.282962, intercept=-42.302267 (0.531s) [OMP=0.511 ISP-L=0.003 ISP-F=0.007 MW-L=0.005 MW-F=0.007]
  Alt-Benders[4]: LB stagnated, break
  OMP re-solve: 0.000s

=== True-DRO Benders iter 28 ===
  OMP: t₀=14.963347, UB=17.735424, gap=1.56e-01, x=[0, 0, 0, 0, 1, 0, 1, 0, 0, 0, 0, 0, 0, 0, 0, 0, 0, 0, 0, 0, 0, 0, 0, 0, 0, 0, 0, 0, 0, 0] (0.000s)
  Sub: Z₀=14.963347 [LOCAL] (0.1s), α=[0.000,0.000,0.000,0.000,7.103,0.000,2.977,0.000,0.000,0.000,0.000,0.000,0.000,0.000,0.665,0.000,0.000,0.000,0.000,0.000,0.000,0.000,0.000,0.000,0.000,0.070,0.000,0.000,0.000,0.000]
  Iter 28: LB=14.963347  UB=17.735424  gap=1.56e-01
  Cut: intercept=-1139.345683, π_x_range=[-830.1026, 586.6583]
  Mini-Benders[1] (mw): LB=14.963347, Z₀(α*)=14.963349, intercept=-39.217563 (0.515s) [OMP=0.484 ISP-L=0.003 ISP-F=0.007 MW-L=0.006 MW-F=0.008]
  Mini-Benders[2] (mw): LB=14.963347, Z₀(α*)=14.963349, intercept=-39.217563 (0.469s) [OMP=0.446 ISP-L=0.003 ISP-F=0.007 MW-L=0.006 MW-F=0.008]
  Mini-Benders[3]: LB stagnated, break
  α-step: Z₀=14.963349, α=[0.000,0.000,0.000,0.000,7.768,0.000,2.312,0.000,0.000,0.000,0.000,0.000,0.000,0.000,0.000,0.000,0.000,0.000,0.000,0.000,0.000,0.000,0.000,0.000,0.000,0.734,0.000,0.000,0.000,0.000]
  Alt-Benders[1] (mw): LB=14.963349, Z₀(α*)=14.963349, intercept=-39.217562 (0.500s) [OMP=0.464 ISP-L=0.003 ISP-F=0.007 MW-L=0.005 MW-F=0.008]
  Alt-Benders[2] (mw): LB=14.963349, Z₀(α*)=14.963349, intercept=-39.217562 (0.469s) [OMP=0.447 ISP-L=0.003 ISP-F=0.007 MW-L=0.005 MW-F=0.008]
  Alt-Benders[3] (mw): LB=14.963349, Z₀(α*)=14.963349, intercept=-39.217562 (0.453s) [OMP=0.437 ISP-L=0.003 ISP-F=0.007 MW-L=0.005 MW-F=0.008]
  Alt-Benders[4]: LB stagnated, break
  OMP re-solve: 0.000s

=== True-DRO Benders iter 29 ===
  OMP: t₀=14.963349, UB=17.735424, gap=1.56e-01, x=[0, 0, 0, 0, 1, 0, 1, 0, 0, 0, 0, 0, 0, 0, 0, 0, 0, 0, 0, 0, 0, 0, 0, 0, 0, 0, 0, 0, 0, 0] (0.000s)
  Sub: Z₀=14.963347 [LOCAL] (0.1s), α=[0.000,0.000,0.000,0.000,7.103,0.000,2.977,0.000,0.000,0.000,0.000,0.000,0.000,0.000,0.665,0.000,0.000,0.000,0.000,0.000,0.000,0.000,0.000,0.000,0.000,0.070,0.000,0.000,0.000,0.000]
  Iter 29: LB=14.963349  UB=17.735424  gap=1.56e-01
  Cut: intercept=-1139.345683, π_x_range=[-830.1026, 586.6583]
  Mini-Benders[1] (mw): LB=14.963349, Z₀(α*)=14.963349, intercept=-39.217563 (0.453s) [OMP=0.435 ISP-L=0.003 ISP-F=0.007 MW-L=0.006 MW-F=0.008]
  Mini-Benders[2] (mw): LB=14.963349, Z₀(α*)=14.963349, intercept=-39.217563 (0.469s) [OMP=0.437 ISP-L=0.003 ISP-F=0.007 MW-L=0.005 MW-F=0.008]
  Mini-Benders[3]: LB stagnated, break
  α-step: Z₀=14.963349, α=[0.000,0.000,0.000,0.000,7.768,0.000,2.312,0.000,0.000,0.000,0.000,0.000,0.000,0.000,0.000,0.000,0.000,0.000,0.000,0.000,0.000,0.000,0.000,0.000,0.000,0.734,0.000,0.000,0.000,0.000]
  Alt-Benders[1] (mw): LB=14.963349, Z₀(α*)=14.963349, intercept=-39.217562 (0.469s) [OMP=0.439 ISP-L=0.003 ISP-F=0.007 MW-L=0.006 MW-F=0.009]
  Alt-Benders[2] (mw): LB=14.963349, Z₀(α*)=14.963349, intercept=-39.217562 (0.515s) [OMP=0.489 ISP-L=0.003 ISP-F=0.007 MW-L=0.006 MW-F=0.008]
  Alt-Benders[3]: LB stagnated, break
  OMP re-solve: 0.000s

=== True-DRO Benders iter 30 ===
  OMP: t₀=14.963349, UB=17.735424, gap=1.56e-01, x=[0, 0, 0, 0, 1, 0, 1, 0, 0, 0, 0, 0, 0, 0, 0, 0, 0, 0, 0, 0, 0, 0, 0, 0, 0, 0, 0, 0, 0, 0] (0.000s)
  Sub: Z₀=16.530151 (2.2s), α=[0.000,0.000,0.000,0.000,0.000,0.000,0.103,0.000,0.000,0.000,0.000,0.000,0.000,0.000,0.004,0.000,0.000,0.000,0.000,0.000,0.000,0.000,0.000,0.000,0.000,10.707,0.000,0.000,0.000,0.000]
  Iter 30: LB=14.963349  UB=16.530151  gap=9.48e-02
  Cut: intercept=-71.748249, π_x_range=[-219.0313, 57.7828]
  Sherali-Cut: intercept=-9.887492, π_x_range=[-130.4401, 15.3517]
  Mini-Benders[1] (mw): LB=15.023505, Z₀(α*)=13.890915, intercept=-27.320544 (0.438s) [OMP=0.420 ISP-L=0.003 ISP-F=0.007 MW-L=0.006 MW-F=0.006]
  Mini-Benders[2] (mw): LB=15.023505, Z₀(α*)=13.890915, intercept=-27.320544 (0.406s) [OMP=0.378 ISP-L=0.003 ISP-F=0.007 MW-L=0.012 MW-F=0.006]
  Mini-Benders[3] (mw): LB=15.023505, Z₀(α*)=13.890915, intercept=-27.320544 (0.391s) [OMP=0.370 ISP-L=0.003 ISP-F=0.007 MW-L=0.006 MW-F=0.006]
  Mini-Benders[4]: LB stagnated, break
  α-step: Z₀=16.816661, α=[0.000,0.000,0.000,0.000,0.000,0.000,0.000,0.000,0.000,0.000,0.000,0.000,0.000,0.000,2.132,0.000,0.000,0.000,0.000,0.000,0.000,0.000,0.000,0.000,0.000,8.683,0.000,0.000,0.000,0.000]
  Alt-Benders[1] (mw): LB=15.295011, Z₀(α*)=-17.848626, intercept=-105.784093 (0.438s) [OMP=0.412 ISP-L=0.003 ISP-F=0.007 MW-L=0.005 MW-F=0.009]
  Alt-Benders[2] (mw): LB=15.295011, Z₀(α*)=-17.848626, intercept=-105.784093 (0.421s) [OMP=0.391 ISP-L=0.003 ISP-F=0.007 MW-L=0.005 MW-F=0.009]
  Alt-Benders[3] (mw): LB=15.295011, Z₀(α*)=-17.848626, intercept=-105.784093 (0.407s) [OMP=0.390 ISP-L=0.003 ISP-F=0.007 MW-L=0.005 MW-F=0.008]
  Alt-Benders[4]: LB stagnated, break
  OMP re-solve: 0.000s

=== True-DRO Benders iter 31 ===
  OMP: t₀=15.295011, UB=16.530151, gap=7.47e-02, x=[0, 0, 0, 0, 1, 0, 0, 0, 0, 0, 1, 0, 0, 0, 0, 0, 0, 0, 0, 0, 0, 0, 0, 0, 0, 0, 0, 0, 0, 0] (0.000s)
  Sub: Z₀=13.640087 [LOCAL] (0.1s), α=[0.000,0.000,0.000,0.000,4.931,0.000,0.000,0.000,0.000,0.000,4.364,0.000,0.000,0.000,1.520,0.000,0.000,0.000,0.000,0.000,0.000,0.000,0.000,0.000,0.000,0.000,0.000,0.000,0.000,0.000]
  Iter 31: LB=15.295011  UB=16.530151  gap=7.47e-02
  Cut: intercept=-1094.771467, π_x_range=[-822.0535, 568.3640]
  Mini-Benders[1] (mw): LB=15.295011, Z₀(α*)=13.741536, intercept=-95.851333 (0.422s) [OMP=0.391 ISP-L=0.003 ISP-F=0.008 MW-L=0.013 MW-F=0.007]
  Mini-Benders[2] (mw): LB=15.295011, Z₀(α*)=13.741536, intercept=-95.851333 (0.375s) [OMP=0.353 ISP-L=0.003 ISP-F=0.007 MW-L=0.006 MW-F=0.007]
  Mini-Benders[3]: LB stagnated, break
  α-step: Z₀=14.118413, α=[0.000,0.000,0.000,0.000,6.285,0.000,1.060,0.000,0.000,0.000,0.889,0.000,0.000,0.000,2.580,0.000,0.000,0.000,0.000,0.000,0.000,0.000,0.000,0.000,0.000,0.000,0.000,0.000,0.000,0.000]
  Alt-Benders[1] (mw): LB=15.295011, Z₀(α*)=14.118413, intercept=-67.412967 (0.422s) [OMP=0.399 ISP-L=0.003 ISP-F=0.007 MW-L=0.005 MW-F=0.007]
  Alt-Benders[2] (mw): LB=15.295011, Z₀(α*)=14.118413, intercept=-67.412967 (0.406s) [OMP=0.384 ISP-L=0.003 ISP-F=0.007 MW-L=0.005 MW-F=0.007]
  Alt-Benders[3]: LB stagnated, break
  OMP re-solve: 0.000s

=== True-DRO Benders iter 32 ===
  OMP: t₀=15.295011, UB=16.530151, gap=7.47e-02, x=[0, 0, 0, 0, 1, 0, 0, 0, 0, 0, 1, 0, 0, 0, 0, 0, 0, 0, 0, 0, 0, 0, 0, 0, 0, 0, 0, 0, 0, 0] (0.000s)
  Sub: Z₀=13.640087 [LOCAL] (0.1s), α=[0.000,0.000,0.000,0.000,4.931,0.000,0.000,0.000,0.000,0.000,4.364,0.000,0.000,0.000,1.520,0.000,0.000,0.000,0.000,0.000,0.000,0.000,0.000,0.000,0.000,0.000,0.000,0.000,0.000,0.000]
  Iter 32: LB=15.295011  UB=16.530151  gap=7.47e-02
  Cut: intercept=-1094.771467, π_x_range=[-822.0535, 568.3640]
  Mini-Benders[1] (mw): LB=15.295011, Z₀(α*)=13.741536, intercept=-95.851333 (0.406s) [OMP=0.373 ISP-L=0.003 ISP-F=0.007 MW-L=0.005 MW-F=0.014]
  Mini-Benders[2] (mw): LB=15.295011, Z₀(α*)=13.741536, intercept=-95.851333 (0.359s) [OMP=0.340 ISP-L=0.003 ISP-F=0.007 MW-L=0.006 MW-F=0.007]
  Mini-Benders[3]: LB stagnated, break
  α-step: Z₀=14.118413, α=[0.000,0.000,0.000,0.000,6.285,0.000,1.060,0.000,0.000,0.000,0.889,0.000,0.000,0.000,2.580,0.000,0.000,0.000,0.000,0.000,0.000,0.000,0.000,0.000,0.000,0.000,0.000,0.000,0.000,0.000]
  Alt-Benders[1] (mw): LB=15.295011, Z₀(α*)=14.118413, intercept=-67.412967 (0.406s) [OMP=0.385 ISP-L=0.003 ISP-F=0.007 MW-L=0.005 MW-F=0.007]
  Alt-Benders[2] (mw): LB=15.295011, Z₀(α*)=14.118413, intercept=-67.412967 (0.390s) [OMP=0.369 ISP-L=0.003 ISP-F=0.007 MW-L=0.005 MW-F=0.007]
  Alt-Benders[3]: LB stagnated, break
  OMP re-solve: 0.001s

=== True-DRO Benders iter 33 ===
  OMP: t₀=15.295011, UB=16.530151, gap=7.47e-02, x=[0, 0, 0, 0, 1, 0, 0, 0, 0, 0, 1, 0, 0, 0, 0, 0, 0, 0, 0, 0, 0, 0, 0, 0, 0, 0, 0, 0, 0, 0] (0.000s)
  Sub: Z₀=13.640087 [LOCAL] (0.1s), α=[0.000,0.000,0.000,0.000,4.931,0.000,0.000,0.000,0.000,0.000,4.364,0.000,0.000,0.000,1.520,0.000,0.000,0.000,0.000,0.000,0.000,0.000,0.000,0.000,0.000,0.000,0.000,0.000,0.000,0.000]
  Iter 33: LB=15.295011  UB=16.530151  gap=7.47e-02
  Cut: intercept=-1094.771467, π_x_range=[-822.0535, 568.3640]
  Mini-Benders[1] (mw): LB=15.295011, Z₀(α*)=13.741536, intercept=-95.851333 (0.407s) [OMP=0.378 ISP-L=0.003 ISP-F=0.007 MW-L=0.006 MW-F=0.007]
  Mini-Benders[2] (mw): LB=15.295011, Z₀(α*)=13.741536, intercept=-95.851333 (0.406s) [OMP=0.377 ISP-L=0.003 ISP-F=0.007 MW-L=0.005 MW-F=0.014]
  Mini-Benders[3]: LB stagnated, break
  α-step: Z₀=14.118413, α=[0.000,0.000,0.000,0.000,6.285,0.000,1.060,0.000,0.000,0.000,0.889,0.000,0.000,0.000,2.580,0.000,0.000,0.000,0.000,0.000,0.000,0.000,0.000,0.000,0.000,0.000,0.000,0.000,0.000,0.000]
  Alt-Benders[1] (mw): LB=15.295011, Z₀(α*)=14.118413, intercept=-67.412967 (0.406s) [OMP=0.380 ISP-L=0.003 ISP-F=0.007 MW-L=0.005 MW-F=0.007]
  Alt-Benders[2] (mw): LB=15.295011, Z₀(α*)=14.118413, intercept=-67.412967 (0.406s) [OMP=0.381 ISP-L=0.003 ISP-F=0.007 MW-L=0.006 MW-F=0.007]
  Alt-Benders[3]: LB stagnated, break
  OMP re-solve: 0.001s

=== True-DRO Benders iter 34 ===
  OMP: t₀=15.295011, UB=16.530151, gap=7.47e-02, x=[0, 0, 0, 0, 1, 0, 0, 0, 0, 0, 1, 0, 0, 0, 0, 0, 0, 0, 0, 0, 0, 0, 0, 0, 0, 0, 0, 0, 0, 0] (0.000s)
  Sub: Z₀=13.640087 [LOCAL] (0.1s), α=[0.000,0.000,0.000,0.000,4.931,0.000,0.000,0.000,0.000,0.000,4.364,0.000,0.000,0.000,1.520,0.000,0.000,0.000,0.000,0.000,0.000,0.000,0.000,0.000,0.000,0.000,0.000,0.000,0.000,0.000]
  Iter 34: LB=15.295011  UB=16.530151  gap=7.47e-02
  Cut: intercept=-1094.771467, π_x_range=[-822.0535, 568.3640]
  Mini-Benders[1] (mw): LB=15.295011, Z₀(α*)=13.741536, intercept=-95.851333 (0.406s) [OMP=0.377 ISP-L=0.003 ISP-F=0.007 MW-L=0.006 MW-F=0.007]
  Mini-Benders[2] (mw): LB=15.295011, Z₀(α*)=13.741536, intercept=-95.851333 (0.391s) [OMP=0.372 ISP-L=0.003 ISP-F=0.008 MW-L=0.005 MW-F=0.007]
  Mini-Benders[3]: LB stagnated, break
  α-step: Z₀=14.118413, α=[0.000,0.000,0.000,0.000,6.285,0.000,1.060,0.000,0.000,0.000,0.889,0.000,0.000,0.000,2.580,0.000,0.000,0.000,0.000,0.000,0.000,0.000,0.000,0.000,0.000,0.000,0.000,0.000,0.000,0.000]
  Alt-Benders[1] (mw): LB=15.295011, Z₀(α*)=14.118413, intercept=-67.412967 (0.391s) [OMP=0.376 ISP-L=0.003 ISP-F=0.007 MW-L=0.006 MW-F=0.007]
  Alt-Benders[2] (mw): LB=15.295011, Z₀(α*)=14.118413, intercept=-67.412967 (0.437s) [OMP=0.402 ISP-L=0.003 ISP-F=0.008 MW-L=0.005 MW-F=0.007]
  Alt-Benders[3]: LB stagnated, break
  OMP re-solve: 0.000s

=== True-DRO Benders iter 35 ===
  OMP: t₀=15.295011, UB=16.530151, gap=7.47e-02, x=[0, 0, 0, 0, 1, 0, 0, 0, 0, 0, 1, 0, 0, 0, 0, 0, 0, 0, 0, 0, 0, 0, 0, 0, 0, 0, 0, 0, 0, 0] (0.000s)
  Sub: Z₀=15.295011 [TIME_LIMIT] (15.2s), α=[0.000,0.000,0.000,0.000,0.000,0.000,1.435,0.000,0.000,0.000,3.072,0.000,0.000,1.594,0.560,0.000,0.000,0.000,0.000,0.000,0.000,0.000,0.000,0.000,0.000,0.000,1.161,2.991,0.000,0.000]
  Iter 35: LB=15.295011  UB=15.659590  gap=2.33e-02
  Cut: intercept=-111.485040, π_x_range=[-218.0000, 73.1297]
  Mini-Benders[1] (mw): LB=15.295011, Z₀(α*)=15.295011, intercept=-77.502087 (0.312s) [OMP=0.294 ISP-L=0.003 ISP-F=0.008 MW-L=0.006 MW-F=0.006]
  Mini-Benders[2] (mw): LB=15.295011, Z₀(α*)=15.295011, intercept=-77.502087 (0.313s) [OMP=0.295 ISP-L=0.003 ISP-F=0.008 MW-L=0.005 MW-F=0.006]
  Mini-Benders[3]: LB stagnated, break
  α-step: Z₀=15.295011, α=[0.000,0.000,0.000,0.000,0.000,0.000,1.435,0.000,0.000,0.000,4.667,0.000,0.000,0.000,0.560,0.000,0.000,0.000,0.000,0.000,0.000,0.000,0.000,0.000,0.000,0.000,4.152,0.000,0.000,0.000]
  Alt-Benders[1] (mw): LB=15.295011, Z₀(α*)=15.295011, intercept=-77.342661 (0.406s) [OMP=0.388 ISP-L=0.003 ISP-F=0.008 MW-L=0.005 MW-F=0.014]
  Alt-Benders[2] (mw): LB=15.295011, Z₀(α*)=15.295011, intercept=-77.342661 (0.406s) [OMP=0.369 ISP-L=0.003 ISP-F=0.008 MW-L=0.005 MW-F=0.007]
  Alt-Benders[3]: LB stagnated, break
  OMP re-solve: 0.000s

=== True-DRO Benders iter 36 ===
  OMP: t₀=15.295011, UB=15.659590, gap=2.33e-02, x=[0, 0, 0, 0, 1, 0, 0, 0, 0, 0, 1, 0, 0, 0, 0, 0, 0, 0, 0, 0, 0, 0, 0, 0, 0, 0, 0, 0, 0, 0] (0.000s)
  Sub: Z₀=13.640087 [LOCAL] (0.1s), α=[0.000,0.000,0.000,0.000,4.931,0.000,0.000,0.000,0.000,0.000,4.364,0.000,0.000,0.000,1.520,0.000,0.000,0.000,0.000,0.000,0.000,0.000,0.000,0.000,0.000,0.000,0.000,0.000,0.000,0.000]
  Iter 36: LB=15.295011  UB=15.659590  gap=2.33e-02
  Cut: intercept=-1094.771467, π_x_range=[-822.0535, 568.3640]
  Mini-Benders[1] (mw): LB=15.295011, Z₀(α*)=13.741536, intercept=-95.851333 (0.391s) [OMP=0.376 ISP-L=0.003 ISP-F=0.007 MW-L=0.006 MW-F=0.007]
  Mini-Benders[2] (mw): LB=15.295011, Z₀(α*)=13.741536, intercept=-95.851333 (0.391s) [OMP=0.370 ISP-L=0.003 ISP-F=0.007 MW-L=0.005 MW-F=0.007]
  Mini-Benders[3]: LB stagnated, break
  α-step: Z₀=14.118413, α=[0.000,0.000,0.000,0.000,6.285,0.000,1.060,0.000,0.000,0.000,0.889,0.000,0.000,0.000,2.580,0.000,0.000,0.000,0.000,0.000,0.000,0.000,0.000,0.000,0.000,0.000,0.000,0.000,0.000,0.000]
  Alt-Benders[1] (mw): LB=15.295011, Z₀(α*)=14.118413, intercept=-67.412967 (0.390s) [OMP=0.376 ISP-L=0.003 ISP-F=0.007 MW-L=0.006 MW-F=0.008]
  Alt-Benders[2] (mw): LB=15.295011, Z₀(α*)=14.118413, intercept=-67.412967 (0.391s) [OMP=0.360 ISP-L=0.003 ISP-F=0.007 MW-L=0.013 MW-F=0.007]
  Alt-Benders[3]: LB stagnated, break
  OMP re-solve: 0.000s

=== True-DRO Benders iter 37 ===
  OMP: t₀=15.295011, UB=15.659590, gap=2.33e-02, x=[0, 0, 0, 0, 1, 0, 0, 0, 0, 0, 1, 0, 0, 0, 0, 0, 0, 0, 0, 0, 0, 0, 0, 0, 0, 0, 0, 0, 0, 0] (0.000s)
  Sub: Z₀=13.640087 [LOCAL] (0.1s), α=[0.000,0.000,0.000,0.000,4.931,0.000,0.000,0.000,0.000,0.000,4.364,0.000,0.000,0.000,1.520,0.000,0.000,0.000,0.000,0.000,0.000,0.000,0.000,0.000,0.000,0.000,0.000,0.000,0.000,0.000]
  Iter 37: LB=15.295011  UB=15.659590  gap=2.33e-02
  Cut: intercept=-1094.771467, π_x_range=[-822.0535, 568.3640]
  Mini-Benders[1] (mw): LB=15.295011, Z₀(α*)=13.741536, intercept=-95.851333 (0.390s) [OMP=0.365 ISP-L=0.003 ISP-F=0.007 MW-L=0.006 MW-F=0.007]
  Mini-Benders[2] (mw): LB=15.295011, Z₀(α*)=13.741536, intercept=-95.851333 (0.391s) [OMP=0.374 ISP-L=0.003 ISP-F=0.007 MW-L=0.006 MW-F=0.007]
  Mini-Benders[3]: LB stagnated, break
  α-step: Z₀=14.118413, α=[0.000,0.000,0.000,0.000,6.285,0.000,1.060,0.000,0.000,0.000,0.889,0.000,0.000,0.000,2.580,0.000,0.000,0.000,0.000,0.000,0.000,0.000,0.000,0.000,0.000,0.000,0.000,0.000,0.000,0.000]
  Alt-Benders[1] (mw): LB=15.295011, Z₀(α*)=14.118413, intercept=-67.412967 (0.390s) [OMP=0.363 ISP-L=0.003 ISP-F=0.007 MW-L=0.005 MW-F=0.008]
  Alt-Benders[2] (mw): LB=15.295011, Z₀(α*)=14.118413, intercept=-67.412967 (0.391s) [OMP=0.363 ISP-L=0.003 ISP-F=0.007 MW-L=0.005 MW-F=0.007]
  Alt-Benders[3]: LB stagnated, break
  OMP re-solve: 0.000s

=== True-DRO Benders iter 38 ===
  OMP: t₀=15.295011, UB=15.659590, gap=2.33e-02, x=[0, 0, 0, 0, 1, 0, 0, 0, 0, 0, 1, 0, 0, 0, 0, 0, 0, 0, 0, 0, 0, 0, 0, 0, 0, 0, 0, 0, 0, 0] (0.000s)
  Sub: Z₀=13.640087 [LOCAL] (0.1s), α=[0.000,0.000,0.000,0.000,4.931,0.000,0.000,0.000,0.000,0.000,4.364,0.000,0.000,0.000,1.520,0.000,0.000,0.000,0.000,0.000,0.000,0.000,0.000,0.000,0.000,0.000,0.000,0.000,0.000,0.000]
  Iter 38: LB=15.295011  UB=15.659590  gap=2.33e-02
  Cut: intercept=-1094.771467, π_x_range=[-822.0535, 568.3640]
  Mini-Benders[1] (mw): LB=15.295011, Z₀(α*)=13.741536, intercept=-95.851333 (0.391s) [OMP=0.365 ISP-L=0.003 ISP-F=0.007 MW-L=0.005 MW-F=0.007]
  Mini-Benders[2] (mw): LB=15.295011, Z₀(α*)=13.741536, intercept=-95.851333 (0.406s) [OMP=0.385 ISP-L=0.003 ISP-F=0.007 MW-L=0.006 MW-F=0.007]
  Mini-Benders[3]: LB stagnated, break
  α-step: Z₀=14.118413, α=[0.000,0.000,0.000,0.000,6.285,0.000,1.060,0.000,0.000,0.000,0.889,0.000,0.000,0.000,2.580,0.000,0.000,0.000,0.000,0.000,0.000,0.000,0.000,0.000,0.000,0.000,0.000,0.000,0.000,0.000]
  Alt-Benders[1] (mw): LB=15.295011, Z₀(α*)=14.118413, intercept=-67.412967 (0.391s) [OMP=0.372 ISP-L=0.003 ISP-F=0.007 MW-L=0.005 MW-F=0.007]
  Alt-Benders[2] (mw): LB=15.295011, Z₀(α*)=14.118413, intercept=-67.412967 (0.390s) [OMP=0.362 ISP-L=0.003 ISP-F=0.007 MW-L=0.006 MW-F=0.007]
  Alt-Benders[3]: LB stagnated, break
  OMP re-solve: 0.000s

=== True-DRO Benders iter 39 ===
  OMP: t₀=15.295011, UB=15.659590, gap=2.33e-02, x=[0, 0, 0, 0, 1, 0, 0, 0, 0, 0, 1, 0, 0, 0, 0, 0, 0, 0, 0, 0, 0, 0, 0, 0, 0, 0, 0, 0, 0, 0] (0.000s)
  Sub: Z₀=13.640087 [LOCAL] (0.1s), α=[0.000,0.000,0.000,0.000,4.931,0.000,0.000,0.000,0.000,0.000,4.364,0.000,0.000,0.000,1.520,0.000,0.000,0.000,0.000,0.000,0.000,0.000,0.000,0.000,0.000,0.000,0.000,0.000,0.000,0.000]
  Iter 39: LB=15.295011  UB=15.659590  gap=2.33e-02
  Cut: intercept=-1094.771467, π_x_range=[-822.0535, 568.3640]
  Mini-Benders[1] (mw): LB=15.295011, Z₀(α*)=13.741536, intercept=-95.851333 (0.407s) [OMP=0.371 ISP-L=0.003 ISP-F=0.007 MW-L=0.013 MW-F=0.007]
  Mini-Benders[2] (mw): LB=15.295011, Z₀(α*)=13.741536, intercept=-95.851333 (0.390s) [OMP=0.375 ISP-L=0.003 ISP-F=0.007 MW-L=0.006 MW-F=0.007]
  Mini-Benders[3]: LB stagnated, break
  α-step: Z₀=14.118413, α=[0.000,0.000,0.000,0.000,6.285,0.000,1.060,0.000,0.000,0.000,0.889,0.000,0.000,0.000,2.580,0.000,0.000,0.000,0.000,0.000,0.000,0.000,0.000,0.000,0.000,0.000,0.000,0.000,0.000,0.000]
  Alt-Benders[1] (mw): LB=15.295011, Z₀(α*)=14.118413, intercept=-67.412967 (0.375s) [OMP=0.361 ISP-L=0.003 ISP-F=0.008 MW-L=0.005 MW-F=0.007]
  Alt-Benders[2] (mw): LB=15.295011, Z₀(α*)=14.118413, intercept=-67.412967 (0.391s) [OMP=0.361 ISP-L=0.003 ISP-F=0.007 MW-L=0.005 MW-F=0.007]
  Alt-Benders[3]: LB stagnated, break
  OMP re-solve: 0.000s

=== True-DRO Benders iter 40 ===
  OMP: t₀=15.295011, UB=15.659590, gap=2.33e-02, x=[0, 0, 0, 0, 1, 0, 0, 0, 0, 0, 1, 0, 0, 0, 0, 0, 0, 0, 0, 0, 0, 0, 0, 0, 0, 0, 0, 0, 0, 0] (0.000s)
  → Boost: time limit 3600s + MIPGap=0.5% (same x + prev TIME_LIMIT)
  Sub: Z₀=15.294928 (54.7s), α=[0.000,0.000,0.000,0.000,0.000,0.000,1.435,0.000,0.000,0.000,4.667,0.000,0.000,0.000,0.560,0.000,0.000,0.000,0.000,0.000,0.000,0.000,0.000,0.000,0.000,0.000,4.152,0.000,0.000,0.000]
  Iter 40: LB=15.295011  UB=15.294928  gap=5.44e-06
True-DRO Benders converged at iter 40 (gap=5.44e-06)
  Wall time: 287.26 sec
  OMP  time: mean=0.280s, median=0.362s, max=0.633s
  Sub  time (exact): mean=28.411s, median=28.411s, q90=49.408s, max=54.657s (n=2/40)

Result (double/mb_only): Z₀=15.294928, iters=40, time=287.3s
x arcs = [5, 11]
