============================================================
grid5x5 — double [mb_only]: ε̂=0.50, ε̃=0.50, β=0.00
  mini_benders=true, valid_inequality=none
============================================================
Set parameter Username
Set parameter LicenseID to value 2742039
Academic license - for non-commercial use only - expires 2026-11-20
Set parameter Username
Set parameter LicenseID to value 2742039
Academic license - for non-commercial use only - expires 2026-11-20
Set parameter OutputFlag to value 1
Set parameter LogFile to value "global_miqcp.log"
Set parameter Username
Set parameter LicenseID to value 2742039
Academic license - for non-commercial use only - expires 2026-11-20
Set parameter Username
Set parameter LicenseID to value 2742039
Academic license - for non-commercial use only - expires 2026-11-20
Set parameter Username
Set parameter LicenseID to value 2742039
Academic license - for non-commercial use only - expires 2026-11-20
Set parameter Username
Set parameter LicenseID to value 2742039
Academic license - for non-commercial use only - expires 2026-11-20

=== True-DRO Benders iter 1 ===
  OMP: t₀=-10000.000000, UB=Inf, gap=NaN, x=[0, 0, 0, 0, 0, 0, 0, 0, 0, 0, 0, 0, 0, 0, 0, 0, 0, 0, 0, 0, 0, 0, 0, 0, 0, 0, 0, 0, 0, 0, 0, 0, 0, 0, 0, 0, 0, 0, 0, 0, 0, 0, 0, 0, 0, 0, 0] (0.000s)
  Sub: Z₀=46.455181 [LOCAL] (0.3s), α=[0.000,0.000,0.000,0.000,0.000,0.000,0.000,0.000,0.000,0.000,0.000,0.000,0.000,0.000,0.000,0.000,0.000,0.000,0.000,0.000,0.000,0.000,0.000,0.000,2.929,0.000,0.000,0.036,4.893,0.000,0.000,0.000,0.000,0.000,0.000,0.241,2.150,0.000,0.000,0.000,0.000,0.000,0.000,0.000,0.000,0.000,0.000]
  Iter 1: LB=-10000.000000  UB=Inf  gap=NaN
  Cut: intercept=46.455181, π_x_range=[-829.1449, -773.6628]
  Mini-Benders[1] (mw): LB=-1604.446220, Z₀(α*)=39.236933, intercept=-100.330188 (0.047s) [OMP=0.004 ISP-L=0.007 ISP-F=0.017 MW-L=0.007 MW-F=0.013]
  Mini-Benders[2] (mw): LB=-293.651935, Z₀(α*)=38.684640, intercept=-19.631792 (0.031s) [OMP=0.002 ISP-L=0.004 ISP-F=0.011 MW-L=0.008 MW-F=0.009]
  Mini-Benders[3] (mw): LB=-157.286829, Z₀(α*)=27.211872, intercept=-71.880088 (0.047s) [OMP=0.008 ISP-L=0.004 ISP-F=0.012 MW-L=0.016 MW-F=0.015]
  Mini-Benders[4] (mw): LB=-143.040415, Z₀(α*)=29.847915, intercept=-94.141286 (0.047s) [OMP=0.010 ISP-L=0.004 ISP-F=0.010 MW-L=0.008 MW-F=0.011]
  Mini-Benders[5] (mw): LB=-141.385847, Z₀(α*)=40.406102, intercept=-98.717567 (0.063s) [OMP=0.020 ISP-L=0.004 ISP-F=0.013 MW-L=0.008 MW-F=0.013]
Set parameter NonConvex to value 2
Set parameter DualReductions to value 0
  α-step: Z₀=32.273752, α=[0.000,0.000,0.000,0.000,0.000,0.000,0.000,0.000,0.000,0.000,0.000,0.000,0.000,0.000,0.000,0.000,0.000,0.000,0.000,0.000,0.000,0.000,0.000,0.000,0.000,0.000,0.000,0.188,4.883,0.000,0.000,0.000,0.000,0.000,0.000,0.000,5.178,0.000,0.000,0.000,0.000,0.000,0.000,0.000,0.000,0.000,0.000]
  Alt-Benders[1] (mw): LB=-114.654787, Z₀(α*)=40.861388, intercept=28.290735 (0.062s) [OMP=0.019 ISP-L=0.004 ISP-F=0.011 MW-L=0.008 MW-F=0.010]
  Alt-Benders[2] (mw): LB=-98.300496, Z₀(α*)=14.826345, intercept=-40.369071 (0.063s) [OMP=0.022 ISP-L=0.004 ISP-F=0.011 MW-L=0.008 MW-F=0.019]
  Alt-Benders[3] (mw): LB=-85.624951, Z₀(α*)=17.749869, intercept=5.982518 (0.047s) [OMP=0.020 ISP-L=0.004 ISP-F=0.011 MW-L=0.008 MW-F=0.009]
  Alt-Benders[4] (mw): LB=-84.863365, Z₀(α*)=-1.203208, intercept=-172.997136 (0.062s) [OMP=0.021 ISP-L=0.004 ISP-F=0.010 MW-L=0.008 MW-F=0.012]
  Alt-Benders[5] (mw): LB=-83.283685, Z₀(α*)=19.276969, intercept=-53.916164 (0.063s) [OMP=0.021 ISP-L=0.004 ISP-F=0.011 MW-L=0.008 MW-F=0.019]
  OMP re-solve: 0.025s

=== True-DRO Benders iter 2 ===
  OMP: t₀=-74.274323, UB=Inf, gap=NaN, x=[0, 0, 0, 0, 0, 0, 0, 0, 0, 0, 0, 0, 0, 0, 0, 0, 0, 0, 0, 0, 0, 0, 0, 0, 0, 0, 1, 1, 0, 0, 0, 0, 0, 0, 0, 0, 0, 0, 0, 0, 0, 0, 0, 0, 0, 0, 0] (0.000s)
  Sub: Z₀=34.092948 [LOCAL] (0.4s), α=[0.000,0.000,0.000,0.000,0.000,0.000,0.000,0.000,0.000,0.000,0.000,0.000,0.000,0.000,0.000,0.000,0.000,0.000,0.000,0.000,0.000,0.000,0.000,0.000,6.378,0.000,0.000,0.618,3.253,0.000,0.000,0.000,0.000,0.000,0.000,0.000,0.000,0.000,0.000,0.000,0.000,0.000,0.000,0.000,0.000,0.000,0.000]
  Iter 2: LB=-74.274323  UB=Inf  gap=NaN
  Cut: intercept=-1144.595597, π_x_range=[-826.8576, 594.6002]
  Mini-Benders[1] (mw): LB=-72.183285, Z₀(α*)=39.203243, intercept=-32.953991 (0.078s) [OMP=0.029 ISP-L=0.004 ISP-F=0.012 MW-L=0.008 MW-F=0.011]
  Mini-Benders[2] (mw): LB=-67.671470, Z₀(α*)=31.401616, intercept=-125.325918 (0.094s) [OMP=0.051 ISP-L=0.004 ISP-F=0.012 MW-L=0.014 MW-F=0.013]
  Mini-Benders[3] (mw): LB=-65.462516, Z₀(α*)=40.089953, intercept=17.942667 (0.094s) [OMP=0.059 ISP-L=0.004 ISP-F=0.013 MW-L=0.009 MW-F=0.010]
  Mini-Benders[4] (mw): LB=-61.352204, Z₀(α*)=28.058480, intercept=-172.024395 (0.094s) [OMP=0.066 ISP-L=0.004 ISP-F=0.010 MW-L=0.007 MW-F=0.012]
  Mini-Benders[5] (mw): LB=-60.646052, Z₀(α*)=31.497289, intercept=-55.368580 (0.125s) [OMP=0.079 ISP-L=0.004 ISP-F=0.012 MW-L=0.014 MW-F=0.010]
  α-step: Z₀=35.495324, α=[0.000,0.000,0.000,0.000,0.000,0.000,0.000,0.000,0.000,0.000,0.000,0.000,0.000,0.000,0.000,0.000,0.000,0.000,0.000,0.000,0.000,0.000,1.127,3.139,5.983,0.000,0.000,0.000,0.000,0.000,0.000,0.000,0.000,0.000,0.000,0.000,0.000,0.000,0.000,0.000,0.000,0.000,0.000,0.000,0.000,0.000,0.000]
  Alt-Benders[1] (mw): LB=-51.615693, Z₀(α*)=38.131934, intercept=-12.564122 (0.125s) [OMP=0.077 ISP-L=0.005 ISP-F=0.012 MW-L=0.009 MW-F=0.013]
  Alt-Benders[2] (mw): LB=-50.867129, Z₀(α*)=37.278606, intercept=-85.593443 (0.125s) [OMP=0.090 ISP-L=0.004 ISP-F=0.010 MW-L=0.008 MW-F=0.013]
  Alt-Benders[3] (mw): LB=-46.666488, Z₀(α*)=34.125785, intercept=-50.950630 (0.125s) [OMP=0.099 ISP-L=0.004 ISP-F=0.011 MW-L=0.008 MW-F=0.009]
  Alt-Benders[4] (mw): LB=-46.337037, Z₀(α*)=26.773111, intercept=-77.240241 (0.078s) [OMP=0.034 ISP-L=0.004 ISP-F=0.010 MW-L=0.008 MW-F=0.016]
  Alt-Benders[5] (mw): LB=-44.789015, Z₀(α*)=7.696985, intercept=-30.310800 (0.063s) [OMP=0.032 ISP-L=0.004 ISP-F=0.009 MW-L=0.007 MW-F=0.013]
  OMP re-solve: 0.035s

=== True-DRO Benders iter 3 ===
  OMP: t₀=-44.760720, UB=Inf, gap=NaN, x=[0, 0, 0, 0, 0, 0, 0, 0, 0, 0, 1, 0, 0, 0, 0, 0, 0, 0, 0, 0, 0, 0, 0, 0, 0, 0, 0, 0, 0, 0, 0, 0, 0, 0, 1, 0, 0, 0, 0, 0, 0, 0, 0, 0, 0, 0, 0] (0.000s)
  Sub: Z₀=40.336790 [LOCAL] (0.2s), α=[0.000,0.000,0.000,0.000,0.000,0.000,0.000,0.000,0.000,0.000,0.000,0.000,0.000,0.000,0.000,0.000,0.000,0.000,0.000,0.000,0.000,0.000,6.638,0.000,0.000,0.000,0.000,0.000,3.611,0.000,0.000,0.000,0.000,0.000,0.000,0.000,0.000,0.000,0.000,0.000,0.000,0.000,0.000,0.000,0.000,0.000,0.000]
  Iter 3: LB=-44.760720  UB=Inf  gap=NaN
  Cut: intercept=-1104.962460, π_x_range=[-830.7521, 594.9469]
  Mini-Benders[1] (mw): LB=-41.313181, Z₀(α*)=29.777634, intercept=-139.581711 (0.094s) [OMP=0.043 ISP-L=0.004 ISP-F=0.012 MW-L=0.009 MW-F=0.020]
  Mini-Benders[2] (mw): LB=-40.015987, Z₀(α*)=12.367620, intercept=-92.848166 (0.063s) [OMP=0.030 ISP-L=0.004 ISP-F=0.012 MW-L=0.008 MW-F=0.012]
  Mini-Benders[3] (mw): LB=-38.625714, Z₀(α*)=30.610633, intercept=-74.591387 (0.093s) [OMP=0.051 ISP-L=0.004 ISP-F=0.011 MW-L=0.007 MW-F=0.011]
  Mini-Benders[4] (mw): LB=-38.185970, Z₀(α*)=19.809064, intercept=-18.942487 (0.078s) [OMP=0.041 ISP-L=0.004 ISP-F=0.011 MW-L=0.013 MW-F=0.012]
  Mini-Benders[5] (mw): LB=-38.109692, Z₀(α*)=19.683634, intercept=-33.622400 (0.157s) [OMP=0.126 ISP-L=0.004 ISP-F=0.012 MW-L=0.007 MW-F=0.012]
  α-step: Z₀=30.277964, α=[0.000,0.000,0.000,0.000,0.000,0.000,0.000,0.000,0.000,0.000,0.000,0.000,0.000,0.000,0.000,0.000,0.000,0.000,0.000,0.000,0.000,0.000,0.000,0.000,0.000,0.000,0.000,4.229,5.863,0.000,0.000,0.000,0.000,0.000,0.000,0.000,0.157,0.000,0.000,0.000,0.000,0.000,0.000,0.000,0.000,0.000,0.000]
  Alt-Benders[1] (mw): LB=-35.007850, Z₀(α*)=35.904996, intercept=-82.292345 (0.171s) [OMP=0.128 ISP-L=0.004 ISP-F=0.010 MW-L=0.012 MW-F=0.023]
  Alt-Benders[2] (mw): LB=-34.923080, Z₀(α*)=35.865282, intercept=-3.267122 (0.110s) [OMP=0.075 ISP-L=0.004 ISP-F=0.013 MW-L=0.008 MW-F=0.010]
  Alt-Benders[3] (mw): LB=-34.191834, Z₀(α*)=18.212976, intercept=-48.309633 (0.094s) [OMP=0.048 ISP-L=0.004 ISP-F=0.011 MW-L=0.010 MW-F=0.009]
  Alt-Benders[4] (mw): LB=-34.102839, Z₀(α*)=-5.773144, intercept=-140.667357 (0.093s) [OMP=0.058 ISP-L=0.004 ISP-F=0.012 MW-L=0.014 MW-F=0.011]
  Alt-Benders[5] (mw): LB=-33.796996, Z₀(α*)=14.654284, intercept=-73.756529 (0.094s) [OMP=0.062 ISP-L=0.004 ISP-F=0.011 MW-L=0.008 MW-F=0.012]
  OMP re-solve: 0.070s

=== True-DRO Benders iter 4 ===
  OMP: t₀=-27.777390, UB=Inf, gap=NaN, x=[0, 0, 0, 0, 0, 0, 0, 0, 0, 0, 0, 0, 0, 0, 0, 0, 0, 0, 0, 0, 0, 0, 0, 0, 0, 0, 0, 0, 0, 0, 0, 0, 1, 0, 0, 0, 1, 0, 0, 0, 0, 0, 0, 0, 0, 0, 0] (0.000s)
  Sub: Z₀=42.006373 [LOCAL] (0.2s), α=[0.000,0.000,0.000,0.000,0.000,0.000,0.000,0.000,0.000,0.000,0.000,0.000,0.000,0.000,0.000,0.000,0.000,0.000,0.000,0.000,0.000,0.000,0.000,0.000,0.160,0.000,0.000,0.000,2.744,0.000,0.000,0.000,0.000,0.000,0.000,0.000,7.345,0.000,0.000,0.000,0.000,0.000,0.000,0.000,0.000,0.000,0.000]
  Iter 4: LB=-27.777390  UB=Inf  gap=NaN
  Cut: intercept=-1145.992625, π_x_range=[-825.9176, 598.3805]
  Mini-Benders[1] (mw): LB=-27.383294, Z₀(α*)=1.248464, intercept=-137.547983 (0.109s) [OMP=0.072 ISP-L=0.004 ISP-F=0.011 MW-L=0.007 MW-F=0.011]
  Mini-Benders[2] (mw): LB=-27.019717, Z₀(α*)=38.312853, intercept=-89.493644 (0.110s) [OMP=0.073 ISP-L=0.004 ISP-F=0.011 MW-L=0.008 MW-F=0.013]
  Mini-Benders[3] (mw): LB=-24.540205, Z₀(α*)=40.492277, intercept=5.520984 (0.140s) [OMP=0.085 ISP-L=0.004 ISP-F=0.011 MW-L=0.008 MW-F=0.019]
  Mini-Benders[4] (mw): LB=-23.941849, Z₀(α*)=40.005738, intercept=-86.239666 (0.141s) [OMP=0.108 ISP-L=0.004 ISP-F=0.011 MW-L=0.008 MW-F=0.011]
  Mini-Benders[5] (mw): LB=-22.798830, Z₀(α*)=39.458876, intercept=-175.842633 (0.141s) [OMP=0.101 ISP-L=0.004 ISP-F=0.011 MW-L=0.008 MW-F=0.013]
  α-step: Z₀=37.878870, α=[0.000,0.000,0.000,0.000,0.000,0.000,0.000,0.000,0.000,0.000,0.000,0.000,0.000,0.000,0.000,0.000,0.000,0.000,0.000,0.000,0.000,0.000,3.012,0.000,0.000,0.000,0.000,0.000,6.335,0.000,0.000,0.000,0.000,0.000,0.000,0.505,0.398,0.000,0.000,0.000,0.000,0.000,0.000,0.000,0.000,0.000,0.000]
  Alt-Benders[1] (mw): LB=-20.532824, Z₀(α*)=39.244849, intercept=-98.498563 (0.140s) [OMP=0.117 ISP-L=0.004 ISP-F=0.011 MW-L=0.008 MW-F=0.011]
  Alt-Benders[2] (mw): LB=-19.285784, Z₀(α*)=28.652454, intercept=-51.061861 (0.172s) [OMP=0.133 ISP-L=0.004 ISP-F=0.013 MW-L=0.009 MW-F=0.010]
  Alt-Benders[3] (mw): LB=-18.991335, Z₀(α*)=36.948169, intercept=-75.368148 (0.203s) [OMP=0.158 ISP-L=0.004 ISP-F=0.012 MW-L=0.013 MW-F=0.016]
  Alt-Benders[4] (mw): LB=-17.737939, Z₀(α*)=40.359875, intercept=-5.725789 (0.172s) [OMP=0.122 ISP-L=0.004 ISP-F=0.010 MW-L=0.008 MW-F=0.025]
  Alt-Benders[5] (mw): LB=-16.776965, Z₀(α*)=0.312229, intercept=-44.937520 (0.188s) [OMP=0.145 ISP-L=0.004 ISP-F=0.012 MW-L=0.008 MW-F=0.012]
  OMP re-solve: 0.216s

=== True-DRO Benders iter 5 ===
  OMP: t₀=-16.266535, UB=Inf, gap=NaN, x=[0, 0, 0, 0, 0, 0, 0, 0, 0, 0, 0, 0, 0, 0, 0, 0, 0, 0, 0, 0, 0, 0, 1, 0, 0, 0, 0, 0, 0, 0, 1, 0, 0, 0, 0, 0, 0, 0, 0, 0, 0, 0, 0, 0, 0, 0, 0] (0.000s)
  Sub: Z₀=40.688738 (5.0s), α=[0.000,0.000,0.000,0.000,0.000,0.000,0.000,0.000,0.000,0.000,0.000,0.000,0.000,0.000,0.000,0.000,0.000,0.000,0.000,0.000,0.000,0.000,0.000,0.000,2.534,0.000,0.000,0.000,2.736,0.000,0.001,0.000,0.000,0.000,0.000,0.000,4.979,0.000,0.000,0.000,0.000,0.000,0.000,0.000,0.000,0.000,0.000]
  Iter 5: LB=-16.266535  UB=40.688738  gap=1.40e+00
  Cut: intercept=-70.036748, π_x_range=[-222.5546, 65.3067]
  Sherali-Cut: intercept=14.826482, π_x_range=[-151.2127, 15.9281]
  Mini-Benders[1] (mw): LB=-15.592398, Z₀(α*)=29.792731, intercept=-74.147507 (0.203s) [OMP=0.169 ISP-L=0.004 ISP-F=0.012 MW-L=0.012 MW-F=0.013]
  Mini-Benders[2] (mw): LB=-15.189937, Z₀(α*)=40.769549, intercept=-29.004157 (0.156s) [OMP=0.115 ISP-L=0.004 ISP-F=0.011 MW-L=0.008 MW-F=0.013]
  Mini-Benders[3] (mw): LB=-13.004479, Z₀(α*)=41.161648, intercept=-28.704041 (0.141s) [OMP=0.110 ISP-L=0.004 ISP-F=0.011 MW-L=0.007 MW-F=0.011]
  Mini-Benders[4] (mw): LB=-12.761052, Z₀(α*)=38.967549, intercept=-16.928082 (0.172s) [OMP=0.130 ISP-L=0.004 ISP-F=0.011 MW-L=0.014 MW-F=0.014]
  Mini-Benders[5] (mw): LB=-12.134704, Z₀(α*)=31.056075, intercept=-59.753221 (0.156s) [OMP=0.111 ISP-L=0.004 ISP-F=0.010 MW-L=0.008 MW-F=0.013]
  α-step: Z₀=38.947701, α=[0.000,0.000,0.000,0.000,0.000,0.000,0.000,0.000,0.000,0.000,0.000,0.000,0.000,0.000,0.000,0.000,0.000,0.000,0.000,0.000,0.000,0.000,2.151,0.000,0.000,0.000,0.000,0.000,7.196,0.000,0.000,0.000,0.000,0.000,0.000,0.000,0.902,0.000,0.000,0.000,0.000,0.000,0.000,0.000,0.000,0.000,0.000]
  Alt-Benders[1] (mw): LB=-11.623642, Z₀(α*)=36.279193, intercept=-46.056742 (0.141s) [OMP=0.096 ISP-L=0.004 ISP-F=0.010 MW-L=0.013 MW-F=0.011]
  Alt-Benders[2] (mw): LB=-11.106803, Z₀(α*)=10.577158, intercept=-90.886332 (0.141s) [OMP=0.104 ISP-L=0.004 ISP-F=0.010 MW-L=0.007 MW-F=0.010]
  Alt-Benders[3] (mw): LB=-10.517368, Z₀(α*)=37.403139, intercept=-39.414100 (0.140s) [OMP=0.107 ISP-L=0.004 ISP-F=0.011 MW-L=0.007 MW-F=0.014]
  Alt-Benders[4] (mw): LB=-10.416073, Z₀(α*)=36.800375, intercept=-222.931669 (0.172s) [OMP=0.132 ISP-L=0.004 ISP-F=0.010 MW-L=0.007 MW-F=0.011]
  Alt-Benders[5] (mw): LB=-8.817373, Z₀(α*)=38.104402, intercept=-15.986956 (0.156s) [OMP=0.127 ISP-L=0.004 ISP-F=0.010 MW-L=0.008 MW-F=0.010]
  OMP re-solve: 0.153s

=== True-DRO Benders iter 6 ===
  OMP: t₀=-8.130343, UB=40.688738, gap=1.20e+00, x=[0, 0, 0, 0, 0, 0, 0, 0, 0, 0, 0, 0, 0, 0, 0, 0, 0, 0, 0, 0, 0, 0, 1, 0, 1, 0, 0, 0, 0, 0, 0, 0, 0, 0, 0, 0, 0, 0, 0, 0, 0, 0, 0, 0, 0, 0, 0] (0.000s)
  Sub: Z₀=38.715165 [LOCAL] (0.4s), α=[0.000,0.000,0.000,0.000,0.000,0.000,0.000,0.000,0.000,0.000,0.000,0.000,0.000,0.000,0.000,0.000,0.000,0.000,0.000,0.000,0.000,0.000,0.000,0.000,9.701,0.000,0.000,0.000,0.391,0.000,0.000,0.000,0.000,0.000,0.000,0.000,0.157,0.000,0.000,0.000,0.000,0.000,0.000,0.000,0.000,0.000,0.000]
  Iter 6: LB=-8.130343  UB=40.688738  gap=1.20e+00
  Cut: intercept=-1133.108432, π_x_range=[-830.9038, 588.8674]
  Mini-Benders[1] (mw): LB=-8.068180, Z₀(α*)=41.791483, intercept=5.171725 (0.172s) [OMP=0.139 ISP-L=0.004 ISP-F=0.013 MW-L=0.007 MW-F=0.012]
  Mini-Benders[2] (mw): LB=-7.652035, Z₀(α*)=40.015228, intercept=-66.710721 (0.172s) [OMP=0.137 ISP-L=0.004 ISP-F=0.012 MW-L=0.008 MW-F=0.011]
  Mini-Benders[3] (mw): LB=-7.525640, Z₀(α*)=41.040953, intercept=-69.130916 (0.203s) [OMP=0.145 ISP-L=0.004 ISP-F=0.012 MW-L=0.008 MW-F=0.030]
  Mini-Benders[4] (mw): LB=-6.193024, Z₀(α*)=36.602096, intercept=-22.767730 (0.187s) [OMP=0.154 ISP-L=0.004 ISP-F=0.013 MW-L=0.009 MW-F=0.013]
  Mini-Benders[5] (mw): LB=-5.962892, Z₀(α*)=-12.352122, intercept=-86.732195 (0.188s) [OMP=0.147 ISP-L=0.004 ISP-F=0.012 MW-L=0.008 MW-F=0.015]
  α-step: Z₀=41.209310, α=[0.000,0.000,0.000,0.000,0.000,0.000,0.000,0.000,0.000,0.000,0.000,0.000,0.000,0.000,0.000,0.000,0.000,0.000,0.000,0.000,0.000,0.000,0.827,0.000,0.000,0.000,0.000,0.000,1.734,2.026,0.000,1.652,0.000,0.000,2.026,0.000,1.984,0.000,0.000,0.000,0.000,0.000,0.000,0.000,0.000,0.000,0.000]
  Alt-Benders[1] (mw): LB=-5.773146, Z₀(α*)=-9.242518, intercept=-122.385680 (0.188s) [OMP=0.148 ISP-L=0.004 ISP-F=0.012 MW-L=0.007 MW-F=0.009]
  Alt-Benders[2] (mw): LB=-5.773146, Z₀(α*)=-9.242518, intercept=-122.385680 (0.172s) [OMP=0.142 ISP-L=0.004 ISP-F=0.012 MW-L=0.007 MW-F=0.009]
  Alt-Benders[3] (mw): LB=-5.773146, Z₀(α*)=-9.242518, intercept=-122.385680 (0.187s) [OMP=0.142 ISP-L=0.004 ISP-F=0.012 MW-L=0.013 MW-F=0.009]
  Alt-Benders[4]: LB stagnated, break
  OMP re-solve: 0.000s

=== True-DRO Benders iter 7 ===
  OMP: t₀=-5.773146, UB=40.688738, gap=1.14e+00, x=[0, 0, 0, 0, 0, 0, 0, 0, 0, 0, 1, 0, 0, 0, 0, 0, 0, 0, 0, 0, 0, 0, 0, 0, 0, 0, 0, 0, 0, 0, 0, 1, 0, 0, 0, 0, 0, 0, 0, 0, 0, 0, 0, 0, 0, 0, 0] (0.000s)
  Sub: Z₀=37.482798 [LOCAL] (0.2s), α=[0.000,0.000,0.000,0.000,0.000,0.000,0.000,0.000,0.000,0.000,0.000,0.000,0.000,0.000,0.000,0.000,0.000,0.000,0.000,0.000,0.000,0.000,5.204,0.000,0.000,0.000,0.000,0.000,3.611,0.000,0.000,1.434,0.000,0.000,0.000,0.000,0.000,0.000,0.000,0.000,0.000,0.000,0.000,0.000,0.000,0.000,0.000]
  Iter 7: LB=-5.773146  UB=40.688738  gap=1.14e+00
  Cut: intercept=-1078.061506, π_x_range=[-830.3347, 568.3636]
  Mini-Benders[1] (mw): LB=-5.332596, Z₀(α*)=20.272233, intercept=-94.387751 (0.188s) [OMP=0.151 ISP-L=0.004 ISP-F=0.011 MW-L=0.007 MW-F=0.016]
  Mini-Benders[2] (mw): LB=-5.102965, Z₀(α*)=28.260297, intercept=-17.907934 (0.218s) [OMP=0.171 ISP-L=0.004 ISP-F=0.012 MW-L=0.008 MW-F=0.011]
  Mini-Benders[3] (mw): LB=-4.741280, Z₀(α*)=4.767179, intercept=-1.529513 (0.188s) [OMP=0.151 ISP-L=0.004 ISP-F=0.010 MW-L=0.008 MW-F=0.015]
  Mini-Benders[4] (mw): LB=-4.643218, Z₀(α*)=36.152263, intercept=-55.272630 (0.172s) [OMP=0.126 ISP-L=0.004 ISP-F=0.012 MW-L=0.008 MW-F=0.015]
  Mini-Benders[5] (mw): LB=-2.848948, Z₀(α*)=21.274834, intercept=-56.145703 (0.187s) [OMP=0.165 ISP-L=0.004 ISP-F=0.011 MW-L=0.007 MW-F=0.012]
  α-step: Z₀=39.273473, α=[0.000,0.000,0.000,0.000,0.000,0.000,0.000,0.000,0.000,0.000,0.000,0.000,0.000,0.000,0.000,0.000,0.000,0.000,0.000,0.000,0.000,0.000,4.451,0.000,0.000,0.000,0.000,0.000,5.798,0.000,0.000,0.000,0.000,0.000,0.000,0.000,0.000,0.000,0.000,0.000,0.000,0.000,0.000,0.000,0.000,0.000,0.000]
  Alt-Benders[1] (mw): LB=-1.095664, Z₀(α*)=32.853070, intercept=-96.458460 (0.235s) [OMP=0.186 ISP-L=0.004 ISP-F=0.010 MW-L=0.007 MW-F=0.016]
  Alt-Benders[2] (mw): LB=0.870831, Z₀(α*)=33.598351, intercept=-27.473066 (0.187s) [OMP=0.157 ISP-L=0.004 ISP-F=0.011 MW-L=0.008 MW-F=0.010]
  Alt-Benders[3] (mw): LB=1.248462, Z₀(α*)=30.159418, intercept=-142.557280 (0.156s) [OMP=0.133 ISP-L=0.004 ISP-F=0.009 MW-L=0.007 MW-F=0.008]
  Alt-Benders[4] (mw): LB=1.737302, Z₀(α*)=34.568652, intercept=22.372675 (0.188s) [OMP=0.137 ISP-L=0.004 ISP-F=0.010 MW-L=0.014 MW-F=0.011]
  Alt-Benders[5] (mw): LB=2.676337, Z₀(α*)=39.230997, intercept=-152.911447 (0.172s) [OMP=0.141 ISP-L=0.004 ISP-F=0.009 MW-L=0.007 MW-F=0.012]
  OMP re-solve: 0.149s

=== True-DRO Benders iter 8 ===
  OMP: t₀=3.814377, UB=40.688738, gap=9.06e-01, x=[0, 0, 0, 0, 0, 0, 0, 0, 0, 0, 0, 0, 0, 0, 0, 0, 0, 0, 0, 0, 0, 0, 0, 0, 0, 0, 0, 0, 0, 0, 0, 0, 1, 0, 0, 1, 0, 0, 0, 0, 0, 0, 0, 0, 0, 0, 0] (0.000s)
  Sub: Z₀=41.794582 [LOCAL] (0.2s), α=[0.000,0.000,0.000,0.000,0.000,0.000,0.000,0.000,0.000,0.000,0.000,0.000,0.000,0.000,0.000,0.000,0.000,0.000,0.000,0.000,0.000,0.000,0.000,0.000,1.585,0.000,0.000,0.000,3.489,0.000,0.000,0.000,0.000,0.000,0.000,3.051,2.124,0.000,0.000,0.000,0.000,0.000,0.000,0.000,0.000,0.000,0.000]
  Iter 8: LB=3.814377  UB=40.688738  gap=9.06e-01
  Cut: intercept=-1143.381919, π_x_range=[-825.7076, 598.8222]
  Mini-Benders[1] (mw): LB=4.177310, Z₀(α*)=39.983282, intercept=-0.342628 (0.172s) [OMP=0.134 ISP-L=0.004 ISP-F=0.010 MW-L=0.015 MW-F=0.010]
  Mini-Benders[2] (mw): LB=4.767177, Z₀(α*)=37.154952, intercept=-22.421492 (0.188s) [OMP=0.163 ISP-L=0.004 ISP-F=0.010 MW-L=0.008 MW-F=0.009]
  Mini-Benders[3] (mw): LB=5.150382, Z₀(α*)=26.738602, intercept=-125.493359 (0.203s) [OMP=0.166 ISP-L=0.004 ISP-F=0.011 MW-L=0.007 MW-F=0.011]
  Mini-Benders[4] (mw): LB=5.401135, Z₀(α*)=37.612019, intercept=-32.592262 (0.187s) [OMP=0.152 ISP-L=0.004 ISP-F=0.012 MW-L=0.013 MW-F=0.009]
  Mini-Benders[5] (mw): LB=5.436895, Z₀(α*)=38.035636, intercept=-133.619371 (0.219s) [OMP=0.182 ISP-L=0.004 ISP-F=0.011 MW-L=0.008 MW-F=0.010]
  α-step: Z₀=37.525027, α=[0.000,0.000,0.000,0.000,0.000,0.000,0.000,0.000,0.000,0.000,0.000,0.000,0.000,0.000,0.000,0.000,0.000,0.000,0.000,0.000,0.000,0.000,0.000,0.000,3.638,0.000,0.000,0.000,5.078,0.000,0.000,0.000,0.000,0.000,0.000,1.375,0.157,0.000,0.000,0.000,0.000,0.000,0.000,0.000,0.000,0.000,0.000]
  Alt-Benders[1] (mw): LB=6.615910, Z₀(α*)=38.497868, intercept=-4.813378 (0.203s) [OMP=0.162 ISP-L=0.004 ISP-F=0.011 MW-L=0.007 MW-F=0.008]
  Alt-Benders[2] (mw): LB=7.696983, Z₀(α*)=36.671547, intercept=-169.435772 (0.187s) [OMP=0.152 ISP-L=0.004 ISP-F=0.009 MW-L=0.007 MW-F=0.011]
  Alt-Benders[3] (mw): LB=9.018003, Z₀(α*)=39.721351, intercept=5.881536 (0.172s) [OMP=0.135 ISP-L=0.004 ISP-F=0.011 MW-L=0.009 MW-F=0.016]
  Alt-Benders[4] (mw): LB=9.353562, Z₀(α*)=41.527672, intercept=37.802393 (0.203s) [OMP=0.170 ISP-L=0.004 ISP-F=0.012 MW-L=0.007 MW-F=0.010]
  Alt-Benders[5] (mw): LB=9.609002, Z₀(α*)=37.216050, intercept=-34.079030 (0.172s) [OMP=0.132 ISP-L=0.004 ISP-F=0.011 MW-L=0.009 MW-F=0.010]
  OMP re-solve: 0.139s

=== True-DRO Benders iter 9 ===
  OMP: t₀=10.007837, UB=40.688738, gap=7.54e-01, x=[0, 0, 0, 0, 0, 0, 0, 0, 0, 0, 0, 0, 0, 0, 1, 0, 0, 0, 0, 0, 0, 0, 0, 0, 0, 0, 0, 0, 0, 0, 0, 0, 0, 1, 0, 0, 0, 0, 0, 0, 0, 0, 0, 0, 0, 0, 0] (0.000s)
  Sub: Z₀=45.067417 [LOCAL] (0.2s), α=[0.000,0.000,0.000,0.000,0.000,0.000,0.000,0.000,0.000,0.000,0.000,0.000,0.000,0.000,0.000,0.000,0.000,0.000,0.000,0.000,0.000,0.000,0.000,0.000,5.969,0.000,0.000,0.000,0.907,0.000,0.000,0.000,0.000,0.000,3.040,0.020,0.313,0.000,0.000,0.000,0.000,0.000,0.000,0.000,0.000,0.000,0.000]
  Iter 9: LB=10.007837  UB=40.688738  gap=7.54e-01
  Cut: intercept=-1116.934027, π_x_range=[-831.0577, 591.5579]
  Mini-Benders[1] (mw): LB=10.577156, Z₀(α*)=14.133258, intercept=-71.244195 (0.157s) [OMP=0.127 ISP-L=0.004 ISP-F=0.011 MW-L=0.007 MW-F=0.010]
  Mini-Benders[2] (mw): LB=10.921768, Z₀(α*)=22.422656, intercept=-93.015448 (0.172s) [OMP=0.137 ISP-L=0.004 ISP-F=0.010 MW-L=0.007 MW-F=0.012]
  Mini-Benders[3] (mw): LB=12.367618, Z₀(α*)=23.236586, intercept=7.071887 (0.171s) [OMP=0.131 ISP-L=0.004 ISP-F=0.012 MW-L=0.014 MW-F=0.010]
  Mini-Benders[4] (mw): LB=12.958884, Z₀(α*)=31.092763, intercept=-26.910487 (0.204s) [OMP=0.170 ISP-L=0.004 ISP-F=0.011 MW-L=0.008 MW-F=0.009]
  Mini-Benders[5] (mw): LB=13.352203, Z₀(α*)=15.425428, intercept=-59.775716 (0.203s) [OMP=0.157 ISP-L=0.004 ISP-F=0.011 MW-L=0.007 MW-F=0.012]
  α-step: Z₀=35.738393, α=[0.000,0.000,0.000,0.000,0.000,0.000,0.000,0.000,0.000,0.000,0.000,0.000,0.000,0.000,0.000,0.000,0.000,0.000,0.000,0.000,0.000,0.000,0.000,0.000,6.974,0.000,0.000,0.000,0.118,0.000,0.000,0.000,0.000,0.000,0.000,0.000,3.157,0.000,0.000,0.000,0.000,0.000,0.000,0.000,0.000,0.000,0.000]
  Alt-Benders[1] (mw): LB=13.730245, Z₀(α*)=44.870487, intercept=45.247689 (0.203s) [OMP=0.158 ISP-L=0.004 ISP-F=0.012 MW-L=0.007 MW-F=0.012]
  Alt-Benders[2] (mw): LB=14.046911, Z₀(α*)=26.786608, intercept=-39.288718 (0.203s) [OMP=0.160 ISP-L=0.004 ISP-F=0.010 MW-L=0.007 MW-F=0.015]
  Alt-Benders[3] (mw): LB=14.133256, Z₀(α*)=35.459778, intercept=-63.591747 (0.172s) [OMP=0.153 ISP-L=0.004 ISP-F=0.009 MW-L=0.008 MW-F=0.008]
  Alt-Benders[4] (mw): LB=14.282700, Z₀(α*)=37.890923, intercept=-71.941507 (0.188s) [OMP=0.152 ISP-L=0.004 ISP-F=0.011 MW-L=0.008 MW-F=0.011]
  Alt-Benders[5] (mw): LB=14.654282, Z₀(α*)=37.684824, intercept=-67.975768 (0.218s) [OMP=0.154 ISP-L=0.004 ISP-F=0.011 MW-L=0.008 MW-F=0.030]
  OMP re-solve: 0.160s

=== True-DRO Benders iter 10 ===
  OMP: t₀=14.710582, UB=40.688738, gap=6.38e-01, x=[0, 0, 0, 0, 0, 0, 0, 0, 0, 0, 0, 0, 0, 0, 0, 0, 0, 0, 0, 0, 0, 0, 0, 0, 1, 0, 0, 0, 0, 0, 0, 1, 0, 0, 0, 0, 0, 0, 0, 0, 0, 0, 0, 0, 0, 0, 0] (0.000s)
  Sub: Z₀=39.729049 (1.2s), α=[0.000,0.000,0.000,0.000,0.000,0.000,0.000,0.000,0.000,0.000,0.000,0.000,0.000,0.000,0.000,0.000,0.000,0.000,0.000,0.000,0.000,0.000,0.000,0.000,7.920,0.000,0.000,0.000,0.118,0.000,0.000,2.211,0.000,0.000,0.000,0.000,0.000,0.000,0.000,0.000,0.000,0.000,0.000,0.000,0.000,0.000,0.000]
  Iter 10: LB=14.710582  UB=39.729049  gap=6.30e-01
  Cut: intercept=-78.192645, π_x_range=[-263.0000, 81.3966]
  Sherali-Cut: intercept=8.928969, π_x_range=[-196.8566, 19.0501]
  Mini-Benders[1] (mw): LB=14.785479, Z₀(α*)=30.167397, intercept=-108.474075 (0.188s) [OMP=0.147 ISP-L=0.004 ISP-F=0.010 MW-L=0.012 MW-F=0.013]
  Mini-Benders[2] (mw): LB=14.826343, Z₀(α*)=32.565031, intercept=-39.555570 (0.187s) [OMP=0.147 ISP-L=0.004 ISP-F=0.013 MW-L=0.008 MW-F=0.011]
  Mini-Benders[3] (mw): LB=15.146482, Z₀(α*)=23.857337, intercept=-94.551668 (0.188s) [OMP=0.146 ISP-L=0.004 ISP-F=0.012 MW-L=0.009 MW-F=0.016]
  Mini-Benders[4] (mw): LB=15.153653, Z₀(α*)=14.072385, intercept=-73.887111 (0.172s) [OMP=0.142 ISP-L=0.004 ISP-F=0.012 MW-L=0.008 MW-F=0.012]
  Mini-Benders[5] (mw): LB=15.153653, Z₀(α*)=14.072385, intercept=-73.887111 (0.187s) [OMP=0.155 ISP-L=0.004 ISP-F=0.012 MW-L=0.008 MW-F=0.012]
  α-step: Z₀=38.119917, α=[0.000,0.000,0.000,0.000,0.000,0.000,0.000,0.000,0.000,0.000,0.000,0.000,0.000,0.000,0.000,0.000,0.000,0.000,0.000,0.000,0.000,0.000,0.878,0.000,0.000,0.000,0.000,0.000,1.785,0.000,0.000,2.411,0.000,0.000,0.000,0.000,5.175,0.000,0.000,0.000,0.000,0.000,0.000,0.000,0.000,0.000,0.000]
  Alt-Benders[1] (mw): LB=15.425426, Z₀(α*)=32.614806, intercept=-41.220755 (0.188s) [OMP=0.156 ISP-L=0.004 ISP-F=0.011 MW-L=0.008 MW-F=0.009]
  Alt-Benders[2] (mw): LB=15.840683, Z₀(α*)=39.524693, intercept=-62.321580 (0.187s) [OMP=0.153 ISP-L=0.004 ISP-F=0.011 MW-L=0.008 MW-F=0.009]
  Alt-Benders[3] (mw): LB=16.056079, Z₀(α*)=39.966682, intercept=-72.456082 (0.203s) [OMP=0.164 ISP-L=0.004 ISP-F=0.010 MW-L=0.008 MW-F=0.016]
  Alt-Benders[4] (mw): LB=16.192555, Z₀(α*)=32.191881, intercept=-23.109351 (0.188s) [OMP=0.165 ISP-L=0.004 ISP-F=0.010 MW-L=0.007 MW-F=0.009]
  Alt-Benders[5] (mw): LB=16.360372, Z₀(α*)=28.780960, intercept=-134.802813 (0.187s) [OMP=0.146 ISP-L=0.004 ISP-F=0.011 MW-L=0.008 MW-F=0.011]
  OMP re-solve: 0.163s

=== True-DRO Benders iter 11 ===
  OMP: t₀=16.618893, UB=39.729049, gap=5.82e-01, x=[0, 0, 0, 0, 0, 0, 0, 0, 0, 0, 0, 0, 0, 0, 0, 1, 0, 0, 0, 0, 0, 0, 0, 0, 0, 0, 0, 0, 0, 0, 0, 0, 0, 0, 1, 0, 0, 0, 0, 0, 0, 0, 0, 0, 0, 0, 0] (0.000s)
  Sub: Z₀=40.804624 [LOCAL] (0.2s), α=[0.000,0.000,0.000,0.000,0.000,0.000,0.000,0.000,0.000,0.000,0.000,0.000,0.000,0.000,0.000,0.000,0.000,0.000,0.000,0.000,0.000,0.000,0.000,0.000,0.000,0.000,0.000,0.035,4.761,0.000,0.000,0.000,0.000,0.000,2.413,2.883,0.157,0.000,0.000,0.000,0.000,0.000,0.000,0.000,0.000,0.000,0.000]
  Iter 11: LB=16.618893  UB=39.729049  gap=5.82e-01
  Cut: intercept=-1080.547165, π_x_range=[-829.6489, 583.1230]
  Mini-Benders[1] (mw): LB=16.988580, Z₀(α*)=30.623455, intercept=-23.163798 (0.188s) [OMP=0.153 ISP-L=0.004 ISP-F=0.012 MW-L=0.008 MW-F=0.013]
  Mini-Benders[2] (mw): LB=18.613927, Z₀(α*)=32.477649, intercept=-131.854579 (0.187s) [OMP=0.154 ISP-L=0.004 ISP-F=0.012 MW-L=0.008 MW-F=0.012]
  Mini-Benders[3] (mw): LB=18.886243, Z₀(α*)=40.750635, intercept=-57.979027 (0.219s) [OMP=0.172 ISP-L=0.004 ISP-F=0.012 MW-L=0.013 MW-F=0.011]
  Mini-Benders[4] (mw): LB=19.270447, Z₀(α*)=40.944957, intercept=-164.886006 (0.203s) [OMP=0.172 ISP-L=0.004 ISP-F=0.012 MW-L=0.008 MW-F=0.012]
  Mini-Benders[5] (mw): LB=19.276967, Z₀(α*)=23.105654, intercept=-56.441892 (0.219s) [OMP=0.172 ISP-L=0.004 ISP-F=0.014 MW-L=0.008 MW-F=0.013]
  α-step: Z₀=34.452364, α=[0.000,0.000,0.000,0.000,0.000,0.000,0.000,0.000,0.000,0.000,0.000,0.000,0.000,0.000,0.000,0.000,0.000,0.000,0.000,0.000,0.000,0.000,4.981,0.000,0.000,0.000,0.000,0.000,1.512,0.000,0.000,0.000,0.000,0.000,0.272,0.568,2.916,0.000,0.000,0.000,0.000,0.000,0.000,0.000,0.000,0.000,0.000]
  Alt-Benders[1] (mw): LB=19.683632, Z₀(α*)=30.010891, intercept=-41.660071 (0.203s) [OMP=0.155 ISP-L=0.004 ISP-F=0.010 MW-L=0.008 MW-F=0.011]
  Alt-Benders[2] (mw): LB=19.809063, Z₀(α*)=16.659243, intercept=-25.138711 (0.204s) [OMP=0.171 ISP-L=0.004 ISP-F=0.010 MW-L=0.007 MW-F=0.015]
  Alt-Benders[3] (mw): LB=19.809063, Z₀(α*)=16.659243, intercept=-25.138711 (0.187s) [OMP=0.159 ISP-L=0.004 ISP-F=0.010 MW-L=0.007 MW-F=0.011]
  Alt-Benders[4] (mw): LB=19.809063, Z₀(α*)=16.659243, intercept=-25.138711 (0.203s) [OMP=0.163 ISP-L=0.004 ISP-F=0.010 MW-L=0.007 MW-F=0.011]
  Alt-Benders[5]: LB stagnated, break
  OMP re-solve: 0.000s

=== True-DRO Benders iter 12 ===
  OMP: t₀=19.809063, UB=39.729049, gap=5.01e-01, x=[0, 0, 0, 0, 0, 0, 0, 0, 0, 0, 0, 0, 0, 0, 0, 0, 0, 0, 0, 0, 0, 0, 0, 0, 0, 0, 0, 0, 0, 0, 0, 0, 1, 0, 1, 0, 0, 0, 0, 0, 0, 0, 0, 0, 0, 0, 0] (0.000s)
  Sub: Z₀=40.199864 [LOCAL] (0.2s), α=[0.000,0.000,0.000,0.000,0.000,0.000,0.000,0.000,0.000,0.000,0.000,0.000,0.000,0.000,0.000,0.000,0.000,0.000,0.000,0.000,0.000,0.000,0.043,0.040,0.498,0.000,0.000,0.000,5.161,0.000,0.000,0.000,0.000,0.000,2.858,0.712,0.938,0.000,0.000,0.000,0.000,0.000,0.000,0.000,0.000,0.000,0.000]
  Iter 12: LB=19.809063  UB=39.729049  gap=5.01e-01
  Cut: intercept=-1144.419772, π_x_range=[-825.3456, 598.5237]
  Mini-Benders[1] (mw): LB=20.017107, Z₀(α*)=36.345302, intercept=-78.437245 (0.219s) [OMP=0.175 ISP-L=0.004 ISP-F=0.011 MW-L=0.008 MW-F=0.014]
  Mini-Benders[2] (mw): LB=20.201431, Z₀(α*)=33.703728, intercept=-119.804241 (0.234s) [OMP=0.181 ISP-L=0.004 ISP-F=0.012 MW-L=0.008 MW-F=0.028]
  Mini-Benders[3] (mw): LB=20.232683, Z₀(α*)=35.877607, intercept=-28.552838 (0.203s) [OMP=0.168 ISP-L=0.004 ISP-F=0.012 MW-L=0.008 MW-F=0.020]
  Mini-Benders[4] (mw): LB=20.272231, Z₀(α*)=31.668491, intercept=-150.274993 (0.219s) [OMP=0.180 ISP-L=0.004 ISP-F=0.012 MW-L=0.008 MW-F=0.010]
  Mini-Benders[5] (mw): LB=20.612789, Z₀(α*)=41.705248, intercept=-30.654003 (0.203s) [OMP=0.166 ISP-L=0.004 ISP-F=0.011 MW-L=0.008 MW-F=0.012]
  α-step: Z₀=41.983243, α=[0.000,0.000,0.000,0.000,0.000,0.000,0.000,0.000,0.000,0.000,0.000,0.000,0.000,0.000,0.000,0.000,0.000,0.000,0.000,0.000,0.000,0.000,4.451,0.000,0.000,0.000,0.000,0.000,5.798,0.000,0.000,0.000,0.000,0.000,0.000,0.000,0.000,0.000,0.000,0.000,0.000,0.000,0.000,0.000,0.000,0.000,0.000]
  Alt-Benders[1] (mw): LB=20.838337, Z₀(α*)=33.925994, intercept=-45.420883 (0.188s) [OMP=0.157 ISP-L=0.004 ISP-F=0.010 MW-L=0.008 MW-F=0.012]
  Alt-Benders[2] (mw): LB=21.079537, Z₀(α*)=10.972854, intercept=-45.480618 (0.234s) [OMP=0.199 ISP-L=0.004 ISP-F=0.010 MW-L=0.008 MW-F=0.009]
  Alt-Benders[3] (mw): LB=21.079537, Z₀(α*)=10.972854, intercept=-45.480618 (0.203s) [OMP=0.163 ISP-L=0.004 ISP-F=0.010 MW-L=0.014 MW-F=0.009]
  Alt-Benders[4] (mw): LB=21.079537, Z₀(α*)=10.972854, intercept=-45.480618 (0.188s) [OMP=0.165 ISP-L=0.004 ISP-F=0.010 MW-L=0.008 MW-F=0.009]
  Alt-Benders[5]: LB stagnated, break
  OMP re-solve: 0.000s

=== True-DRO Benders iter 13 ===
  OMP: t₀=21.079537, UB=39.729049, gap=4.69e-01, x=[0, 0, 0, 0, 0, 0, 0, 0, 0, 0, 0, 0, 0, 0, 0, 0, 0, 0, 0, 0, 0, 0, 0, 0, 0, 0, 0, 0, 0, 0, 0, 0, 0, 0, 0, 1, 1, 0, 0, 0, 0, 0, 0, 0, 0, 0, 0] (0.000s)
  Sub: Z₀=42.320028 [LOCAL] (0.2s), α=[0.000,0.000,0.000,0.000,0.000,0.000,0.000,0.000,0.000,0.000,0.000,0.000,0.000,0.000,0.000,0.000,0.000,0.000,0.000,0.000,0.000,0.000,0.000,0.000,0.160,0.000,0.000,0.000,2.744,0.000,0.000,0.000,0.000,0.000,0.000,2.160,5.184,0.000,0.000,0.000,0.000,0.000,0.000,0.000,0.000,0.000,0.000]
  Iter 13: LB=21.079537  UB=39.729049  gap=4.69e-01
  Cut: intercept=-1132.697066, π_x_range=[-830.5962, 588.0074]
  Mini-Benders[1] (mw): LB=21.672566, Z₀(α*)=33.358082, intercept=-163.263892 (0.234s) [OMP=0.191 ISP-L=0.004 ISP-F=0.012 MW-L=0.013 MW-F=0.011]
  Mini-Benders[2] (mw): LB=22.354346, Z₀(α*)=39.913493, intercept=0.546768 (0.234s) [OMP=0.196 ISP-L=0.004 ISP-F=0.012 MW-L=0.008 MW-F=0.011]
  Mini-Benders[3] (mw): LB=22.422654, Z₀(α*)=36.228911, intercept=-98.828084 (0.204s) [OMP=0.173 ISP-L=0.004 ISP-F=0.012 MW-L=0.007 MW-F=0.017]
  Mini-Benders[4] (mw): LB=22.975280, Z₀(α*)=40.344597, intercept=17.250325 (0.203s) [OMP=0.165 ISP-L=0.004 ISP-F=0.013 MW-L=0.007 MW-F=0.011]
  Mini-Benders[5] (mw): LB=23.105652, Z₀(α*)=7.526022, intercept=-76.043593 (0.218s) [OMP=0.182 ISP-L=0.004 ISP-F=0.012 MW-L=0.008 MW-F=0.014]
  α-step: Z₀=35.760688, α=[0.000,0.000,0.000,0.000,0.000,0.000,0.000,0.000,0.000,0.000,0.000,0.000,0.000,0.000,0.000,0.000,0.000,0.000,0.000,0.000,0.000,0.000,0.867,0.000,1.896,0.000,0.000,0.000,3.611,0.000,0.000,0.000,0.000,0.000,2.169,0.000,1.706,0.000,0.000,0.000,0.000,0.000,0.000,0.000,0.000,0.000,0.000]
  Alt-Benders[1] (mw): LB=23.174846, Z₀(α*)=40.145033, intercept=4.921571 (0.219s) [OMP=0.180 ISP-L=0.004 ISP-F=0.011 MW-L=0.008 MW-F=0.011]
  Alt-Benders[2] (mw): LB=23.236584, Z₀(α*)=14.934947, intercept=-3.349004 (0.219s) [OMP=0.185 ISP-L=0.004 ISP-F=0.010 MW-L=0.008 MW-F=0.013]
  Alt-Benders[3] (mw): LB=23.236584, Z₀(α*)=14.934947, intercept=-3.349004 (0.203s) [OMP=0.151 ISP-L=0.004 ISP-F=0.010 MW-L=0.008 MW-F=0.018]
  Alt-Benders[4] (mw): LB=23.236584, Z₀(α*)=14.934947, intercept=-3.349004 (0.172s) [OMP=0.151 ISP-L=0.004 ISP-F=0.010 MW-L=0.008 MW-F=0.013]
  Alt-Benders[5]: LB stagnated, break
  OMP re-solve: 0.000s

=== True-DRO Benders iter 14 ===
  OMP: t₀=23.236584, UB=39.729049, gap=4.15e-01, x=[0, 0, 0, 0, 0, 0, 0, 0, 0, 0, 0, 0, 0, 0, 0, 1, 0, 0, 0, 0, 0, 0, 0, 0, 0, 0, 0, 0, 0, 0, 0, 1, 0, 0, 0, 0, 0, 0, 0, 0, 0, 0, 0, 0, 0, 0, 0] (0.000s)
  Sub: Z₀=43.142313 [LOCAL] (0.3s), α=[0.000,0.000,0.000,0.000,0.000,0.000,0.000,0.000,0.000,0.000,0.000,0.000,0.000,0.000,0.000,0.000,0.000,0.000,0.000,0.000,0.000,0.000,0.000,0.000,4.414,0.000,0.000,0.000,0.960,0.000,0.000,4.874,0.000,0.000,0.000,0.000,0.000,0.000,0.000,0.000,0.000,0.000,0.000,0.000,0.000,0.000,0.000]
  Iter 14: LB=23.236584  UB=39.729049  gap=4.15e-01
  Cut: intercept=-1063.848541, π_x_range=[-831.0624, 564.1628]
  Mini-Benders[1] (mw): LB=23.582876, Z₀(α*)=36.126280, intercept=28.827052 (0.203s) [OMP=0.170 ISP-L=0.004 ISP-F=0.012 MW-L=0.013 MW-F=0.012]
  Mini-Benders[2] (mw): LB=23.679934, Z₀(α*)=38.275796, intercept=19.399360 (0.203s) [OMP=0.155 ISP-L=0.004 ISP-F=0.011 MW-L=0.008 MW-F=0.012]
  Mini-Benders[3] (mw): LB=23.693773, Z₀(α*)=16.971100, intercept=-19.306340 (0.203s) [OMP=0.163 ISP-L=0.004 ISP-F=0.013 MW-L=0.007 MW-F=0.014]
  Mini-Benders[4] (mw): LB=23.693773, Z₀(α*)=16.971100, intercept=-19.306340 (0.172s) [OMP=0.142 ISP-L=0.004 ISP-F=0.013 MW-L=0.013 MW-F=0.014]
  Mini-Benders[5] (mw): LB=23.693773, Z₀(α*)=16.971100, intercept=-19.306340 (0.172s) [OMP=0.141 ISP-L=0.004 ISP-F=0.013 MW-L=0.007 MW-F=0.014]
  α-step: Z₀=44.024814, α=[0.000,0.000,0.000,0.000,0.000,0.000,0.000,0.000,0.000,0.000,0.000,0.000,0.000,0.000,0.000,0.000,0.000,0.000,0.000,0.000,0.000,0.000,3.394,0.000,2.396,0.000,0.000,0.000,4.301,0.000,0.000,0.000,0.000,0.000,0.000,0.000,0.157,0.000,0.000,0.000,0.000,0.000,0.000,0.000,0.000,0.000,0.000]
  Alt-Benders[1] (mw): LB=23.857335, Z₀(α*)=38.164664, intercept=-98.285181 (0.218s) [OMP=0.171 ISP-L=0.004 ISP-F=0.012 MW-L=0.013 MW-F=0.011]
  Alt-Benders[2] (mw): LB=23.894817, Z₀(α*)=37.521524, intercept=-128.198286 (0.188s) [OMP=0.162 ISP-L=0.004 ISP-F=0.011 MW-L=0.007 MW-F=0.011]
  Alt-Benders[3] (mw): LB=24.718839, Z₀(α*)=38.010885, intercept=-44.964292 (0.203s) [OMP=0.165 ISP-L=0.004 ISP-F=0.010 MW-L=0.007 MW-F=0.018]
  Alt-Benders[4] (mw): LB=24.956662, Z₀(α*)=37.726167, intercept=-4.364889 (0.250s) [OMP=0.207 ISP-L=0.004 ISP-F=0.010 MW-L=0.007 MW-F=0.010]
  Alt-Benders[5] (mw): LB=25.566903, Z₀(α*)=39.831437, intercept=-25.220451 (0.187s) [OMP=0.165 ISP-L=0.004 ISP-F=0.011 MW-L=0.008 MW-F=0.010]
  OMP re-solve: 0.163s

=== True-DRO Benders iter 15 ===
  OMP: t₀=26.051042, UB=39.729049, gap=3.44e-01, x=[0, 0, 0, 0, 0, 0, 0, 0, 0, 0, 0, 0, 0, 0, 0, 1, 0, 0, 0, 0, 0, 0, 0, 0, 0, 0, 0, 0, 0, 0, 0, 0, 0, 0, 0, 1, 0, 0, 0, 0, 0, 0, 0, 0, 0, 0, 0] (0.000s)
  Sub: Z₀=44.664944 (2.6s), α=[0.000,0.000,0.000,0.000,0.000,0.000,0.000,0.000,0.000,0.000,0.000,0.000,0.000,0.000,0.000,0.000,0.000,0.000,0.000,0.000,0.000,0.000,0.000,0.000,0.160,0.000,0.000,0.000,2.744,0.000,0.000,0.000,0.000,0.000,0.000,5.721,1.624,0.000,0.000,0.000,0.000,0.000,0.000,0.000,0.000,0.000,0.000]
  Iter 15: LB=26.051042  UB=39.729049  gap=3.44e-01
  Cut: intercept=-74.342520, π_x_range=[-214.7983, 104.6189]
  Sherali-Cut: intercept=37.635808, π_x_range=[-162.6126, 7.0291]
  Mini-Benders[1] (mw): LB=26.199037, Z₀(α*)=37.725230, intercept=28.790582 (0.203s) [OMP=0.171 ISP-L=0.004 ISP-F=0.011 MW-L=0.008 MW-F=0.008]
  Mini-Benders[2] (mw): LB=26.228232, Z₀(α*)=35.457585, intercept=-58.561138 (0.203s) [OMP=0.167 ISP-L=0.004 ISP-F=0.012 MW-L=0.013 MW-F=0.011]
  Mini-Benders[3] (mw): LB=26.275086, Z₀(α*)=43.212573, intercept=34.823987 (0.203s) [OMP=0.161 ISP-L=0.004 ISP-F=0.011 MW-L=0.007 MW-F=0.009]
  Mini-Benders[4] (mw): LB=26.738600, Z₀(α*)=20.247378, intercept=-151.102252 (0.203s) [OMP=0.159 ISP-L=0.004 ISP-F=0.010 MW-L=0.007 MW-F=0.016]
  Mini-Benders[5] (mw): LB=26.738600, Z₀(α*)=20.247378, intercept=-151.102252 (0.172s) [OMP=0.152 ISP-L=0.004 ISP-F=0.010 MW-L=0.008 MW-F=0.011]
  α-step: Z₀=35.882644, α=[0.000,0.000,0.000,0.000,0.000,0.000,0.000,0.000,0.000,0.000,0.000,0.000,0.000,0.000,0.000,0.000,0.000,0.000,0.000,0.000,0.000,0.000,0.000,0.000,0.000,0.000,0.000,0.000,9.957,0.000,0.000,0.000,0.000,0.000,0.000,0.000,0.292,0.000,0.000,0.000,0.000,0.000,0.000,0.000,0.000,0.000,0.000]
  Alt-Benders[1] (mw): LB=26.773109, Z₀(α*)=33.806700, intercept=-82.489915 (0.234s) [OMP=0.189 ISP-L=0.004 ISP-F=0.011 MW-L=0.008 MW-F=0.017]
  Alt-Benders[2] (mw): LB=27.169616, Z₀(α*)=40.175083, intercept=3.214063 (0.204s) [OMP=0.173 ISP-L=0.004 ISP-F=0.011 MW-L=0.008 MW-F=0.014]
  Alt-Benders[3] (mw): LB=27.211870, Z₀(α*)=-1.744624, intercept=-34.317102 (0.234s) [OMP=0.183 ISP-L=0.004 ISP-F=0.011 MW-L=0.009 MW-F=0.014]
  Alt-Benders[4] (mw): LB=27.211870, Z₀(α*)=-1.744624, intercept=-34.317102 (0.187s) [OMP=0.154 ISP-L=0.004 ISP-F=0.011 MW-L=0.009 MW-F=0.021]
  Alt-Benders[5] (mw): LB=27.211870, Z₀(α*)=-1.744624, intercept=-34.317102 (0.204s) [OMP=0.155 ISP-L=0.004 ISP-F=0.011 MW-L=0.009 MW-F=0.014]
  OMP re-solve: 0.154s

=== True-DRO Benders iter 16 ===
  OMP: t₀=27.211870, UB=39.729049, gap=3.15e-01, x=[0, 0, 0, 0, 0, 0, 0, 0, 0, 0, 0, 0, 0, 0, 0, 0, 0, 0, 0, 0, 0, 0, 1, 1, 0, 0, 0, 0, 0, 0, 0, 0, 0, 0, 0, 0, 0, 0, 0, 0, 0, 0, 0, 0, 0, 0, 0] (0.000s)
  Sub: Z₀=38.418031 [LOCAL] (0.6s), α=[0.000,0.000,0.000,0.000,0.000,0.000,0.000,0.000,0.000,0.000,0.000,0.000,0.000,0.000,0.000,0.000,0.000,0.000,0.000,0.000,0.000,0.000,4.142,0.000,0.000,0.000,0.000,0.000,0.000,0.000,0.000,0.000,0.000,0.000,0.000,1.659,4.449,0.000,0.000,0.000,0.000,0.000,0.000,0.000,0.000,0.000,0.000]
  Iter 16: LB=27.211870  UB=39.729049  gap=3.15e-01
  Cut: intercept=-1148.591530, π_x_range=[-829.7586, 599.5614]
  Mini-Benders[1] (mw): LB=27.387159, Z₀(α*)=-3.690551, intercept=6.405075 (0.219s) [OMP=0.178 ISP-L=0.004 ISP-F=0.012 MW-L=0.012 MW-F=0.012]
  Mini-Benders[2] (mw): LB=27.387159, Z₀(α*)=-3.690551, intercept=6.405075 (0.218s) [OMP=0.172 ISP-L=0.004 ISP-F=0.012 MW-L=0.007 MW-F=0.012]
  Mini-Benders[3] (mw): LB=27.387159, Z₀(α*)=-3.690551, intercept=6.405075 (0.203s) [OMP=0.173 ISP-L=0.004 ISP-F=0.012 MW-L=0.007 MW-F=0.012]
  Mini-Benders[4]: LB stagnated, break
  α-step: Z₀=42.672790, α=[0.000,0.000,0.000,0.000,0.000,0.000,0.000,0.000,0.000,0.000,0.000,0.000,0.000,0.000,0.000,0.000,0.000,0.000,0.000,0.000,0.000,0.000,1.014,0.000,7.263,0.000,0.000,0.000,1.921,0.000,0.000,0.000,0.000,0.000,0.000,0.000,0.051,0.000,0.000,0.000,0.000,0.000,0.000,0.000,0.000,0.000,0.000]
  Alt-Benders[1] (mw): LB=27.452562, Z₀(α*)=38.196731, intercept=-11.611709 (0.218s) [OMP=0.180 ISP-L=0.004 ISP-F=0.013 MW-L=0.008 MW-F=0.012]
  Alt-Benders[2] (mw): LB=28.058478, Z₀(α*)=33.158346, intercept=-172.482750 (0.203s) [OMP=0.173 ISP-L=0.004 ISP-F=0.010 MW-L=0.007 MW-F=0.011]
  Alt-Benders[3] (mw): LB=28.070674, Z₀(α*)=38.795580, intercept=-25.248183 (0.219s) [OMP=0.181 ISP-L=0.004 ISP-F=0.010 MW-L=0.013 MW-F=0.009]
  Alt-Benders[4] (mw): LB=28.167126, Z₀(α*)=40.507573, intercept=11.235615 (0.219s) [OMP=0.177 ISP-L=0.004 ISP-F=0.012 MW-L=0.008 MW-F=0.010]
  Alt-Benders[5] (mw): LB=28.260295, Z₀(α*)=41.192533, intercept=24.914459 (0.234s) [OMP=0.191 ISP-L=0.005 ISP-F=0.011 MW-L=0.009 MW-F=0.015]
  OMP re-solve: 0.172s

=== True-DRO Benders iter 17 ===
  OMP: t₀=28.652452, UB=39.729049, gap=2.79e-01, x=[0, 0, 0, 0, 0, 0, 0, 0, 0, 0, 0, 0, 0, 0, 0, 0, 0, 0, 0, 0, 0, 0, 0, 0, 0, 1, 1, 0, 0, 0, 0, 0, 0, 0, 0, 0, 0, 0, 0, 0, 0, 0, 0, 0, 0, 0, 0] (0.000s)
  Sub: Z₀=41.519162 [LOCAL] (0.2s), α=[0.000,0.000,0.000,0.000,0.000,0.000,0.000,0.000,0.000,0.000,0.000,0.000,0.000,0.000,0.000,0.000,0.000,0.000,0.000,0.000,0.000,0.000,0.000,0.000,7.115,0.000,0.000,0.016,3.118,0.000,0.000,0.000,0.000,0.000,0.000,0.000,0.000,0.000,0.000,0.000,0.000,0.000,0.000,0.000,0.000,0.000,0.000]
  Iter 17: LB=28.652452  UB=39.729049  gap=2.79e-01
  Cut: intercept=-1136.469122, π_x_range=[-830.4719, 593.5801]
  Mini-Benders[1] (mw): LB=28.780958, Z₀(α*)=19.925902, intercept=-127.601964 (0.218s) [OMP=0.192 ISP-L=0.004 ISP-F=0.010 MW-L=0.007 MW-F=0.012]
  Mini-Benders[2] (mw): LB=28.780958, Z₀(α*)=19.925902, intercept=-127.601964 (0.219s) [OMP=0.169 ISP-L=0.004 ISP-F=0.010 MW-L=0.007 MW-F=0.017]
  Mini-Benders[3] (mw): LB=28.780958, Z₀(α*)=19.925902, intercept=-127.601964 (0.203s) [OMP=0.168 ISP-L=0.004 ISP-F=0.010 MW-L=0.008 MW-F=0.012]
  Mini-Benders[4]: LB stagnated, break
  α-step: Z₀=34.714126, α=[0.000,0.000,0.000,0.000,0.000,0.000,0.000,0.000,0.000,0.000,0.000,0.000,0.000,0.000,0.000,0.000,0.000,0.000,0.000,0.000,0.000,0.000,0.000,0.000,0.000,0.529,0.000,2.595,6.968,0.000,0.000,0.000,0.000,0.000,0.000,0.000,0.157,0.000,0.000,0.000,0.000,0.000,0.000,0.000,0.000,0.000,0.000]
  Alt-Benders[1] (mw): LB=29.182622, Z₀(α*)=37.161072, intercept=-37.224286 (0.219s) [OMP=0.178 ISP-L=0.004 ISP-F=0.011 MW-L=0.007 MW-F=0.016]
  Alt-Benders[2] (mw): LB=29.301501, Z₀(α*)=24.645288, intercept=-29.638365 (0.250s) [OMP=0.218 ISP-L=0.004 ISP-F=0.011 MW-L=0.008 MW-F=0.009]
  Alt-Benders[3] (mw): LB=29.301502, Z₀(α*)=24.645288, intercept=-29.638365 (0.250s) [OMP=0.208 ISP-L=0.004 ISP-F=0.011 MW-L=0.008 MW-F=0.009]
  Alt-Benders[4] (mw): LB=29.301502, Z₀(α*)=24.645288, intercept=-29.638365 (0.250s) [OMP=0.208 ISP-L=0.004 ISP-F=0.010 MW-L=0.008 MW-F=0.014]
  Alt-Benders[5]: LB stagnated, break
  OMP re-solve: 0.000s

=== True-DRO Benders iter 18 ===
  OMP: t₀=29.301502, UB=39.729049, gap=2.62e-01, x=[0, 0, 0, 0, 0, 0, 0, 0, 0, 0, 0, 0, 0, 0, 0, 0, 0, 0, 0, 0, 0, 0, 1, 0, 0, 0, 0, 0, 0, 0, 0, 0, 0, 0, 0, 1, 0, 0, 0, 0, 0, 0, 0, 0, 0, 0, 0] (0.000s)
  Sub: Z₀=42.063279 [LOCAL] (0.4s), α=[0.000,0.000,0.000,0.000,0.000,0.000,0.000,0.000,0.000,0.000,0.000,0.000,0.000,0.000,0.000,0.000,0.000,0.000,0.000,0.000,0.000,0.000,0.000,0.000,1.532,0.000,0.000,0.000,0.000,0.000,0.000,0.000,0.000,0.000,0.000,3.372,5.346,0.000,0.000,0.000,0.000,0.000,0.000,0.000,0.000,0.000,0.000]
  Iter 18: LB=29.301502  UB=39.729049  gap=2.62e-01
  Cut: intercept=-1133.042066, π_x_range=[-832.8928, 589.7572]
  Mini-Benders[1] (mw): LB=29.332081, Z₀(α*)=26.494723, intercept=-175.016106 (0.250s) [OMP=0.206 ISP-L=0.004 ISP-F=0.013 MW-L=0.008 MW-F=0.012]
  Mini-Benders[2] (mw): LB=29.332081, Z₀(α*)=26.494723, intercept=-175.016106 (0.219s) [OMP=0.181 ISP-L=0.004 ISP-F=0.012 MW-L=0.014 MW-F=0.011]
  Mini-Benders[3] (mw): LB=29.332081, Z₀(α*)=26.494723, intercept=-175.016106 (0.219s) [OMP=0.179 ISP-L=0.004 ISP-F=0.013 MW-L=0.008 MW-F=0.011]
  Mini-Benders[4]: LB stagnated, break
  α-step: Z₀=42.271966, α=[0.000,0.000,0.000,0.000,0.000,0.000,0.000,0.000,0.000,0.000,0.000,0.000,0.000,0.000,0.000,0.000,0.000,0.000,0.000,0.000,0.000,0.000,3.012,0.000,0.000,0.000,0.000,0.000,6.335,0.000,0.000,0.000,0.000,0.000,0.000,0.000,0.902,0.000,0.000,0.000,0.000,0.000,0.000,0.000,0.000,0.000,0.000]
  Alt-Benders[1] (mw): LB=29.332541, Z₀(α*)=43.298132, intercept=-88.769247 (0.203s) [OMP=0.172 ISP-L=0.004 ISP-F=0.011 MW-L=0.014 MW-F=0.012]
  Alt-Benders[2] (mw): LB=29.393374, Z₀(α*)=40.968632, intercept=23.895829 (0.250s) [OMP=0.203 ISP-L=0.004 ISP-F=0.011 MW-L=0.008 MW-F=0.010]
  Alt-Benders[3] (mw): LB=29.777632, Z₀(α*)=37.004115, intercept=-81.032111 (0.234s) [OMP=0.204 ISP-L=0.004 ISP-F=0.010 MW-L=0.008 MW-F=0.009]
  Alt-Benders[4] (mw): LB=29.792729, Z₀(α*)=5.856472, intercept=-45.271493 (0.250s) [OMP=0.215 ISP-L=0.004 ISP-F=0.010 MW-L=0.014 MW-F=0.013]
  Alt-Benders[5] (mw): LB=29.792729, Z₀(α*)=5.856472, intercept=-45.271493 (0.281s) [OMP=0.241 ISP-L=0.004 ISP-F=0.010 MW-L=0.008 MW-F=0.013]
  OMP re-solve: 0.243s

=== True-DRO Benders iter 19 ===
  OMP: t₀=29.792729, UB=39.729049, gap=2.50e-01, x=[0, 0, 0, 0, 0, 0, 0, 0, 0, 0, 0, 0, 0, 0, 0, 0, 0, 0, 0, 0, 0, 0, 0, 0, 1, 1, 0, 0, 0, 0, 0, 0, 0, 0, 0, 0, 0, 0, 0, 0, 0, 0, 0, 0, 0, 0, 0] (0.000s)
  Sub: Z₀=40.554720 [LOCAL] (0.3s), α=[0.000,0.000,0.000,0.000,0.000,0.000,0.000,0.000,0.000,0.000,0.000,0.000,0.000,0.000,0.000,0.000,0.000,0.000,0.000,0.000,0.000,0.000,0.000,0.000,8.236,1.106,0.000,0.000,0.907,0.000,0.000,0.000,0.000,0.000,0.000,0.000,0.000,0.000,0.000,0.000,0.000,0.000,0.000,0.000,0.000,0.000,0.000]
  Iter 19: LB=29.792729  UB=39.729049  gap=2.50e-01
  Cut: intercept=-1136.430864, π_x_range=[-830.7882, 592.2306]
  Mini-Benders[1] (mw): LB=29.839501, Z₀(α*)=42.664750, intercept=19.066742 (0.265s) [OMP=0.219 ISP-L=0.004 ISP-F=0.012 MW-L=0.007 MW-F=0.011]
  Mini-Benders[2] (mw): LB=29.847913, Z₀(α*)=22.877651, intercept=-136.038751 (0.282s) [OMP=0.249 ISP-L=0.004 ISP-F=0.011 MW-L=0.006 MW-F=0.009]
  Mini-Benders[3] (mw): LB=29.847913, Z₀(α*)=22.877651, intercept=-136.038751 (0.234s) [OMP=0.211 ISP-L=0.004 ISP-F=0.011 MW-L=0.006 MW-F=0.015]
  Mini-Benders[4] (mw): LB=29.847913, Z₀(α*)=22.877651, intercept=-136.038751 (0.234s) [OMP=0.202 ISP-L=0.004 ISP-F=0.011 MW-L=0.007 MW-F=0.009]
  Mini-Benders[5]: LB stagnated, break
  α-step: Z₀=34.898822, α=[0.000,0.000,0.000,0.000,0.000,0.000,0.000,0.000,0.000,0.000,0.000,0.000,0.000,0.000,0.000,0.000,0.000,0.000,0.000,0.000,0.000,0.000,0.000,0.000,0.000,0.000,0.000,0.000,10.249,0.000,0.000,0.000,0.000,0.000,0.000,0.000,0.000,0.000,0.000,0.000,0.000,0.000,0.000,0.000,0.000,0.000,0.000]
  Alt-Benders[1] (mw): LB=29.886037, Z₀(α*)=36.217430, intercept=2.364334 (0.266s) [OMP=0.232 ISP-L=0.004 ISP-F=0.012 MW-L=0.008 MW-F=0.017]
  Alt-Benders[2] (mw): LB=30.010889, Z₀(α*)=-1.861406, intercept=-15.207326 (0.266s) [OMP=0.225 ISP-L=0.004 ISP-F=0.010 MW-L=0.009 MW-F=0.012]
  Alt-Benders[3] (mw): LB=30.010889, Z₀(α*)=-1.861406, intercept=-15.207326 (0.250s) [OMP=0.215 ISP-L=0.004 ISP-F=0.010 MW-L=0.009 MW-F=0.012]
  Alt-Benders[4] (mw): LB=30.010889, Z₀(α*)=-1.861406, intercept=-15.207326 (0.250s) [OMP=0.215 ISP-L=0.004 ISP-F=0.010 MW-L=0.015 MW-F=0.012]
  Alt-Benders[5]: LB stagnated, break
  OMP re-solve: 0.000s

=== True-DRO Benders iter 20 ===
  OMP: t₀=30.010889, UB=39.729049, gap=2.45e-01, x=[0, 0, 0, 0, 0, 0, 0, 0, 0, 0, 0, 0, 0, 0, 0, 0, 0, 0, 0, 0, 0, 0, 0, 0, 0, 0, 0, 0, 0, 0, 0, 0, 0, 1, 0, 0, 1, 0, 0, 0, 0, 0, 0, 0, 0, 0, 0] (0.000s)
  Sub: Z₀=43.350186 (3.7s), α=[0.000,0.000,0.000,0.000,0.000,0.000,0.000,0.000,0.000,0.000,0.000,0.000,0.000,0.000,0.000,0.000,0.000,0.000,0.000,0.000,0.000,0.000,0.000,0.000,0.160,0.000,0.000,0.000,0.887,0.000,0.000,0.000,1.857,0.000,0.000,0.000,7.345,0.000,0.000,0.000,0.000,0.000,0.000,0.000,0.000,0.000,0.000]
  Iter 20: LB=30.010889  UB=39.729049  gap=2.45e-01
  Cut: intercept=-35.833994, π_x_range=[-178.8251, 52.4326]
  Sherali-Cut: intercept=1.369415, π_x_range=[-138.0717, 22.6900]
  Mini-Benders[1] (mw): LB=30.159416, Z₀(α*)=-0.575892, intercept=-146.077516 (0.250s) [OMP=0.215 ISP-L=0.004 ISP-F=0.011 MW-L=0.007 MW-F=0.010]
  Mini-Benders[2] (mw): LB=30.159416, Z₀(α*)=-0.575892, intercept=-146.077516 (0.250s) [OMP=0.212 ISP-L=0.004 ISP-F=0.011 MW-L=0.007 MW-F=0.010]
  Mini-Benders[3] (mw): LB=30.159416, Z₀(α*)=-0.575892, intercept=-146.077516 (0.250s) [OMP=0.210 ISP-L=0.004 ISP-F=0.011 MW-L=0.007 MW-F=0.016]
  Mini-Benders[4]: LB stagnated, break
  α-step: Z₀=38.345288, α=[0.000,0.000,0.000,0.000,0.000,0.000,0.000,0.000,0.000,0.000,0.000,0.000,0.000,0.000,0.000,0.000,0.000,0.000,0.000,0.000,0.000,0.000,0.000,0.000,5.265,0.000,0.000,0.000,4.985,0.000,0.000,0.000,0.000,0.000,0.000,0.000,0.000,0.000,0.000,0.000,0.000,0.000,0.000,0.000,0.000,0.000,0.000]
  Alt-Benders[1] (mw): LB=30.167395, Z₀(α*)=34.779116, intercept=-55.435064 (0.266s) [OMP=0.234 ISP-L=0.004 ISP-F=0.009 MW-L=0.008 MW-F=0.012]
  Alt-Benders[2] (mw): LB=30.203503, Z₀(α*)=43.660824, intercept=-27.628090 (0.281s) [OMP=0.239 ISP-L=0.004 ISP-F=0.009 MW-L=0.013 MW-F=0.011]
  Alt-Benders[3] (mw): LB=30.277964, Z₀(α*)=32.224701, intercept=-134.185557 (0.219s) [OMP=0.194 ISP-L=0.004 ISP-F=0.009 MW-L=0.007 MW-F=0.011]
  Alt-Benders[4] (mw): LB=30.610631, Z₀(α*)=33.692260, intercept=-44.644861 (0.219s) [OMP=0.184 ISP-L=0.004 ISP-F=0.009 MW-L=0.007 MW-F=0.013]
  Alt-Benders[5] (mw): LB=30.623453, Z₀(α*)=26.024974, intercept=-22.077831 (0.219s) [OMP=0.176 ISP-L=0.004 ISP-F=0.010 MW-L=0.013 MW-F=0.012]
  OMP re-solve: 0.170s

=== True-DRO Benders iter 21 ===
  OMP: t₀=30.623453, UB=39.729049, gap=2.29e-01, x=[0, 0, 0, 0, 0, 0, 0, 0, 0, 0, 0, 0, 0, 0, 0, 0, 0, 0, 0, 0, 0, 0, 0, 1, 0, 0, 0, 0, 0, 0, 0, 0, 0, 1, 0, 0, 0, 0, 0, 0, 0, 0, 0, 0, 0, 0, 0] (0.000s)
  Sub: Z₀=40.950279 [LOCAL] (0.3s), α=[0.000,0.000,0.000,0.000,0.000,0.000,0.000,0.000,0.000,0.000,0.000,0.000,0.000,0.000,0.000,0.000,0.000,0.000,0.000,0.000,0.000,0.000,3.199,3.737,2.776,0.000,0.000,0.000,0.000,0.000,0.000,0.000,0.000,0.000,0.000,0.061,0.476,0.000,0.000,0.000,0.000,0.000,0.000,0.000,0.000,0.000,0.000]
  Iter 21: LB=30.623453  UB=39.729049  gap=2.29e-01
  Cut: intercept=-1114.348374, π_x_range=[-828.1905, 578.8879]
  Mini-Benders[1] (mw): LB=30.654404, Z₀(α*)=2.621587, intercept=-20.713981 (0.219s) [OMP=0.172 ISP-L=0.004 ISP-F=0.013 MW-L=0.007 MW-F=0.014]
  Mini-Benders[2] (mw): LB=30.654404, Z₀(α*)=2.621587, intercept=-20.713981 (0.203s) [OMP=0.159 ISP-L=0.004 ISP-F=0.012 MW-L=0.012 MW-F=0.014]
  Mini-Benders[3] (mw): LB=30.654404, Z₀(α*)=2.621587, intercept=-20.713981 (0.187s) [OMP=0.161 ISP-L=0.004 ISP-F=0.013 MW-L=0.007 MW-F=0.014]
  Mini-Benders[4]: LB stagnated, break
  α-step: Z₀=44.040506, α=[0.000,0.000,0.000,0.000,0.000,0.000,0.000,0.000,0.000,0.000,0.000,0.000,0.000,0.000,0.000,0.000,0.000,0.000,0.000,0.000,0.000,0.000,3.012,0.000,0.851,0.000,0.000,0.000,6.335,0.000,0.000,0.000,0.000,0.000,0.000,0.000,0.051,0.000,0.000,0.000,0.000,0.000,0.000,0.000,0.000,0.000,0.000]
  Alt-Benders[1] (mw): LB=30.654404, Z₀(α*)=44.040506, intercept=0.104585 (0.234s) [OMP=0.181 ISP-L=0.004 ISP-F=0.011 MW-L=0.008 MW-F=0.022]
  Alt-Benders[2] (mw): LB=30.792391, Z₀(α*)=42.902122, intercept=10.283996 (0.219s) [OMP=0.182 ISP-L=0.005 ISP-F=0.012 MW-L=0.007 MW-F=0.010]
  Alt-Benders[3] (mw): LB=31.056073, Z₀(α*)=3.992203, intercept=-22.474789 (0.234s) [OMP=0.193 ISP-L=0.004 ISP-F=0.010 MW-L=0.008 MW-F=0.021]
  Alt-Benders[4] (mw): LB=31.056073, Z₀(α*)=3.992203, intercept=-22.474789 (0.219s) [OMP=0.185 ISP-L=0.004 ISP-F=0.010 MW-L=0.008 MW-F=0.015]
  Alt-Benders[5] (mw): LB=31.056073, Z₀(α*)=3.992203, intercept=-22.474789 (0.234s) [OMP=0.186 ISP-L=0.004 ISP-F=0.009 MW-L=0.008 MW-F=0.015]
  OMP re-solve: 0.192s

=== True-DRO Benders iter 22 ===
  OMP: t₀=31.056073, UB=39.729049, gap=2.18e-01, x=[0, 0, 0, 0, 0, 0, 0, 0, 0, 0, 0, 0, 0, 0, 0, 0, 0, 0, 0, 0, 0, 0, 0, 0, 1, 0, 0, 0, 0, 0, 1, 0, 0, 0, 0, 0, 0, 0, 0, 0, 0, 0, 0, 0, 0, 0, 0] (0.000s)
  Sub: Z₀=38.718460 [LOCAL] (0.2s), α=[0.000,0.000,0.000,0.000,0.000,0.000,0.000,0.000,0.000,0.000,0.000,0.000,0.000,0.000,0.000,0.000,0.000,0.000,0.000,0.000,0.000,0.000,0.000,0.000,7.383,0.000,0.000,0.000,0.262,0.000,2.605,0.000,0.000,0.000,0.000,0.000,0.000,0.000,0.000,0.000,0.000,0.000,0.000,0.000,0.000,0.000,0.000]
  Iter 22: LB=31.056073  UB=39.729049  gap=2.18e-01
  Cut: intercept=-1138.055588, π_x_range=[-831.3989, 588.9305]
  Mini-Benders[1] (mw): LB=31.092761, Z₀(α*)=29.986781, intercept=-111.138542 (0.234s) [OMP=0.198 ISP-L=0.004 ISP-F=0.010 MW-L=0.008 MW-F=0.013]
  Mini-Benders[2] (mw): LB=31.092761, Z₀(α*)=29.986781, intercept=-111.138542 (0.219s) [OMP=0.191 ISP-L=0.004 ISP-F=0.011 MW-L=0.008 MW-F=0.013]
  Mini-Benders[3] (mw): LB=31.092761, Z₀(α*)=29.986781, intercept=-111.138542 (0.234s) [OMP=0.192 ISP-L=0.004 ISP-F=0.010 MW-L=0.008 MW-F=0.018]
  Mini-Benders[4]: LB stagnated, break
  α-step: Z₀=39.573375, α=[0.000,0.000,0.000,0.000,0.000,0.000,0.000,0.000,0.000,0.000,0.000,0.000,0.000,0.000,0.000,0.000,0.000,0.000,0.000,0.000,0.000,0.000,0.000,0.000,6.378,0.000,0.000,0.000,0.960,0.000,0.000,2.910,0.000,0.000,0.000,0.000,0.000,0.000,0.000,0.000,0.000,0.000,0.000,0.000,0.000,0.000,0.000]
  Alt-Benders[1] (mw): LB=31.401614, Z₀(α*)=29.563967, intercept=-91.215604 (0.234s) [OMP=0.195 ISP-L=0.004 ISP-F=0.011 MW-L=0.009 MW-F=0.012]
  Alt-Benders[2] (mw): LB=31.401614, Z₀(α*)=29.563967, intercept=-91.215604 (0.250s) [OMP=0.205 ISP-L=0.004 ISP-F=0.012 MW-L=0.015 MW-F=0.012]
  Alt-Benders[3] (mw): LB=31.401614, Z₀(α*)=29.563967, intercept=-91.215604 (0.250s) [OMP=0.205 ISP-L=0.004 ISP-F=0.012 MW-L=0.009 MW-F=0.012]
  Alt-Benders[4]: LB stagnated, break
  OMP re-solve: 0.000s

=== True-DRO Benders iter 23 ===
  OMP: t₀=31.401614, UB=39.729049, gap=2.10e-01, x=[0, 0, 0, 0, 0, 0, 0, 0, 0, 0, 1, 0, 0, 0, 0, 0, 0, 0, 0, 0, 0, 0, 0, 0, 0, 1, 0, 0, 0, 0, 0, 0, 0, 0, 0, 0, 0, 0, 0, 0, 0, 0, 0, 0, 0, 0, 0] (0.000s)
  Sub: Z₀=40.831274 [LOCAL] (0.2s), α=[0.000,0.000,0.000,0.000,0.000,0.000,0.000,0.000,0.000,0.000,0.000,0.000,0.000,0.000,0.000,0.000,0.000,0.000,0.000,0.000,0.000,0.000,4.451,0.000,0.000,0.000,0.000,0.000,5.798,0.000,0.000,0.000,0.000,0.000,0.000,0.000,0.000,0.000,0.000,0.000,0.000,0.000,0.000,0.000,0.000,0.000,0.000]
  Iter 23: LB=31.401614  UB=39.729049  gap=2.10e-01
  Cut: intercept=-1108.750545, π_x_range=[-829.3406, 596.8436]
  Mini-Benders[1] (mw): LB=31.497047, Z₀(α*)=44.284789, intercept=40.190670 (0.234s) [OMP=0.193 ISP-L=0.004 ISP-F=0.012 MW-L=0.014 MW-F=0.011]
  Mini-Benders[2] (mw): LB=31.497287, Z₀(α*)=36.135933, intercept=-37.388416 (0.234s) [OMP=0.199 ISP-L=0.004 ISP-F=0.012 MW-L=0.008 MW-F=0.011]
  Mini-Benders[3] (mw): LB=31.668489, Z₀(α*)=37.782850, intercept=-95.123694 (0.250s) [OMP=0.214 ISP-L=0.004 ISP-F=0.012 MW-L=0.008 MW-F=0.011]
  Mini-Benders[4] (mw): LB=31.695461, Z₀(α*)=41.113593, intercept=-18.583711 (0.266s) [OMP=0.222 ISP-L=0.004 ISP-F=0.011 MW-L=0.013 MW-F=0.010]
  Mini-Benders[5] (mw): LB=32.077272, Z₀(α*)=39.442193, intercept=-11.961402 (0.266s) [OMP=0.225 ISP-L=0.004 ISP-F=0.011 MW-L=0.008 MW-F=0.022]
  α-step: Z₀=32.382841, α=[0.000,0.000,0.000,0.000,0.000,0.000,0.000,0.000,0.000,0.000,0.000,0.000,0.000,0.000,0.000,0.000,0.000,0.000,0.000,0.000,0.000,0.000,0.000,0.000,0.000,0.000,0.000,3.381,6.868,0.000,0.000,0.000,0.000,0.000,0.000,0.000,0.000,0.000,0.000,0.000,0.000,0.000,0.000,0.000,0.000,0.000,0.000]
  Alt-Benders[1] (mw): LB=32.224699, Z₀(α*)=31.686496, intercept=-122.315519 (0.234s) [OMP=0.206 ISP-L=0.004 ISP-F=0.010 MW-L=0.006 MW-F=0.010]
  Alt-Benders[2] (mw): LB=32.224699, Z₀(α*)=31.686496, intercept=-122.315519 (0.234s) [OMP=0.196 ISP-L=0.004 ISP-F=0.010 MW-L=0.006 MW-F=0.010]
  Alt-Benders[3] (mw): LB=32.224699, Z₀(α*)=31.686496, intercept=-122.315519 (0.219s) [OMP=0.195 ISP-L=0.004 ISP-F=0.010 MW-L=0.006 MW-F=0.015]
  Alt-Benders[4]: LB stagnated, break
  OMP re-solve: 0.000s

=== True-DRO Benders iter 24 ===
  OMP: t₀=32.224699, UB=39.729049, gap=1.89e-01, x=[0, 0, 0, 0, 0, 0, 0, 0, 0, 0, 0, 0, 0, 0, 0, 0, 0, 0, 0, 0, 0, 0, 0, 0, 0, 0, 0, 1, 0, 0, 0, 0, 0, 0, 0, 0, 1, 0, 0, 0, 0, 0, 0, 0, 0, 0, 0] (0.000s)
  Sub: Z₀=35.967037 [LOCAL] (0.3s), α=[0.000,0.000,0.000,0.000,0.000,0.000,0.000,0.000,0.000,0.000,0.000,0.000,0.000,0.000,0.000,0.000,0.000,0.000,0.000,0.000,0.000,0.000,0.000,0.000,1.613,0.000,0.000,0.000,0.118,0.000,0.000,0.000,0.000,0.000,0.000,0.000,8.518,0.000,0.000,0.000,0.000,0.000,0.000,0.000,0.000,0.000,0.000]
  Iter 24: LB=32.224699  UB=39.729049  gap=1.89e-01
  Cut: intercept=-1137.397219, π_x_range=[-828.3956, 596.8565]
  Mini-Benders[1] (mw): LB=32.249738, Z₀(α*)=41.826286, intercept=-7.028629 (0.234s) [OMP=0.198 ISP-L=0.004 ISP-F=0.013 MW-L=0.008 MW-F=0.012]
  Mini-Benders[2] (mw): LB=32.273752, Z₀(α*)=28.013065, intercept=-146.009540 (0.250s) [OMP=0.209 ISP-L=0.004 ISP-F=0.012 MW-L=0.008 MW-F=0.017]
  Mini-Benders[3] (mw): LB=32.273752, Z₀(α*)=28.013065, intercept=-146.009540 (0.235s) [OMP=0.192 ISP-L=0.004 ISP-F=0.012 MW-L=0.008 MW-F=0.011]
  Mini-Benders[4] (mw): LB=32.273752, Z₀(α*)=28.013065, intercept=-146.009540 (0.234s) [OMP=0.194 ISP-L=0.004 ISP-F=0.011 MW-L=0.008 MW-F=0.011]
  Mini-Benders[5]: LB stagnated, break
  α-step: Z₀=39.657473, α=[0.000,0.000,0.000,0.000,0.000,0.000,0.000,0.000,0.000,0.000,0.000,0.000,0.000,0.000,0.000,0.000,0.000,0.000,0.000,0.000,0.000,0.000,0.000,0.000,0.000,0.000,0.000,0.000,2.744,0.000,4.226,0.000,0.000,0.000,0.000,0.000,3.279,0.000,0.000,0.000,0.000,0.000,0.000,0.000,0.000,0.000,0.000]
  Alt-Benders[1] (mw): LB=32.341198, Z₀(α*)=25.640030, intercept=6.722651 (0.265s) [OMP=0.224 ISP-L=0.004 ISP-F=0.012 MW-L=0.007 MW-F=0.012]
  Alt-Benders[2] (mw): LB=32.341198, Z₀(α*)=25.640030, intercept=6.722651 (0.250s) [OMP=0.222 ISP-L=0.004 ISP-F=0.011 MW-L=0.007 MW-F=0.012]
  Alt-Benders[3] (mw): LB=32.341198, Z₀(α*)=25.640030, intercept=6.722651 (0.266s) [OMP=0.221 ISP-L=0.004 ISP-F=0.012 MW-L=0.013 MW-F=0.012]
  Alt-Benders[4]: LB stagnated, break
  OMP re-solve: 0.000s

=== True-DRO Benders iter 25 ===
  OMP: t₀=32.341198, UB=39.729049, gap=1.86e-01, x=[0, 0, 0, 0, 0, 0, 0, 0, 0, 0, 0, 0, 0, 0, 0, 1, 0, 0, 0, 0, 0, 0, 0, 0, 0, 0, 0, 0, 1, 0, 0, 0, 0, 0, 0, 0, 0, 0, 0, 0, 0, 0, 0, 0, 0, 0, 0] (0.000s)
  Sub: Z₀=45.253846 [TIME_LIMIT] (15.1s), α=[0.000,0.000,0.000,0.000,0.000,0.000,0.000,0.000,0.000,0.000,0.000,0.000,0.000,0.000,0.000,0.000,0.000,0.000,0.000,0.000,0.000,0.000,0.000,0.000,4.912,0.000,0.000,0.000,1.007,0.000,0.000,0.828,0.000,0.000,0.082,3.345,0.074,0.000,0.000,0.000,0.000,0.000,0.000,0.000,0.000,0.000,0.000]
  Iter 25: LB=32.341198  UB=39.729049  gap=1.86e-01
  Cut: intercept=-72.081009, π_x_range=[-270.0000, 117.7702]
  Mini-Benders[1] (mw): LB=32.382841, Z₀(α*)=31.042854, intercept=-20.069698 (0.219s) [OMP=0.191 ISP-L=0.004 ISP-F=0.011 MW-L=0.007 MW-F=0.011]
  Mini-Benders[2] (mw): LB=32.382841, Z₀(α*)=31.042854, intercept=-20.069698 (0.203s) [OMP=0.168 ISP-L=0.004 ISP-F=0.011 MW-L=0.013 MW-F=0.010]
  Mini-Benders[3] (mw): LB=32.382841, Z₀(α*)=31.042854, intercept=-20.069698 (0.219s) [OMP=0.170 ISP-L=0.004 ISP-F=0.011 MW-L=0.008 MW-F=0.011]
  Mini-Benders[4]: LB stagnated, break
  α-step: Z₀=40.110463, α=[0.000,0.000,0.000,0.000,0.000,0.000,0.000,0.000,0.000,0.000,0.000,0.000,0.000,0.000,0.000,0.000,0.000,0.000,0.000,0.000,0.000,0.000,0.000,0.000,5.850,4.075,0.000,0.000,0.325,0.000,0.000,0.000,0.000,0.000,0.000,0.000,0.000,0.000,0.000,0.000,0.000,0.000,0.000,0.000,0.000,0.000,0.000]
  Alt-Benders[1] (mw): LB=32.477647, Z₀(α*)=-2.063669, intercept=-137.192566 (0.266s) [OMP=0.232 ISP-L=0.004 ISP-F=0.011 MW-L=0.013 MW-F=0.011]
  Alt-Benders[2] (mw): LB=32.477647, Z₀(α*)=-2.063669, intercept=-137.192566 (0.281s) [OMP=0.238 ISP-L=0.004 ISP-F=0.011 MW-L=0.007 MW-F=0.011]
  Alt-Benders[3] (mw): LB=32.477647, Z₀(α*)=-2.063669, intercept=-137.192566 (0.266s) [OMP=0.236 ISP-L=0.004 ISP-F=0.011 MW-L=0.007 MW-F=0.016]
  Alt-Benders[4]: LB stagnated, break
  OMP re-solve: 0.000s

=== True-DRO Benders iter 26 ===
  OMP: t₀=32.477647, UB=39.729049, gap=1.83e-01, x=[0, 0, 0, 0, 0, 0, 0, 0, 0, 0, 1, 0, 0, 0, 0, 1, 0, 0, 0, 0, 0, 0, 0, 0, 0, 0, 0, 0, 0, 0, 0, 0, 0, 0, 0, 0, 0, 0, 0, 0, 0, 0, 0, 0, 0, 0, 0] (0.000s)
  Sub: Z₀=42.898530 [LOCAL] (0.2s), α=[0.000,0.000,0.000,0.000,0.000,0.000,0.000,0.000,0.000,0.000,0.000,0.000,0.000,0.000,0.000,0.000,0.000,0.000,0.000,0.000,0.000,0.000,4.451,0.000,0.000,0.000,0.000,0.000,5.798,0.000,0.000,0.000,0.000,0.000,0.000,0.000,0.000,0.000,0.000,0.000,0.000,0.000,0.000,0.000,0.000,0.000,0.000]
  Iter 26: LB=32.477647  UB=39.729049  gap=1.83e-01
  Cut: intercept=-1050.133693, π_x_range=[-827.7515, 553.2664]
  Mini-Benders[1] (mw): LB=32.565029, Z₀(α*)=36.509807, intercept=-70.824094 (0.250s) [OMP=0.220 ISP-L=0.004 ISP-F=0.013 MW-L=0.009 MW-F=0.011]
  Mini-Benders[2] (mw): LB=32.614804, Z₀(α*)=18.647797, intercept=-52.712963 (0.265s) [OMP=0.213 ISP-L=0.004 ISP-F=0.012 MW-L=0.007 MW-F=0.016]
  Mini-Benders[3] (mw): LB=32.614804, Z₀(α*)=18.647797, intercept=-52.712963 (0.250s) [OMP=0.221 ISP-L=0.004 ISP-F=0.012 MW-L=0.007 MW-F=0.011]
  Mini-Benders[4] (mw): LB=32.614804, Z₀(α*)=18.647797, intercept=-52.712963 (0.250s) [OMP=0.222 ISP-L=0.004 ISP-F=0.012 MW-L=0.007 MW-F=0.011]
  Mini-Benders[5]: LB stagnated, break
  α-step: Z₀=39.210888, α=[0.000,0.000,0.000,0.000,0.000,0.000,0.000,0.000,0.000,0.000,0.000,0.000,0.000,0.000,0.000,0.000,0.000,0.000,0.000,0.000,0.000,0.000,0.000,0.000,0.000,0.000,0.000,0.000,1.731,0.000,0.000,0.000,0.000,0.000,0.000,0.000,8.518,0.000,0.000,0.000,0.000,0.000,0.000,0.000,0.000,0.000,0.000]
  Alt-Benders[1] (mw): LB=32.853068, Z₀(α*)=32.933604, intercept=-79.211804 (0.266s) [OMP=0.239 ISP-L=0.004 ISP-F=0.010 MW-L=0.008 MW-F=0.011]
  Alt-Benders[2] (mw): LB=32.933602, Z₀(α*)=32.933604, intercept=-79.211804 (0.250s) [OMP=0.224 ISP-L=0.004 ISP-F=0.010 MW-L=0.007 MW-F=0.011]
  Alt-Benders[3] (mw): LB=32.933602, Z₀(α*)=32.933604, intercept=-79.211804 (0.266s) [OMP=0.222 ISP-L=0.004 ISP-F=0.009 MW-L=0.013 MW-F=0.011]
  Alt-Benders[4] (mw): LB=32.933602, Z₀(α*)=32.933604, intercept=-79.211804 (0.250s) [OMP=0.222 ISP-L=0.004 ISP-F=0.010 MW-L=0.007 MW-F=0.011]
  Alt-Benders[5]: LB stagnated, break
  OMP re-solve: 0.000s

=== True-DRO Benders iter 27 ===
  OMP: t₀=32.933602, UB=39.729049, gap=1.71e-01, x=[0, 0, 0, 0, 0, 0, 0, 0, 0, 0, 0, 0, 0, 0, 0, 0, 0, 0, 0, 0, 0, 0, 1, 0, 0, 0, 0, 1, 0, 0, 0, 0, 0, 0, 0, 0, 0, 0, 0, 0, 0, 0, 0, 0, 0, 0, 0] (0.000s)
  Sub: Z₀=34.857155 [LOCAL] (0.4s), α=[0.000,0.000,0.000,0.000,0.000,0.000,0.000,0.000,0.000,0.000,0.000,0.000,0.000,0.000,0.000,0.000,0.000,0.000,0.000,0.000,0.000,0.000,0.000,0.000,2.157,0.000,0.000,2.386,5.648,0.000,0.000,0.000,0.000,0.000,0.000,0.000,0.058,0.000,0.000,0.000,0.000,0.000,0.000,0.000,0.000,0.000,0.000]
  Iter 27: LB=32.933602  UB=39.729049  gap=1.71e-01
  Cut: intercept=-1118.638421, π_x_range=[-827.6605, 584.3746]
  Mini-Benders[1] (mw): LB=33.158344, Z₀(α*)=11.830916, intercept=-172.305649 (0.281s) [OMP=0.227 ISP-L=0.004 ISP-F=0.013 MW-L=0.013 MW-F=0.013]
  Mini-Benders[2] (mw): LB=33.158344, Z₀(α*)=11.830916, intercept=-172.305649 (0.250s) [OMP=0.223 ISP-L=0.004 ISP-F=0.012 MW-L=0.008 MW-F=0.013]
  Mini-Benders[3] (mw): LB=33.158344, Z₀(α*)=11.830916, intercept=-172.305649 (0.266s) [OMP=0.226 ISP-L=0.004 ISP-F=0.012 MW-L=0.008 MW-F=0.013]
  Mini-Benders[4]: LB stagnated, break
  α-step: Z₀=39.443740, α=[0.000,0.000,0.000,0.000,0.000,0.000,0.000,0.000,0.000,0.000,0.000,0.000,0.000,0.000,0.000,0.000,0.000,0.000,0.000,0.000,0.000,0.000,4.451,0.000,0.000,0.000,0.000,0.000,5.798,0.000,0.000,0.000,0.000,0.000,0.000,0.000,0.000,0.000,0.000,0.000,0.000,0.000,0.000,0.000,0.000,0.000,0.000]
  Alt-Benders[1] (mw): LB=33.358080, Z₀(α*)=42.898533, intercept=-13.347131 (0.281s) [OMP=0.247 ISP-L=0.004 ISP-F=0.009 MW-L=0.008 MW-F=0.011]
  Alt-Benders[2] (mw): LB=33.484005, Z₀(α*)=43.224295, intercept=34.062380 (0.281s) [OMP=0.238 ISP-L=0.004 ISP-F=0.011 MW-L=0.008 MW-F=0.022]
  Alt-Benders[3] (mw): LB=33.598349, Z₀(α*)=33.598351, intercept=-27.473066 (0.281s) [OMP=0.242 ISP-L=0.004 ISP-F=0.011 MW-L=0.016 MW-F=0.010]
  Alt-Benders[4] (mw): LB=33.598349, Z₀(α*)=33.598351, intercept=-27.473066 (0.266s) [OMP=0.216 ISP-L=0.004 ISP-F=0.011 MW-L=0.009 MW-F=0.010]
  Alt-Benders[5] (mw): LB=33.598349, Z₀(α*)=33.598351, intercept=-27.473066 (0.250s) [OMP=0.213 ISP-L=0.004 ISP-F=0.011 MW-L=0.009 MW-F=0.015]
  OMP re-solve: 0.219s

=== True-DRO Benders iter 28 ===
  OMP: t₀=33.598349, UB=39.729049, gap=1.54e-01, x=[0, 0, 0, 0, 0, 0, 0, 0, 0, 0, 0, 0, 0, 0, 0, 0, 0, 0, 0, 0, 0, 0, 0, 0, 0, 0, 0, 0, 0, 0, 1, 0, 0, 1, 0, 0, 0, 0, 0, 0, 0, 0, 0, 0, 0, 0, 0] (0.000s)
  Sub: Z₀=42.424001 [LOCAL] (0.2s), α=[0.000,0.000,0.000,0.000,0.000,0.000,0.000,0.000,0.000,0.000,0.000,0.000,0.000,0.000,0.000,0.000,0.000,0.000,0.000,0.000,0.000,0.000,0.000,0.000,5.491,0.000,0.000,0.000,0.907,0.000,2.737,0.000,0.000,0.000,0.000,0.000,1.114,0.000,0.000,0.000,0.000,0.000,0.000,0.000,0.000,0.000,0.000]
  Iter 28: LB=33.598349  UB=39.729049  gap=1.54e-01
  Cut: intercept=-1111.892817, π_x_range=[-831.1355, 578.2046]
  Mini-Benders[1] (mw): LB=33.627748, Z₀(α*)=29.476751, intercept=-15.982485 (0.266s) [OMP=0.234 ISP-L=0.004 ISP-F=0.012 MW-L=0.008 MW-F=0.012]
  Mini-Benders[2] (mw): LB=33.627748, Z₀(α*)=29.476751, intercept=-15.982485 (0.281s) [OMP=0.238 ISP-L=0.004 ISP-F=0.012 MW-L=0.008 MW-F=0.016]
  Mini-Benders[3] (mw): LB=33.627748, Z₀(α*)=29.476751, intercept=-15.982485 (0.281s) [OMP=0.241 ISP-L=0.004 ISP-F=0.012 MW-L=0.008 MW-F=0.012]
  Mini-Benders[4]: LB stagnated, break
  α-step: Z₀=42.027699, α=[0.000,0.000,0.000,0.000,0.000,0.000,0.000,0.000,0.000,0.000,0.000,0.000,0.000,0.000,0.000,0.000,0.000,0.000,0.000,0.000,0.000,0.000,3.469,0.000,3.659,0.000,0.000,0.000,0.000,0.000,0.000,0.000,0.000,0.000,0.000,0.000,3.121,0.000,0.000,0.000,0.000,0.000,0.000,0.000,0.000,0.000,0.000]
  Alt-Benders[1] (mw): LB=33.692258, Z₀(α*)=31.593194, intercept=-58.451346 (0.281s) [OMP=0.235 ISP-L=0.004 ISP-F=0.010 MW-L=0.008 MW-F=0.015]
  Alt-Benders[2] (mw): LB=33.692258, Z₀(α*)=31.593194, intercept=-58.451346 (0.266s) [OMP=0.234 ISP-L=0.004 ISP-F=0.010 MW-L=0.008 MW-F=0.009]
  Alt-Benders[3] (mw): LB=33.692258, Z₀(α*)=31.593194, intercept=-58.451346 (0.266s) [OMP=0.233 ISP-L=0.004 ISP-F=0.010 MW-L=0.008 MW-F=0.009]
  Alt-Benders[4]: LB stagnated, break
  OMP re-solve: 0.000s

=== True-DRO Benders iter 29 ===
  OMP: t₀=33.692258, UB=39.729049, gap=1.52e-01, x=[0, 0, 0, 0, 0, 0, 0, 0, 0, 0, 0, 0, 0, 0, 0, 0, 0, 0, 0, 0, 0, 0, 0, 1, 0, 0, 0, 1, 0, 0, 0, 0, 0, 0, 0, 0, 0, 0, 0, 0, 0, 0, 0, 0, 0, 0, 0] (0.000s)
  Sub: Z₀=35.275588 [LOCAL] (0.2s), α=[0.000,0.000,0.000,0.000,0.000,0.000,0.000,0.000,0.000,0.000,0.000,0.000,0.000,0.000,0.000,0.000,0.000,0.000,0.000,0.000,0.000,0.000,0.000,0.000,2.929,0.000,0.000,0.000,5.071,0.000,0.000,0.000,0.000,0.000,0.000,0.231,2.018,0.000,0.000,0.000,0.000,0.000,0.000,0.000,0.000,0.000,0.000]
  Iter 29: LB=33.692258  UB=39.729049  gap=1.52e-01
  Cut: intercept=-1124.373956, π_x_range=[-825.5202, 583.1860]
  Mini-Benders[1] (mw): LB=33.703726, Z₀(α*)=36.607764, intercept=25.358838 (0.266s) [OMP=0.234 ISP-L=0.004 ISP-F=0.013 MW-L=0.009 MW-F=0.010]
  Mini-Benders[2] (mw): LB=33.806698, Z₀(α*)=35.899505, intercept=-26.382360 (0.281s) [OMP=0.238 ISP-L=0.004 ISP-F=0.012 MW-L=0.008 MW-F=0.010]
  Mini-Benders[3] (mw): LB=33.925992, Z₀(α*)=35.462381, intercept=-28.920992 (0.297s) [OMP=0.254 ISP-L=0.004 ISP-F=0.011 MW-L=0.014 MW-F=0.014]
  Mini-Benders[4] (mw): LB=34.092948, Z₀(α*)=34.366851, intercept=-38.755300 (0.313s) [OMP=0.263 ISP-L=0.004 ISP-F=0.013 MW-L=0.008 MW-F=0.023]
  Mini-Benders[5] (mw): LB=34.125783, Z₀(α*)=31.926434, intercept=-35.184822 (0.250s) [OMP=0.221 ISP-L=0.004 ISP-F=0.011 MW-L=0.008 MW-F=0.009]
  α-step: Z₀=37.918529, α=[0.000,0.000,0.000,0.000,0.000,0.000,0.000,0.000,0.000,0.000,0.000,0.000,0.000,0.000,0.000,0.000,0.000,0.000,0.000,0.000,0.000,0.000,0.000,0.000,0.000,0.000,0.000,0.000,0.000,0.000,0.000,0.000,0.000,0.000,2.026,0.000,8.223,0.000,0.000,0.000,0.000,0.000,0.000,0.000,0.000,0.000,0.000]
  Alt-Benders[1] (mw): LB=34.366849, Z₀(α*)=-20.294001, intercept=-97.542862 (0.297s) [OMP=0.256 ISP-L=0.004 ISP-F=0.010 MW-L=0.007 MW-F=0.013]
  Alt-Benders[2] (mw): LB=34.366849, Z₀(α*)=-20.294001, intercept=-97.542862 (0.266s) [OMP=0.226 ISP-L=0.004 ISP-F=0.010 MW-L=0.007 MW-F=0.013]
  Alt-Benders[3] (mw): LB=34.366849, Z₀(α*)=-20.294001, intercept=-97.542862 (0.281s) [OMP=0.237 ISP-L=0.004 ISP-F=0.010 MW-L=0.013 MW-F=0.013]
  Alt-Benders[4]: LB stagnated, break
  OMP re-solve: 0.000s

=== True-DRO Benders iter 30 ===
  OMP: t₀=34.366849, UB=39.729049, gap=1.35e-01, x=[0, 0, 0, 0, 0, 0, 0, 0, 0, 0, 0, 0, 0, 0, 0, 0, 0, 0, 0, 0, 0, 0, 0, 0, 0, 0, 1, 1, 0, 0, 0, 0, 0, 0, 0, 0, 0, 0, 0, 0, 0, 0, 0, 0, 0, 0, 0] (0.000s)
  Sub: Z₀=35.361574 (3.4s), α=[0.000,0.000,0.000,0.000,0.000,0.000,0.000,0.000,0.000,0.000,0.000,0.000,0.000,0.000,0.000,0.000,0.000,0.000,0.000,0.000,0.000,0.000,0.000,0.000,8.149,0.890,1.092,0.084,0.034,0.000,0.000,0.000,0.000,0.000,0.000,0.000,0.000,0.000,0.000,0.000,0.000,0.000,0.000,0.000,0.000,0.000,0.000]
  Iter 30: LB=34.366849  UB=35.361574  gap=2.81e-02
  Cut: intercept=-72.932279, π_x_range=[-174.9478, 67.0868]
  Sherali-Cut: intercept=-63.741013, π_x_range=[-148.9087, 62.6313]
  Mini-Benders[1] (mw): LB=34.452364, Z₀(α*)=33.186300, intercept=-7.775866 (0.266s) [OMP=0.223 ISP-L=0.004 ISP-F=0.011 MW-L=0.008 MW-F=0.012]
  Mini-Benders[2] (mw): LB=34.452364, Z₀(α*)=33.186300, intercept=-7.775866 (0.234s) [OMP=0.197 ISP-L=0.004 ISP-F=0.011 MW-L=0.008 MW-F=0.011]
  Mini-Benders[3] (mw): LB=34.452364, Z₀(α*)=33.186300, intercept=-7.775866 (0.235s) [OMP=0.194 ISP-L=0.004 ISP-F=0.011 MW-L=0.013 MW-F=0.011]
  Mini-Benders[4]: LB stagnated, break
  α-step: Z₀=39.501818, α=[0.000,0.000,0.000,0.000,0.000,0.000,0.000,0.000,0.000,0.000,0.000,0.000,0.000,0.000,0.000,0.000,0.000,0.000,0.000,0.000,0.000,0.000,1.571,0.000,8.149,0.529,0.000,0.000,0.000,0.000,0.000,0.000,0.000,0.000,0.000,0.000,0.000,0.000,0.000,0.000,0.000,0.000,0.000,0.000,0.000,0.000,0.000]
  Alt-Benders[1] (mw): LB=34.480149, Z₀(α*)=39.492946, intercept=-11.209410 (0.297s) [OMP=0.264 ISP-L=0.004 ISP-F=0.012 MW-L=0.008 MW-F=0.011]
  Alt-Benders[2] (mw): LB=34.484787, Z₀(α*)=32.183024, intercept=12.361012 (0.297s) [OMP=0.250 ISP-L=0.004 ISP-F=0.010 MW-L=0.013 MW-F=0.011]
  Alt-Benders[3] (mw): LB=34.484787, Z₀(α*)=32.183024, intercept=12.361012 (0.281s) [OMP=0.244 ISP-L=0.005 ISP-F=0.010 MW-L=0.008 MW-F=0.011]
  Alt-Benders[4] (mw): LB=34.484787, Z₀(α*)=32.183024, intercept=12.361012 (0.266s) [OMP=0.244 ISP-L=0.004 ISP-F=0.010 MW-L=0.008 MW-F=0.012]
  Alt-Benders[5]: LB stagnated, break
  OMP re-solve: 0.000s

=== True-DRO Benders iter 31 ===
  OMP: t₀=34.484787, UB=35.361574, gap=2.48e-02, x=[0, 0, 0, 0, 0, 0, 0, 0, 0, 0, 0, 0, 0, 0, 0, 0, 0, 0, 0, 0, 0, 0, 0, 0, 0, 0, 0, 0, 1, 0, 0, 1, 0, 0, 0, 0, 0, 0, 0, 0, 0, 0, 0, 0, 0, 0, 0] (0.000s)
  Sub: Z₀=43.593504 [LOCAL] (0.2s), α=[0.000,0.000,0.000,0.000,0.000,0.000,0.000,0.000,0.000,0.000,0.000,0.000,0.000,0.000,0.000,0.000,0.000,0.000,0.000,0.000,0.000,0.000,0.000,0.000,6.176,0.000,0.000,0.000,1.007,0.000,0.000,3.066,0.000,0.000,0.000,0.000,0.000,0.000,0.000,0.000,0.000,0.000,0.000,0.000,0.000,0.000,0.000]
  Iter 31: LB=34.484787  UB=35.361574  gap=2.48e-02
  Cut: intercept=-1123.434287, π_x_range=[-831.2079, 598.5502]
  Mini-Benders[1] (mw): LB=34.535411, Z₀(α*)=39.549233, intercept=-10.088428 (0.297s) [OMP=0.257 ISP-L=0.004 ISP-F=0.012 MW-L=0.007 MW-F=0.011]
  Mini-Benders[2] (mw): LB=34.568650, Z₀(α*)=38.261607, intercept=11.447728 (0.266s) [OMP=0.232 ISP-L=0.004 ISP-F=0.012 MW-L=0.009 MW-F=0.015]
  Mini-Benders[3] (mw): LB=34.601645, Z₀(α*)=27.694542, intercept=-120.704525 (0.250s) [OMP=0.210 ISP-L=0.004 ISP-F=0.012 MW-L=0.008 MW-F=0.012]
  Mini-Benders[4] (mw): LB=34.601645, Z₀(α*)=27.694542, intercept=-120.704525 (0.250s) [OMP=0.213 ISP-L=0.004 ISP-F=0.011 MW-L=0.008 MW-F=0.012]
  Mini-Benders[5] (mw): LB=34.601645, Z₀(α*)=27.694542, intercept=-120.704525 (0.265s) [OMP=0.215 ISP-L=0.004 ISP-F=0.011 MW-L=0.008 MW-F=0.018]
  α-step: Z₀=39.721330, α=[0.000,0.000,0.000,0.000,0.000,0.000,0.000,0.000,0.000,0.000,0.000,0.000,0.000,0.000,0.000,0.000,0.000,0.000,0.000,0.000,0.000,0.000,3.012,0.000,0.000,0.000,0.000,0.000,7.237,0.000,0.000,0.000,0.000,0.000,0.000,0.000,0.000,0.000,0.000,0.000,0.000,0.000,0.000,0.000,0.000,0.000,0.000]
  Alt-Benders[1] (mw): LB=34.631121, Z₀(α*)=42.172319, intercept=-2.047500 (0.250s) [OMP=0.216 ISP-L=0.004 ISP-F=0.012 MW-L=0.008 MW-F=0.011]
  Alt-Benders[2] (mw): LB=34.714126, Z₀(α*)=35.180781, intercept=-126.451730 (0.265s) [OMP=0.224 ISP-L=0.004 ISP-F=0.010 MW-L=0.008 MW-F=0.016]
  Alt-Benders[3] (mw): LB=34.779114, Z₀(α*)=33.148907, intercept=-84.419733 (0.266s) [OMP=0.227 ISP-L=0.004 ISP-F=0.009 MW-L=0.007 MW-F=0.011]
  Alt-Benders[4] (mw): LB=34.779114, Z₀(α*)=33.148907, intercept=-84.419733 (0.266s) [OMP=0.234 ISP-L=0.004 ISP-F=0.009 MW-L=0.007 MW-F=0.010]
  Alt-Benders[5] (mw): LB=34.779114, Z₀(α*)=33.148907, intercept=-84.419733 (0.265s) [OMP=0.235 ISP-L=0.004 ISP-F=0.010 MW-L=0.013 MW-F=0.011]
  OMP re-solve: 0.233s

=== True-DRO Benders iter 32 ===
  OMP: t₀=34.779114, UB=35.361574, gap=1.65e-02, x=[0, 0, 0, 0, 0, 0, 0, 0, 0, 0, 0, 0, 0, 0, 0, 0, 0, 0, 0, 0, 0, 0, 0, 0, 0, 0, 0, 1, 0, 0, 1, 0, 0, 0, 0, 0, 0, 0, 0, 0, 0, 0, 0, 0, 0, 0, 0] (0.000s)
  Sub: Z₀=36.014249 [LOCAL] (0.3s), α=[0.000,0.000,0.000,0.000,0.000,0.000,0.000,0.000,0.000,0.000,0.000,0.000,0.000,0.000,0.000,0.000,0.000,0.000,0.000,0.000,0.000,0.000,0.000,0.000,6.167,0.000,0.000,0.000,1.484,0.000,2.598,0.000,0.000,0.000,0.000,0.000,0.000,0.000,0.000,0.000,0.000,0.000,0.000,0.000,0.000,0.000,0.000]
  Iter 32: LB=34.779114  UB=35.361574  gap=1.65e-02
  Cut: intercept=-1141.089376, π_x_range=[-827.5805, 595.9543]
  Mini-Benders[1] (mw): LB=34.830348, Z₀(α*)=29.407865, intercept=-100.662699 (0.250s) [OMP=0.220 ISP-L=0.004 ISP-F=0.012 MW-L=0.007 MW-F=0.012]
  Mini-Benders[2] (mw): LB=34.830348, Z₀(α*)=29.407865, intercept=-100.662699 (0.281s) [OMP=0.232 ISP-L=0.004 ISP-F=0.012 MW-L=0.013 MW-F=0.011]
  Mini-Benders[3] (mw): LB=34.830348, Z₀(α*)=29.407865, intercept=-100.662699 (0.266s) [OMP=0.230 ISP-L=0.004 ISP-F=0.012 MW-L=0.007 MW-F=0.012]
  Mini-Benders[4]: LB stagnated, break
  α-step: Z₀=40.267806, α=[0.000,0.000,0.000,0.000,0.000,0.000,0.000,0.000,0.000,0.000,0.000,0.000,0.000,0.000,0.000,0.000,0.000,0.000,0.000,0.000,0.000,0.000,0.000,0.000,4.348,0.000,0.000,0.000,2.744,0.000,0.000,0.000,0.000,0.000,0.000,0.000,3.157,0.000,0.000,0.000,0.000,0.000,0.000,0.000,0.000,0.000,0.000]
  Alt-Benders[1] (mw): LB=34.857155, Z₀(α*)=34.005960, intercept=-72.235010 (0.281s) [OMP=0.219 ISP-L=0.004 ISP-F=0.009 MW-L=0.013 MW-F=0.025]
  Alt-Benders[2] (mw): LB=34.857155, Z₀(α*)=34.005960, intercept=-72.235010 (0.266s) [OMP=0.221 ISP-L=0.004 ISP-F=0.010 MW-L=0.007 MW-F=0.025]
  Alt-Benders[3] (mw): LB=34.857155, Z₀(α*)=34.005960, intercept=-72.235010 (0.265s) [OMP=0.219 ISP-L=0.004 ISP-F=0.009 MW-L=0.007 MW-F=0.025]
  Alt-Benders[4]: LB stagnated, break
  OMP re-solve: 0.000s

=== True-DRO Benders iter 33 ===
  OMP: t₀=34.857155, UB=35.361574, gap=1.43e-02, x=[0, 0, 0, 0, 0, 0, 0, 0, 0, 0, 0, 0, 0, 0, 0, 0, 0, 0, 0, 0, 0, 0, 1, 0, 0, 0, 0, 1, 0, 0, 0, 0, 0, 0, 0, 0, 0, 0, 0, 0, 0, 0, 0, 0, 0, 0, 0] (0.000s)
  Sub: Z₀=34.857155 [LOCAL] (0.4s), α=[0.000,0.000,0.000,0.000,0.000,0.000,0.000,0.000,0.000,0.000,0.000,0.000,0.000,0.000,0.000,0.000,0.000,0.000,0.000,0.000,0.000,0.000,0.000,0.000,2.157,0.000,0.000,2.386,5.648,0.000,0.000,0.000,0.000,0.000,0.000,0.000,0.058,0.000,0.000,0.000,0.000,0.000,0.000,0.000,0.000,0.000,0.000]
  Iter 33: LB=34.857155  UB=35.361574  gap=1.43e-02
  Cut: intercept=-1118.638421, π_x_range=[-827.6605, 584.3746]
  Mini-Benders[1] (mw): LB=34.857155, Z₀(α*)=34.857158, intercept=-94.693632 (0.265s) [OMP=0.222 ISP-L=0.004 ISP-F=0.011 MW-L=0.008 MW-F=0.013]
  Mini-Benders[2] (mw): LB=34.857156, Z₀(α*)=34.857158, intercept=-94.693632 (0.266s) [OMP=0.233 ISP-L=0.004 ISP-F=0.011 MW-L=0.008 MW-F=0.019]
  Mini-Benders[3]: LB stagnated, break
  α-step: Z₀=34.857158, α=[0.000,0.000,0.000,0.000,0.000,0.000,0.000,0.000,0.000,0.000,0.000,0.000,0.000,0.000,0.000,0.000,0.000,0.000,0.000,0.000,0.000,0.000,0.000,0.000,2.929,0.000,0.000,0.000,4.929,0.000,0.000,0.000,0.000,0.000,0.000,0.000,2.391,0.000,0.000,0.000,0.000,0.000,0.000,0.000,0.000,0.000,0.000]
  Alt-Benders[1] (mw): LB=34.857158, Z₀(α*)=34.857158, intercept=-70.184898 (0.265s) [OMP=0.222 ISP-L=0.004 ISP-F=0.010 MW-L=0.007 MW-F=0.013]
  Alt-Benders[2] (mw): LB=34.857158, Z₀(α*)=34.857158, intercept=-70.184898 (0.250s) [OMP=0.217 ISP-L=0.004 ISP-F=0.009 MW-L=0.007 MW-F=0.018]
  Alt-Benders[3] (mw): LB=34.857158, Z₀(α*)=34.857158, intercept=-70.184898 (0.250s) [OMP=0.212 ISP-L=0.004 ISP-F=0.009 MW-L=0.007 MW-F=0.013]
  Alt-Benders[4]: LB stagnated, break
  OMP re-solve: 0.000s

=== True-DRO Benders iter 34 ===
  OMP: t₀=34.857158, UB=35.361574, gap=1.43e-02, x=[0, 0, 0, 0, 0, 0, 0, 0, 0, 0, 0, 0, 0, 0, 0, 0, 0, 0, 0, 0, 0, 0, 1, 0, 0, 0, 0, 1, 0, 0, 0, 0, 0, 0, 0, 0, 0, 0, 0, 0, 0, 0, 0, 0, 0, 0, 0] (0.000s)
  Sub: Z₀=34.857155 [LOCAL] (0.4s), α=[0.000,0.000,0.000,0.000,0.000,0.000,0.000,0.000,0.000,0.000,0.000,0.000,0.000,0.000,0.000,0.000,0.000,0.000,0.000,0.000,0.000,0.000,0.000,0.000,2.157,0.000,0.000,2.386,5.648,0.000,0.000,0.000,0.000,0.000,0.000,0.000,0.058,0.000,0.000,0.000,0.000,0.000,0.000,0.000,0.000,0.000,0.000]
  Iter 34: LB=34.857158  UB=35.361574  gap=1.43e-02
  Cut: intercept=-1118.638421, π_x_range=[-827.6605, 584.3746]
  Mini-Benders[1] (mw): LB=34.857158, Z₀(α*)=34.857158, intercept=-94.693632 (0.250s) [OMP=0.217 ISP-L=0.004 ISP-F=0.012 MW-L=0.008 MW-F=0.019]
  Mini-Benders[2] (mw): LB=34.857158, Z₀(α*)=34.857158, intercept=-94.693632 (0.265s) [OMP=0.216 ISP-L=0.004 ISP-F=0.011 MW-L=0.008 MW-F=0.013]
  Mini-Benders[3]: LB stagnated, break
  α-step: Z₀=34.857158, α=[0.000,0.000,0.000,0.000,0.000,0.000,0.000,0.000,0.000,0.000,0.000,0.000,0.000,0.000,0.000,0.000,0.000,0.000,0.000,0.000,0.000,0.000,0.000,0.000,2.929,0.000,0.000,0.000,4.929,0.000,0.000,0.000,0.000,0.000,0.000,0.000,2.391,0.000,0.000,0.000,0.000,0.000,0.000,0.000,0.000,0.000,0.000]
  Alt-Benders[1] (mw): LB=34.857158, Z₀(α*)=34.857158, intercept=-70.184898 (0.250s) [OMP=0.215 ISP-L=0.004 ISP-F=0.009 MW-L=0.008 MW-F=0.018]
  Alt-Benders[2] (mw): LB=34.857158, Z₀(α*)=34.857158, intercept=-70.184898 (0.250s) [OMP=0.218 ISP-L=0.004 ISP-F=0.009 MW-L=0.008 MW-F=0.013]
  Alt-Benders[3]: LB stagnated, break
  OMP re-solve: 0.000s

=== True-DRO Benders iter 35 ===
  OMP: t₀=34.857158, UB=35.361574, gap=1.43e-02, x=[0, 0, 0, 0, 0, 0, 0, 0, 0, 0, 0, 0, 0, 0, 0, 0, 0, 0, 0, 0, 0, 0, 1, 0, 0, 0, 0, 1, 0, 0, 0, 0, 0, 0, 0, 0, 0, 0, 0, 0, 0, 0, 0, 0, 0, 0, 0] (0.000s)
  Sub: Z₀=35.110208 [TIME_LIMIT] (15.0s), α=[0.000,0.000,0.000,0.000,0.000,0.000,0.000,0.000,0.000,0.000,0.000,0.000,0.000,0.000,0.000,0.000,0.000,0.000,0.000,0.000,0.000,0.000,1.205,1.294,7.592,0.158,0.000,0.000,0.000,0.000,0.000,0.000,0.000,0.000,0.000,0.000,0.000,0.000,0.000,0.000,0.000,0.000,0.000,0.000,0.000,0.000,0.000]
  Iter 35: LB=34.857158  UB=35.125603  gap=7.64e-03
  Cut: intercept=-105.102068, π_x_range=[-264.0000, 94.2413]
  Mini-Benders[1] (mw): LB=34.898822, Z₀(α*)=1.502826, intercept=-110.219836 (0.312s) [OMP=0.270 ISP-L=0.004 ISP-F=0.010 MW-L=0.013 MW-F=0.010]
  Mini-Benders[2] (mw): LB=34.898822, Z₀(α*)=1.502826, intercept=-110.219836 (0.297s) [OMP=0.265 ISP-L=0.004 ISP-F=0.010 MW-L=0.008 MW-F=0.010]
  Mini-Benders[3] (mw): LB=34.898822, Z₀(α*)=1.502826, intercept=-110.219836 (0.297s) [OMP=0.273 ISP-L=0.004 ISP-F=0.010 MW-L=0.008 MW-F=0.010]
  Mini-Benders[4]: LB stagnated, break
  α-step: Z₀=34.898822, α=[0.000,0.000,0.000,0.000,0.000,0.000,0.000,0.000,0.000,0.000,0.000,0.000,0.000,0.000,0.000,0.000,0.000,0.000,0.000,0.000,0.000,0.000,0.000,0.000,0.000,0.000,0.000,0.000,10.249,0.000,0.000,0.000,0.000,0.000,0.000,0.000,0.000,0.000,0.000,0.000,0.000,0.000,0.000,0.000,0.000,0.000,0.000]
  Alt-Benders[1] (mw): LB=34.898822, Z₀(α*)=35.096179, intercept=-103.184037 (0.265s) [OMP=0.233 ISP-L=0.004 ISP-F=0.010 MW-L=0.008 MW-F=0.011]
  Alt-Benders[2] (mw): LB=35.096177, Z₀(α*)=35.096179, intercept=-103.184037 (0.266s) [OMP=0.230 ISP-L=0.004 ISP-F=0.010 MW-L=0.008 MW-F=0.011]
  Alt-Benders[2]: gap=8.38e-04 ≤ tol, break
  OMP re-solve: 0.227s

=== True-DRO Benders iter 36 ===
  OMP: t₀=35.096177, UB=35.125603, gap=8.38e-04, x=[0, 0, 0, 0, 0, 0, 0, 0, 0, 0, 0, 0, 0, 0, 0, 0, 0, 0, 0, 0, 0, 0, 0, 0, 0, 0, 0, 1, 0, 0, 0, 0, 1, 0, 0, 0, 0, 0, 0, 0, 0, 0, 0, 0, 0, 0, 0] (0.000s)
  Sub: Z₀=35.096177 [LOCAL] (0.2s), α=[0.000,0.000,0.000,0.000,0.000,0.000,0.000,0.000,0.000,0.000,0.000,0.000,0.000,0.000,0.000,0.000,0.000,0.000,0.000,0.000,0.000,0.000,0.000,0.000,0.000,0.000,0.000,0.000,10.249,0.000,0.000,0.000,0.000,0.000,0.000,0.000,0.000,0.000,0.000,0.000,0.000,0.000,0.000,0.000,0.000,0.000,0.000]
  Iter 36: LB=35.096177  UB=35.125603  gap=8.38e-04
True-DRO Benders converged at iter 36 (gap=8.38e-04)
  Wall time: 155.12 sec
  OMP  time: mean=0.145s, median=0.166s, max=0.273s
  Sub  time (exact): mean=3.191s, median=3.403s, q90=4.477s, max=4.964s (n=5/36)

Result (double/mb_only): Z₀=35.125603, iters=36, time=155.2s
x arcs = [23, 28]
