============================================================
nobel_us — double [mb_only]: ε̂=0.50, ε̃=0.50, β=0.00
  mini_benders=true, valid_inequality=none
============================================================
Set parameter Username
Set parameter LicenseID to value 2742039
Academic license - for non-commercial use only - expires 2026-11-20
Set parameter Username
Set parameter LicenseID to value 2742039
Academic license - for non-commercial use only - expires 2026-11-20
Set parameter OutputFlag to value 1
Set parameter LogFile to value "global_miqcp.log"
Set parameter Username
Set parameter LicenseID to value 2742039
Academic license - for non-commercial use only - expires 2026-11-20
Set parameter Username
Set parameter LicenseID to value 2742039
Academic license - for non-commercial use only - expires 2026-11-20
Set parameter Username
Set parameter LicenseID to value 2742039
Academic license - for non-commercial use only - expires 2026-11-20
Set parameter Username
Set parameter LicenseID to value 2742039
Academic license - for non-commercial use only - expires 2026-11-20

=== True-DRO Benders iter 1 ===
  OMP: t₀=-10000.000000, UB=Inf, gap=NaN, x=[0, 0, 0, 0, 0, 0, 0, 0, 0, 0, 0, 0, 0, 0, 0, 0, 0, 0, 0, 0, 0, 0, 0, 0, 0, 0, 0, 0, 0, 0, 0, 0, 0, 0, 0, 0, 0, 0] (0.000s)
  Sub: Z₀=21.868190 [LOCAL] (0.2s), α=[0.000,0.000,0.000,0.000,0.000,1.460,0.000,0.000,3.400,0.000,0.000,0.000,0.000,0.000,2.285,0.000,0.000,0.000,0.000,0.000,0.000,0.000,0.000,0.000,0.000,0.000,3.557,0.000,0.000,0.000,0.000,0.000,0.000,0.000,0.000,0.000,0.000,0.000]
  Iter 1: LB=-10000.000000  UB=Inf  gap=NaN
  Cut: intercept=21.868190, π_x_range=[-832.3753, -800.9439]
  Mini-Benders[1] (mw): LB=-1638.170841, Z₀(α*)=15.990785, intercept=-63.429291 (0.046s) [OMP=0.005 ISP-L=0.006 ISP-F=0.015 MW-L=0.007 MW-F=0.008]
  Mini-Benders[2] (mw): LB=-245.948622, Z₀(α*)=17.287840, intercept=-23.418746 (0.047s) [OMP=0.002 ISP-L=0.003 ISP-F=0.011 MW-L=0.007 MW-F=0.017]
  Mini-Benders[3] (mw): LB=-186.671466, Z₀(α*)=13.692879, intercept=-50.625384 (0.032s) [OMP=0.005 ISP-L=0.003 ISP-F=0.011 MW-L=0.008 MW-F=0.010]
  Mini-Benders[4] (mw): LB=-148.421627, Z₀(α*)=-38.609267, intercept=-103.733350 (0.062s) [OMP=0.012 ISP-L=0.003 ISP-F=0.009 MW-L=0.018 MW-F=0.012]
  Mini-Benders[5] (mw): LB=-138.742329, Z₀(α*)=-42.090639, intercept=-128.626129 (0.047s) [OMP=0.014 ISP-L=0.003 ISP-F=0.010 MW-L=0.008 MW-F=0.012]
Set parameter NonConvex to value 2
Set parameter DualReductions to value 0
  α-step: Z₀=13.747063, α=[0.000,0.000,0.000,0.000,0.000,0.000,0.000,0.000,3.059,0.000,0.000,0.000,0.000,0.000,4.585,0.000,0.000,0.000,0.000,3.059,0.000,0.000,0.000,0.000,0.000,0.000,0.000,0.000,0.000,0.000,0.000,0.000,0.000,0.000,0.000,0.000,0.000,0.000]
  Alt-Benders[1] (mw): LB=-109.669969, Z₀(α*)=-1.656777, intercept=-27.033567 (0.063s) [OMP=0.031 ISP-L=0.004 ISP-F=0.011 MW-L=0.007 MW-F=0.011]
  Alt-Benders[2] (mw): LB=-109.002761, Z₀(α*)=-13.195203, intercept=-145.379401 (0.078s) [OMP=0.037 ISP-L=0.003 ISP-F=0.009 MW-L=0.007 MW-F=0.019]
  Alt-Benders[3] (mw): LB=-102.722638, Z₀(α*)=0.552867, intercept=-105.156886 (0.062s) [OMP=0.028 ISP-L=0.003 ISP-F=0.010 MW-L=0.008 MW-F=0.010]
  Alt-Benders[4] (mw): LB=-99.697757, Z₀(α*)=7.559507, intercept=-64.484704 (0.078s) [OMP=0.050 ISP-L=0.004 ISP-F=0.011 MW-L=0.008 MW-F=0.010]
  Alt-Benders[5] (mw): LB=-91.647966, Z₀(α*)=-8.241347, intercept=-89.372793 (0.078s) [OMP=0.037 ISP-L=0.003 ISP-F=0.011 MW-L=0.008 MW-F=0.010]
  OMP re-solve: 0.038s

=== True-DRO Benders iter 2 ===
  OMP: t₀=-88.222812, UB=Inf, gap=NaN, x=[0, 0, 0, 0, 0, 0, 1, 0, 0, 0, 0, 0, 0, 0, 0, 0, 0, 0, 0, 0, 0, 1, 0, 0, 0, 0, 0, 0, 0, 0, 0, 0, 0, 0, 0, 0, 0, 0] (0.000s)
  Sub: Z₀=16.092630 [LOCAL] (0.2s), α=[0.000,0.000,0.000,0.000,0.000,0.335,0.434,0.000,9.218,0.000,0.000,0.000,0.000,0.000,0.000,0.000,0.000,0.000,0.000,0.009,0.000,0.434,0.000,0.000,0.000,0.000,0.273,0.000,0.000,0.000,0.000,0.000,0.000,0.000,0.000,0.000,0.000,0.000]
  Iter 2: LB=-88.222812  UB=Inf  gap=NaN
  Cut: intercept=-1107.136220, π_x_range=[-830.5580, 565.8536]
  Mini-Benders[1] (mw): LB=-86.486750, Z₀(α*)=-24.700063, intercept=-82.489192 (0.078s) [OMP=0.039 ISP-L=0.003 ISP-F=0.011 MW-L=0.016 MW-F=0.010]
  Mini-Benders[2] (mw): LB=-85.855217, Z₀(α*)=-37.599747, intercept=-124.069429 (0.078s) [OMP=0.041 ISP-L=0.003 ISP-F=0.011 MW-L=0.007 MW-F=0.014]
  Mini-Benders[3] (mw): LB=-80.090088, Z₀(α*)=14.529720, intercept=-53.621260 (0.078s) [OMP=0.042 ISP-L=0.003 ISP-F=0.011 MW-L=0.008 MW-F=0.010]
  Mini-Benders[4] (mw): LB=-78.855787, Z₀(α*)=-42.762463, intercept=-40.840186 (0.079s) [OMP=0.043 ISP-L=0.003 ISP-F=0.011 MW-L=0.007 MW-F=0.010]
  Mini-Benders[5] (mw): LB=-76.423587, Z₀(α*)=-20.075891, intercept=-105.662468 (0.077s) [OMP=0.047 ISP-L=0.003 ISP-F=0.011 MW-L=0.007 MW-F=0.009]
  α-step: Z₀=14.982505, α=[0.000,0.000,0.000,0.000,0.000,0.000,0.000,0.000,0.000,0.000,0.000,0.000,0.000,0.000,4.863,0.000,0.000,0.000,0.000,0.000,0.000,0.000,0.000,0.000,0.000,0.000,0.000,0.000,0.000,0.000,0.000,5.840,0.000,0.000,0.000,0.000,0.000,0.000]
  Alt-Benders[1] (mw): LB=-67.348560, Z₀(α*)=-14.410148, intercept=-115.981434 (0.093s) [OMP=0.057 ISP-L=0.003 ISP-F=0.011 MW-L=0.007 MW-F=0.010]
  Alt-Benders[2] (mw): LB=-67.112971, Z₀(α*)=-27.988054, intercept=-27.295662 (0.094s) [OMP=0.055 ISP-L=0.004 ISP-F=0.012 MW-L=0.007 MW-F=0.012]
  Alt-Benders[3] (mw): LB=-67.045529, Z₀(α*)=-26.485611, intercept=-79.032299 (0.094s) [OMP=0.055 ISP-L=0.003 ISP-F=0.010 MW-L=0.009 MW-F=0.012]
  Alt-Benders[4] (mw): LB=-66.078475, Z₀(α*)=-7.929925, intercept=-64.182572 (0.109s) [OMP=0.073 ISP-L=0.003 ISP-F=0.010 MW-L=0.008 MW-F=0.017]
  Alt-Benders[5] (mw): LB=-63.019289, Z₀(α*)=-16.046343, intercept=-47.032402 (0.094s) [OMP=0.067 ISP-L=0.003 ISP-F=0.010 MW-L=0.008 MW-F=0.010]
  OMP re-solve: 0.167s

=== True-DRO Benders iter 3 ===
  OMP: t₀=-62.265035, UB=Inf, gap=NaN, x=[0, 0, 1, 0, 0, 0, 0, 0, 0, 0, 0, 0, 0, 0, 0, 0, 0, 0, 0, 0, 0, 1, 0, 0, 0, 0, 0, 0, 0, 0, 0, 0, 0, 0, 0, 0, 0, 0] (0.000s)
  Sub: Z₀=17.547182 [LOCAL] (0.5s), α=[0.000,0.000,0.000,0.000,0.000,0.943,0.000,0.000,3.950,0.000,0.000,0.000,0.000,0.000,0.000,0.000,0.000,0.000,0.000,0.000,0.000,5.810,0.000,0.000,0.000,0.000,0.000,0.000,0.000,0.000,0.000,0.000,0.000,0.000,0.000,0.000,0.000,0.000]
  Iter 3: LB=-62.265035  UB=Inf  gap=NaN
  Cut: intercept=-1146.147472, π_x_range=[-834.0772, 591.3754]
  Mini-Benders[1] (mw): LB=-61.824446, Z₀(α*)=-25.967609, intercept=-113.905213 (0.204s) [OMP=0.164 ISP-L=0.003 ISP-F=0.011 MW-L=0.007 MW-F=0.009]
  Mini-Benders[2] (mw): LB=-61.631515, Z₀(α*)=-18.945753, intercept=-87.302374 (0.203s) [OMP=0.170 ISP-L=0.003 ISP-F=0.010 MW-L=0.008 MW-F=0.011]
  Mini-Benders[3] (mw): LB=-60.854735, Z₀(α*)=-4.703840, intercept=-32.257910 (0.218s) [OMP=0.177 ISP-L=0.003 ISP-F=0.011 MW-L=0.014 MW-F=0.012]
  Mini-Benders[4] (mw): LB=-57.230948, Z₀(α*)=-12.085963, intercept=-63.788022 (0.141s) [OMP=0.115 ISP-L=0.003 ISP-F=0.011 MW-L=0.007 MW-F=0.012]
  Mini-Benders[5] (mw): LB=-56.496649, Z₀(α*)=-29.857776, intercept=-35.737784 (0.172s) [OMP=0.129 ISP-L=0.003 ISP-F=0.010 MW-L=0.007 MW-F=0.009]
  α-step: Z₀=17.594455, α=[0.000,0.000,1.004,0.000,0.000,0.343,0.000,0.000,0.000,0.000,0.000,0.000,0.000,0.000,1.072,0.000,0.000,0.000,0.000,0.000,0.000,0.000,0.000,0.000,0.000,0.000,2.490,0.000,0.000,0.000,0.000,5.794,0.000,0.000,0.000,0.000,0.000,0.000]
  Alt-Benders[1] (mw): LB=-54.831795, Z₀(α*)=-10.571692, intercept=-22.448768 (0.109s) [OMP=0.066 ISP-L=0.003 ISP-F=0.010 MW-L=0.007 MW-F=0.016]
  Alt-Benders[2] (mw): LB=-54.376298, Z₀(α*)=-43.651837, intercept=-51.098258 (0.109s) [OMP=0.073 ISP-L=0.003 ISP-F=0.010 MW-L=0.008 MW-F=0.011]
  Alt-Benders[3] (mw): LB=-52.040522, Z₀(α*)=-26.328307, intercept=-28.230756 (0.094s) [OMP=0.067 ISP-L=0.003 ISP-F=0.011 MW-L=0.007 MW-F=0.012]
  Alt-Benders[4] (mw): LB=-50.459718, Z₀(α*)=-62.632106, intercept=-56.784999 (0.125s) [OMP=0.091 ISP-L=0.003 ISP-F=0.010 MW-L=0.008 MW-F=0.009]
  Alt-Benders[5] (mw): LB=-50.459718, Z₀(α*)=-62.632106, intercept=-56.784999 (0.110s) [OMP=0.074 ISP-L=0.003 ISP-F=0.010 MW-L=0.008 MW-F=0.009]
  OMP re-solve: 0.070s

=== True-DRO Benders iter 4 ===
  OMP: t₀=-50.459718, UB=Inf, gap=NaN, x=[0, 0, 0, 0, 0, 0, 1, 0, 1, 0, 0, 0, 0, 0, 0, 0, 0, 0, 0, 0, 0, 0, 0, 0, 0, 0, 0, 0, 0, 0, 0, 0, 0, 0, 0, 0, 0, 0] (0.000s)
  Sub: Z₀=17.361922 [LOCAL] (0.2s), α=[0.000,0.000,0.000,0.000,0.000,0.048,0.362,0.000,9.462,0.000,0.000,0.000,0.000,0.000,0.000,0.000,0.000,0.000,0.000,0.000,0.000,0.000,0.000,0.000,0.000,0.000,0.831,0.000,0.000,0.000,0.000,0.000,0.000,0.000,0.000,0.000,0.000,0.000]
  Iter 4: LB=-50.459718  UB=Inf  gap=NaN
  Cut: intercept=-1148.904778, π_x_range=[-831.9890, 586.5109]
  Mini-Benders[1] (mw): LB=-48.260600, Z₀(α*)=14.062206, intercept=-37.601777 (0.093s) [OMP=0.072 ISP-L=0.004 ISP-F=0.010 MW-L=0.009 MW-F=0.011]
  Mini-Benders[2] (mw): LB=-47.871963, Z₀(α*)=-53.580606, intercept=-69.936845 (0.141s) [OMP=0.105 ISP-L=0.003 ISP-F=0.010 MW-L=0.008 MW-F=0.012]
  Mini-Benders[3] (mw): LB=-47.871963, Z₀(α*)=-53.580606, intercept=-69.936845 (0.219s) [OMP=0.186 ISP-L=0.003 ISP-F=0.010 MW-L=0.008 MW-F=0.012]
  Mini-Benders[4] (mw): LB=-47.871963, Z₀(α*)=-53.580606, intercept=-69.936845 (0.234s) [OMP=0.184 ISP-L=0.003 ISP-F=0.010 MW-L=0.008 MW-F=0.019]
  Mini-Benders[5]: LB stagnated, break
  α-step: Z₀=15.317470, α=[0.000,0.000,0.000,0.000,0.000,0.000,0.000,0.000,0.000,0.000,0.000,0.000,0.000,0.000,5.496,0.000,0.000,0.000,0.000,3.467,0.000,0.000,0.000,0.000,0.000,0.000,1.740,0.000,0.000,0.000,0.000,0.000,0.000,0.000,0.000,0.000,0.000,0.000]
  Alt-Benders[1] (mw): LB=-43.907799, Z₀(α*)=0.520866, intercept=-39.322404 (0.140s) [OMP=0.109 ISP-L=0.004 ISP-F=0.010 MW-L=0.009 MW-F=0.009]
  Alt-Benders[2] (mw): LB=-43.752602, Z₀(α*)=-1.866751, intercept=-56.566206 (0.188s) [OMP=0.149 ISP-L=0.003 ISP-F=0.010 MW-L=0.008 MW-F=0.011]
  Alt-Benders[3] (mw): LB=-43.651839, Z₀(α*)=-38.805776, intercept=-56.581744 (0.172s) [OMP=0.135 ISP-L=0.004 ISP-F=0.010 MW-L=0.008 MW-F=0.010]
  Alt-Benders[4] (mw): LB=-43.429289, Z₀(α*)=-28.840218, intercept=-104.977436 (0.156s) [OMP=0.123 ISP-L=0.004 ISP-F=0.009 MW-L=0.007 MW-F=0.019]
  Alt-Benders[5] (mw): LB=-42.762465, Z₀(α*)=-11.494173, intercept=-61.786329 (0.219s) [OMP=0.187 ISP-L=0.004 ISP-F=0.010 MW-L=0.008 MW-F=0.011]
  OMP re-solve: 0.079s

=== True-DRO Benders iter 5 ===
  OMP: t₀=-42.583453, UB=Inf, gap=NaN, x=[0, 0, 1, 0, 0, 0, 0, 0, 1, 0, 0, 0, 0, 0, 0, 0, 0, 0, 0, 0, 0, 0, 0, 0, 0, 0, 0, 0, 0, 0, 0, 0, 0, 0, 0, 0, 0, 0] (0.000s)
  Sub: Z₀=18.661077 (3.7s), α=[0.000,0.000,0.000,0.000,0.000,5.017,0.000,0.000,4.506,0.000,0.000,0.000,0.000,0.000,0.125,0.000,0.000,0.000,0.000,0.000,0.000,0.000,0.000,0.000,0.000,0.000,1.055,0.000,0.000,0.000,0.000,0.000,0.000,0.000,0.000,0.000,0.000,0.000]
  Iter 5: LB=-42.583453  UB=18.661077  gap=3.28e+00
  Cut: intercept=-26.525830, π_x_range=[-242.0000, 33.6525]
  Sherali-Cut: intercept=11.438559, π_x_range=[-134.6688, 7.2225]
  Mini-Benders[1] (mw): LB=-42.348071, Z₀(α*)=6.072613, intercept=-70.167449 (0.282s) [OMP=0.248 ISP-L=0.003 ISP-F=0.010 MW-L=0.013 MW-F=0.010]
  Mini-Benders[2] (mw): LB=-42.178055, Z₀(α*)=12.254170, intercept=-65.438170 (0.281s) [OMP=0.250 ISP-L=0.003 ISP-F=0.010 MW-L=0.008 MW-F=0.009]
  Mini-Benders[3] (mw): LB=-42.090641, Z₀(α*)=-48.035625, intercept=-86.466242 (0.219s) [OMP=0.181 ISP-L=0.003 ISP-F=0.009 MW-L=0.007 MW-F=0.013]
  Mini-Benders[4] (mw): LB=-42.090641, Z₀(α*)=-48.035625, intercept=-86.466242 (0.203s) [OMP=0.163 ISP-L=0.003 ISP-F=0.009 MW-L=0.008 MW-F=0.013]
  Mini-Benders[5] (mw): LB=-42.090641, Z₀(α*)=-48.035625, intercept=-86.466242 (0.203s) [OMP=0.165 ISP-L=0.003 ISP-F=0.009 MW-L=0.007 MW-F=0.020]
  α-step: Z₀=15.097716, α=[0.000,0.000,0.000,0.000,0.000,0.000,5.810,0.000,0.000,0.000,0.000,0.000,0.000,0.000,0.000,0.000,0.000,0.000,0.000,2.839,0.000,0.000,0.000,0.000,0.000,0.000,2.054,0.000,0.000,0.000,0.000,0.000,0.000,0.000,0.000,0.000,0.000,0.000]
  Alt-Benders[1] (mw): LB=-41.756908, Z₀(α*)=-12.220941, intercept=-97.847555 (0.234s) [OMP=0.201 ISP-L=0.003 ISP-F=0.010 MW-L=0.007 MW-F=0.012]
  Alt-Benders[2] (mw): LB=-40.926122, Z₀(α*)=-36.191790, intercept=-87.014013 (0.250s) [OMP=0.220 ISP-L=0.004 ISP-F=0.009 MW-L=0.008 MW-F=0.010]
  Alt-Benders[3] (mw): LB=-38.609269, Z₀(α*)=-26.380886, intercept=-106.933303 (0.219s) [OMP=0.181 ISP-L=0.003 ISP-F=0.010 MW-L=0.007 MW-F=0.010]
  Alt-Benders[4] (mw): LB=-37.810956, Z₀(α*)=-8.348721, intercept=-95.985189 (0.203s) [OMP=0.168 ISP-L=0.003 ISP-F=0.010 MW-L=0.014 MW-F=0.010]
  Alt-Benders[5] (mw): LB=-37.599749, Z₀(α*)=-32.374691, intercept=-157.668845 (0.438s) [OMP=0.403 ISP-L=0.003 ISP-F=0.011 MW-L=0.008 MW-F=0.012]
  OMP re-solve: 0.248s

=== True-DRO Benders iter 6 ===
  OMP: t₀=-36.191792, UB=18.661077, gap=2.94e+00, x=[0, 0, 0, 0, 0, 1, 0, 0, 1, 0, 0, 0, 0, 0, 0, 0, 0, 0, 0, 0, 0, 0, 0, 0, 0, 0, 0, 0, 0, 0, 0, 0, 0, 0, 0, 0, 0, 0] (0.000s)
  Sub: Z₀=11.747473 [LOCAL] (0.2s), α=[0.000,0.000,0.000,0.000,0.000,3.401,0.000,0.000,3.677,0.000,0.000,0.000,0.000,0.000,0.027,0.000,0.000,0.000,0.000,0.000,0.000,0.000,0.000,0.000,0.000,0.000,3.598,0.000,0.000,0.000,0.000,0.000,0.000,0.000,0.000,0.000,0.000,0.000]
  Iter 6: LB=-36.191792  UB=18.661077  gap=2.94e+00
  Cut: intercept=-1153.190887, π_x_range=[-823.7311, 584.3319]
  Mini-Benders[1] (mw): LB=-33.746997, Z₀(α*)=17.178292, intercept=-29.016960 (0.281s) [OMP=0.256 ISP-L=0.003 ISP-F=0.011 MW-L=0.007 MW-F=0.010]
  Mini-Benders[2] (mw): LB=-32.374693, Z₀(α*)=-22.627639, intercept=-102.220582 (0.469s) [OMP=0.430 ISP-L=0.003 ISP-F=0.012 MW-L=0.007 MW-F=0.017]
  Mini-Benders[3] (mw): LB=-31.330784, Z₀(α*)=2.035911, intercept=-44.308854 (0.469s) [OMP=0.433 ISP-L=0.003 ISP-F=0.011 MW-L=0.008 MW-F=0.012]
  Mini-Benders[4] (mw): LB=-31.288664, Z₀(α*)=-4.114287, intercept=-95.288678 (0.390s) [OMP=0.359 ISP-L=0.003 ISP-F=0.010 MW-L=0.007 MW-F=0.012]
  Mini-Benders[5] (mw): LB=-30.729837, Z₀(α*)=19.436812, intercept=-21.941686 (0.391s) [OMP=0.354 ISP-L=0.003 ISP-F=0.010 MW-L=0.006 MW-F=0.017]
  α-step: Z₀=12.721436, α=[0.000,0.000,0.000,0.000,0.000,0.000,0.000,0.000,0.000,0.000,0.000,0.000,0.000,0.000,0.000,0.000,0.000,0.000,0.000,9.583,0.000,0.000,0.000,0.000,0.000,0.000,1.120,0.000,0.000,0.000,0.000,0.000,0.000,0.000,0.000,0.000,0.000,0.000]
  Alt-Benders[1] (mw): LB=-29.597569, Z₀(α*)=-19.956235, intercept=-38.295486 (0.312s) [OMP=0.266 ISP-L=0.003 ISP-F=0.011 MW-L=0.014 MW-F=0.010]
  Alt-Benders[2] (mw): LB=-28.840220, Z₀(α*)=-32.065616, intercept=-105.636993 (0.266s) [OMP=0.243 ISP-L=0.004 ISP-F=0.009 MW-L=0.007 MW-F=0.011]
  Alt-Benders[3] (mw): LB=-28.840220, Z₀(α*)=-32.065616, intercept=-105.636993 (0.188s) [OMP=0.151 ISP-L=0.003 ISP-F=0.009 MW-L=0.007 MW-F=0.011]
  Alt-Benders[4] (mw): LB=-28.840220, Z₀(α*)=-32.065616, intercept=-105.636993 (0.171s) [OMP=0.147 ISP-L=0.004 ISP-F=0.009 MW-L=0.007 MW-F=0.011]
  Alt-Benders[5]: LB stagnated, break
  OMP re-solve: 0.000s

=== True-DRO Benders iter 7 ===
  OMP: t₀=-28.840220, UB=18.661077, gap=2.55e+00, x=[0, 0, 0, 0, 0, 1, 0, 0, 0, 0, 0, 0, 0, 0, 0, 0, 0, 0, 0, 0, 0, 1, 0, 0, 0, 0, 0, 0, 0, 0, 0, 0, 0, 0, 0, 0, 0, 0] (0.000s)
  Sub: Z₀=14.136198 [LOCAL] (0.2s), α=[0.000,0.000,0.000,0.000,0.000,6.127,0.000,0.000,0.000,0.000,0.000,0.000,0.000,0.000,0.000,0.000,0.000,0.000,0.000,0.000,0.000,4.121,0.000,0.000,0.000,0.000,0.455,0.000,0.000,0.000,0.000,0.000,0.000,0.000,0.000,0.000,0.000,0.000]
  Iter 7: LB=-28.840220  UB=18.661077  gap=2.55e+00
  Cut: intercept=-1134.333603, π_x_range=[-824.9199, 576.9900]
  Mini-Benders[1] (mw): LB=-28.538195, Z₀(α*)=-0.990793, intercept=-71.204389 (0.219s) [OMP=0.188 ISP-L=0.004 ISP-F=0.011 MW-L=0.015 MW-F=0.011]
  Mini-Benders[2] (mw): LB=-28.441136, Z₀(α*)=-6.424005, intercept=-81.892136 (0.234s) [OMP=0.190 ISP-L=0.003 ISP-F=0.010 MW-L=0.007 MW-F=0.011]
  Mini-Benders[3] (mw): LB=-27.873139, Z₀(α*)=-16.785534, intercept=-19.099746 (0.203s) [OMP=0.181 ISP-L=0.004 ISP-F=0.011 MW-L=0.008 MW-F=0.009]
  Mini-Benders[4] (mw): LB=-27.164539, Z₀(α*)=-14.731078, intercept=-67.352632 (0.203s) [OMP=0.171 ISP-L=0.003 ISP-F=0.010 MW-L=0.006 MW-F=0.008]
  Mini-Benders[5] (mw): LB=-27.158379, Z₀(α*)=-24.434093, intercept=-32.456503 (0.250s) [OMP=0.201 ISP-L=0.003 ISP-F=0.011 MW-L=0.006 MW-F=0.018]
  α-step: Z₀=9.020148, α=[0.000,0.000,0.000,0.000,0.000,6.163,0.000,0.000,0.000,0.000,0.000,0.000,0.000,0.000,1.072,0.000,0.000,0.000,0.000,0.000,0.000,0.000,0.000,0.000,0.000,0.000,0.000,0.000,0.000,0.000,0.000,0.000,3.468,0.000,0.000,0.000,0.000,0.000]
  Alt-Benders[1] (mw): LB=-26.380888, Z₀(α*)=-46.958338, intercept=-92.037060 (0.219s) [OMP=0.196 ISP-L=0.004 ISP-F=0.009 MW-L=0.007 MW-F=0.010]
  Alt-Benders[2] (mw): LB=-26.380888, Z₀(α*)=-46.958338, intercept=-92.037060 (0.250s) [OMP=0.211 ISP-L=0.003 ISP-F=0.009 MW-L=0.007 MW-F=0.010]
  Alt-Benders[3] (mw): LB=-26.380888, Z₀(α*)=-46.958338, intercept=-92.037060 (0.250s) [OMP=0.213 ISP-L=0.003 ISP-F=0.009 MW-L=0.007 MW-F=0.010]
  Alt-Benders[4]: LB stagnated, break
  OMP re-solve: 0.000s

=== True-DRO Benders iter 8 ===
  OMP: t₀=-26.380888, UB=18.661077, gap=2.41e+00, x=[0, 0, 0, 0, 0, 0, 0, 0, 0, 0, 0, 0, 0, 0, 0, 0, 0, 0, 0, 1, 0, 1, 0, 0, 0, 0, 0, 0, 0, 0, 0, 0, 0, 0, 0, 0, 0, 0] (0.000s)
  Sub: Z₀=14.844750 [LOCAL] (0.3s), α=[0.000,0.000,0.000,0.000,0.000,0.000,0.000,0.000,0.000,0.000,0.000,0.000,0.000,0.000,0.000,0.000,0.000,0.000,0.000,6.946,0.000,3.756,0.000,0.000,0.000,0.000,0.000,0.000,0.000,0.000,0.000,0.000,0.000,0.000,0.000,0.000,0.000,0.000]
  Iter 8: LB=-26.380888  UB=18.661077  gap=2.41e+00
  Cut: intercept=-1117.831407, π_x_range=[-825.9508, 576.9202]
  Mini-Benders[1] (mw): LB=-26.273160, Z₀(α*)=-34.514213, intercept=-57.401678 (0.250s) [OMP=0.208 ISP-L=0.003 ISP-F=0.011 MW-L=0.007 MW-F=0.010]
  Mini-Benders[2] (mw): LB=-26.273160, Z₀(α*)=-34.514213, intercept=-57.401678 (0.203s) [OMP=0.182 ISP-L=0.003 ISP-F=0.011 MW-L=0.007 MW-F=0.010]
  Mini-Benders[3] (mw): LB=-26.273160, Z₀(α*)=-34.514213, intercept=-57.401678 (0.219s) [OMP=0.181 ISP-L=0.003 ISP-F=0.011 MW-L=0.007 MW-F=0.010]
  Mini-Benders[4]: LB stagnated, break
  α-step: Z₀=16.118850, α=[0.000,0.000,0.000,0.000,0.000,1.376,0.000,0.000,0.729,0.000,0.000,0.000,0.000,0.000,2.254,0.000,0.000,0.000,0.000,0.000,0.000,0.000,0.000,0.000,2.410,0.000,3.935,0.000,0.000,0.000,0.000,0.000,0.000,0.000,0.000,0.000,0.000,0.000]
  Alt-Benders[1] (mw): LB=-25.967611, Z₀(α*)=5.266576, intercept=-122.142522 (0.250s) [OMP=0.213 ISP-L=0.004 ISP-F=0.011 MW-L=0.008 MW-F=0.010]
  Alt-Benders[2] (mw): LB=-25.917460, Z₀(α*)=5.842219, intercept=-36.854267 (0.250s) [OMP=0.216 ISP-L=0.004 ISP-F=0.011 MW-L=0.008 MW-F=0.010]
  Alt-Benders[3] (mw): LB=-25.101692, Z₀(α*)=6.918785, intercept=-123.320008 (0.219s) [OMP=0.185 ISP-L=0.004 ISP-F=0.011 MW-L=0.008 MW-F=0.011]
  Alt-Benders[4] (mw): LB=-24.918955, Z₀(α*)=5.442713, intercept=-31.760672 (0.219s) [OMP=0.186 ISP-L=0.003 ISP-F=0.009 MW-L=0.008 MW-F=0.010]
  Alt-Benders[5] (mw): LB=-24.822603, Z₀(α*)=3.016852, intercept=-20.958295 (0.219s) [OMP=0.185 ISP-L=0.003 ISP-F=0.010 MW-L=0.015 MW-F=0.010]
  OMP re-solve: 0.203s

=== True-DRO Benders iter 9 ===
  OMP: t₀=-24.700065, UB=18.661077, gap=2.32e+00, x=[0, 0, 0, 0, 0, 0, 0, 0, 0, 0, 0, 0, 0, 0, 0, 0, 0, 0, 0, 0, 0, 0, 0, 0, 1, 0, 0, 0, 0, 0, 0, 0, 1, 0, 0, 0, 0, 0] (0.000s)
  Sub: Z₀=15.356786 [LOCAL] (0.2s), α=[0.000,0.000,0.000,0.000,0.000,0.000,0.000,0.000,0.000,0.000,0.000,0.000,0.000,0.000,2.805,0.000,0.000,0.000,0.000,0.000,0.000,0.000,0.000,0.000,5.734,0.000,0.247,0.000,0.000,0.000,0.000,0.000,1.856,0.060,0.000,0.000,0.000,0.000]
  Iter 9: LB=-24.700065  UB=18.661077  gap=2.32e+00
  Cut: intercept=-1058.022453, π_x_range=[-830.8796, 536.9821]
  Mini-Benders[1] (mw): LB=-24.602687, Z₀(α*)=-28.730524, intercept=-92.382301 (0.234s) [OMP=0.190 ISP-L=0.003 ISP-F=0.012 MW-L=0.007 MW-F=0.009]
  Mini-Benders[2] (mw): LB=-24.602687, Z₀(α*)=-28.730524, intercept=-92.382301 (0.219s) [OMP=0.196 ISP-L=0.003 ISP-F=0.011 MW-L=0.008 MW-F=0.009]
  Mini-Benders[3] (mw): LB=-24.602687, Z₀(α*)=-28.730524, intercept=-92.382301 (0.234s) [OMP=0.195 ISP-L=0.003 ISP-F=0.012 MW-L=0.007 MW-F=0.009]
  Mini-Benders[4]: LB stagnated, break
  α-step: Z₀=16.858963, α=[0.000,0.000,0.000,0.000,0.000,0.000,0.000,0.000,4.002,0.000,0.000,0.000,0.000,0.000,1.072,0.000,0.000,0.000,0.000,0.000,0.000,0.000,0.000,0.000,0.000,0.000,5.187,0.000,0.000,0.000,0.000,0.442,0.000,0.000,0.000,0.000,0.000,0.000]
  Alt-Benders[1] (mw): LB=-24.434095, Z₀(α*)=16.932564, intercept=-46.947728 (0.250s) [OMP=0.213 ISP-L=0.004 ISP-F=0.011 MW-L=0.007 MW-F=0.012]
  Alt-Benders[2] (mw): LB=-22.816362, Z₀(α*)=17.300941, intercept=-17.816408 (0.250s) [OMP=0.218 ISP-L=0.003 ISP-F=0.011 MW-L=0.007 MW-F=0.010]
  Alt-Benders[3] (mw): LB=-22.776789, Z₀(α*)=19.490515, intercept=-88.155413 (0.312s) [OMP=0.275 ISP-L=0.004 ISP-F=0.011 MW-L=0.007 MW-F=0.016]
  Alt-Benders[4] (mw): LB=-22.627641, Z₀(α*)=-7.661114, intercept=-101.895810 (0.250s) [OMP=0.215 ISP-L=0.003 ISP-F=0.012 MW-L=0.007 MW-F=0.017]
  Alt-Benders[5] (mw): LB=-21.624397, Z₀(α*)=11.720568, intercept=-16.456536 (0.453s) [OMP=0.422 ISP-L=0.003 ISP-F=0.011 MW-L=0.008 MW-F=0.010]
  OMP re-solve: 0.391s

=== True-DRO Benders iter 10 ===
  OMP: t₀=-21.270793, UB=18.661077, gap=2.14e+00, x=[0, 0, 0, 0, 0, 0, 0, 0, 0, 0, 0, 0, 0, 0, 0, 0, 0, 0, 0, 0, 0, 0, 0, 0, 0, 0, 0, 0, 0, 0, 1, 1, 0, 0, 0, 0, 0, 0] (0.000s)
  Sub: Z₀=19.004642 (6.8s), α=[0.000,0.000,0.000,0.000,0.000,0.000,0.000,0.000,0.000,0.000,0.000,0.000,0.000,0.000,4.442,0.000,0.000,0.000,0.000,0.028,0.000,0.000,0.000,0.000,0.000,0.000,6.232,0.000,0.000,0.000,0.000,0.000,0.000,0.000,0.000,0.000,0.000,0.000]
  Iter 10: LB=-21.270793  UB=18.661077  gap=2.14e+00
  Cut: intercept=-52.392103, π_x_range=[-173.9348, 59.9574]
  Sherali-Cut: intercept=-44.363634, π_x_range=[-98.5688, 63.3682]
  Mini-Benders[1] (mw): LB=-21.042681, Z₀(α*)=16.235474, intercept=-40.796180 (0.406s) [OMP=0.363 ISP-L=0.004 ISP-F=0.011 MW-L=0.014 MW-F=0.012]
  Mini-Benders[2] (mw): LB=-20.251658, Z₀(α*)=14.597280, intercept=-96.935817 (0.485s) [OMP=0.447 ISP-L=0.004 ISP-F=0.012 MW-L=0.007 MW-F=0.011]
  Mini-Benders[3] (mw): LB=-19.451140, Z₀(α*)=-11.530522, intercept=-22.410885 (0.390s) [OMP=0.366 ISP-L=0.003 ISP-F=0.011 MW-L=0.008 MW-F=0.008]
  Mini-Benders[4] (mw): LB=-19.163132, Z₀(α*)=-4.129589, intercept=-1.794725 (0.360s) [OMP=0.317 ISP-L=0.004 ISP-F=0.012 MW-L=0.007 MW-F=0.012]
  Mini-Benders[5] (mw): LB=-19.074554, Z₀(α*)=17.739866, intercept=-55.032882 (0.375s) [OMP=0.328 ISP-L=0.004 ISP-F=0.011 MW-L=0.007 MW-F=0.018]
  α-step: Z₀=13.964587, α=[0.000,0.000,0.000,0.000,0.000,2.971,6.624,0.000,0.000,0.000,0.000,0.000,0.000,0.000,0.000,0.000,0.000,0.000,0.000,1.107,0.000,0.000,0.000,0.000,0.000,0.000,0.000,0.000,0.000,0.000,0.000,0.000,0.000,0.000,0.000,0.000,0.000,0.000]
  Alt-Benders[1] (mw): LB=-18.499973, Z₀(α*)=0.251316, intercept=-40.660692 (0.391s) [OMP=0.362 ISP-L=0.004 ISP-F=0.012 MW-L=0.007 MW-F=0.011]
  Alt-Benders[2] (mw): LB=-17.810511, Z₀(α*)=-13.154398, intercept=-27.058226 (0.469s) [OMP=0.432 ISP-L=0.004 ISP-F=0.011 MW-L=0.007 MW-F=0.011]
  Alt-Benders[3] (mw): LB=-17.720534, Z₀(α*)=-10.645773, intercept=-64.180918 (0.515s) [OMP=0.482 ISP-L=0.003 ISP-F=0.013 MW-L=0.007 MW-F=0.009]
  Alt-Benders[4] (mw): LB=-17.239024, Z₀(α*)=-29.972453, intercept=-105.138289 (0.485s) [OMP=0.449 ISP-L=0.003 ISP-F=0.010 MW-L=0.014 MW-F=0.010]
  Alt-Benders[5] (mw): LB=-17.239024, Z₀(α*)=-29.972453, intercept=-105.138289 (0.453s) [OMP=0.424 ISP-L=0.004 ISP-F=0.011 MW-L=0.006 MW-F=0.010]
  OMP re-solve: 0.423s

=== True-DRO Benders iter 11 ===
  OMP: t₀=-17.239024, UB=18.661077, gap=1.92e+00, x=[0, 0, 0, 0, 0, 0, 0, 0, 1, 0, 0, 0, 0, 0, 0, 0, 0, 0, 0, 0, 0, 0, 0, 0, 0, 0, 0, 0, 0, 0, 0, 1, 0, 0, 0, 0, 0, 0] (0.000s)
  Sub: Z₀=17.051302 [LOCAL] (0.2s), α=[0.000,0.000,0.000,0.000,0.000,0.000,0.000,0.000,5.612,0.000,0.000,0.000,0.000,0.000,0.073,0.000,0.000,0.000,0.000,0.000,0.000,0.000,0.000,0.000,0.000,0.000,5.017,0.000,0.000,0.000,0.000,0.000,0.000,0.000,0.000,0.000,0.000,0.000]
  Iter 11: LB=-17.239024  UB=18.661077  gap=1.92e+00
  Cut: intercept=-1134.096655, π_x_range=[-824.8187, 585.4285]
  Mini-Benders[1] (mw): LB=-17.219552, Z₀(α*)=18.877718, intercept=6.688766 (0.438s) [OMP=0.403 ISP-L=0.004 ISP-F=0.011 MW-L=0.007 MW-F=0.011]
  Mini-Benders[2] (mw): LB=-16.689879, Z₀(α*)=18.589289, intercept=2.189229 (0.484s) [OMP=0.445 ISP-L=0.003 ISP-F=0.011 MW-L=0.007 MW-F=0.020]
  Mini-Benders[3] (mw): LB=-16.497599, Z₀(α*)=11.517743, intercept=-52.391903 (0.422s) [OMP=0.382 ISP-L=0.003 ISP-F=0.010 MW-L=0.008 MW-F=0.012]
  Mini-Benders[4] (mw): LB=-16.016021, Z₀(α*)=3.906081, intercept=-87.851242 (0.484s) [OMP=0.446 ISP-L=0.003 ISP-F=0.011 MW-L=0.007 MW-F=0.013]
  Mini-Benders[5] (mw): LB=-14.793560, Z₀(α*)=-0.723316, intercept=-30.641734 (0.469s) [OMP=0.437 ISP-L=0.003 ISP-F=0.011 MW-L=0.008 MW-F=0.011]
  α-step: Z₀=15.075070, α=[0.000,0.000,0.000,0.000,0.000,0.413,0.000,0.000,0.360,0.000,0.000,0.000,0.000,0.000,1.816,0.000,0.000,0.000,0.000,7.383,0.000,0.000,0.000,0.000,0.000,0.000,0.731,0.000,0.000,0.000,0.000,0.000,0.000,0.000,0.000,0.000,0.000,0.000]
  Alt-Benders[1] (mw): LB=-14.476502, Z₀(α*)=-10.314830, intercept=-49.777529 (0.485s) [OMP=0.450 ISP-L=0.004 ISP-F=0.011 MW-L=0.007 MW-F=0.018]
  Alt-Benders[2] (mw): LB=-14.410150, Z₀(α*)=12.896899, intercept=-84.980460 (0.484s) [OMP=0.445 ISP-L=0.003 ISP-F=0.010 MW-L=0.007 MW-F=0.009]
  Alt-Benders[3] (mw): LB=-14.288705, Z₀(α*)=-11.559901, intercept=-55.329051 (0.516s) [OMP=0.489 ISP-L=0.003 ISP-F=0.009 MW-L=0.007 MW-F=0.010]
  Alt-Benders[4] (mw): LB=-14.282669, Z₀(α*)=-11.098372, intercept=-49.400207 (0.609s) [OMP=0.574 ISP-L=0.003 ISP-F=0.011 MW-L=0.006 MW-F=0.012]
  Alt-Benders[5] (mw): LB=-13.527711, Z₀(α*)=-13.746682, intercept=-61.317715 (0.563s) [OMP=0.522 ISP-L=0.003 ISP-F=0.011 MW-L=0.007 MW-F=0.011]
  OMP re-solve: 0.547s

=== True-DRO Benders iter 12 ===
  OMP: t₀=-13.527710, UB=18.661077, gap=1.72e+00, x=[0, 0, 0, 0, 0, 0, 0, 0, 0, 0, 0, 1, 0, 0, 0, 0, 0, 0, 0, 0, 0, 0, 0, 0, 0, 0, 0, 0, 0, 0, 0, 1, 0, 0, 0, 0, 0, 0] (0.000s)
  Sub: Z₀=18.381043 [LOCAL] (0.3s), α=[0.000,0.000,0.000,0.000,0.000,0.000,0.000,0.000,1.516,0.000,0.000,0.000,0.000,0.000,0.502,0.000,0.000,0.000,0.000,0.000,0.000,0.000,0.000,0.000,0.000,0.000,1.906,0.000,0.000,0.000,0.000,6.778,0.000,0.000,0.000,0.000,0.000,0.000]
  Iter 12: LB=-13.527710  UB=18.661077  gap=1.72e+00
  Cut: intercept=-1104.443997, π_x_range=[-826.1843, 575.0435]
  Mini-Benders[1] (mw): LB=-13.288793, Z₀(α*)=18.357347, intercept=-48.778743 (0.578s) [OMP=0.540 ISP-L=0.004 ISP-F=0.012 MW-L=0.008 MW-F=0.012]
  Mini-Benders[2] (mw): LB=-13.195205, Z₀(α*)=-36.020111, intercept=-136.885189 (0.531s) [OMP=0.507 ISP-L=0.003 ISP-F=0.011 MW-L=0.007 MW-F=0.010]
  Mini-Benders[3] (mw): LB=-13.195205, Z₀(α*)=-36.020111, intercept=-136.885189 (0.547s) [OMP=0.517 ISP-L=0.003 ISP-F=0.010 MW-L=0.007 MW-F=0.010]
  Mini-Benders[4] (mw): LB=-13.195205, Z₀(α*)=-36.020111, intercept=-136.885189 (0.563s) [OMP=0.518 ISP-L=0.003 ISP-F=0.011 MW-L=0.007 MW-F=0.017]
  Mini-Benders[5]: LB stagnated, break
  α-step: Z₀=14.665889, α=[0.000,0.000,0.000,0.000,0.000,0.000,1.026,0.000,1.385,0.000,0.000,0.000,0.000,0.000,0.000,0.000,0.000,0.000,0.000,0.000,0.000,0.000,0.000,0.000,8.292,0.000,0.000,0.000,0.000,0.000,0.000,0.000,0.000,0.000,0.000,0.000,0.000,0.000]
  Alt-Benders[1] (mw): LB=-13.154400, Z₀(α*)=-32.206168, intercept=-51.636550 (0.594s) [OMP=0.546 ISP-L=0.003 ISP-F=0.011 MW-L=0.007 MW-F=0.011]
  Alt-Benders[2] (mw): LB=-13.154400, Z₀(α*)=-32.206168, intercept=-51.636550 (0.562s) [OMP=0.538 ISP-L=0.003 ISP-F=0.010 MW-L=0.007 MW-F=0.011]
  Alt-Benders[3] (mw): LB=-13.154400, Z₀(α*)=-32.206168, intercept=-51.636550 (0.578s) [OMP=0.544 ISP-L=0.003 ISP-F=0.010 MW-L=0.007 MW-F=0.011]
  Alt-Benders[4]: LB stagnated, break
  OMP re-solve: 0.000s

=== True-DRO Benders iter 13 ===
  OMP: t₀=-13.154400, UB=18.661077, gap=1.70e+00, x=[0, 0, 0, 0, 0, 0, 0, 0, 0, 0, 0, 1, 0, 0, 0, 0, 0, 0, 0, 1, 0, 0, 0, 0, 0, 0, 0, 0, 0, 0, 0, 0, 0, 0, 0, 0, 0, 0] (0.000s)
  Sub: Z₀=17.899791 [LOCAL] (0.2s), α=[0.000,0.000,0.000,0.000,0.000,0.000,0.000,0.000,0.000,0.000,0.000,0.000,0.000,0.000,1.816,0.000,0.000,0.000,0.000,7.827,0.000,0.000,0.000,0.000,0.000,0.000,1.060,0.000,0.000,0.000,0.000,0.000,0.000,0.000,0.000,0.000,0.000,0.000]
  Iter 13: LB=-13.154400  UB=18.661077  gap=1.70e+00
  Cut: intercept=-1106.071350, π_x_range=[-829.4577, 578.5157]
  Mini-Benders[1] (mw): LB=-13.154400, Z₀(α*)=17.899793, intercept=-23.120195 (0.579s) [OMP=0.542 ISP-L=0.004 ISP-F=0.012 MW-L=0.007 MW-F=0.010]
  Mini-Benders[2] (mw): LB=-12.085965, Z₀(α*)=-16.393927, intercept=-68.187836 (0.328s) [OMP=0.287 ISP-L=0.003 ISP-F=0.011 MW-L=0.007 MW-F=0.011]
  Mini-Benders[3] (mw): LB=-12.085965, Z₀(α*)=-16.393927, intercept=-68.187836 (0.343s) [OMP=0.318 ISP-L=0.003 ISP-F=0.011 MW-L=0.007 MW-F=0.011]
  Mini-Benders[4] (mw): LB=-12.085965, Z₀(α*)=-16.393927, intercept=-68.187836 (0.344s) [OMP=0.309 ISP-L=0.003 ISP-F=0.012 MW-L=0.007 MW-F=0.011]
  Mini-Benders[5]: LB stagnated, break
  α-step: Z₀=19.249805, α=[0.000,0.000,0.000,0.000,0.000,0.108,0.000,0.000,0.000,0.000,0.000,0.000,0.000,0.000,3.487,0.000,0.000,0.000,0.000,0.000,0.000,0.000,0.000,0.000,0.000,0.000,5.141,0.000,0.000,0.000,0.000,1.966,0.000,0.000,0.000,0.000,0.000,0.000]
  Alt-Benders[1] (mw): LB=-11.738471, Z₀(α*)=1.388452, intercept=-38.017657 (0.344s) [OMP=0.313 ISP-L=0.004 ISP-F=0.010 MW-L=0.008 MW-F=0.012]
  Alt-Benders[2] (mw): LB=-11.559903, Z₀(α*)=-6.814887, intercept=-47.769576 (0.359s) [OMP=0.316 ISP-L=0.003 ISP-F=0.010 MW-L=0.007 MW-F=0.011]
  Alt-Benders[3] (mw): LB=-11.553751, Z₀(α*)=9.205899, intercept=-2.349972 (0.313s) [OMP=0.293 ISP-L=0.003 ISP-F=0.011 MW-L=0.007 MW-F=0.010]
  Alt-Benders[4] (mw): LB=-11.530524, Z₀(α*)=-15.218364, intercept=-24.432899 (0.344s) [OMP=0.322 ISP-L=0.003 ISP-F=0.011 MW-L=0.006 MW-F=0.016]
  Alt-Benders[5] (mw): LB=-11.530524, Z₀(α*)=-15.218364, intercept=-24.432899 (0.328s) [OMP=0.306 ISP-L=0.003 ISP-F=0.011 MW-L=0.006 MW-F=0.008]
  OMP re-solve: 0.303s

=== True-DRO Benders iter 14 ===
  OMP: t₀=-11.530524, UB=18.661077, gap=1.62e+00, x=[0, 0, 0, 0, 0, 0, 1, 0, 0, 0, 0, 0, 0, 0, 1, 0, 0, 0, 0, 0, 0, 0, 0, 0, 0, 0, 0, 0, 0, 0, 0, 0, 0, 0, 0, 0, 0, 0] (0.000s)
  Sub: Z₀=16.092630 [LOCAL] (0.2s), α=[0.000,0.000,0.000,0.000,0.000,0.337,0.435,0.000,9.217,0.000,0.000,0.000,0.000,0.000,0.435,0.000,0.000,0.000,0.000,0.008,0.000,0.000,0.000,0.000,0.000,0.000,0.271,0.000,0.000,0.000,0.000,0.000,0.000,0.000,0.000,0.000,0.000,0.000]
  Iter 14: LB=-11.530524  UB=18.661077  gap=1.62e+00
  Cut: intercept=-1122.199625, π_x_range=[-830.6130, 582.4840]
  Mini-Benders[1] (mw): LB=-11.340526, Z₀(α*)=14.656003, intercept=-31.401990 (0.390s) [OMP=0.359 ISP-L=0.004 ISP-F=0.012 MW-L=0.007 MW-F=0.010]
  Mini-Benders[2] (mw): LB=-11.098374, Z₀(α*)=-16.867090, intercept=-63.091543 (0.375s) [OMP=0.340 ISP-L=0.003 ISP-F=0.011 MW-L=0.007 MW-F=0.012]
  Mini-Benders[3] (mw): LB=-11.098374, Z₀(α*)=-16.867090, intercept=-63.091543 (0.344s) [OMP=0.307 ISP-L=0.003 ISP-F=0.011 MW-L=0.015 MW-F=0.012]
  Mini-Benders[4] (mw): LB=-11.098374, Z₀(α*)=-16.867090, intercept=-63.091543 (0.359s) [OMP=0.317 ISP-L=0.003 ISP-F=0.012 MW-L=0.008 MW-F=0.012]
  Mini-Benders[5]: LB stagnated, break
  α-step: Z₀=17.139497, α=[0.000,0.000,0.000,0.000,0.000,0.000,0.000,0.000,4.557,0.000,0.000,0.000,0.000,0.000,1.310,0.000,0.000,0.000,0.000,0.000,0.000,0.000,0.000,0.000,0.000,0.000,4.835,0.000,0.000,0.000,0.000,0.000,0.000,0.000,0.000,0.000,0.000,0.000]
  Alt-Benders[1] (mw): LB=-10.677900, Z₀(α*)=11.763788, intercept=-78.124079 (0.406s) [OMP=0.374 ISP-L=0.003 ISP-F=0.011 MW-L=0.008 MW-F=0.010]
  Alt-Benders[2] (mw): LB=-10.537722, Z₀(α*)=16.430157, intercept=-33.424156 (0.407s) [OMP=0.364 ISP-L=0.003 ISP-F=0.011 MW-L=0.008 MW-F=0.021]
  Alt-Benders[3] (mw): LB=-10.414248, Z₀(α*)=17.066914, intercept=-3.700380 (0.437s) [OMP=0.404 ISP-L=0.003 ISP-F=0.012 MW-L=0.008 MW-F=0.011]
  Alt-Benders[4] (mw): LB=-10.348972, Z₀(α*)=16.715464, intercept=-10.199274 (0.469s) [OMP=0.437 ISP-L=0.003 ISP-F=0.011 MW-L=0.008 MW-F=0.011]
  Alt-Benders[5] (mw): LB=-10.314832, Z₀(α*)=17.180616, intercept=-13.737145 (0.437s) [OMP=0.389 ISP-L=0.004 ISP-F=0.010 MW-L=0.008 MW-F=0.015]
  OMP re-solve: 0.398s

=== True-DRO Benders iter 15 ===
  OMP: t₀=-9.929068, UB=18.661077, gap=1.53e+00, x=[0, 0, 0, 0, 0, 0, 0, 0, 0, 0, 0, 1, 0, 0, 0, 0, 0, 0, 0, 0, 0, 0, 0, 0, 1, 0, 0, 0, 0, 0, 0, 0, 0, 0, 0, 0, 0, 0] (0.000s)
  Sub: Z₀=17.747600 (3.1s), α=[0.000,0.000,0.000,0.000,0.000,0.000,0.000,0.000,0.000,0.000,0.000,0.000,0.000,0.000,1.816,0.000,0.000,0.000,0.000,0.000,0.000,0.000,0.000,0.000,7.827,0.000,1.060,0.000,0.000,0.000,0.000,0.000,0.000,0.000,0.000,0.000,0.000,0.000]
  Iter 15: LB=-9.929068  UB=17.747600  gap=1.56e+00
  Cut: intercept=-112.579556, π_x_range=[-264.0000, 90.2818]
  Sherali-Cut: intercept=-35.199360, π_x_range=[-114.4225, 52.9470]
  Mini-Benders[1] (mw): LB=-9.832286, Z₀(α*)=-25.771729, intercept=-55.511551 (0.422s) [OMP=0.380 ISP-L=0.003 ISP-F=0.010 MW-L=0.008 MW-F=0.012]
  Mini-Benders[2] (mw): LB=-9.832286, Z₀(α*)=-25.771729, intercept=-55.511551 (0.359s) [OMP=0.331 ISP-L=0.003 ISP-F=0.009 MW-L=0.007 MW-F=0.012]
  Mini-Benders[3] (mw): LB=-9.832286, Z₀(α*)=-25.771729, intercept=-55.511551 (0.360s) [OMP=0.323 ISP-L=0.003 ISP-F=0.010 MW-L=0.007 MW-F=0.018]
  Mini-Benders[4]: LB stagnated, break
  α-step: Z₀=19.400234, α=[0.100,0.000,0.000,0.000,0.000,4.785,0.000,0.000,3.884,0.000,0.000,0.000,0.000,0.000,1.933,0.000,0.000,0.000,0.000,0.000,0.000,0.000,0.000,0.000,0.000,0.000,0.000,0.000,0.000,0.000,0.000,0.000,0.000,0.000,0.000,0.000,0.000,0.000]
  Alt-Benders[1] (mw): LB=-8.348723, Z₀(α*)=-24.469924, intercept=-93.092524 (0.437s) [OMP=0.405 ISP-L=0.003 ISP-F=0.011 MW-L=0.008 MW-F=0.010]
  Alt-Benders[2] (mw): LB=-8.348723, Z₀(α*)=-24.469924, intercept=-93.092524 (0.453s) [OMP=0.414 ISP-L=0.003 ISP-F=0.012 MW-L=0.008 MW-F=0.010]
  Alt-Benders[3] (mw): LB=-8.348723, Z₀(α*)=-24.469924, intercept=-93.092524 (0.438s) [OMP=0.406 ISP-L=0.003 ISP-F=0.011 MW-L=0.007 MW-F=0.010]
  Alt-Benders[4]: LB stagnated, break
  OMP re-solve: 0.000s

=== True-DRO Benders iter 16 ===
  OMP: t₀=-8.348723, UB=17.747600, gap=1.47e+00, x=[0, 0, 0, 0, 0, 0, 0, 0, 0, 0, 0, 0, 0, 0, 0, 0, 0, 0, 0, 1, 0, 0, 0, 0, 0, 0, 0, 0, 0, 0, 0, 0, 1, 0, 0, 0, 0, 0] (0.000s)
  Sub: Z₀=15.325403 [LOCAL] (0.2s), α=[0.000,0.000,0.000,0.000,0.000,0.000,0.000,0.000,0.000,0.000,0.000,0.000,0.000,0.000,2.491,0.000,0.000,0.000,0.000,6.048,0.000,0.000,0.000,0.000,0.000,0.000,0.247,0.000,0.000,0.000,0.000,0.000,1.857,0.059,0.000,0.000,0.000,0.000]
  Iter 16: LB=-8.348723  UB=17.747600  gap=1.47e+00
  Cut: intercept=-1056.741537, π_x_range=[-830.8759, 536.5528]
  Mini-Benders[1] (mw): LB=-8.241349, Z₀(α*)=-13.055441, intercept=-90.496999 (0.437s) [OMP=0.396 ISP-L=0.003 ISP-F=0.012 MW-L=0.007 MW-F=0.010]
  Mini-Benders[2] (mw): LB=-8.241349, Z₀(α*)=-13.055441, intercept=-90.496999 (0.422s) [OMP=0.389 ISP-L=0.003 ISP-F=0.012 MW-L=0.007 MW-F=0.010]
  Mini-Benders[3] (mw): LB=-8.241349, Z₀(α*)=-13.055441, intercept=-90.496999 (0.422s) [OMP=0.399 ISP-L=0.003 ISP-F=0.012 MW-L=0.007 MW-F=0.010]
  Mini-Benders[4]: LB stagnated, break
  α-step: Z₀=17.705969, α=[0.000,0.000,0.000,0.000,0.000,0.000,0.000,0.000,3.950,0.000,0.000,0.000,0.000,0.000,0.861,0.000,0.000,0.000,0.000,0.000,0.000,0.000,0.000,0.000,0.000,0.000,4.698,0.000,0.000,0.000,0.000,1.194,0.000,0.000,0.000,0.000,0.000,0.000]
  Alt-Benders[1] (mw): LB=-7.929927, Z₀(α*)=9.258269, intercept=-61.785361 (0.406s) [OMP=0.363 ISP-L=0.003 ISP-F=0.012 MW-L=0.014 MW-F=0.009]
  Alt-Benders[2] (mw): LB=-7.661116, Z₀(α*)=-5.726675, intercept=-101.916861 (0.438s) [OMP=0.402 ISP-L=0.004 ISP-F=0.011 MW-L=0.007 MW-F=0.010]
  Alt-Benders[3] (mw): LB=-7.659224, Z₀(α*)=17.298888, intercept=-2.954294 (0.390s) [OMP=0.349 ISP-L=0.003 ISP-F=0.011 MW-L=0.008 MW-F=0.011]
  Alt-Benders[4] (mw): LB=-7.113630, Z₀(α*)=-16.758510, intercept=-41.439917 (0.391s) [OMP=0.363 ISP-L=0.003 ISP-F=0.010 MW-L=0.007 MW-F=0.008]
  Alt-Benders[5] (mw): LB=-7.113630, Z₀(α*)=-16.758510, intercept=-41.439917 (0.375s) [OMP=0.343 ISP-L=0.003 ISP-F=0.010 MW-L=0.007 MW-F=0.015]
  OMP re-solve: 0.353s

=== True-DRO Benders iter 17 ===
  OMP: t₀=-7.113630, UB=17.747600, gap=1.40e+00, x=[1, 0, 0, 0, 0, 1, 0, 0, 0, 0, 0, 0, 0, 0, 0, 0, 0, 0, 0, 0, 0, 0, 0, 0, 0, 0, 0, 0, 0, 0, 0, 0, 0, 0, 0, 0, 0, 0] (0.000s)
  Sub: Z₀=17.494587 [LOCAL] (0.2s), α=[0.000,0.000,0.000,0.000,0.000,9.631,0.000,0.000,0.000,0.000,0.000,0.000,0.000,0.000,1.072,0.000,0.000,0.000,0.000,0.000,0.000,0.000,0.000,0.000,0.000,0.000,0.000,0.000,0.000,0.000,0.000,0.000,0.000,0.000,0.000,0.000,0.000,0.000]
  Iter 17: LB=-7.113630  UB=17.747600  gap=1.40e+00
  Cut: intercept=-1118.921669, π_x_range=[-827.6044, 581.5534]
  Mini-Benders[1] (mw): LB=-6.962129, Z₀(α*)=-13.792972, intercept=-32.215879 (0.375s) [OMP=0.339 ISP-L=0.003 ISP-F=0.010 MW-L=0.007 MW-F=0.010]
  Mini-Benders[2] (mw): LB=-6.962129, Z₀(α*)=-13.792972, intercept=-32.215879 (0.375s) [OMP=0.353 ISP-L=0.003 ISP-F=0.010 MW-L=0.007 MW-F=0.010]
  Mini-Benders[3] (mw): LB=-6.962129, Z₀(α*)=-13.792972, intercept=-32.215879 (0.390s) [OMP=0.349 ISP-L=0.003 ISP-F=0.010 MW-L=0.007 MW-F=0.010]
  Mini-Benders[4]: LB stagnated, break
  α-step: Z₀=19.750984, α=[0.000,0.000,0.000,0.000,0.000,4.721,0.200,0.000,4.833,0.000,0.000,0.000,0.000,0.000,0.000,0.000,0.000,0.000,0.000,0.949,0.000,0.000,0.000,0.000,0.000,0.000,0.000,0.000,0.000,0.000,0.000,0.000,0.000,0.000,0.000,0.000,0.000,0.000]
  Alt-Benders[1] (mw): LB=-6.424007, Z₀(α*)=8.693991, intercept=-77.559756 (0.453s) [OMP=0.423 ISP-L=0.003 ISP-F=0.011 MW-L=0.007 MW-F=0.009]
  Alt-Benders[2] (mw): LB=-5.769570, Z₀(α*)=16.186116, intercept=-4.396259 (0.438s) [OMP=0.403 ISP-L=0.004 ISP-F=0.011 MW-L=0.007 MW-F=0.010]
  Alt-Benders[3] (mw): LB=-5.726677, Z₀(α*)=-37.627015, intercept=-123.662908 (0.437s) [OMP=0.395 ISP-L=0.003 ISP-F=0.011 MW-L=0.007 MW-F=0.014]
  Alt-Benders[4] (mw): LB=-5.726677, Z₀(α*)=-37.627015, intercept=-123.662908 (0.438s) [OMP=0.402 ISP-L=0.003 ISP-F=0.011 MW-L=0.008 MW-F=0.014]
  Alt-Benders[5] (mw): LB=-5.726677, Z₀(α*)=-37.627015, intercept=-123.662908 (0.437s) [OMP=0.400 ISP-L=0.004 ISP-F=0.012 MW-L=0.016 MW-F=0.015]
  OMP re-solve: 0.393s

=== True-DRO Benders iter 18 ===
  OMP: t₀=-5.726677, UB=17.747600, gap=1.32e+00, x=[0, 0, 0, 0, 0, 0, 0, 0, 0, 0, 0, 0, 0, 0, 0, 0, 0, 0, 0, 0, 0, 0, 0, 0, 0, 0, 0, 0, 0, 0, 0, 1, 1, 0, 0, 0, 0, 0] (0.000s)
  Sub: Z₀=16.175174 [LOCAL] (0.4s), α=[0.000,0.000,0.000,0.000,0.000,0.000,0.000,0.000,0.000,0.000,0.000,0.000,0.000,0.000,0.000,0.000,0.000,0.000,0.000,0.000,0.000,0.000,0.000,0.000,0.000,0.000,0.000,0.000,0.000,0.000,0.000,4.715,5.828,0.159,0.000,0.000,0.000,0.000]
  Iter 18: LB=-5.726677  UB=17.747600  gap=1.32e+00
  Cut: intercept=-1081.868131, π_x_range=[-825.6372, 558.6279]
  Mini-Benders[1] (mw): LB=-5.500766, Z₀(α*)=-21.109041, intercept=-30.693197 (0.500s) [OMP=0.468 ISP-L=0.003 ISP-F=0.011 MW-L=0.006 MW-F=0.010]
  Mini-Benders[2] (mw): LB=-5.500766, Z₀(α*)=-21.109041, intercept=-30.693197 (0.438s) [OMP=0.401 ISP-L=0.003 ISP-F=0.012 MW-L=0.006 MW-F=0.010]
  Mini-Benders[3] (mw): LB=-5.500766, Z₀(α*)=-21.109041, intercept=-30.693197 (0.437s) [OMP=0.401 ISP-L=0.003 ISP-F=0.011 MW-L=0.006 MW-F=0.017]
  Mini-Benders[4]: LB stagnated, break
  α-step: Z₀=19.353046, α=[0.000,0.000,0.000,0.000,0.000,2.198,1.557,0.000,3.668,0.000,0.000,0.000,0.000,0.000,0.000,0.000,0.000,0.000,0.000,1.922,0.000,0.000,0.000,0.000,0.000,0.000,1.357,0.000,0.000,0.000,0.000,0.000,0.000,0.000,0.000,0.000,0.000,0.000]
  Alt-Benders[1] (mw): LB=-4.948034, Z₀(α*)=11.329848, intercept=-19.532669 (0.531s) [OMP=0.497 ISP-L=0.004 ISP-F=0.013 MW-L=0.006 MW-F=0.012]
  Alt-Benders[2] (mw): LB=-4.703842, Z₀(α*)=13.503667, intercept=-21.085397 (0.516s) [OMP=0.491 ISP-L=0.004 ISP-F=0.009 MW-L=0.007 MW-F=0.009]
  Alt-Benders[3] (mw): LB=-4.529686, Z₀(α*)=5.243817, intercept=-38.009737 (0.531s) [OMP=0.488 ISP-L=0.004 ISP-F=0.011 MW-L=0.007 MW-F=0.012]
  Alt-Benders[4] (mw): LB=-4.398313, Z₀(α*)=19.354824, intercept=-19.118572 (0.437s) [OMP=0.400 ISP-L=0.004 ISP-F=0.011 MW-L=0.016 MW-F=0.009]
  Alt-Benders[5] (mw): LB=-4.222362, Z₀(α*)=14.735684, intercept=-3.321539 (0.438s) [OMP=0.407 ISP-L=0.004 ISP-F=0.013 MW-L=0.006 MW-F=0.011]
  OMP re-solve: 0.382s

=== True-DRO Benders iter 19 ===
  OMP: t₀=-4.114289, UB=17.747600, gap=1.23e+00, x=[0, 0, 0, 0, 0, 1, 0, 0, 0, 0, 0, 0, 0, 0, 0, 0, 0, 0, 0, 1, 0, 0, 0, 0, 0, 0, 0, 0, 0, 0, 0, 0, 0, 0, 0, 0, 0, 0] (0.000s)
  Sub: Z₀=17.058614 [LOCAL] (0.2s), α=[0.000,0.000,0.000,0.000,0.000,2.019,0.000,0.000,0.000,0.000,0.000,0.000,0.000,0.000,1.816,0.000,0.000,0.000,0.000,1.838,0.000,0.000,0.000,0.000,0.000,0.000,5.029,0.000,0.000,0.000,0.000,0.000,0.000,0.000,0.000,0.000,0.000,0.000]
  Iter 19: LB=-4.114289  UB=17.747600  gap=1.23e+00
  Cut: intercept=-1121.270737, π_x_range=[-822.3238, 580.6009]
  Mini-Benders[1] (mw): LB=-4.088647, Z₀(α*)=13.862227, intercept=13.862226 (0.422s) [OMP=0.380 ISP-L=0.004 ISP-F=0.011 MW-L=0.007 MW-F=0.011]
  Mini-Benders[2] (mw): LB=-4.085573, Z₀(α*)=8.465128, intercept=-38.019897 (0.406s) [OMP=0.366 ISP-L=0.004 ISP-F=0.012 MW-L=0.007 MW-F=0.019]
  Mini-Benders[3] (mw): LB=-3.291635, Z₀(α*)=13.862227, intercept=2.156594 (0.406s) [OMP=0.370 ISP-L=0.003 ISP-F=0.012 MW-L=0.008 MW-F=0.010]
  Mini-Benders[4] (mw): LB=-3.291635, Z₀(α*)=10.497333, intercept=-33.263408 (0.422s) [OMP=0.378 ISP-L=0.004 ISP-F=0.011 MW-L=0.008 MW-F=0.010]
  Mini-Benders[5] (mw): LB=-3.126454, Z₀(α*)=-20.597283, intercept=-24.124216 (0.391s) [OMP=0.360 ISP-L=0.003 ISP-F=0.011 MW-L=0.007 MW-F=0.011]
  α-step: Z₀=16.362672, α=[0.000,0.000,0.000,0.000,0.000,0.000,0.000,0.000,4.631,0.000,0.000,0.000,0.000,0.000,0.000,0.000,0.000,0.000,0.000,0.000,0.000,0.000,0.000,0.000,0.000,0.000,6.071,0.000,0.000,0.000,0.000,0.000,0.000,0.000,0.000,0.000,0.000,0.000]
  Alt-Benders[1] (mw): LB=-2.609769, Z₀(α*)=6.204768, intercept=2.828032 (0.390s) [OMP=0.342 ISP-L=0.003 ISP-F=0.011 MW-L=0.007 MW-F=0.019]
  Alt-Benders[2] (mw): LB=-1.866753, Z₀(α*)=4.819508, intercept=-70.744660 (0.453s) [OMP=0.422 ISP-L=0.003 ISP-F=0.010 MW-L=0.007 MW-F=0.012]
  Alt-Benders[3] (mw): LB=-1.862327, Z₀(α*)=19.545620, intercept=9.178886 (0.422s) [OMP=0.391 ISP-L=0.004 ISP-F=0.011 MW-L=0.007 MW-F=0.010]
  Alt-Benders[4] (mw): LB=-1.656779, Z₀(α*)=16.308113, intercept=-8.596157 (0.391s) [OMP=0.357 ISP-L=0.003 ISP-F=0.010 MW-L=0.008 MW-F=0.015]
  Alt-Benders[5] (mw): LB=-1.101824, Z₀(α*)=-8.775034, intercept=-0.785061 (0.422s) [OMP=0.387 ISP-L=0.003 ISP-F=0.010 MW-L=0.007 MW-F=0.011]
  OMP re-solve: 0.392s

=== True-DRO Benders iter 20 ===
  OMP: t₀=-1.101824, UB=17.747600, gap=1.06e+00, x=[1, 0, 0, 0, 0, 0, 0, 0, 0, 0, 0, 0, 0, 0, 1, 0, 0, 0, 0, 0, 0, 0, 0, 0, 0, 0, 0, 0, 0, 0, 0, 0, 0, 0, 0, 0, 0, 0] (0.000s)
  Sub: Z₀=19.044182 (9.0s), α=[0.000,0.000,0.000,0.000,0.000,4.748,0.000,0.000,3.884,0.000,0.000,0.000,0.000,0.000,1.983,0.000,0.000,0.000,0.000,0.000,0.000,0.000,0.000,0.000,0.000,0.000,0.088,0.000,0.000,0.000,0.000,0.000,0.000,0.000,0.000,0.000,0.000,0.000]
  Iter 20: LB=-1.101824  UB=17.747600  gap=1.06e+00
  Cut: intercept=-17.123132, π_x_range=[-210.6553, 28.8626]
  Sherali-Cut: intercept=8.443278, π_x_range=[-128.1282, 10.6383]
  Mini-Benders[1] (mw): LB=-0.825168, Z₀(α*)=20.117553, intercept=20.117447 (0.469s) [OMP=0.440 ISP-L=0.004 ISP-F=0.011 MW-L=0.008 MW-F=0.017]
  Mini-Benders[2] (mw): LB=-0.723318, Z₀(α*)=-1.349819, intercept=-13.972535 (0.453s) [OMP=0.400 ISP-L=0.003 ISP-F=0.011 MW-L=0.008 MW-F=0.018]
  Mini-Benders[3] (mw): LB=-0.723318, Z₀(α*)=-1.349819, intercept=-13.972535 (0.375s) [OMP=0.336 ISP-L=0.003 ISP-F=0.011 MW-L=0.009 MW-F=0.013]
  Mini-Benders[4] (mw): LB=-0.723318, Z₀(α*)=-1.349819, intercept=-13.972535 (0.359s) [OMP=0.334 ISP-L=0.003 ISP-F=0.011 MW-L=0.008 MW-F=0.012]
  Mini-Benders[5]: LB stagnated, break
  α-step: Z₀=16.218291, α=[0.000,0.000,0.000,0.000,0.000,6.515,0.000,0.000,3.116,0.000,0.000,0.000,0.000,0.000,1.072,0.000,0.000,0.000,0.000,0.000,0.000,0.000,0.000,0.000,0.000,0.000,0.000,0.000,0.000,0.000,0.000,0.000,0.000,0.000,0.000,0.000,0.000,0.000]
  Alt-Benders[1] (mw): LB=-0.287539, Z₀(α*)=16.553461, intercept=-43.896037 (0.453s) [OMP=0.426 ISP-L=0.004 ISP-F=0.011 MW-L=0.009 MW-F=0.010]
  Alt-Benders[2] (mw): LB=0.520864, Z₀(α*)=12.636802, intercept=-22.153459 (0.453s) [OMP=0.410 ISP-L=0.004 ISP-F=0.011 MW-L=0.014 MW-F=0.010]
  Alt-Benders[3] (mw): LB=0.552865, Z₀(α*)=-1.258677, intercept=-59.484091 (0.531s) [OMP=0.498 ISP-L=0.003 ISP-F=0.010 MW-L=0.007 MW-F=0.012]
  Alt-Benders[4] (mw): LB=0.552865, Z₀(α*)=-1.258677, intercept=-59.484091 (0.438s) [OMP=0.409 ISP-L=0.003 ISP-F=0.010 MW-L=0.007 MW-F=0.012]
  Alt-Benders[5] (mw): LB=0.552865, Z₀(α*)=-1.258677, intercept=-59.484091 (0.453s) [OMP=0.416 ISP-L=0.003 ISP-F=0.010 MW-L=0.007 MW-F=0.012]
  OMP re-solve: 0.413s

=== True-DRO Benders iter 21 ===
  OMP: t₀=0.552865, UB=17.747600, gap=9.69e-01, x=[0, 0, 0, 0, 0, 0, 0, 0, 0, 0, 0, 0, 0, 0, 1, 0, 0, 0, 0, 0, 0, 0, 0, 0, 1, 0, 0, 0, 0, 0, 0, 0, 0, 0, 0, 0, 0, 0] (0.000s)
  Sub: Z₀=14.340234 [LOCAL] (0.2s), α=[0.000,0.000,0.000,0.000,0.000,0.000,0.000,0.000,0.000,0.000,0.000,0.000,0.000,0.000,4.830,0.000,0.000,0.000,0.000,0.000,0.000,0.000,0.000,0.000,5.873,0.000,0.000,0.000,0.000,0.000,0.000,0.000,0.000,0.000,0.000,0.000,0.000,0.000]
  Iter 21: LB=0.552865  UB=17.747600  gap=9.69e-01
  Cut: intercept=-1132.298990, π_x_range=[-830.7016, 592.9337]
  Mini-Benders[1] (mw): LB=1.450033, Z₀(α*)=-29.267650, intercept=-92.212838 (0.531s) [OMP=0.499 ISP-L=0.003 ISP-F=0.010 MW-L=0.008 MW-F=0.011]
  Mini-Benders[2] (mw): LB=1.450033, Z₀(α*)=-29.267650, intercept=-92.212838 (0.407s) [OMP=0.366 ISP-L=0.003 ISP-F=0.010 MW-L=0.008 MW-F=0.011]
  Mini-Benders[3] (mw): LB=1.450033, Z₀(α*)=-29.267650, intercept=-92.212838 (0.390s) [OMP=0.356 ISP-L=0.003 ISP-F=0.010 MW-L=0.009 MW-F=0.011]
  Mini-Benders[4]: LB stagnated, break
  α-step: Z₀=18.008176, α=[0.000,0.000,0.000,0.000,0.000,0.326,0.000,0.000,0.000,0.000,0.000,0.000,0.000,0.000,4.072,0.000,0.000,0.000,0.000,0.285,0.000,0.000,0.000,0.000,0.000,0.000,5.792,0.000,0.000,0.000,0.000,0.226,0.000,0.000,0.000,0.000,0.000,0.000]
  Alt-Benders[1] (mw): LB=1.999568, Z₀(α*)=19.779206, intercept=-14.895129 (0.469s) [OMP=0.418 ISP-L=0.004 ISP-F=0.011 MW-L=0.007 MW-F=0.016]
  Alt-Benders[2] (mw): LB=2.010965, Z₀(α*)=16.316331, intercept=-13.548083 (0.468s) [OMP=0.439 ISP-L=0.004 ISP-F=0.011 MW-L=0.007 MW-F=0.011]
  Alt-Benders[3] (mw): LB=2.035909, Z₀(α*)=-11.975868, intercept=-34.212643 (0.563s) [OMP=0.539 ISP-L=0.003 ISP-F=0.010 MW-L=0.008 MW-F=0.010]
  Alt-Benders[4] (mw): LB=2.035910, Z₀(α*)=-11.975868, intercept=-34.212643 (0.360s) [OMP=0.330 ISP-L=0.003 ISP-F=0.010 MW-L=0.007 MW-F=0.010]
  Alt-Benders[5] (mw): LB=2.035910, Z₀(α*)=-11.975868, intercept=-34.212643 (0.359s) [OMP=0.325 ISP-L=0.003 ISP-F=0.009 MW-L=0.008 MW-F=0.010]
  OMP re-solve: 0.324s

=== True-DRO Benders iter 22 ===
  OMP: t₀=2.035910, UB=17.747600, gap=8.85e-01, x=[0, 0, 0, 0, 0, 0, 0, 0, 1, 0, 0, 0, 0, 0, 0, 0, 0, 0, 0, 0, 0, 0, 0, 0, 0, 0, 0, 1, 0, 0, 0, 0, 0, 0, 0, 0, 0, 0] (0.000s)
  Sub: Z₀=17.828308 [LOCAL] (0.4s), α=[0.000,0.000,0.000,0.000,0.000,0.000,0.000,0.000,6.528,0.000,0.000,0.000,0.000,0.000,0.000,0.000,0.000,0.000,0.000,0.000,0.000,0.000,0.000,0.000,0.000,0.000,4.174,0.000,0.000,0.000,0.000,0.000,0.000,0.000,0.000,0.000,0.000,0.000]
  Iter 22: LB=2.035910  UB=17.747600  gap=8.85e-01
  Cut: intercept=-1170.066845, π_x_range=[-833.1316, 597.9753]
  Mini-Benders[1] (mw): LB=3.016850, Z₀(α*)=17.030698, intercept=-12.609689 (0.563s) [OMP=0.530 ISP-L=0.004 ISP-F=0.011 MW-L=0.008 MW-F=0.012]
  Mini-Benders[2] (mw): LB=3.298983, Z₀(α*)=15.648036, intercept=-36.831541 (0.593s) [OMP=0.557 ISP-L=0.003 ISP-F=0.012 MW-L=0.007 MW-F=0.010]
  Mini-Benders[3] (mw): LB=3.987534, Z₀(α*)=9.870250, intercept=-34.245999 (0.532s) [OMP=0.489 ISP-L=0.004 ISP-F=0.012 MW-L=0.008 MW-F=0.011]
  Mini-Benders[4] (mw): LB=4.225486, Z₀(α*)=17.295979, intercept=-57.829074 (0.562s) [OMP=0.517 ISP-L=0.004 ISP-F=0.011 MW-L=0.008 MW-F=0.018]
  Mini-Benders[5] (mw): LB=4.819506, Z₀(α*)=8.006209, intercept=-41.920861 (0.531s) [OMP=0.504 ISP-L=0.003 ISP-F=0.011 MW-L=0.008 MW-F=0.012]
  α-step: Z₀=16.525188, α=[0.000,0.000,0.000,0.000,0.000,0.000,0.000,0.000,5.685,0.000,0.000,0.000,0.000,0.000,0.182,0.000,0.000,0.000,0.000,0.000,0.000,0.000,0.000,0.000,0.000,0.000,4.835,0.000,0.000,0.000,0.000,0.000,0.000,0.000,0.000,0.000,0.000,0.000]
  Alt-Benders[1] (mw): LB=5.382373, Z₀(α*)=17.040600, intercept=-35.459278 (0.438s) [OMP=0.402 ISP-L=0.004 ISP-F=0.011 MW-L=0.008 MW-F=0.010]
  Alt-Benders[2] (mw): LB=5.442711, Z₀(α*)=16.851021, intercept=-46.885403 (0.453s) [OMP=0.410 ISP-L=0.003 ISP-F=0.009 MW-L=0.007 MW-F=0.013]
  Alt-Benders[3] (mw): LB=5.790825, Z₀(α*)=-10.801820, intercept=-132.578050 (0.422s) [OMP=0.384 ISP-L=0.003 ISP-F=0.010 MW-L=0.008 MW-F=0.019]
  Alt-Benders[4] (mw): LB=5.790825, Z₀(α*)=-10.801820, intercept=-132.578050 (0.406s) [OMP=0.374 ISP-L=0.003 ISP-F=0.010 MW-L=0.007 MW-F=0.011]
  Alt-Benders[5] (mw): LB=5.790825, Z₀(α*)=-10.801820, intercept=-132.578050 (0.406s) [OMP=0.377 ISP-L=0.003 ISP-F=0.009 MW-L=0.007 MW-F=0.011]
  OMP re-solve: 0.375s

=== True-DRO Benders iter 23 ===
  OMP: t₀=5.790825, UB=17.747600, gap=6.74e-01, x=[0, 0, 0, 0, 0, 0, 0, 0, 0, 0, 0, 0, 0, 0, 0, 0, 0, 0, 0, 1, 0, 0, 0, 0, 0, 0, 0, 0, 0, 0, 0, 1, 0, 0, 0, 0, 0, 0] (0.000s)
  Sub: Z₀=18.169232 [LOCAL] (0.3s), α=[0.000,0.000,0.000,0.000,0.000,0.000,0.000,0.000,0.000,0.000,0.000,0.000,0.000,0.000,1.816,0.000,0.000,0.000,0.000,3.714,0.000,0.000,0.000,0.000,0.000,0.000,4.684,0.000,0.000,0.000,0.000,0.489,0.000,0.000,0.000,0.000,0.000,0.000]
  Iter 23: LB=5.790825  UB=17.747600  gap=6.74e-01
  Cut: intercept=-1107.705858, π_x_range=[-825.3842, 565.2987]
  Mini-Benders[1] (mw): LB=5.842217, Z₀(α*)=7.695375, intercept=-59.780600 (0.422s) [OMP=0.394 ISP-L=0.003 ISP-F=0.011 MW-L=0.008 MW-F=0.012]
  Mini-Benders[2] (mw): LB=6.072611, Z₀(α*)=-14.666361, intercept=-72.365679 (0.453s) [OMP=0.414 ISP-L=0.003 ISP-F=0.010 MW-L=0.015 MW-F=0.012]
  Mini-Benders[3] (mw): LB=6.072611, Z₀(α*)=-14.666361, intercept=-72.365679 (0.437s) [OMP=0.393 ISP-L=0.004 ISP-F=0.010 MW-L=0.007 MW-F=0.012]
  Mini-Benders[4] (mw): LB=6.072611, Z₀(α*)=-14.666361, intercept=-72.365679 (0.422s) [OMP=0.388 ISP-L=0.003 ISP-F=0.010 MW-L=0.008 MW-F=0.012]
  Mini-Benders[5]: LB stagnated, break
  α-step: Z₀=13.837447, α=[0.000,0.000,0.000,0.000,0.000,1.103,0.000,0.000,5.685,0.000,0.000,0.000,0.000,0.000,0.000,0.000,0.000,0.000,0.000,0.000,0.000,0.000,0.000,0.000,0.000,0.000,3.914,0.000,0.000,0.000,0.000,0.000,0.000,0.000,0.000,0.000,0.000,0.000]
  Alt-Benders[1] (mw): LB=6.204766, Z₀(α*)=18.077936, intercept=3.681054 (0.438s) [OMP=0.399 ISP-L=0.003 ISP-F=0.011 MW-L=0.006 MW-F=0.021]
  Alt-Benders[2] (mw): LB=6.582566, Z₀(α*)=20.834573, intercept=-131.231138 (0.453s) [OMP=0.418 ISP-L=0.004 ISP-F=0.010 MW-L=0.007 MW-F=0.012]
  Alt-Benders[3] (mw): LB=6.595666, Z₀(α*)=18.846383, intercept=10.382762 (0.515s) [OMP=0.483 ISP-L=0.004 ISP-F=0.013 MW-L=0.007 MW-F=0.010]
  Alt-Benders[4] (mw): LB=6.615165, Z₀(α*)=18.077361, intercept=-3.405633 (0.532s) [OMP=0.499 ISP-L=0.004 ISP-F=0.011 MW-L=0.007 MW-F=0.012]
  Alt-Benders[5] (mw): LB=6.624779, Z₀(α*)=16.717396, intercept=-75.348186 (0.468s) [OMP=0.425 ISP-L=0.004 ISP-F=0.012 MW-L=0.008 MW-F=0.013]
  OMP re-solve: 0.476s

=== True-DRO Benders iter 24 ===
  OMP: t₀=6.918783, UB=17.747600, gap=6.10e-01, x=[0, 0, 0, 0, 0, 0, 0, 0, 1, 0, 0, 0, 0, 0, 0, 0, 0, 0, 0, 0, 0, 0, 0, 0, 1, 0, 0, 0, 0, 0, 0, 0, 0, 0, 0, 0, 0, 0] (0.000s)
  Sub: Z₀=14.742648 [LOCAL] (0.2s), α=[0.000,0.000,0.000,0.000,0.000,0.000,0.000,0.000,4.224,0.000,0.000,0.000,0.000,0.000,2.254,0.000,0.000,0.000,0.000,0.000,0.000,0.000,0.000,0.000,4.224,0.000,0.000,0.000,0.000,0.000,0.000,0.000,0.000,0.000,0.000,0.000,0.000,0.000]
  Iter 24: LB=6.918783  UB=17.747600  gap=6.10e-01
  Cut: intercept=-1113.583534, π_x_range=[-828.4905, 578.5099]
  Mini-Benders[1] (mw): LB=7.403441, Z₀(α*)=-5.640248, intercept=-28.979706 (0.516s) [OMP=0.488 ISP-L=0.004 ISP-F=0.011 MW-L=0.007 MW-F=0.012]
  Mini-Benders[2] (mw): LB=7.403441, Z₀(α*)=-5.640248, intercept=-28.979706 (0.484s) [OMP=0.453 ISP-L=0.003 ISP-F=0.010 MW-L=0.007 MW-F=0.012]
  Mini-Benders[3] (mw): LB=7.403441, Z₀(α*)=-5.640248, intercept=-28.979706 (0.453s) [OMP=0.422 ISP-L=0.004 ISP-F=0.010 MW-L=0.007 MW-F=0.012]
  Mini-Benders[4]: LB stagnated, break
  α-step: Z₀=19.181434, α=[0.000,0.000,0.000,0.000,0.000,3.053,0.000,0.000,3.884,0.000,0.000,0.000,0.000,0.000,1.983,0.000,0.000,0.000,0.000,0.000,0.000,0.000,0.000,0.000,0.000,0.000,1.783,0.000,0.000,0.000,0.000,0.000,0.000,0.000,0.000,0.000,0.000,0.000]
  Alt-Benders[1] (mw): LB=7.559505, Z₀(α*)=-4.938927, intercept=-24.545021 (0.531s) [OMP=0.493 ISP-L=0.003 ISP-F=0.011 MW-L=0.015 MW-F=0.010]
  Alt-Benders[2] (mw): LB=7.559505, Z₀(α*)=-4.938927, intercept=-24.545021 (0.500s) [OMP=0.471 ISP-L=0.003 ISP-F=0.011 MW-L=0.007 MW-F=0.010]
  Alt-Benders[3] (mw): LB=7.559505, Z₀(α*)=-4.938927, intercept=-24.545021 (0.531s) [OMP=0.498 ISP-L=0.003 ISP-F=0.011 MW-L=0.007 MW-F=0.010]
  Alt-Benders[4]: LB stagnated, break
  OMP re-solve: 0.000s

=== True-DRO Benders iter 25 ===
  OMP: t₀=7.559505, UB=17.747600, gap=5.74e-01, x=[0, 0, 1, 0, 0, 0, 0, 0, 0, 0, 0, 0, 0, 0, 0, 0, 0, 0, 0, 1, 0, 0, 0, 0, 0, 0, 0, 0, 0, 0, 0, 0, 0, 0, 0, 0, 0, 0] (0.000s)
  Sub: Z₀=18.529886 (11.8s), α=[0.000,0.000,0.000,0.000,0.000,0.523,0.000,0.000,0.000,0.000,0.000,0.000,0.000,0.000,2.668,0.000,0.000,0.000,0.000,2.498,0.000,0.000,0.000,0.000,0.000,0.000,5.014,0.000,0.000,0.000,0.000,0.000,0.000,0.000,0.000,0.000,0.000,0.000]
  Iter 25: LB=7.559505  UB=17.747600  gap=5.74e-01
  Cut: intercept=-55.745092, π_x_range=[-179.0513, 60.0881]
  Sherali-Cut: intercept=-24.123852, π_x_range=[-93.6927, 42.6537]
  Mini-Benders[1] (mw): LB=7.695373, Z₀(α*)=14.455815, intercept=-81.699773 (0.453s) [OMP=0.415 ISP-L=0.004 ISP-F=0.012 MW-L=0.008 MW-F=0.012]
  Mini-Benders[2] (mw): LB=8.006207, Z₀(α*)=-3.042082, intercept=-92.696766 (0.500s) [OMP=0.467 ISP-L=0.004 ISP-F=0.011 MW-L=0.007 MW-F=0.012]
  Mini-Benders[3] (mw): LB=8.006207, Z₀(α*)=-3.042082, intercept=-92.696766 (0.422s) [OMP=0.382 ISP-L=0.004 ISP-F=0.010 MW-L=0.007 MW-F=0.012]
  Mini-Benders[4] (mw): LB=8.006207, Z₀(α*)=-3.042082, intercept=-92.696766 (0.406s) [OMP=0.378 ISP-L=0.003 ISP-F=0.010 MW-L=0.014 MW-F=0.012]
  Mini-Benders[5]: LB stagnated, break
  α-step: Z₀=17.028962, α=[0.000,0.000,0.000,0.000,0.000,0.000,0.000,0.000,1.567,0.000,0.000,0.000,0.000,0.000,2.495,0.000,0.000,0.000,0.000,0.000,0.000,0.000,0.000,0.000,3.248,0.000,3.394,0.000,0.000,0.000,0.000,0.000,0.000,0.000,0.000,0.000,0.000,0.000]
  Alt-Benders[1] (mw): LB=8.465126, Z₀(α*)=-13.619933, intercept=-45.199171 (0.485s) [OMP=0.455 ISP-L=0.003 ISP-F=0.011 MW-L=0.008 MW-F=0.011]
  Alt-Benders[2] (mw): LB=8.465126, Z₀(α*)=-13.619933, intercept=-45.199171 (0.594s) [OMP=0.557 ISP-L=0.003 ISP-F=0.011 MW-L=0.008 MW-F=0.011]
  Alt-Benders[3] (mw): LB=8.465126, Z₀(α*)=-13.619933, intercept=-45.199171 (0.515s) [OMP=0.470 ISP-L=0.003 ISP-F=0.010 MW-L=0.008 MW-F=0.018]
  Alt-Benders[4]: LB stagnated, break
  OMP re-solve: 0.001s

=== True-DRO Benders iter 26 ===
  OMP: t₀=8.465126, UB=17.747600, gap=5.23e-01, x=[0, 0, 0, 0, 0, 0, 0, 0, 0, 0, 0, 0, 0, 0, 0, 0, 0, 0, 0, 1, 0, 0, 0, 0, 0, 0, 0, 1, 0, 0, 0, 0, 0, 0, 0, 0, 0, 0] (0.000s)
  Sub: Z₀=17.226879 [LOCAL] (0.2s), α=[0.000,0.000,0.000,0.000,0.000,0.000,0.000,0.000,0.000,0.000,0.000,0.000,0.000,0.000,0.000,0.000,0.000,0.000,0.000,6.528,0.000,0.000,0.000,0.000,0.000,0.000,3.307,0.867,0.000,0.000,0.000,0.000,0.000,0.000,0.000,0.000,0.000,0.000]
  Iter 26: LB=8.465126  UB=17.747600  gap=5.23e-01
  Cut: intercept=-1135.063120, π_x_range=[-825.3743, 587.1268]
  Mini-Benders[1] (mw): LB=8.693989, Z₀(α*)=-8.597079, intercept=-102.923331 (0.453s) [OMP=0.414 ISP-L=0.003 ISP-F=0.012 MW-L=0.007 MW-F=0.012]
  Mini-Benders[2] (mw): LB=8.693989, Z₀(α*)=-8.597079, intercept=-102.923331 (0.453s) [OMP=0.417 ISP-L=0.003 ISP-F=0.012 MW-L=0.007 MW-F=0.012]
  Mini-Benders[3] (mw): LB=8.693989, Z₀(α*)=-8.597079, intercept=-102.923331 (0.438s) [OMP=0.405 ISP-L=0.003 ISP-F=0.011 MW-L=0.007 MW-F=0.011]
  Mini-Benders[4]: LB stagnated, break
  α-step: Z₀=15.807556, α=[0.000,0.000,0.000,0.000,0.000,0.000,0.000,0.000,4.273,0.000,0.000,0.000,0.000,0.000,0.000,0.000,0.000,0.000,0.000,0.000,0.000,2.723,0.000,0.000,0.000,0.000,3.606,0.000,0.000,0.000,0.000,0.101,0.000,0.000,0.000,0.000,0.000,0.000]
  Alt-Benders[1] (mw): LB=8.791151, Z₀(α*)=9.791489, intercept=-9.566712 (0.484s) [OMP=0.438 ISP-L=0.004 ISP-F=0.012 MW-L=0.007 MW-F=0.012]
  Alt-Benders[2] (mw): LB=8.850585, Z₀(α*)=6.605520, intercept=-37.684324 (0.454s) [OMP=0.422 ISP-L=0.004 ISP-F=0.011 MW-L=0.008 MW-F=0.010]
  Alt-Benders[3] (mw): LB=8.850585, Z₀(α*)=6.605520, intercept=-37.684324 (0.421s) [OMP=0.381 ISP-L=0.004 ISP-F=0.011 MW-L=0.009 MW-F=0.010]
  Alt-Benders[4] (mw): LB=8.850585, Z₀(α*)=6.605520, intercept=-37.684324 (0.438s) [OMP=0.405 ISP-L=0.004 ISP-F=0.011 MW-L=0.008 MW-F=0.010]
  Alt-Benders[5]: LB stagnated, break
  OMP re-solve: 0.000s

=== True-DRO Benders iter 27 ===
  OMP: t₀=8.850585, UB=17.747600, gap=5.01e-01, x=[0, 0, 0, 0, 0, 0, 0, 0, 0, 0, 0, 0, 0, 0, 0, 0, 0, 0, 0, 0, 0, 0, 0, 0, 0, 0, 1, 0, 0, 0, 0, 0, 1, 0, 0, 0, 0, 0] (0.000s)
  Sub: Z₀=16.650659 [LOCAL] (0.2s), α=[0.000,0.000,0.000,0.000,0.000,1.876,0.000,0.000,0.667,0.000,0.000,0.000,0.000,0.000,1.271,0.000,0.000,0.000,0.000,0.000,0.000,0.000,0.000,0.000,0.000,0.000,2.389,0.000,0.000,0.000,0.000,0.000,4.405,0.095,0.000,0.000,0.000,0.000]
  Iter 27: LB=8.850585  UB=17.747600  gap=5.01e-01
  Cut: intercept=-1118.382315, π_x_range=[-831.8333, 592.1353]
  Mini-Benders[1] (mw): LB=8.862199, Z₀(α*)=15.058815, intercept=-17.954180 (0.453s) [OMP=0.420 ISP-L=0.004 ISP-F=0.011 MW-L=0.008 MW-F=0.012]
  Mini-Benders[2] (mw): LB=9.020148, Z₀(α*)=14.347739, intercept=-87.789450 (0.453s) [OMP=0.414 ISP-L=0.004 ISP-F=0.010 MW-L=0.007 MW-F=0.014]
  Mini-Benders[3] (mw): LB=9.258267, Z₀(α*)=-0.933157, intercept=-72.942224 (0.438s) [OMP=0.398 ISP-L=0.003 ISP-F=0.012 MW-L=0.007 MW-F=0.011]
  Mini-Benders[4] (mw): LB=9.258267, Z₀(α*)=-0.933157, intercept=-72.942224 (0.390s) [OMP=0.347 ISP-L=0.003 ISP-F=0.011 MW-L=0.007 MW-F=0.018]
  Mini-Benders[5] (mw): LB=9.258267, Z₀(α*)=-0.933157, intercept=-72.942224 (0.391s) [OMP=0.357 ISP-L=0.003 ISP-F=0.012 MW-L=0.007 MW-F=0.011]
  α-step: Z₀=16.206193, α=[0.000,0.000,0.000,0.000,0.000,0.000,0.000,0.000,1.567,0.000,0.000,0.000,0.000,0.000,2.254,0.000,0.000,0.000,0.000,0.000,0.000,0.000,0.000,0.000,0.867,0.000,2.789,0.000,0.000,0.000,0.000,0.000,2.981,0.245,0.000,0.000,0.000,0.000]
  Alt-Benders[1] (mw): LB=9.476143, Z₀(α*)=-5.234739, intercept=-34.858187 (0.406s) [OMP=0.367 ISP-L=0.004 ISP-F=0.010 MW-L=0.008 MW-F=0.012]
  Alt-Benders[2] (mw): LB=9.476143, Z₀(α*)=-5.234739, intercept=-34.858187 (0.438s) [OMP=0.411 ISP-L=0.004 ISP-F=0.010 MW-L=0.008 MW-F=0.012]
  Alt-Benders[3] (mw): LB=9.476143, Z₀(α*)=-5.234739, intercept=-34.858187 (0.468s) [OMP=0.418 ISP-L=0.004 ISP-F=0.011 MW-L=0.016 MW-F=0.012]
  Alt-Benders[4]: LB stagnated, break
  OMP re-solve: 0.000s

=== True-DRO Benders iter 28 ===
  OMP: t₀=9.476143, UB=17.747600, gap=4.66e-01, x=[0, 0, 0, 0, 0, 1, 0, 0, 0, 0, 0, 1, 0, 0, 0, 0, 0, 0, 0, 0, 0, 0, 0, 0, 0, 0, 0, 0, 0, 0, 0, 0, 0, 0, 0, 0, 0, 0] (0.000s)
  Sub: Z₀=17.494587 [LOCAL] (0.3s), α=[0.000,0.000,0.000,0.000,0.000,9.111,0.000,0.000,0.000,0.000,0.000,0.000,0.000,0.000,1.072,0.000,0.000,0.000,0.000,0.000,0.000,0.000,0.000,0.000,0.000,0.000,0.520,0.000,0.000,0.000,0.000,0.000,0.000,0.000,0.000,0.000,0.000,0.000]
  Iter 28: LB=9.476143  UB=17.747600  gap=4.66e-01
  Cut: intercept=-1146.138943, π_x_range=[-827.0775, 582.2420]
  Mini-Benders[1] (mw): LB=9.647589, Z₀(α*)=16.270332, intercept=-47.679584 (0.422s) [OMP=0.392 ISP-L=0.004 ISP-F=0.011 MW-L=0.008 MW-F=0.007]
  Mini-Benders[2] (mw): LB=9.791487, Z₀(α*)=-8.166172, intercept=-41.133498 (0.375s) [OMP=0.336 ISP-L=0.003 ISP-F=0.012 MW-L=0.007 MW-F=0.011]
  Mini-Benders[3] (mw): LB=9.791487, Z₀(α*)=-8.166172, intercept=-41.133498 (0.438s) [OMP=0.404 ISP-L=0.003 ISP-F=0.012 MW-L=0.007 MW-F=0.011]
  Mini-Benders[4] (mw): LB=9.791487, Z₀(α*)=-8.166172, intercept=-41.133498 (0.484s) [OMP=0.414 ISP-L=0.004 ISP-F=0.014 MW-L=0.027 MW-F=0.018]
  Mini-Benders[5]: LB stagnated, break
  α-step: Z₀=19.771430, α=[0.000,0.000,0.000,0.000,0.000,4.129,0.000,0.000,1.528,0.000,0.000,0.000,0.000,0.000,1.072,0.000,0.000,0.000,0.000,2.635,0.000,0.000,0.000,0.000,0.000,0.000,1.339,0.000,0.000,0.000,0.000,0.000,0.000,0.000,0.000,0.000,0.000,0.000]
  Alt-Benders[1] (mw): LB=9.870248, Z₀(α*)=13.345859, intercept=-19.139275 (0.425s) [OMP=0.391 ISP-L=0.004 ISP-F=0.012 MW-L=0.008 MW-F=0.011]
  Alt-Benders[2] (mw): LB=11.329847, Z₀(α*)=17.158336, intercept=8.865617 (0.454s) [OMP=0.409 ISP-L=0.004 ISP-F=0.011 MW-L=0.008 MW-F=0.013]
  Alt-Benders[3] (mw): LB=11.434584, Z₀(α*)=9.600312, intercept=-56.519110 (0.481s) [OMP=0.443 ISP-L=0.003 ISP-F=0.011 MW-L=0.008 MW-F=0.016]
  Alt-Benders[4] (mw): LB=11.434584, Z₀(α*)=9.600312, intercept=-56.519110 (0.422s) [OMP=0.388 ISP-L=0.003 ISP-F=0.011 MW-L=0.008 MW-F=0.009]
  Alt-Benders[5] (mw): LB=11.434584, Z₀(α*)=9.600312, intercept=-56.519110 (0.421s) [OMP=0.391 ISP-L=0.003 ISP-F=0.011 MW-L=0.008 MW-F=0.009]
  OMP re-solve: 0.390s

=== True-DRO Benders iter 29 ===
  OMP: t₀=11.434584, UB=17.747600, gap=3.56e-01, x=[0, 0, 0, 0, 0, 0, 0, 0, 0, 0, 0, 0, 0, 0, 0, 0, 0, 0, 0, 0, 0, 0, 0, 0, 0, 0, 0, 1, 0, 0, 0, 1, 0, 0, 0, 0, 0, 0] (0.001s)
  Sub: Z₀=18.418976 [LOCAL] (0.4s), α=[0.000,0.000,0.000,0.000,0.000,0.000,0.000,0.000,2.698,0.000,0.000,0.000,0.000,0.000,0.000,0.000,0.000,0.000,0.000,0.000,0.000,0.000,0.000,0.000,0.000,0.000,3.295,0.000,0.000,0.000,0.000,4.710,0.000,0.000,0.000,0.000,0.000,0.000]
  Iter 29: LB=11.434584  UB=17.747600  gap=3.56e-01
  Cut: intercept=-1117.002084, π_x_range=[-825.5421, 574.8643]
  Mini-Benders[1] (mw): LB=11.438559, Z₀(α*)=0.717705, intercept=-9.484858 (0.496s) [OMP=0.467 ISP-L=0.003 ISP-F=0.011 MW-L=0.007 MW-F=0.011]
  Mini-Benders[2] (mw): LB=11.438559, Z₀(α*)=0.717705, intercept=-9.484858 (0.468s) [OMP=0.429 ISP-L=0.003 ISP-F=0.011 MW-L=0.015 MW-F=0.011]
  Mini-Benders[3] (mw): LB=11.438559, Z₀(α*)=0.717705, intercept=-9.484858 (0.437s) [OMP=0.405 ISP-L=0.003 ISP-F=0.012 MW-L=0.008 MW-F=0.011]
  Mini-Benders[4]: LB stagnated, break
  α-step: Z₀=21.883302, α=[0.000,0.000,0.000,0.000,0.000,1.659,0.000,0.000,3.436,0.000,0.000,0.000,0.000,0.000,1.816,0.000,0.000,0.000,0.000,0.312,0.000,0.000,0.000,0.000,0.000,0.000,3.480,0.000,0.000,0.000,0.000,0.000,0.000,0.000,0.000,0.000,0.000,0.000]
  Alt-Benders[1] (mw): LB=11.438559, Z₀(α*)=21.883302, intercept=11.680748 (0.469s) [OMP=0.437 ISP-L=0.004 ISP-F=0.012 MW-L=0.007 MW-F=0.018]
  Alt-Benders[2] (mw): LB=11.517741, Z₀(α*)=13.332873, intercept=-31.067894 (0.505s) [OMP=0.461 ISP-L=0.003 ISP-F=0.010 MW-L=0.007 MW-F=0.009]
  Alt-Benders[3] (mw): LB=11.720566, Z₀(α*)=3.893673, intercept=-25.258836 (0.401s) [OMP=0.364 ISP-L=0.003 ISP-F=0.010 MW-L=0.015 MW-F=0.011]
  Alt-Benders[4] (mw): LB=11.720566, Z₀(α*)=3.893673, intercept=-25.258836 (0.469s) [OMP=0.432 ISP-L=0.004 ISP-F=0.010 MW-L=0.008 MW-F=0.011]
  Alt-Benders[5] (mw): LB=11.720566, Z₀(α*)=3.893673, intercept=-25.258836 (0.452s) [OMP=0.422 ISP-L=0.003 ISP-F=0.010 MW-L=0.008 MW-F=0.010]
  OMP re-solve: 0.412s

=== True-DRO Benders iter 30 ===
  OMP: t₀=11.720566, UB=17.747600, gap=3.40e-01, x=[0, 0, 0, 0, 0, 0, 0, 0, 0, 0, 0, 0, 0, 0, 0, 0, 0, 0, 0, 0, 0, 1, 0, 0, 0, 0, 0, 1, 0, 0, 0, 0, 0, 0, 0, 0, 0, 0] (0.000s)
  Sub: Z₀=18.412451 (7.3s), α=[0.000,0.000,0.000,0.000,0.000,0.000,0.000,0.000,4.631,0.000,0.000,0.000,0.000,0.000,0.000,0.000,0.000,0.000,0.000,0.000,0.000,0.000,0.000,0.000,0.000,0.000,6.071,0.000,0.000,0.000,0.000,0.000,0.000,0.000,0.000,0.000,0.000,0.000]
  Iter 30: LB=11.720566  UB=17.747600  gap=3.40e-01
  Cut: intercept=-42.647621, π_x_range=[-206.3834, 47.3056]
  Sherali-Cut: intercept=-12.193635, π_x_range=[-145.0616, 23.8994]
  Mini-Benders[1] (mw): LB=11.747473, Z₀(α*)=11.472245, intercept=-80.139021 (0.360s) [OMP=0.336 ISP-L=0.004 ISP-F=0.010 MW-L=0.008 MW-F=0.008]
  Mini-Benders[2] (mw): LB=11.747473, Z₀(α*)=11.472245, intercept=-80.139021 (0.372s) [OMP=0.331 ISP-L=0.004 ISP-F=0.010 MW-L=0.009 MW-F=0.008]
  Mini-Benders[3] (mw): LB=11.747473, Z₀(α*)=11.472245, intercept=-80.139021 (0.346s) [OMP=0.331 ISP-L=0.003 ISP-F=0.010 MW-L=0.008 MW-F=0.008]
  Mini-Benders[4]: LB stagnated, break
  α-step: Z₀=13.203292, α=[0.000,0.000,0.000,0.000,0.000,1.744,0.000,0.000,8.959,0.000,0.000,0.000,0.000,0.000,0.000,0.000,0.000,0.000,0.000,0.000,0.000,0.000,0.000,0.000,0.000,0.000,0.000,0.000,0.000,0.000,0.000,0.000,0.000,0.000,0.000,0.000,0.000,0.000]
  Alt-Benders[1] (mw): LB=11.763786, Z₀(α*)=14.830076, intercept=-69.071219 (0.391s) [OMP=0.357 ISP-L=0.004 ISP-F=0.011 MW-L=0.007 MW-F=0.014]
  Alt-Benders[2] (mw): LB=11.979452, Z₀(α*)=15.378521, intercept=0.121366 (0.406s) [OMP=0.365 ISP-L=0.003 ISP-F=0.010 MW-L=0.009 MW-F=0.011]
  Alt-Benders[3] (mw): LB=12.014634, Z₀(α*)=-11.526889, intercept=-41.550254 (0.406s) [OMP=0.381 ISP-L=0.003 ISP-F=0.011 MW-L=0.008 MW-F=0.011]
  Alt-Benders[4] (mw): LB=12.014634, Z₀(α*)=-11.526889, intercept=-41.550254 (0.469s) [OMP=0.431 ISP-L=0.003 ISP-F=0.011 MW-L=0.007 MW-F=0.018]
  Alt-Benders[5] (mw): LB=12.014634, Z₀(α*)=-11.526889, intercept=-41.550254 (0.453s) [OMP=0.426 ISP-L=0.003 ISP-F=0.012 MW-L=0.007 MW-F=0.011]
  OMP re-solve: 0.416s

=== True-DRO Benders iter 31 ===
  OMP: t₀=12.014634, UB=17.747600, gap=3.23e-01, x=[0, 0, 0, 0, 1, 0, 0, 0, 0, 0, 0, 0, 0, 0, 0, 0, 0, 0, 0, 0, 0, 0, 0, 0, 1, 0, 0, 0, 0, 0, 0, 0, 0, 0, 0, 0, 0, 0] (0.000s)
  Sub: Z₀=17.729237 [LOCAL] (0.2s), α=[0.000,0.000,0.000,0.000,0.000,0.000,0.000,0.000,0.000,0.000,0.000,0.000,0.000,0.000,1.999,0.000,0.000,0.000,0.000,0.000,0.000,0.000,0.000,0.000,7.735,0.000,0.968,0.000,0.000,0.000,0.000,0.000,0.000,0.000,0.000,0.000,0.000,0.000]
  Iter 31: LB=12.014634  UB=17.747600  gap=3.23e-01
  Cut: intercept=-1079.846729, π_x_range=[-829.2151, 560.3642]
  Mini-Benders[1] (mw): LB=12.254168, Z₀(α*)=13.654229, intercept=-122.084657 (0.406s) [OMP=0.373 ISP-L=0.003 ISP-F=0.010 MW-L=0.007 MW-F=0.016]
  Mini-Benders[2] (mw): LB=12.300824, Z₀(α*)=-13.591149, intercept=-47.625552 (0.438s) [OMP=0.406 ISP-L=0.003 ISP-F=0.011 MW-L=0.007 MW-F=0.012]
  Mini-Benders[3] (mw): LB=12.300824, Z₀(α*)=-13.591149, intercept=-47.625552 (0.485s) [OMP=0.450 ISP-L=0.004 ISP-F=0.010 MW-L=0.007 MW-F=0.020]
  Mini-Benders[4] (mw): LB=12.300824, Z₀(α*)=-13.591149, intercept=-47.625552 (0.497s) [OMP=0.448 ISP-L=0.003 ISP-F=0.010 MW-L=0.007 MW-F=0.012]
  Mini-Benders[5]: LB stagnated, break
  α-step: Z₀=19.876446, α=[0.000,0.000,0.000,0.000,0.000,3.811,0.882,0.000,4.606,0.000,0.000,0.000,0.000,0.000,0.000,0.000,0.000,0.000,0.000,0.721,0.000,0.000,0.000,0.000,0.000,0.000,0.682,0.000,0.000,0.000,0.000,0.000,0.000,0.000,0.000,0.000,0.000,0.000]
  Alt-Benders[1] (mw): LB=12.346112, Z₀(α*)=12.652829, intercept=-17.537823 (0.422s) [OMP=0.391 ISP-L=0.004 ISP-F=0.011 MW-L=0.007 MW-F=0.010]
  Alt-Benders[2] (mw): LB=12.636800, Z₀(α*)=11.921507, intercept=-22.533270 (0.437s) [OMP=0.403 ISP-L=0.003 ISP-F=0.012 MW-L=0.007 MW-F=0.009]
  Alt-Benders[3] (mw): LB=12.636800, Z₀(α*)=11.921507, intercept=-22.533270 (0.453s) [OMP=0.412 ISP-L=0.004 ISP-F=0.011 MW-L=0.015 MW-F=0.010]
  Alt-Benders[4] (mw): LB=12.636800, Z₀(α*)=11.921507, intercept=-22.533270 (0.453s) [OMP=0.414 ISP-L=0.004 ISP-F=0.011 MW-L=0.008 MW-F=0.010]
  Alt-Benders[5]: LB stagnated, break
  OMP re-solve: 0.000s

=== True-DRO Benders iter 32 ===
  OMP: t₀=12.636800, UB=17.747600, gap=2.88e-01, x=[0, 0, 0, 0, 0, 0, 0, 0, 1, 0, 0, 0, 0, 0, 0, 0, 0, 0, 0, 0, 0, 0, 0, 0, 0, 0, 0, 0, 0, 0, 0, 0, 0, 1, 0, 0, 0, 0] (0.000s)
  Sub: Z₀=16.712880 [LOCAL] (0.2s), α=[0.000,0.000,0.000,0.000,0.000,0.000,0.000,0.000,9.379,0.000,0.000,0.000,0.000,0.000,0.000,0.000,0.000,0.000,0.000,0.000,0.000,0.000,0.000,0.000,0.000,0.000,1.324,0.000,0.000,0.000,0.000,0.000,0.000,0.000,0.000,0.000,0.000,0.000]
  Iter 32: LB=12.636800  UB=17.747600  gap=2.88e-01
  Cut: intercept=-1135.919328, π_x_range=[-832.2225, 585.2631]
  Mini-Benders[1] (mw): LB=12.652827, Z₀(α*)=16.068306, intercept=-12.055590 (0.452s) [OMP=0.405 ISP-L=0.004 ISP-F=0.011 MW-L=0.008 MW-F=0.010]
  Mini-Benders[2] (mw): LB=12.721436, Z₀(α*)=-27.372331, intercept=-40.871759 (0.458s) [OMP=0.418 ISP-L=0.003 ISP-F=0.010 MW-L=0.008 MW-F=0.017]
  Mini-Benders[3] (mw): LB=12.721436, Z₀(α*)=-27.372331, intercept=-40.871759 (0.452s) [OMP=0.429 ISP-L=0.003 ISP-F=0.010 MW-L=0.008 MW-F=0.009]
  Mini-Benders[4] (mw): LB=12.721436, Z₀(α*)=-27.372331, intercept=-40.871759 (0.453s) [OMP=0.422 ISP-L=0.003 ISP-F=0.010 MW-L=0.008 MW-F=0.009]
  Mini-Benders[5]: LB stagnated, break
  α-step: Z₀=18.456014, α=[0.000,0.000,0.000,0.000,0.000,1.482,0.000,0.000,0.000,0.000,0.000,0.000,0.000,0.000,2.383,0.000,0.000,0.000,0.000,3.068,0.000,0.000,0.000,0.000,0.000,0.000,3.770,0.000,0.000,0.000,0.000,0.000,0.000,0.000,0.000,0.000,0.000,0.000]
  Alt-Benders[1] (mw): LB=12.896897, Z₀(α*)=4.119746, intercept=-188.923870 (0.448s) [OMP=0.410 ISP-L=0.004 ISP-F=0.010 MW-L=0.008 MW-F=0.014]
  Alt-Benders[2] (mw): LB=12.896897, Z₀(α*)=4.119746, intercept=-188.923870 (0.437s) [OMP=0.401 ISP-L=0.004 ISP-F=0.010 MW-L=0.015 MW-F=0.014]
  Alt-Benders[3] (mw): LB=12.896897, Z₀(α*)=4.119746, intercept=-188.923870 (0.451s) [OMP=0.406 ISP-L=0.004 ISP-F=0.010 MW-L=0.008 MW-F=0.014]
  Alt-Benders[4]: LB stagnated, break
  OMP re-solve: 0.001s

=== True-DRO Benders iter 33 ===
  OMP: t₀=12.896897, UB=17.747600, gap=2.73e-01, x=[0, 0, 0, 0, 0, 0, 0, 0, 0, 0, 0, 0, 0, 0, 0, 0, 0, 0, 0, 1, 0, 0, 0, 0, 1, 0, 0, 0, 0, 0, 0, 0, 0, 0, 0, 0, 0, 0] (0.000s)
  Sub: Z₀=14.504525 [LOCAL] (0.2s), α=[0.000,0.000,0.000,0.000,0.000,0.000,0.000,0.000,0.000,0.000,0.000,0.000,0.000,0.000,2.254,0.000,0.000,0.000,0.000,4.224,0.000,0.000,0.000,0.000,4.224,0.000,0.000,0.000,0.000,0.000,0.000,0.000,0.000,0.000,0.000,0.000,0.000,0.000]
  Iter 33: LB=12.896897  UB=17.747600  gap=2.73e-01
  Cut: intercept=-1086.920678, π_x_range=[-828.1632, 553.0430]
  Mini-Benders[1] (mw): LB=13.037733, Z₀(α*)=-15.723102, intercept=-15.723103 (0.427s) [OMP=0.401 ISP-L=0.004 ISP-F=0.012 MW-L=0.007 MW-F=0.011]
  Mini-Benders[2] (mw): LB=13.037733, Z₀(α*)=-15.723102, intercept=-15.723103 (0.489s) [OMP=0.445 ISP-L=0.004 ISP-F=0.012 MW-L=0.007 MW-F=0.011]
  Mini-Benders[3] (mw): LB=13.037733, Z₀(α*)=-15.723102, intercept=-15.723103 (0.478s) [OMP=0.448 ISP-L=0.004 ISP-F=0.012 MW-L=0.015 MW-F=0.011]
  Mini-Benders[4]: LB stagnated, break
  α-step: Z₀=20.485544, α=[0.000,0.000,0.000,0.000,0.000,2.564,0.000,0.000,4.364,0.000,0.000,0.000,0.000,0.000,1.072,0.000,0.000,0.000,0.000,1.217,0.000,0.000,0.000,0.000,0.000,0.000,1.486,0.000,0.000,0.000,0.000,0.000,0.000,0.000,0.000,0.000,0.000,0.000]
  Alt-Benders[1] (mw): LB=13.037733, Z₀(α*)=21.037510, intercept=21.037509 (0.436s) [OMP=0.397 ISP-L=0.004 ISP-F=0.010 MW-L=0.008 MW-F=0.018]
  Alt-Benders[2] (mw): LB=13.037735, Z₀(α*)=20.391326, intercept=-7.100541 (0.467s) [OMP=0.444 ISP-L=0.004 ISP-F=0.004 MW-L=0.007 MW-F=0.010]
  Alt-Benders[3] (mw): LB=13.100460, Z₀(α*)=11.481348, intercept=-13.556188 (0.475s) [OMP=0.424 ISP-L=0.004 ISP-F=0.010 MW-L=0.009 MW-F=0.017]
  Alt-Benders[4] (mw): LB=13.100460, Z₀(α*)=11.481348, intercept=-13.556188 (0.441s) [OMP=0.407 ISP-L=0.004 ISP-F=0.010 MW-L=0.008 MW-F=0.010]
  Alt-Benders[5] (mw): LB=13.100460, Z₀(α*)=11.481348, intercept=-13.556188 (0.444s) [OMP=0.411 ISP-L=0.004 ISP-F=0.010 MW-L=0.008 MW-F=0.010]
  OMP re-solve: 0.406s

=== True-DRO Benders iter 34 ===
  OMP: t₀=13.100460, UB=17.747600, gap=2.62e-01, x=[0, 0, 0, 0, 0, 0, 0, 0, 0, 0, 0, 0, 0, 0, 0, 0, 0, 0, 0, 0, 0, 1, 0, 0, 0, 0, 1, 0, 0, 0, 0, 0, 0, 0, 0, 0, 0, 0] (0.000s)
  Sub: Z₀=17.510297 [LOCAL] (0.2s), α=[0.000,0.000,0.000,0.000,0.000,0.938,0.000,0.000,3.616,0.000,0.000,0.000,0.000,0.000,0.000,0.000,0.000,0.000,0.000,0.000,0.000,3.356,0.000,0.000,0.000,0.000,2.792,0.000,0.000,0.000,0.000,0.000,0.000,0.000,0.000,0.000,0.000,0.000]
  Iter 34: LB=13.100460  UB=17.747600  gap=2.62e-01
  Cut: intercept=-1149.662263, π_x_range=[-830.8292, 591.7943]
  Mini-Benders[1] (mw): LB=13.203292, Z₀(α*)=-6.719365, intercept=-81.185039 (0.457s) [OMP=0.424 ISP-L=0.004 ISP-F=0.010 MW-L=0.008 MW-F=0.012]
  Mini-Benders[2] (mw): LB=13.203292, Z₀(α*)=-6.719365, intercept=-81.185039 (0.426s) [OMP=0.380 ISP-L=0.004 ISP-F=0.010 MW-L=0.016 MW-F=0.012]
  Mini-Benders[3] (mw): LB=13.203292, Z₀(α*)=-6.719365, intercept=-81.185039 (0.397s) [OMP=0.373 ISP-L=0.004 ISP-F=0.011 MW-L=0.008 MW-F=0.012]
  Mini-Benders[4]: LB stagnated, break
  α-step: Z₀=13.203292, α=[0.000,0.000,0.000,0.000,0.000,1.744,0.000,0.000,7.887,0.000,0.000,0.000,0.000,0.000,1.072,0.000,0.000,0.000,0.000,0.000,0.000,0.000,0.000,0.000,0.000,0.000,0.000,0.000,0.000,0.000,0.000,0.000,0.000,0.000,0.000,0.000,0.000,0.000]
  Alt-Benders[1] (mw): LB=13.203292, Z₀(α*)=13.868089, intercept=-64.051674 (0.406s) [OMP=0.374 ISP-L=0.003 ISP-F=0.010 MW-L=0.007 MW-F=0.013]
  Alt-Benders[2] (mw): LB=13.261148, Z₀(α*)=-2.789707, intercept=-93.091286 (0.797s) [OMP=0.761 ISP-L=0.003 ISP-F=0.010 MW-L=0.008 MW-F=0.010]
  Alt-Benders[3] (mw): LB=13.261148, Z₀(α*)=-2.789707, intercept=-93.091286 (0.454s) [OMP=0.417 ISP-L=0.003 ISP-F=0.010 MW-L=0.015 MW-F=0.010]
  Alt-Benders[4] (mw): LB=13.261148, Z₀(α*)=-2.789707, intercept=-93.091286 (0.468s) [OMP=0.431 ISP-L=0.003 ISP-F=0.011 MW-L=0.008 MW-F=0.010]
  Alt-Benders[5]: LB stagnated, break
  OMP re-solve: 0.001s

=== True-DRO Benders iter 35 ===
  OMP: t₀=13.261148, UB=17.747600, gap=2.53e-01, x=[1, 0, 0, 0, 0, 0, 0, 0, 0, 0, 0, 0, 0, 0, 0, 0, 0, 0, 0, 0, 0, 0, 0, 0, 1, 0, 0, 0, 0, 0, 0, 0, 0, 0, 0, 0, 0, 0] (0.000s)
  Sub: Z₀=17.733823 (5.5s), α=[0.000,0.000,0.000,0.000,0.000,1.056,0.000,0.000,0.000,0.000,0.000,0.000,0.000,0.000,1.816,0.000,0.000,0.000,0.000,0.000,0.000,0.000,0.000,0.000,7.827,0.000,0.003,0.000,0.000,0.000,0.000,0.000,0.000,0.000,0.000,0.000,0.000,0.000]
  Iter 35: LB=13.261148  UB=17.733823  gap=2.52e-01
  Cut: intercept=-59.567671, π_x_range=[-181.1323, 53.0991]
  Sherali-Cut: intercept=-31.989386, π_x_range=[-134.3549, 49.6251]
  Mini-Benders[1] (mw): LB=13.332871, Z₀(α*)=-15.972740, intercept=-26.671379 (0.438s) [OMP=0.403 ISP-L=0.004 ISP-F=0.011 MW-L=0.008 MW-F=0.013]
  Mini-Benders[2] (mw): LB=13.332871, Z₀(α*)=-15.972740, intercept=-26.671379 (0.437s) [OMP=0.401 ISP-L=0.003 ISP-F=0.010 MW-L=0.008 MW-F=0.013]
  Mini-Benders[3] (mw): LB=13.332871, Z₀(α*)=-15.972740, intercept=-26.671379 (0.438s) [OMP=0.397 ISP-L=0.003 ISP-F=0.010 MW-L=0.008 MW-F=0.013]
  Mini-Benders[4]: LB stagnated, break
  α-step: Z₀=18.180426, α=[1.656,0.000,0.000,0.000,0.000,4.005,0.000,0.000,0.066,0.000,0.000,0.000,0.000,0.000,1.072,0.000,0.000,0.000,0.000,3.904,0.000,0.000,0.000,0.000,0.000,0.000,0.000,0.000,0.000,0.000,0.000,0.000,0.000,0.000,0.000,0.000,0.000,0.000]
  Alt-Benders[1] (mw): LB=13.340022, Z₀(α*)=-2.315582, intercept=-18.996455 (0.469s) [OMP=0.435 ISP-L=0.004 ISP-F=0.012 MW-L=0.015 MW-F=0.011]
  Alt-Benders[2] (mw): LB=13.340022, Z₀(α*)=-2.315582, intercept=-18.996455 (0.453s) [OMP=0.406 ISP-L=0.004 ISP-F=0.012 MW-L=0.008 MW-F=0.011]
  Alt-Benders[3] (mw): LB=13.340022, Z₀(α*)=-2.315582, intercept=-18.996455 (0.438s) [OMP=0.404 ISP-L=0.004 ISP-F=0.011 MW-L=0.008 MW-F=0.010]
  Alt-Benders[4]: LB stagnated, break
  OMP re-solve: 0.001s

=== True-DRO Benders iter 36 ===
  OMP: t₀=13.340022, UB=17.733823, gap=2.48e-01, x=[0, 0, 0, 0, 1, 1, 0, 0, 0, 0, 0, 0, 0, 0, 0, 0, 0, 0, 0, 0, 0, 0, 0, 0, 0, 0, 0, 0, 0, 0, 0, 0, 0, 0, 0, 0, 0, 0] (0.000s)
  Sub: Z₀=16.936828 [LOCAL] (0.2s), α=[0.000,0.000,0.000,0.000,0.000,10.230,0.000,0.000,0.000,0.000,0.000,0.000,0.000,0.000,0.472,0.000,0.000,0.000,0.000,0.000,0.000,0.000,0.000,0.000,0.000,0.000,0.000,0.000,0.000,0.000,0.000,0.000,0.000,0.000,0.000,0.000,0.000,0.000]
  Iter 36: LB=13.340022  UB=17.733823  gap=2.48e-01
  Cut: intercept=-1132.038106, π_x_range=[-828.5009, 577.6197]
  Mini-Benders[1] (mw): LB=13.345857, Z₀(α*)=-6.903420, intercept=-28.141264 (0.484s) [OMP=0.434 ISP-L=0.004 ISP-F=0.011 MW-L=0.007 MW-F=0.022]
  Mini-Benders[2] (mw): LB=13.345857, Z₀(α*)=-6.903420, intercept=-28.141264 (0.438s) [OMP=0.401 ISP-L=0.004 ISP-F=0.011 MW-L=0.008 MW-F=0.015]
  Mini-Benders[3] (mw): LB=13.345857, Z₀(α*)=-6.903420, intercept=-28.141264 (0.437s) [OMP=0.403 ISP-L=0.004 ISP-F=0.011 MW-L=0.007 MW-F=0.015]
  Mini-Benders[4]: LB stagnated, break
  α-step: Z₀=18.361754, α=[0.000,0.000,0.000,0.000,0.000,6.071,0.000,0.000,2.074,0.000,0.000,0.000,0.000,0.000,2.557,0.000,0.000,0.000,0.000,0.000,0.000,0.000,0.000,0.000,0.000,0.000,0.000,0.000,0.000,0.000,0.000,0.000,0.000,0.000,0.000,0.000,0.000,0.000]
  Alt-Benders[1] (mw): LB=13.469799, Z₀(α*)=13.271975, intercept=-15.634917 (0.500s) [OMP=0.460 ISP-L=0.004 ISP-F=0.011 MW-L=0.007 MW-F=0.011]
  Alt-Benders[2] (mw): LB=13.469799, Z₀(α*)=13.271975, intercept=-15.634917 (0.422s) [OMP=0.381 ISP-L=0.003 ISP-F=0.010 MW-L=0.007 MW-F=0.019]
  Alt-Benders[3] (mw): LB=13.469799, Z₀(α*)=13.271975, intercept=-15.634917 (0.406s) [OMP=0.378 ISP-L=0.003 ISP-F=0.010 MW-L=0.007 MW-F=0.011]
  Alt-Benders[4]: LB stagnated, break
  OMP re-solve: 0.001s

=== True-DRO Benders iter 37 ===
  OMP: t₀=13.469799, UB=17.733823, gap=2.40e-01, x=[0, 0, 0, 0, 0, 0, 0, 0, 0, 0, 0, 0, 0, 0, 0, 0, 0, 1, 0, 0, 0, 1, 0, 0, 0, 0, 0, 0, 0, 0, 0, 0, 0, 0, 0, 0, 0, 0] (0.000s)
  Sub: Z₀=17.547182 [LOCAL] (0.4s), α=[0.000,0.000,0.000,0.000,0.000,0.607,0.000,0.000,3.950,0.000,0.000,0.000,0.000,0.000,0.000,0.000,0.000,0.000,0.000,0.000,0.000,5.810,0.000,0.000,0.000,0.000,0.336,0.000,0.000,0.000,0.000,0.000,0.000,0.000,0.000,0.000,0.000,0.000]
  Iter 37: LB=13.469799  UB=17.733823  gap=2.40e-01
  Cut: intercept=-1144.139517, π_x_range=[-833.4396, 591.2127]
  Mini-Benders[1] (mw): LB=13.503665, Z₀(α*)=-4.463305, intercept=-35.047097 (0.484s) [OMP=0.454 ISP-L=0.004 ISP-F=0.011 MW-L=0.008 MW-F=0.011]
  Mini-Benders[2] (mw): LB=13.503665, Z₀(α*)=-4.463305, intercept=-35.047097 (0.485s) [OMP=0.454 ISP-L=0.004 ISP-F=0.011 MW-L=0.008 MW-F=0.011]
  Mini-Benders[3] (mw): LB=13.503665, Z₀(α*)=-4.463305, intercept=-35.047097 (0.500s) [OMP=0.453 ISP-L=0.004 ISP-F=0.011 MW-L=0.016 MW-F=0.012]
  Mini-Benders[4]: LB stagnated, break
  α-step: Z₀=21.835568, α=[0.000,0.000,0.000,0.000,0.000,0.396,0.000,0.000,3.803,0.000,0.000,0.000,0.000,0.000,1.604,0.000,0.000,0.000,0.000,0.000,0.000,0.000,0.000,0.000,0.000,0.000,4.899,0.000,0.000,0.000,0.000,0.000,0.000,0.000,0.000,0.000,0.000,0.000]
  Alt-Benders[1] (mw): LB=13.654227, Z₀(α*)=15.576636, intercept=-48.452482 (0.453s) [OMP=0.407 ISP-L=0.004 ISP-F=0.011 MW-L=0.008 MW-F=0.018]
  Alt-Benders[2] (mw): LB=13.692877, Z₀(α*)=11.900679, intercept=-50.831602 (0.406s) [OMP=0.371 ISP-L=0.003 ISP-F=0.011 MW-L=0.009 MW-F=0.013]
  Alt-Benders[3] (mw): LB=13.692877, Z₀(α*)=11.900679, intercept=-50.831602 (0.422s) [OMP=0.370 ISP-L=0.003 ISP-F=0.012 MW-L=0.009 MW-F=0.020]
  Alt-Benders[4] (mw): LB=13.692877, Z₀(α*)=11.900679, intercept=-50.831602 (0.406s) [OMP=0.372 ISP-L=0.003 ISP-F=0.011 MW-L=0.009 MW-F=0.013]
  Alt-Benders[5]: LB stagnated, break
  OMP re-solve: 0.001s

=== True-DRO Benders iter 38 ===
  OMP: t₀=13.692877, UB=17.733823, gap=2.28e-01, x=[0, 0, 0, 0, 0, 0, 1, 0, 0, 0, 0, 0, 0, 0, 0, 0, 0, 0, 0, 0, 0, 0, 0, 0, 0, 0, 0, 0, 0, 0, 0, 0, 1, 0, 0, 0, 0, 0] (0.000s)
  Sub: Z₀=15.935315 [LOCAL] (0.2s), α=[0.000,0.000,0.000,0.000,0.000,0.000,4.074,0.000,1.385,0.000,0.000,0.000,0.000,0.000,0.000,0.000,0.000,0.000,0.000,0.000,0.000,0.000,0.000,0.000,0.000,0.000,0.000,0.000,0.000,0.000,0.000,0.000,5.174,0.070,0.000,0.000,0.000,0.000]
  Iter 38: LB=13.692877  UB=17.733823  gap=2.28e-01
  Cut: intercept=-1090.482985, π_x_range=[-829.5140, 564.0825]
  Mini-Benders[1] (mw): LB=13.747063, Z₀(α*)=-40.449098, intercept=-119.383169 (0.437s) [OMP=0.393 ISP-L=0.003 ISP-F=0.010 MW-L=0.006 MW-F=0.011]
  Mini-Benders[2] (mw): LB=13.747063, Z₀(α*)=-40.449098, intercept=-119.383169 (0.422s) [OMP=0.391 ISP-L=0.003 ISP-F=0.010 MW-L=0.006 MW-F=0.010]
  Mini-Benders[3] (mw): LB=13.747063, Z₀(α*)=-40.449098, intercept=-119.383169 (0.422s) [OMP=0.391 ISP-L=0.003 ISP-F=0.010 MW-L=0.006 MW-F=0.018]
  Mini-Benders[4]: LB stagnated, break
  α-step: Z₀=14.533033, α=[0.000,0.000,0.000,0.000,0.000,0.000,0.000,0.000,4.443,0.000,0.000,0.000,0.000,0.000,1.816,0.000,0.000,0.000,0.000,4.443,0.000,0.000,0.000,0.000,0.000,0.000,0.000,0.000,0.000,0.000,0.000,0.000,0.000,0.000,0.000,0.000,0.000,0.000]
  Alt-Benders[1] (mw): LB=13.837447, Z₀(α*)=-10.121585, intercept=-105.231551 (0.406s) [OMP=0.383 ISP-L=0.003 ISP-F=0.009 MW-L=0.009 MW-F=0.010]
  Alt-Benders[2] (mw): LB=13.837447, Z₀(α*)=-10.121585, intercept=-105.231551 (0.422s) [OMP=0.386 ISP-L=0.003 ISP-F=0.009 MW-L=0.009 MW-F=0.010]
  Alt-Benders[3] (mw): LB=13.837447, Z₀(α*)=-10.121585, intercept=-105.231551 (0.422s) [OMP=0.379 ISP-L=0.003 ISP-F=0.009 MW-L=0.008 MW-F=0.010]
  Alt-Benders[4]: LB stagnated, break
  OMP re-solve: 0.001s

=== True-DRO Benders iter 39 ===
  OMP: t₀=13.837447, UB=17.733823, gap=2.20e-01, x=[0, 0, 0, 0, 0, 0, 0, 0, 0, 0, 0, 0, 0, 0, 0, 0, 0, 0, 0, 0, 0, 1, 0, 0, 1, 0, 0, 0, 0, 0, 0, 0, 0, 0, 0, 0, 0, 0] (0.000s)
  Sub: Z₀=13.408374 [LOCAL] (0.5s), α=[0.000,0.000,0.000,0.000,0.000,0.000,0.000,0.000,0.447,0.000,0.000,0.000,0.000,0.000,0.000,0.000,0.000,0.000,0.000,0.000,0.000,0.882,0.000,0.000,8.918,0.000,0.455,0.000,0.000,0.000,0.000,0.000,0.000,0.000,0.000,0.000,0.000,0.000]
  Iter 39: LB=13.837447  UB=17.733823  gap=2.20e-01
  Cut: intercept=-1113.514193, π_x_range=[-827.8541, 582.4440]
  Mini-Benders[1] (mw): LB=13.837447, Z₀(α*)=13.567567, intercept=-80.447330 (0.422s) [OMP=0.384 ISP-L=0.004 ISP-F=0.011 MW-L=0.008 MW-F=0.012]
  Mini-Benders[2] (mw): LB=13.837447, Z₀(α*)=13.567567, intercept=-80.447330 (0.422s) [OMP=0.381 ISP-L=0.004 ISP-F=0.011 MW-L=0.008 MW-F=0.012]
  Mini-Benders[3]: LB stagnated, break
  α-step: Z₀=13.679379, α=[0.000,0.000,0.000,0.000,0.000,0.000,0.000,0.000,0.000,0.000,0.000,0.000,0.000,0.000,0.000,0.000,0.000,0.000,0.000,0.000,0.000,0.882,0.000,0.000,9.142,0.000,0.679,0.000,0.000,0.000,0.000,0.000,0.000,0.000,0.000,0.000,0.000,0.000]
  Alt-Benders[1] (mw): LB=13.837447, Z₀(α*)=13.746109, intercept=-80.785891 (0.422s) [OMP=0.392 ISP-L=0.004 ISP-F=0.010 MW-L=0.008 MW-F=0.017]
  Alt-Benders[2] (mw): LB=13.837447, Z₀(α*)=13.746109, intercept=-80.785891 (0.421s) [OMP=0.387 ISP-L=0.004 ISP-F=0.010 MW-L=0.009 MW-F=0.010]
  Alt-Benders[3]: LB stagnated, break
  OMP re-solve: 0.001s

=== True-DRO Benders iter 40 ===
  OMP: t₀=13.837447, UB=17.733823, gap=2.20e-01, x=[0, 0, 0, 0, 0, 0, 0, 0, 0, 0, 0, 0, 0, 0, 0, 0, 0, 0, 0, 0, 0, 1, 0, 0, 1, 0, 0, 0, 0, 0, 0, 0, 0, 0, 0, 0, 0, 0] (0.000s)
  Sub: Z₀=13.837448 [TIME_LIMIT] (15.0s), α=[0.000,0.000,0.000,0.000,0.000,0.238,0.000,0.000,3.841,0.000,0.000,0.000,0.000,0.000,1.845,0.000,0.000,0.000,0.000,0.000,0.000,0.000,0.000,0.000,0.000,0.000,4.779,0.000,0.000,0.000,0.000,0.000,0.000,0.000,0.000,0.000,0.000,0.000]
  Iter 40: LB=13.837447  UB=14.068418  gap=1.64e-02
  Cut: intercept=-89.006849, π_x_range=[-199.4400, 64.4494]
  Mini-Benders[1] (mw): LB=13.837448, Z₀(α*)=13.837447, intercept=-61.341560 (0.469s) [OMP=0.445 ISP-L=0.003 ISP-F=0.010 MW-L=0.008 MW-F=0.008]
  Mini-Benders[2] (mw): LB=13.837448, Z₀(α*)=13.837447, intercept=-61.341560 (0.453s) [OMP=0.426 ISP-L=0.003 ISP-F=0.010 MW-L=0.008 MW-F=0.008]
  Mini-Benders[3]: LB stagnated, break
  α-step: Z₀=13.837447, α=[0.000,0.000,0.000,0.000,0.000,0.000,0.000,0.000,5.685,0.000,0.000,0.000,0.000,0.000,0.000,0.000,0.000,0.000,0.000,0.000,0.000,0.000,0.000,0.000,0.000,0.000,5.017,0.000,0.000,0.000,0.000,0.000,0.000,0.000,0.000,0.000,0.000,0.000]
  Alt-Benders[1] (mw): LB=13.837447, Z₀(α*)=13.837447, intercept=-61.644044 (0.562s) [OMP=0.530 ISP-L=0.003 ISP-F=0.009 MW-L=0.008 MW-F=0.013]
  Alt-Benders[2] (mw): LB=13.837448, Z₀(α*)=13.837447, intercept=-61.644044 (0.391s) [OMP=0.356 ISP-L=0.003 ISP-F=0.009 MW-L=0.008 MW-F=0.014]
  Alt-Benders[3]: LB stagnated, break
  OMP re-solve: 0.001s

=== True-DRO Benders iter 41 ===
  OMP: t₀=13.837448, UB=14.068418, gap=1.64e-02, x=[0, 0, 0, 0, 0, 0, 0, 0, 0, 0, 0, 0, 0, 0, 0, 0, 0, 0, 0, 0, 0, 1, 0, 0, 1, 0, 0, 0, 0, 0, 0, 0, 0, 0, 0, 0, 0, 0] (0.001s)
  Sub: Z₀=13.408374 [LOCAL] (0.5s), α=[0.000,0.000,0.000,0.000,0.000,0.000,0.000,0.000,0.447,0.000,0.000,0.000,0.000,0.000,0.000,0.000,0.000,0.000,0.000,0.000,0.000,0.882,0.000,0.000,8.918,0.000,0.455,0.000,0.000,0.000,0.000,0.000,0.000,0.000,0.000,0.000,0.000,0.000]
  Iter 41: LB=13.837448  UB=14.068418  gap=1.64e-02
  Cut: intercept=-1113.514193, π_x_range=[-827.8541, 582.4440]
  Mini-Benders[1] (mw): LB=13.837448, Z₀(α*)=13.567567, intercept=-80.447330 (0.390s) [OMP=0.357 ISP-L=0.004 ISP-F=0.011 MW-L=0.008 MW-F=0.011]
  Mini-Benders[2] (mw): LB=13.837448, Z₀(α*)=13.567567, intercept=-80.447330 (0.406s) [OMP=0.364 ISP-L=0.004 ISP-F=0.011 MW-L=0.015 MW-F=0.012]
  Mini-Benders[3]: LB stagnated, break
  α-step: Z₀=13.679379, α=[0.000,0.000,0.000,0.000,0.000,0.000,0.000,0.000,0.000,0.000,0.000,0.000,0.000,0.000,0.000,0.000,0.000,0.000,0.000,0.000,0.000,0.882,0.000,0.000,9.142,0.000,0.679,0.000,0.000,0.000,0.000,0.000,0.000,0.000,0.000,0.000,0.000,0.000]
  Alt-Benders[1] (mw): LB=13.837448, Z₀(α*)=13.746109, intercept=-80.785891 (0.391s) [OMP=0.360 ISP-L=0.004 ISP-F=0.010 MW-L=0.008 MW-F=0.010]
  Alt-Benders[2] (mw): LB=13.837448, Z₀(α*)=13.746109, intercept=-80.785891 (0.406s) [OMP=0.363 ISP-L=0.004 ISP-F=0.010 MW-L=0.008 MW-F=0.010]
  Alt-Benders[3]: LB stagnated, break
  OMP re-solve: 0.001s

=== True-DRO Benders iter 42 ===
  OMP: t₀=13.837448, UB=14.068418, gap=1.64e-02, x=[0, 0, 0, 0, 0, 0, 0, 0, 0, 0, 0, 0, 0, 0, 0, 0, 0, 0, 0, 0, 0, 1, 0, 0, 1, 0, 0, 0, 0, 0, 0, 0, 0, 0, 0, 0, 0, 0] (0.000s)
  Sub: Z₀=13.408374 [LOCAL] (0.5s), α=[0.000,0.000,0.000,0.000,0.000,0.000,0.000,0.000,0.447,0.000,0.000,0.000,0.000,0.000,0.000,0.000,0.000,0.000,0.000,0.000,0.000,0.882,0.000,0.000,8.918,0.000,0.455,0.000,0.000,0.000,0.000,0.000,0.000,0.000,0.000,0.000,0.000,0.000]
  Iter 42: LB=13.837448  UB=14.068418  gap=1.64e-02
  Cut: intercept=-1113.514193, π_x_range=[-827.8541, 582.4440]
  Mini-Benders[1] (mw): LB=13.837448, Z₀(α*)=13.567567, intercept=-80.447330 (0.391s) [OMP=0.366 ISP-L=0.004 ISP-F=0.011 MW-L=0.008 MW-F=0.011]
  Mini-Benders[2] (mw): LB=13.837448, Z₀(α*)=13.567567, intercept=-80.447330 (0.406s) [OMP=0.359 ISP-L=0.004 ISP-F=0.011 MW-L=0.008 MW-F=0.012]
  Mini-Benders[3]: LB stagnated, break
  α-step: Z₀=13.679379, α=[0.000,0.000,0.000,0.000,0.000,0.000,0.000,0.000,0.000,0.000,0.000,0.000,0.000,0.000,0.000,0.000,0.000,0.000,0.000,0.000,0.000,0.882,0.000,0.000,9.142,0.000,0.679,0.000,0.000,0.000,0.000,0.000,0.000,0.000,0.000,0.000,0.000,0.000]
  Alt-Benders[1] (mw): LB=13.837448, Z₀(α*)=13.746109, intercept=-80.785891 (0.391s) [OMP=0.360 ISP-L=0.004 ISP-F=0.010 MW-L=0.008 MW-F=0.010]
  Alt-Benders[2] (mw): LB=13.837448, Z₀(α*)=13.746109, intercept=-80.785891 (0.390s) [OMP=0.356 ISP-L=0.004 ISP-F=0.010 MW-L=0.008 MW-F=0.018]
  Alt-Benders[3]: LB stagnated, break
  OMP re-solve: 0.001s

=== True-DRO Benders iter 43 ===
  OMP: t₀=13.837448, UB=14.068418, gap=1.64e-02, x=[0, 0, 0, 0, 0, 0, 0, 0, 0, 0, 0, 0, 0, 0, 0, 0, 0, 0, 0, 0, 0, 1, 0, 0, 1, 0, 0, 0, 0, 0, 0, 0, 0, 0, 0, 0, 0, 0] (0.001s)
  Sub: Z₀=13.408374 [LOCAL] (0.5s), α=[0.000,0.000,0.000,0.000,0.000,0.000,0.000,0.000,0.447,0.000,0.000,0.000,0.000,0.000,0.000,0.000,0.000,0.000,0.000,0.000,0.000,0.882,0.000,0.000,8.918,0.000,0.455,0.000,0.000,0.000,0.000,0.000,0.000,0.000,0.000,0.000,0.000,0.000]
  Iter 43: LB=13.837448  UB=14.068418  gap=1.64e-02
  Cut: intercept=-1113.514193, π_x_range=[-827.8541, 582.4440]
  Mini-Benders[1] (mw): LB=13.837448, Z₀(α*)=13.567567, intercept=-80.447330 (0.388s) [OMP=0.365 ISP-L=0.004 ISP-F=0.010 MW-L=0.008 MW-F=0.011]
  Mini-Benders[2] (mw): LB=13.837448, Z₀(α*)=13.567567, intercept=-80.447330 (0.406s) [OMP=0.365 ISP-L=0.004 ISP-F=0.011 MW-L=0.008 MW-F=0.011]
  Mini-Benders[3]: LB stagnated, break
  α-step: Z₀=13.679379, α=[0.000,0.000,0.000,0.000,0.000,0.000,0.000,0.000,0.000,0.000,0.000,0.000,0.000,0.000,0.000,0.000,0.000,0.000,0.000,0.000,0.000,0.882,0.000,0.000,9.142,0.000,0.679,0.000,0.000,0.000,0.000,0.000,0.000,0.000,0.000,0.000,0.000,0.000]
  Alt-Benders[1] (mw): LB=13.837448, Z₀(α*)=13.746109, intercept=-80.785891 (0.391s) [OMP=0.360 ISP-L=0.004 ISP-F=0.010 MW-L=0.015 MW-F=0.010]
  Alt-Benders[2] (mw): LB=13.837448, Z₀(α*)=13.746109, intercept=-80.785891 (0.406s) [OMP=0.369 ISP-L=0.004 ISP-F=0.010 MW-L=0.008 MW-F=0.010]
  Alt-Benders[3]: LB stagnated, break
  OMP re-solve: 0.001s

=== True-DRO Benders iter 44 ===
  OMP: t₀=13.837448, UB=14.068418, gap=1.64e-02, x=[0, 0, 0, 0, 0, 0, 0, 0, 0, 0, 0, 0, 0, 0, 0, 0, 0, 0, 0, 0, 0, 1, 0, 0, 1, 0, 0, 0, 0, 0, 0, 0, 0, 0, 0, 0, 0, 0] (0.001s)
  Sub: Z₀=13.408374 [LOCAL] (0.5s), α=[0.000,0.000,0.000,0.000,0.000,0.000,0.000,0.000,0.447,0.000,0.000,0.000,0.000,0.000,0.000,0.000,0.000,0.000,0.000,0.000,0.000,0.882,0.000,0.000,8.918,0.000,0.455,0.000,0.000,0.000,0.000,0.000,0.000,0.000,0.000,0.000,0.000,0.000]
  Iter 44: LB=13.837448  UB=14.068418  gap=1.64e-02
  Cut: intercept=-1113.514193, π_x_range=[-827.8541, 582.4440]
  Mini-Benders[1] (mw): LB=13.837448, Z₀(α*)=13.567567, intercept=-80.447330 (0.389s) [OMP=0.365 ISP-L=0.004 ISP-F=0.011 MW-L=0.008 MW-F=0.011]
  Mini-Benders[2] (mw): LB=13.837448, Z₀(α*)=13.567567, intercept=-80.447330 (0.406s) [OMP=0.363 ISP-L=0.004 ISP-F=0.010 MW-L=0.008 MW-F=0.019]
  Mini-Benders[3]: LB stagnated, break
  α-step: Z₀=13.679379, α=[0.000,0.000,0.000,0.000,0.000,0.000,0.000,0.000,0.000,0.000,0.000,0.000,0.000,0.000,0.000,0.000,0.000,0.000,0.000,0.000,0.000,0.882,0.000,0.000,9.142,0.000,0.679,0.000,0.000,0.000,0.000,0.000,0.000,0.000,0.000,0.000,0.000,0.000]
  Alt-Benders[1] (mw): LB=13.837448, Z₀(α*)=13.746109, intercept=-80.785891 (0.394s) [OMP=0.364 ISP-L=0.004 ISP-F=0.010 MW-L=0.008 MW-F=0.010]
  Alt-Benders[2] (mw): LB=13.837448, Z₀(α*)=13.746109, intercept=-80.785891 (0.387s) [OMP=0.364 ISP-L=0.004 ISP-F=0.010 MW-L=0.008 MW-F=0.010]
  Alt-Benders[3]: LB stagnated, break
  OMP re-solve: 0.001s

=== True-DRO Benders iter 45 ===
  OMP: t₀=13.837448, UB=14.068418, gap=1.64e-02, x=[0, 0, 0, 0, 0, 0, 0, 0, 0, 0, 0, 0, 0, 0, 0, 0, 0, 0, 0, 0, 0, 1, 0, 0, 1, 0, 0, 0, 0, 0, 0, 0, 0, 0, 0, 0, 0, 0] (0.000s)
  → Boost: time limit 3600s + MIPGap=0.5% (same x + prev TIME_LIMIT)
  Sub: Z₀=13.900201 (5.3s), α=[0.000,0.000,0.000,0.000,0.000,0.000,0.000,0.000,0.000,0.000,0.000,0.000,0.000,0.000,0.000,0.000,0.000,0.000,0.000,0.000,0.000,0.000,0.000,0.000,9.585,0.000,1.118,0.000,0.000,0.000,0.000,0.000,0.000,0.000,0.000,0.000,0.000,0.000]
  Iter 45: LB=13.837448  UB=13.900201  gap=4.51e-03
True-DRO Benders converged at iter 45 (gap=4.51e-03)
  Wall time: 317.44 sec
  OMP  time: mean=0.282s, median=0.364s, max=0.761s
  Sub  time (exact): mean=6.553s, median=6.115s, q90=9.867s, max=11.807s (n=8/45)

Result (double/mb_only): Z₀=13.900201, iters=45, time=317.5s
x arcs = [22, 25]
