============================================================
abilene — double [mb_only]: ε̂=0.10, ε̃=0.10, β=0.05
  mini_benders=true, valid_inequality=none
============================================================
Set parameter Username
Set parameter LicenseID to value 2742039
Academic license - for non-commercial use only - expires 2026-11-20
Set parameter Username
Set parameter LicenseID to value 2742039
Academic license - for non-commercial use only - expires 2026-11-20
Set parameter OutputFlag to value 1
Set parameter LogFile to value "global_miqcp.log"
Set parameter Username
Set parameter LicenseID to value 2742039
Academic license - for non-commercial use only - expires 2026-11-20
Set parameter Username
Set parameter LicenseID to value 2742039
Academic license - for non-commercial use only - expires 2026-11-20
Set parameter Username
Set parameter LicenseID to value 2742039
Academic license - for non-commercial use only - expires 2026-11-20
Set parameter Username
Set parameter LicenseID to value 2742039
Academic license - for non-commercial use only - expires 2026-11-20

=== True-DRO Benders iter 1 ===
  OMP: t₀=-10000.000000, UB=Inf, gap=NaN, x=[0, 0, 0, 0, 0, 0, 0, 0, 0, 0, 0, 0, 0, 0, 0, 0, 0, 0, 0, 0, 0, 0, 0, 0, 0, 0, 0, 0, 0, 0] (0.000s)
  Sub: Z₀=19.957777 [LOCAL] (0.2s), α=[0.000,0.000,0.000,0.000,0.000,0.000,0.000,0.000,0.000,0.000,0.000,0.000,0.000,0.000,2.095,0.000,0.000,0.000,0.000,0.000,0.000,0.000,0.000,0.000,0.000,6.997,1.263,0.460,0.000,0.000]
  Iter 1: LB=-10000.000000  UB=Inf  gap=NaN
  Cut: intercept=19.957777, π_x_range=[-832.9546, -801.3422]
  Mini-Benders[1] (mw): LB=-1633.588468, Z₀(α*)=-17.934565, intercept=-95.896317 (0.063s) [OMP=0.012 ISP-L=0.007 ISP-F=0.014 MW-L=0.020 MW-F=0.011]
  Mini-Benders[2] (mw): LB=-251.386194, Z₀(α*)=-18.592606, intercept=-52.158880 (0.048s) [OMP=0.008 ISP-L=0.004 ISP-F=0.009 MW-L=0.007 MW-F=0.009]
  Mini-Benders[3] (mw): LB=-177.608557, Z₀(α*)=5.483171, intercept=-39.343668 (0.046s) [OMP=0.014 ISP-L=0.004 ISP-F=0.010 MW-L=0.007 MW-F=0.010]
  Mini-Benders[4] (mw): LB=-136.011174, Z₀(α*)=-43.659802, intercept=-51.567183 (0.062s) [OMP=0.042 ISP-L=0.005 ISP-F=0.010 MW-L=0.007 MW-F=0.010]
  Mini-Benders[5] (mw): LB=-128.343783, Z₀(α*)=-41.398147, intercept=-113.322596 (0.109s) [OMP=0.065 ISP-L=0.004 ISP-F=0.010 MW-L=0.007 MW-F=0.009]
Set parameter NonConvex to value 2
Set parameter DualReductions to value 0
  α-step: Z₀=10.643506, α=[0.000,0.000,0.000,0.000,4.931,0.000,0.000,0.000,0.000,0.000,4.364,0.000,0.000,0.000,1.520,0.000,0.000,0.000,0.000,0.000,0.000,0.000,0.000,0.000,0.000,0.000,0.000,0.000,0.000,0.000]
  Alt-Benders[1] (mw): LB=-114.337825, Z₀(α*)=-3.768464, intercept=-88.940664 (0.109s) [OMP=0.076 ISP-L=0.004 ISP-F=0.010 MW-L=0.007 MW-F=0.009]
  Alt-Benders[2] (mw): LB=-109.769682, Z₀(α*)=-29.024536, intercept=-86.177397 (0.110s) [OMP=0.084 ISP-L=0.004 ISP-F=0.011 MW-L=0.007 MW-F=0.010]
  Alt-Benders[3] (mw): LB=-106.376743, Z₀(α*)=-39.720600, intercept=-59.386740 (0.093s) [OMP=0.043 ISP-L=0.004 ISP-F=0.009 MW-L=0.007 MW-F=0.022]
  Alt-Benders[4] (mw): LB=-106.242856, Z₀(α*)=-15.092393, intercept=-153.982426 (0.110s) [OMP=0.072 ISP-L=0.005 ISP-F=0.011 MW-L=0.007 MW-F=0.011]
  Alt-Benders[5] (mw): LB=-95.264740, Z₀(α*)=-8.477767, intercept=-76.317797 (0.187s) [OMP=0.152 ISP-L=0.004 ISP-F=0.011 MW-L=0.007 MW-F=0.009]
  OMP re-solve: 0.086s

=== True-DRO Benders iter 2 ===
  OMP: t₀=-94.209144, UB=Inf, gap=NaN, x=[0, 0, 0, 0, 0, 0, 0, 1, 0, 0, 0, 0, 0, 0, 0, 0, 0, 0, 1, 0, 0, 0, 0, 0, 0, 0, 0, 0, 0, 0] (0.000s)
  Sub: Z₀=16.337088 [LOCAL] (0.2s), α=[0.000,0.000,0.000,0.000,0.000,0.000,0.000,3.001,0.000,0.000,0.053,0.000,0.000,0.000,2.023,0.000,0.000,0.000,2.531,0.002,0.000,0.000,0.000,0.000,0.000,3.206,0.000,0.000,0.000,0.000]
  Iter 2: LB=-94.209144  UB=Inf  gap=NaN
  Cut: intercept=-1073.873887, π_x_range=[-828.6286, 554.5890]
  Mini-Benders[1] (mw): LB=-93.423760, Z₀(α*)=-34.179513, intercept=-64.824030 (0.109s) [OMP=0.077 ISP-L=0.004 ISP-F=0.010 MW-L=0.007 MW-F=0.009]
  Mini-Benders[2] (mw): LB=-90.465809, Z₀(α*)=-21.685591, intercept=-43.826938 (0.152s) [OMP=0.117 ISP-L=0.004 ISP-F=0.010 MW-L=0.007 MW-F=0.009]
  Mini-Benders[3] (mw): LB=-88.518980, Z₀(α*)=-24.184359, intercept=-82.238429 (0.129s) [OMP=0.095 ISP-L=0.005 ISP-F=0.010 MW-L=0.007 MW-F=0.011]
  Mini-Benders[4] (mw): LB=-86.670519, Z₀(α*)=-1.306544, intercept=-62.068036 (0.148s) [OMP=0.114 ISP-L=0.004 ISP-F=0.010 MW-L=0.007 MW-F=0.010]
  Mini-Benders[5] (mw): LB=-82.137865, Z₀(α*)=-13.890359, intercept=-39.342906 (0.118s) [OMP=0.098 ISP-L=0.004 ISP-F=0.010 MW-L=0.007 MW-F=0.010]
  α-step: Z₀=15.844460, α=[0.000,0.000,0.000,0.000,0.000,0.000,0.000,0.000,0.000,0.000,0.000,0.000,0.000,0.000,1.520,0.000,0.000,0.081,4.201,0.000,0.000,0.000,0.000,0.000,0.000,5.013,0.000,0.000,0.000,0.000]
  Alt-Benders[1] (mw): LB=-66.817031, Z₀(α*)=16.902942, intercept=-53.530159 (0.172s) [OMP=0.136 ISP-L=0.005 ISP-F=0.011 MW-L=0.008 MW-F=0.011]
  Alt-Benders[2] (mw): LB=-63.953054, Z₀(α*)=-18.728575, intercept=-69.177296 (0.187s) [OMP=0.147 ISP-L=0.004 ISP-F=0.009 MW-L=0.007 MW-F=0.009]
  Alt-Benders[3] (mw): LB=-63.597709, Z₀(α*)=-4.631829, intercept=-76.840909 (0.188s) [OMP=0.155 ISP-L=0.005 ISP-F=0.010 MW-L=0.006 MW-F=0.009]
  Alt-Benders[4] (mw): LB=-63.429282, Z₀(α*)=-5.008145, intercept=-114.308132 (0.172s) [OMP=0.155 ISP-L=0.004 ISP-F=0.010 MW-L=0.007 MW-F=0.009]
  Alt-Benders[5] (mw): LB=-62.566811, Z₀(α*)=-15.975156, intercept=-39.026559 (0.187s) [OMP=0.157 ISP-L=0.004 ISP-F=0.010 MW-L=0.007 MW-F=0.009]
  OMP re-solve: 0.355s

=== True-DRO Benders iter 3 ===
  OMP: t₀=-62.367300, UB=Inf, gap=NaN, x=[0, 0, 0, 0, 0, 0, 0, 0, 0, 0, 0, 0, 0, 0, 0, 0, 0, 0, 0, 0, 0, 0, 0, 0, 0, 1, 1, 0, 0, 0] (0.000s)
  Sub: Z₀=11.659015 [LOCAL] (0.2s), α=[0.000,0.000,0.000,0.000,0.000,0.000,0.000,0.000,0.000,0.000,0.000,0.000,0.000,0.000,0.395,0.000,0.000,0.000,0.000,0.000,0.000,0.000,0.000,0.000,0.000,6.279,4.000,0.141,0.000,0.000]
  Iter 3: LB=-62.367300  UB=Inf  gap=NaN
  Cut: intercept=-1136.977926, π_x_range=[-827.7521, 583.5149]
  Mini-Benders[1] (mw): LB=-60.643306, Z₀(α*)=10.788099, intercept=-48.794830 (0.407s) [OMP=0.366 ISP-L=0.004 ISP-F=0.009 MW-L=0.007 MW-F=0.009]
  Mini-Benders[2] (mw): LB=-60.524546, Z₀(α*)=-28.436560, intercept=-75.324922 (0.203s) [OMP=0.173 ISP-L=0.004 ISP-F=0.009 MW-L=0.007 MW-F=0.009]
  Mini-Benders[3] (mw): LB=-59.124181, Z₀(α*)=4.930174, intercept=-64.922465 (0.250s) [OMP=0.202 ISP-L=0.004 ISP-F=0.011 MW-L=0.008 MW-F=0.021]
  Mini-Benders[4] (mw): LB=-57.439707, Z₀(α*)=4.263462, intercept=-22.569269 (0.187s) [OMP=0.161 ISP-L=0.004 ISP-F=0.011 MW-L=0.007 MW-F=0.010]
  Mini-Benders[5] (mw): LB=-55.349710, Z₀(α*)=-33.652643, intercept=-65.312493 (0.219s) [OMP=0.179 ISP-L=0.004 ISP-F=0.009 MW-L=0.008 MW-F=0.010]
  α-step: Z₀=12.381216, α=[0.000,0.000,0.000,0.000,0.000,0.000,0.000,0.000,0.000,0.000,5.120,0.000,0.000,0.508,5.186,0.000,0.000,0.000,0.000,0.000,0.000,0.000,0.000,0.000,0.000,0.000,0.000,0.000,0.000,0.000]
  Alt-Benders[1] (mw): LB=-51.389124, Z₀(α*)=-20.094056, intercept=-40.246570 (0.501s) [OMP=0.467 ISP-L=0.004 ISP-F=0.010 MW-L=0.008 MW-F=0.009]
  Alt-Benders[2] (mw): LB=-50.384084, Z₀(α*)=-49.011677, intercept=-68.511540 (0.521s) [OMP=0.477 ISP-L=0.004 ISP-F=0.009 MW-L=0.007 MW-F=0.010]
  Alt-Benders[3] (mw): LB=-49.600391, Z₀(α*)=-22.534896, intercept=-25.830309 (0.384s) [OMP=0.363 ISP-L=0.004 ISP-F=0.009 MW-L=0.006 MW-F=0.008]
  Alt-Benders[4] (mw): LB=-49.078602, Z₀(α*)=-26.852200, intercept=-43.227450 (0.406s) [OMP=0.377 ISP-L=0.004 ISP-F=0.010 MW-L=0.006 MW-F=0.009]
  Alt-Benders[5] (mw): LB=-49.011679, Z₀(α*)=-49.011677, intercept=-68.511540 (0.344s) [OMP=0.318 ISP-L=0.004 ISP-F=0.009 MW-L=0.007 MW-F=0.009]
  OMP re-solve: 0.261s

=== True-DRO Benders iter 4 ===
  OMP: t₀=-49.011679, UB=Inf, gap=NaN, x=[0, 0, 0, 0, 0, 0, 0, 1, 0, 0, 0, 0, 0, 0, 0, 0, 0, 0, 0, 0, 0, 0, 1, 0, 0, 0, 0, 0, 0, 0] (0.000s)
  Sub: Z₀=14.221592 [LOCAL] (0.2s), α=[0.000,0.000,0.000,0.000,0.000,0.000,0.000,8.674,0.000,0.000,0.000,0.000,0.000,0.000,0.000,0.000,0.000,0.000,0.000,0.000,0.000,0.000,1.659,0.000,0.000,0.481,0.000,0.000,0.000,0.000]
  Iter 4: LB=-49.011679  UB=Inf  gap=NaN
  Cut: intercept=-1112.044546, π_x_range=[-829.1148, 565.5421]
  Mini-Benders[1] (mw): LB=-48.829690, Z₀(α*)=-55.537152, intercept=-60.155913 (0.430s) [OMP=0.408 ISP-L=0.004 ISP-F=0.010 MW-L=0.007 MW-F=0.010]
  Mini-Benders[2] (mw): LB=-48.829690, Z₀(α*)=-55.537152, intercept=-60.155913 (0.453s) [OMP=0.415 ISP-L=0.004 ISP-F=0.010 MW-L=0.007 MW-F=0.010]
  Mini-Benders[3] (mw): LB=-48.829690, Z₀(α*)=-55.537152, intercept=-60.155913 (0.469s) [OMP=0.443 ISP-L=0.004 ISP-F=0.010 MW-L=0.007 MW-F=0.009]
  Mini-Benders[4]: LB stagnated, break
  α-step: Z₀=12.355638, α=[0.000,0.000,0.000,0.000,6.350,0.000,0.000,0.000,0.000,0.000,0.000,0.000,0.000,0.000,4.464,0.000,0.000,0.000,0.000,0.000,0.000,0.000,0.000,0.000,0.000,0.000,0.000,0.000,0.000,0.000]
  Alt-Benders[1] (mw): LB=-45.229940, Z₀(α*)=-7.521657, intercept=-41.676614 (0.610s) [OMP=0.575 ISP-L=0.004 ISP-F=0.010 MW-L=0.006 MW-F=0.009]
  Alt-Benders[2] (mw): LB=-45.165218, Z₀(α*)=-32.613944, intercept=-39.167271 (0.609s) [OMP=0.576 ISP-L=0.004 ISP-F=0.010 MW-L=0.007 MW-F=0.008]
  Alt-Benders[3] (mw): LB=-44.857806, Z₀(α*)=-21.245745, intercept=-23.415294 (0.638s) [OMP=0.603 ISP-L=0.004 ISP-F=0.009 MW-L=0.007 MW-F=0.010]
  Alt-Benders[4] (mw): LB=-44.581133, Z₀(α*)=-12.831143, intercept=-22.811800 (0.628s) [OMP=0.600 ISP-L=0.004 ISP-F=0.010 MW-L=0.007 MW-F=0.009]
  Alt-Benders[5] (mw): LB=-43.730873, Z₀(α*)=-28.075617, intercept=-55.320385 (0.469s) [OMP=0.435 ISP-L=0.004 ISP-F=0.009 MW-L=0.007 MW-F=0.021]
  OMP re-solve: 0.417s

=== True-DRO Benders iter 5 ===
  OMP: t₀=-43.659804, UB=Inf, gap=NaN, x=[0, 0, 0, 0, 0, 0, 0, 1, 0, 0, 0, 0, 0, 0, 0, 0, 0, 0, 0, 0, 0, 0, 0, 0, 0, 0, 0, 1, 0, 0] (0.000s)
  Sub: Z₀=13.943278 [TIME_LIMIT] (15.1s), α=[0.000,0.000,0.000,0.000,0.000,0.000,0.000,2.958,0.000,0.000,0.000,0.000,0.000,0.000,0.000,0.000,0.000,0.000,0.000,0.000,0.000,0.000,0.000,0.000,0.000,0.651,0.000,7.206,0.000,0.000]
  Iter 5: LB=-43.659804  UB=14.657890  gap=3.98e+00
  Cut: intercept=-92.465383, π_x_range=[-251.6817, 66.2360]
  Mini-Benders[1] (mw): LB=-43.560669, Z₀(α*)=-27.648730, intercept=-73.307148 (0.797s) [OMP=0.759 ISP-L=0.004 ISP-F=0.010 MW-L=0.007 MW-F=0.009]
  Mini-Benders[2] (mw): LB=-43.540666, Z₀(α*)=3.933409, intercept=-52.624705 (0.985s) [OMP=0.960 ISP-L=0.004 ISP-F=0.010 MW-L=0.006 MW-F=0.009]
  Mini-Benders[3] (mw): LB=-43.454542, Z₀(α*)=-32.367152, intercept=-55.478827 (1.078s) [OMP=1.048 ISP-L=0.004 ISP-F=0.009 MW-L=0.006 MW-F=0.009]
  Mini-Benders[4] (mw): LB=-41.398149, Z₀(α*)=-59.711696, intercept=-117.310921 (0.812s) [OMP=0.776 ISP-L=0.004 ISP-F=0.010 MW-L=0.006 MW-F=0.010]
  Mini-Benders[5] (mw): LB=-41.398149, Z₀(α*)=-59.711696, intercept=-117.310921 (1.047s) [OMP=1.018 ISP-L=0.004 ISP-F=0.010 MW-L=0.006 MW-F=0.010]
  α-step: Z₀=12.336549, α=[0.000,0.000,0.000,0.000,0.000,0.000,0.000,0.000,0.000,0.000,9.594,0.000,0.000,0.000,0.000,0.000,0.000,0.000,0.000,0.000,0.000,0.000,0.000,0.000,0.000,1.221,0.000,0.000,0.000,0.000]
  Alt-Benders[1] (mw): LB=-40.654097, Z₀(α*)=8.101833, intercept=-92.860335 (1.219s) [OMP=1.185 ISP-L=0.005 ISP-F=0.011 MW-L=0.009 MW-F=0.010]
  Alt-Benders[2] (mw): LB=-38.803770, Z₀(α*)=-41.563764, intercept=-70.085393 (0.875s) [OMP=0.823 ISP-L=0.004 ISP-F=0.009 MW-L=0.007 MW-F=0.019]
  Alt-Benders[3] (mw): LB=-38.803770, Z₀(α*)=-41.563764, intercept=-70.085393 (0.781s) [OMP=0.756 ISP-L=0.004 ISP-F=0.010 MW-L=0.007 MW-F=0.009]
  Alt-Benders[4] (mw): LB=-38.803770, Z₀(α*)=-41.563764, intercept=-70.085393 (0.782s) [OMP=0.748 ISP-L=0.004 ISP-F=0.009 MW-L=0.007 MW-F=0.009]
  Alt-Benders[5]: LB stagnated, break
  OMP re-solve: 0.000s

=== True-DRO Benders iter 6 ===
  OMP: t₀=-38.803770, UB=14.657890, gap=3.65e+00, x=[0, 0, 0, 0, 1, 0, 0, 0, 0, 0, 0, 0, 0, 0, 0, 0, 0, 0, 0, 0, 0, 0, 0, 0, 0, 0, 0, 1, 0, 0] (0.000s)
  Sub: Z₀=13.409621 [LOCAL] (0.1s), α=[0.000,0.000,0.000,0.000,6.367,0.000,0.000,0.000,0.000,0.000,0.000,0.000,0.000,0.000,1.787,0.000,0.000,0.000,0.000,0.000,0.000,0.000,0.000,0.000,0.000,0.000,0.063,2.597,0.000,0.000]
  Iter 6: LB=-38.803770  UB=14.657890  gap=3.65e+00
  Cut: intercept=-1111.476849, π_x_range=[-828.2842, 566.0715]
  Mini-Benders[1] (mw): LB=-37.727223, Z₀(α*)=-23.986515, intercept=-16.150951 (0.515s) [OMP=0.482 ISP-L=0.004 ISP-F=0.010 MW-L=0.006 MW-F=0.009]
  Mini-Benders[2] (mw): LB=-36.927449, Z₀(α*)=-20.897666, intercept=-36.446088 (0.624s) [OMP=0.609 ISP-L=0.004 ISP-F=0.010 MW-L=0.007 MW-F=0.009]
  Mini-Benders[3] (mw): LB=-35.991127, Z₀(α*)=-19.675177, intercept=-25.040937 (0.812s) [OMP=0.768 ISP-L=0.004 ISP-F=0.010 MW-L=0.007 MW-F=0.008]
  Mini-Benders[4] (mw): LB=-35.881423, Z₀(α*)=12.294541, intercept=-57.604162 (0.797s) [OMP=0.771 ISP-L=0.004 ISP-F=0.011 MW-L=0.006 MW-F=0.009]
  Mini-Benders[5] (mw): LB=-35.575606, Z₀(α*)=-11.938034, intercept=-44.784236 (0.828s) [OMP=0.800 ISP-L=0.004 ISP-F=0.011 MW-L=0.007 MW-F=0.009]
  α-step: Z₀=14.071530, α=[0.000,0.000,0.000,0.000,0.000,0.000,0.000,0.000,0.000,0.000,0.000,0.000,0.000,0.000,0.000,0.000,0.000,0.000,0.000,0.000,0.000,0.000,0.000,0.000,0.000,1.267,9.547,0.000,0.000,0.000]
  Alt-Benders[1] (mw): LB=-35.083718, Z₀(α*)=-21.156265, intercept=-47.316481 (0.843s) [OMP=0.807 ISP-L=0.004 ISP-F=0.009 MW-L=0.007 MW-F=0.008]
  Alt-Benders[2] (mw): LB=-34.179515, Z₀(α*)=-50.644881, intercept=-65.774161 (0.720s) [OMP=0.690 ISP-L=0.004 ISP-F=0.009 MW-L=0.007 MW-F=0.009]
  Alt-Benders[3] (mw): LB=-34.179515, Z₀(α*)=-50.644881, intercept=-65.774161 (0.562s) [OMP=0.533 ISP-L=0.004 ISP-F=0.009 MW-L=0.007 MW-F=0.009]
  Alt-Benders[4] (mw): LB=-34.179515, Z₀(α*)=-50.644881, intercept=-65.774161 (0.562s) [OMP=0.528 ISP-L=0.004 ISP-F=0.010 MW-L=0.007 MW-F=0.009]
  Alt-Benders[5]: LB stagnated, break
  OMP re-solve: 0.000s

=== True-DRO Benders iter 7 ===
  OMP: t₀=-34.179515, UB=14.657890, gap=3.33e+00, x=[0, 0, 0, 0, 0, 0, 0, 1, 0, 0, 0, 0, 0, 0, 0, 0, 0, 0, 0, 1, 0, 0, 0, 0, 0, 0, 0, 0, 0, 0] (0.000s)
  Sub: Z₀=13.431509 [LOCAL] (0.1s), α=[0.000,0.000,0.000,0.000,0.000,0.000,0.000,4.562,0.000,0.000,0.000,0.000,0.000,0.000,0.000,0.000,0.000,0.000,0.000,5.829,0.000,0.000,0.000,0.000,0.000,0.424,0.000,0.000,0.000,0.000]
  Iter 7: LB=-34.179515  UB=14.657890  gap=3.33e+00
  Cut: intercept=-1114.923011, π_x_range=[-828.8748, 564.3006]
  Mini-Benders[1] (mw): LB=-34.040188, Z₀(α*)=-37.215952, intercept=-39.092496 (0.594s) [OMP=0.572 ISP-L=0.004 ISP-F=0.009 MW-L=0.006 MW-F=0.009]
  Mini-Benders[2] (mw): LB=-34.040188, Z₀(α*)=-37.215952, intercept=-39.092496 (0.547s) [OMP=0.521 ISP-L=0.004 ISP-F=0.010 MW-L=0.007 MW-F=0.009]
  Mini-Benders[3] (mw): LB=-34.040188, Z₀(α*)=-37.215952, intercept=-39.092496 (0.594s) [OMP=0.553 ISP-L=0.004 ISP-F=0.010 MW-L=0.006 MW-F=0.009]
  Mini-Benders[4]: LB stagnated, break
  α-step: Z₀=17.860944, α=[0.000,0.000,0.000,0.000,0.000,0.000,0.000,0.000,0.000,0.000,0.000,0.000,0.000,0.000,6.053,0.000,0.000,0.000,0.000,0.000,0.000,0.000,0.000,0.000,0.000,3.619,1.143,0.000,0.000,0.000]
  Alt-Benders[1] (mw): LB=-33.652645, Z₀(α*)=-38.062862, intercept=-65.243936 (0.564s) [OMP=0.528 ISP-L=0.005 ISP-F=0.009 MW-L=0.007 MW-F=0.010]
  Alt-Benders[2] (mw): LB=-33.652645, Z₀(α*)=-38.062862, intercept=-65.243936 (0.546s) [OMP=0.528 ISP-L=0.004 ISP-F=0.008 MW-L=0.007 MW-F=0.009]
  Alt-Benders[3] (mw): LB=-33.652645, Z₀(α*)=-38.062862, intercept=-65.243936 (0.562s) [OMP=0.529 ISP-L=0.004 ISP-F=0.008 MW-L=0.006 MW-F=0.009]
  Alt-Benders[4]: LB stagnated, break
  OMP re-solve: 0.000s

=== True-DRO Benders iter 8 ===
  OMP: t₀=-33.652645, UB=14.657890, gap=3.30e+00, x=[0, 0, 0, 0, 1, 0, 1, 0, 0, 0, 0, 0, 0, 0, 0, 0, 0, 0, 0, 0, 0, 0, 0, 0, 0, 0, 0, 0, 0, 0] (0.000s)
  Sub: Z₀=12.160236 [LOCAL] (0.1s), α=[0.000,0.000,0.000,0.000,7.103,0.000,2.977,0.000,0.000,0.000,0.000,0.000,0.000,0.000,0.665,0.000,0.000,0.000,0.000,0.000,0.000,0.000,0.000,0.000,0.000,0.069,0.000,0.000,0.000,0.000]
  Iter 8: LB=-33.652645  UB=14.657890  gap=3.30e+00
  Cut: intercept=-1140.811962, π_x_range=[-829.1528, 585.2223]
  Mini-Benders[1] (mw): LB=-32.613946, Z₀(α*)=-46.004737, intercept=-40.358153 (0.814s) [OMP=0.784 ISP-L=0.004 ISP-F=0.010 MW-L=0.007 MW-F=0.010]
  Mini-Benders[2] (mw): LB=-32.613946, Z₀(α*)=-46.004737, intercept=-40.358153 (0.499s) [OMP=0.453 ISP-L=0.004 ISP-F=0.010 MW-L=0.007 MW-F=0.009]
  Mini-Benders[3] (mw): LB=-32.613946, Z₀(α*)=-46.004737, intercept=-40.358153 (0.516s) [OMP=0.492 ISP-L=0.004 ISP-F=0.010 MW-L=0.007 MW-F=0.009]
  Mini-Benders[4]: LB stagnated, break
  α-step: Z₀=14.060223, α=[0.000,0.000,0.000,0.000,0.000,0.000,0.000,0.000,0.000,0.000,0.000,0.000,0.000,0.000,0.000,0.000,0.000,0.000,0.000,0.000,0.000,0.000,0.000,0.000,0.000,10.815,0.000,0.000,0.000,0.000]
  Alt-Benders[1] (mw): LB=-32.367154, Z₀(α*)=-20.586478, intercept=-55.642909 (0.688s) [OMP=0.640 ISP-L=0.004 ISP-F=0.010 MW-L=0.007 MW-F=0.019]
  Alt-Benders[2] (mw): LB=-31.913445, Z₀(α*)=-16.262375, intercept=-60.791809 (0.625s) [OMP=0.602 ISP-L=0.004 ISP-F=0.010 MW-L=0.007 MW-F=0.010]
  Alt-Benders[3] (mw): LB=-31.007925, Z₀(α*)=-1.096872, intercept=-35.006833 (0.672s) [OMP=0.631 ISP-L=0.005 ISP-F=0.010 MW-L=0.007 MW-F=0.009]
  Alt-Benders[4] (mw): LB=-30.843148, Z₀(α*)=-2.526943, intercept=-33.710811 (0.671s) [OMP=0.651 ISP-L=0.005 ISP-F=0.009 MW-L=0.007 MW-F=0.009]
  Alt-Benders[5] (mw): LB=-29.024538, Z₀(α*)=-13.235600, intercept=-53.450198 (0.688s) [OMP=0.656 ISP-L=0.005 ISP-F=0.009 MW-L=0.007 MW-F=0.009]
  OMP re-solve: 0.662s

=== True-DRO Benders iter 9 ===
  OMP: t₀=-28.436562, UB=14.657890, gap=2.94e+00, x=[0, 0, 0, 0, 0, 0, 1, 0, 0, 0, 1, 0, 0, 0, 0, 0, 0, 0, 0, 0, 0, 0, 0, 0, 0, 0, 0, 0, 0, 0] (0.000s)
  Sub: Z₀=13.561152 [LOCAL] (0.8s), α=[0.000,0.000,0.000,0.000,0.000,0.000,4.539,0.000,0.000,0.000,5.952,0.000,0.000,0.000,0.000,0.000,0.000,0.000,0.000,0.000,0.000,0.000,0.000,0.000,0.000,0.323,0.000,0.000,0.000,0.000]
  Iter 9: LB=-28.436562  UB=14.657890  gap=2.94e+00
  Cut: intercept=-1105.514025, π_x_range=[-819.8352, 581.8824]
  Mini-Benders[1] (mw): LB=-28.075619, Z₀(α*)=-12.005300, intercept=-61.380333 (0.719s) [OMP=0.700 ISP-L=0.004 ISP-F=0.009 MW-L=0.006 MW-F=0.010]
  Mini-Benders[2] (mw): LB=-28.014208, Z₀(α*)=-31.902025, intercept=-52.120519 (0.641s) [OMP=0.607 ISP-L=0.004 ISP-F=0.009 MW-L=0.007 MW-F=0.009]
  Mini-Benders[3] (mw): LB=-28.014208, Z₀(α*)=-31.902025, intercept=-52.120519 (0.687s) [OMP=0.665 ISP-L=0.004 ISP-F=0.009 MW-L=0.007 MW-F=0.009]
  Mini-Benders[4] (mw): LB=-28.014208, Z₀(α*)=-31.902025, intercept=-52.120519 (0.704s) [OMP=0.649 ISP-L=0.004 ISP-F=0.009 MW-L=0.017 MW-F=0.009]
  Mini-Benders[5]: LB stagnated, break
  α-step: Z₀=16.748075, α=[0.000,0.000,0.000,0.000,0.000,0.000,0.000,0.000,0.000,0.000,0.000,0.000,0.000,0.000,3.573,0.000,0.000,0.000,0.000,2.479,0.000,0.000,0.000,0.000,0.000,3.619,1.143,0.000,0.000,0.000]
  Alt-Benders[1] (mw): LB=-27.648732, Z₀(α*)=-13.020594, intercept=-70.688990 (0.672s) [OMP=0.626 ISP-L=0.004 ISP-F=0.009 MW-L=0.007 MW-F=0.010]
  Alt-Benders[2] (mw): LB=-27.644044, Z₀(α*)=10.434749, intercept=6.068239 (0.625s) [OMP=0.600 ISP-L=0.004 ISP-F=0.010 MW-L=0.006 MW-F=0.009]
  Alt-Benders[3] (mw): LB=-27.111423, Z₀(α*)=-3.493680, intercept=-15.500757 (0.501s) [OMP=0.464 ISP-L=0.004 ISP-F=0.010 MW-L=0.007 MW-F=0.009]
  Alt-Benders[4] (mw): LB=-26.283009, Z₀(α*)=1.635886, intercept=-30.890889 (0.905s) [OMP=0.889 ISP-L=0.004 ISP-F=0.010 MW-L=0.006 MW-F=0.009]
  Alt-Benders[5] (mw): LB=-25.168782, Z₀(α*)=2.904019, intercept=-25.804915 (0.797s) [OMP=0.762 ISP-L=0.004 ISP-F=0.010 MW-L=0.006 MW-F=0.009]
  OMP re-solve: 0.629s

=== True-DRO Benders iter 10 ===
  OMP: t₀=-24.544976, UB=14.657890, gap=2.67e+00, x=[0, 0, 0, 0, 1, 0, 0, 0, 0, 0, 0, 0, 0, 0, 0, 0, 0, 0, 0, 0, 0, 1, 0, 0, 0, 0, 0, 0, 0, 0] (0.000s)
  Sub: Z₀=14.147660 [TIME_LIMIT] (15.2s), α=[0.000,0.000,0.000,0.000,7.268,0.000,0.896,0.000,0.000,0.000,0.000,0.000,0.000,0.000,2.416,0.000,0.000,0.000,0.000,0.000,0.000,0.000,0.000,0.000,0.000,0.234,0.000,0.000,0.000,0.000]
  Iter 10: LB=-24.544976  UB=14.600583  gap=2.68e+00
  Cut: intercept=-92.837241, π_x_range=[-274.0000, 61.1865]
  Mini-Benders[1] (mw): LB=-24.404413, Z₀(α*)=13.541563, intercept=-53.820129 (0.655s) [OMP=0.623 ISP-L=0.004 ISP-F=0.009 MW-L=0.006 MW-F=0.014]
  Mini-Benders[2] (mw): LB=-24.184361, Z₀(α*)=-23.749185, intercept=-107.162842 (0.750s) [OMP=0.709 ISP-L=0.004 ISP-F=0.011 MW-L=0.017 MW-F=0.010]
  Mini-Benders[3] (mw): LB=-23.749187, Z₀(α*)=-23.749185, intercept=-107.162842 (0.704s) [OMP=0.675 ISP-L=0.004 ISP-F=0.011 MW-L=0.007 MW-F=0.010]
  Mini-Benders[4] (mw): LB=-23.749187, Z₀(α*)=-23.749185, intercept=-107.162842 (0.687s) [OMP=0.651 ISP-L=0.004 ISP-F=0.010 MW-L=0.006 MW-F=0.009]
  Mini-Benders[5] (mw): LB=-23.749187, Z₀(α*)=-23.749185, intercept=-107.162842 (0.688s) [OMP=0.654 ISP-L=0.004 ISP-F=0.011 MW-L=0.007 MW-F=0.009]
  α-step: Z₀=12.707943, α=[0.000,0.000,0.000,0.000,0.000,0.000,0.235,0.000,0.000,0.000,5.873,0.000,0.000,0.000,1.755,0.000,0.000,0.000,0.000,0.000,0.000,0.000,0.000,0.000,0.000,0.000,0.000,2.952,0.000,0.000]
  Alt-Benders[1] (mw): LB=-23.038665, Z₀(α*)=-31.648429, intercept=-58.367916 (0.687s) [OMP=0.662 ISP-L=0.004 ISP-F=0.009 MW-L=0.006 MW-F=0.008]
  Alt-Benders[2] (mw): LB=-23.038665, Z₀(α*)=-31.648429, intercept=-58.367916 (0.657s) [OMP=0.633 ISP-L=0.005 ISP-F=0.009 MW-L=0.007 MW-F=0.009]
  Alt-Benders[3] (mw): LB=-23.038665, Z₀(α*)=-31.648429, intercept=-58.367916 (0.640s) [OMP=0.615 ISP-L=0.004 ISP-F=0.008 MW-L=0.006 MW-F=0.008]
  Alt-Benders[4]: LB stagnated, break
  OMP re-solve: 0.000s

=== True-DRO Benders iter 11 ===
  OMP: t₀=-23.038665, UB=14.600583, gap=2.58e+00, x=[0, 0, 0, 0, 0, 0, 0, 0, 0, 0, 0, 0, 0, 0, 0, 0, 0, 0, 0, 1, 0, 0, 0, 0, 0, 1, 0, 0, 0, 0] (0.000s)
  Sub: Z₀=13.865238 [LOCAL] (0.2s), α=[0.000,0.000,0.000,0.000,0.000,0.000,0.000,0.000,0.000,0.000,0.000,0.000,0.000,0.000,0.180,0.000,0.000,0.000,0.000,0.000,0.000,0.000,0.000,0.000,0.000,10.635,0.000,0.000,0.000,0.000]
  Iter 11: LB=-23.038665  UB=14.600583  gap=2.58e+00
  Cut: intercept=-1132.046435, π_x_range=[-829.2365, 578.2637]
  Mini-Benders[1] (mw): LB=-22.534898, Z₀(α*)=11.255294, intercept=-14.145962 (0.688s) [OMP=0.655 ISP-L=0.004 ISP-F=0.009 MW-L=0.017 MW-F=0.009]
  Mini-Benders[2] (mw): LB=-22.024091, Z₀(α*)=15.613318, intercept=-24.081991 (0.703s) [OMP=0.674 ISP-L=0.005 ISP-F=0.010 MW-L=0.007 MW-F=0.009]
  Mini-Benders[3] (mw): LB=-21.245748, Z₀(α*)=-11.793488, intercept=-19.641342 (0.703s) [OMP=0.659 ISP-L=0.004 ISP-F=0.011 MW-L=0.007 MW-F=0.010]
  Mini-Benders[4] (mw): LB=-21.105120, Z₀(α*)=-11.204707, intercept=-29.850365 (0.750s) [OMP=0.727 ISP-L=0.005 ISP-F=0.010 MW-L=0.007 MW-F=0.010]
  Mini-Benders[5] (mw): LB=-20.586480, Z₀(α*)=-19.801253, intercept=-55.642909 (0.703s) [OMP=0.676 ISP-L=0.004 ISP-F=0.009 MW-L=0.007 MW-F=0.009]
  α-step: Z₀=15.622665, α=[0.000,0.000,0.000,0.000,0.000,0.000,0.000,0.000,0.000,0.000,0.000,0.000,0.000,0.000,0.000,0.000,0.000,0.000,0.000,0.000,0.000,0.000,0.000,0.000,0.000,2.130,8.684,0.000,0.000,0.000]
  Alt-Benders[1] (mw): LB=-19.808175, Z₀(α*)=-8.409474, intercept=-18.193551 (0.609s) [OMP=0.583 ISP-L=0.004 ISP-F=0.010 MW-L=0.006 MW-F=0.009]
  Alt-Benders[2] (mw): LB=-19.801255, Z₀(α*)=-17.358961, intercept=-47.188088 (0.736s) [OMP=0.706 ISP-L=0.004 ISP-F=0.009 MW-L=0.007 MW-F=0.009]
  Alt-Benders[3] (mw): LB=-19.675179, Z₀(α*)=16.532822, intercept=-14.391458 (0.764s) [OMP=0.730 ISP-L=0.004 ISP-F=0.011 MW-L=0.006 MW-F=0.010]
  Alt-Benders[4] (mw): LB=-18.728577, Z₀(α*)=-6.980790, intercept=-56.388712 (0.703s) [OMP=0.671 ISP-L=0.004 ISP-F=0.009 MW-L=0.017 MW-F=0.008]
  Alt-Benders[5] (mw): LB=-18.592608, Z₀(α*)=-20.380968, intercept=-40.533874 (0.563s) [OMP=0.524 ISP-L=0.004 ISP-F=0.010 MW-L=0.007 MW-F=0.009]
  OMP re-solve: 0.525s

=== True-DRO Benders iter 12 ===
  OMP: t₀=-18.592608, UB=14.600583, gap=2.27e+00, x=[0, 0, 0, 0, 1, 0, 0, 0, 0, 0, 0, 0, 0, 0, 0, 0, 0, 0, 1, 0, 0, 0, 0, 0, 0, 0, 0, 0, 0, 0] (0.000s)
  Sub: Z₀=13.995872 [LOCAL] (0.1s), α=[0.000,0.000,0.000,0.000,7.221,0.000,0.000,0.000,0.000,0.000,0.000,0.000,0.000,0.000,2.825,0.000,0.000,0.000,0.000,0.000,0.000,0.000,0.000,0.000,0.000,0.768,0.000,0.000,0.000,0.000]
  Iter 12: LB=-18.592608  UB=14.600583  gap=2.27e+00
  Cut: intercept=-1099.246089, π_x_range=[-830.5458, 565.9437]
  Mini-Benders[1] (mw): LB=-17.934567, Z₀(α*)=-19.913158, intercept=-125.453195 (0.548s) [OMP=0.515 ISP-L=0.004 ISP-F=0.009 MW-L=0.007 MW-F=0.013]
  Mini-Benders[2] (mw): LB=-17.934567, Z₀(α*)=-19.913158, intercept=-125.453195 (0.516s) [OMP=0.484 ISP-L=0.005 ISP-F=0.009 MW-L=0.007 MW-F=0.013]
  Mini-Benders[3] (mw): LB=-17.934567, Z₀(α*)=-19.913158, intercept=-125.453195 (0.523s) [OMP=0.473 ISP-L=0.004 ISP-F=0.010 MW-L=0.007 MW-F=0.013]
  Mini-Benders[4]: LB stagnated, break
  α-step: Z₀=14.319208, α=[0.000,0.000,0.000,0.000,0.000,0.000,0.000,0.983,0.000,0.000,6.353,0.000,0.000,0.000,3.478,0.000,0.000,0.000,0.000,0.000,0.000,0.000,0.000,0.000,0.000,0.000,0.000,0.000,0.000,0.000]
  Alt-Benders[1] (mw): LB=-17.542334, Z₀(α*)=12.675547, intercept=-51.374061 (0.575s) [OMP=0.550 ISP-L=0.004 ISP-F=0.011 MW-L=0.007 MW-F=0.008]
  Alt-Benders[2] (mw): LB=-17.358963, Z₀(α*)=-26.837716, intercept=-55.987802 (1.206s) [OMP=1.180 ISP-L=0.004 ISP-F=0.009 MW-L=0.007 MW-F=0.008]
  Alt-Benders[3] (mw): LB=-17.358963, Z₀(α*)=-26.837716, intercept=-55.987802 (1.153s) [OMP=1.104 ISP-L=0.004 ISP-F=0.010 MW-L=0.017 MW-F=0.009]
  Alt-Benders[4] (mw): LB=-17.358963, Z₀(α*)=-26.837716, intercept=-55.987802 (1.141s) [OMP=1.108 ISP-L=0.004 ISP-F=0.010 MW-L=0.007 MW-F=0.009]
  Alt-Benders[5]: LB stagnated, break
  OMP re-solve: 0.000s

=== True-DRO Benders iter 13 ===
  OMP: t₀=-17.358963, UB=14.600583, gap=2.19e+00, x=[0, 0, 0, 0, 1, 0, 0, 0, 0, 0, 0, 0, 0, 0, 0, 0, 0, 0, 0, 1, 0, 0, 0, 0, 0, 0, 0, 0, 0, 0] (0.000s)
  Sub: Z₀=13.664005 [LOCAL] (0.2s), α=[0.000,0.000,0.000,0.000,6.453,0.000,0.000,0.000,0.000,0.000,0.000,0.000,0.000,0.000,4.362,0.000,0.000,0.000,0.000,0.000,0.000,0.000,0.000,0.000,0.000,0.000,0.000,0.000,0.000,0.000]
  Iter 13: LB=-17.358963  UB=14.600583  gap=2.19e+00
  Cut: intercept=-1105.922831, π_x_range=[-828.5703, 562.4214]
  Mini-Benders[1] (mw): LB=-15.975159, Z₀(α*)=-21.168213, intercept=-41.076923 (1.125s) [OMP=1.096 ISP-L=0.004 ISP-F=0.011 MW-L=0.007 MW-F=0.009]
  Mini-Benders[2] (mw): LB=-15.975158, Z₀(α*)=-21.168213, intercept=-41.076923 (1.250s) [OMP=1.219 ISP-L=0.004 ISP-F=0.011 MW-L=0.007 MW-F=0.009]
  Mini-Benders[3] (mw): LB=-15.975158, Z₀(α*)=-21.168213, intercept=-41.076923 (1.220s) [OMP=1.186 ISP-L=0.004 ISP-F=0.011 MW-L=0.007 MW-F=0.009]
  Mini-Benders[4]: LB stagnated, break
  α-step: Z₀=13.710633, α=[0.000,0.000,0.000,0.000,0.000,0.000,0.000,0.000,0.000,0.000,0.000,0.000,0.000,0.000,0.000,0.000,0.000,0.000,0.000,0.000,0.000,0.000,0.000,0.000,0.000,5.191,5.624,0.000,0.000,0.000]
  Alt-Benders[1] (mw): LB=-15.929330, Z₀(α*)=-0.823352, intercept=-45.898328 (1.187s) [OMP=1.156 ISP-L=0.005 ISP-F=0.009 MW-L=0.007 MW-F=0.009]
  Alt-Benders[2] (mw): LB=-15.747708, Z₀(α*)=2.897006, intercept=-9.864926 (1.078s) [OMP=1.048 ISP-L=0.004 ISP-F=0.009 MW-L=0.007 MW-F=0.009]
  Alt-Benders[3] (mw): LB=-15.092395, Z₀(α*)=-10.563108, intercept=-101.743453 (1.125s) [OMP=1.074 ISP-L=0.004 ISP-F=0.010 MW-L=0.018 MW-F=0.010]
  Alt-Benders[4] (mw): LB=-13.890361, Z₀(α*)=14.463781, intercept=-43.730974 (1.032s) [OMP=1.000 ISP-L=0.004 ISP-F=0.009 MW-L=0.007 MW-F=0.009]
  Alt-Benders[5] (mw): LB=-13.235602, Z₀(α*)=-13.390506, intercept=-74.025716 (0.921s) [OMP=0.896 ISP-L=0.005 ISP-F=0.010 MW-L=0.007 MW-F=0.008]
  OMP re-solve: 0.949s

=== True-DRO Benders iter 14 ===
  OMP: t₀=-13.235602, UB=14.600583, gap=1.91e+00, x=[0, 0, 0, 0, 0, 0, 0, 0, 0, 0, 0, 0, 0, 0, 0, 0, 0, 1, 0, 1, 0, 0, 0, 0, 0, 0, 0, 0, 0, 0] (0.000s)
  Sub: Z₀=15.760066 [LOCAL] (0.2s), α=[0.000,0.000,0.000,0.000,0.000,0.000,0.000,0.000,0.000,0.000,0.000,0.000,0.000,0.000,1.520,0.000,0.000,1.165,0.000,6.659,0.000,0.000,0.000,0.000,0.000,1.471,0.000,0.000,0.000,0.000]
  Iter 14: LB=-13.235602  UB=14.600583  gap=1.91e+00
  Cut: intercept=-1098.050471, π_x_range=[-827.4933, 562.2256]
  Mini-Benders[1] (mw): LB=-13.020596, Z₀(α*)=-25.314093, intercept=-72.827185 (0.937s) [OMP=0.910 ISP-L=0.004 ISP-F=0.010 MW-L=0.007 MW-F=0.009]
  Mini-Benders[2] (mw): LB=-13.020596, Z₀(α*)=-25.314093, intercept=-72.827185 (0.954s) [OMP=0.912 ISP-L=0.004 ISP-F=0.010 MW-L=0.007 MW-F=0.009]
  Mini-Benders[3] (mw): LB=-13.020596, Z₀(α*)=-25.314093, intercept=-72.827185 (0.937s) [OMP=0.905 ISP-L=0.004 ISP-F=0.010 MW-L=0.007 MW-F=0.009]
  Mini-Benders[4]: LB stagnated, break
  α-step: Z₀=15.652385, α=[0.000,0.000,0.000,0.000,0.000,0.000,0.000,0.000,0.000,0.000,6.506,0.000,0.000,0.000,3.016,0.000,0.000,0.000,0.000,0.000,0.000,0.000,0.000,0.000,0.000,0.877,0.415,0.000,0.000,0.000]
  Alt-Benders[1] (mw): LB=-12.831145, Z₀(α*)=-12.521454, intercept=-21.794840 (1.166s) [OMP=1.128 ISP-L=0.004 ISP-F=0.010 MW-L=0.007 MW-F=0.010]
  Alt-Benders[2] (mw): LB=-12.521457, Z₀(α*)=-12.521454, intercept=-21.794840 (0.787s) [OMP=0.750 ISP-L=0.004 ISP-F=0.009 MW-L=0.016 MW-F=0.010]
  Alt-Benders[3] (mw): LB=-12.521457, Z₀(α*)=-12.521454, intercept=-21.794840 (0.782s) [OMP=0.752 ISP-L=0.004 ISP-F=0.010 MW-L=0.007 MW-F=0.009]
  Alt-Benders[4] (mw): LB=-12.521457, Z₀(α*)=-12.521454, intercept=-21.794840 (0.781s) [OMP=0.752 ISP-L=0.004 ISP-F=0.010 MW-L=0.006 MW-F=0.009]
  Alt-Benders[5]: LB stagnated, break
  OMP re-solve: 0.000s

=== True-DRO Benders iter 15 ===
  OMP: t₀=-12.521457, UB=14.600583, gap=1.86e+00, x=[0, 0, 0, 0, 0, 0, 0, 0, 0, 0, 0, 0, 0, 0, 0, 0, 0, 0, 1, 0, 0, 0, 0, 0, 0, 0, 0, 1, 0, 0] (0.000s)
  Sub: Z₀=16.151715 [TIME_LIMIT] (15.2s), α=[0.000,0.000,0.000,0.000,0.000,0.000,0.000,0.000,0.000,0.000,0.000,0.000,0.000,0.000,0.000,0.000,0.000,0.000,0.000,0.000,0.000,0.000,0.000,0.000,0.000,5.708,0.125,4.981,0.000,0.000]
  Iter 15: LB=-12.521457  UB=14.600583  gap=1.86e+00
  Cut: intercept=-71.873152, π_x_range=[-271.9812, 54.0319]
  Mini-Benders[1] (mw): LB=-12.005302, Z₀(α*)=-6.201313, intercept=-44.437703 (0.765s) [OMP=0.724 ISP-L=0.004 ISP-F=0.010 MW-L=0.006 MW-F=0.009]
  Mini-Benders[2] (mw): LB=-11.999824, Z₀(α*)=-15.632977, intercept=-61.459447 (0.782s) [OMP=0.753 ISP-L=0.004 ISP-F=0.009 MW-L=0.007 MW-F=0.010]
  Mini-Benders[3] (mw): LB=-11.999823, Z₀(α*)=-15.632977, intercept=-61.459447 (1.046s) [OMP=1.017 ISP-L=0.004 ISP-F=0.009 MW-L=0.007 MW-F=0.010]
  Mini-Benders[4] (mw): LB=-11.999823, Z₀(α*)=-15.632977, intercept=-61.459447 (1.032s) [OMP=0.996 ISP-L=0.004 ISP-F=0.010 MW-L=0.007 MW-F=0.010]
  Mini-Benders[5]: LB stagnated, break
  α-step: Z₀=16.232540, α=[0.000,0.000,0.000,0.000,0.000,0.000,0.000,3.002,0.000,0.000,0.000,0.000,0.000,0.000,4.705,0.000,0.000,0.000,0.000,0.000,0.000,0.000,0.000,0.000,0.000,3.107,0.000,0.000,0.000,0.000]
  Alt-Benders[1] (mw): LB=-11.938036, Z₀(α*)=10.702675, intercept=-26.568721 (0.968s) [OMP=0.935 ISP-L=0.004 ISP-F=0.010 MW-L=0.017 MW-F=0.009]
  Alt-Benders[2] (mw): LB=-11.931439, Z₀(α*)=6.882532, intercept=-33.621234 (1.001s) [OMP=0.966 ISP-L=0.004 ISP-F=0.010 MW-L=0.007 MW-F=0.009]
  Alt-Benders[3] (mw): LB=-11.793490, Z₀(α*)=-13.347096, intercept=-21.243690 (0.796s) [OMP=0.766 ISP-L=0.004 ISP-F=0.010 MW-L=0.006 MW-F=0.009]
  Alt-Benders[4] (mw): LB=-11.793490, Z₀(α*)=-13.347096, intercept=-21.243690 (0.828s) [OMP=0.790 ISP-L=0.004 ISP-F=0.010 MW-L=0.007 MW-F=0.009]
  Alt-Benders[5] (mw): LB=-11.793490, Z₀(α*)=-13.347096, intercept=-21.243690 (0.813s) [OMP=0.797 ISP-L=0.004 ISP-F=0.010 MW-L=0.007 MW-F=0.009]
  OMP re-solve: 0.796s

=== True-DRO Benders iter 16 ===
  OMP: t₀=-11.793490, UB=14.600583, gap=1.81e+00, x=[0, 0, 0, 0, 0, 0, 0, 0, 0, 0, 0, 0, 0, 0, 0, 0, 0, 0, 1, 0, 0, 0, 0, 0, 0, 0, 1, 0, 0, 0] (0.000s)
  Sub: Z₀=16.168159 [LOCAL] (0.2s), α=[0.000,0.000,0.000,0.000,0.000,0.000,0.000,0.000,0.000,0.000,0.000,0.000,0.000,0.000,0.000,0.000,0.000,0.000,0.000,0.000,0.000,0.000,0.000,0.000,0.000,3.333,7.192,0.290,0.000,0.000]
  Iter 16: LB=-11.793490  UB=14.600583  gap=1.81e+00
  Cut: intercept=-1082.046829, π_x_range=[-831.8049, 555.4806]
  Mini-Benders[1] (mw): LB=-11.725016, Z₀(α*)=0.460658, intercept=-10.223975 (0.797s) [OMP=0.774 ISP-L=0.004 ISP-F=0.010 MW-L=0.007 MW-F=0.009]
  Mini-Benders[2] (mw): LB=-11.405212, Z₀(α*)=-21.721955, intercept=-74.245520 (0.734s) [OMP=0.705 ISP-L=0.004 ISP-F=0.009 MW-L=0.006 MW-F=0.009]
  Mini-Benders[3] (mw): LB=-11.405212, Z₀(α*)=-21.721955, intercept=-74.245520 (0.641s) [OMP=0.600 ISP-L=0.004 ISP-F=0.009 MW-L=0.006 MW-F=0.009]
  Mini-Benders[4] (mw): LB=-11.405212, Z₀(α*)=-21.721955, intercept=-74.245520 (0.625s) [OMP=0.587 ISP-L=0.004 ISP-F=0.009 MW-L=0.017 MW-F=0.009]
  Mini-Benders[5]: LB stagnated, break
  α-step: Z₀=14.481233, α=[0.000,0.000,0.000,0.000,0.000,0.000,0.000,0.000,0.000,0.000,6.024,0.000,0.000,0.000,0.395,0.000,0.000,0.000,0.000,0.000,0.000,0.000,1.679,0.000,0.000,0.000,2.717,0.000,0.000,0.000]
  Alt-Benders[1] (mw): LB=-11.048066, Z₀(α*)=-14.782593, intercept=-31.822057 (0.812s) [OMP=0.782 ISP-L=0.004 ISP-F=0.010 MW-L=0.007 MW-F=0.008]
  Alt-Benders[2] (mw): LB=-11.048066, Z₀(α*)=-14.782593, intercept=-31.822057 (0.701s) [OMP=0.664 ISP-L=0.004 ISP-F=0.010 MW-L=0.007 MW-F=0.008]
  Alt-Benders[3] (mw): LB=-11.048066, Z₀(α*)=-14.782593, intercept=-31.822057 (0.737s) [OMP=0.707 ISP-L=0.004 ISP-F=0.010 MW-L=0.007 MW-F=0.008]
  Alt-Benders[4]: LB stagnated, break
  OMP re-solve: 0.000s

=== True-DRO Benders iter 17 ===
  OMP: t₀=-11.048066, UB=14.600583, gap=1.76e+00, x=[0, 0, 0, 0, 0, 0, 0, 0, 0, 0, 0, 0, 0, 0, 0, 0, 0, 0, 0, 1, 0, 1, 0, 0, 0, 0, 0, 0, 0, 0] (0.000s)
  Sub: Z₀=17.427051 [LOCAL] (0.2s), α=[0.000,0.000,0.000,0.000,0.000,0.000,0.000,0.000,0.000,0.000,0.000,0.000,0.000,0.000,0.000,0.000,0.000,0.000,0.000,3.859,0.000,0.000,0.000,0.000,0.000,5.336,1.620,0.000,0.000,0.000]
  Iter 17: LB=-11.048066  UB=14.600583  gap=1.76e+00
  Cut: intercept=-1105.978659, π_x_range=[-830.0505, 562.1021]
  Mini-Benders[1] (mw): LB=-10.563110, Z₀(α*)=-32.869365, intercept=-118.962947 (0.828s) [OMP=0.809 ISP-L=0.005 ISP-F=0.010 MW-L=0.007 MW-F=0.010]
  Mini-Benders[2] (mw): LB=-10.563110, Z₀(α*)=-32.869365, intercept=-118.962947 (0.750s) [OMP=0.706 ISP-L=0.004 ISP-F=0.010 MW-L=0.007 MW-F=0.009]
  Mini-Benders[3] (mw): LB=-10.563110, Z₀(α*)=-32.869365, intercept=-118.962947 (0.797s) [OMP=0.770 ISP-L=0.004 ISP-F=0.010 MW-L=0.007 MW-F=0.009]
  Mini-Benders[4]: LB stagnated, break
  α-step: Z₀=13.419869, α=[0.000,0.000,0.000,0.000,0.000,0.000,0.000,0.000,0.000,0.000,3.484,0.000,0.000,0.000,0.388,0.000,0.000,0.000,0.000,0.000,0.000,0.000,0.000,0.000,0.000,0.000,6.942,0.000,0.000,0.000]
  Alt-Benders[1] (mw): LB=-10.163266, Z₀(α*)=2.779671, intercept=-44.969271 (0.859s) [OMP=0.820 ISP-L=0.004 ISP-F=0.010 MW-L=0.007 MW-F=0.010]
  Alt-Benders[2] (mw): LB=-9.726904, Z₀(α*)=-6.124869, intercept=-21.786172 (0.859s) [OMP=0.831 ISP-L=0.004 ISP-F=0.010 MW-L=0.006 MW-F=0.009]
  Alt-Benders[3] (mw): LB=-8.961275, Z₀(α*)=-24.235944, intercept=-14.378376 (0.860s) [OMP=0.826 ISP-L=0.004 ISP-F=0.010 MW-L=0.007 MW-F=0.009]
  Alt-Benders[4] (mw): LB=-8.961275, Z₀(α*)=-24.235944, intercept=-14.378376 (0.812s) [OMP=0.787 ISP-L=0.004 ISP-F=0.010 MW-L=0.006 MW-F=0.009]
  Alt-Benders[5] (mw): LB=-8.961275, Z₀(α*)=-24.235944, intercept=-14.378376 (0.838s) [OMP=0.796 ISP-L=0.004 ISP-F=0.010 MW-L=0.006 MW-F=0.009]
  OMP re-solve: 0.809s

=== True-DRO Benders iter 18 ===
  OMP: t₀=-8.961275, UB=14.600583, gap=1.61e+00, x=[0, 0, 0, 0, 0, 0, 0, 0, 0, 0, 0, 0, 0, 1, 1, 0, 0, 0, 0, 0, 0, 0, 0, 0, 0, 0, 0, 0, 0, 0] (0.000s)
  Sub: Z₀=18.672769 [LOCAL] (0.2s), α=[0.000,0.000,0.000,0.000,0.000,0.000,0.000,0.000,0.000,0.000,0.000,0.000,0.000,0.000,6.053,0.000,0.000,0.000,0.000,0.000,0.000,0.000,0.000,0.000,0.000,3.619,0.815,0.328,0.000,0.000]
  Iter 18: LB=-8.961275  UB=14.600583  gap=1.61e+00
  Cut: intercept=-1156.899822, π_x_range=[-832.2313, 588.9079]
  Mini-Benders[1] (mw): LB=-8.477769, Z₀(α*)=-15.032848, intercept=-73.289262 (1.078s) [OMP=1.046 ISP-L=0.004 ISP-F=0.010 MW-L=0.007 MW-F=0.007]
  Mini-Benders[2] (mw): LB=-8.477769, Z₀(α*)=-15.032848, intercept=-73.289262 (0.968s) [OMP=0.936 ISP-L=0.004 ISP-F=0.010 MW-L=0.006 MW-F=0.007]
  Mini-Benders[3] (mw): LB=-8.477769, Z₀(α*)=-15.032848, intercept=-73.289262 (0.969s) [OMP=0.929 ISP-L=0.004 ISP-F=0.010 MW-L=0.017 MW-F=0.008]
  Mini-Benders[4]: LB stagnated, break
  α-step: Z₀=12.011564, α=[0.000,0.000,0.000,0.000,4.114,0.000,0.000,0.000,0.000,0.000,0.000,0.000,0.000,0.000,4.723,0.000,0.000,0.000,0.000,0.000,0.000,0.000,0.000,0.000,0.000,0.000,1.977,0.000,0.000,0.000]
  Alt-Benders[1] (mw): LB=-8.409476, Z₀(α*)=-6.786877, intercept=-26.418060 (0.908s) [OMP=0.873 ISP-L=0.005 ISP-F=0.009 MW-L=0.007 MW-F=0.010]
  Alt-Benders[2] (mw): LB=-8.372538, Z₀(α*)=-6.732674, intercept=-6.306540 (1.030s) [OMP=0.998 ISP-L=0.004 ISP-F=0.009 MW-L=0.007 MW-F=0.009]
  Alt-Benders[3] (mw): LB=-7.867485, Z₀(α*)=6.377097, intercept=-36.895259 (0.998s) [OMP=0.969 ISP-L=0.004 ISP-F=0.009 MW-L=0.007 MW-F=0.009]
  Alt-Benders[4] (mw): LB=-7.521659, Z₀(α*)=-0.521042, intercept=-35.384870 (1.127s) [OMP=1.101 ISP-L=0.004 ISP-F=0.010 MW-L=0.006 MW-F=0.009]
  Alt-Benders[5] (mw): LB=-7.503179, Z₀(α*)=-3.167093, intercept=-15.046874 (1.203s) [OMP=1.176 ISP-L=0.004 ISP-F=0.010 MW-L=0.007 MW-F=0.008]
  OMP re-solve: 0.899s

=== True-DRO Benders iter 19 ===
  OMP: t₀=-7.476351, UB=14.600583, gap=1.51e+00, x=[0, 0, 0, 1, 0, 0, 1, 0, 0, 0, 0, 0, 0, 0, 0, 0, 0, 0, 0, 0, 0, 0, 0, 0, 0, 0, 0, 0, 0, 0] (0.000s)
  Sub: Z₀=17.996485 [LOCAL] (0.2s), α=[0.000,0.000,0.000,0.000,0.360,0.000,2.429,0.000,0.000,0.000,0.000,0.000,0.000,0.000,0.012,0.000,0.000,0.000,0.000,0.000,0.000,0.000,0.000,0.000,0.000,7.356,0.418,0.239,0.000,0.000]
  Iter 19: LB=-7.476351  UB=14.600583  gap=1.51e+00
  Cut: intercept=-1128.937107, π_x_range=[-833.6023, 583.5455]
  Mini-Benders[1] (mw): LB=-7.229266, Z₀(α*)=-3.021420, intercept=-15.924794 (1.000s) [OMP=0.962 ISP-L=0.004 ISP-F=0.010 MW-L=0.007 MW-F=0.009]
  Mini-Benders[2] (mw): LB=-7.066895, Z₀(α*)=7.175860, intercept=-19.423473 (0.892s) [OMP=0.848 ISP-L=0.004 ISP-F=0.011 MW-L=0.017 MW-F=0.010]
  Mini-Benders[3] (mw): LB=-6.980792, Z₀(α*)=-16.883573, intercept=-68.089905 (0.843s) [OMP=0.823 ISP-L=0.004 ISP-F=0.009 MW-L=0.008 MW-F=0.009]
  Mini-Benders[4] (mw): LB=-6.980792, Z₀(α*)=-16.883573, intercept=-68.089905 (1.093s) [OMP=1.064 ISP-L=0.004 ISP-F=0.009 MW-L=0.007 MW-F=0.009]
  Mini-Benders[5] (mw): LB=-6.980792, Z₀(α*)=-16.883573, intercept=-68.089905 (1.063s) [OMP=1.035 ISP-L=0.004 ISP-F=0.009 MW-L=0.007 MW-F=0.009]
  α-step: Z₀=11.077692, α=[0.000,0.000,0.000,0.000,2.418,0.000,2.229,0.000,0.000,0.000,0.000,0.000,0.000,0.000,3.749,0.000,0.000,0.000,0.000,0.000,0.000,0.000,0.000,0.000,0.000,2.418,0.000,0.000,0.000,0.000]
  Alt-Benders[1] (mw): LB=-6.971753, Z₀(α*)=-2.608229, intercept=-15.584515 (0.797s) [OMP=0.766 ISP-L=0.004 ISP-F=0.010 MW-L=0.007 MW-F=0.009]
  Alt-Benders[2] (mw): LB=-6.786879, Z₀(α*)=0.702183, intercept=-26.343407 (0.829s) [OMP=0.792 ISP-L=0.005 ISP-F=0.010 MW-L=0.008 MW-F=0.009]
  Alt-Benders[3] (mw): LB=-6.732676, Z₀(α*)=5.061622, intercept=6.256544 (0.827s) [OMP=0.800 ISP-L=0.004 ISP-F=0.010 MW-L=0.006 MW-F=0.008]
  Alt-Benders[4] (mw): LB=-6.584711, Z₀(α*)=-0.301495, intercept=-42.730088 (1.031s) [OMP=0.999 ISP-L=0.004 ISP-F=0.009 MW-L=0.007 MW-F=0.010]
  Alt-Benders[5] (mw): LB=-6.201315, Z₀(α*)=-3.252610, intercept=-44.568512 (1.032s) [OMP=0.995 ISP-L=0.004 ISP-F=0.010 MW-L=0.017 MW-F=0.011]
  OMP re-solve: 0.840s

=== True-DRO Benders iter 20 ===
  OMP: t₀=-6.124871, UB=14.600583, gap=1.42e+00, x=[0, 0, 0, 0, 0, 0, 0, 0, 0, 0, 0, 0, 0, 0, 1, 0, 0, 0, 0, 0, 0, 0, 0, 0, 0, 0, 1, 0, 0, 0] (0.001s)
  Sub: Z₀=15.076020 [TIME_LIMIT] (15.1s), α=[0.000,0.000,0.000,0.000,0.000,0.000,0.000,0.000,0.000,0.000,0.000,0.000,0.000,0.000,2.133,0.000,0.000,0.000,0.000,0.000,0.000,0.000,0.000,0.000,0.000,2.267,6.415,0.000,0.000,0.000]
  Iter 20: LB=-6.124871  UB=14.600583  gap=1.42e+00
  Cut: intercept=-25.611831, π_x_range=[-249.0000, 32.7768]
  Mini-Benders[1] (mw): LB=-5.621287, Z₀(α*)=-14.560557, intercept=-42.827520 (0.860s) [OMP=0.829 ISP-L=0.004 ISP-F=0.010 MW-L=0.008 MW-F=0.008]
  Mini-Benders[2] (mw): LB=-5.621287, Z₀(α*)=-14.560557, intercept=-42.827520 (0.874s) [OMP=0.840 ISP-L=0.004 ISP-F=0.010 MW-L=0.007 MW-F=0.008]
  Mini-Benders[3] (mw): LB=-5.621287, Z₀(α*)=-14.560557, intercept=-42.827520 (0.860s) [OMP=0.827 ISP-L=0.004 ISP-F=0.009 MW-L=0.007 MW-F=0.008]
  Mini-Benders[4]: LB stagnated, break
  α-step: Z₀=12.245626, α=[0.000,0.000,0.000,0.000,0.000,0.000,0.000,0.000,0.000,0.000,0.000,0.000,0.000,0.000,2.132,0.000,0.000,0.000,0.000,0.000,0.000,0.000,0.000,0.000,0.000,8.683,0.000,0.000,0.000,0.000]
  Alt-Benders[1] (mw): LB=-5.008147, Z₀(α*)=7.097883, intercept=-121.300677 (1.125s) [OMP=1.107 ISP-L=0.005 ISP-F=0.010 MW-L=0.008 MW-F=0.009]
  Alt-Benders[2] (mw): LB=-4.631831, Z₀(α*)=1.182742, intercept=-74.833664 (1.078s) [OMP=1.061 ISP-L=0.005 ISP-F=0.009 MW-L=0.007 MW-F=0.009]
  Alt-Benders[3] (mw): LB=-4.367065, Z₀(α*)=-9.035785, intercept=-17.007543 (1.187s) [OMP=1.152 ISP-L=0.004 ISP-F=0.010 MW-L=0.007 MW-F=0.009]
  Alt-Benders[4] (mw): LB=-4.367065, Z₀(α*)=-9.035785, intercept=-17.007543 (1.141s) [OMP=1.097 ISP-L=0.004 ISP-F=0.010 MW-L=0.017 MW-F=0.009]
  Alt-Benders[5] (mw): LB=-4.367065, Z₀(α*)=-9.035785, intercept=-17.007543 (1.188s) [OMP=1.150 ISP-L=0.004 ISP-F=0.011 MW-L=0.007 MW-F=0.009]
  OMP re-solve: 1.116s

=== True-DRO Benders iter 21 ===
  OMP: t₀=-4.367065, UB=14.600583, gap=1.30e+00, x=[0, 0, 0, 0, 0, 0, 0, 1, 1, 0, 0, 0, 0, 0, 0, 0, 0, 0, 0, 0, 0, 0, 0, 0, 0, 0, 0, 0, 0, 0] (0.001s)
  Sub: Z₀=17.327666 [LOCAL] (0.1s), α=[0.000,0.000,0.000,0.000,0.000,0.000,0.000,4.119,0.000,0.000,0.000,0.000,0.000,0.000,1.724,0.000,0.000,0.000,0.000,0.000,0.000,0.000,0.000,0.000,0.000,3.619,0.000,1.353,0.000,0.000]
  Iter 21: LB=-4.367065  UB=14.600583  gap=1.30e+00
  Cut: intercept=-1123.508777, π_x_range=[-831.2034, 581.9981]
  Mini-Benders[1] (mw): LB=-4.126158, Z₀(α*)=11.152785, intercept=-16.014205 (1.155s) [OMP=1.115 ISP-L=0.005 ISP-F=0.011 MW-L=0.006 MW-F=0.009]
  Mini-Benders[2] (mw): LB=-3.873366, Z₀(α*)=5.772226, intercept=-42.040416 (1.047s) [OMP=1.016 ISP-L=0.004 ISP-F=0.011 MW-L=0.007 MW-F=0.010]
  Mini-Benders[3] (mw): LB=-3.768466, Z₀(α*)=-17.671593, intercept=-93.218124 (1.078s) [OMP=1.050 ISP-L=0.004 ISP-F=0.010 MW-L=0.007 MW-F=0.009]
  Mini-Benders[4] (mw): LB=-3.768466, Z₀(α*)=-17.671593, intercept=-93.218124 (0.969s) [OMP=0.940 ISP-L=0.004 ISP-F=0.009 MW-L=0.007 MW-F=0.009]
  Mini-Benders[5] (mw): LB=-3.768466, Z₀(α*)=-17.671593, intercept=-93.218124 (0.985s) [OMP=0.955 ISP-L=0.004 ISP-F=0.009 MW-L=0.007 MW-F=0.009]
  α-step: Z₀=12.871804, α=[0.000,0.000,0.000,0.000,5.662,0.000,0.000,1.607,0.000,0.000,0.000,0.000,0.000,0.000,3.545,0.000,0.000,0.000,0.000,0.000,0.000,0.000,0.000,0.000,0.000,0.000,0.000,0.000,0.000,0.000]
  Alt-Benders[1] (mw): LB=-3.737304, Z₀(α*)=-16.990634, intercept=-17.534527 (0.952s) [OMP=0.906 ISP-L=0.004 ISP-F=0.010 MW-L=0.007 MW-F=0.020]
  Alt-Benders[2] (mw): LB=-3.737304, Z₀(α*)=-16.990634, intercept=-17.534527 (0.923s) [OMP=0.904 ISP-L=0.004 ISP-F=0.010 MW-L=0.007 MW-F=0.010]
  Alt-Benders[3] (mw): LB=-3.737304, Z₀(α*)=-16.990634, intercept=-17.534527 (0.937s) [OMP=0.903 ISP-L=0.004 ISP-F=0.010 MW-L=0.007 MW-F=0.010]
  Alt-Benders[4]: LB stagnated, break
  OMP re-solve: 0.001s

=== True-DRO Benders iter 22 ===
  OMP: t₀=-3.737304, UB=14.600583, gap=1.26e+00, x=[0, 0, 0, 0, 0, 0, 0, 0, 0, 0, 0, 0, 0, 1, 0, 0, 0, 0, 0, 0, 0, 0, 0, 0, 0, 0, 0, 1, 0, 0] (0.001s)
  Sub: Z₀=16.311359 [LOCAL] (0.1s), α=[0.000,0.000,0.000,0.000,0.000,0.000,0.000,0.000,0.000,0.000,0.000,0.000,0.000,0.000,0.000,0.000,0.000,0.000,0.000,0.000,0.000,0.000,0.000,0.000,0.000,5.708,0.117,4.989,0.000,0.000]
  Iter 22: LB=-3.737304  UB=14.600583  gap=1.26e+00
  Cut: intercept=-1138.442678, π_x_range=[-831.6460, 589.3669]
  Mini-Benders[1] (mw): LB=-3.493682, Z₀(α*)=2.071049, intercept=-14.718924 (0.984s) [OMP=0.966 ISP-L=0.004 ISP-F=0.010 MW-L=0.007 MW-F=0.008]
  Mini-Benders[2] (mw): LB=-3.252612, Z₀(α*)=-6.201313, intercept=-44.438118 (1.032s) [OMP=0.987 ISP-L=0.004 ISP-F=0.009 MW-L=0.007 MW-F=0.009]
  Mini-Benders[3] (mw): LB=-3.252612, Z₀(α*)=-6.201313, intercept=-44.438118 (0.984s) [OMP=0.965 ISP-L=0.004 ISP-F=0.009 MW-L=0.007 MW-F=0.009]
  Mini-Benders[4] (mw): LB=-3.252612, Z₀(α*)=-6.201313, intercept=-44.438118 (0.985s) [OMP=0.954 ISP-L=0.004 ISP-F=0.009 MW-L=0.007 MW-F=0.009]
  Mini-Benders[5]: LB stagnated, break
  α-step: Z₀=16.246525, α=[0.000,0.000,0.000,0.000,0.000,0.000,2.418,2.755,0.000,0.000,0.000,0.000,0.000,0.000,0.000,0.000,0.000,0.000,0.000,0.000,0.000,0.000,0.000,0.000,0.000,5.357,0.286,0.000,0.000,0.000]
  Alt-Benders[1] (mw): LB=-3.167095, Z₀(α*)=-11.737246, intercept=-17.159545 (0.906s) [OMP=0.875 ISP-L=0.004 ISP-F=0.010 MW-L=0.006 MW-F=0.020]
  Alt-Benders[2] (mw): LB=-3.167095, Z₀(α*)=-11.737246, intercept=-17.159545 (0.939s) [OMP=0.904 ISP-L=0.005 ISP-F=0.010 MW-L=0.007 MW-F=0.009]
  Alt-Benders[3] (mw): LB=-3.167095, Z₀(α*)=-11.737246, intercept=-17.159545 (0.921s) [OMP=0.888 ISP-L=0.005 ISP-F=0.010 MW-L=0.006 MW-F=0.009]
  Alt-Benders[4]: LB stagnated, break
  OMP re-solve: 0.001s

=== True-DRO Benders iter 23 ===
  OMP: t₀=-3.167095, UB=14.600583, gap=1.22e+00, x=[0, 0, 0, 1, 0, 0, 0, 0, 0, 0, 0, 0, 0, 0, 0, 0, 0, 0, 0, 0, 0, 0, 0, 0, 0, 0, 0, 1, 0, 0] (0.001s)
  Sub: Z₀=16.311359 [LOCAL] (0.2s), α=[0.000,0.000,0.000,0.000,0.000,0.000,0.000,0.000,0.000,0.000,0.000,0.000,0.000,0.000,0.000,0.000,0.000,0.000,0.000,0.000,0.000,0.000,0.000,0.000,0.000,5.708,0.124,4.982,0.000,0.000]
  Iter 23: LB=-3.167095  UB=14.600583  gap=1.22e+00
  Cut: intercept=-1114.801409, π_x_range=[-829.3518, 565.7501]
  Mini-Benders[1] (mw): LB=-3.167095, Z₀(α*)=16.004945, intercept=-21.940777 (1.015s) [OMP=0.982 ISP-L=0.004 ISP-F=0.011 MW-L=0.007 MW-F=0.009]
  Mini-Benders[2] (mw): LB=-2.526945, Z₀(α*)=11.368624, intercept=-31.836911 (1.078s) [OMP=1.055 ISP-L=0.004 ISP-F=0.010 MW-L=0.007 MW-F=0.009]
  Mini-Benders[3] (mw): LB=-2.311732, Z₀(α*)=-1.531245, intercept=-20.349928 (1.110s) [OMP=1.080 ISP-L=0.004 ISP-F=0.011 MW-L=0.006 MW-F=0.008]
  Mini-Benders[4] (mw): LB=-1.734941, Z₀(α*)=6.215190, intercept=-27.394254 (1.000s) [OMP=0.959 ISP-L=0.004 ISP-F=0.009 MW-L=0.007 MW-F=0.007]
  Mini-Benders[5] (mw): LB=-1.531247, Z₀(α*)=-1.531245, intercept=-20.349928 (0.919s) [OMP=0.888 ISP-L=0.004 ISP-F=0.011 MW-L=0.006 MW-F=0.008]
  α-step: Z₀=17.423128, α=[0.000,0.000,0.000,0.000,0.000,0.000,0.000,3.435,0.000,0.000,0.000,0.000,0.000,0.000,2.066,0.000,0.000,0.000,0.000,0.000,0.000,0.000,0.000,0.000,0.000,3.619,1.190,0.506,0.000,0.000]
  Alt-Benders[1] (mw): LB=-1.335781, Z₀(α*)=15.812634, intercept=-17.180303 (0.909s) [OMP=0.885 ISP-L=0.004 ISP-F=0.009 MW-L=0.006 MW-F=0.009]
  Alt-Benders[2] (mw): LB=-1.306546, Z₀(α*)=10.823160, intercept=-61.143434 (1.032s) [OMP=0.995 ISP-L=0.005 ISP-F=0.010 MW-L=0.008 MW-F=0.009]
  Alt-Benders[3] (mw): LB=-1.096874, Z₀(α*)=9.045657, intercept=-31.192335 (1.078s) [OMP=1.048 ISP-L=0.004 ISP-F=0.010 MW-L=0.007 MW-F=0.009]
  Alt-Benders[4] (mw): LB=-0.823355, Z₀(α*)=-10.732791, intercept=-48.080286 (1.109s) [OMP=1.087 ISP-L=0.004 ISP-F=0.009 MW-L=0.006 MW-F=0.008]
  Alt-Benders[5] (mw): LB=-0.823355, Z₀(α*)=-10.732791, intercept=-48.080286 (0.891s) [OMP=0.861 ISP-L=0.004 ISP-F=0.009 MW-L=0.006 MW-F=0.008]
  OMP re-solve: 0.893s

=== True-DRO Benders iter 24 ===
  OMP: t₀=-0.823355, UB=14.600583, gap=1.06e+00, x=[0, 0, 0, 0, 0, 0, 0, 0, 0, 0, 0, 0, 0, 0, 0, 0, 0, 1, 0, 0, 0, 0, 0, 0, 0, 1, 0, 0, 0, 0] (0.001s)
  Sub: Z₀=15.632238 [LOCAL] (0.1s), α=[0.000,0.000,0.000,0.000,0.000,0.000,0.000,0.000,0.000,0.000,0.000,0.000,0.000,0.000,0.000,0.000,0.000,0.000,0.000,0.000,0.000,0.000,0.000,0.000,0.000,10.815,0.000,0.000,0.000,0.000]
  Iter 24: LB=-0.823355  UB=14.600583  gap=1.06e+00
  Cut: intercept=-1136.152485, π_x_range=[-828.7647, 583.7664]
  Mini-Benders[1] (mw): LB=-0.521045, Z₀(α*)=11.109951, intercept=-35.857567 (1.031s) [OMP=0.997 ISP-L=0.004 ISP-F=0.011 MW-L=0.007 MW-F=0.010]
  Mini-Benders[2] (mw): LB=0.181233, Z₀(α*)=-8.397262, intercept=-14.046436 (1.078s) [OMP=1.037 ISP-L=0.004 ISP-F=0.010 MW-L=0.007 MW-F=0.010]
  Mini-Benders[3] (mw): LB=0.181233, Z₀(α*)=-8.397262, intercept=-14.046436 (1.047s) [OMP=1.003 ISP-L=0.004 ISP-F=0.011 MW-L=0.007 MW-F=0.021]
  Mini-Benders[4] (mw): LB=0.181233, Z₀(α*)=-8.397262, intercept=-14.046436 (1.031s) [OMP=1.003 ISP-L=0.004 ISP-F=0.011 MW-L=0.007 MW-F=0.010]
  Mini-Benders[5]: LB stagnated, break
  α-step: Z₀=17.400972, α=[0.000,0.000,0.000,0.000,0.000,0.000,0.000,3.855,0.000,0.000,0.000,0.000,0.000,0.000,1.256,0.000,0.000,0.000,0.000,0.000,0.000,0.000,0.000,0.000,0.000,4.849,0.853,0.000,0.000,0.000]
  Alt-Benders[1] (mw): LB=0.311228, Z₀(α*)=1.324991, intercept=-67.796762 (1.094s) [OMP=1.062 ISP-L=0.004 ISP-F=0.009 MW-L=0.007 MW-F=0.009]
  Alt-Benders[2] (mw): LB=0.460656, Z₀(α*)=-5.295065, intercept=-8.298114 (1.156s) [OMP=1.133 ISP-L=0.004 ISP-F=0.009 MW-L=0.006 MW-F=0.009]
  Alt-Benders[3] (mw): LB=0.460656, Z₀(α*)=-5.295065, intercept=-8.298114 (1.172s) [OMP=1.142 ISP-L=0.004 ISP-F=0.009 MW-L=0.006 MW-F=0.010]
  Alt-Benders[4] (mw): LB=0.460656, Z₀(α*)=-5.295065, intercept=-8.298114 (1.126s) [OMP=1.095 ISP-L=0.004 ISP-F=0.009 MW-L=0.006 MW-F=0.009]
  Alt-Benders[5]: LB stagnated, break
  OMP re-solve: 0.001s

=== True-DRO Benders iter 25 ===
  OMP: t₀=0.460656, UB=14.600583, gap=9.68e-01, x=[0, 0, 0, 0, 0, 0, 1, 0, 0, 0, 0, 0, 0, 0, 0, 0, 0, 0, 0, 0, 0, 1, 0, 0, 0, 0, 0, 0, 0, 0] (0.001s)
  Sub: Z₀=17.961870 [TIME_LIMIT] (15.2s), α=[0.000,0.000,0.000,0.000,0.000,0.000,2.789,0.000,0.000,0.000,0.000,0.000,0.000,0.000,0.372,0.000,0.000,0.000,0.000,0.000,0.000,0.000,0.000,0.000,0.000,6.997,0.657,0.000,0.000,0.000]
  Iter 25: LB=0.460656  UB=14.600583  gap=9.68e-01
  Cut: intercept=-37.836900, π_x_range=[-281.0000, 36.3815]
  Mini-Benders[1] (mw): LB=0.533325, Z₀(α*)=11.803321, intercept=-46.102521 (0.906s) [OMP=0.875 ISP-L=0.004 ISP-F=0.011 MW-L=0.006 MW-F=0.009]
  Mini-Benders[2] (mw): LB=0.702181, Z₀(α*)=-0.542024, intercept=-24.643339 (0.937s) [OMP=0.893 ISP-L=0.004 ISP-F=0.010 MW-L=0.007 MW-F=0.018]
  Mini-Benders[3] (mw): LB=0.702181, Z₀(α*)=-0.542024, intercept=-24.643339 (0.911s) [OMP=0.877 ISP-L=0.004 ISP-F=0.010 MW-L=0.007 MW-F=0.009]
  Mini-Benders[4] (mw): LB=0.702181, Z₀(α*)=-0.542024, intercept=-24.643339 (0.902s) [OMP=0.874 ISP-L=0.004 ISP-F=0.010 MW-L=0.007 MW-F=0.008]
  Mini-Benders[5]: LB stagnated, break
  α-step: Z₀=18.198389, α=[0.000,0.000,0.000,0.000,0.000,0.000,0.000,0.000,0.000,0.000,0.000,0.000,0.000,0.000,5.210,0.000,0.000,0.000,0.000,0.000,0.000,0.000,0.000,0.000,0.000,5.304,0.300,0.000,0.000,0.000]
  Alt-Benders[1] (mw): LB=0.878601, Z₀(α*)=-16.547235, intercept=-84.128810 (0.938s) [OMP=0.898 ISP-L=0.004 ISP-F=0.011 MW-L=0.007 MW-F=0.011]
  Alt-Benders[2] (mw): LB=0.878601, Z₀(α*)=-16.547235, intercept=-84.128810 (1.109s) [OMP=1.067 ISP-L=0.004 ISP-F=0.011 MW-L=0.007 MW-F=0.011]
  Alt-Benders[3] (mw): LB=0.878601, Z₀(α*)=-16.547235, intercept=-84.128810 (1.109s) [OMP=1.081 ISP-L=0.004 ISP-F=0.011 MW-L=0.007 MW-F=0.011]
  Alt-Benders[4]: LB stagnated, break
  OMP re-solve: 0.001s

=== True-DRO Benders iter 26 ===
  OMP: t₀=0.878601, UB=14.600583, gap=9.40e-01, x=[0, 0, 0, 0, 0, 0, 0, 0, 0, 0, 1, 0, 0, 1, 0, 0, 0, 0, 0, 0, 0, 0, 0, 0, 0, 0, 0, 0, 0, 0] (0.001s)
  Sub: Z₀=15.137392 [LOCAL] (0.1s), α=[0.000,0.000,0.000,0.000,0.000,0.000,0.566,0.000,0.000,0.000,7.033,0.000,0.000,0.000,3.215,0.000,0.000,0.000,0.000,0.000,0.000,0.000,0.000,0.000,0.000,0.000,0.000,0.000,0.000,0.000]
  Iter 26: LB=0.878601  UB=14.600583  gap=9.40e-01
  Cut: intercept=-1117.176616, π_x_range=[-818.7060, 593.1776]
  Mini-Benders[1] (mw): LB=1.059831, Z₀(α*)=15.608276, intercept=-57.693710 (1.047s) [OMP=1.010 ISP-L=0.004 ISP-F=0.011 MW-L=0.007 MW-F=0.010]
  Mini-Benders[2] (mw): LB=1.182740, Z₀(α*)=-13.391848, intercept=-83.929860 (0.937s) [OMP=0.890 ISP-L=0.004 ISP-F=0.010 MW-L=0.006 MW-F=0.020]
  Mini-Benders[3] (mw): LB=1.182740, Z₀(α*)=-13.391848, intercept=-83.929860 (0.891s) [OMP=0.871 ISP-L=0.005 ISP-F=0.010 MW-L=0.007 MW-F=0.010]
  Mini-Benders[4] (mw): LB=1.182740, Z₀(α*)=-13.391848, intercept=-83.929860 (0.906s) [OMP=0.872 ISP-L=0.005 ISP-F=0.010 MW-L=0.007 MW-F=0.010]
  Mini-Benders[5]: LB stagnated, break
  α-step: Z₀=15.748531, α=[0.000,0.000,0.000,0.000,0.000,0.000,0.000,0.000,0.000,0.000,0.000,0.000,0.000,0.000,1.520,0.000,0.000,0.000,0.000,0.000,0.000,0.000,5.701,0.000,0.000,2.028,1.566,0.000,0.000,0.000]
  Alt-Benders[1] (mw): LB=1.324989, Z₀(α*)=-10.169497, intercept=-68.172244 (0.937s) [OMP=0.898 ISP-L=0.004 ISP-F=0.009 MW-L=0.007 MW-F=0.009]
  Alt-Benders[2] (mw): LB=1.324989, Z₀(α*)=-10.169497, intercept=-68.172244 (0.923s) [OMP=0.893 ISP-L=0.004 ISP-F=0.009 MW-L=0.007 MW-F=0.009]
  Alt-Benders[3] (mw): LB=1.324989, Z₀(α*)=-10.169497, intercept=-68.172244 (0.937s) [OMP=0.912 ISP-L=0.004 ISP-F=0.009 MW-L=0.007 MW-F=0.008]
  Alt-Benders[4]: LB stagnated, break
  OMP re-solve: 0.001s

=== True-DRO Benders iter 27 ===
  OMP: t₀=1.324989, UB=14.600583, gap=9.09e-01, x=[0, 0, 0, 0, 0, 0, 0, 0, 0, 0, 0, 0, 0, 0, 0, 0, 0, 0, 0, 0, 0, 0, 1, 0, 0, 1, 0, 0, 0, 0] (0.001s)
  Sub: Z₀=13.998245 [LOCAL] (0.1s), α=[0.000,0.000,0.000,0.000,0.000,0.000,0.000,0.000,0.000,0.000,0.000,0.000,0.000,0.000,0.173,0.000,0.000,0.000,0.000,0.000,0.000,0.000,0.000,0.000,0.000,10.641,0.000,0.000,0.000,0.000]
  Iter 27: LB=1.324989  UB=14.600583  gap=9.09e-01
  Cut: intercept=-1137.953835, π_x_range=[-829.7555, 579.1208]
  Mini-Benders[1] (mw): LB=1.635884, Z₀(α*)=11.999287, intercept=-40.093452 (0.843s) [OMP=0.821 ISP-L=0.004 ISP-F=0.009 MW-L=0.007 MW-F=0.009]
  Mini-Benders[2] (mw): LB=2.071047, Z₀(α*)=11.216235, intercept=-20.856005 (0.891s) [OMP=0.842 ISP-L=0.004 ISP-F=0.010 MW-L=0.007 MW-F=0.020]
  Mini-Benders[3] (mw): LB=2.216295, Z₀(α*)=11.664587, intercept=-4.662371 (0.969s) [OMP=0.937 ISP-L=0.004 ISP-F=0.010 MW-L=0.007 MW-F=0.009]
  Mini-Benders[4] (mw): LB=2.377567, Z₀(α*)=-7.968033, intercept=-15.693737 (0.937s) [OMP=0.900 ISP-L=0.004 ISP-F=0.011 MW-L=0.007 MW-F=0.010]
  Mini-Benders[5] (mw): LB=2.377567, Z₀(α*)=-7.968033, intercept=-15.693737 (0.969s) [OMP=0.948 ISP-L=0.004 ISP-F=0.010 MW-L=0.007 MW-F=0.009]
  α-step: Z₀=17.389434, α=[0.000,0.000,0.000,0.000,0.000,0.000,0.000,3.417,0.000,0.000,0.000,0.000,0.000,0.000,1.476,0.000,0.000,0.000,0.000,0.658,0.000,0.000,0.000,0.000,0.000,4.192,1.073,0.000,0.000,0.000]
  Alt-Benders[1] (mw): LB=2.489596, Z₀(α*)=13.787713, intercept=-15.512808 (0.922s) [OMP=0.879 ISP-L=0.004 ISP-F=0.011 MW-L=0.007 MW-F=0.009]
  Alt-Benders[2] (mw): LB=2.536333, Z₀(α*)=17.389434, intercept=-10.870942 (0.891s) [OMP=0.870 ISP-L=0.005 ISP-F=0.010 MW-L=0.007 MW-F=0.009]
  Alt-Benders[3] (mw): LB=2.779669, Z₀(α*)=5.454265, intercept=-40.628018 (0.946s) [OMP=0.905 ISP-L=0.004 ISP-F=0.009 MW-L=0.006 MW-F=0.009]
  Alt-Benders[4] (mw): LB=2.897005, Z₀(α*)=-1.544423, intercept=-21.195996 (0.991s) [OMP=0.965 ISP-L=0.004 ISP-F=0.010 MW-L=0.007 MW-F=0.010]
  Alt-Benders[5] (mw): LB=2.897005, Z₀(α*)=-1.544423, intercept=-21.195996 (0.875s) [OMP=0.830 ISP-L=0.004 ISP-F=0.010 MW-L=0.006 MW-F=0.021]
  OMP re-solve: 0.910s

=== True-DRO Benders iter 28 ===
  OMP: t₀=2.897005, UB=14.600583, gap=8.02e-01, x=[0, 0, 0, 0, 0, 0, 0, 0, 0, 0, 0, 0, 0, 0, 1, 0, 0, 0, 1, 0, 0, 0, 0, 0, 0, 0, 0, 0, 0, 0] (0.001s)
  Sub: Z₀=18.217200 [LOCAL] (0.1s), α=[0.000,0.000,0.000,0.000,0.000,0.000,0.000,0.000,0.000,0.000,0.000,0.000,0.000,0.000,3.818,0.000,0.000,0.000,0.000,0.000,0.000,0.000,0.000,0.000,0.000,6.997,0.000,0.000,0.000,0.000]
  Iter 28: LB=2.897005  UB=14.600583  gap=8.02e-01
  Cut: intercept=-1117.172803, π_x_range=[-833.8061, 584.8759]
  Mini-Benders[1] (mw): LB=2.904017, Z₀(α*)=-7.947986, intercept=-14.021382 (0.922s) [OMP=0.889 ISP-L=0.004 ISP-F=0.011 MW-L=0.007 MW-F=0.009]
  Mini-Benders[2] (mw): LB=2.904017, Z₀(α*)=-7.947986, intercept=-14.021382 (0.960s) [OMP=0.916 ISP-L=0.004 ISP-F=0.011 MW-L=0.007 MW-F=0.009]
  Mini-Benders[3] (mw): LB=2.904017, Z₀(α*)=-7.947986, intercept=-14.021382 (0.931s) [OMP=0.904 ISP-L=0.004 ISP-F=0.011 MW-L=0.007 MW-F=0.009]
  Mini-Benders[4]: LB stagnated, break
  α-step: Z₀=17.400972, α=[0.000,0.000,0.000,0.000,0.000,0.000,0.000,3.855,0.000,0.000,0.000,0.000,0.000,0.000,1.338,0.000,0.000,0.000,0.000,0.000,0.000,0.000,0.000,0.000,0.000,4.768,0.521,0.333,0.000,0.000]
  Alt-Benders[1] (mw): LB=2.969052, Z₀(α*)=5.562473, intercept=-54.755384 (1.109s) [OMP=1.081 ISP-L=0.004 ISP-F=0.010 MW-L=0.006 MW-F=0.009]
  Alt-Benders[2] (mw): LB=3.584682, Z₀(α*)=-3.733067, intercept=2.192226 (0.969s) [OMP=0.927 ISP-L=0.004 ISP-F=0.011 MW-L=0.007 MW-F=0.009]
  Alt-Benders[3] (mw): LB=3.584682, Z₀(α*)=-3.733067, intercept=2.192226 (0.906s) [OMP=0.873 ISP-L=0.004 ISP-F=0.011 MW-L=0.006 MW-F=0.009]
  Alt-Benders[4] (mw): LB=3.584682, Z₀(α*)=-3.733067, intercept=2.192226 (0.907s) [OMP=0.867 ISP-L=0.004 ISP-F=0.011 MW-L=0.006 MW-F=0.019]
  Alt-Benders[5]: LB stagnated, break
  OMP re-solve: 0.001s

=== True-DRO Benders iter 29 ===
  OMP: t₀=3.584682, UB=14.600583, gap=7.54e-01, x=[0, 0, 0, 1, 0, 0, 0, 0, 0, 0, 0, 0, 0, 0, 1, 0, 0, 0, 0, 0, 0, 0, 0, 0, 0, 0, 0, 0, 0, 0] (0.001s)
  Sub: Z₀=18.672769 [LOCAL] (0.2s), α=[0.000,0.000,0.000,0.000,0.000,0.000,0.000,0.000,0.000,0.000,0.000,0.000,0.000,0.000,6.053,0.000,0.000,0.000,0.000,0.000,0.000,0.000,0.000,0.000,0.000,3.619,0.831,0.312,0.000,0.000]
  Iter 29: LB=3.584682  UB=14.600583  gap=7.54e-01
  Cut: intercept=-1134.327470, π_x_range=[-829.4650, 586.6387]
  Mini-Benders[1] (mw): LB=3.933407, Z₀(α*)=-6.243033, intercept=-59.282598 (0.953s) [OMP=0.929 ISP-L=0.005 ISP-F=0.011 MW-L=0.007 MW-F=0.008]
  Mini-Benders[2] (mw): LB=3.933407, Z₀(α*)=-6.243033, intercept=-59.282598 (0.968s) [OMP=0.943 ISP-L=0.005 ISP-F=0.011 MW-L=0.007 MW-F=0.008]
  Mini-Benders[3] (mw): LB=3.933407, Z₀(α*)=-6.243033, intercept=-59.282598 (0.969s) [OMP=0.938 ISP-L=0.004 ISP-F=0.011 MW-L=0.007 MW-F=0.008]
  Mini-Benders[4]: LB stagnated, break
  α-step: Z₀=15.396812, α=[0.000,0.000,0.000,0.000,0.000,0.000,0.000,0.000,0.000,0.000,0.000,0.000,0.000,0.000,1.520,0.000,0.000,0.000,0.000,0.000,0.000,0.000,0.000,0.000,0.000,2.716,0.000,6.579,0.000,0.000]
  Alt-Benders[1] (mw): LB=4.263460, Z₀(α*)=-8.628601, intercept=-21.821753 (1.047s) [OMP=1.015 ISP-L=0.004 ISP-F=0.010 MW-L=0.006 MW-F=0.008]
  Alt-Benders[2] (mw): LB=4.263460, Z₀(α*)=-8.628601, intercept=-21.821753 (0.969s) [OMP=0.950 ISP-L=0.004 ISP-F=0.010 MW-L=0.007 MW-F=0.009]
  Alt-Benders[3] (mw): LB=4.263460, Z₀(α*)=-8.628601, intercept=-21.821753 (0.969s) [OMP=0.930 ISP-L=0.004 ISP-F=0.010 MW-L=0.006 MW-F=0.008]
  Alt-Benders[4]: LB stagnated, break
  OMP re-solve: 0.001s

=== True-DRO Benders iter 30 ===
  OMP: t₀=4.263460, UB=14.600583, gap=7.08e-01, x=[0, 0, 0, 0, 0, 0, 1, 0, 0, 0, 0, 0, 0, 0, 0, 0, 0, 1, 0, 0, 0, 0, 0, 0, 0, 0, 0, 0, 0, 0] (0.001s)
  Sub: Z₀=17.846325 [TIME_LIMIT] (15.2s), α=[0.000,0.000,0.000,0.000,0.000,0.000,3.360,0.000,0.000,0.000,0.000,0.000,0.000,0.000,0.942,0.000,0.000,0.000,0.000,0.000,0.000,0.000,0.000,0.000,0.000,5.285,0.325,0.903,0.000,0.000]
  Iter 30: LB=4.263460  UB=14.600583  gap=7.08e-01
  Cut: intercept=-69.094299, π_x_range=[-259.3777, 65.6300]
  Mini-Benders[1] (mw): LB=4.310475, Z₀(α*)=17.846325, intercept=0.408048 (1.063s) [OMP=1.023 ISP-L=0.004 ISP-F=0.010 MW-L=0.017 MW-F=0.009]
  Mini-Benders[2] (mw): LB=4.339775, Z₀(α*)=-8.269150, intercept=-16.536732 (0.797s) [OMP=0.767 ISP-L=0.004 ISP-F=0.010 MW-L=0.007 MW-F=0.009]
  Mini-Benders[3] (mw): LB=4.339775, Z₀(α*)=-8.269150, intercept=-16.536732 (0.843s) [OMP=0.806 ISP-L=0.004 ISP-F=0.011 MW-L=0.007 MW-F=0.009]
  Mini-Benders[4] (mw): LB=4.339775, Z₀(α*)=-8.269150, intercept=-16.536732 (0.844s) [OMP=0.818 ISP-L=0.004 ISP-F=0.010 MW-L=0.007 MW-F=0.009]
  Mini-Benders[5]: LB stagnated, break
  α-step: Z₀=15.164256, α=[0.000,0.000,0.000,0.000,0.000,0.000,0.000,0.000,0.000,0.000,0.000,0.000,0.000,0.000,1.520,0.000,0.000,0.000,0.000,0.000,0.000,0.000,0.000,0.000,0.000,2.574,6.721,0.000,0.000,0.000]
  Alt-Benders[1] (mw): LB=4.930171, Z₀(α*)=-8.629029, intercept=-68.543117 (0.842s) [OMP=0.808 ISP-L=0.004 ISP-F=0.010 MW-L=0.007 MW-F=0.008]
  Alt-Benders[2] (mw): LB=4.930171, Z₀(α*)=-8.629029, intercept=-68.543117 (0.828s) [OMP=0.804 ISP-L=0.004 ISP-F=0.010 MW-L=0.008 MW-F=0.008]
  Alt-Benders[3] (mw): LB=4.930171, Z₀(α*)=-8.629029, intercept=-68.543117 (0.844s) [OMP=0.800 ISP-L=0.004 ISP-F=0.009 MW-L=0.007 MW-F=0.008]
  Alt-Benders[4]: LB stagnated, break
  OMP re-solve: 0.001s

=== True-DRO Benders iter 31 ===
  OMP: t₀=4.930171, UB=14.600583, gap=6.62e-01, x=[0, 0, 0, 0, 0, 0, 0, 1, 0, 0, 0, 0, 0, 0, 0, 0, 0, 0, 0, 0, 0, 0, 0, 0, 0, 1, 0, 0, 0, 0] (0.001s)
  Sub: Z₀=13.958013 [LOCAL] (0.1s), α=[0.000,0.000,0.000,0.000,0.000,0.000,0.000,0.765,0.000,0.000,0.000,0.000,0.000,0.000,1.480,0.000,0.000,0.000,0.000,0.000,0.000,0.000,0.000,0.000,0.000,8.569,0.000,0.000,0.000,0.000]
  Iter 31: LB=4.930171  UB=14.600583  gap=6.62e-01
  Cut: intercept=-1124.009072, π_x_range=[-829.5202, 575.2890]
  Mini-Benders[1] (mw): LB=5.061620, Z₀(α*)=9.908958, intercept=6.988619 (0.875s) [OMP=0.820 ISP-L=0.004 ISP-F=0.009 MW-L=0.017 MW-F=0.010]
  Mini-Benders[2] (mw): LB=5.392255, Z₀(α*)=-21.965327, intercept=-41.529698 (0.979s) [OMP=0.947 ISP-L=0.004 ISP-F=0.010 MW-L=0.007 MW-F=0.008]
  Mini-Benders[3] (mw): LB=5.392255, Z₀(α*)=-21.965327, intercept=-41.529698 (0.959s) [OMP=0.943 ISP-L=0.004 ISP-F=0.010 MW-L=0.007 MW-F=0.007]
  Mini-Benders[4] (mw): LB=5.392255, Z₀(α*)=-21.965327, intercept=-41.529698 (1.031s) [OMP=0.997 ISP-L=0.004 ISP-F=0.010 MW-L=0.007 MW-F=0.007]
  Mini-Benders[5]: LB stagnated, break
  α-step: Z₀=13.671409, α=[0.000,0.000,0.000,0.000,6.862,0.000,0.000,0.000,0.000,0.000,0.000,0.000,0.000,0.000,3.545,0.000,0.000,0.000,0.000,0.000,0.000,0.000,0.000,0.000,0.000,0.408,0.000,0.000,0.000,0.000]
  Alt-Benders[1] (mw): LB=5.454263, Z₀(α*)=-12.295305, intercept=-42.020541 (1.016s) [OMP=0.974 ISP-L=0.004 ISP-F=0.010 MW-L=0.006 MW-F=0.009]
  Alt-Benders[2] (mw): LB=5.454263, Z₀(α*)=-12.295305, intercept=-42.020541 (0.922s) [OMP=0.890 ISP-L=0.004 ISP-F=0.009 MW-L=0.006 MW-F=0.009]
  Alt-Benders[3] (mw): LB=5.454263, Z₀(α*)=-12.295305, intercept=-42.020541 (0.906s) [OMP=0.880 ISP-L=0.004 ISP-F=0.010 MW-L=0.006 MW-F=0.009]
  Alt-Benders[4]: LB stagnated, break
  OMP re-solve: 0.001s

=== True-DRO Benders iter 32 ===
  OMP: t₀=5.454263, UB=14.600583, gap=6.26e-01, x=[0, 0, 0, 0, 0, 0, 0, 0, 0, 0, 0, 0, 0, 0, 0, 0, 0, 0, 0, 0, 0, 0, 1, 0, 0, 0, 0, 1, 0, 0] (0.001s)
  Sub: Z₀=15.540605 [LOCAL] (0.2s), α=[0.000,0.000,0.000,0.000,0.000,0.000,0.000,0.000,0.000,0.000,0.000,0.000,0.000,0.000,2.874,0.000,0.000,0.000,0.000,0.000,0.000,0.000,0.000,0.000,0.000,4.573,0.189,3.178,0.000,0.000]
  Iter 32: LB=5.454263  UB=14.600583  gap=6.26e-01
  Cut: intercept=-1104.537890, π_x_range=[-830.8189, 560.2579]
  Mini-Benders[1] (mw): LB=5.479502, Z₀(α*)=19.397891, intercept=19.397890 (0.994s) [OMP=0.950 ISP-L=0.004 ISP-F=0.010 MW-L=0.018 MW-F=0.009]
  Mini-Benders[2] (mw): LB=5.483169, Z₀(α*)=6.574094, intercept=-39.757834 (0.912s) [OMP=0.895 ISP-L=0.004 ISP-F=0.009 MW-L=0.007 MW-F=0.009]
  Mini-Benders[3] (mw): LB=5.562471, Z₀(α*)=18.838911, intercept=-45.833000 (0.891s) [OMP=0.857 ISP-L=0.004 ISP-F=0.011 MW-L=0.007 MW-F=0.009]
  Mini-Benders[4] (mw): LB=5.675247, Z₀(α*)=10.640766, intercept=-30.055063 (1.000s) [OMP=0.970 ISP-L=0.004 ISP-F=0.010 MW-L=0.007 MW-F=0.009]
  Mini-Benders[5] (mw): LB=6.215188, Z₀(α*)=4.588361, intercept=-26.852628 (0.984s) [OMP=0.946 ISP-L=0.004 ISP-F=0.009 MW-L=0.007 MW-F=0.008]
  α-step: Z₀=16.200180, α=[0.000,0.000,0.000,0.000,0.000,0.000,2.312,0.665,0.000,0.000,0.000,0.000,0.000,0.000,0.000,0.000,0.000,0.000,0.000,0.000,0.000,0.000,0.553,0.000,0.000,7.103,0.180,0.000,0.000,0.000]
  Alt-Benders[1] (mw): LB=6.377095, Z₀(α*)=-31.830409, intercept=-42.398612 (0.953s) [OMP=0.927 ISP-L=0.004 ISP-F=0.009 MW-L=0.006 MW-F=0.008]
  Alt-Benders[2] (mw): LB=6.377095, Z₀(α*)=-31.830409, intercept=-42.398612 (1.031s) [OMP=1.004 ISP-L=0.004 ISP-F=0.009 MW-L=0.007 MW-F=0.008]
  Alt-Benders[3] (mw): LB=6.377095, Z₀(α*)=-31.830409, intercept=-42.398612 (1.047s) [OMP=1.023 ISP-L=0.004 ISP-F=0.009 MW-L=0.007 MW-F=0.008]
  Alt-Benders[4]: LB stagnated, break
  OMP re-solve: 0.001s

=== True-DRO Benders iter 33 ===
  OMP: t₀=6.377095, UB=14.600583, gap=5.63e-01, x=[0, 0, 0, 0, 1, 0, 0, 0, 0, 0, 0, 0, 0, 0, 0, 0, 0, 0, 0, 0, 0, 0, 0, 0, 1, 0, 0, 0, 0, 0] (0.001s)
  Sub: Z₀=14.147658 [LOCAL] (0.2s), α=[0.000,0.000,0.000,0.000,7.185,0.000,0.979,0.000,0.000,0.000,0.000,0.000,0.000,0.000,2.498,0.000,0.000,0.000,0.000,0.000,0.000,0.000,0.000,0.000,0.000,0.152,0.000,0.000,0.000,0.000]
  Iter 33: LB=6.377095  UB=14.600583  gap=5.63e-01
  Cut: intercept=-1112.038139, π_x_range=[-828.9899, 564.6292]
  Mini-Benders[1] (mw): LB=6.377095, Z₀(α*)=14.147659, intercept=-36.757794 (0.955s) [OMP=0.932 ISP-L=0.005 ISP-F=0.010 MW-L=0.007 MW-F=0.010]
  Mini-Benders[2] (mw): LB=6.545480, Z₀(α*)=-24.235694, intercept=-16.777304 (0.998s) [OMP=0.957 ISP-L=0.004 ISP-F=0.011 MW-L=0.007 MW-F=0.009]
  Mini-Benders[3] (mw): LB=6.545480, Z₀(α*)=-24.235694, intercept=-16.777304 (0.829s) [OMP=0.801 ISP-L=0.004 ISP-F=0.011 MW-L=0.007 MW-F=0.009]
  Mini-Benders[4] (mw): LB=6.545480, Z₀(α*)=-24.235694, intercept=-16.777304 (0.825s) [OMP=0.783 ISP-L=0.004 ISP-F=0.010 MW-L=0.007 MW-F=0.009]
  Mini-Benders[5]: LB stagnated, break
  α-step: Z₀=14.995595, α=[0.000,0.000,0.000,0.000,0.000,0.000,0.000,0.000,0.000,0.000,0.000,0.000,0.000,0.000,1.520,0.000,0.000,0.000,0.000,0.000,0.000,0.000,0.000,0.000,0.000,2.574,6.721,0.000,0.000,0.000]
  Alt-Benders[1] (mw): LB=6.574092, Z₀(α*)=10.124792, intercept=-31.073455 (0.922s) [OMP=0.894 ISP-L=0.004 ISP-F=0.010 MW-L=0.007 MW-F=0.010]
  Alt-Benders[2] (mw): LB=6.882530, Z₀(α*)=12.763172, intercept=-24.536191 (0.907s) [OMP=0.874 ISP-L=0.005 ISP-F=0.009 MW-L=0.006 MW-F=0.007]
  Alt-Benders[3] (mw): LB=7.097881, Z₀(α*)=-8.877000, intercept=-97.930538 (0.937s) [OMP=0.908 ISP-L=0.004 ISP-F=0.010 MW-L=0.007 MW-F=0.008]
  Alt-Benders[4] (mw): LB=7.097881, Z₀(α*)=-8.877000, intercept=-97.930538 (0.984s) [OMP=0.950 ISP-L=0.004 ISP-F=0.010 MW-L=0.018 MW-F=0.009]
  Alt-Benders[5] (mw): LB=7.097881, Z₀(α*)=-8.877000, intercept=-97.930538 (0.953s) [OMP=0.924 ISP-L=0.005 ISP-F=0.010 MW-L=0.007 MW-F=0.009]
  OMP re-solve: 0.924s

=== True-DRO Benders iter 34 ===
  OMP: t₀=7.097881, UB=14.600583, gap=5.14e-01, x=[0, 0, 0, 0, 0, 0, 0, 0, 0, 0, 1, 0, 0, 0, 0, 0, 0, 0, 0, 0, 0, 0, 0, 0, 0, 1, 0, 0, 0, 0] (0.001s)
  Sub: Z₀=11.399425 [LOCAL] (0.1s), α=[0.000,0.000,0.000,0.000,0.000,0.000,0.000,0.000,0.000,0.000,4.597,0.000,0.000,0.000,1.520,0.000,0.000,0.000,0.000,0.000,0.000,0.000,0.000,0.000,0.000,4.697,0.000,0.000,0.000,0.000]
  Iter 34: LB=7.097881  UB=14.600583  gap=5.14e-01
  Cut: intercept=-1103.085575, π_x_range=[-819.6812, 579.7559]
  Mini-Benders[1] (mw): LB=7.175858, Z₀(α*)=0.542890, intercept=-20.632102 (1.015s) [OMP=0.982 ISP-L=0.004 ISP-F=0.011 MW-L=0.006 MW-F=0.009]
  Mini-Benders[2] (mw): LB=7.175858, Z₀(α*)=0.542890, intercept=-20.632102 (1.000s) [OMP=0.960 ISP-L=0.004 ISP-F=0.011 MW-L=0.006 MW-F=0.009]
  Mini-Benders[3] (mw): LB=7.175858, Z₀(α*)=0.542890, intercept=-20.632102 (1.000s) [OMP=0.981 ISP-L=0.004 ISP-F=0.010 MW-L=0.006 MW-F=0.009]
  Mini-Benders[4]: LB stagnated, break
  α-step: Z₀=17.449876, α=[0.000,0.000,0.000,0.000,0.000,0.000,0.000,0.000,0.000,0.000,0.000,0.000,0.000,0.000,0.395,0.000,0.000,0.000,0.000,0.000,0.000,0.000,0.355,0.000,0.000,7.591,2.475,0.000,0.000,0.000]
  Alt-Benders[1] (mw): LB=7.869028, Z₀(α*)=4.707020, intercept=-15.309687 (0.970s) [OMP=0.939 ISP-L=0.005 ISP-F=0.009 MW-L=0.007 MW-F=0.010]
  Alt-Benders[2] (mw): LB=7.869028, Z₀(α*)=4.707020, intercept=-15.309687 (0.968s) [OMP=0.944 ISP-L=0.005 ISP-F=0.009 MW-L=0.007 MW-F=0.010]
  Alt-Benders[3] (mw): LB=7.869028, Z₀(α*)=4.707020, intercept=-15.309687 (1.000s) [OMP=0.952 ISP-L=0.005 ISP-F=0.009 MW-L=0.017 MW-F=0.010]
  Alt-Benders[4]: LB stagnated, break
  OMP re-solve: 0.001s

=== True-DRO Benders iter 35 ===
  OMP: t₀=7.869028, UB=14.600583, gap=4.61e-01, x=[0, 0, 0, 0, 0, 0, 0, 0, 0, 0, 0, 0, 0, 0, 0, 1, 0, 0, 0, 0, 0, 0, 0, 0, 0, 0, 1, 0, 0, 0] (0.001s)
  Sub: Z₀=16.602054 [TIME_LIMIT] (15.1s), α=[0.000,0.000,0.000,0.000,0.000,0.000,0.000,0.000,0.000,0.000,0.000,0.000,0.000,0.000,0.000,0.000,0.000,0.000,0.000,0.000,0.000,0.000,0.000,0.000,0.000,2.130,8.053,0.631,0.000,0.000]
  Iter 35: LB=7.869028  UB=14.600583  gap=4.61e-01
  Cut: intercept=-105.253303, π_x_range=[-250.0000, 86.7828]
  Mini-Benders[1] (mw): LB=7.869028, Z₀(α*)=16.602054, intercept=-5.658432 (0.937s) [OMP=0.894 ISP-L=0.004 ISP-F=0.010 MW-L=0.007 MW-F=0.010]
  Mini-Benders[2] (mw): LB=8.101831, Z₀(α*)=-19.353376, intercept=-78.439955 (0.906s) [OMP=0.879 ISP-L=0.004 ISP-F=0.011 MW-L=0.007 MW-F=0.009]
  Mini-Benders[3] (mw): LB=8.101831, Z₀(α*)=-19.353376, intercept=-78.439955 (0.891s) [OMP=0.866 ISP-L=0.004 ISP-F=0.011 MW-L=0.007 MW-F=0.009]
  Mini-Benders[4] (mw): LB=8.101831, Z₀(α*)=-19.353376, intercept=-78.439955 (0.922s) [OMP=0.878 ISP-L=0.004 ISP-F=0.011 MW-L=0.006 MW-F=0.009]
  Mini-Benders[5]: LB stagnated, break
  α-step: Z₀=14.561863, α=[0.000,0.000,0.000,0.000,0.000,0.000,0.000,0.000,0.000,0.000,6.353,0.000,0.000,0.000,1.520,0.000,0.000,0.000,0.000,2.883,0.000,0.000,0.000,0.000,0.000,0.000,0.059,0.000,0.000,0.000]
  Alt-Benders[1] (mw): LB=8.431041, Z₀(α*)=6.009313, intercept=-60.719279 (0.953s) [OMP=0.914 ISP-L=0.004 ISP-F=0.010 MW-L=0.007 MW-F=0.010]
  Alt-Benders[2] (mw): LB=8.431041, Z₀(α*)=6.009313, intercept=-60.719279 (0.938s) [OMP=0.907 ISP-L=0.005 ISP-F=0.010 MW-L=0.007 MW-F=0.010]
  Alt-Benders[3] (mw): LB=8.431041, Z₀(α*)=6.009313, intercept=-60.719279 (0.952s) [OMP=0.912 ISP-L=0.004 ISP-F=0.010 MW-L=0.006 MW-F=0.021]
  Alt-Benders[4]: LB stagnated, break
  OMP re-solve: 0.001s

=== True-DRO Benders iter 36 ===
  OMP: t₀=8.431041, UB=14.600583, gap=4.23e-01, x=[0, 0, 0, 0, 0, 0, 0, 0, 1, 0, 1, 0, 0, 0, 0, 0, 0, 0, 0, 0, 0, 0, 0, 0, 0, 0, 0, 0, 0, 0] (0.001s)
  Sub: Z₀=15.815298 [LOCAL] (0.2s), α=[0.000,0.000,0.000,0.000,0.000,0.000,0.000,0.000,0.000,0.000,6.636,0.000,0.000,0.000,3.545,0.000,0.000,0.000,0.000,0.000,0.000,0.000,0.000,0.000,0.000,0.283,0.159,0.191,0.000,0.000]
  Iter 36: LB=8.431041  UB=14.600583  gap=4.23e-01
  Cut: intercept=-1092.781477, π_x_range=[-819.0723, 583.0876]
  Mini-Benders[1] (mw): LB=9.045655, Z₀(α*)=-11.264522, intercept=-39.259200 (0.969s) [OMP=0.932 ISP-L=0.004 ISP-F=0.010 MW-L=0.007 MW-F=0.009]
  Mini-Benders[2] (mw): LB=9.045655, Z₀(α*)=-11.264522, intercept=-39.259200 (0.948s) [OMP=0.910 ISP-L=0.004 ISP-F=0.010 MW-L=0.007 MW-F=0.009]
  Mini-Benders[3] (mw): LB=9.045655, Z₀(α*)=-11.264522, intercept=-39.259200 (0.911s) [OMP=0.887 ISP-L=0.004 ISP-F=0.010 MW-L=0.007 MW-F=0.009]
  Mini-Benders[4]: LB stagnated, break
  α-step: Z₀=15.528039, α=[0.000,0.000,0.000,0.000,0.000,0.000,0.000,0.000,0.000,0.000,0.000,0.000,0.000,0.000,0.000,0.000,0.000,0.000,0.000,0.000,0.000,0.000,0.000,0.000,0.000,7.447,3.368,0.000,0.000,0.000]
  Alt-Benders[1] (mw): LB=9.343437, Z₀(α*)=14.603361, intercept=-39.009330 (0.969s) [OMP=0.943 ISP-L=0.004 ISP-F=0.010 MW-L=0.006 MW-F=0.010]
  Alt-Benders[2] (mw): LB=9.534601, Z₀(α*)=-25.539350, intercept=-41.540488 (0.954s) [OMP=0.924 ISP-L=0.004 ISP-F=0.009 MW-L=0.007 MW-F=0.008]
  Alt-Benders[3] (mw): LB=9.534601, Z₀(α*)=-25.539350, intercept=-41.540488 (0.921s) [OMP=0.880 ISP-L=0.004 ISP-F=0.009 MW-L=0.007 MW-F=0.008]
  Alt-Benders[4] (mw): LB=9.534601, Z₀(α*)=-25.539350, intercept=-41.540488 (0.890s) [OMP=0.865 ISP-L=0.004 ISP-F=0.009 MW-L=0.007 MW-F=0.018]
  Alt-Benders[5]: LB stagnated, break
  OMP re-solve: 0.001s

=== True-DRO Benders iter 37 ===
  OMP: t₀=9.534601, UB=14.600583, gap=3.47e-01, x=[0, 0, 0, 1, 1, 0, 0, 0, 0, 0, 0, 0, 0, 0, 0, 0, 0, 0, 0, 0, 0, 0, 0, 0, 0, 0, 0, 0, 0, 0] (0.001s)
  Sub: Z₀=14.147658 [LOCAL] (0.2s), α=[0.000,0.000,0.000,0.000,8.086,0.000,0.078,0.000,0.000,0.000,0.000,0.000,0.000,0.000,1.598,0.000,0.000,0.000,0.000,0.000,0.000,0.000,0.000,0.000,0.000,1.053,0.000,0.000,0.000,0.000]
  Iter 37: LB=9.534601  UB=14.600583  gap=3.47e-01
  Cut: intercept=-1118.978610, π_x_range=[-827.1416, 567.1262]
  Mini-Benders[1] (mw): LB=9.846010, Z₀(α*)=-11.962360, intercept=-15.671166 (0.969s) [OMP=0.931 ISP-L=0.004 ISP-F=0.011 MW-L=0.007 MW-F=0.010]
  Mini-Benders[2] (mw): LB=9.846010, Z₀(α*)=-11.962360, intercept=-15.671166 (1.031s) [OMP=1.001 ISP-L=0.004 ISP-F=0.011 MW-L=0.006 MW-F=0.010]
  Mini-Benders[3] (mw): LB=9.846010, Z₀(α*)=-11.962360, intercept=-15.671166 (1.015s) [OMP=0.985 ISP-L=0.004 ISP-F=0.011 MW-L=0.007 MW-F=0.010]
  Mini-Benders[4]: LB stagnated, break
  α-step: Z₀=19.883706, α=[0.000,0.000,0.000,0.000,0.000,0.000,0.000,0.000,0.000,0.000,0.000,0.000,0.000,0.000,2.095,0.000,0.000,0.000,0.000,0.000,0.000,0.000,0.000,0.000,0.000,6.997,1.723,0.000,0.000,0.000]
  Alt-Benders[1] (mw): LB=9.898986, Z₀(α*)=18.507596, intercept=5.960197 (0.984s) [OMP=0.949 ISP-L=0.004 ISP-F=0.010 MW-L=0.006 MW-F=0.009]
  Alt-Benders[2] (mw): LB=9.908956, Z₀(α*)=14.036804, intercept=9.672001 (0.938s) [OMP=0.915 ISP-L=0.004 ISP-F=0.009 MW-L=0.007 MW-F=0.009]
  Alt-Benders[3] (mw): LB=10.124790, Z₀(α*)=5.483171, intercept=-39.343666 (0.969s) [OMP=0.938 ISP-L=0.004 ISP-F=0.010 MW-L=0.006 MW-F=0.009]
  Alt-Benders[4] (mw): LB=10.124790, Z₀(α*)=5.483171, intercept=-39.343666 (0.968s) [OMP=0.919 ISP-L=0.004 ISP-F=0.010 MW-L=0.006 MW-F=0.020]
  Alt-Benders[5] (mw): LB=10.124790, Z₀(α*)=5.483171, intercept=-39.343666 (0.938s) [OMP=0.914 ISP-L=0.005 ISP-F=0.010 MW-L=0.007 MW-F=0.009]
  OMP re-solve: 0.921s

=== True-DRO Benders iter 38 ===
  OMP: t₀=10.124790, UB=14.600583, gap=3.07e-01, x=[0, 0, 0, 0, 0, 0, 1, 0, 0, 0, 0, 0, 0, 0, 0, 0, 0, 0, 0, 0, 0, 0, 0, 0, 0, 0, 1, 0, 0, 0] (0.001s)
  Sub: Z₀=14.887129 [LOCAL] (0.1s), α=[0.000,0.000,0.000,0.000,0.000,0.000,0.714,0.000,0.000,0.000,0.000,0.000,0.000,0.000,0.000,0.000,0.000,0.000,0.000,0.000,0.000,0.000,0.000,0.000,0.000,3.107,6.747,0.247,0.000,0.000]
  Iter 38: LB=10.124790  UB=14.600583  gap=3.07e-01
  Cut: intercept=-1128.923241, π_x_range=[-831.2570, 586.5060]
  Mini-Benders[1] (mw): LB=10.434747, Z₀(α*)=10.241864, intercept=3.413177 (0.985s) [OMP=0.944 ISP-L=0.004 ISP-F=0.010 MW-L=0.006 MW-F=0.008]
  Mini-Benders[2] (mw): LB=10.434747, Z₀(α*)=10.241864, intercept=3.413176 (1.093s) [OMP=1.079 ISP-L=0.002 ISP-F=0.011 MW-L=0.004 MW-F=0.008]
  Mini-Benders[3] (mw): LB=10.434747, Z₀(α*)=10.241864, intercept=3.413177 (1.172s) [OMP=1.136 ISP-L=0.004 ISP-F=0.010 MW-L=0.006 MW-F=0.009]
  Mini-Benders[4]: LB stagnated, break
  α-step: Z₀=19.331976, α=[0.000,0.000,0.000,0.000,1.067,0.000,0.000,0.000,0.000,0.000,0.000,0.000,0.000,0.000,1.520,0.000,0.000,0.000,0.000,0.000,0.000,0.000,0.000,0.000,0.000,4.686,3.542,0.000,0.000,0.000]
  Alt-Benders[1] (mw): LB=10.434747, Z₀(α*)=19.463176, intercept=15.131283 (1.000s) [OMP=0.955 ISP-L=0.005 ISP-F=0.010 MW-L=0.006 MW-F=0.014]
  Alt-Benders[2] (mw): LB=10.640764, Z₀(α*)=10.199145, intercept=-23.989142 (0.969s) [OMP=0.937 ISP-L=0.004 ISP-F=0.010 MW-L=0.007 MW-F=0.010]
  Alt-Benders[3] (mw): LB=10.640764, Z₀(α*)=10.199145, intercept=-23.989142 (0.938s) [OMP=0.903 ISP-L=0.004 ISP-F=0.010 MW-L=0.007 MW-F=0.020]
  Alt-Benders[4] (mw): LB=10.640764, Z₀(α*)=10.199145, intercept=-23.989142 (0.937s) [OMP=0.896 ISP-L=0.004 ISP-F=0.010 MW-L=0.007 MW-F=0.010]
  Alt-Benders[5]: LB stagnated, break
  OMP re-solve: 0.001s

=== True-DRO Benders iter 39 ===
  OMP: t₀=10.640764, UB=14.600583, gap=2.71e-01, x=[0, 0, 0, 0, 0, 0, 0, 0, 0, 0, 0, 0, 0, 0, 0, 0, 0, 0, 0, 1, 0, 0, 1, 0, 0, 0, 0, 0, 0, 0] (0.001s)
  Sub: Z₀=17.387008 [LOCAL] (0.2s), α=[0.000,0.000,0.000,0.000,0.000,0.000,0.000,1.507,0.000,0.000,0.000,0.000,0.000,0.000,3.337,0.000,0.000,0.000,0.000,0.000,0.000,0.000,0.000,0.000,0.000,5.800,0.171,0.000,0.000,0.000]
  Iter 39: LB=10.640764  UB=14.600583  gap=2.71e-01
  Cut: intercept=-1102.258542, π_x_range=[-832.4914, 560.4864]
  Mini-Benders[1] (mw): LB=10.643506, Z₀(α*)=-19.718774, intercept=-128.849832 (0.983s) [OMP=0.957 ISP-L=0.004 ISP-F=0.010 MW-L=0.007 MW-F=0.010]
  Mini-Benders[2] (mw): LB=10.643506, Z₀(α*)=-19.718774, intercept=-128.849832 (0.968s) [OMP=0.942 ISP-L=0.004 ISP-F=0.010 MW-L=0.007 MW-F=0.010]
  Mini-Benders[3] (mw): LB=10.643506, Z₀(α*)=-19.718774, intercept=-128.849832 (0.969s) [OMP=0.934 ISP-L=0.004 ISP-F=0.010 MW-L=0.007 MW-F=0.010]
  Mini-Benders[4]: LB stagnated, break
  α-step: Z₀=11.344797, α=[0.000,0.000,0.000,0.000,4.697,0.000,0.000,0.000,0.000,0.000,4.597,0.000,0.000,0.000,1.520,0.000,0.000,0.000,0.000,0.000,0.000,0.000,0.000,0.000,0.000,0.000,0.000,0.000,0.000,0.000]
  Alt-Benders[1] (mw): LB=10.702673, Z₀(α*)=-18.369445, intercept=-49.744479 (1.358s) [OMP=1.320 ISP-L=0.004 ISP-F=0.010 MW-L=0.007 MW-F=0.009]
  Alt-Benders[2] (mw): LB=10.702673, Z₀(α*)=-18.369445, intercept=-49.744479 (0.907s) [OMP=0.881 ISP-L=0.004 ISP-F=0.010 MW-L=0.006 MW-F=0.009]
  Alt-Benders[3] (mw): LB=10.702673, Z₀(α*)=-18.369445, intercept=-49.744479 (0.907s) [OMP=0.876 ISP-L=0.004 ISP-F=0.010 MW-L=0.006 MW-F=0.020]
  Alt-Benders[4]: LB stagnated, break
  OMP re-solve: 0.001s

=== True-DRO Benders iter 40 ===
  OMP: t₀=10.702673, UB=14.600583, gap=2.67e-01, x=[0, 0, 0, 0, 0, 0, 0, 0, 0, 0, 0, 0, 0, 0, 0, 0, 0, 0, 1, 1, 0, 0, 0, 0, 0, 0, 0, 0, 0, 0] (0.001s)
  Sub: Z₀=17.436679 [TIME_LIMIT] (15.1s), α=[0.000,0.000,0.000,0.000,0.000,0.000,0.000,0.000,0.000,0.000,0.000,0.000,0.000,0.000,2.400,0.000,0.000,0.000,0.000,2.699,0.000,0.000,0.000,0.000,0.000,5.716,0.000,0.000,0.000,0.000]
  Iter 40: LB=10.702673  UB=14.600583  gap=2.67e-01
  Cut: intercept=-48.700392, π_x_range=[-259.0000, 40.5403]
  Mini-Benders[1] (mw): LB=10.788096, Z₀(α*)=-0.618724, intercept=-40.950096 (1.016s) [OMP=0.980 ISP-L=0.004 ISP-F=0.011 MW-L=0.007 MW-F=0.009]
  Mini-Benders[2] (mw): LB=10.788097, Z₀(α*)=-0.618724, intercept=-40.950096 (0.969s) [OMP=0.943 ISP-L=0.005 ISP-F=0.010 MW-L=0.007 MW-F=0.009]
  Mini-Benders[3] (mw): LB=10.788097, Z₀(α*)=-0.618724, intercept=-40.950096 (0.984s) [OMP=0.953 ISP-L=0.004 ISP-F=0.010 MW-L=0.007 MW-F=0.008]
  Mini-Benders[4]: LB stagnated, break
  α-step: Z₀=13.077744, α=[0.000,0.000,0.000,0.000,0.000,0.000,0.000,0.000,0.000,0.000,0.000,0.000,0.000,0.000,1.520,0.000,0.000,0.000,0.000,0.000,0.000,0.000,0.000,0.000,0.000,6.790,0.000,2.505,0.000,0.000]
  Alt-Benders[1] (mw): LB=10.823158, Z₀(α*)=-4.324184, intercept=-65.987159 (1.125s) [OMP=1.088 ISP-L=0.004 ISP-F=0.010 MW-L=0.007 MW-F=0.010]
  Alt-Benders[2] (mw): LB=10.823158, Z₀(α*)=-4.324184, intercept=-65.987159 (0.985s) [OMP=0.946 ISP-L=0.004 ISP-F=0.009 MW-L=0.007 MW-F=0.009]
  Alt-Benders[3] (mw): LB=10.823158, Z₀(α*)=-4.324184, intercept=-65.987159 (0.969s) [OMP=0.938 ISP-L=0.004 ISP-F=0.010 MW-L=0.007 MW-F=0.009]
  Alt-Benders[4]: LB stagnated, break
  OMP re-solve: 0.001s

=== True-DRO Benders iter 41 ===
  OMP: t₀=10.823158, UB=14.600583, gap=2.59e-01, x=[0, 0, 0, 0, 0, 0, 0, 1, 0, 0, 0, 0, 0, 0, 0, 0, 0, 0, 0, 0, 0, 0, 0, 0, 0, 0, 1, 0, 0, 0] (0.001s)
  Sub: Z₀=14.278550 [LOCAL] (0.2s), α=[0.000,0.000,0.000,0.000,0.000,0.000,0.000,0.000,0.000,0.000,0.000,0.000,0.000,0.000,0.569,0.000,0.000,0.000,0.000,0.000,0.000,0.000,0.000,0.000,0.000,1.561,5.586,3.098,0.000,0.000]
  Iter 41: LB=10.823158  UB=14.600583  gap=2.59e-01
  Cut: intercept=-1099.127160, π_x_range=[-830.3083, 560.0909]
  Mini-Benders[1] (mw): LB=11.077692, Z₀(α*)=-4.626446, intercept=-56.527104 (1.141s) [OMP=1.094 ISP-L=0.004 ISP-F=0.009 MW-L=0.017 MW-F=0.009]
  Mini-Benders[2] (mw): LB=11.077692, Z₀(α*)=-4.626446, intercept=-56.527104 (0.931s) [OMP=0.901 ISP-L=0.004 ISP-F=0.009 MW-L=0.007 MW-F=0.009]
  Mini-Benders[3] (mw): LB=11.077692, Z₀(α*)=-4.626446, intercept=-56.527104 (0.928s) [OMP=0.911 ISP-L=0.004 ISP-F=0.009 MW-L=0.007 MW-F=0.008]
  Mini-Benders[4]: LB stagnated, break
  α-step: Z₀=11.316121, α=[0.000,0.000,0.000,0.000,2.418,0.000,2.229,0.000,0.000,0.000,0.000,0.000,0.000,0.000,3.749,0.000,0.000,0.000,0.000,0.000,0.000,0.000,0.000,0.000,0.000,2.418,0.000,0.000,0.000,0.000]
  Alt-Benders[1] (mw): LB=11.082236, Z₀(α*)=8.987613, intercept=-2.989400 (1.282s) [OMP=1.241 ISP-L=0.004 ISP-F=0.011 MW-L=0.007 MW-F=0.009]
  Alt-Benders[2] (mw): LB=11.082236, Z₀(α*)=8.987613, intercept=-2.989400 (1.017s) [OMP=0.998 ISP-L=0.005 ISP-F=0.010 MW-L=0.007 MW-F=0.009]
  Alt-Benders[3] (mw): LB=11.082236, Z₀(α*)=8.987613, intercept=-2.989400 (1.062s) [OMP=1.017 ISP-L=0.004 ISP-F=0.010 MW-L=0.007 MW-F=0.009]
  Alt-Benders[4]: LB stagnated, break
  OMP re-solve: 0.001s

=== True-DRO Benders iter 42 ===
  OMP: t₀=11.082236, UB=14.600583, gap=2.41e-01, x=[0, 0, 0, 0, 0, 0, 0, 0, 1, 0, 0, 0, 0, 0, 0, 0, 0, 0, 1, 0, 0, 0, 0, 0, 0, 0, 0, 0, 0, 0] (0.001s)
  Sub: Z₀=18.796827 [LOCAL] (0.1s), α=[0.000,0.000,0.000,0.000,0.000,0.000,0.000,0.000,0.000,0.000,0.000,0.000,0.000,0.000,3.163,0.000,0.000,0.000,0.000,0.000,0.000,0.000,0.000,0.000,0.000,7.652,0.000,0.000,0.000,0.000]
  Iter 42: LB=11.082236  UB=14.600583  gap=2.41e-01
  Cut: intercept=-1107.637351, π_x_range=[-834.0205, 582.9609]
  Mini-Benders[1] (mw): LB=11.109949, Z₀(α*)=16.351989, intercept=-25.551090 (1.203s) [OMP=1.176 ISP-L=0.005 ISP-F=0.010 MW-L=0.007 MW-F=0.009]
  Mini-Benders[2] (mw): LB=11.152782, Z₀(α*)=9.084205, intercept=-14.203615 (1.203s) [OMP=1.153 ISP-L=0.004 ISP-F=0.011 MW-L=0.018 MW-F=0.010]
  Mini-Benders[3] (mw): LB=11.152782, Z₀(α*)=9.084205, intercept=-14.203615 (1.000s) [OMP=0.968 ISP-L=0.004 ISP-F=0.011 MW-L=0.007 MW-F=0.009]
  Mini-Benders[4] (mw): LB=11.152782, Z₀(α*)=9.084205, intercept=-14.203615 (1.000s) [OMP=0.968 ISP-L=0.004 ISP-F=0.011 MW-L=0.007 MW-F=0.009]
  Mini-Benders[5]: LB stagnated, break
  α-step: Z₀=17.508040, α=[0.000,0.000,0.000,0.000,0.000,0.000,0.000,0.000,0.000,0.000,0.000,0.000,0.000,0.000,0.269,0.000,0.000,0.000,0.000,1.592,0.000,0.000,0.000,0.000,0.000,8.954,0.000,0.000,0.000,0.000]
  Alt-Benders[1] (mw): LB=11.216233, Z₀(α*)=7.057963, intercept=-24.071930 (1.156s) [OMP=1.127 ISP-L=0.004 ISP-F=0.010 MW-L=0.007 MW-F=0.010]
  Alt-Benders[2] (mw): LB=11.216233, Z₀(α*)=7.057963, intercept=-24.071930 (1.156s) [OMP=1.122 ISP-L=0.004 ISP-F=0.010 MW-L=0.007 MW-F=0.010]
  Alt-Benders[3] (mw): LB=11.216233, Z₀(α*)=7.057963, intercept=-24.071930 (1.142s) [OMP=1.109 ISP-L=0.004 ISP-F=0.010 MW-L=0.007 MW-F=0.010]
  Alt-Benders[4]: LB stagnated, break
  OMP re-solve: 0.001s

=== True-DRO Benders iter 43 ===
  OMP: t₀=11.216233, UB=14.600583, gap=2.32e-01, x=[0, 0, 0, 0, 0, 0, 1, 0, 0, 0, 0, 0, 0, 0, 1, 0, 0, 0, 0, 0, 0, 0, 0, 0, 0, 0, 0, 0, 0, 0] (0.001s)
  Sub: Z₀=16.521500 [LOCAL] (0.1s), α=[0.000,0.000,0.000,0.000,0.056,0.000,2.649,0.000,0.000,0.000,0.000,0.000,0.000,0.000,2.649,0.000,0.000,0.000,0.000,0.000,0.000,0.000,0.000,0.000,0.000,5.461,0.000,0.000,0.000,0.000]
  Iter 43: LB=11.216233  UB=14.600583  gap=2.32e-01
  Cut: intercept=-1156.548808, π_x_range=[-831.5880, 589.1091]
  Mini-Benders[1] (mw): LB=11.255292, Z₀(α*)=15.122018, intercept=-19.124143 (0.969s) [OMP=0.938 ISP-L=0.004 ISP-F=0.011 MW-L=0.006 MW-F=0.009]
  Mini-Benders[2] (mw): LB=11.316121, Z₀(α*)=-3.008693, intercept=-67.969078 (0.954s) [OMP=0.916 ISP-L=0.004 ISP-F=0.008 MW-L=0.017 MW-F=0.009]
  Mini-Benders[3] (mw): LB=11.316121, Z₀(α*)=-3.008693, intercept=-67.969078 (0.983s) [OMP=0.950 ISP-L=0.004 ISP-F=0.009 MW-L=0.007 MW-F=0.009]
  Mini-Benders[4] (mw): LB=11.316121, Z₀(α*)=-3.008693, intercept=-67.969078 (1.000s) [OMP=0.972 ISP-L=0.004 ISP-F=0.009 MW-L=0.007 MW-F=0.009]
  Mini-Benders[5]: LB stagnated, break
  α-step: Z₀=11.077692, α=[0.000,0.000,0.000,0.000,4.081,0.000,0.566,0.000,0.000,0.000,0.000,0.000,0.000,0.000,2.086,0.000,0.000,0.000,0.000,0.000,0.000,0.000,0.000,0.000,0.000,4.081,0.000,0.000,0.000,0.000]
  Alt-Benders[1] (mw): LB=11.316121, Z₀(α*)=11.316121, intercept=-55.779916 (1.000s) [OMP=0.957 ISP-L=0.004 ISP-F=0.009 MW-L=0.007 MW-F=0.009]
  Alt-Benders[2] (mw): LB=11.316121, Z₀(α*)=11.316121, intercept=-55.779916 (0.985s) [OMP=0.959 ISP-L=0.004 ISP-F=0.009 MW-L=0.007 MW-F=0.009]
  Alt-Benders[3] (mw): LB=11.316121, Z₀(α*)=11.316121, intercept=-55.779916 (1.000s) [OMP=0.964 ISP-L=0.004 ISP-F=0.009 MW-L=0.007 MW-F=0.009]
  Alt-Benders[4]: LB stagnated, break
  OMP re-solve: 0.001s

=== True-DRO Benders iter 44 ===
  OMP: t₀=11.316121, UB=14.600583, gap=2.25e-01, x=[0, 0, 0, 0, 1, 0, 0, 0, 0, 0, 0, 0, 0, 0, 0, 0, 0, 0, 0, 0, 0, 0, 0, 0, 0, 1, 0, 0, 0, 0] (0.001s)
  Sub: Z₀=11.316119 [LOCAL] (0.1s), α=[0.000,0.000,0.000,0.000,3.465,0.000,1.182,0.000,0.000,0.000,0.000,0.000,0.000,0.000,2.702,0.000,0.000,0.000,0.000,0.000,0.000,0.000,0.000,0.000,0.000,3.465,0.000,0.000,0.000,0.000]
  Iter 44: LB=11.316121  UB=14.600583  gap=2.25e-01
  Cut: intercept=-1133.431828, π_x_range=[-826.3678, 578.5301]
  Mini-Benders[1] (mw): LB=11.316121, Z₀(α*)=11.316121, intercept=-55.779915 (0.999s) [OMP=0.974 ISP-L=0.004 ISP-F=0.009 MW-L=0.007 MW-F=0.009]
  Mini-Benders[2] (mw): LB=11.316121, Z₀(α*)=11.316121, intercept=-55.779915 (1.016s) [OMP=0.970 ISP-L=0.004 ISP-F=0.009 MW-L=0.018 MW-F=0.010]
  Mini-Benders[3]: LB stagnated, break
  α-step: Z₀=11.316121, α=[0.000,0.000,0.000,0.000,0.100,0.000,4.547,0.000,0.000,0.000,0.000,0.000,0.000,0.000,6.067,0.000,0.000,0.000,0.000,0.000,0.000,0.000,0.000,0.000,0.000,0.100,0.000,0.000,0.000,0.000]
  Alt-Benders[1] (mw): LB=11.316121, Z₀(α*)=11.316121, intercept=-55.779914 (1.016s) [OMP=0.986 ISP-L=0.004 ISP-F=0.009 MW-L=0.007 MW-F=0.009]
  Alt-Benders[2] (mw): LB=11.316121, Z₀(α*)=11.316121, intercept=-55.779914 (1.017s) [OMP=0.985 ISP-L=0.004 ISP-F=0.008 MW-L=0.007 MW-F=0.009]
  Alt-Benders[3]: LB stagnated, break
  OMP re-solve: 0.001s

=== True-DRO Benders iter 45 ===
  OMP: t₀=11.316121, UB=14.600583, gap=2.25e-01, x=[0, 0, 0, 0, 1, 0, 0, 0, 0, 0, 0, 0, 0, 0, 0, 0, 0, 0, 0, 0, 0, 0, 0, 0, 0, 1, 0, 0, 0, 0] (0.001s)
  Sub: Z₀=11.316121 [TIME_LIMIT] (15.2s), α=[0.000,0.000,0.000,0.000,0.100,0.000,4.547,0.000,0.000,0.000,0.000,0.000,0.000,0.000,6.067,0.000,0.000,0.000,0.000,0.000,0.000,0.000,0.000,0.000,0.000,0.100,0.000,0.000,0.000,0.000]
  Iter 45: LB=11.316121  UB=12.676639  gap=1.07e-01
  Cut: intercept=-99.694967, π_x_range=[-217.5492, 67.5900]
  Mini-Benders[1] (mw): LB=11.316121, Z₀(α*)=11.316121, intercept=-55.779914 (0.968s) [OMP=0.945 ISP-L=0.004 ISP-F=0.008 MW-L=0.007 MW-F=0.009]
  Mini-Benders[2] (mw): LB=11.316121, Z₀(α*)=11.316121, intercept=-55.779914 (0.985s) [OMP=0.958 ISP-L=0.004 ISP-F=0.008 MW-L=0.007 MW-F=0.009]
  Mini-Benders[3]: LB stagnated, break
  α-step: Z₀=11.316121, α=[0.000,0.000,0.000,0.000,0.100,0.000,4.547,0.000,0.000,0.000,0.000,0.000,0.000,0.000,6.067,0.000,0.000,0.000,0.000,0.000,0.000,0.000,0.000,0.000,0.000,0.100,0.000,0.000,0.000,0.000]
  Alt-Benders[1] (mw): LB=11.316121, Z₀(α*)=11.316121, intercept=-55.779914 (1.017s) [OMP=0.995 ISP-L=0.005 ISP-F=0.008 MW-L=0.007 MW-F=0.009]
  Alt-Benders[2] (mw): LB=11.316121, Z₀(α*)=11.316121, intercept=-55.779914 (1.024s) [OMP=0.970 ISP-L=0.004 ISP-F=0.009 MW-L=0.008 MW-F=0.020]
  Alt-Benders[3]: LB stagnated, break
  OMP re-solve: 0.001s

=== True-DRO Benders iter 46 ===
  OMP: t₀=11.316121, UB=12.676639, gap=1.07e-01, x=[0, 0, 0, 0, 1, 0, 0, 0, 0, 0, 0, 0, 0, 0, 0, 0, 0, 0, 0, 0, 0, 0, 0, 0, 0, 1, 0, 0, 0, 0] (0.001s)
  Sub: Z₀=11.316119 [LOCAL] (0.1s), α=[0.000,0.000,0.000,0.000,3.465,0.000,1.182,0.000,0.000,0.000,0.000,0.000,0.000,0.000,2.702,0.000,0.000,0.000,0.000,0.000,0.000,0.000,0.000,0.000,0.000,3.465,0.000,0.000,0.000,0.000]
  Iter 46: LB=11.316121  UB=12.676639  gap=1.07e-01
  Cut: intercept=-1133.431828, π_x_range=[-826.3678, 578.5301]
  Mini-Benders[1] (mw): LB=11.316121, Z₀(α*)=11.316121, intercept=-55.779915 (1.033s) [OMP=1.001 ISP-L=0.005 ISP-F=0.008 MW-L=0.007 MW-F=0.009]
  Mini-Benders[2] (mw): LB=11.316121, Z₀(α*)=11.316121, intercept=-55.779915 (1.031s) [OMP=1.001 ISP-L=0.004 ISP-F=0.008 MW-L=0.007 MW-F=0.009]
  Mini-Benders[3]: LB stagnated, break
  α-step: Z₀=11.316121, α=[0.000,0.000,0.000,0.000,0.100,0.000,4.547,0.000,0.000,0.000,0.000,0.000,0.000,0.000,6.067,0.000,0.000,0.000,0.000,0.000,0.000,0.000,0.000,0.000,0.000,0.100,0.000,0.000,0.000,0.000]
  Alt-Benders[1] (mw): LB=11.316121, Z₀(α*)=11.316121, intercept=-55.779914 (1.018s) [OMP=0.989 ISP-L=0.004 ISP-F=0.009 MW-L=0.007 MW-F=0.009]
  Alt-Benders[2] (mw): LB=11.316121, Z₀(α*)=11.316121, intercept=-55.779914 (1.012s) [OMP=0.986 ISP-L=0.004 ISP-F=0.009 MW-L=0.007 MW-F=0.009]
  Alt-Benders[3]: LB stagnated, break
  OMP re-solve: 0.001s

=== True-DRO Benders iter 47 ===
  OMP: t₀=11.316121, UB=12.676639, gap=1.07e-01, x=[0, 0, 0, 0, 1, 0, 0, 0, 0, 0, 0, 0, 0, 0, 0, 0, 0, 0, 0, 0, 0, 0, 0, 0, 0, 1, 0, 0, 0, 0] (0.001s)
  Sub: Z₀=11.316119 [LOCAL] (0.1s), α=[0.000,0.000,0.000,0.000,3.465,0.000,1.182,0.000,0.000,0.000,0.000,0.000,0.000,0.000,2.702,0.000,0.000,0.000,0.000,0.000,0.000,0.000,0.000,0.000,0.000,3.465,0.000,0.000,0.000,0.000]
  Iter 47: LB=11.316121  UB=12.676639  gap=1.07e-01
  Cut: intercept=-1133.431828, π_x_range=[-826.3678, 578.5301]
  Mini-Benders[1] (mw): LB=11.316121, Z₀(α*)=11.316121, intercept=-55.779915 (1.038s) [OMP=1.002 ISP-L=0.004 ISP-F=0.009 MW-L=0.007 MW-F=0.009]
  Mini-Benders[2] (mw): LB=11.316121, Z₀(α*)=11.316121, intercept=-55.779915 (1.008s) [OMP=0.983 ISP-L=0.004 ISP-F=0.009 MW-L=0.007 MW-F=0.020]
  Mini-Benders[3]: LB stagnated, break
  α-step: Z₀=11.316121, α=[0.000,0.000,0.000,0.000,0.100,0.000,4.547,0.000,0.000,0.000,0.000,0.000,0.000,0.000,6.067,0.000,0.000,0.000,0.000,0.000,0.000,0.000,0.000,0.000,0.000,0.100,0.000,0.000,0.000,0.000]
  Alt-Benders[1] (mw): LB=11.316121, Z₀(α*)=11.316121, intercept=-55.779914 (1.016s) [OMP=0.991 ISP-L=0.004 ISP-F=0.009 MW-L=0.007 MW-F=0.009]
  Alt-Benders[2] (mw): LB=11.316121, Z₀(α*)=11.316121, intercept=-55.779914 (1.015s) [OMP=0.983 ISP-L=0.004 ISP-F=0.008 MW-L=0.007 MW-F=0.009]
  Alt-Benders[3]: LB stagnated, break
  OMP re-solve: 0.001s

=== True-DRO Benders iter 48 ===
  OMP: t₀=11.316121, UB=12.676639, gap=1.07e-01, x=[0, 0, 0, 0, 1, 0, 0, 0, 0, 0, 0, 0, 0, 0, 0, 0, 0, 0, 0, 0, 0, 0, 0, 0, 0, 1, 0, 0, 0, 0] (0.001s)
  Sub: Z₀=11.316119 [LOCAL] (0.1s), α=[0.000,0.000,0.000,0.000,3.465,0.000,1.182,0.000,0.000,0.000,0.000,0.000,0.000,0.000,2.702,0.000,0.000,0.000,0.000,0.000,0.000,0.000,0.000,0.000,0.000,3.465,0.000,0.000,0.000,0.000]
  Iter 48: LB=11.316121  UB=12.676639  gap=1.07e-01
  Cut: intercept=-1133.431828, π_x_range=[-826.3678, 578.5301]
  Mini-Benders[1] (mw): LB=11.316121, Z₀(α*)=11.316121, intercept=-55.779915 (1.000s) [OMP=0.978 ISP-L=0.004 ISP-F=0.008 MW-L=0.007 MW-F=0.009]
  Mini-Benders[2] (mw): LB=11.316121, Z₀(α*)=11.316121, intercept=-55.779915 (1.031s) [OMP=0.993 ISP-L=0.004 ISP-F=0.009 MW-L=0.007 MW-F=0.009]
  Mini-Benders[3]: LB stagnated, break
  α-step: Z₀=11.316121, α=[0.000,0.000,0.000,0.000,0.100,0.000,4.547,0.000,0.000,0.000,0.000,0.000,0.000,0.000,6.067,0.000,0.000,0.000,0.000,0.000,0.000,0.000,0.000,0.000,0.000,0.100,0.000,0.000,0.000,0.000]
  Alt-Benders[1] (mw): LB=11.316121, Z₀(α*)=11.316121, intercept=-55.779914 (1.000s) [OMP=0.976 ISP-L=0.004 ISP-F=0.008 MW-L=0.007 MW-F=0.009]
  Alt-Benders[2] (mw): LB=11.316121, Z₀(α*)=11.316121, intercept=-55.779914 (1.032s) [OMP=0.982 ISP-L=0.004 ISP-F=0.009 MW-L=0.007 MW-F=0.019]
  Alt-Benders[3]: LB stagnated, break
  OMP re-solve: 0.001s

=== True-DRO Benders iter 49 ===
  OMP: t₀=11.316121, UB=12.676639, gap=1.07e-01, x=[0, 0, 0, 0, 1, 0, 0, 0, 0, 0, 0, 0, 0, 0, 0, 0, 0, 0, 0, 0, 0, 0, 0, 0, 0, 1, 0, 0, 0, 0] (0.001s)
  Sub: Z₀=11.316119 [LOCAL] (0.1s), α=[0.000,0.000,0.000,0.000,3.465,0.000,1.182,0.000,0.000,0.000,0.000,0.000,0.000,0.000,2.702,0.000,0.000,0.000,0.000,0.000,0.000,0.000,0.000,0.000,0.000,3.465,0.000,0.000,0.000,0.000]
  Iter 49: LB=11.316121  UB=12.676639  gap=1.07e-01
  Cut: intercept=-1133.431828, π_x_range=[-826.3678, 578.5301]
  Mini-Benders[1] (mw): LB=11.316121, Z₀(α*)=11.316121, intercept=-55.779915 (1.047s) [OMP=1.015 ISP-L=0.004 ISP-F=0.009 MW-L=0.007 MW-F=0.009]
  Mini-Benders[2] (mw): LB=11.316121, Z₀(α*)=11.316121, intercept=-55.779915 (1.000s) [OMP=0.976 ISP-L=0.004 ISP-F=0.009 MW-L=0.007 MW-F=0.009]
  Mini-Benders[3]: LB stagnated, break
  α-step: Z₀=11.316121, α=[0.000,0.000,0.000,0.000,0.100,0.000,4.547,0.000,0.000,0.000,0.000,0.000,0.000,0.000,6.067,0.000,0.000,0.000,0.000,0.000,0.000,0.000,0.000,0.000,0.000,0.100,0.000,0.000,0.000,0.000]
  Alt-Benders[1] (mw): LB=11.316121, Z₀(α*)=11.316121, intercept=-55.779914 (1.000s) [OMP=0.974 ISP-L=0.004 ISP-F=0.008 MW-L=0.007 MW-F=0.009]
  Alt-Benders[2] (mw): LB=11.316121, Z₀(α*)=11.316121, intercept=-55.779914 (1.025s) [OMP=0.987 ISP-L=0.004 ISP-F=0.008 MW-L=0.007 MW-F=0.009]
  Alt-Benders[3]: LB stagnated, break
  OMP re-solve: 0.001s

=== True-DRO Benders iter 50 ===
  OMP: t₀=11.316121, UB=12.676639, gap=1.07e-01, x=[0, 0, 0, 0, 1, 0, 0, 0, 0, 0, 0, 0, 0, 0, 0, 0, 0, 0, 0, 0, 0, 0, 0, 0, 0, 1, 0, 0, 0, 0] (0.001s)
  → Boost: time limit 3600s + MIPGap=0.5% (same x + prev TIME_LIMIT)
  Sub: Z₀=11.316122 (145.9s), α=[0.000,0.000,0.000,0.000,4.005,0.000,0.642,0.000,0.000,0.000,0.000,0.000,0.000,0.000,2.162,0.000,0.000,0.000,0.000,0.000,0.000,0.000,0.000,0.000,0.000,4.005,0.000,0.000,0.000,0.000]
  Iter 50: LB=11.316121  UB=11.316122  gap=1.18e-07
True-DRO Benders converged at iter 50 (gap=1.18e-07)
  Wall time: 683.62 sec
  OMP  time: mean=0.655s, median=0.841s, max=1.320s
  Sub  time (exact): mean=145.923s, median=145.923s, q90=145.923s, max=145.923s (n=1/50)

Result (double/mb_only): Z₀=11.316122, iters=50, time=683.7s
x arcs = [5, 26]
