============================================================
abilene — double [mb_only]: ε̂=0.10, ε̃=0.10, β=0.00
  mini_benders=true, valid_inequality=none
============================================================
Set parameter Username
Set parameter LicenseID to value 2742039
Academic license - for non-commercial use only - expires 2026-11-20
Set parameter Username
Set parameter LicenseID to value 2742039
Academic license - for non-commercial use only - expires 2026-11-20
Set parameter OutputFlag to value 1
Set parameter LogFile to value "global_miqcp.log"
Set parameter Username
Set parameter LicenseID to value 2742039
Academic license - for non-commercial use only - expires 2026-11-20
Set parameter Username
Set parameter LicenseID to value 2742039
Academic license - for non-commercial use only - expires 2026-11-20
Set parameter Username
Set parameter LicenseID to value 2742039
Academic license - for non-commercial use only - expires 2026-11-20
Set parameter Username
Set parameter LicenseID to value 2742039
Academic license - for non-commercial use only - expires 2026-11-20

=== True-DRO Benders iter 1 ===
  OMP: t₀=-10000.000000, UB=Inf, gap=NaN, x=[0, 0, 0, 0, 0, 0, 0, 0, 0, 0, 0, 0, 0, 0, 0, 0, 0, 0, 0, 0, 0, 0, 0, 0, 0, 0, 0, 0, 0, 0] (0.000s)
  Sub: Z₀=19.525760 [LOCAL] (0.1s), α=[0.000,0.000,0.000,0.000,0.000,0.000,0.000,0.000,0.000,0.000,0.000,0.000,0.000,0.000,2.095,0.000,0.000,0.000,0.000,0.000,0.000,0.000,0.000,0.000,0.000,6.997,1.263,0.460,0.000,0.000]
  Iter 1: LB=-10000.000000  UB=Inf  gap=NaN
  Cut: intercept=19.525760, π_x_range=[-832.9453, -801.2990]
  Mini-Benders[1] (mw): LB=-1633.976363, Z₀(α*)=-18.392914, intercept=-95.997985 (0.046s) [OMP=0.008 ISP-L=0.006 ISP-F=0.013 MW-L=0.007 MW-F=0.018]
  Mini-Benders[2] (mw): LB=-240.095089, Z₀(α*)=-18.917405, intercept=-52.174238 (0.032s) [OMP=0.004 ISP-L=0.003 ISP-F=0.008 MW-L=0.006 MW-F=0.008]
  Mini-Benders[3] (mw): LB=-173.522901, Z₀(α*)=-1.471673, intercept=-36.041433 (0.047s) [OMP=0.013 ISP-L=0.004 ISP-F=0.009 MW-L=0.007 MW-F=0.010]
  Mini-Benders[4] (mw): LB=-135.591654, Z₀(α*)=-54.553347, intercept=-62.777401 (0.062s) [OMP=0.040 ISP-L=0.003 ISP-F=0.008 MW-L=0.006 MW-F=0.008]
  Mini-Benders[5] (mw): LB=-118.701392, Z₀(α*)=-21.396863, intercept=-128.776185 (0.078s) [OMP=0.051 ISP-L=0.003 ISP-F=0.008 MW-L=0.007 MW-F=0.011]
Set parameter NonConvex to value 2
Set parameter DualReductions to value 0
  α-step: Z₀=11.263590, α=[0.000,0.000,0.000,0.000,0.000,0.000,0.000,0.000,0.000,0.000,10.391,0.000,0.000,0.000,0.424,0.000,0.000,0.000,0.000,0.000,0.000,0.000,0.000,0.000,0.000,0.000,0.000,0.000,0.000,0.000]
  Alt-Benders[1] (mw): LB=-117.050968, Z₀(α*)=-36.269381, intercept=-78.185766 (0.068s) [OMP=0.029 ISP-L=0.003 ISP-F=0.009 MW-L=0.009 MW-F=0.008]
  Alt-Benders[2] (mw): LB=-114.174114, Z₀(α*)=-30.866498, intercept=-42.861690 (0.056s) [OMP=0.037 ISP-L=0.003 ISP-F=0.008 MW-L=0.006 MW-F=0.009]
  Alt-Benders[3] (mw): LB=-105.903928, Z₀(α*)=-1.885155, intercept=-165.835176 (0.078s) [OMP=0.046 ISP-L=0.003 ISP-F=0.008 MW-L=0.008 MW-F=0.009]
  Alt-Benders[4] (mw): LB=-100.697510, Z₀(α*)=-34.673381, intercept=-50.158358 (0.078s) [OMP=0.043 ISP-L=0.003 ISP-F=0.009 MW-L=0.006 MW-F=0.010]
  Alt-Benders[5] (mw): LB=-97.503631, Z₀(α*)=-38.033998, intercept=-88.844920 (0.078s) [OMP=0.061 ISP-L=0.003 ISP-F=0.008 MW-L=0.006 MW-F=0.008]
  OMP re-solve: 0.057s

=== True-DRO Benders iter 2 ===
  OMP: t₀=-96.403960, UB=Inf, gap=NaN, x=[0, 0, 0, 0, 0, 0, 0, 0, 0, 0, 0, 0, 0, 0, 0, 0, 0, 0, 0, 0, 0, 0, 0, 0, 0, 1, 0, 1, 0, 0] (0.000s)
  Sub: Z₀=12.859897 [LOCAL] (0.1s), α=[0.000,0.000,0.000,0.000,0.000,0.000,0.000,0.000,0.000,0.000,0.000,0.000,0.000,0.000,0.137,0.000,0.000,0.000,0.000,0.000,0.000,0.000,0.000,0.000,0.000,8.017,0.062,2.599,0.000,0.000]
  Iter 2: LB=-96.403960  UB=Inf  gap=NaN
  Cut: intercept=-1125.715424, π_x_range=[-828.5742, 575.3549]
  Mini-Benders[1] (mw): LB=-93.659488, Z₀(α*)=-29.474867, intercept=-51.959847 (0.095s) [OMP=0.065 ISP-L=0.003 ISP-F=0.010 MW-L=0.006 MW-F=0.007]
  Mini-Benders[2] (mw): LB=-83.873675, Z₀(α*)=1.149139, intercept=-41.376073 (0.123s) [OMP=0.080 ISP-L=0.004 ISP-F=0.008 MW-L=0.006 MW-F=0.011]
  Mini-Benders[3] (mw): LB=-72.875157, Z₀(α*)=-4.065464, intercept=-65.739843 (0.096s) [OMP=0.068 ISP-L=0.003 ISP-F=0.009 MW-L=0.006 MW-F=0.009]
  Mini-Benders[4] (mw): LB=-72.590394, Z₀(α*)=8.413102, intercept=-17.382477 (0.092s) [OMP=0.073 ISP-L=0.003 ISP-F=0.008 MW-L=0.006 MW-F=0.011]
  Mini-Benders[5] (mw): LB=-72.173861, Z₀(α*)=-43.814313, intercept=-66.371262 (0.101s) [OMP=0.063 ISP-L=0.003 ISP-F=0.008 MW-L=0.006 MW-F=0.009]
  α-step: Z₀=14.958079, α=[0.000,0.000,0.000,0.000,0.000,0.000,0.249,0.000,0.000,0.000,0.000,0.000,0.000,0.000,1.768,0.000,0.000,0.901,0.000,5.426,0.000,0.000,0.000,0.000,0.000,0.698,0.979,0.794,0.000,0.000]
  Alt-Benders[1] (mw): LB=-71.126009, Z₀(α*)=-30.599222, intercept=-56.545933 (0.108s) [OMP=0.080 ISP-L=0.003 ISP-F=0.008 MW-L=0.007 MW-F=0.008]
  Alt-Benders[2] (mw): LB=-69.713430, Z₀(α*)=-43.147315, intercept=-56.467754 (0.118s) [OMP=0.100 ISP-L=0.003 ISP-F=0.007 MW-L=0.008 MW-F=0.008]
  Alt-Benders[3] (mw): LB=-69.024170, Z₀(α*)=-16.885896, intercept=-20.472791 (0.136s) [OMP=0.096 ISP-L=0.004 ISP-F=0.008 MW-L=0.006 MW-F=0.009]
  Alt-Benders[4] (mw): LB=-64.019331, Z₀(α*)=-8.146733, intercept=-78.467401 (0.148s) [OMP=0.119 ISP-L=0.003 ISP-F=0.009 MW-L=0.008 MW-F=0.008]
  Alt-Benders[5] (mw): LB=-62.840546, Z₀(α*)=-16.146562, intercept=-58.920696 (0.244s) [OMP=0.217 ISP-L=0.003 ISP-F=0.008 MW-L=0.006 MW-F=0.008]
  OMP re-solve: 0.112s

=== True-DRO Benders iter 3 ===
  OMP: t₀=-59.461243, UB=Inf, gap=NaN, x=[0, 0, 0, 0, 0, 0, 0, 0, 0, 0, 1, 0, 0, 0, 0, 0, 0, 0, 0, 0, 0, 0, 0, 0, 0, 1, 0, 0, 0, 0] (0.000s)
  Sub: Z₀=11.255935 [LOCAL] (0.1s), α=[0.000,0.000,0.000,0.000,0.000,0.000,0.000,0.000,0.000,0.000,4.597,0.000,0.000,0.000,1.520,0.000,0.000,0.000,0.000,0.000,0.000,0.000,0.000,0.000,0.000,4.697,0.000,0.000,0.000,0.000]
  Iter 3: LB=-59.461243  UB=Inf  gap=NaN
  Cut: intercept=-1102.942385, π_x_range=[-819.4805, 579.7492]
  Mini-Benders[1] (mw): LB=-57.523777, Z₀(α*)=-26.414833, intercept=-61.809886 (0.132s) [OMP=0.113 ISP-L=0.003 ISP-F=0.008 MW-L=0.006 MW-F=0.009]
  Mini-Benders[2] (mw): LB=-56.928497, Z₀(α*)=-16.602684, intercept=-38.409085 (0.155s) [OMP=0.116 ISP-L=0.003 ISP-F=0.008 MW-L=0.010 MW-F=0.009]
  Mini-Benders[3] (mw): LB=-56.871925, Z₀(α*)=-23.565644, intercept=-40.695549 (0.142s) [OMP=0.113 ISP-L=0.003 ISP-F=0.009 MW-L=0.006 MW-F=0.009]
  Mini-Benders[4] (mw): LB=-55.329958, Z₀(α*)=-4.400887, intercept=-31.305196 (0.123s) [OMP=0.093 ISP-L=0.003 ISP-F=0.008 MW-L=0.008 MW-F=0.009]
  Mini-Benders[5] (mw): LB=-54.553349, Z₀(α*)=-58.172585, intercept=-64.731249 (0.110s) [OMP=0.083 ISP-L=0.003 ISP-F=0.008 MW-L=0.007 MW-F=0.011]
  α-step: Z₀=13.099031, α=[0.000,0.000,0.000,0.000,0.000,0.000,0.000,4.163,0.000,0.000,0.000,0.000,0.000,0.000,0.499,0.000,0.000,0.000,0.000,5.628,0.000,0.000,0.000,0.000,0.000,0.525,0.000,0.000,0.000,0.000]
  Alt-Benders[1] (mw): LB=-52.211380, Z₀(α*)=-31.213417, intercept=-49.737900 (0.132s) [OMP=0.099 ISP-L=0.003 ISP-F=0.008 MW-L=0.006 MW-F=0.011]
  Alt-Benders[2] (mw): LB=-52.184874, Z₀(α*)=-51.969500, intercept=-60.144273 (0.116s) [OMP=0.090 ISP-L=0.003 ISP-F=0.008 MW-L=0.006 MW-F=0.007]
  Alt-Benders[3] (mw): LB=-51.969502, Z₀(α*)=-51.969500, intercept=-60.144273 (0.109s) [OMP=0.095 ISP-L=0.003 ISP-F=0.008 MW-L=0.007 MW-F=0.010]
  Alt-Benders[4] (mw): LB=-51.969502, Z₀(α*)=-51.969500, intercept=-60.144273 (0.125s) [OMP=0.093 ISP-L=0.003 ISP-F=0.008 MW-L=0.007 MW-F=0.007]
  Alt-Benders[5] (mw): LB=-51.969502, Z₀(α*)=-51.969500, intercept=-60.144273 (0.125s) [OMP=0.099 ISP-L=0.003 ISP-F=0.008 MW-L=0.007 MW-F=0.010]
  OMP re-solve: 0.095s

=== True-DRO Benders iter 4 ===
  OMP: t₀=-51.969502, UB=Inf, gap=NaN, x=[0, 0, 0, 0, 1, 0, 0, 0, 0, 0, 0, 0, 0, 0, 1, 0, 0, 0, 0, 0, 0, 0, 0, 0, 0, 0, 0, 0, 0, 0] (0.000s)
  Sub: Z₀=12.447646 [LOCAL] (0.1s), α=[0.000,0.000,0.000,0.000,6.285,0.000,0.000,0.000,0.000,0.000,0.000,0.000,0.000,0.000,4.530,0.000,0.000,0.000,0.000,0.000,0.000,0.000,0.000,0.000,0.000,0.000,0.000,0.000,0.000,0.000]
  Iter 4: LB=-51.969502  UB=Inf  gap=NaN
  Cut: intercept=-1155.282808, π_x_range=[-828.8099, 590.5389]
  Mini-Benders[1] (mw): LB=-49.074598, Z₀(α*)=-29.930884, intercept=-64.671179 (0.140s) [OMP=0.108 ISP-L=0.003 ISP-F=0.008 MW-L=0.007 MW-F=0.011]
  Mini-Benders[2] (mw): LB=-47.403596, Z₀(α*)=-8.999571, intercept=-40.107166 (0.187s) [OMP=0.167 ISP-L=0.003 ISP-F=0.009 MW-L=0.006 MW-F=0.008]
  Mini-Benders[3] (mw): LB=-47.224320, Z₀(α*)=-21.062726, intercept=-100.110248 (0.188s) [OMP=0.150 ISP-L=0.003 ISP-F=0.008 MW-L=0.009 MW-F=0.009]
  Mini-Benders[4] (mw): LB=-47.096289, Z₀(α*)=-32.140565, intercept=-36.363611 (0.219s) [OMP=0.189 ISP-L=0.003 ISP-F=0.008 MW-L=0.006 MW-F=0.008]
  Mini-Benders[5] (mw): LB=-46.817799, Z₀(α*)=-28.017387, intercept=-58.089498 (0.234s) [OMP=0.208 ISP-L=0.003 ISP-F=0.008 MW-L=0.009 MW-F=0.008]
  α-step: Z₀=13.048677, α=[0.000,0.000,0.000,0.000,0.000,0.000,0.000,0.765,0.000,0.000,0.000,0.000,0.000,0.000,2.316,0.000,0.000,0.000,0.000,0.000,0.000,0.000,0.000,0.000,0.000,7.733,0.000,0.000,0.000,0.000]
  Alt-Benders[1] (mw): LB=-46.121975, Z₀(α*)=-29.489751, intercept=-93.718466 (0.281s) [OMP=0.247 ISP-L=0.003 ISP-F=0.008 MW-L=0.009 MW-F=0.008]
  Alt-Benders[2] (mw): LB=-44.336549, Z₀(α*)=-11.775375, intercept=-71.246120 (0.281s) [OMP=0.248 ISP-L=0.003 ISP-F=0.009 MW-L=0.006 MW-F=0.007]
  Alt-Benders[3] (mw): LB=-43.925260, Z₀(α*)=4.789684, intercept=-33.964299 (0.235s) [OMP=0.211 ISP-L=0.003 ISP-F=0.009 MW-L=0.008 MW-F=0.009]
  Alt-Benders[4] (mw): LB=-43.814315, Z₀(α*)=-42.953318, intercept=-66.046232 (0.344s) [OMP=0.309 ISP-L=0.003 ISP-F=0.008 MW-L=0.007 MW-F=0.008]
  Alt-Benders[5] (mw): LB=-43.147317, Z₀(α*)=-33.280700, intercept=-65.046173 (0.202s) [OMP=0.179 ISP-L=0.003 ISP-F=0.008 MW-L=0.009 MW-F=0.009]
  OMP re-solve: 0.176s

=== True-DRO Benders iter 5 ===
  OMP: t₀=-42.953320, UB=Inf, gap=NaN, x=[0, 0, 0, 0, 0, 0, 0, 1, 0, 0, 0, 0, 0, 0, 0, 0, 0, 0, 0, 0, 0, 0, 1, 0, 0, 0, 0, 0, 0, 0] (0.000s)
  Sub: Z₀=13.972853 [TIME_LIMIT] (15.1s), α=[0.000,0.000,0.000,0.000,0.000,0.000,0.000,8.674,0.000,0.000,0.000,0.000,0.000,0.000,0.000,0.000,0.000,0.000,0.000,0.000,0.000,0.000,1.659,0.000,0.000,0.481,0.000,0.000,0.000,0.000]
  Iter 5: LB=-42.953320  UB=13.974004  gap=4.07e+00
  Cut: intercept=-94.104289, π_x_range=[-396.3062, 62.8593]
  Mini-Benders[1] (mw): LB=-42.615037, Z₀(α*)=-27.237032, intercept=-115.270417 (0.328s) [OMP=0.302 ISP-L=0.003 ISP-F=0.008 MW-L=0.006 MW-F=0.009]
  Mini-Benders[2] (mw): LB=-42.221579, Z₀(α*)=-11.175286, intercept=-60.817637 (0.344s) [OMP=0.316 ISP-L=0.003 ISP-F=0.008 MW-L=0.006 MW-F=0.010]
  Mini-Benders[3] (mw): LB=-41.540646, Z₀(α*)=-40.000057, intercept=-55.343156 (0.297s) [OMP=0.275 ISP-L=0.003 ISP-F=0.008 MW-L=0.006 MW-F=0.007]
  Mini-Benders[4] (mw): LB=-41.385842, Z₀(α*)=-39.759627, intercept=-51.327691 (0.328s) [OMP=0.294 ISP-L=0.003 ISP-F=0.008 MW-L=0.006 MW-F=0.012]
  Mini-Benders[5] (mw): LB=-41.022884, Z₀(α*)=-45.860483, intercept=-38.757964 (0.351s) [OMP=0.318 ISP-L=0.003 ISP-F=0.007 MW-L=0.006 MW-F=0.006]
  α-step: Z₀=13.608390, α=[0.000,0.000,0.000,0.000,7.874,0.000,0.000,0.000,0.000,0.000,0.000,0.000,0.000,0.000,1.520,0.000,0.000,0.000,0.000,0.000,0.000,0.000,0.000,0.000,0.000,1.421,0.000,0.000,0.000,0.000]
  Alt-Benders[1] (mw): LB=-40.057860, Z₀(α*)=-22.891883, intercept=-18.028054 (0.380s) [OMP=0.337 ISP-L=0.004 ISP-F=0.009 MW-L=0.006 MW-F=0.009]
  Alt-Benders[2] (mw): LB=-40.000059, Z₀(α*)=13.344185, intercept=-53.989956 (0.385s) [OMP=0.366 ISP-L=0.003 ISP-F=0.008 MW-L=0.006 MW-F=0.011]
  Alt-Benders[3] (mw): LB=-39.759629, Z₀(α*)=-25.281013, intercept=-29.247140 (0.359s) [OMP=0.333 ISP-L=0.004 ISP-F=0.008 MW-L=0.007 MW-F=0.009]
  Alt-Benders[4] (mw): LB=-39.367823, Z₀(α*)=-18.097719, intercept=-29.321090 (0.364s) [OMP=0.319 ISP-L=0.003 ISP-F=0.008 MW-L=0.007 MW-F=0.014]
  Alt-Benders[5] (mw): LB=-38.034000, Z₀(α*)=6.654867, intercept=-72.577608 (0.344s) [OMP=0.329 ISP-L=0.003 ISP-F=0.009 MW-L=0.007 MW-F=0.009]
  OMP re-solve: 0.308s

=== True-DRO Benders iter 6 ===
  OMP: t₀=-37.784071, UB=13.974004, gap=3.70e+00, x=[0, 0, 0, 0, 0, 0, 0, 0, 0, 0, 0, 0, 0, 0, 0, 0, 0, 0, 1, 0, 0, 0, 0, 0, 0, 1, 0, 0, 0, 0] (0.000s)
  Sub: Z₀=14.517748 [LOCAL] (0.1s), α=[0.000,0.000,0.000,0.000,0.000,0.000,0.000,0.000,0.000,0.000,0.000,0.000,0.000,0.000,0.000,0.000,0.000,0.000,0.000,0.000,0.000,0.000,0.000,0.000,0.000,10.815,0.000,0.000,0.000,0.000]
  Iter 6: LB=-37.784071  UB=13.974004  gap=3.70e+00
  Cut: intercept=-1132.857300, π_x_range=[-830.7902, 583.5021]
  Mini-Benders[1] (mw): LB=-36.271834, Z₀(α*)=-28.491582, intercept=-74.060772 (0.407s) [OMP=0.375 ISP-L=0.003 ISP-F=0.008 MW-L=0.006 MW-F=0.008]
  Mini-Benders[2] (mw): LB=-36.269382, Z₀(α*)=-34.258532, intercept=-88.768908 (0.391s) [OMP=0.372 ISP-L=0.003 ISP-F=0.007 MW-L=0.010 MW-F=0.008]
  Mini-Benders[3] (mw): LB=-35.222958, Z₀(α*)=11.910392, intercept=-40.524557 (0.391s) [OMP=0.360 ISP-L=0.004 ISP-F=0.008 MW-L=0.007 MW-F=0.008]
  Mini-Benders[4] (mw): LB=-34.705343, Z₀(α*)=8.582149, intercept=-15.908085 (0.452s) [OMP=0.423 ISP-L=0.004 ISP-F=0.010 MW-L=0.009 MW-F=0.008]
  Mini-Benders[5] (mw): LB=-34.673383, Z₀(α*)=-13.781575, intercept=-38.446456 (0.454s) [OMP=0.424 ISP-L=0.003 ISP-F=0.009 MW-L=0.007 MW-F=0.008]
  α-step: Z₀=11.863817, α=[0.000,0.000,0.000,0.000,6.504,0.000,0.000,0.765,0.000,0.000,0.000,0.000,0.000,0.000,3.545,0.000,0.000,0.000,0.000,0.000,0.000,0.000,0.000,0.000,0.000,0.000,0.000,0.000,0.000,0.000]
  Alt-Benders[1] (mw): LB=-33.900123, Z₀(α*)=-21.210122, intercept=-95.353626 (0.468s) [OMP=0.441 ISP-L=0.003 ISP-F=0.009 MW-L=0.006 MW-F=0.009]
  Alt-Benders[2] (mw): LB=-33.642952, Z₀(α*)=-23.484691, intercept=-106.319843 (0.391s) [OMP=0.370 ISP-L=0.003 ISP-F=0.009 MW-L=0.009 MW-F=0.008]
  Alt-Benders[3] (mw): LB=-33.241843, Z₀(α*)=-23.451077, intercept=-57.327061 (0.378s) [OMP=0.349 ISP-L=0.003 ISP-F=0.008 MW-L=0.007 MW-F=0.011]
  Alt-Benders[4] (mw): LB=-32.987161, Z₀(α*)=-16.091467, intercept=-22.995479 (0.434s) [OMP=0.400 ISP-L=0.003 ISP-F=0.008 MW-L=0.006 MW-F=0.008]
  Alt-Benders[5] (mw): LB=-32.194073, Z₀(α*)=13.217426, intercept=-56.415358 (0.328s) [OMP=0.297 ISP-L=0.003 ISP-F=0.008 MW-L=0.006 MW-F=0.010]
  OMP re-solve: 0.367s

=== True-DRO Benders iter 7 ===
  OMP: t₀=-32.140567, UB=13.974004, gap=3.30e+00, x=[0, 0, 0, 0, 0, 0, 1, 0, 0, 0, 0, 0, 0, 0, 0, 0, 0, 1, 0, 0, 0, 0, 0, 0, 0, 0, 0, 0, 0, 0] (0.000s)
  Sub: Z₀=17.495096 [LOCAL] (0.2s), α=[0.000,0.000,0.000,0.000,0.000,0.000,3.360,0.000,0.000,0.000,0.000,0.000,0.000,0.000,0.942,0.000,0.000,0.000,0.000,0.000,0.000,0.000,0.000,0.000,0.000,5.285,0.325,0.902,0.000,0.000]
  Iter 7: LB=-32.140567  UB=13.974004  gap=3.30e+00
  Cut: intercept=-1123.281954, π_x_range=[-830.4584, 583.8361]
  Mini-Benders[1] (mw): LB=-31.964580, Z₀(α*)=-0.227181, intercept=-26.081952 (0.375s) [OMP=0.340 ISP-L=0.003 ISP-F=0.010 MW-L=0.006 MW-F=0.012]
  Mini-Benders[2] (mw): LB=-31.683781, Z₀(α*)=3.857097, intercept=-43.691105 (0.484s) [OMP=0.456 ISP-L=0.003 ISP-F=0.008 MW-L=0.006 MW-F=0.008]
  Mini-Benders[3] (mw): LB=-31.213419, Z₀(α*)=4.755103, intercept=-34.461580 (0.469s) [OMP=0.436 ISP-L=0.003 ISP-F=0.009 MW-L=0.006 MW-F=0.011]
  Mini-Benders[4] (mw): LB=-30.866500, Z₀(α*)=13.695170, intercept=-31.393639 (0.469s) [OMP=0.454 ISP-L=0.003 ISP-F=0.009 MW-L=0.006 MW-F=0.008]
  Mini-Benders[5] (mw): LB=-30.599224, Z₀(α*)=-25.464889, intercept=-62.786157 (0.484s) [OMP=0.445 ISP-L=0.003 ISP-F=0.008 MW-L=0.007 MW-F=0.009]
  α-step: Z₀=10.718141, α=[0.000,0.000,0.000,0.000,0.000,0.000,0.000,0.000,0.000,0.000,0.000,0.000,0.000,0.000,1.520,0.000,0.000,0.000,0.000,0.000,0.000,0.000,0.000,0.000,0.000,6.357,2.938,0.000,0.000,0.000]
  Alt-Benders[1] (mw): LB=-29.556497, Z₀(α*)=10.440742, intercept=0.377823 (0.375s) [OMP=0.354 ISP-L=0.003 ISP-F=0.009 MW-L=0.006 MW-F=0.010]
  Alt-Benders[2] (mw): LB=-29.489753, Z₀(α*)=-28.146712, intercept=-75.075042 (0.406s) [OMP=0.377 ISP-L=0.003 ISP-F=0.008 MW-L=0.007 MW-F=0.009]
  Alt-Benders[3] (mw): LB=-29.474869, Z₀(α*)=-39.383344, intercept=-51.459592 (0.391s) [OMP=0.361 ISP-L=0.003 ISP-F=0.008 MW-L=0.010 MW-F=0.008]
  Alt-Benders[4] (mw): LB=-29.474869, Z₀(α*)=-39.383344, intercept=-51.459592 (0.359s) [OMP=0.326 ISP-L=0.003 ISP-F=0.008 MW-L=0.006 MW-F=0.008]
  Alt-Benders[5] (mw): LB=-29.474869, Z₀(α*)=-39.383344, intercept=-51.459592 (0.359s) [OMP=0.333 ISP-L=0.003 ISP-F=0.008 MW-L=0.009 MW-F=0.008]
  OMP re-solve: 0.337s

=== True-DRO Benders iter 8 ===
  OMP: t₀=-29.474869, UB=13.974004, gap=3.11e+00, x=[0, 0, 0, 0, 0, 0, 0, 1, 0, 0, 0, 0, 0, 0, 0, 0, 0, 0, 0, 0, 0, 0, 0, 0, 0, 0, 0, 1, 0, 0] (0.000s)
  Sub: Z₀=13.716932 [LOCAL] (0.1s), α=[0.000,0.000,0.000,0.000,0.000,0.000,0.000,2.958,0.000,0.000,0.000,0.000,0.000,0.000,0.000,0.000,0.000,0.000,0.000,0.000,0.000,0.000,0.000,0.000,0.000,0.651,0.000,7.206,0.000,0.000]
  Iter 8: LB=-29.474869  UB=13.974004  gap=3.11e+00
  Cut: intercept=-1117.793640, π_x_range=[-830.0473, 566.7121]
  Mini-Benders[1] (mw): LB=-28.491583, Z₀(α*)=-23.792148, intercept=-75.941471 (0.375s) [OMP=0.354 ISP-L=0.004 ISP-F=0.008 MW-L=0.009 MW-F=0.007]
  Mini-Benders[2] (mw): LB=-28.146714, Z₀(α*)=-38.467027, intercept=-79.053214 (0.391s) [OMP=0.357 ISP-L=0.003 ISP-F=0.008 MW-L=0.006 MW-F=0.008]
  Mini-Benders[3] (mw): LB=-28.146714, Z₀(α*)=-38.467027, intercept=-79.053214 (0.312s) [OMP=0.289 ISP-L=0.003 ISP-F=0.008 MW-L=0.009 MW-F=0.008]
  Mini-Benders[4] (mw): LB=-28.146714, Z₀(α*)=-38.467027, intercept=-79.053214 (0.313s) [OMP=0.285 ISP-L=0.003 ISP-F=0.008 MW-L=0.006 MW-F=0.008]
  Mini-Benders[5]: LB stagnated, break
  α-step: Z₀=13.301314, α=[0.000,0.000,0.000,0.000,0.000,0.000,4.551,0.000,0.000,0.000,5.941,0.000,0.000,0.000,0.011,0.000,0.000,0.000,0.000,0.000,0.000,0.000,0.000,0.000,0.000,0.312,0.000,0.000,0.000,0.000]
  Alt-Benders[1] (mw): LB=-28.017389, Z₀(α*)=-45.161149, intercept=-57.511336 (0.515s) [OMP=0.487 ISP-L=0.003 ISP-F=0.008 MW-L=0.007 MW-F=0.009]
  Alt-Benders[2] (mw): LB=-28.017389, Z₀(α*)=-45.161149, intercept=-57.511336 (0.375s) [OMP=0.351 ISP-L=0.003 ISP-F=0.008 MW-L=0.007 MW-F=0.007]
  Alt-Benders[3] (mw): LB=-28.017389, Z₀(α*)=-45.161149, intercept=-57.511336 (0.391s) [OMP=0.358 ISP-L=0.003 ISP-F=0.008 MW-L=0.007 MW-F=0.010]
  Alt-Benders[4]: LB stagnated, break
  OMP re-solve: 0.000s

=== True-DRO Benders iter 9 ===
  OMP: t₀=-28.017389, UB=13.974004, gap=3.00e+00, x=[0, 0, 0, 0, 0, 0, 0, 0, 0, 0, 0, 0, 0, 0, 0, 0, 0, 0, 0, 1, 0, 0, 0, 0, 0, 1, 0, 0, 0, 0] (0.000s)
  Sub: Z₀=13.525319 [LOCAL] (0.1s), α=[0.000,0.000,0.000,0.000,0.000,0.000,0.000,0.000,0.000,0.000,0.000,0.000,0.000,0.000,0.180,0.000,0.000,0.000,0.000,0.000,0.000,0.000,0.000,0.000,0.000,10.635,0.000,0.000,0.000,0.000]
  Iter 9: LB=-28.017389  UB=13.974004  gap=3.00e+00
  Cut: intercept=-1132.026259, π_x_range=[-829.1523, 578.0542]
  Mini-Benders[1] (mw): LB=-27.237034, Z₀(α*)=2.781404, intercept=-110.397226 (0.404s) [OMP=0.368 ISP-L=0.003 ISP-F=0.009 MW-L=0.007 MW-F=0.012]
  Mini-Benders[2] (mw): LB=-27.094112, Z₀(α*)=-18.497487, intercept=-50.830626 (0.435s) [OMP=0.407 ISP-L=0.003 ISP-F=0.009 MW-L=0.006 MW-F=0.008]
  Mini-Benders[3] (mw): LB=-26.711043, Z₀(α*)=-30.333579, intercept=-93.411224 (0.458s) [OMP=0.436 ISP-L=0.003 ISP-F=0.008 MW-L=0.007 MW-F=0.011]
  Mini-Benders[4] (mw): LB=-26.711043, Z₀(α*)=-30.333579, intercept=-93.411224 (0.328s) [OMP=0.305 ISP-L=0.003 ISP-F=0.008 MW-L=0.007 MW-F=0.008]
  Mini-Benders[5] (mw): LB=-26.711043, Z₀(α*)=-30.333579, intercept=-93.411224 (0.344s) [OMP=0.302 ISP-L=0.003 ISP-F=0.008 MW-L=0.008 MW-F=0.012]
  α-step: Z₀=14.735297, α=[0.000,0.000,0.000,0.000,0.000,0.000,0.566,0.000,0.000,0.000,7.308,0.000,0.000,0.000,2.086,0.000,0.000,0.000,0.000,0.000,0.000,0.000,0.000,0.000,0.000,0.855,0.000,0.000,0.000,0.000]
  Alt-Benders[1] (mw): LB=-25.828190, Z₀(α*)=-28.833256, intercept=-62.961944 (0.439s) [OMP=0.402 ISP-L=0.003 ISP-F=0.008 MW-L=0.006 MW-F=0.011]
  Alt-Benders[2] (mw): LB=-25.828190, Z₀(α*)=-28.833256, intercept=-62.961944 (0.390s) [OMP=0.362 ISP-L=0.003 ISP-F=0.008 MW-L=0.006 MW-F=0.009]
  Alt-Benders[3] (mw): LB=-25.828190, Z₀(α*)=-28.833256, intercept=-62.961944 (0.391s) [OMP=0.357 ISP-L=0.003 ISP-F=0.008 MW-L=0.008 MW-F=0.009]
  Alt-Benders[4]: LB stagnated, break
  OMP re-solve: 0.000s

=== True-DRO Benders iter 10 ===
  OMP: t₀=-25.828190, UB=13.974004, gap=2.85e+00, x=[0, 0, 0, 0, 1, 0, 0, 0, 0, 0, 0, 0, 0, 0, 0, 0, 0, 0, 0, 0, 0, 0, 0, 0, 0, 0, 0, 1, 0, 0] (0.000s)
  Sub: Z₀=13.237356 [TIME_LIMIT] (15.1s), α=[0.000,0.000,0.000,0.000,6.426,0.000,0.000,0.000,0.000,0.000,0.000,0.000,0.000,0.000,1.728,0.000,0.000,0.000,0.000,0.000,0.000,0.000,0.000,0.000,0.000,0.000,2.573,0.088,0.000,0.000]
  Iter 10: LB=-25.828190  UB=13.514529  gap=2.91e+00
  Cut: intercept=-61.831798, π_x_range=[-238.4099, 52.9672]
  Mini-Benders[1] (mw): LB=-25.464892, Z₀(α*)=12.169936, intercept=-57.874061 (0.390s) [OMP=0.360 ISP-L=0.003 ISP-F=0.010 MW-L=0.009 MW-F=0.009]
  Mini-Benders[2] (mw): LB=-25.281015, Z₀(α*)=-17.749121, intercept=-27.895837 (0.374s) [OMP=0.347 ISP-L=0.003 ISP-F=0.008 MW-L=0.006 MW-F=0.008]
  Mini-Benders[3] (mw): LB=-24.890476, Z₀(α*)=-2.678457, intercept=-56.829577 (0.357s) [OMP=0.324 ISP-L=0.004 ISP-F=0.007 MW-L=0.010 MW-F=0.008]
  Mini-Benders[4] (mw): LB=-24.038467, Z₀(α*)=-29.983268, intercept=-58.518381 (0.345s) [OMP=0.322 ISP-L=0.003 ISP-F=0.008 MW-L=0.006 MW-F=0.007]
  Mini-Benders[5] (mw): LB=-24.038467, Z₀(α*)=-29.983268, intercept=-58.518381 (0.360s) [OMP=0.339 ISP-L=0.003 ISP-F=0.007 MW-L=0.009 MW-F=0.006]
  α-step: Z₀=13.331710, α=[0.000,0.000,0.000,0.000,0.000,0.000,0.000,0.000,0.000,0.000,0.000,0.000,0.000,0.000,0.395,0.000,0.000,0.000,0.000,0.000,0.000,0.000,0.000,0.000,0.000,10.420,0.000,0.000,0.000,0.000]
  Alt-Benders[1] (mw): LB=-23.792150, Z₀(α*)=-26.755510, intercept=-73.986544 (0.406s) [OMP=0.367 ISP-L=0.004 ISP-F=0.009 MW-L=0.008 MW-F=0.008]
  Alt-Benders[2] (mw): LB=-23.792150, Z₀(α*)=-26.755510, intercept=-73.986544 (0.393s) [OMP=0.364 ISP-L=0.003 ISP-F=0.009 MW-L=0.006 MW-F=0.008]
  Alt-Benders[3] (mw): LB=-23.792150, Z₀(α*)=-26.755510, intercept=-73.986544 (0.388s) [OMP=0.364 ISP-L=0.003 ISP-F=0.009 MW-L=0.009 MW-F=0.008]
  Alt-Benders[4]: LB stagnated, break
  OMP re-solve: 0.000s

=== True-DRO Benders iter 11 ===
  OMP: t₀=-23.792150, UB=13.514529, gap=2.76e+00, x=[0, 0, 0, 0, 0, 0, 0, 0, 0, 0, 1, 0, 0, 0, 0, 0, 0, 0, 0, 0, 0, 0, 1, 0, 0, 0, 0, 0, 0, 0] (0.000s)
  Sub: Z₀=14.352963 [LOCAL] (0.3s), α=[0.000,0.000,0.000,0.000,0.000,0.000,0.000,0.029,0.000,0.000,6.795,0.000,0.000,0.000,1.127,0.000,0.000,0.000,0.000,0.000,0.000,0.000,2.421,0.000,0.000,0.442,0.000,0.000,0.000,0.000]
  Iter 11: LB=-23.792150  UB=13.514529  gap=2.76e+00
  Cut: intercept=-1066.825306, π_x_range=[-820.6623, 557.2343]
  Mini-Benders[1] (mw): LB=-23.681900, Z₀(α*)=6.765062, intercept=-59.974684 (0.371s) [OMP=0.346 ISP-L=0.003 ISP-F=0.009 MW-L=0.006 MW-F=0.008]
  Mini-Benders[2] (mw): LB=-23.565646, Z₀(α*)=-32.179284, intercept=-65.262476 (0.596s) [OMP=0.567 ISP-L=0.003 ISP-F=0.009 MW-L=0.006 MW-F=0.011]
  Mini-Benders[3] (mw): LB=-23.565646, Z₀(α*)=-32.179284, intercept=-65.262476 (0.529s) [OMP=0.497 ISP-L=0.004 ISP-F=0.009 MW-L=0.006 MW-F=0.009]
  Mini-Benders[4] (mw): LB=-23.565646, Z₀(α*)=-32.179284, intercept=-65.262476 (0.516s) [OMP=0.486 ISP-L=0.003 ISP-F=0.009 MW-L=0.006 MW-F=0.011]
  Mini-Benders[5]: LB stagnated, break
  α-step: Z₀=15.564010, α=[0.000,0.000,0.000,0.000,0.000,0.000,0.000,0.000,0.000,0.000,0.000,0.000,0.000,0.000,1.520,0.000,0.000,0.000,0.000,0.000,0.000,0.000,0.000,0.000,0.000,2.001,0.000,7.294,0.000,0.000]
  Alt-Benders[1] (mw): LB=-23.484693, Z₀(α*)=-4.679707, intercept=-126.172544 (0.563s) [OMP=0.534 ISP-L=0.004 ISP-F=0.009 MW-L=0.006 MW-F=0.011]
  Alt-Benders[2] (mw): LB=-22.891885, Z₀(α*)=-4.457428, intercept=-23.607258 (0.359s) [OMP=0.336 ISP-L=0.003 ISP-F=0.008 MW-L=0.006 MW-F=0.008]
  Alt-Benders[3] (mw): LB=-22.065833, Z₀(α*)=-12.470739, intercept=-17.738383 (0.484s) [OMP=0.449 ISP-L=0.003 ISP-F=0.008 MW-L=0.006 MW-F=0.010]
  Alt-Benders[4] (mw): LB=-21.458910, Z₀(α*)=-30.828060, intercept=-33.349916 (0.516s) [OMP=0.499 ISP-L=0.003 ISP-F=0.008 MW-L=0.007 MW-F=0.008]
  Alt-Benders[5] (mw): LB=-21.458910, Z₀(α*)=-30.828060, intercept=-33.349916 (0.516s) [OMP=0.487 ISP-L=0.004 ISP-F=0.008 MW-L=0.007 MW-F=0.011]
  OMP re-solve: 0.478s

=== True-DRO Benders iter 12 ===
  OMP: t₀=-21.458910, UB=13.514529, gap=2.59e+00, x=[0, 0, 0, 0, 0, 0, 0, 0, 0, 0, 0, 0, 0, 0, 0, 0, 0, 0, 0, 0, 0, 1, 0, 0, 0, 1, 0, 0, 0, 0] (0.000s)
  Sub: Z₀=15.264555 [LOCAL] (0.1s), α=[0.000,0.000,0.000,0.000,0.000,0.000,0.000,0.000,0.000,0.000,0.000,0.000,0.000,0.000,0.000,0.000,0.000,0.000,0.000,0.000,0.000,0.000,0.000,0.000,0.000,10.815,0.000,0.000,0.000,0.000]
  Iter 12: LB=-21.458910  UB=13.514529  gap=2.59e+00
  Cut: intercept=-1141.466204, π_x_range=[-830.5958, 583.7804]
  Mini-Benders[1] (mw): LB=-21.396865, Z₀(α*)=-34.321344, intercept=-128.990145 (0.625s) [OMP=0.601 ISP-L=0.003 ISP-F=0.008 MW-L=0.009 MW-F=0.008]
  Mini-Benders[2] (mw): LB=-21.396865, Z₀(α*)=-34.321344, intercept=-128.990145 (0.594s) [OMP=0.566 ISP-L=0.003 ISP-F=0.008 MW-L=0.007 MW-F=0.008]
  Mini-Benders[3] (mw): LB=-21.396865, Z₀(α*)=-34.321344, intercept=-128.990145 (0.594s) [OMP=0.556 ISP-L=0.003 ISP-F=0.008 MW-L=0.009 MW-F=0.008]
  Mini-Benders[4]: LB stagnated, break
  α-step: Z₀=11.209296, α=[0.000,0.000,0.000,0.000,4.697,0.000,0.000,0.000,0.000,0.000,4.597,0.000,0.000,0.000,1.520,0.000,0.000,0.000,0.000,0.000,0.000,0.000,0.000,0.000,0.000,0.000,0.000,0.000,0.000,0.000]
  Alt-Benders[1] (mw): LB=-21.210124, Z₀(α*)=-2.364553, intercept=-75.064592 (0.594s) [OMP=0.559 ISP-L=0.004 ISP-F=0.009 MW-L=0.008 MW-F=0.009]
  Alt-Benders[2] (mw): LB=-19.976363, Z₀(α*)=-27.055333, intercept=-45.778820 (0.594s) [OMP=0.574 ISP-L=0.003 ISP-F=0.008 MW-L=0.006 MW-F=0.008]
  Alt-Benders[3] (mw): LB=-19.976363, Z₀(α*)=-27.055333, intercept=-45.778820 (0.531s) [OMP=0.495 ISP-L=0.003 ISP-F=0.008 MW-L=0.009 MW-F=0.007]
  Alt-Benders[4] (mw): LB=-19.976363, Z₀(α*)=-27.055333, intercept=-45.778820 (0.516s) [OMP=0.497 ISP-L=0.003 ISP-F=0.008 MW-L=0.006 MW-F=0.007]
  Alt-Benders[5]: LB stagnated, break
  OMP re-solve: 0.000s

=== True-DRO Benders iter 13 ===
  OMP: t₀=-19.976363, UB=13.514529, gap=2.48e+00, x=[0, 0, 0, 0, 0, 0, 1, 0, 0, 0, 0, 0, 0, 0, 0, 0, 0, 0, 0, 0, 0, 0, 1, 0, 0, 0, 0, 0, 0, 0] (0.000s)
  Sub: Z₀=16.316193 [LOCAL] (0.1s), α=[0.000,0.000,0.000,0.000,0.000,0.000,2.165,0.015,0.000,0.000,0.000,0.000,0.000,0.000,0.000,0.000,0.000,0.000,0.000,0.000,0.000,0.000,0.495,0.000,0.000,8.140,0.000,0.000,0.000,0.000]
  Iter 13: LB=-19.976363  UB=13.514529  gap=2.48e+00
  Cut: intercept=-1126.689149, π_x_range=[-833.0030, 581.7375]
  Mini-Benders[1] (mw): LB=-19.111567, Z₀(α*)=-7.767213, intercept=-15.689739 (0.487s) [OMP=0.454 ISP-L=0.003 ISP-F=0.010 MW-L=0.006 MW-F=0.008]
  Mini-Benders[2] (mw): LB=-18.917407, Z₀(α*)=-30.055653, intercept=-53.769856 (0.591s) [OMP=0.569 ISP-L=0.003 ISP-F=0.008 MW-L=0.009 MW-F=0.010]
  Mini-Benders[3] (mw): LB=-18.917407, Z₀(α*)=-30.055653, intercept=-53.769856 (0.562s) [OMP=0.522 ISP-L=0.003 ISP-F=0.008 MW-L=0.007 MW-F=0.012]
  Mini-Benders[4] (mw): LB=-18.917407, Z₀(α*)=-30.055653, intercept=-53.769856 (0.547s) [OMP=0.532 ISP-L=0.003 ISP-F=0.008 MW-L=0.007 MW-F=0.010]
  Mini-Benders[5]: LB stagnated, break
  α-step: Z₀=13.480859, α=[0.000,0.000,0.000,0.000,7.137,0.000,0.000,0.000,0.000,0.000,0.000,0.000,0.000,0.000,2.825,0.000,0.000,0.000,0.000,0.000,0.000,0.000,0.000,0.000,0.000,0.852,0.000,0.000,0.000,0.000]
  Alt-Benders[1] (mw): LB=-18.478058, Z₀(α*)=-8.619411, intercept=-56.082151 (0.531s) [OMP=0.502 ISP-L=0.003 ISP-F=0.009 MW-L=0.006 MW-F=0.008]
  Alt-Benders[2] (mw): LB=-18.392916, Z₀(α*)=-20.326461, intercept=-125.475771 (0.625s) [OMP=0.586 ISP-L=0.003 ISP-F=0.008 MW-L=0.007 MW-F=0.011]
  Alt-Benders[3] (mw): LB=-18.392916, Z₀(α*)=-20.326461, intercept=-125.475771 (0.624s) [OMP=0.610 ISP-L=0.003 ISP-F=0.008 MW-L=0.007 MW-F=0.009]
  Alt-Benders[4] (mw): LB=-18.392916, Z₀(α*)=-20.326461, intercept=-125.475771 (0.641s) [OMP=0.596 ISP-L=0.003 ISP-F=0.008 MW-L=0.007 MW-F=0.011]
  Alt-Benders[5]: LB stagnated, break
  OMP re-solve: 0.000s

=== True-DRO Benders iter 14 ===
  OMP: t₀=-18.392916, UB=13.514529, gap=2.36e+00, x=[0, 0, 0, 0, 0, 0, 0, 1, 0, 0, 1, 0, 0, 0, 0, 0, 0, 0, 0, 0, 0, 0, 0, 0, 0, 0, 0, 0, 0, 0] (0.000s)
  Sub: Z₀=14.104804 [LOCAL] (0.1s), α=[0.000,0.000,0.000,0.000,0.000,0.000,0.000,0.975,0.000,0.000,6.353,0.000,0.000,0.000,3.478,0.000,0.000,0.000,0.000,0.009,0.000,0.000,0.000,0.000,0.000,0.000,0.000,0.000,0.000,0.000]
  Iter 14: LB=-18.392916  UB=13.514529  gap=2.36e+00
  Cut: intercept=-1083.085414, π_x_range=[-818.0889, 561.8425]
  Mini-Benders[1] (mw): LB=-18.268459, Z₀(α*)=-38.566500, intercept=-50.704451 (0.531s) [OMP=0.500 ISP-L=0.003 ISP-F=0.008 MW-L=0.006 MW-F=0.009]
  Mini-Benders[2] (mw): LB=-18.268459, Z₀(α*)=-38.566500, intercept=-50.704451 (0.453s) [OMP=0.429 ISP-L=0.003 ISP-F=0.008 MW-L=0.006 MW-F=0.007]
  Mini-Benders[3] (mw): LB=-18.268459, Z₀(α*)=-38.566500, intercept=-50.704451 (0.484s) [OMP=0.460 ISP-L=0.004 ISP-F=0.008 MW-L=0.007 MW-F=0.010]
  Mini-Benders[4]: LB stagnated, break
  α-step: Z₀=15.069766, α=[0.000,0.000,0.000,0.000,0.000,0.000,0.000,0.000,0.000,0.000,0.000,0.000,0.000,0.000,0.395,0.000,0.000,0.000,0.000,0.000,0.000,0.000,0.000,0.000,0.000,10.420,0.000,0.000,0.000,0.000]
  Alt-Benders[1] (mw): LB=-18.097721, Z₀(α*)=-1.164216, intercept=-34.044391 (0.500s) [OMP=0.466 ISP-L=0.003 ISP-F=0.009 MW-L=0.006 MW-F=0.011]
  Alt-Benders[2] (mw): LB=-17.749123, Z₀(α*)=-10.780134, intercept=-29.916269 (0.563s) [OMP=0.537 ISP-L=0.003 ISP-F=0.008 MW-L=0.006 MW-F=0.009]
  Alt-Benders[3] (mw): LB=-17.272975, Z₀(α*)=12.313427, intercept=-36.204311 (0.531s) [OMP=0.503 ISP-L=0.003 ISP-F=0.008 MW-L=0.009 MW-F=0.009]
  Alt-Benders[4] (mw): LB=-16.885898, Z₀(α*)=-11.287971, intercept=-20.006377 (0.484s) [OMP=0.458 ISP-L=0.004 ISP-F=0.008 MW-L=0.007 MW-F=0.008]
  Alt-Benders[5] (mw): LB=-16.602685, Z₀(α*)=-13.493277, intercept=-37.283819 (0.485s) [OMP=0.460 ISP-L=0.003 ISP-F=0.008 MW-L=0.010 MW-F=0.008]
  OMP re-solve: 0.504s

=== True-DRO Benders iter 15 ===
  OMP: t₀=-16.259450, UB=13.514529, gap=2.20e+00, x=[0, 0, 0, 0, 0, 0, 1, 0, 0, 0, 0, 0, 0, 0, 0, 0, 0, 0, 0, 0, 0, 1, 0, 0, 0, 0, 0, 0, 0, 0] (0.000s)
  Sub: Z₀=17.547176 [TIME_LIMIT] (15.1s), α=[0.000,0.000,0.000,0.000,0.287,0.000,2.540,0.000,0.000,0.000,0.000,0.000,0.000,0.000,0.010,0.000,0.000,0.000,0.000,0.000,0.000,0.000,0.000,0.000,0.000,7.283,0.694,0.000,0.000,0.000]
  Iter 15: LB=-16.259450  UB=13.514529  gap=2.20e+00
  Cut: intercept=-47.384061, π_x_range=[-242.0000, 41.7755]
  Mini-Benders[1] (mw): LB=-16.146564, Z₀(α*)=-17.738469, intercept=-68.398162 (0.572s) [OMP=0.543 ISP-L=0.003 ISP-F=0.008 MW-L=0.010 MW-F=0.008]
  Mini-Benders[2] (mw): LB=-16.146564, Z₀(α*)=-17.738469, intercept=-68.398162 (0.516s) [OMP=0.492 ISP-L=0.003 ISP-F=0.007 MW-L=0.007 MW-F=0.008]
  Mini-Benders[3] (mw): LB=-16.146564, Z₀(α*)=-17.738469, intercept=-68.398162 (0.516s) [OMP=0.480 ISP-L=0.003 ISP-F=0.008 MW-L=0.009 MW-F=0.008]
  Mini-Benders[4]: LB stagnated, break
  α-step: Z₀=10.953046, α=[0.000,0.000,0.000,0.000,0.100,0.000,4.547,0.000,0.000,0.000,0.000,0.000,0.000,0.000,6.067,0.000,0.000,0.000,0.000,0.000,0.000,0.000,0.000,0.000,0.000,0.100,0.000,0.000,0.000,0.000]
  Alt-Benders[1] (mw): LB=-16.091469, Z₀(α*)=-3.662421, intercept=-18.002344 (0.588s) [OMP=0.562 ISP-L=0.004 ISP-F=0.008 MW-L=0.009 MW-F=0.008]
  Alt-Benders[2] (mw): LB=-15.584866, Z₀(α*)=1.660069, intercept=-1.157039 (0.594s) [OMP=0.565 ISP-L=0.003 ISP-F=0.009 MW-L=0.006 MW-F=0.007]
  Alt-Benders[3] (mw): LB=-13.781577, Z₀(α*)=-17.000982, intercept=-39.178536 (0.515s) [OMP=0.498 ISP-L=0.004 ISP-F=0.008 MW-L=0.009 MW-F=0.007]
  Alt-Benders[4] (mw): LB=-13.781577, Z₀(α*)=-17.000982, intercept=-39.178536 (0.610s) [OMP=0.577 ISP-L=0.004 ISP-F=0.008 MW-L=0.006 MW-F=0.008]
  Alt-Benders[5] (mw): LB=-13.781577, Z₀(α*)=-17.000982, intercept=-39.178536 (0.606s) [OMP=0.570 ISP-L=0.004 ISP-F=0.008 MW-L=0.009 MW-F=0.007]
  OMP re-solve: 0.579s

=== True-DRO Benders iter 16 ===
  OMP: t₀=-13.781577, UB=13.514529, gap=2.02e+00, x=[0, 0, 0, 0, 0, 0, 0, 0, 0, 0, 0, 0, 0, 0, 0, 0, 0, 0, 0, 1, 0, 0, 0, 0, 0, 0, 1, 0, 0, 0] (0.000s)
  Sub: Z₀=14.735378 [LOCAL] (0.1s), α=[0.000,0.000,0.000,0.000,0.000,0.000,0.000,0.000,0.000,0.000,0.000,0.000,0.000,0.000,0.000,0.000,0.000,0.000,0.000,1.025,0.000,0.000,0.000,0.000,0.000,0.546,9.244,0.000,0.000,0.000]
  Iter 16: LB=-13.781577  UB=13.514529  gap=2.02e+00
  Cut: intercept=-1102.578031, π_x_range=[-829.5050, 562.5022]
  Mini-Benders[1] (mw): LB=-13.515390, Z₀(α*)=-41.137225, intercept=-100.709496 (0.578s) [OMP=0.541 ISP-L=0.003 ISP-F=0.008 MW-L=0.006 MW-F=0.008]
  Mini-Benders[2] (mw): LB=-13.515390, Z₀(α*)=-41.137225, intercept=-100.709496 (0.532s) [OMP=0.513 ISP-L=0.003 ISP-F=0.008 MW-L=0.006 MW-F=0.010]
  Mini-Benders[3] (mw): LB=-13.515390, Z₀(α*)=-41.137225, intercept=-100.709496 (0.562s) [OMP=0.536 ISP-L=0.003 ISP-F=0.008 MW-L=0.006 MW-F=0.008]
  Mini-Benders[4]: LB stagnated, break
  α-step: Z₀=14.133991, α=[0.000,0.000,0.000,0.000,0.000,0.000,0.000,0.000,0.000,0.000,5.084,0.000,0.000,0.000,5.731,0.000,0.000,0.000,0.000,0.000,0.000,0.000,0.000,0.000,0.000,0.000,0.000,0.000,0.000,0.000]
  Alt-Benders[1] (mw): LB=-13.493279, Z₀(α*)=-19.496103, intercept=-44.406095 (0.594s) [OMP=0.577 ISP-L=0.003 ISP-F=0.008 MW-L=0.007 MW-F=0.009]
  Alt-Benders[2] (mw): LB=-13.493279, Z₀(α*)=-19.496103, intercept=-44.406095 (0.546s) [OMP=0.512 ISP-L=0.003 ISP-F=0.008 MW-L=0.006 MW-F=0.011]
  Alt-Benders[3] (mw): LB=-13.493279, Z₀(α*)=-19.496103, intercept=-44.406095 (0.548s) [OMP=0.521 ISP-L=0.003 ISP-F=0.008 MW-L=0.007 MW-F=0.008]
  Alt-Benders[4]: LB stagnated, break
  OMP re-solve: 0.000s

=== True-DRO Benders iter 17 ===
  OMP: t₀=-13.493279, UB=13.514529, gap=2.00e+00, x=[0, 0, 0, 0, 0, 0, 0, 0, 0, 0, 0, 0, 0, 0, 0, 0, 0, 0, 0, 0, 0, 0, 1, 0, 0, 0, 1, 0, 0, 0] (0.000s)
  Sub: Z₀=15.221858 [LOCAL] (0.1s), α=[0.000,0.000,0.000,0.000,0.000,0.000,0.000,0.000,0.000,0.000,0.000,0.000,0.000,0.000,0.000,0.000,0.000,0.000,0.000,0.000,0.000,0.000,0.000,0.000,0.000,1.267,9.547,0.000,0.000,0.000]
  Iter 17: LB=-13.493279  UB=13.514529  gap=2.00e+00
  Cut: intercept=-1107.754617, π_x_range=[-830.3885, 567.9229]
  Mini-Benders[1] (mw): LB=-12.174948, Z₀(α*)=-12.619788, intercept=-29.993469 (0.618s) [OMP=0.597 ISP-L=0.003 ISP-F=0.009 MW-L=0.006 MW-F=0.007]
  Mini-Benders[2] (mw): LB=-12.174948, Z₀(α*)=-12.619788, intercept=-29.993469 (0.546s) [OMP=0.516 ISP-L=0.003 ISP-F=0.009 MW-L=0.006 MW-F=0.010]
  Mini-Benders[3] (mw): LB=-12.174948, Z₀(α*)=-12.619788, intercept=-29.993469 (0.547s) [OMP=0.515 ISP-L=0.003 ISP-F=0.009 MW-L=0.006 MW-F=0.007]
  Mini-Benders[4]: LB stagnated, break
  α-step: Z₀=17.053287, α=[0.000,0.000,0.000,0.000,0.000,0.000,0.000,4.089,0.000,0.000,0.000,0.000,0.000,0.000,1.490,0.000,0.000,0.000,0.000,0.000,0.000,0.000,0.000,0.000,0.000,4.148,1.087,0.000,0.000,0.000]
  Alt-Benders[1] (mw): LB=-11.287973, Z₀(α*)=-10.440549, intercept=-21.681980 (0.672s) [OMP=0.632 ISP-L=0.003 ISP-F=0.008 MW-L=0.007 MW-F=0.009]
  Alt-Benders[2] (mw): LB=-11.257550, Z₀(α*)=-9.403377, intercept=-54.280658 (0.531s) [OMP=0.510 ISP-L=0.003 ISP-F=0.008 MW-L=0.009 MW-F=0.010]
  Alt-Benders[3] (mw): LB=-11.175288, Z₀(α*)=8.525966, intercept=-47.498291 (0.641s) [OMP=0.605 ISP-L=0.003 ISP-F=0.009 MW-L=0.007 MW-F=0.009]
  Alt-Benders[4] (mw): LB=-11.067386, Z₀(α*)=5.250401, intercept=-40.908073 (0.672s) [OMP=0.651 ISP-L=0.003 ISP-F=0.008 MW-L=0.010 MW-F=0.008]
  Alt-Benders[5] (mw): LB=-10.780136, Z₀(α*)=-12.193094, intercept=-31.036742 (0.626s) [OMP=0.594 ISP-L=0.003 ISP-F=0.008 MW-L=0.006 MW-F=0.008]
  OMP re-solve: 0.553s

=== True-DRO Benders iter 18 ===
  OMP: t₀=-10.780136, UB=13.514529, gap=1.80e+00, x=[0, 0, 0, 0, 0, 0, 0, 0, 0, 0, 0, 0, 0, 0, 1, 0, 0, 0, 0, 0, 0, 0, 0, 0, 0, 0, 1, 0, 0, 0] (0.000s)
  Sub: Z₀=14.864865 [LOCAL] (0.1s), α=[0.000,0.000,0.000,0.000,0.000,0.000,0.000,0.000,0.000,0.000,0.000,0.000,0.000,0.000,2.133,0.000,0.000,0.000,0.000,0.000,0.000,0.000,0.000,0.000,0.000,2.267,6.201,0.214,0.000,0.000]
  Iter 18: LB=-10.780136  UB=13.514529  gap=1.80e+00
  Cut: intercept=-1135.477050, π_x_range=[-829.7650, 589.7819]
  Mini-Benders[1] (mw): LB=-10.440551, Z₀(α*)=15.587389, intercept=-20.341571 (0.671s) [OMP=0.643 ISP-L=0.003 ISP-F=0.008 MW-L=0.006 MW-F=0.009]
  Mini-Benders[2] (mw): LB=-10.218944, Z₀(α*)=2.940565, intercept=-17.288040 (0.500s) [OMP=0.475 ISP-L=0.003 ISP-F=0.009 MW-L=0.009 MW-F=0.007]
  Mini-Benders[3] (mw): LB=-9.403379, Z₀(α*)=-6.784665, intercept=-54.790480 (0.688s) [OMP=0.646 ISP-L=0.003 ISP-F=0.009 MW-L=0.006 MW-F=0.009]
  Mini-Benders[4] (mw): LB=-8.999573, Z₀(α*)=-2.118455, intercept=-36.505583 (0.609s) [OMP=0.591 ISP-L=0.003 ISP-F=0.009 MW-L=0.008 MW-F=0.008]
  Mini-Benders[5] (mw): LB=-8.538785, Z₀(α*)=-17.398112, intercept=-44.148847 (0.610s) [OMP=0.576 ISP-L=0.003 ISP-F=0.008 MW-L=0.005 MW-F=0.009]
  α-step: Z₀=13.675966, α=[0.000,0.000,0.000,0.000,6.862,0.000,0.000,0.000,0.000,0.000,0.000,0.000,0.000,0.000,3.545,0.000,0.000,0.000,0.000,0.000,0.000,0.000,0.000,0.000,0.000,0.408,0.000,0.000,0.000,0.000]
  Alt-Benders[1] (mw): LB=-8.146735, Z₀(α*)=-12.819675, intercept=-81.956733 (0.516s) [OMP=0.492 ISP-L=0.003 ISP-F=0.008 MW-L=0.006 MW-F=0.007]
  Alt-Benders[2] (mw): LB=-8.146735, Z₀(α*)=-12.819675, intercept=-81.956733 (0.484s) [OMP=0.464 ISP-L=0.004 ISP-F=0.008 MW-L=0.009 MW-F=0.007]
  Alt-Benders[3] (mw): LB=-8.146735, Z₀(α*)=-12.819675, intercept=-81.956733 (0.527s) [OMP=0.486 ISP-L=0.003 ISP-F=0.008 MW-L=0.006 MW-F=0.010]
  Alt-Benders[4]: LB stagnated, break
  OMP re-solve: 0.000s

=== True-DRO Benders iter 19 ===
  OMP: t₀=-8.146735, UB=13.514529, gap=1.60e+00, x=[0, 0, 0, 0, 0, 0, 0, 0, 0, 0, 0, 0, 0, 0, 0, 0, 0, 1, 0, 0, 0, 0, 1, 0, 0, 0, 0, 0, 0, 0] (0.000s)
  Sub: Z₀=15.467566 [LOCAL] (0.1s), α=[0.000,0.000,0.000,0.000,0.000,0.000,0.000,0.000,0.000,0.000,0.000,0.000,0.000,0.000,1.520,0.000,0.000,1.786,0.000,0.000,0.000,0.000,6.038,0.000,0.000,1.471,0.000,0.000,0.000,0.000]
  Iter 19: LB=-8.146735  UB=13.514529  gap=1.60e+00
  Cut: intercept=-1093.111567, π_x_range=[-827.5632, 557.6532]
  Mini-Benders[1] (mw): LB=-8.034672, Z₀(α*)=-25.169569, intercept=-19.937531 (0.578s) [OMP=0.538 ISP-L=0.003 ISP-F=0.008 MW-L=0.006 MW-F=0.010]
  Mini-Benders[2] (mw): LB=-8.034672, Z₀(α*)=-25.169569, intercept=-19.937531 (0.594s) [OMP=0.572 ISP-L=0.003 ISP-F=0.008 MW-L=0.006 MW-F=0.007]
  Mini-Benders[3] (mw): LB=-8.034672, Z₀(α*)=-25.169569, intercept=-19.937531 (0.610s) [OMP=0.577 ISP-L=0.003 ISP-F=0.008 MW-L=0.006 MW-F=0.010]
  Mini-Benders[4]: LB stagnated, break
  α-step: Z₀=17.376573, α=[0.000,0.000,0.000,0.000,0.000,0.000,3.952,0.000,0.000,0.000,0.000,0.000,0.000,0.000,1.535,0.000,0.000,0.000,0.000,0.000,0.000,0.000,0.000,0.000,0.000,3.507,1.620,0.201,0.000,0.000]
  Alt-Benders[1] (mw): LB=-7.996669, Z₀(α*)=8.349016, intercept=-13.410513 (0.611s) [OMP=0.592 ISP-L=0.004 ISP-F=0.008 MW-L=0.006 MW-F=0.010]
  Alt-Benders[2] (mw): LB=-7.907082, Z₀(α*)=7.055136, intercept=-7.573541 (0.733s) [OMP=0.706 ISP-L=0.003 ISP-F=0.008 MW-L=0.006 MW-F=0.008]
  Alt-Benders[3] (mw): LB=-7.572532, Z₀(α*)=-22.919130, intercept=-42.629648 (0.792s) [OMP=0.750 ISP-L=0.003 ISP-F=0.007 MW-L=0.006 MW-F=0.010]
  Alt-Benders[4] (mw): LB=-7.572532, Z₀(α*)=-22.919130, intercept=-42.629648 (0.585s) [OMP=0.559 ISP-L=0.003 ISP-F=0.007 MW-L=0.007 MW-F=0.008]
  Alt-Benders[5] (mw): LB=-7.572532, Z₀(α*)=-22.919130, intercept=-42.629648 (0.577s) [OMP=0.556 ISP-L=0.003 ISP-F=0.007 MW-L=0.007 MW-F=0.010]
  OMP re-solve: 0.554s

=== True-DRO Benders iter 20 ===
  OMP: t₀=-7.572532, UB=13.514529, gap=1.56e+00, x=[0, 0, 0, 0, 1, 0, 0, 0, 1, 0, 0, 0, 0, 0, 0, 0, 0, 0, 0, 0, 0, 0, 0, 0, 0, 0, 0, 0, 0, 0] (0.000s)
  Sub: Z₀=13.995033 [TIME_LIMIT] (15.1s), α=[0.000,0.000,0.000,0.000,7.258,0.000,0.906,0.000,0.000,0.000,0.000,0.000,0.000,0.000,2.426,0.000,0.000,0.000,0.000,0.000,0.000,0.000,0.000,0.000,0.000,0.225,0.000,0.000,0.000,0.000]
  Iter 20: LB=-7.572532  UB=13.514529  gap=1.56e+00
  Cut: intercept=-73.063152, π_x_range=[-275.0000, 61.1329]
  Mini-Benders[1] (mw): LB=-7.341003, Z₀(α*)=-24.367727, intercept=-16.615930 (0.703s) [OMP=0.684 ISP-L=0.003 ISP-F=0.008 MW-L=0.006 MW-F=0.012]
  Mini-Benders[2] (mw): LB=-7.341003, Z₀(α*)=-24.367727, intercept=-16.615930 (0.563s) [OMP=0.537 ISP-L=0.003 ISP-F=0.008 MW-L=0.006 MW-F=0.008]
  Mini-Benders[3] (mw): LB=-7.341003, Z₀(α*)=-24.367727, intercept=-16.615930 (0.563s) [OMP=0.534 ISP-L=0.003 ISP-F=0.008 MW-L=0.007 MW-F=0.011]
  Mini-Benders[4]: LB stagnated, break
  α-step: Z₀=15.016299, α=[0.000,0.000,0.000,0.000,0.000,0.000,0.000,0.000,0.000,0.000,0.000,0.000,0.000,0.000,1.520,0.000,0.000,0.000,0.000,0.000,0.000,0.000,0.000,0.000,0.000,2.574,6.721,0.000,0.000,0.000]
  Alt-Benders[1] (mw): LB=-7.202824, Z₀(α*)=-18.282322, intercept=-34.587801 (0.703s) [OMP=0.673 ISP-L=0.003 ISP-F=0.009 MW-L=0.008 MW-F=0.008]
  Alt-Benders[2] (mw): LB=-7.202824, Z₀(α*)=-18.282322, intercept=-34.587801 (0.609s) [OMP=0.584 ISP-L=0.003 ISP-F=0.008 MW-L=0.006 MW-F=0.008]
  Alt-Benders[3] (mw): LB=-7.202824, Z₀(α*)=-18.282322, intercept=-34.587801 (0.610s) [OMP=0.581 ISP-L=0.003 ISP-F=0.008 MW-L=0.009 MW-F=0.008]
  Alt-Benders[4]: LB stagnated, break
  OMP re-solve: 0.001s

=== True-DRO Benders iter 21 ===
  OMP: t₀=-7.202824, UB=13.514529, gap=1.53e+00, x=[0, 0, 0, 0, 1, 0, 0, 0, 0, 0, 0, 0, 0, 1, 0, 0, 0, 0, 0, 0, 0, 0, 0, 0, 0, 0, 0, 0, 0, 0] (0.000s)
  Sub: Z₀=13.995030 [LOCAL] (0.1s), α=[0.000,0.000,0.000,0.000,7.170,0.000,0.994,0.000,0.000,0.000,0.000,0.000,0.000,0.000,2.514,0.000,0.000,0.000,0.000,0.000,0.000,0.000,0.000,0.000,0.000,0.137,0.000,0.000,0.000,0.000]
  Iter 21: LB=-7.202824  UB=13.514529  gap=1.53e+00
  Cut: intercept=-1141.860104, π_x_range=[-829.6034, 588.4765]
  Mini-Benders[1] (mw): LB=-7.069874, Z₀(α*)=-38.248565, intercept=-30.248573 (0.641s) [OMP=0.612 ISP-L=0.003 ISP-F=0.008 MW-L=0.009 MW-F=0.008]
  Mini-Benders[2] (mw): LB=-7.069874, Z₀(α*)=-38.248565, intercept=-30.248573 (0.453s) [OMP=0.422 ISP-L=0.003 ISP-F=0.009 MW-L=0.006 MW-F=0.008]
  Mini-Benders[3] (mw): LB=-7.069874, Z₀(α*)=-38.248565, intercept=-30.248573 (0.453s) [OMP=0.421 ISP-L=0.003 ISP-F=0.008 MW-L=0.009 MW-F=0.008]
  Mini-Benders[4]: LB stagnated, break
  α-step: Z₀=15.077908, α=[0.000,0.000,0.000,0.000,0.000,0.000,0.000,0.000,0.000,0.000,0.000,0.000,0.000,0.000,0.395,0.000,0.000,0.000,0.000,0.000,0.000,0.000,0.000,0.000,0.000,10.420,0.000,0.000,0.000,0.000]
  Alt-Benders[1] (mw): LB=-6.972824, Z₀(α*)=-24.198188, intercept=-41.973641 (0.671s) [OMP=0.656 ISP-L=0.003 ISP-F=0.007 MW-L=0.009 MW-F=0.006]
  Alt-Benders[2] (mw): LB=-6.972824, Z₀(α*)=-24.198188, intercept=-41.973641 (0.656s) [OMP=0.628 ISP-L=0.003 ISP-F=0.007 MW-L=0.006 MW-F=0.006]
  Alt-Benders[3] (mw): LB=-6.972824, Z₀(α*)=-24.198188, intercept=-41.973641 (0.658s) [OMP=0.623 ISP-L=0.003 ISP-F=0.007 MW-L=0.009 MW-F=0.006]
  Alt-Benders[4]: LB stagnated, break
  OMP re-solve: 0.000s

=== True-DRO Benders iter 22 ===
  OMP: t₀=-6.972824, UB=13.514529, gap=1.52e+00, x=[0, 0, 0, 0, 1, 0, 0, 0, 0, 0, 0, 0, 0, 0, 0, 0, 1, 0, 0, 0, 0, 0, 0, 0, 0, 0, 0, 0, 0, 0] (0.000s)
  Sub: Z₀=13.995030 [LOCAL] (0.1s), α=[0.000,0.000,0.000,0.000,7.184,0.000,0.981,0.000,0.000,0.000,0.000,0.000,0.000,0.000,2.500,0.000,0.000,0.000,0.000,0.000,0.000,0.000,0.000,0.000,0.000,0.150,0.000,0.000,0.000,0.000]
  Iter 22: LB=-6.972824  UB=13.514529  gap=1.52e+00
  Cut: intercept=-1103.729056, π_x_range=[-828.9907, 567.4475]
  Mini-Benders[1] (mw): LB=-6.972824, Z₀(α*)=13.995032, intercept=-36.991812 (0.686s) [OMP=0.660 ISP-L=0.004 ISP-F=0.008 MW-L=0.008 MW-F=0.008]
  Mini-Benders[2] (mw): LB=-6.839874, Z₀(α*)=-38.248565, intercept=-30.248574 (0.687s) [OMP=0.658 ISP-L=0.003 ISP-F=0.008 MW-L=0.006 MW-F=0.008]
  Mini-Benders[3] (mw): LB=-6.839874, Z₀(α*)=-38.248565, intercept=-30.248574 (0.672s) [OMP=0.635 ISP-L=0.003 ISP-F=0.008 MW-L=0.009 MW-F=0.008]
  Mini-Benders[4] (mw): LB=-6.839874, Z₀(α*)=-38.248565, intercept=-30.248574 (0.642s) [OMP=0.616 ISP-L=0.003 ISP-F=0.008 MW-L=0.006 MW-F=0.011]
  Mini-Benders[5]: LB stagnated, break
  α-step: Z₀=15.077908, α=[0.000,0.000,0.000,0.000,0.000,0.000,0.000,0.000,0.000,0.000,0.000,0.000,0.000,0.000,0.395,0.000,0.000,0.000,0.000,0.000,0.000,0.000,0.000,0.000,0.000,10.420,0.000,0.000,0.000,0.000]
  Alt-Benders[1] (mw): LB=-6.839874, Z₀(α*)=15.290871, intercept=-24.500955 (0.563s) [OMP=0.528 ISP-L=0.003 ISP-F=0.008 MW-L=0.007 MW-F=0.011]
  Alt-Benders[2] (mw): LB=-6.784667, Z₀(α*)=8.939206, intercept=-68.699053 (0.656s) [OMP=0.635 ISP-L=0.003 ISP-F=0.008 MW-L=0.007 MW-F=0.008]
  Alt-Benders[3] (mw): LB=-6.628826, Z₀(α*)=8.198336, intercept=-8.435588 (0.625s) [OMP=0.596 ISP-L=0.003 ISP-F=0.009 MW-L=0.006 MW-F=0.012]
  Alt-Benders[4] (mw): LB=-6.123754, Z₀(α*)=-6.583209, intercept=-15.876243 (0.594s) [OMP=0.567 ISP-L=0.004 ISP-F=0.008 MW-L=0.006 MW-F=0.009]
  Alt-Benders[5] (mw): LB=-6.123754, Z₀(α*)=-6.583209, intercept=-15.876243 (0.484s) [OMP=0.455 ISP-L=0.004 ISP-F=0.008 MW-L=0.006 MW-F=0.011]
  OMP re-solve: 0.461s

=== True-DRO Benders iter 23 ===
  OMP: t₀=-6.123754, UB=13.514529, gap=1.45e+00, x=[0, 0, 0, 0, 0, 0, 0, 0, 1, 0, 0, 0, 0, 0, 0, 0, 0, 0, 0, 0, 0, 0, 0, 0, 0, 0, 0, 1, 0, 0] (0.001s)
  Sub: Z₀=15.915312 [LOCAL] (0.2s), α=[0.000,0.000,0.000,0.000,0.000,0.000,0.000,0.000,0.000,0.000,0.000,0.000,0.000,0.000,0.000,0.000,0.000,0.000,0.000,0.000,0.000,0.000,0.000,0.000,0.000,5.708,0.044,5.063,0.000,0.000]
  Iter 23: LB=-6.123754  UB=13.514529  gap=1.45e+00
  Cut: intercept=-1135.453490, π_x_range=[-831.0689, 585.6743]
  Mini-Benders[1] (mw): LB=-5.988748, Z₀(α*)=11.688393, intercept=-16.295358 (0.629s) [OMP=0.601 ISP-L=0.003 ISP-F=0.009 MW-L=0.006 MW-F=0.012]
  Mini-Benders[2] (mw): LB=-5.401730, Z₀(α*)=15.915313, intercept=-14.685228 (0.641s) [OMP=0.608 ISP-L=0.003 ISP-F=0.009 MW-L=0.007 MW-F=0.012]
  Mini-Benders[3] (mw): LB=-5.103233, Z₀(α*)=-1.750274, intercept=-30.452846 (0.625s) [OMP=0.603 ISP-L=0.003 ISP-F=0.008 MW-L=0.006 MW-F=0.011]
  Mini-Benders[4] (mw): LB=-4.679709, Z₀(α*)=-8.835127, intercept=-80.616000 (0.516s) [OMP=0.484 ISP-L=0.003 ISP-F=0.009 MW-L=0.006 MW-F=0.008]
  Mini-Benders[5] (mw): LB=-4.679709, Z₀(α*)=-8.835127, intercept=-80.616000 (0.531s) [OMP=0.496 ISP-L=0.003 ISP-F=0.009 MW-L=0.006 MW-F=0.011]
  α-step: Z₀=12.230396, α=[0.000,0.000,0.000,0.000,0.000,0.000,0.258,0.000,0.000,0.000,6.279,0.000,0.000,0.000,0.000,0.000,0.000,0.000,0.000,0.000,0.000,0.000,0.000,0.000,0.000,0.651,1.620,2.007,0.000,0.000]
  Alt-Benders[1] (mw): LB=-4.457430, Z₀(α*)=-19.495988, intercept=-28.798872 (0.578s) [OMP=0.545 ISP-L=0.003 ISP-F=0.008 MW-L=0.006 MW-F=0.011]
  Alt-Benders[2] (mw): LB=-4.457430, Z₀(α*)=-19.495988, intercept=-28.798872 (0.516s) [OMP=0.499 ISP-L=0.004 ISP-F=0.008 MW-L=0.006 MW-F=0.009]
  Alt-Benders[3] (mw): LB=-4.457430, Z₀(α*)=-19.495988, intercept=-28.798872 (0.547s) [OMP=0.518 ISP-L=0.003 ISP-F=0.008 MW-L=0.007 MW-F=0.012]
  Alt-Benders[4]: LB stagnated, break
  OMP re-solve: 0.001s

=== True-DRO Benders iter 24 ===
  OMP: t₀=-4.457430, UB=13.514529, gap=1.33e+00, x=[0, 0, 0, 0, 0, 0, 0, 0, 0, 0, 0, 0, 0, 0, 0, 0, 0, 0, 0, 0, 0, 1, 0, 0, 0, 0, 1, 0, 0, 0] (0.000s)
  Sub: Z₀=16.250969 [LOCAL] (0.1s), α=[0.000,0.000,0.000,0.000,0.000,0.000,0.000,0.000,0.000,0.000,0.000,0.000,0.000,0.000,0.000,0.000,0.000,0.000,0.000,0.000,0.000,0.000,0.000,0.000,0.000,2.130,8.684,0.000,0.000,0.000]
  Iter 24: LB=-4.457430  UB=13.514529  gap=1.33e+00
  Cut: intercept=-1108.887010, π_x_range=[-830.9323, 564.9403]
  Mini-Benders[1] (mw): LB=-4.400889, Z₀(α*)=13.457074, intercept=-38.261922 (0.500s) [OMP=0.471 ISP-L=0.003 ISP-F=0.008 MW-L=0.008 MW-F=0.008]
  Mini-Benders[2] (mw): LB=-4.385515, Z₀(α*)=-23.379863, intercept=-72.066664 (0.515s) [OMP=0.486 ISP-L=0.003 ISP-F=0.008 MW-L=0.006 MW-F=0.008]
  Mini-Benders[3] (mw): LB=-4.385515, Z₀(α*)=-23.379863, intercept=-72.066664 (0.500s) [OMP=0.470 ISP-L=0.003 ISP-F=0.008 MW-L=0.009 MW-F=0.008]
  Mini-Benders[4] (mw): LB=-4.385515, Z₀(α*)=-23.379863, intercept=-72.066664 (0.485s) [OMP=0.456 ISP-L=0.003 ISP-F=0.008 MW-L=0.006 MW-F=0.008]
  Mini-Benders[5]: LB stagnated, break
  α-step: Z₀=15.466484, α=[0.000,0.000,0.000,0.000,0.000,0.000,0.227,0.000,0.000,0.000,6.198,0.000,0.000,0.081,3.243,0.000,0.000,0.000,0.000,0.000,0.000,0.000,0.000,0.000,0.000,0.651,0.415,0.000,0.000,0.000]
  Alt-Benders[1] (mw): LB=-4.065466, Z₀(α*)=-13.462157, intercept=-69.880162 (0.500s) [OMP=0.462 ISP-L=0.004 ISP-F=0.008 MW-L=0.006 MW-F=0.009]
  Alt-Benders[2] (mw): LB=-4.065466, Z₀(α*)=-13.462157, intercept=-69.880162 (0.516s) [OMP=0.485 ISP-L=0.004 ISP-F=0.008 MW-L=0.009 MW-F=0.009]
  Alt-Benders[3] (mw): LB=-4.065466, Z₀(α*)=-13.462157, intercept=-69.880162 (0.515s) [OMP=0.491 ISP-L=0.004 ISP-F=0.008 MW-L=0.006 MW-F=0.009]
  Alt-Benders[4]: LB stagnated, break
  OMP re-solve: 0.000s

=== True-DRO Benders iter 25 ===
  OMP: t₀=-4.065466, UB=13.514529, gap=1.30e+00, x=[0, 0, 0, 0, 0, 0, 0, 1, 0, 0, 0, 0, 0, 0, 0, 0, 0, 0, 0, 0, 0, 0, 0, 0, 0, 0, 1, 0, 0, 0] (0.000s)
  Sub: Z₀=13.894214 [TIME_LIMIT] (15.1s), α=[0.000,0.000,0.000,0.000,0.000,0.000,0.000,0.000,0.000,0.000,0.000,0.000,0.000,0.000,0.524,0.000,0.000,0.000,0.000,0.000,0.000,0.000,0.000,0.000,0.000,1.606,5.446,3.238,0.000,0.000]
  Iter 25: LB=-4.065466  UB=13.514529  gap=1.30e+00
  Cut: intercept=-69.452472, π_x_range=[-240.2641, 49.4118]
  Mini-Benders[1] (mw): LB=-3.904013, Z₀(α*)=-8.363984, intercept=-26.061591 (0.437s) [OMP=0.416 ISP-L=0.003 ISP-F=0.009 MW-L=0.005 MW-F=0.007]
  Mini-Benders[2] (mw): LB=-3.904013, Z₀(α*)=-8.363984, intercept=-26.061591 (0.469s) [OMP=0.435 ISP-L=0.003 ISP-F=0.009 MW-L=0.008 MW-F=0.007]
  Mini-Benders[3] (mw): LB=-3.904013, Z₀(α*)=-8.363984, intercept=-26.061591 (0.453s) [OMP=0.431 ISP-L=0.003 ISP-F=0.009 MW-L=0.005 MW-F=0.007]
  Mini-Benders[4]: LB stagnated, break
  α-step: Z₀=17.053287, α=[0.000,0.000,0.000,0.000,0.000,0.000,0.000,4.037,0.000,0.000,0.000,0.000,0.000,0.000,1.520,0.000,0.000,0.000,0.000,0.000,0.000,0.000,0.000,0.000,0.000,4.109,1.149,0.000,0.000,0.000]
  Alt-Benders[1] (mw): LB=-3.662423, Z₀(α*)=-2.783859, intercept=-18.336633 (0.562s) [OMP=0.539 ISP-L=0.004 ISP-F=0.008 MW-L=0.006 MW-F=0.008]
  Alt-Benders[2] (mw): LB=-3.558341, Z₀(α*)=16.998856, intercept=-21.084983 (0.485s) [OMP=0.458 ISP-L=0.003 ISP-F=0.008 MW-L=0.009 MW-F=0.008]
  Alt-Benders[3] (mw): LB=-2.783861, Z₀(α*)=-2.783859, intercept=-18.336633 (0.578s) [OMP=0.550 ISP-L=0.004 ISP-F=0.008 MW-L=0.006 MW-F=0.008]
  Alt-Benders[4] (mw): LB=-2.783861, Z₀(α*)=-2.783859, intercept=-18.336633 (0.516s) [OMP=0.483 ISP-L=0.003 ISP-F=0.008 MW-L=0.009 MW-F=0.008]
  Alt-Benders[5] (mw): LB=-2.783861, Z₀(α*)=-2.783859, intercept=-18.336633 (0.500s) [OMP=0.467 ISP-L=0.003 ISP-F=0.008 MW-L=0.006 MW-F=0.011]
  OMP re-solve: 0.460s

=== True-DRO Benders iter 26 ===
  OMP: t₀=-2.783861, UB=13.514529, gap=1.21e+00, x=[0, 0, 0, 0, 0, 0, 0, 0, 0, 0, 0, 0, 0, 0, 0, 0, 0, 0, 1, 0, 0, 0, 0, 0, 0, 0, 0, 1, 0, 0] (0.000s)
  Sub: Z₀=15.839630 [LOCAL] (0.1s), α=[0.000,0.000,0.000,0.000,0.000,0.000,0.000,0.000,0.000,0.000,0.000,0.000,0.000,0.000,1.520,0.000,0.000,0.000,0.000,0.000,0.000,0.000,0.000,0.000,0.000,4.948,0.083,4.263,0.000,0.000]
  Iter 26: LB=-2.783861  UB=13.514529  gap=1.21e+00
  Cut: intercept=-1095.290430, π_x_range=[-831.7879, 563.4673]
  Mini-Benders[1] (mw): LB=-2.678459, Z₀(α*)=-36.111510, intercept=-65.604784 (0.532s) [OMP=0.518 ISP-L=0.003 ISP-F=0.007 MW-L=0.006 MW-F=0.011]
  Mini-Benders[2] (mw): LB=-2.678459, Z₀(α*)=-36.111510, intercept=-65.604784 (0.502s) [OMP=0.480 ISP-L=0.003 ISP-F=0.008 MW-L=0.006 MW-F=0.009]
  Mini-Benders[3] (mw): LB=-2.678459, Z₀(α*)=-36.111510, intercept=-65.604784 (0.514s) [OMP=0.479 ISP-L=0.003 ISP-F=0.007 MW-L=0.006 MW-F=0.011]
  Mini-Benders[4]: LB stagnated, break
  α-step: Z₀=11.504984, α=[0.000,0.000,0.000,0.000,6.453,0.000,3.337,0.000,0.000,0.000,0.000,0.000,0.000,0.000,1.025,0.000,0.000,0.000,0.000,0.000,0.000,0.000,0.000,0.000,0.000,0.000,0.000,0.000,0.000,0.000]
  Alt-Benders[1] (mw): LB=-2.364555, Z₀(α*)=-24.422918, intercept=-76.797991 (0.516s) [OMP=0.498 ISP-L=0.004 ISP-F=0.009 MW-L=0.007 MW-F=0.012]
  Alt-Benders[2] (mw): LB=-2.364555, Z₀(α*)=-24.422918, intercept=-76.797991 (0.500s) [OMP=0.457 ISP-L=0.003 ISP-F=0.009 MW-L=0.006 MW-F=0.009]
  Alt-Benders[3] (mw): LB=-2.364555, Z₀(α*)=-24.422918, intercept=-76.797991 (0.469s) [OMP=0.451 ISP-L=0.003 ISP-F=0.009 MW-L=0.007 MW-F=0.012]
  Alt-Benders[4]: LB stagnated, break
  OMP re-solve: 0.001s

=== True-DRO Benders iter 27 ===
  OMP: t₀=-2.364555, UB=13.514529, gap=1.17e+00, x=[0, 0, 0, 0, 0, 0, 0, 0, 0, 0, 1, 0, 0, 0, 0, 0, 0, 0, 0, 1, 0, 0, 0, 0, 0, 0, 0, 0, 0, 0] (0.000s)
  Sub: Z₀=14.348985 [LOCAL] (0.1s), α=[0.000,0.000,0.000,0.000,0.000,0.000,0.000,0.000,0.000,0.000,6.402,0.000,0.000,0.000,1.520,0.000,0.000,0.000,0.000,2.843,0.000,0.000,0.000,0.000,0.000,0.049,0.000,0.000,0.000,0.000]
  Iter 27: LB=-2.364555  UB=13.514529  gap=1.17e+00
  Cut: intercept=-1067.169485, π_x_range=[-819.7001, 556.6237]
  Mini-Benders[1] (mw): LB=-2.118457, Z₀(α*)=0.332610, intercept=-48.204632 (0.516s) [OMP=0.478 ISP-L=0.003 ISP-F=0.010 MW-L=0.006 MW-F=0.011]
  Mini-Benders[2] (mw): LB=-1.885157, Z₀(α*)=-4.871862, intercept=-158.031483 (0.469s) [OMP=0.444 ISP-L=0.003 ISP-F=0.008 MW-L=0.006 MW-F=0.010]
  Mini-Benders[3] (mw): LB=-1.885157, Z₀(α*)=-4.871862, intercept=-158.031483 (0.476s) [OMP=0.440 ISP-L=0.003 ISP-F=0.008 MW-L=0.006 MW-F=0.012]
  Mini-Benders[4] (mw): LB=-1.885157, Z₀(α*)=-4.871862, intercept=-158.031483 (0.462s) [OMP=0.443 ISP-L=0.004 ISP-F=0.007 MW-L=0.006 MW-F=0.010]
  Mini-Benders[5]: LB stagnated, break
  α-step: Z₀=12.159973, α=[0.000,0.000,0.000,0.000,0.000,0.000,0.000,0.000,0.000,0.000,5.873,0.000,0.000,0.000,0.794,0.000,0.000,0.000,0.000,0.000,0.000,0.000,0.000,0.000,0.000,0.000,4.148,0.000,0.000,0.000]
  Alt-Benders[1] (mw): LB=-1.656343, Z₀(α*)=-22.419746, intercept=-40.352806 (0.444s) [OMP=0.415 ISP-L=0.003 ISP-F=0.008 MW-L=0.006 MW-F=0.009]
  Alt-Benders[2] (mw): LB=-1.656343, Z₀(α*)=-22.419746, intercept=-40.352806 (0.500s) [OMP=0.473 ISP-L=0.003 ISP-F=0.008 MW-L=0.006 MW-F=0.012]
  Alt-Benders[3] (mw): LB=-1.656343, Z₀(α*)=-22.419746, intercept=-40.352806 (0.531s) [OMP=0.515 ISP-L=0.003 ISP-F=0.008 MW-L=0.006 MW-F=0.008]
  Alt-Benders[4]: LB stagnated, break
  OMP re-solve: 0.000s

=== True-DRO Benders iter 28 ===
  OMP: t₀=-1.656343, UB=13.514529, gap=1.12e+00, x=[0, 0, 0, 0, 0, 0, 0, 0, 0, 0, 0, 0, 0, 0, 1, 0, 0, 0, 0, 1, 0, 0, 0, 0, 0, 0, 0, 0, 0, 0] (0.000s)
  Sub: Z₀=16.615219 [LOCAL] (0.2s), α=[0.000,0.000,0.000,0.000,0.000,0.000,0.000,0.000,0.000,0.000,0.000,0.000,0.000,0.000,4.028,0.000,0.000,0.000,0.000,2.655,0.000,0.000,0.000,0.000,0.000,4.131,0.000,0.000,0.000,0.000]
  Iter 28: LB=-1.656343  UB=13.514529  gap=1.12e+00
  Cut: intercept=-1131.031222, π_x_range=[-829.8410, 587.3226]
  Mini-Benders[1] (mw): LB=-1.471675, Z₀(α*)=-12.936205, intercept=-37.036565 (0.438s) [OMP=0.414 ISP-L=0.003 ISP-F=0.008 MW-L=0.006 MW-F=0.008]
  Mini-Benders[2] (mw): LB=-1.471675, Z₀(α*)=-12.936205, intercept=-37.036565 (0.453s) [OMP=0.411 ISP-L=0.003 ISP-F=0.008 MW-L=0.009 MW-F=0.008]
  Mini-Benders[3] (mw): LB=-1.471675, Z₀(α*)=-12.936205, intercept=-37.036565 (0.437s) [OMP=0.417 ISP-L=0.003 ISP-F=0.008 MW-L=0.006 MW-F=0.008]
  Mini-Benders[4]: LB stagnated, break
  α-step: Z₀=14.893405, α=[0.000,0.000,0.000,0.000,0.000,0.000,0.000,0.000,0.000,0.000,0.000,0.000,0.000,0.000,1.520,0.000,0.000,0.000,0.000,0.000,0.000,0.000,0.000,0.000,0.000,2.574,6.721,0.000,0.000,0.000]
  Alt-Benders[1] (mw): LB=-1.164218, Z₀(α*)=11.470155, intercept=-30.542256 (0.500s) [OMP=0.469 ISP-L=0.003 ISP-F=0.008 MW-L=0.006 MW-F=0.009]
  Alt-Benders[2] (mw): LB=-1.077760, Z₀(α*)=11.983661, intercept=-47.558101 (0.469s) [OMP=0.434 ISP-L=0.003 ISP-F=0.009 MW-L=0.009 MW-F=0.007]
  Alt-Benders[3] (mw): LB=-0.484139, Z₀(α*)=-15.168890, intercept=-50.952199 (0.484s) [OMP=0.458 ISP-L=0.003 ISP-F=0.008 MW-L=0.007 MW-F=0.007]
  Alt-Benders[4] (mw): LB=-0.484139, Z₀(α*)=-15.168890, intercept=-50.952199 (0.486s) [OMP=0.469 ISP-L=0.003 ISP-F=0.008 MW-L=0.010 MW-F=0.007]
  Alt-Benders[5] (mw): LB=-0.484139, Z₀(α*)=-15.168890, intercept=-50.952199 (0.498s) [OMP=0.460 ISP-L=0.003 ISP-F=0.008 MW-L=0.007 MW-F=0.007]
  OMP re-solve: 0.461s

=== True-DRO Benders iter 29 ===
  OMP: t₀=-0.484139, UB=13.514529, gap=1.04e+00, x=[0, 0, 0, 1, 0, 0, 0, 0, 0, 0, 1, 0, 0, 0, 0, 0, 0, 0, 0, 0, 0, 0, 0, 0, 0, 0, 0, 0, 0, 0] (0.000s)
  Sub: Z₀=15.521734 [LOCAL] (0.1s), α=[0.000,0.000,0.000,0.000,0.000,0.000,0.000,0.000,0.000,0.000,6.636,0.000,0.000,0.000,3.545,0.000,0.000,0.000,0.000,0.000,0.000,0.000,0.000,0.000,0.000,0.283,0.212,0.138,0.000,0.000]
  Iter 29: LB=-0.484139  UB=13.514529  gap=1.04e+00
  Cut: intercept=-1070.081187, π_x_range=[-819.7498, 562.0518]
  Mini-Benders[1] (mw): LB=-0.466950, Z₀(α*)=-11.326403, intercept=-29.727530 (0.500s) [OMP=0.484 ISP-L=0.003 ISP-F=0.009 MW-L=0.006 MW-F=0.008]
  Mini-Benders[2] (mw): LB=-0.466950, Z₀(α*)=-11.326403, intercept=-29.727530 (0.594s) [OMP=0.552 ISP-L=0.003 ISP-F=0.009 MW-L=0.009 MW-F=0.008]
  Mini-Benders[3] (mw): LB=-0.466950, Z₀(α*)=-11.326403, intercept=-29.727530 (0.546s) [OMP=0.531 ISP-L=0.003 ISP-F=0.009 MW-L=0.006 MW-F=0.009]
  Mini-Benders[4]: LB stagnated, break
  α-step: Z₀=17.294144, α=[0.000,0.000,0.000,0.000,0.000,0.000,0.000,0.000,0.000,0.000,0.000,0.000,0.000,0.000,1.520,0.000,0.000,0.000,0.000,3.909,0.000,0.000,0.000,0.000,0.000,5.386,0.000,0.000,0.000,0.000]
  Alt-Benders[1] (mw): LB=-0.227183, Z₀(α*)=-2.527300, intercept=-27.991191 (0.518s) [OMP=0.477 ISP-L=0.004 ISP-F=0.009 MW-L=0.006 MW-F=0.009]
  Alt-Benders[2] (mw): LB=-0.227183, Z₀(α*)=-2.527300, intercept=-27.991191 (0.434s) [OMP=0.404 ISP-L=0.003 ISP-F=0.008 MW-L=0.008 MW-F=0.009]
  Alt-Benders[3] (mw): LB=-0.227183, Z₀(α*)=-2.527300, intercept=-27.991191 (0.424s) [OMP=0.404 ISP-L=0.004 ISP-F=0.008 MW-L=0.005 MW-F=0.009]
  Alt-Benders[4]: LB stagnated, break
  OMP re-solve: 0.000s

=== True-DRO Benders iter 30 ===
  OMP: t₀=-0.227183, UB=13.514529, gap=1.02e+00, x=[0, 0, 0, 0, 0, 0, 0, 0, 0, 0, 0, 0, 0, 0, 1, 0, 0, 1, 0, 0, 0, 0, 0, 0, 0, 0, 0, 0, 0, 0] (0.000s)
  Sub: Z₀=18.275971 [TIME_LIMIT] (15.1s), α=[0.000,0.000,0.000,0.000,0.000,0.000,0.000,0.000,0.000,0.000,0.000,0.000,0.000,0.000,6.053,0.000,0.000,0.000,0.000,0.000,0.000,0.000,0.000,0.000,0.000,3.619,1.143,0.000,0.000,0.000]
  Iter 30: LB=-0.227183  UB=13.514529  gap=1.02e+00
  Cut: intercept=-63.701912, π_x_range=[-250.0000, 72.0918]
  Mini-Benders[1] (mw): LB=0.047823, Z₀(α*)=16.690103, intercept=16.690103 (0.410s) [OMP=0.391 ISP-L=0.004 ISP-F=0.009 MW-L=0.006 MW-F=0.010]
  Mini-Benders[2] (mw): LB=0.332608, Z₀(α*)=-7.026358, intercept=-35.641952 (0.407s) [OMP=0.380 ISP-L=0.003 ISP-F=0.008 MW-L=0.006 MW-F=0.008]
  Mini-Benders[3] (mw): LB=0.332608, Z₀(α*)=-7.026358, intercept=-35.641952 (0.390s) [OMP=0.364 ISP-L=0.003 ISP-F=0.008 MW-L=0.007 MW-F=0.011]
  Mini-Benders[4] (mw): LB=0.332608, Z₀(α*)=-7.026358, intercept=-35.641952 (0.407s) [OMP=0.366 ISP-L=0.003 ISP-F=0.009 MW-L=0.006 MW-F=0.008]
  Mini-Benders[5]: LB stagnated, break
  α-step: Z₀=15.829281, α=[0.000,0.000,0.000,0.000,0.000,0.000,0.000,3.855,0.000,0.000,0.000,0.000,0.000,0.000,1.256,0.000,0.000,0.000,0.000,0.000,0.000,0.000,0.000,0.000,0.000,4.849,0.853,0.000,0.000,0.000]
  Alt-Benders[1] (mw): LB=1.149137, Z₀(α*)=-13.941432, intercept=-43.054463 (0.425s) [OMP=0.404 ISP-L=0.003 ISP-F=0.008 MW-L=0.007 MW-F=0.007]
  Alt-Benders[2] (mw): LB=1.149137, Z₀(α*)=-13.941432, intercept=-43.054463 (0.406s) [OMP=0.381 ISP-L=0.003 ISP-F=0.007 MW-L=0.006 MW-F=0.010]
  Alt-Benders[3] (mw): LB=1.149137, Z₀(α*)=-13.941432, intercept=-43.054463 (0.406s) [OMP=0.372 ISP-L=0.003 ISP-F=0.008 MW-L=0.007 MW-F=0.008]
  Alt-Benders[4]: LB stagnated, break
  OMP re-solve: 0.001s

=== True-DRO Benders iter 31 ===
  OMP: t₀=1.149137, UB=13.514529, gap=9.15e-01, x=[0, 0, 0, 0, 0, 0, 0, 0, 0, 0, 0, 0, 0, 0, 1, 0, 0, 0, 0, 0, 0, 0, 0, 0, 0, 1, 0, 0, 0, 0] (0.000s)
  Sub: Z₀=12.807844 [LOCAL] (0.1s), α=[0.000,0.000,0.000,0.000,0.000,0.000,0.000,0.000,0.000,0.000,0.000,0.000,0.000,0.000,2.132,0.000,0.000,0.000,0.000,0.000,0.000,0.000,0.000,0.000,0.000,8.683,0.000,0.000,0.000,0.000]
  Iter 31: LB=1.149137  UB=13.514529  gap=9.15e-01
  Cut: intercept=-1167.121654, π_x_range=[-828.8736, 593.8676]
  Mini-Benders[1] (mw): LB=1.399372, Z₀(α*)=9.976969, intercept=-4.980012 (0.423s) [OMP=0.396 ISP-L=0.003 ISP-F=0.009 MW-L=0.006 MW-F=0.009]
  Mini-Benders[2] (mw): LB=2.286680, Z₀(α*)=11.126915, intercept=-36.378447 (0.483s) [OMP=0.446 ISP-L=0.003 ISP-F=0.009 MW-L=0.006 MW-F=0.012]
  Mini-Benders[3] (mw): LB=2.781402, Z₀(α*)=4.929032, intercept=-110.124017 (0.437s) [OMP=0.413 ISP-L=0.003 ISP-F=0.009 MW-L=0.006 MW-F=0.009]
  Mini-Benders[4] (mw): LB=2.940563, Z₀(α*)=-1.478628, intercept=-31.621562 (0.438s) [OMP=0.415 ISP-L=0.003 ISP-F=0.009 MW-L=0.007 MW-F=0.012]
  Mini-Benders[5] (mw): LB=2.940563, Z₀(α*)=-1.478628, intercept=-31.621562 (0.437s) [OMP=0.397 ISP-L=0.003 ISP-F=0.009 MW-L=0.006 MW-F=0.009]
  α-step: Z₀=17.025567, α=[0.000,0.000,0.000,0.000,0.000,0.000,0.000,0.000,0.000,0.000,0.000,0.000,0.000,0.000,1.520,0.000,0.000,0.000,0.000,2.843,0.000,0.000,0.000,0.000,0.000,5.577,0.874,0.000,0.000,0.000]
  Alt-Benders[1] (mw): LB=3.633022, Z₀(α*)=0.078879, intercept=-16.615011 (0.453s) [OMP=0.430 ISP-L=0.003 ISP-F=0.008 MW-L=0.006 MW-F=0.007]
  Alt-Benders[2] (mw): LB=3.633022, Z₀(α*)=0.078879, intercept=-16.615011 (0.438s) [OMP=0.405 ISP-L=0.004 ISP-F=0.008 MW-L=0.006 MW-F=0.010]
  Alt-Benders[3] (mw): LB=3.633022, Z₀(α*)=0.078879, intercept=-16.615011 (0.421s) [OMP=0.398 ISP-L=0.003 ISP-F=0.008 MW-L=0.006 MW-F=0.007]
  Alt-Benders[4]: LB stagnated, break
  OMP re-solve: 0.001s

=== True-DRO Benders iter 32 ===
  OMP: t₀=3.633022, UB=13.514529, gap=7.31e-01, x=[0, 0, 0, 0, 0, 0, 0, 0, 0, 0, 0, 0, 0, 0, 0, 0, 0, 0, 0, 0, 0, 1, 0, 0, 0, 0, 0, 1, 0, 0] (0.000s)
  Sub: Z₀=15.898150 [LOCAL] (0.1s), α=[0.000,0.000,0.000,0.000,0.000,0.000,0.000,0.000,0.000,0.000,0.000,0.000,0.000,0.000,0.000,0.000,0.000,0.000,0.000,0.000,0.000,0.000,0.000,0.000,0.000,2.761,4.205,3.848,0.000,0.000]
  Iter 32: LB=3.633022  UB=13.514529  gap=7.31e-01
  Cut: intercept=-1111.619520, π_x_range=[-830.8943, 564.3564]
  Mini-Benders[1] (mw): LB=3.857096, Z₀(α*)=-13.391709, intercept=-44.779859 (0.469s) [OMP=0.446 ISP-L=0.003 ISP-F=0.008 MW-L=0.006 MW-F=0.009]
  Mini-Benders[2] (mw): LB=3.857095, Z₀(α*)=-13.391709, intercept=-44.779859 (0.453s) [OMP=0.428 ISP-L=0.003 ISP-F=0.008 MW-L=0.005 MW-F=0.011]
  Mini-Benders[3] (mw): LB=3.857095, Z₀(α*)=-13.391709, intercept=-44.779859 (0.468s) [OMP=0.432 ISP-L=0.003 ISP-F=0.008 MW-L=0.006 MW-F=0.009]
  Mini-Benders[4]: LB stagnated, break
  α-step: Z₀=15.912045, α=[0.000,0.000,0.000,0.000,0.000,0.000,2.312,3.036,0.000,0.000,0.000,0.000,0.000,0.000,0.000,0.000,0.000,0.000,0.000,0.000,0.000,0.000,0.000,0.000,0.000,5.286,0.180,0.000,0.000,0.000]
  Alt-Benders[1] (mw): LB=4.088189, Z₀(α*)=-20.223908, intercept=-51.737817 (0.469s) [OMP=0.442 ISP-L=0.003 ISP-F=0.008 MW-L=0.006 MW-F=0.008]
  Alt-Benders[2] (mw): LB=4.088189, Z₀(α*)=-20.223908, intercept=-51.737817 (0.438s) [OMP=0.415 ISP-L=0.003 ISP-F=0.008 MW-L=0.009 MW-F=0.008]
  Alt-Benders[3] (mw): LB=4.088189, Z₀(α*)=-20.223908, intercept=-51.737817 (0.452s) [OMP=0.415 ISP-L=0.003 ISP-F=0.008 MW-L=0.006 MW-F=0.008]
  Alt-Benders[4]: LB stagnated, break
  OMP re-solve: 0.000s

=== True-DRO Benders iter 33 ===
  OMP: t₀=4.088189, UB=13.514529, gap=6.97e-01, x=[0, 0, 0, 0, 0, 0, 0, 0, 1, 0, 1, 0, 0, 0, 0, 0, 0, 0, 0, 0, 0, 0, 0, 0, 0, 0, 0, 0, 0, 0] (0.000s)
  Sub: Z₀=15.521734 [LOCAL] (0.1s), α=[0.000,0.000,0.000,0.000,0.000,0.000,0.000,0.000,0.000,0.000,6.636,0.000,0.000,0.000,3.545,0.000,0.000,0.000,0.000,0.000,0.000,0.000,0.000,0.000,0.000,0.283,0.159,0.191,0.000,0.000]
  Iter 33: LB=4.088189  UB=13.514529  gap=6.97e-01
  Cut: intercept=-1092.761188, π_x_range=[-819.2068, 582.9657]
  Mini-Benders[1] (mw): LB=4.228016, Z₀(α*)=15.518341, intercept=-57.572873 (0.531s) [OMP=0.503 ISP-L=0.003 ISP-F=0.009 MW-L=0.006 MW-F=0.010]
  Mini-Benders[2] (mw): LB=4.616573, Z₀(α*)=-8.825888, intercept=-66.348703 (0.500s) [OMP=0.466 ISP-L=0.003 ISP-F=0.009 MW-L=0.008 MW-F=0.008]
  Mini-Benders[3] (mw): LB=4.616573, Z₀(α*)=-8.825888, intercept=-66.348703 (0.500s) [OMP=0.470 ISP-L=0.004 ISP-F=0.009 MW-L=0.006 MW-F=0.008]
  Mini-Benders[4] (mw): LB=4.616573, Z₀(α*)=-8.825888, intercept=-66.348703 (0.501s) [OMP=0.466 ISP-L=0.003 ISP-F=0.009 MW-L=0.009 MW-F=0.008]
  Mini-Benders[5]: LB stagnated, break
  α-step: Z₀=19.330903, α=[0.000,0.000,0.000,0.000,0.000,0.000,0.000,0.000,0.000,0.000,0.000,0.000,0.000,0.000,2.892,0.000,0.000,0.081,0.000,0.000,0.000,0.000,0.000,0.000,0.000,5.366,1.773,0.702,0.000,0.000]
  Alt-Benders[1] (mw): LB=4.755101, Z₀(α*)=5.929193, intercept=-39.649697 (0.484s) [OMP=0.463 ISP-L=0.003 ISP-F=0.009 MW-L=0.009 MW-F=0.008]
  Alt-Benders[2] (mw): LB=4.789682, Z₀(α*)=13.569789, intercept=-19.045254 (0.500s) [OMP=0.464 ISP-L=0.003 ISP-F=0.008 MW-L=0.006 MW-F=0.009]
  Alt-Benders[3] (mw): LB=4.929030, Z₀(α*)=2.245739, intercept=-93.926324 (0.438s) [OMP=0.414 ISP-L=0.003 ISP-F=0.008 MW-L=0.009 MW-F=0.008]
  Alt-Benders[4] (mw): LB=4.929030, Z₀(α*)=2.245739, intercept=-93.926324 (0.469s) [OMP=0.440 ISP-L=0.003 ISP-F=0.009 MW-L=0.006 MW-F=0.008]
  Alt-Benders[5] (mw): LB=4.929030, Z₀(α*)=2.245739, intercept=-93.926324 (0.468s) [OMP=0.430 ISP-L=0.004 ISP-F=0.008 MW-L=0.010 MW-F=0.008]
  OMP re-solve: 0.449s

=== True-DRO Benders iter 34 ===
  OMP: t₀=4.929030, UB=13.514529, gap=6.35e-01, x=[0, 0, 0, 0, 0, 0, 0, 0, 0, 0, 0, 0, 0, 0, 0, 0, 0, 1, 1, 0, 0, 0, 0, 0, 0, 0, 0, 0, 0, 0] (0.000s)
  Sub: Z₀=16.100342 [LOCAL] (0.1s), α=[0.000,0.000,0.000,0.000,0.000,0.000,0.000,0.000,0.000,0.000,0.000,0.000,0.000,0.000,0.045,0.000,0.000,0.081,5.322,0.000,0.000,0.000,0.000,0.000,0.000,5.366,0.000,0.000,0.000,0.000]
  Iter 34: LB=4.929030  UB=13.514529  gap=6.35e-01
  Cut: intercept=-1095.142703, π_x_range=[-829.0306, 564.4047]
  Mini-Benders[1] (mw): LB=4.937255, Z₀(α*)=-12.477000, intercept=-5.000713 (0.516s) [OMP=0.488 ISP-L=0.003 ISP-F=0.009 MW-L=0.009 MW-F=0.007]
  Mini-Benders[2] (mw): LB=4.937255, Z₀(α*)=-12.477000, intercept=-5.000713 (0.471s) [OMP=0.441 ISP-L=0.003 ISP-F=0.009 MW-L=0.006 MW-F=0.008]
  Mini-Benders[3] (mw): LB=4.937255, Z₀(α*)=-12.477000, intercept=-5.000713 (0.481s) [OMP=0.456 ISP-L=0.003 ISP-F=0.009 MW-L=0.009 MW-F=0.007]
  Mini-Benders[4]: LB stagnated, break
  α-step: Z₀=17.845115, α=[0.000,0.000,0.000,0.000,0.000,0.000,0.000,0.000,0.000,0.000,0.000,0.000,0.000,0.000,4.910,0.000,0.000,0.000,0.000,0.000,0.000,0.000,0.000,0.000,0.000,5.904,0.000,0.000,0.000,0.000]
  Alt-Benders[1] (mw): LB=5.041376, Z₀(α*)=11.912815, intercept=-20.854472 (0.469s) [OMP=0.436 ISP-L=0.003 ISP-F=0.008 MW-L=0.009 MW-F=0.008]
  Alt-Benders[2] (mw): LB=5.250399, Z₀(α*)=-1.435847, intercept=-41.589773 (0.469s) [OMP=0.445 ISP-L=0.003 ISP-F=0.008 MW-L=0.006 MW-F=0.008]
  Alt-Benders[3] (mw): LB=5.250399, Z₀(α*)=-1.435847, intercept=-41.589773 (0.437s) [OMP=0.416 ISP-L=0.004 ISP-F=0.008 MW-L=0.009 MW-F=0.008]
  Alt-Benders[4] (mw): LB=5.250399, Z₀(α*)=-1.435847, intercept=-41.589773 (0.453s) [OMP=0.422 ISP-L=0.004 ISP-F=0.008 MW-L=0.007 MW-F=0.008]
  Alt-Benders[5]: LB stagnated, break
  OMP re-solve: 0.001s

=== True-DRO Benders iter 35 ===
  OMP: t₀=5.250399, UB=13.514529, gap=6.11e-01, x=[0, 0, 0, 0, 0, 0, 0, 0, 0, 0, 0, 0, 0, 0, 0, 0, 0, 0, 0, 0, 0, 0, 1, 0, 0, 0, 0, 1, 0, 0] (0.001s)
  Sub: Z₀=15.180775 [TIME_LIMIT] (15.2s), α=[0.000,0.000,0.000,0.000,0.000,0.000,0.000,0.047,0.000,0.000,0.000,0.000,0.000,0.000,3.263,0.000,0.000,0.000,0.000,0.000,0.000,0.000,0.408,0.000,0.000,4.822,0.106,2.169,0.000,0.000]
  Iter 35: LB=5.250399  UB=13.514529  gap=6.11e-01
  Cut: intercept=-45.874708, π_x_range=[-276.0000, 37.4261]
  Mini-Benders[1] (mw): LB=5.929191, Z₀(α*)=3.022491, intercept=-40.147431 (0.516s) [OMP=0.488 ISP-L=0.004 ISP-F=0.009 MW-L=0.006 MW-F=0.011]
  Mini-Benders[2] (mw): LB=5.929191, Z₀(α*)=3.022491, intercept=-40.147431 (0.484s) [OMP=0.463 ISP-L=0.003 ISP-F=0.009 MW-L=0.007 MW-F=0.008]
  Mini-Benders[3] (mw): LB=5.929191, Z₀(α*)=3.022491, intercept=-40.147431 (0.485s) [OMP=0.442 ISP-L=0.003 ISP-F=0.009 MW-L=0.006 MW-F=0.011]
  Mini-Benders[4]: LB stagnated, break
  α-step: Z₀=14.434740, α=[0.000,0.000,0.000,0.000,0.000,0.000,0.000,0.000,0.000,0.000,0.000,0.000,0.000,0.000,0.000,0.000,0.000,0.000,0.000,0.000,0.000,0.000,0.000,0.000,0.000,5.693,5.122,0.000,0.000,0.000]
  Alt-Benders[1] (mw): LB=6.135972, Z₀(α*)=12.013210, intercept=-15.480581 (0.500s) [OMP=0.479 ISP-L=0.003 ISP-F=0.009 MW-L=0.006 MW-F=0.011]
  Alt-Benders[2] (mw): LB=6.654865, Z₀(α*)=-17.005190, intercept=-73.037487 (0.547s) [OMP=0.515 ISP-L=0.003 ISP-F=0.008 MW-L=0.006 MW-F=0.007]
  Alt-Benders[3] (mw): LB=6.654865, Z₀(α*)=-17.005190, intercept=-73.037487 (0.456s) [OMP=0.433 ISP-L=0.003 ISP-F=0.008 MW-L=0.006 MW-F=0.010]
  Alt-Benders[4] (mw): LB=6.654865, Z₀(α*)=-17.005190, intercept=-73.037487 (0.450s) [OMP=0.415 ISP-L=0.003 ISP-F=0.008 MW-L=0.006 MW-F=0.007]
  Alt-Benders[5]: LB stagnated, break
  OMP re-solve: 0.000s

=== True-DRO Benders iter 36 ===
  OMP: t₀=6.654865, UB=13.514529, gap=5.08e-01, x=[0, 0, 0, 0, 1, 0, 0, 0, 0, 0, 0, 0, 0, 0, 0, 0, 0, 0, 0, 0, 0, 0, 0, 0, 0, 0, 1, 0, 0, 0] (0.000s)
  Sub: Z₀=11.949483 [LOCAL] (0.2s), α=[0.000,0.000,0.000,0.000,5.385,0.000,0.000,0.000,0.000,0.000,0.000,0.000,0.000,0.000,3.545,0.000,0.000,0.000,0.000,0.000,0.000,0.000,0.000,0.000,0.000,0.000,1.810,0.075,0.000,0.000]
  Iter 36: LB=6.654865  UB=13.514529  gap=5.08e-01
  Cut: intercept=-1121.422368, π_x_range=[-828.6653, 568.1384]
  Mini-Benders[1] (mw): LB=7.780461, Z₀(α*)=-14.240305, intercept=-10.657895 (0.547s) [OMP=0.519 ISP-L=0.004 ISP-F=0.008 MW-L=0.006 MW-F=0.007]
  Mini-Benders[2] (mw): LB=7.780461, Z₀(α*)=-14.240305, intercept=-10.657895 (0.531s) [OMP=0.497 ISP-L=0.003 ISP-F=0.008 MW-L=0.006 MW-F=0.009]
  Mini-Benders[3] (mw): LB=7.780461, Z₀(α*)=-14.240305, intercept=-10.657895 (0.516s) [OMP=0.497 ISP-L=0.003 ISP-F=0.008 MW-L=0.006 MW-F=0.007]
  Mini-Benders[4]: LB stagnated, break
  α-step: Z₀=18.275971, α=[0.000,0.000,0.000,0.000,0.000,0.000,0.000,0.000,0.000,0.000,0.000,0.000,0.000,0.000,6.053,0.000,0.000,0.000,0.000,0.000,0.000,0.000,0.000,0.000,0.000,3.619,1.143,0.000,0.000,0.000]
  Alt-Benders[1] (mw): LB=7.780462, Z₀(α*)=18.275971, intercept=8.969194 (0.562s) [OMP=0.539 ISP-L=0.003 ISP-F=0.009 MW-L=0.006 MW-F=0.008]
  Alt-Benders[2] (mw): LB=7.916557, Z₀(α*)=15.421309, intercept=-6.955750 (0.453s) [OMP=0.423 ISP-L=0.002 ISP-F=0.008 MW-L=0.004 MW-F=0.011]
  Alt-Benders[3] (mw): LB=8.041670, Z₀(α*)=-0.612395, intercept=-26.805454 (0.469s) [OMP=0.456 ISP-L=0.003 ISP-F=0.008 MW-L=0.006 MW-F=0.007]
  Alt-Benders[4] (mw): LB=8.041670, Z₀(α*)=-0.612395, intercept=-26.805454 (0.502s) [OMP=0.462 ISP-L=0.003 ISP-F=0.008 MW-L=0.006 MW-F=0.009]
  Alt-Benders[5] (mw): LB=8.041670, Z₀(α*)=-0.612395, intercept=-26.805454 (0.499s) [OMP=0.479 ISP-L=0.003 ISP-F=0.008 MW-L=0.006 MW-F=0.007]
  OMP re-solve: 0.479s

=== True-DRO Benders iter 37 ===
  OMP: t₀=8.041670, UB=13.514529, gap=4.05e-01, x=[0, 0, 0, 1, 0, 0, 0, 0, 0, 0, 0, 0, 0, 0, 0, 0, 0, 0, 0, 0, 0, 0, 0, 0, 0, 1, 0, 0, 0, 0] (0.000s)
  Sub: Z₀=15.330325 [LOCAL] (0.1s), α=[0.000,0.000,0.000,0.000,0.000,0.000,0.000,0.000,0.000,0.000,0.000,0.000,0.000,0.000,0.000,0.000,0.000,0.000,0.000,0.000,0.000,0.000,0.000,0.000,0.000,10.815,0.000,0.000,0.000,0.000]
  Iter 37: LB=8.041670  UB=13.514529  gap=4.05e-01
  Cut: intercept=-1143.460111, π_x_range=[-828.6968, 583.8342]
  Mini-Benders[1] (mw): LB=8.100106, Z₀(α*)=8.598469, intercept=-15.168757 (0.516s) [OMP=0.491 ISP-L=0.003 ISP-F=0.009 MW-L=0.006 MW-F=0.008]
  Mini-Benders[2] (mw): LB=8.198334, Z₀(α*)=6.028246, intercept=-8.514501 (0.470s) [OMP=0.446 ISP-L=0.003 ISP-F=0.009 MW-L=0.006 MW-F=0.011]
  Mini-Benders[3] (mw): LB=8.198334, Z₀(α*)=6.028246, intercept=-8.514501 (0.535s) [OMP=0.493 ISP-L=0.003 ISP-F=0.009 MW-L=0.006 MW-F=0.009]
  Mini-Benders[4] (mw): LB=8.198334, Z₀(α*)=6.028246, intercept=-8.514501 (0.501s) [OMP=0.470 ISP-L=0.003 ISP-F=0.009 MW-L=0.006 MW-F=0.011]
  Mini-Benders[5]: LB stagnated, break
  α-step: Z₀=17.776201, α=[0.000,0.000,0.000,0.000,0.000,0.000,0.000,0.000,0.000,0.000,0.000,0.000,0.000,0.000,3.343,0.000,0.000,0.000,0.000,0.000,0.000,0.000,0.000,0.000,0.000,7.471,0.000,0.000,0.000,0.000]
  Alt-Benders[1] (mw): LB=8.288467, Z₀(α*)=8.598469, intercept=-14.689678 (0.557s) [OMP=0.526 ISP-L=0.004 ISP-F=0.009 MW-L=0.006 MW-F=0.010]
  Alt-Benders[2] (mw): LB=8.349014, Z₀(α*)=10.072751, intercept=-23.361334 (0.457s) [OMP=0.436 ISP-L=0.003 ISP-F=0.008 MW-L=0.006 MW-F=0.008]
  Alt-Benders[3] (mw): LB=8.413100, Z₀(α*)=7.968161, intercept=-18.867093 (0.501s) [OMP=0.470 ISP-L=0.003 ISP-F=0.008 MW-L=0.006 MW-F=0.011]
  Alt-Benders[4] (mw): LB=8.413100, Z₀(α*)=7.968161, intercept=-18.867093 (0.468s) [OMP=0.449 ISP-L=0.003 ISP-F=0.008 MW-L=0.006 MW-F=0.008]
  Alt-Benders[5] (mw): LB=8.413100, Z₀(α*)=7.968161, intercept=-18.867093 (0.485s) [OMP=0.451 ISP-L=0.003 ISP-F=0.008 MW-L=0.006 MW-F=0.011]
  OMP re-solve: 0.458s

=== True-DRO Benders iter 38 ===
  OMP: t₀=8.413100, UB=13.514529, gap=3.77e-01, x=[0, 0, 0, 0, 0, 0, 1, 0, 0, 0, 0, 0, 0, 0, 0, 0, 0, 0, 1, 0, 0, 0, 0, 0, 0, 0, 0, 0, 0, 0] (0.000s)
  Sub: Z₀=16.891989 [LOCAL] (0.2s), α=[0.000,0.000,0.000,0.000,0.000,0.000,2.312,0.000,0.000,0.000,0.000,0.000,0.000,0.000,0.000,0.000,0.000,0.000,0.005,0.000,0.000,0.000,0.000,0.000,0.000,8.497,0.000,0.000,0.000,0.000]
  Iter 38: LB=8.413100  UB=13.514529  gap=3.77e-01
  Cut: intercept=-1100.613253, π_x_range=[-830.7936, 579.4242]
  Mini-Benders[1] (mw): LB=8.525964, Z₀(α*)=-16.578725, intercept=-61.557215 (0.469s) [OMP=0.440 ISP-L=0.003 ISP-F=0.008 MW-L=0.009 MW-F=0.008]
  Mini-Benders[2] (mw): LB=8.525964, Z₀(α*)=-16.578725, intercept=-61.557215 (0.468s) [OMP=0.446 ISP-L=0.003 ISP-F=0.008 MW-L=0.006 MW-F=0.008]
  Mini-Benders[3] (mw): LB=8.525964, Z₀(α*)=-16.578725, intercept=-61.557215 (0.485s) [OMP=0.455 ISP-L=0.003 ISP-F=0.008 MW-L=0.009 MW-F=0.008]
  Mini-Benders[4]: LB stagnated, break
  α-step: Z₀=15.900613, α=[0.000,0.000,0.000,0.000,0.000,0.000,0.000,3.002,0.000,0.000,0.000,0.000,0.000,0.000,4.705,0.000,0.000,0.000,0.000,0.000,0.000,0.000,0.000,0.000,0.000,3.107,0.000,0.000,0.000,0.000]
  Alt-Benders[1] (mw): LB=8.582147, Z₀(α*)=10.364542, intercept=-26.946553 (0.484s) [OMP=0.460 ISP-L=0.004 ISP-F=0.008 MW-L=0.009 MW-F=0.008]
  Alt-Benders[2] (mw): LB=8.598467, Z₀(α*)=12.772103, intercept=-16.239432 (0.484s) [OMP=0.459 ISP-L=0.003 ISP-F=0.008 MW-L=0.005 MW-F=0.007]
  Alt-Benders[3] (mw): LB=8.598467, Z₀(α*)=12.772103, intercept=-16.239432 (0.540s) [OMP=0.498 ISP-L=0.003 ISP-F=0.009 MW-L=0.008 MW-F=0.007]
  Alt-Benders[4] (mw): LB=8.939204, Z₀(α*)=-7.319989, intercept=-65.455197 (0.492s) [OMP=0.474 ISP-L=0.003 ISP-F=0.007 MW-L=0.006 MW-F=0.008]
  Alt-Benders[5] (mw): LB=8.939204, Z₀(α*)=-7.319989, intercept=-65.455197 (0.469s) [OMP=0.441 ISP-L=0.003 ISP-F=0.007 MW-L=0.009 MW-F=0.007]
  OMP re-solve: 0.464s

=== True-DRO Benders iter 39 ===
  OMP: t₀=8.939204, UB=13.514529, gap=3.39e-01, x=[0, 0, 0, 1, 0, 0, 0, 0, 0, 0, 0, 0, 0, 0, 0, 0, 0, 0, 1, 0, 0, 0, 0, 0, 0, 0, 0, 0, 0, 0] (0.001s)
  Sub: Z₀=16.989366 [LOCAL] (0.1s), α=[0.000,0.000,0.000,1.440,0.000,0.000,0.000,0.000,0.000,0.000,0.000,0.000,0.000,0.000,0.000,0.000,0.000,0.000,2.812,0.000,0.000,0.000,0.000,0.000,0.000,6.563,0.000,0.000,0.000,0.000]
  Iter 39: LB=8.939204  UB=13.514529  gap=3.39e-01
  Cut: intercept=-1088.884791, π_x_range=[-830.8483, 567.0842]
  Mini-Benders[1] (mw): LB=9.026727, Z₀(α*)=2.738916, intercept=-55.673439 (0.562s) [OMP=0.528 ISP-L=0.003 ISP-F=0.009 MW-L=0.008 MW-F=0.009]
  Mini-Benders[2] (mw): LB=9.026727, Z₀(α*)=2.738916, intercept=-55.673439 (0.516s) [OMP=0.490 ISP-L=0.003 ISP-F=0.010 MW-L=0.006 MW-F=0.009]
  Mini-Benders[3] (mw): LB=9.026727, Z₀(α*)=2.738916, intercept=-55.673439 (0.516s) [OMP=0.488 ISP-L=0.003 ISP-F=0.009 MW-L=0.008 MW-F=0.009]
  Mini-Benders[4]: LB stagnated, break
  α-step: Z₀=19.216548, α=[0.000,0.000,0.000,0.000,0.000,0.000,0.486,0.000,0.000,0.000,0.000,0.000,0.000,0.000,2.006,0.000,0.000,0.029,0.000,0.000,0.000,0.000,0.000,0.000,0.000,5.333,2.961,0.000,0.000,0.000]
  Alt-Benders[1] (mw): LB=9.045076, Z₀(α*)=19.120859, intercept=14.917747 (0.500s) [OMP=0.461 ISP-L=0.003 ISP-F=0.008 MW-L=0.008 MW-F=0.009]
  Alt-Benders[2] (mw): LB=9.122535, Z₀(α*)=5.102032, intercept=-0.371651 (0.578s) [OMP=0.569 ISP-L=0.001 ISP-F=0.009 MW-L=0.004 MW-F=0.008]
  Alt-Benders[3] (mw): LB=9.122535, Z₀(α*)=5.102032, intercept=-0.371654 (0.563s) [OMP=0.531 ISP-L=0.003 ISP-F=0.008 MW-L=0.010 MW-F=0.008]
  Alt-Benders[4] (mw): LB=9.122535, Z₀(α*)=5.102032, intercept=-0.371654 (0.500s) [OMP=0.468 ISP-L=0.003 ISP-F=0.008 MW-L=0.006 MW-F=0.008]
  Alt-Benders[5]: LB stagnated, break
  OMP re-solve: 0.001s

=== True-DRO Benders iter 40 ===
  OMP: t₀=9.122535, UB=13.514529, gap=3.25e-01, x=[0, 0, 0, 1, 0, 0, 1, 0, 0, 0, 0, 0, 0, 0, 0, 0, 0, 0, 0, 0, 0, 0, 0, 0, 0, 0, 0, 0, 0, 0] (0.000s)
  Sub: Z₀=17.612182 [TIME_LIMIT] (15.1s), α=[0.000,0.000,0.000,0.000,0.283,0.000,2.536,0.000,0.000,0.000,0.000,0.000,0.000,0.000,0.019,0.000,0.000,0.000,0.000,0.000,0.000,0.000,0.000,0.000,0.000,7.290,0.305,0.382,0.000,0.000]
  Iter 40: LB=9.122535  UB=13.514529  gap=3.25e-01
  Cut: intercept=-4.748092, π_x_range=[-202.6824, 22.3603]
  Mini-Benders[1] (mw): LB=9.976967, Z₀(α*)=17.612170, intercept=-4.579509 (0.515s) [OMP=0.483 ISP-L=0.003 ISP-F=0.008 MW-L=0.006 MW-F=0.008]
  Mini-Benders[2] (mw): LB=10.072750, Z₀(α*)=9.118558, intercept=-20.427857 (0.469s) [OMP=0.445 ISP-L=0.003 ISP-F=0.008 MW-L=0.009 MW-F=0.007]
  Mini-Benders[3] (mw): LB=10.072750, Z₀(α*)=9.118558, intercept=-20.427857 (0.469s) [OMP=0.432 ISP-L=0.003 ISP-F=0.008 MW-L=0.006 MW-F=0.007]
  Mini-Benders[4] (mw): LB=10.072750, Z₀(α*)=9.118558, intercept=-20.427857 (0.454s) [OMP=0.430 ISP-L=0.003 ISP-F=0.008 MW-L=0.009 MW-F=0.007]
  Mini-Benders[5]: LB stagnated, break
  α-step: Z₀=16.184632, α=[0.000,0.000,0.000,0.000,0.000,0.000,1.909,0.000,0.000,0.000,0.000,0.000,0.000,0.000,1.909,0.000,0.000,0.000,0.000,0.000,0.000,0.000,0.000,0.000,0.000,6.997,0.000,0.000,0.000,0.000]
  Alt-Benders[1] (mw): LB=10.364540, Z₀(α*)=4.382312, intercept=-16.098224 (0.532s) [OMP=0.500 ISP-L=0.004 ISP-F=0.009 MW-L=0.009 MW-F=0.008]
  Alt-Benders[2] (mw): LB=10.364540, Z₀(α*)=4.382312, intercept=-16.098224 (0.531s) [OMP=0.515 ISP-L=0.003 ISP-F=0.009 MW-L=0.006 MW-F=0.008]
  Alt-Benders[3] (mw): LB=10.364540, Z₀(α*)=4.382312, intercept=-16.098224 (0.555s) [OMP=0.511 ISP-L=0.003 ISP-F=0.009 MW-L=0.009 MW-F=0.008]
  Alt-Benders[4]: LB stagnated, break
  OMP re-solve: 0.001s

=== True-DRO Benders iter 41 ===
  OMP: t₀=10.364540, UB=13.514529, gap=2.33e-01, x=[0, 0, 0, 0, 0, 0, 0, 0, 0, 0, 0, 0, 0, 0, 0, 0, 0, 0, 1, 1, 0, 0, 0, 0, 0, 0, 0, 0, 0, 0] (0.000s)
  Sub: Z₀=17.053114 [LOCAL] (0.1s), α=[0.000,0.000,0.000,0.000,0.000,0.000,0.000,0.000,0.000,0.000,0.000,0.000,0.000,0.000,2.452,0.000,0.000,0.000,0.132,2.699,0.000,0.000,0.000,0.000,0.000,5.533,0.000,0.000,0.000,0.000]
  Iter 41: LB=10.364540  UB=13.514529  gap=2.33e-01
  Cut: intercept=-1077.338135, π_x_range=[-829.8285, 554.9947]
  Mini-Benders[1] (mw): LB=10.407908, Z₀(α*)=9.194118, intercept=-60.692549 (0.610s) [OMP=0.574 ISP-L=0.004 ISP-F=0.009 MW-L=0.008 MW-F=0.010]
  Mini-Benders[2] (mw): LB=10.407908, Z₀(α*)=9.194118, intercept=-60.692549 (0.562s) [OMP=0.538 ISP-L=0.003 ISP-F=0.009 MW-L=0.006 MW-F=0.010]
  Mini-Benders[3] (mw): LB=10.407908, Z₀(α*)=9.194118, intercept=-60.692549 (0.562s) [OMP=0.532 ISP-L=0.003 ISP-F=0.009 MW-L=0.008 MW-F=0.010]
  Mini-Benders[4]: LB stagnated, break
  α-step: Z₀=19.193861, α=[0.000,0.000,0.000,0.000,0.000,0.000,0.566,0.000,0.000,0.000,0.000,0.000,0.000,0.000,3.095,0.000,0.000,0.081,0.000,0.000,0.000,0.000,0.000,0.000,0.000,5.386,1.354,0.333,0.000,0.000]
  Alt-Benders[1] (mw): LB=10.407908, Z₀(α*)=19.274262, intercept=-28.451099 (0.515s) [OMP=0.475 ISP-L=0.003 ISP-F=0.010 MW-L=0.008 MW-F=0.008]
  Alt-Benders[2] (mw): LB=10.689661, Z₀(α*)=1.297101, intercept=-15.914030 (0.516s) [OMP=0.488 ISP-L=0.003 ISP-F=0.008 MW-L=0.006 MW-F=0.009]
  Alt-Benders[3] (mw): LB=10.689661, Z₀(α*)=1.297101, intercept=-15.914030 (0.563s) [OMP=0.536 ISP-L=0.003 ISP-F=0.011 MW-L=0.006 MW-F=0.009]
  Alt-Benders[4] (mw): LB=10.689661, Z₀(α*)=1.297101, intercept=-15.914030 (0.578s) [OMP=0.544 ISP-L=0.004 ISP-F=0.008 MW-L=0.007 MW-F=0.012]
  Alt-Benders[5]: LB stagnated, break
  OMP re-solve: 0.001s

=== True-DRO Benders iter 42 ===
  OMP: t₀=10.689661, UB=13.514529, gap=2.09e-01, x=[0, 0, 0, 0, 0, 0, 0, 0, 1, 0, 0, 0, 0, 0, 0, 0, 0, 0, 0, 0, 0, 0, 0, 0, 0, 0, 1, 0, 0, 0] (0.000s)
  Sub: Z₀=16.316740 [LOCAL] (0.1s), α=[0.000,0.000,0.000,0.000,0.000,0.000,0.000,0.000,0.000,0.000,0.000,0.000,0.000,0.000,0.000,0.000,0.000,0.000,0.000,0.000,0.000,0.000,0.000,0.000,0.000,2.130,7.985,0.700,0.000,0.000]
  Iter 42: LB=10.689661  UB=13.514529  gap=2.09e-01
  Cut: intercept=-1129.268941, π_x_range=[-830.8341, 587.3775]
  Mini-Benders[1] (mw): LB=10.718141, Z₀(α*)=2.291276, intercept=-51.585714 (0.515s) [OMP=0.490 ISP-L=0.003 ISP-F=0.008 MW-L=0.007 MW-F=0.010]
  Mini-Benders[2] (mw): LB=10.718141, Z₀(α*)=2.291276, intercept=-51.585714 (0.531s) [OMP=0.510 ISP-L=0.003 ISP-F=0.008 MW-L=0.007 MW-F=0.007]
  Mini-Benders[3] (mw): LB=10.718141, Z₀(α*)=2.291276, intercept=-51.585714 (0.547s) [OMP=0.516 ISP-L=0.003 ISP-F=0.008 MW-L=0.007 MW-F=0.009]
  Mini-Benders[4]: LB stagnated, break
  α-step: Z₀=11.515314, α=[0.000,0.000,0.000,0.000,0.000,0.000,0.000,0.000,0.000,0.000,0.000,0.000,0.000,0.000,0.395,0.000,0.000,0.000,0.000,0.000,0.000,0.000,0.000,0.000,0.000,6.279,4.141,0.000,0.000,0.000]
  Alt-Benders[1] (mw): LB=10.953046, Z₀(α*)=-10.138189, intercept=-53.512099 (0.550s) [OMP=0.522 ISP-L=0.003 ISP-F=0.007 MW-L=0.006 MW-F=0.009]
  Alt-Benders[2] (mw): LB=10.953046, Z₀(α*)=-10.138189, intercept=-53.512099 (0.528s) [OMP=0.515 ISP-L=0.003 ISP-F=0.007 MW-L=0.006 MW-F=0.007]
  Alt-Benders[3] (mw): LB=10.953046, Z₀(α*)=-10.138189, intercept=-53.512099 (0.563s) [OMP=0.525 ISP-L=0.003 ISP-F=0.007 MW-L=0.006 MW-F=0.010]
  Alt-Benders[4]: LB stagnated, break
  OMP re-solve: 0.001s

=== True-DRO Benders iter 43 ===
  OMP: t₀=10.953046, UB=13.514529, gap=1.90e-01, x=[0, 0, 0, 0, 1, 0, 0, 0, 0, 0, 0, 0, 0, 0, 0, 0, 0, 0, 0, 0, 0, 0, 0, 0, 0, 1, 0, 0, 0, 0] (0.001s)
  Sub: Z₀=11.174295 [LOCAL] (0.1s), α=[0.000,0.000,0.000,0.000,3.465,0.000,1.182,0.000,0.000,0.000,0.000,0.000,0.000,0.000,2.702,0.000,0.000,0.000,0.000,0.000,0.000,0.000,0.000,0.000,0.000,3.465,0.000,0.000,0.000,0.000]
  Iter 43: LB=10.953046  UB=13.514529  gap=1.90e-01
  Cut: intercept=-1133.392107, π_x_range=[-826.4454, 578.5079]
  Mini-Benders[1] (mw): LB=11.126913, Z₀(α*)=-0.723821, intercept=-43.159445 (0.562s) [OMP=0.525 ISP-L=0.003 ISP-F=0.008 MW-L=0.006 MW-F=0.011]
  Mini-Benders[2] (mw): LB=11.126913, Z₀(α*)=-0.723821, intercept=-43.159445 (0.657s) [OMP=0.627 ISP-L=0.004 ISP-F=0.009 MW-L=0.006 MW-F=0.009]
  Mini-Benders[3] (mw): LB=11.126913, Z₀(α*)=-0.723821, intercept=-43.159445 (0.656s) [OMP=0.633 ISP-L=0.003 ISP-F=0.008 MW-L=0.006 MW-F=0.012]
  Mini-Benders[4]: LB stagnated, break
  α-step: Z₀=16.860949, α=[0.000,0.000,0.000,0.000,0.000,0.000,0.000,2.787,0.000,0.000,0.000,0.000,0.000,0.000,1.463,0.000,0.000,0.000,0.000,0.000,0.000,0.000,0.000,0.000,0.000,4.263,2.302,0.000,0.000,0.000]
  Alt-Benders[1] (mw): LB=11.174295, Z₀(α*)=-12.795912, intercept=-54.660648 (0.522s) [OMP=0.497 ISP-L=0.003 ISP-F=0.007 MW-L=0.006 MW-F=0.009]
  Alt-Benders[2] (mw): LB=11.174295, Z₀(α*)=-12.795912, intercept=-54.660648 (0.532s) [OMP=0.520 ISP-L=0.003 ISP-F=0.007 MW-L=0.006 MW-F=0.006]
  Alt-Benders[3] (mw): LB=11.174295, Z₀(α*)=-12.795912, intercept=-54.660648 (0.546s) [OMP=0.509 ISP-L=0.003 ISP-F=0.007 MW-L=0.006 MW-F=0.009]
  Alt-Benders[4]: LB stagnated, break
  OMP re-solve: 0.001s

=== True-DRO Benders iter 44 ===
  OMP: t₀=11.174295, UB=13.514529, gap=1.73e-01, x=[0, 0, 0, 0, 1, 0, 0, 0, 0, 0, 0, 0, 0, 0, 0, 0, 0, 0, 0, 0, 0, 0, 0, 0, 0, 1, 0, 0, 0, 0] (0.000s)
  Sub: Z₀=11.174295 [LOCAL] (0.1s), α=[0.000,0.000,0.000,0.000,3.465,0.000,1.182,0.000,0.000,0.000,0.000,0.000,0.000,0.000,2.702,0.000,0.000,0.000,0.000,0.000,0.000,0.000,0.000,0.000,0.000,3.465,0.000,0.000,0.000,0.000]
  Iter 44: LB=11.174295  UB=13.514529  gap=1.73e-01
  Cut: intercept=-1133.392107, π_x_range=[-826.4454, 578.5079]
  Mini-Benders[1] (mw): LB=11.174295, Z₀(α*)=11.174296, intercept=-55.962335 (0.548s) [OMP=0.516 ISP-L=0.003 ISP-F=0.007 MW-L=0.007 MW-F=0.011]
  Mini-Benders[2] (mw): LB=11.174295, Z₀(α*)=11.174296, intercept=-55.962335 (0.531s) [OMP=0.510 ISP-L=0.003 ISP-F=0.007 MW-L=0.007 MW-F=0.008]
  Mini-Benders[3]: LB stagnated, break
  α-step: Z₀=11.174296, α=[0.000,0.000,0.000,0.000,4.647,0.000,0.000,0.000,0.000,0.000,0.000,0.000,0.000,0.000,1.520,0.000,0.000,0.000,0.000,0.000,0.000,0.000,0.000,0.000,0.000,4.647,0.000,0.000,0.000,0.000]
  Alt-Benders[1] (mw): LB=11.174296, Z₀(α*)=11.174296, intercept=-55.962333 (0.547s) [OMP=0.521 ISP-L=0.003 ISP-F=0.007 MW-L=0.006 MW-F=0.008]
  Alt-Benders[2] (mw): LB=11.174296, Z₀(α*)=11.174296, intercept=-55.962333 (0.547s) [OMP=0.508 ISP-L=0.003 ISP-F=0.007 MW-L=0.006 MW-F=0.010]
  Alt-Benders[3] (mw): LB=11.174296, Z₀(α*)=11.174296, intercept=-55.962333 (0.516s) [OMP=0.502 ISP-L=0.003 ISP-F=0.007 MW-L=0.006 MW-F=0.008]
  Alt-Benders[4]: LB stagnated, break
  OMP re-solve: 0.001s

=== True-DRO Benders iter 45 ===
  OMP: t₀=11.174296, UB=13.514529, gap=1.73e-01, x=[0, 0, 0, 0, 1, 0, 0, 0, 0, 0, 0, 0, 0, 0, 0, 0, 0, 0, 0, 0, 0, 0, 0, 0, 0, 1, 0, 0, 0, 0] (0.000s)
  Sub: Z₀=11.174296 [TIME_LIMIT] (15.1s), α=[0.000,0.000,0.000,0.000,4.647,0.000,0.000,0.000,0.000,0.000,0.000,0.000,0.000,0.000,1.520,0.000,0.000,0.000,0.000,0.000,0.000,0.000,0.000,0.000,0.000,4.647,0.000,0.000,0.000,0.000]
  Iter 45: LB=11.174296  UB=11.935166  gap=6.38e-02
  Cut: intercept=-100.671912, π_x_range=[-218.0554, 67.3035]
  Mini-Benders[1] (mw): LB=11.174296, Z₀(α*)=11.174296, intercept=-55.962333 (0.516s) [OMP=0.496 ISP-L=0.003 ISP-F=0.007 MW-L=0.006 MW-F=0.008]
  Mini-Benders[2] (mw): LB=11.174296, Z₀(α*)=11.174296, intercept=-55.962333 (0.515s) [OMP=0.488 ISP-L=0.003 ISP-F=0.007 MW-L=0.006 MW-F=0.010]
  Mini-Benders[3]: LB stagnated, break
  α-step: Z₀=11.174296, α=[0.000,0.000,0.000,0.000,4.647,0.000,0.000,0.000,0.000,0.000,0.000,0.000,0.000,0.000,1.520,0.000,0.000,0.000,0.000,0.000,0.000,0.000,0.000,0.000,0.000,4.647,0.000,0.000,0.000,0.000]
  Alt-Benders[1] (mw): LB=11.174296, Z₀(α*)=11.174296, intercept=-55.962333 (0.547s) [OMP=0.522 ISP-L=0.003 ISP-F=0.007 MW-L=0.006 MW-F=0.010]
  Alt-Benders[2] (mw): LB=11.174296, Z₀(α*)=11.174296, intercept=-55.962333 (0.563s) [OMP=0.531 ISP-L=0.003 ISP-F=0.007 MW-L=0.006 MW-F=0.008]
  Alt-Benders[3]: LB stagnated, break
  OMP re-solve: 0.001s

=== True-DRO Benders iter 46 ===
  OMP: t₀=11.174296, UB=11.935166, gap=6.38e-02, x=[0, 0, 0, 0, 1, 0, 0, 0, 0, 0, 0, 0, 0, 0, 0, 0, 0, 0, 0, 0, 0, 0, 0, 0, 0, 1, 0, 0, 0, 0] (0.000s)
  Sub: Z₀=11.174295 [LOCAL] (0.1s), α=[0.000,0.000,0.000,0.000,3.465,0.000,1.182,0.000,0.000,0.000,0.000,0.000,0.000,0.000,2.702,0.000,0.000,0.000,0.000,0.000,0.000,0.000,0.000,0.000,0.000,3.465,0.000,0.000,0.000,0.000]
  Iter 46: LB=11.174296  UB=11.935166  gap=6.38e-02
  Cut: intercept=-1133.392107, π_x_range=[-826.4454, 578.5079]
  Mini-Benders[1] (mw): LB=11.174296, Z₀(α*)=11.174296, intercept=-55.962335 (0.545s) [OMP=0.518 ISP-L=0.003 ISP-F=0.007 MW-L=0.007 MW-F=0.008]
  Mini-Benders[2] (mw): LB=11.174296, Z₀(α*)=11.174296, intercept=-55.962335 (0.539s) [OMP=0.511 ISP-L=0.003 ISP-F=0.007 MW-L=0.006 MW-F=0.011]
  Mini-Benders[3]: LB stagnated, break
  α-step: Z₀=11.174296, α=[0.000,0.000,0.000,0.000,4.647,0.000,0.000,0.000,0.000,0.000,0.000,0.000,0.000,0.000,1.520,0.000,0.000,0.000,0.000,0.000,0.000,0.000,0.000,0.000,0.000,4.647,0.000,0.000,0.000,0.000]
  Alt-Benders[1] (mw): LB=11.174296, Z₀(α*)=11.174296, intercept=-55.962333 (0.547s) [OMP=0.524 ISP-L=0.003 ISP-F=0.007 MW-L=0.006 MW-F=0.010]
  Alt-Benders[2] (mw): LB=11.174296, Z₀(α*)=11.174296, intercept=-55.962333 (0.546s) [OMP=0.521 ISP-L=0.003 ISP-F=0.007 MW-L=0.006 MW-F=0.008]
  Alt-Benders[3]: LB stagnated, break
  OMP re-solve: 0.001s

=== True-DRO Benders iter 47 ===
  OMP: t₀=11.174296, UB=11.935166, gap=6.38e-02, x=[0, 0, 0, 0, 1, 0, 0, 0, 0, 0, 0, 0, 0, 0, 0, 0, 0, 0, 0, 0, 0, 0, 0, 0, 0, 1, 0, 0, 0, 0] (0.001s)
  Sub: Z₀=11.174295 [LOCAL] (0.1s), α=[0.000,0.000,0.000,0.000,3.465,0.000,1.182,0.000,0.000,0.000,0.000,0.000,0.000,0.000,2.702,0.000,0.000,0.000,0.000,0.000,0.000,0.000,0.000,0.000,0.000,3.465,0.000,0.000,0.000,0.000]
  Iter 47: LB=11.174296  UB=11.935166  gap=6.38e-02
  Cut: intercept=-1133.392107, π_x_range=[-826.4454, 578.5079]
  Mini-Benders[1] (mw): LB=11.174296, Z₀(α*)=11.174296, intercept=-55.962335 (0.547s) [OMP=0.521 ISP-L=0.003 ISP-F=0.007 MW-L=0.006 MW-F=0.008]
  Mini-Benders[2] (mw): LB=11.174296, Z₀(α*)=11.174296, intercept=-55.962335 (0.547s) [OMP=0.517 ISP-L=0.003 ISP-F=0.007 MW-L=0.007 MW-F=0.011]
  Mini-Benders[3]: LB stagnated, break
  α-step: Z₀=11.174296, α=[0.000,0.000,0.000,0.000,4.647,0.000,0.000,0.000,0.000,0.000,0.000,0.000,0.000,0.000,1.520,0.000,0.000,0.000,0.000,0.000,0.000,0.000,0.000,0.000,0.000,4.647,0.000,0.000,0.000,0.000]
  Alt-Benders[1] (mw): LB=11.174296, Z₀(α*)=11.174296, intercept=-55.962333 (0.547s) [OMP=0.511 ISP-L=0.003 ISP-F=0.007 MW-L=0.006 MW-F=0.010]
  Alt-Benders[2] (mw): LB=11.174296, Z₀(α*)=11.174296, intercept=-55.962333 (0.547s) [OMP=0.521 ISP-L=0.003 ISP-F=0.007 MW-L=0.006 MW-F=0.008]
  Alt-Benders[3]: LB stagnated, break
  OMP re-solve: 0.001s

=== True-DRO Benders iter 48 ===
  OMP: t₀=11.174296, UB=11.935166, gap=6.38e-02, x=[0, 0, 0, 0, 1, 0, 0, 0, 0, 0, 0, 0, 0, 0, 0, 0, 0, 0, 0, 0, 0, 0, 0, 0, 0, 1, 0, 0, 0, 0] (0.000s)
  Sub: Z₀=11.174295 [LOCAL] (0.1s), α=[0.000,0.000,0.000,0.000,3.465,0.000,1.182,0.000,0.000,0.000,0.000,0.000,0.000,0.000,2.702,0.000,0.000,0.000,0.000,0.000,0.000,0.000,0.000,0.000,0.000,3.465,0.000,0.000,0.000,0.000]
  Iter 48: LB=11.174296  UB=11.935166  gap=6.38e-02
  Cut: intercept=-1133.392107, π_x_range=[-826.4454, 578.5079]
  Mini-Benders[1] (mw): LB=11.174296, Z₀(α*)=11.174296, intercept=-55.962335 (0.546s) [OMP=0.522 ISP-L=0.003 ISP-F=0.007 MW-L=0.006 MW-F=0.008]
  Mini-Benders[2] (mw): LB=11.174296, Z₀(α*)=11.174296, intercept=-55.962335 (0.547s) [OMP=0.523 ISP-L=0.003 ISP-F=0.007 MW-L=0.006 MW-F=0.011]
  Mini-Benders[3]: LB stagnated, break
  α-step: Z₀=11.174296, α=[0.000,0.000,0.000,0.000,4.647,0.000,0.000,0.000,0.000,0.000,0.000,0.000,0.000,0.000,1.520,0.000,0.000,0.000,0.000,0.000,0.000,0.000,0.000,0.000,0.000,4.647,0.000,0.000,0.000,0.000]
  Alt-Benders[1] (mw): LB=11.174296, Z₀(α*)=11.174296, intercept=-55.962333 (0.547s) [OMP=0.523 ISP-L=0.003 ISP-F=0.007 MW-L=0.006 MW-F=0.010]
  Alt-Benders[2] (mw): LB=11.174296, Z₀(α*)=11.174296, intercept=-55.962333 (0.531s) [OMP=0.513 ISP-L=0.003 ISP-F=0.007 MW-L=0.006 MW-F=0.008]
  Alt-Benders[3]: LB stagnated, break
  OMP re-solve: 0.001s

=== True-DRO Benders iter 49 ===
  OMP: t₀=11.174296, UB=11.935166, gap=6.38e-02, x=[0, 0, 0, 0, 1, 0, 0, 0, 0, 0, 0, 0, 0, 0, 0, 0, 0, 0, 0, 0, 0, 0, 0, 0, 0, 1, 0, 0, 0, 0] (0.000s)
  Sub: Z₀=11.174295 [LOCAL] (0.1s), α=[0.000,0.000,0.000,0.000,3.465,0.000,1.182,0.000,0.000,0.000,0.000,0.000,0.000,0.000,2.702,0.000,0.000,0.000,0.000,0.000,0.000,0.000,0.000,0.000,0.000,3.465,0.000,0.000,0.000,0.000]
  Iter 49: LB=11.174296  UB=11.935166  gap=6.38e-02
  Cut: intercept=-1133.392107, π_x_range=[-826.4454, 578.5079]
  Mini-Benders[1] (mw): LB=11.174296, Z₀(α*)=11.174296, intercept=-55.962335 (0.540s) [OMP=0.520 ISP-L=0.003 ISP-F=0.007 MW-L=0.006 MW-F=0.008]
  Mini-Benders[2] (mw): LB=11.174296, Z₀(α*)=11.174296, intercept=-55.962335 (0.547s) [OMP=0.522 ISP-L=0.003 ISP-F=0.007 MW-L=0.007 MW-F=0.011]
  Mini-Benders[3]: LB stagnated, break
  α-step: Z₀=11.174296, α=[0.000,0.000,0.000,0.000,4.647,0.000,0.000,0.000,0.000,0.000,0.000,0.000,0.000,0.000,1.520,0.000,0.000,0.000,0.000,0.000,0.000,0.000,0.000,0.000,0.000,4.647,0.000,0.000,0.000,0.000]
  Alt-Benders[1] (mw): LB=11.174296, Z₀(α*)=11.174296, intercept=-55.962333 (0.563s) [OMP=0.525 ISP-L=0.003 ISP-F=0.007 MW-L=0.009 MW-F=0.008]
  Alt-Benders[2] (mw): LB=11.174296, Z₀(α*)=11.174296, intercept=-55.962333 (0.531s) [OMP=0.519 ISP-L=0.003 ISP-F=0.007 MW-L=0.006 MW-F=0.008]
  Alt-Benders[3]: LB stagnated, break
  OMP re-solve: 0.001s

=== True-DRO Benders iter 50 ===
  OMP: t₀=11.174296, UB=11.935166, gap=6.38e-02, x=[0, 0, 0, 0, 1, 0, 0, 0, 0, 0, 0, 0, 0, 0, 0, 0, 0, 0, 0, 0, 0, 0, 0, 0, 0, 1, 0, 0, 0, 0] (0.000s)
  → Boost: time limit 3600s + MIPGap=0.5% (same x + prev TIME_LIMIT)
  Sub: Z₀=11.174296 (93.4s), α=[0.000,0.000,0.000,0.000,4.647,0.000,0.000,0.000,0.000,0.000,0.000,0.000,0.000,0.000,1.520,0.000,0.000,0.000,0.000,0.000,0.000,0.000,0.000,0.000,0.000,4.647,0.000,0.000,0.000,0.000]
  Iter 50: LB=11.174296  UB=11.174296  gap=6.16e-09
True-DRO Benders converged at iter 50 (gap=6.16e-09)
  Wall time: 448.17 sec
  OMP  time: mean=0.350s, median=0.442s, max=0.750s
  Sub  time (exact): mean=93.405s, median=93.405s, q90=93.405s, max=93.405s (n=1/50)

Result (double/mb_only): Z₀=11.174296, iters=50, time=448.2s
x arcs = [5, 26]
