============================================================
abilene — double [mb_only]: ε̂=0.20, ε̃=0.20, β=0.00
  mini_benders=true, valid_inequality=none
============================================================
Set parameter Username
Set parameter LicenseID to value 2742039
Academic license - for non-commercial use only - expires 2026-11-20
Set parameter Username
Set parameter LicenseID to value 2742039
Academic license - for non-commercial use only - expires 2026-11-20
Set parameter OutputFlag to value 1
Set parameter LogFile to value "global_miqcp.log"
Set parameter Username
Set parameter LicenseID to value 2742039
Academic license - for non-commercial use only - expires 2026-11-20
Set parameter Username
Set parameter LicenseID to value 2742039
Academic license - for non-commercial use only - expires 2026-11-20
Set parameter Username
Set parameter LicenseID to value 2742039
Academic license - for non-commercial use only - expires 2026-11-20
Set parameter Username
Set parameter LicenseID to value 2742039
Academic license - for non-commercial use only - expires 2026-11-20

=== True-DRO Benders iter 1 ===
  OMP: t₀=-10000.000000, UB=Inf, gap=NaN, x=[0, 0, 0, 0, 0, 0, 0, 0, 0, 0, 0, 0, 0, 0, 0, 0, 0, 0, 0, 0, 0, 0, 0, 0, 0, 0, 0, 0, 0, 0] (0.000s)
  Sub: Z₀=20.826758 [LOCAL] (0.3s), α=[0.000,0.000,0.000,0.000,0.000,0.000,0.000,0.000,0.000,0.000,0.000,0.000,0.000,0.000,2.095,0.000,0.000,0.000,0.000,0.000,0.000,0.000,0.000,0.000,0.000,6.997,1.243,0.481,0.000,0.000]
  Iter 1: LB=-10000.000000  UB=Inf  gap=NaN
  Cut: intercept=20.826758, π_x_range=[-832.6876, -801.4694]
  Mini-Benders[1] (mw): LB=-1632.235128, Z₀(α*)=-8.195959, intercept=-77.850062 (0.094s) [OMP=0.028 ISP-L=0.009 ISP-F=0.020 MW-L=0.010 MW-F=0.014]
  Mini-Benders[2] (mw): LB=-246.578966, Z₀(α*)=-4.185025, intercept=-45.458602 (0.062s) [OMP=0.017 ISP-L=0.006 ISP-F=0.016 MW-L=0.010 MW-F=0.025]
  Mini-Benders[3] (mw): LB=-188.096871, Z₀(α*)=11.786246, intercept=-41.139045 (0.078s) [OMP=0.031 ISP-L=0.007 ISP-F=0.015 MW-L=0.010 MW-F=0.013]
  Mini-Benders[4] (mw): LB=-125.830680, Z₀(α*)=0.352807, intercept=-35.468299 (0.172s) [OMP=0.131 ISP-L=0.006 ISP-F=0.015 MW-L=0.009 MW-F=0.012]
  Mini-Benders[5] (mw): LB=-119.505096, Z₀(α*)=-15.918182, intercept=-113.573264 (0.172s) [OMP=0.120 ISP-L=0.007 ISP-F=0.014 MW-L=0.009 MW-F=0.014]
Set parameter NonConvex to value 2
Set parameter DualReductions to value 0
  α-step: Z₀=11.421307, α=[0.000,0.000,0.000,0.000,0.000,0.000,0.000,0.000,0.000,0.000,10.391,0.000,0.000,0.000,0.424,0.000,0.000,0.000,0.000,0.000,0.000,0.000,0.000,0.000,0.000,0.000,0.000,0.000,0.000,0.000]
  Alt-Benders[1] (mw): LB=-106.928797, Z₀(α*)=-27.888593, intercept=-60.367623 (0.235s) [OMP=0.178 ISP-L=0.006 ISP-F=0.014 MW-L=0.019 MW-F=0.014]
  Alt-Benders[2] (mw): LB=-100.144678, Z₀(α*)=-27.378974, intercept=-39.321154 (0.203s) [OMP=0.164 ISP-L=0.007 ISP-F=0.015 MW-L=0.009 MW-F=0.014]
  Alt-Benders[3] (mw): LB=-90.938842, Z₀(α*)=3.944379, intercept=-157.486618 (0.250s) [OMP=0.204 ISP-L=0.007 ISP-F=0.015 MW-L=0.009 MW-F=0.014]
  Alt-Benders[4] (mw): LB=-90.395107, Z₀(α*)=-47.128562, intercept=-57.652633 (0.328s) [OMP=0.288 ISP-L=0.007 ISP-F=0.015 MW-L=0.008 MW-F=0.014]
  Alt-Benders[5] (mw): LB=-89.018062, Z₀(α*)=-46.832317, intercept=-64.185340 (0.453s) [OMP=0.399 ISP-L=0.006 ISP-F=0.014 MW-L=0.009 MW-F=0.013]
  OMP re-solve: 0.453s

=== True-DRO Benders iter 2 ===
  OMP: t₀=-82.557786, UB=Inf, gap=NaN, x=[0, 0, 0, 0, 0, 0, 0, 0, 0, 0, 0, 0, 0, 0, 0, 0, 0, 1, 0, 1, 0, 0, 0, 0, 0, 0, 0, 0, 0, 0] (0.000s)
  Sub: Z₀=16.514464 [LOCAL] (0.3s), α=[0.000,0.000,0.000,0.000,0.000,0.000,0.000,0.000,0.000,0.000,0.000,0.000,0.000,0.000,1.520,0.000,0.000,0.000,0.000,6.484,0.000,0.000,0.000,0.000,0.000,2.811,0.000,0.000,0.000,0.000]
  Iter 2: LB=-82.557786  UB=Inf  gap=NaN
  Cut: intercept=-1101.968349, π_x_range=[-827.8058, 562.7655]
  Mini-Benders[1] (mw): LB=-78.487531, Z₀(α*)=-0.982074, intercept=-48.166409 (0.609s) [OMP=0.569 ISP-L=0.004 ISP-F=0.016 MW-L=0.008 MW-F=0.013]
  Mini-Benders[2] (mw): LB=-76.666435, Z₀(α*)=0.752263, intercept=-23.716411 (0.297s) [OMP=0.243 ISP-L=0.006 ISP-F=0.016 MW-L=0.008 MW-F=0.014]
  Mini-Benders[3] (mw): LB=-75.221909, Z₀(α*)=-10.678466, intercept=-32.607980 (0.297s) [OMP=0.261 ISP-L=0.007 ISP-F=0.014 MW-L=0.009 MW-F=0.014]
  Mini-Benders[4] (mw): LB=-71.623902, Z₀(α*)=-20.518989, intercept=-59.860388 (0.266s) [OMP=0.201 ISP-L=0.007 ISP-F=0.014 MW-L=0.010 MW-F=0.020]
  Mini-Benders[5] (mw): LB=-65.362337, Z₀(α*)=-18.969291, intercept=-41.484701 (0.578s) [OMP=0.537 ISP-L=0.007 ISP-F=0.015 MW-L=0.009 MW-F=0.014]
  α-step: Z₀=16.977104, α=[0.000,0.000,0.000,0.000,0.000,0.000,0.000,0.079,0.000,0.000,0.000,0.000,0.000,0.000,5.506,0.000,0.000,0.000,0.000,0.000,0.000,0.000,0.353,0.000,0.000,4.876,0.000,0.000,0.000,0.000]
  Alt-Benders[1] (mw): LB=-62.908681, Z₀(α*)=9.197972, intercept=-68.678594 (0.516s) [OMP=0.483 ISP-L=0.007 ISP-F=0.014 MW-L=0.009 MW-F=0.012]
  Alt-Benders[2] (mw): LB=-62.080470, Z₀(α*)=-4.798586, intercept=-92.692553 (0.297s) [OMP=0.244 ISP-L=0.007 ISP-F=0.014 MW-L=0.009 MW-F=0.012]
  Alt-Benders[3] (mw): LB=-60.360325, Z₀(α*)=12.675789, intercept=-79.871037 (0.312s) [OMP=0.263 ISP-L=0.007 ISP-F=0.015 MW-L=0.009 MW-F=0.019]
  Alt-Benders[4] (mw): LB=-56.778198, Z₀(α*)=13.692705, intercept=-108.652434 (0.438s) [OMP=0.389 ISP-L=0.007 ISP-F=0.015 MW-L=0.009 MW-F=0.013]
  Alt-Benders[5] (mw): LB=-56.557993, Z₀(α*)=-37.729301, intercept=-65.891082 (0.375s) [OMP=0.338 ISP-L=0.007 ISP-F=0.015 MW-L=0.009 MW-F=0.014]
  OMP re-solve: 0.369s

=== True-DRO Benders iter 3 ===
  OMP: t₀=-54.788685, UB=Inf, gap=NaN, x=[0, 0, 0, 0, 0, 0, 1, 0, 0, 0, 0, 0, 0, 0, 1, 0, 0, 0, 0, 0, 0, 0, 0, 0, 0, 0, 0, 0, 0, 0] (0.000s)
  Sub: Z₀=17.264638 [LOCAL] (0.2s), α=[0.000,0.000,0.000,0.000,0.058,0.000,2.738,0.000,0.000,0.000,0.000,0.000,0.000,0.000,2.738,0.000,0.000,0.000,0.000,0.000,0.000,0.000,0.000,0.000,0.000,5.281,0.000,0.000,0.000,0.000]
  Iter 3: LB=-54.788685  UB=Inf  gap=NaN
  Cut: intercept=-1155.331536, π_x_range=[-831.1282, 588.9426]
  Mini-Benders[1] (mw): LB=-54.750788, Z₀(α*)=-0.703980, intercept=-63.562491 (0.547s) [OMP=0.491 ISP-L=0.006 ISP-F=0.014 MW-L=0.009 MW-F=0.013]
  Mini-Benders[2] (mw): LB=-53.250397, Z₀(α*)=-7.265755, intercept=-32.544964 (0.688s) [OMP=0.637 ISP-L=0.007 ISP-F=0.015 MW-L=0.009 MW-F=0.019]
  Mini-Benders[3] (mw): LB=-52.749099, Z₀(α*)=-2.996179, intercept=-11.233391 (0.656s) [OMP=0.616 ISP-L=0.007 ISP-F=0.015 MW-L=0.010 MW-F=0.013]
  Mini-Benders[4] (mw): LB=-51.470287, Z₀(α*)=3.380280, intercept=-71.737881 (0.562s) [OMP=0.518 ISP-L=0.007 ISP-F=0.013 MW-L=0.009 MW-F=0.012]
  Mini-Benders[5] (mw): LB=-49.982505, Z₀(α*)=10.991633, intercept=-121.330339 (0.532s) [OMP=0.491 ISP-L=0.007 ISP-F=0.016 MW-L=0.009 MW-F=0.013]
  α-step: Z₀=15.303254, α=[0.000,0.000,0.000,0.000,0.000,0.000,0.000,0.000,0.000,0.000,0.000,0.000,0.000,0.000,0.000,0.000,0.000,0.000,0.000,0.000,0.000,0.000,0.000,0.000,0.000,5.708,0.630,4.476,0.000,0.000]
  Alt-Benders[1] (mw): LB=-49.142439, Z₀(α*)=7.470091, intercept=-54.633943 (0.610s) [OMP=0.556 ISP-L=0.007 ISP-F=0.015 MW-L=0.009 MW-F=0.020]
  Alt-Benders[2] (mw): LB=-49.139508, Z₀(α*)=-3.055553, intercept=-31.159735 (0.687s) [OMP=0.646 ISP-L=0.006 ISP-F=0.015 MW-L=0.009 MW-F=0.013]
  Alt-Benders[3] (mw): LB=-47.128564, Z₀(α*)=-8.495940, intercept=-43.134490 (0.594s) [OMP=0.557 ISP-L=0.007 ISP-F=0.016 MW-L=0.009 MW-F=0.013]
  Alt-Benders[4] (mw): LB=-46.832318, Z₀(α*)=-36.196396, intercept=-61.123879 (0.578s) [OMP=0.531 ISP-L=0.006 ISP-F=0.016 MW-L=0.009 MW-F=0.012]
  Alt-Benders[5] (mw): LB=-45.966072, Z₀(α*)=9.323203, intercept=-17.763692 (0.594s) [OMP=0.551 ISP-L=0.007 ISP-F=0.016 MW-L=0.009 MW-F=0.014]
  OMP re-solve: 0.571s

=== True-DRO Benders iter 4 ===
  OMP: t₀=-44.701135, UB=Inf, gap=NaN, x=[0, 0, 0, 0, 0, 0, 0, 0, 0, 0, 0, 0, 0, 0, 0, 0, 0, 0, 1, 0, 0, 0, 0, 0, 0, 1, 0, 0, 0, 0] (0.000s)
  Sub: Z₀=15.364728 [LOCAL] (0.2s), α=[0.000,0.000,0.000,0.000,0.000,0.000,0.000,0.000,0.000,0.000,0.000,0.000,0.000,0.000,0.000,0.000,0.000,0.000,0.000,0.000,0.000,0.000,0.000,0.000,0.000,10.815,0.000,0.000,0.000,0.000]
  Iter 4: LB=-44.701135  UB=Inf  gap=NaN
  Cut: intercept=-1133.186275, π_x_range=[-830.3220, 583.6146]
  Mini-Benders[1] (mw): LB=-44.579432, Z₀(α*)=16.897752, intercept=-36.000800 (0.609s) [OMP=0.563 ISP-L=0.007 ISP-F=0.014 MW-L=0.009 MW-F=0.013]
  Mini-Benders[2] (mw): LB=-44.211236, Z₀(α*)=4.182072, intercept=-38.615722 (0.453s) [OMP=0.415 ISP-L=0.007 ISP-F=0.014 MW-L=0.009 MW-F=0.012]
  Mini-Benders[3] (mw): LB=-41.054662, Z₀(α*)=14.288508, intercept=-93.524271 (0.625s) [OMP=0.567 ISP-L=0.007 ISP-F=0.016 MW-L=0.009 MW-F=0.014]
  Mini-Benders[4] (mw): LB=-38.970672, Z₀(α*)=-18.740767, intercept=-111.773398 (0.500s) [OMP=0.465 ISP-L=0.007 ISP-F=0.014 MW-L=0.009 MW-F=0.013]
  Mini-Benders[5] (mw): LB=-37.729303, Z₀(α*)=-41.153524, intercept=-52.898104 (0.641s) [OMP=0.579 ISP-L=0.006 ISP-F=0.014 MW-L=0.016 MW-F=0.013]
  α-step: Z₀=14.814587, α=[0.000,0.000,0.000,0.000,0.000,0.000,0.000,6.766,0.000,0.000,0.000,0.000,0.000,0.000,0.457,0.000,0.000,0.000,0.000,0.000,0.000,0.000,2.385,0.000,0.000,0.978,0.228,0.000,0.000,0.000]
  Alt-Benders[1] (mw): LB=-37.497692, Z₀(α*)=-26.116656, intercept=-80.849276 (0.578s) [OMP=0.538 ISP-L=0.007 ISP-F=0.015 MW-L=0.009 MW-F=0.012]
  Alt-Benders[2] (mw): LB=-36.332327, Z₀(α*)=-25.619426, intercept=-41.766103 (0.828s) [OMP=0.781 ISP-L=0.007 ISP-F=0.015 MW-L=0.009 MW-F=0.013]
  Alt-Benders[3] (mw): LB=-36.196398, Z₀(α*)=-2.855452, intercept=-63.835924 (0.828s) [OMP=0.785 ISP-L=0.006 ISP-F=0.014 MW-L=0.009 MW-F=0.014]
  Alt-Benders[4] (mw): LB=-34.983963, Z₀(α*)=-30.643896, intercept=-57.521568 (1.438s) [OMP=1.382 ISP-L=0.006 ISP-F=0.014 MW-L=0.016 MW-F=0.013]
  Alt-Benders[5] (mw): LB=-34.642122, Z₀(α*)=-17.542241, intercept=-52.698971 (1.109s) [OMP=1.074 ISP-L=0.006 ISP-F=0.014 MW-L=0.009 MW-F=0.012]
  OMP re-solve: 1.150s

=== True-DRO Benders iter 5 ===
  OMP: t₀=-34.395669, UB=Inf, gap=NaN, x=[0, 0, 0, 0, 0, 0, 0, 1, 0, 0, 0, 0, 0, 0, 1, 0, 0, 0, 0, 0, 0, 0, 0, 0, 0, 0, 0, 0, 0, 0] (0.000s)
  Sub: Z₀=17.237290 [TIME_LIMIT] (15.4s), α=[0.000,0.000,0.000,0.000,0.000,0.000,0.000,2.815,0.000,0.000,0.000,0.000,0.000,0.000,5.501,0.000,0.000,0.000,0.000,0.000,0.000,0.000,0.000,0.000,0.000,2.499,0.000,0.000,0.000,0.000]
  Iter 5: LB=-34.395669  UB=18.258544  gap=2.88e+00
  Cut: intercept=-79.183041, π_x_range=[-261.0000, 74.9339]
  Mini-Benders[1] (mw): LB=-31.438648, Z₀(α*)=-9.955821, intercept=-105.158125 (0.765s) [OMP=0.722 ISP-L=0.007 ISP-F=0.015 MW-L=0.008 MW-F=0.013]
  Mini-Benders[2] (mw): LB=-31.390402, Z₀(α*)=0.700285, intercept=-86.006822 (0.969s) [OMP=0.929 ISP-L=0.007 ISP-F=0.015 MW-L=0.009 MW-F=0.013]
  Mini-Benders[3] (mw): LB=-30.643898, Z₀(α*)=-10.371454, intercept=-50.370909 (1.016s) [OMP=0.964 ISP-L=0.007 ISP-F=0.014 MW-L=0.016 MW-F=0.013]
  Mini-Benders[4] (mw): LB=-30.241765, Z₀(α*)=8.627604, intercept=3.107006 (0.890s) [OMP=0.847 ISP-L=0.006 ISP-F=0.015 MW-L=0.008 MW-F=0.014]
  Mini-Benders[5] (mw): LB=-29.449727, Z₀(α*)=-5.536783, intercept=-41.747405 (1.000s) [OMP=0.953 ISP-L=0.006 ISP-F=0.014 MW-L=0.009 MW-F=0.012]
  α-step: Z₀=11.863536, α=[0.000,0.000,0.000,0.000,4.903,0.000,0.000,0.000,0.000,0.000,0.000,0.000,0.000,0.000,5.911,0.000,0.000,0.000,0.000,0.000,0.000,0.000,0.000,0.000,0.000,0.000,0.000,0.000,0.000,0.000]
  Alt-Benders[1] (mw): LB=-29.063514, Z₀(α*)=-23.743055, intercept=-20.003156 (1.203s) [OMP=1.165 ISP-L=0.007 ISP-F=0.014 MW-L=0.009 MW-F=0.013]
  Alt-Benders[2] (mw): LB=-28.733127, Z₀(α*)=-19.397943, intercept=-38.660527 (1.532s) [OMP=1.475 ISP-L=0.007 ISP-F=0.014 MW-L=0.015 MW-F=0.013]
  Alt-Benders[3] (mw): LB=-27.888594, Z₀(α*)=7.567453, intercept=-68.460286 (2.422s) [OMP=2.385 ISP-L=0.007 ISP-F=0.016 MW-L=0.009 MW-F=0.014]
  Alt-Benders[4] (mw): LB=-26.995066, Z₀(α*)=13.995531, intercept=-51.664906 (1.859s) [OMP=1.808 ISP-L=0.007 ISP-F=0.014 MW-L=0.009 MW-F=0.013]
  Alt-Benders[5] (mw): LB=-26.524863, Z₀(α*)=-18.115002, intercept=-48.830577 (1.312s) [OMP=1.279 ISP-L=0.006 ISP-F=0.013 MW-L=0.009 MW-F=0.012]
  OMP re-solve: 1.232s

=== True-DRO Benders iter 6 ===
  OMP: t₀=-26.116658, UB=18.258544, gap=2.43e+00, x=[0, 0, 0, 0, 0, 0, 0, 0, 0, 0, 0, 0, 0, 0, 0, 0, 0, 1, 0, 0, 0, 0, 0, 0, 0, 0, 1, 0, 0, 0] (0.000s)
  Sub: Z₀=17.352772 [LOCAL] (0.3s), α=[0.000,0.000,0.000,0.000,0.000,0.000,0.000,0.000,0.000,0.000,0.000,0.000,0.000,0.000,0.000,0.000,0.000,0.000,0.000,0.000,0.000,0.000,0.000,0.000,0.000,2.130,7.922,0.762,0.000,0.000]
  Iter 6: LB=-26.116658  UB=18.258544  gap=2.43e+00
  Cut: intercept=-1106.128304, π_x_range=[-828.5502, 564.7755]
  Mini-Benders[1] (mw): LB=-25.619428, Z₀(α*)=4.482698, intercept=-11.838185 (1.265s) [OMP=1.210 ISP-L=0.007 ISP-F=0.015 MW-L=0.016 MW-F=0.013]
  Mini-Benders[2] (mw): LB=-24.878927, Z₀(α*)=4.149336, intercept=-35.992105 (1.282s) [OMP=1.230 ISP-L=0.007 ISP-F=0.014 MW-L=0.009 MW-F=0.012]
  Mini-Benders[3] (mw): LB=-23.743057, Z₀(α*)=6.536849, intercept=-14.175851 (1.562s) [OMP=1.522 ISP-L=0.007 ISP-F=0.015 MW-L=0.009 MW-F=0.012]
  Mini-Benders[4] (mw): LB=-23.162501, Z₀(α*)=7.098045, intercept=-3.522189 (1.969s) [OMP=1.928 ISP-L=0.007 ISP-F=0.014 MW-L=0.009 MW-F=0.012]
  Mini-Benders[5] (mw): LB=-22.688449, Z₀(α*)=-0.323319, intercept=-26.707284 (1.594s) [OMP=1.544 ISP-L=0.006 ISP-F=0.014 MW-L=0.009 MW-F=0.012]
  α-step: Z₀=13.780768, α=[0.000,0.000,0.000,0.000,0.000,0.000,0.000,0.000,0.000,0.000,5.628,0.000,0.000,0.000,0.395,0.000,0.000,0.000,0.000,0.000,0.000,0.000,0.000,0.000,0.000,0.000,4.792,0.000,0.000,0.000]
  Alt-Benders[1] (mw): LB=-21.246593, Z₀(α*)=-11.589823, intercept=-41.461303 (1.438s) [OMP=1.398 ISP-L=0.007 ISP-F=0.015 MW-L=0.009 MW-F=0.012]
  Alt-Benders[2] (mw): LB=-20.518991, Z₀(α*)=-18.152745, intercept=-57.000420 (1.718s) [OMP=1.664 ISP-L=0.006 ISP-F=0.014 MW-L=0.009 MW-F=0.014]
  Alt-Benders[3] (mw): LB=-20.444013, Z₀(α*)=6.231667, intercept=-70.065136 (1.953s) [OMP=1.919 ISP-L=0.007 ISP-F=0.015 MW-L=0.009 MW-F=0.013]
  Alt-Benders[4] (mw): LB=-19.397945, Z₀(α*)=-14.410260, intercept=-23.106449 (2.641s) [OMP=2.582 ISP-L=0.006 ISP-F=0.014 MW-L=0.008 MW-F=0.020]
  Alt-Benders[5] (mw): LB=-19.129587, Z₀(α*)=-18.662411, intercept=-52.678658 (2.219s) [OMP=2.185 ISP-L=0.006 ISP-F=0.014 MW-L=0.009 MW-F=0.013]
  OMP re-solve: 2.034s

=== True-DRO Benders iter 7 ===
  OMP: t₀=-19.041718, UB=18.258544, gap=2.04e+00, x=[0, 0, 0, 0, 0, 0, 0, 0, 0, 0, 1, 0, 0, 0, 0, 0, 0, 1, 0, 0, 0, 0, 0, 0, 0, 0, 0, 0, 0, 0] (0.000s)
  Sub: Z₀=16.822732 [LOCAL] (0.2s), α=[0.000,0.000,0.000,0.000,0.000,0.000,0.000,0.000,0.000,0.000,6.636,0.000,0.000,0.000,3.545,0.000,0.000,0.000,0.000,0.000,0.000,0.000,0.000,0.000,0.000,0.283,0.181,0.169,0.000,0.000]
  Iter 7: LB=-19.041718  UB=18.258544  gap=2.04e+00
  Cut: intercept=-1057.368034, π_x_range=[-819.4611, 548.7771]
  Mini-Benders[1] (mw): LB=-18.969293, Z₀(α*)=-16.130506, intercept=-73.779391 (2.438s) [OMP=2.403 ISP-L=0.007 ISP-F=0.015 MW-L=0.009 MW-F=0.013]
  Mini-Benders[2] (mw): LB=-18.740769, Z₀(α*)=7.172712, intercept=-105.173122 (2.187s) [OMP=2.142 ISP-L=0.006 ISP-F=0.014 MW-L=0.009 MW-F=0.015]
  Mini-Benders[3] (mw): LB=-18.700383, Z₀(α*)=-14.182334, intercept=-10.231116 (2.469s) [OMP=2.408 ISP-L=0.007 ISP-F=0.016 MW-L=0.009 MW-F=0.020]
  Mini-Benders[4] (mw): LB=-18.662413, Z₀(α*)=-21.925628, intercept=-53.609035 (1.531s) [OMP=1.490 ISP-L=0.007 ISP-F=0.014 MW-L=0.009 MW-F=0.014]
  Mini-Benders[5] (mw): LB=-18.662413, Z₀(α*)=-21.925628, intercept=-53.609035 (1.578s) [OMP=1.538 ISP-L=0.006 ISP-F=0.014 MW-L=0.009 MW-F=0.014]
  α-step: Z₀=14.117725, α=[0.000,0.000,0.000,0.000,6.285,0.000,0.000,0.000,0.000,0.000,0.000,0.000,0.000,0.000,1.813,0.000,0.000,0.000,0.000,0.000,0.000,0.000,0.000,0.000,0.000,0.000,2.717,0.000,0.000,0.000]
  Alt-Benders[1] (mw): LB=-18.152747, Z₀(α*)=12.046887, intercept=-82.989865 (1.328s) [OMP=1.289 ISP-L=0.007 ISP-F=0.014 MW-L=0.009 MW-F=0.012]
  Alt-Benders[2] (mw): LB=-18.115004, Z₀(α*)=-30.119582, intercept=-33.177041 (1.360s) [OMP=1.312 ISP-L=0.006 ISP-F=0.013 MW-L=0.009 MW-F=0.019]
  Alt-Benders[3] (mw): LB=-18.115004, Z₀(α*)=-30.119582, intercept=-33.177041 (1.640s) [OMP=1.599 ISP-L=0.007 ISP-F=0.013 MW-L=0.009 MW-F=0.012]
  Alt-Benders[4] (mw): LB=-18.115004, Z₀(α*)=-30.119582, intercept=-33.177041 (1.610s) [OMP=1.561 ISP-L=0.006 ISP-F=0.013 MW-L=0.009 MW-F=0.012]
  Alt-Benders[5]: LB stagnated, break
  OMP re-solve: 0.001s

=== True-DRO Benders iter 8 ===
  OMP: t₀=-18.115004, UB=18.258544, gap=1.99e+00, x=[0, 0, 0, 0, 0, 0, 0, 0, 0, 0, 0, 0, 0, 0, 1, 0, 0, 0, 0, 0, 0, 0, 0, 0, 0, 1, 0, 0, 0, 0] (0.000s)
  Sub: Z₀=13.789121 [LOCAL] (0.3s), α=[0.000,0.000,0.000,0.000,0.000,0.000,0.000,0.000,0.000,0.000,0.000,0.000,0.000,0.000,0.395,0.000,0.000,0.000,0.000,0.000,0.000,0.000,0.000,0.000,0.000,10.420,0.000,0.000,0.000,0.000]
  Iter 8: LB=-18.115004  UB=18.258544  gap=1.99e+00
  Cut: intercept=-1169.126072, π_x_range=[-828.6065, 597.2843]
  Mini-Benders[1] (mw): LB=-17.542243, Z₀(α*)=14.387671, intercept=-41.770403 (1.437s) [OMP=1.385 ISP-L=0.007 ISP-F=0.014 MW-L=0.009 MW-F=0.012]
  Mini-Benders[2] (mw): LB=-17.530729, Z₀(α*)=-2.354426, intercept=-27.587788 (1.297s) [OMP=1.253 ISP-L=0.007 ISP-F=0.014 MW-L=0.010 MW-F=0.019]
  Mini-Benders[3] (mw): LB=-16.765908, Z₀(α*)=-7.013042, intercept=-29.552769 (1.266s) [OMP=1.219 ISP-L=0.007 ISP-F=0.016 MW-L=0.010 MW-F=0.013]
  Mini-Benders[4] (mw): LB=-16.130508, Z₀(α*)=-15.522765, intercept=-38.645932 (1.578s) [OMP=1.531 ISP-L=0.007 ISP-F=0.015 MW-L=0.009 MW-F=0.013]
  Mini-Benders[5] (mw): LB=-15.918184, Z₀(α*)=-27.427108, intercept=-114.175367 (1.328s) [OMP=1.285 ISP-L=0.006 ISP-F=0.015 MW-L=0.010 MW-F=0.014]
  α-step: Z₀=12.077843, α=[0.000,0.000,0.000,0.000,3.723,0.000,0.466,0.000,0.000,0.000,3.623,0.000,0.000,0.000,0.861,0.000,0.000,0.000,0.000,0.000,0.000,0.000,0.000,0.000,0.000,0.000,2.140,0.000,0.000,0.000]
  Alt-Benders[1] (mw): LB=-15.776781, Z₀(α*)=-3.861788, intercept=-32.500131 (2.719s) [OMP=2.668 ISP-L=0.006 ISP-F=0.014 MW-L=0.008 MW-F=0.020]
  Alt-Benders[2] (mw): LB=-15.522767, Z₀(α*)=-15.424468, intercept=-66.323907 (1.687s) [OMP=1.655 ISP-L=0.007 ISP-F=0.015 MW-L=0.009 MW-F=0.013]
  Alt-Benders[3] (mw): LB=-15.424470, Z₀(α*)=-15.424468, intercept=-66.323907 (1.516s) [OMP=1.467 ISP-L=0.007 ISP-F=0.015 MW-L=0.009 MW-F=0.013]
  Alt-Benders[4] (mw): LB=-15.424470, Z₀(α*)=-15.424468, intercept=-66.323907 (1.516s) [OMP=1.470 ISP-L=0.007 ISP-F=0.015 MW-L=0.009 MW-F=0.013]
  Alt-Benders[5] (mw): LB=-15.424470, Z₀(α*)=-15.424468, intercept=-66.323907 (1.656s) [OMP=1.612 ISP-L=0.007 ISP-F=0.015 MW-L=0.009 MW-F=0.013]
  OMP re-solve: 1.635s

=== True-DRO Benders iter 9 ===
  OMP: t₀=-15.424470, UB=18.258544, gap=1.84e+00, x=[0, 0, 0, 0, 0, 0, 0, 0, 0, 0, 0, 0, 0, 0, 0, 0, 0, 1, 0, 0, 0, 0, 0, 0, 0, 0, 0, 1, 0, 0] (0.001s)
  Sub: Z₀=16.814894 [LOCAL] (0.3s), α=[0.000,0.000,0.000,0.000,0.000,0.000,0.000,0.000,0.000,0.000,0.000,0.000,0.000,0.000,0.000,0.000,0.000,0.000,0.000,0.000,0.000,0.000,0.000,0.000,0.000,2.761,0.000,8.054,0.000,0.000]
  Iter 9: LB=-15.424470  UB=18.258544  gap=1.84e+00
  Cut: intercept=-1113.256054, π_x_range=[-828.8807, 566.9261]
  Mini-Benders[1] (mw): LB=-15.225378, Z₀(α*)=-0.374658, intercept=-20.833703 (2.015s) [OMP=1.969 ISP-L=0.007 ISP-F=0.014 MW-L=0.009 MW-F=0.014]
  Mini-Benders[2] (mw): LB=-14.410262, Z₀(α*)=-12.468047, intercept=-23.132300 (1.407s) [OMP=1.375 ISP-L=0.006 ISP-F=0.015 MW-L=0.009 MW-F=0.013]
  Mini-Benders[3] (mw): LB=-14.180751, Z₀(α*)=15.070915, intercept=-36.214283 (1.625s) [OMP=1.576 ISP-L=0.007 ISP-F=0.015 MW-L=0.009 MW-F=0.013]
  Mini-Benders[4] (mw): LB=-12.468049, Z₀(α*)=-12.468047, intercept=-23.132300 (1.922s) [OMP=1.874 ISP-L=0.007 ISP-F=0.015 MW-L=0.009 MW-F=0.013]
  Mini-Benders[5] (mw): LB=-12.468049, Z₀(α*)=-12.468047, intercept=-23.132300 (1.515s) [OMP=1.467 ISP-L=0.007 ISP-F=0.015 MW-L=0.016 MW-F=0.013]
  α-step: Z₀=17.143375, α=[0.000,0.000,0.000,0.000,0.000,0.000,2.132,0.000,0.000,0.000,0.000,0.000,0.000,0.000,0.000,0.000,0.000,0.000,0.000,2.363,0.000,0.000,0.000,0.000,0.000,6.320,0.000,0.000,0.000,0.000]
  Alt-Benders[1] (mw): LB=-12.370542, Z₀(α*)=-13.386070, intercept=-21.029415 (1.437s) [OMP=1.394 ISP-L=0.007 ISP-F=0.014 MW-L=0.009 MW-F=0.014]
  Alt-Benders[2] (mw): LB=-12.370542, Z₀(α*)=-13.386070, intercept=-21.029415 (1.735s) [OMP=1.688 ISP-L=0.007 ISP-F=0.014 MW-L=0.009 MW-F=0.014]
  Alt-Benders[3] (mw): LB=-12.370542, Z₀(α*)=-13.386070, intercept=-21.029415 (1.734s) [OMP=1.683 ISP-L=0.007 ISP-F=0.014 MW-L=0.009 MW-F=0.014]
  Alt-Benders[4]: LB stagnated, break
  OMP re-solve: 0.001s

=== True-DRO Benders iter 10 ===
  OMP: t₀=-12.370542, UB=18.258544, gap=1.68e+00, x=[0, 0, 0, 0, 0, 0, 0, 0, 0, 0, 0, 0, 0, 0, 0, 0, 0, 0, 0, 0, 0, 1, 0, 0, 0, 0, 1, 0, 0, 0] (0.000s)
  Sub: Z₀=17.287004 [TIME_LIMIT] (15.4s), α=[0.000,0.000,0.000,0.000,0.000,0.000,0.000,0.000,0.000,0.000,0.000,0.000,0.000,0.000,0.000,0.000,0.000,0.000,0.000,0.000,0.000,0.000,0.000,0.000,0.000,2.130,8.684,0.000,0.000,0.000]
  Iter 10: LB=-12.370542  UB=17.948602  gap=1.69e+00
  Cut: intercept=-70.593096, π_x_range=[-261.0000, 52.6030]
  Mini-Benders[1] (mw): LB=-12.247530, Z₀(α*)=-1.093865, intercept=-21.683412 (1.422s) [OMP=1.379 ISP-L=0.007 ISP-F=0.015 MW-L=0.009 MW-F=0.012]
  Mini-Benders[2] (mw): LB=-11.765682, Z₀(α*)=16.600650, intercept=-29.139258 (1.531s) [OMP=1.501 ISP-L=0.007 ISP-F=0.015 MW-L=0.009 MW-F=0.012]
  Mini-Benders[3] (mw): LB=-11.589825, Z₀(α*)=-1.093865, intercept=-21.683415 (1.672s) [OMP=1.625 ISP-L=0.007 ISP-F=0.014 MW-L=0.009 MW-F=0.012]
  Mini-Benders[4] (mw): LB=-11.451943, Z₀(α*)=14.971609, intercept=-17.470068 (1.343s) [OMP=1.301 ISP-L=0.006 ISP-F=0.014 MW-L=0.009 MW-F=0.012]
  Mini-Benders[5] (mw): LB=-10.972418, Z₀(α*)=2.105155, intercept=-13.607742 (1.407s) [OMP=1.358 ISP-L=0.006 ISP-F=0.014 MW-L=0.016 MW-F=0.012]
  α-step: Z₀=17.402033, α=[0.000,0.000,0.000,0.000,0.000,0.000,3.253,0.000,0.000,0.000,0.000,0.000,0.000,0.000,0.940,0.000,0.000,0.000,0.000,0.000,0.000,0.000,0.000,0.000,0.000,5.285,1.337,0.000,0.000,0.000]
  Alt-Benders[1] (mw): LB=-10.371456, Z₀(α*)=-7.739570, intercept=-50.737940 (1.875s) [OMP=1.838 ISP-L=0.006 ISP-F=0.014 MW-L=0.010 MW-F=0.013]
  Alt-Benders[2] (mw): LB=-9.955823, Z₀(α*)=-13.664390, intercept=-92.506697 (1.672s) [OMP=1.626 ISP-L=0.007 ISP-F=0.014 MW-L=0.009 MW-F=0.013]
  Alt-Benders[3] (mw): LB=-9.955823, Z₀(α*)=-13.664390, intercept=-92.506697 (1.672s) [OMP=1.631 ISP-L=0.007 ISP-F=0.015 MW-L=0.009 MW-F=0.013]
  Alt-Benders[4] (mw): LB=-9.955823, Z₀(α*)=-13.664390, intercept=-92.506697 (1.625s) [OMP=1.576 ISP-L=0.007 ISP-F=0.014 MW-L=0.015 MW-F=0.013]
  Alt-Benders[5]: LB stagnated, break
  OMP re-solve: 0.001s

=== True-DRO Benders iter 11 ===
  OMP: t₀=-9.955823, UB=17.948602, gap=1.55e+00, x=[0, 0, 0, 0, 0, 0, 0, 0, 0, 0, 1, 0, 0, 0, 0, 0, 0, 0, 0, 0, 0, 0, 0, 0, 0, 0, 0, 1, 0, 0] (0.000s)
  Sub: Z₀=13.872393 [LOCAL] (0.3s), α=[0.000,0.000,0.000,0.000,0.000,0.000,0.000,0.000,0.000,0.000,6.010,0.000,0.000,0.000,1.520,0.000,0.000,0.000,0.000,0.000,0.000,0.000,0.000,0.000,0.000,0.000,0.084,3.201,0.000,0.000]
  Iter 11: LB=-9.955823  UB=17.948602  gap=1.55e+00
  Cut: intercept=-1084.851842, π_x_range=[-820.2506, 565.4690]
  Mini-Benders[1] (mw): LB=-9.914585, Z₀(α*)=7.075312, intercept=-44.191311 (1.609s) [OMP=1.576 ISP-L=0.007 ISP-F=0.016 MW-L=0.009 MW-F=0.013]
  Mini-Benders[2] (mw): LB=-8.527583, Z₀(α*)=-15.011784, intercept=-51.843713 (2.016s) [OMP=1.971 ISP-L=0.006 ISP-F=0.014 MW-L=0.009 MW-F=0.013]
  Mini-Benders[3] (mw): LB=-8.527583, Z₀(α*)=-15.011784, intercept=-51.843713 (1.937s) [OMP=1.882 ISP-L=0.007 ISP-F=0.015 MW-L=0.009 MW-F=0.013]
  Mini-Benders[4] (mw): LB=-8.527583, Z₀(α*)=-15.011784, intercept=-51.843713 (1.891s) [OMP=1.854 ISP-L=0.007 ISP-F=0.014 MW-L=0.016 MW-F=0.013]
  Mini-Benders[5]: LB stagnated, break
  α-step: Z₀=14.094836, α=[0.000,0.000,0.000,0.000,6.453,0.000,0.000,0.000,0.000,0.000,0.000,0.000,0.000,0.000,1.645,0.000,0.000,0.000,0.000,0.000,0.000,0.000,0.000,0.000,0.000,0.000,2.717,0.000,0.000,0.000]
  Alt-Benders[1] (mw): LB=-8.495942, Z₀(α*)=-31.070688, intercept=-44.651723 (1.859s) [OMP=1.812 ISP-L=0.007 ISP-F=0.015 MW-L=0.009 MW-F=0.012]
  Alt-Benders[2] (mw): LB=-8.495942, Z₀(α*)=-31.070688, intercept=-44.651723 (1.844s) [OMP=1.805 ISP-L=0.007 ISP-F=0.015 MW-L=0.009 MW-F=0.012]
  Alt-Benders[3] (mw): LB=-8.495942, Z₀(α*)=-31.070688, intercept=-44.651723 (1.828s) [OMP=1.769 ISP-L=0.007 ISP-F=0.015 MW-L=0.009 MW-F=0.017]
  Alt-Benders[4]: LB stagnated, break
  OMP re-solve: 0.001s

=== True-DRO Benders iter 12 ===
  OMP: t₀=-8.495942, UB=17.948602, gap=1.47e+00, x=[0, 0, 0, 0, 0, 0, 0, 1, 0, 0, 0, 0, 0, 0, 0, 0, 0, 0, 0, 0, 0, 0, 0, 0, 0, 0, 0, 1, 0, 0] (0.000s)
  Sub: Z₀=14.619549 [LOCAL] (0.4s), α=[0.000,0.000,0.000,0.000,0.000,0.000,0.000,2.958,0.000,0.000,0.000,0.000,0.000,0.000,0.000,0.000,0.000,0.000,0.000,0.000,0.000,0.000,0.000,0.000,0.000,0.651,0.000,7.206,0.000,0.000]
  Iter 12: LB=-8.495942  UB=17.948602  gap=1.47e+00
  Cut: intercept=-1119.287514, π_x_range=[-829.9593, 567.8405]
  Mini-Benders[1] (mw): LB=-8.195961, Z₀(α*)=-11.266093, intercept=-77.221105 (1.906s) [OMP=1.862 ISP-L=0.007 ISP-F=0.015 MW-L=0.009 MW-F=0.012]
  Mini-Benders[2] (mw): LB=-8.195960, Z₀(α*)=-11.266093, intercept=-77.221105 (1.812s) [OMP=1.781 ISP-L=0.007 ISP-F=0.015 MW-L=0.009 MW-F=0.012]
  Mini-Benders[3] (mw): LB=-8.195960, Z₀(α*)=-11.266093, intercept=-77.221105 (1.829s) [OMP=1.785 ISP-L=0.007 ISP-F=0.015 MW-L=0.009 MW-F=0.012]
  Mini-Benders[4]: LB stagnated, break
  α-step: Z₀=15.057330, α=[0.000,0.000,0.000,0.000,0.000,0.000,0.000,3.002,0.000,0.000,4.756,0.000,0.000,0.000,2.284,0.000,0.000,0.000,0.000,0.000,0.000,0.000,0.000,0.000,0.000,0.772,0.000,0.000,0.000,0.000]
  Alt-Benders[1] (mw): LB=-7.739572, Z₀(α*)=-22.673754, intercept=-52.461191 (2.297s) [OMP=2.263 ISP-L=0.006 ISP-F=0.014 MW-L=0.009 MW-F=0.014]
  Alt-Benders[2] (mw): LB=-7.739572, Z₀(α*)=-22.673754, intercept=-52.461191 (1.969s) [OMP=1.924 ISP-L=0.006 ISP-F=0.014 MW-L=0.009 MW-F=0.014]
  Alt-Benders[3] (mw): LB=-7.739572, Z₀(α*)=-22.673754, intercept=-52.461191 (1.953s) [OMP=1.904 ISP-L=0.006 ISP-F=0.014 MW-L=0.009 MW-F=0.014]
  Alt-Benders[4]: LB stagnated, break
  OMP re-solve: 0.001s

=== True-DRO Benders iter 13 ===
  OMP: t₀=-7.739572, UB=17.948602, gap=1.43e+00, x=[0, 0, 0, 0, 1, 0, 0, 0, 0, 0, 0, 0, 0, 0, 0, 0, 0, 0, 0, 0, 0, 0, 0, 0, 0, 0, 0, 1, 0, 0] (0.000s)
  Sub: Z₀=14.014496 [LOCAL] (0.2s), α=[0.000,0.000,0.000,0.000,6.367,0.000,0.000,0.000,0.000,0.000,0.000,0.000,0.000,0.000,1.786,0.000,0.000,0.000,0.000,0.000,0.000,0.000,0.000,0.000,0.000,0.000,0.063,2.597,0.000,0.000]
  Iter 13: LB=-7.739572  UB=17.948602  gap=1.43e+00
  Cut: intercept=-1112.363568, π_x_range=[-828.4145, 567.0828]
  Mini-Benders[1] (mw): LB=-7.265757, Z₀(α*)=-12.252657, intercept=-43.839776 (2.203s) [OMP=2.154 ISP-L=0.007 ISP-F=0.016 MW-L=0.008 MW-F=0.018]
  Mini-Benders[2] (mw): LB=-7.265757, Z₀(α*)=-12.252657, intercept=-43.839776 (2.250s) [OMP=2.211 ISP-L=0.007 ISP-F=0.016 MW-L=0.009 MW-F=0.013]
  Mini-Benders[3] (mw): LB=-7.265757, Z₀(α*)=-12.252657, intercept=-43.839776 (2.079s) [OMP=2.033 ISP-L=0.007 ISP-F=0.015 MW-L=0.009 MW-F=0.012]
  Mini-Benders[4]: LB stagnated, break
  α-step: Z₀=14.787383, α=[0.000,0.000,0.000,0.000,0.000,0.000,0.000,0.000,0.000,0.000,0.000,0.000,0.000,0.000,0.000,0.000,0.000,0.000,0.000,0.000,0.000,0.000,0.000,0.000,0.000,6.308,4.507,0.000,0.000,0.000]
  Alt-Benders[1] (mw): LB=-7.013044, Z₀(α*)=15.080505, intercept=-22.712223 (1.985s) [OMP=1.951 ISP-L=0.007 ISP-F=0.015 MW-L=0.009 MW-F=0.012]
  Alt-Benders[2] (mw): LB=-6.984119, Z₀(α*)=16.705605, intercept=-36.459388 (2.140s) [OMP=2.089 ISP-L=0.006 ISP-F=0.014 MW-L=0.009 MW-F=0.021]
  Alt-Benders[3] (mw): LB=-6.958076, Z₀(α*)=16.128654, intercept=-20.933908 (1.969s) [OMP=1.925 ISP-L=0.007 ISP-F=0.014 MW-L=0.009 MW-F=0.013]
  Alt-Benders[4] (mw): LB=-5.776260, Z₀(α*)=15.546135, intercept=-21.857187 (2.156s) [OMP=2.112 ISP-L=0.006 ISP-F=0.014 MW-L=0.009 MW-F=0.013]
  Alt-Benders[5] (mw): LB=-5.681442, Z₀(α*)=-11.324357, intercept=-39.662847 (2.110s) [OMP=2.066 ISP-L=0.006 ISP-F=0.014 MW-L=0.009 MW-F=0.012]
  OMP re-solve: 1.964s

=== True-DRO Benders iter 14 ===
  OMP: t₀=-5.681442, UB=17.948602, gap=1.32e+00, x=[0, 0, 0, 0, 1, 0, 0, 0, 0, 0, 0, 0, 0, 0, 0, 0, 0, 0, 0, 0, 0, 1, 0, 0, 0, 0, 0, 0, 0, 0] (0.001s)
  Sub: Z₀=14.568430 [LOCAL] (0.3s), α=[0.000,0.000,0.000,0.000,7.190,0.000,0.975,0.000,0.000,0.000,0.000,0.000,0.000,0.000,2.494,0.000,0.000,0.000,0.000,0.000,0.000,0.000,0.000,0.000,0.000,0.156,0.000,0.000,0.000,0.000]
  Iter 14: LB=-5.681442  UB=17.948602  gap=1.32e+00
  Cut: intercept=-1112.968485, π_x_range=[-829.0754, 566.9164]
  Mini-Benders[1] (mw): LB=-5.536785, Z₀(α*)=-28.661337, intercept=-38.571004 (2.188s) [OMP=2.138 ISP-L=0.006 ISP-F=0.014 MW-L=0.009 MW-F=0.018]
  Mini-Benders[2] (mw): LB=-5.536785, Z₀(α*)=-28.661337, intercept=-38.571004 (1.937s) [OMP=1.901 ISP-L=0.006 ISP-F=0.014 MW-L=0.009 MW-F=0.013]
  Mini-Benders[3] (mw): LB=-5.536785, Z₀(α*)=-28.661337, intercept=-38.571004 (1.969s) [OMP=1.912 ISP-L=0.006 ISP-F=0.014 MW-L=0.009 MW-F=0.013]
  Mini-Benders[4]: LB stagnated, break
  α-step: Z₀=15.731333, α=[0.000,0.000,0.000,0.000,0.000,0.000,0.000,0.000,0.000,0.000,0.000,0.000,0.000,0.000,1.520,0.000,0.000,0.000,0.000,0.000,0.000,0.000,0.000,0.000,0.000,9.295,0.000,0.000,0.000,0.000]
  Alt-Benders[1] (mw): LB=-4.798588, Z₀(α*)=-16.714431, intercept=-93.445588 (2.062s) [OMP=2.018 ISP-L=0.007 ISP-F=0.015 MW-L=0.009 MW-F=0.014]
  Alt-Benders[2] (mw): LB=-4.798588, Z₀(α*)=-16.714431, intercept=-93.445588 (1.922s) [OMP=1.870 ISP-L=0.007 ISP-F=0.015 MW-L=0.009 MW-F=0.020]
  Alt-Benders[3] (mw): LB=-4.798588, Z₀(α*)=-16.714431, intercept=-93.445588 (1.906s) [OMP=1.870 ISP-L=0.007 ISP-F=0.015 MW-L=0.009 MW-F=0.013]
  Alt-Benders[4]: LB stagnated, break
  OMP re-solve: 0.001s

=== True-DRO Benders iter 15 ===
  OMP: t₀=-4.798588, UB=17.948602, gap=1.27e+00, x=[0, 0, 0, 0, 0, 0, 0, 0, 0, 0, 1, 0, 0, 0, 0, 0, 0, 0, 0, 1, 0, 0, 0, 0, 0, 0, 0, 0, 0, 0] (0.001s)
  Sub: Z₀=15.426145 [TIME_LIMIT] (15.3s), α=[0.000,0.000,0.000,0.000,0.000,0.000,0.008,0.000,0.000,0.000,6.375,0.000,0.000,0.000,1.528,0.000,0.000,0.000,0.000,2.883,0.000,0.000,0.000,0.000,0.000,0.022,0.000,0.000,0.000,0.000]
  Iter 15: LB=-4.798588  UB=17.678314  gap=1.27e+00
  Cut: intercept=-71.469436, π_x_range=[-251.0000, 62.4511]
  Mini-Benders[1] (mw): LB=-4.565411, Z₀(α*)=-7.516278, intercept=-44.613795 (2.172s) [OMP=2.136 ISP-L=0.006 ISP-F=0.015 MW-L=0.009 MW-F=0.013]
  Mini-Benders[2] (mw): LB=-4.565411, Z₀(α*)=-7.516278, intercept=-44.613795 (1.969s) [OMP=1.920 ISP-L=0.007 ISP-F=0.015 MW-L=0.009 MW-F=0.013]
  Mini-Benders[3] (mw): LB=-4.565411, Z₀(α*)=-7.516278, intercept=-44.613795 (1.891s) [OMP=1.838 ISP-L=0.007 ISP-F=0.015 MW-L=0.009 MW-F=0.019]
  Mini-Benders[4]: LB stagnated, break
  α-step: Z₀=18.377938, α=[0.000,0.000,0.000,0.000,0.000,0.000,0.000,4.119,0.000,0.000,0.000,0.000,0.000,0.000,1.724,0.000,0.000,0.000,0.000,0.000,0.000,0.000,0.000,0.000,0.000,3.619,1.353,0.000,0.000,0.000]
  Alt-Benders[1] (mw): LB=-4.185027, Z₀(α*)=-17.813879, intercept=-47.406856 (2.297s) [OMP=2.262 ISP-L=0.006 ISP-F=0.015 MW-L=0.008 MW-F=0.013]
  Alt-Benders[2] (mw): LB=-4.185027, Z₀(α*)=-17.813879, intercept=-47.406856 (2.015s) [OMP=1.959 ISP-L=0.006 ISP-F=0.015 MW-L=0.008 MW-F=0.013]
  Alt-Benders[3] (mw): LB=-4.185027, Z₀(α*)=-17.813879, intercept=-47.406856 (2.203s) [OMP=2.171 ISP-L=0.006 ISP-F=0.015 MW-L=0.008 MW-F=0.013]
  Alt-Benders[4]: LB stagnated, break
  OMP re-solve: 0.001s

=== True-DRO Benders iter 16 ===
  OMP: t₀=-4.185027, UB=17.678314, gap=1.24e+00, x=[0, 0, 0, 0, 1, 0, 0, 0, 0, 0, 0, 0, 0, 0, 0, 0, 0, 0, 1, 0, 0, 0, 0, 0, 0, 0, 0, 0, 0, 0] (0.000s)
  Sub: Z₀=14.314064 [LOCAL] (0.3s), α=[0.000,0.000,0.000,0.000,7.455,0.000,0.000,0.000,0.000,0.000,0.000,0.000,0.000,0.000,2.825,0.000,0.000,0.000,0.000,0.000,0.000,0.000,0.000,0.000,0.000,0.535,0.000,0.000,0.000,0.000]
  Iter 16: LB=-4.185027  UB=17.678314  gap=1.24e+00
  Cut: intercept=-1096.543106, π_x_range=[-830.5017, 563.8652]
  Mini-Benders[1] (mw): LB=-4.005123, Z₀(α*)=14.486178, intercept=-31.105780 (2.110s) [OMP=2.065 ISP-L=0.006 ISP-F=0.015 MW-L=0.008 MW-F=0.014]
  Mini-Benders[2] (mw): LB=-3.637615, Z₀(α*)=-9.488334, intercept=-30.143727 (2.000s) [OMP=1.958 ISP-L=0.007 ISP-F=0.015 MW-L=0.008 MW-F=0.013]
  Mini-Benders[3] (mw): LB=-3.637615, Z₀(α*)=-9.488334, intercept=-30.143727 (2.015s) [OMP=1.965 ISP-L=0.006 ISP-F=0.015 MW-L=0.008 MW-F=0.013]
  Mini-Benders[4] (mw): LB=-3.637615, Z₀(α*)=-9.488334, intercept=-30.143727 (2.016s) [OMP=1.979 ISP-L=0.007 ISP-F=0.015 MW-L=0.008 MW-F=0.013]
  Mini-Benders[5]: LB stagnated, break
  α-step: Z₀=18.480571, α=[0.000,0.000,0.000,0.000,0.000,0.000,0.000,3.435,0.000,0.000,0.000,0.000,0.000,0.000,2.066,0.000,0.000,0.000,0.000,0.000,0.000,0.000,0.000,0.000,0.000,3.619,1.695,0.000,0.000,0.000]
  Alt-Benders[1] (mw): LB=-3.610438, Z₀(α*)=18.218634, intercept=-25.080022 (2.046s) [OMP=2.003 ISP-L=0.007 ISP-F=0.015 MW-L=0.009 MW-F=0.013]
  Alt-Benders[2] (mw): LB=-3.055555, Z₀(α*)=8.429452, intercept=-39.308383 (1.969s) [OMP=1.927 ISP-L=0.006 ISP-F=0.014 MW-L=0.009 MW-F=0.013]
  Alt-Benders[3] (mw): LB=-2.996181, Z₀(α*)=-0.790963, intercept=-11.556519 (1.891s) [OMP=1.831 ISP-L=0.007 ISP-F=0.015 MW-L=0.009 MW-F=0.013]
  Alt-Benders[4] (mw): LB=-2.855454, Z₀(α*)=-16.075332, intercept=-60.113534 (1.843s) [OMP=1.809 ISP-L=0.006 ISP-F=0.014 MW-L=0.009 MW-F=0.013]
  Alt-Benders[5] (mw): LB=-2.855454, Z₀(α*)=-16.075332, intercept=-60.113534 (1.922s) [OMP=1.868 ISP-L=0.002 ISP-F=0.014 MW-L=0.014 MW-F=0.013]
  OMP re-solve: 1.863s

=== True-DRO Benders iter 17 ===
  OMP: t₀=-2.855454, UB=17.678314, gap=1.16e+00, x=[0, 0, 0, 0, 0, 0, 0, 1, 0, 0, 0, 0, 0, 0, 0, 0, 0, 0, 0, 1, 0, 0, 0, 0, 0, 0, 0, 0, 0, 0] (0.001s)
  Sub: Z₀=14.275030 [LOCAL] (0.3s), α=[0.000,0.000,0.000,0.000,0.000,0.000,0.000,4.072,0.000,0.000,0.000,0.000,0.000,0.000,0.000,0.000,0.000,0.000,0.000,5.718,0.000,0.000,0.000,0.000,0.000,1.025,0.000,0.000,0.000,0.000]
  Iter 17: LB=-2.855454  UB=17.678314  gap=1.16e+00
  Cut: intercept=-1117.959142, π_x_range=[-828.3062, 568.0502]
  Mini-Benders[1] (mw): LB=-2.399413, Z₀(α*)=-24.369389, intercept=-28.099085 (2.000s) [OMP=1.962 ISP-L=0.002 ISP-F=0.015 MW-L=0.007 MW-F=0.014]
  Mini-Benders[2] (mw): LB=-2.399413, Z₀(α*)=-24.369389, intercept=-28.099085 (1.859s) [OMP=1.805 ISP-L=0.006 ISP-F=0.015 MW-L=0.009 MW-F=0.014]
  Mini-Benders[3] (mw): LB=-2.399413, Z₀(α*)=-24.369389, intercept=-28.099085 (1.766s) [OMP=1.724 ISP-L=0.007 ISP-F=0.014 MW-L=0.009 MW-F=0.014]
  Mini-Benders[4]: LB stagnated, break
  α-step: Z₀=18.286763, α=[0.000,0.000,0.000,0.000,1.640,0.000,2.312,0.000,0.000,0.000,0.000,0.000,0.000,0.000,0.000,0.000,0.000,0.000,0.000,0.000,0.000,0.000,0.000,0.000,0.000,5.042,1.820,0.000,0.000,0.000]
  Alt-Benders[1] (mw): LB=-2.354428, Z₀(α*)=-6.747276, intercept=-29.390960 (1.953s) [OMP=1.908 ISP-L=0.007 ISP-F=0.014 MW-L=0.009 MW-F=0.014]
  Alt-Benders[2] (mw): LB=-2.354428, Z₀(α*)=-6.747276, intercept=-29.390960 (1.782s) [OMP=1.736 ISP-L=0.007 ISP-F=0.014 MW-L=0.009 MW-F=0.014]
  Alt-Benders[3] (mw): LB=-2.354428, Z₀(α*)=-6.747276, intercept=-29.390960 (1.796s) [OMP=1.751 ISP-L=0.007 ISP-F=0.014 MW-L=0.009 MW-F=0.014]
  Alt-Benders[4]: LB stagnated, break
  OMP re-solve: 0.001s

=== True-DRO Benders iter 18 ===
  OMP: t₀=-2.354428, UB=17.678314, gap=1.13e+00, x=[0, 0, 0, 0, 0, 0, 0, 0, 0, 0, 0, 0, 0, 0, 1, 0, 0, 0, 0, 0, 0, 0, 0, 0, 0, 0, 1, 0, 0, 0] (0.001s)
  Sub: Z₀=15.678217 [LOCAL] (0.2s), α=[0.000,0.000,0.000,0.000,0.000,0.000,0.000,0.000,0.000,0.000,0.000,0.000,0.000,0.000,2.133,0.000,0.000,0.000,0.000,0.000,0.000,0.000,0.000,0.000,0.000,2.267,6.200,0.214,0.000,0.000]
  Iter 18: LB=-2.354428  UB=17.678314  gap=1.13e+00
  Cut: intercept=-1135.107659, π_x_range=[-829.3071, 589.7206]
  Mini-Benders[1] (mw): LB=-0.982076, Z₀(α*)=11.394075, intercept=-59.408004 (2.172s) [OMP=2.111 ISP-L=0.007 ISP-F=0.015 MW-L=0.016 MW-F=0.013]
  Mini-Benders[2] (mw): LB=-0.790965, Z₀(α*)=16.240435, intercept=-10.954553 (1.953s) [OMP=1.907 ISP-L=0.006 ISP-F=0.015 MW-L=0.009 MW-F=0.014]
  Mini-Benders[3] (mw): LB=-0.735611, Z₀(α*)=15.937853, intercept=-17.609190 (1.938s) [OMP=1.899 ISP-L=0.007 ISP-F=0.015 MW-L=0.009 MW-F=0.012]
  Mini-Benders[4] (mw): LB=-0.703982, Z₀(α*)=-15.525912, intercept=-49.199879 (1.968s) [OMP=1.925 ISP-L=0.007 ISP-F=0.013 MW-L=0.008 MW-F=0.013]
  Mini-Benders[5] (mw): LB=-0.703982, Z₀(α*)=-15.525912, intercept=-49.199879 (1.797s) [OMP=1.750 ISP-L=0.006 ISP-F=0.013 MW-L=0.008 MW-F=0.013]
  α-step: Z₀=11.230747, α=[0.000,0.000,0.000,0.000,7.181,0.000,2.312,0.000,0.000,0.000,0.000,0.000,0.000,0.000,0.000,0.000,0.000,0.000,0.000,0.000,0.000,0.000,0.000,0.000,0.000,0.896,0.425,0.000,0.000,0.000]
  Alt-Benders[1] (mw): LB=-0.374660, Z₀(α*)=-4.983727, intercept=-30.879769 (1.969s) [OMP=1.927 ISP-L=0.007 ISP-F=0.014 MW-L=0.009 MW-F=0.012]
  Alt-Benders[2] (mw): LB=-0.374660, Z₀(α*)=-4.983727, intercept=-30.879769 (1.843s) [OMP=1.799 ISP-L=0.006 ISP-F=0.014 MW-L=0.009 MW-F=0.012]
  Alt-Benders[3] (mw): LB=-0.374660, Z₀(α*)=-4.983727, intercept=-30.879769 (1.844s) [OMP=1.801 ISP-L=0.006 ISP-F=0.014 MW-L=0.009 MW-F=0.012]
  Alt-Benders[4]: LB stagnated, break
  OMP re-solve: 0.001s

=== True-DRO Benders iter 19 ===
  OMP: t₀=-0.374660, UB=17.678314, gap=1.02e+00, x=[0, 0, 0, 0, 0, 0, 1, 0, 0, 0, 0, 0, 0, 0, 0, 0, 0, 0, 1, 0, 0, 0, 0, 0, 0, 0, 0, 0, 0, 0] (0.001s)
  Sub: Z₀=17.933194 [LOCAL] (0.4s), α=[0.000,0.000,0.000,0.000,0.050,0.000,2.618,0.000,0.000,0.000,0.009,0.000,0.000,0.000,0.236,0.000,0.000,0.000,0.354,0.000,0.000,0.000,0.000,0.000,0.000,7.549,0.000,0.000,0.000,0.000]
  Iter 19: LB=-0.374660  UB=17.678314  gap=1.02e+00
  Cut: intercept=-1099.077794, π_x_range=[-830.0723, 578.9088]
  Mini-Benders[1] (mw): LB=0.066266, Z₀(α*)=4.328153, intercept=-16.708709 (2.219s) [OMP=2.171 ISP-L=0.006 ISP-F=0.014 MW-L=0.016 MW-F=0.013]
  Mini-Benders[2] (mw): LB=0.352805, Z₀(α*)=-3.605130, intercept=-36.621918 (2.218s) [OMP=2.177 ISP-L=0.006 ISP-F=0.015 MW-L=0.009 MW-F=0.013]
  Mini-Benders[3] (mw): LB=0.352805, Z₀(α*)=-3.605130, intercept=-36.621918 (2.016s) [OMP=1.971 ISP-L=0.006 ISP-F=0.015 MW-L=0.009 MW-F=0.013]
  Mini-Benders[4] (mw): LB=0.352805, Z₀(α*)=-3.605130, intercept=-36.621918 (2.000s) [OMP=1.955 ISP-L=0.006 ISP-F=0.015 MW-L=0.009 MW-F=0.013]
  Mini-Benders[5]: LB stagnated, break
  α-step: Z₀=17.303238, α=[0.000,0.000,0.000,0.000,0.000,0.000,0.000,2.975,0.000,0.000,0.000,0.000,0.000,0.000,0.376,0.000,0.000,0.000,2.610,0.000,0.000,0.000,0.000,0.000,0.000,4.849,0.004,0.000,0.000,0.000]
  Alt-Benders[1] (mw): LB=0.700283, Z₀(α*)=-20.098455, intercept=-87.211404 (2.219s) [OMP=2.167 ISP-L=0.007 ISP-F=0.014 MW-L=0.009 MW-F=0.013]
  Alt-Benders[2] (mw): LB=0.700283, Z₀(α*)=-20.098455, intercept=-87.211404 (2.031s) [OMP=1.996 ISP-L=0.006 ISP-F=0.014 MW-L=0.009 MW-F=0.013]
  Alt-Benders[3] (mw): LB=0.700283, Z₀(α*)=-20.098455, intercept=-87.211404 (2.031s) [OMP=1.991 ISP-L=0.006 ISP-F=0.014 MW-L=0.009 MW-F=0.013]
  Alt-Benders[4]: LB stagnated, break
  OMP re-solve: 0.001s

=== True-DRO Benders iter 20 ===
  OMP: t₀=0.700283, UB=17.678314, gap=9.60e-01, x=[0, 0, 0, 0, 0, 0, 0, 0, 0, 0, 1, 0, 0, 0, 1, 0, 0, 0, 0, 0, 0, 0, 0, 0, 0, 0, 0, 0, 0, 0] (0.001s)
  Sub: Z₀=15.385694 [TIME_LIMIT] (15.4s), α=[0.000,0.000,0.000,0.000,0.000,0.000,0.000,0.000,0.000,0.000,5.084,0.000,0.000,0.000,5.731,0.000,0.000,0.000,0.000,0.000,0.000,0.000,0.000,0.000,0.000,0.000,0.000,0.000,0.000,0.000]
  Iter 20: LB=0.700283  UB=16.782251  gap=9.58e-01
  Cut: intercept=-131.925755, π_x_range=[-231.0000, 128.7509]
  Mini-Benders[1] (mw): LB=0.752261, Z₀(α*)=-2.319991, intercept=-29.180076 (2.110s) [OMP=2.056 ISP-L=0.006 ISP-F=0.015 MW-L=0.009 MW-F=0.021]
  Mini-Benders[2] (mw): LB=0.752261, Z₀(α*)=-2.319991, intercept=-29.180076 (1.984s) [OMP=1.939 ISP-L=0.006 ISP-F=0.014 MW-L=0.009 MW-F=0.014]
  Mini-Benders[3] (mw): LB=0.752261, Z₀(α*)=-2.319991, intercept=-29.180076 (1.984s) [OMP=1.936 ISP-L=0.006 ISP-F=0.014 MW-L=0.009 MW-F=0.014]
  Mini-Benders[4]: LB stagnated, break
  α-step: Z₀=17.471629, α=[0.000,0.000,0.000,0.000,0.000,0.000,0.000,1.535,0.000,0.000,0.000,0.000,0.000,0.000,3.759,0.000,0.000,0.000,0.000,0.851,0.000,0.000,0.000,0.000,0.000,3.619,1.050,0.000,0.000,0.000]
  Alt-Benders[1] (mw): LB=0.959066, Z₀(α*)=16.324973, intercept=-11.679492 (2.266s) [OMP=2.227 ISP-L=0.007 ISP-F=0.015 MW-L=0.008 MW-F=0.013]
  Alt-Benders[2] (mw): LB=1.003383, Z₀(α*)=13.353527, intercept=-65.950033 (2.187s) [OMP=2.138 ISP-L=0.007 ISP-F=0.014 MW-L=0.008 MW-F=0.019]
  Alt-Benders[3] (mw): LB=1.056512, Z₀(α*)=14.827531, intercept=-18.317665 (2.344s) [OMP=2.299 ISP-L=0.007 ISP-F=0.015 MW-L=0.008 MW-F=0.013]
  Alt-Benders[4] (mw): LB=1.460301, Z₀(α*)=14.542972, intercept=-17.427687 (2.375s) [OMP=2.331 ISP-L=0.006 ISP-F=0.015 MW-L=0.008 MW-F=0.012]
  Alt-Benders[5] (mw): LB=1.972811, Z₀(α*)=1.969489, intercept=-20.791750 (2.438s) [OMP=2.394 ISP-L=0.006 ISP-F=0.014 MW-L=0.009 MW-F=0.011]
  OMP re-solve: 2.127s

=== True-DRO Benders iter 21 ===
  OMP: t₀=1.972811, UB=16.782251, gap=8.82e-01, x=[0, 0, 0, 0, 0, 0, 0, 0, 1, 0, 0, 0, 0, 0, 0, 0, 0, 0, 0, 0, 0, 0, 0, 0, 0, 1, 0, 0, 0, 0] (0.001s)
  Sub: Z₀=16.457712 [LOCAL] (0.2s), α=[0.000,0.000,0.000,0.000,0.000,0.000,0.000,0.000,0.000,0.000,0.000,0.000,0.000,0.000,0.000,0.000,0.000,0.000,0.000,0.000,0.000,0.000,0.000,0.000,0.000,10.815,0.000,0.000,0.000,0.000]
  Iter 21: LB=1.972811  UB=16.782251  gap=8.82e-01
  Cut: intercept=-1159.612806, π_x_range=[-830.5441, 591.8428]
  Mini-Benders[1] (mw): LB=2.105153, Z₀(α*)=16.457714, intercept=-10.978547 (2.219s) [OMP=2.166 ISP-L=0.007 ISP-F=0.015 MW-L=0.009 MW-F=0.026]
  Mini-Benders[2] (mw): LB=2.316274, Z₀(α*)=-3.825283, intercept=-11.264098 (2.531s) [OMP=2.478 ISP-L=0.007 ISP-F=0.016 MW-L=0.009 MW-F=0.014]
  Mini-Benders[3] (mw): LB=2.316274, Z₀(α*)=-3.825283, intercept=-11.264098 (2.031s) [OMP=1.989 ISP-L=0.007 ISP-F=0.017 MW-L=0.009 MW-F=0.014]
  Mini-Benders[4] (mw): LB=2.316274, Z₀(α*)=-3.825283, intercept=-11.264098 (2.031s) [OMP=1.990 ISP-L=0.007 ISP-F=0.016 MW-L=0.009 MW-F=0.014]
  Mini-Benders[5]: LB stagnated, break
  α-step: Z₀=18.473814, α=[0.000,0.000,0.000,0.000,0.000,0.000,0.000,3.412,0.000,0.000,0.000,0.000,0.000,0.000,2.044,0.000,0.000,0.000,0.000,0.068,0.000,0.000,0.000,0.000,0.000,3.619,1.673,0.000,0.000,0.000]
  Alt-Benders[1] (mw): LB=2.792206, Z₀(α*)=7.836389, intercept=7.836389 (2.328s) [OMP=2.274 ISP-L=0.007 ISP-F=0.015 MW-L=0.009 MW-F=0.019]
  Alt-Benders[2] (mw): LB=3.077797, Z₀(α*)=-2.080337, intercept=-0.960281 (2.594s) [OMP=2.560 ISP-L=0.007 ISP-F=0.014 MW-L=0.009 MW-F=0.012]
  Alt-Benders[3] (mw): LB=3.077797, Z₀(α*)=-2.080337, intercept=-0.960281 (2.266s) [OMP=2.223 ISP-L=0.007 ISP-F=0.013 MW-L=0.009 MW-F=0.013]
  Alt-Benders[4] (mw): LB=3.077797, Z₀(α*)=-2.080337, intercept=-0.960281 (2.250s) [OMP=2.208 ISP-L=0.007 ISP-F=0.013 MW-L=0.009 MW-F=0.012]
  Alt-Benders[5]: LB stagnated, break
  OMP re-solve: 0.001s

=== True-DRO Benders iter 22 ===
  OMP: t₀=3.077797, UB=16.782251, gap=8.17e-01, x=[0, 0, 0, 1, 0, 0, 1, 0, 0, 0, 0, 0, 0, 0, 0, 0, 0, 0, 0, 0, 0, 0, 0, 0, 0, 0, 0, 0, 0, 0] (0.001s)
  Sub: Z₀=18.752388 [LOCAL] (0.3s), α=[0.000,0.000,0.000,0.000,0.360,0.000,2.429,0.000,0.000,0.000,0.000,0.000,0.000,0.000,0.012,0.000,0.000,0.000,0.000,0.000,0.000,0.000,0.000,0.000,0.000,7.357,0.412,0.245,0.000,0.000]
  Iter 22: LB=3.077797  UB=16.782251  gap=8.17e-01
  Cut: intercept=-1128.833449, π_x_range=[-831.7459, 584.1566]
  Mini-Benders[1] (mw): LB=3.177798, Z₀(α*)=18.752390, intercept=3.159261 (2.219s) [OMP=2.168 ISP-L=0.007 ISP-F=0.014 MW-L=0.009 MW-F=0.020]
  Mini-Benders[2] (mw): LB=3.325577, Z₀(α*)=13.457715, intercept=-5.835782 (2.515s) [OMP=2.463 ISP-L=0.007 ISP-F=0.015 MW-L=0.009 MW-F=0.013]
  Mini-Benders[3] (mw): LB=3.380278, Z₀(α*)=-8.885211, intercept=-71.653224 (2.906s) [OMP=2.858 ISP-L=0.006 ISP-F=0.014 MW-L=0.009 MW-F=0.012]
  Mini-Benders[4] (mw): LB=3.380278, Z₀(α*)=-8.885211, intercept=-71.653224 (2.672s) [OMP=2.639 ISP-L=0.006 ISP-F=0.013 MW-L=0.009 MW-F=0.012]
  Mini-Benders[5] (mw): LB=3.380278, Z₀(α*)=-8.885211, intercept=-71.653224 (2.500s) [OMP=2.458 ISP-L=0.006 ISP-F=0.013 MW-L=0.009 MW-F=0.012]
  α-step: Z₀=11.602054, α=[0.000,0.000,0.000,0.000,4.647,0.000,0.000,0.000,0.000,0.000,0.000,0.000,0.000,0.000,1.520,0.000,0.000,0.000,0.000,0.000,0.000,0.000,0.000,0.000,0.000,4.647,0.000,0.000,0.000,0.000]
  Alt-Benders[1] (mw): LB=3.492488, Z₀(α*)=1.933334, intercept=-4.718258 (2.672s) [OMP=2.635 ISP-L=0.007 ISP-F=0.014 MW-L=0.009 MW-F=0.013]
  Alt-Benders[2] (mw): LB=3.492488, Z₀(α*)=1.933334, intercept=-4.718258 (2.703s) [OMP=2.658 ISP-L=0.007 ISP-F=0.014 MW-L=0.009 MW-F=0.013]
  Alt-Benders[3] (mw): LB=3.492488, Z₀(α*)=1.933334, intercept=-4.718258 (2.672s) [OMP=2.628 ISP-L=0.007 ISP-F=0.014 MW-L=0.009 MW-F=0.013]
  Alt-Benders[4]: LB stagnated, break
  OMP re-solve: 0.001s

=== True-DRO Benders iter 23 ===
  OMP: t₀=3.492488, UB=16.782251, gap=7.92e-01, x=[0, 0, 0, 0, 0, 0, 0, 0, 0, 0, 0, 0, 0, 1, 0, 0, 0, 0, 0, 0, 0, 0, 0, 0, 0, 0, 0, 1, 0, 0] (0.001s)
  Sub: Z₀=16.859340 [LOCAL] (0.2s), α=[0.000,0.000,0.000,0.000,0.000,0.000,0.000,0.000,0.000,0.000,0.000,0.000,0.000,0.000,0.000,0.000,0.000,0.000,0.000,0.000,0.000,0.000,0.000,0.000,0.000,2.761,0.666,7.387,0.000,0.000]
  Iter 23: LB=3.492488  UB=16.782251  gap=7.92e-01
  Cut: intercept=-1135.302462, π_x_range=[-831.6729, 588.6961]
  Mini-Benders[1] (mw): LB=3.689554, Z₀(α*)=-10.154449, intercept=-46.236799 (3.016s) [OMP=2.966 ISP-L=0.007 ISP-F=0.015 MW-L=0.009 MW-F=0.019]
  Mini-Benders[2] (mw): LB=3.689554, Z₀(α*)=-10.154449, intercept=-46.236799 (2.093s) [OMP=2.044 ISP-L=0.007 ISP-F=0.015 MW-L=0.010 MW-F=0.013]
  Mini-Benders[3] (mw): LB=3.689554, Z₀(α*)=-10.154449, intercept=-46.236799 (2.063s) [OMP=2.018 ISP-L=0.007 ISP-F=0.015 MW-L=0.010 MW-F=0.013]
  Mini-Benders[4]: LB stagnated, break
  α-step: Z₀=16.583123, α=[0.000,0.000,0.000,0.000,0.000,0.000,0.000,0.000,0.000,0.000,5.873,0.000,0.000,0.000,1.520,0.000,0.000,0.000,0.000,0.000,0.000,0.000,0.000,0.000,0.000,2.690,0.732,0.000,0.000,0.000]
  Alt-Benders[1] (mw): LB=3.939618, Z₀(α*)=14.228208, intercept=-12.559131 (2.735s) [OMP=2.682 ISP-L=0.007 ISP-F=0.015 MW-L=0.009 MW-F=0.012]
  Alt-Benders[2] (mw): LB=3.944377, Z₀(α*)=0.210605, intercept=-118.173309 (2.219s) [OMP=2.175 ISP-L=0.007 ISP-F=0.015 MW-L=0.016 MW-F=0.013]
  Alt-Benders[3] (mw): LB=3.944377, Z₀(α*)=0.210605, intercept=-118.173309 (2.109s) [OMP=2.065 ISP-L=0.007 ISP-F=0.015 MW-L=0.010 MW-F=0.013]
  Alt-Benders[4] (mw): LB=3.944377, Z₀(α*)=0.210605, intercept=-118.173309 (2.172s) [OMP=2.127 ISP-L=0.007 ISP-F=0.015 MW-L=0.010 MW-F=0.013]
  Alt-Benders[5]: LB stagnated, break
  OMP re-solve: 0.001s

=== True-DRO Benders iter 24 ===
  OMP: t₀=3.944377, UB=16.782251, gap=7.65e-01, x=[0, 0, 0, 0, 0, 0, 0, 0, 0, 0, 1, 0, 0, 0, 0, 0, 0, 0, 0, 0, 0, 0, 0, 0, 0, 0, 1, 0, 0, 0] (0.001s)
  Sub: Z₀=14.386040 [LOCAL] (0.3s), α=[0.000,0.000,0.000,0.000,0.000,0.000,0.000,0.000,0.000,0.000,3.484,0.000,0.000,0.000,0.388,0.000,0.000,0.000,0.000,0.000,0.000,0.000,0.000,0.000,0.000,0.000,6.723,0.219,0.000,0.000]
  Iter 24: LB=3.944377  UB=16.782251  gap=7.65e-01
  Cut: intercept=-1087.905424, π_x_range=[-822.3606, 557.4013]
  Mini-Benders[1] (mw): LB=4.149334, Z₀(α*)=-11.717397, intercept=-43.296844 (2.187s) [OMP=2.140 ISP-L=0.006 ISP-F=0.014 MW-L=0.009 MW-F=0.012]
  Mini-Benders[2] (mw): LB=4.149334, Z₀(α*)=-11.717397, intercept=-43.296844 (1.922s) [OMP=1.885 ISP-L=0.006 ISP-F=0.013 MW-L=0.015 MW-F=0.013]
  Mini-Benders[3] (mw): LB=4.149334, Z₀(α*)=-11.717397, intercept=-43.296844 (2.032s) [OMP=1.984 ISP-L=0.006 ISP-F=0.013 MW-L=0.009 MW-F=0.013]
  Mini-Benders[4]: LB stagnated, break
  α-step: Z₀=13.831843, α=[0.000,0.000,0.000,0.000,0.000,0.000,0.000,0.000,0.000,0.000,0.000,0.000,0.000,0.000,0.000,0.000,0.000,0.000,0.000,0.000,0.000,0.000,0.000,0.000,0.000,7.447,3.368,0.000,0.000,0.000]
  Alt-Benders[1] (mw): LB=4.182070, Z₀(α*)=12.152514, intercept=-34.349468 (2.187s) [OMP=2.154 ISP-L=0.007 ISP-F=0.014 MW-L=0.009 MW-F=0.013]
  Alt-Benders[2] (mw): LB=4.482696, Z₀(α*)=7.018863, intercept=3.067893 (2.188s) [OMP=2.143 ISP-L=0.007 ISP-F=0.014 MW-L=0.009 MW-F=0.014]
  Alt-Benders[3] (mw): LB=4.688800, Z₀(α*)=11.681041, intercept=8.884702 (2.109s) [OMP=2.063 ISP-L=0.007 ISP-F=0.014 MW-L=0.015 MW-F=0.013]
  Alt-Benders[4] (mw): LB=6.231665, Z₀(α*)=-15.384630, intercept=-89.875514 (2.156s) [OMP=2.101 ISP-L=0.006 ISP-F=0.014 MW-L=0.009 MW-F=0.014]
  Alt-Benders[5] (mw): LB=6.231665, Z₀(α*)=-15.384630, intercept=-89.875514 (1.750s) [OMP=1.712 ISP-L=0.007 ISP-F=0.014 MW-L=0.009 MW-F=0.014]
  OMP re-solve: 1.736s

=== True-DRO Benders iter 25 ===
  OMP: t₀=6.231665, UB=16.782251, gap=6.29e-01, x=[0, 0, 0, 0, 0, 0, 0, 0, 0, 0, 1, 0, 0, 1, 0, 0, 0, 0, 0, 0, 0, 0, 0, 0, 0, 0, 0, 0, 0, 0] (0.001s)
  Sub: Z₀=16.163311 [TIME_LIMIT] (15.4s), α=[0.000,0.000,0.000,0.000,0.000,0.000,0.303,0.000,0.000,0.000,6.839,0.000,0.000,0.194,3.478,0.000,0.000,0.000,0.000,0.000,0.000,0.000,0.000,0.000,0.000,0.000,0.000,0.000,0.000,0.000]
  Iter 25: LB=6.231665  UB=16.782251  gap=6.29e-01
  Cut: intercept=-118.052582, π_x_range=[-231.0000, 111.0198]
  Mini-Benders[1] (mw): LB=7.018861, Z₀(α*)=-12.413418, intercept=-63.496353 (2.125s) [OMP=2.082 ISP-L=0.007 ISP-F=0.015 MW-L=0.009 MW-F=0.012]
  Mini-Benders[2] (mw): LB=7.018861, Z₀(α*)=-12.413418, intercept=-63.496353 (2.125s) [OMP=2.075 ISP-L=0.007 ISP-F=0.014 MW-L=0.015 MW-F=0.013]
  Mini-Benders[3] (mw): LB=7.018861, Z₀(α*)=-12.413418, intercept=-63.496353 (2.141s) [OMP=2.106 ISP-L=0.007 ISP-F=0.015 MW-L=0.008 MW-F=0.012]
  Mini-Benders[4]: LB stagnated, break
  α-step: Z₀=18.493260, α=[0.000,0.000,0.000,0.000,0.000,0.000,0.000,0.000,0.000,0.000,0.000,0.000,0.000,0.000,3.937,0.000,0.000,0.000,0.000,0.000,0.000,0.000,0.000,0.000,0.000,5.072,1.805,0.000,0.000,0.000]
  Alt-Benders[1] (mw): LB=7.065050, Z₀(α*)=20.650665, intercept=16.284156 (2.250s) [OMP=2.205 ISP-L=0.007 ISP-F=0.014 MW-L=0.009 MW-F=0.012]
  Alt-Benders[2] (mw): LB=7.075310, Z₀(α*)=4.938202, intercept=-74.061553 (2.406s) [OMP=2.368 ISP-L=0.007 ISP-F=0.014 MW-L=0.008 MW-F=0.013]
  Alt-Benders[3] (mw): LB=7.075310, Z₀(α*)=4.938202, intercept=-74.061553 (1.797s) [OMP=1.738 ISP-L=0.006 ISP-F=0.014 MW-L=0.015 MW-F=0.013]
  Alt-Benders[4] (mw): LB=7.075310, Z₀(α*)=4.938202, intercept=-74.061553 (1.797s) [OMP=1.763 ISP-L=0.007 ISP-F=0.014 MW-L=0.009 MW-F=0.013]
  Alt-Benders[5]: LB stagnated, break
  OMP re-solve: 0.001s

=== True-DRO Benders iter 26 ===
  OMP: t₀=7.075310, UB=16.782251, gap=5.78e-01, x=[0, 0, 0, 0, 0, 0, 0, 0, 0, 0, 1, 0, 0, 0, 0, 0, 0, 0, 0, 0, 0, 1, 0, 0, 0, 0, 0, 0, 0, 0] (0.001s)
  Sub: Z₀=16.822732 [LOCAL] (0.3s), α=[0.000,0.000,0.000,0.000,0.000,0.000,0.000,0.000,0.000,0.000,6.636,0.000,0.000,0.000,3.545,0.000,0.000,0.000,0.000,0.000,0.000,0.000,0.000,0.000,0.000,0.283,0.350,0.000,0.000,0.000]
  Iter 26: LB=7.075310  UB=16.782251  gap=5.78e-01
  Cut: intercept=-1065.497738, π_x_range=[-819.0032, 555.7459]
  Mini-Benders[1] (mw): LB=7.098043, Z₀(α*)=-7.662125, intercept=-24.371846 (2.016s) [OMP=1.972 ISP-L=0.006 ISP-F=0.015 MW-L=0.009 MW-F=0.014]
  Mini-Benders[2] (mw): LB=7.098043, Z₀(α*)=-7.662125, intercept=-24.371846 (2.125s) [OMP=2.085 ISP-L=0.007 ISP-F=0.015 MW-L=0.009 MW-F=0.014]
  Mini-Benders[3] (mw): LB=7.098043, Z₀(α*)=-7.662125, intercept=-24.371846 (2.265s) [OMP=2.209 ISP-L=0.006 ISP-F=0.015 MW-L=0.016 MW-F=0.014]
  Mini-Benders[4]: LB stagnated, break
  α-step: Z₀=17.726145, α=[0.000,0.000,0.000,0.000,0.891,0.000,0.000,0.000,0.000,0.000,0.000,0.000,0.000,0.000,3.937,0.000,0.000,0.000,0.133,0.000,0.000,0.000,0.000,0.000,0.000,3.158,2.696,0.000,0.000,0.000]
  Alt-Benders[1] (mw): LB=7.172710, Z₀(α*)=-16.436414, intercept=-74.677876 (2.031s) [OMP=1.992 ISP-L=0.006 ISP-F=0.014 MW-L=0.010 MW-F=0.013]
  Alt-Benders[2] (mw): LB=7.172710, Z₀(α*)=-16.436414, intercept=-74.677876 (2.297s) [OMP=2.250 ISP-L=0.006 ISP-F=0.014 MW-L=0.009 MW-F=0.013]
  Alt-Benders[3] (mw): LB=7.172710, Z₀(α*)=-16.436414, intercept=-74.677876 (2.297s) [OMP=2.254 ISP-L=0.006 ISP-F=0.014 MW-L=0.009 MW-F=0.013]
  Alt-Benders[4]: LB stagnated, break
  OMP re-solve: 0.001s

=== True-DRO Benders iter 27 ===
  OMP: t₀=7.172710, UB=16.782251, gap=5.73e-01, x=[0, 0, 0, 0, 0, 0, 1, 0, 0, 0, 1, 0, 0, 0, 0, 0, 0, 0, 0, 0, 0, 0, 0, 0, 0, 0, 0, 0, 0, 0] (0.002s)
  Sub: Z₀=14.409810 [LOCAL] (0.3s), α=[0.000,0.000,0.000,0.000,0.000,0.000,4.539,0.000,0.000,0.000,5.952,0.000,0.000,0.000,0.000,0.000,0.000,0.000,0.000,0.000,0.000,0.000,0.000,0.000,0.000,0.323,0.000,0.000,0.000,0.000]
  Iter 27: LB=7.172710  UB=16.782251  gap=5.73e-01
  Cut: intercept=-1105.641702, π_x_range=[-820.0262, 581.7833]
  Mini-Benders[1] (mw): LB=7.470089, Z₀(α*)=-19.213505, intercept=-72.775404 (2.031s) [OMP=1.995 ISP-L=0.007 ISP-F=0.015 MW-L=0.008 MW-F=0.014]
  Mini-Benders[2] (mw): LB=7.470089, Z₀(α*)=-19.213505, intercept=-72.775404 (2.219s) [OMP=2.167 ISP-L=0.007 ISP-F=0.015 MW-L=0.008 MW-F=0.014]
  Mini-Benders[3] (mw): LB=7.470089, Z₀(α*)=-19.213505, intercept=-72.775404 (2.218s) [OMP=2.170 ISP-L=0.007 ISP-F=0.015 MW-L=0.008 MW-F=0.014]
  Mini-Benders[4]: LB stagnated, break
  α-step: Z₀=16.663760, α=[0.000,0.000,0.000,0.000,0.000,0.000,0.000,0.000,0.000,0.000,0.000,0.000,0.000,0.000,0.395,0.000,0.000,0.000,0.000,0.000,0.000,0.000,5.009,0.000,0.000,2.937,2.475,0.000,0.000,0.000]
  Alt-Benders[1] (mw): LB=7.567451, Z₀(α*)=-16.370544, intercept=-56.726194 (2.062s) [OMP=2.005 ISP-L=0.006 ISP-F=0.015 MW-L=0.016 MW-F=0.013]
  Alt-Benders[2] (mw): LB=7.567451, Z₀(α*)=-16.370544, intercept=-56.726194 (2.063s) [OMP=2.018 ISP-L=0.006 ISP-F=0.015 MW-L=0.009 MW-F=0.013]
  Alt-Benders[3] (mw): LB=7.567451, Z₀(α*)=-16.370544, intercept=-56.726194 (2.046s) [OMP=2.002 ISP-L=0.006 ISP-F=0.015 MW-L=0.009 MW-F=0.013]
  Alt-Benders[4]: LB stagnated, break
  OMP re-solve: 0.001s

=== True-DRO Benders iter 28 ===
  OMP: t₀=7.567451, UB=16.782251, gap=5.49e-01, x=[0, 0, 0, 0, 1, 0, 0, 1, 0, 0, 0, 0, 0, 0, 0, 0, 0, 0, 0, 0, 0, 0, 0, 0, 0, 0, 0, 0, 0, 0] (0.001s)
  Sub: Z₀=13.715443 [LOCAL] (0.3s), α=[0.000,0.000,0.000,0.000,6.504,0.000,0.000,0.765,0.000,0.000,0.000,0.000,0.000,0.000,3.545,0.000,0.000,0.000,0.000,0.000,0.000,0.000,0.000,0.000,0.000,0.000,0.000,0.000,0.000,0.000]
  Iter 28: LB=7.567451  UB=16.782251  gap=5.49e-01
  Cut: intercept=-1109.986059, π_x_range=[-828.6191, 561.8886]
  Mini-Benders[1] (mw): LB=8.394964, Z₀(α*)=-2.029021, intercept=-21.680639 (2.297s) [OMP=2.243 ISP-L=0.006 ISP-F=0.016 MW-L=0.008 MW-F=0.014]
  Mini-Benders[2] (mw): LB=8.394964, Z₀(α*)=-2.029021, intercept=-21.680639 (2.125s) [OMP=2.072 ISP-L=0.006 ISP-F=0.017 MW-L=0.015 MW-F=0.015]
  Mini-Benders[3] (mw): LB=8.394964, Z₀(α*)=-2.029021, intercept=-21.680639 (2.141s) [OMP=2.097 ISP-L=0.006 ISP-F=0.016 MW-L=0.009 MW-F=0.015]
  Mini-Benders[4]: LB stagnated, break
  α-step: Z₀=19.397965, α=[0.000,0.000,0.000,0.000,0.000,0.000,0.000,0.000,0.000,0.000,0.000,0.000,0.000,0.000,1.520,0.000,0.000,0.000,2.606,0.000,0.000,0.000,0.000,0.000,0.000,6.689,0.000,0.000,0.000,0.000]
  Alt-Benders[1] (mw): LB=8.429450, Z₀(α*)=-3.681891, intercept=-30.915094 (2.031s) [OMP=1.990 ISP-L=0.007 ISP-F=0.015 MW-L=0.009 MW-F=0.013]
  Alt-Benders[2] (mw): LB=8.429450, Z₀(α*)=-3.681891, intercept=-30.915094 (2.125s) [OMP=2.073 ISP-L=0.006 ISP-F=0.015 MW-L=0.009 MW-F=0.013]
  Alt-Benders[3] (mw): LB=8.429450, Z₀(α*)=-3.681891, intercept=-30.915094 (2.031s) [OMP=1.981 ISP-L=0.006 ISP-F=0.015 MW-L=0.016 MW-F=0.013]
  Alt-Benders[4]: LB stagnated, break
  OMP re-solve: 0.001s

=== True-DRO Benders iter 29 ===
  OMP: t₀=8.429450, UB=16.782251, gap=4.98e-01, x=[0, 0, 0, 0, 0, 0, 1, 1, 0, 0, 0, 0, 0, 0, 0, 0, 0, 0, 0, 0, 0, 0, 0, 0, 0, 0, 0, 0, 0, 0] (0.001s)
  Sub: Z₀=17.065674 [LOCAL] (0.2s), α=[0.000,0.000,0.000,0.000,0.000,0.000,2.312,2.898,0.000,0.000,0.000,0.000,0.000,0.000,0.000,0.000,0.000,0.000,0.000,0.000,0.000,0.000,0.000,0.000,0.000,5.605,0.000,0.000,0.000,0.000]
  Iter 29: LB=8.429450  UB=16.782251  gap=4.98e-01
  Cut: intercept=-1125.830372, π_x_range=[-832.4370, 582.2059]
  Mini-Benders[1] (mw): LB=9.066230, Z₀(α*)=-6.825738, intercept=-46.345920 (2.047s) [OMP=2.001 ISP-L=0.007 ISP-F=0.015 MW-L=0.009 MW-F=0.012]
  Mini-Benders[2] (mw): LB=9.066230, Z₀(α*)=-6.825738, intercept=-46.345920 (1.843s) [OMP=1.812 ISP-L=0.007 ISP-F=0.015 MW-L=0.009 MW-F=0.012]
  Mini-Benders[3] (mw): LB=9.066230, Z₀(α*)=-6.825738, intercept=-46.345920 (1.875s) [OMP=1.832 ISP-L=0.007 ISP-F=0.014 MW-L=0.009 MW-F=0.012]
  Mini-Benders[4]: LB stagnated, break
  α-step: Z₀=16.583123, α=[0.000,0.000,0.000,0.000,0.000,0.000,0.000,0.000,0.000,0.000,5.873,0.000,0.000,0.000,1.520,0.000,0.000,0.000,0.000,0.000,0.000,0.000,0.000,0.000,0.000,2.690,0.732,0.000,0.000,0.000]
  Alt-Benders[1] (mw): LB=9.197970, Z₀(α*)=-18.658521, intercept=-47.399301 (1.985s) [OMP=1.938 ISP-L=0.007 ISP-F=0.014 MW-L=0.009 MW-F=0.013]
  Alt-Benders[2] (mw): LB=9.197970, Z₀(α*)=-18.658521, intercept=-47.399301 (1.859s) [OMP=1.823 ISP-L=0.006 ISP-F=0.014 MW-L=0.009 MW-F=0.012]
  Alt-Benders[3] (mw): LB=9.197970, Z₀(α*)=-18.658521, intercept=-47.399301 (1.891s) [OMP=1.848 ISP-L=0.007 ISP-F=0.014 MW-L=0.009 MW-F=0.012]
  Alt-Benders[4]: LB stagnated, break
  OMP re-solve: 0.001s

=== True-DRO Benders iter 30 ===
  OMP: t₀=9.197970, UB=16.782251, gap=4.52e-01, x=[0, 0, 0, 0, 0, 0, 0, 0, 0, 0, 0, 0, 0, 0, 0, 0, 0, 0, 0, 0, 0, 0, 0, 0, 0, 1, 0, 1, 0, 0] (0.001s)
  Sub: Z₀=13.848777 [TIME_LIMIT] (15.5s), α=[0.000,0.000,0.000,0.000,0.000,0.000,0.000,0.000,0.000,0.000,0.000,0.000,0.000,0.000,0.009,0.000,0.000,0.000,0.000,0.000,0.000,0.000,0.000,0.000,0.000,7.738,0.308,2.760,0.000,0.000]
  Iter 30: LB=9.197970  UB=14.888246  gap=3.82e-01
  Cut: intercept=-54.275806, π_x_range=[-284.0000, 40.1364]
  Mini-Benders[1] (mw): LB=9.286243, Z₀(α*)=14.099381, intercept=-11.352989 (2.250s) [OMP=2.205 ISP-L=0.006 ISP-F=0.015 MW-L=0.008 MW-F=0.013]
  Mini-Benders[2] (mw): LB=9.323201, Z₀(α*)=14.956113, intercept=-16.968446 (1.828s) [OMP=1.788 ISP-L=0.006 ISP-F=0.015 MW-L=0.009 MW-F=0.014]
  Mini-Benders[3] (mw): LB=9.861388, Z₀(α*)=7.435757, intercept=5.127902 (2.250s) [OMP=2.202 ISP-L=0.007 ISP-F=0.015 MW-L=0.009 MW-F=0.012]
  Mini-Benders[4] (mw): LB=9.861388, Z₀(α*)=7.435757, intercept=5.127902 (2.109s) [OMP=2.071 ISP-L=0.006 ISP-F=0.015 MW-L=0.009 MW-F=0.012]
  Mini-Benders[5] (mw): LB=9.861388, Z₀(α*)=7.435757, intercept=5.127902 (2.188s) [OMP=2.131 ISP-L=0.006 ISP-F=0.015 MW-L=0.009 MW-F=0.019]
  α-step: Z₀=18.685884, α=[0.000,0.000,0.000,0.000,0.000,0.000,0.000,0.000,0.000,0.000,0.000,0.000,0.000,0.000,2.975,0.000,0.000,0.000,0.000,0.000,0.000,0.000,0.000,0.000,0.000,6.997,0.843,0.000,0.000,0.000]
  Alt-Benders[1] (mw): LB=10.189412, Z₀(α*)=4.475020, intercept=-14.215004 (2.391s) [OMP=2.343 ISP-L=0.007 ISP-F=0.015 MW-L=0.009 MW-F=0.012]
  Alt-Benders[2] (mw): LB=10.189412, Z₀(α*)=4.475020, intercept=-14.215004 (2.062s) [OMP=2.026 ISP-L=0.007 ISP-F=0.015 MW-L=0.009 MW-F=0.012]
  Alt-Benders[3] (mw): LB=10.189412, Z₀(α*)=4.475020, intercept=-14.215004 (2.141s) [OMP=2.089 ISP-L=0.007 ISP-F=0.014 MW-L=0.009 MW-F=0.012]
  Alt-Benders[4]: LB stagnated, break
  OMP re-solve: 0.001s

=== True-DRO Benders iter 31 ===
  OMP: t₀=10.189412, UB=14.888246, gap=3.16e-01, x=[0, 0, 0, 0, 0, 0, 0, 0, 1, 0, 0, 0, 0, 0, 0, 0, 0, 0, 0, 0, 0, 0, 0, 0, 0, 0, 0, 1, 0, 0] (0.001s)
  Sub: Z₀=16.859340 [LOCAL] (0.2s), α=[0.000,0.000,0.000,0.000,0.000,0.000,0.000,0.000,0.000,0.000,0.000,0.000,0.000,0.000,0.000,0.000,0.000,0.000,0.000,0.000,0.000,0.000,0.000,0.000,0.000,2.761,0.179,7.875,0.000,0.000]
  Iter 31: LB=10.189412  UB=14.888246  gap=3.16e-01
  Cut: intercept=-1132.740337, π_x_range=[-830.9374, 585.9053]
  Mini-Benders[1] (mw): LB=10.349397, Z₀(α*)=6.381065, intercept=-10.163265 (2.719s) [OMP=2.684 ISP-L=0.006 ISP-F=0.015 MW-L=0.008 MW-F=0.012]
  Mini-Benders[2] (mw): LB=10.349397, Z₀(α*)=6.381065, intercept=-10.163265 (2.078s) [OMP=2.034 ISP-L=0.006 ISP-F=0.015 MW-L=0.008 MW-F=0.013]
  Mini-Benders[3] (mw): LB=10.349397, Z₀(α*)=6.381065, intercept=-10.163265 (2.110s) [OMP=2.065 ISP-L=0.006 ISP-F=0.015 MW-L=0.008 MW-F=0.013]
  Mini-Benders[4]: LB stagnated, break
  α-step: Z₀=18.564710, α=[0.000,0.000,0.000,0.000,0.019,0.000,0.000,0.000,0.000,0.000,0.000,0.000,0.000,0.000,0.395,0.000,0.000,0.000,0.000,0.000,0.000,0.000,0.000,0.000,0.000,7.015,3.386,0.000,0.000,0.000]
  Alt-Benders[1] (mw): LB=10.519397, Z₀(α*)=18.884208, intercept=10.451860 (2.266s) [OMP=2.219 ISP-L=0.006 ISP-F=0.014 MW-L=0.008 MW-F=0.023]
  Alt-Benders[2] (mw): LB=10.705122, Z₀(α*)=16.644122, intercept=-15.152972 (2.172s) [OMP=2.120 ISP-L=0.007 ISP-F=0.014 MW-L=0.009 MW-F=0.012]
  Alt-Benders[3] (mw): LB=10.938753, Z₀(α*)=-0.376965, intercept=-45.027871 (2.031s) [OMP=1.992 ISP-L=0.007 ISP-F=0.014 MW-L=0.009 MW-F=0.012]
  Alt-Benders[4] (mw): LB=10.938753, Z₀(α*)=-0.376965, intercept=-45.027871 (1.813s) [OMP=1.774 ISP-L=0.006 ISP-F=0.014 MW-L=0.009 MW-F=0.012]
  Alt-Benders[5] (mw): LB=10.938753, Z₀(α*)=-0.376965, intercept=-45.027871 (1.781s) [OMP=1.738 ISP-L=0.007 ISP-F=0.014 MW-L=0.009 MW-F=0.012]
  OMP re-solve: 1.738s

=== True-DRO Benders iter 32 ===
  OMP: t₀=10.938753, UB=14.888246, gap=2.65e-01, x=[0, 0, 0, 0, 0, 0, 0, 0, 0, 0, 1, 0, 0, 0, 0, 0, 0, 0, 0, 0, 0, 0, 0, 0, 0, 0, 0, 0, 1, 0] (0.001s)
  Sub: Z₀=16.822732 [LOCAL] (0.2s), α=[0.000,0.000,0.000,0.000,0.000,0.000,0.000,0.000,0.000,0.000,6.636,0.000,0.000,0.000,3.545,0.000,0.000,0.000,0.000,0.000,0.000,0.000,0.000,0.000,0.000,0.283,0.211,0.139,0.000,0.000]
  Iter 32: LB=10.938753  UB=14.888246  gap=2.65e-01
  Cut: intercept=-1044.721542, π_x_range=[-819.1053, 535.0198]
  Mini-Benders[1] (mw): LB=10.938753, Z₀(α*)=16.822733, intercept=-35.178715 (1.828s) [OMP=1.773 ISP-L=0.007 ISP-F=0.015 MW-L=0.009 MW-F=0.019]
  Mini-Benders[2] (mw): LB=10.991631, Z₀(α*)=3.579835, intercept=-91.127767 (2.250s) [OMP=2.210 ISP-L=0.007 ISP-F=0.015 MW-L=0.009 MW-F=0.012]
  Mini-Benders[3] (mw): LB=10.991631, Z₀(α*)=3.579835, intercept=-91.127767 (1.969s) [OMP=1.931 ISP-L=0.006 ISP-F=0.015 MW-L=0.009 MW-F=0.012]
  Mini-Benders[4] (mw): LB=10.991631, Z₀(α*)=3.579835, intercept=-91.127767 (1.953s) [OMP=1.910 ISP-L=0.006 ISP-F=0.015 MW-L=0.009 MW-F=0.012]
  Mini-Benders[5]: LB stagnated, break
  α-step: Z₀=11.650749, α=[0.000,0.000,0.000,0.000,0.000,0.000,0.000,0.000,0.000,0.000,4.597,0.000,0.000,0.000,1.520,0.000,0.000,0.000,0.000,0.000,0.000,0.000,0.000,0.000,0.000,4.697,0.000,0.000,0.000,0.000]
  Alt-Benders[1] (mw): LB=11.066310, Z₀(α*)=3.548015, intercept=-6.864471 (2.093s) [OMP=2.055 ISP-L=0.007 ISP-F=0.014 MW-L=0.008 MW-F=0.014]
  Alt-Benders[2] (mw): LB=11.066310, Z₀(α*)=3.548015, intercept=-6.864471 (2.188s) [OMP=2.137 ISP-L=0.006 ISP-F=0.014 MW-L=0.008 MW-F=0.014]
  Alt-Benders[3] (mw): LB=11.066310, Z₀(α*)=3.548015, intercept=-6.864471 (2.140s) [OMP=2.097 ISP-L=0.007 ISP-F=0.014 MW-L=0.008 MW-F=0.014]
  Alt-Benders[4]: LB stagnated, break
  OMP re-solve: 0.001s

=== True-DRO Benders iter 33 ===
  OMP: t₀=11.066310, UB=14.888246, gap=2.57e-01, x=[0, 0, 0, 0, 0, 0, 0, 0, 0, 0, 0, 0, 0, 0, 0, 0, 0, 1, 0, 0, 0, 1, 0, 0, 0, 0, 0, 0, 0, 0] (0.001s)
  Sub: Z₀=20.631899 [LOCAL] (0.2s), α=[0.000,0.000,0.000,0.000,0.000,0.000,0.000,0.000,0.000,0.000,0.000,0.000,0.000,0.000,3.697,0.000,0.000,0.074,0.000,0.000,0.000,0.000,0.000,0.000,0.000,5.365,1.679,0.000,0.000,0.000]
  Iter 33: LB=11.066310  UB=14.888246  gap=2.57e-01
  Cut: intercept=-1085.485147, π_x_range=[-829.4788, 554.5815]
  Mini-Benders[1] (mw): LB=11.230747, Z₀(α*)=-21.269330, intercept=-62.754904 (2.031s) [OMP=1.970 ISP-L=0.006 ISP-F=0.013 MW-L=0.009 MW-F=0.020]
  Mini-Benders[2] (mw): LB=11.230747, Z₀(α*)=-21.269330, intercept=-62.754904 (3.016s) [OMP=2.982 ISP-L=0.006 ISP-F=0.013 MW-L=0.009 MW-F=0.012]
  Mini-Benders[3] (mw): LB=11.230747, Z₀(α*)=-21.269330, intercept=-62.754904 (3.015s) [OMP=2.975 ISP-L=0.006 ISP-F=0.013 MW-L=0.009 MW-F=0.012]
  Mini-Benders[4]: LB stagnated, break
  α-step: Z₀=11.878732, α=[0.000,0.000,0.000,0.000,8.143,0.000,0.555,0.000,0.000,0.000,0.000,0.000,0.000,0.000,0.000,0.000,0.000,0.000,0.000,0.000,0.000,0.000,0.000,0.000,0.000,2.116,0.000,0.000,0.000,0.000]
  Alt-Benders[1] (mw): LB=11.394073, Z₀(α*)=-18.090630, intercept=-50.595945 (2.344s) [OMP=2.309 ISP-L=0.006 ISP-F=0.015 MW-L=0.009 MW-F=0.013]
  Alt-Benders[2] (mw): LB=11.394073, Z₀(α*)=-18.090630, intercept=-50.595945 (2.062s) [OMP=2.001 ISP-L=0.006 ISP-F=0.014 MW-L=0.009 MW-F=0.019]
  Alt-Benders[3] (mw): LB=11.394073, Z₀(α*)=-18.090630, intercept=-50.595945 (2.047s) [OMP=2.013 ISP-L=0.007 ISP-F=0.015 MW-L=0.009 MW-F=0.013]
  Alt-Benders[4]: LB stagnated, break
  OMP re-solve: 0.001s

=== True-DRO Benders iter 34 ===
  OMP: t₀=11.394073, UB=14.888246, gap=2.35e-01, x=[0, 0, 0, 0, 0, 0, 0, 1, 0, 0, 0, 0, 0, 0, 0, 0, 0, 0, 0, 0, 0, 0, 0, 0, 0, 0, 1, 0, 0, 0] (0.001s)
  Sub: Z₀=15.360645 [LOCAL] (0.2s), α=[0.000,0.000,0.000,0.000,0.000,0.000,0.000,0.000,0.000,0.000,0.000,0.000,0.000,0.000,0.564,0.000,0.000,0.000,0.000,0.000,0.000,0.000,0.000,0.000,0.000,1.566,5.589,3.095,0.000,0.000]
  Iter 34: LB=11.394073  UB=14.888246  gap=2.35e-01
  Cut: intercept=-1099.264859, π_x_range=[-829.9687, 561.3755]
  Mini-Benders[1] (mw): LB=11.417282, Z₀(α*)=-8.926338, intercept=-26.893431 (2.453s) [OMP=2.413 ISP-L=0.006 ISP-F=0.014 MW-L=0.009 MW-F=0.012]
  Mini-Benders[2] (mw): LB=11.417282, Z₀(α*)=-8.926338, intercept=-26.893431 (2.390s) [OMP=2.350 ISP-L=0.006 ISP-F=0.014 MW-L=0.009 MW-F=0.012]
  Mini-Benders[3] (mw): LB=11.417282, Z₀(α*)=-8.926338, intercept=-26.893431 (2.328s) [OMP=2.273 ISP-L=0.007 ISP-F=0.014 MW-L=0.009 MW-F=0.018]
  Mini-Benders[4]: LB stagnated, break
  α-step: Z₀=15.786214, α=[0.000,0.000,0.000,0.000,0.000,0.000,0.000,0.000,0.000,0.000,0.000,0.000,0.000,0.000,0.395,0.000,0.000,0.000,0.000,0.000,0.000,0.000,0.000,0.000,0.000,10.420,0.000,0.000,0.000,0.000]
  Alt-Benders[1] (mw): LB=11.421307, Z₀(α*)=-29.082505, intercept=-126.704821 (2.531s) [OMP=2.488 ISP-L=0.007 ISP-F=0.013 MW-L=0.009 MW-F=0.012]
  Alt-Benders[2] (mw): LB=11.421307, Z₀(α*)=-29.082505, intercept=-126.704821 (2.047s) [OMP=2.011 ISP-L=0.006 ISP-F=0.013 MW-L=0.009 MW-F=0.012]
  Alt-Benders[3] (mw): LB=11.421307, Z₀(α*)=-29.082505, intercept=-126.704821 (2.047s) [OMP=2.006 ISP-L=0.006 ISP-F=0.013 MW-L=0.009 MW-F=0.012]
  Alt-Benders[4]: LB stagnated, break
  OMP re-solve: 0.001s

=== True-DRO Benders iter 35 ===
  OMP: t₀=11.421307, UB=14.888246, gap=2.33e-01, x=[0, 0, 0, 0, 0, 0, 0, 0, 0, 0, 1, 0, 0, 0, 0, 0, 0, 0, 1, 0, 0, 0, 0, 0, 0, 0, 0, 0, 0, 0] (0.001s)
  Sub: Z₀=13.395029 [TIME_LIMIT] (15.7s), α=[0.000,0.000,0.000,0.000,0.000,0.000,0.000,0.000,0.000,0.000,9.603,0.000,0.000,0.000,1.212,0.000,0.000,0.000,0.000,0.000,0.000,0.000,0.000,0.000,0.000,0.000,0.000,0.000,0.000,0.000]
  Iter 35: LB=11.421307  UB=14.617402  gap=2.19e-01
  Cut: intercept=-160.723248, π_x_range=[-229.0000, 106.0038]
  Mini-Benders[1] (mw): LB=11.602054, Z₀(α*)=-23.055281, intercept=-59.581452 (2.375s) [OMP=2.324 ISP-L=0.006 ISP-F=0.014 MW-L=0.009 MW-F=0.012]
  Mini-Benders[2] (mw): LB=11.602054, Z₀(α*)=-23.055281, intercept=-59.581452 (2.031s) [OMP=1.995 ISP-L=0.006 ISP-F=0.014 MW-L=0.009 MW-F=0.012]
  Mini-Benders[3] (mw): LB=11.602054, Z₀(α*)=-23.055281, intercept=-59.581452 (2.063s) [OMP=2.020 ISP-L=0.006 ISP-F=0.014 MW-L=0.009 MW-F=0.012]
  Mini-Benders[4]: LB stagnated, break
  α-step: Z₀=12.362280, α=[0.000,0.000,0.000,0.000,2.001,0.000,0.566,0.000,0.000,0.000,0.000,0.000,0.000,0.000,0.961,0.000,0.000,0.000,0.000,0.000,0.000,0.000,0.000,0.000,0.000,2.001,5.285,0.000,0.000,0.000]
  Alt-Benders[1] (mw): LB=11.650749, Z₀(α*)=-1.152841, intercept=-90.481769 (2.406s) [OMP=2.348 ISP-L=0.006 ISP-F=0.014 MW-L=0.008 MW-F=0.020]
  Alt-Benders[2] (mw): LB=11.650749, Z₀(α*)=-1.152841, intercept=-90.481769 (2.063s) [OMP=2.024 ISP-L=0.006 ISP-F=0.014 MW-L=0.008 MW-F=0.013]
  Alt-Benders[3] (mw): LB=11.650749, Z₀(α*)=-1.152841, intercept=-90.481769 (2.047s) [OMP=2.004 ISP-L=0.006 ISP-F=0.014 MW-L=0.008 MW-F=0.013]
  Alt-Benders[4]: LB stagnated, break
  OMP re-solve: 0.001s

=== True-DRO Benders iter 36 ===
  OMP: t₀=11.650749, UB=14.617402, gap=2.03e-01, x=[0, 0, 0, 0, 0, 0, 0, 0, 0, 0, 1, 0, 0, 0, 0, 0, 0, 0, 0, 0, 0, 0, 0, 0, 0, 1, 0, 0, 0, 0] (0.001s)
  Sub: Z₀=11.910459 [LOCAL] (0.3s), α=[0.000,0.000,0.000,0.000,0.000,0.000,0.000,0.000,0.000,0.000,4.597,0.000,0.000,0.000,1.520,0.000,0.000,0.000,0.000,0.000,0.000,0.000,0.000,0.000,0.000,4.697,0.000,0.000,0.000,0.000]
  Iter 36: LB=11.650749  UB=14.617402  gap=2.03e-01
  Cut: intercept=-1103.344019, π_x_range=[-820.1571, 579.9277]
  Mini-Benders[1] (mw): LB=11.681040, Z₀(α*)=-1.367185, intercept=-0.441534 (2.422s) [OMP=2.374 ISP-L=0.007 ISP-F=0.016 MW-L=0.008 MW-F=0.014]
  Mini-Benders[2] (mw): LB=11.681040, Z₀(α*)=-1.367185, intercept=-0.441534 (2.390s) [OMP=2.336 ISP-L=0.006 ISP-F=0.016 MW-L=0.008 MW-F=0.020]
  Mini-Benders[3] (mw): LB=11.681040, Z₀(α*)=-1.367185, intercept=-0.441534 (2.344s) [OMP=2.300 ISP-L=0.007 ISP-F=0.015 MW-L=0.008 MW-F=0.014]
  Mini-Benders[4]: LB stagnated, break
  α-step: Z₀=19.170754, α=[0.000,0.000,0.000,0.000,0.000,0.000,0.000,0.000,0.000,0.000,0.000,0.000,0.000,0.000,3.937,0.000,0.000,0.000,0.000,0.000,0.000,0.000,0.000,0.000,0.000,6.877,0.000,0.000,0.000,0.000]
  Alt-Benders[1] (mw): LB=11.681039, Z₀(α*)=19.210524, intercept=12.570830 (2.234s) [OMP=2.195 ISP-L=0.007 ISP-F=0.014 MW-L=0.008 MW-F=0.014]
  Alt-Benders[2] (mw): LB=11.786244, Z₀(α*)=11.582001, intercept=-43.537337 (2.125s) [OMP=2.065 ISP-L=0.007 ISP-F=0.014 MW-L=0.009 MW-F=0.017]
  Alt-Benders[3] (mw): LB=11.786244, Z₀(α*)=11.582001, intercept=-43.537337 (2.016s) [OMP=1.968 ISP-L=0.007 ISP-F=0.014 MW-L=0.009 MW-F=0.024]
  Alt-Benders[4] (mw): LB=11.786244, Z₀(α*)=11.582001, intercept=-43.537337 (2.046s) [OMP=1.993 ISP-L=0.007 ISP-F=0.014 MW-L=0.009 MW-F=0.017]
  Alt-Benders[5]: LB stagnated, break
  OMP re-solve: 0.002s

=== True-DRO Benders iter 37 ===
  OMP: t₀=11.786244, UB=14.617402, gap=1.94e-01, x=[0, 0, 0, 0, 0, 0, 0, 0, 0, 0, 0, 0, 0, 0, 0, 0, 0, 0, 0, 0, 0, 0, 0, 0, 0, 1, 1, 0, 0, 0] (0.001s)
  Sub: Z₀=12.010355 [LOCAL] (0.3s), α=[0.000,0.000,0.000,0.000,0.000,0.000,0.000,0.000,0.000,0.000,0.000,0.000,0.000,0.000,0.395,0.000,0.000,0.000,0.000,0.000,0.000,0.000,0.000,0.000,0.000,6.279,4.000,0.142,0.000,0.000]
  Iter 37: LB=11.786244  UB=14.617402  gap=1.94e-01
  Cut: intercept=-1137.041731, π_x_range=[-827.9795, 583.7055]
  Mini-Benders[1] (mw): LB=11.863536, Z₀(α*)=-21.357708, intercept=-50.088175 (2.360s) [OMP=2.318 ISP-L=0.006 ISP-F=0.013 MW-L=0.009 MW-F=0.012]
  Mini-Benders[2] (mw): LB=11.863536, Z₀(α*)=-21.357708, intercept=-50.088175 (2.000s) [OMP=1.954 ISP-L=0.006 ISP-F=0.013 MW-L=0.009 MW-F=0.012]
  Mini-Benders[3] (mw): LB=11.863536, Z₀(α*)=-21.357708, intercept=-50.088175 (1.984s) [OMP=1.927 ISP-L=0.006 ISP-F=0.013 MW-L=0.009 MW-F=0.018]
  Mini-Benders[4]: LB stagnated, break
  α-step: Z₀=12.620880, α=[0.000,0.000,0.000,0.000,6.285,0.000,0.000,0.000,0.000,0.000,0.000,0.000,0.000,0.000,3.937,0.000,0.000,0.000,0.000,0.000,0.000,0.000,0.000,0.000,0.000,0.000,0.592,0.000,0.000,0.000]
  Alt-Benders[1] (mw): LB=11.878732, Z₀(α*)=2.594188, intercept=-75.066668 (2.078s) [OMP=2.046 ISP-L=0.006 ISP-F=0.014 MW-L=0.009 MW-F=0.013]
  Alt-Benders[2] (mw): LB=11.878732, Z₀(α*)=2.594188, intercept=-75.066668 (1.860s) [OMP=1.816 ISP-L=0.006 ISP-F=0.014 MW-L=0.009 MW-F=0.013]
  Alt-Benders[3] (mw): LB=11.878732, Z₀(α*)=2.594188, intercept=-75.066668 (1.922s) [OMP=1.879 ISP-L=0.006 ISP-F=0.014 MW-L=0.009 MW-F=0.013]
  Alt-Benders[4]: LB stagnated, break
  OMP re-solve: 0.002s

=== True-DRO Benders iter 38 ===
  OMP: t₀=11.878732, UB=14.617402, gap=1.87e-01, x=[0, 0, 0, 0, 1, 0, 1, 0, 0, 0, 0, 0, 0, 0, 0, 0, 0, 0, 0, 0, 0, 0, 0, 0, 0, 0, 0, 0, 0, 0] (0.002s)
  Sub: Z₀=12.784418 [LOCAL] (0.2s), α=[0.000,0.000,0.000,0.000,7.103,0.000,2.977,0.000,0.000,0.000,0.000,0.000,0.000,0.000,0.665,0.000,0.000,0.000,0.000,0.000,0.000,0.000,0.000,0.000,0.000,0.070,0.000,0.000,0.000,0.000]
  Iter 38: LB=11.878732  UB=14.617402  gap=1.87e-01
  Cut: intercept=-1140.550784, π_x_range=[-829.5036, 585.6537]
  Mini-Benders[1] (mw): LB=11.910459, Z₀(α*)=-22.089224, intercept=-90.549979 (2.188s) [OMP=2.154 ISP-L=0.006 ISP-F=0.014 MW-L=0.009 MW-F=0.013]
  Mini-Benders[2] (mw): LB=11.910459, Z₀(α*)=-22.089224, intercept=-90.549979 (2.062s) [OMP=2.018 ISP-L=0.007 ISP-F=0.014 MW-L=0.009 MW-F=0.013]
  Mini-Benders[3] (mw): LB=11.910459, Z₀(α*)=-22.089224, intercept=-90.549979 (2.125s) [OMP=2.081 ISP-L=0.006 ISP-F=0.014 MW-L=0.009 MW-F=0.013]
  Mini-Benders[4]: LB stagnated, break
  α-step: Z₀=12.124484, α=[0.000,0.000,0.000,0.000,0.000,0.000,0.000,0.000,0.000,0.000,4.090,0.000,0.000,0.000,0.395,0.000,0.000,0.000,0.000,0.000,0.000,0.000,0.000,0.000,0.000,4.190,2.140,0.000,0.000,0.000]
  Alt-Benders[1] (mw): LB=12.010355, Z₀(α*)=-9.949383, intercept=-39.281674 (2.172s) [OMP=2.125 ISP-L=0.007 ISP-F=0.015 MW-L=0.015 MW-F=0.013]
  Alt-Benders[2] (mw): LB=12.010355, Z₀(α*)=-9.949383, intercept=-39.281674 (2.141s) [OMP=2.106 ISP-L=0.007 ISP-F=0.015 MW-L=0.009 MW-F=0.013]
  Alt-Benders[3] (mw): LB=12.010355, Z₀(α*)=-9.949383, intercept=-39.281674 (2.140s) [OMP=2.096 ISP-L=0.007 ISP-F=0.015 MW-L=0.009 MW-F=0.013]
  Alt-Benders[4]: LB stagnated, break
  OMP re-solve: 0.002s

=== True-DRO Benders iter 39 ===
  OMP: t₀=12.010355, UB=14.617402, gap=1.78e-01, x=[0, 0, 0, 0, 0, 0, 0, 0, 0, 0, 0, 0, 0, 0, 0, 0, 0, 0, 0, 0, 0, 0, 0, 0, 0, 1, 1, 0, 0, 0] (0.002s)
  Sub: Z₀=12.010355 [LOCAL] (0.3s), α=[0.000,0.000,0.000,0.000,0.000,0.000,0.000,0.000,0.000,0.000,0.000,0.000,0.000,0.000,0.395,0.000,0.000,0.000,0.000,0.000,0.000,0.000,0.000,0.000,0.000,6.279,4.000,0.142,0.000,0.000]
  Iter 39: LB=12.010355  UB=14.617402  gap=1.78e-01
  Cut: intercept=-1137.041731, π_x_range=[-827.9795, 583.7055]
  Mini-Benders[1] (mw): LB=12.010355, Z₀(α*)=12.010356, intercept=-35.772940 (2.156s) [OMP=2.111 ISP-L=0.007 ISP-F=0.015 MW-L=0.009 MW-F=0.012]
  Mini-Benders[2] (mw): LB=12.010355, Z₀(α*)=12.010356, intercept=-35.772940 (2.125s) [OMP=2.066 ISP-L=0.006 ISP-F=0.014 MW-L=0.016 MW-F=0.012]
  Mini-Benders[3]: LB stagnated, break
  α-step: Z₀=12.010356, α=[0.000,0.000,0.000,0.000,0.000,0.000,0.000,0.000,0.000,0.000,0.000,0.000,0.000,0.000,0.395,0.000,0.000,0.000,0.000,0.000,0.000,0.000,0.000,0.000,0.000,6.279,4.141,0.000,0.000,0.000]
  Alt-Benders[1] (mw): LB=12.010357, Z₀(α*)=12.010356, intercept=-35.772940 (2.109s) [OMP=2.078 ISP-L=0.007 ISP-F=0.015 MW-L=0.009 MW-F=0.012]
  Alt-Benders[2] (mw): LB=12.010357, Z₀(α*)=12.010356, intercept=-35.772940 (2.141s) [OMP=2.097 ISP-L=0.006 ISP-F=0.015 MW-L=0.009 MW-F=0.012]
  Alt-Benders[3] (mw): LB=12.010357, Z₀(α*)=12.010356, intercept=-35.772940 (2.125s) [OMP=2.081 ISP-L=0.007 ISP-F=0.015 MW-L=0.009 MW-F=0.012]
  Alt-Benders[4]: LB stagnated, break
  OMP re-solve: 0.002s

=== True-DRO Benders iter 40 ===
  OMP: t₀=12.010357, UB=14.617402, gap=1.78e-01, x=[0, 0, 0, 0, 0, 0, 0, 0, 0, 0, 0, 0, 0, 0, 0, 0, 0, 0, 0, 0, 0, 0, 0, 0, 0, 1, 1, 0, 0, 0] (0.002s)
  Sub: Z₀=12.054866 [TIME_LIMIT] (15.4s), α=[0.000,0.000,0.000,0.000,0.000,0.000,0.000,0.000,0.000,0.000,0.000,0.000,0.000,0.000,0.055,0.000,0.000,0.000,0.000,0.000,0.000,0.000,0.000,0.000,0.000,4.612,4.438,1.710,0.000,0.000]
  Iter 40: LB=12.010357  UB=14.399406  gap=1.66e-01
  Cut: intercept=-75.730602, π_x_range=[-262.0000, 50.5928]
  Mini-Benders[1] (mw): LB=12.046885, Z₀(α*)=-5.298512, intercept=-55.343911 (2.187s) [OMP=2.148 ISP-L=0.006 ISP-F=0.014 MW-L=0.009 MW-F=0.013]
  Mini-Benders[2] (mw): LB=12.046885, Z₀(α*)=-5.298512, intercept=-55.343911 (2.188s) [OMP=2.144 ISP-L=0.006 ISP-F=0.014 MW-L=0.009 MW-F=0.013]
  Mini-Benders[3] (mw): LB=12.046885, Z₀(α*)=-5.298512, intercept=-55.343911 (2.156s) [OMP=2.113 ISP-L=0.006 ISP-F=0.014 MW-L=0.009 MW-F=0.013]
  Mini-Benders[4]: LB stagnated, break
  α-step: Z₀=12.349043, α=[0.000,0.000,0.000,0.000,4.114,0.000,0.000,0.000,0.000,0.000,0.000,0.000,0.000,0.000,4.723,0.000,0.000,0.000,0.000,0.000,0.000,0.000,0.000,0.000,0.000,0.000,1.977,0.000,0.000,0.000]
  Alt-Benders[1] (mw): LB=12.054866, Z₀(α*)=-15.984101, intercept=-52.106270 (2.078s) [OMP=2.028 ISP-L=0.007 ISP-F=0.014 MW-L=0.015 MW-F=0.013]
  Alt-Benders[2] (mw): LB=12.054866, Z₀(α*)=-15.984101, intercept=-52.106270 (2.157s) [OMP=2.122 ISP-L=0.006 ISP-F=0.014 MW-L=0.009 MW-F=0.013]
  Alt-Benders[3] (mw): LB=12.054866, Z₀(α*)=-15.984101, intercept=-52.106270 (2.156s) [OMP=2.113 ISP-L=0.006 ISP-F=0.014 MW-L=0.009 MW-F=0.013]
  Alt-Benders[4]: LB stagnated, break
  OMP re-solve: 0.002s

=== True-DRO Benders iter 41 ===
  OMP: t₀=12.054866, UB=14.399406, gap=1.63e-01, x=[0, 0, 0, 0, 0, 0, 0, 0, 0, 0, 0, 0, 0, 0, 0, 0, 0, 0, 0, 0, 0, 0, 0, 0, 0, 1, 1, 0, 0, 0] (0.002s)
  Sub: Z₀=12.010355 [LOCAL] (0.3s), α=[0.000,0.000,0.000,0.000,0.000,0.000,0.000,0.000,0.000,0.000,0.000,0.000,0.000,0.000,0.395,0.000,0.000,0.000,0.000,0.000,0.000,0.000,0.000,0.000,0.000,6.279,4.000,0.142,0.000,0.000]
  Iter 41: LB=12.054866  UB=14.399406  gap=1.63e-01
  Cut: intercept=-1137.041731, π_x_range=[-827.9795, 583.7055]
  Mini-Benders[1] (mw): LB=12.054866, Z₀(α*)=12.010356, intercept=-35.772940 (2.140s) [OMP=2.109 ISP-L=0.006 ISP-F=0.015 MW-L=0.009 MW-F=0.012]
  Mini-Benders[2] (mw): LB=12.054866, Z₀(α*)=12.010356, intercept=-35.772940 (2.141s) [OMP=2.081 ISP-L=0.006 ISP-F=0.015 MW-L=0.016 MW-F=0.012]
  Mini-Benders[3]: LB stagnated, break
  α-step: Z₀=12.010356, α=[0.000,0.000,0.000,0.000,0.000,0.000,0.000,0.000,0.000,0.000,0.000,0.000,0.000,0.000,0.395,0.000,0.000,0.000,0.000,0.000,0.000,0.000,0.000,0.000,0.000,6.279,4.141,0.000,0.000,0.000]
  Alt-Benders[1] (mw): LB=12.054866, Z₀(α*)=12.010356, intercept=-35.772940 (2.188s) [OMP=2.155 ISP-L=0.006 ISP-F=0.014 MW-L=0.009 MW-F=0.012]
  Alt-Benders[2] (mw): LB=12.054866, Z₀(α*)=12.010356, intercept=-35.772940 (2.109s) [OMP=2.066 ISP-L=0.006 ISP-F=0.015 MW-L=0.009 MW-F=0.012]
  Alt-Benders[3]: LB stagnated, break
  OMP re-solve: 0.002s

=== True-DRO Benders iter 42 ===
  OMP: t₀=12.054866, UB=14.399406, gap=1.63e-01, x=[0, 0, 0, 0, 0, 0, 0, 0, 0, 0, 0, 0, 0, 0, 0, 0, 0, 0, 0, 0, 0, 0, 0, 0, 0, 1, 1, 0, 0, 0] (0.002s)
  Sub: Z₀=12.010355 [LOCAL] (0.3s), α=[0.000,0.000,0.000,0.000,0.000,0.000,0.000,0.000,0.000,0.000,0.000,0.000,0.000,0.000,0.395,0.000,0.000,0.000,0.000,0.000,0.000,0.000,0.000,0.000,0.000,6.279,4.000,0.142,0.000,0.000]
  Iter 42: LB=12.054866  UB=14.399406  gap=1.63e-01
  Cut: intercept=-1137.041731, π_x_range=[-827.9795, 583.7055]
  Mini-Benders[1] (mw): LB=12.054866, Z₀(α*)=12.010356, intercept=-35.772940 (2.156s) [OMP=2.096 ISP-L=0.006 ISP-F=0.014 MW-L=0.016 MW-F=0.012]
  Mini-Benders[2] (mw): LB=12.054866, Z₀(α*)=12.010356, intercept=-35.772940 (2.156s) [OMP=2.122 ISP-L=0.006 ISP-F=0.015 MW-L=0.009 MW-F=0.012]
  Mini-Benders[3]: LB stagnated, break
  α-step: Z₀=12.010356, α=[0.000,0.000,0.000,0.000,0.000,0.000,0.000,0.000,0.000,0.000,0.000,0.000,0.000,0.000,0.395,0.000,0.000,0.000,0.000,0.000,0.000,0.000,0.000,0.000,0.000,6.279,4.141,0.000,0.000,0.000]
  Alt-Benders[1] (mw): LB=12.054866, Z₀(α*)=12.010356, intercept=-35.772940 (2.140s) [OMP=2.100 ISP-L=0.006 ISP-F=0.014 MW-L=0.009 MW-F=0.012]
  Alt-Benders[2] (mw): LB=12.054866, Z₀(α*)=12.010356, intercept=-35.772940 (2.078s) [OMP=2.035 ISP-L=0.006 ISP-F=0.015 MW-L=0.009 MW-F=0.012]
  Alt-Benders[3]: LB stagnated, break
  OMP re-solve: 0.002s

=== True-DRO Benders iter 43 ===
  OMP: t₀=12.054866, UB=14.399406, gap=1.63e-01, x=[0, 0, 0, 0, 0, 0, 0, 0, 0, 0, 0, 0, 0, 0, 0, 0, 0, 0, 0, 0, 0, 0, 0, 0, 0, 1, 1, 0, 0, 0] (0.002s)
  Sub: Z₀=12.010355 [LOCAL] (0.3s), α=[0.000,0.000,0.000,0.000,0.000,0.000,0.000,0.000,0.000,0.000,0.000,0.000,0.000,0.000,0.395,0.000,0.000,0.000,0.000,0.000,0.000,0.000,0.000,0.000,0.000,6.279,4.000,0.142,0.000,0.000]
  Iter 43: LB=12.054866  UB=14.399406  gap=1.63e-01
  Cut: intercept=-1137.041731, π_x_range=[-827.9795, 583.7055]
  Mini-Benders[1] (mw): LB=12.054866, Z₀(α*)=12.010356, intercept=-35.772940 (2.141s) [OMP=2.103 ISP-L=0.007 ISP-F=0.015 MW-L=0.009 MW-F=0.012]
  Mini-Benders[2] (mw): LB=12.054866, Z₀(α*)=12.010356, intercept=-35.772940 (2.125s) [OMP=2.081 ISP-L=0.006 ISP-F=0.015 MW-L=0.009 MW-F=0.012]
  Mini-Benders[3]: LB stagnated, break
  α-step: Z₀=12.010356, α=[0.000,0.000,0.000,0.000,0.000,0.000,0.000,0.000,0.000,0.000,0.000,0.000,0.000,0.000,0.395,0.000,0.000,0.000,0.000,0.000,0.000,0.000,0.000,0.000,0.000,6.279,4.141,0.000,0.000,0.000]
  Alt-Benders[1] (mw): LB=12.054866, Z₀(α*)=12.010356, intercept=-35.772940 (2.156s) [OMP=2.115 ISP-L=0.007 ISP-F=0.015 MW-L=0.009 MW-F=0.012]
  Alt-Benders[2] (mw): LB=12.054866, Z₀(α*)=12.010356, intercept=-35.772940 (2.141s) [OMP=2.082 ISP-L=0.007 ISP-F=0.014 MW-L=0.016 MW-F=0.012]
  Alt-Benders[3]: LB stagnated, break
  OMP re-solve: 0.002s

=== True-DRO Benders iter 44 ===
  OMP: t₀=12.054866, UB=14.399406, gap=1.63e-01, x=[0, 0, 0, 0, 0, 0, 0, 0, 0, 0, 0, 0, 0, 0, 0, 0, 0, 0, 0, 0, 0, 0, 0, 0, 0, 1, 1, 0, 0, 0] (0.002s)
  Sub: Z₀=12.010355 [LOCAL] (0.3s), α=[0.000,0.000,0.000,0.000,0.000,0.000,0.000,0.000,0.000,0.000,0.000,0.000,0.000,0.000,0.395,0.000,0.000,0.000,0.000,0.000,0.000,0.000,0.000,0.000,0.000,6.279,4.000,0.142,0.000,0.000]
  Iter 44: LB=12.054866  UB=14.399406  gap=1.63e-01
  Cut: intercept=-1137.041731, π_x_range=[-827.9795, 583.7055]
  Mini-Benders[1] (mw): LB=12.054866, Z₀(α*)=12.010356, intercept=-35.772940 (2.141s) [OMP=2.095 ISP-L=0.007 ISP-F=0.014 MW-L=0.009 MW-F=0.012]
  Mini-Benders[2] (mw): LB=12.054866, Z₀(α*)=12.010356, intercept=-35.772940 (2.140s) [OMP=2.097 ISP-L=0.006 ISP-F=0.014 MW-L=0.009 MW-F=0.012]
  Mini-Benders[3]: LB stagnated, break
  α-step: Z₀=12.010356, α=[0.000,0.000,0.000,0.000,0.000,0.000,0.000,0.000,0.000,0.000,0.000,0.000,0.000,0.000,0.395,0.000,0.000,0.000,0.000,0.000,0.000,0.000,0.000,0.000,0.000,6.279,4.141,0.000,0.000,0.000]
  Alt-Benders[1] (mw): LB=12.054866, Z₀(α*)=12.010356, intercept=-35.772940 (2.172s) [OMP=2.115 ISP-L=0.007 ISP-F=0.015 MW-L=0.016 MW-F=0.012]
  Alt-Benders[2] (mw): LB=12.054866, Z₀(α*)=12.010356, intercept=-35.772940 (2.109s) [OMP=2.075 ISP-L=0.007 ISP-F=0.014 MW-L=0.009 MW-F=0.012]
  Alt-Benders[3]: LB stagnated, break
  OMP re-solve: 0.002s

=== True-DRO Benders iter 45 ===
  OMP: t₀=12.054866, UB=14.399406, gap=1.63e-01, x=[0, 0, 0, 0, 0, 0, 0, 0, 0, 0, 0, 0, 0, 0, 0, 0, 0, 0, 0, 0, 0, 0, 0, 0, 0, 1, 1, 0, 0, 0] (0.002s)
  Sub: Z₀=12.054866 [TIME_LIMIT] (15.5s), α=[0.000,0.000,0.000,0.000,0.000,0.000,0.000,0.000,0.000,0.000,0.000,0.000,0.000,0.000,0.055,0.000,0.000,0.000,0.000,0.000,0.000,0.000,0.000,0.000,0.000,4.612,4.438,1.710,0.000,0.000]
  Iter 45: LB=12.054866  UB=14.399406  gap=1.63e-01
  Cut: intercept=-75.730602, π_x_range=[-262.0000, 50.5928]
  Mini-Benders[1] (mw): LB=12.054866, Z₀(α*)=12.054866, intercept=-47.537064 (2.094s) [OMP=2.053 ISP-L=0.006 ISP-F=0.015 MW-L=0.009 MW-F=0.013]
  Mini-Benders[2] (mw): LB=12.054866, Z₀(α*)=12.054866, intercept=-47.537064 (2.094s) [OMP=2.049 ISP-L=0.006 ISP-F=0.015 MW-L=0.009 MW-F=0.013]
  Mini-Benders[3]: LB stagnated, break
  α-step: Z₀=12.060329, α=[0.000,0.000,0.000,0.000,0.000,0.000,0.000,0.000,0.000,0.000,0.000,0.000,0.000,0.000,0.000,0.000,0.000,0.000,0.000,0.000,0.000,0.000,0.000,0.000,0.000,1.317,9.497,0.000,0.000,0.000]
  Alt-Benders[1] (mw): LB=12.060329, Z₀(α*)=12.060329, intercept=-40.437851 (2.172s) [OMP=2.116 ISP-L=0.006 ISP-F=0.015 MW-L=0.009 MW-F=0.015]
  Alt-Benders[2] (mw): LB=12.060329, Z₀(α*)=12.060329, intercept=-40.437851 (2.156s) [OMP=2.125 ISP-L=0.006 ISP-F=0.015 MW-L=0.009 MW-F=0.015]
  Alt-Benders[3] (mw): LB=12.060329, Z₀(α*)=12.060329, intercept=-40.437851 (2.219s) [OMP=2.188 ISP-L=0.006 ISP-F=0.015 MW-L=0.009 MW-F=0.015]
  Alt-Benders[4]: LB stagnated, break
  OMP re-solve: 0.002s

=== True-DRO Benders iter 46 ===
  OMP: t₀=12.060329, UB=14.399406, gap=1.62e-01, x=[0, 0, 0, 0, 0, 0, 0, 0, 0, 0, 0, 0, 0, 0, 0, 0, 0, 0, 0, 0, 0, 0, 0, 0, 0, 1, 1, 0, 0, 0] (0.002s)
  Sub: Z₀=12.010355 [LOCAL] (0.3s), α=[0.000,0.000,0.000,0.000,0.000,0.000,0.000,0.000,0.000,0.000,0.000,0.000,0.000,0.000,0.395,0.000,0.000,0.000,0.000,0.000,0.000,0.000,0.000,0.000,0.000,6.279,4.000,0.142,0.000,0.000]
  Iter 46: LB=12.060329  UB=14.399406  gap=1.62e-01
  Cut: intercept=-1137.041731, π_x_range=[-827.9795, 583.7055]
  Mini-Benders[1] (mw): LB=12.060329, Z₀(α*)=12.010356, intercept=-35.772940 (2.250s) [OMP=2.189 ISP-L=0.006 ISP-F=0.015 MW-L=0.016 MW-F=0.012]
  Mini-Benders[2] (mw): LB=12.060329, Z₀(α*)=12.010356, intercept=-35.772940 (2.219s) [OMP=2.184 ISP-L=0.007 ISP-F=0.015 MW-L=0.009 MW-F=0.012]
  Mini-Benders[3]: LB stagnated, break
  α-step: Z₀=12.010356, α=[0.000,0.000,0.000,0.000,0.000,0.000,0.000,0.000,0.000,0.000,0.000,0.000,0.000,0.000,0.395,0.000,0.000,0.000,0.000,0.000,0.000,0.000,0.000,0.000,0.000,6.279,4.141,0.000,0.000,0.000]
  Alt-Benders[1] (mw): LB=12.060329, Z₀(α*)=12.010356, intercept=-35.772940 (2.219s) [OMP=2.174 ISP-L=0.007 ISP-F=0.015 MW-L=0.009 MW-F=0.012]
  Alt-Benders[2] (mw): LB=12.060329, Z₀(α*)=12.010356, intercept=-35.772940 (2.266s) [OMP=2.222 ISP-L=0.006 ISP-F=0.014 MW-L=0.009 MW-F=0.012]
  Alt-Benders[3]: LB stagnated, break
  OMP re-solve: 0.002s

=== True-DRO Benders iter 47 ===
  OMP: t₀=12.060329, UB=14.399406, gap=1.62e-01, x=[0, 0, 0, 0, 0, 0, 0, 0, 0, 0, 0, 0, 0, 0, 0, 0, 0, 0, 0, 0, 0, 0, 0, 0, 0, 1, 1, 0, 0, 0] (0.002s)
  Sub: Z₀=12.010355 [LOCAL] (0.3s), α=[0.000,0.000,0.000,0.000,0.000,0.000,0.000,0.000,0.000,0.000,0.000,0.000,0.000,0.000,0.395,0.000,0.000,0.000,0.000,0.000,0.000,0.000,0.000,0.000,0.000,6.279,4.000,0.142,0.000,0.000]
  Iter 47: LB=12.060329  UB=14.399406  gap=1.62e-01
  Cut: intercept=-1137.041731, π_x_range=[-827.9795, 583.7055]
  Mini-Benders[1] (mw): LB=12.060329, Z₀(α*)=12.010356, intercept=-35.772940 (2.204s) [OMP=2.168 ISP-L=0.006 ISP-F=0.015 MW-L=0.009 MW-F=0.012]
  Mini-Benders[2] (mw): LB=12.060329, Z₀(α*)=12.010356, intercept=-35.772940 (2.234s) [OMP=2.191 ISP-L=0.006 ISP-F=0.014 MW-L=0.009 MW-F=0.012]
  Mini-Benders[3]: LB stagnated, break
  α-step: Z₀=12.010356, α=[0.000,0.000,0.000,0.000,0.000,0.000,0.000,0.000,0.000,0.000,0.000,0.000,0.000,0.000,0.395,0.000,0.000,0.000,0.000,0.000,0.000,0.000,0.000,0.000,0.000,6.279,4.141,0.000,0.000,0.000]
  Alt-Benders[1] (mw): LB=12.060329, Z₀(α*)=12.010356, intercept=-35.772940 (2.188s) [OMP=2.146 ISP-L=0.007 ISP-F=0.015 MW-L=0.009 MW-F=0.012]
  Alt-Benders[2] (mw): LB=12.060329, Z₀(α*)=12.010356, intercept=-35.772940 (2.265s) [OMP=2.206 ISP-L=0.006 ISP-F=0.014 MW-L=0.016 MW-F=0.012]
  Alt-Benders[3]: LB stagnated, break
  OMP re-solve: 0.002s

=== True-DRO Benders iter 48 ===
  OMP: t₀=12.060329, UB=14.399406, gap=1.62e-01, x=[0, 0, 0, 0, 0, 0, 0, 0, 0, 0, 0, 0, 0, 0, 0, 0, 0, 0, 0, 0, 0, 0, 0, 0, 0, 1, 1, 0, 0, 0] (0.002s)
  Sub: Z₀=12.010355 [LOCAL] (0.3s), α=[0.000,0.000,0.000,0.000,0.000,0.000,0.000,0.000,0.000,0.000,0.000,0.000,0.000,0.000,0.395,0.000,0.000,0.000,0.000,0.000,0.000,0.000,0.000,0.000,0.000,6.279,4.000,0.142,0.000,0.000]
  Iter 48: LB=12.060329  UB=14.399406  gap=1.62e-01
  Cut: intercept=-1137.041731, π_x_range=[-827.9795, 583.7055]
  Mini-Benders[1] (mw): LB=12.060329, Z₀(α*)=12.010356, intercept=-35.772940 (2.234s) [OMP=2.189 ISP-L=0.007 ISP-F=0.015 MW-L=0.009 MW-F=0.012]
  Mini-Benders[2] (mw): LB=12.060329, Z₀(α*)=12.010356, intercept=-35.772940 (2.235s) [OMP=2.191 ISP-L=0.006 ISP-F=0.015 MW-L=0.009 MW-F=0.012]
  Mini-Benders[3]: LB stagnated, break
  α-step: Z₀=12.010356, α=[0.000,0.000,0.000,0.000,0.000,0.000,0.000,0.000,0.000,0.000,0.000,0.000,0.000,0.000,0.395,0.000,0.000,0.000,0.000,0.000,0.000,0.000,0.000,0.000,0.000,6.279,4.141,0.000,0.000,0.000]
  Alt-Benders[1] (mw): LB=12.060329, Z₀(α*)=12.010356, intercept=-35.772940 (2.250s) [OMP=2.193 ISP-L=0.006 ISP-F=0.015 MW-L=0.016 MW-F=0.012]
  Alt-Benders[2] (mw): LB=12.060329, Z₀(α*)=12.010356, intercept=-35.772940 (2.266s) [OMP=2.231 ISP-L=0.006 ISP-F=0.015 MW-L=0.009 MW-F=0.012]
  Alt-Benders[3]: LB stagnated, break
  OMP re-solve: 0.002s

=== True-DRO Benders iter 49 ===
  OMP: t₀=12.060329, UB=14.399406, gap=1.62e-01, x=[0, 0, 0, 0, 0, 0, 0, 0, 0, 0, 0, 0, 0, 0, 0, 0, 0, 0, 0, 0, 0, 0, 0, 0, 0, 1, 1, 0, 0, 0] (0.002s)
  Sub: Z₀=12.010355 [LOCAL] (0.3s), α=[0.000,0.000,0.000,0.000,0.000,0.000,0.000,0.000,0.000,0.000,0.000,0.000,0.000,0.000,0.395,0.000,0.000,0.000,0.000,0.000,0.000,0.000,0.000,0.000,0.000,6.279,4.000,0.142,0.000,0.000]
  Iter 49: LB=12.060329  UB=14.399406  gap=1.62e-01
  Cut: intercept=-1137.041731, π_x_range=[-827.9795, 583.7055]
  Mini-Benders[1] (mw): LB=12.060329, Z₀(α*)=12.010356, intercept=-35.772940 (2.235s) [OMP=2.189 ISP-L=0.006 ISP-F=0.015 MW-L=0.009 MW-F=0.012]
  Mini-Benders[2] (mw): LB=12.060329, Z₀(α*)=12.010356, intercept=-35.772940 (2.234s) [OMP=2.191 ISP-L=0.007 ISP-F=0.015 MW-L=0.009 MW-F=0.012]
  Mini-Benders[3]: LB stagnated, break
  α-step: Z₀=12.010356, α=[0.000,0.000,0.000,0.000,0.000,0.000,0.000,0.000,0.000,0.000,0.000,0.000,0.000,0.000,0.395,0.000,0.000,0.000,0.000,0.000,0.000,0.000,0.000,0.000,0.000,6.279,4.141,0.000,0.000,0.000]
  Alt-Benders[1] (mw): LB=12.060329, Z₀(α*)=12.010356, intercept=-35.772940 (2.219s) [OMP=2.187 ISP-L=0.007 ISP-F=0.015 MW-L=0.009 MW-F=0.012]
  Alt-Benders[2] (mw): LB=12.060329, Z₀(α*)=12.010356, intercept=-35.772940 (2.297s) [OMP=2.253 ISP-L=0.006 ISP-F=0.015 MW-L=0.009 MW-F=0.012]
  Alt-Benders[3]: LB stagnated, break
  OMP re-solve: 0.002s

=== True-DRO Benders iter 50 ===
  OMP: t₀=12.060329, UB=14.399406, gap=1.62e-01, x=[0, 0, 0, 0, 0, 0, 0, 0, 0, 0, 0, 0, 0, 0, 0, 0, 0, 0, 0, 0, 0, 0, 0, 0, 0, 1, 1, 0, 0, 0] (0.002s)
  → Boost: time limit 3600s + MIPGap=0.5% (same x + prev TIME_LIMIT)
  Sub: Z₀=12.060331 (644.1s), α=[0.000,0.000,0.000,0.000,0.000,0.000,0.000,0.000,0.000,0.000,0.000,0.000,0.000,0.000,0.000,0.000,0.000,0.000,0.000,0.000,0.000,0.000,0.000,0.000,0.000,2.039,5.830,2.945,0.000,0.000]
  Iter 50: LB=12.060329  UB=12.060331  gap=1.89e-07
True-DRO Benders converged at iter 50 (gap=1.89e-07)
  Wall time: 1610.20 sec
  OMP  time: mean=1.420s, median=1.883s, max=2.993s
  Sub  time (exact): mean=644.106s, median=644.106s, q90=644.106s, max=644.106s (n=1/50)

Result (double/mb_only): Z₀=12.060331, iters=50, time=1610.2s
x arcs = [26, 27]
