============================================================
grid5x5 — double [mb_only]: ε̂=0.20, ε̃=0.20, β=0.00
  mini_benders=true, valid_inequality=none
============================================================
Set parameter Username
Set parameter LicenseID to value 2742039
Academic license - for non-commercial use only - expires 2026-11-20
Set parameter Username
Set parameter LicenseID to value 2742039
Academic license - for non-commercial use only - expires 2026-11-20
Set parameter OutputFlag to value 1
Set parameter LogFile to value "global_miqcp.log"
Set parameter Username
Set parameter LicenseID to value 2742039
Academic license - for non-commercial use only - expires 2026-11-20
Set parameter Username
Set parameter LicenseID to value 2742039
Academic license - for non-commercial use only - expires 2026-11-20
Set parameter Username
Set parameter LicenseID to value 2742039
Academic license - for non-commercial use only - expires 2026-11-20
Set parameter Username
Set parameter LicenseID to value 2742039
Academic license - for non-commercial use only - expires 2026-11-20

=== True-DRO Benders iter 1 ===
  OMP: t₀=-10000.000000, UB=Inf, gap=NaN, x=[0, 0, 0, 0, 0, 0, 0, 0, 0, 0, 0, 0, 0, 0, 0, 0, 0, 0, 0, 0, 0, 0, 0, 0, 0, 0, 0, 0, 0, 0, 0, 0, 0, 0, 0, 0, 0, 0, 0, 0, 0, 0, 0, 0, 0, 0, 0] (0.000s)
  Sub: Z₀=42.745349 [LOCAL] (0.3s), α=[0.000,0.000,0.000,0.000,0.000,0.000,0.000,0.000,0.000,0.000,0.000,0.000,0.000,0.000,0.000,0.000,0.000,0.000,0.000,0.000,0.000,0.000,0.000,0.000,2.929,0.000,0.000,0.037,4.949,0.000,0.000,0.000,0.000,0.000,0.000,0.233,2.102,0.000,0.000,0.000,0.000,0.000,0.000,0.000,0.000,0.000,0.000]
  Iter 1: LB=-10000.000000  UB=Inf  gap=NaN
  Cut: intercept=42.745349, π_x_range=[-829.3010, -773.0160]
  Mini-Benders[1] (mw): LB=-1609.143645, Z₀(α*)=27.125339, intercept=-113.564771 (0.063s) [OMP=0.004 ISP-L=0.007 ISP-F=0.018 MW-L=0.009 MW-F=0.013]
  Mini-Benders[2] (mw): LB=-272.044190, Z₀(α*)=29.178999, intercept=-21.625558 (0.047s) [OMP=0.002 ISP-L=0.004 ISP-F=0.012 MW-L=0.016 MW-F=0.009]
  Mini-Benders[3] (mw): LB=-204.414261, Z₀(α*)=30.697202, intercept=-84.493444 (0.047s) [OMP=0.004 ISP-L=0.004 ISP-F=0.011 MW-L=0.008 MW-F=0.017]
  Mini-Benders[4] (mw): LB=-142.739358, Z₀(α*)=7.343502, intercept=-179.753577 (0.047s) [OMP=0.019 ISP-L=0.005 ISP-F=0.012 MW-L=0.008 MW-F=0.010]
  Mini-Benders[5] (mw): LB=-131.609977, Z₀(α*)=9.957561, intercept=-29.171906 (0.062s) [OMP=0.028 ISP-L=0.004 ISP-F=0.010 MW-L=0.009 MW-F=0.015]
Set parameter NonConvex to value 2
Set parameter DualReductions to value 0
  α-step: Z₀=35.499616, α=[0.000,0.000,0.000,0.000,0.000,0.000,0.000,0.000,0.000,0.000,0.000,0.000,0.000,0.000,0.000,0.000,0.000,0.000,0.000,0.000,0.000,0.000,0.000,0.000,0.000,0.000,0.000,0.265,4.341,0.000,2.115,0.000,0.000,0.000,2.027,0.000,1.501,0.000,0.000,0.000,0.000,0.000,0.000,0.000,0.000,0.000,0.000]
  Alt-Benders[1] (mw): LB=-105.128094, Z₀(α*)=-1.880217, intercept=-206.528738 (0.062s) [OMP=0.018 ISP-L=0.004 ISP-F=0.011 MW-L=0.013 MW-F=0.014]
  Alt-Benders[2] (mw): LB=-103.876362, Z₀(α*)=29.576102, intercept=-6.774404 (0.047s) [OMP=0.016 ISP-L=0.004 ISP-F=0.011 MW-L=0.008 MW-F=0.012]
  Alt-Benders[3] (mw): LB=-96.281233, Z₀(α*)=0.687651, intercept=-167.242708 (0.078s) [OMP=0.040 ISP-L=0.004 ISP-F=0.010 MW-L=0.013 MW-F=0.010]
  Alt-Benders[4] (mw): LB=-96.210093, Z₀(α*)=12.414917, intercept=-152.945500 (0.063s) [OMP=0.032 ISP-L=0.005 ISP-F=0.011 MW-L=0.008 MW-F=0.010]
  Alt-Benders[5] (mw): LB=-93.370085, Z₀(α*)=7.911045, intercept=-57.635719 (0.078s) [OMP=0.042 ISP-L=0.004 ISP-F=0.009 MW-L=0.014 MW-F=0.010]
  OMP re-solve: 0.036s

=== True-DRO Benders iter 2 ===
  OMP: t₀=-93.250835, UB=Inf, gap=NaN, x=[0, 0, 0, 0, 0, 0, 0, 0, 0, 0, 1, 0, 0, 0, 0, 0, 0, 0, 0, 0, 0, 0, 0, 0, 0, 0, 0, 0, 0, 0, 0, 0, 0, 1, 0, 0, 0, 0, 0, 0, 0, 0, 0, 0, 0, 0, 0] (0.000s)
  Sub: Z₀=37.164390 [LOCAL] (0.2s), α=[0.000,0.000,0.000,0.000,0.000,0.000,0.000,0.000,0.000,0.000,2.257,0.000,0.000,0.000,0.000,0.000,0.000,0.000,0.000,0.000,0.000,0.000,2.947,0.000,2.396,0.000,0.000,0.000,2.492,0.000,0.000,0.000,0.000,0.000,0.000,0.000,0.157,0.000,0.000,0.000,0.000,0.000,0.000,0.000,0.000,0.000,0.000]
  Iter 2: LB=-93.250835  UB=Inf  gap=NaN
  Cut: intercept=-1098.049242, π_x_range=[-826.1438, 579.8785]
  Mini-Benders[1] (mw): LB=-85.511083, Z₀(α*)=3.967378, intercept=-101.099112 (0.094s) [OMP=0.069 ISP-L=0.004 ISP-F=0.011 MW-L=0.008 MW-F=0.013]
  Mini-Benders[2] (mw): LB=-83.363396, Z₀(α*)=30.407666, intercept=-201.066800 (0.078s) [OMP=0.028 ISP-L=0.005 ISP-F=0.013 MW-L=0.009 MW-F=0.016]
  Mini-Benders[3] (mw): LB=-82.349985, Z₀(α*)=21.669771, intercept=-224.120016 (0.062s) [OMP=0.025 ISP-L=0.004 ISP-F=0.011 MW-L=0.008 MW-F=0.013]
  Mini-Benders[4] (mw): LB=-81.869236, Z₀(α*)=-3.574899, intercept=-137.839663 (0.063s) [OMP=0.024 ISP-L=0.004 ISP-F=0.011 MW-L=0.009 MW-F=0.014]
  Mini-Benders[5] (mw): LB=-80.122827, Z₀(α*)=29.758537, intercept=-163.696502 (0.078s) [OMP=0.034 ISP-L=0.004 ISP-F=0.010 MW-L=0.008 MW-F=0.011]
  α-step: Z₀=39.417706, α=[0.000,0.000,0.000,0.000,0.000,0.000,0.000,0.000,0.000,0.000,0.000,0.000,0.000,0.000,0.000,0.000,0.000,0.000,0.000,0.000,0.000,0.000,0.000,0.000,4.167,0.000,0.000,0.000,0.907,0.000,0.000,0.000,0.000,0.000,0.000,3.271,1.904,0.000,0.000,0.000,0.000,0.000,0.000,0.000,0.000,0.000,0.000]
  Alt-Benders[1] (mw): LB=-77.373755, Z₀(α*)=-0.777694, intercept=-118.542463 (0.079s) [OMP=0.030 ISP-L=0.004 ISP-F=0.010 MW-L=0.008 MW-F=0.012]
  Alt-Benders[2] (mw): LB=-74.301048, Z₀(α*)=30.043383, intercept=-97.188459 (0.062s) [OMP=0.034 ISP-L=0.004 ISP-F=0.011 MW-L=0.012 MW-F=0.011]
  Alt-Benders[3] (mw): LB=-73.423564, Z₀(α*)=16.893646, intercept=-58.427780 (0.172s) [OMP=0.127 ISP-L=0.004 ISP-F=0.012 MW-L=0.009 MW-F=0.011]
  Alt-Benders[4] (mw): LB=-68.296794, Z₀(α*)=37.706033, intercept=-32.055301 (0.156s) [OMP=0.113 ISP-L=0.004 ISP-F=0.010 MW-L=0.012 MW-F=0.011]
  Alt-Benders[5] (mw): LB=-67.704773, Z₀(α*)=32.490148, intercept=-119.881030 (0.141s) [OMP=0.106 ISP-L=0.004 ISP-F=0.010 MW-L=0.008 MW-F=0.010]
  OMP re-solve: 0.109s

=== True-DRO Benders iter 3 ===
  OMP: t₀=-67.609407, UB=Inf, gap=NaN, x=[0, 0, 0, 0, 0, 0, 0, 0, 0, 0, 0, 0, 0, 0, 0, 0, 0, 0, 0, 0, 0, 0, 0, 0, 0, 0, 0, 1, 0, 0, 0, 0, 0, 0, 1, 0, 0, 0, 0, 0, 0, 0, 0, 0, 0, 0, 0] (0.000s)
  Sub: Z₀=30.710351 [LOCAL] (0.2s), α=[0.000,0.000,0.000,0.000,0.000,0.000,0.000,0.000,0.000,0.000,0.000,0.000,0.000,0.000,0.000,0.000,0.000,0.000,0.000,0.000,0.000,0.000,0.000,0.000,0.000,0.000,0.000,4.071,6.082,0.000,0.000,0.000,0.000,0.000,0.093,0.002,0.002,0.000,0.000,0.000,0.000,0.000,0.000,0.000,0.000,0.000,0.000]
  Iter 3: LB=-67.609407  UB=Inf  gap=NaN
  Cut: intercept=-1148.090109, π_x_range=[-826.7824, 591.8158]
  Mini-Benders[1] (mw): LB=-67.145038, Z₀(α*)=8.591134, intercept=-99.467984 (0.156s) [OMP=0.117 ISP-L=0.004 ISP-F=0.011 MW-L=0.010 MW-F=0.013]
  Mini-Benders[2] (mw): LB=-66.908447, Z₀(α*)=11.575980, intercept=-139.194376 (0.172s) [OMP=0.125 ISP-L=0.004 ISP-F=0.013 MW-L=0.008 MW-F=0.014]
  Mini-Benders[3] (mw): LB=-65.061977, Z₀(α*)=-5.901797, intercept=-110.570184 (0.156s) [OMP=0.115 ISP-L=0.005 ISP-F=0.012 MW-L=0.008 MW-F=0.018]
  Mini-Benders[4] (mw): LB=-64.096370, Z₀(α*)=10.089822, intercept=-50.257496 (0.141s) [OMP=0.107 ISP-L=0.006 ISP-F=0.012 MW-L=0.008 MW-F=0.009]
  Mini-Benders[5] (mw): LB=-63.022541, Z₀(α*)=-18.258504, intercept=-48.299313 (0.187s) [OMP=0.151 ISP-L=0.004 ISP-F=0.011 MW-L=0.008 MW-F=0.015]
  α-step: Z₀=32.389868, α=[0.000,0.000,0.000,0.000,0.000,0.000,0.000,0.000,0.000,0.000,0.000,0.000,0.000,0.000,0.000,0.000,0.000,0.000,0.000,0.000,0.000,0.000,0.000,0.000,7.207,0.000,0.000,0.000,2.908,0.000,0.000,0.000,0.000,0.000,0.000,0.000,0.134,0.000,0.000,0.000,0.000,0.000,0.000,0.000,0.000,0.000,0.000]
  Alt-Benders[1] (mw): LB=-60.508883, Z₀(α*)=38.856099, intercept=13.833573 (0.187s) [OMP=0.134 ISP-L=0.004 ISP-F=0.011 MW-L=0.012 MW-F=0.012]
  Alt-Benders[2] (mw): LB=-59.372196, Z₀(α*)=16.662038, intercept=-133.921725 (0.156s) [OMP=0.126 ISP-L=0.004 ISP-F=0.010 MW-L=0.009 MW-F=0.010]
  Alt-Benders[3] (mw): LB=-55.130587, Z₀(α*)=29.074118, intercept=-87.631613 (0.172s) [OMP=0.139 ISP-L=0.004 ISP-F=0.010 MW-L=0.013 MW-F=0.008]
  Alt-Benders[4] (mw): LB=-54.997632, Z₀(α*)=33.998078, intercept=-73.986731 (0.156s) [OMP=0.099 ISP-L=0.004 ISP-F=0.011 MW-L=0.009 MW-F=0.026]
  Alt-Benders[5] (mw): LB=-53.430745, Z₀(α*)=10.793031, intercept=-145.359083 (0.125s) [OMP=0.083 ISP-L=0.004 ISP-F=0.010 MW-L=0.013 MW-F=0.013]
  OMP re-solve: 0.101s

=== True-DRO Benders iter 4 ===
  OMP: t₀=-50.518792, UB=Inf, gap=NaN, x=[0, 0, 0, 0, 0, 0, 0, 0, 0, 0, 0, 0, 0, 0, 0, 0, 0, 0, 0, 0, 0, 0, 0, 1, 0, 0, 0, 0, 0, 0, 0, 1, 0, 0, 0, 0, 0, 0, 0, 0, 0, 0, 0, 0, 0, 0, 0] (0.000s)
  Sub: Z₀=33.894817 [LOCAL] (0.2s), α=[0.000,0.000,0.000,0.000,0.000,0.000,0.000,0.000,0.000,0.000,0.000,0.000,0.000,0.000,0.000,0.000,0.000,0.000,0.000,0.000,0.000,0.000,1.994,2.885,1.618,0.000,0.000,0.000,0.000,0.000,0.000,3.753,0.000,0.000,0.000,0.000,0.000,0.000,0.000,0.000,0.000,0.000,0.000,0.000,0.000,0.000,0.000]
  Iter 4: LB=-50.518792  UB=Inf  gap=NaN
  Cut: intercept=-1121.874626, π_x_range=[-827.5707, 590.5232]
  Mini-Benders[1] (mw): LB=-49.985342, Z₀(α*)=-46.535250, intercept=-145.311492 (0.125s) [OMP=0.085 ISP-L=0.004 ISP-F=0.012 MW-L=0.012 MW-F=0.011]
  Mini-Benders[2] (mw): LB=-47.666701, Z₀(α*)=-22.684032, intercept=-219.538477 (0.141s) [OMP=0.107 ISP-L=0.004 ISP-F=0.011 MW-L=0.008 MW-F=0.014]
  Mini-Benders[3] (mw): LB=-47.398406, Z₀(α*)=-22.730974, intercept=-179.277331 (0.187s) [OMP=0.143 ISP-L=0.004 ISP-F=0.013 MW-L=0.008 MW-F=0.010]
  Mini-Benders[4] (mw): LB=-46.894803, Z₀(α*)=28.567101, intercept=-27.396481 (0.141s) [OMP=0.106 ISP-L=0.004 ISP-F=0.011 MW-L=0.008 MW-F=0.016]
  Mini-Benders[5] (mw): LB=-46.535252, Z₀(α*)=-46.535250, intercept=-145.311492 (0.172s) [OMP=0.128 ISP-L=0.004 ISP-F=0.011 MW-L=0.008 MW-F=0.011]
  α-step: Z₀=30.187285, α=[0.000,0.000,0.000,0.000,0.000,0.000,0.000,0.000,0.000,0.000,0.000,0.000,0.000,0.000,0.000,0.000,0.000,0.000,0.000,0.000,0.000,0.000,0.000,0.000,0.000,0.000,0.000,0.000,10.249,0.000,0.000,0.000,0.000,0.000,0.000,0.000,0.000,0.000,0.000,0.000,0.000,0.000,0.000,0.000,0.000,0.000,0.000]
  Alt-Benders[1] (mw): LB=-45.645539, Z₀(α*)=29.475905, intercept=-112.897487 (0.171s) [OMP=0.142 ISP-L=0.004 ISP-F=0.009 MW-L=0.009 MW-F=0.010]
  Alt-Benders[2] (mw): LB=-45.212763, Z₀(α*)=31.194452, intercept=-194.112339 (0.204s) [OMP=0.157 ISP-L=0.004 ISP-F=0.011 MW-L=0.013 MW-F=0.011]
  Alt-Benders[3] (mw): LB=-42.692342, Z₀(α*)=32.214929, intercept=-157.093465 (0.234s) [OMP=0.190 ISP-L=0.005 ISP-F=0.011 MW-L=0.008 MW-F=0.012]
  Alt-Benders[4] (mw): LB=-40.756204, Z₀(α*)=-4.812346, intercept=-64.306421 (0.234s) [OMP=0.199 ISP-L=0.005 ISP-F=0.011 MW-L=0.012 MW-F=0.012]
  Alt-Benders[5] (mw): LB=-39.573242, Z₀(α*)=27.824155, intercept=-162.855850 (0.235s) [OMP=0.190 ISP-L=0.004 ISP-F=0.011 MW-L=0.009 MW-F=0.012]
  OMP re-solve: 0.222s

=== True-DRO Benders iter 5 ===
  OMP: t₀=-39.085738, UB=Inf, gap=NaN, x=[0, 0, 0, 0, 0, 0, 0, 0, 0, 0, 0, 0, 0, 0, 0, 0, 0, 0, 0, 0, 0, 0, 0, 0, 1, 0, 0, 0, 0, 0, 0, 1, 0, 0, 0, 0, 0, 0, 0, 0, 0, 0, 0, 0, 0, 0, 0] (0.000s)
  Sub: Z₀=36.017447 (1.3s), α=[0.000,0.000,0.000,0.000,0.000,0.000,0.000,0.000,0.000,0.000,0.000,0.000,0.000,0.000,0.000,0.000,0.000,0.000,0.000,0.000,0.000,0.000,0.000,0.000,7.920,0.000,0.000,0.000,0.118,0.000,0.000,2.211,0.000,0.000,0.000,0.000,0.000,0.000,0.000,0.000,0.000,0.000,0.000,0.000,0.000,0.000,0.000]
  Iter 5: LB=-39.085738  UB=36.017447  gap=2.09e+00
  Cut: intercept=-80.750659, π_x_range=[-266.0000, 80.5799]
  Sherali-Cut: intercept=-38.013309, π_x_range=[-154.0607, 52.9289]
  Mini-Benders[1] (mw): LB=-38.666887, Z₀(α*)=10.375843, intercept=-59.357159 (0.203s) [OMP=0.160 ISP-L=0.004 ISP-F=0.013 MW-L=0.009 MW-F=0.012]
  Mini-Benders[2] (mw): LB=-37.017186, Z₀(α*)=23.375721, intercept=-29.742283 (0.172s) [OMP=0.137 ISP-L=0.004 ISP-F=0.011 MW-L=0.013 MW-F=0.009]
  Mini-Benders[3] (mw): LB=-36.095339, Z₀(α*)=14.407502, intercept=-32.480178 (0.203s) [OMP=0.167 ISP-L=0.004 ISP-F=0.011 MW-L=0.008 MW-F=0.014]
  Mini-Benders[4] (mw): LB=-35.243294, Z₀(α*)=28.606291, intercept=-51.681800 (0.219s) [OMP=0.175 ISP-L=0.004 ISP-F=0.012 MW-L=0.013 MW-F=0.013]
  Mini-Benders[5] (mw): LB=-34.336114, Z₀(α*)=18.788599, intercept=-54.811492 (0.203s) [OMP=0.164 ISP-L=0.004 ISP-F=0.011 MW-L=0.008 MW-F=0.010]
  α-step: Z₀=33.202454, α=[0.000,0.000,0.000,0.000,0.000,0.000,0.000,0.000,0.000,0.000,0.000,0.000,0.000,0.000,0.000,0.000,0.000,0.000,0.000,0.000,0.000,0.000,0.000,0.000,5.265,0.000,0.000,0.000,4.985,0.000,0.000,0.000,0.000,0.000,0.000,0.000,0.000,0.000,0.000,0.000,0.000,0.000,0.000,0.000,0.000,0.000,0.000]
  Alt-Benders[1] (mw): LB=-33.836031, Z₀(α*)=13.800535, intercept=-65.381826 (0.219s) [OMP=0.180 ISP-L=0.004 ISP-F=0.011 MW-L=0.010 MW-F=0.014]
  Alt-Benders[2] (mw): LB=-33.061544, Z₀(α*)=31.667723, intercept=-35.001095 (0.265s) [OMP=0.211 ISP-L=0.004 ISP-F=0.012 MW-L=0.009 MW-F=0.014]
  Alt-Benders[3] (mw): LB=-29.920111, Z₀(α*)=23.072840, intercept=-20.513404 (0.172s) [OMP=0.140 ISP-L=0.004 ISP-F=0.009 MW-L=0.009 MW-F=0.015]
  Alt-Benders[4] (mw): LB=-29.598643, Z₀(α*)=9.930083, intercept=-49.367116 (0.172s) [OMP=0.129 ISP-L=0.004 ISP-F=0.011 MW-L=0.008 MW-F=0.012]
  Alt-Benders[5] (mw): LB=-29.203868, Z₀(α*)=37.920288, intercept=16.323002 (0.203s) [OMP=0.172 ISP-L=0.004 ISP-F=0.010 MW-L=0.008 MW-F=0.015]
  OMP re-solve: 0.170s

=== True-DRO Benders iter 6 ===
  OMP: t₀=-27.181571, UB=36.017447, gap=1.75e+00, x=[0, 0, 0, 0, 0, 0, 0, 0, 0, 0, 0, 0, 0, 0, 0, 0, 0, 0, 0, 0, 0, 0, 0, 0, 1, 0, 0, 1, 0, 0, 0, 0, 0, 0, 0, 0, 0, 0, 0, 0, 0, 0, 0, 0, 0, 0, 0] (0.000s)
  Sub: Z₀=30.790305 [LOCAL] (0.2s), α=[0.000,0.000,0.000,0.000,0.000,0.000,0.000,0.000,0.000,0.000,0.000,0.000,0.000,0.000,0.000,0.000,0.000,0.000,0.000,0.000,0.000,0.000,0.000,0.000,7.212,0.000,0.000,0.577,2.460,0.000,0.000,0.000,0.000,0.000,0.000,0.000,0.000,0.000,0.000,0.000,0.000,0.000,0.000,0.000,0.000,0.000,0.000]
  Iter 6: LB=-27.181571  UB=36.017447  gap=1.75e+00
  Cut: intercept=-1147.806156, π_x_range=[-827.9450, 591.9338]
  Mini-Benders[1] (mw): LB=-24.824962, Z₀(α*)=32.544584, intercept=-76.242410 (0.156s) [OMP=0.121 ISP-L=0.005 ISP-F=0.011 MW-L=0.013 MW-F=0.010]
  Mini-Benders[2] (mw): LB=-24.426954, Z₀(α*)=-20.560208, intercept=-59.070856 (0.203s) [OMP=0.158 ISP-L=0.004 ISP-F=0.011 MW-L=0.008 MW-F=0.014]
  Mini-Benders[3] (mw): LB=-24.388873, Z₀(α*)=12.493981, intercept=-81.008102 (0.172s) [OMP=0.135 ISP-L=0.004 ISP-F=0.011 MW-L=0.012 MW-F=0.012]
  Mini-Benders[4] (mw): LB=-23.674436, Z₀(α*)=25.710232, intercept=-128.854782 (0.187s) [OMP=0.153 ISP-L=0.004 ISP-F=0.013 MW-L=0.009 MW-F=0.012]
  Mini-Benders[5] (mw): LB=-23.415478, Z₀(α*)=33.705123, intercept=-76.754868 (0.219s) [OMP=0.169 ISP-L=0.004 ISP-F=0.012 MW-L=0.013 MW-F=0.012]
  α-step: Z₀=35.584004, α=[0.000,0.000,0.000,0.000,0.000,0.000,0.000,0.000,0.000,0.000,0.000,0.000,0.000,0.000,0.000,0.000,0.000,0.000,0.000,0.000,0.000,0.000,0.000,0.000,5.171,0.000,0.000,0.000,5.078,0.000,0.000,0.000,0.000,0.000,0.000,0.000,0.000,0.000,0.000,0.000,0.000,0.000,0.000,0.000,0.000,0.000,0.000]
  Alt-Benders[1] (mw): LB=-23.056821, Z₀(α*)=30.596687, intercept=-137.471367 (0.203s) [OMP=0.151 ISP-L=0.004 ISP-F=0.010 MW-L=0.012 MW-F=0.011]
  Alt-Benders[2] (mw): LB=-22.730976, Z₀(α*)=22.623717, intercept=-157.202641 (0.188s) [OMP=0.158 ISP-L=0.004 ISP-F=0.011 MW-L=0.008 MW-F=0.015]
  Alt-Benders[3] (mw): LB=-22.684034, Z₀(α*)=6.014918, intercept=-198.618597 (0.171s) [OMP=0.134 ISP-L=0.004 ISP-F=0.010 MW-L=0.008 MW-F=0.009]
  Alt-Benders[4] (mw): LB=-21.225487, Z₀(α*)=29.459116, intercept=-71.242497 (0.204s) [OMP=0.162 ISP-L=0.004 ISP-F=0.011 MW-L=0.010 MW-F=0.013]
  Alt-Benders[5] (mw): LB=-20.560210, Z₀(α*)=-5.228776, intercept=-59.247267 (0.187s) [OMP=0.154 ISP-L=0.004 ISP-F=0.011 MW-L=0.009 MW-F=0.012]
  OMP re-solve: 0.143s

=== True-DRO Benders iter 7 ===
  OMP: t₀=-19.482796, UB=36.017447, gap=1.54e+00, x=[0, 0, 0, 0, 0, 0, 0, 0, 0, 0, 0, 0, 0, 0, 0, 0, 0, 0, 0, 0, 0, 0, 0, 1, 0, 1, 0, 0, 0, 0, 0, 0, 0, 0, 0, 0, 0, 0, 0, 0, 0, 0, 0, 0, 0, 0, 0] (0.000s)
  Sub: Z₀=35.186470 [LOCAL] (0.2s), α=[0.000,0.000,0.000,0.000,0.000,0.000,0.000,0.000,0.000,0.000,0.000,0.000,0.000,0.000,0.000,0.000,0.000,0.000,0.000,0.000,0.000,0.000,2.016,2.895,5.258,0.079,0.000,0.000,0.000,0.000,0.000,0.000,0.000,0.000,0.000,0.000,0.000,0.000,0.000,0.000,0.000,0.000,0.000,0.000,0.000,0.000,0.000]
  Iter 7: LB=-19.482796  UB=36.017447  gap=1.54e+00
  Cut: intercept=-1149.747563, π_x_range=[-827.5854, 594.3348]
  Mini-Benders[1] (mw): LB=-19.446509, Z₀(α*)=23.483087, intercept=-103.857573 (0.172s) [OMP=0.133 ISP-L=0.004 ISP-F=0.012 MW-L=0.009 MW-F=0.011]
  Mini-Benders[2] (mw): LB=-19.020536, Z₀(α*)=2.086873, intercept=-171.699218 (0.187s) [OMP=0.151 ISP-L=0.004 ISP-F=0.011 MW-L=0.012 MW-F=0.012]
  Mini-Benders[3] (mw): LB=-18.539276, Z₀(α*)=11.226848, intercept=-60.944506 (0.219s) [OMP=0.165 ISP-L=0.004 ISP-F=0.013 MW-L=0.010 MW-F=0.011]
  Mini-Benders[4] (mw): LB=-18.344632, Z₀(α*)=15.323355, intercept=-45.505139 (0.187s) [OMP=0.155 ISP-L=0.005 ISP-F=0.012 MW-L=0.013 MW-F=0.013]
  Mini-Benders[5] (mw): LB=-18.258506, Z₀(α*)=31.304319, intercept=-85.778391 (0.188s) [OMP=0.137 ISP-L=0.004 ISP-F=0.011 MW-L=0.009 MW-F=0.012]
  α-step: Z₀=35.347576, α=[0.000,0.000,0.000,0.000,0.000,0.000,0.000,0.000,0.000,0.000,0.000,0.000,0.000,0.000,0.000,0.000,0.000,0.000,0.000,0.000,0.000,0.000,0.000,0.000,1.192,0.000,0.000,0.000,5.071,0.000,0.000,0.000,0.000,0.000,1.192,0.000,2.794,0.000,0.000,0.000,0.000,0.000,0.000,0.000,0.000,0.000,0.000]
  Alt-Benders[1] (mw): LB=-16.808219, Z₀(α*)=30.165136, intercept=-53.934537 (0.187s) [OMP=0.152 ISP-L=0.004 ISP-F=0.010 MW-L=0.008 MW-F=0.009]
  Alt-Benders[2] (mw): LB=-16.447997, Z₀(α*)=28.593313, intercept=-30.361169 (0.203s) [OMP=0.161 ISP-L=0.005 ISP-F=0.011 MW-L=0.013 MW-F=0.011]
  Alt-Benders[3] (mw): LB=-16.446062, Z₀(α*)=26.073920, intercept=-31.698263 (0.203s) [OMP=0.164 ISP-L=0.005 ISP-F=0.012 MW-L=0.009 MW-F=0.015]
  Alt-Benders[4] (mw): LB=-15.786111, Z₀(α*)=20.994765, intercept=-83.276552 (0.204s) [OMP=0.159 ISP-L=0.004 ISP-F=0.011 MW-L=0.007 MW-F=0.011]
  Alt-Benders[5] (mw): LB=-15.267896, Z₀(α*)=27.400534, intercept=-52.048466 (0.187s) [OMP=0.150 ISP-L=0.004 ISP-F=0.010 MW-L=0.009 MW-F=0.016]
  OMP re-solve: 0.173s

=== True-DRO Benders iter 8 ===
  OMP: t₀=-14.333216, UB=36.017447, gap=1.40e+00, x=[0, 0, 0, 0, 0, 0, 0, 0, 0, 0, 0, 0, 0, 0, 0, 0, 0, 0, 0, 0, 0, 0, 0, 0, 0, 0, 0, 0, 0, 0, 1, 0, 0, 0, 0, 0, 1, 0, 0, 0, 0, 0, 0, 0, 0, 0, 0] (0.000s)
  Sub: Z₀=36.220165 [LOCAL] (0.2s), α=[0.000,0.000,0.000,0.000,0.000,0.000,0.000,0.000,0.000,0.000,0.000,0.000,0.000,0.000,0.000,0.000,0.000,0.000,0.000,0.000,0.000,0.000,0.000,0.000,2.530,0.000,0.000,0.000,2.744,0.000,0.000,0.000,0.000,0.000,0.000,0.000,4.975,0.000,0.000,0.000,0.000,0.000,0.000,0.000,0.000,0.000,0.000]
  Iter 8: LB=-14.333216  UB=36.017447  gap=1.40e+00
  Cut: intercept=-1132.079452, π_x_range=[-830.7045, 584.9903]
  Mini-Benders[1] (mw): LB=-14.163919, Z₀(α*)=8.299745, intercept=-122.937085 (0.219s) [OMP=0.180 ISP-L=0.004 ISP-F=0.012 MW-L=0.008 MW-F=0.015]
  Mini-Benders[2] (mw): LB=-13.420036, Z₀(α*)=17.098820, intercept=-53.904117 (0.218s) [OMP=0.178 ISP-L=0.005 ISP-F=0.011 MW-L=0.008 MW-F=0.012]
  Mini-Benders[3] (mw): LB=-13.333525, Z₀(α*)=14.192710, intercept=-98.277191 (0.203s) [OMP=0.176 ISP-L=0.004 ISP-F=0.012 MW-L=0.013 MW-F=0.011]
  Mini-Benders[4] (mw): LB=-12.732410, Z₀(α*)=33.748062, intercept=-62.611478 (0.235s) [OMP=0.177 ISP-L=0.004 ISP-F=0.012 MW-L=0.008 MW-F=0.023]
  Mini-Benders[5] (mw): LB=-11.062166, Z₀(α*)=39.316028, intercept=20.544066 (0.219s) [OMP=0.162 ISP-L=0.005 ISP-F=0.012 MW-L=0.012 MW-F=0.024]
  α-step: Z₀=35.158537, α=[0.000,0.000,0.000,0.000,0.000,0.000,0.000,0.000,0.000,0.000,0.000,0.000,0.000,0.000,0.000,0.000,0.000,0.000,0.000,0.000,0.000,0.000,0.000,0.000,0.000,0.000,0.000,0.000,2.744,1.768,3.842,0.000,0.000,0.000,0.000,0.000,1.895,0.000,0.000,0.000,0.000,0.000,0.000,0.000,0.000,0.000,0.000]
  Alt-Benders[1] (mw): LB=-9.501462, Z₀(α*)=13.384706, intercept=-126.282152 (0.218s) [OMP=0.182 ISP-L=0.004 ISP-F=0.011 MW-L=0.013 MW-F=0.012]
  Alt-Benders[2] (mw): LB=-8.321177, Z₀(α*)=28.569289, intercept=-22.131383 (0.172s) [OMP=0.137 ISP-L=0.004 ISP-F=0.012 MW-L=0.008 MW-F=0.010]
  Alt-Benders[3] (mw): LB=-8.183796, Z₀(α*)=15.761306, intercept=-5.429172 (0.188s) [OMP=0.146 ISP-L=0.004 ISP-F=0.012 MW-L=0.013 MW-F=0.009]
  Alt-Benders[4] (mw): LB=-7.972747, Z₀(α*)=13.308374, intercept=-30.704564 (0.203s) [OMP=0.155 ISP-L=0.004 ISP-F=0.010 MW-L=0.009 MW-F=0.016]
  Alt-Benders[5] (mw): LB=-7.838324, Z₀(α*)=-20.222853, intercept=-25.813748 (0.187s) [OMP=0.153 ISP-L=0.004 ISP-F=0.011 MW-L=0.009 MW-F=0.010]
  OMP re-solve: 0.236s

=== True-DRO Benders iter 9 ===
  OMP: t₀=-7.838324, UB=36.017447, gap=1.22e+00, x=[0, 0, 0, 0, 0, 0, 0, 0, 0, 0, 0, 0, 0, 0, 0, 0, 0, 0, 0, 0, 0, 0, 0, 0, 0, 1, 0, 0, 0, 0, 0, 1, 0, 0, 0, 0, 0, 0, 0, 0, 0, 0, 0, 0, 0, 0, 0] (0.000s)
  Sub: Z₀=37.645272 [LOCAL] (0.2s), α=[0.000,0.000,0.000,0.000,0.000,0.000,0.000,0.000,0.000,0.000,0.000,0.000,0.000,0.000,0.000,0.000,0.000,0.000,0.000,0.000,0.000,0.000,0.000,0.000,5.677,0.000,0.000,0.000,0.907,0.000,0.000,3.665,0.000,0.000,0.000,0.000,0.000,0.000,0.000,0.000,0.000,0.000,0.000,0.000,0.000,0.000,0.000]
  Iter 9: LB=-7.838324  UB=36.017447  gap=1.22e+00
  Cut: intercept=-1123.924168, π_x_range=[-830.9858, 594.9438]
  Mini-Benders[1] (mw): LB=-7.132859, Z₀(α*)=4.034427, intercept=-97.376571 (0.188s) [OMP=0.146 ISP-L=0.004 ISP-F=0.013 MW-L=0.008 MW-F=0.012]
  Mini-Benders[2] (mw): LB=-5.987788, Z₀(α*)=33.607551, intercept=-41.359477 (0.172s) [OMP=0.134 ISP-L=0.004 ISP-F=0.012 MW-L=0.008 MW-F=0.016]
  Mini-Benders[3] (mw): LB=-5.901799, Z₀(α*)=13.238506, intercept=-130.770327 (0.187s) [OMP=0.148 ISP-L=0.004 ISP-F=0.012 MW-L=0.008 MW-F=0.011]
  Mini-Benders[4] (mw): LB=-5.841538, Z₀(α*)=10.900636, intercept=-59.376338 (0.188s) [OMP=0.155 ISP-L=0.004 ISP-F=0.013 MW-L=0.008 MW-F=0.015]
  Mini-Benders[5] (mw): LB=-5.676417, Z₀(α*)=8.415898, intercept=-151.896127 (0.187s) [OMP=0.145 ISP-L=0.004 ISP-F=0.012 MW-L=0.008 MW-F=0.012]
  α-step: Z₀=30.933617, α=[0.000,0.000,0.000,0.000,0.000,0.000,0.000,0.000,0.000,0.000,0.000,0.000,0.000,0.000,0.000,0.000,0.000,0.000,0.000,0.000,0.000,0.000,0.000,0.000,0.000,0.000,0.000,0.000,5.071,0.000,0.000,0.000,0.000,0.000,0.000,0.000,5.178,0.000,0.000,0.000,0.000,0.000,0.000,0.000,0.000,0.000,0.000]
  Alt-Benders[1] (mw): LB=-5.113468, Z₀(α*)=20.922303, intercept=-110.132454 (0.187s) [OMP=0.155 ISP-L=0.004 ISP-F=0.010 MW-L=0.008 MW-F=0.009]
  Alt-Benders[2] (mw): LB=-4.814358, Z₀(α*)=18.830356, intercept=-19.098231 (0.234s) [OMP=0.190 ISP-L=0.005 ISP-F=0.013 MW-L=0.013 MW-F=0.010]
  Alt-Benders[3] (mw): LB=-4.812348, Z₀(α*)=12.289095, intercept=-76.870545 (0.188s) [OMP=0.145 ISP-L=0.004 ISP-F=0.010 MW-L=0.008 MW-F=0.010]
  Alt-Benders[4] (mw): LB=-4.676160, Z₀(α*)=24.217514, intercept=-55.561854 (0.203s) [OMP=0.175 ISP-L=0.004 ISP-F=0.010 MW-L=0.012 MW-F=0.012]
  Alt-Benders[5] (mw): LB=-4.187301, Z₀(α*)=29.472475, intercept=-42.395946 (0.203s) [OMP=0.160 ISP-L=0.004 ISP-F=0.012 MW-L=0.008 MW-F=0.015]
  OMP re-solve: 0.149s

=== True-DRO Benders iter 10 ===
  OMP: t₀=-3.574901, UB=36.017447, gap=1.10e+00, x=[0, 0, 0, 0, 0, 0, 0, 0, 0, 0, 0, 0, 0, 0, 0, 0, 0, 0, 0, 0, 0, 0, 0, 0, 0, 0, 1, 1, 0, 0, 0, 0, 0, 0, 0, 0, 0, 0, 0, 0, 0, 0, 0, 0, 0, 0, 0] (0.000s)
  Sub: Z₀=29.476740 [TIME_LIMIT] (15.0s), α=[0.000,0.000,0.000,0.000,0.000,0.000,0.000,0.000,0.000,0.000,0.000,0.000,0.000,0.000,0.000,0.000,0.000,0.000,0.000,0.000,0.000,0.000,0.000,0.000,0.818,1.408,0.000,1.106,6.917,0.000,0.000,0.000,0.000,0.000,0.000,0.000,0.000,0.000,0.000,0.000,0.000,0.000,0.000,0.000,0.000,0.000,0.000]
  Iter 10: LB=-3.574901  UB=29.726621  gap=1.12e+00
  Cut: intercept=-206.905048, π_x_range=[-255.0000, 135.4520]
  Mini-Benders[1] (mw): LB=-1.983724, Z₀(α*)=34.763958, intercept=-102.296611 (0.282s) [OMP=0.236 ISP-L=0.005 ISP-F=0.012 MW-L=0.009 MW-F=0.016]
  Mini-Benders[2] (mw): LB=-1.880219, Z₀(α*)=11.430141, intercept=-204.435309 (0.281s) [OMP=0.252 ISP-L=0.004 ISP-F=0.011 MW-L=0.009 MW-F=0.010]
  Mini-Benders[3] (mw): LB=-1.672468, Z₀(α*)=16.713905, intercept=-112.121186 (0.234s) [OMP=0.182 ISP-L=0.004 ISP-F=0.010 MW-L=0.009 MW-F=0.016]
  Mini-Benders[4] (mw): LB=-1.601628, Z₀(α*)=13.795212, intercept=-20.340943 (0.219s) [OMP=0.189 ISP-L=0.005 ISP-F=0.011 MW-L=0.008 MW-F=0.014]
  Mini-Benders[5] (mw): LB=-1.367357, Z₀(α*)=31.486776, intercept=-88.549270 (0.219s) [OMP=0.175 ISP-L=0.004 ISP-F=0.011 MW-L=0.008 MW-F=0.017]
  α-step: Z₀=36.911269, α=[0.000,0.000,0.000,0.000,0.000,0.000,0.000,0.000,0.000,0.000,0.000,0.000,0.000,0.000,0.000,0.000,0.000,0.000,0.000,0.000,0.000,0.000,0.000,0.000,1.120,0.000,0.000,0.000,0.825,0.000,0.000,0.000,0.000,0.000,0.000,0.000,8.305,0.000,0.000,0.000,0.000,0.000,0.000,0.000,0.000,0.000,0.000]
  Alt-Benders[1] (mw): LB=-1.072850, Z₀(α*)=37.977838, intercept=1.274916 (0.203s) [OMP=0.166 ISP-L=0.004 ISP-F=0.012 MW-L=0.012 MW-F=0.010]
  Alt-Benders[2] (mw): LB=-0.777696, Z₀(α*)=-28.805093, intercept=-120.037128 (0.219s) [OMP=0.166 ISP-L=0.004 ISP-F=0.011 MW-L=0.009 MW-F=0.014]
  Alt-Benders[3] (mw): LB=-0.777696, Z₀(α*)=-28.805093, intercept=-120.037128 (0.187s) [OMP=0.157 ISP-L=0.004 ISP-F=0.011 MW-L=0.013 MW-F=0.014]
  Alt-Benders[4] (mw): LB=-0.777696, Z₀(α*)=-28.805093, intercept=-120.037128 (0.204s) [OMP=0.159 ISP-L=0.004 ISP-F=0.011 MW-L=0.009 MW-F=0.014]
  Alt-Benders[5]: LB stagnated, break
  OMP re-solve: 0.000s

=== True-DRO Benders iter 11 ===
  OMP: t₀=-0.777696, UB=29.726621, gap=1.03e+00, x=[0, 0, 0, 0, 0, 0, 0, 0, 0, 0, 0, 0, 0, 0, 0, 0, 0, 0, 0, 0, 0, 0, 0, 0, 0, 0, 0, 1, 0, 0, 0, 1, 0, 0, 0, 0, 0, 0, 0, 0, 0, 0, 0, 0, 0, 0, 0] (0.000s)
  Sub: Z₀=30.384948 [LOCAL] (0.2s), α=[0.000,0.000,0.000,0.000,0.000,0.000,0.000,0.000,0.000,0.000,0.000,0.000,0.000,0.000,0.000,0.000,0.000,0.000,0.000,0.000,0.000,0.000,0.000,0.000,5.265,0.000,0.000,0.920,4.064,0.000,0.000,0.000,0.000,0.000,0.000,0.000,0.000,0.000,0.000,0.000,0.000,0.000,0.000,0.000,0.000,0.000,0.000]
  Iter 11: LB=-0.777696  UB=29.726621  gap=1.03e+00
  Cut: intercept=-1128.443194, π_x_range=[-827.9564, 591.7354]
  Mini-Benders[1] (mw): LB=0.135830, Z₀(α*)=16.583716, intercept=-117.377486 (0.219s) [OMP=0.177 ISP-L=0.004 ISP-F=0.012 MW-L=0.008 MW-F=0.014]
  Mini-Benders[2] (mw): LB=0.190417, Z₀(α*)=23.293593, intercept=-11.327195 (0.203s) [OMP=0.163 ISP-L=0.004 ISP-F=0.013 MW-L=0.009 MW-F=0.011]
  Mini-Benders[3] (mw): LB=0.364130, Z₀(α*)=35.222000, intercept=-18.119181 (0.203s) [OMP=0.161 ISP-L=0.004 ISP-F=0.012 MW-L=0.008 MW-F=0.014]
  Mini-Benders[4] (mw): LB=0.687649, Z₀(α*)=28.237459, intercept=-92.662609 (0.219s) [OMP=0.180 ISP-L=0.005 ISP-F=0.011 MW-L=0.009 MW-F=0.011]
  Mini-Benders[5] (mw): LB=1.294787, Z₀(α*)=31.424402, intercept=-113.715608 (0.218s) [OMP=0.178 ISP-L=0.004 ISP-F=0.013 MW-L=0.008 MW-F=0.016]
  α-step: Z₀=37.074207, α=[0.000,0.000,0.000,0.000,0.000,0.000,0.000,0.000,0.000,0.000,0.000,0.000,0.000,0.000,0.000,0.000,0.000,0.000,0.000,0.000,0.000,0.000,0.000,0.000,6.378,0.000,0.000,0.000,2.757,0.000,0.000,0.000,0.000,0.000,0.000,1.114,0.000,0.000,0.000,0.000,0.000,0.000,0.000,0.000,0.000,0.000,0.000]
  Alt-Benders[1] (mw): LB=2.086871, Z₀(α*)=29.729096, intercept=-193.281689 (0.234s) [OMP=0.194 ISP-L=0.004 ISP-F=0.010 MW-L=0.008 MW-F=0.015]
  Alt-Benders[2] (mw): LB=2.866321, Z₀(α*)=37.464929, intercept=-52.599597 (0.297s) [OMP=0.254 ISP-L=0.004 ISP-F=0.011 MW-L=0.008 MW-F=0.012]
  Alt-Benders[3] (mw): LB=2.941553, Z₀(α*)=18.823351, intercept=-97.774577 (0.281s) [OMP=0.238 ISP-L=0.004 ISP-F=0.011 MW-L=0.013 MW-F=0.010]
  Alt-Benders[4] (mw): LB=3.581283, Z₀(α*)=29.412470, intercept=-95.692944 (0.266s) [OMP=0.235 ISP-L=0.004 ISP-F=0.010 MW-L=0.008 MW-F=0.010]
  Alt-Benders[5] (mw): LB=3.610942, Z₀(α*)=26.473511, intercept=-124.128608 (0.218s) [OMP=0.174 ISP-L=0.004 ISP-F=0.010 MW-L=0.013 MW-F=0.012]
  OMP re-solve: 0.178s

=== True-DRO Benders iter 12 ===
  OMP: t₀=3.967376, UB=29.726621, gap=8.67e-01, x=[0, 0, 0, 0, 0, 0, 0, 0, 0, 0, 0, 0, 0, 0, 0, 0, 0, 0, 0, 0, 0, 0, 0, 0, 0, 0, 0, 0, 0, 0, 0, 0, 1, 0, 1, 0, 0, 0, 0, 0, 0, 0, 0, 0, 0, 0, 0] (0.000s)
  Sub: Z₀=33.179850 [LOCAL] (0.2s), α=[0.000,0.000,0.000,0.000,0.000,0.000,0.000,0.000,0.000,0.000,0.000,0.000,0.000,0.000,0.000,0.000,0.000,0.000,0.000,0.000,0.000,0.000,0.000,0.000,0.000,0.000,0.000,0.000,6.239,0.000,0.000,0.000,0.000,0.000,2.306,0.743,0.961,0.000,0.000,0.000,0.000,0.000,0.000,0.000,0.000,0.000,0.000]
  Iter 12: LB=3.967376  UB=29.726621  gap=8.67e-01
  Cut: intercept=-1145.925963, π_x_range=[-824.7682, 592.5300]
  Mini-Benders[1] (mw): LB=4.218671, Z₀(α*)=32.781896, intercept=-83.721686 (0.265s) [OMP=0.227 ISP-L=0.004 ISP-F=0.013 MW-L=0.013 MW-F=0.012]
  Mini-Benders[2] (mw): LB=6.014916, Z₀(α*)=19.171925, intercept=-163.328193 (0.266s) [OMP=0.221 ISP-L=0.004 ISP-F=0.011 MW-L=0.009 MW-F=0.012]
  Mini-Benders[3] (mw): LB=7.125908, Z₀(α*)=18.134517, intercept=-31.005055 (0.281s) [OMP=0.240 ISP-L=0.004 ISP-F=0.012 MW-L=0.012 MW-F=0.011]
  Mini-Benders[4] (mw): LB=7.343500, Z₀(α*)=29.417383, intercept=-183.861443 (0.297s) [OMP=0.250 ISP-L=0.005 ISP-F=0.012 MW-L=0.009 MW-F=0.014]
  Mini-Benders[5] (mw): LB=7.414802, Z₀(α*)=37.702123, intercept=13.876240 (0.250s) [OMP=0.219 ISP-L=0.005 ISP-F=0.012 MW-L=0.008 MW-F=0.011]
  α-step: Z₀=33.162964, α=[0.000,0.000,0.000,0.000,0.000,0.000,0.000,0.000,0.000,0.000,0.000,0.000,0.000,0.000,0.000,0.000,0.000,0.000,0.000,0.000,0.000,0.000,0.000,0.000,0.000,0.000,0.000,0.000,6.968,0.000,0.000,0.000,3.230,0.000,0.000,0.000,0.051,0.000,0.000,0.000,0.000,0.000,0.000,0.000,0.000,0.000,0.000]
  Alt-Benders[1] (mw): LB=7.831616, Z₀(α*)=16.187923, intercept=-54.276921 (0.219s) [OMP=0.184 ISP-L=0.004 ISP-F=0.012 MW-L=0.008 MW-F=0.010]
  Alt-Benders[2] (mw): LB=7.911043, Z₀(α*)=-3.922067, intercept=-49.051714 (0.234s) [OMP=0.195 ISP-L=0.004 ISP-F=0.009 MW-L=0.009 MW-F=0.015]
  Alt-Benders[3] (mw): LB=7.911043, Z₀(α*)=-3.922067, intercept=-49.051714 (0.203s) [OMP=0.173 ISP-L=0.004 ISP-F=0.010 MW-L=0.009 MW-F=0.011]
  Alt-Benders[4] (mw): LB=7.911043, Z₀(α*)=-3.922067, intercept=-49.051714 (0.219s) [OMP=0.175 ISP-L=0.004 ISP-F=0.009 MW-L=0.009 MW-F=0.015]
  Alt-Benders[5]: LB stagnated, break
  OMP re-solve: 0.000s

=== True-DRO Benders iter 13 ===
  OMP: t₀=7.911043, UB=29.726621, gap=7.34e-01, x=[0, 0, 0, 0, 0, 0, 0, 0, 0, 0, 0, 0, 0, 0, 0, 0, 0, 0, 0, 0, 0, 0, 1, 0, 0, 0, 0, 0, 0, 0, 0, 0, 0, 0, 0, 0, 1, 0, 0, 0, 0, 0, 0, 0, 0, 0, 0] (0.000s)
  Sub: Z₀=36.756777 [LOCAL] (0.2s), α=[0.000,0.000,0.000,0.000,0.000,0.000,0.000,0.000,0.000,0.000,0.000,0.000,0.000,0.000,0.000,0.000,0.000,0.000,0.000,0.000,0.000,0.000,0.000,0.000,1.532,0.000,0.000,0.000,0.000,0.000,0.000,0.000,0.000,0.000,0.000,0.003,8.714,0.000,0.000,0.000,0.000,0.000,0.000,0.000,0.000,0.000,0.000]
  Iter 13: LB=7.911043  UB=29.726621  gap=7.34e-01
  Cut: intercept=-1131.003619, π_x_range=[-831.0241, 589.5763]
  Mini-Benders[1] (mw): LB=8.299743, Z₀(α*)=-8.809160, intercept=-125.139726 (0.218s) [OMP=0.178 ISP-L=0.004 ISP-F=0.010 MW-L=0.012 MW-F=0.009]
  Mini-Benders[2] (mw): LB=8.299743, Z₀(α*)=-8.809160, intercept=-125.139726 (0.188s) [OMP=0.159 ISP-L=0.004 ISP-F=0.010 MW-L=0.008 MW-F=0.010]
  Mini-Benders[3] (mw): LB=8.299743, Z₀(α*)=-8.809160, intercept=-125.139726 (0.203s) [OMP=0.159 ISP-L=0.004 ISP-F=0.010 MW-L=0.012 MW-F=0.010]
  Mini-Benders[4]: LB stagnated, break
  α-step: Z₀=31.502393, α=[0.000,0.000,0.000,0.000,0.000,0.000,0.000,0.000,0.000,0.000,0.000,0.000,0.000,0.000,0.000,0.000,0.000,0.000,0.000,0.000,0.000,0.000,0.000,0.000,0.000,0.000,0.000,0.242,9.957,0.000,0.000,0.000,0.000,0.000,0.000,0.000,0.051,0.000,0.000,0.000,0.000,0.000,0.000,0.000,0.000,0.000,0.000]
  Alt-Benders[1] (mw): LB=8.415896, Z₀(α*)=12.583405, intercept=-152.154705 (0.218s) [OMP=0.181 ISP-L=0.004 ISP-F=0.012 MW-L=0.012 MW-F=0.012]
  Alt-Benders[2] (mw): LB=8.591132, Z₀(α*)=28.457223, intercept=-162.581554 (0.203s) [OMP=0.169 ISP-L=0.004 ISP-F=0.010 MW-L=0.008 MW-F=0.011]
  Alt-Benders[3] (mw): LB=9.093699, Z₀(α*)=33.278983, intercept=-122.720506 (0.219s) [OMP=0.185 ISP-L=0.004 ISP-F=0.011 MW-L=0.012 MW-F=0.012]
  Alt-Benders[4] (mw): LB=9.317969, Z₀(α*)=-4.020120, intercept=-31.087969 (0.250s) [OMP=0.195 ISP-L=0.004 ISP-F=0.012 MW-L=0.009 MW-F=0.015]
  Alt-Benders[5] (mw): LB=9.317969, Z₀(α*)=-4.020120, intercept=-31.087969 (0.203s) [OMP=0.165 ISP-L=0.004 ISP-F=0.012 MW-L=0.009 MW-F=0.012]
  OMP re-solve: 0.162s

=== True-DRO Benders iter 14 ===
  OMP: t₀=9.317969, UB=29.726621, gap=6.87e-01, x=[0, 0, 0, 0, 0, 0, 0, 0, 0, 0, 0, 0, 0, 1, 0, 0, 0, 0, 0, 0, 0, 0, 0, 0, 0, 0, 0, 0, 0, 0, 0, 0, 0, 1, 0, 0, 0, 0, 0, 0, 0, 0, 0, 0, 0, 0, 0] (0.000s)
  Sub: Z₀=41.674252 [LOCAL] (0.3s), α=[0.000,0.000,0.000,0.000,0.000,0.000,0.000,0.000,0.000,0.000,0.000,0.000,0.000,0.000,0.000,0.000,0.000,0.000,0.000,0.000,0.000,0.000,0.000,0.000,5.947,0.000,0.000,0.594,0.000,0.000,0.000,0.000,0.000,0.000,0.000,1.005,2.703,0.000,0.000,0.000,0.000,0.000,0.000,0.000,0.000,0.000,0.000]
  Iter 14: LB=9.317969  UB=29.726621  gap=6.87e-01
  Cut: intercept=-1134.023277, π_x_range=[-831.7051, 594.2747]
  Mini-Benders[1] (mw): LB=9.351391, Z₀(α*)=35.804242, intercept=-3.607869 (0.234s) [OMP=0.183 ISP-L=0.004 ISP-F=0.014 MW-L=0.009 MW-F=0.011]
  Mini-Benders[2] (mw): LB=9.860431, Z₀(α*)=33.141472, intercept=-41.047277 (0.219s) [OMP=0.176 ISP-L=0.005 ISP-F=0.012 MW-L=0.008 MW-F=0.015]
  Mini-Benders[3] (mw): LB=9.930081, Z₀(α*)=13.735652, intercept=-71.766501 (0.218s) [OMP=0.178 ISP-L=0.004 ISP-F=0.015 MW-L=0.009 MW-F=0.012]
  Mini-Benders[4] (mw): LB=10.201622, Z₀(α*)=24.160673, intercept=-8.430037 (0.204s) [OMP=0.169 ISP-L=0.004 ISP-F=0.013 MW-L=0.008 MW-F=0.014]
  Mini-Benders[5] (mw): LB=10.375841, Z₀(α*)=27.213642, intercept=-62.666434 (0.218s) [OMP=0.171 ISP-L=0.004 ISP-F=0.013 MW-L=0.010 MW-F=0.011]
  α-step: Z₀=34.727549, α=[0.000,0.000,0.000,0.000,0.000,0.000,0.000,0.000,0.000,0.000,0.000,0.000,0.000,0.000,0.000,0.000,0.000,0.000,0.000,0.000,0.000,0.000,0.000,0.000,2.571,0.000,0.000,0.000,7.627,0.000,0.000,0.000,0.000,0.000,0.000,0.000,0.051,0.000,0.000,0.000,0.000,0.000,0.000,0.000,0.000,0.000,0.000]
  Alt-Benders[1] (mw): LB=10.793029, Z₀(α*)=30.340246, intercept=-148.612313 (0.235s) [OMP=0.186 ISP-L=0.005 ISP-F=0.010 MW-L=0.009 MW-F=0.011]
  Alt-Benders[2] (mw): LB=10.965108, Z₀(α*)=34.213713, intercept=-139.422179 (0.219s) [OMP=0.178 ISP-L=0.004 ISP-F=0.010 MW-L=0.013 MW-F=0.011]
  Alt-Benders[3] (mw): LB=11.226846, Z₀(α*)=20.149681, intercept=-21.520001 (0.203s) [OMP=0.170 ISP-L=0.004 ISP-F=0.013 MW-L=0.008 MW-F=0.013]
  Alt-Benders[4] (mw): LB=11.430139, Z₀(α*)=29.626290, intercept=-196.617455 (0.218s) [OMP=0.182 ISP-L=0.004 ISP-F=0.012 MW-L=0.013 MW-F=0.011]
  Alt-Benders[5] (mw): LB=11.575978, Z₀(α*)=32.196573, intercept=-121.671512 (0.250s) [OMP=0.188 ISP-L=0.005 ISP-F=0.010 MW-L=0.008 MW-F=0.026]
  OMP re-solve: 0.188s

=== True-DRO Benders iter 15 ===
  OMP: t₀=11.593125, UB=29.726621, gap=6.10e-01, x=[0, 0, 0, 0, 0, 0, 0, 0, 0, 0, 0, 0, 0, 0, 0, 0, 0, 0, 0, 0, 0, 0, 0, 0, 0, 0, 0, 0, 0, 0, 0, 1, 0, 1, 0, 0, 0, 0, 0, 0, 0, 0, 0, 0, 0, 0, 0] (0.000s)
  Sub: Z₀=39.359508 (6.0s), α=[0.000,0.000,0.000,0.000,0.000,0.000,0.000,0.000,0.000,0.000,0.000,0.000,0.000,0.000,0.000,0.000,0.000,0.000,0.000,0.000,0.000,0.000,0.000,0.000,6.556,0.000,0.000,0.000,0.325,0.000,0.000,3.368,0.000,0.000,0.000,0.000,0.000,0.000,0.000,0.000,0.000,0.000,0.000,0.000,0.000,0.000,0.000]
  Iter 15: LB=11.593125  UB=29.726621  gap=6.10e-01
  Cut: intercept=-39.189376, π_x_range=[-204.1128, 44.8302]
  Sherali-Cut: intercept=3.241634, π_x_range=[-139.4740, 26.5272]
  Mini-Benders[1] (mw): LB=11.830058, Z₀(α*)=15.222289, intercept=-111.371600 (0.219s) [OMP=0.177 ISP-L=0.004 ISP-F=0.011 MW-L=0.009 MW-F=0.011]
  Mini-Benders[2] (mw): LB=12.003309, Z₀(α*)=27.596094, intercept=-31.377070 (0.203s) [OMP=0.167 ISP-L=0.004 ISP-F=0.010 MW-L=0.013 MW-F=0.012]
  Mini-Benders[3] (mw): LB=12.289093, Z₀(α*)=5.537034, intercept=-84.273379 (0.203s) [OMP=0.173 ISP-L=0.004 ISP-F=0.011 MW-L=0.008 MW-F=0.011]
  Mini-Benders[4] (mw): LB=12.289093, Z₀(α*)=5.537034, intercept=-84.273379 (0.204s) [OMP=0.154 ISP-L=0.004 ISP-F=0.011 MW-L=0.013 MW-F=0.010]
  Mini-Benders[5] (mw): LB=12.289093, Z₀(α*)=5.537034, intercept=-84.273379 (0.187s) [OMP=0.151 ISP-L=0.004 ISP-F=0.011 MW-L=0.008 MW-F=0.011]
  α-step: Z₀=36.205709, α=[0.000,0.000,0.000,0.000,0.000,0.000,0.000,0.000,0.000,0.000,0.000,0.000,0.000,0.000,0.000,0.000,0.000,0.000,0.000,0.000,0.000,0.000,7.128,0.000,2.929,0.000,0.000,0.000,0.192,0.000,0.000,0.000,0.000,0.000,0.000,0.000,0.000,0.000,0.000,0.000,0.000,0.000,0.000,0.000,0.000,0.000,0.000]
  Alt-Benders[1] (mw): LB=12.317950, Z₀(α*)=10.677686, intercept=-70.566037 (0.219s) [OMP=0.182 ISP-L=0.004 ISP-F=0.010 MW-L=0.008 MW-F=0.015]
  Alt-Benders[2] (mw): LB=12.317950, Z₀(α*)=10.677686, intercept=-70.566037 (0.203s) [OMP=0.173 ISP-L=0.004 ISP-F=0.010 MW-L=0.008 MW-F=0.012]
  Alt-Benders[3] (mw): LB=12.317950, Z₀(α*)=10.677686, intercept=-70.566037 (0.219s) [OMP=0.174 ISP-L=0.004 ISP-F=0.010 MW-L=0.008 MW-F=0.015]
  Alt-Benders[4]: LB stagnated, break
  OMP re-solve: 0.000s

=== True-DRO Benders iter 16 ===
  OMP: t₀=12.317950, UB=29.726621, gap=5.86e-01, x=[0, 0, 0, 0, 0, 0, 0, 0, 0, 0, 0, 0, 0, 0, 0, 1, 0, 0, 0, 0, 0, 0, 0, 0, 1, 0, 0, 0, 0, 0, 0, 0, 0, 0, 0, 0, 0, 0, 0, 0, 0, 0, 0, 0, 0, 0, 0] (0.000s)
  Sub: Z₀=39.847039 [LOCAL] (0.2s), α=[0.000,0.000,0.000,0.000,0.000,0.000,0.000,0.000,0.000,0.000,0.000,0.000,0.000,0.000,0.000,0.000,0.000,0.000,0.000,0.000,0.000,0.000,0.000,0.000,7.435,0.000,0.000,0.000,2.744,0.000,0.000,0.000,0.000,0.000,0.000,0.070,0.000,0.000,0.000,0.000,0.000,0.000,0.000,0.000,0.000,0.000,0.000]
  Iter 16: LB=12.317950  UB=29.726621  gap=5.86e-01
  Cut: intercept=-1079.064560, π_x_range=[-830.4367, 580.9217]
  Mini-Benders[1] (mw): LB=12.414915, Z₀(α*)=24.721913, intercept=-167.764306 (0.235s) [OMP=0.182 ISP-L=0.004 ISP-F=0.013 MW-L=0.009 MW-F=0.014]
  Mini-Benders[2] (mw): LB=12.493979, Z₀(α*)=12.305530, intercept=-57.406612 (0.219s) [OMP=0.188 ISP-L=0.004 ISP-F=0.012 MW-L=0.008 MW-F=0.015]
  Mini-Benders[3] (mw): LB=12.493979, Z₀(α*)=12.305530, intercept=-57.406612 (0.234s) [OMP=0.183 ISP-L=0.004 ISP-F=0.011 MW-L=0.008 MW-F=0.018]
  Mini-Benders[4] (mw): LB=12.493979, Z₀(α*)=12.305530, intercept=-57.406612 (0.219s) [OMP=0.185 ISP-L=0.004 ISP-F=0.011 MW-L=0.008 MW-F=0.014]
  Mini-Benders[5]: LB stagnated, break
  α-step: Z₀=36.419935, α=[0.000,0.000,0.000,0.000,0.000,0.000,0.000,0.000,0.000,0.000,0.000,0.000,0.000,0.000,0.000,0.000,0.000,0.000,0.000,0.000,0.000,0.000,0.000,0.000,1.121,0.000,0.000,0.000,3.928,0.000,0.000,0.000,0.000,0.000,0.000,0.000,5.200,0.000,0.000,0.000,0.000,0.000,0.000,0.000,0.000,0.000,0.000]
  Alt-Benders[1] (mw): LB=12.583403, Z₀(α*)=29.004407, intercept=-127.445829 (0.219s) [OMP=0.183 ISP-L=0.004 ISP-F=0.012 MW-L=0.008 MW-F=0.012]
  Alt-Benders[2] (mw): LB=12.829877, Z₀(α*)=35.708100, intercept=39.838691 (0.235s) [OMP=0.194 ISP-L=0.004 ISP-F=0.011 MW-L=0.012 MW-F=0.011]
  Alt-Benders[3] (mw): LB=13.238504, Z₀(α*)=12.929401, intercept=-168.698690 (0.218s) [OMP=0.188 ISP-L=0.004 ISP-F=0.010 MW-L=0.008 MW-F=0.011]
  Alt-Benders[4] (mw): LB=13.238504, Z₀(α*)=12.929401, intercept=-168.698690 (0.219s) [OMP=0.174 ISP-L=0.005 ISP-F=0.010 MW-L=0.012 MW-F=0.011]
  Alt-Benders[5] (mw): LB=13.238504, Z₀(α*)=12.929401, intercept=-168.698690 (0.219s) [OMP=0.179 ISP-L=0.004 ISP-F=0.010 MW-L=0.008 MW-F=0.011]
  OMP re-solve: 0.179s

=== True-DRO Benders iter 17 ===
  OMP: t₀=13.238504, UB=29.726621, gap=5.55e-01, x=[0, 0, 0, 0, 0, 0, 0, 0, 0, 0, 1, 0, 0, 0, 0, 0, 0, 0, 0, 0, 0, 0, 0, 0, 0, 1, 0, 0, 0, 0, 0, 0, 0, 0, 0, 0, 0, 0, 0, 0, 0, 0, 0, 0, 0, 0, 0] (0.000s)
  Sub: Z₀=36.519036 [LOCAL] (0.2s), α=[0.000,0.000,0.000,0.000,0.000,0.000,0.000,0.000,0.000,0.000,0.000,0.000,0.000,0.000,0.000,0.000,0.000,0.000,0.000,0.000,0.000,0.000,4.451,0.000,0.000,0.000,0.000,0.000,5.798,0.000,0.000,0.000,0.000,0.000,0.000,0.000,0.000,0.000,0.000,0.000,0.000,0.000,0.000,0.000,0.000,0.000,0.000]
  Iter 17: LB=13.238504  UB=29.726621  gap=5.55e-01
  Cut: intercept=-1111.322246, π_x_range=[-827.8106, 595.9526]
  Mini-Benders[1] (mw): LB=13.250011, Z₀(α*)=19.086144, intercept=-27.309598 (0.203s) [OMP=0.180 ISP-L=0.004 ISP-F=0.011 MW-L=0.008 MW-F=0.013]
  Mini-Benders[2] (mw): LB=13.308372, Z₀(α*)=30.881627, intercept=-28.584353 (0.219s) [OMP=0.177 ISP-L=0.004 ISP-F=0.011 MW-L=0.009 MW-F=0.010]
  Mini-Benders[3] (mw): LB=13.372541, Z₀(α*)=35.044276, intercept=-14.214756 (0.234s) [OMP=0.199 ISP-L=0.004 ISP-F=0.011 MW-L=0.007 MW-F=0.014]
  Mini-Benders[4] (mw): LB=13.384704, Z₀(α*)=35.134614, intercept=-122.335380 (0.250s) [OMP=0.206 ISP-L=0.004 ISP-F=0.010 MW-L=0.008 MW-F=0.009]
  Mini-Benders[5] (mw): LB=13.714920, Z₀(α*)=24.055776, intercept=11.006444 (0.234s) [OMP=0.194 ISP-L=0.004 ISP-F=0.012 MW-L=0.008 MW-F=0.019]
  α-step: Z₀=34.805079, α=[0.000,0.000,0.000,0.000,0.000,0.000,0.000,0.000,0.000,0.000,0.000,0.000,0.000,0.000,0.000,0.000,0.000,0.000,0.000,0.000,0.000,0.000,0.000,8.172,0.000,0.000,0.000,0.000,0.000,0.000,0.000,0.000,0.000,0.000,2.026,0.000,0.051,0.000,0.000,0.000,0.000,0.000,0.000,0.000,0.000,0.000,0.000]
  Alt-Benders[1] (mw): LB=13.795209, Z₀(α*)=-35.770442, intercept=-7.840390 (0.234s) [OMP=0.191 ISP-L=0.004 ISP-F=0.011 MW-L=0.008 MW-F=0.015]
  Alt-Benders[2] (mw): LB=13.795209, Z₀(α*)=-35.770442, intercept=-7.840390 (0.204s) [OMP=0.169 ISP-L=0.004 ISP-F=0.011 MW-L=0.008 MW-F=0.012]
  Alt-Benders[3] (mw): LB=13.795209, Z₀(α*)=-35.770442, intercept=-7.840390 (0.203s) [OMP=0.165 ISP-L=0.004 ISP-F=0.011 MW-L=0.012 MW-F=0.012]
  Alt-Benders[4]: LB stagnated, break
  OMP re-solve: 0.000s

=== True-DRO Benders iter 18 ===
  OMP: t₀=13.795209, UB=29.726621, gap=5.36e-01, x=[0, 0, 0, 0, 0, 0, 0, 0, 0, 0, 0, 0, 0, 0, 0, 0, 0, 0, 0, 0, 0, 0, 0, 0, 1, 1, 0, 0, 0, 0, 0, 0, 0, 0, 0, 0, 0, 0, 0, 0, 0, 0, 0, 0, 0, 0, 0] (0.000s)
  Sub: Z₀=37.698866 [LOCAL] (0.2s), α=[0.000,0.000,0.000,0.000,0.000,0.000,0.000,0.000,0.000,0.000,0.000,0.000,0.000,0.000,0.000,0.000,0.000,0.000,0.000,0.000,0.000,0.000,0.000,0.000,8.146,1.196,0.000,0.000,0.907,0.000,0.000,0.000,0.000,0.000,0.000,0.000,0.000,0.000,0.000,0.000,0.000,0.000,0.000,0.000,0.000,0.000,0.000]
  Iter 18: LB=13.795209  UB=29.726621  gap=5.36e-01
  Cut: intercept=-1137.184423, π_x_range=[-830.3668, 591.5635]
  Mini-Benders[1] (mw): LB=13.800533, Z₀(α*)=13.787753, intercept=-122.873486 (0.234s) [OMP=0.188 ISP-L=0.004 ISP-F=0.012 MW-L=0.013 MW-F=0.014]
  Mini-Benders[2] (mw): LB=13.800533, Z₀(α*)=13.787753, intercept=-122.873486 (0.188s) [OMP=0.154 ISP-L=0.004 ISP-F=0.012 MW-L=0.009 MW-F=0.014]
  Mini-Benders[3] (mw): LB=13.800533, Z₀(α*)=13.787753, intercept=-122.873486 (0.219s) [OMP=0.160 ISP-L=0.004 ISP-F=0.012 MW-L=0.014 MW-F=0.014]
  Mini-Benders[4]: LB stagnated, break
  α-step: Z₀=32.877755, α=[0.000,0.000,0.000,0.000,0.000,0.000,0.000,0.000,0.000,0.000,0.000,0.000,0.000,0.000,0.000,0.000,0.000,0.000,0.000,0.000,0.000,0.000,4.163,0.000,2.929,0.000,0.000,0.000,0.000,0.000,0.000,0.000,0.000,0.000,0.000,0.000,3.157,0.000,0.000,0.000,0.000,0.000,0.000,0.000,0.000,0.000,0.000]
  Alt-Benders[1] (mw): LB=14.192708, Z₀(α*)=5.469615, intercept=-166.357360 (0.234s) [OMP=0.186 ISP-L=0.005 ISP-F=0.012 MW-L=0.013 MW-F=0.014]
  Alt-Benders[2] (mw): LB=14.192708, Z₀(α*)=5.469615, intercept=-166.357360 (0.204s) [OMP=0.164 ISP-L=0.004 ISP-F=0.012 MW-L=0.009 MW-F=0.018]
  Alt-Benders[3] (mw): LB=14.192708, Z₀(α*)=5.469615, intercept=-166.357360 (0.203s) [OMP=0.161 ISP-L=0.004 ISP-F=0.012 MW-L=0.009 MW-F=0.014]
  Alt-Benders[4]: LB stagnated, break
  OMP re-solve: 0.000s

=== True-DRO Benders iter 19 ===
  OMP: t₀=14.192708, UB=29.726621, gap=5.23e-01, x=[0, 0, 0, 0, 0, 0, 0, 0, 0, 0, 0, 0, 0, 0, 0, 1, 0, 0, 0, 0, 0, 0, 0, 0, 0, 0, 1, 0, 0, 0, 0, 0, 0, 0, 0, 0, 0, 0, 0, 0, 0, 0, 0, 0, 0, 0, 0] (0.000s)
  Sub: Z₀=39.310720 [LOCAL] (0.2s), α=[0.000,0.000,0.000,0.000,0.000,0.000,0.000,0.000,0.000,0.000,0.000,0.000,0.000,0.000,0.000,0.000,0.000,0.000,0.000,0.000,0.000,0.000,0.000,0.000,6.358,0.000,0.000,0.027,3.865,0.000,0.000,0.000,0.000,0.000,0.000,0.000,0.000,0.000,0.000,0.000,0.000,0.000,0.000,0.000,0.000,0.000,0.000]
  Iter 19: LB=14.192708  UB=29.726621  gap=5.23e-01
  Cut: intercept=-1086.424843, π_x_range=[-830.2025, 583.6138]
  Mini-Benders[1] (mw): LB=14.407499, Z₀(α*)=27.786324, intercept=-36.068643 (0.235s) [OMP=0.189 ISP-L=0.004 ISP-F=0.011 MW-L=0.010 MW-F=0.012]
  Mini-Benders[2] (mw): LB=14.672935, Z₀(α*)=27.539786, intercept=-69.619809 (0.218s) [OMP=0.185 ISP-L=0.004 ISP-F=0.012 MW-L=0.009 MW-F=0.015]
  Mini-Benders[3] (mw): LB=14.802058, Z₀(α*)=33.940640, intercept=-68.933865 (0.219s) [OMP=0.186 ISP-L=0.004 ISP-F=0.011 MW-L=0.008 MW-F=0.011]
  Mini-Benders[4] (mw): LB=14.890039, Z₀(α*)=36.343641, intercept=-12.009313 (0.250s) [OMP=0.198 ISP-L=0.004 ISP-F=0.011 MW-L=0.008 MW-F=0.016]
  Mini-Benders[5] (mw): LB=15.257631, Z₀(α*)=27.109605, intercept=-66.650907 (0.219s) [OMP=0.197 ISP-L=0.004 ISP-F=0.011 MW-L=0.008 MW-F=0.009]
  α-step: Z₀=36.312286, α=[0.000,0.000,0.000,0.000,0.000,0.000,0.000,0.000,0.000,0.000,0.000,0.000,0.000,0.000,0.000,0.000,0.000,0.000,0.000,0.000,0.000,0.000,0.000,0.000,8.046,1.296,0.000,0.000,0.907,0.000,0.000,0.000,0.000,0.000,0.000,0.000,0.000,0.000,0.000,0.000,0.000,0.000,0.000,0.000,0.000,0.000,0.000]
  Alt-Benders[1] (mw): LB=15.761304, Z₀(α*)=-13.192840, intercept=-3.279873 (0.250s) [OMP=0.220 ISP-L=0.004 ISP-F=0.010 MW-L=0.008 MW-F=0.010]
  Alt-Benders[2] (mw): LB=15.761304, Z₀(α*)=-13.192840, intercept=-3.279873 (0.219s) [OMP=0.180 ISP-L=0.004 ISP-F=0.010 MW-L=0.012 MW-F=0.010]
  Alt-Benders[3] (mw): LB=15.761304, Z₀(α*)=-13.192840, intercept=-3.279873 (0.219s) [OMP=0.177 ISP-L=0.004 ISP-F=0.010 MW-L=0.009 MW-F=0.010]
  Alt-Benders[4]: LB stagnated, break
  OMP re-solve: 0.000s

=== True-DRO Benders iter 20 ===
  OMP: t₀=15.761304, UB=29.726621, gap=4.70e-01, x=[0, 0, 0, 0, 0, 0, 0, 0, 0, 0, 0, 0, 0, 0, 0, 0, 0, 0, 0, 0, 0, 0, 0, 0, 0, 0, 0, 0, 0, 0, 0, 0, 0, 0, 1, 1, 0, 0, 0, 0, 0, 0, 0, 0, 0, 0, 0] (0.000s)
  Sub: Z₀=37.635336 [TIME_LIMIT] (15.2s), α=[0.000,0.000,0.000,0.000,0.000,0.000,0.000,0.000,0.000,0.000,0.000,0.000,0.000,0.000,0.000,0.000,0.000,0.000,0.000,0.000,0.000,0.000,0.000,0.000,0.000,0.000,0.000,0.000,2.744,0.000,0.000,0.678,0.000,0.000,2.026,4.800,0.000,0.000,0.000,0.000,0.000,0.000,0.000,0.000,0.000,0.000,0.000]
  Iter 20: LB=15.761304  UB=29.726621  gap=4.70e-01
  Cut: intercept=-22.193315, π_x_range=[-249.0000, 41.0448]
  Mini-Benders[1] (mw): LB=15.868221, Z₀(α*)=28.616051, intercept=-88.232079 (0.219s) [OMP=0.181 ISP-L=0.004 ISP-F=0.012 MW-L=0.008 MW-F=0.012]
  Mini-Benders[2] (mw): LB=16.583713, Z₀(α*)=7.278337, intercept=-152.319191 (0.219s) [OMP=0.185 ISP-L=0.004 ISP-F=0.011 MW-L=0.013 MW-F=0.013]
  Mini-Benders[3] (mw): LB=16.583714, Z₀(α*)=7.278337, intercept=-152.319191 (0.219s) [OMP=0.180 ISP-L=0.004 ISP-F=0.011 MW-L=0.009 MW-F=0.017]
  Mini-Benders[4] (mw): LB=16.583714, Z₀(α*)=7.278337, intercept=-152.319191 (0.218s) [OMP=0.178 ISP-L=0.004 ISP-F=0.011 MW-L=0.008 MW-F=0.012]
  Mini-Benders[5]: LB stagnated, break
  α-step: Z₀=35.885502, α=[0.000,0.000,0.000,0.000,0.000,0.000,0.000,0.000,0.000,0.000,0.000,0.000,0.000,0.000,0.000,0.000,0.000,0.000,0.000,0.000,0.000,0.000,0.000,0.000,0.000,0.000,0.000,0.000,2.957,0.000,0.000,0.000,0.000,0.000,0.000,0.000,7.292,0.000,0.000,0.000,0.000,0.000,0.000,0.000,0.000,0.000,0.000]
  Alt-Benders[1] (mw): LB=16.662036, Z₀(α*)=28.541344, intercept=-118.915783 (0.250s) [OMP=0.211 ISP-L=0.004 ISP-F=0.010 MW-L=0.008 MW-F=0.011]
  Alt-Benders[2] (mw): LB=16.722349, Z₀(α*)=37.232660, intercept=2.943110 (0.250s) [OMP=0.212 ISP-L=0.004 ISP-F=0.011 MW-L=0.008 MW-F=0.015]
  Alt-Benders[3] (mw): LB=16.794872, Z₀(α*)=32.466186, intercept=-66.090441 (0.250s) [OMP=0.211 ISP-L=0.004 ISP-F=0.010 MW-L=0.008 MW-F=0.011]
  Alt-Benders[4] (mw): LB=16.893644, Z₀(α*)=-11.770840, intercept=-58.183020 (0.250s) [OMP=0.214 ISP-L=0.004 ISP-F=0.011 MW-L=0.008 MW-F=0.014]
  Alt-Benders[5] (mw): LB=16.893644, Z₀(α*)=-11.770840, intercept=-58.183020 (0.234s) [OMP=0.204 ISP-L=0.004 ISP-F=0.011 MW-L=0.008 MW-F=0.010]
  OMP re-solve: 0.198s

=== True-DRO Benders iter 21 ===
  OMP: t₀=16.893644, UB=29.726621, gap=4.32e-01, x=[0, 0, 0, 0, 0, 0, 0, 0, 0, 0, 0, 0, 0, 0, 0, 0, 0, 0, 0, 0, 0, 0, 1, 0, 0, 0, 0, 0, 0, 0, 0, 1, 0, 0, 0, 0, 0, 0, 0, 0, 0, 0, 0, 0, 0, 0, 0] (0.000s)
  Sub: Z₀=35.461165 [LOCAL] (0.3s), α=[0.000,0.000,0.000,0.000,0.000,0.000,0.000,0.000,0.000,0.000,0.000,0.000,0.000,0.000,0.000,0.000,0.000,0.000,0.000,0.000,0.000,0.000,0.339,0.000,6.378,0.000,0.000,0.000,0.000,0.000,0.000,3.532,0.000,0.000,0.000,0.000,0.000,0.000,0.000,0.000,0.000,0.000,0.000,0.000,0.000,0.000,0.000]
  Iter 21: LB=16.893644  UB=29.726621  gap=4.32e-01
  Cut: intercept=-1108.152683, π_x_range=[-830.9638, 586.0136]
  Mini-Benders[1] (mw): LB=17.090724, Z₀(α*)=17.071736, intercept=1.875852 (0.250s) [OMP=0.216 ISP-L=0.004 ISP-F=0.013 MW-L=0.008 MW-F=0.009]
  Mini-Benders[2] (mw): LB=17.090724, Z₀(α*)=17.071736, intercept=1.875852 (0.250s) [OMP=0.209 ISP-L=0.004 ISP-F=0.013 MW-L=0.012 MW-F=0.009]
  Mini-Benders[3] (mw): LB=17.090724, Z₀(α*)=17.071736, intercept=1.875852 (0.250s) [OMP=0.210 ISP-L=0.004 ISP-F=0.013 MW-L=0.008 MW-F=0.009]
  Mini-Benders[4]: LB stagnated, break
  α-step: Z₀=37.847457, α=[0.000,0.000,0.000,0.000,0.000,0.000,0.000,0.000,0.000,0.000,0.000,0.000,0.000,0.000,0.000,0.000,0.000,0.000,0.000,0.000,0.000,0.000,0.000,0.000,1.527,0.000,0.000,0.000,3.842,0.000,0.000,1.652,0.000,0.000,1.527,0.000,1.703,0.000,0.000,0.000,0.000,0.000,0.000,0.000,0.000,0.000,0.000]
  Alt-Benders[1] (mw): LB=17.098818, Z₀(α*)=-1.532529, intercept=-54.486505 (0.265s) [OMP=0.227 ISP-L=0.004 ISP-F=0.010 MW-L=0.008 MW-F=0.012]
  Alt-Benders[2] (mw): LB=17.098818, Z₀(α*)=-1.532529, intercept=-54.486505 (0.235s) [OMP=0.197 ISP-L=0.005 ISP-F=0.010 MW-L=0.011 MW-F=0.012]
  Alt-Benders[3] (mw): LB=17.098818, Z₀(α*)=-1.532529, intercept=-54.486505 (0.234s) [OMP=0.194 ISP-L=0.004 ISP-F=0.010 MW-L=0.008 MW-F=0.012]
  Alt-Benders[4]: LB stagnated, break
  OMP re-solve: 0.000s

=== True-DRO Benders iter 22 ===
  OMP: t₀=17.098818, UB=29.726621, gap=4.25e-01, x=[0, 0, 0, 0, 0, 0, 0, 0, 0, 0, 0, 0, 0, 0, 0, 0, 0, 0, 0, 0, 0, 0, 0, 0, 1, 0, 0, 0, 0, 0, 1, 0, 0, 0, 0, 0, 0, 0, 0, 0, 0, 0, 0, 0, 0, 0, 0] (0.000s)
  Sub: Z₀=36.728560 [LOCAL] (0.2s), α=[0.000,0.000,0.000,0.000,0.000,0.000,0.000,0.000,0.000,0.000,0.000,0.000,0.000,0.000,0.000,0.000,0.000,0.000,0.000,0.000,0.000,0.000,0.000,0.000,7.383,0.000,0.000,0.000,0.262,0.000,2.605,0.000,0.000,0.000,0.000,0.000,0.000,0.000,0.000,0.000,0.000,0.000,0.000,0.000,0.000,0.000,0.000]
  Iter 22: LB=17.098818  UB=29.726621  gap=4.25e-01
  Cut: intercept=-1141.597562, π_x_range=[-830.9911, 590.0809]
  Mini-Benders[1] (mw): LB=17.305934, Z₀(α*)=12.501815, intercept=2.881837 (0.266s) [OMP=0.223 ISP-L=0.004 ISP-F=0.011 MW-L=0.009 MW-F=0.013]
  Mini-Benders[2] (mw): LB=17.305934, Z₀(α*)=12.501815, intercept=2.881837 (0.234s) [OMP=0.204 ISP-L=0.004 ISP-F=0.011 MW-L=0.009 MW-F=0.010]
  Mini-Benders[3] (mw): LB=17.305934, Z₀(α*)=12.501815, intercept=2.881837 (0.250s) [OMP=0.202 ISP-L=0.004 ISP-F=0.011 MW-L=0.009 MW-F=0.014]
  Mini-Benders[4]: LB stagnated, break
  α-step: Z₀=38.452100, α=[0.000,0.000,0.000,0.000,0.000,0.000,0.000,0.000,0.000,0.000,0.000,0.000,0.000,0.000,0.000,0.000,0.000,0.000,0.000,0.000,0.000,0.000,0.000,0.000,1.390,0.000,0.000,0.000,2.089,0.000,0.000,1.652,0.000,0.000,3.416,0.000,1.703,0.000,0.000,0.000,0.000,0.000,0.000,0.000,0.000,0.000,0.000]
  Alt-Benders[1] (mw): LB=17.450196, Z₀(α*)=-9.171661, intercept=13.011233 (0.265s) [OMP=0.224 ISP-L=0.004 ISP-F=0.011 MW-L=0.008 MW-F=0.016]
  Alt-Benders[2] (mw): LB=17.450196, Z₀(α*)=-9.171661, intercept=13.011233 (0.250s) [OMP=0.208 ISP-L=0.005 ISP-F=0.011 MW-L=0.008 MW-F=0.013]
  Alt-Benders[3] (mw): LB=17.450196, Z₀(α*)=-9.171661, intercept=13.011233 (0.250s) [OMP=0.208 ISP-L=0.004 ISP-F=0.011 MW-L=0.008 MW-F=0.017]
  Alt-Benders[4]: LB stagnated, break
  OMP re-solve: 0.000s

=== True-DRO Benders iter 23 ===
  OMP: t₀=17.450196, UB=29.726621, gap=4.13e-01, x=[0, 0, 0, 0, 0, 0, 0, 0, 0, 0, 0, 0, 0, 1, 0, 0, 0, 0, 0, 0, 0, 0, 0, 0, 1, 0, 0, 0, 0, 0, 0, 0, 0, 0, 0, 0, 0, 0, 0, 0, 0, 0, 0, 0, 0, 0, 0] (0.000s)
  Sub: Z₀=40.311928 [LOCAL] (0.2s), α=[0.000,0.000,0.000,0.000,0.000,0.000,0.000,0.000,0.000,0.000,0.000,0.000,0.000,0.000,0.000,0.000,0.000,0.000,0.000,0.000,0.000,0.000,0.000,0.000,8.146,0.000,0.000,0.000,2.065,0.000,0.000,0.000,0.000,0.000,0.000,0.000,0.038,0.000,0.000,0.000,0.000,0.000,0.000,0.000,0.000,0.000,0.000]
  Iter 23: LB=17.450196  UB=29.726621  gap=4.13e-01
  Cut: intercept=-1138.364323, π_x_range=[-830.4646, 595.3088]
  Mini-Benders[1] (mw): LB=18.134515, Z₀(α*)=34.102624, intercept=-26.167562 (0.281s) [OMP=0.235 ISP-L=0.004 ISP-F=0.013 MW-L=0.013 MW-F=0.010]
  Mini-Benders[2] (mw): LB=18.272277, Z₀(α*)=41.144459, intercept=39.986834 (0.266s) [OMP=0.233 ISP-L=0.004 ISP-F=0.012 MW-L=0.009 MW-F=0.011]
  Mini-Benders[3] (mw): LB=18.325867, Z₀(α*)=8.879849, intercept=-7.632571 (0.250s) [OMP=0.207 ISP-L=0.004 ISP-F=0.010 MW-L=0.012 MW-F=0.012]
  Mini-Benders[4] (mw): LB=18.325867, Z₀(α*)=8.879849, intercept=-7.632571 (0.234s) [OMP=0.191 ISP-L=0.004 ISP-F=0.011 MW-L=0.009 MW-F=0.013]
  Mini-Benders[5] (mw): LB=18.325867, Z₀(α*)=8.879849, intercept=-7.632571 (0.219s) [OMP=0.186 ISP-L=0.004 ISP-F=0.010 MW-L=0.013 MW-F=0.013]
  α-step: Z₀=38.482793, α=[0.000,0.000,0.000,0.000,0.000,0.000,0.000,0.000,0.000,0.000,0.000,0.000,0.000,0.000,0.000,0.000,0.000,0.000,0.000,0.000,0.000,0.000,2.428,0.000,0.000,0.000,0.000,0.000,5.172,0.000,0.000,1.652,0.000,0.000,0.100,0.000,0.898,0.000,0.000,0.000,0.000,0.000,0.000,0.000,0.000,0.000,0.000]
  Alt-Benders[1] (mw): LB=18.788597, Z₀(α*)=20.234406, intercept=-51.307081 (0.312s) [OMP=0.270 ISP-L=0.004 ISP-F=0.011 MW-L=0.012 MW-F=0.011]
  Alt-Benders[2] (mw): LB=18.823349, Z₀(α*)=14.632028, intercept=-93.266863 (0.250s) [OMP=0.201 ISP-L=0.004 ISP-F=0.009 MW-L=0.009 MW-F=0.017]
  Alt-Benders[3] (mw): LB=18.823349, Z₀(α*)=14.632028, intercept=-93.266863 (0.219s) [OMP=0.191 ISP-L=0.004 ISP-F=0.009 MW-L=0.009 MW-F=0.014]
  Alt-Benders[4] (mw): LB=18.823349, Z₀(α*)=14.632028, intercept=-93.266863 (0.234s) [OMP=0.191 ISP-L=0.004 ISP-F=0.010 MW-L=0.009 MW-F=0.018]
  Alt-Benders[5]: LB stagnated, break
  OMP re-solve: 0.000s

=== True-DRO Benders iter 24 ===
  OMP: t₀=18.823349, UB=29.726621, gap=3.67e-01, x=[0, 0, 0, 0, 0, 0, 0, 0, 0, 0, 0, 0, 0, 0, 0, 0, 0, 0, 0, 0, 0, 0, 0, 0, 0, 0, 0, 1, 0, 0, 0, 0, 0, 0, 0, 1, 0, 0, 0, 0, 0, 0, 0, 0, 0, 0, 0] (0.000s)
  Sub: Z₀=31.654703 [LOCAL] (0.2s), α=[0.000,0.000,0.000,0.000,0.000,0.000,0.000,0.000,0.000,0.000,0.000,0.000,0.000,0.000,0.000,0.000,0.000,0.000,0.000,0.000,0.000,0.000,0.000,0.000,2.330,0.000,0.000,0.935,4.137,0.000,0.000,0.000,0.000,0.000,0.000,2.479,0.369,0.000,0.000,0.000,0.000,0.000,0.000,0.000,0.000,0.000,0.000]
  Iter 24: LB=18.823349  UB=29.726621  gap=3.67e-01
  Cut: intercept=-1140.567566, π_x_range=[-827.5001, 591.0917]
  Mini-Benders[1] (mw): LB=18.830354, Z₀(α*)=35.157809, intercept=-18.055892 (0.250s) [OMP=0.214 ISP-L=0.005 ISP-F=0.013 MW-L=0.008 MW-F=0.015]
  Mini-Benders[2] (mw): LB=19.086142, Z₀(α*)=34.075608, intercept=-20.229322 (0.250s) [OMP=0.206 ISP-L=0.005 ISP-F=0.013 MW-L=0.009 MW-F=0.013]
  Mini-Benders[3] (mw): LB=19.171923, Z₀(α*)=19.617426, intercept=-164.470902 (0.235s) [OMP=0.196 ISP-L=0.004 ISP-F=0.010 MW-L=0.007 MW-F=0.015]
  Mini-Benders[4] (mw): LB=19.617424, Z₀(α*)=19.617426, intercept=-164.470902 (0.203s) [OMP=0.177 ISP-L=0.004 ISP-F=0.010 MW-L=0.007 MW-F=0.011]
  Mini-Benders[5] (mw): LB=19.617424, Z₀(α*)=19.617426, intercept=-164.470902 (0.218s) [OMP=0.175 ISP-L=0.004 ISP-F=0.010 MW-L=0.007 MW-F=0.015]
  α-step: Z₀=31.265764, α=[0.000,0.000,0.000,0.000,0.000,0.000,0.000,0.000,0.000,0.000,0.000,0.000,0.000,0.000,0.000,0.000,0.000,0.000,0.000,0.000,0.000,0.000,0.000,0.000,0.000,0.000,0.000,2.034,5.824,0.000,0.000,0.000,0.000,0.000,0.000,0.000,2.391,0.000,0.000,0.000,0.000,0.000,0.000,0.000,0.000,0.000,0.000]
  Alt-Benders[1] (mw): LB=20.149679, Z₀(α*)=2.374226, intercept=-31.610380 (0.250s) [OMP=0.206 ISP-L=0.004 ISP-F=0.012 MW-L=0.013 MW-F=0.010]
  Alt-Benders[2] (mw): LB=20.149679, Z₀(α*)=2.374226, intercept=-31.610380 (0.218s) [OMP=0.183 ISP-L=0.004 ISP-F=0.012 MW-L=0.009 MW-F=0.010]
  Alt-Benders[3] (mw): LB=20.149679, Z₀(α*)=2.374226, intercept=-31.610380 (0.235s) [OMP=0.189 ISP-L=0.004 ISP-F=0.011 MW-L=0.013 MW-F=0.010]
  Alt-Benders[4]: LB stagnated, break
  OMP re-solve: 0.000s

=== True-DRO Benders iter 25 ===
  OMP: t₀=20.149679, UB=29.726621, gap=3.22e-01, x=[0, 0, 0, 0, 0, 0, 0, 0, 0, 0, 0, 0, 0, 0, 0, 0, 0, 0, 0, 0, 0, 0, 0, 0, 1, 0, 1, 0, 0, 0, 0, 0, 0, 0, 0, 0, 0, 0, 0, 0, 0, 0, 0, 0, 0, 0, 0] (0.000s)
  Sub: Z₀=37.369510 (1.6s), α=[0.000,0.000,0.000,0.000,0.000,0.000,0.000,0.000,0.000,0.000,0.000,0.000,0.000,0.000,0.000,0.000,0.000,0.000,0.000,0.000,0.000,0.000,0.000,0.000,8.138,0.000,0.000,0.000,2.111,0.000,0.000,0.000,0.000,0.000,0.000,0.000,0.000,0.000,0.000,0.000,0.000,0.000,0.000,0.000,0.000,0.000,0.000]
  Iter 25: LB=20.149679  UB=29.726621  gap=3.22e-01
  Cut: intercept=-85.821421, π_x_range=[-254.0000, 92.8669]
  Sherali-Cut: intercept=-11.517991, π_x_range=[-135.1472, 29.5387]
  Mini-Benders[1] (mw): LB=20.234404, Z₀(α*)=23.299996, intercept=-54.782404 (0.219s) [OMP=0.179 ISP-L=0.005 ISP-F=0.011 MW-L=0.008 MW-F=0.013]
  Mini-Benders[2] (mw): LB=20.377004, Z₀(α*)=20.872288, intercept=-67.075187 (0.203s) [OMP=0.173 ISP-L=0.004 ISP-F=0.012 MW-L=0.009 MW-F=0.011]
  Mini-Benders[3] (mw): LB=20.429936, Z₀(α*)=35.591593, intercept=-57.936196 (0.203s) [OMP=0.156 ISP-L=0.004 ISP-F=0.011 MW-L=0.008 MW-F=0.014]
  Mini-Benders[4] (mw): LB=20.872286, Z₀(α*)=20.872288, intercept=-67.075187 (0.219s) [OMP=0.183 ISP-L=0.004 ISP-F=0.012 MW-L=0.009 MW-F=0.011]
  Mini-Benders[5] (mw): LB=20.872286, Z₀(α*)=20.872288, intercept=-67.075187 (0.219s) [OMP=0.174 ISP-L=0.004 ISP-F=0.012 MW-L=0.012 MW-F=0.011]
  α-step: Z₀=39.877968, α=[0.000,0.000,0.000,0.000,0.000,0.000,0.000,0.000,0.000,0.000,0.000,0.000,0.000,0.000,0.000,0.000,0.000,0.000,0.000,0.000,0.000,0.000,1.256,0.000,0.000,1.515,0.000,0.000,6.335,0.000,0.000,0.000,0.000,0.000,0.000,0.000,1.143,0.000,0.000,0.000,0.000,0.000,0.000,0.000,0.000,0.000,0.000]
  Alt-Benders[1] (mw): LB=20.994763, Z₀(α*)=7.964739, intercept=-82.196204 (0.250s) [OMP=0.199 ISP-L=0.004 ISP-F=0.010 MW-L=0.012 MW-F=0.010]
  Alt-Benders[2] (mw): LB=20.994763, Z₀(α*)=7.964739, intercept=-82.196204 (0.203s) [OMP=0.182 ISP-L=0.004 ISP-F=0.010 MW-L=0.008 MW-F=0.010]
  Alt-Benders[3] (mw): LB=20.994763, Z₀(α*)=7.964739, intercept=-82.196204 (0.234s) [OMP=0.192 ISP-L=0.004 ISP-F=0.010 MW-L=0.012 MW-F=0.010]
  Alt-Benders[4]: LB stagnated, break
  OMP re-solve: 0.000s

=== True-DRO Benders iter 26 ===
  OMP: t₀=20.994763, UB=29.726621, gap=2.94e-01, x=[0, 0, 0, 0, 0, 0, 0, 0, 0, 0, 0, 0, 0, 0, 0, 0, 0, 0, 0, 0, 0, 0, 0, 0, 0, 0, 0, 1, 0, 0, 0, 0, 0, 1, 0, 0, 0, 0, 0, 0, 0, 0, 0, 0, 0, 0, 0] (0.000s)
  Sub: Z₀=33.426951 [LOCAL] (0.2s), α=[0.000,0.000,0.000,0.000,0.000,0.000,0.000,0.000,0.000,0.000,0.000,0.000,0.000,0.000,0.000,0.000,0.000,0.000,0.000,0.000,0.000,0.000,0.000,0.000,2.929,0.000,0.000,7.163,0.000,0.000,0.000,0.000,0.000,0.000,0.000,0.000,0.157,0.000,0.000,0.000,0.000,0.000,0.000,0.000,0.000,0.000,0.000]
  Iter 26: LB=20.994763  UB=29.726621  gap=2.94e-01
  Cut: intercept=-1128.357552, π_x_range=[-831.5223, 587.7876]
  Mini-Benders[1] (mw): LB=21.644418, Z₀(α*)=11.407578, intercept=-12.701177 (0.234s) [OMP=0.199 ISP-L=0.004 ISP-F=0.014 MW-L=0.012 MW-F=0.014]
  Mini-Benders[2] (mw): LB=21.644418, Z₀(α*)=11.407578, intercept=-12.701177 (0.235s) [OMP=0.185 ISP-L=0.004 ISP-F=0.014 MW-L=0.008 MW-F=0.017]
  Mini-Benders[3] (mw): LB=21.644418, Z₀(α*)=11.407578, intercept=-12.701177 (0.234s) [OMP=0.186 ISP-L=0.004 ISP-F=0.014 MW-L=0.008 MW-F=0.014]
  Mini-Benders[4]: LB stagnated, break
  α-step: Z₀=37.003766, α=[0.000,0.000,0.000,0.000,0.000,0.000,0.000,0.000,0.000,0.000,0.000,0.000,0.000,0.000,0.000,0.000,0.000,0.000,0.000,0.000,0.000,0.000,4.451,0.100,3.968,0.000,0.000,0.000,0.000,0.000,0.000,0.000,0.000,0.000,1.039,0.000,0.690,0.000,0.000,0.000,0.000,0.000,0.000,0.000,0.000,0.000,0.000]
  Alt-Benders[1] (mw): LB=21.669770, Z₀(α*)=0.773327, intercept=-223.484767 (0.250s) [OMP=0.208 ISP-L=0.004 ISP-F=0.010 MW-L=0.008 MW-F=0.012]
  Alt-Benders[2] (mw): LB=21.669770, Z₀(α*)=0.773327, intercept=-223.484767 (0.219s) [OMP=0.189 ISP-L=0.004 ISP-F=0.011 MW-L=0.008 MW-F=0.016]
  Alt-Benders[3] (mw): LB=21.669770, Z₀(α*)=0.773327, intercept=-223.484767 (0.234s) [OMP=0.198 ISP-L=0.004 ISP-F=0.010 MW-L=0.008 MW-F=0.012]
  Alt-Benders[4]: LB stagnated, break
  OMP re-solve: 0.000s

=== True-DRO Benders iter 27 ===
  OMP: t₀=21.669770, UB=29.726621, gap=2.71e-01, x=[0, 0, 0, 0, 0, 0, 0, 0, 0, 0, 1, 0, 0, 0, 0, 0, 0, 0, 0, 0, 0, 0, 0, 0, 0, 0, 0, 0, 0, 1, 0, 0, 0, 0, 0, 0, 0, 0, 0, 0, 0, 0, 0, 0, 0, 0, 0] (0.000s)
  Sub: Z₀=37.673553 [LOCAL] (0.3s), α=[0.000,0.000,0.000,0.000,0.000,0.000,0.000,0.000,0.000,0.000,0.000,0.000,0.000,0.000,0.000,0.000,0.000,0.000,0.000,0.000,0.000,0.000,4.451,0.000,0.000,0.000,0.000,0.000,5.747,0.000,0.000,0.000,0.000,0.000,0.000,0.000,0.051,0.000,0.000,0.000,0.000,0.000,0.000,0.000,0.000,0.000,0.000]
  Iter 27: LB=21.669770  UB=29.726621  gap=2.71e-01
  Cut: intercept=-1080.450523, π_x_range=[-824.9433, 567.7639]
  Mini-Benders[1] (mw): LB=21.847146, Z₀(α*)=22.584376, intercept=-7.034035 (0.265s) [OMP=0.216 ISP-L=0.004 ISP-F=0.012 MW-L=0.008 MW-F=0.013]
  Mini-Benders[2] (mw): LB=22.152005, Z₀(α*)=39.055412, intercept=3.446581 (0.219s) [OMP=0.192 ISP-L=0.004 ISP-F=0.011 MW-L=0.008 MW-F=0.015]
  Mini-Benders[3] (mw): LB=22.380395, Z₀(α*)=29.488769, intercept=-75.315209 (0.250s) [OMP=0.202 ISP-L=0.005 ISP-F=0.014 MW-L=0.009 MW-F=0.016]
  Mini-Benders[4] (mw): LB=22.495285, Z₀(α*)=16.662178, intercept=-70.381213 (0.250s) [OMP=0.205 ISP-L=0.004 ISP-F=0.010 MW-L=0.012 MW-F=0.012]
  Mini-Benders[5] (mw): LB=22.495285, Z₀(α*)=16.662178, intercept=-70.381213 (0.234s) [OMP=0.196 ISP-L=0.004 ISP-F=0.010 MW-L=0.008 MW-F=0.012]
  α-step: Z₀=33.126039, α=[0.000,0.000,0.000,0.000,0.000,0.000,0.000,0.000,0.000,0.000,0.000,0.000,0.000,0.000,0.000,0.000,0.000,0.000,0.000,0.000,0.000,0.000,0.000,0.000,2.929,0.000,0.000,0.194,6.968,0.000,0.000,0.000,0.000,0.000,0.000,0.000,0.157,0.000,0.000,0.000,0.000,0.000,0.000,0.000,0.000,0.000,0.000]
  Alt-Benders[1] (mw): LB=22.584374, Z₀(α*)=30.064810, intercept=10.449193 (0.250s) [OMP=0.216 ISP-L=0.005 ISP-F=0.012 MW-L=0.008 MW-F=0.011]
  Alt-Benders[2] (mw): LB=22.623715, Z₀(α*)=31.862185, intercept=-157.327259 (0.265s) [OMP=0.222 ISP-L=0.004 ISP-F=0.011 MW-L=0.013 MW-F=0.012]
  Alt-Benders[3] (mw): LB=23.072838, Z₀(α*)=5.623660, intercept=-16.173132 (0.266s) [OMP=0.227 ISP-L=0.004 ISP-F=0.009 MW-L=0.009 MW-F=0.012]
  Alt-Benders[4] (mw): LB=23.072838, Z₀(α*)=5.623660, intercept=-16.173132 (0.250s) [OMP=0.208 ISP-L=0.004 ISP-F=0.009 MW-L=0.013 MW-F=0.012]
  Alt-Benders[5] (mw): LB=23.072838, Z₀(α*)=5.623660, intercept=-16.173132 (0.234s) [OMP=0.209 ISP-L=0.004 ISP-F=0.009 MW-L=0.009 MW-F=0.012]
  OMP re-solve: 0.210s

=== True-DRO Benders iter 28 ===
  OMP: t₀=23.072838, UB=29.726621, gap=2.24e-01, x=[0, 0, 0, 0, 0, 0, 0, 0, 0, 0, 0, 0, 0, 0, 0, 0, 0, 0, 0, 0, 0, 0, 1, 0, 1, 0, 0, 0, 0, 0, 0, 0, 0, 0, 0, 0, 0, 0, 0, 0, 0, 0, 0, 0, 0, 0, 0] (0.000s)
  Sub: Z₀=35.955820 [LOCAL] (0.3s), α=[0.000,0.000,0.000,0.000,0.000,0.000,0.000,0.000,0.000,0.000,0.000,0.000,0.000,0.000,0.000,0.000,0.000,0.000,0.000,0.000,0.000,0.000,0.000,0.000,9.931,0.000,0.000,0.000,0.000,0.000,0.000,0.000,0.000,0.000,0.000,0.034,0.284,0.000,0.000,0.000,0.000,0.000,0.000,0.000,0.000,0.000,0.000]
  Iter 28: LB=23.072838  UB=29.726621  gap=2.24e-01
  Cut: intercept=-1133.027193, π_x_range=[-830.9615, 586.7645]
  Mini-Benders[1] (mw): LB=23.127915, Z₀(α*)=30.975287, intercept=-34.228841 (0.265s) [OMP=0.221 ISP-L=0.005 ISP-F=0.014 MW-L=0.009 MW-F=0.014]
  Mini-Benders[2] (mw): LB=23.232340, Z₀(α*)=32.937636, intercept=-84.264309 (0.250s) [OMP=0.219 ISP-L=0.004 ISP-F=0.013 MW-L=0.009 MW-F=0.013]
  Mini-Benders[3] (mw): LB=23.264771, Z₀(α*)=31.304129, intercept=-1.304845 (0.266s) [OMP=0.224 ISP-L=0.004 ISP-F=0.011 MW-L=0.008 MW-F=0.016]
  Mini-Benders[4] (mw): LB=23.293591, Z₀(α*)=28.515733, intercept=-18.040738 (0.266s) [OMP=0.219 ISP-L=0.004 ISP-F=0.012 MW-L=0.009 MW-F=0.014]
  Mini-Benders[5] (mw): LB=23.299994, Z₀(α*)=9.355551, intercept=-56.088828 (0.265s) [OMP=0.228 ISP-L=0.004 ISP-F=0.011 MW-L=0.009 MW-F=0.015]
  α-step: Z₀=39.335049, α=[0.000,0.000,0.000,0.000,0.000,0.000,0.000,0.000,0.000,0.000,0.000,0.000,0.000,0.000,0.000,0.000,0.000,0.000,0.000,0.000,0.000,0.000,0.000,0.000,2.487,0.000,0.000,0.000,2.744,0.000,0.000,0.000,0.000,0.000,0.000,5.017,0.000,0.000,0.000,0.000,0.000,0.000,0.000,0.000,0.000,0.000,0.000]
  Alt-Benders[1] (mw): LB=23.375719, Z₀(α*)=19.788221, intercept=-31.010914 (0.266s) [OMP=0.224 ISP-L=0.004 ISP-F=0.012 MW-L=0.009 MW-F=0.013]
  Alt-Benders[2] (mw): LB=23.375719, Z₀(α*)=19.788221, intercept=-31.010914 (0.234s) [OMP=0.192 ISP-L=0.004 ISP-F=0.012 MW-L=0.009 MW-F=0.010]
  Alt-Benders[3] (mw): LB=23.375719, Z₀(α*)=19.788221, intercept=-31.010914 (0.235s) [OMP=0.194 ISP-L=0.004 ISP-F=0.012 MW-L=0.009 MW-F=0.013]
  Alt-Benders[4]: LB stagnated, break
  OMP re-solve: 0.000s

=== True-DRO Benders iter 29 ===
  OMP: t₀=23.375719, UB=29.726621, gap=2.14e-01, x=[0, 0, 0, 0, 0, 0, 0, 0, 0, 0, 0, 0, 0, 0, 0, 0, 0, 0, 0, 0, 0, 0, 0, 0, 0, 0, 0, 0, 0, 0, 0, 1, 0, 0, 1, 0, 0, 0, 0, 0, 0, 0, 0, 0, 0, 0, 0] (0.000s)
  Sub: Z₀=36.398108 [LOCAL] (0.2s), α=[0.000,0.000,0.000,0.000,0.000,0.000,0.000,0.000,0.000,0.000,0.000,0.000,0.000,0.000,0.000,0.000,0.000,0.000,0.000,0.000,0.000,0.000,0.000,0.000,0.000,0.000,0.000,0.019,3.324,0.000,0.000,4.900,0.000,0.000,2.006,0.000,0.000,0.000,0.000,0.000,0.000,0.000,0.000,0.000,0.000,0.000,0.000]
  Iter 29: LB=23.375719  UB=29.726621  gap=2.14e-01
  Cut: intercept=-1101.925273, π_x_range=[-829.4377, 582.8495]
  Mini-Benders[1] (mw): LB=23.483085, Z₀(α*)=10.972627, intercept=-146.278857 (0.250s) [OMP=0.218 ISP-L=0.004 ISP-F=0.012 MW-L=0.012 MW-F=0.012]
  Mini-Benders[2] (mw): LB=23.483085, Z₀(α*)=10.972627, intercept=-146.278857 (0.266s) [OMP=0.224 ISP-L=0.004 ISP-F=0.011 MW-L=0.008 MW-F=0.012]
  Mini-Benders[3] (mw): LB=23.483085, Z₀(α*)=10.972627, intercept=-146.278857 (0.265s) [OMP=0.224 ISP-L=0.004 ISP-F=0.011 MW-L=0.012 MW-F=0.012]
  Mini-Benders[4]: LB stagnated, break
  α-step: Z₀=35.126997, α=[0.000,0.000,0.000,0.000,0.000,0.000,0.000,0.000,0.000,0.000,0.000,0.000,0.000,0.000,0.000,0.000,0.000,0.000,0.000,0.000,0.000,0.000,4.981,0.000,0.000,0.000,0.000,0.000,4.283,0.828,0.000,0.000,0.000,0.000,0.000,0.000,0.157,0.000,0.000,0.000,0.000,0.000,0.000,0.000,0.000,0.000,0.000]
  Alt-Benders[1] (mw): LB=23.737197, Z₀(α*)=13.872462, intercept=4.426972 (0.250s) [OMP=0.215 ISP-L=0.004 ISP-F=0.012 MW-L=0.013 MW-F=0.010]
  Alt-Benders[2] (mw): LB=23.737197, Z₀(α*)=13.872462, intercept=4.426972 (0.297s) [OMP=0.256 ISP-L=0.004 ISP-F=0.012 MW-L=0.009 MW-F=0.010]
  Alt-Benders[3] (mw): LB=23.737197, Z₀(α*)=13.872462, intercept=4.426972 (0.297s) [OMP=0.246 ISP-L=0.004 ISP-F=0.012 MW-L=0.013 MW-F=0.010]
  Alt-Benders[4]: LB stagnated, break
  OMP re-solve: 0.000s

=== True-DRO Benders iter 30 ===
  OMP: t₀=23.737197, UB=29.726621, gap=2.01e-01, x=[0, 0, 0, 0, 0, 0, 0, 0, 0, 0, 0, 0, 0, 0, 0, 0, 0, 0, 0, 0, 0, 0, 0, 0, 0, 0, 0, 0, 1, 0, 0, 1, 0, 0, 0, 0, 0, 0, 0, 0, 0, 0, 0, 0, 0, 0, 0] (0.000s)
  Sub: Z₀=39.134813 (14.5s), α=[0.000,0.000,0.000,0.000,0.000,0.000,0.000,0.000,0.000,0.000,0.000,0.000,0.000,0.000,0.000,0.000,0.000,0.000,0.000,0.000,0.000,0.000,0.000,0.000,6.295,0.000,0.000,0.000,0.838,0.000,0.000,3.115,0.000,0.000,0.000,0.000,0.000,0.000,0.000,0.000,0.000,0.000,0.000,0.000,0.000,0.000,0.000]
  Iter 30: LB=23.737197  UB=29.726621  gap=2.01e-01
  Cut: intercept=-45.555538, π_x_range=[-508.2315, 83.4881]
  Sherali-Cut: intercept=7.095180, π_x_range=[-133.4900, 26.5038]
  Mini-Benders[1] (mw): LB=24.217512, Z₀(α*)=28.931873, intercept=-67.212617 (0.313s) [OMP=0.266 ISP-L=0.004 ISP-F=0.010 MW-L=0.013 MW-F=0.011]
  Mini-Benders[2] (mw): LB=24.236525, Z₀(α*)=33.273015, intercept=-46.842706 (0.296s) [OMP=0.264 ISP-L=0.004 ISP-F=0.011 MW-L=0.008 MW-F=0.013]
  Mini-Benders[3] (mw): LB=24.721911, Z₀(α*)=13.203857, intercept=-169.198022 (0.297s) [OMP=0.264 ISP-L=0.004 ISP-F=0.010 MW-L=0.013 MW-F=0.009]
  Mini-Benders[4] (mw): LB=24.721911, Z₀(α*)=13.203857, intercept=-169.198022 (0.282s) [OMP=0.241 ISP-L=0.004 ISP-F=0.010 MW-L=0.009 MW-F=0.009]
  Mini-Benders[5] (mw): LB=24.721911, Z₀(α*)=13.203857, intercept=-169.198022 (0.281s) [OMP=0.245 ISP-L=0.004 ISP-F=0.011 MW-L=0.013 MW-F=0.010]
  α-step: Z₀=34.871009, α=[0.000,0.000,0.000,0.000,0.000,0.000,0.000,0.000,0.000,0.000,0.000,0.000,0.000,0.000,0.000,0.000,0.000,0.000,0.000,0.000,0.000,0.000,3.012,0.000,0.000,0.000,0.000,0.000,6.335,0.000,0.902,0.000,0.000,0.000,0.000,0.000,0.000,0.000,0.000,0.000,0.000,0.000,0.000,0.000,0.000,0.000,0.000]
  Alt-Benders[1] (mw): LB=24.780751, Z₀(α*)=37.559725, intercept=-80.671832 (0.343s) [OMP=0.301 ISP-L=0.004 ISP-F=0.012 MW-L=0.012 MW-F=0.011]
  Alt-Benders[2] (mw): LB=24.958306, Z₀(α*)=34.805952, intercept=13.917656 (0.313s) [OMP=0.269 ISP-L=0.004 ISP-F=0.012 MW-L=0.008 MW-F=0.011]
  Alt-Benders[3] (mw): LB=25.243505, Z₀(α*)=31.403158, intercept=-17.002891 (0.312s) [OMP=0.275 ISP-L=0.004 ISP-F=0.011 MW-L=0.012 MW-F=0.012]
  Alt-Benders[4] (mw): LB=25.710230, Z₀(α*)=34.052866, intercept=-129.371572 (0.329s) [OMP=0.291 ISP-L=0.005 ISP-F=0.012 MW-L=0.009 MW-F=0.015]
  Alt-Benders[5] (mw): LB=25.787136, Z₀(α*)=32.593389, intercept=-95.399647 (0.328s) [OMP=0.279 ISP-L=0.005 ISP-F=0.010 MW-L=0.008 MW-F=0.010]
  OMP re-solve: 0.283s

=== True-DRO Benders iter 31 ===
  OMP: t₀=26.073918, UB=29.726621, gap=1.23e-01, x=[0, 0, 0, 0, 0, 0, 0, 0, 0, 0, 0, 0, 0, 0, 0, 0, 0, 0, 0, 0, 0, 0, 0, 0, 0, 0, 1, 0, 0, 0, 1, 0, 0, 0, 0, 0, 0, 0, 0, 0, 0, 0, 0, 0, 0, 0, 0] (0.000s)
  Sub: Z₀=38.460576 [LOCAL] (0.2s), α=[0.000,0.000,0.000,0.000,0.000,0.000,0.000,0.000,0.000,0.000,0.000,0.000,0.000,0.000,0.000,0.000,0.000,0.000,0.000,0.000,0.000,0.000,0.000,0.000,6.114,0.000,0.000,0.029,4.107,0.000,0.000,0.000,0.000,0.000,0.000,0.000,0.000,0.000,0.000,0.000,0.000,0.000,0.000,0.000,0.000,0.000,0.000]
  Iter 31: LB=26.073918  UB=29.726621  gap=1.23e-01
  Cut: intercept=-1119.223893, π_x_range=[-829.9984, 582.1864]
  Mini-Benders[1] (mw): LB=26.381118, Z₀(α*)=37.816766, intercept=16.796011 (0.312s) [OMP=0.281 ISP-L=0.004 ISP-F=0.013 MW-L=0.009 MW-F=0.013]
  Mini-Benders[2] (mw): LB=26.404504, Z₀(α*)=38.629558, intercept=7.040141 (0.328s) [OMP=0.287 ISP-L=0.004 ISP-F=0.012 MW-L=0.009 MW-F=0.016]
  Mini-Benders[3] (mw): LB=26.473509, Z₀(α*)=28.992497, intercept=-43.603807 (0.329s) [OMP=0.278 ISP-L=0.005 ISP-F=0.014 MW-L=0.009 MW-F=0.012]
  Mini-Benders[4] (mw): LB=26.482273, Z₀(α*)=33.323530, intercept=-53.025365 (0.343s) [OMP=0.301 ISP-L=0.004 ISP-F=0.013 MW-L=0.008 MW-F=0.015]
  Mini-Benders[5] (mw): LB=26.507801, Z₀(α*)=26.832674, intercept=-95.906078 (0.344s) [OMP=0.311 ISP-L=0.005 ISP-F=0.011 MW-L=0.009 MW-F=0.013]
  α-step: Z₀=39.246382, α=[0.000,0.000,0.000,0.000,0.000,0.000,0.000,0.000,0.000,0.000,0.000,0.000,0.000,0.000,0.000,0.000,0.000,0.000,0.000,0.000,0.000,0.000,3.012,0.000,1.998,0.000,0.000,0.000,5.239,0.000,0.000,0.000,0.000,0.000,0.000,0.000,0.000,0.000,0.000,0.000,0.000,0.000,0.000,0.000,0.000,0.000,0.000]
  Alt-Benders[1] (mw): LB=27.109603, Z₀(α*)=23.146349, intercept=-114.947652 (0.359s) [OMP=0.314 ISP-L=0.004 ISP-F=0.012 MW-L=0.008 MW-F=0.011]
  Alt-Benders[2] (mw): LB=27.109603, Z₀(α*)=23.146349, intercept=-114.947652 (0.328s) [OMP=0.292 ISP-L=0.004 ISP-F=0.012 MW-L=0.012 MW-F=0.011]
  Alt-Benders[3] (mw): LB=27.109603, Z₀(α*)=23.146349, intercept=-114.947652 (0.328s) [OMP=0.294 ISP-L=0.004 ISP-F=0.013 MW-L=0.009 MW-F=0.011]
  Alt-Benders[4]: LB stagnated, break
  OMP re-solve: 0.000s

=== True-DRO Benders iter 32 ===
  OMP: t₀=27.109603, UB=29.726621, gap=8.80e-02, x=[0, 0, 0, 0, 0, 0, 0, 0, 0, 0, 0, 0, 0, 0, 0, 1, 0, 0, 0, 0, 0, 0, 0, 0, 0, 0, 0, 1, 0, 0, 0, 0, 0, 0, 0, 0, 0, 0, 0, 0, 0, 0, 0, 0, 0, 0, 0] (0.000s)
  Sub: Z₀=32.902164 [LOCAL] (3.1s), α=[0.000,0.000,0.000,0.000,0.000,0.000,0.000,0.000,0.000,0.000,0.000,0.000,0.000,0.000,0.000,0.000,0.000,0.000,0.000,0.000,0.000,0.000,0.000,0.000,2.929,0.000,0.000,1.902,5.405,0.000,0.000,0.000,0.000,0.000,0.000,0.013,0.000,0.000,0.000,0.000,0.000,0.000,0.000,0.000,0.000,0.000,0.000]
  Iter 32: LB=27.109603  UB=29.726621  gap=8.80e-02
  Cut: intercept=-1093.227716, π_x_range=[-827.2163, 589.5356]
  Mini-Benders[1] (mw): LB=27.125337, Z₀(α*)=15.782924, intercept=-150.648869 (0.344s) [OMP=0.305 ISP-L=0.004 ISP-F=0.011 MW-L=0.008 MW-F=0.012]
  Mini-Benders[2] (mw): LB=27.125337, Z₀(α*)=15.782924, intercept=-150.648869 (0.328s) [OMP=0.276 ISP-L=0.004 ISP-F=0.011 MW-L=0.012 MW-F=0.012]
  Mini-Benders[3] (mw): LB=27.125337, Z₀(α*)=15.782924, intercept=-150.648869 (0.312s) [OMP=0.280 ISP-L=0.004 ISP-F=0.011 MW-L=0.008 MW-F=0.012]
  Mini-Benders[4]: LB stagnated, break
  α-step: Z₀=35.581984, α=[0.000,0.000,0.000,0.000,0.000,0.000,0.000,0.000,0.000,0.000,0.000,0.000,0.000,0.000,0.000,0.000,0.000,0.000,0.000,0.000,0.000,0.000,0.000,0.000,2.289,0.000,0.000,0.000,7.909,0.000,0.000,0.000,0.000,0.000,0.000,0.000,0.051,0.000,0.000,0.000,0.000,0.000,0.000,0.000,0.000,0.000,0.000]
  Alt-Benders[1] (mw): LB=27.153431, Z₀(α*)=37.299767, intercept=-129.558912 (0.344s) [OMP=0.307 ISP-L=0.005 ISP-F=0.009 MW-L=0.009 MW-F=0.011]
  Alt-Benders[2] (mw): LB=27.213640, Z₀(α*)=32.951681, intercept=-39.109165 (0.343s) [OMP=0.299 ISP-L=0.004 ISP-F=0.011 MW-L=0.013 MW-F=0.011]
  Alt-Benders[3] (mw): LB=27.400532, Z₀(α*)=9.653050, intercept=-66.798002 (0.344s) [OMP=0.301 ISP-L=0.004 ISP-F=0.010 MW-L=0.009 MW-F=0.015]
  Alt-Benders[4] (mw): LB=27.400532, Z₀(α*)=9.653050, intercept=-66.798002 (0.313s) [OMP=0.285 ISP-L=0.004 ISP-F=0.010 MW-L=0.009 MW-F=0.011]
  Alt-Benders[5] (mw): LB=27.400532, Z₀(α*)=9.653050, intercept=-66.798002 (0.328s) [OMP=0.289 ISP-L=0.004 ISP-F=0.011 MW-L=0.009 MW-F=0.015]
  OMP re-solve: 0.290s

=== True-DRO Benders iter 33 ===
  OMP: t₀=27.400532, UB=29.726621, gap=7.82e-02, x=[0, 0, 0, 0, 0, 0, 0, 0, 0, 0, 0, 0, 0, 0, 0, 0, 0, 0, 0, 0, 0, 0, 1, 0, 0, 0, 0, 0, 0, 0, 0, 0, 0, 0, 1, 0, 0, 0, 0, 0, 0, 0, 0, 0, 0, 0, 0] (0.000s)
  Sub: Z₀=34.930484 [LOCAL] (0.2s), α=[0.000,0.000,0.000,0.000,0.000,0.000,0.000,0.000,0.000,0.000,0.000,0.000,0.000,0.000,0.000,0.000,0.000,0.000,0.000,0.000,0.000,0.000,0.000,0.000,0.000,0.000,0.000,0.000,1.625,0.000,0.000,0.000,0.000,0.000,2.422,2.014,4.188,0.000,0.000,0.000,0.000,0.000,0.000,0.000,0.000,0.000,0.000]
  Iter 33: LB=27.400532  UB=29.726621  gap=7.82e-02
  Cut: intercept=-1133.955945, π_x_range=[-831.2775, 586.4581]
  Mini-Benders[1] (mw): LB=27.539784, Z₀(α*)=29.884862, intercept=-102.182475 (0.344s) [OMP=0.313 ISP-L=0.005 ISP-F=0.012 MW-L=0.008 MW-F=0.015]
  Mini-Benders[2] (mw): LB=27.596092, Z₀(α*)=-18.248515, intercept=-46.979765 (0.359s) [OMP=0.305 ISP-L=0.004 ISP-F=0.013 MW-L=0.009 MW-F=0.014]
  Mini-Benders[3] (mw): LB=27.596092, Z₀(α*)=-18.248515, intercept=-46.979765 (0.328s) [OMP=0.297 ISP-L=0.004 ISP-F=0.013 MW-L=0.009 MW-F=0.018]
  Mini-Benders[4] (mw): LB=27.596092, Z₀(α*)=-18.248515, intercept=-46.979765 (0.344s) [OMP=0.296 ISP-L=0.004 ISP-F=0.013 MW-L=0.009 MW-F=0.014]
  Mini-Benders[5]: LB stagnated, break
  α-step: Z₀=34.992950, α=[0.000,0.000,0.000,0.000,0.000,0.000,0.000,0.000,0.000,0.000,0.000,0.000,0.000,0.000,0.000,0.000,0.000,0.000,0.000,0.000,0.000,0.000,0.000,0.000,7.263,0.000,0.000,0.000,0.000,0.000,0.000,0.000,0.000,0.000,0.000,0.000,2.986,0.000,0.000,0.000,0.000,0.000,0.000,0.000,0.000,0.000,0.000]
  Alt-Benders[1] (mw): LB=27.786322, Z₀(α*)=33.854423, intercept=-31.275967 (0.344s) [OMP=0.308 ISP-L=0.004 ISP-F=0.012 MW-L=0.008 MW-F=0.010]
  Alt-Benders[2] (mw): LB=27.824153, Z₀(α*)=9.924393, intercept=-82.303592 (0.344s) [OMP=0.296 ISP-L=0.004 ISP-F=0.011 MW-L=0.012 MW-F=0.011]
  Alt-Benders[3] (mw): LB=27.824153, Z₀(α*)=9.924393, intercept=-82.303592 (0.312s) [OMP=0.282 ISP-L=0.004 ISP-F=0.011 MW-L=0.008 MW-F=0.011]
  Alt-Benders[4] (mw): LB=27.824153, Z₀(α*)=9.924393, intercept=-82.303592 (0.328s) [OMP=0.287 ISP-L=0.004 ISP-F=0.011 MW-L=0.012 MW-F=0.011]
  Alt-Benders[5]: LB stagnated, break
  OMP re-solve: 0.000s

=== True-DRO Benders iter 34 ===
  OMP: t₀=27.824153, UB=29.726621, gap=6.40e-02, x=[0, 0, 0, 0, 0, 0, 0, 0, 0, 0, 0, 0, 0, 0, 0, 0, 0, 0, 0, 0, 0, 0, 0, 0, 0, 0, 0, 0, 0, 1, 0, 0, 0, 0, 0, 1, 0, 0, 0, 0, 0, 0, 0, 0, 0, 0, 0] (0.000s)
  Sub: Z₀=38.407048 [LOCAL] (0.2s), α=[0.000,0.000,0.000,0.000,0.000,0.000,0.000,0.000,0.000,0.000,0.000,0.000,0.000,0.000,0.000,0.000,0.000,0.000,0.000,0.000,0.000,0.000,0.000,0.000,0.000,0.000,0.000,0.028,4.061,0.000,0.000,0.000,0.000,0.000,0.000,3.317,2.844,0.000,0.000,0.000,0.000,0.000,0.000,0.000,0.000,0.000,0.000]
  Iter 34: LB=27.824153  UB=29.726621  gap=6.40e-02
  Cut: intercept=-1113.923752, π_x_range=[-829.8677, 585.6585]
  Mini-Benders[1] (mw): LB=27.884960, Z₀(α*)=34.938019, intercept=-16.691217 (0.344s) [OMP=0.306 ISP-L=0.004 ISP-F=0.012 MW-L=0.013 MW-F=0.014]
  Mini-Benders[2] (mw): LB=28.237457, Z₀(α*)=-7.567611, intercept=-152.028970 (0.343s) [OMP=0.298 ISP-L=0.004 ISP-F=0.012 MW-L=0.009 MW-F=0.013]
  Mini-Benders[3] (mw): LB=28.237457, Z₀(α*)=-7.567611, intercept=-152.028970 (0.328s) [OMP=0.282 ISP-L=0.004 ISP-F=0.011 MW-L=0.013 MW-F=0.013]
  Mini-Benders[4] (mw): LB=28.237457, Z₀(α*)=-7.567611, intercept=-152.028970 (0.313s) [OMP=0.279 ISP-L=0.004 ISP-F=0.012 MW-L=0.009 MW-F=0.013]
  Mini-Benders[5]: LB stagnated, break
  α-step: Z₀=31.422566, α=[0.000,0.000,0.000,0.000,0.000,0.000,0.000,0.000,0.000,0.000,0.000,0.000,0.000,0.000,0.000,0.000,0.000,0.000,0.000,0.000,0.000,0.000,0.000,0.000,0.000,0.000,0.000,0.000,6.868,0.000,0.000,3.381,0.000,0.000,0.000,0.000,0.000,0.000,0.000,0.000,0.000,0.000,0.000,0.000,0.000,0.000,0.000]
  Alt-Benders[1] (mw): LB=28.345405, Z₀(α*)=34.016009, intercept=-17.675161 (0.344s) [OMP=0.302 ISP-L=0.005 ISP-F=0.012 MW-L=0.008 MW-F=0.015]
  Alt-Benders[2] (mw): LB=28.457221, Z₀(α*)=4.025800, intercept=-99.968573 (0.344s) [OMP=0.314 ISP-L=0.004 ISP-F=0.012 MW-L=0.009 MW-F=0.010]
  Alt-Benders[3] (mw): LB=28.457221, Z₀(α*)=4.025800, intercept=-99.968573 (0.312s) [OMP=0.279 ISP-L=0.004 ISP-F=0.012 MW-L=0.009 MW-F=0.014]
  Alt-Benders[4] (mw): LB=28.457221, Z₀(α*)=4.025800, intercept=-99.968573 (0.313s) [OMP=0.277 ISP-L=0.004 ISP-F=0.012 MW-L=0.009 MW-F=0.010]
  Alt-Benders[5]: LB stagnated, break
  OMP re-solve: 0.000s

=== True-DRO Benders iter 35 ===
  OMP: t₀=28.457221, UB=29.726621, gap=4.27e-02, x=[0, 0, 0, 0, 0, 0, 0, 0, 0, 0, 0, 0, 0, 0, 0, 0, 0, 0, 0, 0, 0, 0, 0, 0, 0, 0, 0, 0, 0, 0, 0, 0, 1, 0, 0, 0, 1, 0, 0, 0, 0, 0, 0, 0, 0, 0, 0] (0.000s)
  Sub: Z₀=32.591147 (1.0s), α=[0.000,0.000,0.000,0.000,0.000,0.000,0.000,0.000,0.000,0.000,0.000,0.000,0.000,0.000,0.000,0.000,0.000,0.000,0.000,0.000,0.000,0.000,0.000,0.000,0.160,0.000,0.000,0.000,2.744,0.000,0.000,0.000,0.000,0.000,0.000,0.000,7.345,0.000,0.000,0.000,0.000,0.000,0.000,0.000,0.000,0.000,0.000]
  Iter 35: LB=28.457221  UB=29.726621  gap=4.27e-02
  Cut: intercept=-201.322552, π_x_range=[-275.0000, 170.1447]
  Sherali-Cut: intercept=-86.011972, π_x_range=[-98.4064, 88.3463]
  Mini-Benders[1] (mw): LB=28.515731, Z₀(α*)=33.279798, intercept=-17.266679 (0.328s) [OMP=0.282 ISP-L=0.004 ISP-F=0.013 MW-L=0.012 MW-F=0.012]
  Mini-Benders[2] (mw): LB=28.541342, Z₀(α*)=28.504090, intercept=-108.686787 (0.297s) [OMP=0.267 ISP-L=0.004 ISP-F=0.011 MW-L=0.009 MW-F=0.009]
  Mini-Benders[3] (mw): LB=28.541342, Z₀(α*)=28.504090, intercept=-108.686787 (0.297s) [OMP=0.247 ISP-L=0.004 ISP-F=0.011 MW-L=0.013 MW-F=0.009]
  Mini-Benders[4] (mw): LB=28.541342, Z₀(α*)=28.504090, intercept=-108.686787 (0.281s) [OMP=0.250 ISP-L=0.004 ISP-F=0.011 MW-L=0.009 MW-F=0.009]
  Mini-Benders[5]: LB stagnated, break
  α-step: Z₀=28.552053, α=[0.000,0.000,0.000,0.000,0.000,0.000,0.000,0.000,0.000,0.000,0.000,0.000,0.000,0.000,0.000,0.000,0.000,0.000,0.000,0.000,0.000,0.000,0.000,0.000,0.000,0.000,0.000,0.000,3.064,0.000,0.000,0.000,0.000,0.000,0.000,0.000,7.185,0.000,0.000,0.000,0.000,0.000,0.000,0.000,0.000,0.000,0.000]
  Alt-Benders[1] (mw): LB=28.552053, Z₀(α*)=28.552053, intercept=-104.863957 (0.328s) [OMP=0.285 ISP-L=0.004 ISP-F=0.009 MW-L=0.009 MW-F=0.013]
  Alt-Benders[2] (mw): LB=28.552053, Z₀(α*)=28.552053, intercept=-104.863957 (0.328s) [OMP=0.293 ISP-L=0.004 ISP-F=0.010 MW-L=0.009 MW-F=0.010]
  Alt-Benders[3] (mw): LB=28.552053, Z₀(α*)=28.552053, intercept=-104.863957 (0.329s) [OMP=0.290 ISP-L=0.004 ISP-F=0.009 MW-L=0.009 MW-F=0.015]
  Alt-Benders[4]: LB stagnated, break
  OMP re-solve: 0.000s

=== True-DRO Benders iter 36 ===
  OMP: t₀=28.552053, UB=29.726621, gap=3.95e-02, x=[0, 0, 0, 0, 0, 0, 0, 0, 0, 0, 0, 0, 0, 0, 0, 0, 0, 0, 0, 0, 0, 0, 0, 0, 0, 0, 0, 1, 0, 0, 0, 0, 0, 0, 0, 0, 1, 0, 0, 0, 0, 0, 0, 0, 0, 0, 0] (0.000s)
  Sub: Z₀=28.552050 [LOCAL] (0.2s), α=[0.000,0.000,0.000,0.000,0.000,0.000,0.000,0.000,0.000,0.000,0.000,0.000,0.000,0.000,0.000,0.000,0.000,0.000,0.000,0.000,0.000,0.000,0.000,0.000,0.000,0.000,0.000,0.865,3.962,0.000,0.000,0.000,0.000,0.000,0.000,0.000,5.422,0.000,0.000,0.000,0.000,0.000,0.000,0.000,0.000,0.000,0.000]
  Iter 36: LB=28.552053  UB=29.726621  gap=3.95e-02
  Cut: intercept=-1152.706941, π_x_range=[-830.3740, 592.4210]
  Mini-Benders[1] (mw): LB=28.552053, Z₀(α*)=28.552053, intercept=-104.579890 (0.312s) [OMP=0.285 ISP-L=0.004 ISP-F=0.010 MW-L=0.008 MW-F=0.013]
  Mini-Benders[2] (mw): LB=28.552053, Z₀(α*)=28.552053, intercept=-104.579890 (0.344s) [OMP=0.302 ISP-L=0.004 ISP-F=0.011 MW-L=0.009 MW-F=0.010]
  Mini-Benders[3]: LB stagnated, break
  α-step: Z₀=28.552053, α=[0.000,0.000,0.000,0.000,0.000,0.000,0.000,0.000,0.000,0.000,0.000,0.000,0.000,0.000,0.000,0.000,0.000,0.000,0.000,0.000,0.000,0.000,0.000,0.000,0.000,0.000,0.000,2.034,1.030,0.000,0.000,0.000,0.000,0.000,0.000,0.000,7.185,0.000,0.000,0.000,0.000,0.000,0.000,0.000,0.000,0.000,0.000]
  Alt-Benders[1] (mw): LB=28.552053, Z₀(α*)=28.552053, intercept=-105.129242 (0.328s) [OMP=0.295 ISP-L=0.004 ISP-F=0.011 MW-L=0.008 MW-F=0.010]
  Alt-Benders[2] (mw): LB=28.552053, Z₀(α*)=28.552053, intercept=-105.129242 (0.328s) [OMP=0.291 ISP-L=0.004 ISP-F=0.011 MW-L=0.009 MW-F=0.014]
  Alt-Benders[3]: LB stagnated, break
  OMP re-solve: 0.000s

=== True-DRO Benders iter 37 ===
  OMP: t₀=28.552053, UB=29.726621, gap=3.95e-02, x=[0, 0, 0, 0, 0, 0, 0, 0, 0, 0, 0, 0, 0, 0, 0, 0, 0, 0, 0, 0, 0, 0, 0, 0, 0, 0, 0, 1, 0, 0, 0, 0, 0, 0, 0, 0, 1, 0, 0, 0, 0, 0, 0, 0, 0, 0, 0] (0.000s)
  Sub: Z₀=28.552050 [LOCAL] (0.2s), α=[0.000,0.000,0.000,0.000,0.000,0.000,0.000,0.000,0.000,0.000,0.000,0.000,0.000,0.000,0.000,0.000,0.000,0.000,0.000,0.000,0.000,0.000,0.000,0.000,0.000,0.000,0.000,0.865,3.962,0.000,0.000,0.000,0.000,0.000,0.000,0.000,5.422,0.000,0.000,0.000,0.000,0.000,0.000,0.000,0.000,0.000,0.000]
  Iter 37: LB=28.552053  UB=29.726621  gap=3.95e-02
  Cut: intercept=-1152.706941, π_x_range=[-830.3740, 592.4210]
  Mini-Benders[1] (mw): LB=28.552053, Z₀(α*)=28.552053, intercept=-104.579890 (0.328s) [OMP=0.295 ISP-L=0.004 ISP-F=0.010 MW-L=0.009 MW-F=0.013]
  Mini-Benders[2] (mw): LB=28.552053, Z₀(α*)=28.552053, intercept=-104.579890 (0.328s) [OMP=0.291 ISP-L=0.004 ISP-F=0.010 MW-L=0.008 MW-F=0.010]
  Mini-Benders[3]: LB stagnated, break
  α-step: Z₀=28.552053, α=[0.000,0.000,0.000,0.000,0.000,0.000,0.000,0.000,0.000,0.000,0.000,0.000,0.000,0.000,0.000,0.000,0.000,0.000,0.000,0.000,0.000,0.000,0.000,0.000,0.000,0.000,0.000,2.034,1.030,0.000,0.000,0.000,0.000,0.000,0.000,0.000,7.185,0.000,0.000,0.000,0.000,0.000,0.000,0.000,0.000,0.000,0.000]
  Alt-Benders[1] (mw): LB=28.552053, Z₀(α*)=28.552053, intercept=-105.129242 (0.328s) [OMP=0.290 ISP-L=0.004 ISP-F=0.011 MW-L=0.009 MW-F=0.010]
  Alt-Benders[2] (mw): LB=28.552053, Z₀(α*)=28.552053, intercept=-105.129242 (0.328s) [OMP=0.290 ISP-L=0.004 ISP-F=0.011 MW-L=0.013 MW-F=0.010]
  Alt-Benders[3]: LB stagnated, break
  OMP re-solve: 0.000s

=== True-DRO Benders iter 38 ===
  OMP: t₀=28.552053, UB=29.726621, gap=3.95e-02, x=[0, 0, 0, 0, 0, 0, 0, 0, 0, 0, 0, 0, 0, 0, 0, 0, 0, 0, 0, 0, 0, 0, 0, 0, 0, 0, 0, 1, 0, 0, 0, 0, 0, 0, 0, 0, 1, 0, 0, 0, 0, 0, 0, 0, 0, 0, 0] (0.000s)
  Sub: Z₀=28.552050 [LOCAL] (0.2s), α=[0.000,0.000,0.000,0.000,0.000,0.000,0.000,0.000,0.000,0.000,0.000,0.000,0.000,0.000,0.000,0.000,0.000,0.000,0.000,0.000,0.000,0.000,0.000,0.000,0.000,0.000,0.000,0.865,3.962,0.000,0.000,0.000,0.000,0.000,0.000,0.000,5.422,0.000,0.000,0.000,0.000,0.000,0.000,0.000,0.000,0.000,0.000]
  Iter 38: LB=28.552053  UB=29.726621  gap=3.95e-02
  Cut: intercept=-1152.706941, π_x_range=[-830.3740, 592.4210]
  Mini-Benders[1] (mw): LB=28.552053, Z₀(α*)=28.552053, intercept=-104.579890 (0.328s) [OMP=0.290 ISP-L=0.004 ISP-F=0.010 MW-L=0.013 MW-F=0.010]
  Mini-Benders[2] (mw): LB=28.552053, Z₀(α*)=28.552053, intercept=-104.579890 (0.312s) [OMP=0.289 ISP-L=0.004 ISP-F=0.010 MW-L=0.009 MW-F=0.010]
  Mini-Benders[3]: LB stagnated, break
  α-step: Z₀=28.552053, α=[0.000,0.000,0.000,0.000,0.000,0.000,0.000,0.000,0.000,0.000,0.000,0.000,0.000,0.000,0.000,0.000,0.000,0.000,0.000,0.000,0.000,0.000,0.000,0.000,0.000,0.000,0.000,2.034,1.030,0.000,0.000,0.000,0.000,0.000,0.000,0.000,7.185,0.000,0.000,0.000,0.000,0.000,0.000,0.000,0.000,0.000,0.000]
  Alt-Benders[1] (mw): LB=28.552053, Z₀(α*)=28.552053, intercept=-105.129242 (0.328s) [OMP=0.289 ISP-L=0.004 ISP-F=0.011 MW-L=0.009 MW-F=0.010]
  Alt-Benders[2] (mw): LB=28.552053, Z₀(α*)=28.552053, intercept=-105.129242 (0.329s) [OMP=0.290 ISP-L=0.004 ISP-F=0.011 MW-L=0.013 MW-F=0.010]
  Alt-Benders[3]: LB stagnated, break
  OMP re-solve: 0.000s

=== True-DRO Benders iter 39 ===
  OMP: t₀=28.552053, UB=29.726621, gap=3.95e-02, x=[0, 0, 0, 0, 0, 0, 0, 0, 0, 0, 0, 0, 0, 0, 0, 0, 0, 0, 0, 0, 0, 0, 0, 0, 0, 0, 0, 1, 0, 0, 0, 0, 0, 0, 0, 0, 1, 0, 0, 0, 0, 0, 0, 0, 0, 0, 0] (0.000s)
  Sub: Z₀=28.552050 [LOCAL] (0.2s), α=[0.000,0.000,0.000,0.000,0.000,0.000,0.000,0.000,0.000,0.000,0.000,0.000,0.000,0.000,0.000,0.000,0.000,0.000,0.000,0.000,0.000,0.000,0.000,0.000,0.000,0.000,0.000,0.865,3.962,0.000,0.000,0.000,0.000,0.000,0.000,0.000,5.422,0.000,0.000,0.000,0.000,0.000,0.000,0.000,0.000,0.000,0.000]
  Iter 39: LB=28.552053  UB=29.726621  gap=3.95e-02
  Cut: intercept=-1152.706941, π_x_range=[-830.3740, 592.4210]
  Mini-Benders[1] (mw): LB=28.552053, Z₀(α*)=28.552053, intercept=-104.579890 (0.328s) [OMP=0.291 ISP-L=0.004 ISP-F=0.010 MW-L=0.008 MW-F=0.010]
  Mini-Benders[2] (mw): LB=28.552053, Z₀(α*)=28.552053, intercept=-104.579890 (0.328s) [OMP=0.290 ISP-L=0.004 ISP-F=0.010 MW-L=0.009 MW-F=0.014]
  Mini-Benders[3]: LB stagnated, break
  α-step: Z₀=28.552053, α=[0.000,0.000,0.000,0.000,0.000,0.000,0.000,0.000,0.000,0.000,0.000,0.000,0.000,0.000,0.000,0.000,0.000,0.000,0.000,0.000,0.000,0.000,0.000,0.000,0.000,0.000,0.000,2.034,1.030,0.000,0.000,0.000,0.000,0.000,0.000,0.000,7.185,0.000,0.000,0.000,0.000,0.000,0.000,0.000,0.000,0.000,0.000]
  Alt-Benders[1] (mw): LB=28.552053, Z₀(α*)=28.552053, intercept=-105.129242 (0.328s) [OMP=0.287 ISP-L=0.004 ISP-F=0.011 MW-L=0.008 MW-F=0.014]
  Alt-Benders[2] (mw): LB=28.552053, Z₀(α*)=28.552053, intercept=-105.129242 (0.328s) [OMP=0.287 ISP-L=0.004 ISP-F=0.011 MW-L=0.009 MW-F=0.010]
  Alt-Benders[3]: LB stagnated, break
  OMP re-solve: 0.000s

=== True-DRO Benders iter 40 ===
  OMP: t₀=28.552053, UB=29.726621, gap=3.95e-02, x=[0, 0, 0, 0, 0, 0, 0, 0, 0, 0, 0, 0, 0, 0, 0, 0, 0, 0, 0, 0, 0, 0, 0, 0, 0, 0, 0, 1, 0, 0, 0, 0, 0, 0, 0, 0, 1, 0, 0, 0, 0, 0, 0, 0, 0, 0, 0] (0.000s)
  Sub: Z₀=28.867941 (4.8s), α=[0.000,0.000,0.000,0.000,0.000,0.000,0.000,0.000,0.000,0.000,0.000,0.000,0.000,0.000,0.000,0.000,0.000,0.000,0.000,0.000,0.000,0.000,0.000,0.000,1.613,0.000,0.000,0.017,0.102,0.000,0.000,0.000,0.000,0.000,0.000,0.000,8.518,0.000,0.000,0.000,0.000,0.000,0.000,0.000,0.000,0.000,0.000]
  Iter 40: LB=28.552053  UB=28.867941  gap=1.09e-02
  Cut: intercept=-133.989074, π_x_range=[-163.4129, 103.8180]
  Sherali-Cut: intercept=-100.680779, π_x_range=[-85.7347, 84.9120]
  Mini-Benders[1] (mw): LB=28.567099, Z₀(α*)=33.949160, intercept=-24.001908 (0.344s) [OMP=0.298 ISP-L=0.005 ISP-F=0.011 MW-L=0.013 MW-F=0.011]
  Mini-Benders[2] (mw): LB=28.569287, Z₀(α*)=27.587584, intercept=-55.097142 (0.359s) [OMP=0.320 ISP-L=0.004 ISP-F=0.012 MW-L=0.008 MW-F=0.009]
  Mini-Benders[3] (mw): LB=28.569287, Z₀(α*)=27.587584, intercept=-55.097142 (0.344s) [OMP=0.309 ISP-L=0.004 ISP-F=0.012 MW-L=0.012 MW-F=0.009]
  Mini-Benders[4] (mw): LB=28.569287, Z₀(α*)=27.587584, intercept=-55.097142 (0.343s) [OMP=0.309 ISP-L=0.004 ISP-F=0.011 MW-L=0.008 MW-F=0.009]
  Mini-Benders[5]: LB stagnated, break
  α-step: Z₀=38.319953, α=[0.000,0.000,0.000,0.000,0.000,0.000,0.000,0.000,0.000,0.000,0.000,0.000,0.000,0.000,0.000,0.000,0.000,0.000,0.000,0.000,0.000,0.000,0.000,0.000,1.121,0.000,0.000,0.000,4.629,0.000,2.605,0.000,0.000,0.000,0.000,0.000,1.895,0.000,0.000,0.000,0.000,0.000,0.000,0.000,0.000,0.000,0.000]
  Alt-Benders[1] (mw): LB=28.593311, Z₀(α*)=24.341882, intercept=-37.711006 (0.360s) [OMP=0.315 ISP-L=0.005 ISP-F=0.011 MW-L=0.009 MW-F=0.015]
  Alt-Benders[2] (mw): LB=28.593311, Z₀(α*)=24.341882, intercept=-37.711006 (0.328s) [OMP=0.299 ISP-L=0.004 ISP-F=0.011 MW-L=0.009 MW-F=0.011]
  Alt-Benders[3] (mw): LB=28.593311, Z₀(α*)=24.341882, intercept=-37.711006 (0.344s) [OMP=0.294 ISP-L=0.004 ISP-F=0.011 MW-L=0.009 MW-F=0.015]
  Alt-Benders[4]: LB stagnated, break
  OMP re-solve: 0.000s

=== True-DRO Benders iter 41 ===
  OMP: t₀=28.593311, UB=28.867941, gap=9.51e-03, x=[0, 0, 0, 0, 0, 0, 0, 0, 0, 0, 0, 0, 0, 0, 0, 0, 0, 0, 0, 0, 0, 0, 0, 0, 0, 0, 0, 0, 0, 0, 0, 1, 0, 0, 0, 1, 0, 0, 0, 0, 0, 0, 0, 0, 0, 0, 0] (0.000s)
  Sub: Z₀=37.266118 [LOCAL] (0.2s), α=[0.000,0.000,0.000,0.000,0.000,0.000,0.000,0.000,0.000,0.000,0.000,0.000,0.000,0.000,0.000,0.000,0.000,0.000,0.000,0.000,0.000,0.000,0.000,0.000,5.265,0.000,0.000,0.036,4.948,0.000,0.000,0.000,0.000,0.000,0.000,0.000,0.000,0.000,0.000,0.000,0.000,0.000,0.000,0.000,0.000,0.000,0.000]
  Iter 41: LB=28.593311  UB=28.867941  gap=9.51e-03
  Cut: intercept=-1116.668527, π_x_range=[-829.8863, 589.5961]
  Mini-Benders[1] (mw): LB=28.606289, Z₀(α*)=31.266643, intercept=-53.783094 (0.360s) [OMP=0.315 ISP-L=0.004 ISP-F=0.012 MW-L=0.009 MW-F=0.015]
  Mini-Benders[2] (mw): LB=28.867942, Z₀(α*)=23.937715, intercept=-134.059943 (0.343s) [OMP=0.317 ISP-L=0.004 ISP-F=0.012 MW-L=0.009 MW-F=0.010]
  Mini-Benders[2]: gap=1.88e-08 ≤ tol, break
  α-step: Z₀=27.795836, α=[0.000,0.000,0.000,0.000,0.000,0.000,0.000,0.000,0.000,0.000,0.000,0.000,0.000,0.000,0.000,0.000,0.000,0.000,0.000,0.000,0.000,0.000,0.000,0.000,2.021,0.000,0.000,0.000,5.071,0.000,0.000,0.000,0.000,0.000,0.000,0.000,3.157,0.000,0.000,0.000,0.000,0.000,0.000,0.000,0.000,0.000,0.000]
  Alt-Benders[1] (mw): LB=28.867942, Z₀(α*)=27.892213, intercept=-104.165559 (0.343s) [OMP=0.309 ISP-L=0.004 ISP-F=0.010 MW-L=0.008 MW-F=0.011]
  Alt-Benders[1]: gap=1.88e-08 ≤ tol, break
  OMP re-solve: 0.298s

=== True-DRO Benders iter 42 ===
  OMP: t₀=28.867942, UB=28.867941, gap=1.88e-08, x=[0, 0, 0, 0, 0, 0, 0, 0, 0, 0, 0, 0, 0, 0, 0, 0, 0, 0, 0, 0, 0, 0, 0, 0, 0, 0, 0, 1, 0, 0, 0, 0, 0, 0, 0, 0, 1, 0, 0, 0, 0, 0, 0, 0, 0, 0, 0] (0.001s)
  Sub: Z₀=28.552050 [LOCAL] (0.2s), α=[0.000,0.000,0.000,0.000,0.000,0.000,0.000,0.000,0.000,0.000,0.000,0.000,0.000,0.000,0.000,0.000,0.000,0.000,0.000,0.000,0.000,0.000,0.000,0.000,0.000,0.000,0.000,0.865,3.962,0.000,0.000,0.000,0.000,0.000,0.000,0.000,5.422,0.000,0.000,0.000,0.000,0.000,0.000,0.000,0.000,0.000,0.000]
  Iter 42: LB=28.867942  UB=28.867941  gap=1.88e-08
True-DRO Benders converged at iter 42 (gap=1.88e-08)
  Wall time: 198.36 sec
  OMP  time: mean=0.166s, median=0.180s, max=0.320s
  Sub  time (exact): mean=4.853s, median=3.213s, q90=10.222s, max=14.481s (n=6/42)

Result (double/mb_only): Z₀=28.867941, iters=42, time=198.4s
x arcs = [28, 37]
