============================================================
polska — double: ε̂=0.10, ε̃=0.10, β=0.70
============================================================
Set parameter Username
Set parameter LicenseID to value 2742039
Academic license - for non-commercial use only - expires 2026-11-20
Set parameter Username
Set parameter LicenseID to value 2742039
Academic license - for non-commercial use only - expires 2026-11-20
Set parameter OutputFlag to value 1
Set parameter LogFile to value "global_miqcp.log"
Set parameter Username
Set parameter LicenseID to value 2742039
Academic license - for non-commercial use only - expires 2026-11-20
Set parameter Username
Set parameter LicenseID to value 2742039
Academic license - for non-commercial use only - expires 2026-11-20
Set parameter Username
Set parameter LicenseID to value 2742039
Academic license - for non-commercial use only - expires 2026-11-20
Set parameter Username
Set parameter LicenseID to value 2742039
Academic license - for non-commercial use only - expires 2026-11-20

=== True-DRO Benders iter 1 ===
  OMP: t₀=6.268929, UB=Inf, gap=NaN, x=[0, 0, 0, 0, 0, 0, 0, 0, 0, 0, 0, 0, 1, 0, 0, 0, 0, 0, 0, 0, 0, 0, 0, 0, 0, 0, 0, 0, 0, 0, 0, 0, 0, 1, 0, 0] (0.041s)
  Sub: Z₀=16.918246 [LOCAL] (0.2s), α=[0.000,0.000,0.000,0.000,0.000,0.000,0.000,0.000,0.000,0.000,0.000,0.000,1.829,0.162,0.000,0.000,0.000,0.000,0.000,0.000,0.000,0.000,0.000,0.000,0.000,0.000,0.000,0.000,0.000,0.000,0.000,0.000,0.000,7.953,0.000,0.000]
  Iter 1: LB=6.268929  UB=Inf  gap=NaN
  Cut: intercept=-1160.726126, π_x_range=[-818.5153, 593.4971]
  Mini-Benders[1] (mw): LB=9.544851, Z₀(α*)=13.699233, intercept=-62.385470 (0.182s) [OMP=0.127 ISP-L=0.009 ISP-F=0.022 MW-L=0.010 MW-F=0.016]
  Mini-Benders[2] (mw): LB=9.735199, Z₀(α*)=-42.102993, intercept=-118.738903 (0.339s) [OMP=0.264 ISP-L=0.006 ISP-F=0.015 MW-L=0.032 MW-F=0.015]
  Mini-Benders[3] (mw): LB=9.735199, Z₀(α*)=-42.102993, intercept=-118.738903 (0.276s) [OMP=0.231 ISP-L=0.006 ISP-F=0.015 MW-L=0.010 MW-F=0.015]
  Mini-Benders[4] (mw): LB=9.735199, Z₀(α*)=-42.102993, intercept=-118.738903 (0.291s) [OMP=0.244 ISP-L=0.006 ISP-F=0.015 MW-L=0.009 MW-F=0.014]
  Mini-Benders[5]: LB stagnated, break
Set parameter NonConvex to value 2
Set parameter DualReductions to value 0
  α-step: Z₀=16.429343, α=[0.000,0.000,0.084,0.000,0.000,6.591,0.000,0.000,0.000,0.000,0.000,0.000,0.000,1.001,0.000,0.000,0.000,0.079,0.000,0.000,0.000,0.000,2.189,0.000,0.000,0.000,0.000,0.000,0.000,0.000,0.000,0.000,0.000,0.000,0.000,0.000]
  Alt-Benders[1] (mw): LB=10.950919, Z₀(α*)=-32.865902, intercept=-59.044841 (0.370s) [OMP=0.328 ISP-L=0.006 ISP-F=0.017 MW-L=0.010 MW-F=0.014]
  Alt-Benders[2] (mw): LB=10.950919, Z₀(α*)=-32.865902, intercept=-59.044841 (0.402s) [OMP=0.350 ISP-L=0.006 ISP-F=0.017 MW-L=0.009 MW-F=0.013]
  Alt-Benders[3] (mw): LB=10.950919, Z₀(α*)=-32.865902, intercept=-59.044841 (0.400s) [OMP=0.359 ISP-L=0.006 ISP-F=0.017 MW-L=0.009 MW-F=0.013]
  Alt-Benders[4]: LB stagnated, break
  OMP re-solve: 0.001s

=== True-DRO Benders iter 2 ===
  OMP: t₀=10.950919, UB=Inf, gap=NaN, x=[0, 0, 0, 0, 0, 0, 0, 0, 0, 0, 0, 0, 1, 1, 0, 0, 0, 0, 0, 0, 0, 0, 0, 0, 0, 0, 0, 0, 0, 0, 0, 0, 0, 0, 0, 0] (0.001s)
  Sub: Z₀=22.057969 [LOCAL] (0.3s), α=[0.000,0.000,2.118,0.000,0.000,0.000,0.000,0.000,0.000,0.000,0.000,0.000,0.913,1.879,0.000,0.000,0.000,0.050,0.000,0.000,0.000,0.000,0.000,0.000,0.000,0.000,0.000,0.000,0.000,0.000,0.000,0.000,0.000,4.984,0.000,0.000]
  Iter 2: LB=10.950919  UB=Inf  gap=NaN
  Cut: intercept=-1139.113411, π_x_range=[-819.9809, 588.7186]
  Mini-Benders[1] (mw): LB=11.035939, Z₀(α*)=9.190675, intercept=-30.102944 (0.416s) [OMP=0.340 ISP-L=0.006 ISP-F=0.018 MW-L=0.008 MW-F=0.036]
  Mini-Benders[2] (mw): LB=11.035939, Z₀(α*)=9.190675, intercept=-30.102944 (0.386s) [OMP=0.342 ISP-L=0.006 ISP-F=0.018 MW-L=0.008 MW-F=0.015]
  Mini-Benders[3] (mw): LB=11.035939, Z₀(α*)=9.190675, intercept=-30.102944 (0.385s) [OMP=0.344 ISP-L=0.006 ISP-F=0.017 MW-L=0.008 MW-F=0.016]
  Mini-Benders[4]: LB stagnated, break
  α-step: Z₀=22.529579, α=[0.000,0.000,1.296,0.000,0.000,0.000,0.000,0.000,0.000,0.000,0.000,0.000,0.000,0.000,0.000,0.000,0.000,0.400,0.000,0.000,0.000,0.000,0.000,0.000,0.000,0.000,0.000,0.000,0.000,0.000,0.000,0.000,0.000,8.249,0.000,0.000]
  Alt-Benders[1] (mw): LB=11.592142, Z₀(α*)=13.168857, intercept=-58.296318 (0.358s) [OMP=0.322 ISP-L=0.006 ISP-F=0.016 MW-L=0.010 MW-F=0.014]
  Alt-Benders[2] (mw): LB=11.656086, Z₀(α*)=21.114705, intercept=-53.267862 (0.557s) [OMP=0.501 ISP-L=0.006 ISP-F=0.018 MW-L=0.009 MW-F=0.015]
  Alt-Benders[3] (mw): LB=11.763232, Z₀(α*)=6.194988, intercept=-86.434312 (0.432s) [OMP=0.379 ISP-L=0.006 ISP-F=0.017 MW-L=0.009 MW-F=0.015]
  Alt-Benders[4] (mw): LB=11.763232, Z₀(α*)=6.194988, intercept=-86.434312 (0.385s) [OMP=0.340 ISP-L=0.006 ISP-F=0.017 MW-L=0.010 MW-F=0.015]
  Alt-Benders[5] (mw): LB=11.763232, Z₀(α*)=6.194988, intercept=-86.434312 (0.400s) [OMP=0.349 ISP-L=0.006 ISP-F=0.016 MW-L=0.008 MW-F=0.014]
  OMP re-solve: 0.343s

=== True-DRO Benders iter 3 ===
  OMP: t₀=11.763232, UB=Inf, gap=NaN, x=[0, 0, 0, 0, 0, 1, 0, 0, 0, 0, 0, 0, 0, 0, 0, 0, 0, 0, 0, 0, 0, 0, 0, 0, 0, 0, 0, 0, 0, 0, 0, 0, 1, 0, 0, 0] (0.000s)
  Sub: Z₀=17.610522 [LOCAL] (0.3s), α=[0.000,0.000,0.000,0.000,0.000,3.395,0.000,0.000,0.000,0.000,0.000,0.000,0.000,0.424,0.000,0.000,0.000,0.259,0.000,0.000,0.000,0.000,0.000,0.000,0.000,0.000,0.000,0.000,0.000,0.000,0.000,0.000,5.430,0.437,0.000,0.000]
  Iter 3: LB=11.763232  UB=Inf  gap=NaN
  Cut: intercept=-1113.560409, π_x_range=[-818.9400, 575.7589]
  Mini-Benders[1] (mw): LB=11.781872, Z₀(α*)=-10.415415, intercept=-25.259716 (0.417s) [OMP=0.366 ISP-L=0.006 ISP-F=0.017 MW-L=0.009 MW-F=0.015]
  Mini-Benders[2] (mw): LB=11.781872, Z₀(α*)=-10.415415, intercept=-25.259716 (0.369s) [OMP=0.324 ISP-L=0.006 ISP-F=0.018 MW-L=0.008 MW-F=0.015]
  Mini-Benders[3] (mw): LB=11.781872, Z₀(α*)=-10.415415, intercept=-25.259716 (0.370s) [OMP=0.330 ISP-L=0.006 ISP-F=0.018 MW-L=0.008 MW-F=0.015]
  Mini-Benders[4]: LB stagnated, break
  α-step: Z₀=22.672553, α=[0.000,0.000,1.696,0.000,0.000,0.000,0.000,0.000,0.000,0.000,0.000,0.000,0.000,0.000,0.000,0.000,0.000,0.000,0.000,0.000,0.000,0.000,0.000,0.000,0.000,0.000,0.000,0.000,0.000,0.000,0.000,0.000,0.452,7.796,0.000,0.000]
  Alt-Benders[1] (mw): LB=11.781872, Z₀(α*)=22.672553, intercept=-13.833711 (0.415s) [OMP=0.381 ISP-L=0.006 ISP-F=0.016 MW-L=0.009 MW-F=0.016]
  Alt-Benders[2] (mw): LB=11.781872, Z₀(α*)=21.961236, intercept=-31.625733 (0.432s) [OMP=0.378 ISP-L=0.006 ISP-F=0.017 MW-L=0.008 MW-F=0.015]
  Alt-Benders[3] (mw): LB=11.781872, Z₀(α*)=22.672553, intercept=-13.833711 (0.416s) [OMP=0.365 ISP-L=0.005 ISP-F=0.017 MW-L=0.008 MW-F=0.013]
  Alt-Benders[4]: LB stagnated, break
  OMP re-solve: 0.000s

=== True-DRO Benders iter 4 ===
  OMP: t₀=11.781872, UB=Inf, gap=NaN, x=[0, 0, 1, 0, 0, 0, 0, 0, 0, 0, 0, 0, 0, 0, 0, 0, 0, 0, 0, 0, 0, 0, 0, 0, 0, 0, 0, 0, 0, 0, 0, 0, 0, 1, 0, 0] (0.000s)
  Sub: Z₀=20.627101 [LOCAL] (0.3s), α=[0.000,0.000,5.063,0.000,0.000,0.000,0.000,0.000,0.000,0.000,0.000,0.000,0.000,0.000,0.000,0.000,0.000,0.000,0.000,0.000,0.000,0.000,0.000,0.000,0.000,0.000,0.000,0.000,0.000,0.000,0.000,0.000,0.000,4.881,0.000,0.000]
  Iter 4: LB=11.781872  UB=Inf  gap=NaN
  Cut: intercept=-1146.113330, π_x_range=[-818.7561, 585.7455]
  Mini-Benders[1] (mw): LB=11.781872, Z₀(α*)=6.698034, intercept=-87.326997 (0.573s) [OMP=0.507 ISP-L=0.006 ISP-F=0.017 MW-L=0.025 MW-F=0.013]
  Mini-Benders[2] (mw): LB=11.781872, Z₀(α*)=6.698034, intercept=-87.326997 (0.416s) [OMP=0.366 ISP-L=0.006 ISP-F=0.017 MW-L=0.009 MW-F=0.013]
  Mini-Benders[3]: LB stagnated, break
  α-step: Z₀=20.434534, α=[0.000,0.000,0.000,0.000,0.000,0.000,0.000,0.000,0.000,0.000,0.000,0.000,0.000,0.000,0.000,0.000,0.000,3.895,0.000,0.000,0.000,0.000,0.000,0.000,0.000,0.000,0.000,0.000,0.000,0.000,0.000,0.000,0.000,6.049,0.000,0.000]
  Alt-Benders[1] (mw): LB=11.781872, Z₀(α*)=6.607175, intercept=-35.888813 (0.453s) [OMP=0.414 ISP-L=0.006 ISP-F=0.017 MW-L=0.009 MW-F=0.012]
  Alt-Benders[2] (mw): LB=11.781872, Z₀(α*)=6.607175, intercept=-35.888813 (0.417s) [OMP=0.371 ISP-L=0.006 ISP-F=0.018 MW-L=0.009 MW-F=0.012]
  Alt-Benders[3]: LB stagnated, break
  OMP re-solve: 0.000s

=== True-DRO Benders iter 5 ===
  OMP: t₀=11.781872, UB=Inf, gap=NaN, x=[0, 0, 0, 0, 0, 0, 0, 0, 0, 1, 0, 0, 0, 0, 0, 0, 0, 0, 0, 0, 0, 0, 0, 0, 0, 0, 0, 0, 0, 0, 0, 0, 0, 1, 0, 0] (0.000s)
  Sub: Z₀=21.923899 [TIME_LIMIT] (15.4s), α=[0.000,0.000,3.737,0.000,0.000,0.000,0.000,0.000,0.000,0.000,0.000,0.000,0.000,0.000,0.000,0.000,0.000,0.000,0.000,0.000,0.000,0.000,0.000,0.000,0.000,0.000,0.000,0.000,0.000,0.000,0.000,0.000,0.955,5.253,0.000,0.000]
  Iter 5: LB=11.781872  UB=22.266298  gap=4.71e-01
  Cut: intercept=-65.828465, π_x_range=[-245.0000, 57.2657]
  Mini-Benders[1] (mw): LB=11.781872, Z₀(α*)=19.680958, intercept=-23.720516 (0.435s) [OMP=0.385 ISP-L=0.006 ISP-F=0.017 MW-L=0.009 MW-F=0.013]
  Mini-Benders[2] (mw): LB=11.781872, Z₀(α*)=21.823899, intercept=-53.024803 (0.416s) [OMP=0.374 ISP-L=0.006 ISP-F=0.016 MW-L=0.008 MW-F=0.014]
  Mini-Benders[3]: LB stagnated, break
  α-step: Z₀=20.835602, α=[0.000,0.000,1.559,0.000,0.000,0.000,0.000,0.000,0.000,0.000,0.000,0.000,0.000,0.000,0.000,0.000,0.000,0.000,0.000,0.000,0.000,0.000,0.000,0.000,0.000,0.000,0.000,0.000,0.000,0.000,0.000,0.000,0.000,8.386,0.000,0.000]
  Alt-Benders[1] (mw): LB=11.908421, Z₀(α*)=7.831292, intercept=-92.998800 (0.510s) [OMP=0.442 ISP-L=0.006 ISP-F=0.016 MW-L=0.025 MW-F=0.013]
  Alt-Benders[2] (mw): LB=11.908421, Z₀(α*)=7.831292, intercept=-92.998800 (0.463s) [OMP=0.423 ISP-L=0.006 ISP-F=0.017 MW-L=0.010 MW-F=0.013]
  Alt-Benders[3] (mw): LB=11.908421, Z₀(α*)=7.831292, intercept=-92.998800 (0.479s) [OMP=0.426 ISP-L=0.006 ISP-F=0.016 MW-L=0.010 MW-F=0.013]
  Alt-Benders[4]: LB stagnated, break
  OMP re-solve: 0.000s

=== True-DRO Benders iter 6 ===
  OMP: t₀=11.908421, UB=22.266298, gap=4.65e-01, x=[0, 0, 0, 0, 0, 0, 0, 0, 0, 0, 0, 0, 0, 0, 0, 0, 0, 0, 0, 0, 0, 0, 1, 0, 0, 0, 0, 0, 0, 0, 0, 0, 1, 0, 0, 0] (0.000s)
  Sub: Z₀=21.400752 [LOCAL] (0.2s), α=[0.000,0.000,2.024,0.000,0.000,0.014,0.000,0.000,0.000,0.000,0.000,0.000,0.000,0.024,0.000,0.000,0.000,0.000,0.000,0.000,0.000,0.000,0.301,0.000,0.000,0.000,0.000,0.000,0.000,0.000,0.000,0.000,6.802,0.781,0.000,0.000]
  Iter 6: LB=11.908421  UB=22.266298  gap=4.65e-01
  Cut: intercept=-1119.084437, π_x_range=[-824.7194, 578.5183]
  Mini-Benders[1] (mw): LB=12.273291, Z₀(α*)=19.586311, intercept=-32.930236 (0.511s) [OMP=0.456 ISP-L=0.006 ISP-F=0.016 MW-L=0.010 MW-F=0.017]
  Mini-Benders[2] (mw): LB=12.381944, Z₀(α*)=-25.665608, intercept=-40.174389 (0.650s) [OMP=0.599 ISP-L=0.006 ISP-F=0.017 MW-L=0.010 MW-F=0.016]
  Mini-Benders[3] (mw): LB=12.381944, Z₀(α*)=-25.665608, intercept=-40.174389 (0.479s) [OMP=0.439 ISP-L=0.006 ISP-F=0.016 MW-L=0.009 MW-F=0.014]
  Mini-Benders[4] (mw): LB=12.381944, Z₀(α*)=-25.665608, intercept=-40.174389 (0.500s) [OMP=0.443 ISP-L=0.006 ISP-F=0.016 MW-L=0.009 MW-F=0.014]
  Mini-Benders[5]: LB stagnated, break
  α-step: Z₀=22.938549, α=[0.000,0.000,2.605,0.000,0.000,0.000,0.000,0.000,0.000,0.000,0.000,0.000,2.900,0.000,0.000,0.000,0.000,0.771,0.000,0.000,0.000,0.000,0.000,0.000,0.000,0.000,0.000,0.000,0.000,0.000,0.000,0.000,0.000,3.669,0.000,0.000]
  Alt-Benders[1] (mw): LB=12.494595, Z₀(α*)=3.148574, intercept=-16.546894 (0.525s) [OMP=0.455 ISP-L=0.006 ISP-F=0.032 MW-L=0.009 MW-F=0.014]
  Alt-Benders[2] (mw): LB=12.494595, Z₀(α*)=3.148574, intercept=-16.546894 (0.776s) [OMP=0.730 ISP-L=0.006 ISP-F=0.017 MW-L=0.009 MW-F=0.014]
  Alt-Benders[3] (mw): LB=12.494595, Z₀(α*)=3.148574, intercept=-16.546894 (0.760s) [OMP=0.709 ISP-L=0.006 ISP-F=0.017 MW-L=0.010 MW-F=0.015]
  Alt-Benders[4]: LB stagnated, break
  OMP re-solve: 0.000s

=== True-DRO Benders iter 7 ===
  OMP: t₀=12.494595, UB=22.266298, gap=4.39e-01, x=[0, 0, 0, 0, 0, 0, 0, 0, 0, 0, 0, 0, 0, 0, 0, 0, 0, 0, 0, 0, 0, 0, 0, 0, 0, 0, 0, 1, 0, 0, 0, 0, 1, 0, 0, 0] (0.000s)
  Sub: Z₀=21.392847 [LOCAL] (0.3s), α=[0.000,0.000,2.187,0.000,0.000,0.000,0.000,0.000,0.000,0.000,0.000,0.000,0.000,0.000,0.000,0.000,0.000,0.000,0.000,0.000,0.000,0.000,0.000,0.000,0.000,0.000,0.000,0.000,0.000,0.000,0.000,0.000,5.242,2.515,0.000,0.000]
  Iter 7: LB=12.494595  UB=22.266298  gap=4.39e-01
  Cut: intercept=-1140.489730, π_x_range=[-824.8572, 581.6509]
  Mini-Benders[1] (mw): LB=12.533151, Z₀(α*)=21.778187, intercept=-67.259844 (0.495s) [OMP=0.438 ISP-L=0.006 ISP-F=0.016 MW-L=0.008 MW-F=0.018]
  Mini-Benders[2] (mw): LB=12.533151, Z₀(α*)=22.038414, intercept=-21.341116 (0.588s) [OMP=0.533 ISP-L=0.006 ISP-F=0.016 MW-L=0.009 MW-F=0.016]
  Mini-Benders[3] (mw): LB=12.533151, Z₀(α*)=9.434351, intercept=-79.367811 (0.698s) [OMP=0.649 ISP-L=0.006 ISP-F=0.017 MW-L=0.009 MW-F=0.014]
  Mini-Benders[4]: LB stagnated, break
  α-step: Z₀=18.557002, α=[0.000,0.000,0.000,0.000,0.000,0.000,0.330,0.000,0.000,0.000,0.000,0.000,0.000,0.000,0.000,0.000,0.000,1.584,0.000,0.000,0.000,0.000,0.000,0.000,0.000,0.000,0.000,0.000,0.000,0.000,0.000,0.000,2.686,5.345,0.000,0.000]
  Alt-Benders[1] (mw): LB=12.533151, Z₀(α*)=8.893489, intercept=-44.947614 (0.513s) [OMP=0.455 ISP-L=0.006 ISP-F=0.017 MW-L=0.008 MW-F=0.028]
  Alt-Benders[2] (mw): LB=12.533151, Z₀(α*)=8.893489, intercept=-44.947614 (0.463s) [OMP=0.409 ISP-L=0.006 ISP-F=0.017 MW-L=0.009 MW-F=0.013]
  Alt-Benders[3] (mw): LB=12.533151, Z₀(α*)=8.893489, intercept=-44.947614 (0.447s) [OMP=0.410 ISP-L=0.006 ISP-F=0.017 MW-L=0.009 MW-F=0.012]
  Alt-Benders[4]: LB stagnated, break
  OMP re-solve: 0.000s

=== True-DRO Benders iter 8 ===
  OMP: t₀=12.533151, UB=22.266298, gap=4.37e-01, x=[0, 0, 0, 0, 0, 0, 0, 0, 0, 0, 0, 0, 0, 0, 0, 0, 0, 0, 0, 0, 0, 1, 0, 0, 0, 0, 0, 0, 0, 0, 0, 0, 1, 0, 0, 0] (0.000s)
  Sub: Z₀=20.711137 [LOCAL] (0.3s), α=[0.000,0.000,2.038,0.000,0.000,0.000,0.000,0.000,0.000,0.000,0.000,0.000,0.000,0.000,0.000,0.000,0.000,0.000,0.000,0.000,0.000,0.000,0.000,0.000,0.000,0.000,0.000,0.000,0.000,0.000,0.000,0.000,7.907,0.000,0.000,0.000]
  Iter 8: LB=12.533151  UB=22.266298  gap=4.37e-01
  Cut: intercept=-1142.425024, π_x_range=[-824.2984, 588.5766]
  Mini-Benders[1] (mw): LB=12.533151, Z₀(α*)=18.906626, intercept=-56.580076 (0.651s) [OMP=0.610 ISP-L=0.006 ISP-F=0.016 MW-L=0.009 MW-F=0.012]
  Mini-Benders[2] (mw): LB=12.533151, Z₀(α*)=2.552138, intercept=-79.977599 (0.516s) [OMP=0.470 ISP-L=0.006 ISP-F=0.015 MW-L=0.008 MW-F=0.012]
  Mini-Benders[3]: LB stagnated, break
  α-step: Z₀=14.223380, α=[0.000,0.000,4.723,0.000,0.000,0.000,0.000,0.000,0.000,0.000,0.000,0.000,0.000,0.000,0.000,0.000,0.000,0.000,0.000,0.000,0.000,0.000,0.000,0.000,0.000,0.000,0.000,0.000,0.000,0.000,0.000,0.000,5.222,0.000,0.000,0.000]
  Alt-Benders[1] (mw): LB=12.533151, Z₀(α*)=15.485409, intercept=-67.123987 (0.465s) [OMP=0.422 ISP-L=0.006 ISP-F=0.017 MW-L=0.009 MW-F=0.013]
  Alt-Benders[2] (mw): LB=12.533151, Z₀(α*)=12.456325, intercept=-19.820605 (0.557s) [OMP=0.499 ISP-L=0.006 ISP-F=0.016 MW-L=0.010 MW-F=0.013]
  Alt-Benders[3]: LB stagnated, break
  OMP re-solve: 0.000s

=== True-DRO Benders iter 9 ===
  OMP: t₀=12.533151, UB=22.266298, gap=4.37e-01, x=[0, 0, 0, 0, 0, 0, 0, 0, 0, 0, 0, 0, 0, 0, 0, 0, 0, 0, 0, 0, 0, 0, 0, 0, 0, 0, 0, 0, 0, 0, 1, 0, 1, 0, 0, 0] (0.000s)
  Sub: Z₀=21.362518 [LOCAL] (0.3s), α=[0.000,0.000,2.169,0.000,0.000,0.000,0.000,0.000,0.000,0.000,0.000,0.000,0.000,0.000,0.000,0.000,0.000,0.000,0.000,0.000,0.000,0.000,0.000,0.000,0.000,0.000,0.000,0.000,0.000,0.000,0.000,0.000,5.852,1.924,0.000,0.000]
  Iter 9: LB=12.533151  UB=22.266298  gap=4.37e-01
  Cut: intercept=-1160.995862, π_x_range=[-824.4711, 596.0588]
  Mini-Benders[1] (mw): LB=12.533151, Z₀(α*)=22.019923, intercept=-35.969850 (0.511s) [OMP=0.476 ISP-L=0.005 ISP-F=0.015 MW-L=0.009 MW-F=0.014]
  Mini-Benders[2] (mw): LB=12.965403, Z₀(α*)=-15.421346, intercept=-44.909853 (0.541s) [OMP=0.510 ISP-L=0.006 ISP-F=0.017 MW-L=0.009 MW-F=0.015]
  Mini-Benders[3] (mw): LB=12.965403, Z₀(α*)=-15.421346, intercept=-44.909853 (0.775s) [OMP=0.735 ISP-L=0.006 ISP-F=0.017 MW-L=0.010 MW-F=0.015]
  Mini-Benders[4] (mw): LB=12.965403, Z₀(α*)=-15.421346, intercept=-44.909853 (0.776s) [OMP=0.732 ISP-L=0.006 ISP-F=0.018 MW-L=0.010 MW-F=0.015]
  Mini-Benders[5]: LB stagnated, break
  α-step: Z₀=22.938549, α=[0.000,0.000,1.425,0.000,0.000,0.000,0.000,0.000,0.000,0.000,0.000,0.000,2.900,0.000,0.000,0.000,0.000,1.951,0.000,0.000,0.000,0.000,0.000,0.000,0.000,0.000,0.000,0.000,0.000,0.000,0.000,0.000,0.000,3.669,0.000,0.000]
  Alt-Benders[1] (mw): LB=13.067530, Z₀(α*)=23.265097, intercept=-51.230905 (0.591s) [OMP=0.537 ISP-L=0.006 ISP-F=0.017 MW-L=0.010 MW-F=0.013]
  Alt-Benders[2] (mw): LB=13.096807, Z₀(α*)=0.088682, intercept=-71.060491 (0.651s) [OMP=0.611 ISP-L=0.006 ISP-F=0.017 MW-L=0.009 MW-F=0.015]
  Alt-Benders[3] (mw): LB=13.096807, Z₀(α*)=0.088682, intercept=-71.060491 (0.494s) [OMP=0.444 ISP-L=0.006 ISP-F=0.018 MW-L=0.009 MW-F=0.013]
  Alt-Benders[4] (mw): LB=13.096807, Z₀(α*)=0.088682, intercept=-71.060491 (0.526s) [OMP=0.467 ISP-L=0.006 ISP-F=0.017 MW-L=0.024 MW-F=0.014]
  Alt-Benders[5]: LB stagnated, break
  OMP re-solve: 0.000s

=== True-DRO Benders iter 10 ===
  OMP: t₀=13.096807, UB=22.266298, gap=4.12e-01, x=[0, 0, 0, 0, 0, 1, 0, 0, 0, 0, 0, 0, 1, 0, 0, 0, 0, 0, 0, 0, 0, 0, 0, 0, 0, 0, 0, 0, 0, 0, 0, 0, 0, 0, 0, 0] (0.000s)
  Sub: Z₀=21.890854 [TIME_LIMIT] (15.3s), α=[0.000,0.000,1.745,0.000,0.000,1.851,0.000,0.000,0.000,0.000,0.000,0.000,0.000,4.425,0.000,0.000,0.000,0.256,0.000,0.000,0.000,0.000,0.000,0.000,0.000,0.000,0.000,0.000,0.000,0.121,0.444,0.000,0.000,1.101,0.000,0.000]
  Iter 10: LB=13.096807  UB=22.266298  gap=4.12e-01
  Cut: intercept=-82.239152, π_x_range=[-222.0000, 52.7565]
  Mini-Benders[1] (mw): LB=13.096807, Z₀(α*)=12.323678, intercept=-73.235567 (0.510s) [OMP=0.460 ISP-L=0.006 ISP-F=0.017 MW-L=0.010 MW-F=0.014]
  Mini-Benders[2] (mw): LB=13.096807, Z₀(α*)=12.323678, intercept=-73.235567 (0.526s) [OMP=0.474 ISP-L=0.006 ISP-F=0.017 MW-L=0.009 MW-F=0.013]
  Mini-Benders[3]: LB stagnated, break
  α-step: Z₀=22.457615, α=[0.000,0.000,2.609,0.000,0.000,0.000,0.000,0.000,0.000,0.000,0.000,0.000,0.000,4.607,0.000,0.000,0.000,0.000,0.000,0.000,0.000,0.000,0.302,0.000,0.000,0.000,0.000,0.000,0.000,0.000,0.000,0.000,0.000,2.427,0.000,0.000]
  Alt-Benders[1] (mw): LB=13.096807, Z₀(α*)=16.231113, intercept=-57.895090 (0.526s) [OMP=0.471 ISP-L=0.006 ISP-F=0.017 MW-L=0.010 MW-F=0.013]
  Alt-Benders[2] (mw): LB=13.096807, Z₀(α*)=0.849270, intercept=-74.566374 (0.713s) [OMP=0.673 ISP-L=0.006 ISP-F=0.017 MW-L=0.009 MW-F=0.013]
  Alt-Benders[3]: LB stagnated, break
  OMP re-solve: 0.000s

=== True-DRO Benders iter 11 ===
  OMP: t₀=13.096807, UB=22.266298, gap=4.12e-01, x=[0, 0, 1, 0, 0, 0, 0, 0, 0, 0, 0, 0, 1, 0, 0, 0, 0, 0, 0, 0, 0, 0, 0, 0, 0, 0, 0, 0, 0, 0, 0, 0, 0, 0, 0, 0] (0.000s)
  Sub: Z₀=20.400914 [LOCAL] (0.2s), α=[0.000,0.000,6.989,0.000,0.000,0.000,0.000,0.000,0.000,0.000,0.000,0.000,0.000,0.000,0.000,0.000,0.000,0.050,0.000,0.000,0.000,0.000,0.000,0.000,0.000,0.000,0.000,0.000,0.000,0.000,0.000,0.000,0.000,2.906,0.000,0.000]
  Iter 11: LB=13.096807  UB=22.266298  gap=4.12e-01
  Cut: intercept=-1124.677017, π_x_range=[-819.1581, 581.4530]
  Mini-Benders[1] (mw): LB=13.096807, Z₀(α*)=-4.544149, intercept=-88.023669 (0.557s) [OMP=0.515 ISP-L=0.006 ISP-F=0.017 MW-L=0.009 MW-F=0.017]
  Mini-Benders[2] (mw): LB=13.096807, Z₀(α*)=-4.544149, intercept=-88.023669 (0.573s) [OMP=0.503 ISP-L=0.006 ISP-F=0.017 MW-L=0.025 MW-F=0.017]
  Mini-Benders[3]: LB stagnated, break
  α-step: Z₀=22.537701, α=[0.000,0.000,0.000,0.000,0.000,0.000,0.330,0.000,0.000,0.000,0.000,0.000,0.681,1.277,0.000,0.000,0.000,3.919,0.000,0.000,0.000,0.000,0.000,0.000,0.000,0.000,0.000,0.000,0.000,0.000,0.000,0.000,0.000,3.737,0.000,0.000]
  Alt-Benders[1] (mw): LB=13.096807, Z₀(α*)=16.742092, intercept=-83.495348 (0.557s) [OMP=0.508 ISP-L=0.005 ISP-F=0.016 MW-L=0.008 MW-F=0.013]
  Alt-Benders[2] (mw): LB=13.096807, Z₀(α*)=1.293681, intercept=-97.965360 (0.526s) [OMP=0.482 ISP-L=0.006 ISP-F=0.017 MW-L=0.009 MW-F=0.011]
  Alt-Benders[3]: LB stagnated, break
  OMP re-solve: 0.000s

=== True-DRO Benders iter 12 ===
  OMP: t₀=13.096807, UB=22.266298, gap=4.12e-01, x=[0, 0, 0, 0, 0, 0, 0, 0, 0, 1, 0, 0, 1, 0, 0, 0, 0, 0, 0, 0, 0, 0, 0, 0, 0, 0, 0, 0, 0, 0, 0, 0, 0, 0, 0, 0] (0.000s)
  Sub: Z₀=21.592983 [LOCAL] (0.2s), α=[0.000,0.000,5.422,0.000,0.000,0.000,0.000,0.000,0.000,0.000,0.000,0.000,0.000,0.000,0.000,0.000,0.000,0.000,0.000,0.000,0.000,0.000,0.000,0.000,0.000,0.000,0.000,0.000,0.000,0.000,0.000,0.000,0.000,4.522,0.000,0.000]
  Iter 12: LB=13.096807  UB=22.266298  gap=4.12e-01
  Cut: intercept=-1115.517385, π_x_range=[-822.5396, 570.2579]
  Mini-Benders[1] (mw): LB=13.096807, Z₀(α*)=13.582414, intercept=-50.891661 (0.557s) [OMP=0.519 ISP-L=0.006 ISP-F=0.017 MW-L=0.010 MW-F=0.014]
  Mini-Benders[2] (mw): LB=13.096807, Z₀(α*)=5.032762, intercept=-55.168293 (0.510s) [OMP=0.455 ISP-L=0.006 ISP-F=0.018 MW-L=0.010 MW-F=0.013]
  Mini-Benders[3]: LB stagnated, break
  α-step: Z₀=22.631061, α=[0.000,0.000,1.508,0.000,0.000,0.000,0.000,0.000,0.000,0.000,0.000,0.000,2.687,1.079,0.000,0.000,0.000,1.560,0.000,0.000,0.000,0.224,0.000,0.000,0.000,0.000,0.000,0.000,0.000,0.000,0.000,0.000,0.000,2.887,0.000,0.000]
  Alt-Benders[1] (mw): LB=13.096807, Z₀(α*)=15.355567, intercept=-91.233584 (0.745s) [OMP=0.695 ISP-L=0.006 ISP-F=0.017 MW-L=0.010 MW-F=0.012]
  Alt-Benders[2] (mw): LB=13.168855, Z₀(α*)=7.777382, intercept=-56.183928 (0.807s) [OMP=0.741 ISP-L=0.006 ISP-F=0.016 MW-L=0.024 MW-F=0.014]
  Alt-Benders[3] (mw): LB=13.168855, Z₀(α*)=7.777382, intercept=-56.183928 (0.572s) [OMP=0.519 ISP-L=0.007 ISP-F=0.016 MW-L=0.009 MW-F=0.014]
  Alt-Benders[4] (mw): LB=13.168855, Z₀(α*)=7.777382, intercept=-56.183928 (0.557s) [OMP=0.516 ISP-L=0.007 ISP-F=0.016 MW-L=0.009 MW-F=0.014]
  Alt-Benders[5]: LB stagnated, break
  OMP re-solve: 0.000s

=== True-DRO Benders iter 13 ===
  OMP: t₀=13.168855, UB=22.266298, gap=4.09e-01, x=[0, 0, 0, 0, 0, 1, 0, 0, 0, 0, 0, 0, 0, 0, 0, 0, 0, 0, 0, 0, 0, 0, 0, 0, 0, 0, 0, 0, 0, 0, 0, 0, 0, 1, 0, 0] (0.000s)
  Sub: Z₀=19.079893 [LOCAL] (0.2s), α=[0.000,0.000,0.000,0.000,0.000,2.614,0.000,0.000,0.000,0.000,0.000,0.000,0.000,0.919,0.000,0.000,0.000,0.000,0.000,0.000,0.000,0.000,0.000,0.000,0.000,0.000,0.000,0.000,0.000,0.090,0.493,0.000,0.158,5.670,0.000,0.000]
  Iter 13: LB=13.168855  UB=22.266298  gap=4.09e-01
  Cut: intercept=-1117.000518, π_x_range=[-818.3729, 575.1189]
  Mini-Benders[1] (mw): LB=13.510969, Z₀(α*)=-23.012560, intercept=-85.449673 (0.776s) [OMP=0.723 ISP-L=0.006 ISP-F=0.018 MW-L=0.009 MW-F=0.015]
  Mini-Benders[2] (mw): LB=13.510969, Z₀(α*)=-23.012560, intercept=-85.449673 (0.525s) [OMP=0.490 ISP-L=0.006 ISP-F=0.018 MW-L=0.009 MW-F=0.016]
  Mini-Benders[3] (mw): LB=13.510969, Z₀(α*)=-23.012560, intercept=-85.449673 (0.542s) [OMP=0.492 ISP-L=0.005 ISP-F=0.017 MW-L=0.008 MW-F=0.014]
  Mini-Benders[4]: LB stagnated, break
  α-step: Z₀=22.373771, α=[0.000,0.000,2.237,0.000,0.000,0.000,0.000,0.000,0.000,0.000,0.000,0.000,0.000,0.000,0.000,0.000,0.000,0.000,0.000,0.000,0.000,1.775,4.597,0.000,0.000,0.000,0.000,0.000,0.000,0.000,0.000,0.000,1.336,0.000,0.000,0.000]
  Alt-Benders[1] (mw): LB=13.582412, Z₀(α*)=-27.818461, intercept=-55.648808 (0.840s) [OMP=0.774 ISP-L=0.006 ISP-F=0.018 MW-L=0.009 MW-F=0.030]
  Alt-Benders[2] (mw): LB=13.582412, Z₀(α*)=-27.818461, intercept=-55.648808 (0.557s) [OMP=0.507 ISP-L=0.006 ISP-F=0.018 MW-L=0.009 MW-F=0.013]
  Alt-Benders[3] (mw): LB=13.582412, Z₀(α*)=-27.818461, intercept=-55.648808 (0.573s) [OMP=0.520 ISP-L=0.006 ISP-F=0.018 MW-L=0.009 MW-F=0.014]
  Alt-Benders[4]: LB stagnated, break
  OMP re-solve: 0.000s

=== True-DRO Benders iter 14 ===
  OMP: t₀=13.582412, UB=22.266298, gap=3.90e-01, x=[0, 0, 0, 0, 0, 0, 0, 0, 0, 0, 0, 0, 1, 0, 0, 0, 0, 0, 0, 0, 0, 0, 0, 0, 0, 0, 0, 0, 0, 1, 0, 0, 0, 0, 0, 0] (0.000s)
  Sub: Z₀=23.265095 [LOCAL] (0.2s), α=[0.000,0.000,3.346,0.000,0.000,0.000,0.000,0.000,0.000,0.000,0.000,0.000,0.715,2.265,0.000,0.000,0.000,0.030,0.000,0.000,0.000,0.000,0.000,0.000,0.000,0.000,0.000,0.000,0.000,0.000,0.000,0.000,0.000,3.589,0.000,0.000]
  Iter 14: LB=13.582412  UB=22.266298  gap=3.90e-01
  Cut: intercept=-1141.349414, π_x_range=[-819.1928, 595.2124]
  Mini-Benders[1] (mw): LB=13.699231, Z₀(α*)=-8.471024, intercept=-61.407294 (0.761s) [OMP=0.721 ISP-L=0.006 ISP-F=0.016 MW-L=0.010 MW-F=0.015]
  Mini-Benders[2] (mw): LB=13.699231, Z₀(α*)=-8.471024, intercept=-61.407294 (0.572s) [OMP=0.512 ISP-L=0.006 ISP-F=0.016 MW-L=0.010 MW-F=0.015]
  Mini-Benders[3] (mw): LB=13.699231, Z₀(α*)=-8.471024, intercept=-61.407294 (0.542s) [OMP=0.498 ISP-L=0.006 ISP-F=0.017 MW-L=0.010 MW-F=0.015]
  Mini-Benders[4]: LB stagnated, break
  α-step: Z₀=19.711179, α=[0.000,0.000,1.860,0.000,0.000,0.000,0.000,0.000,0.000,0.000,0.000,0.000,0.000,0.000,0.000,0.000,0.000,0.000,0.000,0.000,0.000,0.000,0.000,0.000,0.000,0.000,0.000,0.000,0.000,0.000,0.000,0.000,0.003,8.082,0.000,0.000]
  Alt-Benders[1] (mw): LB=13.843235, Z₀(α*)=2.124500, intercept=-43.921808 (0.822s) [OMP=0.788 ISP-L=0.006 ISP-F=0.018 MW-L=0.009 MW-F=0.015]
  Alt-Benders[2] (mw): LB=13.843235, Z₀(α*)=2.124500, intercept=-43.921808 (0.620s) [OMP=0.548 ISP-L=0.006 ISP-F=0.017 MW-L=0.008 MW-F=0.030]
  Alt-Benders[3] (mw): LB=13.843235, Z₀(α*)=2.124500, intercept=-43.921808 (0.606s) [OMP=0.560 ISP-L=0.006 ISP-F=0.017 MW-L=0.009 MW-F=0.015]
  Alt-Benders[4]: LB stagnated, break
  OMP re-solve: 0.000s

=== True-DRO Benders iter 15 ===
  OMP: t₀=13.843235, UB=22.266298, gap=3.78e-01, x=[0, 0, 0, 0, 0, 0, 0, 0, 0, 0, 0, 0, 0, 0, 0, 1, 0, 0, 0, 0, 0, 0, 1, 0, 0, 0, 0, 0, 0, 0, 0, 0, 0, 0, 0, 0] (0.000s)
  Sub: Z₀=24.022532 [TIME_LIMIT] (15.3s), α=[0.000,0.000,4.182,0.000,0.000,0.086,0.000,0.000,0.000,0.000,0.000,0.000,0.000,1.609,0.000,0.000,0.000,0.000,0.000,0.000,0.000,0.000,0.785,0.000,0.000,0.000,0.000,0.000,0.000,0.000,0.000,0.000,2.309,0.972,0.000,0.000]
  Iter 15: LB=13.843235  UB=22.266298  gap=3.78e-01
  Cut: intercept=-103.319616, π_x_range=[-237.2147, 64.6700]
  Mini-Benders[1] (mw): LB=14.127786, Z₀(α*)=2.435226, intercept=-56.568023 (0.854s) [OMP=0.803 ISP-L=0.007 ISP-F=0.017 MW-L=0.009 MW-F=0.015]
  Mini-Benders[2] (mw): LB=14.127786, Z₀(α*)=2.435226, intercept=-56.568023 (0.590s) [OMP=0.535 ISP-L=0.006 ISP-F=0.017 MW-L=0.009 MW-F=0.015]
  Mini-Benders[3] (mw): LB=14.127786, Z₀(α*)=2.435226, intercept=-56.568023 (0.573s) [OMP=0.534 ISP-L=0.006 ISP-F=0.017 MW-L=0.009 MW-F=0.015]
  Mini-Benders[4]: LB stagnated, break
  α-step: Z₀=21.723315, α=[0.000,0.000,2.193,0.000,0.000,0.000,0.000,0.000,0.000,0.000,0.000,0.000,0.000,0.000,0.000,0.000,0.000,0.000,0.000,0.000,0.000,0.000,0.000,0.000,0.000,0.000,0.000,0.000,0.000,0.000,0.000,0.000,3.332,4.420,0.000,0.000]
  Alt-Benders[1] (mw): LB=14.223380, Z₀(α*)=3.461934, intercept=-79.982918 (0.885s) [OMP=0.844 ISP-L=0.005 ISP-F=0.015 MW-L=0.008 MW-F=0.012]
  Alt-Benders[2] (mw): LB=14.223380, Z₀(α*)=3.461934, intercept=-79.982918 (0.588s) [OMP=0.551 ISP-L=0.006 ISP-F=0.015 MW-L=0.008 MW-F=0.012]
  Alt-Benders[3] (mw): LB=14.223380, Z₀(α*)=3.461934, intercept=-79.982918 (0.604s) [OMP=0.547 ISP-L=0.006 ISP-F=0.015 MW-L=0.008 MW-F=0.027]
  Alt-Benders[4]: LB stagnated, break
  OMP re-solve: 0.000s

=== True-DRO Benders iter 16 ===
  OMP: t₀=14.223380, UB=22.266298, gap=3.61e-01, x=[0, 0, 1, 0, 0, 0, 0, 0, 0, 0, 0, 0, 0, 0, 0, 0, 0, 0, 0, 0, 0, 0, 0, 0, 0, 0, 0, 0, 0, 0, 0, 0, 1, 0, 0, 0] (0.000s)
  Sub: Z₀=18.512573 [LOCAL] (0.3s), α=[0.000,0.000,7.094,0.000,0.000,0.000,0.000,0.000,0.000,0.000,0.000,0.000,0.000,0.000,0.000,0.000,0.000,0.000,0.000,0.000,0.000,0.000,0.000,0.000,0.000,0.000,0.000,0.000,0.000,0.000,0.000,0.000,2.601,0.249,0.000,0.000]
  Iter 16: LB=14.223380  UB=22.266298  gap=3.61e-01
  Cut: intercept=-1148.946668, π_x_range=[-824.0550, 591.2889]
  Mini-Benders[1] (mw): LB=14.318869, Z₀(α*)=-14.352887, intercept=-28.974706 (0.807s) [OMP=0.771 ISP-L=0.006 ISP-F=0.017 MW-L=0.009 MW-F=0.014]
  Mini-Benders[2] (mw): LB=14.318869, Z₀(α*)=-14.352887, intercept=-28.974706 (0.594s) [OMP=0.530 ISP-L=0.006 ISP-F=0.017 MW-L=0.010 MW-F=0.015]
  Mini-Benders[3] (mw): LB=14.318869, Z₀(α*)=-14.352887, intercept=-28.974706 (0.589s) [OMP=0.547 ISP-L=0.006 ISP-F=0.017 MW-L=0.009 MW-F=0.014]
  Mini-Benders[4]: LB stagnated, break
  α-step: Z₀=18.172190, α=[0.000,0.000,0.000,0.000,0.000,3.335,0.000,0.000,0.000,0.000,0.000,0.000,0.000,3.234,0.000,0.000,0.000,2.138,0.000,0.000,0.000,0.000,0.000,0.000,0.000,0.000,0.000,0.000,0.000,0.000,0.000,0.000,1.237,0.000,0.000,0.000]
  Alt-Benders[1] (mw): LB=14.622305, Z₀(α*)=-10.086930, intercept=-88.577177 (0.869s) [OMP=0.817 ISP-L=0.006 ISP-F=0.018 MW-L=0.010 MW-F=0.014]
  Alt-Benders[2] (mw): LB=14.622305, Z₀(α*)=-10.086930, intercept=-88.577177 (0.591s) [OMP=0.550 ISP-L=0.006 ISP-F=0.018 MW-L=0.010 MW-F=0.014]
  Alt-Benders[3] (mw): LB=14.622305, Z₀(α*)=-10.086930, intercept=-88.577177 (0.603s) [OMP=0.549 ISP-L=0.006 ISP-F=0.017 MW-L=0.010 MW-F=0.013]
  Alt-Benders[4]: LB stagnated, break
  OMP re-solve: 0.000s

=== True-DRO Benders iter 17 ===
  OMP: t₀=14.622305, UB=22.266298, gap=3.43e-01, x=[0, 0, 0, 0, 0, 0, 0, 0, 0, 0, 0, 0, 0, 0, 0, 0, 0, 0, 0, 0, 0, 0, 1, 0, 0, 0, 0, 0, 1, 0, 0, 0, 0, 0, 0, 0] (0.000s)
  Sub: Z₀=23.537673 [LOCAL] (0.3s), α=[0.000,0.000,5.507,0.000,0.000,0.000,0.000,0.000,0.000,0.000,0.000,0.000,0.000,0.000,0.000,0.000,0.000,0.000,0.000,0.000,0.000,0.000,1.818,0.000,0.000,0.000,0.000,0.000,0.000,0.000,0.000,0.000,0.763,1.856,0.000,0.000]
  Iter 17: LB=14.622305  UB=22.266298  gap=3.43e-01
  Cut: intercept=-1112.729522, π_x_range=[-826.4566, 569.3949]
  Mini-Benders[1] (mw): LB=15.262220, Z₀(α*)=-6.760361, intercept=-54.089664 (0.886s) [OMP=0.826 ISP-L=0.007 ISP-F=0.017 MW-L=0.010 MW-F=0.016]
  Mini-Benders[2] (mw): LB=15.262220, Z₀(α*)=-6.760361, intercept=-54.089664 (0.572s) [OMP=0.526 ISP-L=0.006 ISP-F=0.016 MW-L=0.009 MW-F=0.016]
  Mini-Benders[3] (mw): LB=15.262220, Z₀(α*)=-6.760361, intercept=-54.089664 (0.542s) [OMP=0.498 ISP-L=0.007 ISP-F=0.017 MW-L=0.009 MW-F=0.016]
  Mini-Benders[4]: LB stagnated, break
  α-step: Z₀=19.866158, α=[0.000,0.000,3.456,0.000,0.000,0.000,0.000,0.000,0.000,0.000,0.000,0.000,0.000,0.000,0.000,0.000,0.000,0.000,0.000,0.000,0.000,0.000,0.000,0.000,0.000,0.000,0.000,0.000,0.000,0.000,0.000,0.000,0.000,6.488,0.000,0.000]
  Alt-Benders[1] (mw): LB=15.355565, Z₀(α*)=22.190976, intercept=-84.586448 (0.891s) [OMP=0.844 ISP-L=0.006 ISP-F=0.016 MW-L=0.010 MW-F=0.014]
  Alt-Benders[2] (mw): LB=15.485407, Z₀(α*)=21.623612, intercept=-48.747120 (1.010s) [OMP=0.977 ISP-L=0.006 ISP-F=0.016 MW-L=0.009 MW-F=0.013]
  Alt-Benders[3] (mw): LB=15.702897, Z₀(α*)=22.769281, intercept=-42.574243 (0.963s) [OMP=0.904 ISP-L=0.006 ISP-F=0.018 MW-L=0.009 MW-F=0.014]
  Alt-Benders[4] (mw): LB=15.801379, Z₀(α*)=7.356363, intercept=-43.509400 (1.041s) [OMP=1.000 ISP-L=0.006 ISP-F=0.018 MW-L=0.010 MW-F=0.014]
  Alt-Benders[5] (mw): LB=15.801379, Z₀(α*)=7.356363, intercept=-43.509400 (0.650s) [OMP=0.586 ISP-L=0.006 ISP-F=0.017 MW-L=0.026 MW-F=0.014]
  OMP re-solve: 0.617s

=== True-DRO Benders iter 18 ===
  OMP: t₀=15.801379, UB=22.266298, gap=2.90e-01, x=[0, 0, 0, 0, 0, 0, 0, 0, 0, 0, 0, 0, 0, 0, 0, 0, 0, 0, 0, 0, 0, 0, 1, 0, 0, 0, 0, 1, 0, 0, 0, 0, 0, 0, 0, 0] (0.000s)
  Sub: Z₀=23.396700 [LOCAL] (0.3s), α=[0.000,0.000,5.007,0.000,0.000,0.045,0.000,0.000,0.000,0.000,0.000,0.000,0.000,0.850,0.000,0.000,0.000,0.000,0.000,0.000,0.000,0.000,1.172,0.000,0.000,0.000,0.000,0.000,0.000,0.000,0.000,0.000,1.511,1.359,0.000,0.000]
  Iter 18: LB=15.801379  UB=22.266298  gap=2.90e-01
  Cut: intercept=-1116.990340, π_x_range=[-826.3532, 577.2625]
  Mini-Benders[1] (mw): LB=15.920516, Z₀(α*)=15.509764, intercept=-36.836620 (0.947s) [OMP=0.898 ISP-L=0.007 ISP-F=0.017 MW-L=0.008 MW-F=0.014]
  Mini-Benders[2] (mw): LB=15.920516, Z₀(α*)=15.509764, intercept=-36.836620 (0.979s) [OMP=0.925 ISP-L=0.007 ISP-F=0.018 MW-L=0.009 MW-F=0.014]
  Mini-Benders[3] (mw): LB=15.920516, Z₀(α*)=15.509764, intercept=-36.836620 (0.948s) [OMP=0.907 ISP-L=0.007 ISP-F=0.017 MW-L=0.008 MW-F=0.014]
  Mini-Benders[4]: LB stagnated, break
  α-step: Z₀=23.282155, α=[0.000,0.000,0.099,0.000,0.000,0.000,0.000,0.000,0.000,0.000,0.000,0.000,0.000,3.471,0.000,0.000,0.000,3.580,0.000,0.000,0.000,0.000,0.000,0.000,0.000,0.000,0.000,0.000,0.000,0.000,0.000,0.000,1.777,1.018,0.000,0.000]
  Alt-Benders[1] (mw): LB=15.978276, Z₀(α*)=2.167936, intercept=-7.607539 (0.979s) [OMP=0.936 ISP-L=0.006 ISP-F=0.017 MW-L=0.009 MW-F=0.014]
  Alt-Benders[2] (mw): LB=15.978276, Z₀(α*)=2.167936, intercept=-7.607539 (1.011s) [OMP=0.973 ISP-L=0.003 ISP-F=0.018 MW-L=0.008 MW-F=0.014]
  Alt-Benders[3] (mw): LB=15.978276, Z₀(α*)=2.167936, intercept=-7.607539 (1.026s) [OMP=0.964 ISP-L=0.003 ISP-F=0.018 MW-L=0.007 MW-F=0.029]
  Alt-Benders[4]: LB stagnated, break
  OMP re-solve: 0.000s

=== True-DRO Benders iter 19 ===
  OMP: t₀=15.978276, UB=22.266298, gap=2.82e-01, x=[0, 0, 0, 0, 0, 0, 0, 0, 0, 0, 0, 0, 0, 0, 0, 1, 0, 0, 0, 0, 0, 0, 0, 0, 0, 0, 0, 0, 1, 0, 0, 0, 0, 0, 0, 0] (0.000s)
  Sub: Z₀=26.624263 [LOCAL] (0.3s), α=[0.000,0.000,6.416,0.000,0.000,0.000,0.000,0.000,0.000,0.000,0.000,0.000,0.000,0.000,0.000,0.000,0.000,0.000,0.000,0.000,0.000,0.000,0.000,0.000,0.000,0.000,0.000,0.000,0.000,0.000,0.000,0.000,0.132,3.397,0.000,0.000]
  Iter 19: LB=15.978276  UB=22.266298  gap=2.82e-01
  Cut: intercept=-1091.402180, π_x_range=[-825.8183, 567.0560]
  Mini-Benders[1] (mw): LB=15.990760, Z₀(α*)=16.504647, intercept=-27.509800 (0.995s) [OMP=0.947 ISP-L=0.004 ISP-F=0.018 MW-L=0.009 MW-F=0.015]
  Mini-Benders[2] (mw): LB=16.083994, Z₀(α*)=-11.669259, intercept=-39.842864 (0.932s) [OMP=0.883 ISP-L=0.006 ISP-F=0.017 MW-L=0.009 MW-F=0.015]
  Mini-Benders[3] (mw): LB=16.083994, Z₀(α*)=-11.669259, intercept=-39.842864 (0.870s) [OMP=0.822 ISP-L=0.006 ISP-F=0.018 MW-L=0.009 MW-F=0.015]
  Mini-Benders[4] (mw): LB=16.083994, Z₀(α*)=-11.669259, intercept=-39.842864 (0.872s) [OMP=0.816 ISP-L=0.006 ISP-F=0.017 MW-L=0.010 MW-F=0.015]
  Mini-Benders[5]: LB stagnated, break
  α-step: Z₀=17.500664, α=[0.000,0.000,0.000,0.000,0.000,1.621,0.000,0.000,0.000,0.000,0.000,0.000,0.000,6.084,0.000,0.000,0.000,1.570,0.000,0.000,0.000,0.000,0.000,0.000,0.000,0.000,0.000,0.000,0.000,0.000,0.000,0.000,0.669,0.000,0.000,0.000]
  Alt-Benders[1] (mw): LB=16.231111, Z₀(α*)=-6.347289, intercept=-60.164826 (0.979s) [OMP=0.925 ISP-L=0.006 ISP-F=0.017 MW-L=0.008 MW-F=0.013]
  Alt-Benders[2] (mw): LB=16.231111, Z₀(α*)=-6.347289, intercept=-60.164826 (0.666s) [OMP=0.630 ISP-L=0.006 ISP-F=0.017 MW-L=0.008 MW-F=0.013]
  Alt-Benders[3] (mw): LB=16.231111, Z₀(α*)=-6.347289, intercept=-60.164826 (0.697s) [OMP=0.634 ISP-L=0.006 ISP-F=0.017 MW-L=0.008 MW-F=0.029]
  Alt-Benders[4]: LB stagnated, break
  OMP re-solve: 0.000s

=== True-DRO Benders iter 20 ===
  OMP: t₀=16.231111, UB=22.266298, gap=2.71e-01, x=[0, 0, 0, 0, 0, 0, 0, 0, 0, 0, 0, 0, 1, 0, 0, 0, 0, 0, 0, 0, 0, 0, 0, 0, 0, 0, 0, 1, 0, 0, 0, 0, 0, 0, 0, 0] (0.000s)
  Sub: Z₀=22.599260 [TIME_LIMIT] (15.3s), α=[0.000,0.000,4.563,0.000,0.000,0.000,0.000,0.000,0.000,0.000,0.000,0.000,0.571,0.223,0.000,0.000,0.000,0.000,0.000,0.000,0.000,0.000,0.000,0.000,0.000,0.000,0.000,0.000,0.000,0.000,0.000,0.000,0.000,4.587,0.000,0.000]
  Iter 20: LB=16.231111  UB=22.266298  gap=2.71e-01
  Cut: intercept=-73.057915, π_x_range=[-239.0000, 67.7281]
  Mini-Benders[1] (mw): LB=16.429343, Z₀(α*)=-26.451073, intercept=-114.195391 (1.026s) [OMP=0.977 ISP-L=0.006 ISP-F=0.015 MW-L=0.008 MW-F=0.013]
  Mini-Benders[2] (mw): LB=16.429343, Z₀(α*)=-26.451073, intercept=-114.195391 (0.963s) [OMP=0.920 ISP-L=0.006 ISP-F=0.016 MW-L=0.009 MW-F=0.015]
  Mini-Benders[3] (mw): LB=16.429343, Z₀(α*)=-26.451073, intercept=-114.195391 (0.963s) [OMP=0.927 ISP-L=0.006 ISP-F=0.016 MW-L=0.009 MW-F=0.014]
  Mini-Benders[4]: LB stagnated, break
  α-step: Z₀=16.410100, α=[0.000,0.000,0.000,0.000,0.000,6.274,0.000,0.000,0.000,0.000,0.000,0.000,0.000,3.488,0.000,0.000,0.000,0.182,0.000,0.000,0.000,0.000,0.000,0.000,0.000,0.000,0.000,0.000,0.000,0.000,0.000,0.000,0.000,0.000,0.000,0.000]
  Alt-Benders[1] (mw): LB=16.429343, Z₀(α*)=17.389611, intercept=-117.370896 (0.979s) [OMP=0.932 ISP-L=0.006 ISP-F=0.017 MW-L=0.009 MW-F=0.014]
  Alt-Benders[2] (mw): LB=16.504645, Z₀(α*)=-5.916471, intercept=-64.512250 (1.057s) [OMP=1.001 ISP-L=0.006 ISP-F=0.017 MW-L=0.009 MW-F=0.016]
  Alt-Benders[3] (mw): LB=16.504645, Z₀(α*)=-5.916471, intercept=-64.512250 (0.651s) [OMP=0.597 ISP-L=0.006 ISP-F=0.017 MW-L=0.009 MW-F=0.015]
  Alt-Benders[4] (mw): LB=16.504645, Z₀(α*)=-5.916471, intercept=-64.512250 (0.666s) [OMP=0.615 ISP-L=0.006 ISP-F=0.017 MW-L=0.008 MW-F=0.031]
  Alt-Benders[5]: LB stagnated, break
  OMP re-solve: 0.000s

=== True-DRO Benders iter 21 ===
  OMP: t₀=16.504645, UB=22.266298, gap=2.59e-01, x=[0, 0, 0, 0, 0, 0, 0, 0, 0, 0, 0, 0, 0, 0, 0, 0, 0, 0, 0, 0, 1, 0, 1, 0, 0, 0, 0, 0, 0, 0, 0, 0, 0, 0, 0, 0] (0.000s)
  Sub: Z₀=23.551601 [LOCAL] (0.2s), α=[0.000,0.000,4.182,0.000,0.000,0.062,0.000,0.000,0.000,0.000,0.000,0.000,0.000,1.615,0.000,0.000,0.000,0.000,0.000,0.000,0.000,0.000,0.804,0.000,0.000,0.000,0.000,0.000,0.000,0.000,0.000,0.000,2.252,1.030,0.000,0.000]
  Iter 21: LB=16.504645  UB=22.266298  gap=2.59e-01
  Cut: intercept=-1093.146173, π_x_range=[-825.1133, 564.0928]
  Mini-Benders[1] (mw): LB=16.605852, Z₀(α*)=24.022530, intercept=-22.083453 (0.948s) [OMP=0.901 ISP-L=0.006 ISP-F=0.018 MW-L=0.010 MW-F=0.023]
  Mini-Benders[2] (mw): LB=16.651563, Z₀(α*)=24.022530, intercept=-42.407065 (0.979s) [OMP=0.916 ISP-L=0.006 ISP-F=0.017 MW-L=0.009 MW-F=0.020]
  Mini-Benders[3] (mw): LB=16.742090, Z₀(α*)=4.720319, intercept=-80.434927 (1.026s) [OMP=0.977 ISP-L=0.006 ISP-F=0.016 MW-L=0.009 MW-F=0.014]
  Mini-Benders[4] (mw): LB=16.742090, Z₀(α*)=4.720319, intercept=-80.434927 (0.915s) [OMP=0.869 ISP-L=0.006 ISP-F=0.016 MW-L=0.009 MW-F=0.014]
  Mini-Benders[5] (mw): LB=16.742090, Z₀(α*)=4.720319, intercept=-80.434927 (0.901s) [OMP=0.862 ISP-L=0.006 ISP-F=0.017 MW-L=0.009 MW-F=0.013]
  α-step: Z₀=21.484896, α=[0.000,0.000,0.918,0.000,0.000,0.000,0.000,0.000,0.000,0.000,0.000,0.000,0.000,0.000,0.000,0.000,0.000,4.145,0.000,0.000,0.000,0.000,0.000,0.000,0.000,0.000,0.000,0.000,0.000,0.000,0.000,0.000,0.000,4.881,0.000,0.000]
  Alt-Benders[1] (mw): LB=16.876266, Z₀(α*)=-6.200586, intercept=-79.464868 (1.010s) [OMP=0.962 ISP-L=0.006 ISP-F=0.016 MW-L=0.008 MW-F=0.013]
  Alt-Benders[2] (mw): LB=16.876266, Z₀(α*)=-6.200586, intercept=-79.464868 (0.901s) [OMP=0.850 ISP-L=0.005 ISP-F=0.016 MW-L=0.024 MW-F=0.013]
  Alt-Benders[3] (mw): LB=16.876266, Z₀(α*)=-6.200586, intercept=-79.464868 (0.900s) [OMP=0.852 ISP-L=0.005 ISP-F=0.016 MW-L=0.008 MW-F=0.013]
  Alt-Benders[4]: LB stagnated, break
  OMP re-solve: 0.000s

=== True-DRO Benders iter 22 ===
  OMP: t₀=16.876266, UB=22.266298, gap=2.42e-01, x=[0, 0, 1, 0, 0, 0, 0, 0, 0, 0, 0, 0, 0, 0, 0, 0, 0, 0, 0, 0, 0, 0, 1, 0, 0, 0, 0, 0, 0, 0, 0, 0, 0, 0, 0, 0] (0.000s)
  Sub: Z₀=21.150871 [LOCAL] (0.2s), α=[0.000,0.000,9.733,0.000,0.000,0.026,0.000,0.000,0.000,0.000,0.000,0.000,0.000,0.185,0.000,0.000,0.000,0.000,0.000,0.000,0.000,0.000,0.000,0.000,0.000,0.000,0.000,0.000,0.000,0.000,0.000,0.000,0.000,0.000,0.000,0.000]
  Iter 22: LB=16.876266  UB=22.266298  gap=2.42e-01
  Cut: intercept=-1121.823580, π_x_range=[-822.4906, 574.5970]
  Mini-Benders[1] (mw): LB=16.886266, Z₀(α*)=17.885834, intercept=-79.242823 (1.011s) [OMP=0.951 ISP-L=0.006 ISP-F=0.017 MW-L=0.010 MW-F=0.014]
  Mini-Benders[2] (mw): LB=16.886266, Z₀(α*)=18.914175, intercept=-82.645070 (0.979s) [OMP=0.939 ISP-L=0.006 ISP-F=0.017 MW-L=0.009 MW-F=0.014]
  Mini-Benders[3] (mw): LB=16.886266, Z₀(α*)=11.921988, intercept=-83.663647 (0.994s) [OMP=0.947 ISP-L=0.007 ISP-F=0.017 MW-L=0.010 MW-F=0.015]
  Mini-Benders[4]: LB stagnated, break
  α-step: Z₀=19.442274, α=[0.000,0.000,5.507,0.000,0.000,0.000,0.000,0.000,0.000,0.000,0.000,0.000,0.000,0.666,0.000,0.000,0.000,0.000,0.000,0.000,0.000,0.000,1.152,0.000,0.000,0.000,0.000,0.000,0.000,0.000,0.000,0.000,0.000,2.619,0.000,0.000]
  Alt-Benders[1] (mw): LB=16.886266, Z₀(α*)=-3.448146, intercept=-73.067887 (1.059s) [OMP=1.016 ISP-L=0.007 ISP-F=0.018 MW-L=0.010 MW-F=0.013]
  Alt-Benders[2] (mw): LB=16.886266, Z₀(α*)=-3.448146, intercept=-73.067887 (0.713s) [OMP=0.659 ISP-L=0.006 ISP-F=0.018 MW-L=0.009 MW-F=0.012]
  Alt-Benders[3] (mw): LB=16.886266, Z₀(α*)=-3.448146, intercept=-73.067887 (0.698s) [OMP=0.646 ISP-L=0.006 ISP-F=0.017 MW-L=0.026 MW-F=0.012]
  Alt-Benders[4]: LB stagnated, break
  OMP re-solve: 0.000s

=== True-DRO Benders iter 23 ===
  OMP: t₀=16.886266, UB=22.266298, gap=2.42e-01, x=[0, 0, 0, 0, 0, 0, 0, 0, 0, 0, 0, 0, 0, 0, 0, 0, 0, 0, 0, 0, 0, 0, 1, 0, 1, 0, 0, 0, 0, 0, 0, 0, 0, 0, 0, 0] (0.000s)
  Sub: Z₀=20.572625 [LOCAL] (0.3s), α=[0.000,0.000,0.000,0.000,0.000,0.045,0.075,0.000,0.000,0.000,0.000,0.000,0.000,1.019,0.000,0.000,0.000,3.277,0.000,0.000,0.000,0.000,1.392,0.000,2.141,0.000,0.000,0.000,0.000,0.000,0.000,0.000,1.683,0.313,0.000,0.000]
  Iter 23: LB=16.886266  UB=22.266298  gap=2.42e-01
  Cut: intercept=-1075.125701, π_x_range=[-818.7662, 554.1302]
  Mini-Benders[1] (mw): LB=16.918246, Z₀(α*)=-33.250860, intercept=-124.907221 (0.995s) [OMP=0.952 ISP-L=0.006 ISP-F=0.017 MW-L=0.009 MW-F=0.014]
  Mini-Benders[2] (mw): LB=16.918246, Z₀(α*)=-33.250860, intercept=-124.907221 (1.026s) [OMP=0.974 ISP-L=0.006 ISP-F=0.016 MW-L=0.009 MW-F=0.014]
  Mini-Benders[3] (mw): LB=16.918246, Z₀(α*)=-33.250860, intercept=-124.907221 (1.025s) [OMP=0.979 ISP-L=0.006 ISP-F=0.016 MW-L=0.008 MW-F=0.014]
  Mini-Benders[4]: LB stagnated, break
  α-step: Z₀=16.410100, α=[0.000,0.000,0.000,0.000,0.000,0.000,0.000,0.000,0.000,0.000,0.000,0.000,2.900,0.000,0.000,0.000,0.000,0.000,0.000,0.000,0.000,0.000,0.000,0.000,0.000,0.000,0.000,0.000,0.000,0.000,0.000,0.000,0.000,7.045,0.000,0.000]
  Alt-Benders[1] (mw): LB=16.918246, Z₀(α*)=16.918249, intercept=-124.411676 (0.981s) [OMP=0.932 ISP-L=0.007 ISP-F=0.017 MW-L=0.010 MW-F=0.013]
  Alt-Benders[2] (mw): LB=16.918247, Z₀(α*)=16.918249, intercept=-124.411676 (1.041s) [OMP=0.990 ISP-L=0.006 ISP-F=0.016 MW-L=0.009 MW-F=0.013]
  Alt-Benders[3] (mw): LB=16.918247, Z₀(α*)=16.918249, intercept=-124.411676 (1.042s) [OMP=1.002 ISP-L=0.006 ISP-F=0.016 MW-L=0.009 MW-F=0.013]
  Alt-Benders[4]: LB stagnated, break
  OMP re-solve: 0.000s

=== True-DRO Benders iter 24 ===
  OMP: t₀=16.918247, UB=22.266298, gap=2.40e-01, x=[0, 0, 0, 0, 0, 0, 0, 0, 0, 0, 0, 0, 1, 0, 0, 0, 0, 0, 0, 0, 0, 0, 0, 0, 0, 0, 0, 0, 0, 0, 0, 0, 0, 1, 0, 0] (0.000s)
  Sub: Z₀=16.918246 [LOCAL] (0.2s), α=[0.000,0.000,0.000,0.000,0.000,0.000,0.000,0.000,0.000,0.000,0.000,0.000,1.829,0.162,0.000,0.000,0.000,0.000,0.000,0.000,0.000,0.000,0.000,0.000,0.000,0.000,0.000,0.000,0.000,0.000,0.000,0.000,0.000,7.953,0.000,0.000]
  Iter 24: LB=16.918247  UB=22.266298  gap=2.40e-01
  Cut: intercept=-1160.726126, π_x_range=[-818.5153, 593.4971]
  Mini-Benders[1] (mw): LB=16.918247, Z₀(α*)=16.918249, intercept=-124.411676 (1.057s) [OMP=1.022 ISP-L=0.006 ISP-F=0.016 MW-L=0.009 MW-F=0.013]
  Mini-Benders[2] (mw): LB=16.918247, Z₀(α*)=16.918249, intercept=-124.411676 (0.963s) [OMP=0.917 ISP-L=0.006 ISP-F=0.016 MW-L=0.009 MW-F=0.014]
  Mini-Benders[3]: LB stagnated, break
  α-step: Z₀=16.918249, α=[0.000,0.000,0.000,0.000,0.000,0.000,0.000,0.000,0.000,0.000,0.000,0.000,2.900,0.000,0.000,0.000,0.000,0.000,0.000,0.000,0.000,0.000,0.000,0.000,0.000,0.000,0.000,0.000,0.000,0.000,0.000,0.000,0.000,7.045,0.000,0.000]
  Alt-Benders[1] (mw): LB=16.918247, Z₀(α*)=16.918249, intercept=-124.411676 (0.916s) [OMP=0.877 ISP-L=0.006 ISP-F=0.016 MW-L=0.010 MW-F=0.014]
  Alt-Benders[2] (mw): LB=16.918247, Z₀(α*)=16.918249, intercept=-124.411676 (0.948s) [OMP=0.888 ISP-L=0.006 ISP-F=0.016 MW-L=0.010 MW-F=0.014]
  Alt-Benders[3]: LB stagnated, break
  OMP re-solve: 0.000s

=== True-DRO Benders iter 25 ===
  OMP: t₀=16.918247, UB=22.266298, gap=2.40e-01, x=[0, 0, 0, 0, 0, 0, 0, 0, 0, 0, 0, 0, 1, 0, 0, 0, 0, 0, 0, 0, 0, 0, 0, 0, 0, 0, 0, 0, 0, 0, 0, 0, 0, 1, 0, 0] (0.000s)
  Sub: Z₀=16.918249 [TIME_LIMIT] (15.3s), α=[0.000,0.000,0.000,0.000,0.000,0.000,0.000,0.000,0.000,0.000,0.000,0.000,2.900,0.000,0.000,0.000,0.000,0.000,0.000,0.000,0.000,0.000,0.000,0.000,0.000,0.000,0.000,0.000,0.000,0.000,0.000,0.000,0.000,7.045,0.000,0.000]
  Iter 25: LB=16.918247  UB=19.534193  gap=1.34e-01
  Cut: intercept=-149.086395, π_x_range=[-178.2994, 91.1846]
  Mini-Benders[1] (mw): LB=16.918247, Z₀(α*)=16.918249, intercept=-124.411676 (0.932s) [OMP=0.880 ISP-L=0.006 ISP-F=0.016 MW-L=0.009 MW-F=0.015]
  Mini-Benders[2] (mw): LB=16.918247, Z₀(α*)=16.918249, intercept=-124.411676 (0.901s) [OMP=0.853 ISP-L=0.007 ISP-F=0.016 MW-L=0.009 MW-F=0.014]
  Mini-Benders[3]: LB stagnated, break
  α-step: Z₀=16.918249, α=[0.000,0.000,0.000,0.000,0.000,0.000,0.000,0.000,0.000,0.000,0.000,0.000,2.900,0.000,0.000,0.000,0.000,0.000,0.000,0.000,0.000,0.000,0.000,0.000,0.000,0.000,0.000,0.000,0.000,0.000,0.000,0.000,0.000,7.045,0.000,0.000]
  Alt-Benders[1] (mw): LB=16.918247, Z₀(α*)=16.918249, intercept=-124.411676 (0.938s) [OMP=0.900 ISP-L=0.007 ISP-F=0.017 MW-L=0.010 MW-F=0.015]
  Alt-Benders[2] (mw): LB=16.918247, Z₀(α*)=16.918249, intercept=-124.411676 (0.963s) [OMP=0.903 ISP-L=0.006 ISP-F=0.017 MW-L=0.009 MW-F=0.014]
  Alt-Benders[3]: LB stagnated, break
  OMP re-solve: 0.000s

=== True-DRO Benders iter 26 ===
  OMP: t₀=16.918247, UB=19.534193, gap=1.34e-01, x=[0, 0, 0, 0, 0, 0, 0, 0, 0, 0, 0, 0, 1, 0, 0, 0, 0, 0, 0, 0, 0, 0, 0, 0, 0, 0, 0, 0, 0, 0, 0, 0, 0, 1, 0, 0] (0.000s)
  Sub: Z₀=16.918246 [LOCAL] (0.2s), α=[0.000,0.000,0.000,0.000,0.000,0.000,0.000,0.000,0.000,0.000,0.000,0.000,1.829,0.162,0.000,0.000,0.000,0.000,0.000,0.000,0.000,0.000,0.000,0.000,0.000,0.000,0.000,0.000,0.000,0.000,0.000,0.000,0.000,7.953,0.000,0.000]
  Iter 26: LB=16.918247  UB=19.534193  gap=1.34e-01
  Cut: intercept=-1160.726126, π_x_range=[-818.5153, 593.4971]
  Mini-Benders[1] (mw): LB=16.918247, Z₀(α*)=16.918249, intercept=-124.411676 (0.933s) [OMP=0.896 ISP-L=0.006 ISP-F=0.016 MW-L=0.009 MW-F=0.013]
  Mini-Benders[2] (mw): LB=16.918247, Z₀(α*)=16.918249, intercept=-124.411676 (0.947s) [OMP=0.894 ISP-L=0.006 ISP-F=0.017 MW-L=0.010 MW-F=0.014]
  Mini-Benders[3]: LB stagnated, break
  α-step: Z₀=16.918249, α=[0.000,0.000,0.000,0.000,0.000,0.000,0.000,0.000,0.000,0.000,0.000,0.000,2.900,0.000,0.000,0.000,0.000,0.000,0.000,0.000,0.000,0.000,0.000,0.000,0.000,0.000,0.000,0.000,0.000,0.000,0.000,0.000,0.000,7.045,0.000,0.000]
  Alt-Benders[1] (mw): LB=16.918247, Z₀(α*)=16.918249, intercept=-124.411676 (0.908s) [OMP=0.865 ISP-L=0.006 ISP-F=0.016 MW-L=0.009 MW-F=0.014]
  Alt-Benders[2] (mw): LB=16.918247, Z₀(α*)=16.918249, intercept=-124.411676 (0.963s) [OMP=0.899 ISP-L=0.006 ISP-F=0.016 MW-L=0.009 MW-F=0.030]
  Alt-Benders[3]: LB stagnated, break
  OMP re-solve: 0.000s

=== True-DRO Benders iter 27 ===
  OMP: t₀=16.918247, UB=19.534193, gap=1.34e-01, x=[0, 0, 0, 0, 0, 0, 0, 0, 0, 0, 0, 0, 1, 0, 0, 0, 0, 0, 0, 0, 0, 0, 0, 0, 0, 0, 0, 0, 0, 0, 0, 0, 0, 1, 0, 0] (0.000s)
  Sub: Z₀=16.918246 [LOCAL] (0.2s), α=[0.000,0.000,0.000,0.000,0.000,0.000,0.000,0.000,0.000,0.000,0.000,0.000,1.829,0.162,0.000,0.000,0.000,0.000,0.000,0.000,0.000,0.000,0.000,0.000,0.000,0.000,0.000,0.000,0.000,0.000,0.000,0.000,0.000,7.953,0.000,0.000]
  Iter 27: LB=16.918247  UB=19.534193  gap=1.34e-01
  Cut: intercept=-1160.726126, π_x_range=[-818.5153, 593.4971]
  Mini-Benders[1] (mw): LB=16.918247, Z₀(α*)=16.918249, intercept=-124.411676 (0.901s) [OMP=0.862 ISP-L=0.006 ISP-F=0.016 MW-L=0.009 MW-F=0.013]
  Mini-Benders[2] (mw): LB=16.918247, Z₀(α*)=16.918249, intercept=-124.411676 (0.932s) [OMP=0.875 ISP-L=0.006 ISP-F=0.016 MW-L=0.010 MW-F=0.014]
  Mini-Benders[3]: LB stagnated, break
  α-step: Z₀=16.918249, α=[0.000,0.000,0.000,0.000,0.000,0.000,0.000,0.000,0.000,0.000,0.000,0.000,2.900,0.000,0.000,0.000,0.000,0.000,0.000,0.000,0.000,0.000,0.000,0.000,0.000,0.000,0.000,0.000,0.000,0.000,0.000,0.000,0.000,7.045,0.000,0.000]
  Alt-Benders[1] (mw): LB=16.918247, Z₀(α*)=16.918249, intercept=-124.411676 (0.934s) [OMP=0.898 ISP-L=0.007 ISP-F=0.016 MW-L=0.010 MW-F=0.014]
  Alt-Benders[2] (mw): LB=16.918247, Z₀(α*)=16.918249, intercept=-124.411676 (0.948s) [OMP=0.900 ISP-L=0.006 ISP-F=0.016 MW-L=0.010 MW-F=0.014]
  Alt-Benders[3]: LB stagnated, break
  OMP re-solve: 0.000s

=== True-DRO Benders iter 28 ===
  OMP: t₀=16.918247, UB=19.534193, gap=1.34e-01, x=[0, 0, 0, 0, 0, 0, 0, 0, 0, 0, 0, 0, 1, 0, 0, 0, 0, 0, 0, 0, 0, 0, 0, 0, 0, 0, 0, 0, 0, 0, 0, 0, 0, 1, 0, 0] (0.000s)
  Sub: Z₀=16.918246 [LOCAL] (0.2s), α=[0.000,0.000,0.000,0.000,0.000,0.000,0.000,0.000,0.000,0.000,0.000,0.000,1.829,0.162,0.000,0.000,0.000,0.000,0.000,0.000,0.000,0.000,0.000,0.000,0.000,0.000,0.000,0.000,0.000,0.000,0.000,0.000,0.000,7.953,0.000,0.000]
  Iter 28: LB=16.918247  UB=19.534193  gap=1.34e-01
  Cut: intercept=-1160.726126, π_x_range=[-818.5153, 593.4971]
  Mini-Benders[1] (mw): LB=16.918247, Z₀(α*)=16.918249, intercept=-124.411676 (0.932s) [OMP=0.882 ISP-L=0.006 ISP-F=0.017 MW-L=0.010 MW-F=0.014]
  Mini-Benders[2] (mw): LB=16.918247, Z₀(α*)=16.918249, intercept=-124.411676 (0.948s) [OMP=0.886 ISP-L=0.006 ISP-F=0.016 MW-L=0.009 MW-F=0.029]
  Mini-Benders[3]: LB stagnated, break
  α-step: Z₀=16.918249, α=[0.000,0.000,0.000,0.000,0.000,0.000,0.000,0.000,0.000,0.000,0.000,0.000,2.900,0.000,0.000,0.000,0.000,0.000,0.000,0.000,0.000,0.000,0.000,0.000,0.000,0.000,0.000,0.000,0.000,0.000,0.000,0.000,0.000,7.045,0.000,0.000]
  Alt-Benders[1] (mw): LB=16.918247, Z₀(α*)=16.918249, intercept=-124.411676 (0.956s) [OMP=0.918 ISP-L=0.007 ISP-F=0.017 MW-L=0.010 MW-F=0.015]
  Alt-Benders[2] (mw): LB=16.918247, Z₀(α*)=16.918249, intercept=-124.411676 (0.947s) [OMP=0.900 ISP-L=0.006 ISP-F=0.016 MW-L=0.010 MW-F=0.014]
  Alt-Benders[3]: LB stagnated, break
  OMP re-solve: 0.000s

=== True-DRO Benders iter 29 ===
  OMP: t₀=16.918247, UB=19.534193, gap=1.34e-01, x=[0, 0, 0, 0, 0, 0, 0, 0, 0, 0, 0, 0, 1, 0, 0, 0, 0, 0, 0, 0, 0, 0, 0, 0, 0, 0, 0, 0, 0, 0, 0, 0, 0, 1, 0, 0] (0.000s)
  Sub: Z₀=16.918246 [LOCAL] (0.2s), α=[0.000,0.000,0.000,0.000,0.000,0.000,0.000,0.000,0.000,0.000,0.000,0.000,1.829,0.162,0.000,0.000,0.000,0.000,0.000,0.000,0.000,0.000,0.000,0.000,0.000,0.000,0.000,0.000,0.000,0.000,0.000,0.000,0.000,7.953,0.000,0.000]
  Iter 29: LB=16.918247  UB=19.534193  gap=1.34e-01
  Cut: intercept=-1160.726126, π_x_range=[-818.5153, 593.4971]
  Mini-Benders[1] (mw): LB=16.918247, Z₀(α*)=16.918249, intercept=-124.411676 (0.932s) [OMP=0.875 ISP-L=0.006 ISP-F=0.016 MW-L=0.010 MW-F=0.014]
  Mini-Benders[2] (mw): LB=16.918247, Z₀(α*)=16.918249, intercept=-124.411676 (0.932s) [OMP=0.893 ISP-L=0.007 ISP-F=0.017 MW-L=0.010 MW-F=0.014]
  Mini-Benders[3]: LB stagnated, break
  α-step: Z₀=16.918249, α=[0.000,0.000,0.000,0.000,0.000,0.000,0.000,0.000,0.000,0.000,0.000,0.000,2.900,0.000,0.000,0.000,0.000,0.000,0.000,0.000,0.000,0.000,0.000,0.000,0.000,0.000,0.000,0.000,0.000,0.000,0.000,0.000,0.000,7.045,0.000,0.000]
  Alt-Benders[1] (mw): LB=16.918247, Z₀(α*)=16.918249, intercept=-124.411676 (0.929s) [OMP=0.895 ISP-L=0.007 ISP-F=0.016 MW-L=0.009 MW-F=0.014]
  Alt-Benders[2] (mw): LB=16.918247, Z₀(α*)=16.918249, intercept=-124.411676 (0.963s) [OMP=0.901 ISP-L=0.006 ISP-F=0.016 MW-L=0.009 MW-F=0.030]
  Alt-Benders[3]: LB stagnated, break
  OMP re-solve: 0.000s

=== True-DRO Benders iter 30 ===
  OMP: t₀=16.918247, UB=19.534193, gap=1.34e-01, x=[0, 0, 0, 0, 0, 0, 0, 0, 0, 0, 0, 0, 1, 0, 0, 0, 0, 0, 0, 0, 0, 0, 0, 0, 0, 0, 0, 0, 0, 0, 0, 0, 0, 1, 0, 0] (0.000s)
  → Boost: time limit 3600s + MIPGap=0.5% (same x + prev TIME_LIMIT)
  Sub: Z₀=16.918249 (29.5s), α=[0.000,0.000,0.000,0.000,0.000,0.000,0.000,0.000,0.000,0.000,0.000,0.000,2.900,0.000,0.000,0.000,0.000,0.000,0.000,0.000,0.000,0.000,0.000,0.000,0.000,0.000,0.000,0.000,0.000,0.000,0.000,0.000,0.000,7.045,0.000,0.000]
  Iter 30: LB=16.918247  UB=16.918249  gap=1.21e-07
True-DRO Benders converged at iter 30 (gap=1.21e-07)
  Wall time: 269.62 sec
  OMP  time: mean=0.473s, median=0.498s, max=1.022s
  Sub  time (exact): mean=29.511s, median=29.511s, q90=29.511s, max=29.511s (n=1/30)

Result (double): Z₀=16.918249, iters=30, time=269.7s
x arcs = [13, 34]
