============================================================
grid5x5 — double: ε̂=0.20, ε̃=0.20, β=0.70
============================================================
Set parameter Username
Set parameter LicenseID to value 2742039
Academic license - for non-commercial use only - expires 2026-11-20
Set parameter Username
Set parameter LicenseID to value 2742039
Academic license - for non-commercial use only - expires 2026-11-20
Set parameter OutputFlag to value 1
Set parameter LogFile to value "global_miqcp.log"
Set parameter Username
Set parameter LicenseID to value 2742039
Academic license - for non-commercial use only - expires 2026-11-20
Set parameter Username
Set parameter LicenseID to value 2742039
Academic license - for non-commercial use only - expires 2026-11-20
Set parameter Username
Set parameter LicenseID to value 2742039
Academic license - for non-commercial use only - expires 2026-11-20
Set parameter Username
Set parameter LicenseID to value 2742039
Academic license - for non-commercial use only - expires 2026-11-20

=== True-DRO Benders iter 1 ===
  OMP: t₀=14.356761, UB=Inf, gap=NaN, x=[0, 0, 0, 0, 0, 0, 0, 0, 0, 0, 0, 0, 0, 0, 0, 0, 0, 0, 0, 0, 0, 0, 0, 0, 0, 0, 0, 1, 0, 0, 0, 0, 0, 0, 0, 0, 1, 0, 0, 0, 0, 0, 0, 0, 0, 0, 0] (0.013s)
  Sub: Z₀=38.657174 [LOCAL] (0.3s), α=[0.000,0.000,0.000,0.000,0.000,0.000,0.000,0.000,0.000,0.000,0.000,0.000,0.000,0.000,0.000,0.000,0.000,0.000,0.000,0.000,0.000,0.000,0.000,0.000,1.333,0.000,0.000,0.000,0.399,0.000,0.000,0.000,0.000,0.000,0.000,0.000,8.518,0.000,0.000,0.000,0.000,0.000,0.000,0.000,0.000,0.000,0.000]
  Iter 1: LB=14.356761  UB=Inf  gap=NaN
  Cut: intercept=-1148.651821, π_x_range=[-830.8279, 599.8139]
  Mini-Benders[1] (mw): LB=15.740565, Z₀(α*)=-0.996117, intercept=-97.301702 (0.080s) [OMP=0.031 ISP-L=0.007 ISP-F=0.016 MW-L=0.007 MW-F=0.013]
  Mini-Benders[2] (mw): LB=15.740565, Z₀(α*)=-0.996117, intercept=-97.301702 (0.089s) [OMP=0.034 ISP-L=0.003 ISP-F=0.011 MW-L=0.007 MW-F=0.031]
  Mini-Benders[3] (mw): LB=15.740565, Z₀(α*)=-0.996117, intercept=-97.301702 (0.069s) [OMP=0.034 ISP-L=0.003 ISP-F=0.011 MW-L=0.007 MW-F=0.013]
  Mini-Benders[4]: LB stagnated, break
Set parameter NonConvex to value 2
Set parameter DualReductions to value 0
  α-step: Z₀=40.820108, α=[0.000,0.000,0.000,0.000,0.000,0.000,0.000,0.000,0.000,0.000,0.000,0.000,0.000,0.000,0.000,0.000,0.000,0.000,0.000,0.000,0.000,0.000,0.000,0.000,7.208,0.000,0.000,0.880,2.161,0.000,0.000,0.000,0.000,0.000,0.000,0.000,0.000,0.000,0.000,0.000,0.000,0.000,0.000,0.000,0.000,0.000,0.000]
  Alt-Benders[1] (mw): LB=15.748163, Z₀(α*)=46.062190, intercept=-93.092357 (0.080s) [OMP=0.033 ISP-L=0.004 ISP-F=0.010 MW-L=0.006 MW-F=0.027]
  Alt-Benders[2] (mw): LB=16.468695, Z₀(α*)=29.948014, intercept=-114.791352 (0.074s) [OMP=0.042 ISP-L=0.003 ISP-F=0.012 MW-L=0.007 MW-F=0.009]
  Alt-Benders[3] (mw): LB=16.604306, Z₀(α*)=15.176042, intercept=-120.790207 (0.071s) [OMP=0.040 ISP-L=0.003 ISP-F=0.010 MW-L=0.007 MW-F=0.009]
  Alt-Benders[4] (mw): LB=16.604306, Z₀(α*)=15.176042, intercept=-120.790207 (0.089s) [OMP=0.039 ISP-L=0.003 ISP-F=0.010 MW-L=0.007 MW-F=0.028]
  Alt-Benders[5] (mw): LB=16.604306, Z₀(α*)=15.176042, intercept=-120.790207 (0.069s) [OMP=0.038 ISP-L=0.003 ISP-F=0.010 MW-L=0.007 MW-F=0.009]
  OMP re-solve: 0.039s

=== True-DRO Benders iter 2 ===
  OMP: t₀=16.604306, UB=Inf, gap=NaN, x=[0, 0, 0, 0, 0, 0, 0, 0, 0, 0, 0, 0, 0, 0, 0, 0, 0, 0, 0, 0, 0, 0, 0, 0, 0, 0, 0, 1, 0, 0, 0, 0, 1, 0, 0, 0, 0, 0, 0, 0, 0, 0, 0, 0, 0, 0, 0] (0.000s)
  Sub: Z₀=37.763345 [LOCAL] (0.1s), α=[0.000,0.000,0.000,0.000,0.000,0.000,0.000,0.000,0.000,0.000,0.000,0.000,0.000,0.000,0.000,0.000,0.000,0.000,0.000,0.000,0.000,0.000,0.000,0.000,0.000,0.000,0.000,0.000,10.249,0.000,0.000,0.000,0.000,0.000,0.000,0.000,0.000,0.000,0.000,0.000,0.000,0.000,0.000,0.000,0.000,0.000,0.000]
  Iter 2: LB=16.604306  UB=Inf  gap=NaN
  Cut: intercept=-1093.680036, π_x_range=[-824.6549, 568.3003]
  Mini-Benders[1] (mw): LB=17.041466, Z₀(α*)=35.430232, intercept=-109.268684 (0.089s) [OMP=0.058 ISP-L=0.004 ISP-F=0.011 MW-L=0.007 MW-F=0.011]
  Mini-Benders[2] (mw): LB=17.197649, Z₀(α*)=38.854023, intercept=-107.246715 (0.093s) [OMP=0.058 ISP-L=0.003 ISP-F=0.009 MW-L=0.006 MW-F=0.013]
  Mini-Benders[3] (mw): LB=17.217289, Z₀(α*)=35.430232, intercept=-116.028955 (0.104s) [OMP=0.060 ISP-L=0.003 ISP-F=0.010 MW-L=0.008 MW-F=0.023]
  Mini-Benders[4] (mw): LB=17.852499, Z₀(α*)=30.763047, intercept=-135.036517 (0.103s) [OMP=0.063 ISP-L=0.003 ISP-F=0.010 MW-L=0.008 MW-F=0.012]
  Mini-Benders[5] (mw): LB=17.860097, Z₀(α*)=37.114851, intercept=-177.336791 (0.092s) [OMP=0.052 ISP-L=0.004 ISP-F=0.022 MW-L=0.008 MW-F=0.012]
  α-step: Z₀=30.453746, α=[0.000,0.000,0.000,0.000,0.000,0.000,0.000,0.000,0.000,0.000,0.000,0.000,0.000,0.000,0.000,0.000,0.000,0.000,0.000,0.000,0.000,0.000,0.000,0.000,0.000,0.000,0.000,4.244,6.006,0.000,0.000,0.000,0.000,0.000,0.000,0.000,0.000,0.000,0.000,0.000,0.000,0.000,0.000,0.000,0.000,0.000,0.000]
  Alt-Benders[1] (mw): LB=18.324271, Z₀(α*)=37.763348, intercept=-126.084215 (0.121s) [OMP=0.086 ISP-L=0.004 ISP-F=0.009 MW-L=0.007 MW-F=0.009]
  Alt-Benders[2] (mw): LB=18.434300, Z₀(α*)=38.004977, intercept=-110.352213 (0.153s) [OMP=0.129 ISP-L=0.004 ISP-F=0.009 MW-L=0.007 MW-F=0.010]
  Alt-Benders[3] (mw): LB=18.507531, Z₀(α*)=-3.632029, intercept=-182.321932 (0.135s) [OMP=0.100 ISP-L=0.003 ISP-F=0.009 MW-L=0.007 MW-F=0.012]
  Alt-Benders[4] (mw): LB=18.507531, Z₀(α*)=-3.632029, intercept=-182.321932 (0.104s) [OMP=0.070 ISP-L=0.003 ISP-F=0.009 MW-L=0.007 MW-F=0.012]
  Alt-Benders[5] (mw): LB=18.507531, Z₀(α*)=-3.632029, intercept=-182.321932 (0.121s) [OMP=0.070 ISP-L=0.003 ISP-F=0.009 MW-L=0.020 MW-F=0.012]
  OMP re-solve: 0.071s

=== True-DRO Benders iter 3 ===
  OMP: t₀=18.507531, UB=Inf, gap=NaN, x=[0, 0, 0, 0, 0, 0, 0, 0, 0, 0, 1, 0, 0, 0, 0, 0, 0, 0, 0, 0, 0, 0, 1, 0, 0, 0, 0, 0, 0, 0, 0, 0, 0, 0, 0, 0, 0, 0, 0, 0, 0, 0, 0, 0, 0, 0, 0] (0.000s)
  Sub: Z₀=40.622625 [LOCAL] (0.2s), α=[0.000,0.000,0.000,0.000,0.000,0.000,0.000,0.000,0.000,0.000,0.000,0.000,0.000,0.000,0.000,0.000,0.000,0.000,0.000,0.000,0.000,0.000,5.204,0.000,0.000,0.000,0.000,0.000,5.046,0.000,0.000,0.000,0.000,0.000,0.000,0.000,0.000,0.000,0.000,0.000,0.000,0.000,0.000,0.000,0.000,0.000,0.000]
  Iter 3: LB=18.507531  UB=Inf  gap=NaN
  Cut: intercept=-1109.897845, π_x_range=[-821.4829, 597.9995]
  Mini-Benders[1] (mw): LB=18.665530, Z₀(α*)=23.999366, intercept=-214.386291 (0.119s) [OMP=0.088 ISP-L=0.003 ISP-F=0.011 MW-L=0.006 MW-F=0.012]
  Mini-Benders[2] (mw): LB=19.153400, Z₀(α*)=28.509093, intercept=-103.598201 (0.135s) [OMP=0.097 ISP-L=0.003 ISP-F=0.012 MW-L=0.006 MW-F=0.011]
  Mini-Benders[3] (mw): LB=19.243576, Z₀(α*)=31.420125, intercept=-86.207467 (0.134s) [OMP=0.092 ISP-L=0.003 ISP-F=0.012 MW-L=0.007 MW-F=0.012]
  Mini-Benders[4] (mw): LB=19.309583, Z₀(α*)=35.224597, intercept=-86.671082 (0.119s) [OMP=0.090 ISP-L=0.003 ISP-F=0.011 MW-L=0.006 MW-F=0.011]
  Mini-Benders[5] (mw): LB=19.329224, Z₀(α*)=25.673806, intercept=-131.636666 (0.153s) [OMP=0.101 ISP-L=0.003 ISP-F=0.010 MW-L=0.019 MW-F=0.015]
  α-step: Z₀=32.336947, α=[0.000,0.000,0.000,0.000,0.000,0.000,0.000,0.000,0.000,0.000,0.000,0.000,0.000,0.000,0.000,0.000,0.000,0.000,0.000,0.000,0.000,0.000,0.000,0.000,0.000,0.000,0.000,3.563,5.494,0.000,0.000,0.000,0.000,0.000,0.000,0.384,0.808,0.000,0.000,0.000,0.000,0.000,0.000,0.000,0.000,0.000,0.000]
  Alt-Benders[1] (mw): LB=19.508439, Z₀(α*)=4.388101, intercept=-158.663655 (0.120s) [OMP=0.096 ISP-L=0.003 ISP-F=0.011 MW-L=0.007 MW-F=0.012]
  Alt-Benders[2] (mw): LB=19.508439, Z₀(α*)=4.388101, intercept=-158.663655 (0.135s) [OMP=0.098 ISP-L=0.003 ISP-F=0.011 MW-L=0.007 MW-F=0.012]
  Alt-Benders[3] (mw): LB=19.508439, Z₀(α*)=4.388101, intercept=-158.663655 (0.135s) [OMP=0.100 ISP-L=0.003 ISP-F=0.011 MW-L=0.007 MW-F=0.012]
  Alt-Benders[4]: LB stagnated, break
  OMP re-solve: 0.000s

=== True-DRO Benders iter 4 ===
  OMP: t₀=19.508439, UB=Inf, gap=NaN, x=[0, 0, 0, 0, 0, 0, 0, 0, 0, 0, 1, 0, 0, 0, 0, 0, 0, 0, 0, 0, 0, 0, 0, 0, 0, 0, 0, 0, 0, 0, 0, 0, 0, 0, 0, 0, 1, 0, 0, 0, 0, 0, 0, 0, 0, 0, 0] (0.000s)
  Sub: Z₀=41.695543 [LOCAL] (0.2s), α=[0.000,0.000,0.000,0.000,0.000,0.000,0.000,0.000,0.000,0.000,0.000,0.000,0.000,0.000,0.000,0.000,0.000,0.000,0.000,0.000,0.000,0.000,3.012,0.000,0.000,0.000,0.000,0.000,3.925,0.000,0.000,0.000,0.000,0.000,0.000,0.000,3.312,0.000,0.000,0.000,0.000,0.000,0.000,0.000,0.000,0.000,0.000]
  Iter 4: LB=19.508439  UB=Inf  gap=NaN
  Cut: intercept=-1104.851943, π_x_range=[-827.5760, 587.8741]
  Mini-Benders[1] (mw): LB=20.158270, Z₀(α*)=34.826077, intercept=-80.813243 (0.151s) [OMP=0.106 ISP-L=0.003 ISP-F=0.011 MW-L=0.019 MW-F=0.012]
  Mini-Benders[2] (mw): LB=20.236467, Z₀(α*)=40.822794, intercept=-81.870837 (0.150s) [OMP=0.106 ISP-L=0.003 ISP-F=0.011 MW-L=0.006 MW-F=0.010]
  Mini-Benders[3] (mw): LB=20.286273, Z₀(α*)=32.719032, intercept=-92.440211 (0.136s) [OMP=0.110 ISP-L=0.003 ISP-F=0.011 MW-L=0.006 MW-F=0.012]
  Mini-Benders[4] (mw): LB=20.444597, Z₀(α*)=15.781126, intercept=-80.989442 (0.119s) [OMP=0.089 ISP-L=0.003 ISP-F=0.011 MW-L=0.006 MW-F=0.011]
  Mini-Benders[5] (mw): LB=20.444597, Z₀(α*)=15.781126, intercept=-80.989442 (0.119s) [OMP=0.098 ISP-L=0.003 ISP-F=0.011 MW-L=0.006 MW-F=0.011]
  α-step: Z₀=43.280572, α=[0.000,0.000,0.000,0.000,0.000,0.000,0.000,0.000,0.000,0.000,0.000,0.000,0.000,0.000,0.000,0.000,0.000,0.000,0.000,0.000,0.000,0.000,0.000,0.000,4.427,0.000,0.000,1.630,0.304,0.000,0.000,0.000,0.000,0.000,0.000,1.321,2.567,0.000,0.000,0.000,0.000,0.000,0.000,0.000,0.000,0.000,0.000]
  Alt-Benders[1] (mw): LB=20.444597, Z₀(α*)=38.442692, intercept=-50.808126 (0.167s) [OMP=0.113 ISP-L=0.003 ISP-F=0.010 MW-L=0.006 MW-F=0.021]
  Alt-Benders[2] (mw): LB=20.485646, Z₀(α*)=21.439827, intercept=-146.922960 (0.135s) [OMP=0.113 ISP-L=0.003 ISP-F=0.010 MW-L=0.006 MW-F=0.012]
  Alt-Benders[3] (mw): LB=20.546235, Z₀(α*)=31.439188, intercept=-77.304577 (0.135s) [OMP=0.090 ISP-L=0.003 ISP-F=0.009 MW-L=0.007 MW-F=0.011]
  Alt-Benders[4] (mw): LB=20.892243, Z₀(α*)=4.560575, intercept=-187.633911 (0.120s) [OMP=0.102 ISP-L=0.004 ISP-F=0.010 MW-L=0.008 MW-F=0.010]
  Alt-Benders[5] (mw): LB=20.892243, Z₀(α*)=4.560575, intercept=-187.633911 (0.134s) [OMP=0.103 ISP-L=0.004 ISP-F=0.009 MW-L=0.008 MW-F=0.010]
  OMP re-solve: 0.106s

=== True-DRO Benders iter 5 ===
  OMP: t₀=20.892243, UB=Inf, gap=NaN, x=[0, 0, 0, 0, 0, 0, 0, 0, 0, 0, 1, 0, 0, 0, 0, 0, 0, 0, 0, 0, 0, 0, 0, 0, 1, 0, 0, 0, 0, 0, 0, 0, 0, 0, 0, 0, 0, 0, 0, 0, 0, 0, 0, 0, 0, 0, 0] (0.000s)
  Sub: Z₀=38.092087 (0.2s), α=[0.000,0.000,0.000,0.000,0.000,0.000,0.000,0.000,0.000,0.000,0.674,0.000,0.000,0.000,0.000,0.000,0.000,0.000,0.000,0.000,0.000,0.000,1.100,0.000,5.649,0.000,0.000,0.000,2.826,0.000,0.000,0.000,0.000,0.000,0.000,0.000,0.000,0.000,0.000,0.000,0.000,0.000,0.000,0.000,0.000,0.000,0.000]
  Iter 5: LB=20.892243  UB=38.092087  gap=4.52e-01
  Cut: intercept=-196.211068, π_x_range=[-250.0000, 183.9579]
  Sherali-Cut: intercept=-156.689950, π_x_range=[-120.0000, 165.8618]
  Mini-Benders[1] (mw): LB=20.899841, Z₀(α*)=39.649449, intercept=-193.742930 (0.134s) [OMP=0.100 ISP-L=0.004 ISP-F=0.010 MW-L=0.007 MW-F=0.011]
  Mini-Benders[2] (mw): LB=21.376336, Z₀(α*)=33.587708, intercept=-86.083432 (0.136s) [OMP=0.103 ISP-L=0.003 ISP-F=0.010 MW-L=0.008 MW-F=0.012]
  Mini-Benders[3] (mw): LB=21.439825, Z₀(α*)=18.723232, intercept=-157.308719 (0.135s) [OMP=0.104 ISP-L=0.003 ISP-F=0.011 MW-L=0.005 MW-F=0.011]
  Mini-Benders[4] (mw): LB=21.439825, Z₀(α*)=18.723232, intercept=-157.308719 (0.151s) [OMP=0.114 ISP-L=0.003 ISP-F=0.011 MW-L=0.006 MW-F=0.012]
  Mini-Benders[5] (mw): LB=21.439825, Z₀(α*)=18.723232, intercept=-157.308719 (0.151s) [OMP=0.115 ISP-L=0.003 ISP-F=0.011 MW-L=0.006 MW-F=0.012]
  α-step: Z₀=46.669937, α=[0.000,0.000,0.000,0.000,0.000,0.000,0.000,0.000,0.000,0.000,0.000,0.000,0.000,0.000,0.000,0.000,0.000,0.000,0.000,0.000,0.000,0.000,0.000,1.256,0.000,0.846,0.000,0.000,6.868,0.100,0.000,0.000,0.000,0.000,0.000,0.794,0.385,0.000,0.000,0.000,0.000,0.000,0.000,0.000,0.000,0.000,0.000]
  Alt-Benders[1] (mw): LB=21.798508, Z₀(α*)=44.478127, intercept=-78.116158 (0.141s) [OMP=0.106 ISP-L=0.003 ISP-F=0.011 MW-L=0.007 MW-F=0.011]
  Alt-Benders[2] (mw): LB=21.851213, Z₀(α*)=41.820585, intercept=-56.166425 (0.150s) [OMP=0.109 ISP-L=0.003 ISP-F=0.010 MW-L=0.006 MW-F=0.013]
  Alt-Benders[3] (mw): LB=21.878151, Z₀(α*)=17.089606, intercept=-44.784664 (0.135s) [OMP=0.105 ISP-L=0.003 ISP-F=0.009 MW-L=0.006 MW-F=0.012]
  Alt-Benders[4] (mw): LB=21.878151, Z₀(α*)=17.089606, intercept=-44.784664 (0.135s) [OMP=0.102 ISP-L=0.004 ISP-F=0.010 MW-L=0.006 MW-F=0.011]
  Alt-Benders[5] (mw): LB=21.878151, Z₀(α*)=17.089606, intercept=-44.784664 (0.135s) [OMP=0.103 ISP-L=0.003 ISP-F=0.010 MW-L=0.006 MW-F=0.011]
  OMP re-solve: 0.101s

=== True-DRO Benders iter 6 ===
  OMP: t₀=21.878151, UB=38.092087, gap=4.26e-01, x=[0, 0, 0, 0, 0, 0, 0, 0, 0, 0, 0, 0, 0, 0, 0, 0, 0, 0, 0, 0, 0, 0, 1, 1, 0, 0, 0, 0, 0, 0, 0, 0, 0, 0, 0, 0, 0, 0, 0, 0, 0, 0, 0, 0, 0, 0, 0] (0.000s)
  Sub: Z₀=41.010734 [LOCAL] (0.4s), α=[0.000,0.000,0.000,0.000,0.000,0.000,0.000,0.000,0.000,0.000,0.000,0.000,0.000,0.000,0.000,0.000,0.000,0.000,0.000,0.000,0.000,0.000,3.679,0.000,0.000,0.000,0.000,0.000,0.000,0.000,0.000,0.000,0.000,0.000,0.000,1.910,4.660,0.000,0.000,0.000,0.000,0.000,0.000,0.000,0.000,0.000,0.000]
  Iter 6: LB=21.878151  UB=38.092087  gap=4.26e-01
  Cut: intercept=-1148.549996, π_x_range=[-830.8731, 601.5420]
  Mini-Benders[1] (mw): LB=21.997249, Z₀(α*)=42.702745, intercept=-86.245709 (0.137s) [OMP=0.111 ISP-L=0.003 ISP-F=0.009 MW-L=0.007 MW-F=0.011]
  Mini-Benders[2] (mw): LB=22.070470, Z₀(α*)=18.734295, intercept=-93.582238 (0.135s) [OMP=0.101 ISP-L=0.003 ISP-F=0.009 MW-L=0.006 MW-F=0.011]
  Mini-Benders[3] (mw): LB=22.070470, Z₀(α*)=18.734295, intercept=-93.582238 (0.137s) [OMP=0.099 ISP-L=0.003 ISP-F=0.009 MW-L=0.006 MW-F=0.011]
  Mini-Benders[4] (mw): LB=22.070470, Z₀(α*)=18.734295, intercept=-93.582238 (0.120s) [OMP=0.100 ISP-L=0.003 ISP-F=0.009 MW-L=0.006 MW-F=0.011]
  Mini-Benders[5]: LB stagnated, break
  α-step: Z₀=47.338065, α=[0.000,0.000,0.000,0.000,0.000,0.000,0.000,0.000,0.000,0.000,0.000,0.000,0.000,0.000,0.000,0.000,0.000,0.000,0.000,0.000,0.000,0.000,0.000,0.000,0.160,0.000,0.000,0.000,0.514,0.000,0.000,0.000,2.230,0.000,0.000,3.828,3.517,0.000,0.000,0.000,0.000,0.000,0.000,0.000,0.000,0.000,0.000]
  Alt-Benders[1] (mw): LB=22.193144, Z₀(α*)=-51.046909, intercept=-162.387090 (0.151s) [OMP=0.106 ISP-L=0.004 ISP-F=0.011 MW-L=0.008 MW-F=0.023]
  Alt-Benders[2] (mw): LB=22.193144, Z₀(α*)=-51.046909, intercept=-162.387090 (0.135s) [OMP=0.099 ISP-L=0.004 ISP-F=0.011 MW-L=0.007 MW-F=0.012]
  Alt-Benders[3] (mw): LB=22.193144, Z₀(α*)=-51.046909, intercept=-162.387090 (0.120s) [OMP=0.098 ISP-L=0.003 ISP-F=0.011 MW-L=0.007 MW-F=0.011]
  Alt-Benders[4]: LB stagnated, break
  OMP re-solve: 0.000s

=== True-DRO Benders iter 7 ===
  OMP: t₀=22.193144, UB=38.092087, gap=4.17e-01, x=[0, 0, 0, 0, 0, 0, 0, 0, 0, 0, 1, 0, 0, 0, 0, 0, 0, 0, 0, 0, 0, 0, 0, 0, 0, 0, 1, 0, 0, 0, 0, 0, 0, 0, 0, 0, 0, 0, 0, 0, 0, 0, 0, 0, 0, 0, 0] (0.000s)
  Sub: Z₀=40.317025 [LOCAL] (0.3s), α=[0.000,0.000,0.000,0.000,0.000,0.000,0.000,0.000,0.000,0.000,0.000,0.000,0.000,0.000,0.000,0.000,0.000,0.000,0.000,0.000,0.000,0.000,5.204,0.000,0.000,0.000,0.000,0.000,5.046,0.000,0.000,0.000,0.000,0.000,0.000,0.000,0.000,0.000,0.000,0.000,0.000,0.000,0.000,0.000,0.000,0.000,0.000]
  Iter 7: LB=22.193144  UB=38.092087  gap=4.17e-01
  Cut: intercept=-1097.070119, π_x_range=[-829.6283, 586.3424]
  Mini-Benders[1] (mw): LB=22.349327, Z₀(α*)=41.727082, intercept=-65.103107 (0.151s) [OMP=0.113 ISP-L=0.003 ISP-F=0.012 MW-L=0.008 MW-F=0.011]
  Mini-Benders[2] (mw): LB=22.368968, Z₀(α*)=42.294182, intercept=-124.946054 (0.141s) [OMP=0.111 ISP-L=0.004 ISP-F=0.010 MW-L=0.007 MW-F=0.011]
  Mini-Benders[3] (mw): LB=22.897040, Z₀(α*)=8.925717, intercept=-76.579999 (0.151s) [OMP=0.108 ISP-L=0.003 ISP-F=0.010 MW-L=0.007 MW-F=0.024]
  Mini-Benders[4] (mw): LB=22.897040, Z₀(α*)=8.925717, intercept=-76.579999 (0.135s) [OMP=0.091 ISP-L=0.003 ISP-F=0.010 MW-L=0.007 MW-F=0.012]
  Mini-Benders[5] (mw): LB=22.897040, Z₀(α*)=8.925717, intercept=-76.579999 (0.118s) [OMP=0.090 ISP-L=0.003 ISP-F=0.010 MW-L=0.006 MW-F=0.012]
  α-step: Z₀=40.756725, α=[0.000,0.000,0.000,0.000,0.000,0.000,0.000,0.000,0.000,0.000,0.000,0.000,0.000,0.000,0.000,0.000,0.000,0.000,0.000,0.000,0.000,0.000,0.000,0.000,6.741,0.000,0.000,0.000,0.118,0.000,0.000,0.000,0.000,0.000,0.000,0.000,3.390,0.000,0.000,0.000,0.000,0.000,0.000,0.000,0.000,0.000,0.000]
  Alt-Benders[1] (mw): LB=22.982345, Z₀(α*)=40.393966, intercept=-49.034711 (0.138s) [OMP=0.108 ISP-L=0.003 ISP-F=0.009 MW-L=0.007 MW-F=0.012]
  Alt-Benders[2] (mw): LB=23.133016, Z₀(α*)=20.306373, intercept=-30.641856 (0.138s) [OMP=0.110 ISP-L=0.003 ISP-F=0.012 MW-L=0.008 MW-F=0.011]
  Alt-Benders[3] (mw): LB=23.133016, Z₀(α*)=20.306373, intercept=-30.641856 (0.151s) [OMP=0.105 ISP-L=0.003 ISP-F=0.012 MW-L=0.008 MW-F=0.011]
  Alt-Benders[4] (mw): LB=23.133016, Z₀(α*)=20.306373, intercept=-30.641856 (0.150s) [OMP=0.106 ISP-L=0.003 ISP-F=0.023 MW-L=0.008 MW-F=0.011]
  Alt-Benders[5]: LB stagnated, break
  OMP re-solve: 0.000s

=== True-DRO Benders iter 8 ===
  OMP: t₀=23.133016, UB=38.092087, gap=3.93e-01, x=[0, 0, 0, 0, 0, 0, 0, 0, 0, 0, 0, 0, 0, 0, 0, 0, 0, 0, 0, 0, 0, 0, 0, 0, 1, 0, 0, 0, 0, 0, 0, 1, 0, 0, 0, 0, 0, 0, 0, 0, 0, 0, 0, 0, 0, 0, 0] (0.000s)
  Sub: Z₀=39.740522 [LOCAL] (0.2s), α=[0.000,0.000,0.000,0.000,0.000,0.000,0.000,0.000,0.000,0.000,0.000,0.000,0.000,0.000,0.000,0.000,0.000,0.000,0.000,0.000,0.000,0.000,0.000,0.000,7.944,0.000,0.000,0.000,0.118,0.000,0.000,2.187,0.000,0.000,0.000,0.000,0.000,0.000,0.000,0.000,0.000,0.000,0.000,0.000,0.000,0.000,0.000]
  Iter 8: LB=23.133016  UB=38.092087  gap=3.93e-01
  Cut: intercept=-1122.943559, π_x_range=[-831.1377, 587.8529]
  Mini-Benders[1] (mw): LB=23.198014, Z₀(α*)=21.651092, intercept=-123.243542 (0.136s) [OMP=0.098 ISP-L=0.004 ISP-F=0.010 MW-L=0.008 MW-F=0.009]
  Mini-Benders[2] (mw): LB=23.198014, Z₀(α*)=21.651092, intercept=-123.243542 (0.135s) [OMP=0.109 ISP-L=0.003 ISP-F=0.011 MW-L=0.008 MW-F=0.009]
  Mini-Benders[3] (mw): LB=23.198014, Z₀(α*)=21.651092, intercept=-123.243542 (0.135s) [OMP=0.108 ISP-L=0.004 ISP-F=0.010 MW-L=0.008 MW-F=0.009]
  Mini-Benders[4]: LB stagnated, break
  α-step: Z₀=39.612147, α=[0.000,0.000,0.000,0.000,0.000,0.000,0.000,0.000,0.000,0.000,0.000,0.000,0.000,0.000,0.000,0.000,0.000,0.000,0.000,0.000,0.000,0.000,3.012,0.000,3.035,0.000,0.000,0.000,4.202,0.000,0.000,0.000,0.000,0.000,0.000,0.000,0.000,0.000,0.000,0.000,0.000,0.000,0.000,0.000,0.000,0.000,0.000]
  Alt-Benders[1] (mw): LB=23.381052, Z₀(α*)=20.460961, intercept=-28.480379 (0.140s) [OMP=0.110 ISP-L=0.003 ISP-F=0.008 MW-L=0.021 MW-F=0.012]
  Alt-Benders[2] (mw): LB=23.381052, Z₀(α*)=20.460961, intercept=-28.480379 (0.135s) [OMP=0.097 ISP-L=0.003 ISP-F=0.009 MW-L=0.008 MW-F=0.011]
  Alt-Benders[3] (mw): LB=23.381052, Z₀(α*)=20.460961, intercept=-28.480379 (0.136s) [OMP=0.097 ISP-L=0.004 ISP-F=0.009 MW-L=0.007 MW-F=0.011]
  Alt-Benders[4]: LB stagnated, break
  OMP re-solve: 0.000s

=== True-DRO Benders iter 9 ===
  OMP: t₀=23.381052, UB=38.092087, gap=3.86e-01, x=[0, 0, 0, 0, 0, 0, 0, 0, 0, 0, 0, 0, 0, 0, 0, 0, 0, 0, 0, 0, 0, 0, 0, 1, 1, 0, 0, 0, 0, 0, 0, 0, 0, 0, 0, 0, 0, 0, 0, 0, 0, 0, 0, 0, 0, 0, 0] (0.000s)
  Sub: Z₀=37.999314 [LOCAL] (0.2s), α=[0.000,0.000,0.000,0.000,0.000,0.000,0.000,0.000,0.000,0.000,0.000,0.000,0.000,0.000,0.000,0.000,0.000,0.000,0.000,0.000,0.000,0.000,0.923,2.114,7.212,0.000,0.000,0.000,0.000,0.000,0.000,0.000,0.000,0.000,0.000,0.000,0.000,0.000,0.000,0.000,0.000,0.000,0.000,0.000,0.000,0.000,0.000]
  Iter 9: LB=23.381052  UB=38.092087  gap=3.86e-01
  Cut: intercept=-1139.370871, π_x_range=[-827.8642, 595.6140]
  Mini-Benders[1] (mw): LB=23.388651, Z₀(α*)=38.905389, intercept=-66.538513 (0.151s) [OMP=0.109 ISP-L=0.004 ISP-F=0.010 MW-L=0.007 MW-F=0.013]
  Mini-Benders[2] (mw): LB=23.525390, Z₀(α*)=-25.077822, intercept=-204.246293 (0.135s) [OMP=0.111 ISP-L=0.003 ISP-F=0.011 MW-L=0.007 MW-F=0.010]
  Mini-Benders[3] (mw): LB=23.525390, Z₀(α*)=-25.077822, intercept=-204.246293 (0.156s) [OMP=0.103 ISP-L=0.003 ISP-F=0.011 MW-L=0.018 MW-F=0.010]
  Mini-Benders[4] (mw): LB=23.525390, Z₀(α*)=-25.077822, intercept=-204.246293 (0.135s) [OMP=0.102 ISP-L=0.003 ISP-F=0.011 MW-L=0.007 MW-F=0.010]
  Mini-Benders[5]: LB stagnated, break
  α-step: Z₀=45.542211, α=[0.000,0.000,0.000,0.000,0.000,0.000,0.000,0.000,0.000,0.000,0.000,0.000,0.000,0.000,0.000,0.000,0.000,0.000,0.000,0.000,0.000,0.000,3.757,0.000,0.000,0.000,0.000,0.000,6.335,0.000,0.000,0.000,0.000,0.000,0.000,0.000,0.157,0.000,0.000,0.000,0.000,0.000,0.000,0.000,0.000,0.000,0.000]
  Alt-Benders[1] (mw): LB=23.585979, Z₀(α*)=43.046733, intercept=-98.496121 (0.146s) [OMP=0.114 ISP-L=0.004 ISP-F=0.009 MW-L=0.007 MW-F=0.010]
  Alt-Benders[2] (mw): LB=23.642892, Z₀(α*)=17.062349, intercept=-30.623316 (0.135s) [OMP=0.109 ISP-L=0.003 ISP-F=0.010 MW-L=0.008 MW-F=0.014]
  Alt-Benders[3] (mw): LB=23.642892, Z₀(α*)=17.062349, intercept=-30.623316 (0.151s) [OMP=0.107 ISP-L=0.003 ISP-F=0.010 MW-L=0.008 MW-F=0.014]
  Alt-Benders[4] (mw): LB=23.642892, Z₀(α*)=17.062349, intercept=-30.623316 (0.151s) [OMP=0.106 ISP-L=0.003 ISP-F=0.010 MW-L=0.020 MW-F=0.013]
  Alt-Benders[5]: LB stagnated, break
  OMP re-solve: 0.000s

=== True-DRO Benders iter 10 ===
  OMP: t₀=23.642892, UB=38.092087, gap=3.79e-01, x=[0, 0, 0, 0, 0, 0, 0, 0, 0, 0, 0, 0, 0, 0, 0, 0, 0, 0, 0, 0, 0, 0, 0, 0, 0, 0, 0, 0, 0, 0, 0, 0, 0, 0, 1, 0, 1, 0, 0, 0, 0, 0, 0, 0, 0, 0, 0] (0.000s)
  Sub: Z₀=41.352567 (0.3s), α=[0.000,0.000,0.000,0.000,0.000,0.000,0.000,0.000,0.000,0.000,0.000,0.000,0.000,0.000,0.000,0.000,0.000,0.000,0.000,0.000,0.000,0.000,0.000,0.000,0.000,0.000,0.000,0.000,0.907,0.000,0.000,0.000,0.000,0.000,0.000,0.000,9.342,0.000,0.000,0.000,0.000,0.000,0.000,0.000,0.000,0.000,0.000]
  Iter 10: LB=23.642892  UB=38.092087  gap=3.79e-01
  Cut: intercept=-63.856736, π_x_range=[-270.0000, 55.2727]
  Sherali-Cut: intercept=-17.355966, π_x_range=[-120.0000, 36.2716]
  Mini-Benders[1] (mw): LB=23.999364, Z₀(α*)=25.347978, intercept=-164.154125 (0.151s) [OMP=0.105 ISP-L=0.003 ISP-F=0.011 MW-L=0.007 MW-F=0.012]
  Mini-Benders[2] (mw): LB=24.059997, Z₀(α*)=45.340980, intercept=-23.262487 (0.120s) [OMP=0.099 ISP-L=0.004 ISP-F=0.010 MW-L=0.006 MW-F=0.011]
  Mini-Benders[3] (mw): LB=24.079997, Z₀(α*)=40.600187, intercept=-42.731141 (0.135s) [OMP=0.101 ISP-L=0.003 ISP-F=0.009 MW-L=0.007 MW-F=0.011]
  Mini-Benders[4] (mw): LB=24.172546, Z₀(α*)=-18.547370, intercept=-82.310607 (0.166s) [OMP=0.117 ISP-L=0.003 ISP-F=0.010 MW-L=0.018 MW-F=0.010]
  Mini-Benders[5] (mw): LB=24.172546, Z₀(α*)=-18.547370, intercept=-82.310607 (0.135s) [OMP=0.103 ISP-L=0.003 ISP-F=0.010 MW-L=0.007 MW-F=0.010]
  α-step: Z₀=35.430232, α=[0.000,0.000,0.000,0.000,0.000,0.000,0.000,0.000,0.000,0.000,0.000,0.000,0.000,0.000,0.000,0.000,0.000,0.000,0.000,0.000,0.000,0.000,0.000,0.000,0.000,0.000,0.000,0.000,5.071,0.000,0.000,5.178,0.000,0.000,0.000,0.000,0.000,0.000,0.000,0.000,0.000,0.000,0.000,0.000,0.000,0.000,0.000]
  Alt-Benders[1] (mw): LB=24.366148, Z₀(α*)=-4.673366, intercept=-34.590874 (0.140s) [OMP=0.114 ISP-L=0.003 ISP-F=0.009 MW-L=0.007 MW-F=0.009]
  Alt-Benders[2] (mw): LB=24.366148, Z₀(α*)=-4.673366, intercept=-34.590874 (0.136s) [OMP=0.111 ISP-L=0.003 ISP-F=0.009 MW-L=0.007 MW-F=0.009]
  Alt-Benders[3] (mw): LB=24.366148, Z₀(α*)=-4.673366, intercept=-34.590874 (0.151s) [OMP=0.108 ISP-L=0.003 ISP-F=0.009 MW-L=0.007 MW-F=0.009]
  Alt-Benders[4]: LB stagnated, break
  OMP re-solve: 0.000s

=== True-DRO Benders iter 11 ===
  OMP: t₀=24.366148, UB=38.092087, gap=3.60e-01, x=[0, 0, 0, 0, 0, 0, 0, 0, 0, 0, 0, 0, 0, 0, 0, 0, 0, 0, 0, 0, 0, 0, 1, 0, 1, 0, 0, 0, 0, 0, 0, 0, 0, 0, 0, 0, 0, 0, 0, 0, 0, 0, 0, 0, 0, 0, 0] (0.000s)
  Sub: Z₀=39.864628 [LOCAL] (0.3s), α=[0.000,0.000,0.000,0.000,0.000,0.000,0.000,0.000,0.000,0.000,0.000,0.000,0.000,0.000,0.000,0.000,0.000,0.000,0.000,0.000,0.000,0.000,0.000,0.000,8.230,0.000,0.000,0.000,1.862,0.000,0.000,0.000,0.000,0.000,0.000,0.000,0.157,0.000,0.000,0.000,0.000,0.000,0.000,0.000,0.000,0.000,0.000]
  Iter 11: LB=24.366148  UB=38.092087  gap=3.60e-01
  Cut: intercept=-1134.991784, π_x_range=[-830.1342, 591.2466]
  Mini-Benders[1] (mw): LB=24.373747, Z₀(α*)=38.261080, intercept=-62.222550 (0.151s) [OMP=0.118 ISP-L=0.004 ISP-F=0.012 MW-L=0.008 MW-F=0.011]
  Mini-Benders[2] (mw): LB=24.426319, Z₀(α*)=44.677142, intercept=-17.907183 (0.150s) [OMP=0.110 ISP-L=0.003 ISP-F=0.013 MW-L=0.007 MW-F=0.012]
  Mini-Benders[3] (mw): LB=24.667044, Z₀(α*)=39.893913, intercept=-51.395152 (0.151s) [OMP=0.117 ISP-L=0.004 ISP-F=0.013 MW-L=0.009 MW-F=0.011]
  Mini-Benders[4] (mw): LB=24.681954, Z₀(α*)=39.004065, intercept=-61.773921 (0.118s) [OMP=0.091 ISP-L=0.004 ISP-F=0.013 MW-L=0.007 MW-F=0.013]
  Mini-Benders[5] (mw): LB=24.743550, Z₀(α*)=14.431904, intercept=-117.752497 (0.151s) [OMP=0.107 ISP-L=0.003 ISP-F=0.010 MW-L=0.007 MW-F=0.011]
  α-step: Z₀=35.061587, α=[0.000,0.000,0.000,0.000,0.000,0.000,0.000,0.000,0.000,0.000,0.000,0.000,0.000,0.000,0.000,0.000,0.000,0.000,0.000,0.000,0.000,0.000,0.000,0.000,0.000,0.000,0.000,0.000,7.092,0.000,0.000,0.000,0.000,0.000,0.000,0.000,3.157,0.000,0.000,0.000,0.000,0.000,0.000,0.000,0.000,0.000,0.000]
  Alt-Benders[1] (mw): LB=24.838137, Z₀(α*)=30.636741, intercept=-76.282499 (0.151s) [OMP=0.115 ISP-L=0.004 ISP-F=0.012 MW-L=0.007 MW-F=0.009]
  Alt-Benders[2] (mw): LB=24.838252, Z₀(α*)=35.323164, intercept=-109.100418 (0.151s) [OMP=0.115 ISP-L=0.004 ISP-F=0.009 MW-L=0.007 MW-F=0.011]
  Alt-Benders[3] (mw): LB=24.857777, Z₀(α*)=31.314719, intercept=-68.302967 (0.135s) [OMP=0.104 ISP-L=0.003 ISP-F=0.012 MW-L=0.008 MW-F=0.012]
  Alt-Benders[4] (mw): LB=24.890957, Z₀(α*)=32.064976, intercept=-116.939211 (0.150s) [OMP=0.118 ISP-L=0.004 ISP-F=0.010 MW-L=0.008 MW-F=0.011]
  Alt-Benders[5] (mw): LB=24.899043, Z₀(α*)=41.136706, intercept=-20.021396 (0.151s) [OMP=0.117 ISP-L=0.004 ISP-F=0.011 MW-L=0.007 MW-F=0.011]
  OMP re-solve: 0.112s

=== True-DRO Benders iter 12 ===
  OMP: t₀=24.912109, UB=38.092087, gap=3.46e-01, x=[0, 0, 0, 0, 0, 0, 0, 0, 0, 0, 0, 0, 0, 0, 0, 0, 0, 0, 0, 0, 0, 0, 0, 0, 0, 1, 0, 0, 0, 0, 0, 1, 0, 0, 0, 0, 0, 0, 0, 0, 0, 0, 0, 0, 0, 0, 0] (0.000s)
  Sub: Z₀=44.128363 [LOCAL] (0.2s), α=[0.000,0.000,0.000,0.000,0.000,0.000,0.000,0.000,0.000,0.000,0.000,0.000,0.000,0.000,0.000,0.000,0.000,0.000,0.000,0.000,0.000,0.000,0.000,0.000,3.882,0.062,0.000,0.000,2.515,0.000,0.000,3.791,0.000,0.000,0.000,0.000,0.000,0.000,0.000,0.000,0.000,0.000,0.000,0.000,0.000,0.000,0.000]
  Iter 12: LB=24.912109  UB=38.092087  gap=3.46e-01
  Cut: intercept=-1120.477015, π_x_range=[-830.4210, 596.3355]
  Mini-Benders[1] (mw): LB=25.010674, Z₀(α*)=4.537247, intercept=-80.536495 (0.151s) [OMP=0.117 ISP-L=0.004 ISP-F=0.012 MW-L=0.007 MW-F=0.011]
  Mini-Benders[2] (mw): LB=25.010674, Z₀(α*)=4.537247, intercept=-80.536495 (0.151s) [OMP=0.105 ISP-L=0.004 ISP-F=0.012 MW-L=0.007 MW-F=0.011]
  Mini-Benders[3] (mw): LB=25.010674, Z₀(α*)=4.537247, intercept=-80.536495 (0.135s) [OMP=0.104 ISP-L=0.004 ISP-F=0.012 MW-L=0.007 MW-F=0.011]
  Mini-Benders[4]: LB stagnated, break
  α-step: Z₀=38.777384, α=[0.000,0.000,0.000,0.000,0.000,0.000,0.000,0.000,0.000,0.000,0.000,0.000,0.000,0.000,0.000,0.000,0.000,0.000,0.000,0.000,0.000,0.000,6.936,0.000,3.313,0.000,0.000,0.000,0.000,0.000,0.000,0.000,0.000,0.000,0.000,0.000,0.000,0.000,0.000,0.000,0.000,0.000,0.000,0.000,0.000,0.000,0.000]
  Alt-Benders[1] (mw): LB=25.347976, Z₀(α*)=-25.260229, intercept=-216.118964 (0.119s) [OMP=0.100 ISP-L=0.003 ISP-F=0.010 MW-L=0.006 MW-F=0.012]
  Alt-Benders[2] (mw): LB=25.347976, Z₀(α*)=-25.260229, intercept=-216.118964 (0.151s) [OMP=0.103 ISP-L=0.004 ISP-F=0.010 MW-L=0.007 MW-F=0.023]
  Alt-Benders[3] (mw): LB=25.347976, Z₀(α*)=-25.260229, intercept=-216.118964 (0.135s) [OMP=0.103 ISP-L=0.003 ISP-F=0.010 MW-L=0.007 MW-F=0.012]
  Alt-Benders[4]: LB stagnated, break
  OMP re-solve: 0.000s

=== True-DRO Benders iter 13 ===
  OMP: t₀=25.347976, UB=38.092087, gap=3.35e-01, x=[0, 0, 0, 0, 0, 0, 0, 0, 0, 0, 0, 0, 0, 0, 0, 0, 0, 0, 0, 0, 0, 0, 0, 0, 0, 0, 0, 1, 0, 1, 0, 0, 0, 0, 0, 0, 0, 0, 0, 0, 0, 0, 0, 0, 0, 0, 0] (0.000s)
  Sub: Z₀=37.758473 [LOCAL] (0.3s), α=[0.000,0.000,0.000,0.000,0.000,0.000,0.000,0.000,0.000,0.000,0.000,0.000,0.000,0.000,0.000,0.000,0.000,0.000,0.000,0.000,0.000,0.000,0.000,0.000,0.000,0.000,0.000,0.000,6.968,0.000,0.000,0.000,0.000,0.000,0.000,0.781,2.500,0.000,0.000,0.000,0.000,0.000,0.000,0.000,0.000,0.000,0.000]
  Iter 13: LB=25.347976  UB=38.092087  gap=3.35e-01
  Cut: intercept=-1121.876988, π_x_range=[-831.5899, 594.3752]
  Mini-Benders[1] (mw): LB=25.532121, Z₀(α*)=27.579196, intercept=-123.274407 (0.151s) [OMP=0.113 ISP-L=0.003 ISP-F=0.010 MW-L=0.007 MW-F=0.012]
  Mini-Benders[2] (mw): LB=25.667050, Z₀(α*)=9.183629, intercept=-56.237141 (0.151s) [OMP=0.112 ISP-L=0.004 ISP-F=0.014 MW-L=0.007 MW-F=0.009]
  Mini-Benders[3] (mw): LB=25.667050, Z₀(α*)=9.183629, intercept=-56.237141 (0.120s) [OMP=0.086 ISP-L=0.004 ISP-F=0.014 MW-L=0.007 MW-F=0.009]
  Mini-Benders[4] (mw): LB=25.667050, Z₀(α*)=9.183629, intercept=-56.237141 (0.138s) [OMP=0.087 ISP-L=0.004 ISP-F=0.014 MW-L=0.007 MW-F=0.022]
  Mini-Benders[5]: LB stagnated, break
  α-step: Z₀=38.671073, α=[0.000,0.000,0.000,0.000,0.000,0.000,0.000,0.000,0.000,0.000,0.000,0.000,0.000,0.000,0.000,0.000,0.000,0.000,0.000,0.000,0.000,0.000,1.404,0.000,5.422,0.000,0.000,0.000,3.266,0.000,0.000,0.000,0.000,0.000,0.000,0.000,0.157,0.000,0.000,0.000,0.000,0.000,0.000,0.000,0.000,0.000,0.000]
  Alt-Benders[1] (mw): LB=25.673804, Z₀(α*)=39.797335, intercept=-112.628469 (0.135s) [OMP=0.112 ISP-L=0.003 ISP-F=0.010 MW-L=0.006 MW-F=0.011]
  Alt-Benders[2] (mw): LB=25.683353, Z₀(α*)=38.906770, intercept=-59.308543 (0.136s) [OMP=0.108 ISP-L=0.004 ISP-F=0.010 MW-L=0.007 MW-F=0.010]
  Alt-Benders[3] (mw): LB=25.686823, Z₀(α*)=40.671971, intercept=-31.963117 (0.150s) [OMP=0.112 ISP-L=0.004 ISP-F=0.009 MW-L=0.007 MW-F=0.012]
  Alt-Benders[4] (mw): LB=25.823233, Z₀(α*)=25.038458, intercept=-46.571467 (0.151s) [OMP=0.108 ISP-L=0.004 ISP-F=0.011 MW-L=0.007 MW-F=0.011]
  Alt-Benders[5] (mw): LB=25.823233, Z₀(α*)=25.038458, intercept=-46.571467 (0.136s) [OMP=0.115 ISP-L=0.003 ISP-F=0.011 MW-L=0.007 MW-F=0.011]
  OMP re-solve: 0.114s

=== True-DRO Benders iter 14 ===
  OMP: t₀=25.823233, UB=38.092087, gap=3.22e-01, x=[0, 0, 0, 0, 0, 0, 0, 0, 0, 0, 0, 0, 0, 0, 0, 0, 0, 0, 0, 0, 0, 0, 1, 0, 0, 0, 0, 0, 0, 0, 0, 0, 0, 0, 1, 0, 0, 0, 0, 0, 0, 0, 0, 0, 0, 0, 0] (0.000s)
  Sub: Z₀=39.558962 [LOCAL] (0.2s), α=[0.000,0.000,0.000,0.000,0.000,0.000,0.000,0.000,0.000,0.000,0.000,0.000,0.000,0.000,0.000,0.000,0.000,0.000,0.000,0.000,0.000,0.000,0.000,0.000,0.000,0.000,0.000,0.000,1.642,0.000,0.000,0.000,0.000,0.000,2.398,2.034,4.175,0.000,0.000,0.000,0.000,0.000,0.000,0.000,0.000,0.000,0.000]
  Iter 14: LB=25.823233  UB=38.092087  gap=3.22e-01
  Cut: intercept=-1131.529176, π_x_range=[-831.8729, 588.6082]
  Mini-Benders[1] (mw): LB=25.842873, Z₀(α*)=26.080227, intercept=-59.910682 (0.151s) [OMP=0.113 ISP-L=0.003 ISP-F=0.010 MW-L=0.007 MW-F=0.012]
  Mini-Benders[2] (mw): LB=25.860295, Z₀(α*)=-21.061551, intercept=-30.882914 (0.166s) [OMP=0.119 ISP-L=0.003 ISP-F=0.012 MW-L=0.007 MW-F=0.015]
  Mini-Benders[3] (mw): LB=25.860295, Z₀(α*)=-21.061551, intercept=-30.882914 (0.173s) [OMP=0.134 ISP-L=0.002 ISP-F=0.014 MW-L=0.007 MW-F=0.021]
  Mini-Benders[4] (mw): LB=25.860295, Z₀(α*)=-21.061551, intercept=-30.882914 (0.216s) [OMP=0.171 ISP-L=0.002 ISP-F=0.014 MW-L=0.009 MW-F=0.023]
  Mini-Benders[5]: LB stagnated, break
  α-step: Z₀=40.200520, α=[0.000,0.000,0.000,0.000,0.000,0.000,0.000,0.000,0.000,0.000,0.000,0.000,0.000,0.000,0.000,0.000,0.000,0.000,0.000,0.000,0.000,0.000,0.000,0.000,7.263,0.034,0.000,0.000,2.744,0.000,0.000,0.000,0.000,0.000,0.000,0.000,0.207,0.000,0.000,0.000,0.000,0.000,0.000,0.000,0.000,0.000,0.000]
  Alt-Benders[1] (mw): LB=26.014199, Z₀(α*)=9.440390, intercept=-154.618473 (0.194s) [OMP=0.131 ISP-L=0.004 ISP-F=0.012 MW-L=0.031 MW-F=0.014]
  Alt-Benders[2] (mw): LB=26.014199, Z₀(α*)=9.440390, intercept=-154.618473 (0.165s) [OMP=0.134 ISP-L=0.004 ISP-F=0.012 MW-L=0.008 MW-F=0.013]
  Alt-Benders[3] (mw): LB=26.014199, Z₀(α*)=9.440390, intercept=-154.618473 (0.178s) [OMP=0.127 ISP-L=0.004 ISP-F=0.016 MW-L=0.008 MW-F=0.013]
  Alt-Benders[4]: LB stagnated, break
  OMP re-solve: 0.000s

=== True-DRO Benders iter 15 ===
  OMP: t₀=26.014199, UB=38.092087, gap=3.17e-01, x=[0, 0, 0, 0, 0, 0, 0, 0, 0, 0, 0, 0, 0, 0, 0, 0, 0, 0, 0, 0, 0, 0, 0, 1, 0, 0, 0, 0, 0, 1, 0, 0, 0, 0, 0, 0, 0, 0, 0, 0, 0, 0, 0, 0, 0, 0, 0] (0.000s)
  Sub: Z₀=45.592134 [TIME_LIMIT] (15.2s), α=[0.000,0.000,0.000,0.000,0.000,0.000,0.000,0.000,0.000,0.000,0.000,0.000,0.000,0.000,0.000,0.000,0.000,0.000,0.000,0.000,0.000,0.000,4.510,5.442,0.000,0.000,0.000,0.000,0.163,0.000,0.000,0.041,0.000,0.000,0.000,0.000,0.092,0.000,0.000,0.000,0.000,0.000,0.000,0.000,0.000,0.000,0.000]
  Iter 15: LB=26.014199  UB=38.092087  gap=3.17e-01
  Cut: intercept=-114.284869, π_x_range=[-269.9196, 136.5311]
  Mini-Benders[1] (mw): LB=26.074788, Z₀(α*)=44.793963, intercept=12.777480 (0.157s) [OMP=0.122 ISP-L=0.003 ISP-F=0.011 MW-L=0.006 MW-F=0.011]
  Mini-Benders[2] (mw): LB=26.080225, Z₀(α*)=27.887875, intercept=-82.232117 (0.156s) [OMP=0.121 ISP-L=0.004 ISP-F=0.011 MW-L=0.007 MW-F=0.013]
  Mini-Benders[3] (mw): LB=26.202506, Z₀(α*)=-1.248394, intercept=-53.039998 (0.156s) [OMP=0.119 ISP-L=0.004 ISP-F=0.011 MW-L=0.019 MW-F=0.009]
  Mini-Benders[4] (mw): LB=26.202506, Z₀(α*)=-1.248394, intercept=-53.039998 (0.158s) [OMP=0.117 ISP-L=0.004 ISP-F=0.011 MW-L=0.007 MW-F=0.009]
  Mini-Benders[5] (mw): LB=26.202506, Z₀(α*)=-1.248394, intercept=-53.039998 (0.140s) [OMP=0.115 ISP-L=0.004 ISP-F=0.011 MW-L=0.007 MW-F=0.009]
  α-step: Z₀=45.772761, α=[0.000,0.000,0.000,0.000,0.000,0.000,0.000,0.000,0.000,0.000,0.000,0.000,0.000,0.000,0.000,0.000,0.000,0.000,0.000,0.000,0.000,0.000,1.114,0.000,0.533,6.582,0.000,0.000,2.021,0.000,0.000,0.000,0.000,0.000,0.000,0.000,0.000,0.000,0.000,0.000,0.000,0.000,0.000,0.000,0.000,0.000,0.000]
  Alt-Benders[1] (mw): LB=26.257859, Z₀(α*)=26.288608, intercept=-139.000495 (0.156s) [OMP=0.129 ISP-L=0.004 ISP-F=0.013 MW-L=0.007 MW-F=0.010]
  Alt-Benders[2] (mw): LB=26.263347, Z₀(α*)=-9.068306, intercept=5.964027 (0.142s) [OMP=0.112 ISP-L=0.004 ISP-F=0.010 MW-L=0.007 MW-F=0.011]
  Alt-Benders[3] (mw): LB=26.263347, Z₀(α*)=-9.068306, intercept=5.964027 (0.171s) [OMP=0.114 ISP-L=0.004 ISP-F=0.010 MW-L=0.007 MW-F=0.024]
  Alt-Benders[4] (mw): LB=26.263347, Z₀(α*)=-9.068306, intercept=5.964027 (0.140s) [OMP=0.113 ISP-L=0.003 ISP-F=0.010 MW-L=0.007 MW-F=0.011]
  Alt-Benders[5]: LB stagnated, break
  OMP re-solve: 0.000s

=== True-DRO Benders iter 16 ===
  OMP: t₀=26.263347, UB=38.092087, gap=3.11e-01, x=[0, 0, 0, 0, 0, 0, 0, 0, 0, 0, 0, 0, 0, 0, 0, 0, 0, 0, 0, 0, 0, 0, 0, 0, 1, 0, 0, 0, 0, 0, 0, 0, 0, 0, 0, 1, 0, 0, 0, 0, 0, 0, 0, 0, 0, 0, 0] (0.000s)
  Sub: Z₀=41.436705 [LOCAL] (0.2s), α=[0.000,0.000,0.000,0.000,0.000,0.000,0.000,0.000,0.000,0.000,0.000,0.000,0.000,0.000,0.000,0.000,0.000,0.000,0.000,0.000,0.000,0.000,0.000,0.000,6.413,0.000,0.000,0.000,0.907,0.000,0.000,0.000,0.000,0.000,0.000,1.360,1.569,0.000,0.000,0.000,0.000,0.000,0.000,0.000,0.000,0.000,0.000]
  Iter 16: LB=26.263347  UB=38.092087  gap=3.11e-01
  Cut: intercept=-1133.003164, π_x_range=[-831.5309, 588.6609]
  Mini-Benders[1] (mw): LB=26.288606, Z₀(α*)=4.281488, intercept=-113.800848 (0.156s) [OMP=0.116 ISP-L=0.004 ISP-F=0.012 MW-L=0.006 MW-F=0.010]
  Mini-Benders[2] (mw): LB=26.288606, Z₀(α*)=4.281488, intercept=-113.800848 (0.156s) [OMP=0.120 ISP-L=0.003 ISP-F=0.013 MW-L=0.006 MW-F=0.010]
  Mini-Benders[3] (mw): LB=26.288606, Z₀(α*)=4.281488, intercept=-113.800848 (0.141s) [OMP=0.119 ISP-L=0.004 ISP-F=0.012 MW-L=0.007 MW-F=0.009]
  Mini-Benders[4]: LB stagnated, break
  α-step: Z₀=43.035688, α=[0.000,0.000,0.000,0.000,0.000,0.000,0.000,0.000,0.000,0.000,0.000,0.000,0.000,0.000,0.000,0.000,0.000,0.000,0.000,0.000,0.000,0.000,0.010,0.000,0.000,0.000,0.000,0.000,5.082,0.000,0.000,5.157,0.000,0.000,0.000,0.000,0.000,0.000,0.000,0.000,0.000,0.000,0.000,0.000,0.000,0.000,0.000]
  Alt-Benders[1] (mw): LB=26.318608, Z₀(α*)=43.757051, intercept=-51.654270 (0.152s) [OMP=0.114 ISP-L=0.004 ISP-F=0.011 MW-L=0.007 MW-F=0.010]
  Alt-Benders[2] (mw): LB=26.363384, Z₀(α*)=6.243117, intercept=-43.064695 (0.145s) [OMP=0.119 ISP-L=0.004 ISP-F=0.011 MW-L=0.007 MW-F=0.010]
  Alt-Benders[3] (mw): LB=26.363384, Z₀(α*)=6.243117, intercept=-43.064695 (0.141s) [OMP=0.112 ISP-L=0.004 ISP-F=0.011 MW-L=0.007 MW-F=0.010]
  Alt-Benders[4] (mw): LB=26.363384, Z₀(α*)=6.243117, intercept=-43.064695 (0.156s) [OMP=0.112 ISP-L=0.004 ISP-F=0.011 MW-L=0.007 MW-F=0.010]
  Alt-Benders[5]: LB stagnated, break
  OMP re-solve: 0.000s

=== True-DRO Benders iter 17 ===
  OMP: t₀=26.363384, UB=38.092087, gap=3.08e-01, x=[0, 0, 0, 0, 0, 0, 0, 0, 0, 0, 0, 0, 0, 0, 0, 0, 0, 0, 0, 0, 0, 0, 0, 0, 0, 0, 1, 0, 0, 0, 0, 0, 0, 0, 0, 0, 1, 0, 0, 0, 0, 0, 0, 0, 0, 0, 0] (0.000s)
  Sub: Z₀=40.911501 [LOCAL] (0.2s), α=[0.000,0.000,0.000,0.000,0.000,0.000,0.000,0.000,0.000,0.000,0.000,0.000,0.000,0.000,0.000,0.000,0.000,0.000,0.000,0.000,0.000,0.000,0.000,0.000,3.642,0.000,0.000,0.038,5.033,0.000,0.000,0.000,0.000,0.000,0.000,0.000,1.536,0.000,0.000,0.000,0.000,0.000,0.000,0.000,0.000,0.000,0.000]
  Iter 17: LB=26.363384  UB=38.092087  gap=3.08e-01
  Cut: intercept=-1123.536167, π_x_range=[-829.6483, 588.6177]
  Mini-Benders[1] (mw): LB=26.524454, Z₀(α*)=29.544427, intercept=-38.169820 (0.157s) [OMP=0.116 ISP-L=0.004 ISP-F=0.012 MW-L=0.007 MW-F=0.024]
  Mini-Benders[2] (mw): LB=26.634554, Z₀(α*)=36.696121, intercept=-27.871348 (0.156s) [OMP=0.127 ISP-L=0.004 ISP-F=0.009 MW-L=0.007 MW-F=0.011]
  Mini-Benders[3] (mw): LB=26.671919, Z₀(α*)=35.095784, intercept=-26.602708 (0.172s) [OMP=0.128 ISP-L=0.003 ISP-F=0.012 MW-L=0.008 MW-F=0.013]
  Mini-Benders[4] (mw): LB=26.889840, Z₀(α*)=41.538983, intercept=-4.885846 (0.164s) [OMP=0.121 ISP-L=0.004 ISP-F=0.012 MW-L=0.007 MW-F=0.011]
  Mini-Benders[5] (mw): LB=26.933252, Z₀(α*)=28.565707, intercept=-123.544627 (0.149s) [OMP=0.120 ISP-L=0.002 ISP-F=0.011 MW-L=0.005 MW-F=0.012]
  α-step: Z₀=41.570919, α=[0.000,0.000,0.000,0.000,0.000,0.000,0.000,0.000,0.000,0.000,0.000,0.000,0.000,0.000,0.000,0.000,0.000,0.000,0.000,0.000,0.000,0.000,3.575,0.000,0.000,0.000,0.000,0.000,4.283,0.000,0.000,0.000,0.000,0.000,0.000,0.794,1.597,0.000,0.000,0.000,0.000,0.000,0.000,0.000,0.000,0.000,0.000]
  Alt-Benders[1] (mw): LB=27.059884, Z₀(α*)=43.922785, intercept=-15.283352 (0.156s) [OMP=0.127 ISP-L=0.002 ISP-F=0.009 MW-L=0.005 MW-F=0.010]
  Alt-Benders[2] (mw): LB=27.327062, Z₀(α*)=43.922785, intercept=-36.313425 (0.171s) [OMP=0.122 ISP-L=0.004 ISP-F=0.009 MW-L=0.018 MW-F=0.011]
  Alt-Benders[3] (mw): LB=27.383853, Z₀(α*)=43.922785, intercept=-13.623805 (0.156s) [OMP=0.126 ISP-L=0.003 ISP-F=0.010 MW-L=0.007 MW-F=0.011]
  Alt-Benders[4] (mw): LB=27.429468, Z₀(α*)=21.801839, intercept=-45.994494 (0.172s) [OMP=0.129 ISP-L=0.004 ISP-F=0.011 MW-L=0.008 MW-F=0.011]
  Alt-Benders[5] (mw): LB=27.429468, Z₀(α*)=21.801839, intercept=-45.994494 (0.156s) [OMP=0.130 ISP-L=0.004 ISP-F=0.011 MW-L=0.007 MW-F=0.010]
  OMP re-solve: 0.124s

=== True-DRO Benders iter 18 ===
  OMP: t₀=27.429468, UB=38.092087, gap=2.80e-01, x=[0, 0, 0, 0, 0, 0, 0, 0, 0, 0, 0, 0, 0, 0, 0, 0, 0, 0, 0, 0, 0, 0, 0, 0, 0, 0, 1, 0, 0, 0, 0, 1, 0, 0, 0, 0, 0, 0, 0, 0, 0, 0, 0, 0, 0, 0, 0] (0.000s)
  Sub: Z₀=42.298723 [LOCAL] (0.2s), α=[0.000,0.000,0.000,0.000,0.000,0.000,0.000,0.000,0.000,0.000,0.000,0.000,0.000,0.000,0.000,0.000,0.000,0.000,0.000,0.000,0.000,0.000,0.000,0.000,7.252,0.000,0.000,0.012,2.985,0.000,0.000,0.000,0.000,0.000,0.000,0.000,0.000,0.000,0.000,0.000,0.000,0.000,0.000,0.000,0.000,0.000,0.000]
  Iter 18: LB=27.429468  UB=38.092087  gap=2.80e-01
  Cut: intercept=-1100.240766, π_x_range=[-829.8582, 578.5196]
  Mini-Benders[1] (mw): LB=27.549414, Z₀(α*)=28.614115, intercept=-52.757163 (0.157s) [OMP=0.125 ISP-L=0.003 ISP-F=0.012 MW-L=0.007 MW-F=0.010]
  Mini-Benders[2] (mw): LB=27.574922, Z₀(α*)=44.358848, intercept=-21.353073 (0.172s) [OMP=0.122 ISP-L=0.003 ISP-F=0.013 MW-L=0.020 MW-F=0.011]
  Mini-Benders[3] (mw): LB=27.578326, Z₀(α*)=43.792298, intercept=26.075695 (0.171s) [OMP=0.128 ISP-L=0.004 ISP-F=0.011 MW-L=0.008 MW-F=0.011]
  Mini-Benders[4] (mw): LB=27.579194, Z₀(α*)=29.865018, intercept=-118.960523 (0.157s) [OMP=0.124 ISP-L=0.004 ISP-F=0.014 MW-L=0.008 MW-F=0.011]
  Mini-Benders[5] (mw): LB=27.667552, Z₀(α*)=4.161406, intercept=-11.042916 (0.156s) [OMP=0.123 ISP-L=0.003 ISP-F=0.011 MW-L=0.006 MW-F=0.013]
  α-step: Z₀=43.100518, α=[0.000,0.000,0.000,0.000,0.000,0.000,0.000,0.000,0.000,0.000,0.000,0.000,0.000,0.000,0.000,0.000,0.000,0.000,0.000,0.000,0.000,0.000,4.246,0.000,0.000,0.000,0.000,0.000,5.154,0.000,0.000,0.000,0.000,0.000,0.000,0.849,0.000,0.000,0.000,0.000,0.000,0.000,0.000,0.000,0.000,0.000,0.000]
  Alt-Benders[1] (mw): LB=27.738789, Z₀(α*)=45.818034, intercept=-25.913424 (0.156s) [OMP=0.124 ISP-L=0.004 ISP-F=0.010 MW-L=0.006 MW-F=0.010]
  Alt-Benders[2] (mw): LB=27.766016, Z₀(α*)=41.176188, intercept=-135.764933 (0.188s) [OMP=0.134 ISP-L=0.004 ISP-F=0.012 MW-L=0.019 MW-F=0.013]
  Alt-Benders[3] (mw): LB=27.887873, Z₀(α*)=40.631687, intercept=-70.759567 (0.156s) [OMP=0.127 ISP-L=0.004 ISP-F=0.011 MW-L=0.006 MW-F=0.010]
  Alt-Benders[4] (mw): LB=27.888326, Z₀(α*)=40.786710, intercept=-33.312432 (0.156s) [OMP=0.120 ISP-L=0.003 ISP-F=0.011 MW-L=0.006 MW-F=0.010]
  Alt-Benders[5] (mw): LB=27.908258, Z₀(α*)=-6.411670, intercept=18.994307 (0.157s) [OMP=0.128 ISP-L=0.003 ISP-F=0.010 MW-L=0.007 MW-F=0.010]
  OMP re-solve: 0.120s

=== True-DRO Benders iter 19 ===
  OMP: t₀=27.908258, UB=38.092087, gap=2.67e-01, x=[0, 0, 0, 0, 0, 0, 0, 0, 0, 0, 0, 0, 0, 0, 0, 0, 0, 0, 0, 0, 0, 0, 0, 0, 1, 0, 0, 0, 0, 0, 0, 0, 0, 1, 0, 0, 0, 0, 0, 0, 0, 0, 0, 0, 0, 0, 0] (0.000s)
  Sub: Z₀=43.873268 [LOCAL] (0.2s), α=[0.000,0.000,0.000,0.000,0.000,0.000,0.000,0.000,0.000,0.000,0.000,0.000,0.000,0.000,0.000,0.000,0.000,0.000,0.000,0.000,0.000,0.000,0.000,0.000,8.730,0.000,0.000,0.000,0.907,0.000,0.000,0.000,0.000,0.000,0.000,0.073,0.539,0.000,0.000,0.000,0.000,0.000,0.000,0.000,0.000,0.000,0.000]
  Iter 19: LB=27.908258  UB=38.092087  gap=2.67e-01
  Cut: intercept=-1110.654823, π_x_range=[-831.1994, 581.7317]
  Mini-Benders[1] (mw): LB=27.915856, Z₀(α*)=44.135403, intercept=-37.497137 (0.161s) [OMP=0.120 ISP-L=0.004 ISP-F=0.013 MW-L=0.007 MW-F=0.010]
  Mini-Benders[2] (mw): LB=27.990205, Z₀(α*)=40.607915, intercept=-53.074901 (0.167s) [OMP=0.129 ISP-L=0.004 ISP-F=0.013 MW-L=0.007 MW-F=0.025]
  Mini-Benders[3] (mw): LB=28.081371, Z₀(α*)=35.500075, intercept=-37.592888 (0.173s) [OMP=0.134 ISP-L=0.004 ISP-F=0.011 MW-L=0.007 MW-F=0.011]
  Mini-Benders[4] (mw): LB=28.256779, Z₀(α*)=27.608326, intercept=-67.237507 (0.171s) [OMP=0.136 ISP-L=0.003 ISP-F=0.010 MW-L=0.005 MW-F=0.011]
  Mini-Benders[5] (mw): LB=28.256779, Z₀(α*)=27.608326, intercept=-67.237507 (0.156s) [OMP=0.122 ISP-L=0.003 ISP-F=0.010 MW-L=0.005 MW-F=0.011]
  α-step: Z₀=43.706055, α=[0.000,0.000,0.000,0.000,0.000,0.000,0.000,0.000,0.000,0.000,0.000,0.000,0.000,0.000,0.000,0.000,0.000,0.000,0.000,0.000,0.000,0.000,0.000,0.000,4.852,0.000,0.000,0.000,5.071,0.000,0.000,0.000,0.000,0.000,0.000,0.326,0.000,0.000,0.000,0.000,0.000,0.000,0.000,0.000,0.000,0.000,0.000]
  Alt-Benders[1] (mw): LB=28.271242, Z₀(α*)=42.891039, intercept=-8.323266 (0.156s) [OMP=0.125 ISP-L=0.004 ISP-F=0.010 MW-L=0.007 MW-F=0.009]
  Alt-Benders[2] (mw): LB=28.273643, Z₀(α*)=41.104400, intercept=-134.124328 (0.157s) [OMP=0.123 ISP-L=0.004 ISP-F=0.010 MW-L=0.008 MW-F=0.021]
  Alt-Benders[3] (mw): LB=28.312158, Z₀(α*)=37.297213, intercept=-66.343438 (0.172s) [OMP=0.132 ISP-L=0.004 ISP-F=0.010 MW-L=0.008 MW-F=0.012]
  Alt-Benders[4] (mw): LB=28.368949, Z₀(α*)=36.903488, intercept=-7.402428 (0.156s) [OMP=0.125 ISP-L=0.004 ISP-F=0.010 MW-L=0.008 MW-F=0.010]
  Alt-Benders[5] (mw): LB=28.509091, Z₀(α*)=44.977945, intercept=-126.250481 (0.156s) [OMP=0.127 ISP-L=0.004 ISP-F=0.011 MW-L=0.007 MW-F=0.011]
  OMP re-solve: 0.129s

=== True-DRO Benders iter 20 ===
  OMP: t₀=28.534467, UB=38.092087, gap=2.51e-01, x=[0, 0, 0, 0, 0, 0, 0, 0, 0, 0, 0, 0, 0, 0, 0, 0, 0, 0, 0, 0, 0, 0, 0, 0, 0, 0, 0, 0, 0, 1, 0, 0, 0, 0, 0, 1, 0, 0, 0, 0, 0, 0, 0, 0, 0, 0, 0] (0.000s)
  Sub: Z₀=42.096257 (1.2s), α=[0.000,0.000,0.000,0.000,0.000,0.000,0.000,0.000,0.000,0.000,0.000,0.000,0.000,0.000,0.000,0.000,0.000,0.000,0.000,0.000,0.000,0.000,0.000,0.000,0.000,0.000,0.000,0.000,2.934,0.000,0.000,0.000,0.000,0.000,0.000,0.000,7.315,0.000,0.000,0.000,0.000,0.000,0.000,0.000,0.000,0.000,0.000]
  Iter 20: LB=28.534467  UB=38.092087  gap=2.51e-01
  Cut: intercept=-118.413106, π_x_range=[-238.0000, 139.4306]
  Sherali-Cut: intercept=-59.754120, π_x_range=[-102.3488, 97.6806]
  Mini-Benders[1] (mw): LB=28.542714, Z₀(α*)=23.865392, intercept=-33.103764 (0.187s) [OMP=0.142 ISP-L=0.004 ISP-F=0.012 MW-L=0.008 MW-F=0.025]
  Mini-Benders[2] (mw): LB=28.542714, Z₀(α*)=23.865392, intercept=-33.103764 (0.187s) [OMP=0.149 ISP-L=0.004 ISP-F=0.011 MW-L=0.007 MW-F=0.012]
  Mini-Benders[3] (mw): LB=28.542714, Z₀(α*)=23.865392, intercept=-33.103764 (0.188s) [OMP=0.151 ISP-L=0.004 ISP-F=0.011 MW-L=0.007 MW-F=0.012]
  Mini-Benders[4]: LB stagnated, break
  α-step: Z₀=43.622609, α=[0.000,0.000,0.000,0.000,0.000,0.000,0.000,0.000,0.000,0.000,0.000,0.000,0.000,0.000,0.000,0.000,0.000,0.000,0.000,0.000,0.000,0.000,2.181,0.000,0.533,0.000,0.000,0.000,4.925,0.000,0.000,0.000,0.000,0.000,0.000,2.611,0.000,0.000,0.000,0.000,0.000,0.000,0.000,0.000,0.000,0.000,0.000]
  Alt-Benders[1] (mw): LB=28.565706, Z₀(α*)=25.918266, intercept=-177.297738 (0.166s) [OMP=0.145 ISP-L=0.004 ISP-F=0.011 MW-L=0.007 MW-F=0.011]
  Alt-Benders[2] (mw): LB=28.565706, Z₀(α*)=25.918266, intercept=-177.297738 (0.188s) [OMP=0.142 ISP-L=0.004 ISP-F=0.011 MW-L=0.007 MW-F=0.013]
  Alt-Benders[3] (mw): LB=28.565706, Z₀(α*)=25.918266, intercept=-177.297738 (0.187s) [OMP=0.141 ISP-L=0.004 ISP-F=0.011 MW-L=0.007 MW-F=0.022]
  Alt-Benders[4]: LB stagnated, break
  OMP re-solve: 0.000s

=== True-DRO Benders iter 21 ===
  OMP: t₀=28.565706, UB=38.092087, gap=2.50e-01, x=[0, 0, 0, 0, 0, 0, 0, 0, 0, 0, 0, 0, 0, 0, 0, 0, 0, 0, 0, 0, 0, 0, 0, 0, 0, 0, 0, 0, 0, 1, 1, 0, 0, 0, 0, 0, 0, 0, 0, 0, 0, 0, 0, 0, 0, 0, 0] (0.000s)
  Sub: Z₀=41.299774 [LOCAL] (0.3s), α=[0.000,0.000,0.000,0.000,0.000,0.000,0.000,0.000,0.000,0.000,0.000,0.000,0.000,0.000,0.000,0.000,0.000,0.000,0.000,0.000,0.000,0.000,0.000,0.000,0.000,0.000,0.000,0.026,3.855,0.000,4.158,0.000,0.000,0.000,0.000,0.000,2.211,0.000,0.000,0.000,0.000,0.000,0.000,0.000,0.000,0.000,0.000]
  Iter 21: LB=28.565706  UB=38.092087  gap=2.50e-01
  Cut: intercept=-1108.017298, π_x_range=[-830.0125, 576.5163]
  Mini-Benders[1] (mw): LB=28.614113, Z₀(α*)=41.701941, intercept=-54.995665 (0.172s) [OMP=0.134 ISP-L=0.004 ISP-F=0.011 MW-L=0.007 MW-F=0.011]
  Mini-Benders[2] (mw): LB=28.659844, Z₀(α*)=42.203884, intercept=-18.229353 (0.156s) [OMP=0.128 ISP-L=0.004 ISP-F=0.012 MW-L=0.007 MW-F=0.010]
  Mini-Benders[3] (mw): LB=28.710391, Z₀(α*)=28.151243, intercept=-6.062937 (0.172s) [OMP=0.134 ISP-L=0.004 ISP-F=0.012 MW-L=0.007 MW-F=0.011]
  Mini-Benders[4] (mw): LB=28.710391, Z₀(α*)=28.151243, intercept=-6.062937 (0.172s) [OMP=0.136 ISP-L=0.004 ISP-F=0.011 MW-L=0.007 MW-F=0.011]
  Mini-Benders[5] (mw): LB=28.710391, Z₀(α*)=28.151243, intercept=-6.062937 (0.188s) [OMP=0.139 ISP-L=0.004 ISP-F=0.011 MW-L=0.008 MW-F=0.024]
  α-step: Z₀=41.816490, α=[0.000,0.000,0.000,0.000,0.000,0.000,0.000,0.000,0.000,0.000,0.000,0.000,0.000,0.000,0.000,0.000,0.000,0.000,0.000,0.000,0.000,0.000,1.256,0.000,0.054,0.000,0.000,0.000,6.335,0.000,0.000,1.652,0.000,0.000,0.054,0.000,0.898,0.000,0.000,0.000,0.000,0.000,0.000,0.000,0.000,0.000,0.000]
  Alt-Benders[1] (mw): LB=28.803446, Z₀(α*)=38.866703, intercept=-102.096464 (0.203s) [OMP=0.154 ISP-L=0.004 ISP-F=0.013 MW-L=0.008 MW-F=0.012]
  Alt-Benders[2] (mw): LB=28.868225, Z₀(α*)=39.573155, intercept=-13.507976 (0.172s) [OMP=0.137 ISP-L=0.004 ISP-F=0.011 MW-L=0.007 MW-F=0.011]
  Alt-Benders[3] (mw): LB=28.879227, Z₀(α*)=37.291293, intercept=0.389337 (0.156s) [OMP=0.134 ISP-L=0.004 ISP-F=0.012 MW-L=0.007 MW-F=0.012]
  Alt-Benders[4] (mw): LB=28.899012, Z₀(α*)=31.351675, intercept=-119.707004 (0.188s) [OMP=0.141 ISP-L=0.004 ISP-F=0.011 MW-L=0.007 MW-F=0.010]
  Alt-Benders[5] (mw): LB=28.971585, Z₀(α*)=39.269654, intercept=-134.124793 (0.172s) [OMP=0.133 ISP-L=0.004 ISP-F=0.011 MW-L=0.007 MW-F=0.012]
  OMP re-solve: 0.134s

=== True-DRO Benders iter 22 ===
  OMP: t₀=28.972705, UB=38.092087, gap=2.39e-01, x=[0, 0, 0, 0, 0, 0, 0, 0, 0, 0, 0, 0, 0, 0, 0, 1, 0, 0, 0, 0, 0, 0, 0, 0, 0, 0, 0, 0, 0, 0, 0, 0, 0, 0, 1, 0, 0, 0, 0, 0, 0, 0, 0, 0, 0, 0, 0] (0.000s)
  Sub: Z₀=41.712047 [LOCAL] (0.2s), α=[0.000,0.000,0.000,0.000,0.000,0.000,0.000,0.000,0.000,0.000,0.000,0.000,0.000,0.000,0.000,0.000,0.000,0.000,0.000,0.000,0.000,0.000,0.000,0.000,0.000,0.000,0.000,0.036,4.801,0.000,0.000,0.000,0.000,0.000,2.424,2.843,0.146,0.000,0.000,0.000,0.000,0.000,0.000,0.000,0.000,0.000,0.000]
  Iter 22: LB=28.972705  UB=38.092087  gap=2.39e-01
  Cut: intercept=-1080.897373, π_x_range=[-829.6194, 582.6884]
  Mini-Benders[1] (mw): LB=29.019496, Z₀(α*)=42.381435, intercept=0.783522 (0.172s) [OMP=0.136 ISP-L=0.004 ISP-F=0.012 MW-L=0.007 MW-F=0.011]
  Mini-Benders[2] (mw): LB=29.055050, Z₀(α*)=27.625864, intercept=-8.784971 (0.172s) [OMP=0.139 ISP-L=0.004 ISP-F=0.012 MW-L=0.007 MW-F=0.009]
  Mini-Benders[3] (mw): LB=29.055050, Z₀(α*)=27.625864, intercept=-8.784971 (0.172s) [OMP=0.136 ISP-L=0.004 ISP-F=0.012 MW-L=0.007 MW-F=0.009]
  Mini-Benders[4] (mw): LB=29.055050, Z₀(α*)=27.625864, intercept=-8.784971 (0.172s) [OMP=0.142 ISP-L=0.004 ISP-F=0.012 MW-L=0.007 MW-F=0.009]
  Mini-Benders[5]: LB stagnated, break
  α-step: Z₀=43.804247, α=[0.000,0.000,0.000,0.000,0.000,0.000,0.000,0.000,0.000,0.000,0.000,0.000,0.000,0.000,0.000,0.000,0.000,0.000,0.000,0.000,0.000,0.000,1.367,0.000,0.000,0.000,0.000,0.000,6.438,0.000,0.000,0.000,0.000,0.000,0.272,0.277,1.895,0.000,0.000,0.000,0.000,0.000,0.000,0.000,0.000,0.000,0.000]
  Alt-Benders[1] (mw): LB=29.059984, Z₀(α*)=30.639114, intercept=-23.906603 (0.173s) [OMP=0.133 ISP-L=0.004 ISP-F=0.010 MW-L=0.019 MW-F=0.011]
  Alt-Benders[2] (mw): LB=29.070181, Z₀(α*)=35.832254, intercept=-1.562244 (0.170s) [OMP=0.140 ISP-L=0.004 ISP-F=0.011 MW-L=0.006 MW-F=0.010]
  Alt-Benders[3] (mw): LB=29.082839, Z₀(α*)=35.390376, intercept=-64.715278 (0.173s) [OMP=0.140 ISP-L=0.004 ISP-F=0.012 MW-L=0.007 MW-F=0.012]
  Alt-Benders[4] (mw): LB=29.101371, Z₀(α*)=47.552891, intercept=-54.433070 (0.187s) [OMP=0.145 ISP-L=0.003 ISP-F=0.010 MW-L=0.007 MW-F=0.012]
  Alt-Benders[5] (mw): LB=29.209159, Z₀(α*)=17.445299, intercept=-52.199216 (0.172s) [OMP=0.140 ISP-L=0.004 ISP-F=0.011 MW-L=0.007 MW-F=0.013]
  OMP re-solve: 0.148s

=== True-DRO Benders iter 23 ===
  OMP: t₀=29.209159, UB=38.092087, gap=2.33e-01, x=[0, 0, 0, 0, 0, 0, 0, 0, 0, 0, 0, 0, 0, 0, 0, 0, 0, 0, 0, 0, 0, 0, 0, 0, 0, 0, 1, 0, 0, 0, 0, 0, 0, 1, 0, 0, 0, 0, 0, 0, 0, 0, 0, 0, 0, 0, 0] (0.000s)
  Sub: Z₀=43.740056 [LOCAL] (0.2s), α=[0.000,0.000,0.000,0.000,0.000,0.000,0.000,0.000,0.000,0.000,0.000,0.000,0.000,0.000,0.000,0.000,0.000,0.000,0.000,0.000,0.000,0.000,0.000,0.000,6.712,0.000,0.000,0.000,2.089,0.000,0.000,0.000,0.000,0.000,0.334,0.477,0.637,0.000,0.000,0.000,0.000,0.000,0.000,0.000,0.000,0.000,0.000]
  Iter 23: LB=29.209159  UB=38.092087  gap=2.33e-01
  Cut: intercept=-1103.893027, π_x_range=[-831.7669, 575.0317]
  Mini-Benders[1] (mw): LB=29.255918, Z₀(α*)=45.451366, intercept=-5.734458 (0.187s) [OMP=0.140 ISP-L=0.004 ISP-F=0.012 MW-L=0.018 MW-F=0.012]
  Mini-Benders[2] (mw): LB=29.365342, Z₀(α*)=36.702501, intercept=-12.597496 (0.172s) [OMP=0.137 ISP-L=0.004 ISP-F=0.012 MW-L=0.007 MW-F=0.011]
  Mini-Benders[3] (mw): LB=29.384982, Z₀(α*)=42.492994, intercept=-24.365648 (0.172s) [OMP=0.136 ISP-L=0.004 ISP-F=0.010 MW-L=0.008 MW-F=0.012]
  Mini-Benders[4] (mw): LB=29.389810, Z₀(α*)=30.037573, intercept=-54.025684 (0.172s) [OMP=0.146 ISP-L=0.004 ISP-F=0.011 MW-L=0.008 MW-F=0.011]
  Mini-Benders[5] (mw): LB=29.469239, Z₀(α*)=42.160067, intercept=-55.054638 (0.187s) [OMP=0.147 ISP-L=0.003 ISP-F=0.010 MW-L=0.005 MW-F=0.009]
  α-step: Z₀=40.467312, α=[0.000,0.000,0.000,0.000,0.000,0.000,0.000,0.000,0.000,0.000,0.000,0.000,0.000,0.000,0.000,0.000,0.000,0.000,0.000,0.000,0.000,0.000,0.000,0.000,1.613,0.000,0.000,0.000,0.118,0.000,0.000,0.000,0.000,0.000,0.000,0.000,8.518,0.000,0.000,0.000,0.000,0.000,0.000,0.000,0.000,0.000,0.000]
  Alt-Benders[1] (mw): LB=29.730368, Z₀(α*)=32.959779, intercept=-24.751211 (0.187s) [OMP=0.144 ISP-L=0.004 ISP-F=0.011 MW-L=0.006 MW-F=0.025]
  Alt-Benders[2] (mw): LB=29.736544, Z₀(α*)=44.658656, intercept=-42.930501 (0.172s) [OMP=0.146 ISP-L=0.004 ISP-F=0.011 MW-L=0.007 MW-F=0.013]
  Alt-Benders[3] (mw): LB=29.740368, Z₀(α*)=27.033476, intercept=-3.347207 (0.203s) [OMP=0.161 ISP-L=0.004 ISP-F=0.010 MW-L=0.006 MW-F=0.010]
  Alt-Benders[4] (mw): LB=29.740368, Z₀(α*)=27.033476, intercept=-3.347207 (0.172s) [OMP=0.147 ISP-L=0.004 ISP-F=0.010 MW-L=0.006 MW-F=0.010]
  Alt-Benders[5] (mw): LB=29.740368, Z₀(α*)=27.033476, intercept=-3.347207 (0.172s) [OMP=0.145 ISP-L=0.004 ISP-F=0.010 MW-L=0.006 MW-F=0.010]
  OMP re-solve: 0.146s

=== True-DRO Benders iter 24 ===
  OMP: t₀=29.740368, UB=38.092087, gap=2.19e-01, x=[0, 0, 0, 0, 0, 0, 0, 0, 0, 0, 0, 0, 0, 0, 0, 0, 0, 0, 0, 0, 0, 0, 0, 0, 0, 1, 0, 0, 0, 0, 1, 0, 0, 0, 0, 0, 0, 0, 0, 0, 0, 0, 0, 0, 0, 0, 0] (0.000s)
  Sub: Z₀=42.708399 [LOCAL] (0.2s), α=[0.000,0.000,0.000,0.000,0.000,0.000,0.000,0.000,0.000,0.000,0.000,0.000,0.000,0.000,0.000,0.000,0.000,0.000,0.000,0.000,0.000,0.000,0.000,0.000,5.491,0.000,0.000,0.036,4.723,0.000,0.000,0.000,0.000,0.000,0.000,0.000,0.000,0.000,0.000,0.000,0.000,0.000,0.000,0.000,0.000,0.000,0.000]
  Iter 24: LB=29.740368  UB=38.092087  gap=2.19e-01
  Cut: intercept=-1129.118883, π_x_range=[-829.6110, 591.2611]
  Mini-Benders[1] (mw): LB=29.750368, Z₀(α*)=43.035387, intercept=7.253342 (0.203s) [OMP=0.149 ISP-L=0.004 ISP-F=0.011 MW-L=0.008 MW-F=0.020]
  Mini-Benders[2] (mw): LB=29.865016, Z₀(α*)=29.009145, intercept=-131.624847 (0.172s) [OMP=0.143 ISP-L=0.004 ISP-F=0.011 MW-L=0.008 MW-F=0.013]
  Mini-Benders[3] (mw): LB=29.865016, Z₀(α*)=29.009145, intercept=-131.624847 (0.172s) [OMP=0.139 ISP-L=0.004 ISP-F=0.011 MW-L=0.008 MW-F=0.012]
  Mini-Benders[4] (mw): LB=29.865016, Z₀(α*)=29.009145, intercept=-131.624847 (0.187s) [OMP=0.138 ISP-L=0.004 ISP-F=0.011 MW-L=0.008 MW-F=0.012]
  Mini-Benders[5]: LB stagnated, break
  α-step: Z₀=39.612147, α=[0.000,0.000,0.000,0.000,0.000,0.000,0.000,0.000,0.000,0.000,0.000,0.000,0.000,0.000,0.000,0.000,0.000,0.000,0.000,0.000,0.000,0.000,5.204,0.000,2.929,0.000,0.000,0.000,2.117,0.000,0.000,0.000,0.000,0.000,0.000,0.000,0.000,0.000,0.000,0.000,0.000,0.000,0.000,0.000,0.000,0.000,0.000]
  Alt-Benders[1] (mw): LB=29.873095, Z₀(α*)=32.765761, intercept=5.339088 (0.172s) [OMP=0.144 ISP-L=0.004 ISP-F=0.010 MW-L=0.006 MW-F=0.011]
  Alt-Benders[2] (mw): LB=29.875635, Z₀(α*)=24.446502, intercept=-63.657041 (0.171s) [OMP=0.142 ISP-L=0.003 ISP-F=0.009 MW-L=0.007 MW-F=0.011]
  Alt-Benders[3] (mw): LB=29.875635, Z₀(α*)=24.446502, intercept=-63.657041 (0.187s) [OMP=0.134 ISP-L=0.004 ISP-F=0.010 MW-L=0.020 MW-F=0.011]
  Alt-Benders[4] (mw): LB=29.875635, Z₀(α*)=24.446502, intercept=-63.657041 (0.157s) [OMP=0.135 ISP-L=0.004 ISP-F=0.010 MW-L=0.007 MW-F=0.011]
  Alt-Benders[5]: LB stagnated, break
  OMP re-solve: 0.000s

=== True-DRO Benders iter 25 ===
  OMP: t₀=29.875635, UB=38.092087, gap=2.16e-01, x=[0, 0, 0, 0, 0, 0, 0, 0, 0, 0, 0, 0, 0, 0, 0, 1, 0, 0, 0, 0, 0, 0, 0, 0, 1, 0, 0, 0, 0, 0, 0, 0, 0, 0, 0, 0, 0, 0, 0, 0, 0, 0, 0, 0, 0, 0, 0] (0.000s)
  Sub: Z₀=45.270666 (0.3s), α=[0.000,0.000,0.000,0.000,0.000,0.000,0.000,0.000,0.000,0.000,0.000,0.000,0.000,0.000,0.000,0.000,0.000,0.000,0.000,0.000,0.000,0.000,0.000,0.000,7.976,0.000,0.000,0.000,0.907,0.000,0.000,0.754,0.000,0.000,0.000,0.612,0.000,0.000,0.000,0.000,0.000,0.000,0.000,0.000,0.000,0.000,0.000]
  Iter 25: LB=29.875635  UB=38.092087  gap=2.16e-01
  Cut: intercept=-114.963391, π_x_range=[-281.0000, 141.3631]
  Sherali-Cut: intercept=-19.273688, π_x_range=[-135.6199, 51.4131]
  Mini-Benders[1] (mw): LB=29.884096, Z₀(α*)=46.872895, intercept=37.044345 (0.172s) [OMP=0.138 ISP-L=0.004 ISP-F=0.013 MW-L=0.007 MW-F=0.010]
  Mini-Benders[2] (mw): LB=29.948012, Z₀(α*)=21.348485, intercept=-116.098856 (0.189s) [OMP=0.150 ISP-L=0.003 ISP-F=0.009 MW-L=0.007 MW-F=0.019]
  Mini-Benders[3] (mw): LB=29.948012, Z₀(α*)=21.348485, intercept=-116.098856 (0.186s) [OMP=0.154 ISP-L=0.003 ISP-F=0.010 MW-L=0.007 MW-F=0.009]
  Mini-Benders[4] (mw): LB=29.948012, Z₀(α*)=21.348485, intercept=-116.098856 (0.173s) [OMP=0.153 ISP-L=0.004 ISP-F=0.009 MW-L=0.007 MW-F=0.009]
  Mini-Benders[5]: LB stagnated, break
  α-step: Z₀=42.235163, α=[0.000,0.000,0.000,0.000,0.000,0.000,0.000,0.000,0.000,0.000,0.000,0.000,0.000,0.000,0.000,0.000,0.000,0.000,0.000,0.000,0.000,0.000,0.000,0.000,2.929,0.000,0.000,0.000,4.163,0.000,0.000,0.000,0.000,0.000,0.000,0.000,3.157,0.000,0.000,0.000,0.000,0.000,0.000,0.000,0.000,0.000,0.000]
  Alt-Benders[1] (mw): LB=30.037571, Z₀(α*)=31.398717, intercept=3.459944 (0.170s) [OMP=0.142 ISP-L=0.004 ISP-F=0.010 MW-L=0.007 MW-F=0.010]
  Alt-Benders[2] (mw): LB=30.073363, Z₀(α*)=41.138157, intercept=-86.396206 (0.171s) [OMP=0.143 ISP-L=0.003 ISP-F=0.012 MW-L=0.007 MW-F=0.011]
  Alt-Benders[3] (mw): LB=30.211472, Z₀(α*)=38.520873, intercept=-58.839327 (0.203s) [OMP=0.155 ISP-L=0.004 ISP-F=0.010 MW-L=0.007 MW-F=0.023]
  Alt-Benders[4] (mw): LB=30.266147, Z₀(α*)=43.150382, intercept=27.736228 (0.172s) [OMP=0.134 ISP-L=0.004 ISP-F=0.010 MW-L=0.007 MW-F=0.010]
  Alt-Benders[5] (mw): LB=30.453746, Z₀(α*)=39.058374, intercept=-78.124516 (0.188s) [OMP=0.159 ISP-L=0.003 ISP-F=0.009 MW-L=0.007 MW-F=0.013]
  OMP re-solve: 0.156s

=== True-DRO Benders iter 26 ===
  OMP: t₀=30.484510, UB=38.092087, gap=2.00e-01, x=[0, 0, 0, 0, 0, 0, 0, 0, 0, 0, 0, 0, 0, 0, 0, 0, 0, 0, 0, 0, 0, 0, 0, 0, 0, 1, 0, 0, 0, 0, 0, 0, 0, 0, 0, 1, 0, 0, 0, 0, 0, 0, 0, 0, 0, 0, 0] (0.000s)
  Sub: Z₀=43.314442 [LOCAL] (0.2s), α=[0.000,0.000,0.000,0.000,0.000,0.000,0.000,0.000,0.000,0.000,0.000,0.000,0.000,0.000,0.000,0.000,0.000,0.000,0.000,0.000,0.000,0.000,0.000,0.000,3.888,0.000,0.000,0.000,2.744,0.000,0.000,0.000,0.000,0.000,0.000,0.000,3.617,0.000,0.000,0.000,0.000,0.000,0.000,0.000,0.000,0.000,0.000]
  Iter 26: LB=30.484510  UB=38.092087  gap=2.00e-01
  Cut: intercept=-1136.985361, π_x_range=[-829.8187, 594.9955]
  Mini-Benders[1] (mw): LB=30.539851, Z₀(α*)=38.691318, intercept=-53.553197 (0.172s) [OMP=0.149 ISP-L=0.003 ISP-F=0.012 MW-L=0.007 MW-F=0.011]
  Mini-Benders[2] (mw): LB=30.541404, Z₀(α*)=38.359949, intercept=-113.501913 (0.187s) [OMP=0.155 ISP-L=0.004 ISP-F=0.010 MW-L=0.007 MW-F=0.013]
  Mini-Benders[3] (mw): LB=30.601993, Z₀(α*)=42.954145, intercept=29.530811 (0.188s) [OMP=0.145 ISP-L=0.004 ISP-F=0.014 MW-L=0.008 MW-F=0.012]
  Mini-Benders[4] (mw): LB=30.636739, Z₀(α*)=25.800038, intercept=-75.823079 (0.203s) [OMP=0.153 ISP-L=0.004 ISP-F=0.010 MW-L=0.019 MW-F=0.012]
  Mini-Benders[5] (mw): LB=30.636739, Z₀(α*)=25.800038, intercept=-75.823079 (0.187s) [OMP=0.154 ISP-L=0.004 ISP-F=0.010 MW-L=0.007 MW-F=0.012]
  α-step: Z₀=39.605515, α=[0.000,0.000,0.000,0.000,0.000,0.000,0.000,0.000,0.000,0.000,0.000,0.000,0.000,0.000,0.000,0.000,0.000,0.000,0.000,0.000,0.000,0.000,1.747,0.000,0.000,0.000,0.000,0.000,4.491,0.000,0.000,0.000,0.000,0.000,0.000,3.269,0.741,0.000,0.000,0.000,0.000,0.000,0.000,0.000,0.000,0.000,0.000]
  Alt-Benders[1] (mw): LB=30.639112, Z₀(α*)=43.459565, intercept=-21.959969 (0.172s) [OMP=0.146 ISP-L=0.003 ISP-F=0.010 MW-L=0.007 MW-F=0.010]
  Alt-Benders[2] (mw): LB=30.763045, Z₀(α*)=5.722316, intercept=-117.309692 (0.187s) [OMP=0.154 ISP-L=0.003 ISP-F=0.009 MW-L=0.007 MW-F=0.012]
  Alt-Benders[3] (mw): LB=30.763045, Z₀(α*)=5.722316, intercept=-117.309692 (0.173s) [OMP=0.139 ISP-L=0.003 ISP-F=0.009 MW-L=0.007 MW-F=0.012]
  Alt-Benders[4] (mw): LB=30.763045, Z₀(α*)=5.722316, intercept=-117.309692 (0.186s) [OMP=0.142 ISP-L=0.003 ISP-F=0.009 MW-L=0.019 MW-F=0.012]
  Alt-Benders[5]: LB stagnated, break
  OMP re-solve: 0.000s

=== True-DRO Benders iter 27 ===
  OMP: t₀=30.763045, UB=38.092087, gap=1.92e-01, x=[0, 0, 0, 0, 0, 0, 0, 0, 0, 0, 0, 0, 0, 0, 0, 0, 0, 0, 0, 0, 0, 0, 0, 0, 1, 0, 0, 0, 0, 0, 0, 0, 1, 0, 0, 0, 0, 0, 0, 0, 0, 0, 0, 0, 0, 0, 0] (0.000s)
  Sub: Z₀=42.798733 [LOCAL] (0.2s), α=[0.000,0.000,0.000,0.000,0.000,0.000,0.000,0.000,0.000,0.000,0.000,0.000,0.000,0.000,0.000,0.000,0.000,0.000,0.000,0.000,0.000,0.000,0.000,0.000,7.505,0.000,0.000,0.000,2.744,0.000,0.000,0.000,0.000,0.000,0.000,0.000,0.000,0.000,0.000,0.000,0.000,0.000,0.000,0.000,0.000,0.000,0.000]
  Iter 27: LB=30.763045  UB=38.092087  gap=1.92e-01
  Cut: intercept=-1139.759547, π_x_range=[-826.3904, 599.0192]
  Mini-Benders[1] (mw): LB=30.863249, Z₀(α*)=31.089917, intercept=-66.384746 (0.187s) [OMP=0.148 ISP-L=0.003 ISP-F=0.010 MW-L=0.007 MW-F=0.011]
  Mini-Benders[2] (mw): LB=31.039720, Z₀(α*)=36.096869, intercept=-16.209676 (0.172s) [OMP=0.140 ISP-L=0.004 ISP-F=0.012 MW-L=0.007 MW-F=0.012]
  Mini-Benders[3] (mw): LB=31.089915, Z₀(α*)=31.089917, intercept=-66.384746 (0.188s) [OMP=0.153 ISP-L=0.003 ISP-F=0.011 MW-L=0.007 MW-F=0.011]
  Mini-Benders[4] (mw): LB=31.089915, Z₀(α*)=31.089917, intercept=-66.384746 (0.187s) [OMP=0.151 ISP-L=0.003 ISP-F=0.011 MW-L=0.007 MW-F=0.011]
  Mini-Benders[5] (mw): LB=31.089915, Z₀(α*)=31.089917, intercept=-66.384746 (0.188s) [OMP=0.151 ISP-L=0.004 ISP-F=0.010 MW-L=0.018 MW-F=0.011]
  α-step: Z₀=46.634764, α=[0.000,0.000,0.000,0.000,0.000,0.000,0.000,0.000,0.000,0.000,0.000,0.000,0.000,0.000,0.000,0.000,0.000,0.000,0.000,0.000,0.000,0.000,1.256,0.000,2.501,0.000,0.000,0.000,6.335,0.000,0.000,0.000,0.000,0.000,0.000,0.000,0.157,0.000,0.000,0.000,0.000,0.000,0.000,0.000,0.000,0.000,0.000]
  Alt-Benders[1] (mw): LB=31.314717, Z₀(α*)=37.708405, intercept=-70.046322 (0.187s) [OMP=0.150 ISP-L=0.004 ISP-F=0.011 MW-L=0.007 MW-F=0.011]
  Alt-Benders[2] (mw): LB=31.351673, Z₀(α*)=43.122558, intercept=-120.131426 (0.203s) [OMP=0.172 ISP-L=0.004 ISP-F=0.011 MW-L=0.007 MW-F=0.011]
  Alt-Benders[3] (mw): LB=31.398715, Z₀(α*)=30.094600, intercept=-1.741733 (0.188s) [OMP=0.154 ISP-L=0.003 ISP-F=0.010 MW-L=0.007 MW-F=0.011]
  Alt-Benders[4] (mw): LB=31.398715, Z₀(α*)=30.094600, intercept=-1.741733 (0.187s) [OMP=0.148 ISP-L=0.003 ISP-F=0.010 MW-L=0.007 MW-F=0.011]
  Alt-Benders[5] (mw): LB=31.398715, Z₀(α*)=30.094600, intercept=-1.741733 (0.188s) [OMP=0.147 ISP-L=0.004 ISP-F=0.011 MW-L=0.008 MW-F=0.023]
  OMP re-solve: 0.150s

=== True-DRO Benders iter 28 ===
  OMP: t₀=31.398715, UB=38.092087, gap=1.76e-01, x=[0, 0, 0, 0, 0, 0, 0, 0, 0, 0, 0, 0, 0, 0, 0, 1, 0, 0, 0, 0, 0, 0, 0, 0, 0, 0, 0, 0, 0, 0, 0, 0, 0, 0, 0, 1, 0, 0, 0, 0, 0, 0, 0, 0, 0, 0, 0] (0.000s)
  Sub: Z₀=45.076984 [LOCAL] (0.2s), α=[0.000,0.000,0.000,0.000,0.000,0.000,0.000,0.000,0.000,0.000,0.000,0.000,0.000,0.000,0.000,0.000,0.000,0.000,0.000,0.000,0.000,0.000,0.000,0.000,1.339,0.000,0.000,0.000,2.744,0.000,0.000,0.000,0.000,0.000,0.000,6.008,0.157,0.000,0.000,0.000,0.000,0.000,0.000,0.000,0.000,0.000,0.000]
  Iter 28: LB=31.398715  UB=38.092087  gap=1.76e-01
  Cut: intercept=-1076.561433, π_x_range=[-830.0776, 584.8188]
  Mini-Benders[1] (mw): LB=31.420123, Z₀(α*)=29.608959, intercept=-90.819587 (0.187s) [OMP=0.153 ISP-L=0.004 ISP-F=0.010 MW-L=0.007 MW-F=0.011]
  Mini-Benders[2] (mw): LB=31.420123, Z₀(α*)=29.608959, intercept=-90.819587 (0.172s) [OMP=0.147 ISP-L=0.003 ISP-F=0.010 MW-L=0.007 MW-F=0.011]
  Mini-Benders[3] (mw): LB=31.420123, Z₀(α*)=29.608959, intercept=-90.819587 (0.172s) [OMP=0.147 ISP-L=0.004 ISP-F=0.009 MW-L=0.007 MW-F=0.010]
  Mini-Benders[4]: LB stagnated, break
  α-step: Z₀=33.528293, α=[0.000,0.000,0.000,0.000,0.000,0.000,0.000,0.000,0.000,0.000,0.000,0.000,0.000,0.000,0.000,0.000,0.000,0.000,0.000,0.000,0.000,0.000,0.000,0.000,0.000,0.000,0.000,0.000,3.611,0.000,0.000,0.000,0.000,0.000,0.000,0.000,6.638,0.000,0.000,0.000,0.000,0.000,0.000,0.000,0.000,0.000,0.000]
  Alt-Benders[1] (mw): LB=31.439186, Z₀(α*)=46.631067, intercept=-47.507471 (0.203s) [OMP=0.154 ISP-L=0.004 ISP-F=0.010 MW-L=0.007 MW-F=0.032]
  Alt-Benders[2] (mw): LB=31.524335, Z₀(α*)=35.457105, intercept=40.430082 (0.187s) [OMP=0.157 ISP-L=0.004 ISP-F=0.010 MW-L=0.007 MW-F=0.011]
  Alt-Benders[3] (mw): LB=31.772153, Z₀(α*)=46.400777, intercept=-2.129668 (0.188s) [OMP=0.150 ISP-L=0.004 ISP-F=0.011 MW-L=0.007 MW-F=0.010]
  Alt-Benders[4] (mw): LB=31.854267, Z₀(α*)=29.847772, intercept=-5.534796 (0.187s) [OMP=0.154 ISP-L=0.004 ISP-F=0.010 MW-L=0.007 MW-F=0.012]
  Alt-Benders[5] (mw): LB=31.854267, Z₀(α*)=29.847772, intercept=-5.534796 (0.188s) [OMP=0.154 ISP-L=0.004 ISP-F=0.010 MW-L=0.007 MW-F=0.012]
  OMP re-solve: 0.156s

=== True-DRO Benders iter 29 ===
  OMP: t₀=31.854267, UB=38.092087, gap=1.64e-01, x=[0, 0, 0, 0, 0, 0, 0, 0, 0, 0, 0, 0, 0, 0, 0, 1, 0, 0, 0, 0, 0, 0, 0, 0, 0, 0, 0, 0, 0, 0, 0, 0, 0, 1, 0, 0, 0, 0, 0, 0, 0, 0, 0, 0, 0, 0, 0] (0.000s)
  Sub: Z₀=45.954611 [LOCAL] (0.5s), α=[0.000,0.000,0.000,0.000,0.000,0.000,0.000,0.000,0.000,0.000,0.000,0.000,0.000,0.000,0.000,0.000,0.000,0.000,0.000,0.000,0.000,0.000,0.000,0.000,6.378,0.000,0.000,0.000,0.907,0.000,0.000,0.000,0.000,0.000,0.000,2.964,0.000,0.000,0.000,0.000,0.000,0.000,0.000,0.000,0.000,0.000,0.000]
  Iter 29: LB=31.854267  UB=38.092087  gap=1.64e-01
  Cut: intercept=-1060.775323, π_x_range=[-831.2767, 570.7253]
  Mini-Benders[1] (mw): LB=31.871142, Z₀(α*)=45.232478, intercept=-66.202460 (0.203s) [OMP=0.154 ISP-L=0.004 ISP-F=0.013 MW-L=0.007 MW-F=0.027]
  Mini-Benders[2] (mw): LB=31.911058, Z₀(α*)=45.061705, intercept=18.827792 (0.219s) [OMP=0.166 ISP-L=0.004 ISP-F=0.012 MW-L=0.020 MW-F=0.012]
  Mini-Benders[3] (mw): LB=32.064974, Z₀(α*)=15.764797, intercept=-115.147585 (0.188s) [OMP=0.161 ISP-L=0.004 ISP-F=0.011 MW-L=0.008 MW-F=0.011]
  Mini-Benders[4] (mw): LB=32.064974, Z₀(α*)=15.764797, intercept=-115.147585 (0.187s) [OMP=0.150 ISP-L=0.004 ISP-F=0.011 MW-L=0.008 MW-F=0.011]
  Mini-Benders[5] (mw): LB=32.064974, Z₀(α*)=15.764797, intercept=-115.147585 (0.188s) [OMP=0.152 ISP-L=0.004 ISP-F=0.011 MW-L=0.008 MW-F=0.011]
  α-step: Z₀=41.644289, α=[0.000,0.000,0.000,0.000,0.000,0.000,0.000,0.000,0.000,0.000,0.000,0.000,0.000,0.000,0.000,0.000,0.000,0.000,0.000,0.000,0.000,0.000,3.012,0.000,2.239,0.000,0.000,0.000,4.998,0.000,0.000,0.000,0.000,0.000,0.000,0.000,0.000,0.000,0.000,0.000,0.000,0.000,0.000,0.000,0.000,0.000,0.000]
  Alt-Benders[1] (mw): LB=32.219653, Z₀(α*)=45.472916, intercept=17.918586 (0.186s) [OMP=0.161 ISP-L=0.004 ISP-F=0.009 MW-L=0.007 MW-F=0.012]
  Alt-Benders[2] (mw): LB=32.242707, Z₀(α*)=47.671396, intercept=-5.790500 (0.204s) [OMP=0.164 ISP-L=0.002 ISP-F=0.012 MW-L=0.017 MW-F=0.010]
  Alt-Benders[3] (mw): LB=32.282358, Z₀(α*)=37.829313, intercept=46.274233 (0.203s) [OMP=0.159 ISP-L=0.002 ISP-F=0.011 MW-L=0.005 MW-F=0.010]
  Alt-Benders[4] (mw): LB=32.336947, Z₀(α*)=29.636025, intercept=-105.279227 (0.172s) [OMP=0.147 ISP-L=0.003 ISP-F=0.009 MW-L=0.007 MW-F=0.012]
  Alt-Benders[5] (mw): LB=32.336947, Z₀(α*)=29.636025, intercept=-105.279227 (0.187s) [OMP=0.146 ISP-L=0.003 ISP-F=0.009 MW-L=0.007 MW-F=0.012]
  OMP re-solve: 0.146s

=== True-DRO Benders iter 30 ===
  OMP: t₀=32.336947, UB=38.092087, gap=1.51e-01, x=[0, 0, 0, 0, 0, 0, 0, 0, 0, 0, 0, 0, 0, 0, 0, 0, 0, 0, 0, 0, 0, 0, 0, 1, 0, 0, 0, 1, 0, 0, 0, 0, 0, 0, 0, 0, 0, 0, 0, 0, 0, 0, 0, 0, 0, 0, 0] (0.000s)
  Sub: Z₀=40.608158 (0.3s), α=[0.000,0.000,0.000,0.000,0.000,0.000,0.000,0.000,0.000,0.000,0.000,0.000,0.000,0.000,0.000,0.000,0.000,0.000,0.000,0.000,0.000,0.000,0.000,0.000,0.000,0.000,0.000,1.119,3.953,0.000,0.000,0.000,0.000,0.000,0.000,1.453,3.725,0.000,0.000,0.000,0.000,0.000,0.000,0.000,0.000,0.000,0.000]
  Iter 30: LB=32.336947  UB=38.092087  gap=1.51e-01
  Cut: intercept=-105.184557, π_x_range=[-298.0000, 103.2975]
  Sherali-Cut: intercept=-65.261966, π_x_range=[-104.3782, 82.8324]
  Mini-Benders[1] (mw): LB=32.462750, Z₀(α*)=34.299707, intercept=-36.527956 (0.188s) [OMP=0.152 ISP-L=0.004 ISP-F=0.012 MW-L=0.008 MW-F=0.011]
  Mini-Benders[2] (mw): LB=32.719030, Z₀(α*)=23.130628, intercept=-95.904683 (0.203s) [OMP=0.174 ISP-L=0.003 ISP-F=0.010 MW-L=0.006 MW-F=0.009]
  Mini-Benders[3] (mw): LB=32.719030, Z₀(α*)=23.130628, intercept=-95.904683 (0.190s) [OMP=0.153 ISP-L=0.004 ISP-F=0.011 MW-L=0.007 MW-F=0.010]
  Mini-Benders[4] (mw): LB=32.719030, Z₀(α*)=23.130628, intercept=-95.904683 (0.185s) [OMP=0.152 ISP-L=0.003 ISP-F=0.011 MW-L=0.006 MW-F=0.009]
  Mini-Benders[5]: LB stagnated, break
  α-step: Z₀=46.393547, α=[0.000,0.000,0.000,0.000,0.000,0.000,0.000,0.000,0.000,0.000,0.000,0.000,0.000,0.000,0.000,0.000,0.000,0.000,0.000,0.000,0.000,0.000,0.000,0.000,0.000,0.000,0.000,0.000,7.858,0.000,0.000,0.000,0.000,0.000,0.000,0.000,2.391,0.000,0.000,0.000,0.000,0.000,0.000,0.000,0.000,0.000,0.000]
  Alt-Benders[1] (mw): LB=32.959777, Z₀(α*)=39.604271, intercept=0.334066 (0.203s) [OMP=0.174 ISP-L=0.004 ISP-F=0.011 MW-L=0.006 MW-F=0.012]
  Alt-Benders[2] (mw): LB=33.040197, Z₀(α*)=19.497792, intercept=27.307482 (0.203s) [OMP=0.157 ISP-L=0.004 ISP-F=0.011 MW-L=0.018 MW-F=0.010]
  Alt-Benders[3] (mw): LB=33.040197, Z₀(α*)=19.497792, intercept=27.307482 (0.187s) [OMP=0.154 ISP-L=0.004 ISP-F=0.011 MW-L=0.006 MW-F=0.010]
  Alt-Benders[4] (mw): LB=33.040197, Z₀(α*)=19.497792, intercept=27.307482 (0.188s) [OMP=0.153 ISP-L=0.004 ISP-F=0.011 MW-L=0.006 MW-F=0.010]
  Alt-Benders[5]: LB stagnated, break
  OMP re-solve: 0.000s

=== True-DRO Benders iter 31 ===
  OMP: t₀=33.040197, UB=38.092087, gap=1.33e-01, x=[0, 0, 0, 0, 0, 0, 0, 0, 0, 0, 0, 0, 1, 0, 0, 0, 0, 0, 0, 0, 0, 0, 0, 0, 0, 0, 0, 0, 0, 0, 0, 0, 0, 1, 0, 0, 0, 0, 0, 0, 0, 0, 0, 0, 0, 0, 0] (0.000s)
  Sub: Z₀=46.502582 [LOCAL] (0.2s), α=[0.000,0.000,0.000,0.000,0.000,0.000,0.000,0.000,0.000,0.000,0.000,0.000,0.000,0.000,0.000,0.000,0.000,0.000,0.000,0.000,0.000,0.000,0.000,0.000,5.790,0.000,0.000,0.000,0.907,0.000,0.000,0.000,0.000,0.000,0.000,1.367,2.184,0.000,0.000,0.000,0.000,0.000,0.000,0.000,0.000,0.000,0.000]
  Iter 31: LB=33.040197  UB=38.092087  gap=1.33e-01
  Cut: intercept=-1101.007480, π_x_range=[-831.4714, 576.6824]
  Mini-Benders[1] (mw): LB=33.270364, Z₀(α*)=41.707669, intercept=-14.495184 (0.219s) [OMP=0.168 ISP-L=0.004 ISP-F=0.012 MW-L=0.007 MW-F=0.025]
  Mini-Benders[2] (mw): LB=33.322874, Z₀(α*)=47.911571, intercept=46.072337 (0.203s) [OMP=0.155 ISP-L=0.004 ISP-F=0.011 MW-L=0.008 MW-F=0.011]
  Mini-Benders[3] (mw): LB=33.528292, Z₀(α*)=35.984481, intercept=-84.229790 (0.234s) [OMP=0.177 ISP-L=0.002 ISP-F=0.012 MW-L=0.019 MW-F=0.025]
  Mini-Benders[4] (mw): LB=33.587706, Z₀(α*)=42.085424, intercept=-73.581581 (0.204s) [OMP=0.167 ISP-L=0.003 ISP-F=0.011 MW-L=0.007 MW-F=0.011]
  Mini-Benders[5] (mw): LB=34.135745, Z₀(α*)=39.972183, intercept=18.236809 (0.203s) [OMP=0.168 ISP-L=0.004 ISP-F=0.010 MW-L=0.007 MW-F=0.010]
  α-step: Z₀=44.801111, α=[0.000,0.000,0.000,0.000,0.000,0.000,0.000,0.000,0.000,0.000,0.000,0.000,0.000,0.000,0.000,0.000,0.000,0.000,0.000,0.000,0.000,0.000,0.000,0.000,5.947,0.000,0.000,0.594,0.000,0.000,0.000,0.000,0.000,0.000,0.000,0.000,3.709,0.000,0.000,0.000,0.000,0.000,0.000,0.000,0.000,0.000,0.000]
  Alt-Benders[1] (mw): LB=34.669289, Z₀(α*)=14.106652, intercept=-120.485297 (0.203s) [OMP=0.164 ISP-L=0.004 ISP-F=0.009 MW-L=0.007 MW-F=0.010]
  Alt-Benders[2] (mw): LB=34.669289, Z₀(α*)=14.106652, intercept=-120.485297 (0.188s) [OMP=0.163 ISP-L=0.003 ISP-F=0.009 MW-L=0.007 MW-F=0.010]
  Alt-Benders[3] (mw): LB=34.669289, Z₀(α*)=14.106652, intercept=-120.485297 (0.219s) [OMP=0.167 ISP-L=0.004 ISP-F=0.010 MW-L=0.008 MW-F=0.025]
  Alt-Benders[4]: LB stagnated, break
  OMP re-solve: 0.000s

=== True-DRO Benders iter 32 ===
  OMP: t₀=34.669289, UB=38.092087, gap=8.99e-02, x=[0, 0, 0, 0, 0, 0, 0, 0, 0, 0, 1, 0, 1, 0, 0, 0, 0, 0, 0, 0, 0, 0, 0, 0, 0, 0, 0, 0, 0, 0, 0, 0, 0, 0, 0, 0, 0, 0, 0, 0, 0, 0, 0, 0, 0, 0, 0] (0.000s)
  Sub: Z₀=44.379187 [LOCAL] (0.2s), α=[0.000,0.000,0.000,0.000,0.000,0.000,0.000,0.000,0.000,0.000,0.000,0.000,0.000,0.000,0.000,0.000,0.000,0.000,0.000,0.000,0.000,0.000,4.451,0.000,0.000,0.000,0.000,0.000,5.798,0.000,0.000,0.000,0.000,0.000,0.000,0.000,0.000,0.000,0.000,0.000,0.000,0.000,0.000,0.000,0.000,0.000,0.000]
  Iter 32: LB=34.669289  UB=38.092087  gap=8.99e-02
  Cut: intercept=-1085.321644, π_x_range=[-828.4271, 575.8736]
  Mini-Benders[1] (mw): LB=34.826075, Z₀(α*)=34.964805, intercept=-74.138239 (0.203s) [OMP=0.171 ISP-L=0.004 ISP-F=0.011 MW-L=0.007 MW-F=0.011]
  Mini-Benders[2] (mw): LB=34.945918, Z₀(α*)=38.738988, intercept=-48.161484 (0.203s) [OMP=0.170 ISP-L=0.003 ISP-F=0.011 MW-L=0.006 MW-F=0.009]
  Mini-Benders[3] (mw): LB=34.964803, Z₀(α*)=34.964805, intercept=-74.138239 (0.156s) [OMP=0.127 ISP-L=0.003 ISP-F=0.011 MW-L=0.007 MW-F=0.011]
  Mini-Benders[4] (mw): LB=34.964803, Z₀(α*)=34.964805, intercept=-74.138239 (0.204s) [OMP=0.173 ISP-L=0.004 ISP-F=0.011 MW-L=0.006 MW-F=0.011]
  Mini-Benders[5] (mw): LB=34.964803, Z₀(α*)=34.964805, intercept=-74.138239 (0.234s) [OMP=0.173 ISP-L=0.004 ISP-F=0.012 MW-L=0.007 MW-F=0.024]
  α-step: Z₀=43.448739, α=[0.000,0.000,0.000,0.000,0.000,0.000,0.000,0.000,0.000,0.000,0.000,0.000,0.000,0.000,0.000,0.000,0.000,0.000,0.000,0.000,0.000,0.000,1.256,0.000,0.459,0.000,0.000,0.000,6.335,0.000,0.000,0.000,0.000,0.000,0.631,0.000,1.568,0.000,0.000,0.000,0.000,0.000,0.000,0.000,0.000,0.000,0.000]
  Alt-Benders[1] (mw): LB=35.061587, Z₀(α*)=32.820112, intercept=-105.133763 (0.203s) [OMP=0.170 ISP-L=0.004 ISP-F=0.010 MW-L=0.007 MW-F=0.011]
  Alt-Benders[2] (mw): LB=35.061587, Z₀(α*)=32.820112, intercept=-105.133763 (0.219s) [OMP=0.187 ISP-L=0.004 ISP-F=0.010 MW-L=0.007 MW-F=0.011]
  Alt-Benders[3] (mw): LB=35.061587, Z₀(α*)=32.820112, intercept=-105.133763 (0.218s) [OMP=0.183 ISP-L=0.003 ISP-F=0.010 MW-L=0.007 MW-F=0.011]
  Alt-Benders[4]: LB stagnated, break
  OMP re-solve: 0.000s

=== True-DRO Benders iter 33 ===
  OMP: t₀=35.061587, UB=38.092087, gap=7.96e-02, x=[0, 0, 0, 0, 0, 0, 0, 0, 0, 0, 0, 0, 0, 0, 0, 0, 0, 0, 0, 0, 0, 0, 0, 0, 0, 0, 0, 0, 0, 1, 0, 0, 0, 0, 0, 0, 1, 0, 0, 0, 0, 0, 0, 0, 0, 0, 0] (0.000s)
  Sub: Z₀=42.095129 [LOCAL] (0.2s), α=[0.000,0.000,0.000,0.000,0.000,0.000,0.000,0.000,0.000,0.000,0.000,0.000,0.000,0.000,0.000,0.000,0.000,0.000,0.000,0.000,0.000,0.000,0.000,0.000,0.000,0.000,0.000,0.000,2.744,0.000,0.000,0.000,0.000,0.000,0.000,0.000,7.505,0.000,0.000,0.000,0.000,0.000,0.000,0.000,0.000,0.000,0.000]
  Iter 33: LB=35.061587  UB=38.092087  gap=7.96e-02
  Cut: intercept=-1120.142437, π_x_range=[-830.0209, 592.2862]
  Mini-Benders[1] (mw): LB=35.095782, Z₀(α*)=45.569511, intercept=-16.852453 (0.219s) [OMP=0.164 ISP-L=0.003 ISP-F=0.011 MW-L=0.007 MW-F=0.023]
  Mini-Benders[2] (mw): LB=35.224595, Z₀(α*)=42.420585, intercept=-97.706590 (0.203s) [OMP=0.154 ISP-L=0.003 ISP-F=0.010 MW-L=0.006 MW-F=0.024]
  Mini-Benders[3] (mw): LB=35.323162, Z₀(α*)=10.427794, intercept=-152.172952 (0.203s) [OMP=0.170 ISP-L=0.004 ISP-F=0.010 MW-L=0.008 MW-F=0.010]
  Mini-Benders[4] (mw): LB=35.323162, Z₀(α*)=10.427794, intercept=-152.172952 (0.188s) [OMP=0.162 ISP-L=0.004 ISP-F=0.010 MW-L=0.007 MW-F=0.010]
  Mini-Benders[5] (mw): LB=35.323162, Z₀(α*)=10.427794, intercept=-152.172952 (0.203s) [OMP=0.162 ISP-L=0.004 ISP-F=0.010 MW-L=0.007 MW-F=0.011]
  α-step: Z₀=45.491337, α=[0.000,0.000,0.000,0.000,0.000,0.000,0.000,0.000,0.000,0.000,0.000,0.000,0.000,0.000,0.000,0.000,0.000,0.000,0.000,0.000,0.000,0.000,3.012,0.000,0.000,0.000,0.000,0.000,6.335,0.000,0.000,0.000,0.000,0.000,0.000,0.745,0.157,0.000,0.000,0.000,0.000,0.000,0.000,0.000,0.000,0.000,0.000]
  Alt-Benders[1] (mw): LB=35.430230, Z₀(α*)=24.677591, intercept=-113.099540 (0.203s) [OMP=0.166 ISP-L=0.003 ISP-F=0.009 MW-L=0.007 MW-F=0.009]
  Alt-Benders[2] (mw): LB=35.430230, Z₀(α*)=24.677591, intercept=-113.099540 (0.203s) [OMP=0.157 ISP-L=0.003 ISP-F=0.009 MW-L=0.020 MW-F=0.009]
  Alt-Benders[3] (mw): LB=35.430230, Z₀(α*)=24.677591, intercept=-113.099540 (0.188s) [OMP=0.158 ISP-L=0.003 ISP-F=0.010 MW-L=0.007 MW-F=0.009]
  Alt-Benders[4]: LB stagnated, break
  OMP re-solve: 0.000s

=== True-DRO Benders iter 34 ===
  OMP: t₀=35.430230, UB=38.092087, gap=6.99e-02, x=[0, 0, 0, 0, 0, 0, 0, 0, 0, 0, 0, 0, 0, 0, 0, 0, 0, 0, 0, 0, 0, 0, 0, 0, 0, 0, 1, 1, 0, 0, 0, 0, 0, 0, 0, 0, 0, 0, 0, 0, 0, 0, 0, 0, 0, 0, 0] (0.000s)
  Sub: Z₀=35.969904 [LOCAL] (0.3s), α=[0.000,0.000,0.000,0.000,0.000,0.000,0.000,0.000,0.000,0.000,0.000,0.000,0.000,0.000,0.000,0.000,0.000,0.000,0.000,0.000,0.000,0.000,0.000,0.000,6.378,0.000,0.000,0.000,3.871,0.000,0.000,0.000,0.000,0.000,0.000,0.000,0.000,0.000,0.000,0.000,0.000,0.000,0.000,0.000,0.000,0.000,0.000]
  Iter 34: LB=35.430230  UB=38.092087  gap=6.99e-02
  Cut: intercept=-1145.236218, π_x_range=[-827.0702, 597.3832]
  Mini-Benders[1] (mw): LB=35.430230, Z₀(α*)=38.554762, intercept=-106.948492 (0.188s) [OMP=0.160 ISP-L=0.003 ISP-F=0.010 MW-L=0.007 MW-F=0.011]
  Mini-Benders[2] (mw): LB=35.430232, Z₀(α*)=38.841701, intercept=-90.889024 (0.203s) [OMP=0.164 ISP-L=0.005 ISP-F=0.010 MW-L=0.009 MW-F=0.014]
  Mini-Benders[3] (mw): LB=35.500073, Z₀(α*)=39.993166, intercept=-12.048013 (0.203s) [OMP=0.168 ISP-L=0.004 ISP-F=0.010 MW-L=0.008 MW-F=0.015]
  Mini-Benders[4] (mw): LB=35.676083, Z₀(α*)=42.755351, intercept=20.773691 (0.234s) [OMP=0.175 ISP-L=0.004 ISP-F=0.012 MW-L=0.019 MW-F=0.012]
  Mini-Benders[5] (mw): LB=35.713586, Z₀(α*)=32.342160, intercept=-91.631252 (0.203s) [OMP=0.175 ISP-L=0.004 ISP-F=0.011 MW-L=0.007 MW-F=0.010]
  α-step: Z₀=46.393547, α=[0.000,0.000,0.000,0.000,0.000,0.000,0.000,0.000,0.000,0.000,0.000,0.000,0.000,0.000,0.000,0.000,0.000,0.000,0.000,0.000,0.000,0.000,3.012,0.000,2.239,0.000,0.000,0.000,4.998,0.000,0.000,0.000,0.000,0.000,0.000,0.000,0.000,0.000,0.000,0.000,0.000,0.000,0.000,0.000,0.000,0.000,0.000]
  Alt-Benders[1] (mw): LB=35.713586, Z₀(α*)=46.393547, intercept=-62.197813 (0.203s) [OMP=0.165 ISP-L=0.004 ISP-F=0.010 MW-L=0.007 MW-F=0.011]
  Alt-Benders[2] (mw): LB=35.713586, Z₀(α*)=46.393547, intercept=-76.124210 (0.188s) [OMP=0.155 ISP-L=0.004 ISP-F=0.011 MW-L=0.007 MW-F=0.009]
  Alt-Benders[3] (mw): LB=35.732253, Z₀(α*)=42.089638, intercept=-3.219365 (0.187s) [OMP=0.165 ISP-L=0.004 ISP-F=0.011 MW-L=0.007 MW-F=0.012]
  Alt-Benders[4] (mw): LB=35.969904, Z₀(α*)=23.537854, intercept=-133.425191 (0.203s) [OMP=0.169 ISP-L=0.004 ISP-F=0.009 MW-L=0.007 MW-F=0.023]
  Alt-Benders[5] (mw): LB=35.969904, Z₀(α*)=23.537854, intercept=-133.425191 (0.203s) [OMP=0.173 ISP-L=0.004 ISP-F=0.009 MW-L=0.007 MW-F=0.010]
  OMP re-solve: 0.169s

=== True-DRO Benders iter 35 ===
  OMP: t₀=35.969904, UB=38.092087, gap=5.57e-02, x=[0, 0, 0, 0, 0, 0, 0, 0, 0, 0, 0, 0, 0, 0, 0, 0, 0, 0, 0, 0, 0, 0, 0, 0, 0, 0, 1, 1, 0, 0, 0, 0, 0, 0, 0, 0, 0, 0, 0, 0, 0, 0, 0, 0, 0, 0, 0] (0.000s)
  Sub: Z₀=38.911449 [TIME_LIMIT] (15.2s), α=[0.000,0.000,0.000,0.000,0.000,0.000,0.000,0.000,0.000,0.000,0.000,0.000,0.000,0.000,0.000,0.000,0.000,0.000,0.000,0.000,0.000,0.000,0.000,0.000,8.149,1.110,0.000,0.000,0.989,0.000,0.000,0.000,0.000,0.000,0.000,0.000,0.000,0.000,0.000,0.000,0.000,0.000,0.000,0.000,0.000,0.000,0.000]
  Iter 35: LB=35.969904  UB=38.092087  gap=5.57e-02
  Cut: intercept=-154.489057, π_x_range=[-203.9402, 113.2039]
  Mini-Benders[1] (mw): LB=35.984479, Z₀(α*)=36.548634, intercept=-80.880220 (0.203s) [OMP=0.171 ISP-L=0.003 ISP-F=0.011 MW-L=0.006 MW-F=0.011]
  Mini-Benders[2] (mw): LB=36.087183, Z₀(α*)=28.577342, intercept=24.381964 (0.188s) [OMP=0.165 ISP-L=0.002 ISP-F=0.009 MW-L=0.005 MW-F=0.010]
  Mini-Benders[3] (mw): LB=36.087183, Z₀(α*)=28.577342, intercept=24.381964 (0.202s) [OMP=0.176 ISP-L=0.004 ISP-F=0.009 MW-L=0.007 MW-F=0.010]
  Mini-Benders[4] (mw): LB=36.087183, Z₀(α*)=28.577342, intercept=24.381964 (0.235s) [OMP=0.184 ISP-L=0.004 ISP-F=0.009 MW-L=0.007 MW-F=0.022]
  Mini-Benders[5]: LB stagnated, break
  α-step: Z₀=42.742161, α=[0.000,0.000,0.000,0.000,0.000,0.000,0.000,0.000,0.000,0.000,0.000,0.000,0.000,0.000,0.000,0.000,0.000,0.000,0.000,0.000,0.000,0.000,0.000,0.000,3.888,0.000,0.000,0.000,2.744,0.000,0.000,0.000,0.000,0.000,0.000,0.000,3.617,0.000,0.000,0.000,0.000,0.000,0.000,0.000,0.000,0.000,0.000]
  Alt-Benders[1] (mw): LB=36.096867, Z₀(α*)=40.577519, intercept=-12.593048 (0.218s) [OMP=0.171 ISP-L=0.004 ISP-F=0.011 MW-L=0.007 MW-F=0.011]
  Alt-Benders[2] (mw): LB=36.149803, Z₀(α*)=43.609801, intercept=22.592206 (0.187s) [OMP=0.151 ISP-L=0.004 ISP-F=0.011 MW-L=0.008 MW-F=0.023]
  Alt-Benders[3] (mw): LB=36.302763, Z₀(α*)=39.513964, intercept=-49.500232 (0.188s) [OMP=0.145 ISP-L=0.004 ISP-F=0.012 MW-L=0.006 MW-F=0.012]
  Alt-Benders[4] (mw): LB=36.328999, Z₀(α*)=33.144472, intercept=11.187006 (0.203s) [OMP=0.169 ISP-L=0.004 ISP-F=0.012 MW-L=0.007 MW-F=0.013]
  Alt-Benders[5] (mw): LB=36.328999, Z₀(α*)=33.144472, intercept=11.187006 (0.203s) [OMP=0.158 ISP-L=0.004 ISP-F=0.011 MW-L=0.008 MW-F=0.025]
  OMP re-solve: 0.172s

=== True-DRO Benders iter 36 ===
  OMP: t₀=36.328999, UB=38.092087, gap=4.63e-02, x=[0, 0, 0, 0, 0, 0, 0, 0, 0, 0, 0, 0, 0, 0, 1, 0, 0, 0, 0, 0, 0, 0, 0, 0, 1, 0, 0, 0, 0, 0, 0, 0, 0, 0, 0, 0, 0, 0, 0, 0, 0, 0, 0, 0, 0, 0, 0] (0.000s)
  Sub: Z₀=43.854167 [LOCAL] (0.3s), α=[0.000,0.000,0.000,0.000,0.000,0.000,0.000,0.000,0.000,0.000,0.000,0.000,0.000,0.000,0.000,0.000,0.000,0.000,0.000,0.000,0.000,0.000,0.000,0.000,9.185,0.000,0.000,0.000,0.907,0.000,0.000,0.000,0.000,0.000,0.000,0.000,0.157,0.000,0.000,0.000,0.000,0.000,0.000,0.000,0.000,0.000,0.000]
  Iter 36: LB=36.328999  UB=38.092087  gap=4.63e-02
  Cut: intercept=-1131.498698, π_x_range=[-831.0284, 594.6977]
  Mini-Benders[1] (mw): LB=36.548633, Z₀(α*)=33.714047, intercept=-81.990580 (0.219s) [OMP=0.178 ISP-L=0.003 ISP-F=0.012 MW-L=0.006 MW-F=0.011]
  Mini-Benders[2] (mw): LB=36.548633, Z₀(α*)=33.714047, intercept=-81.990579 (0.203s) [OMP=0.170 ISP-L=0.002 ISP-F=0.012 MW-L=0.005 MW-F=0.011]
  Mini-Benders[3] (mw): LB=36.548633, Z₀(α*)=33.714047, intercept=-81.990580 (0.188s) [OMP=0.161 ISP-L=0.003 ISP-F=0.011 MW-L=0.006 MW-F=0.012]
  Mini-Benders[4]: LB stagnated, break
  α-step: Z₀=38.240565, α=[0.000,0.000,0.000,0.000,0.000,0.000,0.000,0.000,0.000,0.000,0.000,0.000,0.000,0.000,0.000,0.000,0.000,0.000,0.000,0.000,0.000,0.000,0.000,0.000,8.046,0.000,0.000,0.000,2.045,0.000,0.000,0.000,0.000,0.000,0.000,0.000,0.157,0.000,0.000,0.000,0.000,0.000,0.000,0.000,0.000,0.000,0.000]
  Alt-Benders[1] (mw): LB=36.552292, Z₀(α*)=40.883649, intercept=-94.858965 (0.200s) [OMP=0.166 ISP-L=0.002 ISP-F=0.011 MW-L=0.006 MW-F=0.010]
  Alt-Benders[2] (mw): LB=36.586145, Z₀(α*)=42.622030, intercept=30.825913 (0.218s) [OMP=0.181 ISP-L=0.004 ISP-F=0.011 MW-L=0.018 MW-F=0.011]
  Alt-Benders[3] (mw): LB=36.696119, Z₀(α*)=37.354507, intercept=-16.751866 (0.203s) [OMP=0.173 ISP-L=0.002 ISP-F=0.011 MW-L=0.005 MW-F=0.009]
  Alt-Benders[4] (mw): LB=36.702499, Z₀(α*)=33.203656, intercept=-11.803990 (0.203s) [OMP=0.165 ISP-L=0.003 ISP-F=0.011 MW-L=0.007 MW-F=0.010]
  Alt-Benders[5] (mw): LB=36.702499, Z₀(α*)=33.203656, intercept=-11.803990 (0.219s) [OMP=0.184 ISP-L=0.004 ISP-F=0.011 MW-L=0.006 MW-F=0.010]
  OMP re-solve: 0.184s

=== True-DRO Benders iter 37 ===
  OMP: t₀=36.702499, UB=38.092087, gap=3.65e-02, x=[0, 0, 0, 0, 0, 0, 0, 0, 0, 0, 0, 0, 0, 0, 0, 0, 0, 0, 0, 0, 0, 0, 0, 0, 0, 0, 0, 0, 0, 0, 0, 0, 0, 1, 1, 0, 0, 0, 0, 0, 0, 0, 0, 0, 0, 0, 0] (0.000s)
  Sub: Z₀=44.344661 [LOCAL] (0.3s), α=[0.000,0.000,0.000,0.000,0.000,0.000,0.000,0.000,0.000,0.000,0.000,0.000,0.000,0.000,0.000,0.000,0.000,0.000,0.000,0.000,0.000,0.000,0.000,0.000,3.405,0.000,0.000,0.000,0.907,0.000,0.000,0.227,0.000,0.000,5.551,0.086,0.073,0.000,0.000,0.000,0.000,0.000,0.000,0.000,0.000,0.000,0.000]
  Iter 37: LB=36.702499  UB=38.092087  gap=3.65e-02
  Cut: intercept=-1116.057715, π_x_range=[-831.0668, 590.9121]
  Mini-Benders[1] (mw): LB=36.903486, Z₀(α*)=41.679664, intercept=-17.182016 (0.218s) [OMP=0.183 ISP-L=0.004 ISP-F=0.011 MW-L=0.007 MW-F=0.011]
  Mini-Benders[2] (mw): LB=37.106218, Z₀(α*)=42.672505, intercept=-49.251927 (0.219s) [OMP=0.167 ISP-L=0.003 ISP-F=0.011 MW-L=0.019 MW-F=0.010]
  Mini-Benders[3] (mw): LB=37.110807, Z₀(α*)=20.644924, intercept=-75.635291 (0.189s) [OMP=0.160 ISP-L=0.003 ISP-F=0.010 MW-L=0.006 MW-F=0.011]
  Mini-Benders[4] (mw): LB=37.110807, Z₀(α*)=20.644924, intercept=-75.635291 (0.201s) [OMP=0.161 ISP-L=0.003 ISP-F=0.011 MW-L=0.006 MW-F=0.011]
  Mini-Benders[5] (mw): LB=37.110807, Z₀(α*)=20.644924, intercept=-75.635291 (0.188s) [OMP=0.163 ISP-L=0.003 ISP-F=0.010 MW-L=0.006 MW-F=0.011]
  α-step: Z₀=44.031951, α=[0.000,0.000,0.000,0.000,0.000,0.000,0.000,0.000,0.000,0.000,0.000,0.000,0.000,0.000,0.000,0.000,0.000,0.000,0.000,0.000,0.000,0.000,0.000,0.000,5.178,0.000,0.000,0.000,5.071,0.000,0.000,0.000,0.000,0.000,0.000,0.000,0.000,0.000,0.000,0.000,0.000,0.000,0.000,0.000,0.000,0.000,0.000]
  Alt-Benders[1] (mw): LB=37.114849, Z₀(α*)=43.045917, intercept=-129.342784 (0.219s) [OMP=0.191 ISP-L=0.004 ISP-F=0.010 MW-L=0.007 MW-F=0.012]
  Alt-Benders[2] (mw): LB=37.166800, Z₀(α*)=47.156823, intercept=47.156823 (0.219s) [OMP=0.166 ISP-L=0.004 ISP-F=0.010 MW-L=0.008 MW-F=0.021]
  Alt-Benders[3] (mw): LB=37.297211, Z₀(α*)=36.727242, intercept=-66.587519 (0.188s) [OMP=0.164 ISP-L=0.004 ISP-F=0.010 MW-L=0.008 MW-F=0.012]
  Alt-Benders[4] (mw): LB=37.297211, Z₀(α*)=36.727242, intercept=-66.587519 (0.202s) [OMP=0.160 ISP-L=0.004 ISP-F=0.011 MW-L=0.008 MW-F=0.012]
  Alt-Benders[5] (mw): LB=37.297211, Z₀(α*)=36.727242, intercept=-66.587519 (0.188s) [OMP=0.160 ISP-L=0.004 ISP-F=0.010 MW-L=0.008 MW-F=0.012]
  OMP re-solve: 0.159s

=== True-DRO Benders iter 38 ===
  OMP: t₀=37.297211, UB=38.092087, gap=2.09e-02, x=[0, 0, 0, 0, 0, 0, 0, 0, 0, 0, 0, 0, 0, 0, 0, 1, 0, 0, 0, 0, 0, 0, 1, 0, 0, 0, 0, 0, 0, 0, 0, 0, 0, 0, 0, 0, 0, 0, 0, 0, 0, 0, 0, 0, 0, 0, 0] (0.000s)
  Sub: Z₀=43.573275 [LOCAL] (0.2s), α=[0.000,0.000,0.000,0.000,0.000,0.000,0.000,0.000,0.000,0.000,0.000,0.000,0.000,0.000,0.000,0.000,0.000,0.000,0.000,0.000,0.000,0.000,3.552,0.000,4.337,0.000,0.000,0.000,0.000,0.000,0.000,0.000,0.000,0.000,0.000,2.202,0.157,0.000,0.000,0.000,0.000,0.000,0.000,0.000,0.000,0.000,0.000]
  Iter 38: LB=37.297211  UB=38.092087  gap=2.09e-02
  Cut: intercept=-1084.363044, π_x_range=[-829.2035, 582.7452]
  Mini-Benders[1] (mw): LB=37.354505, Z₀(α*)=15.769336, intercept=-27.638078 (0.203s) [OMP=0.169 ISP-L=0.004 ISP-F=0.012 MW-L=0.006 MW-F=0.009]
  Mini-Benders[2] (mw): LB=37.354505, Z₀(α*)=15.769336, intercept=-27.638078 (0.235s) [OMP=0.181 ISP-L=0.004 ISP-F=0.012 MW-L=0.007 MW-F=0.021]
  Mini-Benders[3] (mw): LB=37.354505, Z₀(α*)=15.769336, intercept=-27.638078 (0.203s) [OMP=0.180 ISP-L=0.004 ISP-F=0.012 MW-L=0.006 MW-F=0.008]
  Mini-Benders[4]: LB stagnated, break
  α-step: Z₀=46.169592, α=[0.000,0.000,0.000,0.000,0.000,0.000,0.000,0.000,0.000,0.000,0.000,0.000,0.000,0.000,0.000,0.000,0.000,0.000,0.000,0.000,0.000,0.000,0.000,0.000,0.000,3.904,0.000,0.000,0.907,0.000,0.000,4.900,0.000,0.000,0.538,0.000,0.000,0.000,0.000,0.000,0.000,0.000,0.000,0.000,0.000,0.000,0.000]
  Alt-Benders[1] (mw): LB=37.422266, Z₀(α*)=-0.496753, intercept=25.506317 (0.187s) [OMP=0.165 ISP-L=0.003 ISP-F=0.010 MW-L=0.006 MW-F=0.010]
  Alt-Benders[2] (mw): LB=37.422266, Z₀(α*)=-0.496753, intercept=25.506317 (0.202s) [OMP=0.157 ISP-L=0.004 ISP-F=0.010 MW-L=0.006 MW-F=0.010]
  Alt-Benders[3] (mw): LB=37.422266, Z₀(α*)=-0.496753, intercept=25.506317 (0.188s) [OMP=0.156 ISP-L=0.003 ISP-F=0.010 MW-L=0.006 MW-F=0.010]
  Alt-Benders[4]: LB stagnated, break
  OMP re-solve: 0.000s

=== True-DRO Benders iter 39 ===
  OMP: t₀=37.422266, UB=38.092087, gap=1.76e-02, x=[0, 0, 0, 0, 0, 0, 0, 0, 0, 0, 0, 0, 0, 1, 0, 0, 0, 0, 0, 0, 0, 0, 0, 0, 1, 0, 0, 0, 0, 0, 0, 0, 0, 0, 0, 0, 0, 0, 0, 0, 0, 0, 0, 0, 0, 0, 0] (0.000s)
  Sub: Z₀=43.873268 [LOCAL] (0.3s), α=[0.000,0.000,0.000,0.000,0.000,0.000,0.000,0.000,0.000,0.000,0.000,0.000,0.000,0.000,0.000,0.000,0.000,0.000,0.000,0.000,0.000,0.000,0.000,0.000,8.730,0.000,0.000,0.000,0.907,0.000,0.000,0.000,0.000,0.000,0.000,0.066,0.545,0.000,0.000,0.000,0.000,0.000,0.000,0.000,0.000,0.000,0.000]
  Iter 39: LB=37.422266  UB=38.092087  gap=1.76e-02
  Cut: intercept=-1131.344538, π_x_range=[-831.1849, 593.6211]
  Mini-Benders[1] (mw): LB=37.643586, Z₀(α*)=35.645127, intercept=-46.390121 (0.218s) [OMP=0.177 ISP-L=0.004 ISP-F=0.011 MW-L=0.019 MW-F=0.010]
  Mini-Benders[2] (mw): LB=37.643586, Z₀(α*)=35.645127, intercept=-46.390121 (0.203s) [OMP=0.174 ISP-L=0.003 ISP-F=0.011 MW-L=0.006 MW-F=0.010]
  Mini-Benders[3] (mw): LB=37.643586, Z₀(α*)=35.645127, intercept=-46.390121 (0.203s) [OMP=0.175 ISP-L=0.004 ISP-F=0.011 MW-L=0.007 MW-F=0.010]
  Mini-Benders[4]: LB stagnated, break
  α-step: Z₀=46.125281, α=[0.000,0.000,0.000,0.000,0.000,0.000,0.000,0.000,0.000,0.000,0.000,0.000,0.000,0.000,0.000,0.000,0.000,0.000,0.000,0.000,0.000,0.000,0.000,0.000,3.705,0.000,0.000,0.000,5.078,0.000,0.000,0.000,0.000,0.000,0.000,0.000,1.466,0.000,0.000,0.000,0.000,0.000,0.000,0.000,0.000,0.000,0.000]
  Alt-Benders[1] (mw): LB=37.708403, Z₀(α*)=39.069444, intercept=-69.993986 (0.203s) [OMP=0.178 ISP-L=0.004 ISP-F=0.011 MW-L=0.007 MW-F=0.010]
  Alt-Benders[2] (mw): LB=37.714206, Z₀(α*)=42.558719, intercept=-51.916016 (0.235s) [OMP=0.176 ISP-L=0.004 ISP-F=0.009 MW-L=0.006 MW-F=0.030]
  Alt-Benders[3] (mw): LB=37.758473, Z₀(α*)=21.392958, intercept=-154.056047 (0.219s) [OMP=0.173 ISP-L=0.003 ISP-F=0.009 MW-L=0.019 MW-F=0.010]
  Alt-Benders[4] (mw): LB=37.758473, Z₀(α*)=21.392958, intercept=-154.056047 (0.203s) [OMP=0.175 ISP-L=0.004 ISP-F=0.010 MW-L=0.007 MW-F=0.011]
  Alt-Benders[5] (mw): LB=37.758473, Z₀(α*)=21.392958, intercept=-154.056047 (0.203s) [OMP=0.173 ISP-L=0.003 ISP-F=0.010 MW-L=0.007 MW-F=0.011]
  OMP re-solve: 0.168s

=== True-DRO Benders iter 40 ===
  OMP: t₀=37.758473, UB=38.092087, gap=8.76e-03, x=[0, 0, 0, 0, 0, 0, 0, 0, 0, 0, 0, 0, 0, 0, 0, 0, 0, 0, 0, 0, 0, 0, 0, 0, 0, 0, 0, 1, 0, 1, 0, 0, 0, 0, 0, 0, 0, 0, 0, 0, 0, 0, 0, 0, 0, 0, 0] (0.000s)
  Sub: Z₀=40.608161 (3.4s), α=[0.000,0.000,0.000,0.000,0.000,0.000,0.000,0.000,0.000,0.000,0.000,0.000,0.000,0.000,0.000,0.000,0.000,0.000,0.000,0.000,0.000,0.000,0.000,0.000,0.000,0.000,0.000,1.566,3.505,0.000,0.000,0.000,0.000,0.000,0.000,2.815,2.363,0.000,0.000,0.000,0.000,0.000,0.000,0.000,0.000,0.000,0.000]
  Iter 40: LB=37.758473  UB=38.092087  gap=8.76e-03
  Cut: intercept=-220.095017, π_x_range=[-278.0000, 150.7423]
  Sherali-Cut: intercept=-164.154518, π_x_range=[-96.2761, 102.4107]
  Mini-Benders[1] (mw): LB=37.763345, Z₀(α*)=14.654198, intercept=-128.809348 (0.313s) [OMP=0.266 ISP-L=0.004 ISP-F=0.012 MW-L=0.007 MW-F=0.023]
  Mini-Benders[2] (mw): LB=37.763345, Z₀(α*)=14.654198, intercept=-128.809348 (0.260s) [OMP=0.224 ISP-L=0.004 ISP-F=0.011 MW-L=0.007 MW-F=0.010]
  Mini-Benders[3] (mw): LB=37.763345, Z₀(α*)=14.654198, intercept=-128.809348 (0.245s) [OMP=0.224 ISP-L=0.004 ISP-F=0.011 MW-L=0.007 MW-F=0.010]
  Mini-Benders[4]: LB stagnated, break
  α-step: Z₀=37.763348, α=[0.000,0.000,0.000,0.000,0.000,0.000,0.000,0.000,0.000,0.000,0.000,0.000,0.000,0.000,0.000,0.000,0.000,0.000,0.000,0.000,0.000,0.000,0.000,0.000,0.000,0.000,0.000,0.000,10.092,0.000,0.000,0.000,0.000,0.000,0.000,0.000,0.157,0.000,0.000,0.000,0.000,0.000,0.000,0.000,0.000,0.000,0.000]
  Alt-Benders[1] (mw): LB=37.763346, Z₀(α*)=38.854023, intercept=-100.354288 (0.229s) [OMP=0.173 ISP-L=0.004 ISP-F=0.010 MW-L=0.007 MW-F=0.028]
  Alt-Benders[2] (mw): LB=37.763347, Z₀(α*)=37.763348, intercept=-123.220996 (0.206s) [OMP=0.178 ISP-L=0.003 ISP-F=0.010 MW-L=0.007 MW-F=0.010]
  Alt-Benders[3] (mw): LB=37.763346, Z₀(α*)=37.763348, intercept=-123.220996 (0.197s) [OMP=0.174 ISP-L=0.003 ISP-F=0.010 MW-L=0.007 MW-F=0.010]
  Alt-Benders[4] (mw): LB=37.763346, Z₀(α*)=37.763348, intercept=-123.220996 (0.229s) [OMP=0.172 ISP-L=0.003 ISP-F=0.010 MW-L=0.020 MW-F=0.010]
  Alt-Benders[5]: LB stagnated, break
  OMP re-solve: 0.000s

=== True-DRO Benders iter 41 ===
  OMP: t₀=37.763346, UB=38.092087, gap=8.63e-03, x=[0, 0, 0, 0, 0, 0, 0, 0, 0, 0, 0, 0, 0, 0, 0, 0, 0, 0, 0, 0, 0, 0, 0, 0, 0, 0, 0, 1, 0, 0, 0, 0, 1, 0, 0, 0, 0, 0, 0, 0, 0, 0, 0, 0, 0, 0, 0] (0.000s)
  Sub: Z₀=37.763345 [LOCAL] (0.1s), α=[0.000,0.000,0.000,0.000,0.000,0.000,0.000,0.000,0.000,0.000,0.000,0.000,0.000,0.000,0.000,0.000,0.000,0.000,0.000,0.000,0.000,0.000,0.000,0.000,0.000,0.000,0.000,0.000,10.249,0.000,0.000,0.000,0.000,0.000,0.000,0.000,0.000,0.000,0.000,0.000,0.000,0.000,0.000,0.000,0.000,0.000,0.000]
  Iter 41: LB=37.763346  UB=38.092087  gap=8.63e-03
  Cut: intercept=-1093.680036, π_x_range=[-824.6549, 568.3003]
  Mini-Benders[1] (mw): LB=37.763344, Z₀(α*)=37.763348, intercept=-115.390515 (0.229s) [OMP=0.185 ISP-L=0.004 ISP-F=0.012 MW-L=0.007 MW-F=0.011]
  Mini-Benders[2] (mw): LB=37.763345, Z₀(α*)=37.763348, intercept=-115.390515 (0.197s) [OMP=0.164 ISP-L=0.003 ISP-F=0.012 MW-L=0.007 MW-F=0.011]
  Mini-Benders[3] (mw): LB=37.763345, Z₀(α*)=37.763348, intercept=-115.390515 (0.198s) [OMP=0.166 ISP-L=0.003 ISP-F=0.012 MW-L=0.007 MW-F=0.011]
  Mini-Benders[4] (mw): LB=37.763345, Z₀(α*)=37.763348, intercept=-115.390515 (0.198s) [OMP=0.165 ISP-L=0.003 ISP-F=0.012 MW-L=0.008 MW-F=0.012]
  Mini-Benders[5]: LB stagnated, break
  α-step: Z₀=37.763348, α=[0.000,0.000,0.000,0.000,0.000,0.000,0.000,0.000,0.000,0.000,0.000,0.000,0.000,0.000,0.000,0.000,0.000,0.000,0.000,0.000,0.000,0.000,0.000,0.000,0.000,0.000,0.000,0.000,10.092,0.000,0.000,0.000,0.000,0.000,0.000,0.000,0.157,0.000,0.000,0.000,0.000,0.000,0.000,0.000,0.000,0.000,0.000]
  Alt-Benders[1] (mw): LB=37.763345, Z₀(α*)=37.763348, intercept=-123.220996 (0.197s) [OMP=0.174 ISP-L=0.003 ISP-F=0.010 MW-L=0.007 MW-F=0.011]
  Alt-Benders[2] (mw): LB=37.763345, Z₀(α*)=37.763348, intercept=-123.220996 (0.214s) [OMP=0.172 ISP-L=0.003 ISP-F=0.010 MW-L=0.007 MW-F=0.011]
  Alt-Benders[3]: LB stagnated, break
  OMP re-solve: 0.000s

=== True-DRO Benders iter 42 ===
  OMP: t₀=37.763345, UB=38.092087, gap=8.63e-03, x=[0, 0, 0, 0, 0, 0, 0, 0, 0, 0, 0, 0, 0, 0, 0, 0, 0, 0, 0, 0, 0, 0, 0, 0, 0, 0, 0, 1, 0, 0, 0, 0, 1, 0, 0, 0, 0, 0, 0, 0, 0, 0, 0, 0, 0, 0, 0] (0.000s)
  Sub: Z₀=37.763345 [LOCAL] (0.1s), α=[0.000,0.000,0.000,0.000,0.000,0.000,0.000,0.000,0.000,0.000,0.000,0.000,0.000,0.000,0.000,0.000,0.000,0.000,0.000,0.000,0.000,0.000,0.000,0.000,0.000,0.000,0.000,0.000,10.249,0.000,0.000,0.000,0.000,0.000,0.000,0.000,0.000,0.000,0.000,0.000,0.000,0.000,0.000,0.000,0.000,0.000,0.000]
  Iter 42: LB=37.763345  UB=38.092087  gap=8.63e-03
  Cut: intercept=-1093.680036, π_x_range=[-824.6549, 568.3003]
  Mini-Benders[1] (mw): LB=37.763345, Z₀(α*)=37.763348, intercept=-115.390515 (0.198s) [OMP=0.171 ISP-L=0.003 ISP-F=0.012 MW-L=0.007 MW-F=0.011]
  Mini-Benders[2] (mw): LB=37.763345, Z₀(α*)=37.763348, intercept=-115.390515 (0.213s) [OMP=0.171 ISP-L=0.003 ISP-F=0.012 MW-L=0.007 MW-F=0.011]
  Mini-Benders[3]: LB stagnated, break
  α-step: Z₀=37.763348, α=[0.000,0.000,0.000,0.000,0.000,0.000,0.000,0.000,0.000,0.000,0.000,0.000,0.000,0.000,0.000,0.000,0.000,0.000,0.000,0.000,0.000,0.000,0.000,0.000,0.000,0.000,0.000,0.000,10.092,0.000,0.000,0.000,0.000,0.000,0.000,0.000,0.157,0.000,0.000,0.000,0.000,0.000,0.000,0.000,0.000,0.000,0.000]
  Alt-Benders[1] (mw): LB=37.763345, Z₀(α*)=37.763348, intercept=-123.220996 (0.197s) [OMP=0.171 ISP-L=0.003 ISP-F=0.010 MW-L=0.007 MW-F=0.011]
  Alt-Benders[2] (mw): LB=37.763345, Z₀(α*)=37.763348, intercept=-123.220996 (0.198s) [OMP=0.167 ISP-L=0.003 ISP-F=0.010 MW-L=0.006 MW-F=0.010]
  Alt-Benders[3]: LB stagnated, break
  OMP re-solve: 0.000s

=== True-DRO Benders iter 43 ===
  OMP: t₀=37.763345, UB=38.092087, gap=8.63e-03, x=[0, 0, 0, 0, 0, 0, 0, 0, 0, 0, 0, 0, 0, 0, 0, 0, 0, 0, 0, 0, 0, 0, 0, 0, 0, 0, 0, 1, 0, 0, 0, 0, 1, 0, 0, 0, 0, 0, 0, 0, 0, 0, 0, 0, 0, 0, 0] (0.000s)
  Sub: Z₀=37.763345 [LOCAL] (0.1s), α=[0.000,0.000,0.000,0.000,0.000,0.000,0.000,0.000,0.000,0.000,0.000,0.000,0.000,0.000,0.000,0.000,0.000,0.000,0.000,0.000,0.000,0.000,0.000,0.000,0.000,0.000,0.000,0.000,10.249,0.000,0.000,0.000,0.000,0.000,0.000,0.000,0.000,0.000,0.000,0.000,0.000,0.000,0.000,0.000,0.000,0.000,0.000]
  Iter 43: LB=37.763345  UB=38.092087  gap=8.63e-03
  Cut: intercept=-1093.680036, π_x_range=[-824.6549, 568.3003]
  Mini-Benders[1] (mw): LB=37.763345, Z₀(α*)=37.763348, intercept=-115.390515 (0.196s) [OMP=0.165 ISP-L=0.003 ISP-F=0.012 MW-L=0.007 MW-F=0.011]
  Mini-Benders[2] (mw): LB=37.763345, Z₀(α*)=37.763348, intercept=-115.390515 (0.198s) [OMP=0.163 ISP-L=0.003 ISP-F=0.012 MW-L=0.007 MW-F=0.011]
  Mini-Benders[3]: LB stagnated, break
  α-step: Z₀=37.763348, α=[0.000,0.000,0.000,0.000,0.000,0.000,0.000,0.000,0.000,0.000,0.000,0.000,0.000,0.000,0.000,0.000,0.000,0.000,0.000,0.000,0.000,0.000,0.000,0.000,0.000,0.000,0.000,0.000,10.092,0.000,0.000,0.000,0.000,0.000,0.000,0.000,0.157,0.000,0.000,0.000,0.000,0.000,0.000,0.000,0.000,0.000,0.000]
  Alt-Benders[1] (mw): LB=37.763345, Z₀(α*)=37.763348, intercept=-123.220996 (0.197s) [OMP=0.172 ISP-L=0.004 ISP-F=0.010 MW-L=0.006 MW-F=0.010]
  Alt-Benders[2] (mw): LB=37.763345, Z₀(α*)=37.763348, intercept=-123.220996 (0.198s) [OMP=0.173 ISP-L=0.004 ISP-F=0.010 MW-L=0.007 MW-F=0.011]
  Alt-Benders[3]: LB stagnated, break
  OMP re-solve: 0.000s

=== True-DRO Benders iter 44 ===
  OMP: t₀=37.763345, UB=38.092087, gap=8.63e-03, x=[0, 0, 0, 0, 0, 0, 0, 0, 0, 0, 0, 0, 0, 0, 0, 0, 0, 0, 0, 0, 0, 0, 0, 0, 0, 0, 0, 1, 0, 0, 0, 0, 1, 0, 0, 0, 0, 0, 0, 0, 0, 0, 0, 0, 0, 0, 0] (0.000s)
  Sub: Z₀=37.763345 [LOCAL] (0.1s), α=[0.000,0.000,0.000,0.000,0.000,0.000,0.000,0.000,0.000,0.000,0.000,0.000,0.000,0.000,0.000,0.000,0.000,0.000,0.000,0.000,0.000,0.000,0.000,0.000,0.000,0.000,0.000,0.000,10.249,0.000,0.000,0.000,0.000,0.000,0.000,0.000,0.000,0.000,0.000,0.000,0.000,0.000,0.000,0.000,0.000,0.000,0.000]
  Iter 44: LB=37.763345  UB=38.092087  gap=8.63e-03
  Cut: intercept=-1093.680036, π_x_range=[-824.6549, 568.3003]
  Mini-Benders[1] (mw): LB=37.763345, Z₀(α*)=37.763348, intercept=-115.390515 (0.213s) [OMP=0.162 ISP-L=0.004 ISP-F=0.012 MW-L=0.008 MW-F=0.011]
  Mini-Benders[2] (mw): LB=37.763345, Z₀(α*)=37.763348, intercept=-115.390515 (0.198s) [OMP=0.171 ISP-L=0.003 ISP-F=0.012 MW-L=0.007 MW-F=0.011]
  Mini-Benders[3]: LB stagnated, break
  α-step: Z₀=37.763348, α=[0.000,0.000,0.000,0.000,0.000,0.000,0.000,0.000,0.000,0.000,0.000,0.000,0.000,0.000,0.000,0.000,0.000,0.000,0.000,0.000,0.000,0.000,0.000,0.000,0.000,0.000,0.000,0.000,10.092,0.000,0.000,0.000,0.000,0.000,0.000,0.000,0.157,0.000,0.000,0.000,0.000,0.000,0.000,0.000,0.000,0.000,0.000]
  Alt-Benders[1] (mw): LB=37.763345, Z₀(α*)=37.763348, intercept=-123.220996 (0.202s) [OMP=0.171 ISP-L=0.004 ISP-F=0.010 MW-L=0.019 MW-F=0.011]
  Alt-Benders[2] (mw): LB=37.763345, Z₀(α*)=37.763348, intercept=-123.220996 (0.214s) [OMP=0.171 ISP-L=0.003 ISP-F=0.010 MW-L=0.006 MW-F=0.010]
  Alt-Benders[3]: LB stagnated, break
  OMP re-solve: 0.000s

=== True-DRO Benders iter 45 ===
  OMP: t₀=37.763345, UB=38.092087, gap=8.63e-03, x=[0, 0, 0, 0, 0, 0, 0, 0, 0, 0, 0, 0, 0, 0, 0, 0, 0, 0, 0, 0, 0, 0, 0, 0, 0, 0, 0, 1, 0, 0, 0, 0, 1, 0, 0, 0, 0, 0, 0, 0, 0, 0, 0, 0, 0, 0, 0] (0.000s)
  Sub: Z₀=37.763348 (0.2s), α=[0.000,0.000,0.000,0.000,0.000,0.000,0.000,0.000,0.000,0.000,0.000,0.000,0.000,0.000,0.000,0.000,0.000,0.000,0.000,0.000,0.000,0.000,0.000,0.000,0.000,0.000,0.000,0.000,10.092,0.000,0.000,0.000,0.000,0.000,0.000,0.000,0.157,0.000,0.000,0.000,0.000,0.000,0.000,0.000,0.000,0.000,0.000]
  Iter 45: LB=37.763345  UB=37.763348  gap=5.49e-08
True-DRO Benders converged at iter 45 (gap=5.49e-08)
  Wall time: 169.49 sec
  OMP  time: mean=0.112s, median=0.127s, max=0.266s
  Sub  time (exact): mean=0.847s, median=0.304s, q90=2.087s, max=3.391s (n=7/45)

Result (double): Z₀=37.763348, iters=45, time=169.6s
x arcs = [28, 33]
