============================================================
polska — double: ε̂=0.20, ε̃=0.20, β=0.70
============================================================
Set parameter Username
Set parameter LicenseID to value 2742039
Academic license - for non-commercial use only - expires 2026-11-20
Set parameter Username
Set parameter LicenseID to value 2742039
Academic license - for non-commercial use only - expires 2026-11-20
Set parameter OutputFlag to value 1
Set parameter LogFile to value "global_miqcp.log"
Set parameter Username
Set parameter LicenseID to value 2742039
Academic license - for non-commercial use only - expires 2026-11-20
Set parameter Username
Set parameter LicenseID to value 2742039
Academic license - for non-commercial use only - expires 2026-11-20
Set parameter Username
Set parameter LicenseID to value 2742039
Academic license - for non-commercial use only - expires 2026-11-20
Set parameter Username
Set parameter LicenseID to value 2742039
Academic license - for non-commercial use only - expires 2026-11-20

=== True-DRO Benders iter 1 ===
  OMP: t₀=6.268929, UB=Inf, gap=NaN, x=[0, 0, 0, 0, 0, 0, 0, 0, 0, 0, 0, 0, 1, 0, 0, 0, 0, 0, 0, 0, 0, 0, 0, 0, 0, 0, 0, 0, 0, 0, 0, 0, 0, 1, 0, 0] (0.011s)
  Sub: Z₀=17.111981 [LOCAL] (0.1s), α=[0.000,0.000,0.000,0.000,0.000,0.000,0.000,0.000,0.000,0.000,0.000,0.000,1.659,0.150,0.000,0.000,0.000,0.000,0.000,0.000,0.000,0.000,0.000,0.000,0.000,0.000,0.000,0.000,0.000,0.000,0.000,0.000,0.000,8.136,0.000,0.000]
  Iter 1: LB=6.268929  UB=Inf  gap=NaN
  Cut: intercept=-1158.426551, π_x_range=[-819.2156, 592.2616]
  Mini-Benders[1] (mw): LB=9.544851, Z₀(α*)=17.446863, intercept=-68.757922 (0.073s) [OMP=0.027 ISP-L=0.006 ISP-F=0.014 MW-L=0.005 MW-F=0.010]
  Mini-Benders[2] (mw): LB=9.735199, Z₀(α*)=-32.558147, intercept=-84.591359 (0.075s) [OMP=0.043 ISP-L=0.003 ISP-F=0.011 MW-L=0.006 MW-F=0.011]
  Mini-Benders[3] (mw): LB=9.735199, Z₀(α*)=-32.558147, intercept=-84.591359 (0.065s) [OMP=0.035 ISP-L=0.003 ISP-F=0.011 MW-L=0.006 MW-F=0.011]
  Mini-Benders[4] (mw): LB=9.735199, Z₀(α*)=-32.558147, intercept=-84.591359 (0.069s) [OMP=0.036 ISP-L=0.003 ISP-F=0.011 MW-L=0.006 MW-F=0.011]
  Mini-Benders[5]: LB stagnated, break
Set parameter NonConvex to value 2
Set parameter DualReductions to value 0
  α-step: Z₀=16.630409, α=[0.000,0.000,0.088,0.000,0.000,6.033,0.000,0.000,0.000,0.000,0.000,0.000,0.000,1.400,0.000,0.000,0.000,0.094,0.000,0.000,0.000,0.000,2.330,0.000,0.000,0.000,0.000,0.000,0.000,0.000,0.000,0.000,0.000,0.000,0.000,0.000]
  Alt-Benders[1] (mw): LB=10.950919, Z₀(α*)=-24.461931, intercept=-50.173223 (0.086s) [OMP=0.067 ISP-L=0.003 ISP-F=0.010 MW-L=0.005 MW-F=0.010]
  Alt-Benders[2] (mw): LB=10.950919, Z₀(α*)=-24.461931, intercept=-50.173223 (0.105s) [OMP=0.070 ISP-L=0.003 ISP-F=0.011 MW-L=0.005 MW-F=0.010]
  Alt-Benders[3] (mw): LB=10.950919, Z₀(α*)=-24.461931, intercept=-50.173223 (0.104s) [OMP=0.071 ISP-L=0.003 ISP-F=0.011 MW-L=0.005 MW-F=0.010]
  Alt-Benders[4]: LB stagnated, break
  OMP re-solve: 0.000s

=== True-DRO Benders iter 2 ===
  OMP: t₀=10.950919, UB=Inf, gap=NaN, x=[0, 0, 0, 0, 0, 0, 0, 0, 0, 0, 0, 0, 1, 1, 0, 0, 0, 0, 0, 0, 0, 0, 0, 0, 0, 0, 0, 0, 0, 0, 0, 0, 0, 0, 0, 0] (0.000s)
  Sub: Z₀=22.272976 [LOCAL] (0.1s), α=[0.000,0.000,2.118,0.000,0.000,0.000,0.000,0.000,0.000,0.000,0.000,0.000,0.913,1.879,0.000,0.000,0.000,0.050,0.000,0.000,0.000,0.000,0.000,0.000,0.000,0.000,0.000,0.000,0.000,0.000,0.000,0.000,0.000,4.985,0.000,0.000]
  Iter 2: LB=10.950919  UB=Inf  gap=NaN
  Cut: intercept=-1138.807572, π_x_range=[-819.8352, 588.8773]
  Mini-Benders[1] (mw): LB=11.035939, Z₀(α*)=13.601575, intercept=-30.245917 (0.106s) [OMP=0.072 ISP-L=0.003 ISP-F=0.010 MW-L=0.024 MW-F=0.009]
  Mini-Benders[2] (mw): LB=11.592142, Z₀(α*)=15.575237, intercept=-46.743663 (0.106s) [OMP=0.060 ISP-L=0.003 ISP-F=0.011 MW-L=0.006 MW-F=0.010]
  Mini-Benders[3] (mw): LB=11.656086, Z₀(α*)=17.769765, intercept=-47.973516 (0.088s) [OMP=0.069 ISP-L=0.003 ISP-F=0.010 MW-L=0.005 MW-F=0.010]
  Mini-Benders[4] (mw): LB=11.763232, Z₀(α*)=3.788015, intercept=-74.188738 (0.104s) [OMP=0.071 ISP-L=0.003 ISP-F=0.010 MW-L=0.006 MW-F=0.012]
  Mini-Benders[5] (mw): LB=11.763232, Z₀(α*)=3.788015, intercept=-74.188738 (0.106s) [OMP=0.073 ISP-L=0.004 ISP-F=0.010 MW-L=0.006 MW-F=0.012]
  α-step: Z₀=18.105254, α=[0.000,0.000,0.000,0.000,0.000,2.494,0.000,0.000,0.000,0.000,0.000,0.000,0.000,0.489,0.000,0.000,0.000,0.677,0.000,0.000,0.000,0.000,0.000,0.000,0.000,0.000,0.000,0.000,0.000,0.000,0.000,0.000,5.545,0.739,0.000,0.000]
  Alt-Benders[1] (mw): LB=11.781872, Z₀(α*)=-0.616420, intercept=-21.250810 (0.106s) [OMP=0.075 ISP-L=0.003 ISP-F=0.010 MW-L=0.005 MW-F=0.007]
  Alt-Benders[2] (mw): LB=11.781872, Z₀(α*)=-0.616420, intercept=-21.250810 (0.088s) [OMP=0.074 ISP-L=0.003 ISP-F=0.010 MW-L=0.005 MW-F=0.007]
  Alt-Benders[3] (mw): LB=11.781872, Z₀(α*)=-0.616420, intercept=-21.250810 (0.100s) [OMP=0.073 ISP-L=0.003 ISP-F=0.011 MW-L=0.005 MW-F=0.008]
  Alt-Benders[4]: LB stagnated, break
  OMP re-solve: 0.000s

=== True-DRO Benders iter 3 ===
  OMP: t₀=11.781872, UB=Inf, gap=NaN, x=[0, 0, 0, 0, 0, 0, 0, 0, 0, 0, 0, 0, 0, 0, 1, 0, 0, 0, 0, 0, 0, 0, 0, 0, 0, 0, 0, 0, 0, 0, 0, 0, 0, 1, 0, 0] (0.000s)
  Sub: Z₀=22.681052 [LOCAL] (0.1s), α=[0.000,0.000,1.696,0.000,0.000,0.000,0.000,0.000,0.000,0.000,0.000,0.000,0.000,0.000,0.000,0.000,0.000,0.000,0.000,0.000,0.000,0.000,0.000,0.000,0.000,0.000,0.000,0.000,0.000,0.000,0.000,0.000,0.012,8.237,0.000,0.000]
  Iter 3: LB=11.781872  UB=Inf  gap=NaN
  Cut: intercept=-1133.496996, π_x_range=[-824.2277, 580.3272]
  Mini-Benders[1] (mw): LB=11.781872, Z₀(α*)=22.815528, intercept=-6.046505 (0.122s) [OMP=0.075 ISP-L=0.003 ISP-F=0.010 MW-L=0.018 MW-F=0.010]
  Mini-Benders[2] (mw): LB=11.781872, Z₀(α*)=22.815528, intercept=-6.046497 (0.106s) [OMP=0.091 ISP-L=0.003 ISP-F=0.010 MW-L=0.005 MW-F=0.007]
  Mini-Benders[3]: LB stagnated, break
  α-step: Z₀=21.289921, α=[0.000,0.000,2.920,0.000,0.000,0.000,0.000,0.000,0.000,0.000,0.000,0.000,0.000,0.000,0.000,0.000,0.000,0.000,0.000,0.000,0.000,0.000,0.000,0.000,0.000,0.000,0.000,0.000,0.000,0.000,0.000,0.000,0.000,7.025,0.000,0.000]
  Alt-Benders[1] (mw): LB=11.781872, Z₀(α*)=21.591732, intercept=-30.258992 (0.104s) [OMP=0.071 ISP-L=0.003 ISP-F=0.011 MW-L=0.006 MW-F=0.015]
  Alt-Benders[2] (mw): LB=11.781872, Z₀(α*)=23.610401, intercept=-34.109918 (0.119s) [OMP=0.096 ISP-L=0.003 ISP-F=0.010 MW-L=0.005 MW-F=0.009]
  Alt-Benders[3]: LB stagnated, break
  OMP re-solve: 0.000s

=== True-DRO Benders iter 4 ===
  OMP: t₀=11.781872, UB=Inf, gap=NaN, x=[0, 0, 1, 0, 0, 0, 0, 0, 0, 0, 0, 0, 0, 0, 0, 0, 0, 0, 0, 0, 0, 0, 0, 0, 0, 0, 0, 0, 0, 0, 0, 0, 0, 1, 0, 0] (0.000s)
  Sub: Z₀=21.199220 [LOCAL] (0.1s), α=[0.000,0.000,5.063,0.000,0.000,0.000,0.000,0.000,0.000,0.000,0.000,0.000,0.000,0.000,0.000,0.000,0.000,0.000,0.000,0.000,0.000,0.000,0.000,0.000,0.000,0.000,0.000,0.000,0.000,0.000,0.000,0.000,0.000,4.881,0.000,0.000]
  Iter 4: LB=11.781872  UB=Inf  gap=NaN
  Cut: intercept=-1147.544503, π_x_range=[-818.1706, 586.4140]
  Mini-Benders[1] (mw): LB=11.781872, Z₀(α*)=12.448966, intercept=-72.715735 (0.104s) [OMP=0.068 ISP-L=0.003 ISP-F=0.011 MW-L=0.006 MW-F=0.010]
  Mini-Benders[2] (mw): LB=11.781872, Z₀(α*)=21.511698, intercept=-22.326331 (0.105s) [OMP=0.072 ISP-L=0.003 ISP-F=0.009 MW-L=0.005 MW-F=0.008]
  Mini-Benders[3]: LB stagnated, break
  α-step: Z₀=17.706073, α=[0.000,0.000,1.549,0.000,0.000,0.000,0.000,0.000,0.000,0.000,0.000,0.000,0.000,0.000,0.000,0.000,0.000,0.000,0.000,0.000,0.000,0.000,0.000,0.000,0.000,0.000,0.000,0.000,0.000,0.000,0.000,0.000,0.232,8.163,0.000,0.000]
  Alt-Benders[1] (mw): LB=11.908421, Z₀(α*)=14.138248, intercept=-97.462505 (0.135s) [OMP=0.090 ISP-L=0.003 ISP-F=0.011 MW-L=0.005 MW-F=0.022]
  Alt-Benders[2] (mw): LB=12.273291, Z₀(α*)=22.240276, intercept=-21.686170 (0.122s) [OMP=0.082 ISP-L=0.003 ISP-F=0.010 MW-L=0.005 MW-F=0.012]
  Alt-Benders[3] (mw): LB=12.316528, Z₀(α*)=22.240276, intercept=-29.294584 (0.122s) [OMP=0.094 ISP-L=0.003 ISP-F=0.010 MW-L=0.006 MW-F=0.010]
  Alt-Benders[4] (mw): LB=12.381944, Z₀(α*)=20.274998, intercept=-86.940615 (0.122s) [OMP=0.093 ISP-L=0.003 ISP-F=0.010 MW-L=0.005 MW-F=0.009]
  Alt-Benders[5] (mw): LB=12.448964, Z₀(α*)=17.398412, intercept=-80.823184 (0.107s) [OMP=0.083 ISP-L=0.002 ISP-F=0.010 MW-L=0.005 MW-F=0.007]
  OMP re-solve: 0.083s

=== True-DRO Benders iter 5 ===
  OMP: t₀=12.533151, UB=Inf, gap=NaN, x=[0, 0, 0, 0, 0, 0, 0, 0, 0, 0, 0, 0, 0, 0, 0, 0, 0, 0, 0, 1, 0, 0, 0, 0, 0, 0, 0, 0, 0, 0, 0, 0, 1, 0, 0, 0] (0.000s)
  Sub: Z₀=24.191605 [TIME_LIMIT] (15.1s), α=[0.000,0.000,4.278,0.000,0.000,0.000,0.000,0.000,0.000,0.000,0.000,0.000,0.000,0.000,0.000,0.000,0.000,0.000,0.000,0.000,0.000,0.000,0.000,0.000,0.000,0.000,0.000,0.000,0.000,0.000,0.000,0.000,1.645,4.020,0.000,0.000]
  Iter 5: LB=12.533151  UB=25.189399  gap=5.02e-01
  Cut: intercept=-23.713812, π_x_range=[-216.2072, 47.9054]
  Mini-Benders[1] (mw): LB=12.533151, Z₀(α*)=15.649974, intercept=-81.521051 (0.185s) [OMP=0.158 ISP-L=0.003 ISP-F=0.012 MW-L=0.005 MW-F=0.011]
  Mini-Benders[2] (mw): LB=12.533151, Z₀(α*)=24.969142, intercept=-38.176488 (0.135s) [OMP=0.114 ISP-L=0.003 ISP-F=0.011 MW-L=0.005 MW-F=0.007]
  Mini-Benders[3]: LB stagnated, break
  α-step: Z₀=25.591056, α=[0.000,0.000,4.054,0.000,0.000,0.000,0.000,0.000,0.000,0.000,0.000,0.000,0.000,0.000,0.000,0.000,0.000,1.875,0.000,0.000,0.000,0.000,0.000,0.000,0.000,0.000,0.000,0.000,0.000,0.000,0.000,0.000,0.000,4.016,0.000,0.000]
  Alt-Benders[1] (mw): LB=12.533151, Z₀(α*)=3.609730, intercept=-24.837084 (0.110s) [OMP=0.091 ISP-L=0.004 ISP-F=0.010 MW-L=0.005 MW-F=0.008]
  Alt-Benders[2] (mw): LB=12.533151, Z₀(α*)=3.609730, intercept=-24.837084 (0.135s) [OMP=0.089 ISP-L=0.003 ISP-F=0.010 MW-L=0.005 MW-F=0.020]
  Alt-Benders[3]: LB stagnated, break
  OMP re-solve: 0.000s

=== True-DRO Benders iter 6 ===
  OMP: t₀=12.533151, UB=25.189399, gap=5.02e-01, x=[0, 0, 0, 0, 0, 0, 0, 0, 0, 0, 0, 0, 0, 0, 0, 0, 0, 0, 0, 0, 0, 1, 0, 0, 0, 0, 0, 0, 0, 0, 0, 0, 1, 0, 0, 0] (0.000s)
  Sub: Z₀=20.711137 [LOCAL] (0.2s), α=[0.000,0.000,2.038,0.000,0.000,0.000,0.000,0.000,0.000,0.000,0.000,0.000,0.000,0.000,0.000,0.000,0.000,0.000,0.000,0.000,0.000,0.000,0.000,0.000,0.000,0.000,0.000,0.000,0.000,0.000,0.000,0.000,7.907,0.000,0.000,0.000]
  Iter 6: LB=12.533151  UB=25.189399  gap=5.02e-01
  Cut: intercept=-1142.385807, π_x_range=[-824.3566, 588.5589]
  Mini-Benders[1] (mw): LB=12.533151, Z₀(α*)=22.728312, intercept=-26.131827 (0.120s) [OMP=0.089 ISP-L=0.003 ISP-F=0.011 MW-L=0.005 MW-F=0.009]
  Mini-Benders[2] (mw): LB=12.533151, Z₀(α*)=12.761234, intercept=-81.213063 (0.122s) [OMP=0.086 ISP-L=0.003 ISP-F=0.010 MW-L=0.005 MW-F=0.009]
  Mini-Benders[3] (mw): LB=12.761232, Z₀(α*)=12.761234, intercept=-81.213063 (0.122s) [OMP=0.091 ISP-L=0.003 ISP-F=0.010 MW-L=0.005 MW-F=0.009]
  Mini-Benders[4] (mw): LB=12.761232, Z₀(α*)=12.761234, intercept=-81.213063 (0.106s) [OMP=0.091 ISP-L=0.003 ISP-F=0.010 MW-L=0.005 MW-F=0.009]
  Mini-Benders[5] (mw): LB=12.761232, Z₀(α*)=12.761234, intercept=-81.213063 (0.122s) [OMP=0.091 ISP-L=0.003 ISP-F=0.009 MW-L=0.005 MW-F=0.009]
  α-step: Z₀=18.749539, α=[0.000,0.000,0.000,0.000,0.000,0.000,0.274,0.000,0.000,0.000,0.000,0.000,0.000,0.000,0.000,0.000,0.000,1.639,0.000,0.000,0.000,0.000,0.000,0.000,0.000,0.000,0.000,0.000,0.000,0.000,0.000,0.000,8.031,0.000,0.000,0.000]
  Alt-Benders[1] (mw): LB=12.965403, Z₀(α*)=-26.446975, intercept=-45.654070 (0.120s) [OMP=0.090 ISP-L=0.003 ISP-F=0.012 MW-L=0.006 MW-F=0.008]
  Alt-Benders[2] (mw): LB=12.965403, Z₀(α*)=-26.446975, intercept=-45.654070 (0.119s) [OMP=0.088 ISP-L=0.003 ISP-F=0.012 MW-L=0.006 MW-F=0.008]
  Alt-Benders[3] (mw): LB=12.965403, Z₀(α*)=-26.446975, intercept=-45.654070 (0.120s) [OMP=0.089 ISP-L=0.003 ISP-F=0.012 MW-L=0.006 MW-F=0.021]
  Alt-Benders[4]: LB stagnated, break
  OMP re-solve: 0.000s

=== True-DRO Benders iter 7 ===
  OMP: t₀=12.965403, UB=25.189399, gap=4.85e-01, x=[0, 0, 0, 0, 0, 0, 0, 0, 1, 0, 0, 0, 1, 0, 0, 0, 0, 0, 0, 0, 0, 0, 0, 0, 0, 0, 0, 0, 0, 0, 0, 0, 0, 0, 0, 0] (0.000s)
  Sub: Z₀=23.480101 [LOCAL] (0.1s), α=[0.000,0.000,3.343,0.000,0.000,0.000,0.000,0.000,0.000,0.000,0.000,0.000,1.993,0.000,0.000,0.000,0.000,0.033,0.000,0.000,0.000,0.000,0.000,0.000,0.000,0.000,0.000,0.000,0.000,0.000,0.000,0.000,0.000,4.576,0.000,0.000]
  Iter 7: LB=12.965403  UB=25.189399  gap=4.85e-01
  Cut: intercept=-1135.946803, π_x_range=[-820.4183, 588.0837]
  Mini-Benders[1] (mw): LB=13.067530, Z₀(α*)=24.495589, intercept=-26.775287 (0.135s) [OMP=0.095 ISP-L=0.003 ISP-F=0.011 MW-L=0.006 MW-F=0.015]
  Mini-Benders[2] (mw): LB=13.096807, Z₀(α*)=5.560203, intercept=-91.536905 (0.120s) [OMP=0.096 ISP-L=0.003 ISP-F=0.012 MW-L=0.006 MW-F=0.011]
  Mini-Benders[3] (mw): LB=13.096807, Z₀(α*)=5.560203, intercept=-91.536905 (0.151s) [OMP=0.106 ISP-L=0.003 ISP-F=0.012 MW-L=0.007 MW-F=0.011]
  Mini-Benders[4] (mw): LB=13.096807, Z₀(α*)=5.560203, intercept=-91.536905 (0.135s) [OMP=0.104 ISP-L=0.003 ISP-F=0.012 MW-L=0.006 MW-F=0.011]
  Mini-Benders[5]: LB stagnated, break
  α-step: Z₀=18.506911, α=[0.000,0.000,0.000,0.000,0.000,0.000,1.055,0.000,0.000,0.000,0.000,0.000,0.000,4.561,0.000,0.000,0.000,2.255,0.000,0.000,0.000,0.000,0.000,0.000,0.000,0.000,0.000,0.000,0.000,0.000,0.000,0.000,0.000,2.073,0.000,0.000]
  Alt-Benders[1] (mw): LB=13.096807, Z₀(α*)=22.265789, intercept=-84.413660 (0.109s) [OMP=0.087 ISP-L=0.003 ISP-F=0.011 MW-L=0.005 MW-F=0.008]
  Alt-Benders[2] (mw): LB=13.096807, Z₀(α*)=22.187726, intercept=-100.590547 (0.120s) [OMP=0.092 ISP-L=0.003 ISP-F=0.011 MW-L=0.005 MW-F=0.010]
  Alt-Benders[3] (mw): LB=13.096807, Z₀(α*)=8.350345, intercept=-62.543555 (0.118s) [OMP=0.091 ISP-L=0.003 ISP-F=0.010 MW-L=0.007 MW-F=0.009]
  Alt-Benders[4]: LB stagnated, break
  OMP re-solve: 0.000s

=== True-DRO Benders iter 8 ===
  OMP: t₀=13.096807, UB=25.189399, gap=4.80e-01, x=[0, 0, 0, 0, 0, 0, 0, 0, 0, 0, 0, 0, 1, 0, 0, 0, 0, 0, 0, 0, 0, 0, 0, 0, 0, 0, 0, 1, 0, 0, 0, 0, 0, 0, 0, 0] (0.000s)
  Sub: Z₀=22.816920 [LOCAL] (0.2s), α=[0.000,0.000,4.563,0.000,0.000,0.000,0.000,0.000,0.000,0.000,0.000,0.000,0.599,0.065,0.000,0.000,0.000,0.000,0.000,0.000,0.000,0.000,0.000,0.000,0.000,0.000,0.000,0.000,0.000,0.000,0.000,0.000,0.000,4.718,0.000,0.000]
  Iter 8: LB=13.096807  UB=25.189399  gap=4.80e-01
  Cut: intercept=-1129.333349, π_x_range=[-819.6703, 581.2714]
  Mini-Benders[1] (mw): LB=13.096807, Z₀(α*)=16.079821, intercept=-43.262493 (0.120s) [OMP=0.089 ISP-L=0.003 ISP-F=0.011 MW-L=0.006 MW-F=0.011]
  Mini-Benders[2] (mw): LB=13.096807, Z₀(α*)=19.590962, intercept=-76.066899 (0.119s) [OMP=0.090 ISP-L=0.003 ISP-F=0.011 MW-L=0.005 MW-F=0.010]
  Mini-Benders[3]: LB stagnated, break
  α-step: Z₀=18.536112, α=[0.000,0.000,2.088,0.000,0.000,0.000,0.000,0.000,0.000,0.000,0.000,0.000,1.534,1.365,0.000,0.000,0.000,0.000,0.000,0.000,0.000,0.000,0.000,0.000,0.000,0.000,0.000,0.000,0.000,0.000,0.000,0.000,0.000,4.957,0.000,0.000]
  Alt-Benders[1] (mw): LB=13.096807, Z₀(α*)=18.844928, intercept=-97.844213 (0.130s) [OMP=0.100 ISP-L=0.003 ISP-F=0.011 MW-L=0.005 MW-F=0.009]
  Alt-Benders[2] (mw): LB=13.096807, Z₀(α*)=15.926993, intercept=-80.742159 (0.119s) [OMP=0.098 ISP-L=0.003 ISP-F=0.010 MW-L=0.005 MW-F=0.008]
  Alt-Benders[3]: LB stagnated, break
  OMP re-solve: 0.000s

=== True-DRO Benders iter 9 ===
  OMP: t₀=13.096807, UB=25.189399, gap=4.80e-01, x=[0, 0, 0, 0, 0, 0, 0, 0, 0, 0, 0, 0, 1, 0, 0, 0, 0, 0, 0, 0, 0, 0, 0, 0, 0, 0, 0, 0, 0, 1, 0, 0, 0, 0, 0, 0] (0.000s)
  Sub: Z₀=23.480101 [LOCAL] (0.1s), α=[0.000,0.000,3.346,0.000,0.000,0.000,0.000,0.000,0.000,0.000,0.000,0.000,0.714,2.264,0.000,0.000,0.000,0.030,0.000,0.000,0.000,0.000,0.000,0.000,0.000,0.000,0.000,0.000,0.000,0.000,0.000,0.000,0.000,3.590,0.000,0.000]
  Iter 9: LB=13.096807  UB=25.189399  gap=4.80e-01
  Cut: intercept=-1140.983707, π_x_range=[-819.2611, 595.0984]
  Mini-Benders[1] (mw): LB=13.510969, Z₀(α*)=-0.994692, intercept=-63.805247 (0.122s) [OMP=0.099 ISP-L=0.003 ISP-F=0.012 MW-L=0.006 MW-F=0.008]
  Mini-Benders[2] (mw): LB=13.510969, Z₀(α*)=-0.994692, intercept=-63.805247 (0.135s) [OMP=0.104 ISP-L=0.003 ISP-F=0.012 MW-L=0.006 MW-F=0.008]
  Mini-Benders[3] (mw): LB=13.510969, Z₀(α*)=-0.994692, intercept=-63.805247 (0.135s) [OMP=0.102 ISP-L=0.003 ISP-F=0.012 MW-L=0.006 MW-F=0.008]
  Mini-Benders[4]: LB stagnated, break
  α-step: Z₀=21.505807, α=[0.000,0.000,3.334,0.000,0.000,0.000,0.000,0.000,0.000,0.000,0.000,0.000,0.000,0.000,0.000,0.000,0.000,0.000,0.000,0.000,0.000,0.962,3.215,0.000,0.000,0.000,0.000,0.000,0.000,0.000,0.000,0.000,2.433,0.000,0.000,0.000]
  Alt-Benders[1] (mw): LB=13.601573, Z₀(α*)=-12.000778, intercept=-24.231501 (0.127s) [OMP=0.096 ISP-L=0.003 ISP-F=0.011 MW-L=0.006 MW-F=0.010]
  Alt-Benders[2] (mw): LB=13.601573, Z₀(α*)=-12.000778, intercept=-24.231501 (0.122s) [OMP=0.096 ISP-L=0.004 ISP-F=0.011 MW-L=0.005 MW-F=0.010]
  Alt-Benders[3] (mw): LB=13.601573, Z₀(α*)=-12.000778, intercept=-24.231501 (0.122s) [OMP=0.095 ISP-L=0.004 ISP-F=0.011 MW-L=0.006 MW-F=0.010]
  Alt-Benders[4]: LB stagnated, break
  OMP re-solve: 0.000s

=== True-DRO Benders iter 10 ===
  OMP: t₀=13.601573, UB=25.189399, gap=4.60e-01, x=[0, 0, 0, 0, 0, 0, 0, 0, 0, 0, 0, 0, 0, 1, 0, 0, 0, 0, 0, 0, 0, 0, 0, 0, 0, 0, 0, 0, 0, 0, 0, 0, 0, 1, 0, 0] (0.000s)
  Sub: Z₀=23.485757 (0.7s), α=[0.000,0.000,0.038,0.000,0.000,0.000,0.000,0.000,0.000,0.000,0.000,0.000,0.000,0.000,0.000,0.000,0.000,2.757,0.000,0.000,0.000,0.000,0.000,0.000,0.000,0.000,0.000,0.000,0.000,0.000,0.000,0.000,0.000,7.149,0.000,0.000]
  Iter 10: LB=13.601573  UB=23.485757  gap=4.21e-01
  Cut: intercept=-29.321309, π_x_range=[-140.5057, 47.2909]
  Sherali-Cut: intercept=-20.654093, π_x_range=[-88.4654, 41.4354]
  Mini-Benders[1] (mw): LB=13.831013, Z₀(α*)=22.281087, intercept=-19.893871 (0.136s) [OMP=0.121 ISP-L=0.003 ISP-F=0.011 MW-L=0.006 MW-F=0.007]
  Mini-Benders[2] (mw): LB=13.843235, Z₀(α*)=6.234489, intercept=-40.227480 (0.135s) [OMP=0.098 ISP-L=0.003 ISP-F=0.010 MW-L=0.006 MW-F=0.009]
  Mini-Benders[3] (mw): LB=13.843235, Z₀(α*)=6.234489, intercept=-40.227480 (0.137s) [OMP=0.096 ISP-L=0.003 ISP-F=0.010 MW-L=0.006 MW-F=0.021]
  Mini-Benders[4] (mw): LB=13.843235, Z₀(α*)=6.234489, intercept=-40.227480 (0.122s) [OMP=0.096 ISP-L=0.003 ISP-F=0.009 MW-L=0.006 MW-F=0.009]
  Mini-Benders[5]: LB stagnated, break
  α-step: Z₀=24.627997, α=[0.000,0.000,2.047,0.000,0.000,0.000,0.000,0.000,0.000,0.000,0.000,0.000,0.000,1.824,0.000,0.000,0.000,1.891,0.000,0.000,0.000,0.000,0.427,0.000,0.000,0.000,0.000,0.000,0.000,0.000,0.000,0.000,3.755,0.000,0.000,0.000]
  Alt-Benders[1] (mw): LB=13.857507, Z₀(α*)=6.480338, intercept=-11.481579 (0.143s) [OMP=0.115 ISP-L=0.003 ISP-F=0.011 MW-L=0.005 MW-F=0.008]
  Alt-Benders[2] (mw): LB=13.857507, Z₀(α*)=6.480338, intercept=-11.481579 (0.120s) [OMP=0.103 ISP-L=0.003 ISP-F=0.011 MW-L=0.005 MW-F=0.008]
  Alt-Benders[3] (mw): LB=13.857507, Z₀(α*)=6.480338, intercept=-11.481579 (0.137s) [OMP=0.103 ISP-L=0.003 ISP-F=0.010 MW-L=0.005 MW-F=0.008]
  Alt-Benders[4]: LB stagnated, break
  OMP re-solve: 0.000s

=== True-DRO Benders iter 11 ===
  OMP: t₀=13.857507, UB=23.485757, gap=4.10e-01, x=[0, 0, 0, 0, 0, 0, 0, 0, 0, 0, 0, 0, 0, 0, 0, 0, 0, 0, 0, 0, 0, 0, 0, 0, 0, 0, 0, 1, 0, 0, 0, 0, 1, 0, 0, 0] (0.000s)
  Sub: Z₀=22.082622 [LOCAL] (0.2s), α=[0.000,0.000,2.980,0.000,0.000,0.000,0.000,0.000,0.000,0.000,0.000,0.000,0.000,0.000,0.000,0.000,0.000,0.000,0.000,0.000,0.000,0.000,0.000,0.000,0.000,0.000,0.000,0.000,0.000,0.000,0.000,0.000,4.375,2.590,0.000,0.000]
  Iter 11: LB=13.857507  UB=23.485757  gap=4.10e-01
  Cut: intercept=-1142.632736, π_x_range=[-827.2831, 584.6672]
  Mini-Benders[1] (mw): LB=14.007993, Z₀(α*)=-2.627437, intercept=-30.723243 (0.119s) [OMP=0.094 ISP-L=0.003 ISP-F=0.012 MW-L=0.005 MW-F=0.010]
  Mini-Benders[2] (mw): LB=14.007993, Z₀(α*)=-2.627437, intercept=-30.723243 (0.151s) [OMP=0.120 ISP-L=0.003 ISP-F=0.012 MW-L=0.005 MW-F=0.010]
  Mini-Benders[3] (mw): LB=14.007993, Z₀(α*)=-2.627437, intercept=-30.723243 (0.151s) [OMP=0.116 ISP-L=0.003 ISP-F=0.012 MW-L=0.005 MW-F=0.010]
  Mini-Benders[4]: LB stagnated, break
  α-step: Z₀=24.331974, α=[0.000,0.000,1.261,0.000,0.000,0.000,0.000,0.000,0.000,0.000,0.000,0.000,1.534,1.365,0.000,0.000,0.000,2.279,0.000,0.000,0.000,0.000,0.000,0.000,0.000,0.000,0.000,0.000,0.000,0.000,0.000,0.000,0.000,3.505,0.000,0.000]
  Alt-Benders[1] (mw): LB=14.138246, Z₀(α*)=10.358737, intercept=-74.056409 (0.131s) [OMP=0.109 ISP-L=0.003 ISP-F=0.010 MW-L=0.005 MW-F=0.009]
  Alt-Benders[2] (mw): LB=14.138246, Z₀(α*)=10.358737, intercept=-74.056409 (0.138s) [OMP=0.104 ISP-L=0.003 ISP-F=0.010 MW-L=0.005 MW-F=0.010]
  Alt-Benders[3] (mw): LB=14.138246, Z₀(α*)=10.358737, intercept=-74.056409 (0.122s) [OMP=0.101 ISP-L=0.003 ISP-F=0.010 MW-L=0.005 MW-F=0.010]
  Alt-Benders[4]: LB stagnated, break
  OMP re-solve: 0.000s

=== True-DRO Benders iter 12 ===
  OMP: t₀=14.138246, UB=23.485757, gap=3.98e-01, x=[0, 0, 0, 0, 0, 0, 0, 0, 0, 0, 0, 0, 0, 0, 0, 0, 0, 0, 0, 0, 0, 0, 1, 0, 0, 0, 0, 0, 0, 0, 0, 0, 1, 0, 0, 0] (0.000s)
  Sub: Z₀=21.400752 [LOCAL] (0.1s), α=[0.000,0.000,2.024,0.000,0.000,0.014,0.000,0.000,0.000,0.000,0.000,0.000,0.000,0.024,0.000,0.000,0.000,0.000,0.000,0.000,0.000,0.000,0.301,0.000,0.000,0.000,0.000,0.000,0.000,0.000,0.000,0.000,6.802,0.781,0.000,0.000]
  Iter 12: LB=14.138246  UB=23.485757  gap=3.98e-01
  Cut: intercept=-1119.150203, π_x_range=[-824.7916, 578.5453]
  Mini-Benders[1] (mw): LB=14.318869, Z₀(α*)=-12.954093, intercept=-27.307884 (0.135s) [OMP=0.102 ISP-L=0.003 ISP-F=0.010 MW-L=0.006 MW-F=0.010]
  Mini-Benders[2] (mw): LB=14.318869, Z₀(α*)=-12.954093, intercept=-27.307884 (0.119s) [OMP=0.096 ISP-L=0.003 ISP-F=0.010 MW-L=0.006 MW-F=0.010]
  Mini-Benders[3] (mw): LB=14.318869, Z₀(α*)=-12.954093, intercept=-27.307884 (0.136s) [OMP=0.094 ISP-L=0.003 ISP-F=0.010 MW-L=0.006 MW-F=0.010]
  Mini-Benders[4]: LB stagnated, break
  α-step: Z₀=19.055180, α=[0.000,0.000,0.000,0.000,0.000,3.548,0.000,0.000,0.000,0.000,0.000,0.000,0.000,1.365,0.000,0.000,0.000,2.607,0.000,0.000,0.000,0.000,0.000,0.000,0.000,0.000,0.000,0.000,0.000,0.000,0.000,0.000,1.451,0.974,0.000,0.000]
  Alt-Benders[1] (mw): LB=14.622305, Z₀(α*)=2.286665, intercept=-63.990836 (0.139s) [OMP=0.121 ISP-L=0.003 ISP-F=0.010 MW-L=0.005 MW-F=0.009]
  Alt-Benders[2] (mw): LB=14.622305, Z₀(α*)=2.286665, intercept=-63.990836 (0.151s) [OMP=0.100 ISP-L=0.003 ISP-F=0.011 MW-L=0.005 MW-F=0.022]
  Alt-Benders[3] (mw): LB=14.622305, Z₀(α*)=2.286665, intercept=-63.990836 (0.119s) [OMP=0.099 ISP-L=0.003 ISP-F=0.011 MW-L=0.006 MW-F=0.009]
  Alt-Benders[4]: LB stagnated, break
  OMP re-solve: 0.000s

=== True-DRO Benders iter 13 ===
  OMP: t₀=14.622305, UB=23.485757, gap=3.77e-01, x=[0, 0, 0, 0, 0, 0, 0, 0, 0, 0, 0, 0, 0, 0, 0, 0, 0, 0, 0, 0, 0, 0, 1, 0, 0, 0, 0, 0, 1, 0, 0, 0, 0, 0, 0, 0] (0.000s)
  Sub: Z₀=23.537673 [LOCAL] (0.2s), α=[0.000,0.000,5.507,0.000,0.000,0.000,0.000,0.000,0.000,0.000,0.000,0.000,0.000,0.000,0.000,0.000,0.000,0.000,0.000,0.000,0.000,0.000,1.818,0.000,0.000,0.000,0.000,0.000,0.000,0.000,0.000,0.000,0.763,1.856,0.000,0.000]
  Iter 13: LB=14.622305  UB=23.485757  gap=3.77e-01
  Cut: intercept=-1112.732146, π_x_range=[-826.4571, 569.3528]
  Mini-Benders[1] (mw): LB=15.575235, Z₀(α*)=6.986803, intercept=-43.140448 (0.135s) [OMP=0.102 ISP-L=0.004 ISP-F=0.009 MW-L=0.006 MW-F=0.010]
  Mini-Benders[2] (mw): LB=15.575235, Z₀(α*)=6.986803, intercept=-43.140448 (0.151s) [OMP=0.119 ISP-L=0.004 ISP-F=0.009 MW-L=0.007 MW-F=0.010]
  Mini-Benders[3] (mw): LB=15.575235, Z₀(α*)=6.986803, intercept=-43.140448 (0.135s) [OMP=0.118 ISP-L=0.004 ISP-F=0.009 MW-L=0.007 MW-F=0.010]
  Mini-Benders[4]: LB stagnated, break
  α-step: Z₀=21.383654, α=[0.000,0.000,0.000,0.000,0.000,0.000,0.000,0.000,0.000,0.000,0.000,0.000,0.000,0.380,0.000,0.000,0.000,5.232,0.000,0.000,0.000,0.000,0.000,0.000,0.000,0.000,0.000,0.000,0.000,0.000,0.000,0.000,1.309,3.023,0.000,0.000]
  Alt-Benders[1] (mw): LB=15.649972, Z₀(α*)=13.282373, intercept=-60.390496 (0.148s) [OMP=0.131 ISP-L=0.003 ISP-F=0.009 MW-L=0.005 MW-F=0.007]
  Alt-Benders[2] (mw): LB=15.649972, Z₀(α*)=13.282373, intercept=-60.390496 (0.119s) [OMP=0.095 ISP-L=0.003 ISP-F=0.009 MW-L=0.005 MW-F=0.007]
  Alt-Benders[3] (mw): LB=15.649972, Z₀(α*)=13.282373, intercept=-60.390496 (0.120s) [OMP=0.095 ISP-L=0.003 ISP-F=0.009 MW-L=0.005 MW-F=0.007]
  Alt-Benders[4]: LB stagnated, break
  OMP re-solve: 0.000s

=== True-DRO Benders iter 14 ===
  OMP: t₀=15.649972, UB=23.485757, gap=3.34e-01, x=[0, 0, 1, 0, 0, 0, 0, 0, 0, 0, 0, 0, 0, 0, 0, 0, 0, 0, 0, 0, 0, 0, 0, 0, 0, 0, 0, 0, 0, 0, 0, 0, 1, 0, 0, 0] (0.000s)
  Sub: Z₀=18.856478 [LOCAL] (0.2s), α=[0.000,0.000,7.094,0.000,0.000,0.000,0.000,0.000,0.000,0.000,0.000,0.000,0.000,0.000,0.000,0.000,0.000,0.000,0.000,0.000,0.000,0.000,0.000,0.000,0.000,0.000,0.000,0.000,0.000,0.000,0.000,0.000,2.611,0.239,0.000,0.000]
  Iter 14: LB=15.649972  UB=23.485757  gap=3.34e-01
  Cut: intercept=-1149.096024, π_x_range=[-823.5994, 591.4024]
  Mini-Benders[1] (mw): LB=15.734602, Z₀(α*)=1.359541, intercept=-12.114647 (0.134s) [OMP=0.099 ISP-L=0.004 ISP-F=0.011 MW-L=0.005 MW-F=0.008]
  Mini-Benders[2] (mw): LB=15.734602, Z₀(α*)=1.359541, intercept=-12.114647 (0.119s) [OMP=0.101 ISP-L=0.004 ISP-F=0.012 MW-L=0.005 MW-F=0.008]
  Mini-Benders[3] (mw): LB=15.734602, Z₀(α*)=1.359541, intercept=-12.114647 (0.136s) [OMP=0.101 ISP-L=0.004 ISP-F=0.011 MW-L=0.006 MW-F=0.008]
  Mini-Benders[4]: LB stagnated, break
  α-step: Z₀=22.476197, α=[0.000,0.000,2.193,0.000,0.000,0.000,0.000,0.000,0.000,0.000,0.000,0.000,0.000,0.000,0.000,0.000,0.000,0.000,0.000,0.000,0.000,0.000,0.000,0.000,0.000,0.000,0.000,0.000,0.000,0.000,0.000,0.000,7.752,0.000,0.000,0.000]
  Alt-Benders[1] (mw): LB=15.801379, Z₀(α*)=13.552012, intercept=-40.900112 (0.127s) [OMP=0.098 ISP-L=0.003 ISP-F=0.011 MW-L=0.005 MW-F=0.010]
  Alt-Benders[2] (mw): LB=15.801379, Z₀(α*)=13.552012, intercept=-40.900112 (0.122s) [OMP=0.099 ISP-L=0.003 ISP-F=0.011 MW-L=0.005 MW-F=0.009]
  Alt-Benders[3] (mw): LB=15.801379, Z₀(α*)=13.552012, intercept=-40.900112 (0.122s) [OMP=0.097 ISP-L=0.003 ISP-F=0.011 MW-L=0.006 MW-F=0.010]
  Alt-Benders[4]: LB stagnated, break
  OMP re-solve: 0.000s

=== True-DRO Benders iter 15 ===
  OMP: t₀=15.801379, UB=23.485757, gap=3.27e-01, x=[0, 0, 0, 0, 0, 0, 0, 0, 0, 0, 0, 0, 0, 0, 0, 0, 0, 0, 0, 0, 0, 0, 1, 0, 0, 0, 0, 1, 0, 0, 0, 0, 0, 0, 0, 0] (0.000s)
  Sub: Z₀=24.862147 (0.2s), α=[0.000,0.000,4.171,0.000,0.000,0.026,0.000,0.000,0.000,0.000,0.000,0.000,0.000,0.068,0.000,0.000,0.000,0.000,0.000,0.000,0.000,0.000,2.392,0.000,0.000,0.000,0.000,0.000,0.000,0.000,0.000,0.000,0.920,2.367,0.000,0.000]
  Iter 15: LB=15.801379  UB=23.485757  gap=3.27e-01
  Cut: intercept=-56.752394, π_x_range=[-275.0000, 67.1667]
  Sherali-Cut: intercept=-21.681165, π_x_range=[-123.4516, 45.7059]
  Mini-Benders[1] (mw): LB=15.920516, Z₀(α*)=22.001270, intercept=-29.305442 (0.141s) [OMP=0.103 ISP-L=0.003 ISP-F=0.012 MW-L=0.006 MW-F=0.011]
  Mini-Benders[2] (mw): LB=15.926991, Z₀(α*)=4.932064, intercept=-62.745621 (0.135s) [OMP=0.105 ISP-L=0.003 ISP-F=0.010 MW-L=0.005 MW-F=0.009]
  Mini-Benders[3] (mw): LB=15.926991, Z₀(α*)=4.932064, intercept=-62.745621 (0.135s) [OMP=0.106 ISP-L=0.003 ISP-F=0.010 MW-L=0.005 MW-F=0.009]
  Mini-Benders[4] (mw): LB=15.926991, Z₀(α*)=4.932064, intercept=-62.745621 (0.136s) [OMP=0.106 ISP-L=0.003 ISP-F=0.010 MW-L=0.005 MW-F=0.009]
  Mini-Benders[5]: LB stagnated, break
  α-step: Z₀=21.511698, α=[0.000,0.000,0.918,0.000,0.000,0.000,0.000,0.000,0.000,0.000,0.000,0.000,0.000,0.000,0.000,0.000,0.000,4.145,0.000,0.000,0.000,0.000,0.000,0.000,0.000,0.000,0.000,0.000,0.000,0.000,0.000,0.000,0.000,4.881,0.000,0.000]
  Alt-Benders[1] (mw): LB=15.978276, Z₀(α*)=22.484621, intercept=25.591057 (0.120s) [OMP=0.104 ISP-L=0.003 ISP-F=0.010 MW-L=0.006 MW-F=0.010]
  Alt-Benders[2] (mw): LB=16.079819, Z₀(α*)=15.591932, intercept=-54.590182 (0.151s) [OMP=0.112 ISP-L=0.003 ISP-F=0.004 MW-L=0.006 MW-F=0.012]
  Alt-Benders[3] (mw): LB=16.079819, Z₀(α*)=15.591932, intercept=-54.590182 (0.135s) [OMP=0.104 ISP-L=0.003 ISP-F=0.011 MW-L=0.006 MW-F=0.010]
  Alt-Benders[4] (mw): LB=16.079819, Z₀(α*)=15.591932, intercept=-54.590182 (0.119s) [OMP=0.100 ISP-L=0.003 ISP-F=0.010 MW-L=0.006 MW-F=0.010]
  Alt-Benders[5]: LB stagnated, break
  OMP re-solve: 0.000s

=== True-DRO Benders iter 16 ===
  OMP: t₀=16.079819, UB=23.485757, gap=3.15e-01, x=[0, 0, 0, 0, 0, 0, 0, 0, 0, 0, 0, 0, 1, 0, 0, 0, 0, 0, 0, 0, 0, 1, 0, 0, 0, 0, 0, 0, 0, 0, 0, 0, 0, 0, 0, 0] (0.000s)
  Sub: Z₀=23.194731 [LOCAL] (0.2s), α=[0.000,0.000,1.425,0.000,0.000,0.000,0.000,0.000,0.000,0.000,0.000,0.000,3.237,0.674,0.000,0.000,0.000,1.951,0.000,0.000,0.000,0.000,0.000,0.000,0.000,0.000,0.000,0.000,0.000,0.000,0.000,0.000,0.000,2.657,0.000,0.000]
  Iter 16: LB=16.079819  UB=23.485757  gap=3.15e-01
  Cut: intercept=-1109.954146, π_x_range=[-817.6301, 576.4571]
  Mini-Benders[1] (mw): LB=16.083994, Z₀(α*)=-0.102586, intercept=-37.067068 (0.135s) [OMP=0.110 ISP-L=0.003 ISP-F=0.010 MW-L=0.006 MW-F=0.010]
  Mini-Benders[2] (mw): LB=16.083994, Z₀(α*)=-0.102586, intercept=-37.067068 (0.154s) [OMP=0.130 ISP-L=0.004 ISP-F=0.010 MW-L=0.006 MW-F=0.010]
  Mini-Benders[3] (mw): LB=16.083994, Z₀(α*)=-0.102586, intercept=-37.067068 (0.166s) [OMP=0.130 ISP-L=0.003 ISP-F=0.010 MW-L=0.006 MW-F=0.010]
  Mini-Benders[4]: LB stagnated, break
  α-step: Z₀=18.392495, α=[0.000,0.000,0.000,0.000,0.000,0.000,0.000,0.000,0.000,0.000,0.000,0.000,0.000,5.570,0.000,0.000,0.000,2.002,0.000,0.000,0.000,0.000,0.000,0.000,0.000,0.000,0.000,0.000,0.000,0.000,1.272,0.000,1.101,0.000,0.000,0.000]
  Alt-Benders[1] (mw): LB=16.199028, Z₀(α*)=-15.373203, intercept=-17.360298 (0.144s) [OMP=0.125 ISP-L=0.003 ISP-F=0.010 MW-L=0.005 MW-F=0.008]
  Alt-Benders[2] (mw): LB=16.199028, Z₀(α*)=-15.373203, intercept=-17.360298 (0.135s) [OMP=0.104 ISP-L=0.003 ISP-F=0.010 MW-L=0.005 MW-F=0.008]
  Alt-Benders[3] (mw): LB=16.199028, Z₀(α*)=-15.373203, intercept=-17.360298 (0.136s) [OMP=0.107 ISP-L=0.003 ISP-F=0.010 MW-L=0.005 MW-F=0.008]
  Alt-Benders[4]: LB stagnated, break
  OMP re-solve: 0.000s

=== True-DRO Benders iter 17 ===
  OMP: t₀=16.199028, UB=23.485757, gap=3.10e-01, x=[0, 0, 0, 0, 0, 0, 1, 0, 0, 0, 0, 0, 0, 0, 0, 0, 0, 0, 0, 0, 0, 0, 0, 0, 0, 0, 0, 0, 0, 0, 0, 0, 1, 0, 0, 0] (0.000s)
  Sub: Z₀=21.749224 [LOCAL] (0.1s), α=[0.000,0.000,2.193,0.000,0.000,0.000,0.000,0.000,0.000,0.000,0.000,0.000,0.000,0.000,0.000,0.000,0.000,0.000,0.000,0.000,0.000,0.000,0.000,0.000,0.000,0.000,0.000,0.000,0.000,0.000,0.000,0.000,5.091,2.660,0.000,0.000]
  Iter 17: LB=16.199028  UB=23.485757  gap=3.10e-01
  Cut: intercept=-1156.106155, π_x_range=[-827.4791, 590.4835]
  Mini-Benders[1] (mw): LB=16.630409, Z₀(α*)=-22.493733, intercept=-82.398722 (0.169s) [OMP=0.135 ISP-L=0.003 ISP-F=0.011 MW-L=0.006 MW-F=0.012]
  Mini-Benders[2] (mw): LB=16.630409, Z₀(α*)=-22.493733, intercept=-82.398722 (0.166s) [OMP=0.130 ISP-L=0.003 ISP-F=0.011 MW-L=0.006 MW-F=0.012]
  Mini-Benders[3] (mw): LB=16.630409, Z₀(α*)=-22.493733, intercept=-82.398722 (0.167s) [OMP=0.129 ISP-L=0.003 ISP-F=0.011 MW-L=0.006 MW-F=0.012]
  Mini-Benders[4]: LB stagnated, break
  α-step: Z₀=16.630409, α=[0.000,0.000,0.000,0.000,0.000,6.274,0.000,0.000,0.000,0.000,0.000,0.000,0.000,2.770,0.000,0.000,0.000,0.900,0.000,0.000,0.000,0.000,0.000,0.000,0.000,0.000,0.000,0.000,0.000,0.000,0.000,0.000,0.000,0.000,0.000,0.000]
  Alt-Benders[1] (mw): LB=16.630409, Z₀(α*)=18.328699, intercept=-82.711249 (0.161s) [OMP=0.127 ISP-L=0.003 ISP-F=0.010 MW-L=0.007 MW-F=0.017]
  Alt-Benders[2] (mw): LB=16.651563, Z₀(α*)=2.182679, intercept=-48.869509 (0.135s) [OMP=0.106 ISP-L=0.003 ISP-F=0.010 MW-L=0.006 MW-F=0.011]
  Alt-Benders[3] (mw): LB=16.651563, Z₀(α*)=2.182679, intercept=-48.869509 (0.135s) [OMP=0.108 ISP-L=0.003 ISP-F=0.010 MW-L=0.006 MW-F=0.011]
  Alt-Benders[4] (mw): LB=16.651563, Z₀(α*)=2.182679, intercept=-48.869509 (0.138s) [OMP=0.107 ISP-L=0.003 ISP-F=0.010 MW-L=0.005 MW-F=0.011]
  Alt-Benders[5]: LB stagnated, break
  OMP re-solve: 0.000s

=== True-DRO Benders iter 18 ===
  OMP: t₀=16.651563, UB=23.485757, gap=2.91e-01, x=[0, 0, 0, 0, 0, 0, 1, 0, 0, 0, 0, 0, 0, 0, 0, 0, 0, 0, 0, 0, 0, 0, 1, 0, 0, 0, 0, 0, 0, 0, 0, 0, 0, 0, 0, 0] (0.000s)
  Sub: Z₀=23.413873 [LOCAL] (0.2s), α=[0.000,0.000,3.541,0.000,0.000,1.604,0.000,0.000,0.000,0.000,0.000,0.000,0.000,0.000,0.000,0.000,0.000,0.000,0.000,0.000,0.000,0.000,2.143,0.000,0.000,0.000,0.000,0.000,0.000,0.000,0.000,0.000,0.447,2.210,0.000,0.000]
  Iter 18: LB=16.651563  UB=23.485757  gap=2.91e-01
  Cut: intercept=-1106.379141, π_x_range=[-822.6071, 581.1470]
  Mini-Benders[1] (mw): LB=16.876266, Z₀(α*)=-0.714126, intercept=-69.522190 (0.151s) [OMP=0.111 ISP-L=0.003 ISP-F=0.012 MW-L=0.006 MW-F=0.009]
  Mini-Benders[2] (mw): LB=16.876266, Z₀(α*)=-0.714126, intercept=-69.522190 (0.151s) [OMP=0.105 ISP-L=0.003 ISP-F=0.011 MW-L=0.005 MW-F=0.022]
  Mini-Benders[3] (mw): LB=16.876266, Z₀(α*)=-0.714126, intercept=-69.522190 (0.135s) [OMP=0.106 ISP-L=0.003 ISP-F=0.012 MW-L=0.006 MW-F=0.009]
  Mini-Benders[4]: LB stagnated, break
  α-step: Z₀=16.970572, α=[0.000,0.000,9.521,0.000,0.000,0.000,0.000,0.000,0.000,0.000,0.000,0.000,0.000,0.000,0.000,0.000,0.000,0.000,0.000,0.000,0.000,0.000,0.000,0.000,0.000,0.000,0.000,0.000,0.000,0.000,0.000,0.000,0.424,0.000,0.000,0.000]
  Alt-Benders[1] (mw): LB=16.886266, Z₀(α*)=19.803334, intercept=-95.024102 (0.138s) [OMP=0.109 ISP-L=0.004 ISP-F=0.011 MW-L=0.007 MW-F=0.007]
  Alt-Benders[2] (mw): LB=16.886266, Z₀(α*)=-8.302255, intercept=-62.160457 (0.138s) [OMP=0.111 ISP-L=0.003 ISP-F=0.010 MW-L=0.007 MW-F=0.009]
  Alt-Benders[3] (mw): LB=16.886266, Z₀(α*)=-8.302255, intercept=-62.160457 (0.134s) [OMP=0.108 ISP-L=0.003 ISP-F=0.010 MW-L=0.007 MW-F=0.009]
  Alt-Benders[4]: LB stagnated, break
  OMP re-solve: 0.000s

=== True-DRO Benders iter 19 ===
  OMP: t₀=16.886266, UB=23.485757, gap=2.81e-01, x=[0, 0, 0, 0, 0, 0, 0, 0, 0, 0, 0, 0, 0, 0, 0, 0, 0, 0, 0, 0, 0, 0, 1, 0, 1, 0, 0, 0, 0, 0, 0, 0, 0, 0, 0, 0] (0.000s)
  Sub: Z₀=20.898580 [LOCAL] (0.2s), α=[0.000,0.000,0.000,0.000,0.000,0.043,0.044,0.000,0.000,0.000,0.000,0.000,0.000,1.002,0.000,0.000,0.000,4.295,0.000,0.000,0.000,0.000,1.411,0.000,1.153,0.000,0.000,0.000,0.000,0.000,0.000,0.000,1.667,0.329,0.000,0.000]
  Iter 19: LB=16.886266  UB=23.485757  gap=2.81e-01
  Cut: intercept=-1074.604651, π_x_range=[-819.3274, 552.0657]
  Mini-Benders[1] (mw): LB=16.886266, Z₀(α*)=14.130299, intercept=-48.901700 (0.135s) [OMP=0.111 ISP-L=0.003 ISP-F=0.011 MW-L=0.006 MW-F=0.009]
  Mini-Benders[2] (mw): LB=16.886266, Z₀(α*)=14.130299, intercept=-48.901700 (0.166s) [OMP=0.130 ISP-L=0.003 ISP-F=0.011 MW-L=0.005 MW-F=0.009]
  Mini-Benders[3]: LB stagnated, break
  α-step: Z₀=24.194386, α=[0.000,0.000,5.507,0.000,0.000,0.000,0.000,0.000,0.000,0.000,0.000,0.000,0.000,1.818,0.000,0.000,0.000,0.000,0.000,0.000,0.000,0.000,0.000,0.000,0.000,0.000,0.000,0.000,0.000,0.000,0.000,0.000,2.619,0.000,0.000,0.000]
  Alt-Benders[1] (mw): LB=16.886266, Z₀(α*)=24.098411, intercept=-12.718139 (0.149s) [OMP=0.111 ISP-L=0.003 ISP-F=0.012 MW-L=0.006 MW-F=0.022]
  Alt-Benders[2] (mw): LB=16.886266, Z₀(α*)=23.916280, intercept=-55.271455 (0.135s) [OMP=0.112 ISP-L=0.003 ISP-F=0.009 MW-L=0.006 MW-F=0.009]
  Alt-Benders[3] (mw): LB=16.970572, Z₀(α*)=11.299378, intercept=-68.231940 (0.135s) [OMP=0.105 ISP-L=0.003 ISP-F=0.009 MW-L=0.006 MW-F=0.009]
  Alt-Benders[4] (mw): LB=16.970572, Z₀(α*)=11.299378, intercept=-68.231940 (0.136s) [OMP=0.111 ISP-L=0.003 ISP-F=0.010 MW-L=0.006 MW-F=0.009]
  Alt-Benders[5] (mw): LB=16.970572, Z₀(α*)=11.299378, intercept=-68.231940 (0.150s) [OMP=0.112 ISP-L=0.003 ISP-F=0.010 MW-L=0.006 MW-F=0.009]
  OMP re-solve: 0.114s

=== True-DRO Benders iter 20 ===
  OMP: t₀=16.970572, UB=23.485757, gap=2.77e-01, x=[0, 0, 1, 0, 0, 0, 0, 0, 0, 0, 0, 0, 0, 0, 0, 0, 0, 0, 0, 0, 0, 0, 1, 0, 0, 0, 0, 0, 0, 0, 0, 0, 0, 0, 0, 0] (0.000s)
  Sub: Z₀=21.884600 (0.2s), α=[0.000,0.000,9.733,0.000,0.000,0.035,0.000,0.000,0.000,0.000,0.000,0.000,0.000,0.177,0.000,0.000,0.000,0.000,0.000,0.000,0.000,0.000,0.000,0.000,0.000,0.000,0.000,0.000,0.000,0.000,0.000,0.000,0.000,0.000,0.000,0.000]
  Iter 20: LB=16.970572  UB=21.884600  gap=2.25e-01
  Cut: intercept=-93.296621, π_x_range=[-271.0000, 75.8130]
  Sherali-Cut: intercept=-33.861911, π_x_range=[-91.8912, 32.6419]
  Mini-Benders[1] (mw): LB=17.060712, Z₀(α*)=-16.014638, intercept=-27.248287 (0.135s) [OMP=0.103 ISP-L=0.004 ISP-F=0.012 MW-L=0.006 MW-F=0.010]
  Mini-Benders[2] (mw): LB=17.060712, Z₀(α*)=-16.014638, intercept=-27.248287 (0.135s) [OMP=0.109 ISP-L=0.004 ISP-F=0.012 MW-L=0.006 MW-F=0.010]
  Mini-Benders[3] (mw): LB=17.060712, Z₀(α*)=-16.014638, intercept=-27.248287 (0.151s) [OMP=0.109 ISP-L=0.004 ISP-F=0.011 MW-L=0.006 MW-F=0.023]
  Mini-Benders[4]: LB stagnated, break
  α-step: Z₀=19.176861, α=[0.000,0.000,0.000,0.000,0.000,0.652,0.000,0.000,0.000,0.000,0.000,0.000,0.000,1.365,0.000,0.000,0.000,3.026,0.000,0.000,0.000,0.000,0.000,0.000,0.000,0.000,0.000,0.000,0.000,2.777,0.000,0.000,0.996,1.129,0.000,0.000]
  Alt-Benders[1] (mw): LB=17.088090, Z₀(α*)=20.894107, intercept=-19.827084 (0.179s) [OMP=0.148 ISP-L=0.003 ISP-F=0.011 MW-L=0.005 MW-F=0.010]
  Alt-Benders[2] (mw): LB=17.088090, Z₀(α*)=21.073517, intercept=-65.900985 (0.135s) [OMP=0.112 ISP-L=0.003 ISP-F=0.010 MW-L=0.005 MW-F=0.010]
  Alt-Benders[3] (mw): LB=17.088090, Z₀(α*)=19.915551, intercept=-62.456152 (0.169s) [OMP=0.145 ISP-L=0.003 ISP-F=0.010 MW-L=0.005 MW-F=0.008]
  Alt-Benders[4]: LB stagnated, break
  OMP re-solve: 0.000s

=== True-DRO Benders iter 21 ===
  OMP: t₀=17.088090, UB=21.884600, gap=2.19e-01, x=[0, 0, 0, 0, 0, 1, 1, 0, 0, 0, 0, 0, 0, 0, 0, 0, 0, 0, 0, 0, 0, 0, 0, 0, 0, 0, 0, 0, 0, 0, 0, 0, 0, 0, 0, 0] (0.000s)
  Sub: Z₀=22.105858 [LOCAL] (0.1s), α=[0.000,0.000,1.355,0.000,0.000,5.515,0.000,0.000,0.000,0.000,0.000,0.000,0.000,0.595,0.000,0.000,0.000,0.647,0.000,0.000,0.000,0.000,0.000,0.000,0.000,0.000,0.000,0.000,0.000,0.131,0.601,0.000,0.213,0.888,0.000,0.000]
  Iter 21: LB=17.088090  UB=21.884600  gap=2.19e-01
  Cut: intercept=-1113.757713, π_x_range=[-820.0027, 579.7428]
  Mini-Benders[1] (mw): LB=17.088090, Z₀(α*)=19.294002, intercept=-32.403018 (0.136s) [OMP=0.107 ISP-L=0.003 ISP-F=0.010 MW-L=0.006 MW-F=0.010]
  Mini-Benders[2] (mw): LB=17.088090, Z₀(α*)=20.078104, intercept=-38.964420 (0.151s) [OMP=0.110 ISP-L=0.003 ISP-F=0.010 MW-L=0.006 MW-F=0.012]
  Mini-Benders[3]: LB stagnated, break
  α-step: Z₀=18.191764, α=[0.000,0.000,6.448,0.000,0.000,0.000,0.000,0.000,0.000,0.000,0.000,0.000,0.000,1.079,0.000,0.000,0.000,1.584,0.000,0.000,0.000,0.000,0.000,0.000,0.000,0.000,0.000,0.000,0.000,0.833,0.000,0.000,0.000,0.000,0.000,0.000]
  Alt-Benders[1] (mw): LB=17.088090, Z₀(α*)=-11.626282, intercept=-69.249098 (0.157s) [OMP=0.133 ISP-L=0.003 ISP-F=0.011 MW-L=0.006 MW-F=0.009]
  Alt-Benders[2] (mw): LB=17.088090, Z₀(α*)=-11.626282, intercept=-69.249098 (0.150s) [OMP=0.106 ISP-L=0.003 ISP-F=0.010 MW-L=0.018 MW-F=0.009]
  Alt-Benders[3]: LB stagnated, break
  OMP re-solve: 0.000s

=== True-DRO Benders iter 22 ===
  OMP: t₀=17.088090, UB=21.884600, gap=2.19e-01, x=[0, 0, 0, 0, 0, 1, 0, 0, 0, 1, 0, 0, 0, 0, 0, 0, 0, 0, 0, 0, 0, 0, 0, 0, 0, 0, 0, 0, 0, 0, 0, 0, 0, 0, 0, 0] (0.000s)
  Sub: Z₀=19.745993 [LOCAL] (0.4s), α=[0.000,0.000,1.129,0.000,0.000,3.376,0.000,0.000,0.000,4.750,0.000,0.000,0.000,0.460,0.000,0.000,0.000,0.000,0.000,0.000,0.000,0.000,0.000,0.000,0.000,0.000,0.000,0.000,0.000,0.000,0.000,0.000,0.113,0.116,0.000,0.000]
  Iter 22: LB=17.088090  UB=21.884600  gap=2.19e-01
  Cut: intercept=-1097.523446, π_x_range=[-816.4790, 562.5479]
  Mini-Benders[1] (mw): LB=17.088090, Z₀(α*)=4.282545, intercept=-21.977598 (0.165s) [OMP=0.129 ISP-L=0.003 ISP-F=0.010 MW-L=0.005 MW-F=0.011]
  Mini-Benders[2] (mw): LB=17.088090, Z₀(α*)=4.282545, intercept=-21.977598 (0.134s) [OMP=0.105 ISP-L=0.003 ISP-F=0.011 MW-L=0.005 MW-F=0.011]
  Mini-Benders[3]: LB stagnated, break
  α-step: Z₀=23.121346, α=[0.000,0.000,0.963,0.000,0.000,3.942,0.000,0.000,0.000,0.000,0.000,0.000,0.000,2.900,0.000,0.000,0.000,1.039,0.000,0.000,0.000,0.000,0.000,0.000,0.000,0.000,0.000,0.000,0.000,0.000,0.000,0.000,0.000,1.101,0.000,0.000]
  Alt-Benders[1] (mw): LB=17.088090, Z₀(α*)=19.429869, intercept=-33.474285 (0.167s) [OMP=0.130 ISP-L=0.003 ISP-F=0.011 MW-L=0.007 MW-F=0.016]
  Alt-Benders[2] (mw): LB=17.111981, Z₀(α*)=-9.981571, intercept=-100.711469 (0.151s) [OMP=0.133 ISP-L=0.003 ISP-F=0.009 MW-L=0.006 MW-F=0.010]
  Alt-Benders[3] (mw): LB=17.111981, Z₀(α*)=-9.981571, intercept=-100.711469 (0.166s) [OMP=0.135 ISP-L=0.004 ISP-F=0.009 MW-L=0.006 MW-F=0.011]
  Alt-Benders[4] (mw): LB=17.111981, Z₀(α*)=-9.981571, intercept=-100.711469 (0.167s) [OMP=0.134 ISP-L=0.004 ISP-F=0.009 MW-L=0.006 MW-F=0.011]
  Alt-Benders[5]: LB stagnated, break
  OMP re-solve: 0.000s

=== True-DRO Benders iter 23 ===
  OMP: t₀=17.111981, UB=21.884600, gap=2.18e-01, x=[0, 0, 0, 0, 0, 0, 0, 0, 0, 0, 0, 0, 1, 0, 0, 0, 0, 0, 0, 0, 0, 0, 0, 0, 0, 0, 0, 0, 0, 0, 0, 0, 0, 1, 0, 0] (0.000s)
  Sub: Z₀=17.111981 [LOCAL] (0.1s), α=[0.000,0.000,0.000,0.000,0.000,0.000,0.000,0.000,0.000,0.000,0.000,0.000,1.659,0.150,0.000,0.000,0.000,0.000,0.000,0.000,0.000,0.000,0.000,0.000,0.000,0.000,0.000,0.000,0.000,0.000,0.000,0.000,0.000,8.136,0.000,0.000]
  Iter 23: LB=17.111981  UB=21.884600  gap=2.18e-01
  Cut: intercept=-1158.426551, π_x_range=[-819.2156, 592.2616]
  Mini-Benders[1] (mw): LB=17.111981, Z₀(α*)=17.153080, intercept=-97.984252 (0.184s) [OMP=0.136 ISP-L=0.003 ISP-F=0.009 MW-L=0.019 MW-F=0.012]
  Mini-Benders[2] (mw): LB=17.153078, Z₀(α*)=17.153080, intercept=-97.984252 (0.151s) [OMP=0.123 ISP-L=0.003 ISP-F=0.009 MW-L=0.006 MW-F=0.012]
  Mini-Benders[3] (mw): LB=17.153078, Z₀(α*)=17.153080, intercept=-97.984252 (0.151s) [OMP=0.123 ISP-L=0.003 ISP-F=0.009 MW-L=0.006 MW-F=0.012]
  Mini-Benders[4] (mw): LB=17.153078, Z₀(α*)=17.153080, intercept=-97.984252 (0.150s) [OMP=0.123 ISP-L=0.003 ISP-F=0.009 MW-L=0.006 MW-F=0.012]
  Mini-Benders[5]: LB stagnated, break
  α-step: Z₀=17.153080, α=[0.000,0.000,0.000,0.000,0.000,0.000,0.000,0.000,0.000,0.000,0.000,0.000,0.000,1.365,0.000,0.000,0.000,0.000,0.000,0.000,0.000,0.000,0.000,0.000,0.000,0.000,0.000,0.000,0.000,0.000,0.000,0.000,0.000,8.579,0.000,0.000]
  Alt-Benders[1] (mw): LB=17.153078, Z₀(α*)=17.153080, intercept=-97.984252 (0.159s) [OMP=0.137 ISP-L=0.003 ISP-F=0.009 MW-L=0.005 MW-F=0.009]
  Alt-Benders[2] (mw): LB=17.153080, Z₀(α*)=17.153080, intercept=-97.984252 (0.166s) [OMP=0.134 ISP-L=0.003 ISP-F=0.009 MW-L=0.005 MW-F=0.009]
  Alt-Benders[3] (mw): LB=17.153080, Z₀(α*)=17.153080, intercept=-97.984252 (0.151s) [OMP=0.131 ISP-L=0.004 ISP-F=0.009 MW-L=0.006 MW-F=0.009]
  Alt-Benders[4] (mw): LB=17.153080, Z₀(α*)=17.153080, intercept=-97.984252 (0.167s) [OMP=0.131 ISP-L=0.003 ISP-F=0.009 MW-L=0.005 MW-F=0.009]
  Alt-Benders[5]: LB stagnated, break
  OMP re-solve: 0.000s

=== True-DRO Benders iter 24 ===
  OMP: t₀=17.153080, UB=21.884600, gap=2.16e-01, x=[0, 0, 0, 0, 0, 0, 0, 0, 0, 0, 0, 0, 1, 0, 0, 0, 0, 0, 0, 0, 0, 0, 0, 0, 0, 0, 0, 0, 0, 0, 0, 0, 0, 1, 0, 0] (0.000s)
  Sub: Z₀=17.111981 [LOCAL] (0.1s), α=[0.000,0.000,0.000,0.000,0.000,0.000,0.000,0.000,0.000,0.000,0.000,0.000,1.659,0.150,0.000,0.000,0.000,0.000,0.000,0.000,0.000,0.000,0.000,0.000,0.000,0.000,0.000,0.000,0.000,0.000,0.000,0.000,0.000,8.136,0.000,0.000]
  Iter 24: LB=17.153080  UB=21.884600  gap=2.16e-01
  Cut: intercept=-1158.426551, π_x_range=[-819.2156, 592.2616]
  Mini-Benders[1] (mw): LB=17.153080, Z₀(α*)=17.153080, intercept=-97.984252 (0.166s) [OMP=0.134 ISP-L=0.003 ISP-F=0.009 MW-L=0.019 MW-F=0.012]
  Mini-Benders[2] (mw): LB=17.153078, Z₀(α*)=17.153080, intercept=-97.984252 (0.166s) [OMP=0.134 ISP-L=0.003 ISP-F=0.009 MW-L=0.007 MW-F=0.012]
  Mini-Benders[3] (mw): LB=17.153080, Z₀(α*)=17.153080, intercept=-97.984252 (0.167s) [OMP=0.130 ISP-L=0.003 ISP-F=0.009 MW-L=0.006 MW-F=0.012]
  Mini-Benders[4] (mw): LB=17.153080, Z₀(α*)=17.153080, intercept=-97.984252 (0.166s) [OMP=0.132 ISP-L=0.003 ISP-F=0.010 MW-L=0.006 MW-F=0.012]
  Mini-Benders[5] (mw): LB=17.153078, Z₀(α*)=17.153080, intercept=-97.984252 (0.167s) [OMP=0.130 ISP-L=0.003 ISP-F=0.010 MW-L=0.006 MW-F=0.012]
  α-step: Z₀=17.153080, α=[0.000,0.000,0.000,0.000,0.000,0.000,0.000,0.000,0.000,0.000,0.000,0.000,0.000,1.365,0.000,0.000,0.000,0.000,0.000,0.000,0.000,0.000,0.000,0.000,0.000,0.000,0.000,0.000,0.000,0.000,0.000,0.000,0.000,8.579,0.000,0.000]
  Alt-Benders[1] (mw): LB=17.153078, Z₀(α*)=17.153080, intercept=-97.984252 (0.151s) [OMP=0.130 ISP-L=0.003 ISP-F=0.009 MW-L=0.006 MW-F=0.010]
  Alt-Benders[2] (mw): LB=17.153078, Z₀(α*)=17.153080, intercept=-97.984252 (0.172s) [OMP=0.132 ISP-L=0.003 ISP-F=0.009 MW-L=0.005 MW-F=0.009]
  Alt-Benders[3] (mw): LB=17.153080, Z₀(α*)=17.153080, intercept=-97.984252 (0.151s) [OMP=0.132 ISP-L=0.003 ISP-F=0.009 MW-L=0.006 MW-F=0.010]
  Alt-Benders[4] (mw): LB=17.153078, Z₀(α*)=17.153080, intercept=-97.984252 (0.182s) [OMP=0.142 ISP-L=0.003 ISP-F=0.010 MW-L=0.005 MW-F=0.010]
  Alt-Benders[5] (mw): LB=17.153078, Z₀(α*)=17.153080, intercept=-97.984252 (0.167s) [OMP=0.133 ISP-L=0.003 ISP-F=0.009 MW-L=0.019 MW-F=0.010]
  OMP re-solve: 0.135s

=== True-DRO Benders iter 25 ===
  OMP: t₀=17.153080, UB=21.884600, gap=2.16e-01, x=[0, 0, 0, 0, 0, 0, 0, 0, 0, 0, 0, 0, 1, 0, 0, 0, 0, 0, 0, 0, 0, 0, 0, 0, 0, 0, 0, 0, 0, 0, 0, 0, 0, 1, 0, 0] (0.000s)
  Sub: Z₀=17.153080 [TIME_LIMIT] (15.0s), α=[0.000,0.000,0.000,0.000,0.000,0.000,0.000,0.000,0.000,0.000,0.000,0.000,0.000,1.365,0.000,0.000,0.000,0.000,0.000,0.000,0.000,0.000,0.000,0.000,0.000,0.000,0.000,0.000,0.000,0.000,0.000,0.000,0.000,8.579,0.000,0.000]
  Iter 25: LB=17.153080  UB=18.537982  gap=7.47e-02
  Cut: intercept=-166.706799, π_x_range=[-175.5912, 102.6568]
  Mini-Benders[1] (mw): LB=17.153080, Z₀(α*)=17.153080, intercept=-97.984252 (0.167s) [OMP=0.141 ISP-L=0.003 ISP-F=0.010 MW-L=0.005 MW-F=0.010]
  Mini-Benders[2] (mw): LB=17.153078, Z₀(α*)=17.153080, intercept=-97.984252 (0.182s) [OMP=0.149 ISP-L=0.003 ISP-F=0.010 MW-L=0.005 MW-F=0.009]
  Mini-Benders[3] (mw): LB=17.153080, Z₀(α*)=17.153080, intercept=-97.984252 (0.151s) [OMP=0.135 ISP-L=0.003 ISP-F=0.009 MW-L=0.005 MW-F=0.009]
  Mini-Benders[4] (mw): LB=17.153080, Z₀(α*)=17.153080, intercept=-97.984252 (0.166s) [OMP=0.135 ISP-L=0.004 ISP-F=0.009 MW-L=0.006 MW-F=0.009]
  Mini-Benders[5] (mw): LB=17.153078, Z₀(α*)=17.153080, intercept=-97.984252 (0.167s) [OMP=0.137 ISP-L=0.004 ISP-F=0.009 MW-L=0.005 MW-F=0.009]
  α-step: Z₀=17.153080, α=[0.000,0.000,0.000,0.000,0.000,0.000,0.000,0.000,0.000,0.000,0.000,0.000,0.000,1.365,0.000,0.000,0.000,0.000,0.000,0.000,0.000,0.000,0.000,0.000,0.000,0.000,0.000,0.000,0.000,0.000,0.000,0.000,0.000,8.579,0.000,0.000]
  Alt-Benders[1] (mw): LB=17.153078, Z₀(α*)=17.153080, intercept=-97.984252 (0.173s) [OMP=0.137 ISP-L=0.003 ISP-F=0.009 MW-L=0.005 MW-F=0.010]
  Alt-Benders[2] (mw): LB=17.153078, Z₀(α*)=17.153080, intercept=-97.984252 (0.182s) [OMP=0.135 ISP-L=0.003 ISP-F=0.009 MW-L=0.005 MW-F=0.022]
  Alt-Benders[3]: LB stagnated, break
  OMP re-solve: 0.000s

=== True-DRO Benders iter 26 ===
  OMP: t₀=17.153078, UB=18.537982, gap=7.47e-02, x=[0, 0, 0, 0, 0, 0, 0, 0, 0, 0, 0, 0, 1, 0, 0, 0, 0, 0, 0, 0, 0, 0, 0, 0, 0, 0, 0, 0, 0, 0, 0, 0, 0, 1, 0, 0] (0.000s)
  Sub: Z₀=17.111981 [LOCAL] (0.1s), α=[0.000,0.000,0.000,0.000,0.000,0.000,0.000,0.000,0.000,0.000,0.000,0.000,1.659,0.150,0.000,0.000,0.000,0.000,0.000,0.000,0.000,0.000,0.000,0.000,0.000,0.000,0.000,0.000,0.000,0.000,0.000,0.000,0.000,8.136,0.000,0.000]
  Iter 26: LB=17.153078  UB=18.537982  gap=7.47e-02
  Cut: intercept=-1158.426551, π_x_range=[-819.2156, 592.2616]
  Mini-Benders[1] (mw): LB=17.153078, Z₀(α*)=17.153080, intercept=-97.984252 (0.168s) [OMP=0.136 ISP-L=0.003 ISP-F=0.009 MW-L=0.006 MW-F=0.012]
  Mini-Benders[2] (mw): LB=17.153078, Z₀(α*)=17.153080, intercept=-97.984252 (0.151s) [OMP=0.133 ISP-L=0.003 ISP-F=0.009 MW-L=0.006 MW-F=0.012]
  Mini-Benders[3]: LB stagnated, break
  α-step: Z₀=17.153080, α=[0.000,0.000,0.000,0.000,0.000,0.000,0.000,0.000,0.000,0.000,0.000,0.000,0.000,1.365,0.000,0.000,0.000,0.000,0.000,0.000,0.000,0.000,0.000,0.000,0.000,0.000,0.000,0.000,0.000,0.000,0.000,0.000,0.000,8.579,0.000,0.000]
  Alt-Benders[1] (mw): LB=17.153078, Z₀(α*)=17.153080, intercept=-97.984252 (0.158s) [OMP=0.136 ISP-L=0.003 ISP-F=0.009 MW-L=0.005 MW-F=0.010]
  Alt-Benders[2] (mw): LB=17.153078, Z₀(α*)=17.153080, intercept=-97.984252 (0.166s) [OMP=0.134 ISP-L=0.003 ISP-F=0.009 MW-L=0.005 MW-F=0.009]
  Alt-Benders[3]: LB stagnated, break
  OMP re-solve: 0.000s

=== True-DRO Benders iter 27 ===
  OMP: t₀=17.153078, UB=18.537982, gap=7.47e-02, x=[0, 0, 0, 0, 0, 0, 0, 0, 0, 0, 0, 0, 1, 0, 0, 0, 0, 0, 0, 0, 0, 0, 0, 0, 0, 0, 0, 0, 0, 0, 0, 0, 0, 1, 0, 0] (0.000s)
  Sub: Z₀=17.111981 [LOCAL] (0.1s), α=[0.000,0.000,0.000,0.000,0.000,0.000,0.000,0.000,0.000,0.000,0.000,0.000,1.659,0.150,0.000,0.000,0.000,0.000,0.000,0.000,0.000,0.000,0.000,0.000,0.000,0.000,0.000,0.000,0.000,0.000,0.000,0.000,0.000,8.136,0.000,0.000]
  Iter 27: LB=17.153078  UB=18.537982  gap=7.47e-02
  Cut: intercept=-1158.426551, π_x_range=[-819.2156, 592.2616]
  Mini-Benders[1] (mw): LB=17.153078, Z₀(α*)=17.153080, intercept=-97.984252 (0.153s) [OMP=0.134 ISP-L=0.004 ISP-F=0.009 MW-L=0.006 MW-F=0.012]
  Mini-Benders[2] (mw): LB=17.153078, Z₀(α*)=17.153080, intercept=-97.984252 (0.182s) [OMP=0.137 ISP-L=0.003 ISP-F=0.009 MW-L=0.006 MW-F=0.012]
  Mini-Benders[3]: LB stagnated, break
  α-step: Z₀=17.153080, α=[0.000,0.000,0.000,0.000,0.000,0.000,0.000,0.000,0.000,0.000,0.000,0.000,0.000,1.365,0.000,0.000,0.000,0.000,0.000,0.000,0.000,0.000,0.000,0.000,0.000,0.000,0.000,0.000,0.000,0.000,0.000,0.000,0.000,8.579,0.000,0.000]
  Alt-Benders[1] (mw): LB=17.153078, Z₀(α*)=17.153080, intercept=-97.984252 (0.160s) [OMP=0.134 ISP-L=0.003 ISP-F=0.010 MW-L=0.005 MW-F=0.009]
  Alt-Benders[2] (mw): LB=17.153078, Z₀(α*)=17.153080, intercept=-97.984252 (0.167s) [OMP=0.138 ISP-L=0.003 ISP-F=0.009 MW-L=0.005 MW-F=0.009]
  Alt-Benders[3]: LB stagnated, break
  OMP re-solve: 0.000s

=== True-DRO Benders iter 28 ===
  OMP: t₀=17.153078, UB=18.537982, gap=7.47e-02, x=[0, 0, 0, 0, 0, 0, 0, 0, 0, 0, 0, 0, 1, 0, 0, 0, 0, 0, 0, 0, 0, 0, 0, 0, 0, 0, 0, 0, 0, 0, 0, 0, 0, 1, 0, 0] (0.000s)
  Sub: Z₀=17.111981 [LOCAL] (0.1s), α=[0.000,0.000,0.000,0.000,0.000,0.000,0.000,0.000,0.000,0.000,0.000,0.000,1.659,0.150,0.000,0.000,0.000,0.000,0.000,0.000,0.000,0.000,0.000,0.000,0.000,0.000,0.000,0.000,0.000,0.000,0.000,0.000,0.000,8.136,0.000,0.000]
  Iter 28: LB=17.153078  UB=18.537982  gap=7.47e-02
  Cut: intercept=-1158.426551, π_x_range=[-819.2156, 592.2616]
  Mini-Benders[1] (mw): LB=17.153078, Z₀(α*)=17.153080, intercept=-97.984252 (0.150s) [OMP=0.132 ISP-L=0.004 ISP-F=0.009 MW-L=0.006 MW-F=0.012]
  Mini-Benders[2] (mw): LB=17.153078, Z₀(α*)=17.153080, intercept=-97.984252 (0.167s) [OMP=0.136 ISP-L=0.004 ISP-F=0.009 MW-L=0.006 MW-F=0.012]
  Mini-Benders[3]: LB stagnated, break
  α-step: Z₀=17.153080, α=[0.000,0.000,0.000,0.000,0.000,0.000,0.000,0.000,0.000,0.000,0.000,0.000,0.000,1.365,0.000,0.000,0.000,0.000,0.000,0.000,0.000,0.000,0.000,0.000,0.000,0.000,0.000,0.000,0.000,0.000,0.000,0.000,0.000,8.579,0.000,0.000]
  Alt-Benders[1] (mw): LB=17.153078, Z₀(α*)=17.153080, intercept=-97.984252 (0.151s) [OMP=0.136 ISP-L=0.003 ISP-F=0.009 MW-L=0.005 MW-F=0.009]
  Alt-Benders[2] (mw): LB=17.153078, Z₀(α*)=17.153080, intercept=-97.984252 (0.167s) [OMP=0.137 ISP-L=0.003 ISP-F=0.009 MW-L=0.005 MW-F=0.009]
  Alt-Benders[3]: LB stagnated, break
  OMP re-solve: 0.000s

=== True-DRO Benders iter 29 ===
  OMP: t₀=17.153078, UB=18.537982, gap=7.47e-02, x=[0, 0, 0, 0, 0, 0, 0, 0, 0, 0, 0, 0, 1, 0, 0, 0, 0, 0, 0, 0, 0, 0, 0, 0, 0, 0, 0, 0, 0, 0, 0, 0, 0, 1, 0, 0] (0.000s)
  Sub: Z₀=17.111981 [LOCAL] (0.1s), α=[0.000,0.000,0.000,0.000,0.000,0.000,0.000,0.000,0.000,0.000,0.000,0.000,1.659,0.150,0.000,0.000,0.000,0.000,0.000,0.000,0.000,0.000,0.000,0.000,0.000,0.000,0.000,0.000,0.000,0.000,0.000,0.000,0.000,8.136,0.000,0.000]
  Iter 29: LB=17.153078  UB=18.537982  gap=7.47e-02
  Cut: intercept=-1158.426551, π_x_range=[-819.2156, 592.2616]
  Mini-Benders[1] (mw): LB=17.153078, Z₀(α*)=17.153080, intercept=-97.984252 (0.184s) [OMP=0.136 ISP-L=0.003 ISP-F=0.010 MW-L=0.006 MW-F=0.024]
  Mini-Benders[2] (mw): LB=17.153078, Z₀(α*)=17.153080, intercept=-97.984252 (0.166s) [OMP=0.136 ISP-L=0.003 ISP-F=0.009 MW-L=0.006 MW-F=0.012]
  Mini-Benders[3]: LB stagnated, break
  α-step: Z₀=17.153080, α=[0.000,0.000,0.000,0.000,0.000,0.000,0.000,0.000,0.000,0.000,0.000,0.000,0.000,1.365,0.000,0.000,0.000,0.000,0.000,0.000,0.000,0.000,0.000,0.000,0.000,0.000,0.000,0.000,0.000,0.000,0.000,0.000,0.000,8.579,0.000,0.000]
  Alt-Benders[1] (mw): LB=17.153078, Z₀(α*)=17.153080, intercept=-97.984252 (0.167s) [OMP=0.137 ISP-L=0.003 ISP-F=0.009 MW-L=0.005 MW-F=0.009]
  Alt-Benders[2] (mw): LB=17.153078, Z₀(α*)=17.153080, intercept=-97.984252 (0.166s) [OMP=0.135 ISP-L=0.004 ISP-F=0.009 MW-L=0.005 MW-F=0.009]
  Alt-Benders[3]: LB stagnated, break
  OMP re-solve: 0.000s

=== True-DRO Benders iter 30 ===
  OMP: t₀=17.153078, UB=18.537982, gap=7.47e-02, x=[0, 0, 0, 0, 0, 0, 0, 0, 0, 0, 0, 0, 1, 0, 0, 0, 0, 0, 0, 0, 0, 0, 0, 0, 0, 0, 0, 0, 0, 0, 0, 0, 0, 1, 0, 0] (0.000s)
  → Boost: time limit 3600s + MIPGap=0.5% (same x + prev TIME_LIMIT)
  Sub: Z₀=17.153080 (24.9s), α=[0.000,0.000,0.000,0.000,0.000,0.000,0.000,0.000,0.000,0.000,0.000,0.000,0.000,1.365,0.000,0.000,0.000,0.000,0.000,0.000,0.000,0.000,0.000,0.000,0.000,0.000,0.000,0.000,0.000,0.000,0.000,0.000,0.000,8.579,0.000,0.000]
  Iter 30: LB=17.153078  UB=17.153080  gap=1.15e-07
True-DRO Benders converged at iter 30 (gap=1.15e-07)
  Wall time: 111.18 sec
  OMP  time: mean=0.081s, median=0.099s, max=0.158s
  Sub  time (exact): mean=6.489s, median=0.446s, q90=17.644s, max=24.897s (n=4/30)

Result (double): Z₀=17.153080, iters=30, time=111.2s
x arcs = [13, 34]
