============================================================
polska — single_l: ε̂=0.20, ε̃=0.00, β=0.70
============================================================
Set parameter Username
Set parameter LicenseID to value 2742039
Academic license - for non-commercial use only - expires 2026-11-20
Set parameter Username
Set parameter LicenseID to value 2742039
Academic license - for non-commercial use only - expires 2026-11-20
Set parameter OutputFlag to value 1
Set parameter LogFile to value "global_miqcp.log"
Set parameter Username
Set parameter LicenseID to value 2742039
Academic license - for non-commercial use only - expires 2026-11-20
Set parameter Username
Set parameter LicenseID to value 2742039
Academic license - for non-commercial use only - expires 2026-11-20
Set parameter Username
Set parameter LicenseID to value 2742039
Academic license - for non-commercial use only - expires 2026-11-20
Set parameter Username
Set parameter LicenseID to value 2742039
Academic license - for non-commercial use only - expires 2026-11-20

=== True-DRO Benders iter 1 ===
  OMP: t₀=6.268929, UB=Inf, gap=NaN, x=[0, 0, 0, 0, 0, 0, 0, 0, 0, 0, 0, 0, 1, 0, 0, 0, 0, 0, 0, 0, 0, 0, 0, 0, 0, 0, 0, 0, 0, 0, 0, 0, 0, 1, 0, 0] (0.012s)
  Sub: Z₀=17.078195 [LOCAL] (0.1s), α=[0.000,0.000,0.000,0.000,0.000,0.000,0.000,0.000,0.000,0.000,0.000,0.000,1.659,0.150,0.000,0.000,0.000,0.000,0.000,0.000,0.000,0.000,0.000,0.000,0.000,0.000,0.000,0.000,0.000,0.000,0.000,0.000,0.000,8.136,0.000,0.000]
  Iter 1: LB=6.268929  UB=Inf  gap=NaN
  Cut: intercept=-1159.182191, π_x_range=[-819.6735, 592.4029]
  Mini-Benders[1] (mw): LB=9.544851, Z₀(α*)=10.564071, intercept=-53.980911 (0.077s) [OMP=0.026 ISP-L=0.021 ISP-F=0.014 MW-L=0.006 MW-F=0.006]
  Mini-Benders[2] (mw): LB=9.735199, Z₀(α*)=-51.967452, intercept=-162.209073 (0.065s) [OMP=0.040 ISP-L=0.003 ISP-F=0.008 MW-L=0.006 MW-F=0.007]
  Mini-Benders[3] (mw): LB=9.735199, Z₀(α*)=-51.967452, intercept=-162.209073 (0.072s) [OMP=0.046 ISP-L=0.003 ISP-F=0.008 MW-L=0.006 MW-F=0.007]
  Mini-Benders[4] (mw): LB=9.735199, Z₀(α*)=-51.967452, intercept=-162.209073 (0.071s) [OMP=0.045 ISP-L=0.003 ISP-F=0.008 MW-L=0.006 MW-F=0.007]
  Mini-Benders[5]: LB stagnated, break
Set parameter NonConvex to value 2
Set parameter DualReductions to value 0
  α-step: Z₀=16.448586, α=[0.000,0.000,0.000,0.000,0.000,8.708,0.000,0.000,0.000,0.000,0.000,0.000,0.000,1.236,0.000,0.000,0.000,0.000,0.000,0.000,0.000,0.000,0.000,0.000,0.000,0.000,0.000,0.000,0.000,0.000,0.000,0.000,0.000,0.000,0.000,0.000]
  Alt-Benders[1] (mw): LB=10.564069, Z₀(α*)=-58.686452, intercept=-68.628078 (0.096s) [OMP=0.076 ISP-L=0.004 ISP-F=0.009 MW-L=0.006 MW-F=0.006]
  Alt-Benders[2] (mw): LB=10.564069, Z₀(α*)=-58.686452, intercept=-68.628078 (0.104s) [OMP=0.073 ISP-L=0.004 ISP-F=0.009 MW-L=0.006 MW-F=0.007]
  Alt-Benders[3] (mw): LB=10.564069, Z₀(α*)=-58.686452, intercept=-68.628078 (0.100s) [OMP=0.072 ISP-L=0.004 ISP-F=0.009 MW-L=0.006 MW-F=0.007]
  Alt-Benders[4]: LB stagnated, break
  OMP re-solve: 0.000s

=== True-DRO Benders iter 2 ===
  OMP: t₀=10.564069, UB=Inf, gap=NaN, x=[0, 0, 0, 0, 0, 0, 0, 0, 0, 0, 0, 0, 1, 0, 0, 0, 0, 0, 0, 0, 0, 0, 0, 0, 0, 0, 0, 0, 0, 0, 0, 0, 1, 0, 0, 0] (0.000s)
  Sub: Z₀=19.892596 [LOCAL] (0.1s), α=[0.000,0.000,1.860,0.000,0.000,0.000,0.000,0.000,0.000,0.000,0.000,0.000,0.000,0.000,0.000,0.000,0.000,0.000,0.000,0.000,0.000,0.000,0.000,0.000,0.000,0.000,0.000,0.000,0.000,0.000,0.000,0.000,0.003,8.082,0.000,0.000]
  Iter 2: LB=10.564069  UB=Inf  gap=NaN
  Cut: intercept=-1127.152172, π_x_range=[-822.3505, 583.8441]
  Mini-Benders[1] (mw): LB=10.950919, Z₀(α*)=21.502419, intercept=-66.036658 (0.088s) [OMP=0.077 ISP-L=0.003 ISP-F=0.008 MW-L=0.005 MW-F=0.006]
  Mini-Benders[2] (mw): LB=11.035939, Z₀(α*)=21.029977, intercept=-33.215961 (0.110s) [OMP=0.069 ISP-L=0.003 ISP-F=0.009 MW-L=0.005 MW-F=0.007]
  Mini-Benders[3] (mw): LB=11.592142, Z₀(α*)=8.423873, intercept=-73.733398 (0.099s) [OMP=0.073 ISP-L=0.003 ISP-F=0.009 MW-L=0.007 MW-F=0.007]
  Mini-Benders[4] (mw): LB=11.592142, Z₀(α*)=8.423873, intercept=-73.733398 (0.105s) [OMP=0.079 ISP-L=0.003 ISP-F=0.009 MW-L=0.007 MW-F=0.007]
  Mini-Benders[5] (mw): LB=11.592142, Z₀(α*)=8.423873, intercept=-73.733398 (0.104s) [OMP=0.077 ISP-L=0.003 ISP-F=0.009 MW-L=0.007 MW-F=0.007]
  α-step: Z₀=16.448586, α=[0.000,0.000,0.000,0.000,0.000,2.309,0.000,0.000,0.000,0.000,0.000,0.000,0.000,0.914,0.000,0.000,0.000,0.000,0.000,0.000,0.000,0.000,0.000,0.000,0.000,0.000,0.000,0.000,0.000,0.195,0.566,0.000,0.322,5.638,0.000,0.000]
  Alt-Benders[1] (mw): LB=11.656086, Z₀(α*)=8.677978, intercept=-56.261277 (0.105s) [OMP=0.078 ISP-L=0.003 ISP-F=0.010 MW-L=0.006 MW-F=0.007]
  Alt-Benders[2] (mw): LB=11.656086, Z₀(α*)=8.677978, intercept=-56.261277 (0.120s) [OMP=0.098 ISP-L=0.003 ISP-F=0.010 MW-L=0.006 MW-F=0.007]
  Alt-Benders[3] (mw): LB=11.656086, Z₀(α*)=8.677978, intercept=-56.261277 (0.137s) [OMP=0.101 ISP-L=0.003 ISP-F=0.010 MW-L=0.007 MW-F=0.019]
  Alt-Benders[4]: LB stagnated, break
  OMP re-solve: 0.000s

=== True-DRO Benders iter 3 ===
  OMP: t₀=11.656086, UB=Inf, gap=NaN, x=[0, 0, 0, 0, 0, 0, 0, 0, 0, 0, 0, 0, 0, 0, 0, 0, 0, 0, 0, 0, 0, 0, 1, 0, 0, 0, 0, 0, 0, 0, 0, 0, 0, 1, 0, 0] (0.000s)
  Sub: Z₀=20.621459 [LOCAL] (0.1s), α=[0.000,0.000,1.217,0.000,0.000,0.000,0.000,0.000,0.000,0.000,0.000,0.000,0.000,0.000,0.000,0.000,0.000,0.000,0.000,0.000,0.000,0.000,0.000,0.000,0.000,0.000,0.000,0.000,0.000,0.000,0.000,0.000,1.132,7.596,0.000,0.000]
  Iter 3: LB=11.656086  UB=Inf  gap=NaN
  Cut: intercept=-1109.683679, π_x_range=[-823.3691, 575.4702]
  Mini-Benders[1] (mw): LB=11.763232, Z₀(α*)=1.291099, intercept=-83.084600 (0.120s) [OMP=0.086 ISP-L=0.003 ISP-F=0.008 MW-L=0.006 MW-F=0.007]
  Mini-Benders[2] (mw): LB=11.763232, Z₀(α*)=1.291099, intercept=-83.084600 (0.101s) [OMP=0.071 ISP-L=0.004 ISP-F=0.009 MW-L=0.006 MW-F=0.008]
  Mini-Benders[3] (mw): LB=11.763232, Z₀(α*)=1.291099, intercept=-83.084600 (0.093s) [OMP=0.069 ISP-L=0.003 ISP-F=0.009 MW-L=0.006 MW-F=0.007]
  Mini-Benders[4]: LB stagnated, break
  α-step: Z₀=16.390857, α=[0.000,0.000,0.000,0.000,0.000,3.202,0.000,0.000,0.000,0.000,0.000,0.000,0.000,0.700,0.000,0.000,0.000,0.220,0.000,0.000,0.000,0.000,0.000,0.000,0.000,0.000,0.000,0.000,0.000,0.000,0.000,0.000,5.251,0.572,0.000,0.000]
  Alt-Benders[1] (mw): LB=11.781872, Z₀(α*)=-9.164694, intercept=-107.546804 (0.094s) [OMP=0.070 ISP-L=0.003 ISP-F=0.009 MW-L=0.005 MW-F=0.007]
  Alt-Benders[2] (mw): LB=11.781872, Z₀(α*)=-9.164694, intercept=-107.546804 (0.088s) [OMP=0.066 ISP-L=0.003 ISP-F=0.009 MW-L=0.006 MW-F=0.007]
  Alt-Benders[3] (mw): LB=11.781872, Z₀(α*)=-9.164694, intercept=-107.546804 (0.088s) [OMP=0.066 ISP-L=0.003 ISP-F=0.009 MW-L=0.006 MW-F=0.007]
  Alt-Benders[4]: LB stagnated, break
  OMP re-solve: 0.000s

=== True-DRO Benders iter 4 ===
  OMP: t₀=11.781872, UB=Inf, gap=NaN, x=[0, 0, 0, 0, 0, 0, 0, 0, 0, 0, 0, 0, 0, 0, 0, 0, 0, 0, 0, 0, 0, 0, 0, 0, 1, 0, 0, 0, 0, 0, 0, 0, 0, 1, 0, 0] (0.000s)
  Sub: Z₀=20.548084 [LOCAL] (0.1s), α=[0.000,0.000,0.000,0.000,0.000,0.000,0.012,0.000,0.000,0.000,0.000,0.000,0.000,0.000,0.000,0.000,0.000,3.314,0.000,0.000,0.000,0.000,0.000,0.000,0.279,0.000,0.000,0.000,0.000,0.000,0.000,0.000,0.000,6.340,0.000,0.000]
  Iter 4: LB=11.781872  UB=Inf  gap=NaN
  Cut: intercept=-1122.789066, π_x_range=[-820.7693, 583.1384]
  Mini-Benders[1] (mw): LB=11.781872, Z₀(α*)=10.316284, intercept=-30.137829 (0.117s) [OMP=0.077 ISP-L=0.003 ISP-F=0.009 MW-L=0.006 MW-F=0.007]
  Mini-Benders[2] (mw): LB=11.781872, Z₀(α*)=10.316284, intercept=-30.137829 (0.093s) [OMP=0.069 ISP-L=0.003 ISP-F=0.009 MW-L=0.006 MW-F=0.007]
  Mini-Benders[3]: LB stagnated, break
  α-step: Z₀=23.610401, α=[0.000,0.000,2.920,0.000,0.000,0.000,0.000,0.000,0.000,0.000,0.000,0.000,0.000,0.000,0.000,0.000,0.000,0.000,0.000,0.000,0.000,0.000,0.000,0.000,0.000,0.000,0.000,0.000,0.000,0.000,0.000,0.000,0.000,7.025,0.000,0.000]
  Alt-Benders[1] (mw): LB=11.781872, Z₀(α*)=23.220586, intercept=-51.769896 (0.095s) [OMP=0.079 ISP-L=0.003 ISP-F=0.009 MW-L=0.006 MW-F=0.006]
  Alt-Benders[2] (mw): LB=11.781872, Z₀(α*)=17.406490, intercept=-19.437121 (0.120s) [OMP=0.094 ISP-L=0.003 ISP-F=0.010 MW-L=0.005 MW-F=0.006]
  Alt-Benders[3]: LB stagnated, break
  OMP re-solve: 0.000s

=== True-DRO Benders iter 5 ===
  OMP: t₀=11.781872, UB=Inf, gap=NaN, x=[0, 0, 0, 0, 0, 0, 0, 0, 0, 0, 0, 0, 0, 0, 0, 0, 0, 0, 1, 0, 0, 0, 0, 0, 0, 0, 0, 0, 0, 0, 0, 0, 0, 1, 0, 0] (0.000s)
  Sub: Z₀=23.610399 (0.1s), α=[0.000,0.000,2.920,0.000,0.000,0.000,0.000,0.000,0.000,0.000,0.000,0.000,0.000,0.000,0.000,0.000,0.000,0.000,0.000,0.000,0.000,0.000,0.000,0.000,0.000,0.000,0.000,0.000,0.000,0.000,0.000,0.000,0.074,6.951,0.000,0.000]
  Iter 5: LB=11.781872  UB=23.610399  gap=5.01e-01
  Cut: intercept=-93.546673, π_x_range=[-275.0000, 74.1095]
  Sherali-Cut: intercept=-55.898778, π_x_range=[-86.3147, 43.0476]
  Mini-Benders[1] (mw): LB=11.781872, Z₀(α*)=19.526460, intercept=-19.437143 (0.120s) [OMP=0.079 ISP-L=0.003 ISP-F=0.009 MW-L=0.017 MW-F=0.006]
  Mini-Benders[2] (mw): LB=11.781872, Z₀(α*)=2.875763, intercept=-74.821586 (0.103s) [OMP=0.078 ISP-L=0.003 ISP-F=0.010 MW-L=0.005 MW-F=0.007]
  Mini-Benders[3]: LB stagnated, break
  α-step: Z₀=21.224589, α=[0.000,0.000,5.350,0.000,0.000,0.000,0.000,0.000,0.000,0.000,0.000,0.000,0.000,0.000,0.000,0.000,0.000,0.000,0.000,0.000,0.000,0.000,0.000,0.000,0.000,0.000,0.000,0.000,0.000,0.000,0.000,0.000,0.000,4.594,0.000,0.000]
  Alt-Benders[1] (mw): LB=11.781872, Z₀(α*)=20.741387, intercept=-44.963777 (0.090s) [OMP=0.081 ISP-L=0.003 ISP-F=0.010 MW-L=0.005 MW-F=0.006]
  Alt-Benders[2] (mw): LB=11.781872, Z₀(α*)=3.263320, intercept=-38.274654 (0.122s) [OMP=0.088 ISP-L=0.004 ISP-F=0.009 MW-L=0.007 MW-F=0.007]
  Alt-Benders[3]: LB stagnated, break
  OMP re-solve: 0.000s

=== True-DRO Benders iter 6 ===
  OMP: t₀=11.781872, UB=23.610399, gap=5.01e-01, x=[0, 0, 0, 0, 0, 0, 0, 0, 0, 0, 0, 0, 0, 0, 0, 0, 0, 0, 0, 0, 0, 1, 0, 0, 0, 0, 0, 0, 0, 0, 0, 0, 0, 1, 0, 0] (0.000s)
  Sub: Z₀=21.976700 [LOCAL] (0.1s), α=[0.000,0.000,1.209,0.000,0.000,0.000,0.000,0.000,0.000,0.000,0.000,0.000,0.000,0.000,0.000,0.000,0.000,0.008,0.000,0.000,0.000,0.000,0.000,0.000,0.000,0.000,0.000,0.000,0.000,0.000,0.000,0.000,1.229,7.499,0.000,0.000]
  Iter 6: LB=11.781872  UB=23.610399  gap=5.01e-01
  Cut: intercept=-1125.588906, π_x_range=[-822.2605, 575.0652]
  Mini-Benders[1] (mw): LB=11.781872, Z₀(α*)=21.849062, intercept=-19.436161 (0.137s) [OMP=0.107 ISP-L=0.003 ISP-F=0.009 MW-L=0.006 MW-F=0.006]
  Mini-Benders[2] (mw): LB=11.781872, Z₀(α*)=8.798589, intercept=-59.517528 (0.107s) [OMP=0.085 ISP-L=0.003 ISP-F=0.009 MW-L=0.005 MW-F=0.006]
  Mini-Benders[3]: LB stagnated, break
  α-step: Z₀=22.743095, α=[0.000,0.000,3.787,0.000,0.000,0.000,0.000,0.000,0.000,0.000,0.000,0.000,0.000,0.000,0.000,0.000,0.000,0.000,0.000,0.000,0.000,0.000,0.000,0.000,0.000,0.000,0.000,0.000,0.000,0.000,0.000,0.000,0.000,6.157,0.000,0.000]
  Alt-Benders[1] (mw): LB=11.908421, Z₀(α*)=3.158834, intercept=-69.985924 (0.127s) [OMP=0.102 ISP-L=0.003 ISP-F=0.011 MW-L=0.016 MW-F=0.007]
  Alt-Benders[2] (mw): LB=11.908421, Z₀(α*)=3.158834, intercept=-69.985924 (0.120s) [OMP=0.080 ISP-L=0.003 ISP-F=0.011 MW-L=0.006 MW-F=0.007]
  Alt-Benders[3] (mw): LB=11.908421, Z₀(α*)=3.158834, intercept=-69.985924 (0.106s) [OMP=0.078 ISP-L=0.003 ISP-F=0.011 MW-L=0.006 MW-F=0.007]
  Alt-Benders[4]: LB stagnated, break
  OMP re-solve: 0.000s

=== True-DRO Benders iter 7 ===
  OMP: t₀=11.908421, UB=23.610399, gap=4.96e-01, x=[0, 0, 0, 0, 0, 0, 0, 0, 0, 0, 0, 0, 0, 0, 0, 0, 0, 0, 0, 0, 0, 0, 1, 0, 0, 0, 0, 0, 0, 0, 0, 0, 1, 0, 0, 0] (0.000s)
  Sub: Z₀=21.314669 [LOCAL] (0.1s), α=[0.000,0.000,2.169,0.000,0.000,0.000,0.000,0.000,0.000,0.000,0.000,0.000,0.000,0.000,0.000,0.000,0.000,0.000,0.000,0.000,0.000,0.000,0.000,0.000,0.000,0.000,0.000,0.000,0.000,0.000,0.000,0.000,7.124,0.652,0.000,0.000]
  Iter 7: LB=11.908421  UB=23.610399  gap=4.96e-01
  Cut: intercept=-1120.444482, π_x_range=[-823.2101, 578.1657]
  Mini-Benders[1] (mw): LB=12.273291, Z₀(α*)=20.641334, intercept=-30.839058 (0.120s) [OMP=0.097 ISP-L=0.003 ISP-F=0.009 MW-L=0.007 MW-F=0.006]
  Mini-Benders[2] (mw): LB=12.381944, Z₀(α*)=-32.084069, intercept=-62.512694 (0.121s) [OMP=0.092 ISP-L=0.003 ISP-F=0.009 MW-L=0.006 MW-F=0.006]
  Mini-Benders[3] (mw): LB=12.381944, Z₀(α*)=-32.084069, intercept=-62.512694 (0.122s) [OMP=0.092 ISP-L=0.003 ISP-F=0.009 MW-L=0.006 MW-F=0.006]
  Mini-Benders[4] (mw): LB=12.381944, Z₀(α*)=-32.084069, intercept=-62.512694 (0.106s) [OMP=0.091 ISP-L=0.003 ISP-F=0.009 MW-L=0.006 MW-F=0.006]
  Mini-Benders[5]: LB stagnated, break
  α-step: Z₀=19.439016, α=[0.000,0.000,2.990,0.000,0.000,0.000,0.000,0.000,0.000,0.000,0.000,0.000,0.334,0.000,0.000,0.000,0.000,0.000,0.000,0.000,0.000,0.000,0.000,0.000,0.000,0.000,0.000,0.000,0.000,0.000,0.000,0.000,0.000,6.620,0.000,0.000]
  Alt-Benders[1] (mw): LB=12.494595, Z₀(α*)=19.727398, intercept=-23.680322 (0.108s) [OMP=0.092 ISP-L=0.003 ISP-F=0.010 MW-L=0.006 MW-F=0.006]
  Alt-Benders[2] (mw): LB=12.533151, Z₀(α*)=18.105846, intercept=-29.167426 (0.122s) [OMP=0.089 ISP-L=0.003 ISP-F=0.010 MW-L=0.006 MW-F=0.006]
  Alt-Benders[3] (mw): LB=12.533151, Z₀(α*)=4.263748, intercept=-81.515727 (0.106s) [OMP=0.093 ISP-L=0.003 ISP-F=0.009 MW-L=0.006 MW-F=0.006]
  Alt-Benders[4] (mw): LB=12.533151, Z₀(α*)=4.263748, intercept=-81.515727 (0.122s) [OMP=0.088 ISP-L=0.003 ISP-F=0.009 MW-L=0.006 MW-F=0.006]
  Alt-Benders[5]: LB stagnated, break
  OMP re-solve: 0.000s

=== True-DRO Benders iter 8 ===
  OMP: t₀=12.533151, UB=23.610399, gap=4.69e-01, x=[0, 0, 1, 0, 0, 0, 0, 0, 0, 0, 0, 0, 0, 0, 0, 0, 0, 0, 0, 0, 0, 0, 0, 0, 0, 0, 0, 0, 0, 0, 0, 0, 1, 0, 0, 0] (0.000s)
  Sub: Z₀=18.144441 [LOCAL] (0.1s), α=[0.000,0.000,6.382,0.000,0.000,0.000,0.000,0.000,0.000,0.000,0.000,0.000,0.000,0.000,0.000,0.000,0.000,0.000,0.000,0.000,0.000,0.000,0.000,0.000,0.000,0.000,0.000,0.000,0.000,0.000,0.000,0.000,3.252,0.310,0.000,0.000]
  Iter 8: LB=12.533151  UB=23.610399  gap=4.69e-01
  Cut: intercept=-1147.089765, π_x_range=[-822.7236, 587.6161]
  Mini-Benders[1] (mw): LB=12.533151, Z₀(α*)=19.740456, intercept=-71.971592 (0.106s) [OMP=0.088 ISP-L=0.003 ISP-F=0.008 MW-L=0.006 MW-F=0.006]
  Mini-Benders[2] (mw): LB=12.533151, Z₀(α*)=-0.030369, intercept=-44.352363 (0.120s) [OMP=0.100 ISP-L=0.003 ISP-F=0.009 MW-L=0.006 MW-F=0.006]
  Mini-Benders[3]: LB stagnated, break
  α-step: Z₀=22.859542, α=[0.000,0.000,2.169,0.000,0.000,0.000,0.000,0.000,0.000,0.000,0.000,0.000,0.000,0.000,0.000,0.000,0.000,0.000,0.000,0.000,0.000,0.000,0.000,0.000,0.000,0.000,0.000,0.000,0.000,0.000,0.000,0.000,5.013,2.763,0.000,0.000]
  Alt-Benders[1] (mw): LB=12.533151, Z₀(α*)=12.462408, intercept=-58.795239 (0.128s) [OMP=0.096 ISP-L=0.003 ISP-F=0.009 MW-L=0.006 MW-F=0.017]
  Alt-Benders[2] (mw): LB=12.533151, Z₀(α*)=12.462408, intercept=-58.795239 (0.120s) [OMP=0.096 ISP-L=0.003 ISP-F=0.009 MW-L=0.006 MW-F=0.006]
  Alt-Benders[3]: LB stagnated, break
  OMP re-solve: 0.000s

=== True-DRO Benders iter 9 ===
  OMP: t₀=12.533151, UB=23.610399, gap=4.69e-01, x=[0, 0, 0, 0, 0, 0, 0, 0, 0, 0, 0, 0, 0, 0, 0, 0, 0, 0, 0, 0, 0, 1, 0, 0, 0, 0, 0, 0, 0, 0, 0, 0, 1, 0, 0, 0] (0.000s)
  Sub: Z₀=20.485048 [LOCAL] (0.1s), α=[0.000,0.000,1.455,0.000,0.000,0.000,0.000,0.000,0.000,0.000,0.000,0.000,0.000,0.000,0.000,0.000,0.000,0.000,0.000,0.000,0.000,0.000,0.000,0.000,0.000,0.000,0.000,0.000,0.000,0.000,0.000,0.000,8.490,0.000,0.000,0.000]
  Iter 9: LB=12.533151  UB=23.610399  gap=4.69e-01
  Cut: intercept=-1141.381717, π_x_range=[-823.4209, 586.6815]
  Mini-Benders[1] (mw): LB=12.533151, Z₀(α*)=12.028814, intercept=-68.005351 (0.122s) [OMP=0.094 ISP-L=0.003 ISP-F=0.010 MW-L=0.005 MW-F=0.006]
  Mini-Benders[2] (mw): LB=12.533151, Z₀(α*)=12.028814, intercept=-68.005351 (0.122s) [OMP=0.096 ISP-L=0.003 ISP-F=0.010 MW-L=0.005 MW-F=0.006]
  Mini-Benders[3]: LB stagnated, break
  α-step: Z₀=24.707201, α=[0.000,0.000,4.016,0.000,0.000,0.000,0.000,0.000,0.000,0.000,0.000,0.000,0.000,0.000,0.000,0.000,0.000,0.000,0.000,0.000,0.000,0.000,0.000,0.000,0.000,0.000,0.000,0.000,0.000,0.000,0.000,0.000,4.024,1.904,0.000,0.000]
  Alt-Benders[1] (mw): LB=12.533151, Z₀(α*)=0.244945, intercept=-82.954253 (0.131s) [OMP=0.111 ISP-L=0.003 ISP-F=0.010 MW-L=0.006 MW-F=0.006]
  Alt-Benders[2] (mw): LB=12.533151, Z₀(α*)=0.244945, intercept=-82.954253 (0.120s) [OMP=0.097 ISP-L=0.003 ISP-F=0.010 MW-L=0.006 MW-F=0.006]
  Alt-Benders[3]: LB stagnated, break
  OMP re-solve: 0.000s

=== True-DRO Benders iter 10 ===
  OMP: t₀=12.533151, UB=23.610399, gap=4.69e-01, x=[0, 0, 0, 0, 0, 0, 0, 0, 0, 0, 0, 0, 0, 0, 0, 0, 0, 0, 0, 0, 0, 0, 0, 0, 1, 0, 0, 0, 0, 0, 0, 0, 1, 0, 0, 0] (0.000s)
  Sub: Z₀=18.171932 (5.9s), α=[0.000,0.000,0.000,0.000,0.000,0.000,0.151,0.000,0.000,0.000,0.000,0.000,0.000,0.000,0.000,0.000,0.000,1.439,0.000,0.000,0.000,0.000,0.000,0.000,1.063,0.000,0.000,0.000,0.000,0.000,0.000,0.000,5.959,1.332,0.000,0.000]
  Iter 10: LB=12.533151  UB=18.171932  gap=3.10e-01
  Cut: intercept=-86.455041, π_x_range=[-268.0000, 69.7418]
  Sherali-Cut: intercept=-86.455086, π_x_range=[-63.0011, 69.7418]
  Mini-Benders[1] (mw): LB=12.533151, Z₀(α*)=14.708522, intercept=-32.334303 (0.136s) [OMP=0.104 ISP-L=0.003 ISP-F=0.009 MW-L=0.005 MW-F=0.006]
  Mini-Benders[2] (mw): LB=12.595257, Z₀(α*)=12.933307, intercept=-57.711771 (0.135s) [OMP=0.103 ISP-L=0.003 ISP-F=0.009 MW-L=0.006 MW-F=0.006]
  Mini-Benders[3] (mw): LB=12.933305, Z₀(α*)=12.933307, intercept=-57.711771 (0.151s) [OMP=0.123 ISP-L=0.003 ISP-F=0.009 MW-L=0.006 MW-F=0.006]
  Mini-Benders[4] (mw): LB=12.933305, Z₀(α*)=12.933307, intercept=-57.711771 (0.135s) [OMP=0.122 ISP-L=0.003 ISP-F=0.009 MW-L=0.006 MW-F=0.006]
  Mini-Benders[5] (mw): LB=12.933305, Z₀(α*)=12.933307, intercept=-57.711771 (0.151s) [OMP=0.124 ISP-L=0.003 ISP-F=0.009 MW-L=0.006 MW-F=0.006]
  α-step: Z₀=22.883422, α=[0.000,0.000,2.193,0.000,0.000,0.000,0.000,0.000,0.000,0.000,0.000,0.000,0.000,0.000,0.000,0.000,0.000,0.000,0.000,0.000,0.000,0.000,0.000,0.000,0.000,0.000,0.000,0.000,0.000,0.000,0.000,0.000,0.288,7.464,0.000,0.000]
  Alt-Benders[1] (mw): LB=12.965403, Z₀(α*)=20.902687, intercept=-56.064324 (0.135s) [OMP=0.103 ISP-L=0.003 ISP-F=0.009 MW-L=0.006 MW-F=0.006]
  Alt-Benders[2] (mw): LB=13.096807, Z₀(α*)=-12.660116, intercept=-72.116526 (0.135s) [OMP=0.097 ISP-L=0.003 ISP-F=0.010 MW-L=0.017 MW-F=0.007]
  Alt-Benders[3] (mw): LB=13.096807, Z₀(α*)=-12.660116, intercept=-72.116526 (0.120s) [OMP=0.097 ISP-L=0.003 ISP-F=0.010 MW-L=0.007 MW-F=0.007]
  Alt-Benders[4] (mw): LB=13.096807, Z₀(α*)=-12.660116, intercept=-72.116526 (0.122s) [OMP=0.097 ISP-L=0.003 ISP-F=0.010 MW-L=0.007 MW-F=0.007]
  Alt-Benders[5]: LB stagnated, break
  OMP re-solve: 0.000s

=== True-DRO Benders iter 11 ===
  OMP: t₀=13.096807, UB=18.171932, gap=2.79e-01, x=[0, 0, 0, 0, 0, 1, 0, 0, 0, 0, 0, 0, 1, 0, 0, 0, 0, 0, 0, 0, 0, 0, 0, 0, 0, 0, 0, 0, 0, 0, 0, 0, 0, 0, 0, 0] (0.000s)
  Sub: Z₀=21.866309 [LOCAL] (0.1s), α=[0.000,0.000,1.511,0.000,0.000,1.976,0.000,0.000,0.000,0.000,0.000,0.000,0.000,4.114,0.000,0.000,0.000,0.251,0.000,0.000,0.000,0.000,0.000,0.000,0.000,0.000,0.000,0.000,0.000,0.091,0.422,0.000,0.000,1.580,0.000,0.000]
  Iter 11: LB=13.096807  UB=18.171932  gap=2.79e-01
  Cut: intercept=-1095.236057, π_x_range=[-817.6259, 562.3840]
  Mini-Benders[1] (mw): LB=13.096807, Z₀(α*)=1.360459, intercept=-98.117602 (0.138s) [OMP=0.113 ISP-L=0.003 ISP-F=0.009 MW-L=0.005 MW-F=0.006]
  Mini-Benders[2] (mw): LB=13.096807, Z₀(α*)=1.360459, intercept=-98.117602 (0.119s) [OMP=0.102 ISP-L=0.003 ISP-F=0.009 MW-L=0.005 MW-F=0.006]
  Mini-Benders[3]: LB stagnated, break
  α-step: Z₀=23.622707, α=[0.000,0.000,0.000,0.000,0.000,0.000,1.197,0.000,0.000,0.000,0.000,0.000,0.550,2.276,0.000,0.000,0.000,3.052,0.000,0.000,0.000,0.000,0.000,0.000,0.000,0.000,0.000,0.000,0.000,0.000,0.000,0.000,0.000,2.870,0.000,0.000]
  Alt-Benders[1] (mw): LB=13.096807, Z₀(α*)=11.661855, intercept=-78.340440 (0.141s) [OMP=0.114 ISP-L=0.003 ISP-F=0.010 MW-L=0.006 MW-F=0.009]
  Alt-Benders[2] (mw): LB=13.096807, Z₀(α*)=11.661855, intercept=-78.340440 (0.120s) [OMP=0.094 ISP-L=0.003 ISP-F=0.010 MW-L=0.006 MW-F=0.009]
  Alt-Benders[3]: LB stagnated, break
  OMP re-solve: 0.000s

=== True-DRO Benders iter 12 ===
  OMP: t₀=13.096807, UB=18.171932, gap=2.79e-01, x=[0, 0, 0, 0, 0, 0, 0, 0, 0, 0, 0, 0, 1, 0, 0, 0, 0, 0, 0, 0, 0, 0, 1, 0, 0, 0, 0, 0, 0, 0, 0, 0, 0, 0, 0, 0] (0.000s)
  Sub: Z₀=21.835072 [LOCAL] (0.1s), α=[0.000,0.000,2.369,0.000,0.000,0.000,0.000,0.000,0.000,0.000,0.000,0.000,1.595,3.506,0.000,0.000,0.000,0.000,0.000,0.000,0.000,0.000,0.062,0.000,0.000,0.000,0.000,0.000,0.000,0.000,0.000,0.000,0.000,2.412,0.000,0.000]
  Iter 12: LB=13.096807  UB=18.171932  gap=2.79e-01
  Cut: intercept=-1095.199116, π_x_range=[-821.0328, 563.3885]
  Mini-Benders[1] (mw): LB=13.096807, Z₀(α*)=-6.945562, intercept=-74.796075 (0.138s) [OMP=0.113 ISP-L=0.003 ISP-F=0.009 MW-L=0.006 MW-F=0.007]
  Mini-Benders[2] (mw): LB=13.096807, Z₀(α*)=-6.945562, intercept=-74.796075 (0.119s) [OMP=0.096 ISP-L=0.003 ISP-F=0.008 MW-L=0.005 MW-F=0.007]
  Mini-Benders[3]: LB stagnated, break
  α-step: Z₀=20.322928, α=[0.000,0.000,6.252,0.000,0.000,0.000,0.000,0.000,0.000,0.000,0.000,0.000,0.000,0.000,0.000,0.000,0.000,0.000,0.000,0.000,0.000,0.000,0.000,0.000,0.000,0.000,0.000,0.000,0.000,0.000,0.000,0.000,0.000,3.693,0.000,0.000]
  Alt-Benders[1] (mw): LB=13.096807, Z₀(α*)=7.124159, intercept=-81.325842 (0.137s) [OMP=0.118 ISP-L=0.004 ISP-F=0.009 MW-L=0.006 MW-F=0.006]
  Alt-Benders[2] (mw): LB=13.096807, Z₀(α*)=7.124159, intercept=-81.325842 (0.122s) [OMP=0.101 ISP-L=0.004 ISP-F=0.010 MW-L=0.005 MW-F=0.006]
  Alt-Benders[3]: LB stagnated, break
  OMP re-solve: 0.000s

=== True-DRO Benders iter 13 ===
  OMP: t₀=13.096807, UB=18.171932, gap=2.79e-01, x=[0, 0, 0, 0, 0, 0, 0, 0, 0, 0, 0, 0, 1, 0, 0, 0, 0, 0, 0, 0, 0, 0, 0, 0, 0, 0, 0, 0, 1, 0, 0, 0, 0, 0, 0, 0] (0.000s)
  Sub: Z₀=23.480101 [LOCAL] (0.1s), α=[0.000,0.000,3.376,0.000,0.000,0.000,0.000,0.000,0.000,0.000,0.000,0.000,1.727,0.234,0.000,0.000,0.000,0.000,0.000,0.000,0.000,0.000,0.000,0.000,0.000,0.000,0.000,0.000,0.000,0.000,0.000,0.000,0.000,4.607,0.000,0.000]
  Iter 13: LB=13.096807  UB=18.171932  gap=2.79e-01
  Cut: intercept=-1115.286347, π_x_range=[-821.1204, 572.7995]
  Mini-Benders[1] (mw): LB=13.096807, Z₀(α*)=14.123279, intercept=-60.739777 (0.137s) [OMP=0.116 ISP-L=0.003 ISP-F=0.011 MW-L=0.006 MW-F=0.007]
  Mini-Benders[2] (mw): LB=13.096807, Z₀(α*)=23.171966, intercept=-47.025011 (0.104s) [OMP=0.093 ISP-L=0.003 ISP-F=0.009 MW-L=0.005 MW-F=0.006]
  Mini-Benders[3]: LB stagnated, break
  α-step: Z₀=12.388017, α=[0.000,0.000,0.918,0.000,0.000,0.000,0.000,0.000,0.000,0.000,0.000,0.000,0.000,0.000,0.000,0.000,0.000,4.145,0.000,0.000,0.000,0.000,0.000,0.000,0.000,0.000,0.000,0.000,0.000,0.000,0.000,0.000,0.000,4.881,0.000,0.000]
  Alt-Benders[1] (mw): LB=13.096807, Z₀(α*)=21.511698, intercept=-93.309322 (0.144s) [OMP=0.123 ISP-L=0.003 ISP-F=0.008 MW-L=0.005 MW-F=0.007]
  Alt-Benders[2] (mw): LB=13.096807, Z₀(α*)=9.184049, intercept=-91.314529 (0.120s) [OMP=0.097 ISP-L=0.003 ISP-F=0.009 MW-L=0.006 MW-F=0.006]
  Alt-Benders[3]: LB stagnated, break
  OMP re-solve: 0.000s

=== True-DRO Benders iter 14 ===
  OMP: t₀=13.096807, UB=18.171932, gap=2.79e-01, x=[0, 0, 0, 0, 0, 0, 0, 0, 0, 0, 0, 0, 1, 0, 0, 0, 0, 0, 1, 0, 0, 0, 0, 0, 0, 0, 0, 0, 0, 0, 0, 0, 0, 0, 0, 0] (0.000s)
  Sub: Z₀=22.974037 [LOCAL] (0.1s), α=[0.000,0.000,4.242,0.000,0.000,0.000,0.000,0.000,0.000,0.000,0.000,0.000,0.996,0.115,0.000,0.000,0.000,0.000,0.000,0.000,0.000,0.000,0.000,0.000,0.000,0.000,0.000,0.000,0.000,0.000,0.000,0.000,0.000,4.592,0.000,0.000]
  Iter 14: LB=13.096807  UB=18.171932  gap=2.79e-01
  Cut: intercept=-1122.930492, π_x_range=[-821.4243, 573.4083]
  Mini-Benders[1] (mw): LB=13.096807, Z₀(α*)=16.685517, intercept=-91.580205 (0.129s) [OMP=0.120 ISP-L=0.003 ISP-F=0.008 MW-L=0.006 MW-F=0.006]
  Mini-Benders[2] (mw): LB=13.096807, Z₀(α*)=22.611910, intercept=-60.922265 (0.136s) [OMP=0.101 ISP-L=0.003 ISP-F=0.009 MW-L=0.006 MW-F=0.006]
  Mini-Benders[3]: LB stagnated, break
  α-step: Z₀=24.110137, α=[0.000,0.000,2.990,0.000,0.000,0.000,0.000,0.000,0.000,0.000,0.000,0.000,2.097,2.048,0.000,0.000,0.000,0.000,0.000,0.000,0.000,0.000,0.000,0.000,0.000,0.000,0.000,0.000,0.000,0.000,0.000,0.000,0.000,2.809,0.000,0.000]
  Alt-Benders[1] (mw): LB=13.510969, Z₀(α*)=-17.737031, intercept=-105.664813 (0.135s) [OMP=0.120 ISP-L=0.003 ISP-F=0.009 MW-L=0.005 MW-F=0.006]
  Alt-Benders[2] (mw): LB=13.510969, Z₀(α*)=-17.737031, intercept=-105.664813 (0.135s) [OMP=0.104 ISP-L=0.003 ISP-F=0.009 MW-L=0.005 MW-F=0.007]
  Alt-Benders[3] (mw): LB=13.510969, Z₀(α*)=-17.737031, intercept=-105.664813 (0.135s) [OMP=0.101 ISP-L=0.003 ISP-F=0.009 MW-L=0.017 MW-F=0.007]
  Alt-Benders[4]: LB stagnated, break
  OMP re-solve: 0.000s

=== True-DRO Benders iter 15 ===
  OMP: t₀=13.510969, UB=18.171932, gap=2.56e-01, x=[0, 0, 0, 0, 0, 0, 0, 0, 0, 0, 0, 0, 0, 0, 0, 0, 0, 0, 0, 0, 0, 1, 1, 0, 0, 0, 0, 0, 0, 0, 0, 0, 0, 0, 0, 0] (0.000s)
  Sub: Z₀=23.356363 (0.1s), α=[0.000,0.000,2.237,0.000,0.000,0.000,0.000,0.000,0.000,0.000,0.000,0.000,0.000,0.000,0.000,0.000,0.000,0.000,0.000,0.000,0.000,1.775,4.597,0.000,0.000,0.000,0.000,0.000,0.000,0.000,0.000,0.000,1.336,0.000,0.000,0.000]
  Iter 15: LB=13.510969  UB=18.171932  gap=2.56e-01
  Cut: intercept=-103.470829, π_x_range=[-266.0000, 76.4885]
  Sherali-Cut: intercept=-103.470891, π_x_range=[-88.6671, 76.4885]
  Mini-Benders[1] (mw): LB=13.843235, Z₀(α*)=11.017854, intercept=-52.685919 (0.120s) [OMP=0.102 ISP-L=0.003 ISP-F=0.011 MW-L=0.005 MW-F=0.006]
  Mini-Benders[2] (mw): LB=13.843235, Z₀(α*)=11.017854, intercept=-52.685919 (0.166s) [OMP=0.132 ISP-L=0.003 ISP-F=0.011 MW-L=0.005 MW-F=0.006]
  Mini-Benders[3] (mw): LB=13.843235, Z₀(α*)=11.017854, intercept=-52.685919 (0.151s) [OMP=0.133 ISP-L=0.003 ISP-F=0.011 MW-L=0.005 MW-F=0.006]
  Mini-Benders[4]: LB stagnated, break
  α-step: Z₀=21.665638, α=[0.000,0.000,3.751,0.000,0.000,0.000,0.000,0.000,0.000,0.000,0.000,0.000,0.000,0.250,0.000,0.000,0.000,0.000,0.000,0.000,0.000,0.000,3.076,0.000,0.000,0.000,0.000,0.000,0.000,0.000,0.000,0.000,0.955,1.912,0.000,0.000]
  Alt-Benders[1] (mw): LB=14.123277, Z₀(α*)=-12.707491, intercept=-65.093343 (0.147s) [OMP=0.124 ISP-L=0.004 ISP-F=0.010 MW-L=0.006 MW-F=0.017]
  Alt-Benders[2] (mw): LB=14.123278, Z₀(α*)=-12.707491, intercept=-65.093343 (0.135s) [OMP=0.098 ISP-L=0.004 ISP-F=0.009 MW-L=0.005 MW-F=0.007]
  Alt-Benders[3] (mw): LB=14.123278, Z₀(α*)=-12.707491, intercept=-65.093343 (0.119s) [OMP=0.098 ISP-L=0.004 ISP-F=0.009 MW-L=0.006 MW-F=0.007]
  Alt-Benders[4]: LB stagnated, break
  OMP re-solve: 0.000s

=== True-DRO Benders iter 16 ===
  OMP: t₀=14.123278, UB=18.171932, gap=2.23e-01, x=[0, 0, 0, 0, 0, 0, 0, 0, 0, 0, 0, 0, 1, 0, 0, 0, 0, 0, 0, 0, 0, 1, 0, 0, 0, 0, 0, 0, 0, 0, 0, 0, 0, 0, 0, 0] (0.000s)
  Sub: Z₀=22.486252 [LOCAL] (0.1s), α=[0.000,0.000,1.374,0.000,0.000,0.000,0.000,0.000,0.000,0.000,0.000,0.000,3.172,0.617,0.000,0.000,0.000,1.560,0.000,0.000,0.000,0.469,0.000,0.000,0.000,0.000,0.000,0.000,0.000,0.000,0.000,0.000,0.023,2.729,0.000,0.000]
  Iter 16: LB=14.123278  UB=18.171932  gap=2.23e-01
  Cut: intercept=-1109.010950, π_x_range=[-819.3933, 574.3358]
  Mini-Benders[1] (mw): LB=14.257955, Z₀(α*)=-11.830502, intercept=-47.371252 (0.150s) [OMP=0.120 ISP-L=0.003 ISP-F=0.009 MW-L=0.005 MW-F=0.007]
  Mini-Benders[2] (mw): LB=14.257956, Z₀(α*)=-11.830502, intercept=-47.371252 (0.120s) [OMP=0.099 ISP-L=0.003 ISP-F=0.009 MW-L=0.005 MW-F=0.007]
  Mini-Benders[3] (mw): LB=14.257956, Z₀(α*)=-11.830502, intercept=-47.371252 (0.122s) [OMP=0.100 ISP-L=0.003 ISP-F=0.009 MW-L=0.005 MW-F=0.007]
  Mini-Benders[4]: LB stagnated, break
  α-step: Z₀=22.859542, α=[0.000,0.000,2.169,0.000,0.000,0.000,0.000,0.000,0.000,0.000,0.000,0.000,0.000,0.000,0.000,0.000,0.000,0.000,0.000,0.000,0.000,0.000,0.000,0.000,0.000,0.000,0.000,0.000,0.000,0.000,0.000,0.000,0.312,7.464,0.000,0.000]
  Alt-Benders[1] (mw): LB=14.318869, Z₀(α*)=-16.654267, intercept=-33.394750 (0.141s) [OMP=0.122 ISP-L=0.003 ISP-F=0.008 MW-L=0.006 MW-F=0.007]
  Alt-Benders[2] (mw): LB=14.318869, Z₀(α*)=-16.654267, intercept=-33.394750 (0.135s) [OMP=0.101 ISP-L=0.003 ISP-F=0.008 MW-L=0.006 MW-F=0.018]
  Alt-Benders[3] (mw): LB=14.318869, Z₀(α*)=-16.654267, intercept=-33.394750 (0.135s) [OMP=0.102 ISP-L=0.003 ISP-F=0.009 MW-L=0.006 MW-F=0.007]
  Alt-Benders[4]: LB stagnated, break
  OMP re-solve: 0.000s

=== True-DRO Benders iter 17 ===
  OMP: t₀=14.318869, UB=18.171932, gap=2.12e-01, x=[0, 0, 0, 0, 1, 1, 0, 0, 0, 0, 0, 0, 0, 0, 0, 0, 0, 0, 0, 0, 0, 0, 0, 0, 0, 0, 0, 0, 0, 0, 0, 0, 0, 0, 0, 0] (0.000s)
  Sub: Z₀=21.866309 [LOCAL] (0.1s), α=[0.000,0.000,1.530,0.000,0.000,5.458,0.000,0.000,0.000,0.000,0.000,0.000,0.000,0.850,0.000,0.000,0.000,0.232,0.000,0.000,0.000,0.000,0.000,0.000,0.000,0.000,0.000,0.000,0.000,0.050,0.244,0.000,0.055,1.525,0.000,0.000]
  Iter 17: LB=14.318869  UB=18.171932  gap=2.12e-01
  Cut: intercept=-1086.352303, π_x_range=[-818.2973, 554.6191]
  Mini-Benders[1] (mw): LB=14.622305, Z₀(α*)=-8.050118, intercept=-114.160597 (0.139s) [OMP=0.120 ISP-L=0.003 ISP-F=0.010 MW-L=0.005 MW-F=0.007]
  Mini-Benders[2] (mw): LB=14.622305, Z₀(α*)=-8.050118, intercept=-114.160597 (0.120s) [OMP=0.099 ISP-L=0.002 ISP-F=0.010 MW-L=0.005 MW-F=0.006]
  Mini-Benders[3] (mw): LB=14.622305, Z₀(α*)=-8.050118, intercept=-114.160597 (0.122s) [OMP=0.101 ISP-L=0.003 ISP-F=0.010 MW-L=0.005 MW-F=0.006]
  Mini-Benders[4]: LB stagnated, break
  α-step: Z₀=24.686321, α=[0.000,0.000,4.523,0.000,0.000,0.000,0.000,0.000,0.000,0.000,0.000,0.000,0.000,0.000,0.000,0.000,0.000,0.000,0.000,0.000,0.000,0.000,2.310,0.000,0.000,0.000,0.000,0.000,0.000,0.000,0.000,0.000,0.000,3.111,0.000,0.000]
  Alt-Benders[1] (mw): LB=14.708520, Z₀(α*)=-8.974265, intercept=-29.777391 (0.151s) [OMP=0.132 ISP-L=0.003 ISP-F=0.009 MW-L=0.006 MW-F=0.006]
  Alt-Benders[2] (mw): LB=14.708520, Z₀(α*)=-8.974265, intercept=-29.777391 (0.135s) [OMP=0.108 ISP-L=0.003 ISP-F=0.009 MW-L=0.006 MW-F=0.006]
  Alt-Benders[3] (mw): LB=14.708520, Z₀(α*)=-8.974265, intercept=-29.777391 (0.150s) [OMP=0.108 ISP-L=0.003 ISP-F=0.009 MW-L=0.006 MW-F=0.017]
  Alt-Benders[4]: LB stagnated, break
  OMP re-solve: 0.000s

=== True-DRO Benders iter 18 ===
  OMP: t₀=14.708520, UB=18.171932, gap=1.91e-01, x=[0, 0, 0, 0, 0, 0, 0, 0, 0, 0, 0, 0, 0, 0, 0, 0, 0, 0, 0, 0, 0, 0, 0, 0, 0, 0, 0, 0, 0, 0, 1, 0, 1, 0, 0, 0] (0.000s)
  Sub: Z₀=21.294081 [LOCAL] (0.1s), α=[0.000,0.000,2.038,0.000,0.000,0.000,0.000,0.000,0.000,0.000,0.000,0.000,0.000,0.000,0.000,0.000,0.000,0.000,0.000,0.000,0.000,0.000,0.000,0.000,0.000,0.000,0.000,0.000,0.000,0.000,0.000,0.000,5.957,1.950,0.000,0.000]
  Iter 18: LB=14.708520  UB=18.171932  gap=1.91e-01
  Cut: intercept=-1160.922188, π_x_range=[-823.6553, 595.6840]
  Mini-Benders[1] (mw): LB=15.801379, Z₀(α*)=3.197427, intercept=-50.005277 (0.135s) [OMP=0.123 ISP-L=0.003 ISP-F=0.009 MW-L=0.006 MW-F=0.006]
  Mini-Benders[2] (mw): LB=15.801379, Z₀(α*)=3.197427, intercept=-50.005277 (0.151s) [OMP=0.114 ISP-L=0.003 ISP-F=0.009 MW-L=0.006 MW-F=0.007]
  Mini-Benders[3] (mw): LB=15.801379, Z₀(α*)=3.197427, intercept=-50.005277 (0.135s) [OMP=0.112 ISP-L=0.003 ISP-F=0.009 MW-L=0.006 MW-F=0.006]
  Mini-Benders[4]: LB stagnated, break
  α-step: Z₀=24.444113, α=[0.000,0.000,4.182,0.000,0.000,0.000,0.000,0.000,0.000,0.000,0.000,0.000,0.000,0.191,0.000,0.000,0.000,0.000,0.000,0.000,0.000,0.000,2.289,0.000,0.000,0.000,0.000,0.000,0.000,0.000,0.000,0.000,1.420,1.862,0.000,0.000]
  Alt-Benders[1] (mw): LB=15.920516, Z₀(α*)=17.352299, intercept=-35.755688 (0.151s) [OMP=0.125 ISP-L=0.003 ISP-F=0.009 MW-L=0.006 MW-F=0.006]
  Alt-Benders[2] (mw): LB=15.978276, Z₀(α*)=13.405061, intercept=-12.213164 (0.151s) [OMP=0.122 ISP-L=0.003 ISP-F=0.010 MW-L=0.006 MW-F=0.006]
  Alt-Benders[3] (mw): LB=15.978276, Z₀(α*)=13.405061, intercept=-12.213164 (0.120s) [OMP=0.099 ISP-L=0.003 ISP-F=0.010 MW-L=0.006 MW-F=0.006]
  Alt-Benders[4] (mw): LB=15.978276, Z₀(α*)=13.405061, intercept=-12.213164 (0.136s) [OMP=0.102 ISP-L=0.003 ISP-F=0.010 MW-L=0.006 MW-F=0.017]
  Alt-Benders[5]: LB stagnated, break
  OMP re-solve: 0.000s

=== True-DRO Benders iter 19 ===
  OMP: t₀=15.978276, UB=18.171932, gap=1.21e-01, x=[0, 0, 0, 0, 0, 0, 0, 0, 0, 0, 0, 0, 0, 0, 0, 1, 0, 0, 0, 0, 0, 0, 0, 0, 0, 0, 0, 0, 1, 0, 0, 0, 0, 0, 0, 0] (0.000s)
  Sub: Z₀=26.185738 [LOCAL] (0.1s), α=[0.000,0.000,5.422,0.000,0.000,0.000,0.000,0.000,0.000,0.000,0.000,0.000,0.000,0.000,0.000,0.000,0.000,0.000,0.000,0.000,0.000,0.000,0.000,0.000,0.000,0.000,0.000,0.000,0.000,0.000,0.000,0.000,0.388,4.134,0.000,0.000]
  Iter 19: LB=15.978276  UB=18.171932  gap=1.21e-01
  Cut: intercept=-1086.809102, π_x_range=[-823.9472, 565.9959]
  Mini-Benders[1] (mw): LB=15.990760, Z₀(α*)=12.316758, intercept=-40.853101 (0.150s) [OMP=0.129 ISP-L=0.003 ISP-F=0.009 MW-L=0.006 MW-F=0.006]
  Mini-Benders[2] (mw): LB=15.990760, Z₀(α*)=12.316758, intercept=-40.853101 (0.136s) [OMP=0.098 ISP-L=0.003 ISP-F=0.009 MW-L=0.006 MW-F=0.007]
  Mini-Benders[3] (mw): LB=15.990760, Z₀(α*)=12.316758, intercept=-40.853101 (0.122s) [OMP=0.098 ISP-L=0.003 ISP-F=0.009 MW-L=0.006 MW-F=0.007]
  Mini-Benders[4]: LB stagnated, break
  α-step: Z₀=21.604991, α=[0.000,0.000,4.182,0.000,0.000,0.000,0.000,0.000,0.000,0.000,0.000,0.000,0.000,2.481,0.000,0.000,0.000,0.000,0.000,0.000,0.000,0.000,0.000,0.000,0.000,0.000,0.000,0.000,0.000,0.000,0.000,0.000,1.815,1.467,0.000,0.000]
  Alt-Benders[1] (mw): LB=16.083994, Z₀(α*)=-3.748489, intercept=-41.317221 (0.147s) [OMP=0.125 ISP-L=0.004 ISP-F=0.008 MW-L=0.006 MW-F=0.007]
  Alt-Benders[2] (mw): LB=16.083994, Z₀(α*)=-3.748489, intercept=-41.317221 (0.151s) [OMP=0.127 ISP-L=0.004 ISP-F=0.008 MW-L=0.007 MW-F=0.007]
  Alt-Benders[3] (mw): LB=16.083994, Z₀(α*)=-3.748489, intercept=-41.317221 (0.150s) [OMP=0.127 ISP-L=0.004 ISP-F=0.008 MW-L=0.007 MW-F=0.007]
  Alt-Benders[4]: LB stagnated, break
  OMP re-solve: 0.000s

=== True-DRO Benders iter 20 ===
  OMP: t₀=16.083994, UB=18.171932, gap=1.15e-01, x=[0, 0, 0, 0, 0, 1, 0, 0, 0, 0, 0, 0, 0, 1, 0, 0, 0, 0, 0, 0, 0, 0, 0, 0, 0, 0, 0, 0, 0, 0, 0, 0, 0, 0, 0, 0] (0.000s)
  Sub: Z₀=22.150079 (0.1s), α=[0.000,0.000,0.737,0.000,0.000,3.934,0.000,0.000,0.000,0.000,0.000,0.000,0.000,3.435,0.000,0.000,0.000,0.294,0.000,0.000,0.000,0.000,0.000,0.000,0.000,0.000,0.000,0.000,0.000,0.157,0.540,0.000,0.360,0.489,0.000,0.000]
  Iter 20: LB=16.083994  UB=18.171932  gap=1.15e-01
  Cut: intercept=-39.740161, π_x_range=[-266.0000, 53.3204]
  Sherali-Cut: intercept=-39.740224, π_x_range=[-67.9306, 53.3204]
  Mini-Benders[1] (mw): LB=16.390857, Z₀(α*)=-6.296177, intercept=-83.523852 (0.172s) [OMP=0.135 ISP-L=0.004 ISP-F=0.010 MW-L=0.006 MW-F=0.008]
  Mini-Benders[2] (mw): LB=16.390857, Z₀(α*)=-6.296177, intercept=-83.523852 (0.135s) [OMP=0.113 ISP-L=0.004 ISP-F=0.009 MW-L=0.006 MW-F=0.008]
  Mini-Benders[3] (mw): LB=16.390857, Z₀(α*)=-6.296177, intercept=-83.523852 (0.135s) [OMP=0.111 ISP-L=0.004 ISP-F=0.009 MW-L=0.006 MW-F=0.008]
  Mini-Benders[4]: LB stagnated, break
  α-step: Z₀=17.210464, α=[0.000,0.000,0.000,0.000,0.000,0.879,0.000,0.000,0.000,0.000,0.000,0.000,0.000,3.506,0.000,0.000,0.000,0.000,0.000,0.000,0.000,0.000,0.000,0.000,0.000,0.000,0.000,0.000,0.000,0.000,0.000,0.000,4.103,1.456,0.000,0.000]
  Alt-Benders[1] (mw): LB=16.448586, Z₀(α*)=-21.322053, intercept=-161.229430 (0.145s) [OMP=0.134 ISP-L=0.003 ISP-F=0.008 MW-L=0.007 MW-F=0.006]
  Alt-Benders[2] (mw): LB=16.448586, Z₀(α*)=-21.322053, intercept=-161.229430 (0.135s) [OMP=0.112 ISP-L=0.003 ISP-F=0.008 MW-L=0.007 MW-F=0.007]
  Alt-Benders[3] (mw): LB=16.448586, Z₀(α*)=-21.322053, intercept=-161.229430 (0.151s) [OMP=0.112 ISP-L=0.003 ISP-F=0.009 MW-L=0.018 MW-F=0.007]
  Alt-Benders[4]: LB stagnated, break
  OMP re-solve: 0.000s

=== True-DRO Benders iter 21 ===
  OMP: t₀=16.448586, UB=18.171932, gap=9.48e-02, x=[0, 0, 0, 0, 0, 1, 0, 0, 0, 0, 0, 0, 0, 0, 0, 0, 0, 0, 0, 0, 0, 0, 1, 0, 0, 0, 0, 0, 0, 0, 0, 0, 0, 0, 0, 0] (0.000s)
  Sub: Z₀=17.612522 [LOCAL] (0.1s), α=[0.000,0.000,0.000,0.000,0.000,8.985,0.000,0.000,0.000,0.000,0.000,0.000,0.000,0.959,0.000,0.000,0.000,0.000,0.000,0.000,0.000,0.000,0.000,0.000,0.000,0.000,0.000,0.000,0.000,0.000,0.000,0.000,0.000,0.000,0.000,0.000]
  Iter 21: LB=16.448586  UB=18.171932  gap=9.48e-02
  Cut: intercept=-1135.635075, π_x_range=[-819.9542, 582.1641]
  Mini-Benders[1] (mw): LB=16.448586, Z₀(α*)=-7.111138, intercept=-75.593132 (0.135s) [OMP=0.111 ISP-L=0.003 ISP-F=0.009 MW-L=0.006 MW-F=0.007]
  Mini-Benders[2] (mw): LB=16.448586, Z₀(α*)=-7.111138, intercept=-75.593132 (0.182s) [OMP=0.157 ISP-L=0.003 ISP-F=0.009 MW-L=0.006 MW-F=0.007]
  Mini-Benders[3]: LB stagnated, break
  α-step: Z₀=16.448586, α=[0.000,0.000,0.000,0.000,0.000,0.000,0.000,0.000,0.000,0.000,0.000,0.000,0.000,3.356,0.000,0.000,0.000,0.000,0.000,0.000,0.000,0.000,0.000,0.000,0.000,0.000,0.000,0.000,0.000,0.000,0.000,0.000,3.373,3.215,0.000,0.000]
  Alt-Benders[1] (mw): LB=16.448586, Z₀(α*)=19.636212, intercept=-70.922015 (0.134s) [OMP=0.112 ISP-L=0.003 ISP-F=0.009 MW-L=0.005 MW-F=0.007]
  Alt-Benders[2] (mw): LB=16.605852, Z₀(α*)=-2.096218, intercept=-65.799992 (0.151s) [OMP=0.131 ISP-L=0.003 ISP-F=0.010 MW-L=0.006 MW-F=0.006]
  Alt-Benders[3] (mw): LB=16.605852, Z₀(α*)=-2.096218, intercept=-65.799992 (0.135s) [OMP=0.107 ISP-L=0.003 ISP-F=0.010 MW-L=0.006 MW-F=0.006]
  Alt-Benders[4] (mw): LB=16.605852, Z₀(α*)=-2.096218, intercept=-65.799992 (0.134s) [OMP=0.105 ISP-L=0.003 ISP-F=0.010 MW-L=0.006 MW-F=0.006]
  Alt-Benders[5]: LB stagnated, break
  OMP re-solve: 0.000s

=== True-DRO Benders iter 22 ===
  OMP: t₀=16.605852, UB=18.171932, gap=8.62e-02, x=[0, 0, 0, 0, 0, 0, 0, 0, 0, 0, 0, 1, 0, 0, 0, 0, 0, 0, 0, 0, 0, 0, 1, 0, 0, 0, 0, 0, 0, 0, 0, 0, 0, 0, 0, 0] (0.000s)
  Sub: Z₀=23.548555 [LOCAL] (0.1s), α=[0.000,0.000,4.171,0.000,0.000,0.061,0.000,0.000,0.000,0.000,0.000,0.000,0.000,1.611,0.000,0.000,0.000,0.000,0.000,0.000,0.000,0.000,0.814,0.000,0.000,0.000,0.000,0.000,0.000,0.000,0.000,0.000,2.255,1.032,0.000,0.000]
  Iter 22: LB=16.605852  UB=18.171932  gap=8.62e-02
  Cut: intercept=-1104.371677, π_x_range=[-824.9008, 565.9449]
  Mini-Benders[1] (mw): LB=16.651563, Z₀(α*)=21.990604, intercept=-34.362250 (0.153s) [OMP=0.129 ISP-L=0.003 ISP-F=0.011 MW-L=0.006 MW-F=0.006]
  Mini-Benders[2] (mw): LB=16.685515, Z₀(α*)=5.937112, intercept=-91.708178 (0.166s) [OMP=0.145 ISP-L=0.003 ISP-F=0.009 MW-L=0.006 MW-F=0.006]
  Mini-Benders[3] (mw): LB=16.685515, Z₀(α*)=5.937112, intercept=-91.708178 (0.136s) [OMP=0.109 ISP-L=0.003 ISP-F=0.009 MW-L=0.006 MW-F=0.006]
  Mini-Benders[4] (mw): LB=16.685515, Z₀(α*)=5.937112, intercept=-91.708178 (0.135s) [OMP=0.108 ISP-L=0.003 ISP-F=0.009 MW-L=0.006 MW-F=0.006]
  Mini-Benders[5]: LB stagnated, break
  α-step: Z₀=21.111514, α=[0.000,0.000,4.721,0.000,0.000,0.000,0.000,0.000,0.000,1.404,0.000,0.000,0.000,0.000,0.000,0.000,0.000,0.000,0.000,0.000,0.000,0.000,0.000,0.000,0.000,0.000,0.000,0.000,0.000,0.000,0.000,0.000,0.000,3.820,0.000,0.000]
  Alt-Benders[1] (mw): LB=16.876266, Z₀(α*)=-8.474548, intercept=-78.757535 (0.151s) [OMP=0.131 ISP-L=0.003 ISP-F=0.009 MW-L=0.006 MW-F=0.007]
  Alt-Benders[2] (mw): LB=16.876266, Z₀(α*)=-8.474548, intercept=-78.757535 (0.136s) [OMP=0.114 ISP-L=0.003 ISP-F=0.009 MW-L=0.006 MW-F=0.007]
  Alt-Benders[3] (mw): LB=16.876266, Z₀(α*)=-8.474548, intercept=-78.757535 (0.135s) [OMP=0.112 ISP-L=0.003 ISP-F=0.009 MW-L=0.006 MW-F=0.007]
  Alt-Benders[4]: LB stagnated, break
  OMP re-solve: 0.000s

=== True-DRO Benders iter 23 ===
  OMP: t₀=16.876266, UB=18.171932, gap=7.13e-02, x=[0, 0, 1, 0, 0, 0, 0, 0, 0, 0, 0, 0, 0, 0, 0, 0, 0, 0, 0, 0, 0, 0, 1, 0, 0, 0, 0, 0, 0, 0, 0, 0, 0, 0, 0, 0] (0.000s)
  Sub: Z₀=21.262334 [LOCAL] (0.1s), α=[0.000,0.000,9.733,0.000,0.000,0.026,0.000,0.000,0.000,0.000,0.000,0.000,0.000,0.185,0.000,0.000,0.000,0.000,0.000,0.000,0.000,0.000,0.000,0.000,0.000,0.000,0.000,0.000,0.000,0.000,0.000,0.000,0.000,0.000,0.000,0.000]
  Iter 23: LB=16.876266  UB=18.171932  gap=7.13e-02
  Cut: intercept=-1122.021610, π_x_range=[-822.4734, 574.7085]
  Mini-Benders[1] (mw): LB=16.876266, Z₀(α*)=-3.099277, intercept=-56.265746 (0.153s) [OMP=0.134 ISP-L=0.004 ISP-F=0.009 MW-L=0.006 MW-F=0.006]
  Mini-Benders[2] (mw): LB=16.876266, Z₀(α*)=-3.099277, intercept=-56.265746 (0.135s) [OMP=0.106 ISP-L=0.003 ISP-F=0.009 MW-L=0.006 MW-F=0.006]
  Mini-Benders[3]: LB stagnated, break
  α-step: Z₀=22.348688, α=[0.000,0.000,4.182,0.000,0.000,0.000,0.000,0.000,0.000,0.000,0.000,0.000,0.000,2.481,0.000,0.000,0.000,0.000,0.000,0.000,0.000,0.000,0.000,0.000,0.000,0.000,0.000,0.000,0.000,0.000,0.000,0.000,1.815,1.467,0.000,0.000]
  Alt-Benders[1] (mw): LB=16.886266, Z₀(α*)=17.074223, intercept=-49.065928 (0.151s) [OMP=0.136 ISP-L=0.003 ISP-F=0.010 MW-L=0.005 MW-F=0.006]
  Alt-Benders[2] (mw): LB=16.886266, Z₀(α*)=24.851356, intercept=-38.847019 (0.135s) [OMP=0.110 ISP-L=0.003 ISP-F=0.009 MW-L=0.005 MW-F=0.006]
  Alt-Benders[3] (mw): LB=16.886266, Z₀(α*)=-7.881874, intercept=-90.847809 (0.167s) [OMP=0.132 ISP-L=0.003 ISP-F=0.010 MW-L=0.005 MW-F=0.008]
  Alt-Benders[4]: LB stagnated, break
  OMP re-solve: 0.000s

=== True-DRO Benders iter 24 ===
  OMP: t₀=16.886266, UB=18.171932, gap=7.08e-02, x=[0, 0, 0, 0, 0, 0, 0, 0, 0, 0, 0, 0, 0, 0, 0, 0, 0, 0, 0, 0, 0, 0, 1, 0, 1, 0, 0, 0, 0, 0, 0, 0, 0, 0, 0, 0] (0.000s)
  Sub: Z₀=20.370184 [LOCAL] (0.1s), α=[0.000,0.000,0.000,0.000,0.000,0.000,0.059,0.000,0.000,0.000,0.000,0.000,0.000,0.000,0.000,0.000,0.000,4.338,0.000,0.000,0.000,0.000,0.000,0.000,2.324,0.000,0.000,0.000,0.000,0.000,0.000,0.000,2.916,0.308,0.000,0.000]
  Iter 24: LB=16.886266  UB=18.171932  gap=7.08e-02
  Cut: intercept=-1083.104968, π_x_range=[-816.8212, 561.9919]
  Mini-Benders[1] (mw): LB=16.886266, Z₀(α*)=7.625136, intercept=-73.284762 (0.137s) [OMP=0.102 ISP-L=0.003 ISP-F=0.009 MW-L=0.006 MW-F=0.006]
  Mini-Benders[2] (mw): LB=16.886266, Z₀(α*)=7.625136, intercept=-73.284762 (0.138s) [OMP=0.109 ISP-L=0.003 ISP-F=0.009 MW-L=0.017 MW-F=0.006]
  Mini-Benders[3]: LB stagnated, break
  α-step: Z₀=22.624193, α=[0.000,0.000,6.310,0.000,0.000,0.000,0.000,0.000,0.000,0.000,0.000,0.000,0.000,0.496,0.000,0.000,0.000,1.066,0.000,0.000,0.000,0.000,0.000,0.000,0.000,0.000,0.000,0.000,0.000,0.000,0.000,0.000,0.605,1.467,0.000,0.000]
  Alt-Benders[1] (mw): LB=16.886266, Z₀(α*)=10.683698, intercept=-45.987511 (0.162s) [OMP=0.137 ISP-L=0.004 ISP-F=0.009 MW-L=0.007 MW-F=0.007]
  Alt-Benders[2] (mw): LB=16.886266, Z₀(α*)=10.683698, intercept=-45.987511 (0.135s) [OMP=0.111 ISP-L=0.004 ISP-F=0.009 MW-L=0.007 MW-F=0.007]
  Alt-Benders[3]: LB stagnated, break
  OMP re-solve: 0.000s

=== True-DRO Benders iter 25 ===
  OMP: t₀=16.886266, UB=18.171932, gap=7.08e-02, x=[0, 0, 0, 0, 0, 0, 0, 0, 0, 0, 0, 0, 0, 0, 0, 0, 0, 0, 0, 0, 0, 0, 1, 0, 0, 0, 0, 0, 0, 1, 0, 0, 0, 0, 0, 0] (0.000s)
  Sub: Z₀=24.862147 (0.1s), α=[0.000,0.000,4.171,0.000,0.000,0.124,0.000,0.000,0.000,0.000,0.000,0.000,0.000,2.282,0.000,0.000,0.000,0.000,0.000,0.000,0.000,0.000,0.081,0.000,0.000,0.000,0.000,0.000,0.000,0.000,0.000,0.000,2.921,0.366,0.000,0.000]
  Iter 25: LB=16.886266  UB=18.171932  gap=7.08e-02
  Cut: intercept=-60.871449, π_x_range=[-275.0000, 63.7038]
  Sherali-Cut: intercept=-38.841711, π_x_range=[-119.3036, 63.7038]
  Mini-Benders[1] (mw): LB=16.886266, Z₀(α*)=24.575407, intercept=-69.005004 (0.182s) [OMP=0.147 ISP-L=0.003 ISP-F=0.010 MW-L=0.006 MW-F=0.006]
  Mini-Benders[2] (mw): LB=17.060712, Z₀(α*)=-1.418507, intercept=-36.330533 (0.167s) [OMP=0.138 ISP-L=0.003 ISP-F=0.010 MW-L=0.006 MW-F=0.016]
  Mini-Benders[3] (mw): LB=17.060712, Z₀(α*)=-1.418507, intercept=-36.330533 (0.135s) [OMP=0.107 ISP-L=0.003 ISP-F=0.009 MW-L=0.006 MW-F=0.006]
  Mini-Benders[4] (mw): LB=17.060712, Z₀(α*)=-1.418507, intercept=-36.330533 (0.135s) [OMP=0.106 ISP-L=0.003 ISP-F=0.010 MW-L=0.006 MW-F=0.006]
  Mini-Benders[5]: LB stagnated, break
  α-step: Z₀=18.152947, α=[0.000,0.000,0.000,0.000,0.000,4.738,0.000,0.000,0.000,0.000,0.000,0.000,0.000,0.000,0.000,0.000,0.000,1.762,0.000,0.000,0.000,0.000,0.000,0.000,0.000,0.000,0.000,0.000,0.000,1.864,0.000,0.000,0.748,0.833,0.000,0.000]
  Alt-Benders[1] (mw): LB=17.074221, Z₀(α*)=-16.168646, intercept=-51.469803 (0.155s) [OMP=0.136 ISP-L=0.003 ISP-F=0.010 MW-L=0.005 MW-F=0.006]
  Alt-Benders[2] (mw): LB=17.074221, Z₀(α*)=-16.168646, intercept=-51.469803 (0.151s) [OMP=0.133 ISP-L=0.003 ISP-F=0.009 MW-L=0.005 MW-F=0.006]
  Alt-Benders[3] (mw): LB=17.074221, Z₀(α*)=-16.168646, intercept=-51.469803 (0.166s) [OMP=0.133 ISP-L=0.003 ISP-F=0.010 MW-L=0.005 MW-F=0.006]
  Alt-Benders[4]: LB stagnated, break
  OMP re-solve: 0.000s

=== True-DRO Benders iter 26 ===
  OMP: t₀=17.074221, UB=18.171932, gap=6.04e-02, x=[0, 0, 0, 0, 0, 0, 0, 0, 0, 1, 0, 0, 0, 0, 0, 0, 0, 0, 0, 0, 0, 0, 1, 0, 0, 0, 0, 0, 0, 0, 0, 0, 0, 0, 0, 0] (0.000s)
  Sub: Z₀=22.082638 [LOCAL] (0.1s), α=[0.000,0.000,5.422,0.000,0.000,0.000,0.000,0.000,0.000,0.000,0.000,0.000,0.000,0.000,0.000,0.000,0.000,0.000,0.000,0.000,0.000,0.000,0.000,0.000,0.000,0.000,0.000,0.000,0.000,0.000,0.000,0.000,3.920,0.602,0.000,0.000]
  Iter 26: LB=17.074221  UB=18.171932  gap=6.04e-02
  Cut: intercept=-1099.472055, π_x_range=[-825.9895, 562.6879]
  Mini-Benders[1] (mw): LB=17.078195, Z₀(α*)=-46.453123, intercept=-147.494736 (0.169s) [OMP=0.147 ISP-L=0.003 ISP-F=0.008 MW-L=0.005 MW-F=0.007]
  Mini-Benders[2] (mw): LB=17.078195, Z₀(α*)=-46.453123, intercept=-147.494736 (0.172s) [OMP=0.148 ISP-L=0.003 ISP-F=0.008 MW-L=0.005 MW-F=0.018]
  Mini-Benders[3] (mw): LB=17.078195, Z₀(α*)=-46.453123, intercept=-147.494736 (0.182s) [OMP=0.150 ISP-L=0.003 ISP-F=0.008 MW-L=0.005 MW-F=0.007]
  Mini-Benders[4]: LB stagnated, break
  α-step: Z₀=16.448586, α=[0.000,0.000,0.000,0.000,0.000,0.000,0.000,0.000,0.000,0.000,0.000,0.000,0.000,1.365,0.000,0.000,0.000,0.000,0.000,0.000,0.000,0.000,0.000,0.000,0.000,0.000,0.000,0.000,0.000,0.000,0.000,0.000,0.000,8.579,0.000,0.000]
  Alt-Benders[1] (mw): LB=17.078195, Z₀(α*)=17.153080, intercept=-147.527404 (0.171s) [OMP=0.148 ISP-L=0.003 ISP-F=0.009 MW-L=0.005 MW-F=0.007]
  Alt-Benders[2] (mw): LB=17.088090, Z₀(α*)=-12.224373, intercept=-30.892380 (0.151s) [OMP=0.131 ISP-L=0.003 ISP-F=0.010 MW-L=0.005 MW-F=0.006]
  Alt-Benders[3] (mw): LB=17.088090, Z₀(α*)=-12.224373, intercept=-30.892380 (0.135s) [OMP=0.113 ISP-L=0.003 ISP-F=0.010 MW-L=0.005 MW-F=0.006]
  Alt-Benders[4] (mw): LB=17.088090, Z₀(α*)=-12.224373, intercept=-30.892380 (0.136s) [OMP=0.113 ISP-L=0.003 ISP-F=0.010 MW-L=0.005 MW-F=0.006]
  Alt-Benders[5]: LB stagnated, break
  OMP re-solve: 0.000s

=== True-DRO Benders iter 27 ===
  OMP: t₀=17.088090, UB=18.171932, gap=5.96e-02, x=[0, 0, 0, 0, 0, 1, 0, 0, 0, 0, 0, 0, 0, 0, 0, 0, 0, 0, 0, 0, 0, 0, 0, 0, 0, 0, 0, 0, 0, 0, 0, 0, 0, 0, 0, 0] (0.000s)
  Sub: Z₀=21.866309 [LOCAL] (0.1s), α=[0.000,0.000,1.440,0.000,0.000,4.845,0.000,0.000,0.000,0.000,0.000,0.000,0.000,1.106,0.000,0.000,0.000,0.322,0.000,0.000,0.000,0.000,0.000,0.000,0.000,0.000,0.000,0.000,0.000,0.113,0.539,0.000,0.441,1.139,0.000,0.000]
  Iter 27: LB=17.088090  UB=18.171932  gap=5.96e-02
  Cut: intercept=-532.659494, π_x_range=[-818.2429, 554.5258]
  Mini-Benders[1] (mw): LB=17.088090, Z₀(α*)=22.881798, intercept=-29.130291 (0.151s) [OMP=0.134 ISP-L=0.003 ISP-F=0.009 MW-L=0.005 MW-F=0.006]
  Mini-Benders[2] (mw): LB=17.088090, Z₀(α*)=18.171239, intercept=-37.917322 (0.151s) [OMP=0.109 ISP-L=0.003 ISP-F=0.010 MW-L=0.006 MW-F=0.018]
  Mini-Benders[3]: LB stagnated, break
  α-step: Z₀=23.399875, α=[0.000,0.000,0.000,0.000,0.000,4.128,0.544,0.000,0.000,0.000,0.000,0.000,0.000,2.900,0.000,0.000,0.000,2.280,0.000,0.000,0.000,0.000,0.000,0.000,0.000,0.000,0.000,0.000,0.000,0.092,0.000,0.000,0.000,0.000,0.000,0.000]
  Alt-Benders[1] (mw): LB=17.088090, Z₀(α*)=-1.660796, intercept=-85.860540 (0.152s) [OMP=0.130 ISP-L=0.003 ISP-F=0.009 MW-L=0.005 MW-F=0.007]
  Alt-Benders[2] (mw): LB=17.088090, Z₀(α*)=-1.660796, intercept=-85.860540 (0.120s) [OMP=0.108 ISP-L=0.003 ISP-F=0.009 MW-L=0.005 MW-F=0.007]
  Alt-Benders[3]: LB stagnated, break
  OMP re-solve: 0.000s

=== True-DRO Benders iter 28 ===
  OMP: t₀=17.088090, UB=18.171932, gap=5.96e-02, x=[0, 0, 1, 0, 0, 1, 0, 0, 0, 0, 0, 0, 0, 0, 0, 0, 0, 0, 0, 0, 0, 0, 0, 0, 0, 0, 0, 0, 0, 0, 0, 0, 0, 0, 0, 0] (0.000s)
  Sub: Z₀=19.079930 [LOCAL] (0.1s), α=[0.000,0.000,5.732,0.000,0.000,2.698,0.000,0.000,0.000,0.000,0.000,0.000,0.000,0.612,0.000,0.000,0.000,0.483,0.000,0.000,0.000,0.000,0.000,0.000,0.000,0.000,0.000,0.000,0.000,0.068,0.352,0.000,0.000,0.000,0.000,0.000]
  Iter 28: LB=17.088090  UB=18.171932  gap=5.96e-02
  Cut: intercept=-1117.988492, π_x_range=[-818.2398, 576.7837]
  Mini-Benders[1] (mw): LB=17.088090, Z₀(α*)=-9.477273, intercept=-93.182411 (0.158s) [OMP=0.139 ISP-L=0.003 ISP-F=0.009 MW-L=0.006 MW-F=0.007]
  Mini-Benders[2] (mw): LB=17.088090, Z₀(α*)=-9.477273, intercept=-93.182411 (0.135s) [OMP=0.106 ISP-L=0.003 ISP-F=0.009 MW-L=0.006 MW-F=0.007]
  Mini-Benders[3]: LB stagnated, break
  α-step: Z₀=16.572680, α=[0.000,0.000,0.182,0.000,0.000,0.000,0.000,0.000,0.000,5.173,0.000,0.000,0.000,4.589,0.000,0.000,0.000,0.000,0.000,0.000,0.000,0.000,0.000,0.000,0.000,0.000,0.000,0.000,0.000,0.000,0.000,0.000,0.000,0.000,0.000,0.000]
  Alt-Benders[1] (mw): LB=17.088090, Z₀(α*)=19.591618, intercept=-89.604830 (0.153s) [OMP=0.134 ISP-L=0.003 ISP-F=0.010 MW-L=0.005 MW-F=0.007]
  Alt-Benders[2] (mw): LB=17.088090, Z₀(α*)=3.335786, intercept=-30.710563 (0.182s) [OMP=0.142 ISP-L=0.003 ISP-F=0.008 MW-L=0.006 MW-F=0.017]
  Alt-Benders[3]: LB stagnated, break
  OMP re-solve: 0.000s

=== True-DRO Benders iter 29 ===
  OMP: t₀=17.088090, UB=18.171932, gap=5.96e-02, x=[0, 0, 0, 0, 0, 1, 0, 0, 0, 0, 0, 0, 0, 0, 0, 0, 0, 0, 0, 0, 0, 1, 0, 0, 0, 0, 0, 0, 0, 0, 0, 0, 0, 0, 0, 0] (0.000s)
  Sub: Z₀=21.866309 [LOCAL] (0.1s), α=[0.000,0.000,1.073,0.000,0.000,4.087,0.000,0.000,0.000,0.000,0.000,0.000,0.000,1.328,0.000,0.000,0.000,0.689,0.000,0.000,0.000,0.000,0.000,0.000,0.000,0.000,0.000,0.000,0.000,0.258,0.929,0.000,1.490,0.090,0.000,0.000]
  Iter 29: LB=17.088090  UB=18.171932  gap=5.96e-02
  Cut: intercept=-1098.155561, π_x_range=[-819.0005, 566.6520]
  Mini-Benders[1] (mw): LB=17.088090, Z₀(α*)=22.881798, intercept=-29.130297 (0.156s) [OMP=0.134 ISP-L=0.003 ISP-F=0.010 MW-L=0.005 MW-F=0.007]
  Mini-Benders[2] (mw): LB=17.088090, Z₀(α*)=17.395682, intercept=-29.130295 (0.167s) [OMP=0.152 ISP-L=0.003 ISP-F=0.010 MW-L=0.006 MW-F=0.006]
  Mini-Benders[3]: LB stagnated, break
  α-step: Z₀=21.072272, α=[0.000,0.000,0.000,0.000,0.000,3.885,0.000,0.000,0.000,0.000,0.000,0.000,0.000,3.143,0.000,0.000,0.000,0.000,0.000,0.000,0.000,0.000,0.000,0.000,0.000,0.000,0.000,0.000,0.000,2.917,0.000,0.000,0.000,0.000,0.000,0.000]
  Alt-Benders[1] (mw): LB=17.088090, Z₀(α*)=-2.740889, intercept=-89.596528 (0.155s) [OMP=0.143 ISP-L=0.003 ISP-F=0.008 MW-L=0.005 MW-F=0.007]
  Alt-Benders[2] (mw): LB=17.088090, Z₀(α*)=-2.740889, intercept=-89.596528 (0.135s) [OMP=0.108 ISP-L=0.003 ISP-F=0.008 MW-L=0.006 MW-F=0.007]
  Alt-Benders[3]: LB stagnated, break
  OMP re-solve: 0.000s

=== True-DRO Benders iter 30 ===
  OMP: t₀=17.088090, UB=18.171932, gap=5.96e-02, x=[0, 0, 0, 0, 0, 1, 0, 0, 0, 0, 0, 0, 0, 0, 0, 0, 0, 1, 0, 0, 0, 0, 0, 0, 0, 0, 0, 0, 0, 0, 0, 0, 0, 0, 0, 0] (0.000s)
  Sub: Z₀=19.762533 (0.4s), α=[0.000,0.000,0.000,0.000,0.000,3.557,0.000,0.000,0.000,0.000,0.000,0.000,0.000,1.305,0.000,0.000,0.000,5.082,0.000,0.000,0.000,0.000,0.000,0.000,0.000,0.000,0.000,0.000,0.000,0.000,0.000,0.000,0.000,0.000,0.000,0.000]
  Iter 30: LB=17.088090  UB=18.171932  gap=5.96e-02
  Cut: intercept=-87.158963, π_x_range=[-241.0000, 61.7798]
  Sherali-Cut: intercept=-86.708976, π_x_range=[-69.5060, 61.7227]
  Mini-Benders[1] (mw): LB=17.088090, Z₀(α*)=7.795447, intercept=-31.407871 (0.156s) [OMP=0.133 ISP-L=0.004 ISP-F=0.008 MW-L=0.005 MW-F=0.006]
  Mini-Benders[2] (mw): LB=17.088090, Z₀(α*)=7.795447, intercept=-31.407871 (0.135s) [OMP=0.114 ISP-L=0.003 ISP-F=0.008 MW-L=0.005 MW-F=0.006]
  Mini-Benders[3]: LB stagnated, break
  α-step: Z₀=22.881798, α=[0.000,0.000,0.963,0.000,0.000,3.702,0.000,0.000,0.000,0.000,0.000,0.000,0.000,2.900,0.000,0.000,0.000,0.799,0.000,0.000,0.000,0.000,0.000,0.000,0.000,0.000,0.000,0.000,0.000,0.000,0.000,0.000,0.000,1.580,0.000,0.000]
  Alt-Benders[1] (mw): LB=17.153078, Z₀(α*)=-23.516000, intercept=-150.436436 (0.158s) [OMP=0.135 ISP-L=0.003 ISP-F=0.009 MW-L=0.006 MW-F=0.007]
  Alt-Benders[2] (mw): LB=17.153078, Z₀(α*)=-23.516000, intercept=-150.436436 (0.151s) [OMP=0.133 ISP-L=0.003 ISP-F=0.008 MW-L=0.005 MW-F=0.006]
  Alt-Benders[3] (mw): LB=17.153078, Z₀(α*)=-23.516000, intercept=-150.436436 (0.167s) [OMP=0.135 ISP-L=0.003 ISP-F=0.009 MW-L=0.006 MW-F=0.007]
  Alt-Benders[4]: LB stagnated, break
  OMP re-solve: 0.000s

=== True-DRO Benders iter 31 ===
  OMP: t₀=17.153078, UB=18.171932, gap=5.61e-02, x=[0, 0, 0, 0, 0, 0, 0, 0, 0, 0, 0, 0, 1, 0, 0, 0, 0, 0, 0, 0, 0, 0, 0, 0, 0, 0, 0, 0, 0, 0, 0, 0, 0, 1, 0, 0] (0.000s)
  Sub: Z₀=17.078195 [LOCAL] (0.1s), α=[0.000,0.000,0.000,0.000,0.000,0.000,0.000,0.000,0.000,0.000,0.000,0.000,1.659,0.150,0.000,0.000,0.000,0.000,0.000,0.000,0.000,0.000,0.000,0.000,0.000,0.000,0.000,0.000,0.000,0.000,0.000,0.000,0.000,8.136,0.000,0.000]
  Iter 31: LB=17.153078  UB=18.171932  gap=5.61e-02
  Cut: intercept=-1159.182191, π_x_range=[-819.6735, 592.4029]
  Mini-Benders[1] (mw): LB=17.153078, Z₀(α*)=17.153080, intercept=-147.527405 (0.166s) [OMP=0.131 ISP-L=0.003 ISP-F=0.009 MW-L=0.006 MW-F=0.007]
  Mini-Benders[2] (mw): LB=17.153078, Z₀(α*)=17.153080, intercept=-147.527405 (0.167s) [OMP=0.141 ISP-L=0.003 ISP-F=0.009 MW-L=0.016 MW-F=0.006]
  Mini-Benders[3]: LB stagnated, break
  α-step: Z₀=17.153080, α=[0.000,0.000,0.000,0.000,0.000,0.000,0.000,0.000,0.000,0.000,0.000,0.000,1.820,1.079,0.000,0.000,0.000,0.000,0.000,0.000,0.000,0.000,0.000,0.000,0.000,0.000,0.000,0.000,0.000,0.000,0.000,0.000,0.000,7.045,0.000,0.000]
  Alt-Benders[1] (mw): LB=17.153078, Z₀(α*)=17.153080, intercept=-147.527404 (0.159s) [OMP=0.140 ISP-L=0.004 ISP-F=0.009 MW-L=0.006 MW-F=0.007]
  Alt-Benders[2] (mw): LB=17.153080, Z₀(α*)=17.153080, intercept=-147.527404 (0.182s) [OMP=0.148 ISP-L=0.003 ISP-F=0.009 MW-L=0.005 MW-F=0.007]
  Alt-Benders[3] (mw): LB=17.153080, Z₀(α*)=17.153080, intercept=-147.527404 (0.166s) [OMP=0.148 ISP-L=0.003 ISP-F=0.009 MW-L=0.005 MW-F=0.007]
  Alt-Benders[4] (mw): LB=17.153080, Z₀(α*)=17.153080, intercept=-147.527404 (0.182s) [OMP=0.148 ISP-L=0.003 ISP-F=0.009 MW-L=0.005 MW-F=0.007]
  Alt-Benders[5]: LB stagnated, break
  OMP re-solve: 0.000s

=== True-DRO Benders iter 32 ===
  OMP: t₀=17.153080, UB=18.171932, gap=5.61e-02, x=[0, 0, 0, 0, 0, 0, 0, 0, 0, 0, 0, 0, 1, 0, 0, 0, 0, 0, 0, 0, 0, 0, 0, 0, 0, 0, 0, 0, 0, 0, 0, 0, 0, 1, 0, 0] (0.000s)
  Sub: Z₀=17.078195 [LOCAL] (0.1s), α=[0.000,0.000,0.000,0.000,0.000,0.000,0.000,0.000,0.000,0.000,0.000,0.000,1.659,0.150,0.000,0.000,0.000,0.000,0.000,0.000,0.000,0.000,0.000,0.000,0.000,0.000,0.000,0.000,0.000,0.000,0.000,0.000,0.000,8.136,0.000,0.000]
  Iter 32: LB=17.153080  UB=18.171932  gap=5.61e-02
  Cut: intercept=-1159.182191, π_x_range=[-819.6735, 592.4029]
  Mini-Benders[1] (mw): LB=17.153080, Z₀(α*)=17.153080, intercept=-147.527405 (0.184s) [OMP=0.150 ISP-L=0.003 ISP-F=0.009 MW-L=0.005 MW-F=0.006]
  Mini-Benders[2] (mw): LB=17.153080, Z₀(α*)=17.153080, intercept=-147.527405 (0.167s) [OMP=0.146 ISP-L=0.003 ISP-F=0.009 MW-L=0.006 MW-F=0.006]
  Mini-Benders[3]: LB stagnated, break
  α-step: Z₀=17.153080, α=[0.000,0.000,0.000,0.000,0.000,0.000,0.000,0.000,0.000,0.000,0.000,0.000,1.820,1.079,0.000,0.000,0.000,0.000,0.000,0.000,0.000,0.000,0.000,0.000,0.000,0.000,0.000,0.000,0.000,0.000,0.000,0.000,0.000,7.045,0.000,0.000]
  Alt-Benders[1] (mw): LB=17.153080, Z₀(α*)=17.153080, intercept=-147.527404 (0.167s) [OMP=0.146 ISP-L=0.004 ISP-F=0.009 MW-L=0.005 MW-F=0.007]
  Alt-Benders[2] (mw): LB=17.153080, Z₀(α*)=17.153080, intercept=-147.527404 (0.182s) [OMP=0.157 ISP-L=0.003 ISP-F=0.009 MW-L=0.006 MW-F=0.007]
  Alt-Benders[3]: LB stagnated, break
  OMP re-solve: 0.000s

=== True-DRO Benders iter 33 ===
  OMP: t₀=17.153080, UB=18.171932, gap=5.61e-02, x=[0, 0, 0, 0, 0, 0, 0, 0, 0, 0, 0, 0, 1, 0, 0, 0, 0, 0, 0, 0, 0, 0, 0, 0, 0, 0, 0, 0, 0, 0, 0, 0, 0, 1, 0, 0] (0.000s)
  Sub: Z₀=17.078195 [LOCAL] (0.1s), α=[0.000,0.000,0.000,0.000,0.000,0.000,0.000,0.000,0.000,0.000,0.000,0.000,1.659,0.150,0.000,0.000,0.000,0.000,0.000,0.000,0.000,0.000,0.000,0.000,0.000,0.000,0.000,0.000,0.000,0.000,0.000,0.000,0.000,8.136,0.000,0.000]
  Iter 33: LB=17.153080  UB=18.171932  gap=5.61e-02
  Cut: intercept=-1159.182191, π_x_range=[-819.6735, 592.4029]
  Mini-Benders[1] (mw): LB=17.153080, Z₀(α*)=17.153080, intercept=-147.527405 (0.182s) [OMP=0.151 ISP-L=0.004 ISP-F=0.009 MW-L=0.006 MW-F=0.006]
  Mini-Benders[2] (mw): LB=17.153080, Z₀(α*)=17.153080, intercept=-147.527405 (0.166s) [OMP=0.147 ISP-L=0.003 ISP-F=0.009 MW-L=0.005 MW-F=0.006]
  Mini-Benders[3]: LB stagnated, break
  α-step: Z₀=17.153080, α=[0.000,0.000,0.000,0.000,0.000,0.000,0.000,0.000,0.000,0.000,0.000,0.000,1.820,1.079,0.000,0.000,0.000,0.000,0.000,0.000,0.000,0.000,0.000,0.000,0.000,0.000,0.000,0.000,0.000,0.000,0.000,0.000,0.000,7.045,0.000,0.000]
  Alt-Benders[1] (mw): LB=17.153080, Z₀(α*)=17.153080, intercept=-147.527404 (0.182s) [OMP=0.146 ISP-L=0.003 ISP-F=0.009 MW-L=0.006 MW-F=0.008]
  Alt-Benders[2] (mw): LB=17.153080, Z₀(α*)=17.153080, intercept=-147.527404 (0.166s) [OMP=0.146 ISP-L=0.003 ISP-F=0.009 MW-L=0.006 MW-F=0.008]
  Alt-Benders[3]: LB stagnated, break
  OMP re-solve: 0.000s

=== True-DRO Benders iter 34 ===
  OMP: t₀=17.153080, UB=18.171932, gap=5.61e-02, x=[0, 0, 0, 0, 0, 0, 0, 0, 0, 0, 0, 0, 1, 0, 0, 0, 0, 0, 0, 0, 0, 0, 0, 0, 0, 0, 0, 0, 0, 0, 0, 0, 0, 1, 0, 0] (0.000s)
  Sub: Z₀=17.078195 [LOCAL] (0.1s), α=[0.000,0.000,0.000,0.000,0.000,0.000,0.000,0.000,0.000,0.000,0.000,0.000,1.659,0.150,0.000,0.000,0.000,0.000,0.000,0.000,0.000,0.000,0.000,0.000,0.000,0.000,0.000,0.000,0.000,0.000,0.000,0.000,0.000,8.136,0.000,0.000]
  Iter 34: LB=17.153080  UB=18.171932  gap=5.61e-02
  Cut: intercept=-1159.182191, π_x_range=[-819.6735, 592.4029]
  Mini-Benders[1] (mw): LB=17.153080, Z₀(α*)=17.153080, intercept=-147.527405 (0.181s) [OMP=0.154 ISP-L=0.003 ISP-F=0.009 MW-L=0.006 MW-F=0.007]
  Mini-Benders[2] (mw): LB=17.153080, Z₀(α*)=17.153080, intercept=-147.527405 (0.167s) [OMP=0.150 ISP-L=0.003 ISP-F=0.009 MW-L=0.005 MW-F=0.006]
  Mini-Benders[3]: LB stagnated, break
  α-step: Z₀=17.153080, α=[0.000,0.000,0.000,0.000,0.000,0.000,0.000,0.000,0.000,0.000,0.000,0.000,1.820,1.079,0.000,0.000,0.000,0.000,0.000,0.000,0.000,0.000,0.000,0.000,0.000,0.000,0.000,0.000,0.000,0.000,0.000,0.000,0.000,7.045,0.000,0.000]
  Alt-Benders[1] (mw): LB=17.153080, Z₀(α*)=17.153080, intercept=-147.527404 (0.155s) [OMP=0.143 ISP-L=0.003 ISP-F=0.009 MW-L=0.005 MW-F=0.007]
  Alt-Benders[2] (mw): LB=17.153080, Z₀(α*)=17.153080, intercept=-147.527404 (0.182s) [OMP=0.150 ISP-L=0.003 ISP-F=0.009 MW-L=0.006 MW-F=0.007]
  Alt-Benders[3]: LB stagnated, break
  OMP re-solve: 0.000s

=== True-DRO Benders iter 35 ===
  OMP: t₀=17.153080, UB=18.171932, gap=5.61e-02, x=[0, 0, 0, 0, 0, 0, 0, 0, 0, 0, 0, 0, 1, 0, 0, 0, 0, 0, 0, 0, 0, 0, 0, 0, 0, 0, 0, 0, 0, 0, 0, 0, 0, 1, 0, 0] (0.000s)
  Sub: Z₀=17.153080 (0.1s), α=[0.000,0.000,0.000,0.000,0.000,0.000,0.000,0.000,0.000,0.000,0.000,0.000,1.820,1.079,0.000,0.000,0.000,0.000,0.000,0.000,0.000,0.000,0.000,0.000,0.000,0.000,0.000,0.000,0.000,0.000,0.000,0.000,0.000,7.045,0.000,0.000]
  Iter 35: LB=17.153080  UB=17.153080  gap=1.57e-09
True-DRO Benders converged at iter 35 (gap=1.57e-09)
  Wall time: 51.18 sec
  OMP  time: mean=0.079s, median=0.098s, max=0.157s
  Sub  time (exact): mean=0.992s, median=0.144s, q90=2.576s, max=5.885s (n=7/35)

Result (single_l): Z₀=17.153080, iters=35, time=51.2s
x arcs = [13, 34]
