============================================================
abilene — double: ε̂=0.50, ε̃=0.50, β=0.00
============================================================
Set parameter Username
Set parameter LicenseID to value 2742039
Academic license - for non-commercial use only - expires 2026-11-20
Set parameter Username
Set parameter LicenseID to value 2742039
Academic license - for non-commercial use only - expires 2026-11-20
Set parameter OutputFlag to value 1
Set parameter LogFile to value "global_miqcp.log"
Set parameter Username
Set parameter LicenseID to value 2742039
Academic license - for non-commercial use only - expires 2026-11-20
Set parameter Username
Set parameter LicenseID to value 2742039
Academic license - for non-commercial use only - expires 2026-11-20
Set parameter Username
Set parameter LicenseID to value 2742039
Academic license - for non-commercial use only - expires 2026-11-20
Set parameter Username
Set parameter LicenseID to value 2742039
Academic license - for non-commercial use only - expires 2026-11-20

=== True-DRO Benders iter 1 ===
  OMP: t₀=3.652761, UB=Inf, gap=NaN, x=[0, 0, 0, 0, 0, 0, 0, 0, 0, 0, 1, 0, 0, 0, 0, 0, 0, 0, 1, 0, 0, 0, 0, 0, 0, 0, 0, 0, 0, 0] (0.053s)
  Sub: Z₀=16.615675 [LOCAL] (0.1s), α=[0.000,0.000,0.000,0.000,0.000,0.000,0.000,0.000,0.000,0.000,9.603,0.000,0.000,0.000,1.212,0.000,0.000,0.000,0.000,0.000,0.000,0.000,0.000,0.000,0.000,0.000,0.000,0.000,0.000,0.000]
  Iter 1: LB=3.652761  UB=Inf  gap=NaN
  Cut: intercept=-1083.383330, π_x_range=[-816.3242, 554.6046]
  Mini-Benders[1] (mw): LB=4.239475, Z₀(α*)=12.697198, intercept=-136.604033 (0.103s) [OMP=0.055 ISP-L=0.005 ISP-F=0.012 MW-L=0.005 MW-F=0.012]
  Mini-Benders[2] (mw): LB=4.611359, Z₀(α*)=-27.312514, intercept=-29.753946 (0.080s) [OMP=0.045 ISP-L=0.003 ISP-F=0.008 MW-L=0.015 MW-F=0.009]
  Mini-Benders[3] (mw): LB=4.611359, Z₀(α*)=-27.312514, intercept=-29.753946 (0.072s) [OMP=0.046 ISP-L=0.003 ISP-F=0.008 MW-L=0.005 MW-F=0.009]
  Mini-Benders[4] (mw): LB=4.611359, Z₀(α*)=-27.312514, intercept=-29.753946 (0.072s) [OMP=0.046 ISP-L=0.003 ISP-F=0.008 MW-L=0.006 MW-F=0.009]
  Mini-Benders[5]: LB stagnated, break
Set parameter NonConvex to value 2
Set parameter DualReductions to value 0
  α-step: Z₀=17.477500, α=[0.000,0.000,0.000,0.000,0.000,0.000,0.000,1.425,0.000,0.000,0.000,0.000,0.000,0.000,0.000,0.000,0.000,0.000,0.000,4.135,0.000,0.000,0.000,0.000,0.000,1.887,2.526,0.841,0.000,0.000]
  Alt-Benders[1] (mw): LB=5.015886, Z₀(α*)=-6.841782, intercept=-36.706120 (0.085s) [OMP=0.053 ISP-L=0.003 ISP-F=0.007 MW-L=0.005 MW-F=0.017]
  Alt-Benders[2] (mw): LB=5.015886, Z₀(α*)=-6.841782, intercept=-36.706120 (0.077s) [OMP=0.051 ISP-L=0.003 ISP-F=0.007 MW-L=0.005 MW-F=0.009]
  Alt-Benders[3] (mw): LB=5.015886, Z₀(α*)=-6.841782, intercept=-36.706120 (0.075s) [OMP=0.051 ISP-L=0.003 ISP-F=0.007 MW-L=0.005 MW-F=0.008]
  Alt-Benders[4]: LB stagnated, break
  OMP re-solve: 0.000s

=== True-DRO Benders iter 2 ===
  OMP: t₀=5.015886, UB=Inf, gap=NaN, x=[0, 0, 0, 0, 1, 0, 0, 0, 0, 0, 0, 0, 0, 0, 0, 0, 0, 0, 0, 0, 0, 0, 0, 0, 0, 0, 1, 0, 0, 0] (0.000s)
  Sub: Z₀=13.891104 [LOCAL] (0.3s), α=[0.000,0.000,0.000,0.000,5.609,0.000,0.000,0.000,0.000,0.000,0.000,0.000,0.000,0.000,0.000,0.000,0.000,0.000,0.000,0.000,0.000,0.000,0.000,0.000,0.000,0.000,5.019,0.186,0.000,0.000]
  Iter 2: LB=5.015886  UB=Inf  gap=NaN
  Cut: intercept=-1130.550150, π_x_range=[-830.9799, 580.3980]
  Mini-Benders[1] (mw): LB=5.232305, Z₀(α*)=13.492018, intercept=-44.021770 (0.087s) [OMP=0.052 ISP-L=0.003 ISP-F=0.007 MW-L=0.005 MW-F=0.007]
  Mini-Benders[2] (mw): LB=5.303459, Z₀(α*)=13.544582, intercept=-34.956261 (0.085s) [OMP=0.053 ISP-L=0.003 ISP-F=0.008 MW-L=0.013 MW-F=0.008]
  Mini-Benders[3] (mw): LB=5.323459, Z₀(α*)=15.979784, intercept=-9.794453 (0.081s) [OMP=0.052 ISP-L=0.003 ISP-F=0.008 MW-L=0.006 MW-F=0.011]
  Mini-Benders[4] (mw): LB=5.382118, Z₀(α*)=15.548389, intercept=-33.972133 (0.088s) [OMP=0.064 ISP-L=0.003 ISP-F=0.007 MW-L=0.005 MW-F=0.008]
  Mini-Benders[5] (mw): LB=5.566875, Z₀(α*)=9.138619, intercept=-35.441116 (0.114s) [OMP=0.089 ISP-L=0.003 ISP-F=0.008 MW-L=0.005 MW-F=0.008]
  α-step: Z₀=13.825122, α=[0.000,0.000,0.000,0.000,0.000,0.000,0.000,0.000,0.000,0.000,2.176,0.000,0.000,0.000,0.000,0.000,0.000,0.000,0.000,0.000,0.000,0.000,0.000,0.000,0.000,0.000,7.661,0.977,0.000,0.000]
  Alt-Benders[1] (mw): LB=5.785279, Z₀(α*)=8.798482, intercept=-61.137298 (0.087s) [OMP=0.069 ISP-L=0.003 ISP-F=0.008 MW-L=0.011 MW-F=0.006]
  Alt-Benders[2] (mw): LB=5.922414, Z₀(α*)=16.620170, intercept=-68.952382 (0.108s) [OMP=0.070 ISP-L=0.003 ISP-F=0.007 MW-L=0.005 MW-F=0.009]
  Alt-Benders[3] (mw): LB=6.189946, Z₀(α*)=-11.166333, intercept=-26.746496 (0.101s) [OMP=0.081 ISP-L=0.003 ISP-F=0.007 MW-L=0.005 MW-F=0.008]
  Alt-Benders[4] (mw): LB=6.189946, Z₀(α*)=-11.166333, intercept=-26.746496 (0.104s) [OMP=0.092 ISP-L=0.002 ISP-F=0.007 MW-L=0.003 MW-F=0.008]
  Alt-Benders[5] (mw): LB=6.189946, Z₀(α*)=-11.166333, intercept=-26.746496 (0.122s) [OMP=0.091 ISP-L=0.003 ISP-F=0.007 MW-L=0.005 MW-F=0.013]
  OMP re-solve: 0.095s

=== True-DRO Benders iter 3 ===
  OMP: t₀=6.189946, UB=Inf, gap=NaN, x=[0, 0, 0, 0, 0, 0, 0, 1, 0, 0, 0, 0, 0, 0, 0, 0, 0, 0, 0, 0, 0, 0, 1, 0, 0, 0, 0, 0, 0, 0] (0.000s)
  Sub: Z₀=18.082259 [LOCAL] (0.1s), α=[0.000,0.000,0.000,0.000,0.000,0.000,0.000,7.587,0.000,0.000,0.000,0.000,0.000,0.000,0.000,0.000,0.000,0.000,0.000,0.000,0.000,0.000,2.203,0.000,0.000,1.025,0.000,0.000,0.000,0.000]
  Iter 3: LB=6.189946  UB=Inf  gap=NaN
  Cut: intercept=-1112.293455, π_x_range=[-826.8455, 568.3994]
  Mini-Benders[1] (mw): LB=6.413535, Z₀(α*)=-20.112226, intercept=-33.865828 (0.104s) [OMP=0.092 ISP-L=0.002 ISP-F=0.007 MW-L=0.005 MW-F=0.008]
  Mini-Benders[2] (mw): LB=6.413535, Z₀(α*)=-20.112226, intercept=-33.865828 (0.182s) [OMP=0.146 ISP-L=0.003 ISP-F=0.008 MW-L=0.005 MW-F=0.008]
  Mini-Benders[3] (mw): LB=6.413535, Z₀(α*)=-20.112226, intercept=-33.865828 (0.166s) [OMP=0.146 ISP-L=0.003 ISP-F=0.008 MW-L=0.005 MW-F=0.008]
  Mini-Benders[4]: LB stagnated, break
  α-step: Z₀=17.236317, α=[0.000,0.000,0.000,0.000,0.795,0.000,1.656,0.000,0.000,0.000,0.000,0.000,0.000,0.000,1.100,0.000,0.000,0.000,0.000,0.000,0.000,0.000,0.000,0.000,0.000,1.446,5.818,0.000,0.000,0.000]
  Alt-Benders[1] (mw): LB=6.480837, Z₀(α*)=9.031015, intercept=-96.860770 (0.165s) [OMP=0.144 ISP-L=0.003 ISP-F=0.007 MW-L=0.005 MW-F=0.006]
  Alt-Benders[2] (mw): LB=6.489786, Z₀(α*)=-4.236249, intercept=-27.683909 (0.182s) [OMP=0.166 ISP-L=0.003 ISP-F=0.008 MW-L=0.005 MW-F=0.007]
  Alt-Benders[3] (mw): LB=6.489786, Z₀(α*)=-4.236249, intercept=-27.683909 (0.182s) [OMP=0.147 ISP-L=0.003 ISP-F=0.009 MW-L=0.005 MW-F=0.007]
  Alt-Benders[4] (mw): LB=6.489786, Z₀(α*)=-4.236249, intercept=-27.683909 (0.166s) [OMP=0.147 ISP-L=0.003 ISP-F=0.008 MW-L=0.005 MW-F=0.007]
  Alt-Benders[5]: LB stagnated, break
  OMP re-solve: 0.000s

=== True-DRO Benders iter 4 ===
  OMP: t₀=6.489786, UB=Inf, gap=NaN, x=[0, 0, 0, 0, 0, 0, 0, 0, 0, 0, 1, 0, 0, 1, 0, 0, 0, 0, 0, 0, 0, 0, 0, 0, 0, 0, 0, 0, 0, 0] (0.000s)
  Sub: Z₀=19.398318 [LOCAL] (0.2s), α=[0.000,0.000,0.000,0.000,0.000,0.000,0.303,0.000,0.000,0.000,6.844,0.000,0.000,0.190,3.478,0.000,0.000,0.000,0.000,0.000,0.000,0.000,0.000,0.000,0.000,0.000,0.000,0.000,0.000,0.000]
  Iter 4: LB=6.489786  UB=Inf  gap=NaN
  Cut: intercept=-1115.135991, π_x_range=[-818.7075, 594.4122]
  Mini-Benders[1] (mw): LB=6.701834, Z₀(α*)=-10.328494, intercept=-12.460125 (0.135s) [OMP=0.102 ISP-L=0.003 ISP-F=0.007 MW-L=0.005 MW-F=0.008]
  Mini-Benders[2] (mw): LB=6.701834, Z₀(α*)=-10.328494, intercept=-12.460125 (0.136s) [OMP=0.114 ISP-L=0.003 ISP-F=0.007 MW-L=0.005 MW-F=0.007]
  Mini-Benders[3] (mw): LB=6.701834, Z₀(α*)=-10.328494, intercept=-12.460125 (0.136s) [OMP=0.111 ISP-L=0.003 ISP-F=0.007 MW-L=0.005 MW-F=0.008]
  Mini-Benders[4]: LB stagnated, break
  α-step: Z₀=16.487003, α=[0.000,0.000,0.000,0.000,3.583,0.000,0.943,0.000,0.000,0.000,0.000,0.000,0.000,0.000,2.463,0.000,0.000,0.000,0.000,0.000,0.000,0.000,0.000,0.000,0.000,0.083,2.677,1.066,0.000,0.000]
  Alt-Benders[1] (mw): LB=6.701834, Z₀(α*)=16.487003, intercept=-8.865425 (0.119s) [OMP=0.090 ISP-L=0.003 ISP-F=0.007 MW-L=0.011 MW-F=0.007]
  Alt-Benders[2] (mw): LB=6.701834, Z₀(α*)=15.479385, intercept=-44.504297 (0.104s) [OMP=0.097 ISP-L=0.003 ISP-F=0.007 MW-L=0.005 MW-F=0.006]
  Alt-Benders[3] (mw): LB=6.982619, Z₀(α*)=3.444371, intercept=-61.977356 (0.104s) [OMP=0.094 ISP-L=0.003 ISP-F=0.008 MW-L=0.005 MW-F=0.008]
  Alt-Benders[4] (mw): LB=6.982619, Z₀(α*)=3.444371, intercept=-61.977356 (0.122s) [OMP=0.083 ISP-L=0.003 ISP-F=0.008 MW-L=0.005 MW-F=0.008]
  Alt-Benders[5] (mw): LB=6.982619, Z₀(α*)=3.444371, intercept=-61.977356 (0.103s) [OMP=0.079 ISP-L=0.003 ISP-F=0.008 MW-L=0.005 MW-F=0.013]
  OMP re-solve: 0.083s

=== True-DRO Benders iter 5 ===
  OMP: t₀=6.982619, UB=Inf, gap=NaN, x=[0, 0, 0, 0, 0, 0, 0, 0, 0, 0, 1, 0, 0, 0, 1, 0, 0, 0, 0, 0, 0, 0, 0, 0, 0, 0, 0, 0, 0, 0] (0.000s)
  Sub: Z₀=19.692728 (12.3s), α=[0.000,0.000,0.000,0.000,0.000,0.000,0.000,0.000,0.000,0.000,0.000,0.000,0.000,0.000,6.309,0.000,0.000,0.000,0.000,0.000,0.000,0.000,0.000,0.000,0.000,3.107,0.999,0.399,0.000,0.000]
  Iter 5: LB=6.982619  UB=19.692728  gap=6.45e-01
  Cut: intercept=-99.720379, π_x_range=[-197.5364, 103.5526]
  Sherali-Cut: intercept=-27.205163, π_x_range=[-100.2623, 33.2800]
  Mini-Benders[1] (mw): LB=7.002619, Z₀(α*)=18.601844, intercept=-82.999672 (0.135s) [OMP=0.108 ISP-L=0.003 ISP-F=0.007 MW-L=0.005 MW-F=0.008]
  Mini-Benders[2] (mw): LB=7.247957, Z₀(α*)=13.704307, intercept=-100.412320 (0.119s) [OMP=0.084 ISP-L=0.003 ISP-F=0.007 MW-L=0.006 MW-F=0.013]
  Mini-Benders[3] (mw): LB=7.409898, Z₀(α*)=6.572524, intercept=-110.687477 (0.107s) [OMP=0.079 ISP-L=0.003 ISP-F=0.007 MW-L=0.006 MW-F=0.008]
  Mini-Benders[4] (mw): LB=7.409898, Z₀(α*)=6.572524, intercept=-110.687477 (0.104s) [OMP=0.090 ISP-L=0.003 ISP-F=0.007 MW-L=0.006 MW-F=0.008]
  Mini-Benders[5] (mw): LB=7.409898, Z₀(α*)=6.572524, intercept=-110.687477 (0.121s) [OMP=0.091 ISP-L=0.003 ISP-F=0.007 MW-L=0.006 MW-F=0.008]
  α-step: Z₀=18.608959, α=[0.000,0.000,0.000,0.000,0.000,0.000,0.227,0.000,0.000,0.000,6.485,0.000,0.000,0.000,0.000,0.000,0.000,0.000,0.000,2.883,0.000,0.000,0.000,0.000,0.000,1.220,0.000,0.000,0.000,0.000]
  Alt-Benders[1] (mw): LB=7.698197, Z₀(α*)=9.847993, intercept=-71.279005 (0.122s) [OMP=0.088 ISP-L=0.003 ISP-F=0.007 MW-L=0.011 MW-F=0.009]
  Alt-Benders[2] (mw): LB=8.287138, Z₀(α*)=11.605034, intercept=-70.441190 (0.122s) [OMP=0.105 ISP-L=0.003 ISP-F=0.008 MW-L=0.005 MW-F=0.007]
  Alt-Benders[3] (mw): LB=8.287138, Z₀(α*)=3.539096, intercept=-55.505258 (0.151s) [OMP=0.114 ISP-L=0.003 ISP-F=0.007 MW-L=0.005 MW-F=0.007]
  Alt-Benders[4] (mw): LB=8.287138, Z₀(α*)=3.539096, intercept=-55.505258 (0.120s) [OMP=0.101 ISP-L=0.003 ISP-F=0.007 MW-L=0.005 MW-F=0.007]
  Alt-Benders[5]: LB stagnated, break
  OMP re-solve: 0.000s

=== True-DRO Benders iter 6 ===
  OMP: t₀=8.287138, UB=19.692728, gap=5.79e-01, x=[0, 0, 0, 0, 0, 0, 0, 0, 0, 0, 1, 0, 0, 0, 0, 0, 0, 0, 0, 0, 0, 0, 0, 0, 0, 1, 0, 0, 0, 0] (0.000s)
  Sub: Z₀=13.609440 [LOCAL] (0.1s), α=[0.000,0.000,0.000,0.000,0.000,0.000,0.000,0.000,0.000,0.000,4.597,0.000,0.000,0.000,1.520,0.000,0.000,0.000,0.000,0.000,0.000,0.000,0.000,0.000,0.000,4.697,0.000,0.000,0.000,0.000]
  Iter 6: LB=8.287138  UB=19.692728  gap=5.79e-01
  Cut: intercept=-1103.746443, π_x_range=[-820.5876, 580.5677]
  Mini-Benders[1] (mw): LB=8.798480, Z₀(α*)=-29.202830, intercept=-26.353677 (0.137s) [OMP=0.102 ISP-L=0.003 ISP-F=0.007 MW-L=0.012 MW-F=0.007]
  Mini-Benders[2] (mw): LB=8.798480, Z₀(α*)=-29.202830, intercept=-26.353677 (0.119s) [OMP=0.098 ISP-L=0.003 ISP-F=0.007 MW-L=0.005 MW-F=0.007]
  Mini-Benders[3] (mw): LB=8.798480, Z₀(α*)=-29.202830, intercept=-26.353677 (0.121s) [OMP=0.098 ISP-L=0.003 ISP-F=0.007 MW-L=0.005 MW-F=0.007]
  Mini-Benders[4]: LB stagnated, break
  α-step: Z₀=17.043296, α=[0.000,0.000,0.000,0.000,0.000,0.000,0.683,2.727,0.000,0.000,0.000,0.000,0.000,0.000,0.128,0.000,0.000,0.000,0.000,0.000,0.000,0.000,0.000,0.000,0.000,0.651,3.319,3.308,0.000,0.000]
  Alt-Benders[1] (mw): LB=9.010174, Z₀(α*)=9.015139, intercept=-6.976599 (0.122s) [OMP=0.096 ISP-L=0.003 ISP-F=0.008 MW-L=0.005 MW-F=0.013]
  Alt-Benders[2] (mw): LB=9.015137, Z₀(α*)=9.015139, intercept=-6.976599 (0.120s) [OMP=0.095 ISP-L=0.003 ISP-F=0.008 MW-L=0.006 MW-F=0.008]
  Alt-Benders[3] (mw): LB=9.015137, Z₀(α*)=9.015139, intercept=-6.976599 (0.122s) [OMP=0.098 ISP-L=0.003 ISP-F=0.008 MW-L=0.005 MW-F=0.008]
  Alt-Benders[4] (mw): LB=9.015137, Z₀(α*)=9.015139, intercept=-6.976599 (0.122s) [OMP=0.098 ISP-L=0.003 ISP-F=0.008 MW-L=0.006 MW-F=0.008]
  Alt-Benders[5]: LB stagnated, break
  OMP re-solve: 0.000s

=== True-DRO Benders iter 7 ===
  OMP: t₀=9.015137, UB=19.692728, gap=5.42e-01, x=[0, 0, 0, 0, 0, 0, 0, 0, 0, 0, 0, 0, 0, 0, 0, 0, 0, 1, 0, 0, 0, 0, 0, 0, 0, 0, 0, 1, 0, 0] (0.000s)
  Sub: Z₀=19.049294 [LOCAL] (0.1s), α=[0.000,0.000,0.000,0.000,0.000,0.000,0.000,0.000,0.000,0.000,0.000,0.000,0.000,0.000,0.000,0.000,0.000,0.000,0.000,0.000,0.000,0.000,0.000,0.000,0.000,2.761,0.000,8.054,0.000,0.000]
  Iter 7: LB=9.015137  UB=19.692728  gap=5.42e-01
  Cut: intercept=-1113.767811, π_x_range=[-829.1087, 567.6347]
  Mini-Benders[1] (mw): LB=9.031013, Z₀(α*)=-1.859176, intercept=-66.812407 (0.138s) [OMP=0.107 ISP-L=0.003 ISP-F=0.007 MW-L=0.006 MW-F=0.013]
  Mini-Benders[2] (mw): LB=9.031013, Z₀(α*)=-1.859176, intercept=-66.812407 (0.135s) [OMP=0.110 ISP-L=0.003 ISP-F=0.007 MW-L=0.006 MW-F=0.006]
  Mini-Benders[3] (mw): LB=9.031013, Z₀(α*)=-1.859176, intercept=-66.812407 (0.135s) [OMP=0.113 ISP-L=0.003 ISP-F=0.007 MW-L=0.006 MW-F=0.006]
  Mini-Benders[4]: LB stagnated, break
  α-step: Z₀=18.452581, α=[0.000,0.000,0.000,0.000,0.000,0.000,4.539,0.000,0.000,0.000,3.039,0.000,0.000,0.000,0.000,0.000,0.000,0.000,0.000,0.000,0.000,0.000,0.000,0.000,0.000,3.107,0.129,0.000,0.000,0.000]
  Alt-Benders[1] (mw): LB=9.138617, Z₀(α*)=-4.237037, intercept=-68.783343 (0.115s) [OMP=0.104 ISP-L=0.003 ISP-F=0.007 MW-L=0.005 MW-F=0.007]
  Alt-Benders[2] (mw): LB=9.138617, Z₀(α*)=-4.237037, intercept=-68.783343 (0.137s) [OMP=0.108 ISP-L=0.003 ISP-F=0.007 MW-L=0.011 MW-F=0.007]
  Alt-Benders[3] (mw): LB=9.138617, Z₀(α*)=-4.237037, intercept=-68.783343 (0.138s) [OMP=0.109 ISP-L=0.003 ISP-F=0.007 MW-L=0.006 MW-F=0.007]
  Alt-Benders[4]: LB stagnated, break
  OMP re-solve: 0.000s

=== True-DRO Benders iter 8 ===
  OMP: t₀=9.138617, UB=19.692728, gap=5.36e-01, x=[0, 0, 0, 0, 1, 0, 0, 1, 0, 0, 0, 0, 0, 0, 0, 0, 0, 0, 0, 0, 0, 0, 0, 0, 0, 0, 0, 0, 0, 0] (0.000s)
  Sub: Z₀=15.946772 [LOCAL] (0.4s), α=[0.000,0.000,0.000,0.000,8.584,0.000,0.000,0.000,0.000,0.000,0.000,0.000,0.000,0.000,2.230,0.000,0.000,0.000,0.000,0.000,0.000,0.000,0.000,0.000,0.000,0.000,0.000,0.000,0.000,0.000]
  Iter 8: LB=9.138617  UB=19.692728  gap=5.36e-01
  Cut: intercept=-1116.661043, π_x_range=[-828.2543, 574.4148]
  Mini-Benders[1] (mw): LB=9.706348, Z₀(α*)=-16.091728, intercept=-38.003794 (0.135s) [OMP=0.106 ISP-L=0.003 ISP-F=0.007 MW-L=0.005 MW-F=0.008]
  Mini-Benders[2] (mw): LB=9.706348, Z₀(α*)=-16.091728, intercept=-38.003794 (0.135s) [OMP=0.108 ISP-L=0.003 ISP-F=0.007 MW-L=0.005 MW-F=0.008]
  Mini-Benders[3] (mw): LB=9.706348, Z₀(α*)=-16.091728, intercept=-38.003794 (0.135s) [OMP=0.107 ISP-L=0.003 ISP-F=0.007 MW-L=0.012 MW-F=0.008]
  Mini-Benders[4]: LB stagnated, break
  α-step: Z₀=15.534722, α=[0.000,0.000,0.000,0.000,0.000,0.000,0.000,3.208,0.000,0.000,0.000,0.000,0.000,0.000,0.000,0.000,0.000,0.000,0.000,0.000,0.000,0.000,0.000,0.000,0.000,5.459,1.478,0.669,0.000,0.000]
  Alt-Benders[1] (mw): LB=9.752159, Z₀(α*)=13.972546, intercept=-35.340280 (0.120s) [OMP=0.102 ISP-L=0.003 ISP-F=0.007 MW-L=0.005 MW-F=0.009]
  Alt-Benders[2] (mw): LB=9.809641, Z₀(α*)=8.190311, intercept=-32.651661 (0.122s) [OMP=0.095 ISP-L=0.003 ISP-F=0.008 MW-L=0.006 MW-F=0.007]
  Alt-Benders[3] (mw): LB=9.809641, Z₀(α*)=8.190311, intercept=-32.651661 (0.138s) [OMP=0.107 ISP-L=0.003 ISP-F=0.008 MW-L=0.006 MW-F=0.012]
  Alt-Benders[4] (mw): LB=9.809641, Z₀(α*)=8.190311, intercept=-32.651661 (0.135s) [OMP=0.107 ISP-L=0.003 ISP-F=0.008 MW-L=0.006 MW-F=0.007]
  Alt-Benders[5]: LB stagnated, break
  OMP re-solve: 0.000s

=== True-DRO Benders iter 9 ===
  OMP: t₀=9.809641, UB=19.692728, gap=5.02e-01, x=[0, 0, 0, 0, 0, 0, 0, 0, 0, 0, 0, 0, 0, 0, 0, 0, 0, 0, 0, 1, 0, 0, 0, 0, 0, 0, 1, 0, 0, 0] (0.000s)
  Sub: Z₀=17.834610 [LOCAL] (0.1s), α=[0.000,0.000,0.000,0.000,0.000,0.000,0.000,0.000,0.000,0.000,0.000,0.000,0.000,0.000,0.000,0.000,0.000,0.000,0.000,2.116,0.000,0.000,0.000,0.000,0.000,0.000,8.698,0.000,0.000,0.000]
  Iter 9: LB=9.809641  UB=19.692728  gap=5.02e-01
  Cut: intercept=-1101.233251, π_x_range=[-827.2079, 563.2834]
  Mini-Benders[1] (mw): LB=9.847991, Z₀(α*)=-0.488417, intercept=-62.256042 (0.135s) [OMP=0.102 ISP-L=0.003 ISP-F=0.007 MW-L=0.005 MW-F=0.006]
  Mini-Benders[2] (mw): LB=9.847991, Z₀(α*)=-0.488417, intercept=-62.256042 (0.135s) [OMP=0.108 ISP-L=0.003 ISP-F=0.008 MW-L=0.005 MW-F=0.007]
  Mini-Benders[3] (mw): LB=9.847991, Z₀(α*)=-0.488417, intercept=-62.256042 (0.134s) [OMP=0.107 ISP-L=0.003 ISP-F=0.008 MW-L=0.005 MW-F=0.013]
  Mini-Benders[4]: LB stagnated, break
  α-step: Z₀=19.261345, α=[0.000,0.000,0.000,0.000,0.000,0.000,0.531,1.040,0.000,0.000,0.000,0.000,0.000,0.000,0.926,0.000,0.000,0.000,0.000,0.000,0.000,0.000,4.656,0.000,0.000,3.107,0.555,0.000,0.000,0.000]
  Alt-Benders[1] (mw): LB=10.066568, Z₀(α*)=-8.740621, intercept=-74.676356 (0.125s) [OMP=0.109 ISP-L=0.003 ISP-F=0.007 MW-L=0.006 MW-F=0.007]
  Alt-Benders[2] (mw): LB=10.066568, Z₀(α*)=-8.740621, intercept=-74.676356 (0.137s) [OMP=0.113 ISP-L=0.003 ISP-F=0.007 MW-L=0.006 MW-F=0.007]
  Alt-Benders[3] (mw): LB=10.066568, Z₀(α*)=-8.740621, intercept=-74.676356 (0.137s) [OMP=0.112 ISP-L=0.003 ISP-F=0.007 MW-L=0.006 MW-F=0.007]
  Alt-Benders[4]: LB stagnated, break
  OMP re-solve: 0.000s

=== True-DRO Benders iter 10 ===
  OMP: t₀=10.066568, UB=19.692728, gap=4.89e-01, x=[0, 0, 0, 0, 0, 0, 0, 0, 0, 0, 0, 0, 0, 0, 0, 0, 0, 1, 0, 0, 0, 0, 0, 0, 0, 0, 1, 0, 0, 0] (0.000s)
  Sub: Z₀=19.660584 (10.2s), α=[0.000,0.000,0.000,0.000,0.000,0.000,0.000,0.000,0.000,0.000,0.000,0.000,0.000,0.000,0.000,0.000,0.000,0.000,0.000,0.000,0.000,0.000,0.000,0.000,0.000,2.130,7.531,1.153,0.000,0.000]
  Iter 10: LB=10.066568  UB=19.660584  gap=4.88e-01
  Cut: intercept=-104.482077, π_x_range=[-255.0000, 89.2854]
  Sherali-Cut: intercept=20.037266, π_x_range=[-138.9143, 0.0001]
  Mini-Benders[1] (mw): LB=10.097939, Z₀(α*)=17.284678, intercept=10.042942 (0.156s) [OMP=0.126 ISP-L=0.003 ISP-F=0.008 MW-L=0.005 MW-F=0.014]
  Mini-Benders[2] (mw): LB=10.408122, Z₀(α*)=19.471961, intercept=-15.474548 (0.151s) [OMP=0.120 ISP-L=0.003 ISP-F=0.008 MW-L=0.005 MW-F=0.009]
  Mini-Benders[3] (mw): LB=10.623394, Z₀(α*)=17.256940, intercept=12.955150 (0.167s) [OMP=0.133 ISP-L=0.003 ISP-F=0.007 MW-L=0.012 MW-F=0.011]
  Mini-Benders[4] (mw): LB=10.624154, Z₀(α*)=17.192729, intercept=1.406142 (0.151s) [OMP=0.132 ISP-L=0.003 ISP-F=0.008 MW-L=0.006 MW-F=0.008]
  Mini-Benders[5] (mw): LB=10.634154, Z₀(α*)=15.915641, intercept=-13.772136 (0.182s) [OMP=0.150 ISP-L=0.003 ISP-F=0.008 MW-L=0.005 MW-F=0.008]
  α-step: Z₀=18.639595, α=[0.000,0.000,0.000,0.000,0.000,0.000,0.000,0.000,0.000,0.000,0.000,0.000,0.000,0.000,0.000,0.000,0.000,0.000,0.000,0.000,0.000,0.000,0.000,0.000,0.000,0.000,10.815,0.000,0.000,0.000]
  Alt-Benders[1] (mw): LB=10.688955, Z₀(α*)=18.474018, intercept=18.841350 (0.166s) [OMP=0.130 ISP-L=0.003 ISP-F=0.007 MW-L=0.005 MW-F=0.012]
  Alt-Benders[2] (mw): LB=11.412232, Z₀(α*)=-4.649804, intercept=-16.733358 (0.135s) [OMP=0.118 ISP-L=0.003 ISP-F=0.007 MW-L=0.005 MW-F=0.008]
  Alt-Benders[3] (mw): LB=11.412232, Z₀(α*)=-4.649804, intercept=-16.733358 (0.154s) [OMP=0.123 ISP-L=0.003 ISP-F=0.007 MW-L=0.005 MW-F=0.008]
  Alt-Benders[4] (mw): LB=11.412232, Z₀(α*)=-4.649804, intercept=-16.733358 (0.137s) [OMP=0.119 ISP-L=0.003 ISP-F=0.007 MW-L=0.005 MW-F=0.008]
  Alt-Benders[5]: LB stagnated, break
  OMP re-solve: 0.000s

=== True-DRO Benders iter 11 ===
  OMP: t₀=11.412232, UB=19.660584, gap=4.20e-01, x=[0, 0, 0, 0, 0, 0, 0, 1, 0, 0, 0, 0, 0, 0, 0, 0, 0, 0, 0, 0, 0, 0, 0, 0, 0, 0, 0, 0, 0, 1] (0.000s)
  Sub: Z₀=21.469046 [LOCAL] (0.2s), α=[0.000,0.000,0.000,0.000,0.000,0.000,0.000,3.435,0.000,0.000,0.000,0.000,0.000,0.000,2.066,0.000,0.000,0.000,0.000,0.000,0.000,0.000,0.000,0.000,0.000,3.619,0.135,1.560,0.000,0.000]
  Iter 11: LB=11.412232  UB=19.660584  gap=4.20e-01
  Cut: intercept=-1127.423249, π_x_range=[-829.2556, 583.7749]
  Mini-Benders[1] (mw): LB=11.412232, Z₀(α*)=13.718072, intercept=-32.738550 (0.151s) [OMP=0.127 ISP-L=0.003 ISP-F=0.007 MW-L=0.006 MW-F=0.015]
  Mini-Benders[2] (mw): LB=11.532678, Z₀(α*)=3.238667, intercept=-24.067030 (0.165s) [OMP=0.128 ISP-L=0.003 ISP-F=0.007 MW-L=0.005 MW-F=0.008]
  Mini-Benders[3] (mw): LB=11.532678, Z₀(α*)=3.238667, intercept=-24.067030 (0.151s) [OMP=0.140 ISP-L=0.003 ISP-F=0.006 MW-L=0.005 MW-F=0.007]
  Mini-Benders[4] (mw): LB=11.532678, Z₀(α*)=3.238667, intercept=-24.067030 (0.167s) [OMP=0.137 ISP-L=0.003 ISP-F=0.007 MW-L=0.005 MW-F=0.008]
  Mini-Benders[5]: LB stagnated, break
  α-step: Z₀=17.082016, α=[0.000,0.000,0.000,0.000,0.000,0.000,0.000,0.000,0.000,0.000,0.000,0.000,0.000,0.000,0.000,0.000,0.000,0.000,0.000,0.000,0.000,0.000,0.000,0.000,0.000,8.904,1.620,0.291,0.000,0.000]
  Alt-Benders[1] (mw): LB=11.605032, Z₀(α*)=13.785000, intercept=-28.211202 (0.166s) [OMP=0.129 ISP-L=0.003 ISP-F=0.008 MW-L=0.011 MW-F=0.007]
  Alt-Benders[2] (mw): LB=11.608121, Z₀(α*)=17.330275, intercept=-34.551741 (0.167s) [OMP=0.142 ISP-L=0.003 ISP-F=0.007 MW-L=0.006 MW-F=0.008]
  Alt-Benders[3] (mw): LB=11.628121, Z₀(α*)=18.240870, intercept=-6.163434 (0.150s) [OMP=0.120 ISP-L=0.003 ISP-F=0.007 MW-L=0.005 MW-F=0.007]
  Alt-Benders[4] (mw): LB=11.851330, Z₀(α*)=13.958050, intercept=-11.977142 (0.136s) [OMP=0.115 ISP-L=0.003 ISP-F=0.007 MW-L=0.006 MW-F=0.009]
  Alt-Benders[5] (mw): LB=11.851330, Z₀(α*)=18.240870, intercept=-6.163435 (0.137s) [OMP=0.112 ISP-L=0.003 ISP-F=0.007 MW-L=0.006 MW-F=0.008]
  OMP re-solve: 0.106s

=== True-DRO Benders iter 12 ===
  OMP: t₀=11.851330, UB=19.660584, gap=3.97e-01, x=[0, 0, 0, 0, 0, 0, 0, 0, 0, 0, 0, 0, 0, 0, 0, 0, 0, 0, 0, 0, 0, 0, 0, 0, 0, 1, 0, 1, 0, 0] (0.000s)
  Sub: Z₀=16.378440 [LOCAL] (0.1s), α=[0.000,0.000,0.000,0.000,0.000,0.000,0.000,0.000,0.000,0.000,0.000,0.000,0.000,0.000,0.000,0.000,0.000,0.000,0.000,0.000,0.000,0.000,0.000,0.000,0.000,7.747,0.072,2.995,0.000,0.000]
  Iter 12: LB=11.851330  UB=19.660584  gap=3.97e-01
  Cut: intercept=-1129.055267, π_x_range=[-828.9128, 579.5949]
  Mini-Benders[1] (mw): LB=11.851330, Z₀(α*)=18.032581, intercept=-7.721663 (0.168s) [OMP=0.148 ISP-L=0.003 ISP-F=0.007 MW-L=0.005 MW-F=0.008]
  Mini-Benders[2] (mw): LB=12.103468, Z₀(α*)=2.414761, intercept=-32.362462 (0.151s) [OMP=0.123 ISP-L=0.003 ISP-F=0.008 MW-L=0.005 MW-F=0.009]
  Mini-Benders[3] (mw): LB=12.103468, Z₀(α*)=2.414761, intercept=-32.362462 (0.151s) [OMP=0.132 ISP-L=0.003 ISP-F=0.008 MW-L=0.005 MW-F=0.009]
  Mini-Benders[4] (mw): LB=12.103468, Z₀(α*)=2.414761, intercept=-32.362462 (0.167s) [OMP=0.131 ISP-L=0.003 ISP-F=0.008 MW-L=0.005 MW-F=0.009]
  Mini-Benders[5]: LB stagnated, break
  α-step: Z₀=20.363023, α=[0.000,0.000,0.000,0.000,1.772,0.000,0.555,0.927,0.000,0.000,0.000,0.000,0.000,0.000,0.000,0.000,0.000,0.000,0.000,0.000,0.000,0.000,0.000,0.000,0.000,5.391,1.600,0.569,0.000,0.000]
  Alt-Benders[1] (mw): LB=12.190224, Z₀(α*)=11.167351, intercept=-21.797900 (0.152s) [OMP=0.131 ISP-L=0.003 ISP-F=0.008 MW-L=0.006 MW-F=0.010]
  Alt-Benders[2] (mw): LB=12.190224, Z₀(α*)=11.167351, intercept=-21.797900 (0.153s) [OMP=0.133 ISP-L=0.003 ISP-F=0.008 MW-L=0.006 MW-F=0.009]
  Alt-Benders[3] (mw): LB=12.190224, Z₀(α*)=11.167351, intercept=-21.797900 (0.167s) [OMP=0.138 ISP-L=0.003 ISP-F=0.008 MW-L=0.006 MW-F=0.009]
  Alt-Benders[4]: LB stagnated, break
  OMP re-solve: 0.000s

=== True-DRO Benders iter 13 ===
  OMP: t₀=12.190224, UB=19.660584, gap=3.80e-01, x=[0, 0, 0, 0, 0, 0, 0, 1, 0, 0, 0, 0, 0, 0, 0, 0, 0, 0, 1, 0, 0, 0, 0, 0, 0, 0, 0, 0, 0, 0] (0.000s)
  Sub: Z₀=20.207143 [LOCAL] (0.2s), α=[0.000,0.000,0.000,0.000,0.000,0.000,0.000,3.406,0.000,0.000,0.059,0.000,0.000,0.000,1.947,0.000,0.000,0.000,2.979,0.028,0.000,0.000,0.000,0.000,0.000,1.963,0.064,0.368,0.000,0.000]
  Iter 13: LB=12.190224  UB=19.660584  gap=3.80e-01
  Cut: intercept=-1069.223641, π_x_range=[-827.0671, 557.0694]
  Mini-Benders[1] (mw): LB=12.249157, Z₀(α*)=5.959959, intercept=-62.100929 (0.151s) [OMP=0.133 ISP-L=0.003 ISP-F=0.008 MW-L=0.006 MW-F=0.009]
  Mini-Benders[2] (mw): LB=12.249157, Z₀(α*)=5.959959, intercept=-62.100929 (0.167s) [OMP=0.136 ISP-L=0.003 ISP-F=0.008 MW-L=0.006 MW-F=0.009]
  Mini-Benders[3] (mw): LB=12.249157, Z₀(α*)=5.959959, intercept=-62.100929 (0.166s) [OMP=0.134 ISP-L=0.003 ISP-F=0.008 MW-L=0.006 MW-F=0.009]
  Mini-Benders[4]: LB stagnated, break
  α-step: Z₀=19.251474, α=[0.000,0.000,0.000,0.000,0.000,0.000,0.118,0.000,0.000,0.000,0.000,0.000,0.000,0.000,1.638,0.000,0.000,0.000,5.440,0.000,0.000,0.000,0.000,0.000,0.000,3.619,0.000,0.000,0.000,0.000]
  Alt-Benders[1] (mw): LB=12.659874, Z₀(α*)=-12.122050, intercept=-11.808501 (0.161s) [OMP=0.140 ISP-L=0.003 ISP-F=0.007 MW-L=0.005 MW-F=0.014]
  Alt-Benders[2] (mw): LB=12.659874, Z₀(α*)=-12.122050, intercept=-11.808501 (0.169s) [OMP=0.138 ISP-L=0.003 ISP-F=0.007 MW-L=0.006 MW-F=0.008]
  Alt-Benders[3] (mw): LB=12.659874, Z₀(α*)=-12.122050, intercept=-11.808501 (0.167s) [OMP=0.139 ISP-L=0.003 ISP-F=0.008 MW-L=0.006 MW-F=0.008]
  Alt-Benders[4]: LB stagnated, break
  OMP re-solve: 0.000s

=== True-DRO Benders iter 14 ===
  OMP: t₀=12.659874, UB=19.660584, gap=3.56e-01, x=[0, 0, 0, 0, 0, 0, 0, 0, 1, 0, 0, 0, 0, 0, 0, 0, 0, 0, 0, 0, 0, 0, 0, 0, 0, 0, 0, 1, 0, 0] (0.000s)
  Sub: Z₀=19.049294 [LOCAL] (0.1s), α=[0.000,0.000,0.000,0.000,0.000,0.000,0.000,0.000,0.000,0.000,0.000,0.000,0.000,0.000,0.000,0.000,0.000,0.000,0.000,0.000,0.000,0.000,0.000,0.000,0.000,2.761,0.180,7.874,0.000,0.000]
  Iter 14: LB=12.659874  UB=19.660584  gap=3.56e-01
  Cut: intercept=-1130.586291, π_x_range=[-831.0838, 584.8315]
  Mini-Benders[1] (mw): LB=12.673454, Z₀(α*)=1.508260, intercept=-10.036753 (0.150s) [OMP=0.129 ISP-L=0.003 ISP-F=0.007 MW-L=0.005 MW-F=0.008]
  Mini-Benders[2] (mw): LB=12.673454, Z₀(α*)=1.508260, intercept=-10.036753 (0.167s) [OMP=0.136 ISP-L=0.003 ISP-F=0.007 MW-L=0.012 MW-F=0.008]
  Mini-Benders[3] (mw): LB=12.673454, Z₀(α*)=1.508260, intercept=-10.036753 (0.166s) [OMP=0.131 ISP-L=0.003 ISP-F=0.007 MW-L=0.005 MW-F=0.008]
  Mini-Benders[4]: LB stagnated, break
  α-step: Z₀=17.524615, α=[0.000,0.000,0.000,0.000,1.895,0.000,0.555,0.000,0.000,0.000,0.000,0.000,0.000,0.000,0.000,0.000,0.000,0.000,0.000,0.000,0.000,0.000,0.000,0.000,0.000,2.546,5.818,0.000,0.000,0.000]
  Alt-Benders[1] (mw): LB=12.697196, Z₀(α*)=-0.858951, intercept=-86.242239 (0.149s) [OMP=0.140 ISP-L=0.003 ISP-F=0.007 MW-L=0.005 MW-F=0.007]
  Alt-Benders[2] (mw): LB=12.697196, Z₀(α*)=-0.858951, intercept=-86.242239 (0.167s) [OMP=0.137 ISP-L=0.003 ISP-F=0.007 MW-L=0.005 MW-F=0.008]
  Alt-Benders[3] (mw): LB=12.697196, Z₀(α*)=-0.858951, intercept=-86.242239 (0.166s) [OMP=0.135 ISP-L=0.003 ISP-F=0.007 MW-L=0.012 MW-F=0.008]
  Alt-Benders[4]: LB stagnated, break
  OMP re-solve: 0.000s

=== True-DRO Benders iter 15 ===
  OMP: t₀=12.697196, UB=19.660584, gap=3.54e-01, x=[0, 0, 0, 0, 1, 0, 0, 0, 0, 0, 1, 0, 0, 0, 0, 0, 0, 0, 0, 0, 0, 0, 0, 0, 0, 0, 0, 0, 0, 0] (0.000s)
  Sub: Z₀=15.295011 [TIME_LIMIT] (15.2s), α=[0.000,0.000,0.000,0.000,0.000,0.000,1.435,0.000,0.000,0.000,4.667,0.000,0.000,0.000,0.560,0.000,0.000,0.000,0.000,0.000,0.000,0.000,0.000,0.000,0.000,0.000,4.026,0.126,0.000,0.000]
  Iter 15: LB=12.697196  UB=15.592979  gap=1.86e-01
  Cut: intercept=-115.100613, π_x_range=[-221.0000, 76.6572]
  Mini-Benders[1] (mw): LB=12.770607, Z₀(α*)=4.575408, intercept=-7.119024 (0.119s) [OMP=0.104 ISP-L=0.003 ISP-F=0.008 MW-L=0.005 MW-F=0.008]
  Mini-Benders[2] (mw): LB=12.770607, Z₀(α*)=4.575408, intercept=-7.119024 (0.167s) [OMP=0.133 ISP-L=0.003 ISP-F=0.008 MW-L=0.005 MW-F=0.008]
  Mini-Benders[3] (mw): LB=12.770607, Z₀(α*)=4.575408, intercept=-7.119024 (0.151s) [OMP=0.134 ISP-L=0.003 ISP-F=0.008 MW-L=0.004 MW-F=0.013]
  Mini-Benders[4]: LB stagnated, break
  α-step: Z₀=21.251223, α=[0.000,0.000,0.000,0.000,0.000,0.000,0.000,2.598,0.000,0.000,0.000,0.000,0.000,0.000,1.742,0.000,0.000,0.000,0.000,0.000,0.000,0.000,0.000,0.000,0.000,3.107,3.035,0.333,0.000,0.000]
  Alt-Benders[1] (mw): LB=12.770607, Z₀(α*)=21.342596, intercept=3.675450 (0.156s) [OMP=0.137 ISP-L=0.003 ISP-F=0.008 MW-L=0.006 MW-F=0.007]
  Alt-Benders[2] (mw): LB=12.770607, Z₀(α*)=16.951393, intercept=-67.035722 (0.166s) [OMP=0.151 ISP-L=0.003 ISP-F=0.007 MW-L=0.006 MW-F=0.009]
  Alt-Benders[3] (mw): LB=13.064910, Z₀(α*)=6.789683, intercept=-13.799158 (0.183s) [OMP=0.149 ISP-L=0.003 ISP-F=0.007 MW-L=0.005 MW-F=0.006]
  Alt-Benders[4] (mw): LB=13.064910, Z₀(α*)=6.789683, intercept=-13.799158 (0.182s) [OMP=0.159 ISP-L=0.003 ISP-F=0.007 MW-L=0.005 MW-F=0.012]
  Alt-Benders[5] (mw): LB=13.064910, Z₀(α*)=6.789683, intercept=-13.799158 (0.182s) [OMP=0.164 ISP-L=0.003 ISP-F=0.007 MW-L=0.005 MW-F=0.006]
  OMP re-solve: 0.162s

=== True-DRO Benders iter 16 ===
  OMP: t₀=13.064910, UB=15.592979, gap=1.62e-01, x=[0, 0, 0, 0, 1, 0, 0, 0, 0, 0, 0, 0, 0, 0, 0, 0, 0, 0, 0, 0, 0, 1, 0, 0, 0, 0, 0, 0, 0, 0] (0.000s)
  Sub: Z₀=15.870305 [LOCAL] (0.2s), α=[0.000,0.000,0.000,0.000,7.191,0.000,0.973,0.000,0.000,0.000,0.000,0.000,0.000,0.000,2.493,0.000,0.000,0.000,0.000,0.000,0.000,0.000,0.000,0.000,0.000,0.158,0.000,0.000,0.000,0.000]
  Iter 16: LB=13.064910  UB=15.592979  gap=1.62e-01
  Cut: intercept=-1112.497607, π_x_range=[-829.1326, 567.2958]
  Mini-Benders[1] (mw): LB=13.329624, Z₀(α*)=-10.747665, intercept=-13.849873 (0.166s) [OMP=0.145 ISP-L=0.003 ISP-F=0.007 MW-L=0.005 MW-F=0.009]
  Mini-Benders[2] (mw): LB=13.329624, Z₀(α*)=-10.747665, intercept=-13.849873 (0.182s) [OMP=0.147 ISP-L=0.003 ISP-F=0.008 MW-L=0.005 MW-F=0.010]
  Mini-Benders[3] (mw): LB=13.329624, Z₀(α*)=-10.747665, intercept=-13.849873 (0.183s) [OMP=0.144 ISP-L=0.003 ISP-F=0.007 MW-L=0.005 MW-F=0.017]
  Mini-Benders[4]: LB stagnated, break
  α-step: Z₀=19.360100, α=[0.000,0.000,0.000,0.000,0.000,0.000,0.000,0.633,0.000,0.000,0.000,0.000,0.000,0.000,1.520,0.000,0.000,0.000,0.000,2.210,0.000,0.000,0.000,0.000,0.000,4.945,1.507,0.000,0.000,0.000]
  Alt-Benders[1] (mw): LB=13.492016, Z₀(α*)=0.575402, intercept=-28.764898 (0.141s) [OMP=0.132 ISP-L=0.003 ISP-F=0.006 MW-L=0.005 MW-F=0.009]
  Alt-Benders[2] (mw): LB=13.492017, Z₀(α*)=0.575402, intercept=-28.764898 (0.167s) [OMP=0.154 ISP-L=0.003 ISP-F=0.006 MW-L=0.005 MW-F=0.009]
  Alt-Benders[3] (mw): LB=13.492017, Z₀(α*)=0.575402, intercept=-28.764898 (0.181s) [OMP=0.151 ISP-L=0.003 ISP-F=0.006 MW-L=0.005 MW-F=0.009]
  Alt-Benders[4]: LB stagnated, break
  OMP re-solve: 0.000s

=== True-DRO Benders iter 17 ===
  OMP: t₀=13.492017, UB=15.592979, gap=1.35e-01, x=[0, 0, 0, 0, 1, 0, 1, 0, 0, 0, 0, 0, 0, 0, 0, 0, 0, 0, 0, 0, 0, 0, 0, 0, 0, 0, 0, 0, 0, 0] (0.000s)
  Sub: Z₀=14.963347 [LOCAL] (0.1s), α=[0.000,0.000,0.000,0.000,7.103,0.000,2.977,0.000,0.000,0.000,0.000,0.000,0.000,0.000,0.665,0.000,0.000,0.000,0.000,0.000,0.000,0.000,0.000,0.000,0.000,0.070,0.000,0.000,0.000,0.000]
  Iter 17: LB=13.492017  UB=15.592979  gap=1.35e-01
  Cut: intercept=-1139.345683, π_x_range=[-830.1026, 586.6583]
  Mini-Benders[1] (mw): LB=13.544580, Z₀(α*)=8.758699, intercept=-46.476347 (0.169s) [OMP=0.150 ISP-L=0.003 ISP-F=0.007 MW-L=0.005 MW-F=0.008]
  Mini-Benders[2] (mw): LB=13.544580, Z₀(α*)=8.758699, intercept=-46.476347 (0.167s) [OMP=0.150 ISP-L=0.003 ISP-F=0.007 MW-L=0.005 MW-F=0.008]
  Mini-Benders[3] (mw): LB=13.544580, Z₀(α*)=8.758699, intercept=-46.476347 (0.182s) [OMP=0.150 ISP-L=0.003 ISP-F=0.007 MW-L=0.005 MW-F=0.008]
  Mini-Benders[4]: LB stagnated, break
  α-step: Z₀=14.687189, α=[0.000,0.000,0.000,0.000,8.142,0.000,0.815,0.000,0.000,0.000,0.000,0.000,0.000,0.000,0.000,0.000,0.000,0.000,0.000,0.000,0.000,0.000,0.000,0.000,0.000,1.858,0.000,0.000,0.000,0.000]
  Alt-Benders[1] (mw): LB=13.609440, Z₀(α*)=-15.229202, intercept=-66.990807 (0.142s) [OMP=0.116 ISP-L=0.003 ISP-F=0.007 MW-L=0.012 MW-F=0.007]
  Alt-Benders[2] (mw): LB=13.609440, Z₀(α*)=-15.229202, intercept=-66.990807 (0.167s) [OMP=0.142 ISP-L=0.003 ISP-F=0.007 MW-L=0.005 MW-F=0.007]
  Alt-Benders[3] (mw): LB=13.609440, Z₀(α*)=-15.229202, intercept=-66.990807 (0.167s) [OMP=0.146 ISP-L=0.003 ISP-F=0.007 MW-L=0.005 MW-F=0.008]
  Alt-Benders[4]: LB stagnated, break
  OMP re-solve: 0.000s

=== True-DRO Benders iter 18 ===
  OMP: t₀=13.609440, UB=15.592979, gap=1.27e-01, x=[0, 0, 0, 0, 0, 0, 0, 0, 0, 0, 1, 0, 0, 0, 0, 0, 0, 0, 0, 0, 0, 0, 0, 0, 0, 1, 0, 0, 0, 0] (0.000s)
  Sub: Z₀=13.609440 [LOCAL] (0.1s), α=[0.000,0.000,0.000,0.000,0.000,0.000,0.000,0.000,0.000,0.000,4.597,0.000,0.000,0.000,1.520,0.000,0.000,0.000,0.000,0.000,0.000,0.000,0.000,0.000,0.000,4.697,0.000,0.000,0.000,0.000]
  Iter 18: LB=13.609440  UB=15.592979  gap=1.27e-01
  Cut: intercept=-1103.746443, π_x_range=[-820.5876, 580.5677]
  Mini-Benders[1] (mw): LB=13.609440, Z₀(α*)=13.694896, intercept=-55.446184 (0.166s) [OMP=0.138 ISP-L=0.003 ISP-F=0.007 MW-L=0.005 MW-F=0.013]
  Mini-Benders[2] (mw): LB=13.694894, Z₀(α*)=13.694896, intercept=-55.446184 (0.167s) [OMP=0.149 ISP-L=0.003 ISP-F=0.007 MW-L=0.005 MW-F=0.007]
  Mini-Benders[3] (mw): LB=13.694894, Z₀(α*)=13.694896, intercept=-55.446184 (0.182s) [OMP=0.155 ISP-L=0.003 ISP-F=0.007 MW-L=0.005 MW-F=0.007]
  Mini-Benders[4] (mw): LB=13.694894, Z₀(α*)=13.694896, intercept=-55.446184 (0.182s) [OMP=0.152 ISP-L=0.003 ISP-F=0.007 MW-L=0.005 MW-F=0.007]
  Mini-Benders[5]: LB stagnated, break
  α-step: Z₀=13.694896, α=[0.000,0.000,0.000,0.000,0.000,0.000,0.000,0.000,0.000,0.000,4.597,0.000,0.000,0.000,1.520,0.000,0.000,0.000,0.000,0.000,0.000,0.000,0.000,0.000,0.000,4.697,0.000,0.000,0.000,0.000]
  Alt-Benders[1] (mw): LB=13.694896, Z₀(α*)=13.694896, intercept=-55.446183 (0.175s) [OMP=0.158 ISP-L=0.003 ISP-F=0.007 MW-L=0.005 MW-F=0.014]
  Alt-Benders[2] (mw): LB=13.694896, Z₀(α*)=13.694896, intercept=-55.446183 (0.181s) [OMP=0.154 ISP-L=0.003 ISP-F=0.007 MW-L=0.006 MW-F=0.007]
  Alt-Benders[3] (mw): LB=13.694896, Z₀(α*)=13.694896, intercept=-55.446183 (0.183s) [OMP=0.157 ISP-L=0.003 ISP-F=0.007 MW-L=0.005 MW-F=0.007]
  Alt-Benders[4]: LB stagnated, break
  OMP re-solve: 0.000s

=== True-DRO Benders iter 19 ===
  OMP: t₀=13.694896, UB=15.592979, gap=1.22e-01, x=[0, 0, 0, 0, 0, 0, 0, 0, 0, 0, 1, 0, 0, 0, 0, 0, 0, 0, 0, 0, 0, 0, 0, 0, 0, 1, 0, 0, 0, 0] (0.000s)
  Sub: Z₀=13.609440 [LOCAL] (0.1s), α=[0.000,0.000,0.000,0.000,0.000,0.000,0.000,0.000,0.000,0.000,4.597,0.000,0.000,0.000,1.520,0.000,0.000,0.000,0.000,0.000,0.000,0.000,0.000,0.000,0.000,4.697,0.000,0.000,0.000,0.000]
  Iter 19: LB=13.694896  UB=15.592979  gap=1.22e-01
  Cut: intercept=-1103.746443, π_x_range=[-820.5876, 580.5677]
  Mini-Benders[1] (mw): LB=13.694896, Z₀(α*)=13.694896, intercept=-55.446184 (0.182s) [OMP=0.154 ISP-L=0.003 ISP-F=0.007 MW-L=0.005 MW-F=0.007]
  Mini-Benders[2] (mw): LB=13.694896, Z₀(α*)=13.694896, intercept=-55.446184 (0.182s) [OMP=0.150 ISP-L=0.003 ISP-F=0.007 MW-L=0.005 MW-F=0.013]
  Mini-Benders[3]: LB stagnated, break
  α-step: Z₀=13.694896, α=[0.000,0.000,0.000,0.000,0.000,0.000,0.000,0.000,0.000,0.000,4.597,0.000,0.000,0.000,1.520,0.000,0.000,0.000,0.000,0.000,0.000,0.000,0.000,0.000,0.000,4.697,0.000,0.000,0.000,0.000]
  Alt-Benders[1] (mw): LB=13.694896, Z₀(α*)=13.694896, intercept=-55.446183 (0.177s) [OMP=0.156 ISP-L=0.003 ISP-F=0.007 MW-L=0.005 MW-F=0.007]
  Alt-Benders[2] (mw): LB=13.694896, Z₀(α*)=13.694896, intercept=-55.446183 (0.182s) [OMP=0.156 ISP-L=0.003 ISP-F=0.007 MW-L=0.005 MW-F=0.007]
  Alt-Benders[3]: LB stagnated, break
  OMP re-solve: 0.000s

=== True-DRO Benders iter 20 ===
  OMP: t₀=13.694896, UB=15.592979, gap=1.22e-01, x=[0, 0, 0, 0, 0, 0, 0, 0, 0, 0, 1, 0, 0, 0, 0, 0, 0, 0, 0, 0, 0, 0, 0, 0, 0, 1, 0, 0, 0, 0] (0.000s)
  Sub: Z₀=15.821429 (7.0s), α=[0.000,0.000,0.000,0.000,0.000,0.000,0.266,0.000,0.000,0.000,0.000,0.000,0.000,0.000,0.000,0.000,0.000,0.000,0.000,0.000,0.000,0.000,0.000,0.000,0.000,10.549,0.000,0.000,0.000,0.000]
  Iter 20: LB=13.694896  UB=15.592979  gap=1.22e-01
  Cut: intercept=-122.924410, π_x_range=[-185.9865, 81.4079]
  Sherali-Cut: intercept=-48.838767, π_x_range=[-98.9229, 33.9310]
  Mini-Benders[1] (mw): LB=13.704305, Z₀(α*)=-2.013636, intercept=-67.400091 (0.183s) [OMP=0.161 ISP-L=0.003 ISP-F=0.008 MW-L=0.006 MW-F=0.007]
  Mini-Benders[2] (mw): LB=13.704305, Z₀(α*)=-2.013636, intercept=-67.400091 (0.182s) [OMP=0.149 ISP-L=0.003 ISP-F=0.008 MW-L=0.006 MW-F=0.007]
  Mini-Benders[3] (mw): LB=13.704305, Z₀(α*)=-2.013636, intercept=-67.400091 (0.166s) [OMP=0.149 ISP-L=0.003 ISP-F=0.007 MW-L=0.006 MW-F=0.013]
  Mini-Benders[4]: LB stagnated, break
  α-step: Z₀=19.949890, α=[0.000,0.000,0.000,0.000,0.000,0.000,0.000,0.989,0.000,0.000,0.000,0.000,0.000,0.000,3.545,0.000,0.000,0.000,0.000,0.000,0.000,0.000,0.000,0.000,0.000,3.107,3.174,0.000,0.000,0.000]
  Alt-Benders[1] (mw): LB=13.718070, Z₀(α*)=12.917771, intercept=-28.849257 (0.173s) [OMP=0.158 ISP-L=0.003 ISP-F=0.008 MW-L=0.006 MW-F=0.008]
  Alt-Benders[2] (mw): LB=13.718070, Z₀(α*)=12.917771, intercept=-28.849257 (0.198s) [OMP=0.171 ISP-L=0.003 ISP-F=0.008 MW-L=0.006 MW-F=0.008]
  Alt-Benders[3] (mw): LB=13.718070, Z₀(α*)=12.917771, intercept=-28.849257 (0.198s) [OMP=0.168 ISP-L=0.003 ISP-F=0.007 MW-L=0.005 MW-F=0.007]
  Alt-Benders[4]: LB stagnated, break
  OMP re-solve: 0.000s

=== True-DRO Benders iter 21 ===
  OMP: t₀=13.718070, UB=15.592979, gap=1.20e-01, x=[0, 0, 0, 0, 0, 0, 0, 1, 0, 0, 0, 0, 0, 0, 1, 0, 0, 0, 0, 0, 0, 0, 0, 0, 0, 0, 0, 0, 0, 0] (0.000s)
  Sub: Z₀=19.955073 [LOCAL] (0.1s), α=[0.000,0.000,0.000,0.000,0.000,0.000,0.000,2.815,0.000,0.000,0.000,0.000,0.000,0.000,6.156,0.000,0.000,0.000,0.000,0.000,0.000,0.000,0.000,0.000,0.000,1.843,0.000,0.000,0.000,0.000]
  Iter 21: LB=13.718070  UB=15.592979  gap=1.20e-01
  Cut: intercept=-1143.419727, π_x_range=[-828.8253, 588.0598]
  Mini-Benders[1] (mw): LB=13.784998, Z₀(α*)=8.266178, intercept=-84.384752 (0.182s) [OMP=0.155 ISP-L=0.003 ISP-F=0.008 MW-L=0.005 MW-F=0.008]
  Mini-Benders[2] (mw): LB=13.784998, Z₀(α*)=8.266178, intercept=-84.384752 (0.182s) [OMP=0.156 ISP-L=0.003 ISP-F=0.007 MW-L=0.005 MW-F=0.008]
  Mini-Benders[3] (mw): LB=13.784998, Z₀(α*)=8.266178, intercept=-84.384752 (0.182s) [OMP=0.161 ISP-L=0.003 ISP-F=0.008 MW-L=0.005 MW-F=0.008]
  Mini-Benders[4]: LB stagnated, break
  α-step: Z₀=20.763526, α=[0.000,0.000,0.000,0.000,0.000,0.000,2.229,0.000,0.000,0.000,1.326,0.000,0.000,0.000,1.976,0.000,0.000,0.000,0.000,0.000,0.000,0.000,0.000,0.000,0.000,3.679,1.605,0.000,0.000,0.000]
  Alt-Benders[1] (mw): LB=13.825121, Z₀(α*)=-15.357463, intercept=-61.024260 (0.158s) [OMP=0.143 ISP-L=0.003 ISP-F=0.007 MW-L=0.005 MW-F=0.014]
  Alt-Benders[2] (mw): LB=13.825121, Z₀(α*)=-15.357463, intercept=-61.024260 (0.166s) [OMP=0.152 ISP-L=0.003 ISP-F=0.007 MW-L=0.005 MW-F=0.009]
  Alt-Benders[3] (mw): LB=13.825121, Z₀(α*)=-15.357463, intercept=-61.024260 (0.183s) [OMP=0.152 ISP-L=0.003 ISP-F=0.007 MW-L=0.005 MW-F=0.009]
  Alt-Benders[4]: LB stagnated, break
  OMP re-solve: 0.000s

=== True-DRO Benders iter 22 ===
  OMP: t₀=13.825121, UB=15.592979, gap=1.13e-01, x=[0, 0, 0, 0, 0, 0, 0, 0, 0, 0, 1, 0, 0, 0, 0, 0, 0, 0, 0, 0, 0, 0, 0, 0, 0, 0, 1, 0, 0, 0] (0.000s)
  Sub: Z₀=17.639041 [LOCAL] (0.1s), α=[0.000,0.000,0.000,0.000,0.000,0.000,0.000,0.000,0.000,0.000,3.484,0.000,0.000,0.000,0.388,0.000,0.000,0.000,0.000,0.000,0.000,0.000,0.000,0.000,0.000,0.000,6.724,0.218,0.000,0.000]
  Iter 22: LB=13.825121  UB=15.592979  gap=1.13e-01
  Cut: intercept=-1088.399060, π_x_range=[-822.5266, 557.2468]
  Mini-Benders[1] (mw): LB=13.891104, Z₀(α*)=2.410210, intercept=-34.360178 (0.185s) [OMP=0.163 ISP-L=0.003 ISP-F=0.007 MW-L=0.005 MW-F=0.007]
  Mini-Benders[2] (mw): LB=13.891104, Z₀(α*)=2.410210, intercept=-34.360178 (0.119s) [OMP=0.081 ISP-L=0.003 ISP-F=0.007 MW-L=0.012 MW-F=0.007]
  Mini-Benders[3] (mw): LB=13.891104, Z₀(α*)=2.410210, intercept=-34.360178 (0.105s) [OMP=0.079 ISP-L=0.003 ISP-F=0.007 MW-L=0.005 MW-F=0.007]
  Mini-Benders[4]: LB stagnated, break
  α-step: Z₀=16.695825, α=[0.000,0.000,0.000,0.000,0.000,0.000,0.000,0.000,0.000,0.000,0.000,0.000,0.000,0.000,0.000,0.000,0.000,0.000,0.000,0.000,0.000,0.000,0.000,0.000,0.000,0.000,10.815,0.000,0.000,0.000]
  Alt-Benders[1] (mw): LB=13.954650, Z₀(α*)=12.934496, intercept=-7.187108 (0.172s) [OMP=0.155 ISP-L=0.003 ISP-F=0.007 MW-L=0.005 MW-F=0.007]
  Alt-Benders[2] (mw): LB=13.954650, Z₀(α*)=12.934496, intercept=-7.187108 (0.104s) [OMP=0.080 ISP-L=0.003 ISP-F=0.007 MW-L=0.005 MW-F=0.007]
  Alt-Benders[3] (mw): LB=13.954650, Z₀(α*)=12.934496, intercept=-7.187108 (0.154s) [OMP=0.131 ISP-L=0.003 ISP-F=0.007 MW-L=0.011 MW-F=0.007]
  Alt-Benders[4]: LB stagnated, break
  OMP re-solve: 0.000s

=== True-DRO Benders iter 23 ===
  OMP: t₀=13.954650, UB=15.592979, gap=1.05e-01, x=[0, 0, 0, 0, 0, 0, 0, 0, 0, 0, 0, 0, 0, 0, 1, 0, 0, 1, 0, 0, 0, 0, 0, 0, 0, 0, 0, 0, 0, 0] (0.000s)
  Sub: Z₀=21.689684 [LOCAL] (0.2s), α=[0.000,0.000,0.000,0.000,0.000,0.000,0.000,0.000,0.000,0.000,0.000,0.000,0.000,0.000,6.053,0.000,0.000,0.000,0.000,0.000,0.000,0.000,0.000,0.000,0.000,3.619,0.412,0.731,0.000,0.000]
  Iter 23: LB=13.954650  UB=15.592979  gap=1.05e-01
  Cut: intercept=-1125.498518, π_x_range=[-827.9862, 586.7573]
  Mini-Benders[1] (mw): LB=13.958048, Z₀(α*)=10.582626, intercept=-12.873598 (0.167s) [OMP=0.146 ISP-L=0.003 ISP-F=0.008 MW-L=0.006 MW-F=0.009]
  Mini-Benders[2] (mw): LB=13.958048, Z₀(α*)=10.582626, intercept=-12.873598 (0.104s) [OMP=0.078 ISP-L=0.003 ISP-F=0.008 MW-L=0.006 MW-F=0.009]
  Mini-Benders[3] (mw): LB=13.958048, Z₀(α*)=10.582626, intercept=-12.873598 (0.106s) [OMP=0.079 ISP-L=0.003 ISP-F=0.008 MW-L=0.006 MW-F=0.009]
  Mini-Benders[4]: LB stagnated, break
  α-step: Z₀=18.293050, α=[0.000,0.000,0.000,0.000,0.000,0.000,0.000,0.450,0.000,0.000,0.000,0.000,0.000,0.000,4.730,0.000,0.000,0.000,0.000,0.000,0.000,0.000,0.000,0.000,0.000,3.358,2.277,0.000,0.000,0.000]
  Alt-Benders[1] (mw): LB=13.972544, Z₀(α*)=16.970431, intercept=-15.749890 (0.159s) [OMP=0.147 ISP-L=0.003 ISP-F=0.007 MW-L=0.006 MW-F=0.007]
  Alt-Benders[2] (mw): LB=14.048388, Z₀(α*)=15.459156, intercept=-19.655391 (0.166s) [OMP=0.139 ISP-L=0.003 ISP-F=0.007 MW-L=0.005 MW-F=0.007]
  Alt-Benders[3] (mw): LB=14.091513, Z₀(α*)=17.396536, intercept=-0.125064 (0.167s) [OMP=0.151 ISP-L=0.003 ISP-F=0.007 MW-L=0.005 MW-F=0.007]
  Alt-Benders[4] (mw): LB=14.172932, Z₀(α*)=14.617496, intercept=-7.146616 (0.150s) [OMP=0.121 ISP-L=0.003 ISP-F=0.007 MW-L=0.005 MW-F=0.013]
  Alt-Benders[5] (mw): LB=14.212453, Z₀(α*)=15.276214, intercept=-4.519091 (0.104s) [OMP=0.079 ISP-L=0.003 ISP-F=0.007 MW-L=0.005 MW-F=0.009]
  OMP re-solve: 0.078s

=== True-DRO Benders iter 24 ===
  OMP: t₀=14.232453, UB=15.592979, gap=8.73e-02, x=[0, 0, 0, 1, 0, 0, 0, 0, 0, 0, 0, 0, 0, 0, 0, 0, 0, 0, 1, 0, 0, 0, 0, 0, 0, 0, 0, 0, 0, 0] (0.000s)
  Sub: Z₀=20.602319 [LOCAL] (0.1s), α=[0.000,0.000,0.000,1.503,0.176,0.000,0.000,0.000,0.000,0.000,0.000,0.000,0.000,0.000,0.833,0.000,0.000,0.000,3.869,0.000,0.000,0.000,0.000,0.000,0.000,3.795,0.405,0.233,0.000,0.000]
  Iter 24: LB=14.232453  UB=15.592979  gap=8.73e-02
  Cut: intercept=-1082.197605, π_x_range=[-829.3693, 567.1231]
  Mini-Benders[1] (mw): LB=14.556783, Z₀(α*)=14.180303, intercept=-14.611611 (0.198s) [OMP=0.170 ISP-L=0.003 ISP-F=0.008 MW-L=0.005 MW-F=0.008]
  Mini-Benders[2] (mw): LB=14.556783, Z₀(α*)=14.180303, intercept=-14.611611 (0.104s) [OMP=0.078 ISP-L=0.003 ISP-F=0.008 MW-L=0.005 MW-F=0.008]
  Mini-Benders[3] (mw): LB=14.556783, Z₀(α*)=14.180303, intercept=-14.611611 (0.106s) [OMP=0.080 ISP-L=0.003 ISP-F=0.008 MW-L=0.005 MW-F=0.014]
  Mini-Benders[4]: LB stagnated, break
  α-step: Z₀=19.202626, α=[0.000,0.000,0.000,0.000,0.092,0.000,0.555,0.000,0.000,0.000,3.034,0.000,0.000,0.000,0.000,0.000,0.000,0.000,2.934,0.000,0.000,0.000,0.000,0.000,0.000,3.710,0.489,0.000,0.000,0.000]
  Alt-Benders[1] (mw): LB=14.594120, Z₀(α*)=-4.755396, intercept=-17.470023 (0.159s) [OMP=0.147 ISP-L=0.003 ISP-F=0.007 MW-L=0.005 MW-F=0.009]
  Alt-Benders[2] (mw): LB=14.594120, Z₀(α*)=-4.755396, intercept=-17.470023 (0.104s) [OMP=0.081 ISP-L=0.003 ISP-F=0.008 MW-L=0.005 MW-F=0.008]
  Alt-Benders[3] (mw): LB=14.594120, Z₀(α*)=-4.755396, intercept=-17.470023 (0.109s) [OMP=0.080 ISP-L=0.003 ISP-F=0.007 MW-L=0.005 MW-F=0.008]
  Alt-Benders[4]: LB stagnated, break
  OMP re-solve: 0.000s

=== True-DRO Benders iter 25 ===
  OMP: t₀=14.594120, UB=15.592979, gap=6.41e-02, x=[0, 0, 0, 0, 0, 0, 0, 0, 0, 0, 0, 0, 0, 0, 0, 0, 0, 0, 1, 1, 0, 0, 0, 0, 0, 0, 0, 0, 0, 0] (0.000s)
  Sub: Z₀=20.277699 [TIME_LIMIT] (15.3s), α=[0.000,0.000,0.000,0.000,0.000,0.000,0.000,0.207,0.000,0.000,1.720,0.000,0.000,0.000,0.234,0.000,0.000,0.000,0.749,4.798,0.000,0.000,0.000,0.000,0.000,3.107,0.000,0.000,0.000,0.000]
  Iter 25: LB=14.594120  UB=15.592979  gap=6.41e-02
  Cut: intercept=-30.760954, π_x_range=[-215.0000, 29.1480]
  Mini-Benders[1] (mw): LB=14.610440, Z₀(α*)=7.242319, intercept=-36.172043 (0.135s) [OMP=0.123 ISP-L=0.003 ISP-F=0.007 MW-L=0.005 MW-F=0.008]
  Mini-Benders[2] (mw): LB=14.610440, Z₀(α*)=7.242319, intercept=-36.172043 (0.135s) [OMP=0.103 ISP-L=0.003 ISP-F=0.007 MW-L=0.005 MW-F=0.007]
  Mini-Benders[3] (mw): LB=14.610440, Z₀(α*)=7.242319, intercept=-36.172043 (0.122s) [OMP=0.106 ISP-L=0.003 ISP-F=0.007 MW-L=0.005 MW-F=0.007]
  Mini-Benders[4]: LB stagnated, break
  α-step: Z₀=16.885477, α=[0.000,0.000,0.000,0.000,0.000,0.000,0.000,4.361,0.000,0.000,0.000,0.000,0.000,0.000,0.000,0.000,0.000,0.000,0.000,2.883,0.000,0.000,0.000,0.000,0.000,3.571,0.000,0.000,0.000,0.000]
  Alt-Benders[1] (mw): LB=14.617494, Z₀(α*)=-11.082130, intercept=-26.489365 (0.169s) [OMP=0.154 ISP-L=0.003 ISP-F=0.007 MW-L=0.012 MW-F=0.006]
  Alt-Benders[2] (mw): LB=14.617494, Z₀(α*)=-11.082130, intercept=-26.489365 (0.151s) [OMP=0.127 ISP-L=0.003 ISP-F=0.007 MW-L=0.005 MW-F=0.006]
  Alt-Benders[3] (mw): LB=14.617494, Z₀(α*)=-11.082130, intercept=-26.489365 (0.151s) [OMP=0.127 ISP-L=0.003 ISP-F=0.006 MW-L=0.005 MW-F=0.006]
  Alt-Benders[4]: LB stagnated, break
  OMP re-solve: 0.000s

=== True-DRO Benders iter 26 ===
  OMP: t₀=14.617494, UB=15.592979, gap=6.26e-02, x=[0, 0, 0, 0, 1, 0, 0, 0, 1, 0, 0, 0, 0, 0, 0, 0, 0, 0, 0, 0, 0, 0, 0, 0, 0, 0, 0, 0, 0, 0] (0.000s)
  Sub: Z₀=15.870305 [LOCAL] (0.1s), α=[0.000,0.000,0.000,0.000,7.186,0.000,0.978,0.000,0.000,0.000,0.000,0.000,0.000,0.000,2.498,0.000,0.000,0.000,0.000,0.000,0.000,0.000,0.000,0.000,0.000,0.152,0.000,0.000,0.000,0.000]
  Iter 26: LB=14.617494  UB=15.592979  gap=6.26e-02
  Cut: intercept=-1136.072726, π_x_range=[-829.0154, 584.5966]
  Mini-Benders[1] (mw): LB=14.641813, Z₀(α*)=-2.213218, intercept=-38.892977 (0.198s) [OMP=0.167 ISP-L=0.003 ISP-F=0.008 MW-L=0.005 MW-F=0.007]
  Mini-Benders[2] (mw): LB=14.641813, Z₀(α*)=-2.213218, intercept=-38.892977 (0.104s) [OMP=0.078 ISP-L=0.003 ISP-F=0.008 MW-L=0.011 MW-F=0.007]
  Mini-Benders[3] (mw): LB=14.641813, Z₀(α*)=-2.213218, intercept=-38.892977 (0.106s) [OMP=0.080 ISP-L=0.003 ISP-F=0.008 MW-L=0.005 MW-F=0.007]
  Mini-Benders[4]: LB stagnated, break
  α-step: Z₀=19.517650, α=[0.000,0.000,0.000,0.000,0.000,0.000,0.347,1.808,0.000,0.000,0.000,0.000,0.000,0.000,2.902,0.000,0.000,0.000,0.000,0.000,0.000,0.000,0.000,0.000,0.000,2.937,2.822,0.000,0.000,0.000]
  Alt-Benders[1] (mw): LB=14.687189, Z₀(α*)=6.851703, intercept=-22.470797 (0.179s) [OMP=0.172 ISP-L=0.003 ISP-F=0.006 MW-L=0.005 MW-F=0.006]
  Alt-Benders[2] (mw): LB=14.687189, Z₀(α*)=6.851703, intercept=-22.470797 (0.151s) [OMP=0.115 ISP-L=0.003 ISP-F=0.006 MW-L=0.004 MW-F=0.013]
  Alt-Benders[3] (mw): LB=14.687189, Z₀(α*)=6.851703, intercept=-22.470797 (0.138s) [OMP=0.116 ISP-L=0.003 ISP-F=0.006 MW-L=0.005 MW-F=0.007]
  Alt-Benders[4]: LB stagnated, break
  OMP re-solve: 0.000s

=== True-DRO Benders iter 27 ===
  OMP: t₀=14.687189, UB=15.592979, gap=5.81e-02, x=[0, 0, 0, 0, 1, 0, 0, 0, 0, 0, 0, 0, 0, 0, 1, 0, 0, 0, 0, 0, 0, 0, 0, 0, 0, 0, 0, 0, 0, 0] (0.000s)
  Sub: Z₀=14.527939 [LOCAL] (0.1s), α=[0.000,0.000,0.000,0.000,6.027,0.000,0.000,0.000,0.000,0.000,0.000,0.000,0.000,0.000,4.788,0.000,0.000,0.000,0.000,0.000,0.000,0.000,0.000,0.000,0.000,0.000,0.000,0.000,0.000,0.000]
  Iter 27: LB=14.687189  UB=15.592979  gap=5.81e-02
  Cut: intercept=-1160.952276, π_x_range=[-832.3100, 591.6193]
  Mini-Benders[1] (mw): LB=14.687189, Z₀(α*)=14.527940, intercept=-11.110069 (0.103s) [OMP=0.074 ISP-L=0.003 ISP-F=0.007 MW-L=0.005 MW-F=0.013]
  Mini-Benders[2] (mw): LB=14.687189, Z₀(α*)=14.527940, intercept=-11.110069 (0.197s) [OMP=0.159 ISP-L=0.003 ISP-F=0.007 MW-L=0.005 MW-F=0.013]
  Mini-Benders[3]: LB stagnated, break
  α-step: Z₀=15.318800, α=[0.000,0.000,0.000,0.000,4.050,0.000,0.000,0.000,0.000,0.000,0.000,0.000,0.000,0.000,6.765,0.000,0.000,0.000,0.000,0.000,0.000,0.000,0.000,0.000,0.000,0.000,0.000,0.000,0.000,0.000]
  Alt-Benders[1] (mw): LB=14.711055, Z₀(α*)=6.090685, intercept=3.310566 (0.181s) [OMP=0.171 ISP-L=0.003 ISP-F=0.007 MW-L=0.005 MW-F=0.008]
  Alt-Benders[2] (mw): LB=14.711055, Z₀(α*)=6.090685, intercept=3.310566 (0.104s) [OMP=0.077 ISP-L=0.003 ISP-F=0.007 MW-L=0.005 MW-F=0.008]
  Alt-Benders[3] (mw): LB=14.711055, Z₀(α*)=6.090685, intercept=3.310566 (0.115s) [OMP=0.078 ISP-L=0.003 ISP-F=0.007 MW-L=0.005 MW-F=0.008]
  Alt-Benders[4]: LB stagnated, break
  OMP re-solve: 0.000s

=== True-DRO Benders iter 28 ===
  OMP: t₀=14.711055, UB=15.592979, gap=5.66e-02, x=[0, 0, 0, 0, 0, 0, 0, 0, 0, 0, 0, 0, 0, 0, 1, 0, 0, 0, 0, 0, 0, 1, 0, 0, 0, 0, 0, 0, 0, 0] (0.000s)
  Sub: Z₀=21.689684 [LOCAL] (0.1s), α=[0.000,0.000,0.000,0.000,0.000,0.000,0.000,0.000,0.000,0.000,0.000,0.000,0.000,0.000,6.053,0.000,0.000,0.000,0.000,0.000,0.000,0.000,0.000,0.000,0.000,3.619,1.143,0.000,0.000,0.000]
  Iter 28: LB=14.711055  UB=15.592979  gap=5.66e-02
  Cut: intercept=-1128.904593, π_x_range=[-830.1359, 586.6433]
  Mini-Benders[1] (mw): LB=14.776825, Z₀(α*)=15.703049, intercept=-26.773138 (0.200s) [OMP=0.169 ISP-L=0.003 ISP-F=0.007 MW-L=0.005 MW-F=0.013]
  Mini-Benders[2] (mw): LB=14.776825, Z₀(α*)=19.736347, intercept=17.785805 (0.167s) [OMP=0.139 ISP-L=0.003 ISP-F=0.007 MW-L=0.006 MW-F=0.008]
  Mini-Benders[3] (mw): LB=14.790869, Z₀(α*)=11.803287, intercept=-20.270444 (0.213s) [OMP=0.180 ISP-L=0.003 ISP-F=0.008 MW-L=0.005 MW-F=0.010]
  Mini-Benders[4] (mw): LB=14.790869, Z₀(α*)=11.803287, intercept=-20.270444 (0.104s) [OMP=0.081 ISP-L=0.003 ISP-F=0.008 MW-L=0.005 MW-F=0.010]
  Mini-Benders[5] (mw): LB=14.790869, Z₀(α*)=11.803287, intercept=-20.270444 (0.105s) [OMP=0.081 ISP-L=0.003 ISP-F=0.008 MW-L=0.005 MW-F=0.010]
  α-step: Z₀=19.592993, α=[0.000,0.000,0.000,0.000,0.000,0.000,0.000,0.351,0.000,0.000,0.000,0.000,0.000,0.000,0.395,0.000,0.000,0.000,0.000,0.000,0.000,0.000,0.000,0.000,0.000,7.594,2.475,0.000,0.000,0.000]
  Alt-Benders[1] (mw): LB=14.963347, Z₀(α*)=12.705969, intercept=-27.504281 (0.188s) [OMP=0.164 ISP-L=0.003 ISP-F=0.006 MW-L=0.005 MW-F=0.008]
  Alt-Benders[2] (mw): LB=14.963347, Z₀(α*)=12.705969, intercept=-27.504281 (0.104s) [OMP=0.082 ISP-L=0.003 ISP-F=0.006 MW-L=0.005 MW-F=0.008]
  Alt-Benders[3] (mw): LB=14.963347, Z₀(α*)=12.705969, intercept=-27.504281 (0.116s) [OMP=0.080 ISP-L=0.003 ISP-F=0.006 MW-L=0.005 MW-F=0.008]
  Alt-Benders[4]: LB stagnated, break
  OMP re-solve: 0.000s

=== True-DRO Benders iter 29 ===
  OMP: t₀=14.963347, UB=15.592979, gap=4.04e-02, x=[0, 0, 0, 0, 1, 0, 1, 0, 0, 0, 0, 0, 0, 0, 0, 0, 0, 0, 0, 0, 0, 0, 0, 0, 0, 0, 0, 0, 0, 0] (0.000s)
  Sub: Z₀=14.963347 [LOCAL] (0.1s), α=[0.000,0.000,0.000,0.000,7.103,0.000,2.977,0.000,0.000,0.000,0.000,0.000,0.000,0.000,0.665,0.000,0.000,0.000,0.000,0.000,0.000,0.000,0.000,0.000,0.000,0.070,0.000,0.000,0.000,0.000]
  Iter 29: LB=14.963347  UB=15.592979  gap=4.04e-02
  Cut: intercept=-1139.345683, π_x_range=[-830.1026, 586.6583]
  Mini-Benders[1] (mw): LB=14.963347, Z₀(α*)=14.963349, intercept=-39.217563 (0.105s) [OMP=0.082 ISP-L=0.003 ISP-F=0.007 MW-L=0.012 MW-F=0.008]
  Mini-Benders[2] (mw): LB=14.963347, Z₀(α*)=14.963349, intercept=-39.217563 (0.118s) [OMP=0.084 ISP-L=0.003 ISP-F=0.007 MW-L=0.006 MW-F=0.008]
  Mini-Benders[3]: LB stagnated, break
  α-step: Z₀=14.963349, α=[0.000,0.000,0.000,0.000,7.768,0.000,2.312,0.000,0.000,0.000,0.000,0.000,0.000,0.000,0.000,0.000,0.000,0.000,0.000,0.000,0.000,0.000,0.000,0.000,0.000,0.734,0.000,0.000,0.000,0.000]
  Alt-Benders[1] (mw): LB=14.963347, Z₀(α*)=14.963349, intercept=-39.217562 (0.090s) [OMP=0.080 ISP-L=0.003 ISP-F=0.006 MW-L=0.005 MW-F=0.008]
  Alt-Benders[2] (mw): LB=14.963347, Z₀(α*)=14.963349, intercept=-39.217562 (0.119s) [OMP=0.081 ISP-L=0.003 ISP-F=0.007 MW-L=0.005 MW-F=0.008]
  Alt-Benders[3]: LB stagnated, break
  OMP re-solve: 0.000s

=== True-DRO Benders iter 30 ===
  OMP: t₀=14.963347, UB=15.592979, gap=4.04e-02, x=[0, 0, 0, 0, 1, 0, 1, 0, 0, 0, 0, 0, 0, 0, 0, 0, 0, 0, 0, 0, 0, 0, 0, 0, 0, 0, 0, 0, 0, 0] (0.000s)
  Sub: Z₀=16.530151 (1.7s), α=[0.000,0.000,0.000,0.000,0.000,0.000,0.103,0.000,0.000,0.000,0.000,0.000,0.000,0.000,0.004,0.000,0.000,0.000,0.000,0.000,0.000,0.000,0.000,0.000,0.000,10.707,0.000,0.000,0.000,0.000]
  Iter 30: LB=14.963347  UB=15.592979  gap=4.04e-02
  Cut: intercept=-71.748249, π_x_range=[-219.0313, 57.7828]
  Sherali-Cut: intercept=-9.887492, π_x_range=[-130.4401, 15.3517]
  Mini-Benders[1] (mw): LB=15.016017, Z₀(α*)=19.705759, intercept=-14.347527 (0.197s) [OMP=0.167 ISP-L=0.003 ISP-F=0.008 MW-L=0.006 MW-F=0.009]
  Mini-Benders[2] (mw): LB=15.032337, Z₀(α*)=14.905893, intercept=-38.626053 (0.182s) [OMP=0.154 ISP-L=0.003 ISP-F=0.007 MW-L=0.006 MW-F=0.014]
  Mini-Benders[3] (mw): LB=15.032337, Z₀(α*)=14.905893, intercept=-38.626053 (0.167s) [OMP=0.141 ISP-L=0.003 ISP-F=0.007 MW-L=0.006 MW-F=0.009]
  Mini-Benders[4] (mw): LB=15.032337, Z₀(α*)=14.905893, intercept=-38.626053 (0.166s) [OMP=0.136 ISP-L=0.003 ISP-F=0.007 MW-L=0.006 MW-F=0.009]
  Mini-Benders[5]: LB stagnated, break
  α-step: Z₀=15.333011, α=[0.000,0.000,0.000,0.000,0.000,0.000,0.000,0.000,0.000,0.000,0.000,0.000,0.000,0.000,0.395,0.000,0.000,0.000,0.000,0.000,0.000,0.000,0.000,0.000,0.000,10.420,0.000,0.000,0.000,0.000]
  Alt-Benders[1] (mw): LB=15.040613, Z₀(α*)=18.293504, intercept=-19.981354 (0.173s) [OMP=0.151 ISP-L=0.003 ISP-F=0.007 MW-L=0.006 MW-F=0.007]
  Alt-Benders[2] (mw): LB=15.158199, Z₀(α*)=21.831678, intercept=21.831678 (0.182s) [OMP=0.164 ISP-L=0.003 ISP-F=0.007 MW-L=0.012 MW-F=0.008]
  Alt-Benders[3] (mw): LB=15.204182, Z₀(α*)=19.619277, intercept=-8.580214 (0.197s) [OMP=0.160 ISP-L=0.003 ISP-F=0.007 MW-L=0.006 MW-F=0.007]
  Alt-Benders[4] (mw): LB=15.276211, Z₀(α*)=19.041663, intercept=-12.629515 (0.182s) [OMP=0.168 ISP-L=0.003 ISP-F=0.007 MW-L=0.006 MW-F=0.008]
  Alt-Benders[5] (mw): LB=15.287254, Z₀(α*)=21.719540, intercept=21.719541 (0.198s) [OMP=0.172 ISP-L=0.003 ISP-F=0.007 MW-L=0.006 MW-F=0.008]
  OMP re-solve: 0.173s

=== True-DRO Benders iter 31 ===
  OMP: t₀=15.295011, UB=15.592979, gap=1.91e-02, x=[0, 0, 0, 0, 1, 0, 0, 0, 0, 0, 1, 0, 0, 0, 0, 0, 0, 0, 0, 0, 0, 0, 0, 0, 0, 0, 0, 0, 0, 0] (0.000s)
  Sub: Z₀=13.640087 [LOCAL] (0.1s), α=[0.000,0.000,0.000,0.000,4.931,0.000,0.000,0.000,0.000,0.000,4.364,0.000,0.000,0.000,1.520,0.000,0.000,0.000,0.000,0.000,0.000,0.000,0.000,0.000,0.000,0.000,0.000,0.000,0.000,0.000]
  Iter 31: LB=15.295011  UB=15.592979  gap=1.91e-02
  Cut: intercept=-1094.771467, π_x_range=[-822.0535, 568.3640]
  Mini-Benders[1] (mw): LB=15.295011, Z₀(α*)=13.741536, intercept=-95.851333 (0.152s) [OMP=0.121 ISP-L=0.003 ISP-F=0.007 MW-L=0.012 MW-F=0.007]
  Mini-Benders[2] (mw): LB=15.295011, Z₀(α*)=13.741536, intercept=-95.851333 (0.169s) [OMP=0.142 ISP-L=0.003 ISP-F=0.007 MW-L=0.005 MW-F=0.007]
  Mini-Benders[3]: LB stagnated, break
  α-step: Z₀=14.118413, α=[0.000,0.000,0.000,0.000,6.285,0.000,1.060,0.000,0.000,0.000,0.889,0.000,0.000,0.000,2.580,0.000,0.000,0.000,0.000,0.000,0.000,0.000,0.000,0.000,0.000,0.000,0.000,0.000,0.000,0.000]
  Alt-Benders[1] (mw): LB=15.295011, Z₀(α*)=14.118413, intercept=-67.412967 (0.163s) [OMP=0.139 ISP-L=0.003 ISP-F=0.007 MW-L=0.005 MW-F=0.007]
  Alt-Benders[2] (mw): LB=15.295011, Z₀(α*)=14.118413, intercept=-67.412967 (0.151s) [OMP=0.134 ISP-L=0.003 ISP-F=0.007 MW-L=0.005 MW-F=0.007]
  Alt-Benders[3]: LB stagnated, break
  OMP re-solve: 0.001s

=== True-DRO Benders iter 32 ===
  OMP: t₀=15.295011, UB=15.592979, gap=1.91e-02, x=[0, 0, 0, 0, 1, 0, 0, 0, 0, 0, 1, 0, 0, 0, 0, 0, 0, 0, 0, 0, 0, 0, 0, 0, 0, 0, 0, 0, 0, 0] (0.001s)
  Sub: Z₀=13.640087 [LOCAL] (0.1s), α=[0.000,0.000,0.000,0.000,4.931,0.000,0.000,0.000,0.000,0.000,4.364,0.000,0.000,0.000,1.520,0.000,0.000,0.000,0.000,0.000,0.000,0.000,0.000,0.000,0.000,0.000,0.000,0.000,0.000,0.000]
  Iter 32: LB=15.295011  UB=15.592979  gap=1.91e-02
  Cut: intercept=-1094.771467, π_x_range=[-822.0535, 568.3640]
  Mini-Benders[1] (mw): LB=15.295011, Z₀(α*)=13.741536, intercept=-95.851333 (0.166s) [OMP=0.133 ISP-L=0.003 ISP-F=0.007 MW-L=0.005 MW-F=0.007]
  Mini-Benders[2] (mw): LB=15.295011, Z₀(α*)=13.741536, intercept=-95.851333 (0.151s) [OMP=0.130 ISP-L=0.003 ISP-F=0.007 MW-L=0.005 MW-F=0.007]
  Mini-Benders[3]: LB stagnated, break
  α-step: Z₀=14.118413, α=[0.000,0.000,0.000,0.000,6.285,0.000,1.060,0.000,0.000,0.000,0.889,0.000,0.000,0.000,2.580,0.000,0.000,0.000,0.000,0.000,0.000,0.000,0.000,0.000,0.000,0.000,0.000,0.000,0.000,0.000]
  Alt-Benders[1] (mw): LB=15.295011, Z₀(α*)=14.118413, intercept=-67.412967 (0.146s) [OMP=0.130 ISP-L=0.003 ISP-F=0.007 MW-L=0.005 MW-F=0.014]
  Alt-Benders[2] (mw): LB=15.295011, Z₀(α*)=14.118413, intercept=-67.412967 (0.166s) [OMP=0.133 ISP-L=0.003 ISP-F=0.007 MW-L=0.005 MW-F=0.008]
  Alt-Benders[3]: LB stagnated, break
  OMP re-solve: 0.001s

=== True-DRO Benders iter 33 ===
  OMP: t₀=15.295011, UB=15.592979, gap=1.91e-02, x=[0, 0, 0, 0, 1, 0, 0, 0, 0, 0, 1, 0, 0, 0, 0, 0, 0, 0, 0, 0, 0, 0, 0, 0, 0, 0, 0, 0, 0, 0] (0.001s)
  Sub: Z₀=13.640087 [LOCAL] (0.1s), α=[0.000,0.000,0.000,0.000,4.931,0.000,0.000,0.000,0.000,0.000,4.364,0.000,0.000,0.000,1.520,0.000,0.000,0.000,0.000,0.000,0.000,0.000,0.000,0.000,0.000,0.000,0.000,0.000,0.000,0.000]
  Iter 33: LB=15.295011  UB=15.592979  gap=1.91e-02
  Cut: intercept=-1094.771467, π_x_range=[-822.0535, 568.3640]
  Mini-Benders[1] (mw): LB=15.295011, Z₀(α*)=13.741536, intercept=-95.851333 (0.154s) [OMP=0.132 ISP-L=0.003 ISP-F=0.007 MW-L=0.005 MW-F=0.007]
  Mini-Benders[2] (mw): LB=15.295011, Z₀(α*)=13.741536, intercept=-95.851333 (0.149s) [OMP=0.130 ISP-L=0.003 ISP-F=0.007 MW-L=0.005 MW-F=0.007]
  Mini-Benders[3]: LB stagnated, break
  α-step: Z₀=14.118413, α=[0.000,0.000,0.000,0.000,6.285,0.000,1.060,0.000,0.000,0.000,0.889,0.000,0.000,0.000,2.580,0.000,0.000,0.000,0.000,0.000,0.000,0.000,0.000,0.000,0.000,0.000,0.000,0.000,0.000,0.000]
  Alt-Benders[1] (mw): LB=15.295011, Z₀(α*)=14.118413, intercept=-67.412967 (0.151s) [OMP=0.132 ISP-L=0.003 ISP-F=0.007 MW-L=0.005 MW-F=0.008]
  Alt-Benders[2] (mw): LB=15.295011, Z₀(α*)=14.118413, intercept=-67.412967 (0.151s) [OMP=0.131 ISP-L=0.003 ISP-F=0.007 MW-L=0.005 MW-F=0.008]
  Alt-Benders[3]: LB stagnated, break
  OMP re-solve: 0.001s

=== True-DRO Benders iter 34 ===
  OMP: t₀=15.295011, UB=15.592979, gap=1.91e-02, x=[0, 0, 0, 0, 1, 0, 0, 0, 0, 0, 1, 0, 0, 0, 0, 0, 0, 0, 0, 0, 0, 0, 0, 0, 0, 0, 0, 0, 0, 0] (0.000s)
  Sub: Z₀=13.640087 [LOCAL] (0.1s), α=[0.000,0.000,0.000,0.000,4.931,0.000,0.000,0.000,0.000,0.000,4.364,0.000,0.000,0.000,1.520,0.000,0.000,0.000,0.000,0.000,0.000,0.000,0.000,0.000,0.000,0.000,0.000,0.000,0.000,0.000]
  Iter 34: LB=15.295011  UB=15.592979  gap=1.91e-02
  Cut: intercept=-1094.771467, π_x_range=[-822.0535, 568.3640]
  Mini-Benders[1] (mw): LB=15.295011, Z₀(α*)=13.741536, intercept=-95.851333 (0.151s) [OMP=0.131 ISP-L=0.003 ISP-F=0.007 MW-L=0.005 MW-F=0.007]
  Mini-Benders[2] (mw): LB=15.295011, Z₀(α*)=13.741536, intercept=-95.851333 (0.166s) [OMP=0.132 ISP-L=0.003 ISP-F=0.007 MW-L=0.005 MW-F=0.013]
  Mini-Benders[3]: LB stagnated, break
  α-step: Z₀=14.118413, α=[0.000,0.000,0.000,0.000,6.285,0.000,1.060,0.000,0.000,0.000,0.889,0.000,0.000,0.000,2.580,0.000,0.000,0.000,0.000,0.000,0.000,0.000,0.000,0.000,0.000,0.000,0.000,0.000,0.000,0.000]
  Alt-Benders[1] (mw): LB=15.295011, Z₀(α*)=14.118413, intercept=-67.412967 (0.153s) [OMP=0.131 ISP-L=0.003 ISP-F=0.007 MW-L=0.005 MW-F=0.007]
  Alt-Benders[2] (mw): LB=15.295011, Z₀(α*)=14.118413, intercept=-67.412967 (0.166s) [OMP=0.143 ISP-L=0.003 ISP-F=0.007 MW-L=0.005 MW-F=0.007]
  Alt-Benders[3]: LB stagnated, break
  OMP re-solve: 0.001s

=== True-DRO Benders iter 35 ===
  OMP: t₀=15.295011, UB=15.592979, gap=1.91e-02, x=[0, 0, 0, 0, 1, 0, 0, 0, 0, 0, 1, 0, 0, 0, 0, 0, 0, 0, 0, 0, 0, 0, 0, 0, 0, 0, 0, 0, 0, 0] (0.001s)
  Sub: Z₀=15.295011 [TIME_LIMIT] (15.0s), α=[0.000,0.000,0.000,0.000,0.000,0.000,1.435,0.000,0.000,0.000,3.072,0.000,0.000,1.594,0.560,0.000,0.000,0.000,0.000,0.000,0.000,0.000,0.000,0.000,0.000,0.000,1.161,2.991,0.000,0.000]
  Iter 35: LB=15.295011  UB=15.592979  gap=1.91e-02
  Cut: intercept=-111.485040, π_x_range=[-218.0000, 73.1297]
  Mini-Benders[1] (mw): LB=15.295011, Z₀(α*)=15.295011, intercept=-77.502087 (0.134s) [OMP=0.118 ISP-L=0.003 ISP-F=0.007 MW-L=0.011 MW-F=0.006]
  Mini-Benders[2] (mw): LB=15.295011, Z₀(α*)=15.295011, intercept=-77.502087 (0.135s) [OMP=0.099 ISP-L=0.003 ISP-F=0.007 MW-L=0.005 MW-F=0.006]
  Mini-Benders[3]: LB stagnated, break
  α-step: Z₀=15.295011, α=[0.000,0.000,0.000,0.000,0.000,0.000,1.435,0.000,0.000,0.000,4.667,0.000,0.000,0.000,0.560,0.000,0.000,0.000,0.000,0.000,0.000,0.000,0.000,0.000,0.000,0.000,4.152,0.000,0.000,0.000]
  Alt-Benders[1] (mw): LB=15.295011, Z₀(α*)=15.295011, intercept=-77.342661 (0.157s) [OMP=0.137 ISP-L=0.003 ISP-F=0.007 MW-L=0.005 MW-F=0.006]
  Alt-Benders[2] (mw): LB=15.295011, Z₀(α*)=15.295011, intercept=-77.342661 (0.153s) [OMP=0.135 ISP-L=0.003 ISP-F=0.007 MW-L=0.005 MW-F=0.006]
  Alt-Benders[3]: LB stagnated, break
  OMP re-solve: 0.001s

=== True-DRO Benders iter 36 ===
  OMP: t₀=15.295011, UB=15.592979, gap=1.91e-02, x=[0, 0, 0, 0, 1, 0, 0, 0, 0, 0, 1, 0, 0, 0, 0, 0, 0, 0, 0, 0, 0, 0, 0, 0, 0, 0, 0, 0, 0, 0] (0.000s)
  Sub: Z₀=13.640087 [LOCAL] (0.1s), α=[0.000,0.000,0.000,0.000,4.931,0.000,0.000,0.000,0.000,0.000,4.364,0.000,0.000,0.000,1.520,0.000,0.000,0.000,0.000,0.000,0.000,0.000,0.000,0.000,0.000,0.000,0.000,0.000,0.000,0.000]
  Iter 36: LB=15.295011  UB=15.592979  gap=1.91e-02
  Cut: intercept=-1094.771467, π_x_range=[-822.0535, 568.3640]
  Mini-Benders[1] (mw): LB=15.295011, Z₀(α*)=13.741536, intercept=-95.851333 (0.167s) [OMP=0.138 ISP-L=0.003 ISP-F=0.007 MW-L=0.005 MW-F=0.007]
  Mini-Benders[2] (mw): LB=15.295011, Z₀(α*)=13.741536, intercept=-95.851333 (0.150s) [OMP=0.138 ISP-L=0.003 ISP-F=0.007 MW-L=0.005 MW-F=0.007]
  Mini-Benders[3]: LB stagnated, break
  α-step: Z₀=14.118413, α=[0.000,0.000,0.000,0.000,6.285,0.000,1.060,0.000,0.000,0.000,0.889,0.000,0.000,0.000,2.580,0.000,0.000,0.000,0.000,0.000,0.000,0.000,0.000,0.000,0.000,0.000,0.000,0.000,0.000,0.000]
  Alt-Benders[1] (mw): LB=15.295011, Z₀(α*)=14.118413, intercept=-67.412967 (0.156s) [OMP=0.140 ISP-L=0.003 ISP-F=0.007 MW-L=0.005 MW-F=0.007]
  Alt-Benders[2] (mw): LB=15.295011, Z₀(α*)=14.118413, intercept=-67.412967 (0.167s) [OMP=0.139 ISP-L=0.003 ISP-F=0.007 MW-L=0.012 MW-F=0.007]
  Alt-Benders[3]: LB stagnated, break
  OMP re-solve: 0.001s

=== True-DRO Benders iter 37 ===
  OMP: t₀=15.295011, UB=15.592979, gap=1.91e-02, x=[0, 0, 0, 0, 1, 0, 0, 0, 0, 0, 1, 0, 0, 0, 0, 0, 0, 0, 0, 0, 0, 0, 0, 0, 0, 0, 0, 0, 0, 0] (0.000s)
  Sub: Z₀=13.640087 [LOCAL] (0.1s), α=[0.000,0.000,0.000,0.000,4.931,0.000,0.000,0.000,0.000,0.000,4.364,0.000,0.000,0.000,1.520,0.000,0.000,0.000,0.000,0.000,0.000,0.000,0.000,0.000,0.000,0.000,0.000,0.000,0.000,0.000]
  Iter 37: LB=15.295011  UB=15.592979  gap=1.91e-02
  Cut: intercept=-1094.771467, π_x_range=[-822.0535, 568.3640]
  Mini-Benders[1] (mw): LB=15.295011, Z₀(α*)=13.741536, intercept=-95.851333 (0.167s) [OMP=0.140 ISP-L=0.003 ISP-F=0.007 MW-L=0.005 MW-F=0.007]
  Mini-Benders[2] (mw): LB=15.295011, Z₀(α*)=13.741536, intercept=-95.851333 (0.151s) [OMP=0.137 ISP-L=0.003 ISP-F=0.007 MW-L=0.006 MW-F=0.007]
  Mini-Benders[3]: LB stagnated, break
  α-step: Z₀=14.118413, α=[0.000,0.000,0.000,0.000,6.285,0.000,1.060,0.000,0.000,0.000,0.889,0.000,0.000,0.000,2.580,0.000,0.000,0.000,0.000,0.000,0.000,0.000,0.000,0.000,0.000,0.000,0.000,0.000,0.000,0.000]
  Alt-Benders[1] (mw): LB=15.295011, Z₀(α*)=14.118413, intercept=-67.412967 (0.147s) [OMP=0.138 ISP-L=0.003 ISP-F=0.007 MW-L=0.005 MW-F=0.007]
  Alt-Benders[2] (mw): LB=15.295011, Z₀(α*)=14.118413, intercept=-67.412967 (0.167s) [OMP=0.139 ISP-L=0.003 ISP-F=0.007 MW-L=0.005 MW-F=0.007]
  Alt-Benders[3]: LB stagnated, break
  OMP re-solve: 0.001s

=== True-DRO Benders iter 38 ===
  OMP: t₀=15.295011, UB=15.592979, gap=1.91e-02, x=[0, 0, 0, 0, 1, 0, 0, 0, 0, 0, 1, 0, 0, 0, 0, 0, 0, 0, 0, 0, 0, 0, 0, 0, 0, 0, 0, 0, 0, 0] (0.001s)
  Sub: Z₀=13.640087 [LOCAL] (0.1s), α=[0.000,0.000,0.000,0.000,4.931,0.000,0.000,0.000,0.000,0.000,4.364,0.000,0.000,0.000,1.520,0.000,0.000,0.000,0.000,0.000,0.000,0.000,0.000,0.000,0.000,0.000,0.000,0.000,0.000,0.000]
  Iter 38: LB=15.295011  UB=15.592979  gap=1.91e-02
  Cut: intercept=-1094.771467, π_x_range=[-822.0535, 568.3640]
  Mini-Benders[1] (mw): LB=15.295011, Z₀(α*)=13.741536, intercept=-95.851333 (0.153s) [OMP=0.139 ISP-L=0.003 ISP-F=0.007 MW-L=0.005 MW-F=0.007]
  Mini-Benders[2] (mw): LB=15.295011, Z₀(α*)=13.741536, intercept=-95.851333 (0.166s) [OMP=0.137 ISP-L=0.003 ISP-F=0.007 MW-L=0.005 MW-F=0.013]
  Mini-Benders[3]: LB stagnated, break
  α-step: Z₀=14.118413, α=[0.000,0.000,0.000,0.000,6.285,0.000,1.060,0.000,0.000,0.000,0.889,0.000,0.000,0.000,2.580,0.000,0.000,0.000,0.000,0.000,0.000,0.000,0.000,0.000,0.000,0.000,0.000,0.000,0.000,0.000]
  Alt-Benders[1] (mw): LB=15.295011, Z₀(α*)=14.118413, intercept=-67.412967 (0.152s) [OMP=0.137 ISP-L=0.003 ISP-F=0.007 MW-L=0.005 MW-F=0.007]
  Alt-Benders[2] (mw): LB=15.295011, Z₀(α*)=14.118413, intercept=-67.412967 (0.169s) [OMP=0.141 ISP-L=0.003 ISP-F=0.007 MW-L=0.005 MW-F=0.008]
  Alt-Benders[3]: LB stagnated, break
  OMP re-solve: 0.001s

=== True-DRO Benders iter 39 ===
  OMP: t₀=15.295011, UB=15.592979, gap=1.91e-02, x=[0, 0, 0, 0, 1, 0, 0, 0, 0, 0, 1, 0, 0, 0, 0, 0, 0, 0, 0, 0, 0, 0, 0, 0, 0, 0, 0, 0, 0, 0] (0.000s)
  Sub: Z₀=13.640087 [LOCAL] (0.1s), α=[0.000,0.000,0.000,0.000,4.931,0.000,0.000,0.000,0.000,0.000,4.364,0.000,0.000,0.000,1.520,0.000,0.000,0.000,0.000,0.000,0.000,0.000,0.000,0.000,0.000,0.000,0.000,0.000,0.000,0.000]
  Iter 39: LB=15.295011  UB=15.592979  gap=1.91e-02
  Cut: intercept=-1094.771467, π_x_range=[-822.0535, 568.3640]
  Mini-Benders[1] (mw): LB=15.295011, Z₀(α*)=13.741536, intercept=-95.851333 (0.165s) [OMP=0.139 ISP-L=0.003 ISP-F=0.007 MW-L=0.005 MW-F=0.013]
  Mini-Benders[2] (mw): LB=15.295011, Z₀(α*)=13.741536, intercept=-95.851333 (0.151s) [OMP=0.138 ISP-L=0.003 ISP-F=0.007 MW-L=0.006 MW-F=0.007]
  Mini-Benders[3]: LB stagnated, break
  α-step: Z₀=14.118413, α=[0.000,0.000,0.000,0.000,6.285,0.000,1.060,0.000,0.000,0.000,0.889,0.000,0.000,0.000,2.580,0.000,0.000,0.000,0.000,0.000,0.000,0.000,0.000,0.000,0.000,0.000,0.000,0.000,0.000,0.000]
  Alt-Benders[1] (mw): LB=15.295011, Z₀(α*)=14.118413, intercept=-67.412967 (0.154s) [OMP=0.137 ISP-L=0.003 ISP-F=0.007 MW-L=0.005 MW-F=0.008]
  Alt-Benders[2] (mw): LB=15.295011, Z₀(α*)=14.118413, intercept=-67.412967 (0.169s) [OMP=0.141 ISP-L=0.003 ISP-F=0.007 MW-L=0.005 MW-F=0.007]
  Alt-Benders[3]: LB stagnated, break
  OMP re-solve: 0.001s

=== True-DRO Benders iter 40 ===
  OMP: t₀=15.295011, UB=15.592979, gap=1.91e-02, x=[0, 0, 0, 0, 1, 0, 0, 0, 0, 0, 1, 0, 0, 0, 0, 0, 0, 0, 0, 0, 0, 0, 0, 0, 0, 0, 0, 0, 0, 0] (0.000s)
  → Boost: time limit 3600s + MIPGap=0.5% (same x + prev TIME_LIMIT)
  Sub: Z₀=15.294928 (41.2s), α=[0.000,0.000,0.000,0.000,0.000,0.000,1.435,0.000,0.000,0.000,4.667,0.000,0.000,0.000,0.560,0.000,0.000,0.000,0.000,0.000,0.000,0.000,0.000,0.000,0.000,0.000,4.152,0.000,0.000,0.000]
  Iter 40: LB=15.295011  UB=15.294928  gap=5.44e-06
True-DRO Benders converged at iter 40 (gap=5.44e-06)
  Wall time: 198.93 sec
  OMP  time: mean=0.091s, median=0.109s, max=0.180s
  Sub  time (exact): mean=14.465s, median=10.153s, q90=29.611s, max=41.178s (n=5/40)

Result (double): Z₀=15.294928, iters=40, time=199.0s
x arcs = [5, 11]
