============================================================
grid5x5 — double: ε̂=0.50, ε̃=0.50, β=0.00
============================================================
Set parameter Username
Set parameter LicenseID to value 2742039
Academic license - for non-commercial use only - expires 2026-11-20
Set parameter Username
Set parameter LicenseID to value 2742039
Academic license - for non-commercial use only - expires 2026-11-20
Set parameter OutputFlag to value 1
Set parameter LogFile to value "global_miqcp.log"
Set parameter Username
Set parameter LicenseID to value 2742039
Academic license - for non-commercial use only - expires 2026-11-20
Set parameter Username
Set parameter LicenseID to value 2742039
Academic license - for non-commercial use only - expires 2026-11-20
Set parameter Username
Set parameter LicenseID to value 2742039
Academic license - for non-commercial use only - expires 2026-11-20
Set parameter Username
Set parameter LicenseID to value 2742039
Academic license - for non-commercial use only - expires 2026-11-20

=== True-DRO Benders iter 1 ===
  OMP: t₀=14.356761, UB=Inf, gap=NaN, x=[0, 0, 0, 0, 0, 0, 0, 0, 0, 0, 0, 0, 0, 0, 0, 0, 0, 0, 0, 0, 0, 0, 0, 0, 0, 0, 0, 1, 0, 0, 0, 0, 0, 0, 0, 0, 1, 0, 0, 0, 0, 0, 0, 0, 0, 0, 0] (0.013s)
  Sub: Z₀=35.967037 [LOCAL] (0.3s), α=[0.000,0.000,0.000,0.000,0.000,0.000,0.000,0.000,0.000,0.000,0.000,0.000,0.000,0.000,0.000,0.000,0.000,0.000,0.000,0.000,0.000,0.000,0.000,0.000,1.613,0.000,0.000,0.000,0.118,0.000,0.000,0.000,0.000,0.000,0.000,0.000,8.518,0.000,0.000,0.000,0.000,0.000,0.000,0.000,0.000,0.000,0.000]
  Iter 1: LB=14.356761  UB=Inf  gap=NaN
  Cut: intercept=-1137.397219, π_x_range=[-828.3956, 596.8565]
  Mini-Benders[1] (mw): LB=15.740565, Z₀(α*)=18.015603, intercept=-66.480136 (0.085s) [OMP=0.033 ISP-L=0.007 ISP-F=0.016 MW-L=0.016 MW-F=0.010]
  Mini-Benders[2] (mw): LB=15.748163, Z₀(α*)=-4.876072, intercept=-34.785018 (0.068s) [OMP=0.032 ISP-L=0.004 ISP-F=0.011 MW-L=0.008 MW-F=0.012]
  Mini-Benders[3] (mw): LB=15.748163, Z₀(α*)=-4.876072, intercept=-34.785018 (0.075s) [OMP=0.033 ISP-L=0.004 ISP-F=0.011 MW-L=0.015 MW-F=0.012]
  Mini-Benders[4] (mw): LB=15.748163, Z₀(α*)=-4.876072, intercept=-34.785018 (0.069s) [OMP=0.033 ISP-L=0.004 ISP-F=0.011 MW-L=0.008 MW-F=0.012]
  Mini-Benders[5]: LB stagnated, break
Set parameter NonConvex to value 2
Set parameter DualReductions to value 0
  α-step: Z₀=37.920349, α=[0.000,0.000,0.000,0.000,0.000,0.000,0.000,0.000,0.000,0.000,0.000,0.000,0.000,0.000,0.000,0.000,0.000,0.000,0.000,0.000,0.000,0.000,0.000,0.000,3.258,0.000,0.000,0.605,4.467,0.000,0.000,1.920,0.000,0.000,0.000,0.000,0.000,0.000,0.000,0.000,0.000,0.000,0.000,0.000,0.000,0.000,0.000]
  Alt-Benders[1] (mw): LB=16.468695, Z₀(α*)=25.169297, intercept=0.862251 (0.076s) [OMP=0.044 ISP-L=0.004 ISP-F=0.010 MW-L=0.008 MW-F=0.009]
  Alt-Benders[2] (mw): LB=16.604306, Z₀(α*)=21.829913, intercept=-141.394025 (0.086s) [OMP=0.046 ISP-L=0.004 ISP-F=0.010 MW-L=0.013 MW-F=0.012]
  Alt-Benders[3] (mw): LB=17.041466, Z₀(α*)=29.206337, intercept=-75.819273 (0.086s) [OMP=0.046 ISP-L=0.004 ISP-F=0.011 MW-L=0.008 MW-F=0.017]
  Alt-Benders[4] (mw): LB=17.197649, Z₀(α*)=37.306443, intercept=-37.298279 (0.095s) [OMP=0.063 ISP-L=0.003 ISP-F=0.010 MW-L=0.008 MW-F=0.011]
  Alt-Benders[5] (mw): LB=17.217289, Z₀(α*)=34.435801, intercept=-66.210525 (0.088s) [OMP=0.057 ISP-L=0.004 ISP-F=0.010 MW-L=0.007 MW-F=0.014]
  OMP re-solve: 0.067s

=== True-DRO Benders iter 2 ===
  OMP: t₀=17.852499, UB=Inf, gap=NaN, x=[0, 0, 0, 0, 0, 0, 0, 0, 0, 0, 0, 0, 0, 0, 0, 0, 0, 0, 0, 0, 0, 0, 0, 0, 1, 0, 0, 0, 0, 0, 0, 0, 1, 0, 0, 0, 0, 0, 0, 0, 0, 0, 0, 0, 0, 0, 0] (0.000s)
  Sub: Z₀=41.046329 [LOCAL] (0.2s), α=[0.000,0.000,0.000,0.000,0.000,0.000,0.000,0.000,0.000,0.000,0.000,0.000,0.000,0.000,0.000,0.000,0.000,0.000,0.000,0.000,0.000,0.000,0.000,0.000,7.505,0.000,0.000,0.000,2.744,0.000,0.000,0.000,0.000,0.000,0.000,0.000,0.000,0.000,0.000,0.000,0.000,0.000,0.000,0.000,0.000,0.000,0.000]
  Iter 2: LB=17.852499  UB=Inf  gap=NaN
  Cut: intercept=-1141.212112, π_x_range=[-826.3470, 598.2266]
  Mini-Benders[1] (mw): LB=17.860097, Z₀(α*)=40.095685, intercept=-28.020112 (0.119s) [OMP=0.070 ISP-L=0.004 ISP-F=0.012 MW-L=0.008 MW-F=0.016]
  Mini-Benders[2] (mw): LB=18.015601, Z₀(α*)=36.256858, intercept=-27.626833 (0.097s) [OMP=0.058 ISP-L=0.003 ISP-F=0.010 MW-L=0.008 MW-F=0.011]
  Mini-Benders[3] (mw): LB=18.046335, Z₀(α*)=39.384576, intercept=-9.787234 (0.114s) [OMP=0.082 ISP-L=0.004 ISP-F=0.012 MW-L=0.008 MW-F=0.014]
  Mini-Benders[4] (mw): LB=18.324271, Z₀(α*)=33.828192, intercept=-104.740889 (0.122s) [OMP=0.088 ISP-L=0.004 ISP-F=0.011 MW-L=0.007 MW-F=0.010]
  Mini-Benders[5] (mw): LB=18.373711, Z₀(α*)=18.638614, intercept=-127.445906 (0.121s) [OMP=0.091 ISP-L=0.003 ISP-F=0.010 MW-L=0.008 MW-F=0.015]
  α-step: Z₀=36.601739, α=[0.000,0.000,0.000,0.000,0.000,0.000,0.000,0.000,0.000,0.000,0.000,0.000,0.000,0.000,0.000,0.000,0.000,0.000,0.000,0.000,0.000,0.000,0.000,0.000,2.725,0.000,0.000,0.689,4.382,0.000,0.000,0.000,0.000,0.000,0.000,2.056,0.397,0.000,0.000,0.000,0.000,0.000,0.000,0.000,0.000,0.000,0.000]
  Alt-Benders[1] (mw): LB=18.507531, Z₀(α*)=23.369978, intercept=-229.229865 (0.138s) [OMP=0.099 ISP-L=0.004 ISP-F=0.011 MW-L=0.010 MW-F=0.012]
  Alt-Benders[2] (mw): LB=18.638612, Z₀(α*)=31.112305, intercept=-73.339926 (0.122s) [OMP=0.096 ISP-L=0.004 ISP-F=0.010 MW-L=0.008 MW-F=0.011]
  Alt-Benders[3] (mw): LB=19.153400, Z₀(α*)=36.667292, intercept=-98.986677 (0.151s) [OMP=0.109 ISP-L=0.004 ISP-F=0.012 MW-L=0.013 MW-F=0.011]
  Alt-Benders[4] (mw): LB=19.243576, Z₀(α*)=34.099927, intercept=-76.775138 (0.135s) [OMP=0.094 ISP-L=0.004 ISP-F=0.010 MW-L=0.007 MW-F=0.012]
  Alt-Benders[5] (mw): LB=19.309583, Z₀(α*)=39.996719, intercept=-33.070617 (0.135s) [OMP=0.098 ISP-L=0.004 ISP-F=0.010 MW-L=0.012 MW-F=0.011]
  OMP re-solve: 0.115s

=== True-DRO Benders iter 3 ===
  OMP: t₀=19.329224, UB=Inf, gap=NaN, x=[0, 0, 0, 0, 0, 0, 0, 0, 0, 0, 0, 0, 0, 0, 0, 0, 0, 0, 0, 0, 0, 0, 0, 0, 0, 0, 0, 0, 0, 0, 1, 0, 1, 0, 0, 0, 0, 0, 0, 0, 0, 0, 0, 0, 0, 0, 0] (0.000s)
  Sub: Z₀=41.032007 [LOCAL] (0.2s), α=[0.000,0.000,0.000,0.000,0.000,0.000,0.000,0.000,0.000,0.000,0.000,0.000,0.000,0.000,0.000,0.000,0.000,0.000,0.000,0.000,0.000,0.000,0.000,0.000,4.725,0.000,0.000,0.000,2.744,0.000,2.585,0.000,0.000,0.000,0.000,0.000,0.195,0.000,0.000,0.000,0.000,0.000,0.000,0.000,0.000,0.000,0.000]
  Iter 3: LB=19.329224  UB=Inf  gap=NaN
  Cut: intercept=-1132.446602, π_x_range=[-826.4182, 599.2902]
  Mini-Benders[1] (mw): LB=19.436631, Z₀(α*)=25.121403, intercept=-122.096518 (0.135s) [OMP=0.091 ISP-L=0.004 ISP-F=0.011 MW-L=0.011 MW-F=0.012]
  Mini-Benders[2] (mw): LB=19.508439, Z₀(α*)=22.851400, intercept=-265.440497 (0.138s) [OMP=0.103 ISP-L=0.004 ISP-F=0.011 MW-L=0.007 MW-F=0.012]
  Mini-Benders[3] (mw): LB=20.158270, Z₀(α*)=34.347497, intercept=-106.856191 (0.153s) [OMP=0.108 ISP-L=0.004 ISP-F=0.010 MW-L=0.008 MW-F=0.013]
  Mini-Benders[4] (mw): LB=20.220567, Z₀(α*)=29.576677, intercept=-127.278539 (0.135s) [OMP=0.107 ISP-L=0.003 ISP-F=0.010 MW-L=0.007 MW-F=0.016]
  Mini-Benders[5] (mw): LB=20.236467, Z₀(α*)=35.411085, intercept=-138.285425 (0.151s) [OMP=0.109 ISP-L=0.004 ISP-F=0.009 MW-L=0.007 MW-F=0.013]
  α-step: Z₀=39.390341, α=[0.000,0.000,0.000,0.000,0.000,0.000,0.000,0.000,0.000,0.000,0.000,0.000,0.000,0.000,0.000,0.000,0.000,0.000,0.000,0.000,0.000,0.000,0.000,0.000,2.159,0.000,0.000,0.000,8.091,0.000,0.000,0.000,0.000,0.000,0.000,0.000,0.000,0.000,0.000,0.000,0.000,0.000,0.000,0.000,0.000,0.000,0.000]
  Alt-Benders[1] (mw): LB=20.444597, Z₀(α*)=35.093810, intercept=-62.398338 (0.150s) [OMP=0.114 ISP-L=0.004 ISP-F=0.011 MW-L=0.008 MW-F=0.010]
  Alt-Benders[2] (mw): LB=20.485646, Z₀(α*)=41.854386, intercept=-87.012828 (0.154s) [OMP=0.113 ISP-L=0.004 ISP-F=0.010 MW-L=0.008 MW-F=0.016]
  Alt-Benders[3] (mw): LB=20.546235, Z₀(α*)=38.199685, intercept=-67.535053 (0.135s) [OMP=0.107 ISP-L=0.004 ISP-F=0.010 MW-L=0.007 MW-F=0.010]
  Alt-Benders[4] (mw): LB=20.892243, Z₀(α*)=36.965791, intercept=-127.879628 (0.166s) [OMP=0.122 ISP-L=0.004 ISP-F=0.009 MW-L=0.007 MW-F=0.017]
  Alt-Benders[5] (mw): LB=20.899841, Z₀(α*)=37.503501, intercept=-139.028106 (0.135s) [OMP=0.112 ISP-L=0.002 ISP-F=0.009 MW-L=0.005 MW-F=0.011]
  OMP re-solve: 0.116s

=== True-DRO Benders iter 4 ===
  OMP: t₀=21.376336, UB=Inf, gap=NaN, x=[0, 0, 0, 0, 0, 0, 0, 0, 0, 0, 0, 0, 0, 0, 0, 0, 0, 0, 0, 0, 0, 0, 1, 0, 0, 0, 0, 0, 0, 0, 0, 0, 1, 0, 0, 0, 0, 0, 0, 0, 0, 0, 0, 0, 0, 0, 0] (0.000s)
  Sub: Z₀=40.177872 [LOCAL] (0.2s), α=[0.000,0.000,0.000,0.000,0.000,0.000,0.000,0.000,0.000,0.000,0.000,0.000,0.000,0.000,0.000,0.000,0.000,0.000,0.000,0.000,0.000,0.000,0.584,0.018,2.986,0.000,0.000,0.000,4.213,0.000,0.000,0.000,0.000,0.000,0.021,0.260,2.167,0.000,0.000,0.000,0.000,0.000,0.000,0.000,0.000,0.000,0.000]
  Iter 4: LB=21.376336  UB=Inf  gap=NaN
  Cut: intercept=-1121.225099, π_x_range=[-825.7143, 581.2953]
  Mini-Benders[1] (mw): LB=21.829911, Z₀(α*)=22.927107, intercept=-114.890169 (0.154s) [OMP=0.118 ISP-L=0.004 ISP-F=0.011 MW-L=0.007 MW-F=0.016]
  Mini-Benders[2] (mw): LB=21.851213, Z₀(α*)=42.598796, intercept=-7.081448 (0.166s) [OMP=0.117 ISP-L=0.004 ISP-F=0.010 MW-L=0.012 MW-F=0.012]
  Mini-Benders[3] (mw): LB=21.855299, Z₀(α*)=44.622388, intercept=20.079056 (0.151s) [OMP=0.113 ISP-L=0.004 ISP-F=0.012 MW-L=0.008 MW-F=0.011]
  Mini-Benders[4] (mw): LB=21.878151, Z₀(α*)=34.242622, intercept=-73.440665 (0.151s) [OMP=0.105 ISP-L=0.004 ISP-F=0.012 MW-L=0.013 MW-F=0.014]
  Mini-Benders[5] (mw): LB=21.997249, Z₀(α*)=36.378866, intercept=-49.844056 (0.151s) [OMP=0.118 ISP-L=0.004 ISP-F=0.010 MW-L=0.008 MW-F=0.011]
  α-step: Z₀=36.637957, α=[0.000,0.000,0.000,0.000,0.000,0.000,0.000,0.000,0.000,0.000,0.000,0.000,0.000,0.000,0.000,0.000,0.000,0.000,0.000,0.000,0.000,0.000,0.000,0.000,3.538,0.000,0.000,0.000,0.514,0.000,0.000,0.000,2.230,0.000,3.810,0.000,0.157,0.000,0.000,0.000,0.000,0.000,0.000,0.000,0.000,0.000,0.000]
  Alt-Benders[1] (mw): LB=22.193144, Z₀(α*)=-14.894649, intercept=-131.248675 (0.151s) [OMP=0.116 ISP-L=0.004 ISP-F=0.011 MW-L=0.008 MW-F=0.011]
  Alt-Benders[2] (mw): LB=22.193144, Z₀(α*)=-14.894649, intercept=-131.248675 (0.151s) [OMP=0.116 ISP-L=0.004 ISP-F=0.010 MW-L=0.012 MW-F=0.011]
  Alt-Benders[3] (mw): LB=22.193144, Z₀(α*)=-14.894649, intercept=-131.248675 (0.151s) [OMP=0.116 ISP-L=0.004 ISP-F=0.011 MW-L=0.008 MW-F=0.011]
  Alt-Benders[4]: LB stagnated, break
  OMP re-solve: 0.000s

=== True-DRO Benders iter 5 ===
  OMP: t₀=22.193144, UB=Inf, gap=NaN, x=[0, 0, 0, 0, 0, 0, 0, 0, 0, 0, 1, 0, 0, 0, 0, 0, 0, 0, 0, 0, 0, 0, 0, 0, 0, 0, 1, 0, 0, 0, 0, 0, 0, 0, 0, 0, 0, 0, 0, 0, 0, 0, 0, 0, 0, 0, 0] (0.000s)
  Sub: Z₀=39.417363 (0.8s), α=[0.000,0.000,0.000,0.000,0.000,0.000,0.000,0.000,0.000,0.000,0.000,0.000,0.000,0.000,0.000,0.000,0.000,0.000,0.000,0.000,0.000,0.000,2.236,0.000,0.918,0.122,0.000,0.000,6.972,0.000,0.000,0.000,0.000,0.000,0.000,0.000,0.000,0.000,0.000,0.000,0.000,0.000,0.000,0.000,0.000,0.000,0.000]
  Iter 5: LB=22.193144  UB=39.417363  gap=4.37e-01
  Cut: intercept=-213.773293, π_x_range=[-187.6787, 158.2489]
  Sherali-Cut: intercept=-107.338789, π_x_range=[-132.2535, 118.5345]
  Mini-Benders[1] (mw): LB=22.349327, Z₀(α*)=37.847533, intercept=-106.840406 (0.167s) [OMP=0.128 ISP-L=0.004 ISP-F=0.010 MW-L=0.008 MW-F=0.012]
  Mini-Benders[2] (mw): LB=22.368968, Z₀(α*)=38.233525, intercept=-154.829847 (0.166s) [OMP=0.129 ISP-L=0.004 ISP-F=0.010 MW-L=0.012 MW-F=0.011]
  Mini-Benders[3] (mw): LB=22.851398, Z₀(α*)=38.493421, intercept=-169.316607 (0.151s) [OMP=0.116 ISP-L=0.004 ISP-F=0.010 MW-L=0.008 MW-F=0.011]
  Mini-Benders[4] (mw): LB=22.897040, Z₀(α*)=27.679285, intercept=-50.931030 (0.166s) [OMP=0.123 ISP-L=0.004 ISP-F=0.010 MW-L=0.012 MW-F=0.010]
  Mini-Benders[5] (mw): LB=22.927105, Z₀(α*)=21.452039, intercept=-168.926570 (0.135s) [OMP=0.106 ISP-L=0.003 ISP-F=0.009 MW-L=0.007 MW-F=0.013]
  α-step: Z₀=35.021092, α=[0.000,0.000,0.000,0.000,0.000,0.000,0.000,0.000,0.000,0.000,0.000,0.000,0.000,0.000,0.000,0.000,0.000,0.000,0.000,0.000,0.000,0.000,0.000,0.000,0.000,0.000,0.000,0.000,10.098,0.000,0.000,0.000,0.100,0.000,0.000,0.000,0.051,0.000,0.000,0.000,0.000,0.000,0.000,0.000,0.000,0.000,0.000]
  Alt-Benders[1] (mw): LB=22.982345, Z₀(α*)=33.250686, intercept=-21.163846 (0.137s) [OMP=0.114 ISP-L=0.004 ISP-F=0.010 MW-L=0.009 MW-F=0.010]
  Alt-Benders[2] (mw): LB=23.133016, Z₀(α*)=24.133253, intercept=-32.719806 (0.154s) [OMP=0.116 ISP-L=0.004 ISP-F=0.009 MW-L=0.012 MW-F=0.009]
  Alt-Benders[3] (mw): LB=23.198014, Z₀(α*)=37.325011, intercept=-189.272782 (0.166s) [OMP=0.124 ISP-L=0.004 ISP-F=0.011 MW-L=0.008 MW-F=0.014]
  Alt-Benders[4] (mw): LB=23.369976, Z₀(α*)=36.228705, intercept=-176.347068 (0.151s) [OMP=0.122 ISP-L=0.004 ISP-F=0.009 MW-L=0.008 MW-F=0.011]
  Alt-Benders[5] (mw): LB=23.381052, Z₀(α*)=-7.054559, intercept=19.385901 (0.151s) [OMP=0.114 ISP-L=0.004 ISP-F=0.010 MW-L=0.008 MW-F=0.018]
  OMP re-solve: 0.112s

=== True-DRO Benders iter 6 ===
  OMP: t₀=23.381052, UB=39.417363, gap=4.07e-01, x=[0, 0, 0, 0, 0, 0, 0, 0, 0, 0, 0, 0, 0, 0, 0, 0, 0, 0, 0, 0, 0, 0, 0, 1, 1, 0, 0, 0, 0, 0, 0, 0, 0, 0, 0, 0, 0, 0, 0, 0, 0, 0, 0, 0, 0, 0, 0] (0.000s)
  Sub: Z₀=37.243916 [LOCAL] (0.2s), α=[0.000,0.000,0.000,0.000,0.000,0.000,0.000,0.000,0.000,0.000,0.000,0.000,0.000,0.000,0.000,0.000,0.000,0.000,0.000,0.000,0.000,0.000,0.922,2.115,7.212,0.000,0.000,0.000,0.000,0.000,0.000,0.000,0.000,0.000,0.000,0.000,0.000,0.000,0.000,0.000,0.000,0.000,0.000,0.000,0.000,0.000,0.000]
  Iter 6: LB=23.381052  UB=39.417363  gap=4.07e-01
  Cut: intercept=-1139.356229, π_x_range=[-827.5931, 593.7497]
  Mini-Benders[1] (mw): LB=23.388651, Z₀(α*)=36.648736, intercept=-20.953780 (0.167s) [OMP=0.125 ISP-L=0.004 ISP-F=0.011 MW-L=0.009 MW-F=0.014]
  Mini-Benders[2] (mw): LB=23.525390, Z₀(α*)=-7.306005, intercept=-129.142690 (0.166s) [OMP=0.128 ISP-L=0.004 ISP-F=0.013 MW-L=0.008 MW-F=0.013]
  Mini-Benders[3] (mw): LB=23.525390, Z₀(α*)=-7.306005, intercept=-129.142690 (0.167s) [OMP=0.124 ISP-L=0.004 ISP-F=0.013 MW-L=0.008 MW-F=0.017]
  Mini-Benders[4] (mw): LB=23.525390, Z₀(α*)=-7.306005, intercept=-129.142690 (0.166s) [OMP=0.120 ISP-L=0.004 ISP-F=0.012 MW-L=0.008 MW-F=0.013]
  Mini-Benders[5]: LB stagnated, break
  α-step: Z₀=42.204079, α=[0.000,0.000,0.000,0.000,0.000,0.000,0.000,0.000,0.000,0.000,0.000,0.000,0.000,0.000,0.000,0.000,0.000,0.000,0.000,0.000,0.000,0.000,3.864,0.000,0.000,0.000,0.000,0.000,6.335,0.000,0.000,0.000,0.000,0.000,0.000,0.000,0.051,0.000,0.000,0.000,0.000,0.000,0.000,0.000,0.000,0.000,0.000]
  Alt-Benders[1] (mw): LB=23.585979, Z₀(α*)=41.234329, intercept=-35.616060 (0.165s) [OMP=0.135 ISP-L=0.004 ISP-F=0.008 MW-L=0.007 MW-F=0.015]
  Alt-Benders[2] (mw): LB=23.642892, Z₀(α*)=19.844934, intercept=-40.709236 (0.166s) [OMP=0.131 ISP-L=0.004 ISP-F=0.010 MW-L=0.011 MW-F=0.013]
  Alt-Benders[3] (mw): LB=23.642892, Z₀(α*)=19.844934, intercept=-40.709236 (0.151s) [OMP=0.113 ISP-L=0.004 ISP-F=0.010 MW-L=0.007 MW-F=0.013]
  Alt-Benders[4] (mw): LB=23.642892, Z₀(α*)=19.844934, intercept=-40.709236 (0.153s) [OMP=0.111 ISP-L=0.004 ISP-F=0.010 MW-L=0.011 MW-F=0.013]
  Alt-Benders[5]: LB stagnated, break
  OMP re-solve: 0.000s

=== True-DRO Benders iter 7 ===
  OMP: t₀=23.642892, UB=39.417363, gap=4.00e-01, x=[0, 0, 0, 0, 0, 0, 0, 0, 0, 0, 0, 0, 0, 0, 0, 0, 0, 0, 0, 0, 0, 0, 0, 0, 0, 0, 0, 0, 0, 0, 0, 0, 0, 0, 1, 0, 1, 0, 0, 0, 0, 0, 0, 0, 0, 0, 0] (0.000s)
  Sub: Z₀=39.210885 [LOCAL] (0.3s), α=[0.000,0.000,0.000,0.000,0.000,0.000,0.000,0.000,0.000,0.000,0.000,0.000,0.000,0.000,0.000,0.000,0.000,0.000,0.000,0.000,0.000,0.000,0.000,0.000,0.000,0.000,0.000,0.000,0.911,0.000,0.000,0.000,0.000,0.000,0.000,0.000,9.338,0.000,0.000,0.000,0.000,0.000,0.000,0.000,0.000,0.000,0.000]
  Iter 7: LB=23.642892  UB=39.417363  gap=4.00e-01
  Cut: intercept=-1128.723881, π_x_range=[-830.7442, 589.1831]
  Mini-Benders[1] (mw): LB=24.059997, Z₀(α*)=41.377530, intercept=-3.091682 (0.167s) [OMP=0.121 ISP-L=0.004 ISP-F=0.010 MW-L=0.011 MW-F=0.012]
  Mini-Benders[2] (mw): LB=24.133251, Z₀(α*)=-45.561241, intercept=-8.759747 (0.151s) [OMP=0.115 ISP-L=0.003 ISP-F=0.012 MW-L=0.006 MW-F=0.011]
  Mini-Benders[3] (mw): LB=24.133251, Z₀(α*)=-45.561241, intercept=-8.759747 (0.154s) [OMP=0.111 ISP-L=0.004 ISP-F=0.012 MW-L=0.013 MW-F=0.011]
  Mini-Benders[4] (mw): LB=24.133251, Z₀(α*)=-45.561241, intercept=-8.759747 (0.135s) [OMP=0.109 ISP-L=0.004 ISP-F=0.012 MW-L=0.009 MW-F=0.011]
  Mini-Benders[5]: LB stagnated, break
  α-step: Z₀=39.149172, α=[0.000,0.000,0.000,0.000,0.000,0.000,0.000,0.000,0.000,0.000,0.000,0.000,0.000,0.000,0.000,0.000,0.000,0.000,0.000,0.000,0.000,0.000,0.000,0.000,7.263,0.000,0.000,0.594,0.314,0.000,0.000,2.079,0.000,0.000,0.000,0.000,0.000,0.000,0.000,0.000,0.000,0.000,0.000,0.000,0.000,0.000,0.000]
  Alt-Benders[1] (mw): LB=24.172546, Z₀(α*)=37.512704, intercept=-58.231924 (0.137s) [OMP=0.110 ISP-L=0.004 ISP-F=0.010 MW-L=0.009 MW-F=0.017]
  Alt-Benders[2] (mw): LB=24.366148, Z₀(α*)=32.840667, intercept=-35.397192 (0.169s) [OMP=0.128 ISP-L=0.004 ISP-F=0.011 MW-L=0.007 MW-F=0.012]
  Alt-Benders[3] (mw): LB=24.373747, Z₀(α*)=38.143563, intercept=-21.136045 (0.151s) [OMP=0.114 ISP-L=0.004 ISP-F=0.010 MW-L=0.009 MW-F=0.015]
  Alt-Benders[4] (mw): LB=24.376369, Z₀(α*)=16.544788, intercept=-101.798032 (0.151s) [OMP=0.113 ISP-L=0.004 ISP-F=0.010 MW-L=0.007 MW-F=0.013]
  Alt-Benders[5] (mw): LB=24.376369, Z₀(α*)=16.544788, intercept=-101.798032 (0.169s) [OMP=0.123 ISP-L=0.004 ISP-F=0.010 MW-L=0.007 MW-F=0.017]
  OMP re-solve: 0.124s

=== True-DRO Benders iter 8 ===
  OMP: t₀=24.376369, UB=39.417363, gap=3.82e-01, x=[0, 0, 0, 0, 0, 0, 0, 0, 0, 0, 0, 0, 0, 0, 0, 0, 0, 0, 0, 0, 0, 0, 0, 0, 0, 0, 0, 0, 0, 0, 1, 0, 0, 0, 0, 0, 1, 0, 0, 0, 0, 0, 0, 0, 0, 0, 0] (0.000s)
  Sub: Z₀=40.397818 [LOCAL] (0.2s), α=[0.000,0.000,0.000,0.000,0.000,0.000,0.000,0.000,0.000,0.000,0.000,0.000,0.000,0.000,0.000,0.000,0.000,0.000,0.000,0.000,0.000,0.000,0.000,0.000,2.530,0.000,0.000,0.000,2.744,0.000,0.000,0.000,0.000,0.000,0.000,0.000,4.975,0.000,0.000,0.000,0.000,0.000,0.000,0.000,0.000,0.000,0.000]
  Iter 8: LB=24.376369  UB=39.417363  gap=3.82e-01
  Cut: intercept=-1127.907831, π_x_range=[-830.8083, 586.1776]
  Mini-Benders[1] (mw): LB=24.426319, Z₀(α*)=2.543857, intercept=-11.964721 (0.166s) [OMP=0.115 ISP-L=0.004 ISP-F=0.012 MW-L=0.009 MW-F=0.018]
  Mini-Benders[2] (mw): LB=24.426319, Z₀(α*)=2.543857, intercept=-11.964721 (0.167s) [OMP=0.129 ISP-L=0.004 ISP-F=0.012 MW-L=0.009 MW-F=0.014]
  Mini-Benders[3] (mw): LB=24.426319, Z₀(α*)=2.543857, intercept=-11.964721 (0.182s) [OMP=0.125 ISP-L=0.004 ISP-F=0.012 MW-L=0.009 MW-F=0.018]
  Mini-Benders[4]: LB stagnated, break
  α-step: Z₀=41.076305, α=[0.000,0.000,0.000,0.000,0.000,0.000,0.000,0.000,0.000,0.000,0.000,0.000,0.000,0.000,0.000,0.000,0.000,0.000,0.000,0.000,0.000,0.000,0.000,0.000,8.276,0.000,0.000,0.000,1.815,0.000,0.000,0.000,0.000,0.000,0.000,0.000,0.157,0.000,0.000,0.000,0.000,0.000,0.000,0.000,0.000,0.000,0.000]
  Alt-Benders[1] (mw): LB=24.667044, Z₀(α*)=38.165696, intercept=-15.962884 (0.170s) [OMP=0.127 ISP-L=0.004 ISP-F=0.009 MW-L=0.008 MW-F=0.028]
  Alt-Benders[2] (mw): LB=24.681954, Z₀(α*)=37.024080, intercept=-47.261984 (0.150s) [OMP=0.116 ISP-L=0.004 ISP-F=0.010 MW-L=0.008 MW-F=0.012]
  Alt-Benders[3] (mw): LB=24.743550, Z₀(α*)=35.276937, intercept=-72.522170 (0.151s) [OMP=0.115 ISP-L=0.004 ISP-F=0.010 MW-L=0.011 MW-F=0.009]
  Alt-Benders[4] (mw): LB=24.838137, Z₀(α*)=27.708000, intercept=-41.864012 (0.151s) [OMP=0.118 ISP-L=0.004 ISP-F=0.010 MW-L=0.009 MW-F=0.009]
  Alt-Benders[5] (mw): LB=24.857777, Z₀(α*)=35.667225, intercept=-50.049520 (0.166s) [OMP=0.127 ISP-L=0.004 ISP-F=0.011 MW-L=0.014 MW-F=0.010]
  OMP re-solve: 0.112s

=== True-DRO Benders iter 9 ===
  OMP: t₀=24.890957, UB=39.417363, gap=3.69e-01, x=[0, 0, 0, 0, 0, 0, 0, 0, 0, 0, 1, 0, 0, 0, 0, 0, 0, 0, 0, 0, 0, 0, 0, 0, 0, 0, 0, 0, 1, 0, 0, 0, 0, 0, 0, 0, 0, 0, 0, 0, 0, 0, 0, 0, 0, 0, 0] (0.000s)
  Sub: Z₀=41.006977 [LOCAL] (0.2s), α=[0.000,0.000,0.000,0.000,0.000,0.000,0.000,0.000,0.000,0.000,0.000,0.000,0.000,0.000,0.000,0.000,0.000,0.000,0.000,0.000,0.000,0.000,5.204,0.000,0.000,0.000,0.000,0.000,5.046,0.000,0.000,0.000,0.000,0.000,0.000,0.000,0.000,0.000,0.000,0.000,0.000,0.000,0.000,0.000,0.000,0.000,0.000]
  Iter 9: LB=24.890957  UB=39.417363  gap=3.69e-01
  Cut: intercept=-1107.734138, π_x_range=[-829.0318, 598.3206]
  Mini-Benders[1] (mw): LB=24.912109, Z₀(α*)=23.938438, intercept=-16.247438 (0.151s) [OMP=0.116 ISP-L=0.004 ISP-F=0.011 MW-L=0.013 MW-F=0.010]
  Mini-Benders[2] (mw): LB=24.912109, Z₀(α*)=23.938438, intercept=-16.247438 (0.151s) [OMP=0.114 ISP-L=0.004 ISP-F=0.011 MW-L=0.009 MW-F=0.010]
  Mini-Benders[3] (mw): LB=24.912109, Z₀(α*)=23.938438, intercept=-16.247438 (0.153s) [OMP=0.114 ISP-L=0.004 ISP-F=0.011 MW-L=0.013 MW-F=0.010]
  Mini-Benders[4]: LB stagnated, break
  α-step: Z₀=42.653188, α=[0.000,0.000,0.000,0.000,0.000,0.000,0.000,0.000,0.000,0.000,0.000,0.000,0.000,0.000,0.000,0.000,0.000,0.000,0.000,0.000,0.000,0.000,0.000,0.000,0.133,4.925,0.000,0.000,0.907,0.000,0.000,3.879,0.000,0.000,0.405,0.000,0.000,0.000,0.000,0.000,0.000,0.000,0.000,0.000,0.000,0.000,0.000]
  Alt-Benders[1] (mw): LB=24.926296, Z₀(α*)=11.938216, intercept=-58.579406 (0.157s) [OMP=0.118 ISP-L=0.004 ISP-F=0.010 MW-L=0.012 MW-F=0.011]
  Alt-Benders[2] (mw): LB=24.926296, Z₀(α*)=11.938216, intercept=-58.579406 (0.135s) [OMP=0.110 ISP-L=0.004 ISP-F=0.010 MW-L=0.008 MW-F=0.015]
  Alt-Benders[3] (mw): LB=24.926296, Z₀(α*)=11.938216, intercept=-58.579406 (0.151s) [OMP=0.111 ISP-L=0.004 ISP-F=0.010 MW-L=0.008 MW-F=0.011]
  Alt-Benders[4]: LB stagnated, break
  OMP re-solve: 0.000s

=== True-DRO Benders iter 10 ===
  OMP: t₀=24.926296, UB=39.417363, gap=3.68e-01, x=[0, 0, 0, 0, 0, 0, 0, 0, 0, 0, 0, 0, 0, 0, 0, 0, 0, 0, 0, 0, 0, 0, 0, 0, 0, 1, 0, 0, 0, 0, 0, 0, 0, 0, 0, 0, 1, 0, 0, 0, 0, 0, 0, 0, 0, 0, 0] (0.000s)
  Sub: Z₀=42.825377 (1.1s), α=[0.000,0.000,0.000,0.000,0.000,0.000,0.000,0.000,0.000,0.000,0.000,0.000,0.000,0.000,0.000,0.000,0.000,0.000,0.000,0.000,0.000,0.000,0.000,0.000,0.160,0.000,0.000,0.000,2.744,0.000,0.000,0.000,0.000,0.000,0.000,0.000,7.345,0.000,0.000,0.000,0.000,0.000,0.000,0.000,0.000,0.000,0.000]
  Iter 10: LB=24.926296  UB=39.417363  gap=3.68e-01
  Cut: intercept=-50.387447, π_x_range=[-266.0000, 57.9958]
  Sherali-Cut: intercept=26.796279, π_x_range=[-158.4315, 10.6962]
  Mini-Benders[1] (mw): LB=25.010674, Z₀(α*)=30.380443, intercept=-108.901450 (0.151s) [OMP=0.123 ISP-L=0.004 ISP-F=0.012 MW-L=0.011 MW-F=0.011]
  Mini-Benders[2] (mw): LB=25.121401, Z₀(α*)=35.035220, intercept=-42.209642 (0.182s) [OMP=0.133 ISP-L=0.004 ISP-F=0.010 MW-L=0.008 MW-F=0.011]
  Mini-Benders[3] (mw): LB=25.169295, Z₀(α*)=42.006375, intercept=-0.071368 (0.151s) [OMP=0.112 ISP-L=0.003 ISP-F=0.011 MW-L=0.012 MW-F=0.023]
  Mini-Benders[4] (mw): LB=25.532121, Z₀(α*)=35.938017, intercept=-108.521905 (0.182s) [OMP=0.144 ISP-L=0.004 ISP-F=0.011 MW-L=0.008 MW-F=0.012]
  Mini-Benders[5] (mw): LB=25.596275, Z₀(α*)=34.040370, intercept=-159.908714 (0.166s) [OMP=0.129 ISP-L=0.004 ISP-F=0.011 MW-L=0.012 MW-F=0.011]
  α-step: Z₀=36.207782, α=[0.000,0.000,0.000,0.000,0.000,0.000,0.000,0.000,0.000,0.000,0.000,0.000,0.000,0.000,0.000,0.000,0.000,0.000,0.000,0.000,0.000,0.000,0.000,0.000,6.378,0.000,0.000,0.000,2.744,0.000,0.000,0.000,0.000,0.000,0.000,1.126,0.000,0.000,0.000,0.000,0.000,0.000,0.000,0.000,0.000,0.000,0.000]
  Alt-Benders[1] (mw): LB=25.683353, Z₀(α*)=38.714909, intercept=-11.840423 (0.183s) [OMP=0.132 ISP-L=0.004 ISP-F=0.009 MW-L=0.012 MW-F=0.025]
  Alt-Benders[2] (mw): LB=25.686823, Z₀(α*)=38.296345, intercept=14.490030 (0.150s) [OMP=0.122 ISP-L=0.004 ISP-F=0.011 MW-L=0.008 MW-F=0.013]
  Alt-Benders[3] (mw): LB=25.823233, Z₀(α*)=34.115584, intercept=-47.501190 (0.167s) [OMP=0.125 ISP-L=0.004 ISP-F=0.010 MW-L=0.008 MW-F=0.011]
  Alt-Benders[4] (mw): LB=25.842873, Z₀(α*)=38.361714, intercept=-9.459489 (0.153s) [OMP=0.121 ISP-L=0.004 ISP-F=0.012 MW-L=0.008 MW-F=0.014]
  Alt-Benders[5] (mw): LB=25.860295, Z₀(α*)=39.269372, intercept=11.475533 (0.151s) [OMP=0.120 ISP-L=0.004 ISP-F=0.011 MW-L=0.008 MW-F=0.010]
  OMP re-solve: 0.123s

=== True-DRO Benders iter 11 ===
  OMP: t₀=26.014199, UB=39.417363, gap=3.40e-01, x=[0, 0, 0, 0, 0, 0, 0, 0, 0, 0, 0, 0, 0, 0, 0, 0, 0, 0, 0, 0, 0, 0, 0, 1, 0, 0, 0, 0, 0, 1, 0, 0, 0, 0, 0, 0, 0, 0, 0, 0, 0, 0, 0, 0, 0, 0, 0] (0.000s)
  Sub: Z₀=40.501745 [LOCAL] (0.3s), α=[0.000,0.000,0.000,0.000,0.000,0.000,0.000,0.000,0.000,0.000,0.000,0.000,0.000,0.000,0.000,0.000,0.000,0.000,0.000,0.000,0.000,0.000,4.355,4.572,0.000,0.000,0.000,0.000,1.165,0.000,0.000,0.000,0.000,0.000,0.000,0.000,0.157,0.000,0.000,0.000,0.000,0.000,0.000,0.000,0.000,0.000,0.000]
  Iter 11: LB=26.014199  UB=39.417363  gap=3.40e-01
  Cut: intercept=-1097.335758, π_x_range=[-828.5088, 569.9803]
  Mini-Benders[1] (mw): LB=26.074788, Z₀(α*)=41.212300, intercept=25.818167 (0.166s) [OMP=0.126 ISP-L=0.004 ISP-F=0.010 MW-L=0.007 MW-F=0.012]
  Mini-Benders[2] (mw): LB=26.202506, Z₀(α*)=22.430627, intercept=-86.365964 (0.151s) [OMP=0.119 ISP-L=0.004 ISP-F=0.011 MW-L=0.008 MW-F=0.018]
  Mini-Benders[3] (mw): LB=26.202506, Z₀(α*)=22.430627, intercept=-86.365964 (0.183s) [OMP=0.130 ISP-L=0.004 ISP-F=0.012 MW-L=0.009 MW-F=0.014]
  Mini-Benders[4] (mw): LB=26.202506, Z₀(α*)=22.430627, intercept=-86.365964 (0.166s) [OMP=0.127 ISP-L=0.004 ISP-F=0.011 MW-L=0.008 MW-F=0.018]
  Mini-Benders[5]: LB stagnated, break
  α-step: Z₀=41.219322, α=[0.000,0.000,0.000,0.000,0.000,0.000,0.000,0.000,0.000,0.000,0.000,0.000,0.000,0.000,0.000,0.000,0.000,0.000,0.000,0.000,0.000,0.000,1.244,0.000,0.000,6.582,0.000,0.000,2.151,0.000,0.000,0.000,0.000,0.000,0.272,0.000,0.000,0.000,0.000,0.000,0.000,0.000,0.000,0.000,0.000,0.000,0.000]
  Alt-Benders[1] (mw): LB=26.257859, Z₀(α*)=36.799954, intercept=-84.168538 (0.164s) [OMP=0.136 ISP-L=0.004 ISP-F=0.011 MW-L=0.009 MW-F=0.016]
  Alt-Benders[2] (mw): LB=26.263347, Z₀(α*)=1.661113, intercept=-33.360415 (0.182s) [OMP=0.130 ISP-L=0.004 ISP-F=0.010 MW-L=0.008 MW-F=0.014]
  Alt-Benders[3] (mw): LB=26.263347, Z₀(α*)=1.661113, intercept=-33.360415 (0.151s) [OMP=0.124 ISP-L=0.004 ISP-F=0.010 MW-L=0.012 MW-F=0.014]
  Alt-Benders[4] (mw): LB=26.263347, Z₀(α*)=1.661113, intercept=-33.360415 (0.167s) [OMP=0.128 ISP-L=0.004 ISP-F=0.010 MW-L=0.008 MW-F=0.014]
  Alt-Benders[5]: LB stagnated, break
  OMP re-solve: 0.000s

=== True-DRO Benders iter 12 ===
  OMP: t₀=26.263347, UB=39.417363, gap=3.34e-01, x=[0, 0, 0, 0, 0, 0, 0, 0, 0, 0, 0, 0, 0, 0, 0, 0, 0, 0, 0, 0, 0, 0, 0, 0, 1, 0, 0, 0, 0, 0, 0, 0, 0, 0, 0, 1, 0, 0, 0, 0, 0, 0, 0, 0, 0, 0, 0] (0.000s)
  Sub: Z₀=40.095396 [LOCAL] (0.2s), α=[0.000,0.000,0.000,0.000,0.000,0.000,0.000,0.000,0.000,0.000,0.000,0.000,0.000,0.000,0.000,0.000,0.000,0.000,0.000,0.000,0.000,0.000,0.000,0.000,6.413,0.000,0.000,0.000,0.907,0.000,0.000,0.000,0.000,0.000,0.000,1.359,1.570,0.000,0.000,0.000,0.000,0.000,0.000,0.000,0.000,0.000,0.000]
  Iter 12: LB=26.263347  UB=39.417363  gap=3.34e-01
  Cut: intercept=-1134.234735, π_x_range=[-831.4015, 587.7843]
  Mini-Benders[1] (mw): LB=26.318608, Z₀(α*)=20.909385, intercept=-209.065925 (0.167s) [OMP=0.133 ISP-L=0.004 ISP-F=0.012 MW-L=0.008 MW-F=0.013]
  Mini-Benders[2] (mw): LB=26.318608, Z₀(α*)=20.909385, intercept=-209.065925 (0.166s) [OMP=0.123 ISP-L=0.004 ISP-F=0.012 MW-L=0.012 MW-F=0.013]
  Mini-Benders[3] (mw): LB=26.318608, Z₀(α*)=20.909385, intercept=-209.065925 (0.167s) [OMP=0.121 ISP-L=0.004 ISP-F=0.011 MW-L=0.008 MW-F=0.013]
  Mini-Benders[4]: LB stagnated, break
  α-step: Z₀=43.263702, α=[0.000,0.000,0.000,0.000,0.000,0.000,0.000,0.000,0.000,0.000,0.000,0.000,0.000,0.000,0.000,0.000,0.000,0.000,0.000,0.000,0.000,0.000,0.000,0.000,5.496,0.000,0.000,0.000,0.118,0.000,0.000,3.665,0.000,0.000,0.000,0.970,0.000,0.000,0.000,0.000,0.000,0.000,0.000,0.000,0.000,0.000,0.000]
  Alt-Benders[1] (mw): LB=26.363384, Z₀(α*)=18.223944, intercept=-60.764705 (0.166s) [OMP=0.134 ISP-L=0.004 ISP-F=0.010 MW-L=0.008 MW-F=0.012]
  Alt-Benders[2] (mw): LB=26.363384, Z₀(α*)=18.223944, intercept=-60.764705 (0.167s) [OMP=0.133 ISP-L=0.004 ISP-F=0.010 MW-L=0.012 MW-F=0.012]
  Alt-Benders[3] (mw): LB=26.363384, Z₀(α*)=18.223944, intercept=-60.764705 (0.166s) [OMP=0.130 ISP-L=0.004 ISP-F=0.010 MW-L=0.008 MW-F=0.011]
  Alt-Benders[4]: LB stagnated, break
  OMP re-solve: 0.000s

=== True-DRO Benders iter 13 ===
  OMP: t₀=26.363384, UB=39.417363, gap=3.31e-01, x=[0, 0, 0, 0, 0, 0, 0, 0, 0, 0, 0, 0, 0, 0, 0, 0, 0, 0, 0, 0, 0, 0, 0, 0, 0, 0, 1, 0, 0, 0, 0, 0, 0, 0, 0, 0, 1, 0, 0, 0, 0, 0, 0, 0, 0, 0, 0] (0.000s)
  Sub: Z₀=39.465400 [LOCAL] (0.2s), α=[0.000,0.000,0.000,0.000,0.000,0.000,0.000,0.000,0.000,0.000,0.000,0.000,0.000,0.000,0.000,0.000,0.000,0.000,0.000,0.000,0.000,0.000,0.000,0.000,3.642,0.000,0.000,0.041,5.030,0.000,0.000,0.000,0.000,0.000,0.000,0.000,1.536,0.000,0.000,0.000,0.000,0.000,0.000,0.000,0.000,0.000,0.000]
  Iter 13: LB=26.363384  UB=39.417363  gap=3.31e-01
  Cut: intercept=-1123.539543, π_x_range=[-829.8083, 588.3612]
  Mini-Benders[1] (mw): LB=26.634554, Z₀(α*)=38.479812, intercept=-16.127324 (0.167s) [OMP=0.132 ISP-L=0.004 ISP-F=0.011 MW-L=0.008 MW-F=0.013]
  Mini-Benders[2] (mw): LB=26.671919, Z₀(α*)=37.246609, intercept=-1.680387 (0.166s) [OMP=0.130 ISP-L=0.004 ISP-F=0.013 MW-L=0.008 MW-F=0.012]
  Mini-Benders[3] (mw): LB=26.889840, Z₀(α*)=39.934863, intercept=32.395652 (0.167s) [OMP=0.123 ISP-L=0.004 ISP-F=0.011 MW-L=0.008 MW-F=0.015]
  Mini-Benders[4] (mw): LB=26.933252, Z₀(α*)=36.158412, intercept=-64.747578 (0.166s) [OMP=0.133 ISP-L=0.004 ISP-F=0.012 MW-L=0.008 MW-F=0.010]
  Mini-Benders[5] (mw): LB=26.999295, Z₀(α*)=37.315198, intercept=-38.197733 (0.166s) [OMP=0.123 ISP-L=0.004 ISP-F=0.011 MW-L=0.008 MW-F=0.015]
  α-step: Z₀=36.858123, α=[0.000,0.000,0.000,0.000,0.000,0.000,0.000,0.000,0.000,0.000,0.000,0.000,0.000,0.000,0.000,0.000,0.000,0.000,0.000,0.000,0.000,0.000,0.000,0.000,2.929,0.000,0.000,0.000,2.145,0.000,0.000,0.000,0.000,0.000,0.000,0.000,5.175,0.000,0.000,0.000,0.000,0.000,0.000,0.000,0.000,0.000,0.000]
  Alt-Benders[1] (mw): LB=27.429468, Z₀(α*)=32.574266, intercept=-20.735318 (0.151s) [OMP=0.116 ISP-L=0.004 ISP-F=0.011 MW-L=0.007 MW-F=0.013]
  Alt-Benders[2] (mw): LB=27.549414, Z₀(α*)=38.594115, intercept=-50.326685 (0.167s) [OMP=0.135 ISP-L=0.004 ISP-F=0.009 MW-L=0.009 MW-F=0.011]
  Alt-Benders[3] (mw): LB=27.574922, Z₀(α*)=32.933193, intercept=13.748032 (0.182s) [OMP=0.132 ISP-L=0.004 ISP-F=0.011 MW-L=0.008 MW-F=0.013]
  Alt-Benders[4] (mw): LB=27.578326, Z₀(α*)=33.063284, intercept=-8.597656 (0.166s) [OMP=0.134 ISP-L=0.004 ISP-F=0.010 MW-L=0.008 MW-F=0.012]
  Alt-Benders[5] (mw): LB=27.585924, Z₀(α*)=33.700203, intercept=12.970992 (0.167s) [OMP=0.125 ISP-L=0.004 ISP-F=0.011 MW-L=0.008 MW-F=0.016]
  OMP re-solve: 0.132s

=== True-DRO Benders iter 14 ===
  OMP: t₀=27.667552, UB=39.417363, gap=2.98e-01, x=[0, 0, 0, 0, 0, 0, 0, 0, 0, 0, 0, 0, 0, 0, 0, 0, 0, 0, 0, 0, 0, 0, 0, 0, 0, 0, 0, 0, 0, 0, 0, 0, 0, 0, 1, 1, 0, 0, 0, 0, 0, 0, 0, 0, 0, 0, 0] (0.000s)
  Sub: Z₀=40.589554 [LOCAL] (0.2s), α=[0.000,0.000,0.000,0.000,0.000,0.000,0.000,0.000,0.000,0.000,0.000,0.000,0.000,0.000,0.000,0.000,0.000,0.000,0.000,0.000,0.000,0.000,0.000,0.000,0.000,0.000,0.000,0.000,2.744,0.000,0.000,0.000,0.000,0.000,2.299,3.548,1.659,0.000,0.000,0.000,0.000,0.000,0.000,0.000,0.000,0.000,0.000]
  Iter 14: LB=27.667552  UB=39.417363  gap=2.98e-01
  Cut: intercept=-1133.331991, π_x_range=[-830.4621, 592.2304]
  Mini-Benders[1] (mw): LB=27.679283, Z₀(α*)=9.041085, intercept=-41.878747 (0.182s) [OMP=0.138 ISP-L=0.004 ISP-F=0.011 MW-L=0.012 MW-F=0.011]
  Mini-Benders[2] (mw): LB=27.679283, Z₀(α*)=9.041085, intercept=-41.878747 (0.151s) [OMP=0.117 ISP-L=0.004 ISP-F=0.011 MW-L=0.008 MW-F=0.011]
  Mini-Benders[3] (mw): LB=27.679283, Z₀(α*)=9.041085, intercept=-41.878747 (0.151s) [OMP=0.119 ISP-L=0.004 ISP-F=0.011 MW-L=0.012 MW-F=0.010]
  Mini-Benders[4]: LB stagnated, break
  α-step: Z₀=38.436819, α=[0.000,0.000,0.000,0.000,0.000,0.000,0.000,0.000,0.000,0.000,0.000,0.000,0.000,0.000,0.000,0.000,0.000,0.000,0.000,0.000,0.000,0.000,0.000,0.000,6.145,0.000,0.000,0.000,1.310,0.000,0.000,0.000,0.000,0.000,0.000,0.000,2.794,0.000,0.000,0.000,0.000,0.000,0.000,0.000,0.000,0.000,0.000]
  Alt-Benders[1] (mw): LB=27.707998, Z₀(α*)=30.947942, intercept=-43.363185 (0.163s) [OMP=0.140 ISP-L=0.004 ISP-F=0.009 MW-L=0.012 MW-F=0.011]
  Alt-Benders[2] (mw): LB=27.738789, Z₀(α*)=42.144266, intercept=-67.396993 (0.182s) [OMP=0.134 ISP-L=0.004 ISP-F=0.010 MW-L=0.009 MW-F=0.010]
  Alt-Benders[3] (mw): LB=27.766016, Z₀(α*)=24.227831, intercept=-99.642753 (0.183s) [OMP=0.143 ISP-L=0.004 ISP-F=0.011 MW-L=0.012 MW-F=0.012]
  Alt-Benders[4] (mw): LB=27.766016, Z₀(α*)=24.227831, intercept=-99.642753 (0.166s) [OMP=0.127 ISP-L=0.004 ISP-F=0.011 MW-L=0.009 MW-F=0.012]
  Alt-Benders[5] (mw): LB=27.766016, Z₀(α*)=24.227831, intercept=-99.642753 (0.166s) [OMP=0.125 ISP-L=0.004 ISP-F=0.012 MW-L=0.013 MW-F=0.012]
  OMP re-solve: 0.122s

=== True-DRO Benders iter 15 ===
  OMP: t₀=27.766016, UB=39.417363, gap=2.96e-01, x=[0, 0, 0, 0, 0, 0, 0, 0, 0, 0, 0, 0, 0, 0, 0, 0, 0, 0, 0, 0, 0, 0, 0, 0, 0, 0, 1, 0, 0, 1, 0, 0, 0, 0, 0, 0, 0, 0, 0, 0, 0, 0, 0, 0, 0, 0, 0] (0.000s)
  Sub: Z₀=40.727813 [TIME_LIMIT] (15.0s), α=[0.000,0.000,0.000,0.000,0.000,0.000,0.000,0.000,0.000,0.000,0.000,0.000,0.000,0.000,0.000,0.000,0.000,0.000,0.000,0.000,0.000,0.000,2.584,0.000,0.000,0.000,0.000,0.000,3.491,4.014,0.000,0.000,0.000,0.000,0.000,0.000,0.161,0.000,0.000,0.000,0.000,0.000,0.000,0.000,0.000,0.000,0.000]
  Iter 15: LB=27.766016  UB=39.417363  gap=2.96e-01
  Cut: intercept=-151.877921, π_x_range=[-244.7011, 121.3171]
  Mini-Benders[1] (mw): LB=27.888326, Z₀(α*)=17.043570, intercept=-20.752158 (0.261s) [OMP=0.211 ISP-L=0.004 ISP-F=0.011 MW-L=0.011 MW-F=0.012]
  Mini-Benders[2] (mw): LB=27.888326, Z₀(α*)=17.043570, intercept=-20.752158 (0.229s) [OMP=0.197 ISP-L=0.004 ISP-F=0.011 MW-L=0.007 MW-F=0.015]
  Mini-Benders[3] (mw): LB=27.888326, Z₀(α*)=17.043570, intercept=-20.752158 (0.229s) [OMP=0.191 ISP-L=0.004 ISP-F=0.011 MW-L=0.007 MW-F=0.012]
  Mini-Benders[4]: LB stagnated, break
  α-step: Z₀=41.331933, α=[0.000,0.000,0.000,0.000,0.000,0.000,0.000,0.000,0.000,0.000,0.000,0.000,0.000,0.000,0.000,0.000,0.000,0.000,0.000,0.000,0.000,0.000,1.065,0.000,5.506,0.952,0.000,0.000,1.972,0.000,0.000,0.754,0.000,0.000,0.000,0.000,0.000,0.000,0.000,0.000,0.000,0.000,0.000,0.000,0.000,0.000,0.000]
  Alt-Benders[1] (mw): LB=27.908258, Z₀(α*)=39.674239, intercept=20.541707 (0.166s) [OMP=0.131 ISP-L=0.004 ISP-F=0.011 MW-L=0.008 MW-F=0.011]
  Alt-Benders[2] (mw): LB=27.915856, Z₀(α*)=41.808711, intercept=-14.350547 (0.182s) [OMP=0.156 ISP-L=0.004 ISP-F=0.011 MW-L=0.008 MW-F=0.014]
  Alt-Benders[3] (mw): LB=27.990205, Z₀(α*)=41.023620, intercept=-67.161747 (0.198s) [OMP=0.147 ISP-L=0.004 ISP-F=0.011 MW-L=0.009 MW-F=0.010]
  Alt-Benders[4] (mw): LB=28.029628, Z₀(α*)=37.271969, intercept=-12.491322 (0.183s) [OMP=0.149 ISP-L=0.004 ISP-F=0.010 MW-L=0.008 MW-F=0.014]
  Alt-Benders[5] (mw): LB=28.081371, Z₀(α*)=38.921064, intercept=-10.361522 (0.182s) [OMP=0.143 ISP-L=0.004 ISP-F=0.011 MW-L=0.009 MW-F=0.011]
  OMP re-solve: 0.143s

=== True-DRO Benders iter 16 ===
  OMP: t₀=28.273643, UB=39.417363, gap=2.83e-01, x=[0, 0, 0, 0, 0, 0, 0, 0, 0, 0, 0, 0, 0, 0, 1, 0, 0, 0, 0, 0, 0, 0, 0, 0, 1, 0, 0, 0, 0, 0, 0, 0, 0, 0, 0, 0, 0, 0, 0, 0, 0, 0, 0, 0, 0, 0, 0] (0.000s)
  Sub: Z₀=42.898535 [LOCAL] (0.2s), α=[0.000,0.000,0.000,0.000,0.000,0.000,0.000,0.000,0.000,0.000,0.000,0.000,0.000,0.000,0.000,0.000,0.000,0.000,0.000,0.000,0.000,0.000,0.000,0.000,8.119,0.000,0.000,0.000,2.130,0.000,0.000,0.000,0.000,0.000,0.000,0.000,0.000,0.000,0.000,0.000,0.000,0.000,0.000,0.000,0.000,0.000,0.000]
  Iter 16: LB=28.273643  UB=39.417363  gap=2.83e-01
  Cut: intercept=-1132.587137, π_x_range=[-830.4650, 592.9982]
  Mini-Benders[1] (mw): LB=28.273643, Z₀(α*)=39.394855, intercept=-22.261630 (0.166s) [OMP=0.136 ISP-L=0.004 ISP-F=0.011 MW-L=0.008 MW-F=0.012]
  Mini-Benders[2] (mw): LB=28.312158, Z₀(α*)=39.144211, intercept=-35.228298 (0.198s) [OMP=0.149 ISP-L=0.004 ISP-F=0.012 MW-L=0.008 MW-F=0.016]
  Mini-Benders[3] (mw): LB=28.368949, Z₀(α*)=39.500737, intercept=15.486380 (0.182s) [OMP=0.147 ISP-L=0.004 ISP-F=0.012 MW-L=0.008 MW-F=0.011]
  Mini-Benders[4] (mw): LB=28.464891, Z₀(α*)=37.070590, intercept=-54.624563 (0.182s) [OMP=0.143 ISP-L=0.004 ISP-F=0.012 MW-L=0.011 MW-F=0.010]
  Mini-Benders[5] (mw): LB=28.534467, Z₀(α*)=24.871793, intercept=-80.892422 (0.182s) [OMP=0.144 ISP-L=0.004 ISP-F=0.010 MW-L=0.008 MW-F=0.011]
  α-step: Z₀=39.779344, α=[0.000,0.000,0.000,0.000,0.000,0.000,0.000,0.000,0.000,0.000,0.000,0.000,0.000,0.000,0.000,0.000,0.000,0.000,0.000,0.000,0.000,0.000,0.000,0.000,0.000,0.000,0.000,0.000,5.074,0.000,0.000,0.000,0.000,0.000,0.000,3.729,1.446,0.000,0.000,0.000,0.000,0.000,0.000,0.000,0.000,0.000,0.000]
  Alt-Benders[1] (mw): LB=28.542714, Z₀(α*)=36.828000, intercept=-23.143911 (0.182s) [OMP=0.140 ISP-L=0.004 ISP-F=0.011 MW-L=0.008 MW-F=0.012]
  Alt-Benders[2] (mw): LB=28.659844, Z₀(α*)=39.141965, intercept=-2.384544 (0.182s) [OMP=0.146 ISP-L=0.004 ISP-F=0.010 MW-L=0.012 MW-F=0.010]
  Alt-Benders[3] (mw): LB=28.710391, Z₀(α*)=38.231030, intercept=3.903753 (0.182s) [OMP=0.143 ISP-L=0.004 ISP-F=0.011 MW-L=0.008 MW-F=0.010]
  Alt-Benders[4] (mw): LB=28.803446, Z₀(α*)=37.779267, intercept=-84.966545 (0.182s) [OMP=0.148 ISP-L=0.004 ISP-F=0.010 MW-L=0.011 MW-F=0.012]
  Alt-Benders[5] (mw): LB=28.868225, Z₀(α*)=25.224173, intercept=-64.838229 (0.182s) [OMP=0.141 ISP-L=0.004 ISP-F=0.011 MW-L=0.008 MW-F=0.014]
  OMP re-solve: 0.161s

=== True-DRO Benders iter 17 ===
  OMP: t₀=28.868225, UB=39.417363, gap=2.68e-01, x=[0, 0, 0, 0, 0, 0, 0, 0, 0, 0, 0, 0, 0, 0, 1, 0, 0, 0, 0, 0, 0, 0, 0, 0, 0, 0, 1, 0, 0, 0, 0, 0, 0, 0, 0, 0, 0, 0, 0, 0, 0, 0, 0, 0, 0, 0, 0] (0.000s)
  Sub: Z₀=42.366072 [LOCAL] (0.3s), α=[0.000,0.000,0.000,0.000,0.000,0.000,0.000,0.000,0.000,0.000,0.000,0.000,0.000,0.000,0.000,0.000,0.000,0.000,0.000,0.000,0.000,0.000,0.000,0.000,6.378,0.529,0.000,0.020,3.322,0.000,0.000,0.000,0.000,0.000,0.000,0.000,0.000,0.000,0.000,0.000,0.000,0.000,0.000,0.000,0.000,0.000,0.000]
  Iter 17: LB=28.868225  UB=39.417363  gap=2.68e-01
  Cut: intercept=-1137.721200, π_x_range=[-830.1997, 595.5751]
  Mini-Benders[1] (mw): LB=28.879227, Z₀(α*)=42.297215, intercept=20.043749 (0.167s) [OMP=0.135 ISP-L=0.004 ISP-F=0.011 MW-L=0.008 MW-F=0.012]
  Mini-Benders[2] (mw): LB=28.971585, Z₀(α*)=5.021205, intercept=-120.345716 (0.182s) [OMP=0.140 ISP-L=0.004 ISP-F=0.012 MW-L=0.012 MW-F=0.016]
  Mini-Benders[3] (mw): LB=28.971585, Z₀(α*)=5.021205, intercept=-120.345716 (0.182s) [OMP=0.138 ISP-L=0.003 ISP-F=0.012 MW-L=0.008 MW-F=0.016]
  Mini-Benders[4] (mw): LB=28.971585, Z₀(α*)=5.021205, intercept=-120.345716 (0.182s) [OMP=0.139 ISP-L=0.004 ISP-F=0.013 MW-L=0.013 MW-F=0.015]
  Mini-Benders[5]: LB stagnated, break
  α-step: Z₀=41.872688, α=[0.000,0.000,0.000,0.000,0.000,0.000,0.000,0.000,0.000,0.000,0.000,0.000,0.000,0.000,0.000,0.000,0.000,0.000,0.000,0.000,0.000,0.000,1.870,0.000,0.000,0.000,0.000,0.000,2.777,3.317,0.000,0.976,0.000,0.000,0.000,0.000,1.309,0.000,0.000,0.000,0.000,0.000,0.000,0.000,0.000,0.000,0.000]
  Alt-Benders[1] (mw): LB=29.035410, Z₀(α*)=24.958547, intercept=-2.707781 (0.174s) [OMP=0.153 ISP-L=0.004 ISP-F=0.011 MW-L=0.008 MW-F=0.013]
  Alt-Benders[2] (mw): LB=29.035410, Z₀(α*)=24.958547, intercept=-2.707781 (0.182s) [OMP=0.133 ISP-L=0.004 ISP-F=0.011 MW-L=0.008 MW-F=0.017]
  Alt-Benders[3] (mw): LB=29.035410, Z₀(α*)=24.958547, intercept=-2.707781 (0.166s) [OMP=0.134 ISP-L=0.004 ISP-F=0.011 MW-L=0.008 MW-F=0.013]
  Alt-Benders[4]: LB stagnated, break
  OMP re-solve: 0.000s

=== True-DRO Benders iter 18 ===
  OMP: t₀=29.035410, UB=39.417363, gap=2.63e-01, x=[0, 0, 0, 0, 0, 0, 0, 0, 0, 0, 0, 0, 0, 0, 0, 0, 0, 0, 0, 0, 0, 0, 0, 0, 0, 0, 0, 0, 1, 0, 0, 0, 0, 0, 1, 0, 0, 0, 0, 0, 0, 0, 0, 0, 0, 0, 0] (0.000s)
  Sub: Z₀=42.060383 [LOCAL] (0.3s), α=[0.000,0.000,0.000,0.000,0.000,0.000,0.000,0.000,0.000,0.000,0.000,0.000,0.000,0.000,0.000,0.000,0.000,0.000,0.000,0.000,0.000,0.000,0.281,0.109,1.594,0.000,0.000,0.000,4.232,0.000,0.000,0.181,0.000,0.000,3.740,0.063,0.049,0.000,0.000,0.000,0.000,0.000,0.000,0.000,0.000,0.000,0.000]
  Iter 18: LB=29.035410  UB=39.417363  gap=2.63e-01
  Cut: intercept=-1146.449624, π_x_range=[-829.2112, 597.1551]
  Mini-Benders[1] (mw): LB=29.059984, Z₀(α*)=35.842368, intercept=-6.255533 (0.198s) [OMP=0.147 ISP-L=0.004 ISP-F=0.013 MW-L=0.009 MW-F=0.011]
  Mini-Benders[2] (mw): LB=29.160929, Z₀(α*)=21.339779, intercept=-103.943082 (0.166s) [OMP=0.128 ISP-L=0.004 ISP-F=0.011 MW-L=0.008 MW-F=0.015]
  Mini-Benders[3] (mw): LB=29.160929, Z₀(α*)=21.339779, intercept=-103.943082 (0.167s) [OMP=0.139 ISP-L=0.004 ISP-F=0.011 MW-L=0.007 MW-F=0.011]
  Mini-Benders[4] (mw): LB=29.160929, Z₀(α*)=21.339779, intercept=-103.943082 (0.182s) [OMP=0.139 ISP-L=0.004 ISP-F=0.011 MW-L=0.007 MW-F=0.015]
  Mini-Benders[5]: LB stagnated, break
  α-step: Z₀=42.573868, α=[0.000,0.000,0.000,0.000,0.000,0.000,0.000,0.000,0.000,0.000,0.000,0.000,0.000,0.000,0.000,0.000,0.000,0.000,0.000,0.000,0.000,0.000,4.451,0.000,0.000,0.000,0.000,0.000,5.004,0.000,0.000,0.000,0.000,0.000,0.000,0.794,0.000,0.000,0.000,0.000,0.000,0.000,0.000,0.000,0.000,0.000,0.000]
  Alt-Benders[1] (mw): LB=29.206335, Z₀(α*)=25.156110, intercept=-98.001691 (0.171s) [OMP=0.140 ISP-L=0.004 ISP-F=0.010 MW-L=0.007 MW-F=0.018]
  Alt-Benders[2] (mw): LB=29.206335, Z₀(α*)=25.156110, intercept=-98.001691 (0.166s) [OMP=0.136 ISP-L=0.004 ISP-F=0.010 MW-L=0.007 MW-F=0.014]
  Alt-Benders[3] (mw): LB=29.206335, Z₀(α*)=25.156110, intercept=-98.001691 (0.182s) [OMP=0.136 ISP-L=0.004 ISP-F=0.009 MW-L=0.006 MW-F=0.017]
  Alt-Benders[4]: LB stagnated, break
  OMP re-solve: 0.000s

=== True-DRO Benders iter 19 ===
  OMP: t₀=29.206335, UB=39.417363, gap=2.59e-01, x=[0, 0, 0, 0, 0, 0, 0, 0, 0, 0, 0, 0, 0, 0, 0, 0, 0, 0, 0, 0, 0, 0, 0, 0, 0, 0, 1, 1, 0, 0, 0, 0, 0, 0, 0, 0, 0, 0, 0, 0, 0, 0, 0, 0, 0, 0, 0] (0.000s)
  Sub: Z₀=34.092948 [LOCAL] (0.4s), α=[0.000,0.000,0.000,0.000,0.000,0.000,0.000,0.000,0.000,0.000,0.000,0.000,0.000,0.000,0.000,0.000,0.000,0.000,0.000,0.000,0.000,0.000,0.000,0.000,6.378,0.000,0.000,0.618,3.253,0.000,0.000,0.000,0.000,0.000,0.000,0.000,0.000,0.000,0.000,0.000,0.000,0.000,0.000,0.000,0.000,0.000,0.000]
  Iter 19: LB=29.206335  UB=39.417363  gap=2.59e-01
  Cut: intercept=-1144.595597, π_x_range=[-826.8576, 594.6002]
  Mini-Benders[1] (mw): LB=29.209159, Z₀(α*)=41.958031, intercept=10.783707 (0.182s) [OMP=0.142 ISP-L=0.004 ISP-F=0.012 MW-L=0.012 MW-F=0.012]
  Mini-Benders[2] (mw): LB=29.228341, Z₀(α*)=33.841057, intercept=-119.641190 (0.182s) [OMP=0.142 ISP-L=0.004 ISP-F=0.011 MW-L=0.007 MW-F=0.012]
  Mini-Benders[3] (mw): LB=29.365342, Z₀(α*)=39.681670, intercept=-9.732625 (0.182s) [OMP=0.140 ISP-L=0.004 ISP-F=0.011 MW-L=0.012 MW-F=0.011]
  Mini-Benders[4] (mw): LB=29.384982, Z₀(α*)=40.761424, intercept=-4.869221 (0.198s) [OMP=0.158 ISP-L=0.004 ISP-F=0.012 MW-L=0.008 MW-F=0.014]
  Mini-Benders[5] (mw): LB=29.389810, Z₀(α*)=36.730418, intercept=32.173988 (0.198s) [OMP=0.156 ISP-L=0.004 ISP-F=0.011 MW-L=0.012 MW-F=0.013]
  α-step: Z₀=39.614358, α=[0.000,0.000,0.000,0.000,0.000,0.000,0.000,0.000,0.000,0.000,0.000,0.000,0.000,0.000,0.000,0.000,0.000,0.000,0.000,0.000,0.000,0.000,0.000,0.000,5.491,0.000,0.000,0.000,4.758,0.000,0.000,0.000,0.000,0.000,0.000,0.000,0.000,0.000,0.000,0.000,0.000,0.000,0.000,0.000,0.000,0.000,0.000]
  Alt-Benders[1] (mw): LB=29.481772, Z₀(α*)=41.181906, intercept=28.830570 (0.182s) [OMP=0.145 ISP-L=0.004 ISP-F=0.010 MW-L=0.011 MW-F=0.013]
  Alt-Benders[2] (mw): LB=29.576675, Z₀(α*)=38.600876, intercept=-109.569407 (0.183s) [OMP=0.139 ISP-L=0.004 ISP-F=0.009 MW-L=0.008 MW-F=0.009]
  Alt-Benders[3] (mw): LB=29.740368, Z₀(α*)=41.439484, intercept=25.019561 (0.182s) [OMP=0.145 ISP-L=0.004 ISP-F=0.011 MW-L=0.013 MW-F=0.012]
  Alt-Benders[4] (mw): LB=29.873095, Z₀(α*)=42.427048, intercept=38.599177 (0.182s) [OMP=0.151 ISP-L=0.004 ISP-F=0.010 MW-L=0.009 MW-F=0.010]
  Alt-Benders[5] (mw): LB=30.073363, Z₀(α*)=42.300349, intercept=-52.895827 (0.198s) [OMP=0.148 ISP-L=0.004 ISP-F=0.012 MW-L=0.012 MW-F=0.011]
  OMP re-solve: 0.147s

=== True-DRO Benders iter 20 ===
  OMP: t₀=30.205558, UB=39.417363, gap=2.34e-01, x=[0, 0, 0, 0, 0, 0, 0, 0, 0, 0, 0, 0, 0, 0, 1, 0, 0, 0, 0, 0, 0, 0, 0, 0, 0, 0, 0, 0, 0, 1, 0, 0, 0, 0, 0, 0, 0, 0, 0, 0, 0, 0, 0, 0, 0, 0, 0] (0.000s)
  Sub: Z₀=44.691543 [TIME_LIMIT] (15.1s), α=[0.000,0.000,0.000,0.000,0.000,0.000,0.000,0.000,0.000,0.000,0.000,0.000,0.000,0.000,0.000,0.000,0.000,0.000,0.000,0.000,0.000,0.000,0.000,0.000,2.780,0.000,0.000,0.808,4.270,0.000,0.000,0.000,0.000,0.000,0.000,0.767,1.624,0.000,0.000,0.000,0.000,0.000,0.000,0.000,0.000,0.000,0.000]
  Iter 20: LB=30.205558  UB=39.417363  gap=2.34e-01
  Cut: intercept=-130.033870, π_x_range=[-177.8920, 136.5340]
  Mini-Benders[1] (mw): LB=30.211472, Z₀(α*)=41.831985, intercept=20.674080 (0.276s) [OMP=0.231 ISP-L=0.004 ISP-F=0.012 MW-L=0.013 MW-F=0.011]
  Mini-Benders[2] (mw): LB=30.214028, Z₀(α*)=34.110943, intercept=-32.129954 (0.276s) [OMP=0.231 ISP-L=0.005 ISP-F=0.012 MW-L=0.009 MW-F=0.017]
  Mini-Benders[3] (mw): LB=30.320590, Z₀(α*)=39.838247, intercept=28.518347 (0.244s) [OMP=0.210 ISP-L=0.004 ISP-F=0.011 MW-L=0.008 MW-F=0.012]
  Mini-Benders[4] (mw): LB=30.380441, Z₀(α*)=17.224836, intercept=-63.215163 (0.276s) [OMP=0.234 ISP-L=0.004 ISP-F=0.010 MW-L=0.007 MW-F=0.015]
  Mini-Benders[5] (mw): LB=30.380441, Z₀(α*)=17.224836, intercept=-63.215163 (0.261s) [OMP=0.221 ISP-L=0.004 ISP-F=0.010 MW-L=0.008 MW-F=0.011]
  α-step: Z₀=40.529967, α=[0.000,0.000,0.000,0.000,0.000,0.000,0.000,0.000,0.000,0.000,0.000,0.000,0.000,0.000,0.000,0.000,0.000,0.000,0.000,0.000,0.000,0.000,4.451,0.000,0.000,0.000,0.000,0.000,3.407,0.000,0.000,0.000,0.000,0.000,0.000,0.000,2.391,0.000,0.000,0.000,0.000,0.000,0.000,0.000,0.000,0.000,0.000]
  Alt-Benders[1] (mw): LB=30.494775, Z₀(α*)=22.983222, intercept=-19.748190 (0.198s) [OMP=0.172 ISP-L=0.004 ISP-F=0.010 MW-L=0.007 MW-F=0.012]
  Alt-Benders[2] (mw): LB=30.494775, Z₀(α*)=22.983222, intercept=-19.748190 (0.198s) [OMP=0.162 ISP-L=0.004 ISP-F=0.010 MW-L=0.006 MW-F=0.016]
  Alt-Benders[3] (mw): LB=30.494775, Z₀(α*)=22.983222, intercept=-19.748190 (0.197s) [OMP=0.160 ISP-L=0.004 ISP-F=0.011 MW-L=0.007 MW-F=0.012]
  Alt-Benders[4]: LB stagnated, break
  OMP re-solve: 0.000s

=== True-DRO Benders iter 21 ===
  OMP: t₀=30.494775, UB=39.417363, gap=2.26e-01, x=[0, 0, 0, 0, 0, 0, 0, 0, 0, 0, 0, 0, 0, 0, 0, 0, 0, 0, 0, 0, 0, 0, 0, 0, 0, 0, 0, 1, 1, 0, 0, 0, 0, 0, 0, 0, 0, 0, 0, 0, 0, 0, 0, 0, 0, 0, 0] (0.000s)
  Sub: Z₀=38.654292 [LOCAL] (0.3s), α=[0.000,0.000,0.000,0.000,0.000,0.000,0.000,0.000,0.000,0.000,0.000,0.000,0.000,0.000,0.000,0.000,0.000,0.000,0.000,0.000,0.000,0.000,0.000,0.000,5.178,0.000,0.000,0.748,4.323,0.000,0.000,0.000,0.000,0.000,0.000,0.000,0.000,0.000,0.000,0.000,0.000,0.000,0.000,0.000,0.000,0.000,0.000]
  Iter 21: LB=30.494775  UB=39.417363  gap=2.26e-01
  Cut: intercept=-1152.344023, π_x_range=[-826.9572, 597.3946]
  Mini-Benders[1] (mw): LB=30.531730, Z₀(α*)=28.523604, intercept=-24.212741 (0.198s) [OMP=0.172 ISP-L=0.004 ISP-F=0.012 MW-L=0.008 MW-F=0.011]
  Mini-Benders[2] (mw): LB=30.531730, Z₀(α*)=28.523604, intercept=-24.212741 (0.198s) [OMP=0.158 ISP-L=0.004 ISP-F=0.011 MW-L=0.008 MW-F=0.015]
  Mini-Benders[3] (mw): LB=30.531730, Z₀(α*)=28.523604, intercept=-24.212741 (0.198s) [OMP=0.157 ISP-L=0.004 ISP-F=0.012 MW-L=0.008 MW-F=0.011]
  Mini-Benders[4]: LB stagnated, break
  α-step: Z₀=40.450111, α=[0.000,0.000,0.000,0.000,0.000,0.000,0.000,0.000,0.000,0.000,0.000,0.000,0.000,0.000,0.000,0.000,0.000,0.000,0.000,0.000,0.000,0.000,0.000,0.000,3.919,0.000,0.000,0.000,2.089,0.000,0.000,0.000,0.000,0.000,4.191,0.051,0.000,0.000,0.000,0.000,0.000,0.000,0.000,0.000,0.000,0.000,0.000]
  Alt-Benders[1] (mw): LB=30.541404, Z₀(α*)=36.906409, intercept=-49.920268 (0.196s) [OMP=0.169 ISP-L=0.004 ISP-F=0.010 MW-L=0.008 MW-F=0.011]
  Alt-Benders[2] (mw): LB=30.601993, Z₀(α*)=42.037599, intercept=36.778677 (0.213s) [OMP=0.157 ISP-L=0.004 ISP-F=0.010 MW-L=0.012 MW-F=0.024]
  Alt-Benders[3] (mw): LB=30.602053, Z₀(α*)=43.521725, intercept=35.195113 (0.229s) [OMP=0.178 ISP-L=0.004 ISP-F=0.011 MW-L=0.007 MW-F=0.024]
  Alt-Benders[4] (mw): LB=30.947940, Z₀(α*)=37.502820, intercept=14.778188 (0.213s) [OMP=0.171 ISP-L=0.004 ISP-F=0.010 MW-L=0.012 MW-F=0.014]
  Alt-Benders[5] (mw): LB=30.958845, Z₀(α*)=41.390805, intercept=-19.909303 (0.198s) [OMP=0.173 ISP-L=0.004 ISP-F=0.011 MW-L=0.009 MW-F=0.010]
  OMP re-solve: 0.164s

=== True-DRO Benders iter 22 ===
  OMP: t₀=31.112303, UB=39.417363, gap=2.11e-01, x=[0, 0, 0, 0, 0, 0, 0, 0, 0, 0, 0, 0, 0, 0, 0, 0, 0, 0, 0, 0, 0, 0, 0, 0, 0, 0, 0, 1, 0, 1, 0, 0, 0, 0, 0, 0, 0, 0, 0, 0, 0, 0, 0, 0, 0, 0, 0] (0.000s)
  Sub: Z₀=35.609422 [LOCAL] (0.3s), α=[0.000,0.000,0.000,0.000,0.000,0.000,0.000,0.000,0.000,0.000,0.000,0.000,0.000,0.000,0.000,0.000,0.000,0.000,0.000,0.000,0.000,0.000,0.000,0.000,0.000,0.000,0.000,0.890,6.968,0.000,0.000,0.000,0.000,0.000,0.000,0.405,1.986,0.000,0.000,0.000,0.000,0.000,0.000,0.000,0.000,0.000,0.000]
  Iter 22: LB=31.112303  UB=39.417363  gap=2.11e-01
  Cut: intercept=-1127.120691, π_x_range=[-831.6142, 593.0410]
  Mini-Benders[1] (mw): LB=31.318450, Z₀(α*)=15.190397, intercept=-28.261565 (0.198s) [OMP=0.163 ISP-L=0.004 ISP-F=0.013 MW-L=0.009 MW-F=0.014]
  Mini-Benders[2] (mw): LB=31.318450, Z₀(α*)=15.190397, intercept=-28.261565 (0.213s) [OMP=0.165 ISP-L=0.004 ISP-F=0.013 MW-L=0.013 MW-F=0.014]
  Mini-Benders[3] (mw): LB=31.318450, Z₀(α*)=15.190397, intercept=-28.261565 (0.214s) [OMP=0.167 ISP-L=0.004 ISP-F=0.013 MW-L=0.009 MW-F=0.014]
  Mini-Benders[4]: LB stagnated, break
  α-step: Z₀=42.672580, α=[0.000,0.000,0.000,0.000,0.000,0.000,0.000,0.000,0.000,0.000,0.000,0.000,0.000,0.000,0.000,0.000,0.000,0.000,0.000,0.000,0.000,0.000,0.000,0.000,0.000,0.000,0.000,0.419,2.744,0.000,0.000,0.000,0.000,0.000,0.000,0.000,7.086,0.000,0.000,0.000,0.000,0.000,0.000,0.000,0.000,0.000,0.000]
  Alt-Benders[1] (mw): LB=31.414007, Z₀(α*)=35.510177, intercept=-89.354254 (0.196s) [OMP=0.176 ISP-L=0.004 ISP-F=0.010 MW-L=0.008 MW-F=0.011]
  Alt-Benders[2] (mw): LB=31.524335, Z₀(α*)=40.495300, intercept=41.599014 (0.198s) [OMP=0.156 ISP-L=0.004 ISP-F=0.011 MW-L=0.013 MW-F=0.011]
  Alt-Benders[3] (mw): LB=31.796076, Z₀(α*)=36.360680, intercept=-8.056076 (0.197s) [OMP=0.167 ISP-L=0.004 ISP-F=0.009 MW-L=0.007 MW-F=0.008]
  Alt-Benders[4] (mw): LB=31.854267, Z₀(α*)=37.623450, intercept=19.087582 (0.214s) [OMP=0.166 ISP-L=0.004 ISP-F=0.011 MW-L=0.012 MW-F=0.011]
  Alt-Benders[5] (mw): LB=31.911058, Z₀(α*)=43.987447, intercept=40.112322 (0.198s) [OMP=0.170 ISP-L=0.004 ISP-F=0.010 MW-L=0.008 MW-F=0.011]
  OMP re-solve: 0.173s

=== True-DRO Benders iter 23 ===
  OMP: t₀=32.462750, UB=39.417363, gap=1.76e-01, x=[0, 0, 0, 0, 0, 0, 0, 0, 0, 0, 0, 0, 0, 1, 0, 0, 0, 0, 0, 0, 0, 0, 0, 0, 0, 0, 0, 0, 0, 0, 0, 0, 0, 1, 0, 0, 0, 0, 0, 0, 0, 0, 0, 0, 0, 0, 0] (0.000s)
  Sub: Z₀=45.165239 [LOCAL] (0.2s), α=[0.000,0.000,0.000,0.000,0.000,0.000,0.000,0.000,0.000,0.000,0.000,0.000,0.000,0.000,0.000,0.000,0.000,0.000,0.000,0.000,0.000,0.000,0.000,0.000,5.947,0.000,0.000,0.594,0.000,0.000,0.000,0.000,0.000,0.000,0.000,1.013,2.696,0.000,0.000,0.000,0.000,0.000,0.000,0.000,0.000,0.000,0.000]
  Iter 23: LB=32.462750  UB=39.417363  gap=1.76e-01
  Cut: intercept=-1131.137525, π_x_range=[-832.0256, 594.2524]
  Mini-Benders[1] (mw): LB=32.574264, Z₀(α*)=34.289401, intercept=-21.767987 (0.198s) [OMP=0.164 ISP-L=0.004 ISP-F=0.011 MW-L=0.009 MW-F=0.014]
  Mini-Benders[2] (mw): LB=32.732408, Z₀(α*)=38.170217, intercept=-25.289162 (0.214s) [OMP=0.160 ISP-L=0.004 ISP-F=0.012 MW-L=0.009 MW-F=0.015]
  Mini-Benders[3] (mw): LB=32.806505, Z₀(α*)=38.986961, intercept=-5.840744 (0.229s) [OMP=0.175 ISP-L=0.004 ISP-F=0.012 MW-L=0.009 MW-F=0.026]
  Mini-Benders[4] (mw): LB=32.840665, Z₀(α*)=36.358134, intercept=5.967077 (0.197s) [OMP=0.166 ISP-L=0.004 ISP-F=0.012 MW-L=0.007 MW-F=0.011]
  Mini-Benders[5] (mw): LB=32.933191, Z₀(α*)=33.273765, intercept=15.143412 (0.198s) [OMP=0.156 ISP-L=0.004 ISP-F=0.011 MW-L=0.008 MW-F=0.016]
  α-step: Z₀=44.201270, α=[0.000,0.000,0.000,0.000,0.000,0.000,0.000,0.000,0.000,0.000,0.000,0.000,0.000,0.000,0.000,0.000,0.000,0.000,0.000,0.000,0.000,0.000,0.000,0.000,5.340,2.889,0.000,0.000,0.907,0.000,0.000,0.000,0.000,0.000,0.000,0.000,1.114,0.000,0.000,0.000,0.000,0.000,0.000,0.000,0.000,0.000,0.000]
  Alt-Benders[1] (mw): LB=33.250684, Z₀(α*)=29.257629, intercept=-43.540564 (0.197s) [OMP=0.173 ISP-L=0.004 ISP-F=0.010 MW-L=0.007 MW-F=0.013]
  Alt-Benders[2] (mw): LB=33.250684, Z₀(α*)=29.257629, intercept=-43.540564 (0.198s) [OMP=0.156 ISP-L=0.004 ISP-F=0.010 MW-L=0.007 MW-F=0.009]
  Alt-Benders[3] (mw): LB=33.250684, Z₀(α*)=29.257629, intercept=-43.540564 (0.182s) [OMP=0.153 ISP-L=0.004 ISP-F=0.010 MW-L=0.008 MW-F=0.013]
  Alt-Benders[4]: LB stagnated, break
  OMP re-solve: 0.000s

=== True-DRO Benders iter 24 ===
  OMP: t₀=33.250684, UB=39.417363, gap=1.56e-01, x=[0, 0, 0, 0, 0, 0, 0, 0, 0, 0, 0, 0, 0, 0, 0, 0, 0, 0, 0, 0, 0, 0, 1, 0, 0, 0, 0, 0, 0, 0, 0, 0, 0, 0, 0, 0, 1, 0, 0, 0, 0, 0, 0, 0, 0, 0, 0] (0.000s)
  Sub: Z₀=41.158003 [LOCAL] (0.2s), α=[0.000,0.000,0.000,0.000,0.000,0.000,0.000,0.000,0.000,0.000,0.000,0.000,0.000,0.000,0.000,0.000,0.000,0.000,0.000,0.000,0.000,0.000,0.000,0.000,1.532,0.000,0.000,0.000,0.000,0.000,0.000,0.000,0.000,0.000,0.000,0.003,8.714,0.000,0.000,0.000,0.000,0.000,0.000,0.000,0.000,0.000,0.000]
  Iter 24: LB=33.250684  UB=39.417363  gap=1.56e-01
  Cut: intercept=-1129.335798, π_x_range=[-831.1897, 590.6031]
  Mini-Benders[1] (mw): LB=33.273763, Z₀(α*)=6.704511, intercept=12.533790 (0.197s) [OMP=0.165 ISP-L=0.004 ISP-F=0.013 MW-L=0.007 MW-F=0.013]
  Mini-Benders[2] (mw): LB=33.273763, Z₀(α*)=6.704511, intercept=12.533790 (0.214s) [OMP=0.167 ISP-L=0.004 ISP-F=0.012 MW-L=0.007 MW-F=0.009]
  Mini-Benders[3] (mw): LB=33.273763, Z₀(α*)=6.704511, intercept=12.533790 (0.197s) [OMP=0.166 ISP-L=0.004 ISP-F=0.012 MW-L=0.007 MW-F=0.013]
  Mini-Benders[4]: LB stagnated, break
  α-step: Z₀=44.007151, α=[0.000,0.000,0.000,0.000,0.000,0.000,0.000,0.000,0.000,0.000,0.000,0.000,0.000,0.000,0.000,0.000,0.000,0.000,0.000,0.000,0.000,0.000,0.000,0.000,2.571,1.871,0.000,0.000,0.907,0.000,0.000,4.900,0.000,0.000,0.000,0.000,0.000,0.000,0.000,0.000,0.000,0.000,0.000,0.000,0.000,0.000,0.000]
  Alt-Benders[1] (mw): LB=33.304845, Z₀(α*)=17.251457, intercept=-76.106426 (0.200s) [OMP=0.176 ISP-L=0.004 ISP-F=0.010 MW-L=0.011 MW-F=0.010]
  Alt-Benders[2] (mw): LB=33.304845, Z₀(α*)=17.251457, intercept=-76.106426 (0.197s) [OMP=0.164 ISP-L=0.004 ISP-F=0.010 MW-L=0.008 MW-F=0.010]
  Alt-Benders[3] (mw): LB=33.304845, Z₀(α*)=17.251457, intercept=-76.106426 (0.213s) [OMP=0.163 ISP-L=0.004 ISP-F=0.010 MW-L=0.012 MW-F=0.010]
  Alt-Benders[4]: LB stagnated, break
  OMP re-solve: 0.000s

=== True-DRO Benders iter 25 ===
  OMP: t₀=33.304845, UB=39.417363, gap=1.55e-01, x=[0, 0, 0, 0, 0, 0, 0, 0, 0, 0, 1, 0, 1, 0, 0, 0, 0, 0, 0, 0, 0, 0, 0, 0, 0, 0, 0, 0, 0, 0, 0, 0, 0, 0, 0, 0, 0, 0, 0, 0, 0, 0, 0, 0, 0, 0, 0] (0.000s)
  Sub: Z₀=44.040506 (1.1s), α=[0.000,0.000,0.000,0.000,0.000,0.000,0.000,0.000,0.000,0.000,0.000,0.000,0.000,0.000,0.000,0.000,0.000,0.000,0.000,0.000,0.000,0.000,3.012,0.000,0.902,0.000,0.000,0.000,6.335,0.000,0.000,0.000,0.000,0.000,0.000,0.000,0.000,0.000,0.000,0.000,0.000,0.000,0.000,0.000,0.000,0.000,0.000]
  Iter 25: LB=33.304845  UB=39.417363  gap=1.55e-01
  Cut: intercept=-129.177253, π_x_range=[-210.0000, 159.7815]
  Sherali-Cut: intercept=0.104059, π_x_range=[-119.2826, 43.9364]
  Mini-Benders[1] (mw): LB=33.321426, Z₀(α*)=42.713645, intercept=-1.325856 (0.229s) [OMP=0.182 ISP-L=0.004 ISP-F=0.012 MW-L=0.008 MW-F=0.013]
  Mini-Benders[2] (mw): LB=33.828190, Z₀(α*)=29.036930, intercept=-113.347523 (0.198s) [OMP=0.170 ISP-L=0.004 ISP-F=0.010 MW-L=0.008 MW-F=0.012]
  Mini-Benders[3] (mw): LB=33.828190, Z₀(α*)=29.036930, intercept=-113.347523 (0.197s) [OMP=0.160 ISP-L=0.004 ISP-F=0.010 MW-L=0.008 MW-F=0.016]
  Mini-Benders[4] (mw): LB=33.828190, Z₀(α*)=29.036930, intercept=-113.347523 (0.198s) [OMP=0.158 ISP-L=0.004 ISP-F=0.010 MW-L=0.008 MW-F=0.012]
  Mini-Benders[5]: LB stagnated, break
  α-step: Z₀=36.820748, α=[0.000,0.000,0.000,0.000,0.000,0.000,0.000,0.000,0.000,0.000,0.000,0.000,0.000,0.000,0.000,0.000,0.000,0.000,0.000,0.000,0.000,0.000,0.000,0.000,0.758,0.000,0.000,0.000,9.491,0.000,0.000,0.000,0.000,0.000,0.000,0.000,0.000,0.000,0.000,0.000,0.000,0.000,0.000,0.000,0.000,0.000,0.000]
  Alt-Benders[1] (mw): LB=33.841055, Z₀(α*)=42.616240, intercept=-114.771813 (0.206s) [OMP=0.182 ISP-L=0.004 ISP-F=0.009 MW-L=0.009 MW-F=0.010]
  Alt-Benders[2] (mw): LB=34.034624, Z₀(α*)=38.207043, intercept=-1.247293 (0.229s) [OMP=0.188 ISP-L=0.004 ISP-F=0.010 MW-L=0.008 MW-F=0.013]
  Alt-Benders[3] (mw): LB=34.092948, Z₀(α*)=33.475060, intercept=-63.993997 (0.214s) [OMP=0.177 ISP-L=0.004 ISP-F=0.009 MW-L=0.008 MW-F=0.017]
  Alt-Benders[4] (mw): LB=34.092948, Z₀(α*)=33.475060, intercept=-63.993997 (0.197s) [OMP=0.156 ISP-L=0.004 ISP-F=0.009 MW-L=0.008 MW-F=0.021]
  Alt-Benders[5] (mw): LB=34.092948, Z₀(α*)=33.475060, intercept=-63.993997 (0.198s) [OMP=0.156 ISP-L=0.004 ISP-F=0.009 MW-L=0.008 MW-F=0.017]
  OMP re-solve: 0.154s

=== True-DRO Benders iter 26 ===
  OMP: t₀=34.092948, UB=39.417363, gap=1.35e-01, x=[0, 0, 0, 0, 0, 0, 0, 0, 0, 0, 0, 0, 0, 0, 0, 0, 0, 0, 0, 0, 0, 0, 0, 0, 0, 0, 1, 1, 0, 0, 0, 0, 0, 0, 0, 0, 0, 0, 0, 0, 0, 0, 0, 0, 0, 0, 0] (0.000s)
  Sub: Z₀=34.092948 [LOCAL] (0.4s), α=[0.000,0.000,0.000,0.000,0.000,0.000,0.000,0.000,0.000,0.000,0.000,0.000,0.000,0.000,0.000,0.000,0.000,0.000,0.000,0.000,0.000,0.000,0.000,0.000,6.378,0.000,0.000,0.618,3.253,0.000,0.000,0.000,0.000,0.000,0.000,0.000,0.000,0.000,0.000,0.000,0.000,0.000,0.000,0.000,0.000,0.000,0.000]
  Iter 26: LB=34.092948  UB=39.417363  gap=1.35e-01
  Cut: intercept=-1144.595597, π_x_range=[-826.8576, 594.6002]
  Mini-Benders[1] (mw): LB=34.092948, Z₀(α*)=34.092951, intercept=-52.172882 (0.183s) [OMP=0.153 ISP-L=0.004 ISP-F=0.011 MW-L=0.009 MW-F=0.014]
  Mini-Benders[2] (mw): LB=34.092948, Z₀(α*)=34.092951, intercept=-52.172882 (0.229s) [OMP=0.174 ISP-L=0.004 ISP-F=0.011 MW-L=0.013 MW-F=0.014]
  Mini-Benders[3]: LB stagnated, break
  α-step: Z₀=34.092951, α=[0.000,0.000,0.000,0.000,0.000,0.000,0.000,0.000,0.000,0.000,0.000,0.000,0.000,0.000,0.000,0.000,0.000,0.000,0.000,0.000,0.000,0.000,0.000,0.000,6.378,0.000,0.000,0.000,3.871,0.000,0.000,0.000,0.000,0.000,0.000,0.000,0.000,0.000,0.000,0.000,0.000,0.000,0.000,0.000,0.000,0.000,0.000]
  Alt-Benders[1] (mw): LB=34.092951, Z₀(α*)=34.092951, intercept=-52.172879 (0.198s) [OMP=0.165 ISP-L=0.004 ISP-F=0.010 MW-L=0.012 MW-F=0.011]
  Alt-Benders[2] (mw): LB=34.092949, Z₀(α*)=34.092951, intercept=-52.172879 (0.214s) [OMP=0.170 ISP-L=0.004 ISP-F=0.009 MW-L=0.008 MW-F=0.011]
  Alt-Benders[3] (mw): LB=34.092949, Z₀(α*)=34.092951, intercept=-52.172879 (0.182s) [OMP=0.155 ISP-L=0.004 ISP-F=0.009 MW-L=0.012 MW-F=0.011]
  Alt-Benders[4]: LB stagnated, break
  OMP re-solve: 0.000s

=== True-DRO Benders iter 27 ===
  OMP: t₀=34.092949, UB=39.417363, gap=1.35e-01, x=[0, 0, 0, 0, 0, 0, 0, 0, 0, 0, 0, 0, 0, 0, 0, 0, 0, 0, 0, 0, 0, 0, 0, 0, 0, 0, 1, 1, 0, 0, 0, 0, 0, 0, 0, 0, 0, 0, 0, 0, 0, 0, 0, 0, 0, 0, 0] (0.000s)
  Sub: Z₀=34.092948 [LOCAL] (0.4s), α=[0.000,0.000,0.000,0.000,0.000,0.000,0.000,0.000,0.000,0.000,0.000,0.000,0.000,0.000,0.000,0.000,0.000,0.000,0.000,0.000,0.000,0.000,0.000,0.000,6.378,0.000,0.000,0.618,3.253,0.000,0.000,0.000,0.000,0.000,0.000,0.000,0.000,0.000,0.000,0.000,0.000,0.000,0.000,0.000,0.000,0.000,0.000]
  Iter 27: LB=34.092949  UB=39.417363  gap=1.35e-01
  Cut: intercept=-1144.595597, π_x_range=[-826.8576, 594.6002]
  Mini-Benders[1] (mw): LB=34.092949, Z₀(α*)=34.092951, intercept=-52.172882 (0.198s) [OMP=0.158 ISP-L=0.004 ISP-F=0.011 MW-L=0.012 MW-F=0.014]
  Mini-Benders[2] (mw): LB=34.092949, Z₀(α*)=34.092951, intercept=-52.172882 (0.197s) [OMP=0.159 ISP-L=0.004 ISP-F=0.011 MW-L=0.009 MW-F=0.014]
  Mini-Benders[3]: LB stagnated, break
  α-step: Z₀=34.092951, α=[0.000,0.000,0.000,0.000,0.000,0.000,0.000,0.000,0.000,0.000,0.000,0.000,0.000,0.000,0.000,0.000,0.000,0.000,0.000,0.000,0.000,0.000,0.000,0.000,6.378,0.000,0.000,0.000,3.871,0.000,0.000,0.000,0.000,0.000,0.000,0.000,0.000,0.000,0.000,0.000,0.000,0.000,0.000,0.000,0.000,0.000,0.000]
  Alt-Benders[1] (mw): LB=34.092951, Z₀(α*)=34.092951, intercept=-52.172879 (0.175s) [OMP=0.155 ISP-L=0.004 ISP-F=0.009 MW-L=0.008 MW-F=0.011]
  Alt-Benders[2] (mw): LB=34.092951, Z₀(α*)=34.092951, intercept=-52.172879 (0.198s) [OMP=0.156 ISP-L=0.004 ISP-F=0.009 MW-L=0.011 MW-F=0.011]
  Alt-Benders[3] (mw): LB=34.092949, Z₀(α*)=34.092951, intercept=-52.172879 (0.213s) [OMP=0.172 ISP-L=0.004 ISP-F=0.009 MW-L=0.008 MW-F=0.011]
  Alt-Benders[4]: LB stagnated, break
  OMP re-solve: 0.000s

=== True-DRO Benders iter 28 ===
  OMP: t₀=34.092949, UB=39.417363, gap=1.35e-01, x=[0, 0, 0, 0, 0, 0, 0, 0, 0, 0, 0, 0, 0, 0, 0, 0, 0, 0, 0, 0, 0, 0, 0, 0, 0, 0, 1, 1, 0, 0, 0, 0, 0, 0, 0, 0, 0, 0, 0, 0, 0, 0, 0, 0, 0, 0, 0] (0.000s)
  Sub: Z₀=34.092948 [LOCAL] (0.4s), α=[0.000,0.000,0.000,0.000,0.000,0.000,0.000,0.000,0.000,0.000,0.000,0.000,0.000,0.000,0.000,0.000,0.000,0.000,0.000,0.000,0.000,0.000,0.000,0.000,6.378,0.000,0.000,0.618,3.253,0.000,0.000,0.000,0.000,0.000,0.000,0.000,0.000,0.000,0.000,0.000,0.000,0.000,0.000,0.000,0.000,0.000,0.000]
  Iter 28: LB=34.092949  UB=39.417363  gap=1.35e-01
  Cut: intercept=-1144.595597, π_x_range=[-826.8576, 594.6002]
  Mini-Benders[1] (mw): LB=34.092949, Z₀(α*)=34.092951, intercept=-52.172882 (0.216s) [OMP=0.174 ISP-L=0.004 ISP-F=0.010 MW-L=0.008 MW-F=0.013]
  Mini-Benders[2] (mw): LB=34.092951, Z₀(α*)=34.092951, intercept=-52.172882 (0.198s) [OMP=0.159 ISP-L=0.004 ISP-F=0.010 MW-L=0.012 MW-F=0.013]
  Mini-Benders[3] (mw): LB=34.092949, Z₀(α*)=34.092951, intercept=-52.172882 (0.213s) [OMP=0.164 ISP-L=0.004 ISP-F=0.011 MW-L=0.008 MW-F=0.014]
  Mini-Benders[4] (mw): LB=34.092949, Z₀(α*)=34.092951, intercept=-52.172882 (0.198s) [OMP=0.157 ISP-L=0.004 ISP-F=0.011 MW-L=0.013 MW-F=0.014]
  Mini-Benders[5]: LB stagnated, break
  α-step: Z₀=34.092951, α=[0.000,0.000,0.000,0.000,0.000,0.000,0.000,0.000,0.000,0.000,0.000,0.000,0.000,0.000,0.000,0.000,0.000,0.000,0.000,0.000,0.000,0.000,0.000,0.000,6.378,0.000,0.000,0.000,3.871,0.000,0.000,0.000,0.000,0.000,0.000,0.000,0.000,0.000,0.000,0.000,0.000,0.000,0.000,0.000,0.000,0.000,0.000]
  Alt-Benders[1] (mw): LB=34.092949, Z₀(α*)=34.092951, intercept=-52.172879 (0.193s) [OMP=0.159 ISP-L=0.004 ISP-F=0.009 MW-L=0.008 MW-F=0.011]
  Alt-Benders[2] (mw): LB=34.092949, Z₀(α*)=34.092951, intercept=-52.172879 (0.198s) [OMP=0.168 ISP-L=0.004 ISP-F=0.009 MW-L=0.008 MW-F=0.015]
  Alt-Benders[3]: LB stagnated, break
  OMP re-solve: 0.000s

=== True-DRO Benders iter 29 ===
  OMP: t₀=34.092949, UB=39.417363, gap=1.35e-01, x=[0, 0, 0, 0, 0, 0, 0, 0, 0, 0, 0, 0, 0, 0, 0, 0, 0, 0, 0, 0, 0, 0, 0, 0, 0, 0, 1, 1, 0, 0, 0, 0, 0, 0, 0, 0, 0, 0, 0, 0, 0, 0, 0, 0, 0, 0, 0] (0.000s)
  Sub: Z₀=34.092948 [LOCAL] (0.4s), α=[0.000,0.000,0.000,0.000,0.000,0.000,0.000,0.000,0.000,0.000,0.000,0.000,0.000,0.000,0.000,0.000,0.000,0.000,0.000,0.000,0.000,0.000,0.000,0.000,6.378,0.000,0.000,0.618,3.253,0.000,0.000,0.000,0.000,0.000,0.000,0.000,0.000,0.000,0.000,0.000,0.000,0.000,0.000,0.000,0.000,0.000,0.000]
  Iter 29: LB=34.092949  UB=39.417363  gap=1.35e-01
  Cut: intercept=-1144.595597, π_x_range=[-826.8576, 594.6002]
  Mini-Benders[1] (mw): LB=34.092949, Z₀(α*)=34.092951, intercept=-52.172882 (0.198s) [OMP=0.158 ISP-L=0.004 ISP-F=0.010 MW-L=0.008 MW-F=0.018]
  Mini-Benders[2] (mw): LB=34.092948, Z₀(α*)=34.092951, intercept=-52.172882 (0.198s) [OMP=0.158 ISP-L=0.004 ISP-F=0.011 MW-L=0.008 MW-F=0.014]
  Mini-Benders[3]: LB stagnated, break
  α-step: Z₀=34.092951, α=[0.000,0.000,0.000,0.000,0.000,0.000,0.000,0.000,0.000,0.000,0.000,0.000,0.000,0.000,0.000,0.000,0.000,0.000,0.000,0.000,0.000,0.000,0.000,0.000,6.378,0.000,0.000,0.000,3.871,0.000,0.000,0.000,0.000,0.000,0.000,0.000,0.000,0.000,0.000,0.000,0.000,0.000,0.000,0.000,0.000,0.000,0.000]
  Alt-Benders[1] (mw): LB=34.092951, Z₀(α*)=34.092951, intercept=-52.172879 (0.193s) [OMP=0.159 ISP-L=0.004 ISP-F=0.009 MW-L=0.008 MW-F=0.011]
  Alt-Benders[2] (mw): LB=34.092949, Z₀(α*)=34.092951, intercept=-52.172879 (0.182s) [OMP=0.159 ISP-L=0.004 ISP-F=0.010 MW-L=0.008 MW-F=0.015]
  Alt-Benders[3] (mw): LB=34.092949, Z₀(α*)=34.092951, intercept=-52.172879 (0.182s) [OMP=0.157 ISP-L=0.004 ISP-F=0.009 MW-L=0.008 MW-F=0.011]
  Alt-Benders[4]: LB stagnated, break
  OMP re-solve: 0.000s

=== True-DRO Benders iter 30 ===
  OMP: t₀=34.092949, UB=39.417363, gap=1.35e-01, x=[0, 0, 0, 0, 0, 0, 0, 0, 0, 0, 0, 0, 0, 0, 0, 0, 0, 0, 0, 0, 0, 0, 0, 0, 0, 0, 1, 1, 0, 0, 0, 0, 0, 0, 0, 0, 0, 0, 0, 0, 0, 0, 0, 0, 0, 0, 0] (0.000s)
  Sub: Z₀=35.361574 (2.7s), α=[0.000,0.000,0.000,0.000,0.000,0.000,0.000,0.000,0.000,0.000,0.000,0.000,0.000,0.000,0.000,0.000,0.000,0.000,0.000,0.000,0.000,0.000,0.000,0.000,8.149,1.955,0.026,0.087,0.031,0.000,0.000,0.000,0.000,0.000,0.000,0.000,0.000,0.000,0.000,0.000,0.000,0.000,0.000,0.000,0.000,0.000,0.000]
  Iter 30: LB=34.092949  UB=35.361574  gap=3.59e-02
  Cut: intercept=-154.906045, π_x_range=[-205.4112, 105.9329]
  Sherali-Cut: intercept=-63.209846, π_x_range=[-148.6499, 62.1001]
  Mini-Benders[1] (mw): LB=34.099925, Z₀(α*)=33.760557, intercept=-71.543144 (0.229s) [OMP=0.179 ISP-L=0.004 ISP-F=0.010 MW-L=0.011 MW-F=0.012]
  Mini-Benders[2] (mw): LB=34.099925, Z₀(α*)=33.760557, intercept=-71.543144 (0.198s) [OMP=0.161 ISP-L=0.004 ISP-F=0.010 MW-L=0.008 MW-F=0.012]
  Mini-Benders[3] (mw): LB=34.099925, Z₀(α*)=33.760557, intercept=-71.543144 (0.198s) [OMP=0.159 ISP-L=0.004 ISP-F=0.010 MW-L=0.012 MW-F=0.012]
  Mini-Benders[4]: LB stagnated, break
  α-step: Z₀=35.110203, α=[0.000,0.000,0.000,0.000,0.000,0.000,0.000,0.000,0.000,0.000,0.000,0.000,0.000,0.000,0.000,0.000,0.000,0.000,0.000,0.000,0.000,0.000,3.469,0.000,6.378,0.402,0.000,0.000,0.000,0.000,0.000,0.000,0.000,0.000,0.000,0.000,0.000,0.000,0.000,0.000,0.000,0.000,0.000,0.000,0.000,0.000,0.000]
  Alt-Benders[1] (mw): LB=34.110941, Z₀(α*)=38.939735, intercept=8.896957 (0.197s) [OMP=0.168 ISP-L=0.004 ISP-F=0.011 MW-L=0.013 MW-F=0.012]
  Alt-Benders[2] (mw): LB=34.115582, Z₀(α*)=37.224015, intercept=-43.724807 (0.229s) [OMP=0.174 ISP-L=0.004 ISP-F=0.010 MW-L=0.009 MW-F=0.016]
  Alt-Benders[3] (mw): LB=34.225026, Z₀(α*)=35.939189, intercept=11.613066 (0.213s) [OMP=0.186 ISP-L=0.004 ISP-F=0.010 MW-L=0.008 MW-F=0.009]
  Alt-Benders[4] (mw): LB=34.242620, Z₀(α*)=34.469206, intercept=-54.399085 (0.198s) [OMP=0.164 ISP-L=0.004 ISP-F=0.010 MW-L=0.009 MW-F=0.014]
  Alt-Benders[5] (mw): LB=34.289399, Z₀(α*)=37.714030, intercept=-77.800837 (0.214s) [OMP=0.175 ISP-L=0.004 ISP-F=0.012 MW-L=0.009 MW-F=0.010]
  OMP re-solve: 0.179s

=== True-DRO Benders iter 31 ===
  OMP: t₀=34.347495, UB=35.361574, gap=2.87e-02, x=[0, 0, 0, 0, 0, 0, 0, 0, 0, 0, 0, 0, 0, 0, 0, 0, 0, 0, 0, 0, 0, 0, 0, 0, 0, 1, 0, 0, 0, 0, 0, 0, 1, 0, 0, 0, 0, 0, 0, 0, 0, 0, 0, 0, 0, 0, 0] (0.000s)
  Sub: Z₀=41.578309 [LOCAL] (0.6s), α=[0.000,0.000,0.000,0.000,0.000,0.000,0.000,0.000,0.000,0.000,0.000,0.000,0.000,0.000,0.000,0.000,0.000,0.000,0.000,0.000,0.000,0.000,0.000,0.000,6.421,0.693,0.000,0.000,3.135,0.000,0.000,0.000,0.000,0.000,0.000,0.000,0.000,0.000,0.000,0.000,0.000,0.000,0.000,0.000,0.000,0.000,0.000]
  Iter 31: LB=34.347495  UB=35.361574  gap=2.87e-02
  Cut: intercept=-1149.239426, π_x_range=[-826.3570, 598.5864]
  Mini-Benders[1] (mw): LB=34.435799, Z₀(α*)=30.466344, intercept=-84.715498 (0.213s) [OMP=0.178 ISP-L=0.004 ISP-F=0.012 MW-L=0.008 MW-F=0.009]
  Mini-Benders[2] (mw): LB=34.435799, Z₀(α*)=30.466344, intercept=-84.715498 (0.198s) [OMP=0.165 ISP-L=0.004 ISP-F=0.011 MW-L=0.008 MW-F=0.013]
  Mini-Benders[3] (mw): LB=34.435799, Z₀(α*)=30.466344, intercept=-84.715498 (0.198s) [OMP=0.165 ISP-L=0.004 ISP-F=0.011 MW-L=0.007 MW-F=0.010]
  Mini-Benders[4]: LB stagnated, break
  α-step: Z₀=36.424068, α=[0.000,0.000,0.000,0.000,0.000,0.000,0.000,0.000,0.000,0.000,0.000,0.000,0.000,0.000,0.000,0.000,0.000,0.000,0.000,0.000,0.000,0.000,0.000,0.000,6.235,0.000,0.000,0.000,0.118,0.000,3.896,0.000,0.000,0.000,0.000,0.000,0.000,0.000,0.000,0.000,0.000,0.000,0.000,0.000,0.000,0.000,0.000]
  Alt-Benders[1] (mw): LB=34.469204, Z₀(α*)=22.453979, intercept=-50.507940 (0.210s) [OMP=0.177 ISP-L=0.004 ISP-F=0.010 MW-L=0.008 MW-F=0.011]
  Alt-Benders[2] (mw): LB=34.469204, Z₀(α*)=22.453979, intercept=-50.507940 (0.213s) [OMP=0.179 ISP-L=0.004 ISP-F=0.010 MW-L=0.008 MW-F=0.015]
  Alt-Benders[3] (mw): LB=34.469204, Z₀(α*)=22.453979, intercept=-50.507940 (0.214s) [OMP=0.182 ISP-L=0.004 ISP-F=0.010 MW-L=0.008 MW-F=0.011]
  Alt-Benders[4]: LB stagnated, break
  OMP re-solve: 0.000s

=== True-DRO Benders iter 32 ===
  OMP: t₀=34.469204, UB=35.361574, gap=2.52e-02, x=[0, 0, 0, 0, 0, 0, 0, 0, 0, 0, 0, 0, 0, 0, 0, 0, 0, 0, 0, 0, 0, 0, 1, 1, 0, 0, 0, 0, 0, 0, 0, 0, 0, 0, 0, 0, 0, 0, 0, 0, 0, 0, 0, 0, 0, 0, 0] (0.000s)
  Sub: Z₀=38.418031 [LOCAL] (0.7s), α=[0.000,0.000,0.000,0.000,0.000,0.000,0.000,0.000,0.000,0.000,0.000,0.000,0.000,0.000,0.000,0.000,0.000,0.000,0.000,0.000,0.000,0.000,4.142,0.000,0.000,0.000,0.000,0.000,0.000,0.000,0.000,0.000,0.000,0.000,0.000,1.659,4.449,0.000,0.000,0.000,0.000,0.000,0.000,0.000,0.000,0.000,0.000]
  Iter 32: LB=34.469204  UB=35.361574  gap=2.52e-02
  Cut: intercept=-1148.591530, π_x_range=[-829.7586, 599.5614]
  Mini-Benders[1] (mw): LB=34.649738, Z₀(α*)=41.535865, intercept=31.950157 (0.216s) [OMP=0.174 ISP-L=0.004 ISP-F=0.011 MW-L=0.007 MW-F=0.010]
  Mini-Benders[2] (mw): LB=35.021092, Z₀(α*)=-16.909351, intercept=-135.987340 (0.213s) [OMP=0.180 ISP-L=0.004 ISP-F=0.010 MW-L=0.008 MW-F=0.014]
  Mini-Benders[3] (mw): LB=35.021092, Z₀(α*)=-16.909351, intercept=-135.987340 (0.198s) [OMP=0.167 ISP-L=0.004 ISP-F=0.010 MW-L=0.008 MW-F=0.010]
  Mini-Benders[4] (mw): LB=35.021092, Z₀(α*)=-16.909351, intercept=-135.987340 (0.198s) [OMP=0.165 ISP-L=0.004 ISP-F=0.010 MW-L=0.008 MW-F=0.014]
  Mini-Benders[5]: LB stagnated, break
  α-step: Z₀=34.949232, α=[0.000,0.000,0.000,0.000,0.000,0.000,0.000,0.000,0.000,0.000,0.000,0.000,0.000,0.000,0.000,0.000,0.000,0.000,0.000,0.000,0.000,0.000,0.000,0.000,0.000,0.000,0.000,0.000,9.489,0.000,0.000,0.000,0.000,0.000,0.000,0.000,0.760,0.000,0.000,0.000,0.000,0.000,0.000,0.000,0.000,0.000,0.000]
  Alt-Benders[1] (mw): LB=35.021092, Z₀(α*)=34.949232, intercept=-116.536137 (0.207s) [OMP=0.174 ISP-L=0.004 ISP-F=0.009 MW-L=0.008 MW-F=0.013]
  Alt-Benders[2] (mw): LB=35.021092, Z₀(α*)=34.949232, intercept=-116.536137 (0.198s) [OMP=0.171 ISP-L=0.004 ISP-F=0.009 MW-L=0.008 MW-F=0.010]
  Alt-Benders[3] (mw): LB=35.021092, Z₀(α*)=34.949232, intercept=-116.536137 (0.213s) [OMP=0.173 ISP-L=0.004 ISP-F=0.009 MW-L=0.012 MW-F=0.010]
  Alt-Benders[4]: LB stagnated, break
  OMP re-solve: 0.000s

=== True-DRO Benders iter 33 ===
  OMP: t₀=35.021092, UB=35.361574, gap=9.63e-03, x=[0, 0, 0, 0, 0, 0, 0, 0, 0, 0, 0, 0, 0, 0, 0, 0, 0, 0, 0, 0, 0, 0, 0, 0, 0, 0, 0, 1, 0, 0, 0, 0, 1, 0, 0, 0, 0, 0, 0, 0, 0, 0, 0, 0, 0, 0, 0] (0.000s)
  Sub: Z₀=35.096177 [LOCAL] (0.2s), α=[0.000,0.000,0.000,0.000,0.000,0.000,0.000,0.000,0.000,0.000,0.000,0.000,0.000,0.000,0.000,0.000,0.000,0.000,0.000,0.000,0.000,0.000,0.000,0.000,0.000,0.000,0.000,0.000,10.249,0.000,0.000,0.000,0.000,0.000,0.000,0.000,0.000,0.000,0.000,0.000,0.000,0.000,0.000,0.000,0.000,0.000,0.000]
  Iter 33: LB=35.021092  UB=35.361574  gap=9.63e-03
  Cut: intercept=-1092.963971, π_x_range=[-824.6853, 565.8149]
  Mini-Benders[1] (mw): LB=35.035218, Z₀(α*)=33.634759, intercept=-78.582548 (0.229s) [OMP=0.183 ISP-L=0.004 ISP-F=0.010 MW-L=0.012 MW-F=0.013]
  Mini-Benders[2] (mw): LB=35.035218, Z₀(α*)=33.634759, intercept=-78.582548 (0.229s) [OMP=0.187 ISP-L=0.004 ISP-F=0.010 MW-L=0.008 MW-F=0.013]
  Mini-Benders[3] (mw): LB=35.035218, Z₀(α*)=33.634759, intercept=-78.582548 (0.213s) [OMP=0.182 ISP-L=0.004 ISP-F=0.010 MW-L=0.013 MW-F=0.013]
  Mini-Benders[4]: LB stagnated, break
  α-step: Z₀=34.469145, α=[0.000,0.000,0.000,0.000,0.000,0.000,0.000,0.000,0.000,0.000,0.000,0.000,0.000,0.000,0.000,0.000,0.000,0.000,0.000,0.000,0.000,0.000,0.000,0.000,0.000,0.000,0.000,1.567,7.490,0.000,0.000,0.000,0.000,0.000,0.000,0.000,1.192,0.000,0.000,0.000,0.000,0.000,0.000,0.000,0.000,0.000,0.000]
  Alt-Benders[1] (mw): LB=35.035218, Z₀(α*)=34.627538, intercept=-68.951874 (0.206s) [OMP=0.179 ISP-L=0.004 ISP-F=0.010 MW-L=0.012 MW-F=0.012]
  Alt-Benders[2] (mw): LB=35.035218, Z₀(α*)=34.627538, intercept=-68.951874 (0.214s) [OMP=0.175 ISP-L=0.004 ISP-F=0.010 MW-L=0.008 MW-F=0.012]
  Alt-Benders[3] (mw): LB=35.035218, Z₀(α*)=34.627538, intercept=-68.951874 (0.213s) [OMP=0.174 ISP-L=0.004 ISP-F=0.010 MW-L=0.012 MW-F=0.012]
  Alt-Benders[4]: LB stagnated, break
  OMP re-solve: 0.000s

=== True-DRO Benders iter 34 ===
  OMP: t₀=35.035218, UB=35.361574, gap=9.23e-03, x=[0, 0, 0, 0, 0, 0, 0, 0, 0, 0, 0, 0, 0, 0, 0, 0, 0, 0, 0, 0, 0, 0, 0, 1, 0, 0, 0, 1, 0, 0, 0, 0, 0, 0, 0, 0, 0, 0, 0, 0, 0, 0, 0, 0, 0, 0, 0] (0.000s)
  Sub: Z₀=35.275588 [LOCAL] (0.2s), α=[0.000,0.000,0.000,0.000,0.000,0.000,0.000,0.000,0.000,0.000,0.000,0.000,0.000,0.000,0.000,0.000,0.000,0.000,0.000,0.000,0.000,0.000,0.000,0.000,2.929,0.000,0.000,0.000,5.071,0.000,0.000,0.000,0.000,0.000,0.000,0.231,2.018,0.000,0.000,0.000,0.000,0.000,0.000,0.000,0.000,0.000,0.000]
  Iter 34: LB=35.035218  UB=35.361574  gap=9.23e-03
  Cut: intercept=-1124.373956, π_x_range=[-825.5202, 583.1860]
  Mini-Benders[1] (mw): LB=35.096177, Z₀(α*)=30.290268, intercept=-94.141286 (0.229s) [OMP=0.187 ISP-L=0.004 ISP-F=0.012 MW-L=0.011 MW-F=0.013]
  Mini-Benders[2] (mw): LB=35.096177, Z₀(α*)=30.290268, intercept=-94.141286 (0.229s) [OMP=0.187 ISP-L=0.004 ISP-F=0.011 MW-L=0.007 MW-F=0.012]
  Mini-Benders[3] (mw): LB=35.096177, Z₀(α*)=30.290268, intercept=-94.141286 (0.229s) [OMP=0.184 ISP-L=0.004 ISP-F=0.011 MW-L=0.013 MW-F=0.013]
  Mini-Benders[4]: LB stagnated, break
  α-step: Z₀=35.091092, α=[0.000,0.000,0.000,0.000,0.000,0.000,0.000,0.000,0.000,0.000,0.000,0.000,0.000,0.000,0.000,0.000,0.000,0.000,0.000,0.000,0.000,0.000,0.000,0.000,0.000,0.000,0.000,0.000,10.198,0.000,0.000,0.000,0.000,0.000,0.000,0.000,0.051,0.000,0.000,0.000,0.000,0.000,0.000,0.000,0.000,0.000,0.000]
  Alt-Benders[1] (mw): LB=35.096177, Z₀(α*)=35.091092, intercept=-100.955720 (0.229s) [OMP=0.172 ISP-L=0.004 ISP-F=0.009 MW-L=0.012 MW-F=0.029]
  Alt-Benders[2] (mw): LB=35.096177, Z₀(α*)=35.091092, intercept=-100.955720 (0.229s) [OMP=0.176 ISP-L=0.004 ISP-F=0.009 MW-L=0.008 MW-F=0.029]
  Alt-Benders[3] (mw): LB=35.096177, Z₀(α*)=35.091092, intercept=-100.955720 (0.229s) [OMP=0.172 ISP-L=0.004 ISP-F=0.009 MW-L=0.012 MW-F=0.028]
  Alt-Benders[4]: LB stagnated, break
  OMP re-solve: 0.000s

=== True-DRO Benders iter 35 ===
  OMP: t₀=35.096177, UB=35.361574, gap=7.51e-03, x=[0, 0, 0, 0, 0, 0, 0, 0, 0, 0, 0, 0, 0, 0, 0, 0, 0, 0, 0, 0, 0, 0, 0, 0, 0, 0, 0, 1, 0, 0, 0, 0, 1, 0, 0, 0, 0, 0, 0, 0, 0, 0, 0, 0, 0, 0, 0] (0.000s)
  Sub: Z₀=35.096177 (0.3s), α=[0.000,0.000,0.000,0.000,0.000,0.000,0.000,0.000,0.000,0.000,0.000,0.000,0.000,0.000,0.000,0.000,0.000,0.000,0.000,0.000,0.000,0.000,0.000,0.000,0.000,0.000,0.000,0.000,10.249,0.000,0.000,0.000,0.000,0.000,0.000,0.000,0.000,0.000,0.000,0.000,0.000,0.000,0.000,0.000,0.000,0.000,0.000]
  Iter 35: LB=35.096177  UB=35.096177  gap=3.93e-09
True-DRO Benders converged at iter 35 (gap=3.93e-09)
  Wall time: 112.89 sec
  OMP  time: mean=0.115s, median=0.130s, max=0.234s
  Sub  time (exact): mean=1.222s, median=1.135s, q90=2.097s, max=2.728s (n=5/35)

Result (double): Z₀=35.096177, iters=35, time=113.0s
x arcs = [28, 33]
