============================================================
grid5x5 — nominal: ε̂=0.00, ε̃=0.00, β=0.00
============================================================
Set parameter Username
Set parameter LicenseID to value 2742039
Academic license - for non-commercial use only - expires 2026-11-20
Set parameter Username
Set parameter LicenseID to value 2742039
Academic license - for non-commercial use only - expires 2026-11-20
Set parameter OutputFlag to value 1
Set parameter LogFile to value "global_miqcp.log"
Set parameter Username
Set parameter LicenseID to value 2742039
Academic license - for non-commercial use only - expires 2026-11-20
Set parameter Username
Set parameter LicenseID to value 2742039
Academic license - for non-commercial use only - expires 2026-11-20
Set parameter Username
Set parameter LicenseID to value 2742039
Academic license - for non-commercial use only - expires 2026-11-20
Set parameter Username
Set parameter LicenseID to value 2742039
Academic license - for non-commercial use only - expires 2026-11-20

=== True-DRO Benders iter 1 ===
  OMP: t₀=14.356761, UB=Inf, gap=NaN, x=[0, 0, 0, 0, 0, 0, 0, 0, 0, 0, 0, 0, 0, 0, 0, 0, 0, 0, 0, 0, 0, 0, 0, 0, 0, 0, 0, 1, 0, 0, 0, 0, 0, 0, 0, 0, 1, 0, 0, 0, 0, 0, 0, 0, 0, 0, 0] (0.144s)
  Sub: Z₀=2.829397 [LOCAL] (0.9s), α=[0.000,0.000,0.000,0.000,0.000,0.000,0.000,0.000,0.000,0.000,0.000,0.000,0.000,0.000,0.000,0.000,0.000,0.000,0.000,0.000,0.000,0.000,0.000,0.000,0.000,0.000,0.000,1.437,5.119,0.000,0.000,0.000,0.000,0.000,0.000,0.000,3.694,0.000,0.000,0.000,0.000,0.000,0.000,0.000,0.000,0.000,0.000]
  Iter 1: LB=14.356761  UB=Inf  gap=NaN
  Cut: intercept=-1149.146883, π_x_range=[-824.5053, 583.5770]
  Mini-Benders[1] (mw): LB=14.356761, Z₀(α*)=23.406536, intercept=-166.326312 (0.842s) [OMP=0.023 ISP-L=0.141 ISP-F=0.167 MW-L=0.172 MW-F=0.179]
  Mini-Benders[2] (mw): LB=15.740565, Z₀(α*)=-1.304935, intercept=-145.697358 (0.071s) [OMP=0.035 ISP-L=0.003 ISP-F=0.008 MW-L=0.005 MW-F=0.008]
  Mini-Benders[3] (mw): LB=15.740565, Z₀(α*)=-1.304935, intercept=-145.697358 (0.071s) [OMP=0.034 ISP-L=0.003 ISP-F=0.008 MW-L=0.018 MW-F=0.007]
  Mini-Benders[4] (mw): LB=15.740565, Z₀(α*)=-1.304935, intercept=-145.697358 (0.063s) [OMP=0.034 ISP-L=0.003 ISP-F=0.008 MW-L=0.006 MW-F=0.013]
  Mini-Benders[5]: LB stagnated, break
Set parameter NonConvex to value 2
Set parameter DualReductions to value 0
  α-step: Z₀=25.591199, α=[0.000,0.000,0.000,0.000,0.000,0.000,0.000,0.000,0.000,0.000,0.000,0.000,0.000,0.000,0.000,0.000,0.000,0.000,0.000,0.000,0.000,0.000,0.000,0.000,6.334,0.000,0.000,0.759,3.156,0.000,0.000,0.000,0.000,0.000,0.000,0.000,0.000,0.000,0.000,0.000,0.000,0.000,0.000,0.000,0.000,0.000,0.000]
  Alt-Benders[1] (mw): LB=15.748163, Z₀(α*)=22.018715, intercept=-183.400500 (0.050s) [OMP=0.035 ISP-L=0.004 ISP-F=0.008 MW-L=0.006 MW-F=0.007]
  Alt-Benders[2] (mw): LB=16.468695, Z₀(α*)=-1.328382, intercept=-162.233308 (0.081s) [OMP=0.039 ISP-L=0.003 ISP-F=0.008 MW-L=0.019 MW-F=0.007]
  Alt-Benders[3] (mw): LB=16.468695, Z₀(α*)=-1.328382, intercept=-162.233308 (0.076s) [OMP=0.037 ISP-L=0.001 ISP-F=0.008 MW-L=0.004 MW-F=0.016]
  Alt-Benders[4] (mw): LB=16.468695, Z₀(α*)=-1.328382, intercept=-162.233308 (0.062s) [OMP=0.037 ISP-L=0.001 ISP-F=0.008 MW-L=0.005 MW-F=0.009]
  Alt-Benders[5]: LB stagnated, break
  OMP re-solve: 0.000s

=== True-DRO Benders iter 2 ===
  OMP: t₀=16.468695, UB=Inf, gap=NaN, x=[0, 0, 0, 0, 0, 0, 0, 0, 0, 0, 0, 0, 0, 0, 0, 0, 0, 0, 0, 0, 0, 0, 0, 0, 0, 0, 0, 0, 0, 0, 0, 0, 1, 0, 0, 0, 1, 0, 0, 0, 0, 0, 0, 0, 0, 0, 0] (0.001s)
  Sub: Z₀=5.208833 [LOCAL] (0.2s), α=[0.000,0.000,0.000,0.000,0.000,0.000,0.000,0.000,0.000,0.000,0.000,0.000,0.000,0.000,0.000,0.000,0.000,0.000,0.000,0.000,0.000,0.000,0.000,0.000,0.000,0.000,0.000,0.000,4.628,0.000,0.000,0.000,0.000,0.000,0.000,0.000,5.621,0.000,0.000,0.000,0.000,0.000,0.000,0.000,0.000,0.000,0.000]
  Iter 2: LB=16.468695  UB=Inf  gap=NaN
  Cut: intercept=-1147.680228, π_x_range=[-824.6496, 583.2766]
  Mini-Benders[1] (mw): LB=16.468695, Z₀(α*)=25.364685, intercept=-162.980973 (0.062s) [OMP=0.040 ISP-L=0.001 ISP-F=0.008 MW-L=0.009 MW-F=0.006]
  Mini-Benders[2] (mw): LB=16.604306, Z₀(α*)=-3.246409, intercept=-146.138118 (0.085s) [OMP=0.045 ISP-L=0.003 ISP-F=0.008 MW-L=0.005 MW-F=0.009]
  Mini-Benders[3] (mw): LB=16.604306, Z₀(α*)=-3.246409, intercept=-146.138118 (0.067s) [OMP=0.040 ISP-L=0.003 ISP-F=0.008 MW-L=0.006 MW-F=0.008]
  Mini-Benders[4] (mw): LB=16.604306, Z₀(α*)=-3.246409, intercept=-146.138118 (0.065s) [OMP=0.039 ISP-L=0.003 ISP-F=0.008 MW-L=0.007 MW-F=0.007]
  Mini-Benders[5]: LB stagnated, break
  α-step: Z₀=26.439401, α=[0.000,0.000,0.000,0.000,0.000,0.000,0.000,0.000,0.000,0.000,0.000,0.000,0.000,0.000,0.000,0.000,0.000,0.000,0.000,0.000,0.000,0.000,0.000,0.000,0.000,0.000,0.000,0.000,10.249,0.000,0.000,0.000,0.000,0.000,0.000,0.000,0.000,0.000,0.000,0.000,0.000,0.000,0.000,0.000,0.000,0.000,0.000]
  Alt-Benders[1] (mw): LB=17.041466, Z₀(α*)=22.150807, intercept=-168.786194 (0.076s) [OMP=0.056 ISP-L=0.004 ISP-F=0.008 MW-L=0.007 MW-F=0.007]
  Alt-Benders[2] (mw): LB=17.197649, Z₀(α*)=22.306990, intercept=-163.320500 (0.093s) [OMP=0.060 ISP-L=0.003 ISP-F=0.008 MW-L=0.007 MW-F=0.008]
  Alt-Benders[3] (mw): LB=17.217289, Z₀(α*)=22.326630, intercept=-170.388807 (0.104s) [OMP=0.078 ISP-L=0.004 ISP-F=0.008 MW-L=0.005 MW-F=0.008]
  Alt-Benders[4] (mw): LB=17.852499, Z₀(α*)=2.831093, intercept=-135.314702 (0.082s) [OMP=0.053 ISP-L=0.003 ISP-F=0.009 MW-L=0.008 MW-F=0.008]
  Alt-Benders[5] (mw): LB=17.852499, Z₀(α*)=2.831093, intercept=-135.314702 (0.081s) [OMP=0.055 ISP-L=0.003 ISP-F=0.008 MW-L=0.007 MW-F=0.007]
  OMP re-solve: 0.055s

=== True-DRO Benders iter 3 ===
  OMP: t₀=17.852499, UB=Inf, gap=NaN, x=[0, 0, 0, 0, 0, 0, 0, 0, 0, 0, 0, 0, 0, 0, 0, 0, 0, 0, 0, 0, 0, 0, 0, 0, 1, 0, 0, 0, 0, 0, 0, 0, 1, 0, 0, 0, 0, 0, 0, 0, 0, 0, 0, 0, 0, 0, 0] (0.000s)
  Sub: Z₀=7.728023 [LOCAL] (0.2s), α=[0.000,0.000,0.000,0.000,0.000,0.000,0.000,0.000,0.000,0.000,0.000,0.000,0.000,0.000,0.000,0.000,0.000,0.000,0.000,0.000,0.000,0.000,0.000,0.000,7.202,0.000,0.000,0.000,3.047,0.000,0.000,0.000,0.000,0.000,0.000,0.000,0.000,0.000,0.000,0.000,0.000,0.000,0.000,0.000,0.000,0.000,0.000]
  Iter 3: LB=17.852499  UB=Inf  gap=NaN
  Cut: intercept=-1144.540911, π_x_range=[-825.0625, 582.5480]
  Mini-Benders[1] (mw): LB=17.852499, Z₀(α*)=27.751297, intercept=-134.303885 (0.078s) [OMP=0.054 ISP-L=0.003 ISP-F=0.008 MW-L=0.007 MW-F=0.008]
  Mini-Benders[2] (mw): LB=17.860097, Z₀(α*)=23.386493, intercept=-180.134927 (0.084s) [OMP=0.050 ISP-L=0.002 ISP-F=0.008 MW-L=0.006 MW-F=0.006]
  Mini-Benders[3] (mw): LB=18.046335, Z₀(α*)=15.721931, intercept=-136.398235 (0.087s) [OMP=0.063 ISP-L=0.003 ISP-F=0.008 MW-L=0.007 MW-F=0.007]
  Mini-Benders[4] (mw): LB=18.046335, Z₀(α*)=15.721931, intercept=-136.398235 (0.079s) [OMP=0.055 ISP-L=0.003 ISP-F=0.008 MW-L=0.007 MW-F=0.007]
  Mini-Benders[5] (mw): LB=18.046335, Z₀(α*)=15.721931, intercept=-136.398235 (0.087s) [OMP=0.055 ISP-L=0.003 ISP-F=0.009 MW-L=0.005 MW-F=0.008]
  α-step: Z₀=26.764640, α=[0.000,0.000,0.000,0.000,0.000,0.000,0.000,0.000,0.000,0.000,0.000,0.000,0.000,0.000,0.000,0.000,0.000,0.000,0.000,0.000,0.000,0.000,0.000,0.000,0.000,0.000,0.000,4.186,6.063,0.000,0.000,0.000,0.000,0.000,0.000,0.000,0.000,0.000,0.000,0.000,0.000,0.000,0.000,0.000,0.000,0.000,0.000]
  Alt-Benders[1] (mw): LB=18.324271, Z₀(α*)=23.402932, intercept=-135.683800 (0.074s) [OMP=0.058 ISP-L=0.003 ISP-F=0.009 MW-L=0.007 MW-F=0.006]
  Alt-Benders[2] (mw): LB=18.373711, Z₀(α*)=27.092016, intercept=-266.801815 (0.099s) [OMP=0.059 ISP-L=0.003 ISP-F=0.010 MW-L=0.005 MW-F=0.008]
  Alt-Benders[3] (mw): LB=18.434300, Z₀(α*)=27.101730, intercept=-134.208367 (0.101s) [OMP=0.073 ISP-L=0.003 ISP-F=0.010 MW-L=0.007 MW-F=0.007]
  Alt-Benders[4] (mw): LB=18.507531, Z₀(α*)=-17.801194, intercept=-182.824982 (0.096s) [OMP=0.072 ISP-L=0.003 ISP-F=0.008 MW-L=0.007 MW-F=0.006]
  Alt-Benders[5] (mw): LB=18.507531, Z₀(α*)=-17.801194, intercept=-182.824982 (0.093s) [OMP=0.080 ISP-L=0.001 ISP-F=0.007 MW-L=0.004 MW-F=0.007]
  OMP re-solve: 0.080s

=== True-DRO Benders iter 4 ===
  OMP: t₀=18.507531, UB=Inf, gap=NaN, x=[0, 0, 0, 0, 0, 0, 0, 0, 0, 0, 1, 0, 0, 0, 0, 0, 0, 0, 0, 0, 0, 0, 1, 0, 0, 0, 0, 0, 0, 0, 0, 0, 0, 0, 0, 0, 0, 0, 0, 0, 0, 0, 0, 0, 0, 0, 0] (0.000s)
  Sub: Z₀=18.292857 [LOCAL] (0.2s), α=[0.000,0.000,0.000,0.000,0.000,0.000,0.000,0.000,0.000,0.000,0.000,0.000,0.000,0.000,0.000,0.000,0.000,0.000,0.000,0.000,0.000,0.000,4.826,0.000,0.000,0.000,0.000,0.000,5.423,0.000,0.000,0.000,0.000,0.000,0.000,0.000,0.000,0.000,0.000,0.000,0.000,0.000,0.000,0.000,0.000,0.000,0.000]
  Iter 4: LB=18.507531  UB=Inf  gap=NaN
  Cut: intercept=-1121.387152, π_x_range=[-816.0027, 592.5445]
  Mini-Benders[1] (mw): LB=18.507531, Z₀(α*)=28.538061, intercept=-182.647167 (0.107s) [OMP=0.076 ISP-L=0.001 ISP-F=0.007 MW-L=0.006 MW-F=0.006]
  Mini-Benders[2] (mw): LB=19.153400, Z₀(α*)=-3.909425, intercept=-165.265957 (0.105s) [OMP=0.081 ISP-L=0.001 ISP-F=0.007 MW-L=0.006 MW-F=0.007]
  Mini-Benders[3] (mw): LB=19.153400, Z₀(α*)=-3.909425, intercept=-165.265957 (0.094s) [OMP=0.080 ISP-L=0.003 ISP-F=0.008 MW-L=0.007 MW-F=0.007]
  Mini-Benders[4] (mw): LB=19.153400, Z₀(α*)=-3.909425, intercept=-165.265957 (0.115s) [OMP=0.077 ISP-L=0.003 ISP-F=0.008 MW-L=0.005 MW-F=0.008]
  Mini-Benders[5]: LB stagnated, break
  α-step: Z₀=27.424680, α=[0.000,0.000,0.000,0.000,0.000,0.000,0.000,0.000,0.000,0.000,0.000,0.000,0.000,0.000,0.000,0.000,0.000,0.000,0.000,0.000,0.000,0.000,0.000,0.000,3.669,0.000,0.000,0.000,6.580,0.000,0.000,0.000,0.000,0.000,0.000,0.000,0.000,0.000,0.000,0.000,0.000,0.000,0.000,0.000,0.000,0.000,0.000]
  Alt-Benders[1] (mw): LB=19.243576, Z₀(α*)=24.390941, intercept=-105.755941 (0.109s) [OMP=0.089 ISP-L=0.003 ISP-F=0.009 MW-L=0.007 MW-F=0.007]
  Alt-Benders[2] (mw): LB=19.309583, Z₀(α*)=6.905881, intercept=-158.740266 (0.126s) [OMP=0.087 ISP-L=0.003 ISP-F=0.007 MW-L=0.005 MW-F=0.008]
  Alt-Benders[3] (mw): LB=19.309583, Z₀(α*)=6.905881, intercept=-158.740266 (0.109s) [OMP=0.089 ISP-L=0.003 ISP-F=0.008 MW-L=0.007 MW-F=0.007]
  Alt-Benders[4] (mw): LB=19.309583, Z₀(α*)=6.905881, intercept=-158.740266 (0.110s) [OMP=0.085 ISP-L=0.003 ISP-F=0.007 MW-L=0.007 MW-F=0.006]
  Alt-Benders[5]: LB stagnated, break
  OMP re-solve: 0.000s

=== True-DRO Benders iter 5 ===
  OMP: t₀=19.309583, UB=Inf, gap=NaN, x=[0, 0, 0, 0, 0, 0, 0, 0, 0, 0, 0, 0, 0, 0, 0, 0, 0, 0, 0, 0, 0, 0, 0, 0, 0, 0, 0, 0, 0, 0, 0, 0, 1, 0, 1, 0, 0, 0, 0, 0, 0, 0, 0, 0, 0, 0, 0] (0.000s)
  Sub: Z₀=27.226659 (0.1s), α=[0.000,0.000,0.000,0.000,0.000,0.000,0.000,0.000,0.000,0.000,0.000,0.000,0.000,0.000,0.000,0.000,0.000,0.000,0.000,0.000,0.000,0.000,0.000,0.000,0.000,0.000,0.000,0.000,7.103,0.000,0.000,0.000,0.480,0.000,2.206,0.292,0.168,0.000,0.000,0.000,0.000,0.000,0.000,0.000,0.000,0.000,0.000]
  Iter 5: LB=19.309583  UB=27.226659  gap=2.91e-01
  Cut: intercept=-165.882464, π_x_range=[-264.0000, 133.4583]
  Sherali-Cut: intercept=-159.917813, π_x_range=[-120.0000, 128.8852]
  Mini-Benders[1] (mw): LB=19.329224, Z₀(α*)=11.058192, intercept=-167.249485 (0.100s) [OMP=0.078 ISP-L=0.003 ISP-F=0.009 MW-L=0.006 MW-F=0.014]
  Mini-Benders[2] (mw): LB=19.329224, Z₀(α*)=11.058192, intercept=-167.249485 (0.112s) [OMP=0.074 ISP-L=0.003 ISP-F=0.009 MW-L=0.005 MW-F=0.007]
  Mini-Benders[3] (mw): LB=19.329224, Z₀(α*)=11.058192, intercept=-167.249485 (0.092s) [OMP=0.076 ISP-L=0.003 ISP-F=0.009 MW-L=0.005 MW-F=0.010]
  Mini-Benders[4]: LB stagnated, break
  α-step: Z₀=27.376654, α=[0.000,0.000,0.000,0.000,0.000,0.000,0.000,0.000,0.000,0.000,0.000,0.000,0.000,0.000,0.000,0.000,0.000,0.000,0.000,0.000,0.000,0.000,0.000,0.000,3.381,0.000,0.000,0.000,6.868,0.000,0.000,0.000,0.000,0.000,0.000,0.000,0.000,0.000,0.000,0.000,0.000,0.000,0.000,0.000,0.000,0.000,0.000]
  Alt-Benders[1] (mw): LB=19.436631, Z₀(α*)=25.762880, intercept=-120.478925 (0.129s) [OMP=0.096 ISP-L=0.003 ISP-F=0.008 MW-L=0.006 MW-F=0.009]
  Alt-Benders[2] (mw): LB=19.508439, Z₀(α*)=15.902880, intercept=-195.849772 (0.122s) [OMP=0.087 ISP-L=0.003 ISP-F=0.008 MW-L=0.006 MW-F=0.008]
  Alt-Benders[3] (mw): LB=19.508439, Z₀(α*)=15.902880, intercept=-195.849772 (0.110s) [OMP=0.092 ISP-L=0.003 ISP-F=0.009 MW-L=0.007 MW-F=0.006]
  Alt-Benders[4] (mw): LB=19.508439, Z₀(α*)=15.902880, intercept=-195.849772 (0.140s) [OMP=0.102 ISP-L=0.003 ISP-F=0.009 MW-L=0.007 MW-F=0.007]
  Alt-Benders[5]: LB stagnated, break
  OMP re-solve: 0.000s

=== True-DRO Benders iter 6 ===
  OMP: t₀=19.508439, UB=27.226659, gap=2.83e-01, x=[0, 0, 0, 0, 0, 0, 0, 0, 0, 0, 1, 0, 0, 0, 0, 0, 0, 0, 0, 0, 0, 0, 0, 0, 0, 0, 0, 0, 0, 0, 0, 0, 0, 0, 0, 0, 1, 0, 0, 0, 0, 0, 0, 0, 0, 0, 0] (0.000s)
  Sub: Z₀=18.807781 [LOCAL] (0.2s), α=[0.000,0.000,0.000,0.000,0.000,0.000,0.000,0.000,0.000,0.000,0.000,0.000,0.000,0.000,0.000,0.000,0.000,0.000,0.000,0.000,0.000,0.000,3.309,0.000,0.000,0.000,0.000,0.000,4.517,0.000,0.000,0.000,0.000,0.000,0.000,0.000,2.423,0.000,0.000,0.000,0.000,0.000,0.000,0.000,0.000,0.000,0.000]
  Iter 6: LB=19.508439  UB=27.226659  gap=2.83e-01
  Cut: intercept=-1112.572279, π_x_range=[-821.4802, 583.9671]
  Mini-Benders[1] (mw): LB=19.508439, Z₀(α*)=29.410829, intercept=-196.709818 (0.109s) [OMP=0.084 ISP-L=0.003 ISP-F=0.009 MW-L=0.005 MW-F=0.008]
  Mini-Benders[2] (mw): LB=19.686574, Z₀(α*)=-6.122473, intercept=-132.470827 (0.112s) [OMP=0.085 ISP-L=0.003 ISP-F=0.009 MW-L=0.007 MW-F=0.007]
  Mini-Benders[3] (mw): LB=19.686574, Z₀(α*)=-6.122473, intercept=-132.470827 (0.114s) [OMP=0.080 ISP-L=0.003 ISP-F=0.008 MW-L=0.005 MW-F=0.008]
  Mini-Benders[4] (mw): LB=19.686574, Z₀(α*)=-6.122473, intercept=-132.470827 (0.106s) [OMP=0.078 ISP-L=0.003 ISP-F=0.008 MW-L=0.007 MW-F=0.007]
  Mini-Benders[5]: LB stagnated, break
  α-step: Z₀=28.404878, α=[0.000,0.000,0.000,0.000,0.000,0.000,0.000,0.000,0.000,0.000,0.000,0.000,0.000,0.000,0.000,0.000,0.000,0.000,0.000,0.000,0.000,0.000,0.000,0.000,0.000,0.000,0.000,3.381,6.868,0.000,0.000,0.000,0.000,0.000,0.000,0.000,0.000,0.000,0.000,0.000,0.000,0.000,0.000,0.000,0.000,0.000,0.000]
  Alt-Benders[1] (mw): LB=19.739279, Z₀(α*)=28.528259, intercept=-109.332827 (0.109s) [OMP=0.092 ISP-L=0.003 ISP-F=0.008 MW-L=0.007 MW-F=0.006]
  Alt-Benders[2] (mw): LB=19.743365, Z₀(α*)=28.461669, intercept=-110.049601 (0.172s) [OMP=0.103 ISP-L=0.003 ISP-F=0.008 MW-L=0.046 MW-F=0.010]
  Alt-Benders[3] (mw): LB=20.158270, Z₀(α*)=5.762557, intercept=-133.986113 (0.135s) [OMP=0.096 ISP-L=0.003 ISP-F=0.008 MW-L=0.005 MW-F=0.007]
  Alt-Benders[4] (mw): LB=20.158270, Z₀(α*)=5.762557, intercept=-133.986113 (0.134s) [OMP=0.105 ISP-L=0.003 ISP-F=0.008 MW-L=0.005 MW-F=0.014]
  Alt-Benders[5] (mw): LB=20.158270, Z₀(α*)=5.762557, intercept=-133.986113 (0.125s) [OMP=0.105 ISP-L=0.003 ISP-F=0.008 MW-L=0.006 MW-F=0.007]
  OMP re-solve: 0.097s

=== True-DRO Benders iter 7 ===
  OMP: t₀=20.158270, UB=27.226659, gap=2.60e-01, x=[0, 0, 0, 0, 0, 0, 0, 0, 0, 0, 0, 0, 0, 0, 0, 0, 0, 0, 0, 0, 0, 0, 0, 0, 0, 1, 0, 0, 0, 0, 0, 0, 1, 0, 0, 0, 0, 0, 0, 0, 0, 0, 0, 0, 0, 0, 0] (0.000s)
  Sub: Z₀=10.223855 [LOCAL] (0.2s), α=[0.000,0.000,0.000,0.000,0.000,0.000,0.000,0.000,0.000,0.000,0.000,0.000,0.000,0.000,0.000,0.000,0.000,0.000,0.000,0.000,0.000,0.000,0.000,0.000,3.693,0.051,0.000,0.000,6.505,0.000,0.000,0.000,0.000,0.000,0.000,0.000,0.000,0.000,0.000,0.000,0.000,0.000,0.000,0.000,0.000,0.000,0.000]
  Iter 7: LB=20.158270  UB=27.226659  gap=2.60e-01
  Cut: intercept=-1152.051327, π_x_range=[-824.1904, 592.8547]
  Mini-Benders[1] (mw): LB=20.158270, Z₀(α*)=28.205700, intercept=-132.836549 (0.111s) [OMP=0.089 ISP-L=0.003 ISP-F=0.009 MW-L=0.005 MW-F=0.008]
  Mini-Benders[2] (mw): LB=20.236467, Z₀(α*)=25.612380, intercept=-142.573088 (0.109s) [OMP=0.086 ISP-L=0.003 ISP-F=0.008 MW-L=0.005 MW-F=0.008]
  Mini-Benders[3] (mw): LB=20.286273, Z₀(α*)=24.053908, intercept=-137.163741 (0.130s) [OMP=0.096 ISP-L=0.003 ISP-F=0.008 MW-L=0.005 MW-F=0.008]
  Mini-Benders[4] (mw): LB=20.444597, Z₀(α*)=2.008439, intercept=-110.733573 (0.121s) [OMP=0.098 ISP-L=0.003 ISP-F=0.009 MW-L=0.007 MW-F=0.007]
  Mini-Benders[5] (mw): LB=20.444597, Z₀(α*)=2.008439, intercept=-110.733573 (0.109s) [OMP=0.089 ISP-L=0.003 ISP-F=0.009 MW-L=0.008 MW-F=0.007]
  α-step: Z₀=28.623119, α=[0.000,0.000,0.000,0.000,0.000,0.000,0.000,0.000,0.000,0.000,0.000,0.000,0.000,0.000,0.000,0.000,0.000,0.000,0.000,0.000,0.000,0.000,0.000,0.000,2.210,0.000,0.000,7.989,0.000,0.000,0.000,0.000,0.000,0.000,0.000,0.000,0.051,0.000,0.000,0.000,0.000,0.000,0.000,0.000,0.000,0.000,0.000]
  Alt-Benders[1] (mw): LB=20.444597, Z₀(α*)=23.335298, intercept=-104.499131 (0.127s) [OMP=0.099 ISP-L=0.003 ISP-F=0.009 MW-L=0.007 MW-F=0.007]
  Alt-Benders[2] (mw): LB=20.444597, Z₀(α*)=23.335298, intercept=-104.499131 (0.110s) [OMP=0.089 ISP-L=0.001 ISP-F=0.008 MW-L=0.006 MW-F=0.006]
  Alt-Benders[3] (mw): LB=20.485646, Z₀(α*)=-46.059744, intercept=-264.799308 (0.124s) [OMP=0.097 ISP-L=0.001 ISP-F=0.008 MW-L=0.006 MW-F=0.007]
  Alt-Benders[4] (mw): LB=20.485646, Z₀(α*)=-46.059744, intercept=-264.799308 (0.111s) [OMP=0.090 ISP-L=0.003 ISP-F=0.008 MW-L=0.007 MW-F=0.007]
  Alt-Benders[5] (mw): LB=20.485646, Z₀(α*)=-46.059744, intercept=-264.799308 (0.109s) [OMP=0.091 ISP-L=0.003 ISP-F=0.008 MW-L=0.007 MW-F=0.007]
  OMP re-solve: 0.090s

=== True-DRO Benders iter 8 ===
  OMP: t₀=20.485646, UB=27.226659, gap=2.48e-01, x=[0, 0, 0, 0, 0, 0, 0, 0, 0, 0, 0, 0, 0, 0, 0, 0, 0, 0, 0, 0, 0, 0, 0, 0, 0, 0, 0, 0, 0, 1, 0, 0, 1, 0, 0, 0, 0, 0, 0, 0, 0, 0, 0, 0, 0, 0, 0] (0.000s)
  Sub: Z₀=12.749482 [LOCAL] (0.2s), α=[0.000,0.000,0.000,0.000,0.000,0.000,0.000,0.000,0.000,0.000,0.000,0.000,0.000,0.000,0.000,0.000,0.000,0.000,0.000,0.000,0.000,0.000,0.000,0.000,0.000,0.000,0.000,0.000,7.777,0.026,0.000,0.000,2.201,0.000,0.000,0.008,0.237,0.000,0.000,0.000,0.000,0.000,0.000,0.000,0.000,0.000,0.000]
  Iter 8: LB=20.485646  UB=27.226659  gap=2.48e-01
  Cut: intercept=-1094.385576, π_x_range=[-824.3486, 568.3094]
  Mini-Benders[1] (mw): LB=20.485646, Z₀(α*)=28.215824, intercept=-263.858597 (0.110s) [OMP=0.089 ISP-L=0.004 ISP-F=0.009 MW-L=0.007 MW-F=0.007]
  Mini-Benders[2] (mw): LB=20.546235, Z₀(α*)=24.397373, intercept=-121.612239 (0.142s) [OMP=0.100 ISP-L=0.003 ISP-F=0.010 MW-L=0.007 MW-F=0.006]
  Mini-Benders[3] (mw): LB=20.892243, Z₀(α*)=0.243388, intercept=-200.505838 (0.125s) [OMP=0.098 ISP-L=0.003 ISP-F=0.008 MW-L=0.007 MW-F=0.008]
  Mini-Benders[4] (mw): LB=20.892243, Z₀(α*)=0.243388, intercept=-200.505838 (0.119s) [OMP=0.092 ISP-L=0.003 ISP-F=0.008 MW-L=0.007 MW-F=0.008]
  Mini-Benders[5] (mw): LB=20.892243, Z₀(α*)=0.243388, intercept=-200.505838 (0.113s) [OMP=0.094 ISP-L=0.003 ISP-F=0.009 MW-L=0.005 MW-F=0.008]
  α-step: Z₀=31.141443, α=[0.000,0.000,0.000,0.000,0.000,0.000,0.000,0.000,0.000,0.000,0.000,0.000,0.000,0.000,0.000,0.000,0.000,0.000,0.000,0.000,0.000,0.000,0.493,0.000,6.145,0.000,0.000,0.000,3.611,0.000,0.000,0.000,0.000,0.000,0.000,0.000,0.000,0.000,0.000,0.000,0.000,0.000,0.000,0.000,0.000,0.000,0.000]
  Alt-Benders[1] (mw): LB=20.899841, Z₀(α*)=20.285930, intercept=-193.878494 (0.125s) [OMP=0.087 ISP-L=0.003 ISP-F=0.009 MW-L=0.005 MW-F=0.008]
  Alt-Benders[2] (mw): LB=20.899841, Z₀(α*)=20.285930, intercept=-193.878494 (0.122s) [OMP=0.095 ISP-L=0.003 ISP-F=0.009 MW-L=0.007 MW-F=0.007]
  Alt-Benders[3] (mw): LB=20.899841, Z₀(α*)=20.285930, intercept=-193.878494 (0.113s) [OMP=0.096 ISP-L=0.003 ISP-F=0.009 MW-L=0.005 MW-F=0.008]
  Alt-Benders[4]: LB stagnated, break
  OMP re-solve: 0.000s

=== True-DRO Benders iter 9 ===
  OMP: t₀=20.899841, UB=27.226659, gap=2.32e-01, x=[0, 0, 0, 0, 0, 0, 0, 0, 0, 0, 1, 0, 0, 0, 0, 0, 0, 0, 0, 0, 0, 0, 0, 0, 0, 0, 0, 0, 0, 0, 0, 1, 0, 0, 0, 0, 0, 0, 0, 0, 0, 0, 0, 0, 0, 0, 0] (0.000s)
  Sub: Z₀=23.340649 [LOCAL] (0.2s), α=[0.000,0.000,0.000,0.000,0.000,0.000,0.000,0.000,0.000,0.000,0.000,0.000,0.000,0.000,0.000,0.000,0.000,0.000,0.000,0.000,0.000,0.000,4.166,0.000,0.000,0.000,0.000,0.000,6.083,0.000,0.000,0.000,0.000,0.000,0.000,0.000,0.000,0.000,0.000,0.000,0.000,0.000,0.000,0.000,0.000,0.000,0.000]
  Iter 9: LB=20.899841  UB=27.226659  gap=2.32e-01
  Cut: intercept=-1094.271064, π_x_range=[-822.2628, 569.8439]
  Mini-Benders[1] (mw): LB=21.376336, Z₀(α*)=13.775423, intercept=-106.246092 (0.128s) [OMP=0.091 ISP-L=0.003 ISP-F=0.008 MW-L=0.005 MW-F=0.008]
  Mini-Benders[2] (mw): LB=21.376336, Z₀(α*)=13.775423, intercept=-106.246092 (0.125s) [OMP=0.098 ISP-L=0.003 ISP-F=0.008 MW-L=0.007 MW-F=0.007]
  Mini-Benders[3] (mw): LB=21.376336, Z₀(α*)=13.775423, intercept=-106.246092 (0.123s) [OMP=0.099 ISP-L=0.003 ISP-F=0.008 MW-L=0.007 MW-F=0.006]
  Mini-Benders[4]: LB stagnated, break
  α-step: Z₀=28.406116, α=[0.000,0.000,0.000,0.000,0.000,0.000,0.000,0.000,0.000,0.000,0.000,0.000,0.000,0.000,0.000,0.000,0.000,0.000,0.000,0.000,0.000,0.000,0.000,0.000,2.929,0.000,0.000,0.000,6.630,0.000,0.000,0.000,0.000,0.000,0.000,0.000,0.690,0.000,0.000,0.000,0.000,0.000,0.000,0.000,0.000,0.000,0.000]
  Alt-Benders[1] (mw): LB=21.537268, Z₀(α*)=23.892023, intercept=-101.744252 (0.123s) [OMP=0.090 ISP-L=0.003 ISP-F=0.008 MW-L=0.007 MW-F=0.006]
  Alt-Benders[2] (mw): LB=21.798508, Z₀(α*)=28.013963, intercept=-149.722561 (0.110s) [OMP=0.088 ISP-L=0.003 ISP-F=0.008 MW-L=0.007 MW-F=0.007]
  Alt-Benders[3] (mw): LB=21.851213, Z₀(α*)=28.545446, intercept=-104.065568 (0.128s) [OMP=0.095 ISP-L=0.003 ISP-F=0.009 MW-L=0.007 MW-F=0.006]
  Alt-Benders[4] (mw): LB=21.855299, Z₀(α*)=29.148522, intercept=-105.372740 (0.119s) [OMP=0.092 ISP-L=0.003 ISP-F=0.008 MW-L=0.007 MW-F=0.007]
  Alt-Benders[5] (mw): LB=21.878151, Z₀(α*)=-21.507654, intercept=-86.740636 (0.129s) [OMP=0.103 ISP-L=0.003 ISP-F=0.007 MW-L=0.007 MW-F=0.007]
  OMP re-solve: 0.098s

=== True-DRO Benders iter 10 ===
  OMP: t₀=21.878151, UB=27.226659, gap=1.96e-01, x=[0, 0, 0, 0, 0, 0, 0, 0, 0, 0, 0, 0, 0, 0, 0, 0, 0, 0, 0, 0, 0, 0, 1, 1, 0, 0, 0, 0, 0, 0, 0, 0, 0, 0, 0, 0, 0, 0, 0, 0, 0, 0, 0, 0, 0, 0, 0] (0.000s)
  Sub: Z₀=29.647637 (0.1s), α=[0.000,0.000,0.000,0.000,0.000,0.000,0.000,0.000,0.000,0.000,0.000,0.000,0.000,0.000,0.000,0.000,0.000,0.000,0.000,0.000,0.000,0.000,5.911,1.081,2.858,0.000,0.000,0.000,0.000,0.000,0.000,0.000,0.000,0.000,0.000,0.040,0.361,0.000,0.000,0.000,0.000,0.000,0.000,0.000,0.000,0.000,0.000]
  Iter 10: LB=21.878151  UB=27.226659  gap=1.96e-01
  Cut: intercept=-92.337121, π_x_range=[-264.0000, 70.5624]
  Sherali-Cut: intercept=-90.121621, π_x_range=[-120.0000, 71.1493]
  Mini-Benders[1] (mw): LB=21.997249, Z₀(α*)=14.877877, intercept=-103.042703 (0.126s) [OMP=0.094 ISP-L=0.001 ISP-F=0.009 MW-L=0.006 MW-F=0.007]
  Mini-Benders[2] (mw): LB=21.997249, Z₀(α*)=14.877877, intercept=-103.042703 (0.140s) [OMP=0.116 ISP-L=0.003 ISP-F=0.009 MW-L=0.005 MW-F=0.009]
  Mini-Benders[3] (mw): LB=21.997249, Z₀(α*)=14.877877, intercept=-103.042703 (0.125s) [OMP=0.102 ISP-L=0.003 ISP-F=0.009 MW-L=0.007 MW-F=0.007]
  Mini-Benders[4]: LB stagnated, break
  α-step: Z₀=30.354933, α=[0.000,0.000,0.000,0.000,0.000,0.000,0.000,0.000,0.000,0.000,0.000,0.000,0.000,0.000,0.000,0.000,0.000,0.000,0.000,0.000,0.000,0.000,0.399,0.000,1.333,0.000,0.000,0.000,0.000,0.000,0.000,0.000,0.000,0.000,0.000,0.000,8.518,0.000,0.000,0.000,0.000,0.000,0.000,0.000,0.000,0.000,0.000]
  Alt-Benders[1] (mw): LB=22.018713, Z₀(α*)=-55.886030, intercept=-185.411581 (0.117s) [OMP=0.100 ISP-L=0.003 ISP-F=0.007 MW-L=0.007 MW-F=0.008]
  Alt-Benders[2] (mw): LB=22.018713, Z₀(α*)=-55.886030, intercept=-185.411581 (0.132s) [OMP=0.095 ISP-L=0.003 ISP-F=0.007 MW-L=0.006 MW-F=0.009]
  Alt-Benders[3] (mw): LB=22.018713, Z₀(α*)=-55.886030, intercept=-185.411581 (0.117s) [OMP=0.093 ISP-L=0.003 ISP-F=0.007 MW-L=0.007 MW-F=0.009]
  Alt-Benders[4]: LB stagnated, break
  OMP re-solve: 0.000s

=== True-DRO Benders iter 11 ===
  OMP: t₀=22.018713, UB=27.226659, gap=1.91e-01, x=[0, 0, 0, 0, 0, 0, 0, 0, 0, 0, 0, 0, 0, 0, 0, 0, 0, 0, 0, 0, 0, 0, 0, 0, 0, 0, 0, 1, 0, 0, 0, 1, 0, 0, 0, 0, 0, 0, 0, 0, 0, 0, 0, 0, 0, 0, 0] (0.000s)
  Sub: Z₀=5.490005 [LOCAL] (0.2s), α=[0.000,0.000,0.000,0.000,0.000,0.000,0.000,0.000,0.000,0.000,0.000,0.000,0.000,0.000,0.000,0.000,0.000,0.000,0.000,0.000,0.000,0.000,0.000,0.000,0.978,0.000,0.000,2.089,5.529,0.000,0.000,1.653,0.000,0.000,0.000,0.000,0.000,0.000,0.000,0.000,0.000,0.000,0.000,0.000,0.000,0.000,0.000]
  Iter 11: LB=22.018713  UB=27.226659  gap=1.91e-01
  Cut: intercept=-1127.444405, π_x_range=[-824.5802, 568.2426]
  Mini-Benders[1] (mw): LB=22.018713, Z₀(α*)=24.466467, intercept=-184.280670 (0.125s) [OMP=0.092 ISP-L=0.003 ISP-F=0.007 MW-L=0.007 MW-F=0.008]
  Mini-Benders[2] (mw): LB=22.070470, Z₀(α*)=-28.264353, intercept=-177.030704 (0.124s) [OMP=0.095 ISP-L=0.003 ISP-F=0.008 MW-L=0.005 MW-F=0.009]
  Mini-Benders[3] (mw): LB=22.070470, Z₀(α*)=-28.264353, intercept=-177.030704 (0.111s) [OMP=0.095 ISP-L=0.003 ISP-F=0.008 MW-L=0.007 MW-F=0.008]
  Mini-Benders[4] (mw): LB=22.070470, Z₀(α*)=-28.264353, intercept=-177.030704 (0.142s) [OMP=0.104 ISP-L=0.003 ISP-F=0.008 MW-L=0.007 MW-F=0.007]
  Mini-Benders[5]: LB stagnated, break
  α-step: Z₀=29.053072, α=[0.000,0.000,0.000,0.000,0.000,0.000,0.000,0.000,0.000,0.000,0.000,0.000,0.000,0.000,0.000,0.000,0.000,0.000,0.000,0.000,0.000,0.000,0.000,0.000,2.929,0.000,0.000,0.000,0.000,0.000,0.000,0.000,6.530,0.100,0.000,0.000,0.690,0.000,0.000,0.000,0.000,0.000,0.000,0.000,0.000,0.000,0.000]
  Alt-Benders[1] (mw): LB=22.150805, Z₀(α*)=-42.675209, intercept=-171.376691 (0.108s) [OMP=0.095 ISP-L=0.003 ISP-F=0.008 MW-L=0.007 MW-F=0.006]
  Alt-Benders[2] (mw): LB=22.150805, Z₀(α*)=-42.675209, intercept=-171.376691 (0.126s) [OMP=0.100 ISP-L=0.003 ISP-F=0.008 MW-L=0.007 MW-F=0.007]
  Alt-Benders[3] (mw): LB=22.150805, Z₀(α*)=-42.675209, intercept=-171.376691 (0.110s) [OMP=0.097 ISP-L=0.003 ISP-F=0.008 MW-L=0.007 MW-F=0.007]
  Alt-Benders[4]: LB stagnated, break
  OMP re-solve: 0.000s

=== True-DRO Benders iter 12 ===
  OMP: t₀=22.150805, UB=27.226659, gap=1.86e-01, x=[0, 0, 0, 0, 0, 0, 0, 0, 0, 0, 0, 0, 0, 0, 0, 0, 0, 0, 0, 0, 0, 0, 0, 0, 0, 0, 1, 1, 0, 0, 0, 0, 0, 0, 0, 0, 0, 0, 0, 0, 0, 0, 0, 0, 0, 0, 0] (0.000s)
  Sub: Z₀=9.790820 [LOCAL] (0.2s), α=[0.000,0.000,0.000,0.000,0.000,0.000,0.000,0.000,0.000,0.000,0.000,0.000,0.000,0.000,0.000,0.000,0.000,0.000,0.000,0.000,0.000,0.000,0.000,0.000,1.003,0.000,0.000,3.358,5.888,0.000,0.000,0.000,0.000,0.000,0.000,0.000,0.000,0.000,0.000,0.000,0.000,0.000,0.000,0.000,0.000,0.000,0.000]
  Iter 12: LB=22.150805  UB=27.226659  gap=1.86e-01
  Cut: intercept=-1143.686473, π_x_range=[-824.8533, 585.5263]
  Mini-Benders[1] (mw): LB=22.150805, Z₀(α*)=25.759770, intercept=-168.354579 (0.124s) [OMP=0.099 ISP-L=0.003 ISP-F=0.009 MW-L=0.007 MW-F=0.007]
  Mini-Benders[2] (mw): LB=22.193144, Z₀(α*)=-5.582841, intercept=-178.752915 (0.140s) [OMP=0.110 ISP-L=0.003 ISP-F=0.008 MW-L=0.007 MW-F=0.008]
  Mini-Benders[3] (mw): LB=22.193144, Z₀(α*)=-5.582841, intercept=-178.752915 (0.125s) [OMP=0.099 ISP-L=0.003 ISP-F=0.008 MW-L=0.007 MW-F=0.007]
  Mini-Benders[4] (mw): LB=22.193144, Z₀(α*)=-5.582841, intercept=-178.752915 (0.125s) [OMP=0.097 ISP-L=0.003 ISP-F=0.008 MW-L=0.007 MW-F=0.008]
  Mini-Benders[5]: LB stagnated, break
  α-step: Z₀=32.079785, α=[0.000,0.000,0.000,0.000,0.000,0.000,0.000,0.000,0.000,0.000,0.000,0.000,0.000,0.000,0.000,0.000,0.000,0.000,0.000,0.000,0.000,0.000,3.915,0.000,0.000,0.000,0.000,0.000,6.335,0.000,0.000,0.000,0.000,0.000,0.000,0.000,0.000,0.000,0.000,0.000,0.000,0.000,0.000,0.000,0.000,0.000,0.000]
  Alt-Benders[1] (mw): LB=22.306988, Z₀(α*)=-2.836108, intercept=-162.839099 (0.112s) [OMP=0.099 ISP-L=0.003 ISP-F=0.007 MW-L=0.005 MW-F=0.009]
  Alt-Benders[2] (mw): LB=22.306988, Z₀(α*)=-2.836108, intercept=-162.839099 (0.142s) [OMP=0.103 ISP-L=0.003 ISP-F=0.007 MW-L=0.007 MW-F=0.008]
  Alt-Benders[3] (mw): LB=22.306988, Z₀(α*)=-2.836108, intercept=-162.839099 (0.128s) [OMP=0.103 ISP-L=0.003 ISP-F=0.007 MW-L=0.005 MW-F=0.010]
  Alt-Benders[4]: LB stagnated, break
  OMP re-solve: 0.001s

=== True-DRO Benders iter 13 ===
  OMP: t₀=22.306988, UB=27.226659, gap=1.81e-01, x=[0, 0, 0, 0, 0, 0, 0, 0, 0, 0, 0, 0, 0, 0, 0, 0, 0, 0, 0, 0, 0, 0, 0, 0, 0, 0, 0, 1, 0, 0, 0, 0, 0, 0, 1, 0, 0, 0, 0, 0, 0, 0, 0, 0, 0, 0, 0] (0.000s)
  Sub: Z₀=14.622211 [LOCAL] (0.2s), α=[0.000,0.000,0.000,0.000,0.000,0.000,0.000,0.000,0.000,0.000,0.000,0.000,0.000,0.000,0.000,0.000,0.000,0.000,0.000,0.000,0.000,0.000,0.000,0.000,0.000,0.000,0.000,4.179,6.071,0.000,0.000,0.000,0.000,0.000,0.000,0.000,0.000,0.000,0.000,0.000,0.000,0.000,0.000,0.000,0.000,0.000,0.000]
  Iter 13: LB=22.306988  UB=27.226659  gap=1.81e-01
  Cut: intercept=-1142.746712, π_x_range=[-825.0660, 589.5854]
  Mini-Benders[1] (mw): LB=22.306988, Z₀(α*)=25.915954, intercept=-163.412037 (0.144s) [OMP=0.106 ISP-L=0.003 ISP-F=0.008 MW-L=0.006 MW-F=0.009]
  Mini-Benders[2] (mw): LB=22.326628, Z₀(α*)=25.935594, intercept=-170.480344 (0.122s) [OMP=0.102 ISP-L=0.003 ISP-F=0.008 MW-L=0.007 MW-F=0.007]
  Mini-Benders[3] (mw): LB=22.349327, Z₀(α*)=-12.446112, intercept=-173.810376 (0.138s) [OMP=0.104 ISP-L=0.003 ISP-F=0.008 MW-L=0.007 MW-F=0.007]
  Mini-Benders[4] (mw): LB=22.349327, Z₀(α*)=-12.446112, intercept=-173.810376 (0.127s) [OMP=0.100 ISP-L=0.003 ISP-F=0.008 MW-L=0.007 MW-F=0.008]
  Mini-Benders[5] (mw): LB=22.349327, Z₀(α*)=-12.446112, intercept=-173.810376 (0.124s) [OMP=0.100 ISP-L=0.003 ISP-F=0.008 MW-L=0.007 MW-F=0.007]
  α-step: Z₀=32.235968, α=[0.000,0.000,0.000,0.000,0.000,0.000,0.000,0.000,0.000,0.000,0.000,0.000,0.000,0.000,0.000,0.000,0.000,0.000,0.000,0.000,0.000,0.000,4.451,0.000,0.000,0.000,0.000,0.000,5.798,0.000,0.000,0.000,0.000,0.000,0.000,0.000,0.000,0.000,0.000,0.000,0.000,0.000,0.000,0.000,0.000,0.000,0.000]
  Alt-Benders[1] (mw): LB=22.368968, Z₀(α*)=32.255609, intercept=-180.520419 (0.125s) [OMP=0.101 ISP-L=0.003 ISP-F=0.008 MW-L=0.007 MW-F=0.007]
  Alt-Benders[2] (mw): LB=22.551619, Z₀(α*)=6.356549, intercept=-99.373205 (0.144s) [OMP=0.103 ISP-L=0.003 ISP-F=0.009 MW-L=0.007 MW-F=0.007]
  Alt-Benders[3] (mw): LB=22.551619, Z₀(α*)=6.356549, intercept=-99.373205 (0.122s) [OMP=0.098 ISP-L=0.003 ISP-F=0.009 MW-L=0.007 MW-F=0.007]
  Alt-Benders[4] (mw): LB=22.551619, Z₀(α*)=6.356549, intercept=-99.373205 (0.122s) [OMP=0.093 ISP-L=0.003 ISP-F=0.009 MW-L=0.005 MW-F=0.008]
  Alt-Benders[5]: LB stagnated, break
  OMP re-solve: 0.000s

=== True-DRO Benders iter 14 ===
  OMP: t₀=22.551619, UB=27.226659, gap=1.72e-01, x=[0, 0, 0, 0, 0, 0, 0, 0, 0, 0, 0, 1, 0, 0, 0, 0, 0, 0, 0, 0, 0, 0, 0, 0, 0, 0, 0, 0, 0, 0, 0, 0, 1, 0, 0, 0, 0, 0, 0, 0, 0, 0, 0, 0, 0, 0, 0] (0.000s)
  Sub: Z₀=14.709091 [LOCAL] (0.2s), α=[0.000,0.000,0.000,0.000,0.000,0.000,0.000,0.000,0.000,0.000,0.000,0.000,0.000,0.000,0.000,0.000,0.000,0.000,0.000,0.000,0.000,0.000,0.000,0.000,2.794,0.000,0.000,0.000,7.059,0.000,0.000,0.000,0.083,0.000,0.000,0.014,0.299,0.000,0.000,0.000,0.000,0.000,0.000,0.000,0.000,0.000,0.000]
  Iter 14: LB=22.551619  UB=27.226659  gap=1.72e-01
  Cut: intercept=-1139.869211, π_x_range=[-824.0778, 585.1702]
  Mini-Benders[1] (mw): LB=22.551619, Z₀(α*)=30.500560, intercept=-98.545399 (0.126s) [OMP=0.104 ISP-L=0.003 ISP-F=0.008 MW-L=0.005 MW-F=0.008]
  Mini-Benders[2] (mw): LB=22.752439, Z₀(α*)=24.124094, intercept=-101.980098 (0.139s) [OMP=0.104 ISP-L=0.003 ISP-F=0.009 MW-L=0.007 MW-F=0.007]
  Mini-Benders[3] (mw): LB=22.897040, Z₀(α*)=8.591837, intercept=-59.078468 (0.125s) [OMP=0.097 ISP-L=0.003 ISP-F=0.009 MW-L=0.005 MW-F=0.008]
  Mini-Benders[4] (mw): LB=22.897040, Z₀(α*)=8.591837, intercept=-59.078468 (0.125s) [OMP=0.108 ISP-L=0.003 ISP-F=0.009 MW-L=0.007 MW-F=0.008]
  Mini-Benders[5] (mw): LB=22.897040, Z₀(α*)=8.591837, intercept=-59.078468 (0.142s) [OMP=0.101 ISP-L=0.003 ISP-F=0.009 MW-L=0.007 MW-F=0.007]
  α-step: Z₀=32.064225, α=[0.000,0.000,0.000,0.000,0.000,0.000,0.000,0.000,0.000,0.000,0.000,0.000,0.000,0.000,0.000,0.000,0.000,0.000,0.000,0.000,0.000,0.000,0.000,0.000,6.741,0.000,0.000,0.000,0.118,0.000,0.000,0.000,0.000,0.000,0.000,0.000,3.390,0.000,0.000,0.000,0.000,0.000,0.000,0.000,0.000,0.000,0.000]
  Alt-Benders[1] (mw): LB=22.982345, Z₀(α*)=12.675355, intercept=-64.964315 (0.139s) [OMP=0.106 ISP-L=0.003 ISP-F=0.009 MW-L=0.007 MW-F=0.006]
  Alt-Benders[2] (mw): LB=22.982345, Z₀(α*)=12.675355, intercept=-64.964315 (0.125s) [OMP=0.097 ISP-L=0.003 ISP-F=0.009 MW-L=0.007 MW-F=0.007]
  Alt-Benders[3] (mw): LB=22.982345, Z₀(α*)=12.675355, intercept=-64.964315 (0.125s) [OMP=0.097 ISP-L=0.003 ISP-F=0.009 MW-L=0.007 MW-F=0.006]
  Alt-Benders[4]: LB stagnated, break
  OMP re-solve: 0.000s

=== True-DRO Benders iter 15 ===
  OMP: t₀=22.982345, UB=27.226659, gap=1.56e-01, x=[0, 0, 0, 0, 0, 0, 0, 0, 0, 0, 0, 0, 0, 0, 0, 0, 0, 0, 0, 0, 0, 0, 1, 0, 0, 0, 0, 0, 0, 0, 0, 0, 0, 0, 0, 0, 1, 0, 0, 0, 0, 0, 0, 0, 0, 0, 0] (0.000s)
  Sub: Z₀=31.335265 (0.1s), α=[0.000,0.000,0.000,0.000,0.000,0.000,0.000,0.000,0.000,0.000,0.000,0.000,0.000,0.000,0.000,0.000,0.000,0.000,0.000,0.000,0.000,0.000,0.000,0.000,1.532,0.000,0.000,0.000,0.000,0.000,0.000,0.000,0.000,0.000,0.000,0.004,8.713,0.000,0.000,0.000,0.000,0.000,0.000,0.000,0.000,0.000,0.000]
  Iter 15: LB=22.982345  UB=27.226659  gap=1.56e-01
  Cut: intercept=-73.652296, π_x_range=[-264.0000, 55.9774]
  Sherali-Cut: intercept=-66.418357, π_x_range=[-120.0000, 50.0893]
  Mini-Benders[1] (mw): LB=23.133016, Z₀(α*)=-54.530841, intercept=-81.091622 (0.125s) [OMP=0.099 ISP-L=0.003 ISP-F=0.008 MW-L=0.007 MW-F=0.007]
  Mini-Benders[2] (mw): LB=23.133016, Z₀(α*)=-54.530841, intercept=-81.091622 (0.110s) [OMP=0.094 ISP-L=0.001 ISP-F=0.008 MW-L=0.006 MW-F=0.006]
  Mini-Benders[3] (mw): LB=23.133016, Z₀(α*)=-54.530841, intercept=-81.091622 (0.140s) [OMP=0.106 ISP-L=0.001 ISP-F=0.008 MW-L=0.006 MW-F=0.007]
  Mini-Benders[4]: LB stagnated, break
  α-step: Z₀=32.790255, α=[0.000,0.000,0.000,0.000,0.000,0.000,0.000,0.000,0.000,0.000,0.000,0.000,0.000,0.000,0.000,0.000,0.000,0.000,0.000,0.000,0.000,0.000,0.000,0.000,7.263,0.000,0.000,0.000,0.118,0.000,0.000,2.868,0.000,0.000,0.000,0.000,0.000,0.000,0.000,0.000,0.000,0.000,0.000,0.000,0.000,0.000,0.000]
  Alt-Benders[1] (mw): LB=23.198014, Z₀(α*)=-10.231915, intercept=-148.318060 (0.123s) [OMP=0.110 ISP-L=0.002 ISP-F=0.009 MW-L=0.006 MW-F=0.007]
  Alt-Benders[2] (mw): LB=23.198014, Z₀(α*)=-10.231915, intercept=-148.318060 (0.141s) [OMP=0.105 ISP-L=0.003 ISP-F=0.009 MW-L=0.007 MW-F=0.006]
  Alt-Benders[3] (mw): LB=23.198014, Z₀(α*)=-10.231915, intercept=-148.318060 (0.138s) [OMP=0.104 ISP-L=0.003 ISP-F=0.009 MW-L=0.007 MW-F=0.007]
  Alt-Benders[4]: LB stagnated, break
  OMP re-solve: 0.000s

=== True-DRO Benders iter 16 ===
  OMP: t₀=23.198014, UB=27.226659, gap=1.48e-01, x=[0, 0, 0, 0, 0, 0, 0, 0, 0, 0, 1, 0, 0, 0, 0, 0, 0, 0, 0, 0, 0, 0, 0, 0, 0, 1, 0, 0, 0, 0, 0, 0, 0, 0, 0, 0, 0, 0, 0, 0, 0, 0, 0, 0, 0, 0, 0] (0.000s)
  Sub: Z₀=28.702521 [LOCAL] (0.2s), α=[0.000,0.000,0.000,0.000,0.000,0.000,0.000,0.000,0.000,0.000,0.000,0.000,0.000,0.000,0.000,0.000,0.000,0.000,0.000,0.000,0.000,0.000,4.167,0.000,0.000,0.000,0.000,0.000,6.082,0.000,0.000,0.000,0.000,0.000,0.000,0.000,0.000,0.000,0.000,0.000,0.000,0.000,0.000,0.000,0.000,0.000,0.000]
  Iter 16: LB=23.198014  UB=27.226659  gap=1.48e-01
  Cut: intercept=-1112.965854, π_x_range=[-822.2286, 593.7541]
  Mini-Benders[1] (mw): LB=23.335297, Z₀(α*)=-4.528972, intercept=-102.594235 (0.142s) [OMP=0.108 ISP-L=0.003 ISP-F=0.009 MW-L=0.007 MW-F=0.007]
  Mini-Benders[2] (mw): LB=23.335297, Z₀(α*)=-4.528972, intercept=-102.594235 (0.109s) [OMP=0.095 ISP-L=0.001 ISP-F=0.009 MW-L=0.006 MW-F=0.007]
  Mini-Benders[3] (mw): LB=23.335297, Z₀(α*)=-4.528972, intercept=-102.594235 (0.125s) [OMP=0.095 ISP-L=0.001 ISP-F=0.009 MW-L=0.004 MW-F=0.008]
  Mini-Benders[4]: LB stagnated, break
  α-step: Z₀=29.162901, α=[0.000,0.000,0.000,0.000,0.000,0.000,0.000,0.000,0.000,0.000,0.000,0.000,0.000,0.000,0.000,0.000,0.000,0.000,0.000,0.000,0.000,0.000,0.000,0.000,0.000,0.000,0.000,6.638,3.611,0.000,0.000,0.000,0.000,0.000,0.000,0.000,0.000,0.000,0.000,0.000,0.000,0.000,0.000,0.000,0.000,0.000,0.000]
  Alt-Benders[1] (mw): LB=23.335297, Z₀(α*)=29.162901, intercept=-103.666331 (0.135s) [OMP=0.111 ISP-L=0.001 ISP-F=0.008 MW-L=0.004 MW-F=0.008]
  Alt-Benders[2] (mw): LB=23.340649, Z₀(α*)=-38.242278, intercept=-195.670607 (0.125s) [OMP=0.107 ISP-L=0.001 ISP-F=0.009 MW-L=0.007 MW-F=0.007]
  Alt-Benders[3] (mw): LB=23.340649, Z₀(α*)=-38.242278, intercept=-195.670607 (0.141s) [OMP=0.103 ISP-L=0.003 ISP-F=0.009 MW-L=0.007 MW-F=0.007]
  Alt-Benders[4] (mw): LB=23.340649, Z₀(α*)=-38.242278, intercept=-195.670607 (0.130s) [OMP=0.100 ISP-L=0.003 ISP-F=0.009 MW-L=0.007 MW-F=0.007]
  Alt-Benders[5]: LB stagnated, break
  OMP re-solve: 0.000s

=== True-DRO Benders iter 17 ===
  OMP: t₀=23.340649, UB=27.226659, gap=1.43e-01, x=[0, 0, 0, 0, 0, 0, 0, 0, 0, 0, 1, 0, 0, 0, 0, 0, 0, 0, 0, 0, 0, 0, 0, 0, 0, 0, 0, 0, 0, 0, 0, 1, 0, 0, 0, 0, 0, 0, 0, 0, 0, 0, 0, 0, 0, 0, 0] (0.000s)
  Sub: Z₀=23.340649 [LOCAL] (0.2s), α=[0.000,0.000,0.000,0.000,0.000,0.000,0.000,0.000,0.000,0.000,0.000,0.000,0.000,0.000,0.000,0.000,0.000,0.000,0.000,0.000,0.000,0.000,4.166,0.000,0.000,0.000,0.000,0.000,6.083,0.000,0.000,0.000,0.000,0.000,0.000,0.000,0.000,0.000,0.000,0.000,0.000,0.000,0.000,0.000,0.000,0.000,0.000]
  Iter 17: LB=23.340649  UB=27.226659  gap=1.43e-01
  Cut: intercept=-1094.271064, π_x_range=[-822.2628, 569.8439]
  Mini-Benders[1] (mw): LB=23.340649, Z₀(α*)=30.786482, intercept=-194.598147 (0.138s) [OMP=0.099 ISP-L=0.003 ISP-F=0.009 MW-L=0.007 MW-F=0.019]
  Mini-Benders[2] (mw): LB=23.381052, Z₀(α*)=-16.765377, intercept=-76.858374 (0.125s) [OMP=0.108 ISP-L=0.003 ISP-F=0.008 MW-L=0.007 MW-F=0.007]
  Mini-Benders[3] (mw): LB=23.381052, Z₀(α*)=-16.765377, intercept=-76.858374 (0.125s) [OMP=0.095 ISP-L=0.003 ISP-F=0.008 MW-L=0.007 MW-F=0.008]
  Mini-Benders[4] (mw): LB=23.381052, Z₀(α*)=-16.765377, intercept=-76.858374 (0.126s) [OMP=0.093 ISP-L=0.003 ISP-F=0.008 MW-L=0.007 MW-F=0.007]
  Mini-Benders[5]: LB stagnated, break
  α-step: Z₀=32.611004, α=[0.000,0.000,0.000,0.000,0.000,0.000,0.000,0.000,0.000,0.000,0.000,0.000,0.000,0.000,0.000,0.000,0.000,0.000,0.000,0.000,0.000,0.000,2.835,0.100,7.263,0.000,0.000,0.000,0.000,0.000,0.000,0.000,0.000,0.000,0.000,0.000,0.051,0.000,0.000,0.000,0.000,0.000,0.000,0.000,0.000,0.000,0.000]
  Alt-Benders[1] (mw): LB=23.386491, Z₀(α*)=-6.872797, intercept=-181.981437 (0.122s) [OMP=0.098 ISP-L=0.003 ISP-F=0.007 MW-L=0.007 MW-F=0.006]
  Alt-Benders[2] (mw): LB=23.386491, Z₀(α*)=-6.872797, intercept=-181.981437 (0.126s) [OMP=0.101 ISP-L=0.003 ISP-F=0.007 MW-L=0.007 MW-F=0.007]
  Alt-Benders[3] (mw): LB=23.386491, Z₀(α*)=-6.872797, intercept=-181.981437 (0.125s) [OMP=0.104 ISP-L=0.003 ISP-F=0.007 MW-L=0.007 MW-F=0.007]
  Alt-Benders[4]: LB stagnated, break
  OMP re-solve: 0.000s

=== True-DRO Benders iter 18 ===
  OMP: t₀=23.386491, UB=27.226659, gap=1.41e-01, x=[0, 0, 0, 0, 0, 0, 0, 0, 0, 0, 0, 0, 0, 0, 0, 0, 0, 0, 0, 0, 0, 0, 0, 0, 0, 0, 0, 0, 0, 0, 0, 1, 1, 0, 0, 0, 0, 0, 0, 0, 0, 0, 0, 0, 0, 0, 0] (0.000s)
  Sub: Z₀=8.349101 [LOCAL] (0.2s), α=[0.000,0.000,0.000,0.000,0.000,0.000,0.000,0.000,0.000,0.000,0.000,0.000,0.000,0.000,0.000,0.000,0.000,0.000,0.000,0.000,0.000,0.000,0.000,0.000,2.791,0.000,0.000,0.000,5.042,0.000,0.000,2.417,0.000,0.000,0.000,0.000,0.000,0.000,0.000,0.000,0.000,0.000,0.000,0.000,0.000,0.000,0.000]
  Iter 18: LB=23.386491  UB=27.226659  gap=1.41e-01
  Cut: intercept=-1124.720380, π_x_range=[-824.5478, 569.6341]
  Mini-Benders[1] (mw): LB=23.386491, Z₀(α*)=26.424616, intercept=-180.591956 (0.125s) [OMP=0.099 ISP-L=0.003 ISP-F=0.007 MW-L=0.007 MW-F=0.006]
  Mini-Benders[2] (mw): LB=23.388651, Z₀(α*)=6.316733, intercept=-118.907694 (0.141s) [OMP=0.106 ISP-L=0.003 ISP-F=0.008 MW-L=0.007 MW-F=0.007]
  Mini-Benders[3] (mw): LB=23.388651, Z₀(α*)=6.316733, intercept=-118.907694 (0.109s) [OMP=0.096 ISP-L=0.003 ISP-F=0.008 MW-L=0.007 MW-F=0.007]
  Mini-Benders[4] (mw): LB=23.388651, Z₀(α*)=6.316733, intercept=-118.907694 (0.126s) [OMP=0.095 ISP-L=0.003 ISP-F=0.008 MW-L=0.006 MW-F=0.008]
  Mini-Benders[5]: LB stagnated, break
  α-step: Z₀=31.089547, α=[0.000,0.000,0.000,0.000,0.000,0.000,0.000,0.000,0.000,0.000,0.000,0.000,0.000,0.000,0.000,0.000,0.000,0.000,0.000,0.000,0.000,0.000,3.468,0.100,2.929,0.000,0.000,0.000,0.000,0.000,0.000,3.753,0.000,0.000,0.000,0.000,0.000,0.000,0.000,0.000,0.000,0.000,0.000,0.000,0.000,0.000,0.000]
  Alt-Benders[1] (mw): LB=23.402930, Z₀(α*)=-42.451004, intercept=-135.347718 (0.123s) [OMP=0.108 ISP-L=0.003 ISP-F=0.009 MW-L=0.006 MW-F=0.008]
  Alt-Benders[2] (mw): LB=23.402930, Z₀(α*)=-42.451004, intercept=-135.347718 (0.135s) [OMP=0.097 ISP-L=0.003 ISP-F=0.009 MW-L=0.007 MW-F=0.007]
  Alt-Benders[3] (mw): LB=23.402930, Z₀(α*)=-42.451004, intercept=-135.347718 (0.130s) [OMP=0.107 ISP-L=0.003 ISP-F=0.009 MW-L=0.005 MW-F=0.008]
  Alt-Benders[4]: LB stagnated, break
  OMP re-solve: 0.000s

=== True-DRO Benders iter 19 ===
  OMP: t₀=23.402930, UB=27.226659, gap=1.40e-01, x=[0, 0, 0, 0, 0, 0, 0, 0, 0, 0, 1, 0, 0, 0, 0, 0, 0, 0, 0, 0, 0, 0, 0, 0, 0, 0, 0, 1, 0, 0, 0, 0, 0, 0, 0, 0, 0, 0, 0, 0, 0, 0, 0, 0, 0, 0, 0] (0.000s)
  Sub: Z₀=15.444381 [LOCAL] (0.2s), α=[0.000,0.000,0.000,0.000,0.000,0.000,0.000,0.000,0.000,0.000,0.000,0.000,0.000,0.000,0.000,0.000,0.000,0.000,0.000,0.000,0.000,0.000,0.000,0.000,0.000,0.000,0.000,0.593,9.656,0.000,0.000,0.000,0.000,0.000,0.000,0.000,0.000,0.000,0.000,0.000,0.000,0.000,0.000,0.000,0.000,0.000,0.000]
  Iter 19: LB=23.402930  UB=27.226659  gap=1.40e-01
  Cut: intercept=-1094.524958, π_x_range=[-819.3750, 564.9233]
  Mini-Benders[1] (mw): LB=23.402930, Z₀(α*)=28.169571, intercept=-133.571310 (0.126s) [OMP=0.103 ISP-L=0.003 ISP-F=0.009 MW-L=0.005 MW-F=0.008]
  Mini-Benders[2] (mw): LB=23.406534, Z₀(α*)=16.803924, intercept=-166.848093 (0.125s) [OMP=0.102 ISP-L=0.003 ISP-F=0.009 MW-L=0.007 MW-F=0.007]
  Mini-Benders[3] (mw): LB=23.406534, Z₀(α*)=16.803924, intercept=-166.848093 (0.139s) [OMP=0.110 ISP-L=0.003 ISP-F=0.009 MW-L=0.006 MW-F=0.008]
  Mini-Benders[4] (mw): LB=23.406534, Z₀(α*)=16.803924, intercept=-166.848093 (0.141s) [OMP=0.110 ISP-L=0.003 ISP-F=0.009 MW-L=0.007 MW-F=0.007]
  Mini-Benders[5]: LB stagnated, break
  α-step: Z₀=23.406536, α=[0.000,0.000,0.000,0.000,0.000,0.000,0.000,0.000,0.000,0.000,0.000,0.000,0.000,0.000,0.000,0.000,0.000,0.000,0.000,0.000,0.000,0.000,0.000,0.000,0.000,0.000,0.000,1.566,3.505,0.000,0.000,0.000,0.000,0.000,0.000,0.000,5.178,0.000,0.000,0.000,0.000,0.000,0.000,0.000,0.000,0.000,0.000]
  Alt-Benders[1] (mw): LB=23.406534, Z₀(α*)=23.406536, intercept=-166.374089 (0.126s) [OMP=0.101 ISP-L=0.003 ISP-F=0.009 MW-L=0.007 MW-F=0.008]
  Alt-Benders[2] (mw): LB=23.406534, Z₀(α*)=23.406536, intercept=-166.374089 (0.140s) [OMP=0.108 ISP-L=0.003 ISP-F=0.009 MW-L=0.007 MW-F=0.007]
  Alt-Benders[3] (mw): LB=23.406534, Z₀(α*)=23.406536, intercept=-166.374089 (0.156s) [OMP=0.121 ISP-L=0.003 ISP-F=0.009 MW-L=0.007 MW-F=0.008]
  Alt-Benders[4]: LB stagnated, break
  OMP re-solve: 0.000s

=== True-DRO Benders iter 20 ===
  OMP: t₀=23.406534, UB=27.226659, gap=1.40e-01, x=[0, 0, 0, 0, 0, 0, 0, 0, 0, 0, 0, 0, 0, 0, 0, 0, 0, 0, 0, 0, 0, 0, 0, 0, 0, 0, 0, 1, 0, 0, 0, 0, 0, 0, 0, 0, 1, 0, 0, 0, 0, 0, 0, 0, 0, 0, 0] (0.000s)
  Sub: Z₀=23.406536 (0.2s), α=[0.000,0.000,0.000,0.000,0.000,0.000,0.000,0.000,0.000,0.000,0.000,0.000,0.000,0.000,0.000,0.000,0.000,0.000,0.000,0.000,0.000,0.000,0.000,0.000,0.000,0.000,0.000,1.566,3.505,0.000,0.000,0.000,0.000,0.000,0.000,0.000,5.178,0.000,0.000,0.000,0.000,0.000,0.000,0.000,0.000,0.000,0.000]
  Iter 20: LB=23.406534  UB=23.406536  gap=8.69e-08
True-DRO Benders converged at iter 20 (gap=8.69e-08)
  Wall time: 29.38 sec
  OMP  time: mean=0.071s, median=0.092s, max=0.144s
  Sub  time (exact): mean=0.139s, median=0.118s, q90=0.180s, max=0.206s (n=4/20)

Result (nominal): Z₀=23.406536, iters=20, time=31.6s
x arcs = [28, 37]
