============================================================
nobel_us — double: ε̂=0.50, ε̃=0.50, β=0.00
============================================================
Set parameter Username
Set parameter LicenseID to value 2742039
Academic license - for non-commercial use only - expires 2026-11-20
Set parameter Username
Set parameter LicenseID to value 2742039
Academic license - for non-commercial use only - expires 2026-11-20
Set parameter OutputFlag to value 1
Set parameter LogFile to value "global_miqcp.log"
Set parameter Username
Set parameter LicenseID to value 2742039
Academic license - for non-commercial use only - expires 2026-11-20
Set parameter Username
Set parameter LicenseID to value 2742039
Academic license - for non-commercial use only - expires 2026-11-20
Set parameter Username
Set parameter LicenseID to value 2742039
Academic license - for non-commercial use only - expires 2026-11-20
Set parameter Username
Set parameter LicenseID to value 2742039
Academic license - for non-commercial use only - expires 2026-11-20

=== True-DRO Benders iter 1 ===
  OMP: t₀=2.595511, UB=Inf, gap=NaN, x=[0, 0, 0, 0, 0, 0, 0, 0, 0, 0, 0, 0, 0, 0, 0, 0, 0, 0, 0, 1, 0, 1, 0, 0, 0, 0, 0, 0, 0, 0, 0, 0, 0, 0, 0, 0, 0, 0] (0.040s)
  Sub: Z₀=14.844750 [LOCAL] (0.3s), α=[0.000,0.000,0.000,0.000,0.000,0.000,0.000,0.000,0.000,0.000,0.000,0.000,0.000,0.000,0.000,0.000,0.000,0.000,0.000,6.946,0.000,3.756,0.000,0.000,0.000,0.000,0.000,0.000,0.000,0.000,0.000,0.000,0.000,0.000,0.000,0.000,0.000,0.000]
  Iter 1: LB=2.595511  UB=Inf  gap=NaN
  Cut: intercept=-1117.831407, π_x_range=[-825.9508, 576.9202]
  Mini-Benders[1] (mw): LB=2.630839, Z₀(α*)=-6.780362, intercept=-97.161513 (0.104s) [OMP=0.063 ISP-L=0.006 ISP-F=0.014 MW-L=0.008 MW-F=0.014]
  Mini-Benders[2] (mw): LB=2.630839, Z₀(α*)=-6.780362, intercept=-97.161513 (0.122s) [OMP=0.063 ISP-L=0.003 ISP-F=0.010 MW-L=0.007 MW-F=0.024]
  Mini-Benders[3] (mw): LB=2.630839, Z₀(α*)=-6.780362, intercept=-97.161513 (0.088s) [OMP=0.062 ISP-L=0.003 ISP-F=0.010 MW-L=0.008 MW-F=0.014]
  Mini-Benders[4]: LB stagnated, break
Set parameter NonConvex to value 2
Set parameter DualReductions to value 0
  α-step: Z₀=15.360040, α=[0.000,0.000,0.000,0.000,0.000,0.000,0.000,0.000,0.068,0.000,0.000,0.000,0.000,0.000,2.254,0.000,0.000,0.000,0.000,7.091,0.000,0.000,0.000,0.000,0.000,0.000,1.290,0.000,0.000,0.000,0.000,0.000,0.000,0.000,0.000,0.000,0.000,0.000]
  Alt-Benders[1] (mw): LB=2.674080, Z₀(α*)=-21.877571, intercept=-85.437675 (0.104s) [OMP=0.065 ISP-L=0.003 ISP-F=0.009 MW-L=0.007 MW-F=0.018]
  Alt-Benders[2] (mw): LB=2.674080, Z₀(α*)=-21.877571, intercept=-85.437675 (0.088s) [OMP=0.056 ISP-L=0.003 ISP-F=0.008 MW-L=0.008 MW-F=0.011]
  Alt-Benders[3] (mw): LB=2.674080, Z₀(α*)=-21.877571, intercept=-85.437675 (0.089s) [OMP=0.058 ISP-L=0.003 ISP-F=0.009 MW-L=0.008 MW-F=0.011]
  Alt-Benders[4]: LB stagnated, break
  OMP re-solve: 0.000s

=== True-DRO Benders iter 2 ===
  OMP: t₀=2.674080, UB=Inf, gap=NaN, x=[0, 0, 0, 0, 0, 0, 0, 0, 0, 0, 0, 0, 0, 0, 0, 0, 0, 0, 0, 0, 0, 1, 0, 0, 1, 0, 0, 0, 0, 0, 0, 0, 0, 0, 0, 0, 0, 0] (0.000s)
  Sub: Z₀=13.408374 [LOCAL] (0.5s), α=[0.000,0.000,0.000,0.000,0.000,0.000,0.000,0.000,0.447,0.000,0.000,0.000,0.000,0.000,0.000,0.000,0.000,0.000,0.000,0.000,0.000,0.882,0.000,0.000,8.918,0.000,0.455,0.000,0.000,0.000,0.000,0.000,0.000,0.000,0.000,0.000,0.000,0.000]
  Iter 2: LB=2.674080  UB=Inf  gap=NaN
  Cut: intercept=-1113.514193, π_x_range=[-827.8541, 582.4440]
  Mini-Benders[1] (mw): LB=2.693208, Z₀(α*)=-42.143042, intercept=-84.300215 (0.094s) [OMP=0.040 ISP-L=0.003 ISP-F=0.010 MW-L=0.016 MW-F=0.011]
  Mini-Benders[2] (mw): LB=2.693208, Z₀(α*)=-42.143042, intercept=-84.300215 (0.088s) [OMP=0.056 ISP-L=0.003 ISP-F=0.010 MW-L=0.008 MW-F=0.011]
  Mini-Benders[3] (mw): LB=2.693208, Z₀(α*)=-42.143042, intercept=-84.300215 (0.090s) [OMP=0.056 ISP-L=0.003 ISP-F=0.010 MW-L=0.008 MW-F=0.011]
  Mini-Benders[4]: LB stagnated, break
  α-step: Z₀=13.203292, α=[0.000,0.000,0.000,0.000,0.000,1.744,0.000,0.000,8.428,0.000,0.000,0.000,0.000,0.000,0.530,0.000,0.000,0.000,0.000,0.000,0.000,0.000,0.000,0.000,0.000,0.000,0.000,0.000,0.000,0.000,0.000,0.000,0.000,0.000,0.000,0.000,0.000,0.000]
  Alt-Benders[1] (mw): LB=2.709409, Z₀(α*)=5.961179, intercept=-89.330670 (0.085s) [OMP=0.053 ISP-L=0.003 ISP-F=0.009 MW-L=0.008 MW-F=0.010]
  Alt-Benders[2] (mw): LB=2.716786, Z₀(α*)=-46.872452, intercept=-87.545933 (0.081s) [OMP=0.048 ISP-L=0.003 ISP-F=0.009 MW-L=0.009 MW-F=0.011]
  Alt-Benders[3] (mw): LB=2.716786, Z₀(α*)=-46.872452, intercept=-87.545933 (0.099s) [OMP=0.065 ISP-L=0.003 ISP-F=0.009 MW-L=0.009 MW-F=0.018]
  Alt-Benders[4] (mw): LB=2.716786, Z₀(α*)=-46.872452, intercept=-87.545933 (0.104s) [OMP=0.064 ISP-L=0.003 ISP-F=0.009 MW-L=0.009 MW-F=0.011]
  Alt-Benders[5]: LB stagnated, break
  OMP re-solve: 0.000s

=== True-DRO Benders iter 3 ===
  OMP: t₀=2.716786, UB=Inf, gap=NaN, x=[0, 0, 0, 0, 0, 0, 1, 0, 0, 0, 0, 0, 0, 0, 0, 0, 0, 0, 0, 1, 0, 0, 0, 0, 0, 0, 0, 0, 0, 0, 0, 0, 0, 0, 0, 0, 0, 0] (0.000s)
  Sub: Z₀=15.093713 [LOCAL] (0.2s), α=[0.000,0.000,0.000,0.000,0.000,0.000,3.756,0.000,0.000,0.000,0.000,0.000,0.000,0.000,0.000,0.000,0.000,0.000,0.000,6.946,0.000,0.000,0.000,0.000,0.000,0.000,0.000,0.000,0.000,0.000,0.000,0.000,0.000,0.000,0.000,0.000,0.000,0.000]
  Iter 3: LB=2.716786  UB=Inf  gap=NaN
  Cut: intercept=-1113.057141, π_x_range=[-826.3490, 572.4664]
  Mini-Benders[1] (mw): LB=2.795356, Z₀(α*)=-25.420901, intercept=-130.066169 (0.079s) [OMP=0.048 ISP-L=0.003 ISP-F=0.010 MW-L=0.007 MW-F=0.010]
  Mini-Benders[2] (mw): LB=2.795356, Z₀(α*)=-25.420901, intercept=-130.066169 (0.096s) [OMP=0.065 ISP-L=0.003 ISP-F=0.010 MW-L=0.013 MW-F=0.010]
  Mini-Benders[3] (mw): LB=2.795356, Z₀(α*)=-25.420901, intercept=-130.066169 (0.103s) [OMP=0.065 ISP-L=0.003 ISP-F=0.010 MW-L=0.007 MW-F=0.010]
  Mini-Benders[4]: LB stagnated, break
  α-step: Z₀=13.797654, α=[0.000,0.000,0.000,0.000,0.000,0.000,6.798,0.000,2.246,0.000,0.000,0.000,0.000,0.000,0.000,0.000,0.000,0.000,0.000,0.000,0.000,0.000,0.000,0.000,1.658,0.000,0.000,0.000,0.000,0.000,0.000,0.000,0.000,0.000,0.000,0.000,0.000,0.000]
  Alt-Benders[1] (mw): LB=3.238428, Z₀(α*)=-47.220996, intercept=-45.549797 (0.093s) [OMP=0.054 ISP-L=0.003 ISP-F=0.010 MW-L=0.014 MW-F=0.011]
  Alt-Benders[2] (mw): LB=3.238428, Z₀(α*)=-47.220996, intercept=-45.549797 (0.090s) [OMP=0.056 ISP-L=0.003 ISP-F=0.010 MW-L=0.008 MW-F=0.010]
  Alt-Benders[3] (mw): LB=3.238428, Z₀(α*)=-47.220996, intercept=-45.549797 (0.088s) [OMP=0.055 ISP-L=0.003 ISP-F=0.010 MW-L=0.008 MW-F=0.010]
  Alt-Benders[4]: LB stagnated, break
  OMP re-solve: 0.000s

=== True-DRO Benders iter 4 ===
  OMP: t₀=3.238428, UB=Inf, gap=NaN, x=[0, 0, 0, 0, 0, 0, 0, 0, 0, 0, 0, 0, 0, 0, 0, 0, 0, 0, 0, 1, 0, 0, 0, 0, 0, 0, 0, 1, 0, 0, 0, 0, 0, 0, 0, 0, 0, 0] (0.000s)
  Sub: Z₀=17.226879 [LOCAL] (0.2s), α=[0.000,0.000,0.000,0.000,0.000,0.000,0.000,0.000,0.000,0.000,0.000,0.000,0.000,0.000,0.000,0.000,0.000,0.000,0.000,6.528,0.000,0.000,0.000,0.000,0.000,0.000,3.307,0.867,0.000,0.000,0.000,0.000,0.000,0.000,0.000,0.000,0.000,0.000]
  Iter 4: LB=3.238428  UB=Inf  gap=NaN
  Cut: intercept=-1135.063120, π_x_range=[-825.3743, 587.1268]
  Mini-Benders[1] (mw): LB=3.331327, Z₀(α*)=-34.579216, intercept=-38.290747 (0.102s) [OMP=0.063 ISP-L=0.003 ISP-F=0.009 MW-L=0.007 MW-F=0.013]
  Mini-Benders[2] (mw): LB=3.331327, Z₀(α*)=-34.579216, intercept=-38.290747 (0.104s) [OMP=0.075 ISP-L=0.003 ISP-F=0.009 MW-L=0.007 MW-F=0.013]
  Mini-Benders[3] (mw): LB=3.331327, Z₀(α*)=-34.579216, intercept=-38.290747 (0.106s) [OMP=0.071 ISP-L=0.003 ISP-F=0.009 MW-L=0.007 MW-F=0.012]
  Mini-Benders[4]: LB stagnated, break
  α-step: Z₀=16.362672, α=[0.000,0.000,0.000,0.000,0.000,2.226,0.000,0.000,4.631,0.000,0.000,0.000,0.000,0.000,0.000,0.000,0.000,0.000,0.000,0.000,0.000,0.000,0.000,0.000,0.000,0.000,3.846,0.000,0.000,0.000,0.000,0.000,0.000,0.000,0.000,0.000,0.000,0.000]
  Alt-Benders[1] (mw): LB=3.366655, Z₀(α*)=16.308113, intercept=-8.596157 (0.083s) [OMP=0.048 ISP-L=0.003 ISP-F=0.010 MW-L=0.008 MW-F=0.013]
  Alt-Benders[2] (mw): LB=3.384592, Z₀(α*)=10.988415, intercept=-31.037119 (0.091s) [OMP=0.054 ISP-L=0.003 ISP-F=0.011 MW-L=0.008 MW-F=0.013]
  Alt-Benders[3] (mw): LB=3.395491, Z₀(α*)=12.134203, intercept=-88.425202 (0.112s) [OMP=0.077 ISP-L=0.003 ISP-F=0.010 MW-L=0.013 MW-F=0.011]
  Alt-Benders[4] (mw): LB=3.493136, Z₀(α*)=3.845442, intercept=-104.177251 (0.106s) [OMP=0.083 ISP-L=0.003 ISP-F=0.009 MW-L=0.007 MW-F=0.012]
  Alt-Benders[5] (mw): LB=3.596636, Z₀(α*)=-14.284022, intercept=-52.831337 (0.122s) [OMP=0.081 ISP-L=0.003 ISP-F=0.010 MW-L=0.008 MW-F=0.011]
  OMP re-solve: 0.086s

=== True-DRO Benders iter 5 ===
  OMP: t₀=3.596636, UB=Inf, gap=NaN, x=[0, 0, 0, 0, 0, 0, 1, 0, 1, 0, 0, 0, 0, 0, 0, 0, 0, 0, 0, 0, 0, 0, 0, 0, 0, 0, 0, 0, 0, 0, 0, 0, 0, 0, 0, 0, 0, 0] (0.000s)
  Sub: Z₀=17.449044 (4.3s), α=[0.000,0.000,0.000,0.000,0.000,0.625,0.000,0.000,9.643,0.000,0.000,0.000,0.000,0.000,0.000,0.000,0.000,0.000,0.000,0.000,0.000,0.000,0.000,0.000,0.000,0.000,0.435,0.000,0.000,0.000,0.000,0.000,0.000,0.000,0.000,0.000,0.000,0.000]
  Iter 5: LB=3.596636  UB=17.449044  gap=7.94e-01
  Cut: intercept=-102.954231, π_x_range=[-182.8095, 80.1580]
  Sherali-Cut: intercept=-45.358846, π_x_range=[-127.1195, 38.8427]
  Mini-Benders[1] (mw): LB=3.703745, Z₀(α*)=-29.012509, intercept=-68.767955 (0.107s) [OMP=0.076 ISP-L=0.003 ISP-F=0.010 MW-L=0.007 MW-F=0.014]
  Mini-Benders[2] (mw): LB=3.703745, Z₀(α*)=-29.012509, intercept=-68.767955 (0.104s) [OMP=0.073 ISP-L=0.003 ISP-F=0.010 MW-L=0.008 MW-F=0.010]
  Mini-Benders[3] (mw): LB=3.703745, Z₀(α*)=-29.012509, intercept=-68.767955 (0.106s) [OMP=0.075 ISP-L=0.003 ISP-F=0.010 MW-L=0.008 MW-F=0.010]
  Mini-Benders[4]: LB stagnated, break
  α-step: Z₀=17.721523, α=[0.000,0.000,0.000,0.000,0.000,1.482,0.000,0.000,0.000,0.000,0.000,0.000,0.000,0.000,3.364,0.000,0.000,0.000,0.000,1.107,0.000,0.000,0.000,0.000,0.000,0.000,4.750,0.000,0.000,0.000,0.000,0.000,0.000,0.000,0.000,0.000,0.000,0.000]
  Alt-Benders[1] (mw): LB=3.839976, Z₀(α*)=-6.484967, intercept=-103.331915 (0.137s) [OMP=0.088 ISP-L=0.003 ISP-F=0.010 MW-L=0.015 MW-F=0.012]
  Alt-Benders[2] (mw): LB=3.839976, Z₀(α*)=-6.484967, intercept=-103.331915 (0.122s) [OMP=0.091 ISP-L=0.003 ISP-F=0.010 MW-L=0.007 MW-F=0.012]
  Alt-Benders[3] (mw): LB=3.839976, Z₀(α*)=-6.484967, intercept=-103.331915 (0.123s) [OMP=0.095 ISP-L=0.003 ISP-F=0.010 MW-L=0.008 MW-F=0.011]
  Alt-Benders[4]: LB stagnated, break
  OMP re-solve: 0.000s

=== True-DRO Benders iter 6 ===
  OMP: t₀=3.839976, UB=17.449044, gap=7.80e-01, x=[0, 0, 0, 0, 0, 1, 0, 0, 0, 0, 0, 0, 0, 0, 0, 0, 0, 0, 0, 0, 0, 1, 0, 0, 0, 0, 0, 0, 0, 0, 0, 0, 0, 0, 0, 0, 0, 0] (0.000s)
  Sub: Z₀=14.136198 [LOCAL] (0.2s), α=[0.000,0.000,0.000,0.000,0.000,6.127,0.000,0.000,0.000,0.000,0.000,0.000,0.000,0.000,0.000,0.000,0.000,0.000,0.000,0.000,0.000,4.121,0.000,0.000,0.000,0.000,0.455,0.000,0.000,0.000,0.000,0.000,0.000,0.000,0.000,0.000,0.000,0.000]
  Iter 6: LB=3.839976  UB=17.449044  gap=7.80e-01
  Cut: intercept=-1134.333603, π_x_range=[-824.9199, 576.9900]
  Mini-Benders[1] (mw): LB=3.839976, Z₀(α*)=-5.049552, intercept=-63.910600 (0.120s) [OMP=0.078 ISP-L=0.003 ISP-F=0.010 MW-L=0.008 MW-F=0.011]
  Mini-Benders[2] (mw): LB=3.839976, Z₀(α*)=-5.049552, intercept=-63.910600 (0.154s) [OMP=0.127 ISP-L=0.003 ISP-F=0.010 MW-L=0.008 MW-F=0.011]
  Mini-Benders[3]: LB stagnated, break
  α-step: Z₀=14.055850, α=[0.000,0.000,0.000,0.000,0.000,8.471,1.365,0.000,0.000,0.000,0.000,0.000,0.000,0.000,0.000,0.000,0.000,0.000,0.000,0.000,0.000,0.000,0.000,0.000,0.000,0.000,0.866,0.000,0.000,0.000,0.000,0.000,0.000,0.000,0.000,0.000,0.000,0.000]
  Alt-Benders[1] (mw): LB=3.845440, Z₀(α*)=-41.755392, intercept=-120.092343 (0.113s) [OMP=0.087 ISP-L=0.003 ISP-F=0.011 MW-L=0.008 MW-F=0.010]
  Alt-Benders[2] (mw): LB=3.845440, Z₀(α*)=-41.755392, intercept=-120.092343 (0.119s) [OMP=0.084 ISP-L=0.003 ISP-F=0.011 MW-L=0.008 MW-F=0.010]
  Alt-Benders[3] (mw): LB=3.845440, Z₀(α*)=-41.755392, intercept=-120.092343 (0.122s) [OMP=0.084 ISP-L=0.003 ISP-F=0.011 MW-L=0.008 MW-F=0.010]
  Alt-Benders[4]: LB stagnated, break
  OMP re-solve: 0.000s

=== True-DRO Benders iter 7 ===
  OMP: t₀=3.845440, UB=17.449044, gap=7.80e-01, x=[0, 0, 0, 0, 0, 0, 0, 0, 0, 0, 0, 0, 0, 0, 0, 0, 0, 0, 0, 0, 0, 0, 0, 0, 1, 0, 0, 1, 0, 0, 0, 0, 0, 0, 0, 0, 0, 0] (0.000s)
  Sub: Z₀=15.226857 [LOCAL] (0.2s), α=[0.000,0.000,0.000,0.000,0.000,0.000,0.000,0.000,0.000,0.000,0.000,0.000,0.000,0.000,0.000,0.000,0.000,0.000,0.000,0.000,0.000,0.000,0.000,0.000,7.408,0.000,1.539,1.756,0.000,0.000,0.000,0.000,0.000,0.000,0.000,0.000,0.000,0.000]
  Iter 7: LB=3.845440  UB=17.449044  gap=7.80e-01
  Cut: intercept=-1117.282852, π_x_range=[-826.1724, 577.8893]
  Mini-Benders[1] (mw): LB=3.892439, Z₀(α*)=-24.422951, intercept=-24.214429 (0.150s) [OMP=0.111 ISP-L=0.003 ISP-F=0.010 MW-L=0.008 MW-F=0.014]
  Mini-Benders[2] (mw): LB=3.892439, Z₀(α*)=-24.422951, intercept=-24.214429 (0.119s) [OMP=0.082 ISP-L=0.003 ISP-F=0.010 MW-L=0.008 MW-F=0.014]
  Mini-Benders[3] (mw): LB=3.892439, Z₀(α*)=-24.422951, intercept=-24.214429 (0.122s) [OMP=0.079 ISP-L=0.003 ISP-F=0.010 MW-L=0.014 MW-F=0.015]
  Mini-Benders[4]: LB stagnated, break
  α-step: Z₀=18.979342, α=[0.000,0.000,0.000,0.000,0.000,6.232,0.000,0.000,0.000,0.000,0.000,0.000,0.000,0.000,4.401,0.000,0.000,0.000,0.000,0.069,0.000,0.000,0.000,0.000,0.000,0.000,0.000,0.000,0.000,0.000,0.000,0.000,0.000,0.000,0.000,0.000,0.000,0.000]
  Alt-Benders[1] (mw): LB=4.294417, Z₀(α*)=-49.965887, intercept=-54.532467 (0.148s) [OMP=0.123 ISP-L=0.003 ISP-F=0.011 MW-L=0.007 MW-F=0.009]
  Alt-Benders[2] (mw): LB=4.294417, Z₀(α*)=-49.965887, intercept=-54.532467 (0.153s) [OMP=0.124 ISP-L=0.003 ISP-F=0.010 MW-L=0.007 MW-F=0.014]
  Alt-Benders[3] (mw): LB=4.294417, Z₀(α*)=-49.965887, intercept=-54.532467 (0.151s) [OMP=0.122 ISP-L=0.003 ISP-F=0.010 MW-L=0.007 MW-F=0.009]
  Alt-Benders[4]: LB stagnated, break
  OMP re-solve: 0.000s

=== True-DRO Benders iter 8 ===
  OMP: t₀=4.294417, UB=17.449044, gap=7.54e-01, x=[0, 0, 0, 0, 0, 0, 0, 0, 1, 0, 0, 0, 0, 0, 0, 0, 0, 0, 0, 0, 0, 0, 0, 0, 0, 0, 0, 1, 0, 0, 0, 0, 0, 0, 0, 0, 0, 0] (0.000s)
  Sub: Z₀=17.828308 [LOCAL] (0.4s), α=[0.000,0.000,0.000,0.000,0.000,0.000,0.000,0.000,6.528,0.000,0.000,0.000,0.000,0.000,0.000,0.000,0.000,0.000,0.000,0.000,0.000,0.000,0.000,0.000,0.000,0.000,4.174,0.000,0.000,0.000,0.000,0.000,0.000,0.000,0.000,0.000,0.000,0.000]
  Iter 8: LB=4.294417  UB=17.449044  gap=7.54e-01
  Cut: intercept=-1170.066845, π_x_range=[-833.1316, 597.9753]
  Mini-Benders[1] (mw): LB=4.358860, Z₀(α*)=9.572743, intercept=-31.662365 (0.167s) [OMP=0.120 ISP-L=0.003 ISP-F=0.011 MW-L=0.008 MW-F=0.019]
  Mini-Benders[2] (mw): LB=4.460530, Z₀(α*)=-11.736899, intercept=-86.503426 (0.167s) [OMP=0.137 ISP-L=0.003 ISP-F=0.011 MW-L=0.008 MW-F=0.012]
  Mini-Benders[3] (mw): LB=4.460530, Z₀(α*)=-11.736899, intercept=-86.503426 (0.135s) [OMP=0.104 ISP-L=0.003 ISP-F=0.010 MW-L=0.008 MW-F=0.013]
  Mini-Benders[4] (mw): LB=4.460530, Z₀(α*)=-11.736899, intercept=-86.503426 (0.140s) [OMP=0.104 ISP-L=0.003 ISP-F=0.010 MW-L=0.008 MW-F=0.012]
  Mini-Benders[5]: LB stagnated, break
  α-step: Z₀=15.148051, α=[0.000,0.000,0.000,0.000,0.000,2.667,0.000,0.000,3.699,0.000,0.000,0.000,0.000,0.000,0.000,0.000,0.000,0.000,0.000,0.000,0.000,0.000,0.000,0.000,0.000,0.000,0.000,0.000,0.000,0.000,0.000,0.000,4.336,0.000,0.000,0.000,0.000,0.000]
  Alt-Benders[1] (mw): LB=4.539499, Z₀(α*)=-6.186307, intercept=-25.104391 (0.179s) [OMP=0.148 ISP-L=0.003 ISP-F=0.010 MW-L=0.008 MW-F=0.012]
  Alt-Benders[2] (mw): LB=4.539499, Z₀(α*)=-6.186307, intercept=-25.104391 (0.182s) [OMP=0.147 ISP-L=0.003 ISP-F=0.010 MW-L=0.008 MW-F=0.012]
  Alt-Benders[3] (mw): LB=4.539499, Z₀(α*)=-6.186307, intercept=-25.104391 (0.182s) [OMP=0.143 ISP-L=0.003 ISP-F=0.010 MW-L=0.008 MW-F=0.019]
  Alt-Benders[4]: LB stagnated, break
  OMP re-solve: 0.000s

=== True-DRO Benders iter 9 ===
  OMP: t₀=4.539499, UB=17.449044, gap=7.40e-01, x=[0, 0, 0, 0, 0, 1, 0, 0, 0, 0, 0, 1, 0, 0, 0, 0, 0, 0, 0, 0, 0, 0, 0, 0, 0, 0, 0, 0, 0, 0, 0, 0, 0, 0, 0, 0, 0, 0] (0.000s)
  Sub: Z₀=17.494587 [LOCAL] (0.3s), α=[0.000,0.000,0.000,0.000,0.000,9.111,0.000,0.000,0.000,0.000,0.000,0.000,0.000,0.000,1.072,0.000,0.000,0.000,0.000,0.000,0.000,0.000,0.000,0.000,0.000,0.000,0.520,0.000,0.000,0.000,0.000,0.000,0.000,0.000,0.000,0.000,0.000,0.000]
  Iter 9: LB=4.539499  UB=17.449044  gap=7.40e-01
  Cut: intercept=-1146.138943, π_x_range=[-827.0775, 582.2420]
  Mini-Benders[1] (mw): LB=4.641233, Z₀(α*)=14.425115, intercept=-56.907325 (0.183s) [OMP=0.150 ISP-L=0.003 ISP-F=0.011 MW-L=0.007 MW-F=0.010]
  Mini-Benders[2] (mw): LB=5.127524, Z₀(α*)=17.494589, intercept=-24.430236 (0.182s) [OMP=0.144 ISP-L=0.003 ISP-F=0.011 MW-L=0.007 MW-F=0.023]
  Mini-Benders[3] (mw): LB=5.127524, Z₀(α*)=16.051664, intercept=-89.639826 (0.182s) [OMP=0.138 ISP-L=0.003 ISP-F=0.010 MW-L=0.008 MW-F=0.015]
  Mini-Benders[4] (mw): LB=5.658501, Z₀(α*)=-27.244719, intercept=-123.224368 (0.166s) [OMP=0.135 ISP-L=0.003 ISP-F=0.011 MW-L=0.006 MW-F=0.010]
  Mini-Benders[5] (mw): LB=5.658501, Z₀(α*)=-27.244719, intercept=-123.224368 (0.151s) [OMP=0.127 ISP-L=0.003 ISP-F=0.010 MW-L=0.006 MW-F=0.010]
  α-step: Z₀=14.533033, α=[0.000,0.000,0.000,0.000,0.000,0.000,0.000,0.000,0.000,0.000,0.000,0.000,0.000,0.000,1.816,0.000,0.000,0.000,0.000,4.443,0.000,0.000,0.000,0.000,4.443,0.000,0.000,0.000,0.000,0.000,0.000,0.000,0.000,0.000,0.000,0.000,0.000,0.000]
  Alt-Benders[1] (mw): LB=5.658501, Z₀(α*)=-8.914122, intercept=-78.557802 (0.183s) [OMP=0.143 ISP-L=0.003 ISP-F=0.010 MW-L=0.008 MW-F=0.012]
  Alt-Benders[2] (mw): LB=5.658501, Z₀(α*)=-8.914122, intercept=-78.557802 (0.150s) [OMP=0.130 ISP-L=0.003 ISP-F=0.010 MW-L=0.007 MW-F=0.011]
  Alt-Benders[3] (mw): LB=5.658501, Z₀(α*)=-8.914122, intercept=-78.557802 (0.183s) [OMP=0.131 ISP-L=0.003 ISP-F=0.011 MW-L=0.007 MW-F=0.018]
  Alt-Benders[4]: LB stagnated, break
  OMP re-solve: 0.000s

=== True-DRO Benders iter 10 ===
  OMP: t₀=5.658501, UB=17.449044, gap=6.76e-01, x=[0, 0, 0, 0, 0, 0, 0, 0, 1, 0, 0, 0, 0, 0, 0, 0, 0, 0, 0, 1, 0, 0, 0, 0, 0, 0, 0, 0, 0, 0, 0, 0, 0, 0, 0, 0, 0, 0] (0.000s)
  Sub: Z₀=14.647443 (10.4s), α=[0.000,0.000,0.000,0.000,0.000,0.000,0.000,0.000,0.000,0.000,0.000,0.000,0.000,0.000,3.725,0.000,0.000,0.000,0.000,5.858,0.000,0.000,0.000,0.000,0.000,0.000,1.120,0.000,0.000,0.000,0.000,0.000,0.000,0.000,0.000,0.000,0.000,0.000]
  Iter 10: LB=5.658501  UB=14.647443  gap=6.14e-01
  Cut: intercept=-76.516380, π_x_range=[-191.3313, 61.6334]
  Sherali-Cut: intercept=-61.823619, π_x_range=[-117.9273, 66.7000]
  Mini-Benders[1] (mw): LB=5.961178, Z₀(α*)=-6.722175, intercept=-64.675742 (0.198s) [OMP=0.163 ISP-L=0.003 ISP-F=0.010 MW-L=0.008 MW-F=0.012]
  Mini-Benders[2] (mw): LB=5.961178, Z₀(α*)=-6.722175, intercept=-64.675742 (0.172s) [OMP=0.137 ISP-L=0.003 ISP-F=0.010 MW-L=0.007 MW-F=0.012]
  Mini-Benders[3] (mw): LB=5.961178, Z₀(α*)=-6.722175, intercept=-64.675742 (0.166s) [OMP=0.137 ISP-L=0.003 ISP-F=0.009 MW-L=0.007 MW-F=0.012]
  Mini-Benders[4]: LB stagnated, break
  α-step: Z₀=15.130643, α=[0.000,0.000,0.000,0.000,0.000,0.000,0.000,0.000,2.409,0.000,0.000,0.000,0.000,0.000,4.663,0.000,0.000,0.000,0.000,0.000,0.000,0.000,0.000,0.000,0.000,0.000,3.631,0.000,0.000,0.000,0.000,0.000,0.000,0.000,0.000,0.000,0.000,0.000]
  Alt-Benders[1] (mw): LB=6.065740, Z₀(α*)=-3.190023, intercept=-92.915687 (0.156s) [OMP=0.134 ISP-L=0.003 ISP-F=0.011 MW-L=0.009 MW-F=0.009]
  Alt-Benders[2] (mw): LB=6.065740, Z₀(α*)=-3.190023, intercept=-92.915687 (0.182s) [OMP=0.142 ISP-L=0.003 ISP-F=0.010 MW-L=0.009 MW-F=0.009]
  Alt-Benders[3] (mw): LB=6.065740, Z₀(α*)=-3.190023, intercept=-92.915687 (0.183s) [OMP=0.142 ISP-L=0.003 ISP-F=0.011 MW-L=0.015 MW-F=0.009]
  Alt-Benders[4]: LB stagnated, break
  OMP re-solve: 0.000s

=== True-DRO Benders iter 11 ===
  OMP: t₀=6.065740, UB=14.647443, gap=5.86e-01, x=[0, 0, 0, 0, 0, 0, 0, 0, 0, 0, 0, 0, 0, 0, 0, 0, 0, 0, 0, 1, 0, 0, 0, 0, 0, 0, 0, 0, 0, 0, 0, 0, 1, 0, 0, 0, 0, 0] (0.000s)
  Sub: Z₀=15.325403 [LOCAL] (0.2s), α=[0.000,0.000,0.000,0.000,0.000,0.000,0.000,0.000,0.000,0.000,0.000,0.000,0.000,0.000,2.491,0.000,0.000,0.000,0.000,6.048,0.000,0.000,0.000,0.000,0.000,0.000,0.247,0.000,0.000,0.000,0.000,0.000,1.857,0.059,0.000,0.000,0.000,0.000]
  Iter 11: LB=6.065740  UB=14.647443  gap=5.86e-01
  Cut: intercept=-1056.741537, π_x_range=[-830.8759, 536.5528]
  Mini-Benders[1] (mw): LB=6.067067, Z₀(α*)=7.521921, intercept=-29.459863 (0.166s) [OMP=0.134 ISP-L=0.003 ISP-F=0.011 MW-L=0.009 MW-F=0.013]
  Mini-Benders[2] (mw): LB=6.221463, Z₀(α*)=-19.705608, intercept=-70.196097 (0.198s) [OMP=0.151 ISP-L=0.003 ISP-F=0.011 MW-L=0.008 MW-F=0.017]
  Mini-Benders[3] (mw): LB=6.221463, Z₀(α*)=-19.705608, intercept=-70.196097 (0.182s) [OMP=0.144 ISP-L=0.003 ISP-F=0.011 MW-L=0.008 MW-F=0.011]
  Mini-Benders[4] (mw): LB=6.221463, Z₀(α*)=-19.705608, intercept=-70.196097 (0.166s) [OMP=0.143 ISP-L=0.003 ISP-F=0.011 MW-L=0.008 MW-F=0.012]
  Mini-Benders[5]: LB stagnated, break
  α-step: Z₀=16.191475, α=[0.000,0.000,0.000,0.000,0.000,0.000,0.000,0.000,1.567,0.000,0.000,0.000,0.000,0.000,3.335,0.000,0.000,0.000,0.000,0.000,0.000,0.000,0.000,0.000,1.567,0.000,4.234,0.000,0.000,0.000,0.000,0.000,0.000,0.000,0.000,0.000,0.000,0.000]
  Alt-Benders[1] (mw): LB=6.411311, Z₀(α*)=6.365875, intercept=-62.910762 (0.179s) [OMP=0.154 ISP-L=0.003 ISP-F=0.011 MW-L=0.008 MW-F=0.009]
  Alt-Benders[2] (mw): LB=6.411311, Z₀(α*)=6.365875, intercept=-62.910762 (0.166s) [OMP=0.134 ISP-L=0.003 ISP-F=0.011 MW-L=0.008 MW-F=0.009]
  Alt-Benders[3] (mw): LB=6.411311, Z₀(α*)=6.365875, intercept=-62.910762 (0.167s) [OMP=0.132 ISP-L=0.003 ISP-F=0.011 MW-L=0.008 MW-F=0.009]
  Alt-Benders[4]: LB stagnated, break
  OMP re-solve: 0.000s

=== True-DRO Benders iter 12 ===
  OMP: t₀=6.411311, UB=14.647443, gap=5.62e-01, x=[0, 0, 0, 0, 0, 1, 0, 0, 0, 0, 0, 0, 0, 0, 0, 0, 0, 0, 0, 0, 0, 0, 0, 0, 0, 0, 0, 1, 0, 0, 0, 0, 0, 0, 0, 0, 0, 0] (0.000s)
  Sub: Z₀=17.043318 [LOCAL] (0.3s), α=[0.000,0.000,0.000,0.000,0.000,5.410,0.000,0.000,0.000,0.000,0.000,0.000,0.000,0.000,0.319,0.000,0.000,0.000,0.000,0.000,0.000,0.000,0.000,0.000,0.000,0.000,4.973,0.000,0.000,0.000,0.000,0.000,0.000,0.000,0.000,0.000,0.000,0.000]
  Iter 12: LB=6.411311  UB=14.647443  gap=5.62e-01
  Cut: intercept=-1138.612255, π_x_range=[-826.4763, 578.1471]
  Mini-Benders[1] (mw): LB=6.424557, Z₀(α*)=16.822879, intercept=-48.317181 (0.167s) [OMP=0.132 ISP-L=0.003 ISP-F=0.010 MW-L=0.008 MW-F=0.011]
  Mini-Benders[2] (mw): LB=6.481610, Z₀(α*)=-13.974972, intercept=-130.121060 (0.182s) [OMP=0.140 ISP-L=0.003 ISP-F=0.009 MW-L=0.008 MW-F=0.011]
  Mini-Benders[3] (mw): LB=6.481610, Z₀(α*)=-13.974972, intercept=-130.121060 (0.182s) [OMP=0.141 ISP-L=0.003 ISP-F=0.009 MW-L=0.008 MW-F=0.018]
  Mini-Benders[4] (mw): LB=6.481610, Z₀(α*)=-13.974972, intercept=-130.121060 (0.167s) [OMP=0.143 ISP-L=0.003 ISP-F=0.010 MW-L=0.009 MW-F=0.011]
  Mini-Benders[5]: LB stagnated, break
  α-step: Z₀=15.735801, α=[0.000,0.000,0.000,0.000,0.000,0.000,0.000,0.000,0.231,0.000,0.000,0.000,0.000,0.000,2.254,0.000,0.000,0.000,0.000,0.000,0.000,0.000,0.000,0.000,3.644,0.000,1.453,0.000,0.000,0.000,0.000,0.000,3.121,0.000,0.000,0.000,0.000,0.000]
  Alt-Benders[1] (mw): LB=6.503427, Z₀(α*)=-18.866402, intercept=-63.214149 (0.193s) [OMP=0.161 ISP-L=0.003 ISP-F=0.010 MW-L=0.007 MW-F=0.014]
  Alt-Benders[2] (mw): LB=6.503427, Z₀(α*)=-18.866402, intercept=-63.214149 (0.167s) [OMP=0.137 ISP-L=0.003 ISP-F=0.009 MW-L=0.007 MW-F=0.009]
  Alt-Benders[3] (mw): LB=6.503427, Z₀(α*)=-18.866402, intercept=-63.214149 (0.166s) [OMP=0.136 ISP-L=0.003 ISP-F=0.010 MW-L=0.007 MW-F=0.009]
  Alt-Benders[4]: LB stagnated, break
  OMP re-solve: 0.000s

=== True-DRO Benders iter 13 ===
  OMP: t₀=6.503427, UB=14.647443, gap=5.56e-01, x=[1, 0, 0, 0, 0, 0, 0, 0, 0, 0, 0, 0, 0, 0, 0, 0, 0, 0, 0, 1, 0, 0, 0, 0, 0, 0, 0, 0, 0, 0, 0, 0, 0, 0, 0, 0, 0, 0] (0.000s)
  Sub: Z₀=17.697462 [LOCAL] (0.2s), α=[0.000,0.000,0.000,0.000,0.000,0.968,0.000,0.000,0.184,0.000,0.000,0.000,0.000,0.000,1.816,0.000,0.000,0.000,0.000,7.735,0.000,0.000,0.000,0.000,0.000,0.000,0.000,0.000,0.000,0.000,0.000,0.000,0.000,0.000,0.000,0.000,0.000,0.000]
  Iter 13: LB=6.503427  UB=14.647443  gap=5.56e-01
  Cut: intercept=-1066.017560, π_x_range=[-829.7958, 542.9626]
  Mini-Benders[1] (mw): LB=6.581622, Z₀(α*)=-21.020881, intercept=-53.244467 (0.166s) [OMP=0.134 ISP-L=0.003 ISP-F=0.009 MW-L=0.015 MW-F=0.011]
  Mini-Benders[2] (mw): LB=6.581622, Z₀(α*)=-21.020881, intercept=-53.244467 (0.167s) [OMP=0.138 ISP-L=0.003 ISP-F=0.010 MW-L=0.008 MW-F=0.011]
  Mini-Benders[3] (mw): LB=6.581622, Z₀(α*)=-21.020881, intercept=-53.244467 (0.182s) [OMP=0.138 ISP-L=0.003 ISP-F=0.010 MW-L=0.008 MW-F=0.011]
  Mini-Benders[4]: LB stagnated, break
  α-step: Z₀=15.959741, α=[0.000,0.000,0.000,0.000,0.000,0.000,0.000,0.000,0.385,0.000,0.000,0.000,0.000,0.000,3.285,0.000,0.000,0.000,0.000,0.000,0.000,0.000,0.000,0.000,2.066,0.000,4.966,0.000,0.000,0.000,0.000,0.000,0.000,0.000,0.000,0.000,0.000,0.000]
  Alt-Benders[1] (mw): LB=6.583299, Z₀(α*)=9.142808, intercept=-109.284152 (0.192s) [OMP=0.161 ISP-L=0.003 ISP-F=0.010 MW-L=0.008 MW-F=0.010]
  Alt-Benders[2] (mw): LB=6.648926, Z₀(α*)=3.753709, intercept=-101.360749 (0.167s) [OMP=0.142 ISP-L=0.003 ISP-F=0.010 MW-L=0.007 MW-F=0.011]
  Alt-Benders[3] (mw): LB=6.648926, Z₀(α*)=3.753709, intercept=-101.360749 (0.198s) [OMP=0.153 ISP-L=0.003 ISP-F=0.010 MW-L=0.007 MW-F=0.018]
  Alt-Benders[4] (mw): LB=6.648926, Z₀(α*)=3.753709, intercept=-101.360749 (0.182s) [OMP=0.155 ISP-L=0.003 ISP-F=0.010 MW-L=0.007 MW-F=0.011]
  Alt-Benders[5]: LB stagnated, break
  OMP re-solve: 0.000s

=== True-DRO Benders iter 14 ===
  OMP: t₀=6.648926, UB=14.647443, gap=5.46e-01, x=[0, 0, 0, 0, 0, 0, 0, 0, 1, 0, 0, 0, 0, 0, 0, 0, 0, 0, 0, 0, 0, 0, 0, 0, 0, 0, 0, 0, 0, 0, 0, 1, 0, 0, 0, 0, 0, 0] (0.000s)
  Sub: Z₀=17.051302 [LOCAL] (0.2s), α=[0.000,0.000,0.000,0.000,0.000,0.000,0.000,0.000,5.612,0.000,0.000,0.000,0.000,0.000,0.073,0.000,0.000,0.000,0.000,0.000,0.000,0.000,0.000,0.000,0.000,0.000,5.017,0.000,0.000,0.000,0.000,0.000,0.000,0.000,0.000,0.000,0.000,0.000]
  Iter 14: LB=6.648926  UB=14.647443  gap=5.46e-01
  Cut: intercept=-1134.096655, π_x_range=[-824.8187, 585.4285]
  Mini-Benders[1] (mw): LB=6.669038, Z₀(α*)=-23.403750, intercept=-44.454191 (0.183s) [OMP=0.151 ISP-L=0.003 ISP-F=0.010 MW-L=0.007 MW-F=0.010]
  Mini-Benders[2] (mw): LB=6.669038, Z₀(α*)=-23.403750, intercept=-44.454191 (0.197s) [OMP=0.156 ISP-L=0.003 ISP-F=0.009 MW-L=0.013 MW-F=0.011]
  Mini-Benders[3] (mw): LB=6.669038, Z₀(α*)=-23.403750, intercept=-44.454191 (0.183s) [OMP=0.156 ISP-L=0.003 ISP-F=0.010 MW-L=0.007 MW-F=0.010]
  Mini-Benders[4]: LB stagnated, break
  α-step: Z₀=18.456014, α=[0.000,0.000,0.000,0.000,0.000,0.000,0.000,0.000,0.000,0.000,0.000,0.000,0.000,0.000,2.383,0.000,0.000,0.000,0.000,3.068,0.000,0.000,0.000,0.000,0.000,0.000,5.251,0.000,0.000,0.000,0.000,0.000,0.000,0.000,0.000,0.000,0.000,0.000]
  Alt-Benders[1] (mw): LB=6.669038, Z₀(α*)=18.529885, intercept=-24.654875 (0.190s) [OMP=0.150 ISP-L=0.003 ISP-F=0.011 MW-L=0.006 MW-F=0.021]
  Alt-Benders[2] (mw): LB=6.669038, Z₀(α*)=18.241953, intercept=-31.098245 (0.198s) [OMP=0.173 ISP-L=0.004 ISP-F=0.010 MW-L=0.007 MW-F=0.009]
  Alt-Benders[3] (mw): LB=6.775638, Z₀(α*)=18.529885, intercept=-24.654874 (0.182s) [OMP=0.145 ISP-L=0.004 ISP-F=0.011 MW-L=0.007 MW-F=0.016]
  Alt-Benders[4] (mw): LB=6.833764, Z₀(α*)=5.806516, intercept=-100.835237 (0.198s) [OMP=0.149 ISP-L=0.003 ISP-F=0.010 MW-L=0.008 MW-F=0.016]
  Alt-Benders[5] (mw): LB=6.833764, Z₀(α*)=5.806516, intercept=-100.835237 (0.182s) [OMP=0.150 ISP-L=0.003 ISP-F=0.010 MW-L=0.008 MW-F=0.011]
  OMP re-solve: 0.151s

=== True-DRO Benders iter 15 ===
  OMP: t₀=6.833764, UB=14.647443, gap=5.33e-01, x=[0, 0, 0, 0, 0, 0, 0, 0, 0, 0, 0, 0, 0, 0, 0, 0, 0, 0, 0, 0, 0, 1, 0, 0, 0, 0, 0, 0, 0, 0, 0, 1, 0, 0, 0, 0, 0, 0] (0.000s)
  Sub: Z₀=16.689221 (7.0s), α=[0.000,0.000,0.000,0.000,0.000,0.000,0.000,0.000,0.003,0.000,0.000,0.000,0.000,0.000,0.031,0.000,0.000,0.000,0.000,1.110,0.000,6.655,0.000,0.000,0.000,0.000,2.903,0.000,0.000,0.000,0.000,0.000,0.000,0.000,0.000,0.000,0.000,0.000]
  Iter 15: LB=6.833764  UB=14.647443  gap=5.33e-01
  Cut: intercept=-97.100063, π_x_range=[-191.5094, 76.4973]
  Sherali-Cut: intercept=-36.354115, π_x_range=[-110.2757, 30.9686]
  Mini-Benders[1] (mw): LB=6.838007, Z₀(α*)=-15.020122, intercept=-154.148943 (0.182s) [OMP=0.143 ISP-L=0.003 ISP-F=0.011 MW-L=0.006 MW-F=0.011]
  Mini-Benders[2] (mw): LB=6.838007, Z₀(α*)=-15.020122, intercept=-154.148943 (0.167s) [OMP=0.142 ISP-L=0.003 ISP-F=0.011 MW-L=0.006 MW-F=0.010]
  Mini-Benders[3] (mw): LB=6.838007, Z₀(α*)=-15.020122, intercept=-154.148943 (0.182s) [OMP=0.142 ISP-L=0.003 ISP-F=0.011 MW-L=0.012 MW-F=0.011]
  Mini-Benders[4]: LB stagnated, break
  α-step: Z₀=15.797674, α=[0.000,0.000,0.000,0.000,0.000,0.000,0.000,0.000,1.567,0.000,0.000,0.000,0.000,0.000,2.707,0.000,0.000,0.000,0.000,0.000,0.000,0.000,0.000,0.000,1.412,0.000,3.606,0.000,0.000,0.000,0.000,1.412,0.000,0.000,0.000,0.000,0.000,0.000]
  Alt-Benders[1] (mw): LB=6.869092, Z₀(α*)=6.347559, intercept=-125.903349 (0.169s) [OMP=0.145 ISP-L=0.003 ISP-F=0.011 MW-L=0.007 MW-F=0.010]
  Alt-Benders[2] (mw): LB=6.869092, Z₀(α*)=6.347559, intercept=-125.903349 (0.182s) [OMP=0.144 ISP-L=0.003 ISP-F=0.011 MW-L=0.007 MW-F=0.016]
  Alt-Benders[3] (mw): LB=6.869092, Z₀(α*)=6.347559, intercept=-125.903349 (0.182s) [OMP=0.144 ISP-L=0.003 ISP-F=0.011 MW-L=0.007 MW-F=0.010]
  Alt-Benders[4]: LB stagnated, break
  OMP re-solve: 0.000s

=== True-DRO Benders iter 16 ===
  OMP: t₀=6.869092, UB=14.647443, gap=5.31e-01, x=[0, 0, 0, 0, 0, 0, 0, 0, 0, 0, 0, 0, 0, 0, 1, 0, 0, 0, 0, 0, 0, 0, 0, 0, 0, 0, 0, 0, 0, 0, 0, 1, 0, 0, 0, 0, 0, 0] (0.000s)
  Sub: Z₀=15.123424 [LOCAL] (0.2s), α=[0.000,0.000,0.000,0.000,0.000,0.000,0.000,0.000,0.000,0.000,0.000,0.000,0.000,0.000,4.661,0.000,0.000,0.000,0.000,0.000,0.000,0.000,0.000,0.000,0.000,0.000,0.000,0.000,0.000,0.000,0.000,6.042,0.000,0.000,0.000,0.000,0.000,0.000]
  Iter 16: LB=6.869092  UB=14.647443  gap=5.31e-01
  Cut: intercept=-1120.590517, π_x_range=[-824.1242, 586.5893]
  Mini-Benders[1] (mw): LB=6.896578, Z₀(α*)=-11.934342, intercept=-66.957375 (0.182s) [OMP=0.145 ISP-L=0.003 ISP-F=0.010 MW-L=0.007 MW-F=0.012]
  Mini-Benders[2] (mw): LB=6.896578, Z₀(α*)=-11.934342, intercept=-66.957375 (0.198s) [OMP=0.152 ISP-L=0.003 ISP-F=0.011 MW-L=0.014 MW-F=0.013]
  Mini-Benders[3] (mw): LB=6.896578, Z₀(α*)=-11.934342, intercept=-66.957375 (0.182s) [OMP=0.151 ISP-L=0.003 ISP-F=0.011 MW-L=0.008 MW-F=0.013]
  Mini-Benders[4]: LB stagnated, break
  α-step: Z₀=17.130773, α=[0.000,0.000,0.000,0.000,0.000,0.000,0.000,0.000,1.567,0.000,0.000,0.000,0.000,0.000,2.254,0.000,0.000,0.000,0.000,0.000,0.000,0.000,0.000,0.000,4.094,0.000,2.789,0.000,0.000,0.000,0.000,0.000,0.000,0.000,0.000,0.000,0.000,0.000]
  Alt-Benders[1] (mw): LB=6.923746, Z₀(α*)=17.174058, intercept=-34.233679 (0.200s) [OMP=0.165 ISP-L=0.004 ISP-F=0.010 MW-L=0.014 MW-F=0.015]
  Alt-Benders[2] (mw): LB=6.923746, Z₀(α*)=16.748872, intercept=-45.385286 (0.198s) [OMP=0.167 ISP-L=0.003 ISP-F=0.010 MW-L=0.008 MW-F=0.012]
  Alt-Benders[3] (mw): LB=6.923746, Z₀(α*)=17.174058, intercept=-35.873441 (0.181s) [OMP=0.143 ISP-L=0.003 ISP-F=0.011 MW-L=0.007 MW-F=0.011]
  Alt-Benders[4]: LB stagnated, break
  OMP re-solve: 0.000s

=== True-DRO Benders iter 17 ===
  OMP: t₀=6.923746, UB=14.647443, gap=5.27e-01, x=[1, 0, 0, 0, 0, 0, 0, 0, 0, 0, 0, 0, 0, 0, 0, 0, 0, 0, 0, 0, 0, 0, 0, 0, 1, 0, 0, 0, 0, 0, 0, 0, 0, 0, 0, 0, 0, 0] (0.000s)
  Sub: Z₀=17.697462 [LOCAL] (0.2s), α=[0.000,0.000,0.000,0.000,0.000,0.968,0.000,0.000,0.184,0.000,0.000,0.000,0.000,0.000,1.816,0.000,0.000,0.000,0.000,0.000,0.000,0.000,0.000,0.000,7.735,0.000,0.000,0.000,0.000,0.000,0.000,0.000,0.000,0.000,0.000,0.000,0.000,0.000]
  Iter 17: LB=6.923746  UB=14.647443  gap=5.27e-01
  Cut: intercept=-1058.883649, π_x_range=[-829.7816, 542.9907]
  Mini-Benders[1] (mw): LB=6.933544, Z₀(α*)=-18.118229, intercept=-27.776536 (0.180s) [OMP=0.152 ISP-L=0.003 ISP-F=0.009 MW-L=0.008 MW-F=0.010]
  Mini-Benders[2] (mw): LB=6.933544, Z₀(α*)=-18.118229, intercept=-27.776536 (0.182s) [OMP=0.152 ISP-L=0.003 ISP-F=0.009 MW-L=0.008 MW-F=0.010]
  Mini-Benders[3] (mw): LB=6.933544, Z₀(α*)=-18.118229, intercept=-27.776536 (0.197s) [OMP=0.152 ISP-L=0.003 ISP-F=0.009 MW-L=0.008 MW-F=0.016]
  Mini-Benders[4]: LB stagnated, break
  α-step: Z₀=18.273692, α=[0.000,0.000,0.000,0.000,0.000,5.122,0.000,0.000,0.000,0.000,0.000,0.000,0.000,0.000,2.254,0.000,0.000,0.000,0.000,3.327,0.000,0.000,0.000,0.000,0.000,0.000,0.000,0.000,0.000,0.000,0.000,0.000,0.000,0.000,0.000,0.000,0.000,0.000]
  Alt-Benders[1] (mw): LB=7.202554, Z₀(α*)=-0.303165, intercept=-40.933815 (0.158s) [OMP=0.140 ISP-L=0.003 ISP-F=0.010 MW-L=0.007 MW-F=0.010]
  Alt-Benders[2] (mw): LB=7.202554, Z₀(α*)=-0.303165, intercept=-40.933815 (0.198s) [OMP=0.159 ISP-L=0.003 ISP-F=0.010 MW-L=0.007 MW-F=0.010]
  Alt-Benders[3] (mw): LB=7.202554, Z₀(α*)=-0.303165, intercept=-40.933815 (0.197s) [OMP=0.159 ISP-L=0.003 ISP-F=0.010 MW-L=0.013 MW-F=0.011]
  Alt-Benders[4]: LB stagnated, break
  OMP re-solve: 0.000s

=== True-DRO Benders iter 18 ===
  OMP: t₀=7.202554, UB=14.647443, gap=5.08e-01, x=[0, 0, 0, 0, 0, 0, 0, 0, 1, 0, 0, 0, 0, 0, 0, 0, 0, 0, 0, 0, 0, 0, 0, 0, 0, 0, 0, 0, 0, 0, 0, 0, 1, 0, 0, 0, 0, 0] (0.000s)
  Sub: Z₀=15.536538 [LOCAL] (0.2s), α=[0.000,0.000,0.000,0.000,0.000,0.012,0.000,0.000,8.347,0.000,0.000,0.000,0.000,0.000,0.034,0.000,0.000,0.000,0.000,0.000,0.000,0.000,0.000,0.000,0.000,0.000,0.314,0.000,0.000,0.000,0.000,0.000,1.970,0.026,0.000,0.000,0.000,0.000]
  Iter 18: LB=7.202554  UB=14.647443  gap=5.08e-01
  Cut: intercept=-1105.091495, π_x_range=[-833.7675, 575.8619]
  Mini-Benders[1] (mw): LB=7.262806, Z₀(α*)=6.815996, intercept=7.338429 (0.166s) [OMP=0.149 ISP-L=0.003 ISP-F=0.010 MW-L=0.008 MW-F=0.009]
  Mini-Benders[2] (mw): LB=7.262806, Z₀(α*)=6.815996, intercept=7.338429 (0.214s) [OMP=0.161 ISP-L=0.003 ISP-F=0.011 MW-L=0.008 MW-F=0.016]
  Mini-Benders[3] (mw): LB=7.262806, Z₀(α*)=6.815996, intercept=7.338429 (0.182s) [OMP=0.161 ISP-L=0.004 ISP-F=0.011 MW-L=0.008 MW-F=0.009]
  Mini-Benders[4]: LB stagnated, break
  α-step: Z₀=17.894790, α=[0.000,0.000,0.000,0.000,0.000,1.060,0.000,0.000,8.571,0.000,0.000,0.000,0.000,0.000,1.072,0.000,0.000,0.000,0.000,0.000,0.000,0.000,0.000,0.000,0.000,0.000,0.000,0.000,0.000,0.000,0.000,0.000,0.000,0.000,0.000,0.000,0.000,0.000]
  Alt-Benders[1] (mw): LB=7.278470, Z₀(α*)=15.098770, intercept=3.543134 (0.182s) [OMP=0.156 ISP-L=0.003 ISP-F=0.010 MW-L=0.007 MW-F=0.014]
  Alt-Benders[2] (mw): LB=7.368971, Z₀(α*)=-14.745193, intercept=-68.103967 (0.198s) [OMP=0.155 ISP-L=0.003 ISP-F=0.011 MW-L=0.008 MW-F=0.011]
  Alt-Benders[3] (mw): LB=7.368971, Z₀(α*)=-14.745193, intercept=-68.103967 (0.182s) [OMP=0.152 ISP-L=0.003 ISP-F=0.011 MW-L=0.008 MW-F=0.011]
  Alt-Benders[4] (mw): LB=7.368971, Z₀(α*)=-14.745193, intercept=-68.103967 (0.182s) [OMP=0.151 ISP-L=0.003 ISP-F=0.011 MW-L=0.008 MW-F=0.011]
  Alt-Benders[5]: LB stagnated, break
  OMP re-solve: 0.000s

=== True-DRO Benders iter 19 ===
  OMP: t₀=7.368971, UB=14.647443, gap=4.97e-01, x=[0, 0, 0, 0, 0, 0, 0, 0, 0, 0, 0, 0, 0, 0, 0, 0, 0, 0, 0, 0, 0, 0, 0, 0, 0, 0, 0, 0, 0, 0, 1, 1, 0, 0, 0, 0, 0, 0] (0.000s)
  Sub: Z₀=17.766956 [LOCAL] (0.7s), α=[0.000,0.000,0.000,0.000,0.000,0.000,0.000,0.000,0.000,0.000,0.000,0.000,0.000,0.000,0.986,0.000,0.000,0.000,0.000,0.000,0.000,0.000,0.000,0.000,0.000,0.000,2.747,0.000,0.000,0.000,0.000,6.970,0.000,0.000,0.000,0.000,0.000,0.000]
  Iter 19: LB=7.368971  UB=14.647443  gap=4.97e-01
  Cut: intercept=-1123.892529, π_x_range=[-823.1309, 591.1531]
  Mini-Benders[1] (mw): LB=7.390413, Z₀(α*)=16.054657, intercept=-94.040807 (0.214s) [OMP=0.170 ISP-L=0.003 ISP-F=0.010 MW-L=0.008 MW-F=0.014]
  Mini-Benders[2] (mw): LB=7.427447, Z₀(α*)=-10.583641, intercept=-18.728023 (0.198s) [OMP=0.170 ISP-L=0.003 ISP-F=0.011 MW-L=0.007 MW-F=0.009]
  Mini-Benders[3] (mw): LB=7.427447, Z₀(α*)=-10.583641, intercept=-18.728023 (0.212s) [OMP=0.166 ISP-L=0.003 ISP-F=0.011 MW-L=0.008 MW-F=0.015]
  Mini-Benders[4] (mw): LB=7.427447, Z₀(α*)=-10.583641, intercept=-18.728023 (0.198s) [OMP=0.166 ISP-L=0.003 ISP-F=0.010 MW-L=0.007 MW-F=0.010]
  Mini-Benders[5]: LB stagnated, break
  α-step: Z₀=18.483452, α=[0.000,0.000,0.000,0.000,0.000,4.731,0.000,0.000,4.190,0.000,0.000,0.000,0.000,0.000,0.000,0.000,0.000,0.000,0.000,0.000,0.000,0.882,0.000,0.000,0.000,0.000,0.899,0.000,0.000,0.000,0.000,0.000,0.000,0.000,0.000,0.000,0.000,0.000]
  Alt-Benders[1] (mw): LB=7.521919, Z₀(α*)=-11.935024, intercept=-76.484614 (0.190s) [OMP=0.162 ISP-L=0.003 ISP-F=0.009 MW-L=0.007 MW-F=0.016]
  Alt-Benders[2] (mw): LB=7.521919, Z₀(α*)=-11.935024, intercept=-76.484614 (0.151s) [OMP=0.126 ISP-L=0.004 ISP-F=0.010 MW-L=0.008 MW-F=0.010]
  Alt-Benders[3] (mw): LB=7.521919, Z₀(α*)=-11.935024, intercept=-76.484614 (0.167s) [OMP=0.129 ISP-L=0.003 ISP-F=0.010 MW-L=0.008 MW-F=0.010]
  Alt-Benders[4]: LB stagnated, break
  OMP re-solve: 0.000s

=== True-DRO Benders iter 20 ===
  OMP: t₀=7.521919, UB=14.647443, gap=4.86e-01, x=[0, 0, 0, 0, 0, 0, 0, 0, 0, 0, 0, 0, 0, 0, 0, 0, 0, 0, 0, 1, 0, 0, 0, 0, 0, 0, 1, 0, 0, 0, 0, 0, 0, 0, 0, 0, 0, 0] (0.000s)
  Sub: Z₀=16.176840 (1.4s), α=[0.000,0.000,0.000,0.000,0.000,0.000,0.000,0.000,0.000,0.000,0.000,0.000,0.000,0.000,0.745,0.000,0.000,0.000,0.000,1.107,0.000,0.000,0.000,0.000,0.000,0.000,8.851,0.000,0.000,0.000,0.000,0.000,0.000,0.000,0.000,0.000,0.000,0.000]
  Iter 20: LB=7.521919  UB=14.647443  gap=4.86e-01
  Cut: intercept=-98.502320, π_x_range=[-240.0000, 88.4909]
  Sherali-Cut: intercept=-63.713646, π_x_range=[-90.7844, 53.7023]
  Mini-Benders[1] (mw): LB=7.580993, Z₀(α*)=-11.185048, intercept=-39.983626 (0.198s) [OMP=0.156 ISP-L=0.003 ISP-F=0.010 MW-L=0.008 MW-F=0.012]
  Mini-Benders[2] (mw): LB=7.580993, Z₀(α*)=-11.185048, intercept=-39.983626 (0.167s) [OMP=0.138 ISP-L=0.003 ISP-F=0.010 MW-L=0.012 MW-F=0.012]
  Mini-Benders[3] (mw): LB=7.580993, Z₀(α*)=-11.185048, intercept=-39.983626 (0.166s) [OMP=0.137 ISP-L=0.003 ISP-F=0.010 MW-L=0.007 MW-F=0.011]
  Mini-Benders[4]: LB stagnated, break
  α-step: Z₀=17.985353, α=[0.000,0.000,0.000,0.000,0.000,1.661,0.000,0.000,4.294,0.000,0.000,0.000,0.000,0.000,0.000,0.000,0.000,0.000,0.000,0.000,0.000,0.000,0.000,0.000,0.000,0.000,4.074,0.000,0.000,0.000,0.000,0.000,0.000,0.673,0.000,0.000,0.000,0.000]
  Alt-Benders[1] (mw): LB=7.605673, Z₀(α*)=-0.019692, intercept=-13.514305 (0.223s) [OMP=0.186 ISP-L=0.003 ISP-F=0.010 MW-L=0.007 MW-F=0.016]
  Alt-Benders[2] (mw): LB=7.605673, Z₀(α*)=-0.019692, intercept=-13.514305 (0.166s) [OMP=0.136 ISP-L=0.003 ISP-F=0.010 MW-L=0.008 MW-F=0.011]
  Alt-Benders[3] (mw): LB=7.605673, Z₀(α*)=-0.019692, intercept=-13.514305 (0.167s) [OMP=0.135 ISP-L=0.003 ISP-F=0.010 MW-L=0.007 MW-F=0.011]
  Alt-Benders[4]: LB stagnated, break
  OMP re-solve: 0.000s

=== True-DRO Benders iter 21 ===
  OMP: t₀=7.605673, UB=14.647443, gap=4.81e-01, x=[0, 0, 0, 0, 0, 0, 1, 0, 0, 0, 0, 0, 0, 0, 1, 0, 0, 0, 0, 0, 0, 0, 0, 0, 0, 0, 0, 0, 0, 0, 0, 0, 0, 0, 0, 0, 0, 0] (0.000s)
  Sub: Z₀=16.092630 [LOCAL] (0.2s), α=[0.000,0.000,0.000,0.000,0.000,0.337,0.435,0.000,9.217,0.000,0.000,0.000,0.000,0.000,0.435,0.000,0.000,0.000,0.000,0.008,0.000,0.000,0.000,0.000,0.000,0.000,0.271,0.000,0.000,0.000,0.000,0.000,0.000,0.000,0.000,0.000,0.000,0.000]
  Iter 21: LB=7.605673  UB=14.647443  gap=4.81e-01
  Cut: intercept=-1122.199625, π_x_range=[-830.6130, 582.4840]
  Mini-Benders[1] (mw): LB=7.605673, Z₀(α*)=14.381836, intercept=-57.286504 (0.244s) [OMP=0.201 ISP-L=0.003 ISP-F=0.010 MW-L=0.015 MW-F=0.011]
  Mini-Benders[2] (mw): LB=7.715796, Z₀(α*)=6.690554, intercept=-23.447350 (0.198s) [OMP=0.165 ISP-L=0.003 ISP-F=0.010 MW-L=0.008 MW-F=0.010]
  Mini-Benders[3] (mw): LB=7.715796, Z₀(α*)=6.690554, intercept=-23.447350 (0.198s) [OMP=0.169 ISP-L=0.003 ISP-F=0.010 MW-L=0.008 MW-F=0.010]
  Mini-Benders[4] (mw): LB=7.715796, Z₀(α*)=6.690554, intercept=-23.447350 (0.199s) [OMP=0.162 ISP-L=0.003 ISP-F=0.010 MW-L=0.008 MW-F=0.016]
  Mini-Benders[5]: LB stagnated, break
  α-step: Z₀=18.467750, α=[0.000,0.000,0.000,0.000,0.000,0.276,0.000,0.000,5.880,0.000,0.000,0.000,0.000,0.000,0.000,0.000,0.000,0.000,0.000,0.000,0.000,0.000,0.000,0.000,0.000,0.000,4.547,0.000,0.000,0.000,0.000,0.000,0.000,0.000,0.000,0.000,0.000,0.000]
  Alt-Benders[1] (mw): LB=7.828205, Z₀(α*)=17.752856, intercept=-67.245961 (0.175s) [OMP=0.150 ISP-L=0.003 ISP-F=0.010 MW-L=0.007 MW-F=0.011]
  Alt-Benders[2] (mw): LB=7.877050, Z₀(α*)=17.731969, intercept=-35.459063 (0.198s) [OMP=0.167 ISP-L=0.003 ISP-F=0.010 MW-L=0.007 MW-F=0.016]
  Alt-Benders[3] (mw): LB=7.903236, Z₀(α*)=20.907518, intercept=14.038431 (0.197s) [OMP=0.158 ISP-L=0.003 ISP-F=0.011 MW-L=0.007 MW-F=0.016]
  Alt-Benders[4] (mw): LB=7.966099, Z₀(α*)=18.299743, intercept=-5.775573 (0.214s) [OMP=0.196 ISP-L=0.003 ISP-F=0.011 MW-L=0.007 MW-F=0.008]
  Alt-Benders[5] (mw): LB=8.134784, Z₀(α*)=18.627705, intercept=-11.342942 (0.213s) [OMP=0.176 ISP-L=0.003 ISP-F=0.010 MW-L=0.008 MW-F=0.014]
  OMP re-solve: 0.177s

=== True-DRO Benders iter 22 ===
  OMP: t₀=8.162446, UB=14.647443, gap=4.43e-01, x=[0, 0, 1, 0, 0, 0, 0, 0, 0, 0, 0, 0, 0, 0, 0, 0, 0, 0, 0, 0, 0, 1, 0, 0, 0, 0, 0, 0, 0, 0, 0, 0, 0, 0, 0, 0, 0, 0] (0.000s)
  Sub: Z₀=17.547182 [LOCAL] (0.5s), α=[0.000,0.000,0.000,0.000,0.000,0.943,0.000,0.000,3.950,0.000,0.000,0.000,0.000,0.000,0.000,0.000,0.000,0.000,0.000,0.000,0.000,5.810,0.000,0.000,0.000,0.000,0.000,0.000,0.000,0.000,0.000,0.000,0.000,0.000,0.000,0.000,0.000,0.000]
  Iter 22: LB=8.162446  UB=14.647443  gap=4.43e-01
  Cut: intercept=-1146.147472, π_x_range=[-834.0772, 591.3754]
  Mini-Benders[1] (mw): LB=8.197775, Z₀(α*)=-7.478655, intercept=-28.038019 (0.214s) [OMP=0.184 ISP-L=0.003 ISP-F=0.010 MW-L=0.007 MW-F=0.013]
  Mini-Benders[2] (mw): LB=8.197775, Z₀(α*)=-7.478655, intercept=-28.038019 (0.229s) [OMP=0.190 ISP-L=0.003 ISP-F=0.010 MW-L=0.007 MW-F=0.012]
  Mini-Benders[3] (mw): LB=8.197775, Z₀(α*)=-7.478655, intercept=-28.038019 (0.228s) [OMP=0.191 ISP-L=0.003 ISP-F=0.010 MW-L=0.007 MW-F=0.019]
  Mini-Benders[4]: LB stagnated, break
  α-step: Z₀=19.181434, α=[0.000,0.000,0.000,0.000,0.000,3.053,0.000,0.000,3.884,0.000,0.000,0.000,0.000,0.000,1.983,0.000,0.000,0.000,0.000,0.000,0.000,0.000,0.000,0.000,0.000,0.000,1.783,0.000,0.000,0.000,0.000,0.000,0.000,0.000,0.000,0.000,0.000,0.000]
  Alt-Benders[1] (mw): LB=8.210572, Z₀(α*)=9.755344, intercept=-50.193720 (0.221s) [OMP=0.192 ISP-L=0.003 ISP-F=0.011 MW-L=0.008 MW-F=0.009]
  Alt-Benders[2] (mw): LB=8.256693, Z₀(α*)=14.942225, intercept=-50.552607 (0.197s) [OMP=0.164 ISP-L=0.003 ISP-F=0.011 MW-L=0.009 MW-F=0.017]
  Alt-Benders[3] (mw): LB=8.285774, Z₀(α*)=-4.938927, intercept=-24.545021 (0.229s) [OMP=0.185 ISP-L=0.003 ISP-F=0.010 MW-L=0.008 MW-F=0.011]
  Alt-Benders[4] (mw): LB=8.285774, Z₀(α*)=-4.938927, intercept=-24.545021 (0.198s) [OMP=0.178 ISP-L=0.003 ISP-F=0.010 MW-L=0.007 MW-F=0.011]
  Alt-Benders[5] (mw): LB=8.285774, Z₀(α*)=-4.938927, intercept=-24.545021 (0.214s) [OMP=0.181 ISP-L=0.003 ISP-F=0.010 MW-L=0.007 MW-F=0.010]
  OMP re-solve: 0.178s

=== True-DRO Benders iter 23 ===
  OMP: t₀=8.285774, UB=14.647443, gap=4.34e-01, x=[0, 0, 0, 0, 0, 0, 0, 0, 0, 0, 0, 0, 0, 0, 0, 0, 0, 1, 0, 1, 0, 0, 0, 0, 0, 0, 0, 0, 0, 0, 0, 0, 0, 0, 0, 0, 0, 0] (0.000s)
  Sub: Z₀=17.899791 [LOCAL] (0.2s), α=[0.000,0.000,0.000,0.000,0.000,0.000,0.000,0.000,0.000,0.000,0.000,0.000,0.000,0.000,1.816,0.000,0.000,0.000,0.000,7.827,0.000,0.000,0.000,0.000,0.000,0.000,1.060,0.000,0.000,0.000,0.000,0.000,0.000,0.000,0.000,0.000,0.000,0.000]
  Iter 23: LB=8.285774  UB=14.647443  gap=4.34e-01
  Cut: intercept=-1111.293298, π_x_range=[-830.9827, 583.7315]
  Mini-Benders[1] (mw): LB=8.386711, Z₀(α*)=-9.968226, intercept=-47.377700 (0.198s) [OMP=0.165 ISP-L=0.003 ISP-F=0.010 MW-L=0.007 MW-F=0.011]
  Mini-Benders[2] (mw): LB=8.386711, Z₀(α*)=-9.968226, intercept=-47.377700 (0.182s) [OMP=0.159 ISP-L=0.003 ISP-F=0.010 MW-L=0.007 MW-F=0.011]
  Mini-Benders[3] (mw): LB=8.386711, Z₀(α*)=-9.968226, intercept=-47.377700 (0.198s) [OMP=0.159 ISP-L=0.003 ISP-F=0.010 MW-L=0.007 MW-F=0.017]
  Mini-Benders[4]: LB stagnated, break
  α-step: Z₀=19.876446, α=[0.000,0.000,0.000,0.000,0.000,3.811,0.882,0.000,4.606,0.000,0.000,0.000,0.000,0.000,0.000,0.000,0.000,0.000,0.000,0.721,0.000,0.000,0.000,0.000,0.000,0.000,0.682,0.000,0.000,0.000,0.000,0.000,0.000,0.000,0.000,0.000,0.000,0.000]
  Alt-Benders[1] (mw): LB=8.418108, Z₀(α*)=11.247048, intercept=-46.940088 (0.199s) [OMP=0.176 ISP-L=0.003 ISP-F=0.010 MW-L=0.007 MW-F=0.009]
  Alt-Benders[2] (mw): LB=8.427756, Z₀(α*)=19.876446, intercept=-25.685142 (0.213s) [OMP=0.174 ISP-L=0.003 ISP-F=0.010 MW-L=0.007 MW-F=0.023]
  Alt-Benders[3] (mw): LB=8.442388, Z₀(α*)=8.507643, intercept=-21.744830 (0.198s) [OMP=0.151 ISP-L=0.003 ISP-F=0.010 MW-L=0.008 MW-F=0.013]
  Alt-Benders[4] (mw): LB=8.450554, Z₀(α*)=14.158794, intercept=-11.111774 (0.198s) [OMP=0.171 ISP-L=0.003 ISP-F=0.010 MW-L=0.007 MW-F=0.011]
  Alt-Benders[5] (mw): LB=8.476785, Z₀(α*)=15.888637, intercept=-12.507863 (0.213s) [OMP=0.183 ISP-L=0.003 ISP-F=0.010 MW-L=0.007 MW-F=0.012]
  OMP re-solve: 0.156s

=== True-DRO Benders iter 24 ===
  OMP: t₀=8.485882, UB=14.647443, gap=4.21e-01, x=[0, 0, 0, 0, 0, 0, 0, 0, 0, 0, 0, 1, 0, 0, 1, 0, 0, 0, 0, 0, 0, 0, 0, 0, 0, 0, 0, 0, 0, 0, 0, 0, 0, 0, 0, 0, 0, 0] (0.000s)
  Sub: Z₀=17.838827 [LOCAL] (0.3s), α=[0.000,0.000,0.000,0.000,0.000,0.742,0.000,0.000,2.519,0.000,0.000,0.000,0.000,0.000,6.523,0.000,0.000,0.000,0.000,0.000,0.000,0.000,0.000,0.000,0.000,0.000,0.918,0.000,0.000,0.000,0.000,0.000,0.000,0.000,0.000,0.000,0.000,0.000]
  Iter 24: LB=8.485882  UB=14.647443  gap=4.21e-01
  Cut: intercept=-1149.364246, π_x_range=[-828.6632, 586.3169]
  Mini-Benders[1] (mw): LB=8.507641, Z₀(α*)=15.713184, intercept=-14.489608 (0.214s) [OMP=0.181 ISP-L=0.003 ISP-F=0.010 MW-L=0.008 MW-F=0.011]
  Mini-Benders[2] (mw): LB=8.560643, Z₀(α*)=15.741564, intercept=-35.640428 (0.213s) [OMP=0.182 ISP-L=0.003 ISP-F=0.010 MW-L=0.008 MW-F=0.011]
  Mini-Benders[3] (mw): LB=8.561624, Z₀(α*)=-9.851852, intercept=-21.452689 (0.229s) [OMP=0.179 ISP-L=0.003 ISP-F=0.009 MW-L=0.008 MW-F=0.019]
  Mini-Benders[4] (mw): LB=8.561624, Z₀(α*)=-9.851852, intercept=-21.452689 (0.213s) [OMP=0.174 ISP-L=0.004 ISP-F=0.009 MW-L=0.008 MW-F=0.012]
  Mini-Benders[5] (mw): LB=8.561624, Z₀(α*)=-9.851852, intercept=-21.452689 (0.198s) [OMP=0.169 ISP-L=0.003 ISP-F=0.009 MW-L=0.008 MW-F=0.013]
  α-step: Z₀=17.549335, α=[0.000,0.000,0.000,0.000,0.000,3.286,0.000,0.000,4.853,0.000,0.000,0.000,0.000,0.000,0.000,0.000,0.000,0.000,0.000,0.000,0.000,0.882,0.000,0.000,0.000,0.000,1.681,0.000,0.000,0.000,0.000,0.000,0.000,0.000,0.000,0.000,0.000,0.000]
  Alt-Benders[1] (mw): LB=8.628356, Z₀(α*)=6.480986, intercept=-36.385933 (0.198s) [OMP=0.167 ISP-L=0.003 ISP-F=0.009 MW-L=0.008 MW-F=0.011]
  Alt-Benders[2] (mw): LB=8.628356, Z₀(α*)=6.480986, intercept=-36.385933 (0.197s) [OMP=0.157 ISP-L=0.003 ISP-F=0.010 MW-L=0.007 MW-F=0.012]
  Alt-Benders[3] (mw): LB=8.628356, Z₀(α*)=6.480986, intercept=-36.385933 (0.182s) [OMP=0.156 ISP-L=0.003 ISP-F=0.009 MW-L=0.007 MW-F=0.011]
  Alt-Benders[4]: LB stagnated, break
  OMP re-solve: 0.000s

=== True-DRO Benders iter 25 ===
  OMP: t₀=8.628356, UB=14.647443, gap=4.11e-01, x=[0, 0, 0, 0, 0, 0, 0, 0, 0, 0, 0, 0, 0, 0, 0, 0, 0, 0, 0, 0, 0, 0, 0, 0, 0, 0, 0, 1, 0, 0, 0, 0, 1, 0, 0, 0, 0, 0] (0.000s)
  Sub: Z₀=18.531237 [TIME_LIMIT] (15.1s), α=[0.000,0.000,0.000,0.000,0.000,0.522,0.000,0.000,3.669,0.000,0.000,0.000,0.000,0.000,0.962,0.000,0.000,0.000,0.000,0.000,0.000,0.000,0.000,0.000,0.000,0.000,5.550,0.000,0.000,0.000,0.000,0.000,0.000,0.000,0.000,0.000,0.000,0.000]
  Iter 25: LB=8.628356  UB=14.647443  gap=4.11e-01
  Cut: intercept=-45.344683, π_x_range=[-186.6600, 56.3081]
  Mini-Benders[1] (mw): LB=8.777063, Z₀(α*)=8.207668, intercept=-36.101597 (0.245s) [OMP=0.211 ISP-L=0.004 ISP-F=0.010 MW-L=0.008 MW-F=0.011]
  Mini-Benders[2] (mw): LB=8.777063, Z₀(α*)=8.207668, intercept=-36.101597 (0.229s) [OMP=0.194 ISP-L=0.003 ISP-F=0.009 MW-L=0.008 MW-F=0.010]
  Mini-Benders[3] (mw): LB=8.777063, Z₀(α*)=8.207668, intercept=-36.101597 (0.229s) [OMP=0.190 ISP-L=0.003 ISP-F=0.010 MW-L=0.008 MW-F=0.017]
  Mini-Benders[4]: LB stagnated, break
  α-step: Z₀=17.075465, α=[0.000,0.000,0.000,0.000,0.000,3.060,0.882,0.000,5.127,0.000,0.000,0.000,0.000,0.000,0.000,0.000,0.000,0.000,0.000,0.952,0.000,0.000,0.000,0.000,0.000,0.000,0.682,0.000,0.000,0.000,0.000,0.000,0.000,0.000,0.000,0.000,0.000,0.000]
  Alt-Benders[1] (mw): LB=8.813396, Z₀(α*)=1.702428, intercept=-73.551599 (0.217s) [OMP=0.195 ISP-L=0.004 ISP-F=0.011 MW-L=0.008 MW-F=0.009]
  Alt-Benders[2] (mw): LB=8.813396, Z₀(α*)=1.702428, intercept=-73.551599 (0.213s) [OMP=0.166 ISP-L=0.003 ISP-F=0.010 MW-L=0.008 MW-F=0.016]
  Alt-Benders[3] (mw): LB=8.813396, Z₀(α*)=1.702428, intercept=-73.551599 (0.198s) [OMP=0.165 ISP-L=0.003 ISP-F=0.011 MW-L=0.008 MW-F=0.010]
  Alt-Benders[4]: LB stagnated, break
  OMP re-solve: 0.000s

=== True-DRO Benders iter 26 ===
  OMP: t₀=8.813396, UB=14.647443, gap=3.98e-01, x=[0, 0, 0, 0, 0, 0, 0, 0, 0, 0, 0, 0, 0, 0, 0, 0, 0, 0, 0, 0, 0, 0, 0, 0, 0, 0, 1, 0, 0, 0, 0, 1, 0, 0, 0, 0, 0, 0] (0.000s)
  Sub: Z₀=16.761015 [LOCAL] (0.2s), α=[0.000,0.000,0.000,0.000,0.000,0.000,0.000,0.000,0.000,0.000,0.000,0.000,0.000,0.000,0.000,0.000,0.000,0.000,0.000,0.000,0.000,0.000,0.000,0.000,0.000,0.000,5.898,0.000,0.000,0.000,0.000,4.805,0.000,0.000,0.000,0.000,0.000,0.000]
  Iter 26: LB=8.813396  UB=14.647443  gap=3.98e-01
  Cut: intercept=-1128.057376, π_x_range=[-823.4840, 591.4521]
  Mini-Benders[1] (mw): LB=8.851185, Z₀(α*)=-0.560939, intercept=-38.803564 (0.229s) [OMP=0.187 ISP-L=0.003 ISP-F=0.010 MW-L=0.007 MW-F=0.013]
  Mini-Benders[2] (mw): LB=8.851185, Z₀(α*)=-0.560939, intercept=-38.803564 (0.198s) [OMP=0.168 ISP-L=0.003 ISP-F=0.010 MW-L=0.013 MW-F=0.012]
  Mini-Benders[3] (mw): LB=8.851185, Z₀(α*)=-0.560939, intercept=-38.803564 (0.213s) [OMP=0.168 ISP-L=0.003 ISP-F=0.010 MW-L=0.007 MW-F=0.013]
  Mini-Benders[4]: LB stagnated, break
  α-step: Z₀=20.892202, α=[0.000,0.000,0.000,0.000,0.000,0.263,0.000,0.000,2.139,0.000,0.000,0.000,0.000,0.000,1.604,0.000,0.000,0.000,0.000,1.796,0.000,0.000,0.000,0.000,0.000,0.000,4.899,0.000,0.000,0.000,0.000,0.000,0.000,0.000,0.000,0.000,0.000,0.000]
  Alt-Benders[1] (mw): LB=8.870474, Z₀(α*)=13.724150, intercept=-31.188132 (0.220s) [OMP=0.197 ISP-L=0.003 ISP-F=0.009 MW-L=0.007 MW-F=0.016]
  Alt-Benders[2] (mw): LB=8.905803, Z₀(α*)=13.995527, intercept=-1.873644 (0.214s) [OMP=0.169 ISP-L=0.004 ISP-F=0.011 MW-L=0.007 MW-F=0.010]
  Alt-Benders[3] (mw): LB=8.961387, Z₀(α*)=10.295183, intercept=2.864703 (0.213s) [OMP=0.184 ISP-L=0.003 ISP-F=0.010 MW-L=0.007 MW-F=0.012]
  Alt-Benders[4] (mw): LB=8.965769, Z₀(α*)=-13.038167, intercept=-101.842514 (0.213s) [OMP=0.171 ISP-L=0.003 ISP-F=0.010 MW-L=0.007 MW-F=0.017]
  Alt-Benders[5] (mw): LB=8.965769, Z₀(α*)=-13.038167, intercept=-101.842514 (0.183s) [OMP=0.157 ISP-L=0.003 ISP-F=0.011 MW-L=0.008 MW-F=0.011]
  OMP re-solve: 0.162s

=== True-DRO Benders iter 27 ===
  OMP: t₀=8.965769, UB=14.647443, gap=3.88e-01, x=[0, 0, 0, 0, 0, 0, 0, 0, 0, 0, 0, 0, 0, 0, 0, 0, 0, 0, 0, 0, 0, 0, 0, 0, 0, 0, 0, 0, 0, 0, 0, 1, 1, 0, 0, 0, 0, 0] (0.000s)
  Sub: Z₀=16.175174 [LOCAL] (0.4s), α=[0.000,0.000,0.000,0.000,0.000,0.000,0.000,0.000,0.000,0.000,0.000,0.000,0.000,0.000,0.000,0.000,0.000,0.000,0.000,0.000,0.000,0.000,0.000,0.000,0.000,0.000,0.000,0.000,0.000,0.000,0.000,4.715,5.828,0.159,0.000,0.000,0.000,0.000]
  Iter 27: LB=8.965769  UB=14.647443  gap=3.88e-01
  Cut: intercept=-1081.868131, π_x_range=[-825.6372, 558.6279]
  Mini-Benders[1] (mw): LB=8.970182, Z₀(α*)=-40.436595, intercept=-38.887213 (0.213s) [OMP=0.184 ISP-L=0.003 ISP-F=0.011 MW-L=0.006 MW-F=0.010]
  Mini-Benders[2] (mw): LB=8.970182, Z₀(α*)=-40.436595, intercept=-38.887213 (0.203s) [OMP=0.167 ISP-L=0.003 ISP-F=0.011 MW-L=0.014 MW-F=0.010]
  Mini-Benders[3] (mw): LB=8.970182, Z₀(α*)=-40.436595, intercept=-38.887213 (0.198s) [OMP=0.165 ISP-L=0.003 ISP-F=0.011 MW-L=0.006 MW-F=0.010]
  Mini-Benders[4]: LB stagnated, break
  α-step: Z₀=18.661077, α=[0.000,0.000,0.000,0.000,0.000,5.173,0.000,0.000,4.631,0.000,0.000,0.000,0.000,0.000,0.000,0.000,0.000,0.000,0.000,0.000,0.000,0.000,0.000,0.000,0.000,0.000,0.899,0.000,0.000,0.000,0.000,0.000,0.000,0.000,0.000,0.000,0.000,0.000]
  Alt-Benders[1] (mw): LB=9.097423, Z₀(α*)=11.675195, intercept=-6.869596 (0.210s) [OMP=0.173 ISP-L=0.003 ISP-F=0.010 MW-L=0.007 MW-F=0.017]
  Alt-Benders[2] (mw): LB=9.142806, Z₀(α*)=-14.676674, intercept=-103.573672 (0.213s) [OMP=0.184 ISP-L=0.003 ISP-F=0.009 MW-L=0.007 MW-F=0.010]
  Alt-Benders[3] (mw): LB=9.142806, Z₀(α*)=-14.676674, intercept=-103.573672 (0.198s) [OMP=0.164 ISP-L=0.003 ISP-F=0.009 MW-L=0.007 MW-F=0.010]
  Alt-Benders[4] (mw): LB=9.142806, Z₀(α*)=-14.676674, intercept=-103.573672 (0.198s) [OMP=0.165 ISP-L=0.003 ISP-F=0.009 MW-L=0.007 MW-F=0.010]
  Alt-Benders[5]: LB stagnated, break
  OMP re-solve: 0.000s

=== True-DRO Benders iter 28 ===
  OMP: t₀=9.142806, UB=14.647443, gap=3.76e-01, x=[0, 0, 0, 0, 0, 0, 0, 0, 0, 0, 0, 0, 0, 0, 0, 0, 0, 0, 0, 1, 0, 0, 0, 0, 0, 0, 0, 0, 0, 0, 0, 1, 0, 0, 0, 0, 0, 0] (0.000s)
  Sub: Z₀=18.169232 [LOCAL] (0.3s), α=[0.000,0.000,0.000,0.000,0.000,0.000,0.000,0.000,0.000,0.000,0.000,0.000,0.000,0.000,1.816,0.000,0.000,0.000,0.000,3.714,0.000,0.000,0.000,0.000,0.000,0.000,4.684,0.000,0.000,0.000,0.000,0.489,0.000,0.000,0.000,0.000,0.000,0.000]
  Iter 28: LB=9.142806  UB=14.647443  gap=3.76e-01
  Cut: intercept=-1107.705858, π_x_range=[-825.3842, 565.2987]
  Mini-Benders[1] (mw): LB=9.346459, Z₀(α*)=11.615301, intercept=-41.791507 (0.244s) [OMP=0.198 ISP-L=0.003 ISP-F=0.013 MW-L=0.007 MW-F=0.011]
  Mini-Benders[2] (mw): LB=9.355241, Z₀(α*)=-12.579061, intercept=-25.787760 (0.213s) [OMP=0.177 ISP-L=0.003 ISP-F=0.010 MW-L=0.008 MW-F=0.012]
  Mini-Benders[3] (mw): LB=9.355241, Z₀(α*)=-12.579061, intercept=-25.787760 (0.136s) [OMP=0.095 ISP-L=0.003 ISP-F=0.010 MW-L=0.014 MW-F=0.012]
  Mini-Benders[4] (mw): LB=9.355241, Z₀(α*)=-12.579061, intercept=-25.787760 (0.119s) [OMP=0.093 ISP-L=0.003 ISP-F=0.010 MW-L=0.008 MW-F=0.012]
  Mini-Benders[5]: LB stagnated, break
  α-step: Z₀=18.180426, α=[1.656,0.000,0.000,0.000,0.000,4.005,0.000,0.000,0.066,0.000,0.000,0.000,0.000,0.000,1.072,0.000,0.000,0.000,0.000,3.904,0.000,0.000,0.000,0.000,0.000,0.000,0.000,0.000,0.000,0.000,0.000,0.000,0.000,0.000,0.000,0.000,0.000,0.000]
  Alt-Benders[1] (mw): LB=9.495763, Z₀(α*)=10.059952, intercept=9.490663 (0.233s) [OMP=0.193 ISP-L=0.003 ISP-F=0.011 MW-L=0.006 MW-F=0.018]
  Alt-Benders[2] (mw): LB=9.532667, Z₀(α*)=16.913292, intercept=0.127076 (0.182s) [OMP=0.155 ISP-L=0.003 ISP-F=0.011 MW-L=0.007 MW-F=0.011]
  Alt-Benders[3] (mw): LB=9.561896, Z₀(α*)=15.486616, intercept=3.939447 (0.229s) [OMP=0.192 ISP-L=0.003 ISP-F=0.011 MW-L=0.007 MW-F=0.009]
  Alt-Benders[4] (mw): LB=9.561896, Z₀(α*)=15.486616, intercept=3.939448 (0.213s) [OMP=0.184 ISP-L=0.003 ISP-F=0.010 MW-L=0.007 MW-F=0.008]
  Alt-Benders[5] (mw): LB=9.572741, Z₀(α*)=-0.096149, intercept=-22.955728 (0.229s) [OMP=0.200 ISP-L=0.003 ISP-F=0.010 MW-L=0.014 MW-F=0.010]
  OMP re-solve: 0.195s

=== True-DRO Benders iter 29 ===
  OMP: t₀=9.572741, UB=14.647443, gap=3.46e-01, x=[0, 0, 1, 0, 0, 1, 0, 0, 0, 0, 0, 0, 0, 0, 0, 0, 0, 0, 0, 0, 0, 0, 0, 0, 0, 0, 0, 0, 0, 0, 0, 0, 0, 0, 0, 0, 0, 0] (0.000s)
  Sub: Z₀=16.748009 [LOCAL] (0.1s), α=[0.000,0.000,0.000,0.000,0.000,10.702,0.000,0.000,0.000,0.000,0.000,0.000,0.000,0.000,0.000,0.000,0.000,0.000,0.000,0.000,0.000,0.000,0.000,0.000,0.000,0.000,0.000,0.000,0.000,0.000,0.000,0.000,0.000,0.000,0.000,0.000,0.000,0.000]
  Iter 29: LB=9.572741  UB=14.647443  gap=3.46e-01
  Cut: intercept=-1155.280958, π_x_range=[-828.8519, 593.0348]
  Mini-Benders[1] (mw): LB=9.731868, Z₀(α*)=-1.264037, intercept=-30.865272 (0.229s) [OMP=0.201 ISP-L=0.003 ISP-F=0.011 MW-L=0.007 MW-F=0.009]
  Mini-Benders[2] (mw): LB=9.731868, Z₀(α*)=-1.264037, intercept=-30.865272 (0.198s) [OMP=0.163 ISP-L=0.003 ISP-F=0.010 MW-L=0.013 MW-F=0.009]
  Mini-Benders[3] (mw): LB=9.731868, Z₀(α*)=-1.264037, intercept=-30.865272 (0.198s) [OMP=0.162 ISP-L=0.003 ISP-F=0.010 MW-L=0.007 MW-F=0.009]
  Mini-Benders[4]: LB stagnated, break
  α-step: Z₀=17.468532, α=[0.000,0.000,0.000,0.000,0.000,0.276,0.882,0.000,1.961,0.000,0.000,0.000,0.000,0.000,0.000,0.000,0.000,0.000,0.000,0.000,0.000,0.000,0.000,0.000,0.000,0.000,7.583,0.000,0.000,0.000,0.000,0.000,0.000,0.000,0.000,0.000,0.000,0.000]
  Alt-Benders[1] (mw): LB=9.755342, Z₀(α*)=0.781284, intercept=-44.875321 (0.233s) [OMP=0.196 ISP-L=0.003 ISP-F=0.010 MW-L=0.008 MW-F=0.015]
  Alt-Benders[2] (mw): LB=9.755342, Z₀(α*)=0.781284, intercept=-44.875321 (0.197s) [OMP=0.172 ISP-L=0.003 ISP-F=0.010 MW-L=0.008 MW-F=0.009]
  Alt-Benders[3] (mw): LB=9.755342, Z₀(α*)=0.781284, intercept=-44.875321 (0.214s) [OMP=0.175 ISP-L=0.003 ISP-F=0.010 MW-L=0.008 MW-F=0.009]
  Alt-Benders[4]: LB stagnated, break
  OMP re-solve: 0.000s

=== True-DRO Benders iter 30 ===
  OMP: t₀=9.755342, UB=14.647443, gap=3.34e-01, x=[0, 0, 0, 0, 0, 0, 0, 0, 0, 0, 0, 0, 0, 0, 0, 0, 0, 0, 0, 0, 0, 1, 0, 0, 0, 0, 0, 0, 0, 0, 0, 0, 1, 0, 0, 0, 0, 0] (0.000s)
  Sub: Z₀=16.880387 (9.2s), α=[0.000,0.000,0.000,0.000,0.000,3.421,0.000,0.000,4.631,0.000,0.000,0.000,0.000,0.000,0.000,0.000,0.000,0.000,0.000,0.000,0.000,0.000,0.000,0.000,0.000,0.000,2.651,0.000,0.000,0.000,0.000,0.000,0.000,0.000,0.000,0.000,0.000,0.000]
  Iter 30: LB=9.755342  UB=14.647443  gap=3.34e-01
  Cut: intercept=-72.974737, π_x_range=[-213.3332, 52.0337]
  Sherali-Cut: intercept=-25.994443, π_x_range=[-148.4684, 29.6077]
  Mini-Benders[1] (mw): LB=9.822881, Z₀(α*)=8.069102, intercept=-63.956519 (0.234s) [OMP=0.200 ISP-L=0.003 ISP-F=0.010 MW-L=0.007 MW-F=0.010]
  Mini-Benders[2] (mw): LB=9.822881, Z₀(α*)=8.069102, intercept=-63.956519 (0.230s) [OMP=0.189 ISP-L=0.003 ISP-F=0.010 MW-L=0.012 MW-F=0.011]
  Mini-Benders[3] (mw): LB=9.822881, Z₀(α*)=8.069102, intercept=-63.956519 (0.229s) [OMP=0.191 ISP-L=0.003 ISP-F=0.010 MW-L=0.007 MW-F=0.010]
  Mini-Benders[4]: LB stagnated, break
  α-step: Z₀=17.791420, α=[0.000,0.000,0.000,0.000,0.000,0.000,0.000,0.000,2.429,0.000,0.000,0.000,0.000,0.000,3.256,0.000,0.000,0.000,0.000,0.000,0.000,0.000,0.000,0.000,0.000,0.000,5.017,0.000,0.000,0.000,0.000,0.000,0.000,0.000,0.000,0.000,0.000,0.000]
  Alt-Benders[1] (mw): LB=9.968399, Z₀(α*)=19.104527, intercept=15.297320 (0.224s) [OMP=0.189 ISP-L=0.004 ISP-F=0.011 MW-L=0.008 MW-F=0.016]
  Alt-Benders[2] (mw): LB=10.003520, Z₀(α*)=18.788134, intercept=-45.485074 (0.260s) [OMP=0.219 ISP-L=0.003 ISP-F=0.011 MW-L=0.008 MW-F=0.021]
  Alt-Benders[3] (mw): LB=10.040878, Z₀(α*)=19.490641, intercept=5.052539 (0.229s) [OMP=0.198 ISP-L=0.004 ISP-F=0.012 MW-L=0.008 MW-F=0.010]
  Alt-Benders[4] (mw): LB=10.059950, Z₀(α*)=-1.523232, intercept=-44.125085 (0.244s) [OMP=0.214 ISP-L=0.003 ISP-F=0.011 MW-L=0.008 MW-F=0.010]
  Alt-Benders[5] (mw): LB=10.059950, Z₀(α*)=-1.523232, intercept=-44.125085 (0.261s) [OMP=0.208 ISP-L=0.003 ISP-F=0.017 MW-L=0.008 MW-F=0.011]
  OMP re-solve: 0.206s

=== True-DRO Benders iter 31 ===
  OMP: t₀=10.059950, UB=14.647443, gap=3.13e-01, x=[1, 0, 0, 0, 0, 0, 0, 0, 0, 0, 0, 0, 0, 0, 1, 0, 0, 0, 0, 0, 0, 0, 0, 0, 0, 0, 0, 0, 0, 0, 0, 0, 0, 0, 0, 0, 0, 0] (0.000s)
  Sub: Z₀=17.538700 [LOCAL] (0.2s), α=[0.000,0.000,0.000,0.000,0.000,1.906,0.000,0.000,3.683,0.000,0.000,0.000,0.000,0.000,5.113,0.000,0.000,0.000,0.000,0.000,0.000,0.000,0.000,0.000,0.000,0.000,0.000,0.000,0.000,0.000,0.000,0.000,0.000,0.000,0.000,0.000,0.000,0.000]
  Iter 31: LB=10.059950  UB=14.647443  gap=3.13e-01
  Cut: intercept=-1119.312099, π_x_range=[-832.4193, 588.2661]
  Mini-Benders[1] (mw): LB=10.068369, Z₀(α*)=13.910865, intercept=-23.679502 (0.245s) [OMP=0.218 ISP-L=0.004 ISP-F=0.011 MW-L=0.008 MW-F=0.008]
  Mini-Benders[2] (mw): LB=10.265762, Z₀(α*)=-5.715530, intercept=-74.772051 (0.229s) [OMP=0.187 ISP-L=0.004 ISP-F=0.011 MW-L=0.015 MW-F=0.010]
  Mini-Benders[3] (mw): LB=10.265762, Z₀(α*)=-5.715530, intercept=-74.772051 (0.213s) [OMP=0.183 ISP-L=0.003 ISP-F=0.011 MW-L=0.009 MW-F=0.010]
  Mini-Benders[4] (mw): LB=10.265762, Z₀(α*)=-5.715530, intercept=-74.772051 (0.229s) [OMP=0.187 ISP-L=0.003 ISP-F=0.011 MW-L=0.008 MW-F=0.010]
  Mini-Benders[5]: LB stagnated, break
  α-step: Z₀=18.493471, α=[0.000,0.000,0.000,0.000,0.000,0.000,0.000,0.000,0.000,0.000,0.000,0.000,0.000,0.000,3.057,0.000,0.000,0.000,0.000,0.000,0.000,0.000,0.000,0.000,0.000,0.000,4.818,0.000,0.000,0.000,0.000,0.000,0.000,2.827,0.000,0.000,0.000,0.000]
  Alt-Benders[1] (mw): LB=10.384889, Z₀(α*)=0.069528, intercept=-95.344398 (0.239s) [OMP=0.206 ISP-L=0.003 ISP-F=0.011 MW-L=0.007 MW-F=0.016]
  Alt-Benders[2] (mw): LB=10.384889, Z₀(α*)=0.069528, intercept=-95.344398 (0.229s) [OMP=0.195 ISP-L=0.003 ISP-F=0.011 MW-L=0.007 MW-F=0.016]
  Alt-Benders[3] (mw): LB=10.384889, Z₀(α*)=0.069528, intercept=-95.344398 (0.229s) [OMP=0.193 ISP-L=0.003 ISP-F=0.011 MW-L=0.007 MW-F=0.017]
  Alt-Benders[4]: LB stagnated, break
  OMP re-solve: 0.000s

=== True-DRO Benders iter 32 ===
  OMP: t₀=10.384889, UB=14.647443, gap=2.91e-01, x=[1, 0, 0, 0, 0, 0, 0, 0, 0, 0, 0, 0, 0, 0, 0, 0, 0, 0, 0, 0, 0, 0, 0, 0, 0, 0, 0, 0, 0, 0, 0, 1, 0, 0, 0, 0, 0, 0] (0.000s)
  Sub: Z₀=17.568211 [LOCAL] (0.2s), α=[0.000,0.000,0.846,0.000,0.000,0.002,0.000,0.000,1.035,0.000,0.000,0.000,0.000,0.000,0.173,0.000,0.000,0.000,0.000,0.000,0.000,0.000,0.000,0.000,0.000,0.000,1.094,0.000,0.000,0.000,0.000,7.553,0.000,0.000,0.000,0.000,0.000,0.000]
  Iter 32: LB=10.384889  UB=14.647443  gap=2.91e-01
  Cut: intercept=-1054.583225, π_x_range=[-823.6774, 538.9661]
  Mini-Benders[1] (mw): LB=10.422594, Z₀(α*)=-13.187723, intercept=-39.012463 (0.214s) [OMP=0.184 ISP-L=0.003 ISP-F=0.010 MW-L=0.007 MW-F=0.011]
  Mini-Benders[2] (mw): LB=10.422594, Z₀(α*)=-13.187723, intercept=-39.012463 (0.229s) [OMP=0.193 ISP-L=0.003 ISP-F=0.011 MW-L=0.007 MW-F=0.012]
  Mini-Benders[3] (mw): LB=10.422594, Z₀(α*)=-13.187723, intercept=-39.012463 (0.244s) [OMP=0.193 ISP-L=0.003 ISP-F=0.011 MW-L=0.013 MW-F=0.012]
  Mini-Benders[4]: LB stagnated, break
  α-step: Z₀=18.478757, α=[0.000,0.000,0.000,0.000,0.000,0.519,0.000,0.000,2.441,0.000,0.000,0.000,0.000,0.000,2.190,0.000,0.000,0.000,0.000,0.000,0.000,0.000,0.000,0.000,0.000,0.000,5.553,0.000,0.000,0.000,0.000,0.000,0.000,0.000,0.000,0.000,0.000,0.000]
  Alt-Benders[1] (mw): LB=10.510097, Z₀(α*)=19.856759, intercept=15.255895 (0.260s) [OMP=0.211 ISP-L=0.003 ISP-F=0.010 MW-L=0.007 MW-F=0.015]
  Alt-Benders[2] (mw): LB=10.585190, Z₀(α*)=7.171029, intercept=8.995980 (0.229s) [OMP=0.205 ISP-L=0.003 ISP-F=0.011 MW-L=0.008 MW-F=0.017]
  Alt-Benders[3] (mw): LB=10.585190, Z₀(α*)=7.171029, intercept=8.995980 (0.245s) [OMP=0.209 ISP-L=0.003 ISP-F=0.010 MW-L=0.007 MW-F=0.010]
  Alt-Benders[4] (mw): LB=10.585190, Z₀(α*)=7.171029, intercept=8.995980 (0.244s) [OMP=0.203 ISP-L=0.003 ISP-F=0.010 MW-L=0.008 MW-F=0.010]
  Alt-Benders[5]: LB stagnated, break
  OMP re-solve: 0.000s

=== True-DRO Benders iter 33 ===
  OMP: t₀=10.585190, UB=14.647443, gap=2.77e-01, x=[1, 0, 0, 0, 0, 0, 0, 0, 0, 0, 0, 0, 0, 0, 0, 0, 0, 0, 0, 0, 0, 0, 0, 0, 0, 0, 0, 0, 0, 0, 0, 0, 0, 0, 0, 0, 1, 0] (0.000s)
  Sub: Z₀=21.530490 [LOCAL] (0.2s), α=[0.000,0.000,0.000,0.000,0.000,4.489,0.000,0.000,4.796,0.000,0.000,0.000,0.000,0.000,1.072,0.000,0.000,0.000,0.000,0.000,0.000,0.000,0.000,0.000,0.000,0.000,0.346,0.000,0.000,0.000,0.000,0.000,0.000,0.000,0.000,0.000,0.000,0.000]
  Iter 33: LB=10.585190  UB=14.647443  gap=2.77e-01
  Cut: intercept=-1099.206924, π_x_range=[-832.8745, 575.4362]
  Mini-Benders[1] (mw): LB=10.591545, Z₀(α*)=3.867852, intercept=-65.780417 (0.245s) [OMP=0.211 ISP-L=0.003 ISP-F=0.011 MW-L=0.014 MW-F=0.010]
  Mini-Benders[2] (mw): LB=10.591545, Z₀(α*)=3.867852, intercept=-65.780417 (0.244s) [OMP=0.218 ISP-L=0.003 ISP-F=0.011 MW-L=0.008 MW-F=0.010]
  Mini-Benders[3] (mw): LB=10.591545, Z₀(α*)=3.867852, intercept=-65.780417 (0.260s) [OMP=0.212 ISP-L=0.003 ISP-F=0.011 MW-L=0.008 MW-F=0.010]
  Mini-Benders[4]: LB stagnated, break
  α-step: Z₀=19.049290, α=[0.000,0.000,0.000,0.000,0.000,0.000,0.000,0.000,2.429,0.000,0.000,0.000,0.000,0.000,3.256,0.000,0.000,0.000,0.000,0.000,0.000,0.000,0.000,0.000,0.000,0.000,5.017,0.000,0.000,0.000,0.000,0.000,0.000,0.000,0.000,0.000,0.000,0.000]
  Alt-Benders[1] (mw): LB=10.591545, Z₀(α*)=19.341432, intercept=-65.133248 (0.245s) [OMP=0.219 ISP-L=0.003 ISP-F=0.011 MW-L=0.007 MW-F=0.011]
  Alt-Benders[2] (mw): LB=10.591545, Z₀(α*)=18.763283, intercept=-44.285065 (0.260s) [OMP=0.221 ISP-L=0.003 ISP-F=0.010 MW-L=0.008 MW-F=0.021]
  Alt-Benders[3] (mw): LB=10.591545, Z₀(α*)=19.333199, intercept=-36.301836 (0.261s) [OMP=0.214 ISP-L=0.003 ISP-F=0.011 MW-L=0.007 MW-F=0.015]
  Alt-Benders[4] (mw): LB=10.695437, Z₀(α*)=-10.123185, intercept=-22.064019 (0.244s) [OMP=0.211 ISP-L=0.003 ISP-F=0.009 MW-L=0.008 MW-F=0.014]
  Alt-Benders[5] (mw): LB=10.695437, Z₀(α*)=-10.123185, intercept=-22.064019 (0.245s) [OMP=0.209 ISP-L=0.003 ISP-F=0.009 MW-L=0.008 MW-F=0.014]
  OMP re-solve: 0.206s

=== True-DRO Benders iter 34 ===
  OMP: t₀=10.695437, UB=14.647443, gap=2.70e-01, x=[1, 0, 1, 0, 0, 0, 0, 0, 0, 0, 0, 0, 0, 0, 0, 0, 0, 0, 0, 0, 0, 0, 0, 0, 0, 0, 0, 0, 0, 0, 0, 0, 0, 0, 0, 0, 0, 0] (0.000s)
  Sub: Z₀=19.519083 [LOCAL] (0.2s), α=[0.416,0.000,0.366,0.000,0.000,4.444,0.000,0.000,5.476,0.000,0.000,0.000,0.000,0.000,0.000,0.000,0.000,0.000,0.000,0.000,0.000,0.000,0.000,0.000,0.000,0.000,0.000,0.000,0.000,0.000,0.000,0.000,0.000,0.000,0.000,0.000,0.000,0.000]
  Iter 34: LB=10.695437  UB=14.647443  gap=2.70e-01
  Cut: intercept=-1113.544166, π_x_range=[-834.6650, 593.4705]
  Mini-Benders[1] (mw): LB=10.771061, Z₀(α*)=14.243535, intercept=-36.647082 (0.260s) [OMP=0.223 ISP-L=0.003 ISP-F=0.011 MW-L=0.015 MW-F=0.011]
  Mini-Benders[2] (mw): LB=11.092261, Z₀(α*)=14.915679, intercept=-29.393147 (0.245s) [OMP=0.211 ISP-L=0.003 ISP-F=0.011 MW-L=0.009 MW-F=0.010]
  Mini-Benders[3] (mw): LB=11.179764, Z₀(α*)=15.344508, intercept=-38.064947 (0.214s) [OMP=0.184 ISP-L=0.003 ISP-F=0.012 MW-L=0.008 MW-F=0.010]
  Mini-Benders[4] (mw): LB=11.220809, Z₀(α*)=15.173687, intercept=-21.238679 (0.276s) [OMP=0.234 ISP-L=0.003 ISP-F=0.011 MW-L=0.007 MW-F=0.016]
  Mini-Benders[5] (mw): LB=11.221549, Z₀(α*)=20.688285, intercept=-4.876440 (0.244s) [OMP=0.206 ISP-L=0.003 ISP-F=0.011 MW-L=0.007 MW-F=0.020]
  α-step: Z₀=16.830781, α=[0.000,0.000,0.000,0.000,0.000,0.000,0.000,0.000,0.000,0.000,0.000,0.000,0.000,0.000,1.072,0.000,0.000,0.000,0.000,0.000,0.000,0.000,0.000,0.000,0.000,0.000,0.000,0.000,0.000,0.000,0.000,0.000,9.631,0.000,0.000,0.000,0.000,0.000]
  Alt-Benders[1] (mw): LB=11.247046, Z₀(α*)=5.613696, intercept=-41.681704 (0.245s) [OMP=0.205 ISP-L=0.004 ISP-F=0.011 MW-L=0.007 MW-F=0.017]
  Alt-Benders[2] (mw): LB=11.247046, Z₀(α*)=5.613696, intercept=-41.681704 (0.229s) [OMP=0.194 ISP-L=0.003 ISP-F=0.010 MW-L=0.007 MW-F=0.011]
  Alt-Benders[3] (mw): LB=11.247046, Z₀(α*)=5.613696, intercept=-41.681704 (0.229s) [OMP=0.193 ISP-L=0.003 ISP-F=0.011 MW-L=0.007 MW-F=0.011]
  Alt-Benders[4]: LB stagnated, break
  OMP re-solve: 0.000s

=== True-DRO Benders iter 35 ===
  OMP: t₀=11.247046, UB=14.647443, gap=2.32e-01, x=[0, 0, 0, 0, 0, 0, 0, 0, 0, 0, 0, 0, 0, 0, 0, 0, 0, 0, 1, 0, 0, 0, 0, 0, 0, 0, 0, 0, 0, 0, 0, 0, 1, 0, 0, 0, 0, 0] (0.000s)
  Sub: Z₀=18.740422 [TIME_LIMIT] (15.1s), α=[0.000,0.000,0.000,0.000,0.000,3.535,0.000,0.000,0.768,0.000,0.000,0.000,0.000,0.000,3.864,0.000,0.000,0.000,0.000,0.000,0.000,0.000,0.000,0.000,0.000,0.000,2.536,0.000,0.000,0.000,0.000,0.000,0.000,0.000,0.000,0.000,0.000,0.000]
  Iter 35: LB=11.247046  UB=14.647443  gap=2.32e-01
  Cut: intercept=-54.577156, π_x_range=[-236.2807, 73.3176]
  Mini-Benders[1] (mw): LB=11.335930, Z₀(α*)=11.996986, intercept=14.917244 (0.292s) [OMP=0.254 ISP-L=0.004 ISP-F=0.010 MW-L=0.013 MW-F=0.010]
  Mini-Benders[2] (mw): LB=11.376410, Z₀(α*)=19.463057, intercept=-3.080948 (0.307s) [OMP=0.273 ISP-L=0.004 ISP-F=0.012 MW-L=0.008 MW-F=0.012]
  Mini-Benders[3] (mw): LB=11.406502, Z₀(α*)=4.414248, intercept=-17.099077 (0.291s) [OMP=0.255 ISP-L=0.003 ISP-F=0.011 MW-L=0.007 MW-F=0.009]
  Mini-Benders[4] (mw): LB=11.406502, Z₀(α*)=4.414248, intercept=-17.099077 (0.292s) [OMP=0.263 ISP-L=0.003 ISP-F=0.011 MW-L=0.007 MW-F=0.015]
  Mini-Benders[5] (mw): LB=11.406502, Z₀(α*)=4.414248, intercept=-17.099077 (0.307s) [OMP=0.266 ISP-L=0.003 ISP-F=0.011 MW-L=0.007 MW-F=0.009]
  α-step: Z₀=19.490228, α=[0.000,0.000,0.000,0.000,0.000,1.876,0.000,0.000,5.222,0.000,0.000,0.000,0.000,0.000,0.822,0.000,0.000,0.000,0.000,0.000,0.000,0.000,0.000,0.000,0.000,0.000,2.782,0.000,0.000,0.000,0.000,0.000,0.000,0.000,0.000,0.000,0.000,0.000]
  Alt-Benders[1] (mw): LB=11.675193, Z₀(α*)=19.816151, intercept=-5.477385 (0.245s) [OMP=0.202 ISP-L=0.003 ISP-F=0.010 MW-L=0.008 MW-F=0.016]
  Alt-Benders[2] (mw): LB=11.769040, Z₀(α*)=20.141626, intercept=20.141632 (0.275s) [OMP=0.223 ISP-L=0.004 ISP-F=0.011 MW-L=0.013 MW-F=0.016]
  Alt-Benders[3] (mw): LB=11.996984, Z₀(α*)=19.002149, intercept=6.774911 (0.214s) [OMP=0.182 ISP-L=0.003 ISP-F=0.009 MW-L=0.007 MW-F=0.011]
  Alt-Benders[4] (mw): LB=12.134201, Z₀(α*)=13.694655, intercept=-35.742491 (0.245s) [OMP=0.224 ISP-L=0.003 ISP-F=0.010 MW-L=0.007 MW-F=0.010]
  Alt-Benders[5] (mw): LB=12.161887, Z₀(α*)=14.926929, intercept=-21.860309 (0.229s) [OMP=0.196 ISP-L=0.003 ISP-F=0.009 MW-L=0.015 MW-F=0.010]
  OMP re-solve: 0.198s

=== True-DRO Benders iter 36 ===
  OMP: t₀=12.230958, UB=14.647443, gap=1.65e-01, x=[0, 0, 0, 0, 0, 1, 0, 0, 0, 0, 0, 0, 0, 0, 0, 0, 0, 0, 0, 0, 0, 0, 0, 0, 0, 0, 1, 0, 0, 0, 0, 0, 0, 0, 0, 0, 0, 0] (0.000s)
  Sub: Z₀=16.212403 [LOCAL] (0.1s), α=[0.000,0.000,0.000,0.000,0.000,7.573,0.000,0.000,0.000,0.000,0.000,0.000,0.000,0.000,0.000,0.000,0.000,0.000,0.000,0.000,0.000,0.000,0.000,0.000,0.000,0.000,3.129,0.000,0.000,0.000,0.000,0.000,0.000,0.000,0.000,0.000,0.000,0.000]
  Iter 36: LB=12.230958  UB=14.647443  gap=1.65e-01
  Cut: intercept=-1159.876029, π_x_range=[-827.0364, 590.9473]
  Mini-Benders[1] (mw): LB=12.273096, Z₀(α*)=0.204911, intercept=-42.392594 (0.244s) [OMP=0.218 ISP-L=0.003 ISP-F=0.011 MW-L=0.007 MW-F=0.009]
  Mini-Benders[2] (mw): LB=12.273096, Z₀(α*)=0.204911, intercept=-42.392594 (0.245s) [OMP=0.201 ISP-L=0.004 ISP-F=0.011 MW-L=0.007 MW-F=0.014]
  Mini-Benders[3] (mw): LB=12.273096, Z₀(α*)=0.204911, intercept=-42.392594 (0.229s) [OMP=0.202 ISP-L=0.004 ISP-F=0.011 MW-L=0.007 MW-F=0.009]
  Mini-Benders[4]: LB stagnated, break
  α-step: Z₀=19.379012, α=[1.656,0.000,0.000,0.000,0.000,4.916,0.000,0.000,0.976,0.000,0.000,0.000,0.000,0.000,1.072,0.000,0.000,0.000,0.000,2.083,0.000,0.000,0.000,0.000,0.000,0.000,0.000,0.000,0.000,0.000,0.000,0.000,0.000,0.000,0.000,0.000,0.000,0.000]
  Alt-Benders[1] (mw): LB=12.668812, Z₀(α*)=2.460225, intercept=-15.250468 (0.238s) [OMP=0.209 ISP-L=0.003 ISP-F=0.009 MW-L=0.006 MW-F=0.012]
  Alt-Benders[2] (mw): LB=12.668812, Z₀(α*)=2.460225, intercept=-15.250468 (0.245s) [OMP=0.214 ISP-L=0.003 ISP-F=0.010 MW-L=0.013 MW-F=0.012]
  Alt-Benders[3] (mw): LB=12.668812, Z₀(α*)=2.460225, intercept=-15.250468 (0.244s) [OMP=0.212 ISP-L=0.003 ISP-F=0.010 MW-L=0.006 MW-F=0.012]
  Alt-Benders[4]: LB stagnated, break
  OMP re-solve: 0.000s

=== True-DRO Benders iter 37 ===
  OMP: t₀=12.668812, UB=14.647443, gap=1.35e-01, x=[0, 0, 0, 0, 0, 0, 0, 0, 0, 0, 0, 0, 0, 0, 0, 0, 0, 1, 0, 0, 0, 1, 0, 0, 0, 0, 0, 0, 0, 0, 0, 0, 0, 0, 0, 0, 0, 0] (0.000s)
  Sub: Z₀=17.547182 [LOCAL] (0.4s), α=[0.000,0.000,0.000,0.000,0.000,0.607,0.000,0.000,3.950,0.000,0.000,0.000,0.000,0.000,0.000,0.000,0.000,0.000,0.000,0.000,0.000,5.810,0.000,0.000,0.000,0.000,0.336,0.000,0.000,0.000,0.000,0.000,0.000,0.000,0.000,0.000,0.000,0.000]
  Iter 37: LB=12.668812  UB=14.647443  gap=1.35e-01
  Cut: intercept=-1144.139517, π_x_range=[-833.4396, 591.2127]
  Mini-Benders[1] (mw): LB=12.737701, Z₀(α*)=-3.383279, intercept=-17.455941 (0.262s) [OMP=0.213 ISP-L=0.003 ISP-F=0.012 MW-L=0.014 MW-F=0.012]
  Mini-Benders[2] (mw): LB=12.737701, Z₀(α*)=-3.383279, intercept=-17.455941 (0.245s) [OMP=0.213 ISP-L=0.003 ISP-F=0.011 MW-L=0.008 MW-F=0.012]
  Mini-Benders[3] (mw): LB=12.737701, Z₀(α*)=-3.383279, intercept=-17.455941 (0.245s) [OMP=0.209 ISP-L=0.003 ISP-F=0.012 MW-L=0.008 MW-F=0.012]
  Mini-Benders[4]: LB stagnated, break
  α-step: Z₀=21.538226, α=[0.000,0.000,0.000,0.000,0.000,1.337,0.000,0.000,3.950,0.000,0.000,0.000,0.000,0.000,1.061,0.000,0.000,0.000,0.000,0.000,0.000,0.000,0.000,0.000,0.000,0.000,4.356,0.000,0.000,0.000,0.000,0.000,0.000,0.000,0.000,0.000,0.000,0.000]
  Alt-Benders[1] (mw): LB=12.751486, Z₀(α*)=21.565133, intercept=21.579807 (0.228s) [OMP=0.209 ISP-L=0.004 ISP-F=0.012 MW-L=0.007 MW-F=0.010]
  Alt-Benders[2] (mw): LB=12.922215, Z₀(α*)=18.393308, intercept=-7.713562 (0.235s) [OMP=0.198 ISP-L=0.003 ISP-F=0.011 MW-L=0.007 MW-F=0.010]
  Alt-Benders[3] (mw): LB=13.019139, Z₀(α*)=12.108806, intercept=4.329638 (0.260s) [OMP=0.218 ISP-L=0.003 ISP-F=0.010 MW-L=0.007 MW-F=0.012]
  Alt-Benders[4] (mw): LB=13.019139, Z₀(α*)=12.108806, intercept=4.329638 (0.229s) [OMP=0.199 ISP-L=0.003 ISP-F=0.011 MW-L=0.013 MW-F=0.012]
  Alt-Benders[5] (mw): LB=13.019139, Z₀(α*)=12.108806, intercept=4.329638 (0.229s) [OMP=0.197 ISP-L=0.003 ISP-F=0.011 MW-L=0.007 MW-F=0.012]
  OMP re-solve: 0.196s

=== True-DRO Benders iter 38 ===
  OMP: t₀=13.019139, UB=14.647443, gap=1.11e-01, x=[1, 0, 0, 0, 1, 0, 0, 0, 0, 0, 0, 0, 0, 0, 0, 0, 0, 0, 0, 0, 0, 0, 0, 0, 0, 0, 0, 0, 0, 0, 0, 0, 0, 0, 0, 0, 0, 0] (0.000s)
  Sub: Z₀=21.805451 [LOCAL] (0.5s), α=[0.000,0.000,0.000,0.000,0.000,5.295,0.000,0.000,3.884,0.000,0.000,0.000,0.000,0.000,1.523,0.000,0.000,0.000,0.000,0.000,0.000,0.000,0.000,0.000,0.000,0.000,0.000,0.000,0.000,0.000,0.000,0.000,0.000,0.000,0.000,0.000,0.000,0.000]
  Iter 38: LB=13.019139  UB=14.647443  gap=1.11e-01
  Cut: intercept=-1088.997629, π_x_range=[-834.4390, 559.6527]
  Mini-Benders[1] (mw): LB=13.108524, Z₀(α*)=18.263596, intercept=2.521831 (0.244s) [OMP=0.215 ISP-L=0.003 ISP-F=0.010 MW-L=0.007 MW-F=0.014]
  Mini-Benders[2] (mw): LB=13.203292, Z₀(α*)=11.782794, intercept=-79.443256 (0.260s) [OMP=0.227 ISP-L=0.003 ISP-F=0.010 MW-L=0.008 MW-F=0.010]
  Mini-Benders[3] (mw): LB=13.203292, Z₀(α*)=11.782794, intercept=-79.443256 (0.261s) [OMP=0.223 ISP-L=0.003 ISP-F=0.010 MW-L=0.008 MW-F=0.010]
  Mini-Benders[4] (mw): LB=13.203292, Z₀(α*)=11.782794, intercept=-79.443256 (0.259s) [OMP=0.223 ISP-L=0.003 ISP-F=0.010 MW-L=0.008 MW-F=0.015]
  Mini-Benders[5]: LB stagnated, break
  α-step: Z₀=13.371204, α=[0.000,0.000,0.000,0.000,0.000,1.324,0.000,0.000,9.379,0.000,0.000,0.000,0.000,0.000,0.000,0.000,0.000,0.000,0.000,0.000,0.000,0.000,0.000,0.000,0.000,0.000,0.000,0.000,0.000,0.000,0.000,0.000,0.000,0.000,0.000,0.000,0.000,0.000]
  Alt-Benders[1] (mw): LB=13.209473, Z₀(α*)=-10.536874, intercept=-71.277554 (0.222s) [OMP=0.205 ISP-L=0.004 ISP-F=0.011 MW-L=0.008 MW-F=0.009]
  Alt-Benders[2] (mw): LB=13.209473, Z₀(α*)=-10.536874, intercept=-71.277554 (0.213s) [OMP=0.195 ISP-L=0.004 ISP-F=0.011 MW-L=0.008 MW-F=0.009]
  Alt-Benders[3] (mw): LB=13.209473, Z₀(α*)=-10.536874, intercept=-71.277554 (0.245s) [OMP=0.193 ISP-L=0.003 ISP-F=0.010 MW-L=0.015 MW-F=0.009]
  Alt-Benders[4]: LB stagnated, break
  OMP re-solve: 0.000s

=== True-DRO Benders iter 39 ===
  OMP: t₀=13.209473, UB=14.647443, gap=9.82e-02, x=[0, 0, 0, 0, 0, 0, 0, 0, 0, 0, 0, 0, 0, 0, 0, 0, 1, 0, 0, 0, 0, 0, 0, 0, 0, 0, 0, 0, 0, 0, 0, 1, 0, 0, 0, 0, 0, 0] (0.000s)
  Sub: Z₀=18.915143 [LOCAL] (0.3s), α=[0.000,0.000,0.000,0.000,0.000,0.000,0.000,0.000,0.203,0.000,0.000,0.000,0.000,0.000,1.816,0.000,0.000,0.000,0.000,0.000,0.000,0.000,0.000,0.000,0.000,0.000,3.577,0.000,0.000,0.000,0.000,5.107,0.000,0.000,0.000,0.000,0.000,0.000]
  Iter 39: LB=13.209473  UB=14.647443  gap=9.82e-02
  Cut: intercept=-1086.534163, π_x_range=[-825.9833, 552.9608]
  Mini-Benders[1] (mw): LB=13.227251, Z₀(α*)=-7.807212, intercept=-40.837775 (0.245s) [OMP=0.202 ISP-L=0.003 ISP-F=0.010 MW-L=0.007 MW-F=0.011]
  Mini-Benders[2] (mw): LB=13.227251, Z₀(α*)=-7.807212, intercept=-40.837775 (0.245s) [OMP=0.215 ISP-L=0.003 ISP-F=0.010 MW-L=0.008 MW-F=0.017]
  Mini-Benders[3] (mw): LB=13.227251, Z₀(α*)=-7.807212, intercept=-40.837775 (0.260s) [OMP=0.220 ISP-L=0.003 ISP-F=0.010 MW-L=0.008 MW-F=0.011]
  Mini-Benders[4]: LB stagnated, break
  α-step: Z₀=18.470971, α=[0.000,0.000,0.000,0.000,0.000,4.557,0.000,0.000,4.016,0.000,0.000,0.000,0.000,0.000,0.000,0.000,0.000,0.000,0.000,0.132,0.000,1.099,0.000,0.000,0.000,0.000,0.899,0.000,0.000,0.000,0.000,0.000,0.000,0.000,0.000,0.000,0.000,0.000]
  Alt-Benders[1] (mw): LB=13.353638, Z₀(α*)=12.315577, intercept=-110.671067 (0.237s) [OMP=0.207 ISP-L=0.003 ISP-F=0.009 MW-L=0.007 MW-F=0.011]
  Alt-Benders[2] (mw): LB=13.353638, Z₀(α*)=12.315577, intercept=-110.671067 (0.260s) [OMP=0.221 ISP-L=0.003 ISP-F=0.010 MW-L=0.015 MW-F=0.011]
  Alt-Benders[3] (mw): LB=13.353638, Z₀(α*)=12.315577, intercept=-110.671067 (0.260s) [OMP=0.226 ISP-L=0.003 ISP-F=0.009 MW-L=0.008 MW-F=0.011]
  Alt-Benders[4]: LB stagnated, break
  OMP re-solve: 0.000s

=== True-DRO Benders iter 40 ===
  OMP: t₀=13.353638, UB=14.647443, gap=8.83e-02, x=[0, 0, 0, 0, 1, 0, 0, 0, 0, 0, 0, 0, 0, 0, 0, 0, 0, 0, 0, 0, 0, 0, 0, 0, 0, 0, 0, 1, 0, 0, 0, 0, 0, 0, 0, 0, 0, 0] (0.000s)
  Sub: Z₀=21.856702 (1.7s), α=[0.000,0.000,0.000,0.000,0.000,0.184,0.000,0.000,3.592,0.000,0.000,0.000,0.000,0.000,1.816,0.000,0.000,0.000,0.000,0.000,0.000,0.000,0.000,0.000,0.000,0.000,5.111,0.000,0.000,0.000,0.000,0.000,0.000,0.000,0.000,0.000,0.000,0.000]
  Iter 40: LB=13.353638  UB=14.647443  gap=8.83e-02
  Cut: intercept=-88.012112, π_x_range=[-266.0000, 70.1712]
  Sherali-Cut: intercept=13.724765, π_x_range=[-130.2184, 8.1314]
  Mini-Benders[1] (mw): LB=13.371204, Z₀(α*)=11.782794, intercept=-79.413975 (0.250s) [OMP=0.217 ISP-L=0.004 ISP-F=0.010 MW-L=0.008 MW-F=0.009]
  Mini-Benders[2] (mw): LB=13.371204, Z₀(α*)=11.782794, intercept=-79.413975 (0.229s) [OMP=0.203 ISP-L=0.003 ISP-F=0.010 MW-L=0.008 MW-F=0.015]
  Mini-Benders[3] (mw): LB=13.371204, Z₀(α*)=11.782794, intercept=-79.413975 (0.245s) [OMP=0.202 ISP-L=0.003 ISP-F=0.010 MW-L=0.008 MW-F=0.009]
  Mini-Benders[4]: LB stagnated, break
  α-step: Z₀=13.371204, α=[0.000,0.000,0.000,0.000,0.000,0.000,0.000,0.000,9.379,0.000,0.000,0.000,0.000,0.000,0.000,0.000,0.000,0.000,0.000,0.000,0.000,0.000,0.000,0.000,0.000,0.000,1.324,0.000,0.000,0.000,0.000,0.000,0.000,0.000,0.000,0.000,0.000,0.000]
  Alt-Benders[1] (mw): LB=13.371204, Z₀(α*)=13.903602, intercept=-62.818373 (0.241s) [OMP=0.215 ISP-L=0.003 ISP-F=0.010 MW-L=0.009 MW-F=0.009]
  Alt-Benders[2] (mw): LB=13.399833, Z₀(α*)=17.009008, intercept=-49.072616 (0.244s) [OMP=0.216 ISP-L=0.003 ISP-F=0.009 MW-L=0.008 MW-F=0.009]
  Alt-Benders[3] (mw): LB=13.408374, Z₀(α*)=8.971989, intercept=-103.301603 (0.276s) [OMP=0.230 ISP-L=0.003 ISP-F=0.009 MW-L=0.009 MW-F=0.010]
  Alt-Benders[4] (mw): LB=13.408374, Z₀(α*)=8.971989, intercept=-103.301603 (0.229s) [OMP=0.208 ISP-L=0.003 ISP-F=0.009 MW-L=0.008 MW-F=0.010]
  Alt-Benders[5] (mw): LB=13.408374, Z₀(α*)=8.971989, intercept=-103.301603 (0.260s) [OMP=0.210 ISP-L=0.003 ISP-F=0.009 MW-L=0.015 MW-F=0.011]
  OMP re-solve: 0.210s

=== True-DRO Benders iter 41 ===
  OMP: t₀=13.408374, UB=14.647443, gap=8.46e-02, x=[0, 0, 0, 0, 0, 0, 0, 0, 0, 0, 0, 0, 0, 0, 0, 0, 0, 0, 0, 0, 0, 1, 0, 0, 1, 0, 0, 0, 0, 0, 0, 0, 0, 0, 0, 0, 0, 0] (0.000s)
  Sub: Z₀=13.408374 [LOCAL] (0.5s), α=[0.000,0.000,0.000,0.000,0.000,0.000,0.000,0.000,0.447,0.000,0.000,0.000,0.000,0.000,0.000,0.000,0.000,0.000,0.000,0.000,0.000,0.882,0.000,0.000,8.918,0.000,0.455,0.000,0.000,0.000,0.000,0.000,0.000,0.000,0.000,0.000,0.000,0.000]
  Iter 41: LB=13.408374  UB=14.647443  gap=8.46e-02
  Cut: intercept=-1113.514193, π_x_range=[-827.8541, 582.4440]
  Mini-Benders[1] (mw): LB=13.408374, Z₀(α*)=13.567567, intercept=-80.447330 (0.245s) [OMP=0.209 ISP-L=0.003 ISP-F=0.010 MW-L=0.008 MW-F=0.011]
  Mini-Benders[2] (mw): LB=13.567565, Z₀(α*)=13.567567, intercept=-80.447330 (0.260s) [OMP=0.215 ISP-L=0.003 ISP-F=0.010 MW-L=0.008 MW-F=0.017]
  Mini-Benders[3] (mw): LB=13.567565, Z₀(α*)=13.567567, intercept=-80.447330 (0.244s) [OMP=0.214 ISP-L=0.004 ISP-F=0.010 MW-L=0.008 MW-F=0.011]
  Mini-Benders[4] (mw): LB=13.567565, Z₀(α*)=13.567567, intercept=-80.447330 (0.245s) [OMP=0.219 ISP-L=0.004 ISP-F=0.010 MW-L=0.008 MW-F=0.011]
  Mini-Benders[5]: LB stagnated, break
  α-step: Z₀=13.679379, α=[0.000,0.000,0.000,0.000,0.000,0.000,0.000,0.000,0.000,0.000,0.000,0.000,0.000,0.000,0.000,0.000,0.000,0.000,0.000,0.000,0.000,0.882,0.000,0.000,9.142,0.000,0.679,0.000,0.000,0.000,0.000,0.000,0.000,0.000,0.000,0.000,0.000,0.000]
  Alt-Benders[1] (mw): LB=13.679379, Z₀(α*)=13.746109, intercept=-80.785891 (0.223s) [OMP=0.188 ISP-L=0.004 ISP-F=0.010 MW-L=0.015 MW-F=0.010]
  Alt-Benders[2] (mw): LB=13.694653, Z₀(α*)=8.292179, intercept=-146.818554 (0.276s) [OMP=0.240 ISP-L=0.003 ISP-F=0.010 MW-L=0.008 MW-F=0.011]
  Alt-Benders[3] (mw): LB=13.694653, Z₀(α*)=8.292179, intercept=-146.818554 (0.260s) [OMP=0.229 ISP-L=0.003 ISP-F=0.010 MW-L=0.008 MW-F=0.011]
  Alt-Benders[4] (mw): LB=13.694653, Z₀(α*)=8.292179, intercept=-146.818554 (0.261s) [OMP=0.220 ISP-L=0.003 ISP-F=0.010 MW-L=0.014 MW-F=0.011]
  Alt-Benders[5]: LB stagnated, break
  OMP re-solve: 0.000s

=== True-DRO Benders iter 42 ===
  OMP: t₀=13.694653, UB=14.647443, gap=6.50e-02, x=[0, 0, 0, 0, 0, 1, 0, 0, 0, 0, 0, 0, 0, 0, 0, 0, 0, 0, 0, 0, 0, 0, 0, 0, 1, 0, 0, 0, 0, 0, 0, 0, 0, 0, 0, 0, 0, 0] (0.000s)
  Sub: Z₀=14.182241 [LOCAL] (0.2s), α=[0.000,0.000,0.000,0.000,0.000,2.019,0.000,0.000,0.000,0.000,0.000,0.000,0.000,0.000,1.816,0.000,0.000,0.000,0.000,0.000,0.000,0.000,0.000,0.000,1.836,0.000,5.031,0.000,0.000,0.000,0.000,0.000,0.000,0.000,0.000,0.000,0.000,0.000]
  Iter 42: LB=13.694653  UB=14.647443  gap=6.50e-02
  Cut: intercept=-1116.881620, π_x_range=[-824.9085, 579.3289]
  Mini-Benders[1] (mw): LB=13.697137, Z₀(α*)=12.375224, intercept=1.372366 (0.260s) [OMP=0.237 ISP-L=0.003 ISP-F=0.012 MW-L=0.007 MW-F=0.012]
  Mini-Benders[2] (mw): LB=13.697137, Z₀(α*)=12.375224, intercept=1.372366 (0.261s) [OMP=0.219 ISP-L=0.003 ISP-F=0.012 MW-L=0.007 MW-F=0.019]
  Mini-Benders[3] (mw): LB=13.697137, Z₀(α*)=12.375224, intercept=1.372366 (0.260s) [OMP=0.218 ISP-L=0.003 ISP-F=0.012 MW-L=0.007 MW-F=0.013]
  Mini-Benders[4]: LB stagnated, break
  α-step: Z₀=19.632875, α=[0.000,0.000,0.000,0.000,0.000,2.925,0.000,0.000,1.102,0.000,0.000,0.000,0.000,0.000,1.301,0.000,0.000,0.000,0.000,0.000,0.000,0.000,0.000,0.000,0.000,0.000,5.375,0.000,0.000,0.000,0.000,0.000,0.000,0.000,0.000,0.000,0.000,0.000]
  Alt-Benders[1] (mw): LB=13.724148, Z₀(α*)=3.146033, intercept=-29.695148 (0.269s) [OMP=0.240 ISP-L=0.003 ISP-F=0.009 MW-L=0.008 MW-F=0.010]
  Alt-Benders[2] (mw): LB=13.724148, Z₀(α*)=3.146033, intercept=-29.695148 (0.245s) [OMP=0.204 ISP-L=0.003 ISP-F=0.009 MW-L=0.014 MW-F=0.011]
  Alt-Benders[3] (mw): LB=13.724148, Z₀(α*)=3.146033, intercept=-29.695148 (0.229s) [OMP=0.204 ISP-L=0.003 ISP-F=0.009 MW-L=0.007 MW-F=0.011]
  Alt-Benders[4]: LB stagnated, break
  OMP re-solve: 0.000s

=== True-DRO Benders iter 43 ===
  OMP: t₀=13.724148, UB=14.647443, gap=6.30e-02, x=[0, 0, 0, 0, 0, 0, 0, 0, 0, 0, 0, 0, 0, 0, 0, 0, 0, 0, 0, 0, 0, 1, 0, 0, 0, 0, 0, 0, 0, 0, 0, 0, 0, 1, 0, 0, 0, 0] (0.000s)
  Sub: Z₀=17.375514 [LOCAL] (0.2s), α=[0.000,0.000,0.000,0.000,0.000,0.609,0.000,0.000,2.870,0.000,0.000,0.000,0.000,0.000,0.000,0.000,0.000,0.000,0.000,0.000,0.000,6.348,0.000,0.000,0.000,0.000,0.876,0.000,0.000,0.000,0.000,0.000,0.000,0.000,0.000,0.000,0.000,0.000]
  Iter 43: LB=13.724148  UB=14.647443  gap=6.30e-02
  Cut: intercept=-1103.496953, π_x_range=[-827.3549, 560.8458]
  Mini-Benders[1] (mw): LB=13.746107, Z₀(α*)=13.340692, intercept=-76.419958 (0.260s) [OMP=0.227 ISP-L=0.003 ISP-F=0.011 MW-L=0.007 MW-F=0.014]
  Mini-Benders[2] (mw): LB=13.746107, Z₀(α*)=13.340692, intercept=-76.419958 (0.213s) [OMP=0.187 ISP-L=0.003 ISP-F=0.011 MW-L=0.007 MW-F=0.008]
  Mini-Benders[3] (mw): LB=13.746107, Z₀(α*)=13.340692, intercept=-76.419958 (0.229s) [OMP=0.190 ISP-L=0.003 ISP-F=0.011 MW-L=0.007 MW-F=0.008]
  Mini-Benders[4]: LB stagnated, break
  α-step: Z₀=13.537636, α=[0.000,0.000,0.000,0.000,0.000,1.120,0.000,0.000,2.687,0.000,0.000,0.000,0.000,0.000,0.000,0.000,0.000,0.000,0.000,0.000,0.000,5.996,0.000,0.000,0.000,0.000,0.899,0.000,0.000,0.000,0.000,0.000,0.000,0.000,0.000,0.000,0.000,0.000]
  Alt-Benders[1] (mw): LB=13.746107, Z₀(α*)=13.537636, intercept=-71.828436 (0.239s) [OMP=0.206 ISP-L=0.003 ISP-F=0.011 MW-L=0.007 MW-F=0.014]
  Alt-Benders[2] (mw): LB=13.746107, Z₀(α*)=13.537636, intercept=-71.828436 (0.245s) [OMP=0.208 ISP-L=0.003 ISP-F=0.011 MW-L=0.007 MW-F=0.014]
  Alt-Benders[3] (mw): LB=13.746107, Z₀(α*)=13.537636, intercept=-71.828436 (0.229s) [OMP=0.205 ISP-L=0.003 ISP-F=0.011 MW-L=0.007 MW-F=0.014]
  Alt-Benders[4]: LB stagnated, break
  OMP re-solve: 0.000s

=== True-DRO Benders iter 44 ===
  OMP: t₀=13.746107, UB=14.647443, gap=6.15e-02, x=[0, 0, 0, 0, 0, 0, 0, 0, 0, 0, 0, 0, 0, 0, 0, 0, 0, 0, 0, 0, 0, 1, 0, 0, 1, 0, 0, 0, 0, 0, 0, 0, 0, 0, 0, 0, 0, 0] (0.000s)
  Sub: Z₀=13.408374 [LOCAL] (0.5s), α=[0.000,0.000,0.000,0.000,0.000,0.000,0.000,0.000,0.447,0.000,0.000,0.000,0.000,0.000,0.000,0.000,0.000,0.000,0.000,0.000,0.000,0.882,0.000,0.000,8.918,0.000,0.455,0.000,0.000,0.000,0.000,0.000,0.000,0.000,0.000,0.000,0.000,0.000]
  Iter 44: LB=13.746107  UB=14.647443  gap=6.15e-02
  Cut: intercept=-1113.514193, π_x_range=[-827.8541, 582.4440]
  Mini-Benders[1] (mw): LB=13.746107, Z₀(α*)=13.567567, intercept=-80.447330 (0.244s) [OMP=0.204 ISP-L=0.004 ISP-F=0.010 MW-L=0.008 MW-F=0.011]
  Mini-Benders[2] (mw): LB=13.746107, Z₀(α*)=13.567567, intercept=-80.447330 (0.230s) [OMP=0.208 ISP-L=0.003 ISP-F=0.010 MW-L=0.008 MW-F=0.011]
  Mini-Benders[3]: LB stagnated, break
  α-step: Z₀=13.679379, α=[0.000,0.000,0.000,0.000,0.000,0.000,0.000,0.000,0.000,0.000,0.000,0.000,0.000,0.000,0.000,0.000,0.000,0.000,0.000,0.000,0.000,0.882,0.000,0.000,9.142,0.000,0.679,0.000,0.000,0.000,0.000,0.000,0.000,0.000,0.000,0.000,0.000,0.000]
  Alt-Benders[1] (mw): LB=13.746107, Z₀(α*)=13.746109, intercept=-80.785891 (0.245s) [OMP=0.205 ISP-L=0.004 ISP-F=0.010 MW-L=0.008 MW-F=0.010]
  Alt-Benders[2] (mw): LB=13.746107, Z₀(α*)=13.746109, intercept=-80.785891 (0.229s) [OMP=0.206 ISP-L=0.003 ISP-F=0.010 MW-L=0.008 MW-F=0.010]
  Alt-Benders[3]: LB stagnated, break
  OMP re-solve: 0.000s

=== True-DRO Benders iter 45 ===
  OMP: t₀=13.746107, UB=14.647443, gap=6.15e-02, x=[0, 0, 0, 0, 0, 0, 0, 0, 0, 0, 0, 0, 0, 0, 0, 0, 0, 0, 0, 0, 0, 1, 0, 0, 1, 0, 0, 0, 0, 0, 0, 0, 0, 0, 0, 0, 0, 0] (0.000s)
  Sub: Z₀=13.899554 [TIME_LIMIT] (15.0s), α=[0.000,0.000,0.000,0.000,0.000,0.203,0.000,0.000,0.000,0.000,0.000,0.000,0.000,0.000,0.000,0.000,0.000,0.000,0.000,0.000,0.000,0.000,0.000,0.000,9.583,0.000,0.917,0.000,0.000,0.000,0.000,0.000,0.000,0.000,0.000,0.000,0.000,0.000]
  Iter 45: LB=13.746107  UB=13.928091  gap=1.31e-02
  Cut: intercept=-95.990287, π_x_range=[-199.5663, 73.9299]
  Mini-Benders[1] (mw): LB=13.797654, Z₀(α*)=10.723716, intercept=-79.285591 (0.260s) [OMP=0.217 ISP-L=0.003 ISP-F=0.010 MW-L=0.015 MW-F=0.011]
  Mini-Benders[2] (mw): LB=13.797654, Z₀(α*)=10.723716, intercept=-79.285591 (0.260s) [OMP=0.224 ISP-L=0.003 ISP-F=0.009 MW-L=0.007 MW-F=0.011]
  Mini-Benders[3] (mw): LB=13.797654, Z₀(α*)=10.723716, intercept=-79.285591 (0.229s) [OMP=0.200 ISP-L=0.003 ISP-F=0.010 MW-L=0.007 MW-F=0.011]
  Mini-Benders[4]: LB stagnated, break
  α-step: Z₀=15.317462, α=[0.000,0.000,0.000,0.000,0.000,1.060,0.000,0.000,0.000,0.000,0.000,0.000,0.000,0.000,1.172,0.000,0.000,0.000,0.000,0.000,0.000,0.000,0.000,0.000,8.471,0.000,0.000,0.000,0.000,0.000,0.000,0.000,0.000,0.000,0.000,0.000,0.000,0.000]
  Alt-Benders[1] (mw): LB=13.856289, Z₀(α*)=-14.917568, intercept=-15.138343 (0.251s) [OMP=0.223 ISP-L=0.004 ISP-F=0.010 MW-L=0.007 MW-F=0.013]
  Alt-Benders[2] (mw): LB=13.856289, Z₀(α*)=-14.917568, intercept=-15.138343 (0.260s) [OMP=0.221 ISP-L=0.004 ISP-F=0.009 MW-L=0.007 MW-F=0.013]
  Alt-Benders[3] (mw): LB=13.856289, Z₀(α*)=-14.917568, intercept=-15.138343 (0.260s) [OMP=0.222 ISP-L=0.003 ISP-F=0.010 MW-L=0.006 MW-F=0.020]
  Alt-Benders[4]: LB stagnated, break
  OMP re-solve: 0.000s

=== True-DRO Benders iter 46 ===
  OMP: t₀=13.856289, UB=13.928091, gap=5.16e-03, x=[0, 0, 0, 0, 0, 0, 0, 0, 0, 0, 0, 0, 1, 0, 1, 0, 0, 0, 0, 0, 0, 0, 0, 0, 0, 0, 0, 0, 0, 0, 0, 0, 0, 0, 0, 0, 0, 0] (0.000s)
  Sub: Z₀=18.329066 [LOCAL] (0.4s), α=[0.000,0.000,0.000,0.000,0.000,0.000,0.000,0.000,1.132,0.000,0.000,0.000,0.000,0.000,7.217,0.000,0.000,0.000,0.000,0.000,0.000,0.000,0.000,0.000,0.000,0.000,2.354,0.000,0.000,0.000,0.000,0.000,0.000,0.000,0.000,0.000,0.000,0.000]
  Iter 46: LB=13.856289  UB=13.928091  gap=5.16e-03
  Cut: intercept=-1163.692936, π_x_range=[-828.3111, 593.9140]
  Mini-Benders[1] (mw): LB=13.899554, Z₀(α*)=-3.993186, intercept=-83.735543 (0.229s) [OMP=0.189 ISP-L=0.003 ISP-F=0.010 MW-L=0.007 MW-F=0.009]
  Mini-Benders[1]: gap=2.05e-03 ≤ tol, break
  α-step: Z₀=13.675070, α=[0.000,0.000,0.000,0.000,0.000,0.000,0.000,0.000,1.567,0.000,0.000,0.000,0.000,0.000,2.495,0.000,0.000,0.000,0.000,0.000,0.000,0.000,0.000,0.000,3.248,0.000,3.394,0.000,0.000,0.000,0.000,0.000,0.000,0.000,0.000,0.000,0.000,0.000]
  Alt-Benders[1] (mw): LB=13.899554, Z₀(α*)=13.675070, intercept=-70.776571 (0.250s) [OMP=0.217 ISP-L=0.003 ISP-F=0.009 MW-L=0.013 MW-F=0.013]
  Alt-Benders[1]: gap=2.05e-03 ≤ tol, break
  OMP re-solve: 0.208s

=== True-DRO Benders iter 47 ===
  OMP: t₀=13.899554, UB=13.928091, gap=2.05e-03, x=[0, 0, 0, 0, 0, 0, 0, 0, 0, 0, 0, 0, 0, 0, 0, 0, 0, 0, 0, 0, 0, 1, 0, 0, 1, 0, 0, 0, 0, 0, 0, 0, 0, 0, 0, 0, 0, 0] (0.000s)
  Sub: Z₀=13.408374 [LOCAL] (0.5s), α=[0.000,0.000,0.000,0.000,0.000,0.000,0.000,0.000,0.447,0.000,0.000,0.000,0.000,0.000,0.000,0.000,0.000,0.000,0.000,0.000,0.000,0.882,0.000,0.000,8.918,0.000,0.455,0.000,0.000,0.000,0.000,0.000,0.000,0.000,0.000,0.000,0.000,0.000]
  Iter 47: LB=13.899554  UB=13.928091  gap=2.05e-03
True-DRO Benders converged at iter 47 (gap=2.05e-03)
  Wall time: 196.99 sec
  OMP  time: mean=0.127s, median=0.152s, max=0.273s
  Sub  time (exact): mean=5.660s, median=5.652s, q90=9.782s, max=10.370s (n=6/47)

Result (double): Z₀=13.928091, iters=47, time=197.1s
x arcs = [22, 25]
