============================================================
nobel_us — nominal: ε̂=0.00, ε̃=0.00, β=0.00
============================================================
Set parameter Username
Set parameter LicenseID to value 2742039
Academic license - for non-commercial use only - expires 2026-11-20
Set parameter Username
Set parameter LicenseID to value 2742039
Academic license - for non-commercial use only - expires 2026-11-20
Set parameter OutputFlag to value 1
Set parameter LogFile to value "global_miqcp.log"
Set parameter Username
Set parameter LicenseID to value 2742039
Academic license - for non-commercial use only - expires 2026-11-20
Set parameter Username
Set parameter LicenseID to value 2742039
Academic license - for non-commercial use only - expires 2026-11-20
Set parameter Username
Set parameter LicenseID to value 2742039
Academic license - for non-commercial use only - expires 2026-11-20
Set parameter Username
Set parameter LicenseID to value 2742039
Academic license - for non-commercial use only - expires 2026-11-20

=== True-DRO Benders iter 1 ===
  OMP: t₀=2.595511, UB=Inf, gap=NaN, x=[0, 0, 0, 0, 0, 0, 0, 0, 0, 0, 0, 0, 0, 0, 0, 0, 0, 0, 0, 1, 0, 1, 0, 0, 0, 0, 0, 0, 0, 0, 0, 0, 0, 0, 0, 0, 0, 0] (0.084s)
  Sub: Z₀=10.476167 [LOCAL] (0.2s), α=[0.000,0.000,0.000,0.000,0.000,0.000,0.000,0.000,0.000,0.000,0.000,0.000,0.000,0.000,0.000,0.000,0.000,0.000,0.000,6.919,0.000,3.784,0.000,0.000,0.000,0.000,0.000,0.000,0.000,0.000,0.000,0.000,0.000,0.000,0.000,0.000,0.000,0.000]
  Iter 1: LB=2.595511  UB=Inf  gap=NaN
  Cut: intercept=-1117.692501, π_x_range=[-828.0289, 576.8637]
  Mini-Benders[1] (mw): LB=2.630839, Z₀(α*)=-20.446121, intercept=-96.026735 (0.182s) [OMP=0.143 ISP-L=0.011 ISP-F=0.016 MW-L=0.006 MW-F=0.009]
  Mini-Benders[2] (mw): LB=2.630839, Z₀(α*)=-20.446121, intercept=-96.026735 (0.166s) [OMP=0.136 ISP-L=0.004 ISP-F=0.011 MW-L=0.010 MW-F=0.009]
  Mini-Benders[3] (mw): LB=2.630839, Z₀(α*)=-20.446121, intercept=-96.026735 (0.213s) [OMP=0.132 ISP-L=0.004 ISP-F=0.011 MW-L=0.049 MW-F=0.009]
  Mini-Benders[4]: LB stagnated, break
Set parameter NonConvex to value 2
Set parameter DualReductions to value 0
  α-step: Z₀=10.994021, α=[0.000,0.000,0.000,0.000,0.000,0.000,0.000,0.000,0.000,0.000,0.000,0.000,0.000,0.000,4.871,0.000,0.000,0.000,0.000,5.831,0.000,0.000,0.000,0.000,0.000,0.000,0.000,0.000,0.000,0.000,0.000,0.000,0.000,0.000,0.000,0.000,0.000,0.000]
  Alt-Benders[1] (mw): LB=2.674080, Z₀(α*)=-66.569750, intercept=-176.341952 (0.081s) [OMP=0.051 ISP-L=0.003 ISP-F=0.008 MW-L=0.005 MW-F=0.007]
  Alt-Benders[2] (mw): LB=2.674080, Z₀(α*)=-66.569750, intercept=-176.341952 (0.084s) [OMP=0.059 ISP-L=0.003 ISP-F=0.008 MW-L=0.005 MW-F=0.008]
  Alt-Benders[3] (mw): LB=2.674080, Z₀(α*)=-66.569750, intercept=-176.341952 (0.090s) [OMP=0.059 ISP-L=0.003 ISP-F=0.008 MW-L=0.011 MW-F=0.007]
  Alt-Benders[4]: LB stagnated, break
  OMP re-solve: 0.000s

=== True-DRO Benders iter 2 ===
  OMP: t₀=2.674080, UB=Inf, gap=NaN, x=[0, 0, 0, 0, 0, 0, 0, 0, 0, 0, 0, 0, 0, 0, 0, 0, 0, 0, 0, 0, 0, 1, 0, 0, 1, 0, 0, 0, 0, 0, 0, 0, 0, 0, 0, 0, 0, 0] (0.000s)
  Sub: Z₀=7.241302 [LOCAL] (0.1s), α=[0.000,0.000,0.000,0.000,0.000,0.000,0.000,0.000,0.000,0.000,0.000,0.000,0.000,0.000,0.000,0.000,0.000,0.000,0.000,0.000,0.000,4.363,0.000,0.000,6.339,0.000,0.000,0.000,0.000,0.000,0.000,0.000,0.000,0.000,0.000,0.000,0.000,0.000]
  Iter 2: LB=2.674080  UB=Inf  gap=NaN
  Cut: intercept=-1117.505219, π_x_range=[-827.7688, 576.0820]
  Mini-Benders[1] (mw): LB=2.693208, Z₀(α*)=-58.288363, intercept=-121.446366 (0.075s) [OMP=0.039 ISP-L=0.003 ISP-F=0.009 MW-L=0.009 MW-F=0.007]
  Mini-Benders[2] (mw): LB=2.693208, Z₀(α*)=-58.288363, intercept=-121.446366 (0.083s) [OMP=0.057 ISP-L=0.003 ISP-F=0.009 MW-L=0.005 MW-F=0.009]
  Mini-Benders[3] (mw): LB=2.693208, Z₀(α*)=-58.288363, intercept=-121.446366 (0.081s) [OMP=0.056 ISP-L=0.003 ISP-F=0.009 MW-L=0.005 MW-F=0.007]
  Mini-Benders[4]: LB stagnated, break
  α-step: Z₀=8.791365, α=[0.000,0.000,0.000,0.000,0.000,3.176,0.000,0.000,3.069,0.000,0.000,0.000,0.000,0.000,0.108,0.000,0.000,0.000,0.000,0.000,0.000,0.000,0.000,0.000,0.000,0.000,4.350,0.000,0.000,0.000,0.000,0.000,0.000,0.000,0.000,0.000,0.000,0.000]
  Alt-Benders[1] (mw): LB=2.709409, Z₀(α*)=-66.170550, intercept=-148.477375 (0.070s) [OMP=0.047 ISP-L=0.003 ISP-F=0.009 MW-L=0.007 MW-F=0.007]
  Alt-Benders[2] (mw): LB=2.709409, Z₀(α*)=-66.170550, intercept=-148.477375 (0.089s) [OMP=0.064 ISP-L=0.001 ISP-F=0.009 MW-L=0.006 MW-F=0.007]
  Alt-Benders[3] (mw): LB=2.709409, Z₀(α*)=-66.170550, intercept=-148.477375 (0.088s) [OMP=0.063 ISP-L=0.001 ISP-F=0.009 MW-L=0.006 MW-F=0.007]
  Alt-Benders[4]: LB stagnated, break
  OMP re-solve: 0.000s

=== True-DRO Benders iter 3 ===
  OMP: t₀=2.709409, UB=Inf, gap=NaN, x=[0, 0, 0, 0, 0, 0, 0, 0, 0, 0, 0, 0, 0, 0, 1, 0, 0, 0, 0, 0, 0, 0, 0, 0, 1, 0, 0, 0, 0, 0, 0, 0, 0, 0, 0, 0, 0, 0] (0.000s)
  Sub: Z₀=7.259278 [LOCAL] (0.1s), α=[0.000,0.000,0.000,0.000,0.000,0.000,0.000,0.000,0.000,0.000,0.000,0.000,0.000,0.000,5.219,0.000,0.000,0.000,0.000,0.000,0.000,0.000,0.000,0.000,5.484,0.000,0.000,0.000,0.000,0.000,0.000,0.000,0.000,0.000,0.000,0.000,0.000,0.000]
  Iter 3: LB=2.709409  UB=Inf  gap=NaN
  Cut: intercept=-1129.618523, π_x_range=[-828.0486, 587.6454]
  Mini-Benders[1] (mw): LB=2.716786, Z₀(α*)=-68.824304, intercept=-129.282740 (0.079s) [OMP=0.046 ISP-L=0.001 ISP-F=0.008 MW-L=0.004 MW-F=0.010]
  Mini-Benders[2] (mw): LB=2.716786, Z₀(α*)=-68.824304, intercept=-129.282740 (0.092s) [OMP=0.067 ISP-L=0.003 ISP-F=0.008 MW-L=0.005 MW-F=0.009]
  Mini-Benders[3] (mw): LB=2.716786, Z₀(α*)=-68.824304, intercept=-129.282740 (0.090s) [OMP=0.065 ISP-L=0.003 ISP-F=0.008 MW-L=0.005 MW-F=0.009]
  Mini-Benders[4]: LB stagnated, break
  α-step: Z₀=10.597445, α=[0.000,0.000,0.000,0.000,0.000,0.000,3.789,0.000,0.000,0.000,0.000,0.000,0.000,0.000,0.000,0.000,0.000,0.000,0.000,6.913,0.000,0.000,0.000,0.000,0.000,0.000,0.000,0.000,0.000,0.000,0.000,0.000,0.000,0.000,0.000,0.000,0.000,0.000]
  Alt-Benders[1] (mw): LB=2.795356, Z₀(α*)=-43.114644, intercept=-193.284871 (0.069s) [OMP=0.043 ISP-L=0.003 ISP-F=0.009 MW-L=0.007 MW-F=0.007]
  Alt-Benders[2] (mw): LB=2.795356, Z₀(α*)=-43.114644, intercept=-193.284871 (0.084s) [OMP=0.058 ISP-L=0.003 ISP-F=0.009 MW-L=0.007 MW-F=0.007]
  Alt-Benders[3] (mw): LB=2.795356, Z₀(α*)=-43.114644, intercept=-193.284871 (0.086s) [OMP=0.058 ISP-L=0.003 ISP-F=0.009 MW-L=0.007 MW-F=0.007]
  Alt-Benders[4]: LB stagnated, break
  OMP re-solve: 0.000s

=== True-DRO Benders iter 4 ===
  OMP: t₀=2.795356, UB=Inf, gap=NaN, x=[0, 0, 0, 0, 0, 0, 1, 0, 0, 0, 0, 0, 0, 0, 0, 0, 0, 0, 0, 0, 0, 0, 0, 0, 1, 0, 0, 0, 0, 0, 0, 0, 0, 0, 0, 0, 0, 0] (0.000s)
  Sub: Z₀=7.226337 [LOCAL] (0.1s), α=[0.000,0.000,0.000,0.000,0.000,0.000,4.364,0.000,0.000,0.000,0.000,0.000,0.000,0.000,0.000,0.000,0.000,0.000,0.000,0.000,0.000,0.000,0.000,0.000,6.338,0.000,0.000,0.000,0.000,0.000,0.000,0.000,0.000,0.000,0.000,0.000,0.000,0.000]
  Iter 4: LB=2.795356  UB=Inf  gap=NaN
  Cut: intercept=-1112.424699, π_x_range=[-827.7701, 570.9808]
  Mini-Benders[1] (mw): LB=3.238428, Z₀(α*)=-83.756497, intercept=-133.856816 (0.080s) [OMP=0.050 ISP-L=0.003 ISP-F=0.008 MW-L=0.005 MW-F=0.009]
  Mini-Benders[2] (mw): LB=3.238428, Z₀(α*)=-83.756497, intercept=-133.856816 (0.074s) [OMP=0.051 ISP-L=0.001 ISP-F=0.008 MW-L=0.004 MW-F=0.009]
  Mini-Benders[3] (mw): LB=3.238428, Z₀(α*)=-83.756497, intercept=-133.856816 (0.075s) [OMP=0.052 ISP-L=0.001 ISP-F=0.008 MW-L=0.004 MW-F=0.008]
  Mini-Benders[4]: LB stagnated, break
  α-step: Z₀=11.937920, α=[0.000,0.000,0.000,0.000,0.000,0.000,0.000,0.000,0.000,0.000,0.000,0.000,0.000,0.000,0.000,0.000,0.000,0.000,0.000,6.359,0.000,0.000,0.000,0.000,0.000,0.000,3.106,1.238,0.000,0.000,0.000,0.000,0.000,0.000,0.000,0.000,0.000,0.000]
  Alt-Benders[1] (mw): LB=3.331327, Z₀(α*)=-79.197802, intercept=-130.982381 (0.081s) [OMP=0.054 ISP-L=0.001 ISP-F=0.008 MW-L=0.004 MW-F=0.008]
  Alt-Benders[2] (mw): LB=3.331327, Z₀(α*)=-79.197802, intercept=-130.982381 (0.076s) [OMP=0.051 ISP-L=0.001 ISP-F=0.008 MW-L=0.006 MW-F=0.008]
  Alt-Benders[3] (mw): LB=3.331327, Z₀(α*)=-79.197802, intercept=-130.982381 (0.074s) [OMP=0.051 ISP-L=0.001 ISP-F=0.008 MW-L=0.006 MW-F=0.008]
  Alt-Benders[4]: LB stagnated, break
  OMP re-solve: 0.000s

=== True-DRO Benders iter 5 ===
  OMP: t₀=3.331327, UB=Inf, gap=NaN, x=[0, 0, 0, 0, 0, 0, 0, 0, 1, 0, 0, 0, 0, 0, 0, 0, 0, 0, 0, 0, 0, 1, 0, 0, 0, 0, 0, 0, 0, 0, 0, 0, 0, 0, 0, 0, 0, 0] (0.000s)
  Sub: Z₀=11.841553 (0.1s), α=[0.000,0.000,0.000,0.000,0.000,0.000,0.000,0.000,10.576,0.000,0.000,0.000,0.000,0.000,0.000,0.000,0.000,0.000,0.000,0.000,0.000,0.126,0.000,0.000,0.000,0.000,0.000,0.000,0.000,0.000,0.000,0.000,0.000,0.000,0.000,0.000,0.000,0.000]
  Iter 5: LB=3.331327  UB=11.841553  gap=7.19e-01
  Cut: intercept=-132.356614, π_x_range=[-275.0000, 73.9111]
  Sherali-Cut: intercept=-130.094148, π_x_range=[-115.1622, 72.3994]
  Mini-Benders[1] (mw): LB=3.366655, Z₀(α*)=11.544262, intercept=-81.319000 (0.104s) [OMP=0.083 ISP-L=0.001 ISP-F=0.009 MW-L=0.004 MW-F=0.008]
  Mini-Benders[2] (mw): LB=3.384592, Z₀(α*)=-82.739072, intercept=-73.437101 (0.107s) [OMP=0.085 ISP-L=0.002 ISP-F=0.008 MW-L=0.005 MW-F=0.009]
  Mini-Benders[3] (mw): LB=3.384592, Z₀(α*)=-82.739072, intercept=-73.437101 (0.122s) [OMP=0.088 ISP-L=0.001 ISP-F=0.009 MW-L=0.004 MW-F=0.009]
  Mini-Benders[4] (mw): LB=3.384592, Z₀(α*)=-82.739072, intercept=-73.437101 (0.104s) [OMP=0.079 ISP-L=0.001 ISP-F=0.008 MW-L=0.004 MW-F=0.009]
  Mini-Benders[5]: LB stagnated, break
  α-step: Z₀=11.996959, α=[0.000,0.000,0.000,0.000,0.000,9.904,0.000,0.000,0.000,0.000,0.000,0.000,0.000,0.000,0.000,0.000,0.000,0.000,0.000,0.000,0.000,0.000,0.000,0.000,0.000,0.000,0.799,0.000,0.000,0.000,0.000,0.000,0.000,0.000,0.000,0.000,0.000,0.000]
  Alt-Benders[1] (mw): LB=3.395491, Z₀(α*)=-17.703946, intercept=-142.411429 (0.105s) [OMP=0.096 ISP-L=0.002 ISP-F=0.008 MW-L=0.006 MW-F=0.007]
  Alt-Benders[2] (mw): LB=3.395491, Z₀(α*)=-17.703946, intercept=-142.411429 (0.116s) [OMP=0.075 ISP-L=0.003 ISP-F=0.008 MW-L=0.007 MW-F=0.007]
  Alt-Benders[3] (mw): LB=3.395491, Z₀(α*)=-17.703946, intercept=-142.411429 (0.094s) [OMP=0.078 ISP-L=0.003 ISP-F=0.008 MW-L=0.007 MW-F=0.006]
  Alt-Benders[4]: LB stagnated, break
  OMP re-solve: 0.000s

=== True-DRO Benders iter 6 ===
  OMP: t₀=3.395491, UB=11.841553, gap=7.13e-01, x=[0, 0, 0, 0, 0, 1, 0, 0, 0, 0, 0, 0, 0, 0, 0, 0, 0, 0, 0, 0, 0, 0, 0, 0, 1, 0, 0, 0, 0, 0, 0, 0, 0, 0, 0, 0, 0, 0] (0.000s)
  Sub: Z₀=9.275914 [LOCAL] (0.2s), α=[0.000,0.000,0.000,0.000,0.000,2.553,0.000,0.000,0.000,0.000,0.000,0.000,0.000,0.000,1.024,0.000,0.000,0.000,0.000,0.000,0.000,0.000,0.000,0.000,2.078,0.000,5.047,0.000,0.000,0.000,0.000,0.000,0.000,0.000,0.000,0.000,0.000,0.000]
  Iter 6: LB=3.395491  UB=11.841553  gap=7.13e-01
  Cut: intercept=-1111.331624, π_x_range=[-824.4414, 573.0795]
  Mini-Benders[1] (mw): LB=3.493136, Z₀(α*)=-11.338181, intercept=-164.995422 (0.120s) [OMP=0.084 ISP-L=0.003 ISP-F=0.009 MW-L=0.005 MW-F=0.009]
  Mini-Benders[2] (mw): LB=3.493136, Z₀(α*)=-11.338181, intercept=-164.995422 (0.106s) [OMP=0.078 ISP-L=0.002 ISP-F=0.009 MW-L=0.005 MW-F=0.009]
  Mini-Benders[3] (mw): LB=3.493136, Z₀(α*)=-11.338181, intercept=-164.995422 (0.104s) [OMP=0.081 ISP-L=0.003 ISP-F=0.009 MW-L=0.005 MW-F=0.009]
  Mini-Benders[4]: LB stagnated, break
  α-step: Z₀=11.342837, α=[0.000,0.000,0.000,0.000,0.000,0.000,0.000,0.000,0.000,0.000,0.000,0.000,0.000,0.000,0.000,0.000,0.000,0.000,0.000,0.000,0.000,0.000,0.000,0.000,6.205,0.000,0.000,4.497,0.000,0.000,0.000,0.000,0.000,0.000,0.000,0.000,0.000,0.000]
  Alt-Benders[1] (mw): LB=3.596636, Z₀(α*)=-89.623796, intercept=-105.833728 (0.105s) [OMP=0.083 ISP-L=0.002 ISP-F=0.008 MW-L=0.007 MW-F=0.007]
  Alt-Benders[2] (mw): LB=3.596636, Z₀(α*)=-89.623796, intercept=-105.833728 (0.154s) [OMP=0.129 ISP-L=0.002 ISP-F=0.008 MW-L=0.007 MW-F=0.007]
  Alt-Benders[3] (mw): LB=3.596636, Z₀(α*)=-89.623796, intercept=-105.833728 (0.153s) [OMP=0.130 ISP-L=0.002 ISP-F=0.008 MW-L=0.007 MW-F=0.007]
  Alt-Benders[4]: LB stagnated, break
  OMP re-solve: 0.000s

=== True-DRO Benders iter 7 ===
  OMP: t₀=3.596636, UB=11.841553, gap=6.96e-01, x=[0, 0, 0, 0, 0, 0, 1, 0, 1, 0, 0, 0, 0, 0, 0, 0, 0, 0, 0, 0, 0, 0, 0, 0, 0, 0, 0, 0, 0, 0, 0, 0, 0, 0, 0, 0, 0, 0] (0.000s)
  Sub: Z₀=12.918678 [LOCAL] (0.1s), α=[0.000,0.000,0.000,0.000,0.000,0.011,0.351,0.000,10.024,0.000,0.000,0.000,0.000,0.000,0.000,0.000,0.000,0.000,0.000,0.000,0.000,0.000,0.000,0.000,0.000,0.000,0.316,0.000,0.000,0.000,0.000,0.000,0.000,0.000,0.000,0.000,0.000,0.000]
  Iter 7: LB=3.596636  UB=11.841553  gap=6.96e-01
  Cut: intercept=-1145.570641, π_x_range=[-829.8461, 587.1841]
  Mini-Benders[1] (mw): LB=3.703745, Z₀(α*)=-55.088374, intercept=-135.127213 (0.137s) [OMP=0.117 ISP-L=0.003 ISP-F=0.008 MW-L=0.005 MW-F=0.008]
  Mini-Benders[2] (mw): LB=3.703745, Z₀(α*)=-55.088374, intercept=-135.127213 (0.138s) [OMP=0.109 ISP-L=0.002 ISP-F=0.008 MW-L=0.005 MW-F=0.007]
  Mini-Benders[3] (mw): LB=3.703745, Z₀(α*)=-55.088374, intercept=-135.127213 (0.135s) [OMP=0.111 ISP-L=0.003 ISP-F=0.008 MW-L=0.005 MW-F=0.008]
  Mini-Benders[4]: LB stagnated, break
  α-step: Z₀=9.870999, α=[0.000,0.000,0.000,0.000,0.000,2.601,0.000,0.000,0.000,0.000,0.000,0.000,0.000,0.000,0.925,0.000,0.000,0.000,0.000,2.177,0.000,0.000,0.000,0.000,0.000,0.000,4.999,0.000,0.000,0.000,0.000,0.000,0.000,0.000,0.000,0.000,0.000,0.000]
  Alt-Benders[1] (mw): LB=3.839976, Z₀(α*)=-11.391976, intercept=-98.021260 (0.106s) [OMP=0.091 ISP-L=0.002 ISP-F=0.008 MW-L=0.005 MW-F=0.007]
  Alt-Benders[2] (mw): LB=3.839976, Z₀(α*)=-11.391976, intercept=-98.021260 (0.121s) [OMP=0.100 ISP-L=0.002 ISP-F=0.008 MW-L=0.007 MW-F=0.006]
  Alt-Benders[3] (mw): LB=3.839976, Z₀(α*)=-11.391976, intercept=-98.021260 (0.136s) [OMP=0.097 ISP-L=0.002 ISP-F=0.008 MW-L=0.007 MW-F=0.007]
  Alt-Benders[4]: LB stagnated, break
  OMP re-solve: 0.000s

=== True-DRO Benders iter 8 ===
  OMP: t₀=3.839976, UB=11.841553, gap=6.76e-01, x=[0, 0, 0, 0, 0, 1, 0, 0, 0, 0, 0, 0, 0, 0, 0, 0, 0, 0, 0, 0, 0, 1, 0, 0, 0, 0, 0, 0, 0, 0, 0, 0, 0, 0, 0, 0, 0, 0] (0.000s)
  Sub: Z₀=9.773982 [LOCAL] (0.1s), α=[0.000,0.000,0.000,0.000,0.000,6.565,0.000,0.000,0.000,0.000,0.000,0.000,0.000,0.000,0.000,0.000,0.000,0.000,0.000,0.000,0.000,3.305,0.000,0.000,0.000,0.000,0.832,0.000,0.000,0.000,0.000,0.000,0.000,0.000,0.000,0.000,0.000,0.000]
  Iter 8: LB=3.839976  UB=11.841553  gap=6.76e-01
  Cut: intercept=-1134.840396, π_x_range=[-826.8109, 573.1097]
  Mini-Benders[1] (mw): LB=3.839976, Z₀(α*)=-8.759237, intercept=-107.242919 (0.122s) [OMP=0.107 ISP-L=0.002 ISP-F=0.009 MW-L=0.005 MW-F=0.008]
  Mini-Benders[2] (mw): LB=3.839976, Z₀(α*)=-8.759237, intercept=-107.242919 (0.151s) [OMP=0.117 ISP-L=0.002 ISP-F=0.009 MW-L=0.005 MW-F=0.008]
  Mini-Benders[3]: LB stagnated, break
  α-step: Z₀=9.974854, α=[0.000,0.000,0.000,0.000,0.000,7.775,2.927,0.000,0.000,0.000,0.000,0.000,0.000,0.000,0.000,0.000,0.000,0.000,0.000,0.000,0.000,0.000,0.000,0.000,0.000,0.000,0.000,0.000,0.000,0.000,0.000,0.000,0.000,0.000,0.000,0.000,0.000,0.000]
  Alt-Benders[1] (mw): LB=3.892439, Z₀(α*)=-5.403880, intercept=-52.432376 (0.120s) [OMP=0.104 ISP-L=0.003 ISP-F=0.008 MW-L=0.005 MW-F=0.008]
  Alt-Benders[2] (mw): LB=3.892439, Z₀(α*)=-5.403880, intercept=-52.432376 (0.122s) [OMP=0.105 ISP-L=0.001 ISP-F=0.008 MW-L=0.003 MW-F=0.006]
  Alt-Benders[3] (mw): LB=3.892439, Z₀(α*)=-5.403880, intercept=-52.432376 (0.135s) [OMP=0.107 ISP-L=0.001 ISP-F=0.008 MW-L=0.006 MW-F=0.006]
  Alt-Benders[4]: LB stagnated, break
  OMP re-solve: 0.000s

=== True-DRO Benders iter 9 ===
  OMP: t₀=3.892439, UB=11.841553, gap=6.71e-01, x=[0, 0, 0, 0, 0, 1, 0, 0, 0, 0, 0, 0, 0, 0, 0, 0, 0, 0, 0, 0, 0, 0, 0, 0, 0, 0, 0, 0, 0, 0, 0, 0, 0, 0, 0, 0, 1, 0] (0.000s)
  Sub: Z₀=12.878943 [LOCAL] (0.1s), α=[0.000,0.000,0.000,0.000,0.000,8.238,0.000,0.000,0.000,0.000,0.000,0.000,0.000,0.000,0.137,0.000,0.000,0.000,0.000,0.000,0.000,0.000,0.000,0.000,0.000,0.000,2.328,0.000,0.000,0.000,0.000,0.000,0.000,0.000,0.000,0.000,0.000,0.000]
  Iter 9: LB=3.892439  UB=11.841553  gap=6.71e-01
  Cut: intercept=-1141.303426, π_x_range=[-827.8293, 579.7179]
  Mini-Benders[1] (mw): LB=4.294417, Z₀(α*)=-71.172976, intercept=-106.390735 (0.151s) [OMP=0.117 ISP-L=0.001 ISP-F=0.009 MW-L=0.006 MW-F=0.006]
  Mini-Benders[2] (mw): LB=4.294417, Z₀(α*)=-71.172976, intercept=-106.390735 (0.122s) [OMP=0.103 ISP-L=0.003 ISP-F=0.008 MW-L=0.007 MW-F=0.006]
  Mini-Benders[3] (mw): LB=4.294417, Z₀(α*)=-71.172976, intercept=-106.390735 (0.122s) [OMP=0.103 ISP-L=0.002 ISP-F=0.008 MW-L=0.005 MW-F=0.008]
  Mini-Benders[4]: LB stagnated, break
  α-step: Z₀=13.919910, α=[0.000,0.000,0.000,0.000,0.000,0.000,0.000,0.000,8.444,0.000,0.000,0.000,0.000,0.000,0.000,0.000,0.000,0.000,0.000,0.000,0.000,0.000,0.000,0.000,0.000,0.000,2.259,0.000,0.000,0.000,0.000,0.000,0.000,0.000,0.000,0.000,0.000,0.000]
  Alt-Benders[1] (mw): LB=4.358860, Z₀(α*)=-55.818332, intercept=-61.798064 (0.133s) [OMP=0.121 ISP-L=0.002 ISP-F=0.008 MW-L=0.005 MW-F=0.008]
  Alt-Benders[2] (mw): LB=4.358860, Z₀(α*)=-55.818332, intercept=-61.798064 (0.153s) [OMP=0.124 ISP-L=0.002 ISP-F=0.008 MW-L=0.005 MW-F=0.007]
  Alt-Benders[3] (mw): LB=4.358860, Z₀(α*)=-55.818332, intercept=-61.798064 (0.151s) [OMP=0.126 ISP-L=0.002 ISP-F=0.008 MW-L=0.008 MW-F=0.007]
  Alt-Benders[4]: LB stagnated, break
  OMP re-solve: 0.000s

=== True-DRO Benders iter 10 ===
  OMP: t₀=4.358860, UB=11.841553, gap=6.32e-01, x=[0, 0, 1, 0, 0, 1, 0, 0, 0, 0, 0, 0, 0, 0, 0, 0, 0, 0, 0, 0, 0, 0, 0, 0, 0, 0, 0, 0, 0, 0, 0, 0, 0, 0, 0, 0, 0, 0] (0.000s)
  Sub: Z₀=12.671426 (0.1s), α=[0.000,0.000,0.000,0.000,0.000,10.702,0.000,0.000,0.000,0.000,0.000,0.000,0.000,0.000,0.000,0.000,0.000,0.000,0.000,0.000,0.000,0.000,0.000,0.000,0.000,0.000,0.000,0.000,0.000,0.000,0.000,0.000,0.000,0.000,0.000,0.000,0.000,0.000]
  Iter 10: LB=4.358860  UB=11.841553  gap=6.32e-01
  Cut: intercept=-83.456583, π_x_range=[-275.0000, 70.8690]
  Sherali-Cut: intercept=-64.934387, π_x_range=[-83.6544, 70.0916]
  Mini-Benders[1] (mw): LB=4.460530, Z₀(α*)=8.346816, intercept=-94.482786 (0.151s) [OMP=0.123 ISP-L=0.003 ISP-F=0.009 MW-L=0.007 MW-F=0.006]
  Mini-Benders[2] (mw): LB=4.539499, Z₀(α*)=12.878945, intercept=-52.432377 (0.135s) [OMP=0.121 ISP-L=0.003 ISP-F=0.008 MW-L=0.005 MW-F=0.009]
  Mini-Benders[3] (mw): LB=4.641233, Z₀(α*)=-6.260939, intercept=-68.341667 (0.151s) [OMP=0.122 ISP-L=0.001 ISP-F=0.008 MW-L=0.004 MW-F=0.008]
  Mini-Benders[4] (mw): LB=4.641233, Z₀(α*)=-6.260939, intercept=-68.341667 (0.138s) [OMP=0.111 ISP-L=0.002 ISP-F=0.008 MW-L=0.005 MW-F=0.008]
  Mini-Benders[5] (mw): LB=4.641233, Z₀(α*)=-6.260939, intercept=-68.341667 (0.137s) [OMP=0.110 ISP-L=0.002 ISP-F=0.008 MW-L=0.005 MW-F=0.006]
  α-step: Z₀=10.577228, α=[0.000,0.000,0.000,0.000,0.000,7.775,0.000,0.000,0.000,0.000,0.000,0.000,0.000,0.000,2.927,0.000,0.000,0.000,0.000,0.000,0.000,0.000,0.000,0.000,0.000,0.000,0.000,0.000,0.000,0.000,0.000,0.000,0.000,0.000,0.000,0.000,0.000,0.000]
  Alt-Benders[1] (mw): LB=4.662207, Z₀(α*)=-17.916484, intercept=-63.471442 (0.136s) [OMP=0.107 ISP-L=0.003 ISP-F=0.009 MW-L=0.007 MW-F=0.006]
  Alt-Benders[2] (mw): LB=4.662207, Z₀(α*)=-17.916484, intercept=-63.471442 (0.135s) [OMP=0.114 ISP-L=0.003 ISP-F=0.009 MW-L=0.007 MW-F=0.006]
  Alt-Benders[3] (mw): LB=4.662207, Z₀(α*)=-17.916484, intercept=-63.471442 (0.137s) [OMP=0.113 ISP-L=0.003 ISP-F=0.009 MW-L=0.007 MW-F=0.006]
  Alt-Benders[4]: LB stagnated, break
  OMP re-solve: 0.000s

=== True-DRO Benders iter 11 ===
  OMP: t₀=4.662207, UB=11.841553, gap=6.06e-01, x=[0, 0, 0, 0, 0, 1, 0, 0, 0, 0, 0, 0, 0, 0, 0, 0, 0, 0, 0, 0, 0, 0, 0, 0, 0, 0, 0, 1, 0, 0, 0, 0, 0, 0, 0, 0, 0, 0] (0.000s)
  Sub: Z₀=12.807887 [LOCAL] (0.1s), α=[0.000,0.000,0.000,0.000,0.000,5.444,0.000,0.000,0.000,0.000,0.000,0.000,0.000,0.000,0.000,0.000,0.000,0.000,0.000,0.000,0.000,0.000,0.000,0.000,0.000,0.000,5.258,0.000,0.000,0.000,0.000,0.000,0.000,0.000,0.000,0.000,0.000,0.000]
  Iter 11: LB=4.662207  UB=11.841553  gap=6.06e-01
  Cut: intercept=-1139.243126, π_x_range=[-826.9559, 578.0063]
  Mini-Benders[1] (mw): LB=5.127524, Z₀(α*)=12.878945, intercept=-51.935072 (0.122s) [OMP=0.097 ISP-L=0.003 ISP-F=0.009 MW-L=0.005 MW-F=0.008]
  Mini-Benders[2] (mw): LB=5.127524, Z₀(α*)=12.154511, intercept=-58.161072 (0.153s) [OMP=0.124 ISP-L=0.003 ISP-F=0.009 MW-L=0.006 MW-F=0.008]
  Mini-Benders[3] (mw): LB=5.127524, Z₀(α*)=1.144995, intercept=-130.921266 (0.153s) [OMP=0.118 ISP-L=0.002 ISP-F=0.008 MW-L=0.005 MW-F=0.007]
  Mini-Benders[4]: LB stagnated, break
  α-step: Z₀=10.555968, α=[0.000,0.000,0.000,0.000,0.000,2.717,0.000,0.000,0.000,0.000,0.000,0.000,0.000,0.000,0.000,0.000,0.000,0.000,0.000,0.000,0.000,0.000,0.000,0.000,0.000,0.000,5.369,0.000,0.000,0.000,0.000,2.617,0.000,0.000,0.000,0.000,0.000,0.000]
  Alt-Benders[1] (mw): LB=5.640190, Z₀(α*)=-5.964010, intercept=-51.935072 (0.138s) [OMP=0.115 ISP-L=0.003 ISP-F=0.008 MW-L=0.007 MW-F=0.006]
  Alt-Benders[2] (mw): LB=5.640190, Z₀(α*)=-5.964010, intercept=-51.935072 (0.153s) [OMP=0.124 ISP-L=0.003 ISP-F=0.008 MW-L=0.007 MW-F=0.007]
  Alt-Benders[3] (mw): LB=5.640190, Z₀(α*)=-5.964010, intercept=-51.935072 (0.153s) [OMP=0.127 ISP-L=0.003 ISP-F=0.008 MW-L=0.007 MW-F=0.006]
  Alt-Benders[4]: LB stagnated, break
  OMP re-solve: 0.000s

=== True-DRO Benders iter 12 ===
  OMP: t₀=5.640190, UB=11.841553, gap=5.24e-01, x=[0, 0, 0, 0, 0, 1, 0, 0, 0, 0, 0, 0, 0, 0, 0, 0, 0, 0, 1, 0, 0, 0, 0, 0, 0, 0, 0, 0, 0, 0, 0, 0, 0, 0, 0, 0, 0, 0] (0.000s)
  Sub: Z₀=12.878943 [LOCAL] (0.1s), α=[0.000,0.000,0.000,0.000,0.000,8.344,0.000,0.000,0.000,0.000,0.000,0.000,0.000,0.000,0.130,0.000,0.000,0.000,0.000,0.000,0.000,0.000,0.000,0.000,0.000,0.000,2.228,0.000,0.000,0.000,0.000,0.000,0.000,0.000,0.000,0.000,0.000,0.000]
  Iter 12: LB=5.640190  UB=11.841553  gap=5.24e-01
  Cut: intercept=-1122.905411, π_x_range=[-828.7517, 574.4499]
  Mini-Benders[1] (mw): LB=5.658501, Z₀(α*)=-48.264858, intercept=-130.365433 (0.151s) [OMP=0.126 ISP-L=0.002 ISP-F=0.009 MW-L=0.005 MW-F=0.008]
  Mini-Benders[2] (mw): LB=5.658501, Z₀(α*)=-48.264858, intercept=-130.365433 (0.150s) [OMP=0.126 ISP-L=0.003 ISP-F=0.009 MW-L=0.005 MW-F=0.008]
  Mini-Benders[3] (mw): LB=5.658501, Z₀(α*)=-48.264858, intercept=-130.365433 (0.151s) [OMP=0.125 ISP-L=0.002 ISP-F=0.009 MW-L=0.005 MW-F=0.007]
  Mini-Benders[4]: LB stagnated, break
  α-step: Z₀=11.523857, α=[0.000,0.000,0.000,0.000,0.000,0.000,0.000,0.000,4.224,0.000,0.000,0.000,0.000,0.000,2.254,0.000,0.000,0.000,0.000,4.224,0.000,0.000,0.000,0.000,0.000,0.000,0.000,0.000,0.000,0.000,0.000,0.000,0.000,0.000,0.000,0.000,0.000,0.000]
  Alt-Benders[1] (mw): LB=5.658501, Z₀(α*)=-23.259300, intercept=-141.105750 (0.146s) [OMP=0.135 ISP-L=0.003 ISP-F=0.009 MW-L=0.007 MW-F=0.006]
  Alt-Benders[2] (mw): LB=5.658501, Z₀(α*)=-23.259300, intercept=-141.105750 (0.151s) [OMP=0.120 ISP-L=0.003 ISP-F=0.009 MW-L=0.007 MW-F=0.006]
  Alt-Benders[3] (mw): LB=5.658501, Z₀(α*)=-23.259300, intercept=-141.105750 (0.151s) [OMP=0.120 ISP-L=0.003 ISP-F=0.009 MW-L=0.007 MW-F=0.006]
  Alt-Benders[4]: LB stagnated, break
  OMP re-solve: 0.000s

=== True-DRO Benders iter 13 ===
  OMP: t₀=5.658501, UB=11.841553, gap=5.22e-01, x=[0, 0, 0, 0, 0, 0, 0, 0, 0, 0, 0, 0, 0, 0, 0, 0, 0, 0, 0, 1, 0, 0, 0, 0, 1, 0, 0, 0, 0, 0, 0, 0, 0, 0, 0, 0, 0, 0] (0.000s)
  Sub: Z₀=11.284688 [LOCAL] (0.1s), α=[0.000,0.000,0.000,0.000,0.000,0.000,0.000,0.000,0.000,0.000,0.000,0.000,0.000,0.000,2.557,0.000,0.000,0.000,0.000,4.073,0.000,0.000,0.000,0.000,4.073,0.000,0.000,0.000,0.000,0.000,0.000,0.000,0.000,0.000,0.000,0.000,0.000,0.000]
  Iter 13: LB=5.658501  UB=11.841553  gap=5.22e-01
  Cut: intercept=-1084.045175, π_x_range=[-828.3990, 550.5820]
  Mini-Benders[1] (mw): LB=6.065740, Z₀(α*)=-6.216077, intercept=-78.421105 (0.151s) [OMP=0.131 ISP-L=0.003 ISP-F=0.009 MW-L=0.005 MW-F=0.009]
  Mini-Benders[2] (mw): LB=6.065740, Z₀(α*)=-6.216077, intercept=-78.421105 (0.166s) [OMP=0.133 ISP-L=0.003 ISP-F=0.009 MW-L=0.005 MW-F=0.009]
  Mini-Benders[3] (mw): LB=6.065740, Z₀(α*)=-6.216077, intercept=-78.421105 (0.141s) [OMP=0.130 ISP-L=0.003 ISP-F=0.009 MW-L=0.005 MW-F=0.007]
  Mini-Benders[4]: LB stagnated, break
  α-step: Z₀=12.117902, α=[0.000,0.000,0.000,0.000,0.000,0.000,0.000,0.000,0.000,0.000,0.000,0.000,0.000,0.000,2.457,0.000,0.000,0.000,0.000,5.834,0.000,0.000,0.000,0.000,0.000,0.000,0.000,0.000,0.000,0.000,0.000,0.000,2.411,0.000,0.000,0.000,0.000,0.000]
  Alt-Benders[1] (mw): LB=6.067067, Z₀(α*)=-3.747076, intercept=-69.459372 (0.149s) [OMP=0.134 ISP-L=0.003 ISP-F=0.009 MW-L=0.007 MW-F=0.007]
  Alt-Benders[2] (mw): LB=6.067067, Z₀(α*)=-3.747076, intercept=-69.459372 (0.151s) [OMP=0.119 ISP-L=0.002 ISP-F=0.009 MW-L=0.007 MW-F=0.007]
  Alt-Benders[3] (mw): LB=6.067067, Z₀(α*)=-3.747076, intercept=-69.459372 (0.135s) [OMP=0.117 ISP-L=0.003 ISP-F=0.009 MW-L=0.007 MW-F=0.007]
  Alt-Benders[4]: LB stagnated, break
  OMP re-solve: 0.000s

=== True-DRO Benders iter 14 ===
  OMP: t₀=6.067067, UB=11.841553, gap=4.88e-01, x=[0, 0, 0, 0, 0, 0, 0, 0, 0, 0, 0, 0, 0, 0, 0, 0, 0, 0, 0, 1, 0, 0, 0, 0, 0, 0, 1, 0, 0, 0, 0, 0, 0, 0, 0, 0, 0, 0] (0.000s)
  Sub: Z₀=12.726701 [LOCAL] (0.1s), α=[0.000,0.000,0.000,0.000,0.000,0.000,0.000,0.000,0.000,0.000,0.000,0.000,0.000,0.000,1.607,0.000,0.000,0.000,0.000,6.092,0.000,0.000,0.000,0.000,0.000,0.000,3.004,0.000,0.000,0.000,0.000,0.000,0.000,0.000,0.000,0.000,0.000,0.000]
  Iter 14: LB=6.067067  UB=11.841553  gap=4.88e-01
  Cut: intercept=-1130.326391, π_x_range=[-829.0527, 593.3918]
  Mini-Benders[1] (mw): LB=6.081013, Z₀(α*)=6.778803, intercept=-41.380527 (0.153s) [OMP=0.135 ISP-L=0.003 ISP-F=0.009 MW-L=0.005 MW-F=0.008]
  Mini-Benders[2] (mw): LB=6.221463, Z₀(α*)=-30.315019, intercept=-124.913655 (0.169s) [OMP=0.144 ISP-L=0.002 ISP-F=0.009 MW-L=0.005 MW-F=0.008]
  Mini-Benders[3] (mw): LB=6.221463, Z₀(α*)=-30.315019, intercept=-124.913655 (0.156s) [OMP=0.136 ISP-L=0.002 ISP-F=0.008 MW-L=0.005 MW-F=0.006]
  Mini-Benders[4] (mw): LB=6.221463, Z₀(α*)=-30.315019, intercept=-124.913655 (0.167s) [OMP=0.137 ISP-L=0.003 ISP-F=0.009 MW-L=0.008 MW-F=0.006]
  Mini-Benders[5]: LB stagnated, break
  α-step: Z₀=11.836225, α=[0.000,0.000,0.000,0.000,0.000,0.000,0.000,0.000,4.073,0.000,0.000,0.000,0.000,0.000,2.557,0.000,0.000,0.000,0.000,0.000,0.000,0.000,0.000,0.000,4.073,0.000,0.000,0.000,0.000,0.000,0.000,0.000,0.000,0.000,0.000,0.000,0.000,0.000]
  Alt-Benders[1] (mw): LB=6.481610, Z₀(α*)=-3.519670, intercept=-102.266609 (0.152s) [OMP=0.126 ISP-L=0.003 ISP-F=0.008 MW-L=0.007 MW-F=0.007]
  Alt-Benders[2] (mw): LB=6.481610, Z₀(α*)=-3.519670, intercept=-102.266609 (0.151s) [OMP=0.131 ISP-L=0.003 ISP-F=0.008 MW-L=0.007 MW-F=0.007]
  Alt-Benders[3] (mw): LB=6.481610, Z₀(α*)=-3.519670, intercept=-102.266609 (0.166s) [OMP=0.133 ISP-L=0.003 ISP-F=0.008 MW-L=0.005 MW-F=0.010]
  Alt-Benders[4]: LB stagnated, break
  OMP re-solve: 0.000s

=== True-DRO Benders iter 15 ===
  OMP: t₀=6.481610, UB=11.841553, gap=4.53e-01, x=[0, 0, 0, 0, 0, 0, 0, 0, 0, 0, 0, 0, 0, 0, 0, 0, 0, 0, 0, 0, 0, 0, 0, 0, 1, 0, 0, 0, 0, 0, 0, 0, 1, 0, 0, 0, 0, 0] (0.000s)
  Sub: Z₀=12.117901 (0.1s), α=[0.000,0.000,0.000,0.000,0.000,0.000,0.000,0.000,0.000,0.000,0.000,0.000,0.000,0.000,1.823,0.000,0.000,0.000,0.000,0.000,0.000,0.000,0.000,0.000,6.623,0.000,0.077,0.000,0.000,0.000,0.000,0.000,2.099,0.081,0.000,0.000,0.000,0.000]
  Iter 15: LB=6.481610  UB=11.841553  gap=4.53e-01
  Cut: intercept=-103.575063, π_x_range=[-275.0000, 68.5575]
  Sherali-Cut: intercept=-102.258161, π_x_range=[-82.4369, 68.0298]
  Mini-Benders[1] (mw): LB=6.503427, Z₀(α*)=-51.529385, intercept=-57.274757 (0.125s) [OMP=0.103 ISP-L=0.003 ISP-F=0.008 MW-L=0.005 MW-F=0.006]
  Mini-Benders[2] (mw): LB=6.503427, Z₀(α*)=-51.529385, intercept=-57.274757 (0.135s) [OMP=0.099 ISP-L=0.002 ISP-F=0.008 MW-L=0.007 MW-F=0.006]
  Mini-Benders[3] (mw): LB=6.503427, Z₀(α*)=-51.529385, intercept=-57.274757 (0.122s) [OMP=0.101 ISP-L=0.002 ISP-F=0.008 MW-L=0.007 MW-F=0.006]
  Mini-Benders[4]: LB stagnated, break
  α-step: Z₀=13.635534, α=[0.000,0.000,0.000,0.000,0.000,0.515,0.000,0.000,0.459,0.000,0.000,0.000,0.000,0.000,1.816,0.000,0.000,0.000,0.000,7.537,0.000,0.000,0.000,0.000,0.000,0.000,0.375,0.000,0.000,0.000,0.000,0.000,0.000,0.000,0.000,0.000,0.000,0.000]
  Alt-Benders[1] (mw): LB=6.581622, Z₀(α*)=-41.738139, intercept=-97.502091 (0.141s) [OMP=0.126 ISP-L=0.003 ISP-F=0.008 MW-L=0.007 MW-F=0.007]
  Alt-Benders[2] (mw): LB=6.581622, Z₀(α*)=-41.738139, intercept=-97.502091 (0.167s) [OMP=0.130 ISP-L=0.002 ISP-F=0.008 MW-L=0.005 MW-F=0.009]
  Alt-Benders[3] (mw): LB=6.581622, Z₀(α*)=-41.738139, intercept=-97.502091 (0.151s) [OMP=0.130 ISP-L=0.003 ISP-F=0.009 MW-L=0.005 MW-F=0.009]
  Alt-Benders[4]: LB stagnated, break
  OMP re-solve: 0.000s

=== True-DRO Benders iter 16 ===
  OMP: t₀=6.581622, UB=11.841553, gap=4.44e-01, x=[0, 0, 0, 0, 0, 0, 0, 0, 0, 0, 0, 0, 0, 0, 0, 0, 0, 0, 0, 0, 0, 0, 0, 0, 1, 0, 1, 0, 0, 0, 0, 0, 0, 0, 0, 0, 0, 0] (0.000s)
  Sub: Z₀=12.718070 [LOCAL] (0.1s), α=[0.000,0.000,0.000,0.000,0.000,0.000,0.000,0.000,0.000,0.000,0.000,0.000,0.000,0.000,1.776,0.000,0.000,0.000,0.000,0.000,0.000,0.000,0.000,0.000,6.009,0.000,2.917,0.000,0.000,0.000,0.000,0.000,0.000,0.000,0.000,0.000,0.000,0.000]
  Iter 16: LB=6.581622  UB=11.841553  gap=4.44e-01
  Cut: intercept=-1128.391181, π_x_range=[-829.0765, 593.0138]
  Mini-Benders[1] (mw): LB=6.583299, Z₀(α*)=-20.558978, intercept=-165.287619 (0.150s) [OMP=0.130 ISP-L=0.003 ISP-F=0.010 MW-L=0.005 MW-F=0.007]
  Mini-Benders[2] (mw): LB=6.583299, Z₀(α*)=-20.558978, intercept=-165.287619 (0.151s) [OMP=0.124 ISP-L=0.003 ISP-F=0.010 MW-L=0.007 MW-F=0.007]
  Mini-Benders[3] (mw): LB=6.583299, Z₀(α*)=-20.558978, intercept=-165.287619 (0.151s) [OMP=0.122 ISP-L=0.003 ISP-F=0.010 MW-L=0.007 MW-F=0.007]
  Mini-Benders[4]: LB stagnated, break
  α-step: Z₀=10.376344, α=[0.000,0.000,0.000,0.000,0.000,0.000,0.000,0.000,0.000,0.000,0.000,0.000,0.000,0.000,0.000,0.000,0.000,0.000,0.000,4.923,0.000,0.000,0.000,0.000,0.000,0.000,0.957,0.000,0.000,0.000,0.000,4.823,0.000,0.000,0.000,0.000,0.000,0.000]
  Alt-Benders[1] (mw): LB=6.648926, Z₀(α*)=-23.629311, intercept=-151.647336 (0.163s) [OMP=0.136 ISP-L=0.003 ISP-F=0.009 MW-L=0.005 MW-F=0.008]
  Alt-Benders[2] (mw): LB=6.648926, Z₀(α*)=-23.629311, intercept=-151.647336 (0.151s) [OMP=0.135 ISP-L=0.002 ISP-F=0.009 MW-L=0.005 MW-F=0.008]
  Alt-Benders[3] (mw): LB=6.648926, Z₀(α*)=-23.629311, intercept=-151.647336 (0.166s) [OMP=0.133 ISP-L=0.003 ISP-F=0.009 MW-L=0.005 MW-F=0.009]
  Alt-Benders[4]: LB stagnated, break
  OMP re-solve: 0.000s

=== True-DRO Benders iter 17 ===
  OMP: t₀=6.648926, UB=11.841553, gap=4.39e-01, x=[0, 0, 0, 0, 0, 0, 0, 0, 1, 0, 0, 0, 0, 0, 0, 0, 0, 0, 0, 0, 0, 0, 0, 0, 0, 0, 0, 0, 0, 0, 0, 1, 0, 0, 0, 0, 0, 0] (0.000s)
  Sub: Z₀=7.155921 [LOCAL] (0.1s), α=[0.000,0.000,0.000,0.000,0.000,0.000,0.000,0.000,4.453,0.000,0.000,0.000,0.000,0.000,0.018,0.000,0.000,0.000,0.000,0.000,0.000,0.000,0.000,0.000,0.000,0.000,2.141,0.000,0.000,0.000,0.000,4.091,0.000,0.000,0.000,0.000,0.000,0.000]
  Iter 17: LB=6.648926  UB=11.841553  gap=4.39e-01
  Cut: intercept=-1124.148232, π_x_range=[-821.6753, 588.1595]
  Mini-Benders[1] (mw): LB=6.669038, Z₀(α*)=-60.970476, intercept=-40.228136 (0.151s) [OMP=0.132 ISP-L=0.003 ISP-F=0.009 MW-L=0.005 MW-F=0.007]
  Mini-Benders[2] (mw): LB=6.669038, Z₀(α*)=-60.970476, intercept=-40.228136 (0.151s) [OMP=0.130 ISP-L=0.003 ISP-F=0.009 MW-L=0.008 MW-F=0.007]
  Mini-Benders[3] (mw): LB=6.669038, Z₀(α*)=-60.970476, intercept=-40.228136 (0.166s) [OMP=0.139 ISP-L=0.003 ISP-F=0.009 MW-L=0.007 MW-F=0.007]
  Mini-Benders[4]: LB stagnated, break
  α-step: Z₀=13.979132, α=[0.000,0.000,0.000,0.000,0.000,0.000,0.000,0.000,0.224,0.000,0.000,0.000,0.000,0.000,1.816,0.000,0.000,0.000,0.000,7.655,0.000,0.000,0.000,0.000,0.000,0.000,1.008,0.000,0.000,0.000,0.000,0.000,0.000,0.000,0.000,0.000,0.000,0.000]
  Alt-Benders[1] (mw): LB=6.669038, Z₀(α*)=12.768617, intercept=-55.945704 (0.139s) [OMP=0.126 ISP-L=0.003 ISP-F=0.009 MW-L=0.005 MW-F=0.009]
  Alt-Benders[2] (mw): LB=6.669038, Z₀(α*)=13.979132, intercept=-41.796217 (0.181s) [OMP=0.145 ISP-L=0.003 ISP-F=0.009 MW-L=0.005 MW-F=0.008]
  Alt-Benders[3] (mw): LB=6.669038, Z₀(α*)=12.858556, intercept=-48.328374 (0.167s) [OMP=0.136 ISP-L=0.003 ISP-F=0.009 MW-L=0.005 MW-F=0.008]
  Alt-Benders[4] (mw): LB=6.833764, Z₀(α*)=-36.007348, intercept=-130.575902 (0.142s) [OMP=0.130 ISP-L=0.002 ISP-F=0.008 MW-L=0.005 MW-F=0.007]
  Alt-Benders[5] (mw): LB=6.833764, Z₀(α*)=-36.007348, intercept=-130.575902 (0.151s) [OMP=0.120 ISP-L=0.003 ISP-F=0.008 MW-L=0.008 MW-F=0.007]
  OMP re-solve: 0.132s

=== True-DRO Benders iter 18 ===
  OMP: t₀=6.833764, UB=11.841553, gap=4.23e-01, x=[0, 0, 0, 0, 0, 0, 0, 0, 0, 0, 0, 0, 0, 0, 0, 0, 0, 0, 0, 0, 0, 1, 0, 0, 0, 0, 0, 0, 0, 0, 0, 1, 0, 0, 0, 0, 0, 0] (0.000s)
  Sub: Z₀=11.033767 [LOCAL] (0.1s), α=[0.000,0.000,0.000,0.000,0.000,0.000,0.000,0.000,0.771,0.000,0.000,0.000,0.000,0.000,0.000,0.000,0.000,0.000,0.000,0.000,0.000,3.303,0.000,0.000,0.000,0.000,0.998,0.000,0.000,0.000,0.000,5.631,0.000,0.000,0.000,0.000,0.000,0.000]
  Iter 18: LB=6.833764  UB=11.841553  gap=4.23e-01
  Cut: intercept=-1102.289030, π_x_range=[-823.9800, 571.8994]
  Mini-Benders[1] (mw): LB=6.838007, Z₀(α*)=-20.569772, intercept=-182.217133 (0.166s) [OMP=0.136 ISP-L=0.003 ISP-F=0.010 MW-L=0.007 MW-F=0.007]
  Mini-Benders[2] (mw): LB=6.838007, Z₀(α*)=-20.569772, intercept=-182.217133 (0.151s) [OMP=0.130 ISP-L=0.003 ISP-F=0.009 MW-L=0.005 MW-F=0.009]
  Mini-Benders[3] (mw): LB=6.838007, Z₀(α*)=-20.569772, intercept=-182.217133 (0.151s) [OMP=0.128 ISP-L=0.002 ISP-F=0.009 MW-L=0.005 MW-F=0.009]
  Mini-Benders[4]: LB stagnated, break
  α-step: Z₀=9.962411, α=[0.000,0.000,0.000,0.000,0.000,0.000,0.000,0.000,0.000,0.000,0.000,0.000,0.000,0.000,0.087,0.000,0.000,0.000,0.000,0.000,0.000,0.000,0.000,0.000,4.815,0.000,0.985,0.000,0.000,0.000,0.000,4.815,0.000,0.000,0.000,0.000,0.000,0.000]
  Alt-Benders[1] (mw): LB=6.869092, Z₀(α*)=-17.256681, intercept=-124.223346 (0.134s) [OMP=0.111 ISP-L=0.003 ISP-F=0.009 MW-L=0.005 MW-F=0.008]
  Alt-Benders[2] (mw): LB=6.869092, Z₀(α*)=-17.256681, intercept=-124.223346 (0.137s) [OMP=0.119 ISP-L=0.003 ISP-F=0.009 MW-L=0.005 MW-F=0.007]
  Alt-Benders[3] (mw): LB=6.869092, Z₀(α*)=-17.256681, intercept=-124.223346 (0.138s) [OMP=0.116 ISP-L=0.003 ISP-F=0.009 MW-L=0.007 MW-F=0.006]
  Alt-Benders[4]: LB stagnated, break
  OMP re-solve: 0.000s

=== True-DRO Benders iter 19 ===
  OMP: t₀=6.869092, UB=11.841553, gap=4.20e-01, x=[0, 0, 0, 0, 0, 0, 0, 0, 0, 0, 0, 0, 0, 0, 1, 0, 0, 0, 0, 0, 0, 0, 0, 0, 0, 0, 0, 0, 0, 0, 0, 1, 0, 0, 0, 0, 0, 0] (0.000s)
  Sub: Z₀=9.928140 [LOCAL] (0.1s), α=[0.000,0.000,0.000,0.000,0.000,0.000,0.000,0.000,0.000,0.000,0.000,0.000,0.000,0.000,4.016,0.000,0.000,0.000,0.000,0.000,0.000,0.000,0.000,0.000,0.000,0.000,0.613,0.000,0.000,0.000,0.000,6.074,0.000,0.000,0.000,0.000,0.000,0.000]
  Iter 19: LB=6.869092  UB=11.841553  gap=4.20e-01
  Cut: intercept=-1119.501755, π_x_range=[-823.3642, 587.0139]
  Mini-Benders[1] (mw): LB=6.896578, Z₀(α*)=-35.450809, intercept=-67.078354 (0.167s) [OMP=0.145 ISP-L=0.003 ISP-F=0.008 MW-L=0.007 MW-F=0.006]
  Mini-Benders[2] (mw): LB=6.896578, Z₀(α*)=-35.450809, intercept=-67.078354 (0.166s) [OMP=0.145 ISP-L=0.002 ISP-F=0.008 MW-L=0.005 MW-F=0.008]
  Mini-Benders[3] (mw): LB=6.896578, Z₀(α*)=-35.450809, intercept=-67.078354 (0.182s) [OMP=0.144 ISP-L=0.002 ISP-F=0.008 MW-L=0.005 MW-F=0.008]
  Mini-Benders[4]: LB stagnated, break
  α-step: Z₀=13.814923, α=[0.000,0.000,0.000,0.000,0.000,0.000,0.000,0.000,0.459,0.000,0.000,0.000,0.000,0.000,1.816,0.000,0.000,0.000,0.000,0.000,0.000,0.000,0.000,0.000,7.537,0.000,0.890,0.000,0.000,0.000,0.000,0.000,0.000,0.000,0.000,0.000,0.000,0.000]
  Alt-Benders[1] (mw): LB=6.923746, Z₀(α*)=13.814923, intercept=-67.011009 (0.145s) [OMP=0.132 ISP-L=0.003 ISP-F=0.008 MW-L=0.005 MW-F=0.006]
  Alt-Benders[2] (mw): LB=6.923746, Z₀(α*)=13.814923, intercept=-67.011009 (0.166s) [OMP=0.135 ISP-L=0.003 ISP-F=0.010 MW-L=0.007 MW-F=0.006]
  Alt-Benders[3] (mw): LB=6.923746, Z₀(α*)=12.666389, intercept=-85.408598 (0.167s) [OMP=0.137 ISP-L=0.003 ISP-F=0.009 MW-L=0.007 MW-F=0.007]
  Alt-Benders[4]: LB stagnated, break
  OMP re-solve: 0.000s

=== True-DRO Benders iter 20 ===
  OMP: t₀=6.923746, UB=11.841553, gap=4.15e-01, x=[0, 0, 1, 0, 0, 0, 0, 0, 0, 0, 0, 0, 0, 0, 0, 0, 0, 0, 0, 0, 0, 0, 0, 0, 1, 0, 0, 0, 0, 0, 0, 0, 0, 0, 0, 0, 0, 0] (0.000s)
  Sub: Z₀=13.434323 (0.1s), α=[0.000,0.000,0.000,0.000,0.000,0.000,0.000,0.000,0.000,0.000,0.000,0.000,0.000,0.000,2.760,0.000,0.000,0.000,0.000,0.000,0.000,0.000,0.000,0.000,6.789,0.000,1.154,0.000,0.000,0.000,0.000,0.000,0.000,0.000,0.000,0.000,0.000,0.000]
  Iter 20: LB=6.923746  UB=11.841553  gap=4.15e-01
  Cut: intercept=-89.638441, π_x_range=[-275.0000, 84.9717]
  Sherali-Cut: intercept=-78.179644, π_x_range=[-91.9241, 84.2907]
  Mini-Benders[1] (mw): LB=6.923746, Z₀(α*)=13.497004, intercept=-66.821197 (0.150s) [OMP=0.129 ISP-L=0.003 ISP-F=0.008 MW-L=0.005 MW-F=0.008]
  Mini-Benders[2] (mw): LB=7.155921, Z₀(α*)=-31.407515, intercept=-152.396643 (0.182s) [OMP=0.147 ISP-L=0.003 ISP-F=0.009 MW-L=0.005 MW-F=0.009]
  Mini-Benders[3] (mw): LB=7.155921, Z₀(α*)=-31.407515, intercept=-152.396643 (0.151s) [OMP=0.132 ISP-L=0.003 ISP-F=0.009 MW-L=0.005 MW-F=0.009]
  Mini-Benders[4] (mw): LB=7.155921, Z₀(α*)=-31.407515, intercept=-152.396643 (0.166s) [OMP=0.134 ISP-L=0.002 ISP-F=0.009 MW-L=0.005 MW-F=0.007]
  Mini-Benders[5]: LB stagnated, break
  α-step: Z₀=10.040685, α=[0.000,0.000,0.000,0.000,0.000,0.000,0.000,0.000,4.471,0.000,0.000,0.000,0.000,0.000,0.000,0.000,0.000,0.000,0.000,0.000,0.000,0.000,0.000,0.000,0.000,0.000,1.760,0.000,0.000,0.000,0.000,4.471,0.000,0.000,0.000,0.000,0.000,0.000]
  Alt-Benders[1] (mw): LB=7.202554, Z₀(α*)=-12.708370, intercept=-80.763787 (0.158s) [OMP=0.139 ISP-L=0.003 ISP-F=0.010 MW-L=0.007 MW-F=0.007]
  Alt-Benders[2] (mw): LB=7.202554, Z₀(α*)=-12.708370, intercept=-80.763787 (0.167s) [OMP=0.133 ISP-L=0.003 ISP-F=0.010 MW-L=0.007 MW-F=0.007]
  Alt-Benders[3] (mw): LB=7.202554, Z₀(α*)=-12.708370, intercept=-80.763787 (0.165s) [OMP=0.135 ISP-L=0.003 ISP-F=0.010 MW-L=0.005 MW-F=0.009]
  Alt-Benders[4]: LB stagnated, break
  OMP re-solve: 0.000s

=== True-DRO Benders iter 21 ===
  OMP: t₀=7.202554, UB=11.841553, gap=3.92e-01, x=[0, 0, 0, 0, 0, 0, 0, 0, 1, 0, 0, 0, 0, 0, 0, 0, 0, 0, 0, 0, 0, 0, 0, 0, 0, 0, 0, 0, 0, 0, 0, 0, 1, 0, 0, 0, 0, 0] (0.000s)
  Sub: Z₀=13.013736 [LOCAL] (0.1s), α=[0.000,0.000,0.000,0.000,0.000,0.000,0.000,0.000,8.381,0.000,0.000,0.000,0.000,0.000,0.000,0.000,0.000,0.000,0.000,0.000,0.000,0.000,0.000,0.000,0.000,0.000,0.207,0.000,0.000,0.000,0.000,0.000,2.087,0.028,0.000,0.000,0.000,0.000]
  Iter 21: LB=7.202554  UB=11.841553  gap=3.92e-01
  Cut: intercept=-1104.673920, π_x_range=[-830.0132, 574.8544]
  Mini-Benders[1] (mw): LB=7.226337, Z₀(α*)=-50.877004, intercept=-191.398836 (0.167s) [OMP=0.139 ISP-L=0.003 ISP-F=0.008 MW-L=0.005 MW-F=0.009]
  Mini-Benders[2] (mw): LB=7.226337, Z₀(α*)=-50.877004, intercept=-191.398836 (0.151s) [OMP=0.136 ISP-L=0.002 ISP-F=0.008 MW-L=0.005 MW-F=0.007]
  Mini-Benders[3] (mw): LB=7.226337, Z₀(α*)=-50.877004, intercept=-191.398836 (0.166s) [OMP=0.136 ISP-L=0.002 ISP-F=0.008 MW-L=0.008 MW-F=0.007]
  Mini-Benders[4]: LB stagnated, break
  α-step: Z₀=10.006361, α=[0.000,0.000,0.000,0.000,0.000,0.000,4.230,0.000,0.000,0.000,0.000,0.000,0.000,0.000,0.000,0.000,0.000,0.000,0.000,0.000,0.000,0.000,0.000,0.000,6.473,0.000,0.000,0.000,0.000,0.000,0.000,0.000,0.000,0.000,0.000,0.000,0.000,0.000]
  Alt-Benders[1] (mw): LB=7.241302, Z₀(α*)=-19.220013, intercept=-177.145784 (0.145s) [OMP=0.131 ISP-L=0.002 ISP-F=0.008 MW-L=0.007 MW-F=0.007]
  Alt-Benders[2] (mw): LB=7.241302, Z₀(α*)=-19.220013, intercept=-177.145784 (0.166s) [OMP=0.134 ISP-L=0.002 ISP-F=0.008 MW-L=0.005 MW-F=0.009]
  Alt-Benders[3] (mw): LB=7.241302, Z₀(α*)=-19.220013, intercept=-177.145784 (0.167s) [OMP=0.135 ISP-L=0.003 ISP-F=0.008 MW-L=0.005 MW-F=0.009]
  Alt-Benders[4]: LB stagnated, break
  OMP re-solve: 0.000s

=== True-DRO Benders iter 22 ===
  OMP: t₀=7.241302, UB=11.841553, gap=3.88e-01, x=[0, 0, 0, 0, 0, 0, 0, 0, 0, 0, 0, 0, 0, 0, 0, 0, 0, 0, 0, 0, 0, 1, 0, 0, 1, 0, 0, 0, 0, 0, 0, 0, 0, 0, 0, 0, 0, 0] (0.000s)
  Sub: Z₀=7.241302 [LOCAL] (0.1s), α=[0.000,0.000,0.000,0.000,0.000,0.000,0.000,0.000,0.000,0.000,0.000,0.000,0.000,0.000,0.000,0.000,0.000,0.000,0.000,0.000,0.000,4.363,0.000,0.000,6.339,0.000,0.000,0.000,0.000,0.000,0.000,0.000,0.000,0.000,0.000,0.000,0.000,0.000]
  Iter 22: LB=7.241302  UB=11.841553  gap=3.88e-01
  Cut: intercept=-1117.505219, π_x_range=[-827.7688, 576.0820]
  Mini-Benders[1] (mw): LB=7.241302, Z₀(α*)=9.885086, intercept=-177.145785 (0.169s) [OMP=0.141 ISP-L=0.003 ISP-F=0.008 MW-L=0.005 MW-F=0.007]
  Mini-Benders[2] (mw): LB=7.259278, Z₀(α*)=-24.777593, intercept=-151.885428 (0.135s) [OMP=0.117 ISP-L=0.002 ISP-F=0.008 MW-L=0.007 MW-F=0.007]
  Mini-Benders[3] (mw): LB=7.259278, Z₀(α*)=-24.777593, intercept=-151.885428 (0.167s) [OMP=0.133 ISP-L=0.002 ISP-F=0.008 MW-L=0.007 MW-F=0.007]
  Mini-Benders[4] (mw): LB=7.259278, Z₀(α*)=-24.777593, intercept=-151.885428 (0.166s) [OMP=0.134 ISP-L=0.002 ISP-F=0.008 MW-L=0.007 MW-F=0.007]
  Mini-Benders[5]: LB stagnated, break
  α-step: Z₀=10.391304, α=[0.000,0.000,0.000,0.000,0.000,0.000,0.000,0.000,0.000,0.000,0.000,0.000,0.000,0.000,5.570,0.000,0.000,0.000,0.000,0.000,0.000,0.000,0.000,0.000,5.132,0.000,0.000,0.000,0.000,0.000,0.000,0.000,0.000,0.000,0.000,0.000,0.000,0.000]
  Alt-Benders[1] (mw): LB=7.262806, Z₀(α*)=-45.974907, intercept=-54.697306 (0.146s) [OMP=0.133 ISP-L=0.003 ISP-F=0.009 MW-L=0.005 MW-F=0.009]
  Alt-Benders[2] (mw): LB=7.262806, Z₀(α*)=-45.974907, intercept=-54.697306 (0.151s) [OMP=0.123 ISP-L=0.003 ISP-F=0.009 MW-L=0.005 MW-F=0.009]
  Alt-Benders[3] (mw): LB=7.262806, Z₀(α*)=-45.974907, intercept=-54.697306 (0.166s) [OMP=0.132 ISP-L=0.003 ISP-F=0.009 MW-L=0.005 MW-F=0.008]
  Alt-Benders[4]: LB stagnated, break
  OMP re-solve: 0.000s

=== True-DRO Benders iter 23 ===
  OMP: t₀=7.262806, UB=11.841553, gap=3.87e-01, x=[0, 0, 0, 0, 0, 0, 0, 0, 1, 0, 0, 1, 0, 0, 0, 0, 0, 0, 0, 0, 0, 0, 0, 0, 0, 0, 0, 0, 0, 0, 0, 0, 0, 0, 0, 0, 0, 0] (0.000s)
  Sub: Z₀=15.139222 [LOCAL] (0.1s), α=[0.000,0.000,0.000,0.000,0.000,0.000,0.000,0.000,9.497,0.000,0.000,0.000,0.000,0.000,0.000,0.000,0.000,0.000,0.000,0.000,0.000,0.000,0.000,0.000,0.000,0.000,1.205,0.000,0.000,0.000,0.000,0.000,0.000,0.000,0.000,0.000,0.000,0.000]
  Iter 23: LB=7.262806  UB=11.841553  gap=3.87e-01
  Cut: intercept=-1159.071504, π_x_range=[-829.9071, 588.2697]
  Mini-Benders[1] (mw): LB=7.278470, Z₀(α*)=8.291336, intercept=-54.142371 (0.167s) [OMP=0.136 ISP-L=0.003 ISP-F=0.008 MW-L=0.007 MW-F=0.006]
  Mini-Benders[2] (mw): LB=7.280484, Z₀(α*)=15.139224, intercept=-43.994488 (0.166s) [OMP=0.143 ISP-L=0.003 ISP-F=0.008 MW-L=0.007 MW-F=0.006]
  Mini-Benders[3] (mw): LB=7.368971, Z₀(α*)=-54.931180, intercept=-105.499101 (0.166s) [OMP=0.133 ISP-L=0.002 ISP-F=0.008 MW-L=0.007 MW-F=0.007]
  Mini-Benders[4] (mw): LB=7.368971, Z₀(α*)=-54.931180, intercept=-105.499101 (0.154s) [OMP=0.137 ISP-L=0.003 ISP-F=0.008 MW-L=0.005 MW-F=0.009]
  Mini-Benders[5] (mw): LB=7.368971, Z₀(α*)=-54.931180, intercept=-105.499101 (0.166s) [OMP=0.134 ISP-L=0.002 ISP-F=0.009 MW-L=0.005 MW-F=0.009]
  α-step: Z₀=13.359550, α=[0.000,0.000,0.000,0.000,0.000,0.000,0.000,0.000,0.000,0.000,0.000,0.000,0.000,0.000,0.583,0.000,0.000,0.000,0.000,0.000,0.000,0.000,0.000,0.000,0.000,0.000,2.345,0.000,0.000,0.000,0.000,7.774,0.000,0.000,0.000,0.000,0.000,0.000]
  Alt-Benders[1] (mw): LB=7.390413, Z₀(α*)=-5.807556, intercept=-139.832460 (0.151s) [OMP=0.134 ISP-L=0.003 ISP-F=0.008 MW-L=0.006 MW-F=0.007]
  Alt-Benders[2] (mw): LB=7.390413, Z₀(α*)=-5.807556, intercept=-139.832460 (0.182s) [OMP=0.160 ISP-L=0.003 ISP-F=0.008 MW-L=0.008 MW-F=0.007]
  Alt-Benders[3] (mw): LB=7.390413, Z₀(α*)=-5.807556, intercept=-139.832460 (0.182s) [OMP=0.150 ISP-L=0.003 ISP-F=0.008 MW-L=0.007 MW-F=0.006]
  Alt-Benders[4]: LB stagnated, break
  OMP re-solve: 0.000s

=== True-DRO Benders iter 24 ===
  OMP: t₀=7.390413, UB=11.841553, gap=3.76e-01, x=[0, 0, 0, 0, 0, 0, 1, 0, 0, 0, 0, 0, 0, 0, 0, 0, 0, 0, 0, 0, 0, 0, 0, 0, 0, 0, 0, 0, 0, 0, 0, 1, 0, 0, 0, 0, 0, 0] (0.000s)
  Sub: Z₀=11.108439 [LOCAL] (0.1s), α=[0.000,0.000,0.000,0.000,0.000,0.000,3.435,0.000,0.373,0.000,0.000,0.000,0.000,0.000,0.000,0.000,0.000,0.000,0.000,0.000,0.000,0.000,0.000,0.000,0.000,0.000,0.983,0.000,0.000,0.000,0.000,5.912,0.000,0.000,0.000,0.000,0.000,0.000]
  Iter 24: LB=7.390413  UB=11.841553  gap=3.76e-01
  Cut: intercept=-1094.781627, π_x_range=[-823.8706, 565.4369]
  Mini-Benders[1] (mw): LB=7.427447, Z₀(α*)=-45.922815, intercept=-45.244569 (0.153s) [OMP=0.121 ISP-L=0.003 ISP-F=0.008 MW-L=0.005 MW-F=0.008]
  Mini-Benders[2] (mw): LB=7.427447, Z₀(α*)=-45.922815, intercept=-45.244569 (0.151s) [OMP=0.127 ISP-L=0.003 ISP-F=0.008 MW-L=0.005 MW-F=0.009]
  Mini-Benders[3] (mw): LB=7.427447, Z₀(α*)=-45.922815, intercept=-45.244569 (0.151s) [OMP=0.129 ISP-L=0.003 ISP-F=0.008 MW-L=0.005 MW-F=0.008]
  Mini-Benders[4]: LB stagnated, break
  α-step: Z₀=15.446726, α=[0.000,0.000,0.000,0.000,0.000,0.986,0.000,0.000,3.950,0.000,0.000,0.000,0.000,0.000,0.000,0.000,0.000,0.000,0.000,0.000,0.000,5.667,0.000,0.000,0.000,0.000,0.100,0.000,0.000,0.000,0.000,0.000,0.000,0.000,0.000,0.000,0.000,0.000]
  Alt-Benders[1] (mw): LB=7.462776, Z₀(α*)=-23.303953, intercept=-17.022241 (0.167s) [OMP=0.147 ISP-L=0.003 ISP-F=0.008 MW-L=0.007 MW-F=0.007]
  Alt-Benders[2] (mw): LB=7.462776, Z₀(α*)=-23.303953, intercept=-17.022241 (0.182s) [OMP=0.161 ISP-L=0.003 ISP-F=0.008 MW-L=0.007 MW-F=0.006]
  Alt-Benders[3] (mw): LB=7.462776, Z₀(α*)=-23.303953, intercept=-17.022241 (0.182s) [OMP=0.155 ISP-L=0.002 ISP-F=0.008 MW-L=0.007 MW-F=0.006]
  Alt-Benders[4]: LB stagnated, break
  OMP re-solve: 0.000s

=== True-DRO Benders iter 25 ===
  OMP: t₀=7.462776, UB=11.841553, gap=3.70e-01, x=[0, 0, 0, 0, 0, 0, 0, 0, 0, 0, 0, 0, 0, 0, 1, 0, 0, 0, 0, 0, 0, 0, 0, 0, 0, 0, 0, 0, 0, 0, 0, 0, 0, 0, 0, 0, 1, 0] (0.000s)
  Sub: Z₀=15.591148 (0.1s), α=[0.000,0.000,0.000,0.000,0.000,1.347,0.000,0.000,3.124,0.000,0.000,0.000,0.000,0.000,6.221,0.000,0.000,0.000,0.000,0.000,0.000,0.000,0.000,0.000,0.000,0.000,0.011,0.000,0.000,0.000,0.000,0.000,0.000,0.000,0.000,0.000,0.000,0.000]
  Iter 25: LB=7.462776  UB=11.841553  gap=3.70e-01
  Cut: intercept=-60.278062, π_x_range=[-275.0000, 43.3104]
  Sherali-Cut: intercept=-16.514968, π_x_range=[-102.8378, 32.1060]
  Mini-Benders[1] (mw): LB=7.580993, Z₀(α*)=-16.259108, intercept=-44.118195 (0.167s) [OMP=0.142 ISP-L=0.003 ISP-F=0.009 MW-L=0.005 MW-F=0.008]
  Mini-Benders[2] (mw): LB=7.580993, Z₀(α*)=-16.259108, intercept=-44.118195 (0.156s) [OMP=0.133 ISP-L=0.003 ISP-F=0.009 MW-L=0.005 MW-F=0.006]
  Mini-Benders[3] (mw): LB=7.580993, Z₀(α*)=-16.259108, intercept=-44.118195 (0.167s) [OMP=0.136 ISP-L=0.003 ISP-F=0.009 MW-L=0.007 MW-F=0.006]
  Mini-Benders[4]: LB stagnated, break
  α-step: Z₀=15.139224, α=[0.000,0.000,0.000,0.000,0.000,0.000,0.000,0.000,9.497,0.000,0.000,0.000,0.000,0.000,0.000,0.000,0.000,0.000,0.000,0.000,0.000,0.000,0.000,0.000,0.000,0.000,1.205,0.000,0.000,0.000,0.000,0.000,0.000,0.000,0.000,0.000,0.000,0.000]
  Alt-Benders[1] (mw): LB=7.580993, Z₀(α*)=14.623871, intercept=-34.328200 (0.160s) [OMP=0.147 ISP-L=0.003 ISP-F=0.010 MW-L=0.007 MW-F=0.006]
  Alt-Benders[2] (mw): LB=7.580993, Z₀(α*)=14.513590, intercept=-56.700242 (0.166s) [OMP=0.126 ISP-L=0.003 ISP-F=0.009 MW-L=0.005 MW-F=0.009]
  Alt-Benders[3] (mw): LB=7.580993, Z₀(α*)=14.671039, intercept=-48.416369 (0.151s) [OMP=0.129 ISP-L=0.003 ISP-F=0.009 MW-L=0.005 MW-F=0.008]
  Alt-Benders[4] (mw): LB=7.605673, Z₀(α*)=13.080548, intercept=-58.916478 (0.167s) [OMP=0.136 ISP-L=0.002 ISP-F=0.008 MW-L=0.005 MW-F=0.008]
  Alt-Benders[5] (mw): LB=7.605673, Z₀(α*)=13.080548, intercept=-41.318732 (0.166s) [OMP=0.143 ISP-L=0.002 ISP-F=0.009 MW-L=0.005 MW-F=0.006]
  OMP re-solve: 0.116s

=== True-DRO Benders iter 26 ===
  OMP: t₀=7.631825, UB=11.841553, gap=3.56e-01, x=[0, 0, 0, 0, 1, 0, 0, 0, 0, 0, 0, 0, 0, 0, 0, 0, 0, 0, 0, 1, 0, 0, 0, 0, 0, 0, 0, 0, 0, 0, 0, 0, 0, 0, 0, 0, 0, 0] (0.000s)
  Sub: Z₀=13.763359 [LOCAL] (0.1s), α=[0.000,0.000,0.000,0.000,0.000,0.000,0.000,0.000,0.034,0.000,0.000,0.000,0.000,0.000,2.524,0.000,0.000,0.000,0.000,6.973,0.000,0.000,0.000,0.000,0.000,0.000,1.172,0.000,0.000,0.000,0.000,0.000,0.000,0.000,0.000,0.000,0.000,0.000]
  Iter 26: LB=7.631825  UB=11.841553  gap=3.56e-01
  Cut: intercept=-1085.380262, π_x_range=[-829.8985, 557.4351]
  Mini-Benders[1] (mw): LB=7.715796, Z₀(α*)=-62.585912, intercept=-46.427623 (0.166s) [OMP=0.135 ISP-L=0.003 ISP-F=0.009 MW-L=0.007 MW-F=0.006]
  Mini-Benders[2] (mw): LB=7.715796, Z₀(α*)=-62.585912, intercept=-46.427623 (0.182s) [OMP=0.148 ISP-L=0.003 ISP-F=0.009 MW-L=0.007 MW-F=0.006]
  Mini-Benders[3] (mw): LB=7.715796, Z₀(α*)=-62.585912, intercept=-46.427623 (0.182s) [OMP=0.158 ISP-L=0.003 ISP-F=0.009 MW-L=0.005 MW-F=0.008]
  Mini-Benders[4]: LB stagnated, break
  α-step: Z₀=16.613604, α=[0.000,0.000,0.000,0.000,0.000,0.000,0.000,0.000,5.036,0.000,0.000,0.000,0.000,0.000,0.000,0.000,0.000,0.000,0.000,0.000,0.000,0.000,0.000,0.000,0.000,0.000,5.667,0.000,0.000,0.000,0.000,0.000,0.000,0.000,0.000,0.000,0.000,0.000]
  Alt-Benders[1] (mw): LB=7.828205, Z₀(α*)=-13.614770, intercept=-102.048803 (0.158s) [OMP=0.138 ISP-L=0.002 ISP-F=0.008 MW-L=0.005 MW-F=0.009]
  Alt-Benders[2] (mw): LB=7.828205, Z₀(α*)=-13.614770, intercept=-102.048803 (0.166s) [OMP=0.144 ISP-L=0.002 ISP-F=0.008 MW-L=0.005 MW-F=0.007]
  Alt-Benders[3] (mw): LB=7.828205, Z₀(α*)=-13.614770, intercept=-102.048803 (0.167s) [OMP=0.145 ISP-L=0.002 ISP-F=0.008 MW-L=0.008 MW-F=0.007]
  Alt-Benders[4]: LB stagnated, break
  OMP re-solve: 0.000s

=== True-DRO Benders iter 27 ===
  OMP: t₀=7.828205, UB=11.841553, gap=3.39e-01, x=[0, 0, 0, 0, 0, 0, 0, 0, 0, 0, 0, 0, 0, 0, 0, 0, 0, 0, 0, 0, 0, 0, 0, 0, 0, 0, 0, 1, 0, 0, 0, 1, 0, 0, 0, 0, 0, 0] (0.000s)
  Sub: Z₀=13.257186 [LOCAL] (0.1s), α=[0.000,0.000,0.000,0.000,0.000,0.000,0.000,0.000,0.087,0.000,0.000,0.000,0.000,0.000,0.000,0.000,0.000,0.000,0.000,0.000,0.000,0.000,0.000,0.000,0.000,0.000,4.640,0.000,0.000,0.000,0.000,5.975,0.000,0.000,0.000,0.000,0.000,0.000]
  Iter 27: LB=7.828205  UB=11.841553  gap=3.39e-01
  Cut: intercept=-1104.400320, π_x_range=[-824.1129, 575.9293]
  Mini-Benders[1] (mw): LB=7.877050, Z₀(α*)=-42.297307, intercept=-52.277405 (0.166s) [OMP=0.148 ISP-L=0.003 ISP-F=0.009 MW-L=0.007 MW-F=0.006]
  Mini-Benders[2] (mw): LB=7.877050, Z₀(α*)=-42.297307, intercept=-52.277405 (0.167s) [OMP=0.138 ISP-L=0.002 ISP-F=0.008 MW-L=0.005 MW-F=0.008]
  Mini-Benders[3] (mw): LB=7.877050, Z₀(α*)=-42.297307, intercept=-52.277405 (0.166s) [OMP=0.142 ISP-L=0.003 ISP-F=0.008 MW-L=0.005 MW-F=0.008]
  Mini-Benders[4]: LB stagnated, break
  α-step: Z₀=14.579116, α=[0.000,0.000,0.000,0.000,0.000,0.000,0.000,0.000,6.341,0.000,0.000,0.000,0.000,0.000,0.000,0.000,0.000,0.000,0.000,0.000,0.000,2.701,0.000,0.000,0.000,0.000,1.661,0.000,0.000,0.000,0.000,0.000,0.000,0.000,0.000,0.000,0.000,0.000]
  Alt-Benders[1] (mw): LB=7.903236, Z₀(α*)=-6.946245, intercept=-13.963184 (0.160s) [OMP=0.142 ISP-L=0.003 ISP-F=0.009 MW-L=0.005 MW-F=0.006]
  Alt-Benders[2] (mw): LB=7.903236, Z₀(α*)=-6.946245, intercept=-13.963184 (0.166s) [OMP=0.140 ISP-L=0.001 ISP-F=0.010 MW-L=0.006 MW-F=0.006]
  Alt-Benders[3] (mw): LB=7.903236, Z₀(α*)=-6.946245, intercept=-13.963184 (0.167s) [OMP=0.140 ISP-L=0.001 ISP-F=0.009 MW-L=0.006 MW-F=0.006]
  Alt-Benders[4]: LB stagnated, break
  OMP re-solve: 0.000s

=== True-DRO Benders iter 28 ===
  OMP: t₀=7.903236, UB=11.841553, gap=3.33e-01, x=[0, 0, 0, 0, 0, 0, 0, 0, 0, 0, 0, 0, 0, 0, 0, 0, 0, 0, 0, 0, 0, 0, 0, 0, 0, 0, 0, 1, 0, 0, 0, 0, 0, 0, 0, 0, 1, 0] (0.000s)
  Sub: Z₀=17.822082 [LOCAL] (0.1s), α=[0.000,0.000,0.000,0.000,0.000,0.000,0.000,0.000,5.838,0.000,0.000,0.000,0.000,0.000,0.029,0.000,0.000,0.000,0.000,0.000,0.000,0.000,0.000,0.000,0.000,0.000,4.835,0.000,0.000,0.000,0.000,0.000,0.000,0.000,0.000,0.000,0.000,0.000]
  Iter 28: LB=7.903236  UB=11.841553  gap=3.33e-01
  Cut: intercept=-1134.946700, π_x_range=[-830.8333, 577.2404]
  Mini-Benders[1] (mw): LB=7.966099, Z₀(α*)=-1.293290, intercept=-39.657948 (0.169s) [OMP=0.143 ISP-L=0.001 ISP-F=0.008 MW-L=0.004 MW-F=0.009]
  Mini-Benders[2] (mw): LB=7.966099, Z₀(α*)=-1.293290, intercept=-39.657948 (0.166s) [OMP=0.146 ISP-L=0.003 ISP-F=0.009 MW-L=0.005 MW-F=0.008]
  Mini-Benders[3] (mw): LB=7.966099, Z₀(α*)=-1.293290, intercept=-39.657948 (0.166s) [OMP=0.136 ISP-L=0.003 ISP-F=0.008 MW-L=0.005 MW-F=0.007]
  Mini-Benders[4]: LB stagnated, break
  α-step: Z₀=15.465869, α=[0.000,0.000,0.000,0.000,0.000,0.433,5.667,0.000,3.211,0.000,0.000,0.000,0.000,0.000,0.000,0.000,0.000,0.000,0.000,0.000,0.000,0.000,0.000,0.000,0.000,0.000,1.392,0.000,0.000,0.000,0.000,0.000,0.000,0.000,0.000,0.000,0.000,0.000]
  Alt-Benders[1] (mw): LB=8.104546, Z₀(α*)=-19.542866, intercept=-55.165871 (0.161s) [OMP=0.151 ISP-L=0.002 ISP-F=0.008 MW-L=0.007 MW-F=0.007]
  Alt-Benders[2] (mw): LB=8.104546, Z₀(α*)=-19.542866, intercept=-55.165871 (0.166s) [OMP=0.149 ISP-L=0.002 ISP-F=0.008 MW-L=0.007 MW-F=0.007]
  Alt-Benders[3] (mw): LB=8.104546, Z₀(α*)=-19.542866, intercept=-55.165871 (0.167s) [OMP=0.141 ISP-L=0.002 ISP-F=0.008 MW-L=0.005 MW-F=0.009]
  Alt-Benders[4]: LB stagnated, break
  OMP re-solve: 0.000s

=== True-DRO Benders iter 29 ===
  OMP: t₀=8.104546, UB=11.841553, gap=3.16e-01, x=[0, 0, 0, 0, 0, 0, 0, 0, 0, 0, 0, 0, 0, 0, 1, 0, 0, 0, 0, 0, 0, 1, 0, 0, 0, 0, 0, 0, 0, 0, 0, 0, 0, 0, 0, 0, 0, 0] (0.000s)
  Sub: Z₀=14.144955 [LOCAL] (0.1s), α=[0.000,0.000,0.000,0.000,0.000,0.471,0.000,0.000,9.214,0.000,0.000,0.000,0.000,0.000,0.296,0.000,0.000,0.000,0.000,0.005,0.000,0.296,0.000,0.000,0.000,0.000,0.420,0.000,0.000,0.000,0.000,0.000,0.000,0.000,0.000,0.000,0.000,0.000]
  Iter 29: LB=8.104546  UB=11.841553  gap=3.16e-01
  Cut: intercept=-1134.655076, π_x_range=[-831.0403, 582.5409]
  Mini-Benders[1] (mw): LB=8.121401, Z₀(α*)=-6.530523, intercept=-56.512080 (0.151s) [OMP=0.137 ISP-L=0.003 ISP-F=0.009 MW-L=0.005 MW-F=0.008]
  Mini-Benders[2] (mw): LB=8.121401, Z₀(α*)=-6.530523, intercept=-56.512080 (0.167s) [OMP=0.143 ISP-L=0.003 ISP-F=0.009 MW-L=0.005 MW-F=0.006]
  Mini-Benders[3] (mw): LB=8.121401, Z₀(α*)=-6.530523, intercept=-56.512080 (0.166s) [OMP=0.138 ISP-L=0.003 ISP-F=0.009 MW-L=0.008 MW-F=0.006]
  Mini-Benders[4]: LB stagnated, break
  α-step: Z₀=14.860638, α=[0.000,0.000,0.000,0.000,0.000,1.630,0.000,0.000,3.406,0.000,0.000,0.000,0.000,0.000,0.000,0.000,0.000,0.000,0.000,0.000,0.000,5.667,0.000,0.000,0.000,0.000,0.000,0.000,0.000,0.000,0.000,0.000,0.000,0.000,0.000,0.000,0.000,0.000]
  Alt-Benders[1] (mw): LB=8.134784, Z₀(α*)=-22.427831, intercept=-48.475940 (0.168s) [OMP=0.143 ISP-L=0.003 ISP-F=0.008 MW-L=0.007 MW-F=0.007]
  Alt-Benders[2] (mw): LB=8.134784, Z₀(α*)=-22.427831, intercept=-48.475940 (0.167s) [OMP=0.147 ISP-L=0.002 ISP-F=0.007 MW-L=0.005 MW-F=0.009]
  Alt-Benders[3] (mw): LB=8.134784, Z₀(α*)=-22.427831, intercept=-48.475940 (0.166s) [OMP=0.145 ISP-L=0.002 ISP-F=0.007 MW-L=0.005 MW-F=0.009]
  Alt-Benders[4]: LB stagnated, break
  OMP re-solve: 0.000s

=== True-DRO Benders iter 30 ===
  OMP: t₀=8.134784, UB=11.841553, gap=3.13e-01, x=[0, 0, 0, 0, 0, 0, 0, 0, 0, 0, 0, 0, 0, 0, 1, 0, 0, 0, 0, 0, 0, 0, 0, 0, 0, 0, 0, 1, 0, 0, 0, 0, 0, 0, 0, 0, 0, 0] (0.000s)
  Sub: Z₀=14.791121 (0.1s), α=[0.000,0.000,0.000,0.000,0.000,0.000,0.000,0.000,5.685,0.000,0.000,0.000,0.000,0.000,2.900,0.000,0.000,0.000,0.000,0.000,0.000,0.000,0.000,0.000,0.000,0.000,2.118,0.000,0.000,0.000,0.000,0.000,0.000,0.000,0.000,0.000,0.000,0.000]
  Iter 30: LB=8.134784  UB=11.841553  gap=3.13e-01
  Cut: intercept=-55.381866, π_x_range=[-275.0000, 38.4462]
  Sherali-Cut: intercept=-34.469957, π_x_range=[-116.1925, 30.9020]
  Mini-Benders[1] (mw): LB=8.162446, Z₀(α*)=-12.307226, intercept=-41.643334 (0.182s) [OMP=0.158 ISP-L=0.003 ISP-F=0.008 MW-L=0.007 MW-F=0.006]
  Mini-Benders[2] (mw): LB=8.162446, Z₀(α*)=-12.307226, intercept=-41.643334 (0.167s) [OMP=0.149 ISP-L=0.002 ISP-F=0.008 MW-L=0.007 MW-F=0.007]
  Mini-Benders[3] (mw): LB=8.162446, Z₀(α*)=-12.307226, intercept=-41.643334 (0.167s) [OMP=0.147 ISP-L=0.002 ISP-F=0.008 MW-L=0.007 MW-F=0.007]
  Mini-Benders[4]: LB stagnated, break
  α-step: Z₀=14.813470, α=[0.000,0.000,0.000,0.000,0.000,1.630,0.000,0.000,3.406,0.000,0.000,0.000,0.000,0.000,0.000,0.000,0.000,0.000,0.000,0.000,0.000,5.667,0.000,0.000,0.000,0.000,0.000,0.000,0.000,0.000,0.000,0.000,0.000,0.000,0.000,0.000,0.000,0.000]
  Alt-Benders[1] (mw): LB=8.197775, Z₀(α*)=-23.032140, intercept=-25.629372 (0.185s) [OMP=0.163 ISP-L=0.003 ISP-F=0.009 MW-L=0.005 MW-F=0.009]
  Alt-Benders[2] (mw): LB=8.197775, Z₀(α*)=-23.032140, intercept=-25.629372 (0.166s) [OMP=0.148 ISP-L=0.003 ISP-F=0.009 MW-L=0.005 MW-F=0.008]
  Alt-Benders[3] (mw): LB=8.197775, Z₀(α*)=-23.032140, intercept=-25.629372 (0.171s) [OMP=0.148 ISP-L=0.003 ISP-F=0.009 MW-L=0.005 MW-F=0.007]
  Alt-Benders[4]: LB stagnated, break
  OMP re-solve: 0.000s

=== True-DRO Benders iter 31 ===
  OMP: t₀=8.197775, UB=11.841553, gap=3.08e-01, x=[0, 0, 1, 0, 0, 0, 0, 0, 0, 0, 0, 0, 0, 0, 1, 0, 0, 0, 0, 0, 0, 0, 0, 0, 0, 0, 0, 0, 0, 0, 0, 0, 0, 0, 0, 0, 0, 0] (0.000s)
  Sub: Z₀=14.822840 [LOCAL] (0.1s), α=[0.000,0.000,0.000,0.000,0.000,1.354,0.000,0.000,3.131,0.000,0.000,0.000,0.000,0.000,6.217,0.000,0.000,0.000,0.000,0.000,0.000,0.000,0.000,0.000,0.000,0.000,0.000,0.000,0.000,0.000,0.000,0.000,0.000,0.000,0.000,0.000,0.000,0.000]
  Iter 31: LB=8.197775  UB=11.841553  gap=3.08e-01
  Cut: intercept=-1162.302659, π_x_range=[-832.1586, 590.9197]
  Mini-Benders[1] (mw): LB=8.210572, Z₀(α*)=-28.353159, intercept=-99.199245 (0.182s) [OMP=0.156 ISP-L=0.003 ISP-F=0.009 MW-L=0.007 MW-F=0.007]
  Mini-Benders[2] (mw): LB=8.210572, Z₀(α*)=-28.353159, intercept=-99.199245 (0.167s) [OMP=0.139 ISP-L=0.003 ISP-F=0.008 MW-L=0.005 MW-F=0.009]
  Mini-Benders[3] (mw): LB=8.210572, Z₀(α*)=-28.353159, intercept=-99.199245 (0.166s) [OMP=0.139 ISP-L=0.003 ISP-F=0.008 MW-L=0.005 MW-F=0.009]
  Mini-Benders[4]: LB stagnated, break
  α-step: Z₀=12.987420, α=[0.000,0.000,0.000,0.000,0.000,0.000,0.000,0.000,1.271,0.000,0.000,0.000,0.000,0.000,0.000,0.000,0.000,0.000,0.000,0.000,0.000,5.667,0.000,0.000,0.000,0.000,0.000,0.000,0.000,0.000,0.000,0.000,3.765,0.000,0.000,0.000,0.000,0.000]
  Alt-Benders[1] (mw): LB=8.256693, Z₀(α*)=-20.060377, intercept=-96.183085 (0.177s) [OMP=0.153 ISP-L=0.003 ISP-F=0.009 MW-L=0.005 MW-F=0.007]
  Alt-Benders[2] (mw): LB=8.256693, Z₀(α*)=-20.060377, intercept=-96.183085 (0.167s) [OMP=0.143 ISP-L=0.003 ISP-F=0.009 MW-L=0.008 MW-F=0.007]
  Alt-Benders[3] (mw): LB=8.256693, Z₀(α*)=-20.060377, intercept=-96.183085 (0.166s) [OMP=0.145 ISP-L=0.003 ISP-F=0.008 MW-L=0.007 MW-F=0.007]
  Alt-Benders[4]: LB stagnated, break
  OMP re-solve: 0.000s

=== True-DRO Benders iter 32 ===
  OMP: t₀=8.256693, UB=11.841553, gap=3.03e-01, x=[0, 0, 0, 0, 0, 0, 1, 0, 0, 0, 0, 0, 0, 0, 0, 0, 0, 0, 0, 0, 0, 0, 0, 0, 0, 0, 0, 0, 0, 0, 0, 0, 1, 0, 0, 0, 0, 0] (0.000s)
  Sub: Z₀=12.996695 [LOCAL] (0.1s), α=[0.000,0.000,0.000,0.000,0.000,0.000,4.549,0.000,2.740,0.000,0.000,0.000,0.000,0.000,0.000,0.000,0.000,0.000,0.000,0.000,0.000,0.000,0.000,0.000,0.000,0.000,0.000,0.000,0.000,0.000,0.000,0.000,3.384,0.030,0.000,0.000,0.000,0.000]
  Iter 32: LB=8.256693  UB=11.841553  gap=3.03e-01
  Cut: intercept=-1088.500821, π_x_range=[-829.8524, 558.5622]
  Mini-Benders[1] (mw): LB=8.291335, Z₀(α*)=-35.558093, intercept=-65.499278 (0.151s) [OMP=0.122 ISP-L=0.003 ISP-F=0.008 MW-L=0.005 MW-F=0.008]
  Mini-Benders[2] (mw): LB=8.291334, Z₀(α*)=-35.558093, intercept=-65.499278 (0.151s) [OMP=0.116 ISP-L=0.003 ISP-F=0.008 MW-L=0.005 MW-F=0.009]
  Mini-Benders[3] (mw): LB=8.291334, Z₀(α*)=-35.558093, intercept=-65.499278 (0.135s) [OMP=0.115 ISP-L=0.002 ISP-F=0.008 MW-L=0.005 MW-F=0.008]
  Mini-Benders[4]: LB stagnated, break
  α-step: Z₀=14.035887, α=[0.000,0.000,0.000,0.000,0.000,0.000,0.000,0.000,7.699,0.000,0.000,0.000,0.000,0.000,0.000,0.000,0.000,0.000,0.000,0.000,0.000,0.000,0.000,0.000,0.000,0.000,3.004,0.000,0.000,0.000,0.000,0.000,0.000,0.000,0.000,0.000,0.000,0.000]
  Alt-Benders[1] (mw): LB=8.328957, Z₀(α*)=9.465746, intercept=-42.859901 (0.163s) [OMP=0.146 ISP-L=0.003 ISP-F=0.009 MW-L=0.007 MW-F=0.006]
  Alt-Benders[2] (mw): LB=8.346814, Z₀(α*)=-39.555956, intercept=-93.615477 (0.166s) [OMP=0.137 ISP-L=0.003 ISP-F=0.008 MW-L=0.007 MW-F=0.007]
  Alt-Benders[3] (mw): LB=8.346814, Z₀(α*)=-39.555956, intercept=-93.615477 (0.182s) [OMP=0.149 ISP-L=0.003 ISP-F=0.009 MW-L=0.007 MW-F=0.007]
  Alt-Benders[4] (mw): LB=8.346814, Z₀(α*)=-39.555956, intercept=-93.615477 (0.167s) [OMP=0.150 ISP-L=0.002 ISP-F=0.008 MW-L=0.005 MW-F=0.010]
  Alt-Benders[5]: LB stagnated, break
  OMP re-solve: 0.000s

=== True-DRO Benders iter 33 ===
  OMP: t₀=8.346814, UB=11.841553, gap=2.95e-01, x=[0, 0, 0, 0, 0, 1, 0, 0, 0, 0, 0, 0, 0, 0, 0, 0, 0, 0, 0, 0, 0, 0, 0, 0, 0, 0, 0, 0, 0, 0, 0, 0, 1, 0, 0, 0, 0, 0] (0.000s)
  Sub: Z₀=11.175018 [LOCAL] (0.1s), α=[0.000,0.000,0.000,0.000,0.000,7.480,0.000,0.000,0.000,0.000,0.000,0.000,0.000,0.000,0.000,0.000,0.000,0.000,0.000,0.000,0.000,0.000,0.000,0.000,0.000,0.000,2.233,0.000,0.000,0.000,0.000,0.000,0.961,0.029,0.000,0.000,0.000,0.000]
  Iter 33: LB=8.346814  UB=11.841553  gap=2.95e-01
  Cut: intercept=-1095.118268, π_x_range=[-827.5499, 563.0739]
  Mini-Benders[1] (mw): LB=8.351582, Z₀(α*)=-48.344417, intercept=-82.869712 (0.166s) [OMP=0.144 ISP-L=0.003 ISP-F=0.009 MW-L=0.006 MW-F=0.008]
  Mini-Benders[2] (mw): LB=8.351582, Z₀(α*)=-48.344417, intercept=-82.869712 (0.166s) [OMP=0.145 ISP-L=0.002 ISP-F=0.009 MW-L=0.005 MW-F=0.006]
  Mini-Benders[3] (mw): LB=8.351582, Z₀(α*)=-48.344417, intercept=-82.869712 (0.182s) [OMP=0.142 ISP-L=0.002 ISP-F=0.009 MW-L=0.008 MW-F=0.007]
  Mini-Benders[4]: LB stagnated, break
  α-step: Z₀=15.115140, α=[0.000,0.000,0.000,0.000,0.000,0.276,2.159,0.000,6.208,0.000,0.000,0.000,0.000,0.000,0.000,0.000,0.000,0.000,0.000,0.000,0.000,0.000,0.000,0.000,0.000,0.000,2.059,0.000,0.000,0.000,0.000,0.000,0.000,0.000,0.000,0.000,0.000,0.000]
  Alt-Benders[1] (mw): LB=8.386711, Z₀(α*)=7.245160, intercept=-68.261369 (0.162s) [OMP=0.144 ISP-L=0.003 ISP-F=0.009 MW-L=0.005 MW-F=0.008]
  Alt-Benders[2] (mw): LB=8.386711, Z₀(α*)=7.245160, intercept=-68.261369 (0.182s) [OMP=0.146 ISP-L=0.003 ISP-F=0.010 MW-L=0.005 MW-F=0.008]
  Alt-Benders[3] (mw): LB=8.386711, Z₀(α*)=7.245160, intercept=-68.261369 (0.165s) [OMP=0.147 ISP-L=0.003 ISP-F=0.009 MW-L=0.005 MW-F=0.008]
  Alt-Benders[4]: LB stagnated, break
  OMP re-solve: 0.000s

=== True-DRO Benders iter 34 ===
  OMP: t₀=8.386711, UB=11.841553, gap=2.92e-01, x=[0, 0, 0, 0, 1, 0, 1, 0, 0, 0, 0, 0, 0, 0, 0, 0, 0, 0, 0, 0, 0, 0, 0, 0, 0, 0, 0, 0, 0, 0, 0, 0, 0, 0, 0, 0, 0, 0] (0.000s)
  Sub: Z₀=14.879779 [LOCAL] (0.1s), α=[0.000,0.000,0.000,0.000,0.000,1.630,5.667,0.000,3.406,0.000,0.000,0.000,0.000,0.000,0.000,0.000,0.000,0.000,0.000,0.000,0.000,0.000,0.000,0.000,0.000,0.000,0.000,0.000,0.000,0.000,0.000,0.000,0.000,0.000,0.000,0.000,0.000,0.000]
  Iter 34: LB=8.386711  UB=11.841553  gap=2.92e-01
  Cut: intercept=-1113.814661, π_x_range=[-831.9441, 565.9539]
  Mini-Benders[1] (mw): LB=8.418108, Z₀(α*)=-44.191612, intercept=-90.554589 (0.166s) [OMP=0.150 ISP-L=0.003 ISP-F=0.009 MW-L=0.007 MW-F=0.007]
  Mini-Benders[2] (mw): LB=8.418108, Z₀(α*)=-44.191612, intercept=-90.554589 (0.182s) [OMP=0.155 ISP-L=0.003 ISP-F=0.008 MW-L=0.007 MW-F=0.007]
  Mini-Benders[3] (mw): LB=8.418108, Z₀(α*)=-44.191612, intercept=-90.554589 (0.182s) [OMP=0.153 ISP-L=0.003 ISP-F=0.008 MW-L=0.007 MW-F=0.006]
  Mini-Benders[4]: LB stagnated, break
  α-step: Z₀=14.564689, α=[0.000,0.000,0.000,0.000,0.000,0.000,0.000,0.000,0.596,0.000,0.000,0.000,0.000,0.000,1.816,0.000,0.000,0.000,0.000,0.000,0.000,0.000,0.000,0.000,0.000,0.000,1.026,0.000,0.000,0.000,0.000,0.000,7.265,0.000,0.000,0.000,0.000,0.000]
  Alt-Benders[1] (mw): LB=8.427756, Z₀(α*)=-41.757337, intercept=-56.002613 (0.165s) [OMP=0.143 ISP-L=0.002 ISP-F=0.009 MW-L=0.005 MW-F=0.008]
  Alt-Benders[2] (mw): LB=8.427756, Z₀(α*)=-41.757337, intercept=-56.002613 (0.166s) [OMP=0.138 ISP-L=0.002 ISP-F=0.009 MW-L=0.005 MW-F=0.008]
  Alt-Benders[3] (mw): LB=8.427756, Z₀(α*)=-41.757337, intercept=-56.002613 (0.167s) [OMP=0.141 ISP-L=0.003 ISP-F=0.009 MW-L=0.005 MW-F=0.006]
  Alt-Benders[4]: LB stagnated, break
  OMP re-solve: 0.000s

=== True-DRO Benders iter 35 ===
  OMP: t₀=8.427756, UB=11.841553, gap=2.88e-01, x=[0, 0, 1, 0, 0, 0, 1, 0, 0, 0, 0, 0, 0, 0, 0, 0, 0, 0, 0, 0, 0, 0, 0, 0, 0, 0, 0, 0, 0, 0, 0, 0, 0, 0, 0, 0, 0, 0] (0.000s)
  Sub: Z₀=14.832612 (0.1s), α=[0.000,0.000,0.000,0.000,0.000,1.630,5.667,0.000,3.406,0.000,0.000,0.000,0.000,0.000,0.000,0.000,0.000,0.000,0.000,0.000,0.000,0.000,0.000,0.000,0.000,0.000,0.000,0.000,0.000,0.000,0.000,0.000,0.000,0.000,0.000,0.000,0.000,0.000]
  Iter 35: LB=8.427756  UB=11.841553  gap=2.88e-01
  Cut: intercept=-68.198509, π_x_range=[-275.0000, 63.2311]
  Sherali-Cut: intercept=-55.077891, π_x_range=[-103.8147, 62.8571]
  Mini-Benders[1] (mw): LB=8.442388, Z₀(α*)=-18.326636, intercept=-29.518805 (0.182s) [OMP=0.151 ISP-L=0.002 ISP-F=0.008 MW-L=0.005 MW-F=0.008]
  Mini-Benders[2] (mw): LB=8.442388, Z₀(α*)=-18.326636, intercept=-29.518805 (0.182s) [OMP=0.157 ISP-L=0.002 ISP-F=0.008 MW-L=0.005 MW-F=0.008]
  Mini-Benders[3] (mw): LB=8.442388, Z₀(α*)=-18.326636, intercept=-29.518805 (0.182s) [OMP=0.158 ISP-L=0.003 ISP-F=0.008 MW-L=0.005 MW-F=0.008]
  Mini-Benders[4]: LB stagnated, break
  α-step: Z₀=14.369818, α=[0.000,0.000,0.000,0.000,0.000,1.347,0.000,0.000,3.782,0.000,0.000,0.000,0.000,0.000,3.273,0.000,0.000,0.000,0.000,0.000,0.000,0.000,0.000,0.000,0.000,0.000,2.300,0.000,0.000,0.000,0.000,0.000,0.000,0.000,0.000,0.000,0.000,0.000]
  Alt-Benders[1] (mw): LB=8.450554, Z₀(α*)=-17.181844, intercept=-27.980294 (0.188s) [OMP=0.174 ISP-L=0.003 ISP-F=0.009 MW-L=0.008 MW-F=0.007]
  Alt-Benders[2] (mw): LB=8.450554, Z₀(α*)=-17.181844, intercept=-27.980294 (0.183s) [OMP=0.149 ISP-L=0.002 ISP-F=0.009 MW-L=0.007 MW-F=0.007]
  Alt-Benders[3] (mw): LB=8.450554, Z₀(α*)=-17.181844, intercept=-27.980294 (0.182s) [OMP=0.152 ISP-L=0.003 ISP-F=0.009 MW-L=0.007 MW-F=0.007]
  Alt-Benders[4]: LB stagnated, break
  OMP re-solve: 0.000s

=== True-DRO Benders iter 36 ===
  OMP: t₀=8.450554, UB=11.841553, gap=2.86e-01, x=[0, 0, 0, 0, 0, 0, 0, 0, 0, 0, 0, 1, 0, 0, 0, 0, 0, 0, 0, 0, 0, 1, 0, 0, 0, 0, 0, 0, 0, 0, 0, 0, 0, 0, 0, 0, 0, 0] (0.000s)
  Sub: Z₀=15.446725 [LOCAL] (0.1s), α=[0.000,0.000,0.000,0.000,0.000,1.016,0.000,0.000,3.549,0.000,0.000,0.000,0.000,0.000,0.000,0.000,0.000,0.000,0.000,0.000,0.000,5.721,0.000,0.000,0.000,0.000,0.416,0.000,0.000,0.000,0.000,0.000,0.000,0.000,0.000,0.000,0.000,0.000]
  Iter 36: LB=8.450554  UB=11.841553  gap=2.86e-01
  Cut: intercept=-1133.717345, π_x_range=[-830.8191, 579.2785]
  Mini-Benders[1] (mw): LB=8.476785, Z₀(α*)=-10.889755, intercept=-24.187740 (0.184s) [OMP=0.163 ISP-L=0.003 ISP-F=0.008 MW-L=0.005 MW-F=0.009]
  Mini-Benders[2] (mw): LB=8.476785, Z₀(α*)=-10.889755, intercept=-24.187740 (0.182s) [OMP=0.155 ISP-L=0.001 ISP-F=0.008 MW-L=0.004 MW-F=0.007]
  Mini-Benders[3] (mw): LB=8.476785, Z₀(α*)=-10.889755, intercept=-24.187740 (0.167s) [OMP=0.154 ISP-L=0.001 ISP-F=0.008 MW-L=0.006 MW-F=0.007]
  Mini-Benders[4]: LB stagnated, break
  α-step: Z₀=18.459603, α=[0.000,0.000,0.000,0.000,0.000,2.361,0.000,0.000,3.928,0.000,0.000,0.000,0.000,0.000,1.939,0.000,0.000,0.000,0.000,0.000,0.000,0.000,0.000,0.000,0.000,0.000,2.474,0.000,0.000,0.000,0.000,0.000,0.000,0.000,0.000,0.000,0.000,0.000]
  Alt-Benders[1] (mw): LB=8.508560, Z₀(α*)=-6.222372, intercept=-54.183358 (0.189s) [OMP=0.173 ISP-L=0.001 ISP-F=0.009 MW-L=0.006 MW-F=0.007]
  Alt-Benders[2] (mw): LB=8.508560, Z₀(α*)=-6.222372, intercept=-54.183358 (0.198s) [OMP=0.166 ISP-L=0.003 ISP-F=0.009 MW-L=0.005 MW-F=0.009]
  Alt-Benders[3] (mw): LB=8.508560, Z₀(α*)=-6.222372, intercept=-54.183358 (0.182s) [OMP=0.164 ISP-L=0.003 ISP-F=0.008 MW-L=0.005 MW-F=0.008]
  Alt-Benders[4]: LB stagnated, break
  OMP re-solve: 0.000s

=== True-DRO Benders iter 37 ===
  OMP: t₀=8.508560, UB=11.841553, gap=2.81e-01, x=[0, 0, 0, 0, 0, 0, 1, 0, 0, 0, 0, 0, 0, 0, 0, 0, 0, 0, 0, 0, 0, 0, 0, 0, 0, 0, 1, 0, 0, 0, 0, 0, 0, 0, 0, 0, 0, 0] (0.000s)
  Sub: Z₀=14.390633 [LOCAL] (0.1s), α=[0.000,0.000,0.000,0.000,0.000,1.165,2.856,0.000,4.616,0.000,0.000,0.000,0.000,0.000,0.000,0.000,0.000,0.000,0.000,0.000,0.000,0.000,0.000,0.000,0.000,0.000,2.066,0.000,0.000,0.000,0.000,0.000,0.000,0.000,0.000,0.000,0.000,0.000]
  Iter 37: LB=8.508560  UB=11.841553  gap=2.81e-01
  Cut: intercept=-1145.915403, π_x_range=[-831.3276, 592.9907]
  Mini-Benders[1] (mw): LB=8.560643, Z₀(α*)=-19.316171, intercept=-68.680877 (0.169s) [OMP=0.147 ISP-L=0.003 ISP-F=0.008 MW-L=0.005 MW-F=0.007]
  Mini-Benders[2] (mw): LB=8.560643, Z₀(α*)=-19.316171, intercept=-68.680877 (0.166s) [OMP=0.138 ISP-L=0.003 ISP-F=0.009 MW-L=0.008 MW-F=0.007]
  Mini-Benders[3] (mw): LB=8.560643, Z₀(α*)=-19.316171, intercept=-68.680877 (0.151s) [OMP=0.138 ISP-L=0.002 ISP-F=0.008 MW-L=0.007 MW-F=0.007]
  Mini-Benders[4]: LB stagnated, break
  α-step: Z₀=13.162975, α=[0.000,0.000,0.000,0.000,0.000,0.000,0.000,0.000,0.411,0.000,0.000,0.000,0.000,0.000,6.877,0.000,0.000,0.000,0.000,0.000,0.000,0.000,0.000,0.000,0.000,0.000,0.000,0.000,0.000,0.000,0.000,0.000,3.414,0.000,0.000,0.000,0.000,0.000]
  Alt-Benders[1] (mw): LB=8.561624, Z₀(α*)=-42.011947, intercept=-65.394619 (0.160s) [OMP=0.144 ISP-L=0.003 ISP-F=0.009 MW-L=0.005 MW-F=0.008]
  Alt-Benders[2] (mw): LB=8.561624, Z₀(α*)=-42.011947, intercept=-65.394619 (0.154s) [OMP=0.130 ISP-L=0.002 ISP-F=0.008 MW-L=0.005 MW-F=0.009]
  Alt-Benders[3] (mw): LB=8.561624, Z₀(α*)=-42.011947, intercept=-65.394619 (0.150s) [OMP=0.127 ISP-L=0.002 ISP-F=0.008 MW-L=0.005 MW-F=0.006]
  Alt-Benders[4]: LB stagnated, break
  OMP re-solve: 0.000s

=== True-DRO Benders iter 38 ===
  OMP: t₀=8.561624, UB=11.841553, gap=2.77e-01, x=[0, 0, 0, 0, 0, 0, 0, 0, 0, 0, 0, 0, 0, 0, 0, 0, 0, 0, 0, 0, 0, 1, 0, 0, 0, 0, 1, 0, 0, 0, 0, 0, 0, 0, 0, 0, 0, 0] (0.000s)
  Sub: Z₀=14.538562 [LOCAL] (0.1s), α=[0.000,0.000,0.000,0.000,0.000,1.052,0.000,0.000,3.652,0.000,0.000,0.000,0.000,0.000,0.000,0.000,0.000,0.000,0.000,0.000,0.000,3.403,0.000,0.000,0.000,0.000,2.595,0.000,0.000,0.000,0.000,0.000,0.000,0.000,0.000,0.000,0.000,0.000]
  Iter 38: LB=8.561624  UB=11.841553  gap=2.77e-01
  Cut: intercept=-1152.489245, π_x_range=[-831.0515, 592.3967]
  Mini-Benders[1] (mw): LB=8.628356, Z₀(α*)=-11.719939, intercept=-106.104229 (0.182s) [OMP=0.157 ISP-L=0.003 ISP-F=0.009 MW-L=0.007 MW-F=0.007]
  Mini-Benders[2] (mw): LB=8.628356, Z₀(α*)=-11.719939, intercept=-106.104229 (0.166s) [OMP=0.142 ISP-L=0.003 ISP-F=0.009 MW-L=0.007 MW-F=0.006]
  Mini-Benders[3] (mw): LB=8.628356, Z₀(α*)=-11.719939, intercept=-106.104229 (0.167s) [OMP=0.142 ISP-L=0.003 ISP-F=0.009 MW-L=0.005 MW-F=0.009]
  Mini-Benders[4]: LB stagnated, break
  α-step: Z₀=14.012526, α=[0.000,0.000,0.000,0.000,0.000,0.000,0.000,0.000,2.862,0.000,0.000,0.000,0.000,0.000,0.000,0.000,0.000,0.000,0.000,0.000,0.000,0.000,0.000,0.000,0.000,0.000,4.302,0.195,0.000,0.000,0.000,0.000,3.343,0.000,0.000,0.000,0.000,0.000]
  Alt-Benders[1] (mw): LB=8.666339, Z₀(α*)=-23.105989, intercept=-29.503505 (0.198s) [OMP=0.171 ISP-L=0.003 ISP-F=0.009 MW-L=0.005 MW-F=0.007]
  Alt-Benders[2] (mw): LB=8.666339, Z₀(α*)=-23.105989, intercept=-29.503505 (0.182s) [OMP=0.153 ISP-L=0.002 ISP-F=0.009 MW-L=0.008 MW-F=0.007]
  Alt-Benders[3] (mw): LB=8.666339, Z₀(α*)=-23.105989, intercept=-29.503505 (0.167s) [OMP=0.152 ISP-L=0.002 ISP-F=0.008 MW-L=0.007 MW-F=0.006]
  Alt-Benders[4]: LB stagnated, break
  OMP re-solve: 0.000s

=== True-DRO Benders iter 39 ===
  OMP: t₀=8.666339, UB=11.841553, gap=2.68e-01, x=[0, 0, 0, 0, 0, 0, 0, 0, 0, 0, 0, 0, 0, 0, 0, 0, 0, 0, 0, 0, 0, 1, 0, 0, 0, 0, 0, 0, 0, 0, 0, 0, 0, 0, 0, 1, 0, 0] (0.000s)
  Sub: Z₀=15.446725 [LOCAL] (0.1s), α=[0.000,0.000,0.000,0.000,0.000,0.764,0.000,0.000,3.516,0.000,0.000,0.000,0.000,0.000,0.000,0.000,0.000,0.000,0.000,0.000,0.000,5.724,0.000,0.000,0.000,0.000,0.699,0.000,0.000,0.000,0.000,0.000,0.000,0.000,0.000,0.000,0.000,0.000]
  Iter 39: LB=8.666339  UB=11.841553  gap=2.68e-01
  Cut: intercept=-1136.803950, π_x_range=[-831.2285, 582.2913]
  Mini-Benders[1] (mw): LB=8.777063, Z₀(α*)=-20.216748, intercept=-46.729242 (0.182s) [OMP=0.154 ISP-L=0.003 ISP-F=0.008 MW-L=0.005 MW-F=0.009]
  Mini-Benders[2] (mw): LB=8.777063, Z₀(α*)=-20.216748, intercept=-46.729242 (0.182s) [OMP=0.146 ISP-L=0.002 ISP-F=0.008 MW-L=0.005 MW-F=0.009]
  Mini-Benders[3] (mw): LB=8.777063, Z₀(α*)=-20.216748, intercept=-46.729242 (0.167s) [OMP=0.147 ISP-L=0.003 ISP-F=0.008 MW-L=0.005 MW-F=0.009]
  Mini-Benders[4]: LB stagnated, break
  α-step: Z₀=14.904486, α=[0.000,0.000,0.000,0.000,0.000,0.937,5.667,0.000,3.994,0.000,0.000,0.000,0.000,0.000,0.000,0.000,0.000,0.000,0.000,0.000,0.000,0.000,0.000,0.000,0.000,0.000,0.105,0.000,0.000,0.000,0.000,0.000,0.000,0.000,0.000,0.000,0.000,0.000]
  Alt-Benders[1] (mw): LB=8.780061, Z₀(α*)=-27.635114, intercept=-55.997763 (0.183s) [OMP=0.159 ISP-L=0.003 ISP-F=0.009 MW-L=0.007 MW-F=0.007]
  Alt-Benders[2] (mw): LB=8.780062, Z₀(α*)=-27.635114, intercept=-55.997763 (0.167s) [OMP=0.150 ISP-L=0.002 ISP-F=0.009 MW-L=0.007 MW-F=0.006]
  Alt-Benders[3] (mw): LB=8.780062, Z₀(α*)=-27.635114, intercept=-55.997763 (0.182s) [OMP=0.147 ISP-L=0.002 ISP-F=0.009 MW-L=0.005 MW-F=0.008]
  Alt-Benders[4]: LB stagnated, break
  OMP re-solve: 0.000s

=== True-DRO Benders iter 40 ===
  OMP: t₀=8.780062, UB=11.841553, gap=2.59e-01, x=[1, 0, 0, 0, 0, 0, 0, 0, 1, 0, 0, 0, 0, 0, 0, 0, 0, 0, 0, 0, 0, 0, 0, 0, 0, 0, 0, 0, 0, 0, 0, 0, 0, 0, 0, 0, 0, 0] (0.000s)
  Sub: Z₀=15.018685 (0.1s), α=[0.000,0.000,0.000,0.000,0.000,1.137,0.000,0.000,9.522,0.000,0.000,0.000,0.000,0.000,0.000,0.000,0.000,0.000,0.000,0.000,0.000,0.000,0.000,0.000,0.000,0.000,0.043,0.000,0.000,0.000,0.000,0.000,0.000,0.000,0.000,0.000,0.000,0.000]
  Iter 40: LB=8.780062  UB=11.841553  gap=2.59e-01
  Cut: intercept=-116.553306, π_x_range=[-275.0000, 74.9835]
  Sherali-Cut: intercept=-55.306590, π_x_range=[-111.4642, 55.6981]
  Mini-Benders[1] (mw): LB=8.791365, Z₀(α*)=-19.376204, intercept=-116.262197 (0.167s) [OMP=0.144 ISP-L=0.003 ISP-F=0.008 MW-L=0.006 MW-F=0.007]
  Mini-Benders[2] (mw): LB=8.791365, Z₀(α*)=-19.376204, intercept=-116.262197 (0.167s) [OMP=0.138 ISP-L=0.002 ISP-F=0.008 MW-L=0.007 MW-F=0.006]
  Mini-Benders[3] (mw): LB=8.791365, Z₀(α*)=-19.376204, intercept=-116.262197 (0.166s) [OMP=0.138 ISP-L=0.003 ISP-F=0.008 MW-L=0.007 MW-F=0.006]
  Mini-Benders[4]: LB stagnated, break
  α-step: Z₀=8.791365, α=[0.000,0.000,0.000,0.000,0.000,3.550,0.000,0.000,3.078,0.000,0.000,0.000,0.000,0.000,0.000,0.000,0.000,0.000,0.000,0.000,0.000,0.000,0.000,0.000,0.000,0.000,4.074,0.000,0.000,0.000,0.000,0.000,0.000,0.000,0.000,0.000,0.000,0.000]
  Alt-Benders[1] (mw): LB=8.791365, Z₀(α*)=8.791365, intercept=-117.648963 (0.194s) [OMP=0.175 ISP-L=0.003 ISP-F=0.008 MW-L=0.005 MW-F=0.008]
  Alt-Benders[2] (mw): LB=8.791363, Z₀(α*)=8.791365, intercept=-117.648963 (0.182s) [OMP=0.154 ISP-L=0.003 ISP-F=0.008 MW-L=0.005 MW-F=0.008]
  Alt-Benders[3] (mw): LB=8.791363, Z₀(α*)=8.791365, intercept=-117.648963 (0.166s) [OMP=0.153 ISP-L=0.003 ISP-F=0.008 MW-L=0.005 MW-F=0.006]
  Alt-Benders[4]: LB stagnated, break
  OMP re-solve: 0.000s

=== True-DRO Benders iter 41 ===
  OMP: t₀=8.791363, UB=11.841553, gap=2.58e-01, x=[0, 0, 0, 0, 0, 1, 0, 0, 1, 0, 0, 0, 0, 0, 0, 0, 0, 0, 0, 0, 0, 0, 0, 0, 0, 0, 0, 0, 0, 0, 0, 0, 0, 0, 0, 0, 0, 0] (0.000s)
  Sub: Z₀=8.791363 [LOCAL] (0.1s), α=[0.000,0.000,0.000,0.000,0.000,3.243,0.000,0.000,3.158,0.000,0.000,0.000,0.000,0.000,0.019,0.000,0.000,0.000,0.000,0.000,0.000,0.000,0.000,0.000,0.000,0.000,4.283,0.000,0.000,0.000,0.000,0.000,0.000,0.000,0.000,0.000,0.000,0.000]
  Iter 41: LB=8.791363  UB=11.841553  gap=2.58e-01
  Cut: intercept=-1155.866643, π_x_range=[-824.5701, 589.2005]
  Mini-Benders[1] (mw): LB=8.791363, Z₀(α*)=8.791365, intercept=-117.638599 (0.231s) [OMP=0.212 ISP-L=0.003 ISP-F=0.009 MW-L=0.007 MW-F=0.006]
  Mini-Benders[2] (mw): LB=8.791363, Z₀(α*)=8.791365, intercept=-117.638599 (0.198s) [OMP=0.172 ISP-L=0.003 ISP-F=0.008 MW-L=0.007 MW-F=0.006]
  Mini-Benders[3]: LB stagnated, break
  α-step: Z₀=8.791365, α=[0.000,0.000,0.000,0.000,0.000,3.550,0.000,0.000,3.078,0.000,0.000,0.000,0.000,0.000,0.000,0.000,0.000,0.000,0.000,0.000,0.000,0.000,0.000,0.000,0.000,0.000,4.074,0.000,0.000,0.000,0.000,0.000,0.000,0.000,0.000,0.000,0.000,0.000]
  Alt-Benders[1] (mw): LB=8.791363, Z₀(α*)=8.791365, intercept=-117.648963 (0.191s) [OMP=0.169 ISP-L=0.003 ISP-F=0.009 MW-L=0.005 MW-F=0.008]
  Alt-Benders[2] (mw): LB=8.791363, Z₀(α*)=8.791365, intercept=-117.648963 (0.183s) [OMP=0.165 ISP-L=0.003 ISP-F=0.008 MW-L=0.005 MW-F=0.006]
  Alt-Benders[3]: LB stagnated, break
  OMP re-solve: 0.000s

=== True-DRO Benders iter 42 ===
  OMP: t₀=8.791363, UB=11.841553, gap=2.58e-01, x=[0, 0, 0, 0, 0, 1, 0, 0, 1, 0, 0, 0, 0, 0, 0, 0, 0, 0, 0, 0, 0, 0, 0, 0, 0, 0, 0, 0, 0, 0, 0, 0, 0, 0, 0, 0, 0, 0] (0.000s)
  Sub: Z₀=8.791363 [LOCAL] (0.1s), α=[0.000,0.000,0.000,0.000,0.000,3.243,0.000,0.000,3.158,0.000,0.000,0.000,0.000,0.000,0.019,0.000,0.000,0.000,0.000,0.000,0.000,0.000,0.000,0.000,0.000,0.000,4.283,0.000,0.000,0.000,0.000,0.000,0.000,0.000,0.000,0.000,0.000,0.000]
  Iter 42: LB=8.791363  UB=11.841553  gap=2.58e-01
  Cut: intercept=-1155.866643, π_x_range=[-824.5701, 589.2005]
  Mini-Benders[1] (mw): LB=8.791363, Z₀(α*)=8.791365, intercept=-117.638599 (0.200s) [OMP=0.169 ISP-L=0.003 ISP-F=0.008 MW-L=0.007 MW-F=0.006]
  Mini-Benders[2] (mw): LB=8.791363, Z₀(α*)=8.791365, intercept=-117.638599 (0.198s) [OMP=0.175 ISP-L=0.003 ISP-F=0.008 MW-L=0.007 MW-F=0.006]
  Mini-Benders[3]: LB stagnated, break
  α-step: Z₀=8.791365, α=[0.000,0.000,0.000,0.000,0.000,3.550,0.000,0.000,3.078,0.000,0.000,0.000,0.000,0.000,0.000,0.000,0.000,0.000,0.000,0.000,0.000,0.000,0.000,0.000,0.000,0.000,4.074,0.000,0.000,0.000,0.000,0.000,0.000,0.000,0.000,0.000,0.000,0.000]
  Alt-Benders[1] (mw): LB=8.791363, Z₀(α*)=8.791365, intercept=-117.648963 (0.180s) [OMP=0.167 ISP-L=0.003 ISP-F=0.008 MW-L=0.005 MW-F=0.008]
  Alt-Benders[2] (mw): LB=8.791363, Z₀(α*)=8.791365, intercept=-117.648963 (0.198s) [OMP=0.166 ISP-L=0.003 ISP-F=0.008 MW-L=0.005 MW-F=0.006]
  Alt-Benders[3]: LB stagnated, break
  OMP re-solve: 0.000s

=== True-DRO Benders iter 43 ===
  OMP: t₀=8.791363, UB=11.841553, gap=2.58e-01, x=[0, 0, 0, 0, 0, 1, 0, 0, 1, 0, 0, 0, 0, 0, 0, 0, 0, 0, 0, 0, 0, 0, 0, 0, 0, 0, 0, 0, 0, 0, 0, 0, 0, 0, 0, 0, 0, 0] (0.000s)
  Sub: Z₀=8.791363 [LOCAL] (0.1s), α=[0.000,0.000,0.000,0.000,0.000,3.243,0.000,0.000,3.158,0.000,0.000,0.000,0.000,0.000,0.019,0.000,0.000,0.000,0.000,0.000,0.000,0.000,0.000,0.000,0.000,0.000,4.283,0.000,0.000,0.000,0.000,0.000,0.000,0.000,0.000,0.000,0.000,0.000]
  Iter 43: LB=8.791363  UB=11.841553  gap=2.58e-01
  Cut: intercept=-1155.866643, π_x_range=[-824.5701, 589.2005]
  Mini-Benders[1] (mw): LB=8.791363, Z₀(α*)=8.791365, intercept=-117.638599 (0.198s) [OMP=0.167 ISP-L=0.003 ISP-F=0.008 MW-L=0.007 MW-F=0.006]
  Mini-Benders[2] (mw): LB=8.791363, Z₀(α*)=8.791365, intercept=-117.638599 (0.182s) [OMP=0.168 ISP-L=0.003 ISP-F=0.008 MW-L=0.007 MW-F=0.006]
  Mini-Benders[3]: LB stagnated, break
  α-step: Z₀=8.791365, α=[0.000,0.000,0.000,0.000,0.000,3.550,0.000,0.000,3.078,0.000,0.000,0.000,0.000,0.000,0.000,0.000,0.000,0.000,0.000,0.000,0.000,0.000,0.000,0.000,0.000,0.000,4.074,0.000,0.000,0.000,0.000,0.000,0.000,0.000,0.000,0.000,0.000,0.000]
  Alt-Benders[1] (mw): LB=8.791363, Z₀(α*)=8.791365, intercept=-117.648963 (0.179s) [OMP=0.163 ISP-L=0.003 ISP-F=0.008 MW-L=0.005 MW-F=0.008]
  Alt-Benders[2] (mw): LB=8.791363, Z₀(α*)=8.791365, intercept=-117.648963 (0.198s) [OMP=0.173 ISP-L=0.003 ISP-F=0.008 MW-L=0.005 MW-F=0.006]
  Alt-Benders[3]: LB stagnated, break
  OMP re-solve: 0.000s

=== True-DRO Benders iter 44 ===
  OMP: t₀=8.791363, UB=11.841553, gap=2.58e-01, x=[0, 0, 0, 0, 0, 1, 0, 0, 1, 0, 0, 0, 0, 0, 0, 0, 0, 0, 0, 0, 0, 0, 0, 0, 0, 0, 0, 0, 0, 0, 0, 0, 0, 0, 0, 0, 0, 0] (0.000s)
  Sub: Z₀=8.791363 [LOCAL] (0.1s), α=[0.000,0.000,0.000,0.000,0.000,3.243,0.000,0.000,3.158,0.000,0.000,0.000,0.000,0.000,0.019,0.000,0.000,0.000,0.000,0.000,0.000,0.000,0.000,0.000,0.000,0.000,4.283,0.000,0.000,0.000,0.000,0.000,0.000,0.000,0.000,0.000,0.000,0.000]
  Iter 44: LB=8.791363  UB=11.841553  gap=2.58e-01
  Cut: intercept=-1155.866643, π_x_range=[-824.5701, 589.2005]
  Mini-Benders[1] (mw): LB=8.791363, Z₀(α*)=8.791365, intercept=-117.638599 (0.198s) [OMP=0.170 ISP-L=0.003 ISP-F=0.008 MW-L=0.007 MW-F=0.006]
  Mini-Benders[2] (mw): LB=8.791363, Z₀(α*)=8.791365, intercept=-117.638599 (0.197s) [OMP=0.170 ISP-L=0.003 ISP-F=0.008 MW-L=0.007 MW-F=0.006]
  Mini-Benders[3]: LB stagnated, break
  α-step: Z₀=8.791365, α=[0.000,0.000,0.000,0.000,0.000,3.550,0.000,0.000,3.078,0.000,0.000,0.000,0.000,0.000,0.000,0.000,0.000,0.000,0.000,0.000,0.000,0.000,0.000,0.000,0.000,0.000,4.074,0.000,0.000,0.000,0.000,0.000,0.000,0.000,0.000,0.000,0.000,0.000]
  Alt-Benders[1] (mw): LB=8.791363, Z₀(α*)=8.791365, intercept=-117.648963 (0.191s) [OMP=0.167 ISP-L=0.003 ISP-F=0.008 MW-L=0.005 MW-F=0.008]
  Alt-Benders[2] (mw): LB=8.791363, Z₀(α*)=8.791365, intercept=-117.648963 (0.182s) [OMP=0.167 ISP-L=0.003 ISP-F=0.008 MW-L=0.006 MW-F=0.006]
  Alt-Benders[3]: LB stagnated, break
  OMP re-solve: 0.000s

=== True-DRO Benders iter 45 ===
  OMP: t₀=8.791363, UB=11.841553, gap=2.58e-01, x=[0, 0, 0, 0, 0, 1, 0, 0, 1, 0, 0, 0, 0, 0, 0, 0, 0, 0, 0, 0, 0, 0, 0, 0, 0, 0, 0, 0, 0, 0, 0, 0, 0, 0, 0, 0, 0, 0] (0.000s)
  Sub: Z₀=8.791365 (0.1s), α=[0.000,0.000,0.000,0.000,0.000,3.550,0.000,0.000,3.078,0.000,0.000,0.000,0.000,0.000,0.000,0.000,0.000,0.000,0.000,0.000,0.000,0.000,0.000,0.000,0.000,0.000,4.074,0.000,0.000,0.000,0.000,0.000,0.000,0.000,0.000,0.000,0.000,0.000]
  Iter 45: LB=8.791363  UB=8.791365  gap=2.22e-07
True-DRO Benders converged at iter 45 (gap=2.22e-07)
  Wall time: 61.96 sec
  OMP  time: mean=0.095s, median=0.126s, max=0.212s
  Sub  time (exact): mean=0.088s, median=0.089s, q90=0.092s, max=0.095s (n=9/45)

Result (nominal): Z₀=8.791365, iters=45, time=62.0s
x arcs = [6, 9]
