============================================================
polska — single_l: ε̂=0.50, ε̃=0.00, β=0.00
============================================================
Set parameter Username
Set parameter LicenseID to value 2742039
Academic license - for non-commercial use only - expires 2026-11-20
Set parameter Username
Set parameter LicenseID to value 2742039
Academic license - for non-commercial use only - expires 2026-11-20
Set parameter OutputFlag to value 1
Set parameter LogFile to value "global_miqcp.log"
Set parameter Username
Set parameter LicenseID to value 2742039
Academic license - for non-commercial use only - expires 2026-11-20
Set parameter Username
Set parameter LicenseID to value 2742039
Academic license - for non-commercial use only - expires 2026-11-20
Set parameter Username
Set parameter LicenseID to value 2742039
Academic license - for non-commercial use only - expires 2026-11-20
Set parameter Username
Set parameter LicenseID to value 2742039
Academic license - for non-commercial use only - expires 2026-11-20

=== True-DRO Benders iter 1 ===
  OMP: t₀=6.268929, UB=Inf, gap=NaN, x=[0, 0, 0, 0, 0, 0, 0, 0, 0, 0, 0, 0, 1, 0, 0, 0, 0, 0, 0, 0, 0, 0, 0, 0, 0, 0, 0, 0, 0, 0, 0, 0, 0, 1, 0, 0] (0.012s)
  Sub: Z₀=16.540642 [LOCAL] (0.2s), α=[0.000,0.000,0.000,0.000,0.000,0.000,0.000,0.000,0.000,0.000,0.000,0.000,1.802,0.157,0.000,0.000,0.000,0.000,0.000,0.000,0.000,0.000,0.000,0.000,0.000,0.000,0.000,0.000,0.000,0.000,0.000,0.000,0.000,7.985,0.000,0.000]
  Iter 1: LB=6.268929  UB=Inf  gap=NaN
  Cut: intercept=-1160.573183, π_x_range=[-819.2055, 593.2861]
  Mini-Benders[1] (mw): LB=9.544851, Z₀(α*)=9.579196, intercept=-55.478375 (0.073s) [OMP=0.028 ISP-L=0.006 ISP-F=0.014 MW-L=0.008 MW-F=0.006]
  Mini-Benders[2] (mw): LB=9.579194, Z₀(α*)=9.579196, intercept=-55.478375 (0.076s) [OMP=0.039 ISP-L=0.003 ISP-F=0.011 MW-L=0.016 MW-F=0.006]
  Mini-Benders[3] (mw): LB=9.579194, Z₀(α*)=9.579196, intercept=-55.478375 (0.067s) [OMP=0.038 ISP-L=0.003 ISP-F=0.011 MW-L=0.008 MW-F=0.006]
  Mini-Benders[4] (mw): LB=9.579194, Z₀(α*)=9.579196, intercept=-55.478375 (0.069s) [OMP=0.039 ISP-L=0.003 ISP-F=0.011 MW-L=0.008 MW-F=0.006]
  Mini-Benders[5]: LB stagnated, break
Set parameter NonConvex to value 2
Set parameter DualReductions to value 0
  α-step: Z₀=18.885640, α=[0.000,0.000,1.860,0.000,0.000,0.000,0.000,0.000,0.000,0.000,0.000,0.000,0.000,0.000,0.000,0.000,0.000,0.000,0.000,0.000,0.000,0.000,0.000,0.000,0.000,0.000,0.000,0.000,0.000,0.000,0.000,0.000,0.003,8.082,0.000,0.000]
  Alt-Benders[1] (mw): LB=9.735199, Z₀(α*)=-50.076737, intercept=-159.617696 (0.073s) [OMP=0.047 ISP-L=0.003 ISP-F=0.008 MW-L=0.007 MW-F=0.007]
  Alt-Benders[2] (mw): LB=9.735199, Z₀(α*)=-50.076737, intercept=-159.617696 (0.067s) [OMP=0.049 ISP-L=0.003 ISP-F=0.008 MW-L=0.007 MW-F=0.007]
  Alt-Benders[3] (mw): LB=9.735199, Z₀(α*)=-50.076737, intercept=-159.617696 (0.088s) [OMP=0.050 ISP-L=0.003 ISP-F=0.008 MW-L=0.007 MW-F=0.012]
  Alt-Benders[4]: LB stagnated, break
  OMP re-solve: 0.000s

=== True-DRO Benders iter 2 ===
  OMP: t₀=9.735199, UB=Inf, gap=NaN, x=[0, 0, 0, 0, 0, 1, 0, 0, 0, 0, 0, 0, 0, 0, 0, 0, 0, 0, 0, 0, 0, 0, 1, 0, 0, 0, 0, 0, 0, 0, 0, 0, 0, 0, 0, 0] (0.000s)
  Sub: Z₀=17.347684 [LOCAL] (0.1s), α=[0.000,0.000,0.000,0.000,0.000,9.015,0.000,0.000,0.000,0.000,0.000,0.000,0.000,0.929,0.000,0.000,0.000,0.000,0.000,0.000,0.000,0.000,0.000,0.000,0.000,0.000,0.000,0.000,0.000,0.000,0.000,0.000,0.000,0.000,0.000,0.000]
  Iter 2: LB=9.735199  UB=Inf  gap=NaN
  Cut: intercept=-1136.103209, π_x_range=[-819.0016, 580.9512]
  Mini-Benders[1] (mw): LB=10.950919, Z₀(α*)=-39.825127, intercept=-73.236304 (0.119s) [OMP=0.088 ISP-L=0.004 ISP-F=0.009 MW-L=0.007 MW-F=0.006]
  Mini-Benders[2] (mw): LB=10.950919, Z₀(α*)=-39.825127, intercept=-73.236304 (0.107s) [OMP=0.072 ISP-L=0.003 ISP-F=0.009 MW-L=0.007 MW-F=0.012]
  Mini-Benders[3] (mw): LB=10.950919, Z₀(α*)=-39.825127, intercept=-73.236304 (0.103s) [OMP=0.073 ISP-L=0.004 ISP-F=0.009 MW-L=0.007 MW-F=0.006]
  Mini-Benders[4]: LB stagnated, break
  α-step: Z₀=21.430872, α=[0.000,0.000,1.975,0.000,0.000,0.000,0.000,0.000,0.000,0.000,0.000,0.000,0.886,1.941,0.000,0.000,0.000,0.113,0.000,0.000,0.000,0.000,0.000,0.000,0.000,0.000,0.000,0.000,0.000,0.000,0.000,0.000,0.000,5.030,0.000,0.000]
  Alt-Benders[1] (mw): LB=11.035939, Z₀(α*)=4.232795, intercept=-34.491563 (0.100s) [OMP=0.072 ISP-L=0.004 ISP-F=0.008 MW-L=0.008 MW-F=0.011]
  Alt-Benders[2] (mw): LB=11.035939, Z₀(α*)=4.232795, intercept=-34.491563 (0.119s) [OMP=0.091 ISP-L=0.004 ISP-F=0.008 MW-L=0.007 MW-F=0.006]
  Alt-Benders[3] (mw): LB=11.035939, Z₀(α*)=4.232795, intercept=-34.491563 (0.107s) [OMP=0.088 ISP-L=0.004 ISP-F=0.008 MW-L=0.007 MW-F=0.007]
  Alt-Benders[4]: LB stagnated, break
  OMP re-solve: 0.000s

=== True-DRO Benders iter 3 ===
  OMP: t₀=11.035939, UB=Inf, gap=NaN, x=[0, 0, 0, 0, 0, 0, 0, 0, 0, 0, 0, 0, 0, 1, 0, 0, 0, 0, 0, 0, 0, 0, 0, 0, 0, 0, 0, 0, 0, 0, 0, 0, 0, 1, 0, 0] (0.000s)
  Sub: Z₀=21.018855 [LOCAL] (0.2s), α=[0.000,0.000,1.183,0.000,0.000,0.000,0.000,0.000,0.000,0.000,0.000,0.000,0.000,0.000,0.000,0.000,0.000,0.034,0.000,0.000,0.000,0.000,0.000,0.000,0.000,0.000,0.000,0.000,0.000,0.000,0.000,0.000,0.000,8.728,0.000,0.000]
  Iter 3: LB=11.035939  UB=Inf  gap=NaN
  Cut: intercept=-1152.493637, π_x_range=[-823.5982, 591.7526]
  Mini-Benders[1] (mw): LB=11.592142, Z₀(α*)=6.761922, intercept=-73.885011 (0.119s) [OMP=0.075 ISP-L=0.004 ISP-F=0.009 MW-L=0.012 MW-F=0.006]
  Mini-Benders[2] (mw): LB=11.592142, Z₀(α*)=6.761922, intercept=-73.885011 (0.097s) [OMP=0.070 ISP-L=0.004 ISP-F=0.009 MW-L=0.007 MW-F=0.006]
  Mini-Benders[3] (mw): LB=11.592142, Z₀(α*)=6.761922, intercept=-73.885011 (0.093s) [OMP=0.067 ISP-L=0.004 ISP-F=0.009 MW-L=0.007 MW-F=0.006]
  Mini-Benders[4]: LB stagnated, break
  α-step: Z₀=16.558048, α=[0.000,0.000,0.000,0.000,0.000,2.082,0.000,0.000,0.000,0.000,0.000,0.000,0.000,0.438,0.000,0.000,0.000,0.000,0.000,0.000,0.000,0.000,0.000,0.000,0.000,0.000,0.000,0.000,0.000,0.159,0.317,0.000,0.397,6.551,0.000,0.000]
  Alt-Benders[1] (mw): LB=11.656086, Z₀(α*)=11.516838, intercept=-56.724027 (0.089s) [OMP=0.076 ISP-L=0.003 ISP-F=0.010 MW-L=0.007 MW-F=0.007]
  Alt-Benders[2] (mw): LB=11.656086, Z₀(α*)=11.516838, intercept=-56.724027 (0.122s) [OMP=0.081 ISP-L=0.003 ISP-F=0.010 MW-L=0.007 MW-F=0.006]
  Alt-Benders[3] (mw): LB=11.656086, Z₀(α*)=11.516838, intercept=-56.724027 (0.104s) [OMP=0.080 ISP-L=0.003 ISP-F=0.010 MW-L=0.012 MW-F=0.006]
  Alt-Benders[4]: LB stagnated, break
  OMP re-solve: 0.000s

=== True-DRO Benders iter 4 ===
  OMP: t₀=11.656086, UB=Inf, gap=NaN, x=[0, 0, 0, 0, 0, 0, 0, 0, 0, 0, 0, 0, 0, 0, 0, 0, 0, 0, 0, 0, 0, 0, 1, 0, 0, 0, 0, 0, 0, 0, 0, 0, 0, 1, 0, 0] (0.000s)
  Sub: Z₀=20.290065 [LOCAL] (0.2s), α=[0.000,0.000,1.217,0.000,0.000,0.000,0.000,0.000,0.000,0.000,0.000,0.000,0.000,0.000,0.000,0.000,0.000,0.000,0.000,0.000,0.000,0.000,0.000,0.000,0.000,0.000,0.000,0.000,0.000,0.000,0.000,0.000,1.132,7.596,0.000,0.000]
  Iter 4: LB=11.656086  UB=Inf  gap=NaN
  Cut: intercept=-1108.900124, π_x_range=[-822.5284, 576.0152]
  Mini-Benders[1] (mw): LB=11.763232, Z₀(α*)=0.389131, intercept=-82.657929 (0.135s) [OMP=0.107 ISP-L=0.004 ISP-F=0.009 MW-L=0.008 MW-F=0.008]
  Mini-Benders[2] (mw): LB=11.763232, Z₀(α*)=0.389131, intercept=-82.657929 (0.106s) [OMP=0.067 ISP-L=0.004 ISP-F=0.008 MW-L=0.008 MW-F=0.012]
  Mini-Benders[3] (mw): LB=11.763232, Z₀(α*)=0.389131, intercept=-82.657929 (0.089s) [OMP=0.065 ISP-L=0.004 ISP-F=0.008 MW-L=0.008 MW-F=0.008]
  Mini-Benders[4]: LB stagnated, break
  α-step: Z₀=16.305916, α=[0.000,0.000,0.000,0.000,0.000,3.349,0.000,0.000,0.000,0.000,0.000,0.000,0.000,0.543,0.000,0.000,0.000,0.223,0.000,0.000,0.000,0.000,0.000,0.000,0.000,0.000,0.000,0.000,0.000,0.000,0.000,0.000,5.263,0.566,0.000,0.000]
  Alt-Benders[1] (mw): LB=11.781872, Z₀(α*)=-15.726603, intercept=-27.080031 (0.105s) [OMP=0.074 ISP-L=0.004 ISP-F=0.009 MW-L=0.007 MW-F=0.011]
  Alt-Benders[2] (mw): LB=11.781872, Z₀(α*)=-15.726603, intercept=-27.080031 (0.101s) [OMP=0.074 ISP-L=0.003 ISP-F=0.009 MW-L=0.007 MW-F=0.006]
  Alt-Benders[3] (mw): LB=11.781872, Z₀(α*)=-15.726603, intercept=-27.080031 (0.093s) [OMP=0.075 ISP-L=0.003 ISP-F=0.009 MW-L=0.007 MW-F=0.006]
  Alt-Benders[4]: LB stagnated, break
  OMP re-solve: 0.000s

=== True-DRO Benders iter 5 ===
  OMP: t₀=11.781872, UB=Inf, gap=NaN, x=[0, 0, 0, 0, 0, 0, 0, 0, 0, 0, 0, 0, 0, 0, 1, 0, 0, 0, 0, 0, 0, 0, 0, 0, 0, 0, 0, 0, 0, 0, 0, 0, 0, 1, 0, 0] (0.000s)
  Sub: Z₀=21.568133 (1.1s), α=[0.000,0.000,1.696,0.000,0.000,0.000,0.000,0.000,0.000,0.000,0.000,0.000,0.000,0.000,0.000,0.000,0.000,0.000,0.000,0.000,0.000,0.000,0.000,0.000,0.000,0.000,0.000,0.000,0.000,0.000,0.000,0.000,0.010,8.239,0.000,0.000]
  Iter 5: LB=11.781872  UB=21.568133  gap=4.54e-01
  Cut: intercept=-22.277608, π_x_range=[-235.0000, 43.0475]
  Sherali-Cut: intercept=-21.479415, π_x_range=[-84.3917, 43.0475]
  Mini-Benders[1] (mw): LB=11.781872, Z₀(α*)=19.226820, intercept=-58.281839 (0.136s) [OMP=0.100 ISP-L=0.003 ISP-F=0.009 MW-L=0.007 MW-F=0.010]
  Mini-Benders[2] (mw): LB=11.781872, Z₀(α*)=5.272806, intercept=-107.747989 (0.119s) [OMP=0.092 ISP-L=0.004 ISP-F=0.009 MW-L=0.007 MW-F=0.007]
  Mini-Benders[3]: LB stagnated, break
  α-step: Z₀=19.652367, α=[0.000,0.000,0.000,0.000,0.000,0.000,0.000,0.000,0.000,0.000,0.000,0.000,0.000,0.000,0.000,0.000,0.000,3.314,0.000,0.000,0.000,0.000,0.000,0.000,0.291,0.000,0.000,0.000,0.000,0.000,0.000,0.000,0.000,6.340,0.000,0.000]
  Alt-Benders[1] (mw): LB=11.781872, Z₀(α*)=17.719116, intercept=-59.617863 (0.097s) [OMP=0.078 ISP-L=0.003 ISP-F=0.009 MW-L=0.007 MW-F=0.006]
  Alt-Benders[2] (mw): LB=11.781872, Z₀(α*)=9.193479, intercept=-31.457409 (0.119s) [OMP=0.078 ISP-L=0.003 ISP-F=0.009 MW-L=0.012 MW-F=0.006]
  Alt-Benders[3]: LB stagnated, break
  OMP re-solve: 0.000s

=== True-DRO Benders iter 6 ===
  OMP: t₀=11.781872, UB=21.568133, gap=4.54e-01, x=[0, 0, 0, 0, 0, 0, 0, 0, 0, 0, 0, 0, 0, 0, 0, 0, 0, 0, 0, 0, 0, 0, 0, 0, 0, 0, 0, 1, 0, 0, 0, 0, 0, 1, 0, 0] (0.000s)
  Sub: Z₀=21.879175 [LOCAL] (0.2s), α=[0.000,0.000,2.920,0.000,0.000,0.000,0.000,0.000,0.000,0.000,0.000,0.000,0.000,0.000,0.000,0.000,0.000,0.000,0.000,0.000,0.000,0.000,0.000,0.000,0.000,0.000,0.000,0.000,0.000,0.000,0.000,0.000,0.000,7.025,0.000,0.000]
  Iter 6: LB=11.781872  UB=21.568133  gap=4.54e-01
  Cut: intercept=-1143.139565, π_x_range=[-823.8670, 583.2051]
  Mini-Benders[1] (mw): LB=11.781872, Z₀(α*)=14.831127, intercept=-36.737589 (0.120s) [OMP=0.085 ISP-L=0.003 ISP-F=0.009 MW-L=0.008 MW-F=0.006]
  Mini-Benders[2] (mw): LB=11.781872, Z₀(α*)=0.903178, intercept=-74.371731 (0.106s) [OMP=0.082 ISP-L=0.003 ISP-F=0.010 MW-L=0.012 MW-F=0.007]
  Mini-Benders[3]: LB stagnated, break
  α-step: Z₀=19.370171, α=[0.000,0.000,5.350,0.000,0.000,0.000,0.000,0.000,0.000,0.000,0.000,0.000,0.000,0.000,0.000,0.000,0.000,0.000,0.000,0.000,0.000,0.000,0.000,0.000,0.000,0.000,0.000,0.000,0.000,0.000,0.000,0.000,0.000,4.594,0.000,0.000]
  Alt-Benders[1] (mw): LB=11.781872, Z₀(α*)=-1.084565, intercept=-20.765216 (0.113s) [OMP=0.089 ISP-L=0.004 ISP-F=0.009 MW-L=0.007 MW-F=0.007]
  Alt-Benders[2] (mw): LB=11.781872, Z₀(α*)=-1.084565, intercept=-20.765216 (0.122s) [OMP=0.085 ISP-L=0.004 ISP-F=0.009 MW-L=0.011 MW-F=0.007]
  Alt-Benders[3]: LB stagnated, break
  OMP re-solve: 0.000s

=== True-DRO Benders iter 7 ===
  OMP: t₀=11.781872, UB=21.568133, gap=4.54e-01, x=[0, 0, 0, 0, 0, 0, 1, 0, 0, 0, 0, 0, 0, 0, 0, 0, 0, 0, 0, 0, 0, 0, 0, 0, 0, 0, 0, 0, 0, 0, 0, 0, 0, 1, 0, 0] (0.000s)
  Sub: Z₀=21.568130 [LOCAL] (0.2s), α=[0.000,0.000,1.696,0.000,0.000,0.000,0.000,0.000,0.000,0.000,0.000,0.000,0.000,0.000,0.000,0.000,0.000,0.000,0.000,0.000,0.000,0.000,0.000,0.000,0.000,0.000,0.000,0.000,0.000,0.000,0.000,0.000,0.007,8.242,0.000,0.000]
  Iter 7: LB=11.781872  UB=21.568133  gap=4.54e-01
  Cut: intercept=-1143.091893, π_x_range=[-823.3838, 583.9788]
  Mini-Benders[1] (mw): LB=11.781872, Z₀(α*)=9.012501, intercept=-45.870249 (0.120s) [OMP=0.085 ISP-L=0.003 ISP-F=0.010 MW-L=0.006 MW-F=0.006]
  Mini-Benders[2] (mw): LB=11.781872, Z₀(α*)=9.012501, intercept=-45.870249 (0.106s) [OMP=0.079 ISP-L=0.003 ISP-F=0.009 MW-L=0.006 MW-F=0.011]
  Mini-Benders[3]: LB stagnated, break
  α-step: Z₀=20.521746, α=[0.000,0.000,4.204,0.000,0.000,0.000,0.000,0.000,0.000,0.000,0.000,0.000,0.000,0.000,0.000,0.000,0.000,0.000,0.000,0.000,0.000,0.000,0.000,0.000,0.000,0.000,0.000,0.000,0.000,0.000,0.000,0.000,1.229,4.512,0.000,0.000]
  Alt-Benders[1] (mw): LB=11.781872, Z₀(α*)=7.660427, intercept=-18.276048 (0.114s) [OMP=0.091 ISP-L=0.004 ISP-F=0.009 MW-L=0.007 MW-F=0.006]
  Alt-Benders[2] (mw): LB=11.781872, Z₀(α*)=7.660427, intercept=-18.276048 (0.107s) [OMP=0.084 ISP-L=0.004 ISP-F=0.009 MW-L=0.007 MW-F=0.010]
  Alt-Benders[3]: LB stagnated, break
  OMP re-solve: 0.000s

=== True-DRO Benders iter 8 ===
  OMP: t₀=11.781872, UB=21.568133, gap=4.54e-01, x=[0, 0, 0, 0, 0, 0, 0, 0, 0, 0, 0, 0, 0, 0, 0, 0, 0, 0, 0, 0, 0, 0, 0, 0, 0, 0, 0, 0, 0, 1, 0, 0, 0, 1, 0, 0] (0.000s)
  Sub: Z₀=21.490452 [LOCAL] (0.2s), α=[0.000,0.000,1.783,0.000,0.000,0.000,0.000,0.000,0.000,0.000,0.000,0.000,0.000,0.000,0.000,0.000,0.000,0.000,0.000,0.000,0.000,0.000,0.000,0.000,0.000,0.000,0.000,0.000,0.000,0.000,0.000,0.000,0.000,8.162,0.000,0.000]
  Iter 8: LB=11.781872  UB=21.568133  gap=4.54e-01
  Cut: intercept=-1143.787086, π_x_range=[-819.9589, 590.0470]
  Mini-Benders[1] (mw): LB=11.908421, Z₀(α*)=2.531494, intercept=-73.346299 (0.120s) [OMP=0.090 ISP-L=0.003 ISP-F=0.011 MW-L=0.006 MW-F=0.007]
  Mini-Benders[2] (mw): LB=11.908421, Z₀(α*)=2.531494, intercept=-73.346299 (0.119s) [OMP=0.090 ISP-L=0.003 ISP-F=0.010 MW-L=0.006 MW-F=0.007]
  Mini-Benders[3] (mw): LB=11.908421, Z₀(α*)=2.531494, intercept=-73.346299 (0.120s) [OMP=0.088 ISP-L=0.003 ISP-F=0.011 MW-L=0.012 MW-F=0.007]
  Mini-Benders[4]: LB stagnated, break
  α-step: Z₀=21.213369, α=[0.000,0.000,2.169,0.000,0.000,0.000,0.000,0.000,0.000,0.000,0.000,0.000,0.000,0.000,0.000,0.000,0.000,0.000,0.000,0.000,0.000,0.000,0.000,0.000,0.000,0.000,0.000,0.000,0.000,0.000,0.000,0.000,6.309,1.467,0.000,0.000]
  Alt-Benders[1] (mw): LB=12.273291, Z₀(α*)=21.164161, intercept=-32.195152 (0.109s) [OMP=0.091 ISP-L=0.003 ISP-F=0.009 MW-L=0.006 MW-F=0.006]
  Alt-Benders[2] (mw): LB=12.381944, Z₀(α*)=-24.927133, intercept=-59.445615 (0.122s) [OMP=0.088 ISP-L=0.004 ISP-F=0.009 MW-L=0.012 MW-F=0.006]
  Alt-Benders[3] (mw): LB=12.381944, Z₀(α*)=-24.927133, intercept=-59.445615 (0.106s) [OMP=0.086 ISP-L=0.004 ISP-F=0.009 MW-L=0.007 MW-F=0.006]
  Alt-Benders[4] (mw): LB=12.381944, Z₀(α*)=-24.927133, intercept=-59.445615 (0.122s) [OMP=0.086 ISP-L=0.004 ISP-F=0.009 MW-L=0.007 MW-F=0.006]
  Alt-Benders[5]: LB stagnated, break
  OMP re-solve: 0.000s

=== True-DRO Benders iter 9 ===
  OMP: t₀=12.381944, UB=21.568133, gap=4.26e-01, x=[0, 0, 0, 0, 0, 0, 1, 0, 0, 0, 0, 0, 1, 0, 0, 0, 0, 0, 0, 0, 0, 0, 0, 0, 0, 0, 0, 0, 0, 0, 0, 0, 0, 0, 0, 0] (0.000s)
  Sub: Z₀=22.418439 [LOCAL] (0.2s), α=[0.000,0.000,2.990,0.000,0.000,0.000,0.000,0.000,0.000,0.000,0.000,0.000,2.333,0.000,0.000,0.000,0.000,0.000,0.000,0.000,0.000,0.000,0.000,0.000,0.000,0.000,0.000,0.000,0.000,0.000,0.000,0.000,0.000,4.620,0.000,0.000]
  Iter 9: LB=12.381944  UB=21.568133  gap=4.26e-01
  Cut: intercept=-1135.240892, π_x_range=[-821.8107, 584.5706]
  Mini-Benders[1] (mw): LB=12.494595, Z₀(α*)=3.498867, intercept=-25.036471 (0.119s) [OMP=0.094 ISP-L=0.003 ISP-F=0.010 MW-L=0.007 MW-F=0.007]
  Mini-Benders[2] (mw): LB=12.494595, Z₀(α*)=3.498867, intercept=-25.036471 (0.122s) [OMP=0.090 ISP-L=0.003 ISP-F=0.010 MW-L=0.007 MW-F=0.007]
  Mini-Benders[3] (mw): LB=12.494595, Z₀(α*)=3.498867, intercept=-25.036471 (0.119s) [OMP=0.089 ISP-L=0.003 ISP-F=0.010 MW-L=0.007 MW-F=0.012]
  Mini-Benders[4]: LB stagnated, break
  α-step: Z₀=21.438754, α=[0.000,0.000,2.193,0.000,0.000,0.000,0.000,0.000,0.000,0.000,0.000,0.000,0.000,0.000,0.000,0.000,0.000,0.000,0.000,0.000,0.000,0.000,0.000,0.000,0.000,0.000,0.000,0.000,0.000,0.000,0.000,0.000,6.285,1.467,0.000,0.000]
  Alt-Benders[1] (mw): LB=12.533151, Z₀(α*)=21.333039, intercept=-58.192290 (0.101s) [OMP=0.088 ISP-L=0.003 ISP-F=0.009 MW-L=0.007 MW-F=0.006]
  Alt-Benders[2] (mw): LB=12.533151, Z₀(α*)=-3.477075, intercept=-80.393882 (0.136s) [OMP=0.097 ISP-L=0.003 ISP-F=0.008 MW-L=0.006 MW-F=0.011]
  Alt-Benders[3] (mw): LB=12.533151, Z₀(α*)=-3.477075, intercept=-80.393882 (0.122s) [OMP=0.104 ISP-L=0.003 ISP-F=0.008 MW-L=0.006 MW-F=0.006]
  Alt-Benders[4]: LB stagnated, break
  OMP re-solve: 0.000s

=== True-DRO Benders iter 10 ===
  OMP: t₀=12.533151, UB=21.568133, gap=4.19e-01, x=[0, 0, 1, 0, 0, 0, 0, 0, 0, 0, 0, 0, 0, 0, 0, 0, 0, 0, 0, 0, 0, 0, 0, 0, 0, 0, 0, 0, 0, 0, 0, 0, 1, 0, 0, 0] (0.000s)
  Sub: Z₀=17.047545 (3.6s), α=[0.000,0.000,6.382,0.000,0.000,0.000,0.000,0.000,0.000,0.000,0.000,0.000,0.000,0.000,0.000,0.000,0.000,0.000,0.000,0.000,0.000,0.000,0.000,0.000,0.000,0.000,0.000,0.000,0.000,0.000,0.000,0.000,3.562,0.000,0.000,0.000]
  Iter 10: LB=12.533151  UB=17.047545  gap=2.65e-01
  Cut: intercept=-81.806771, π_x_range=[-187.3275, 52.8486]
  Sherali-Cut: intercept=-78.387063, π_x_range=[-69.1055, 51.9591]
  Mini-Benders[1] (mw): LB=12.533151, Z₀(α*)=10.896028, intercept=-68.512042 (0.120s) [OMP=0.094 ISP-L=0.004 ISP-F=0.010 MW-L=0.007 MW-F=0.006]
  Mini-Benders[2] (mw): LB=12.533151, Z₀(α*)=10.896028, intercept=-68.512042 (0.138s) [OMP=0.095 ISP-L=0.004 ISP-F=0.010 MW-L=0.007 MW-F=0.010]
  Mini-Benders[3]: LB stagnated, break
  α-step: Z₀=21.692424, α=[0.000,0.000,4.016,0.000,0.000,0.000,0.000,0.000,0.000,0.000,0.000,0.000,0.000,0.000,0.000,0.000,0.000,0.000,0.000,0.000,0.000,0.000,0.000,0.000,0.000,0.000,0.000,0.000,0.000,0.000,0.000,0.000,4.024,1.904,0.000,0.000]
  Alt-Benders[1] (mw): LB=12.533151, Z₀(α*)=16.554328, intercept=-44.166464 (0.104s) [OMP=0.092 ISP-L=0.004 ISP-F=0.009 MW-L=0.006 MW-F=0.006]
  Alt-Benders[2] (mw): LB=12.533151, Z₀(α*)=14.706670, intercept=-29.649637 (0.135s) [OMP=0.096 ISP-L=0.004 ISP-F=0.011 MW-L=0.006 MW-F=0.006]
  Alt-Benders[3]: LB stagnated, break
  OMP re-solve: 0.000s

=== True-DRO Benders iter 11 ===
  OMP: t₀=12.533151, UB=17.047545, gap=2.65e-01, x=[0, 0, 0, 0, 0, 0, 0, 0, 0, 0, 0, 0, 0, 0, 0, 0, 0, 1, 0, 0, 0, 0, 0, 0, 0, 0, 0, 0, 0, 0, 0, 0, 1, 0, 0, 0] (0.000s)
  Sub: Z₀=20.459634 [LOCAL] (0.2s), α=[0.000,0.000,1.590,0.000,0.000,0.000,0.000,0.000,0.000,0.000,0.000,0.000,0.000,0.000,0.000,0.000,0.000,3.897,0.000,0.000,0.000,0.000,0.000,0.000,0.000,0.000,0.000,0.000,0.000,0.000,0.000,0.000,1.293,3.165,0.000,0.000]
  Iter 11: LB=12.533151  UB=17.047545  gap=2.65e-01
  Cut: intercept=-1154.581394, π_x_range=[-822.7650, 589.9668]
  Mini-Benders[1] (mw): LB=12.533151, Z₀(α*)=-10.496851, intercept=-57.410697 (0.119s) [OMP=0.094 ISP-L=0.004 ISP-F=0.009 MW-L=0.007 MW-F=0.007]
  Mini-Benders[2] (mw): LB=12.533151, Z₀(α*)=-10.496851, intercept=-57.410697 (0.122s) [OMP=0.091 ISP-L=0.004 ISP-F=0.009 MW-L=0.007 MW-F=0.006]
  Mini-Benders[3]: LB stagnated, break
  α-step: Z₀=20.151961, α=[0.000,0.000,1.455,0.000,0.000,0.000,0.000,0.000,0.000,0.000,0.000,0.000,0.000,0.000,0.000,0.000,0.000,0.000,0.000,0.000,0.000,0.000,0.000,0.000,0.000,0.000,0.000,0.000,0.000,0.000,0.000,0.000,8.490,0.000,0.000,0.000]
  Alt-Benders[1] (mw): LB=12.533151, Z₀(α*)=7.342650, intercept=-83.820602 (0.115s) [OMP=0.093 ISP-L=0.004 ISP-F=0.011 MW-L=0.008 MW-F=0.006]
  Alt-Benders[2] (mw): LB=12.533151, Z₀(α*)=7.342650, intercept=-83.820602 (0.119s) [OMP=0.090 ISP-L=0.003 ISP-F=0.010 MW-L=0.008 MW-F=0.006]
  Alt-Benders[3]: LB stagnated, break
  OMP re-solve: 0.000s

=== True-DRO Benders iter 12 ===
  OMP: t₀=12.533151, UB=17.047545, gap=2.65e-01, x=[0, 0, 0, 0, 0, 0, 0, 0, 0, 0, 0, 0, 0, 0, 0, 0, 0, 0, 0, 0, 0, 0, 0, 0, 1, 0, 0, 0, 0, 0, 0, 0, 1, 0, 0, 0] (0.000s)
  Sub: Z₀=17.699013 [LOCAL] (0.2s), α=[0.000,0.000,0.000,0.000,0.000,0.000,0.029,0.000,0.000,0.000,0.000,0.000,0.000,0.000,0.000,0.000,0.000,1.439,0.000,0.000,0.000,0.000,0.000,0.000,1.168,0.000,0.000,0.000,0.000,0.000,0.000,0.000,6.047,1.261,0.000,0.000]
  Iter 12: LB=12.533151  UB=17.047545  gap=2.65e-01
  Cut: intercept=-1102.659692, π_x_range=[-821.2645, 573.5932]
  Mini-Benders[1] (mw): LB=12.965403, Z₀(α*)=-27.578573, intercept=-58.565749 (0.135s) [OMP=0.100 ISP-L=0.004 ISP-F=0.009 MW-L=0.008 MW-F=0.006]
  Mini-Benders[2] (mw): LB=12.965403, Z₀(α*)=-27.578573, intercept=-58.565749 (0.122s) [OMP=0.095 ISP-L=0.004 ISP-F=0.009 MW-L=0.008 MW-F=0.006]
  Mini-Benders[3] (mw): LB=12.965403, Z₀(α*)=-27.578573, intercept=-58.565749 (0.122s) [OMP=0.096 ISP-L=0.004 ISP-F=0.009 MW-L=0.008 MW-F=0.011]
  Mini-Benders[4]: LB stagnated, break
  α-step: Z₀=22.388169, α=[0.000,0.000,2.990,0.000,0.000,0.000,0.000,0.000,0.000,0.000,0.000,0.000,2.900,0.000,0.000,0.000,0.000,0.000,0.000,0.000,0.000,0.000,0.000,0.000,0.000,0.000,0.000,0.000,0.000,0.000,0.000,0.000,0.000,4.054,0.000,0.000]
  Alt-Benders[1] (mw): LB=13.067530, Z₀(α*)=22.418441, intercept=-51.959521 (0.114s) [OMP=0.101 ISP-L=0.003 ISP-F=0.009 MW-L=0.006 MW-F=0.007]
  Alt-Benders[2] (mw): LB=13.096807, Z₀(α*)=-11.824202, intercept=-70.997037 (0.136s) [OMP=0.097 ISP-L=0.004 ISP-F=0.009 MW-L=0.007 MW-F=0.011]
  Alt-Benders[3] (mw): LB=13.096807, Z₀(α*)=-11.824202, intercept=-70.997037 (0.122s) [OMP=0.102 ISP-L=0.004 ISP-F=0.009 MW-L=0.007 MW-F=0.006]
  Alt-Benders[4] (mw): LB=13.096807, Z₀(α*)=-11.824202, intercept=-70.997037 (0.137s) [OMP=0.103 ISP-L=0.004 ISP-F=0.009 MW-L=0.007 MW-F=0.006]
  Alt-Benders[5]: LB stagnated, break
  OMP re-solve: 0.000s

=== True-DRO Benders iter 13 ===
  OMP: t₀=13.096807, UB=17.047545, gap=2.32e-01, x=[0, 0, 0, 0, 0, 1, 0, 0, 0, 0, 0, 0, 1, 0, 0, 0, 0, 0, 0, 0, 0, 0, 0, 0, 0, 0, 0, 0, 0, 0, 0, 0, 0, 0, 0, 0] (0.000s)
  Sub: Z₀=20.891942 [LOCAL] (0.2s), α=[0.000,0.000,1.519,0.000,0.000,1.954,0.000,0.000,0.000,0.000,0.000,0.000,0.000,4.139,0.000,0.000,0.000,0.243,0.000,0.000,0.000,0.000,0.000,0.000,0.000,0.000,0.000,0.000,0.000,0.089,0.419,0.000,0.000,1.580,0.000,0.000]
  Iter 13: LB=13.096807  UB=17.047545  gap=2.32e-01
  Cut: intercept=-1096.603120, π_x_range=[-817.6427, 561.8569]
  Mini-Benders[1] (mw): LB=13.096807, Z₀(α*)=-1.247153, intercept=-100.265529 (0.135s) [OMP=0.097 ISP-L=0.003 ISP-F=0.009 MW-L=0.012 MW-F=0.006]
  Mini-Benders[2] (mw): LB=13.096807, Z₀(α*)=-1.247153, intercept=-100.265529 (0.120s) [OMP=0.100 ISP-L=0.003 ISP-F=0.009 MW-L=0.006 MW-F=0.006]
  Mini-Benders[3]: LB stagnated, break
  α-step: Z₀=21.160807, α=[0.000,0.000,0.000,0.000,0.000,0.000,1.197,0.000,0.000,0.000,0.000,0.000,0.000,2.826,0.000,0.000,0.000,3.052,0.000,0.000,0.000,0.000,0.000,0.000,0.000,0.000,0.000,0.000,0.000,0.000,0.000,0.000,0.000,2.870,0.000,0.000]
  Alt-Benders[1] (mw): LB=13.096807, Z₀(α*)=12.098182, intercept=-80.030026 (0.114s) [OMP=0.097 ISP-L=0.004 ISP-F=0.009 MW-L=0.011 MW-F=0.007]
  Alt-Benders[2] (mw): LB=13.096807, Z₀(α*)=12.098182, intercept=-80.030026 (0.136s) [OMP=0.103 ISP-L=0.004 ISP-F=0.009 MW-L=0.007 MW-F=0.007]
  Alt-Benders[3]: LB stagnated, break
  OMP re-solve: 0.000s

=== True-DRO Benders iter 14 ===
  OMP: t₀=13.096807, UB=17.047545, gap=2.32e-01, x=[0, 0, 0, 0, 0, 0, 0, 0, 0, 0, 0, 0, 1, 0, 0, 0, 0, 0, 0, 0, 0, 0, 1, 0, 0, 0, 0, 0, 0, 0, 0, 0, 0, 0, 0, 0] (0.000s)
  Sub: Z₀=21.188012 [LOCAL] (0.2s), α=[0.000,0.000,2.400,0.000,0.000,0.000,0.000,0.000,0.000,0.000,0.000,0.000,1.606,3.506,0.000,0.000,0.000,0.000,0.000,0.000,0.000,0.000,0.000,0.000,0.000,0.000,0.000,0.000,0.000,0.000,0.000,0.000,0.000,2.432,0.000,0.000]
  Iter 14: LB=13.096807  UB=17.047545  gap=2.32e-01
  Cut: intercept=-1096.777972, π_x_range=[-820.2452, 563.5884]
  Mini-Benders[1] (mw): LB=13.096807, Z₀(α*)=-8.551650, intercept=-74.471893 (0.158s) [OMP=0.130 ISP-L=0.003 ISP-F=0.009 MW-L=0.011 MW-F=0.007]
  Mini-Benders[2] (mw): LB=13.096807, Z₀(α*)=-8.551650, intercept=-74.471893 (0.120s) [OMP=0.098 ISP-L=0.003 ISP-F=0.008 MW-L=0.006 MW-F=0.007]
  Mini-Benders[3]: LB stagnated, break
  α-step: Z₀=18.863010, α=[0.000,0.000,6.252,0.000,0.000,0.000,0.000,0.000,0.000,0.000,0.000,0.000,0.000,0.000,0.000,0.000,0.000,0.000,0.000,0.000,0.000,0.000,0.000,0.000,0.000,0.000,0.000,0.000,0.000,0.000,0.000,0.000,0.000,3.693,0.000,0.000]
  Alt-Benders[1] (mw): LB=13.096807, Z₀(α*)=18.207375, intercept=-91.666206 (0.135s) [OMP=0.115 ISP-L=0.004 ISP-F=0.009 MW-L=0.008 MW-F=0.011]
  Alt-Benders[2] (mw): LB=13.096807, Z₀(α*)=16.556283, intercept=-94.209778 (0.151s) [OMP=0.116 ISP-L=0.003 ISP-F=0.008 MW-L=0.007 MW-F=0.006]
  Alt-Benders[3]: LB stagnated, break
  OMP re-solve: 0.000s

=== True-DRO Benders iter 15 ===
  OMP: t₀=13.096807, UB=17.047545, gap=2.32e-01, x=[0, 0, 0, 0, 0, 0, 0, 0, 0, 0, 0, 0, 1, 0, 0, 0, 0, 0, 1, 0, 0, 0, 0, 0, 0, 0, 0, 0, 0, 0, 0, 0, 0, 0, 0, 0] (0.000s)
  Sub: Z₀=22.297229 (1.0s), α=[0.000,0.000,4.242,0.000,0.000,0.000,0.000,0.000,0.000,0.000,0.000,0.000,0.800,0.843,0.000,0.000,0.000,0.000,0.000,0.000,0.000,0.000,0.000,0.000,0.000,0.000,0.000,0.000,0.000,0.000,0.000,0.000,0.000,4.060,0.000,0.000]
  Iter 15: LB=13.096807  UB=17.047545  gap=2.32e-01
  Cut: intercept=-90.529029, π_x_range=[-224.0000, 76.3647]
  Sherali-Cut: intercept=-90.505807, π_x_range=[-73.6246, 76.3647]
  Mini-Benders[1] (mw): LB=13.096807, Z₀(α*)=21.739468, intercept=-61.917335 (0.151s) [OMP=0.123 ISP-L=0.004 ISP-F=0.009 MW-L=0.008 MW-F=0.007]
  Mini-Benders[2] (mw): LB=13.096807, Z₀(α*)=9.029792, intercept=-61.477975 (0.151s) [OMP=0.120 ISP-L=0.004 ISP-F=0.010 MW-L=0.007 MW-F=0.011]
  Mini-Benders[3]: LB stagnated, break
  α-step: Z₀=21.868206, α=[0.000,0.000,1.374,0.000,0.000,0.000,0.000,0.000,0.000,0.000,0.000,0.000,2.993,1.265,0.000,0.000,0.000,1.560,0.000,0.000,0.000,0.000,0.000,0.000,0.000,0.000,0.000,0.000,0.000,0.000,0.000,0.000,0.493,2.259,0.000,0.000]
  Alt-Benders[1] (mw): LB=13.096807, Z₀(α*)=18.127114, intercept=-59.481825 (0.144s) [OMP=0.119 ISP-L=0.003 ISP-F=0.010 MW-L=0.007 MW-F=0.006]
  Alt-Benders[2] (mw): LB=13.237278, Z₀(α*)=17.649328, intercept=-49.226987 (0.166s) [OMP=0.142 ISP-L=0.003 ISP-F=0.010 MW-L=0.008 MW-F=0.006]
  Alt-Benders[3] (mw): LB=13.419544, Z₀(α*)=-14.350783, intercept=-32.458485 (0.167s) [OMP=0.133 ISP-L=0.004 ISP-F=0.009 MW-L=0.013 MW-F=0.007]
  Alt-Benders[4] (mw): LB=13.419544, Z₀(α*)=-14.350783, intercept=-32.458485 (0.135s) [OMP=0.101 ISP-L=0.004 ISP-F=0.009 MW-L=0.007 MW-F=0.007]
  Alt-Benders[5] (mw): LB=13.419544, Z₀(α*)=-14.350783, intercept=-32.458485 (0.119s) [OMP=0.104 ISP-L=0.004 ISP-F=0.009 MW-L=0.007 MW-F=0.007]
  OMP re-solve: 0.104s

=== True-DRO Benders iter 16 ===
  OMP: t₀=13.419544, UB=17.047545, gap=2.13e-01, x=[0, 0, 0, 0, 0, 0, 0, 0, 0, 0, 0, 0, 0, 0, 0, 0, 0, 0, 0, 0, 0, 0, 0, 0, 0, 0, 0, 0, 0, 0, 1, 0, 1, 0, 0, 0] (0.000s)
  Sub: Z₀=20.965147 [LOCAL] (0.2s), α=[0.000,0.000,2.038,0.000,0.000,0.000,0.000,0.000,0.000,0.000,0.000,0.000,0.000,0.000,0.000,0.000,0.000,0.000,0.000,0.000,0.000,0.000,0.000,0.000,0.000,0.000,0.000,0.000,0.000,0.000,0.000,0.000,5.964,1.943,0.000,0.000]
  Iter 16: LB=13.419544  UB=17.047545  gap=2.13e-01
  Cut: intercept=-1160.516131, π_x_range=[-823.1102, 595.6196]
  Mini-Benders[1] (mw): LB=13.447471, Z₀(α*)=21.202487, intercept=-49.328943 (0.151s) [OMP=0.125 ISP-L=0.003 ISP-F=0.009 MW-L=0.007 MW-F=0.007]
  Mini-Benders[2] (mw): LB=13.510969, Z₀(α*)=-1.763213, intercept=-106.323535 (0.119s) [OMP=0.103 ISP-L=0.003 ISP-F=0.009 MW-L=0.006 MW-F=0.006]
  Mini-Benders[3] (mw): LB=13.510969, Z₀(α*)=-1.763213, intercept=-106.323535 (0.169s) [OMP=0.138 ISP-L=0.003 ISP-F=0.009 MW-L=0.012 MW-F=0.006]
  Mini-Benders[4] (mw): LB=13.510969, Z₀(α*)=-1.763213, intercept=-106.323535 (0.167s) [OMP=0.140 ISP-L=0.003 ISP-F=0.009 MW-L=0.006 MW-F=0.006]
  Mini-Benders[5]: LB stagnated, break
  α-step: Z₀=20.690391, α=[0.000,0.000,2.237,0.000,0.000,0.000,0.000,0.000,0.000,0.000,0.000,0.000,0.000,0.000,0.000,0.000,0.000,0.000,0.000,0.000,0.000,1.775,4.597,0.000,0.000,0.000,0.000,0.000,0.000,0.000,0.000,0.000,1.336,0.000,0.000,0.000]
  Alt-Benders[1] (mw): LB=13.642796, Z₀(α*)=-29.579787, intercept=-56.343564 (0.124s) [OMP=0.105 ISP-L=0.004 ISP-F=0.009 MW-L=0.007 MW-F=0.011]
  Alt-Benders[2] (mw): LB=13.642796, Z₀(α*)=-29.579787, intercept=-56.343564 (0.135s) [OMP=0.096 ISP-L=0.004 ISP-F=0.009 MW-L=0.007 MW-F=0.007]
  Alt-Benders[3] (mw): LB=13.642796, Z₀(α*)=-29.579787, intercept=-56.343564 (0.122s) [OMP=0.096 ISP-L=0.004 ISP-F=0.009 MW-L=0.007 MW-F=0.007]
  Alt-Benders[4]: LB stagnated, break
  OMP re-solve: 0.000s

=== True-DRO Benders iter 17 ===
  OMP: t₀=13.642796, UB=17.047545, gap=2.00e-01, x=[0, 0, 0, 0, 0, 0, 0, 0, 0, 0, 0, 0, 0, 0, 0, 0, 0, 0, 0, 0, 0, 0, 0, 0, 0, 0, 0, 0, 1, 0, 0, 0, 0, 1, 0, 0] (0.000s)
  Sub: Z₀=21.764137 [LOCAL] (0.2s), α=[0.000,0.000,2.725,0.000,0.000,0.000,0.000,0.000,0.000,0.000,0.000,0.000,0.000,0.000,0.000,0.000,0.000,0.000,0.000,0.000,0.000,0.000,0.000,0.000,0.000,0.000,0.000,0.000,0.000,0.000,0.000,0.000,0.000,7.220,0.000,0.000]
  Iter 17: LB=13.642796  UB=17.047545  gap=2.00e-01
  Cut: intercept=-1131.525022, π_x_range=[-823.1808, 582.9948]
  Mini-Benders[1] (mw): LB=13.843235, Z₀(α*)=3.471819, intercept=-41.644428 (0.151s) [OMP=0.128 ISP-L=0.004 ISP-F=0.010 MW-L=0.007 MW-F=0.006]
  Mini-Benders[2] (mw): LB=13.843235, Z₀(α*)=3.471819, intercept=-41.644428 (0.135s) [OMP=0.102 ISP-L=0.003 ISP-F=0.009 MW-L=0.007 MW-F=0.006]
  Mini-Benders[3] (mw): LB=13.843235, Z₀(α*)=3.471819, intercept=-41.644428 (0.122s) [OMP=0.102 ISP-L=0.003 ISP-F=0.010 MW-L=0.007 MW-F=0.006]
  Mini-Benders[4]: LB stagnated, break
  α-step: Z₀=23.328475, α=[0.000,0.000,4.171,0.000,0.000,0.000,0.000,0.000,0.000,0.000,0.000,0.000,0.000,0.671,0.000,0.000,0.000,0.000,0.000,0.000,0.000,0.000,1.815,0.000,0.000,0.000,0.000,0.000,0.000,0.000,0.000,0.000,0.764,2.523,0.000,0.000]
  Alt-Benders[1] (mw): LB=14.318869, Z₀(α*)=-12.663153, intercept=-31.033269 (0.148s) [OMP=0.132 ISP-L=0.004 ISP-F=0.008 MW-L=0.006 MW-F=0.007]
  Alt-Benders[2] (mw): LB=14.318869, Z₀(α*)=-12.663153, intercept=-31.033269 (0.120s) [OMP=0.099 ISP-L=0.004 ISP-F=0.008 MW-L=0.006 MW-F=0.006]
  Alt-Benders[3] (mw): LB=14.318869, Z₀(α*)=-12.663153, intercept=-31.033269 (0.138s) [OMP=0.100 ISP-L=0.004 ISP-F=0.008 MW-L=0.011 MW-F=0.006]
  Alt-Benders[4]: LB stagnated, break
  OMP re-solve: 0.000s

=== True-DRO Benders iter 18 ===
  OMP: t₀=14.318869, UB=17.047545, gap=1.60e-01, x=[0, 0, 0, 0, 1, 1, 0, 0, 0, 0, 0, 0, 0, 0, 0, 0, 0, 0, 0, 0, 0, 0, 0, 0, 0, 0, 0, 0, 0, 0, 0, 0, 0, 0, 0, 0] (0.000s)
  Sub: Z₀=21.074464 [LOCAL] (0.2s), α=[0.000,0.000,1.533,0.000,0.000,5.466,0.000,0.000,0.000,0.000,0.000,0.000,0.000,0.846,0.000,0.000,0.000,0.229,0.000,0.000,0.000,0.000,0.000,0.000,0.000,0.000,0.000,0.000,0.000,0.048,0.242,0.000,0.053,1.527,0.000,0.000]
  Iter 18: LB=14.318869  UB=17.047545  gap=1.60e-01
  Cut: intercept=-1087.448665, π_x_range=[-818.2963, 555.5059]
  Mini-Benders[1] (mw): LB=14.622305, Z₀(α*)=-9.681889, intercept=-115.791537 (0.151s) [OMP=0.119 ISP-L=0.003 ISP-F=0.010 MW-L=0.007 MW-F=0.007]
  Mini-Benders[2] (mw): LB=14.622305, Z₀(α*)=-9.681889, intercept=-115.791537 (0.137s) [OMP=0.097 ISP-L=0.003 ISP-F=0.010 MW-L=0.011 MW-F=0.007]
  Mini-Benders[3] (mw): LB=14.622305, Z₀(α*)=-9.681889, intercept=-115.791537 (0.120s) [OMP=0.097 ISP-L=0.003 ISP-F=0.010 MW-L=0.007 MW-F=0.007]
  Mini-Benders[4]: LB stagnated, break
  α-step: Z₀=22.964434, α=[0.000,0.000,4.523,0.000,0.000,0.000,0.000,0.000,0.000,0.000,0.000,0.000,0.000,0.000,0.000,0.000,0.000,0.000,0.000,0.000,0.000,0.000,2.310,0.000,0.000,0.000,0.000,0.000,0.000,0.000,0.000,0.000,1.229,1.883,0.000,0.000]
  Alt-Benders[1] (mw): LB=14.706668, Z₀(α*)=-7.582740, intercept=-29.791097 (0.163s) [OMP=0.132 ISP-L=0.004 ISP-F=0.010 MW-L=0.007 MW-F=0.011]
  Alt-Benders[2] (mw): LB=14.706668, Z₀(α*)=-7.582740, intercept=-29.791097 (0.119s) [OMP=0.096 ISP-L=0.004 ISP-F=0.010 MW-L=0.008 MW-F=0.006]
  Alt-Benders[3] (mw): LB=14.706668, Z₀(α*)=-7.582740, intercept=-29.791097 (0.122s) [OMP=0.097 ISP-L=0.004 ISP-F=0.010 MW-L=0.007 MW-F=0.006]
  Alt-Benders[4]: LB stagnated, break
  OMP re-solve: 0.000s

=== True-DRO Benders iter 19 ===
  OMP: t₀=14.706668, UB=17.047545, gap=1.37e-01, x=[0, 0, 0, 0, 0, 0, 1, 0, 0, 0, 0, 0, 0, 0, 0, 0, 0, 0, 0, 0, 0, 0, 0, 0, 0, 0, 0, 0, 0, 0, 0, 0, 1, 0, 0, 0] (0.000s)
  Sub: Z₀=21.378541 [LOCAL] (0.2s), α=[0.000,0.000,2.169,0.000,0.000,0.000,0.000,0.000,0.000,0.000,0.000,0.000,0.000,0.000,0.000,0.000,0.000,0.000,0.000,0.000,0.000,0.000,0.000,0.000,0.000,0.000,0.000,0.000,0.000,0.000,0.000,0.000,5.113,2.662,0.000,0.000]
  Iter 19: LB=14.706668  UB=17.047545  gap=1.37e-01
  Cut: intercept=-1152.135601, π_x_range=[-825.2372, 587.4721]
  Mini-Benders[1] (mw): LB=14.831125, Z₀(α*)=6.603885, intercept=-37.767643 (0.167s) [OMP=0.130 ISP-L=0.003 ISP-F=0.009 MW-L=0.007 MW-F=0.007]
  Mini-Benders[2] (mw): LB=14.831125, Z₀(α*)=6.603885, intercept=-37.767643 (0.119s) [OMP=0.099 ISP-L=0.004 ISP-F=0.009 MW-L=0.007 MW-F=0.006]
  Mini-Benders[3] (mw): LB=14.831125, Z₀(α*)=6.603885, intercept=-37.767643 (0.122s) [OMP=0.098 ISP-L=0.003 ISP-F=0.009 MW-L=0.007 MW-F=0.006]
  Mini-Benders[4]: LB stagnated, break
  α-step: Z₀=20.874670, α=[0.000,0.000,1.120,0.000,0.000,0.000,0.000,0.000,0.000,0.000,0.000,0.000,0.000,0.000,0.000,0.000,0.000,0.096,0.000,0.000,0.000,0.000,0.000,0.000,0.000,0.000,0.000,0.000,0.000,0.000,0.000,0.000,1.229,7.499,0.000,0.000]
  Alt-Benders[1] (mw): LB=15.673557, Z₀(α*)=9.758204, intercept=-88.061182 (0.151s) [OMP=0.128 ISP-L=0.003 ISP-F=0.009 MW-L=0.007 MW-F=0.006]
  Alt-Benders[2] (mw): LB=15.673557, Z₀(α*)=9.758204, intercept=-88.061182 (0.120s) [OMP=0.102 ISP-L=0.003 ISP-F=0.010 MW-L=0.007 MW-F=0.006]
  Alt-Benders[3] (mw): LB=15.673557, Z₀(α*)=9.758204, intercept=-88.061182 (0.135s) [OMP=0.102 ISP-L=0.003 ISP-F=0.010 MW-L=0.012 MW-F=0.006]
  Alt-Benders[4]: LB stagnated, break
  OMP re-solve: 0.000s

=== True-DRO Benders iter 20 ===
  OMP: t₀=15.673557, UB=17.047545, gap=8.06e-02, x=[0, 0, 0, 0, 0, 0, 0, 0, 0, 0, 0, 0, 1, 0, 0, 0, 0, 0, 0, 0, 0, 0, 0, 0, 0, 0, 0, 0, 1, 0, 0, 0, 0, 0, 0, 0] (0.000s)
  Sub: Z₀=22.616643 (0.6s), α=[0.000,0.000,3.376,0.000,0.000,0.000,0.000,0.000,0.000,0.000,0.000,0.000,1.757,0.333,0.000,0.000,0.000,0.000,0.000,0.000,0.000,0.000,0.000,0.000,0.000,0.000,0.000,0.000,0.000,0.000,0.000,0.000,0.000,4.478,0.000,0.000]
  Iter 20: LB=15.673557  UB=17.047545  gap=8.06e-02
  Cut: intercept=-119.638440, π_x_range=[-239.1838, 76.3647]
  Sherali-Cut: intercept=-86.030727, π_x_range=[-72.3657, 76.3647]
  Mini-Benders[1] (mw): LB=15.801379, Z₀(α*)=6.392584, intercept=-43.742320 (0.157s) [OMP=0.125 ISP-L=0.003 ISP-F=0.010 MW-L=0.007 MW-F=0.007]
  Mini-Benders[2] (mw): LB=15.801379, Z₀(α*)=6.392584, intercept=-43.742320 (0.135s) [OMP=0.108 ISP-L=0.003 ISP-F=0.009 MW-L=0.007 MW-F=0.007]
  Mini-Benders[3] (mw): LB=15.801379, Z₀(α*)=6.392584, intercept=-43.742320 (0.138s) [OMP=0.107 ISP-L=0.003 ISP-F=0.009 MW-L=0.011 MW-F=0.007]
  Mini-Benders[4]: LB stagnated, break
  α-step: Z₀=22.995430, α=[0.000,0.000,4.182,0.000,0.000,0.000,0.000,0.000,0.000,0.000,0.000,0.000,0.000,0.000,0.000,0.000,0.000,0.000,0.000,0.000,0.000,0.000,2.481,0.000,0.000,0.000,0.000,0.000,0.000,0.000,0.000,0.000,0.000,3.282,0.000,0.000]
  Alt-Benders[1] (mw): LB=15.920516, Z₀(α*)=17.047733, intercept=-36.989720 (0.150s) [OMP=0.135 ISP-L=0.004 ISP-F=0.009 MW-L=0.007 MW-F=0.006]
  Alt-Benders[2] (mw): LB=15.978276, Z₀(α*)=11.979541, intercept=-13.829739 (0.166s) [OMP=0.133 ISP-L=0.003 ISP-F=0.010 MW-L=0.007 MW-F=0.011]
  Alt-Benders[3] (mw): LB=15.978276, Z₀(α*)=11.979541, intercept=-13.829739 (0.136s) [OMP=0.106 ISP-L=0.003 ISP-F=0.010 MW-L=0.007 MW-F=0.006]
  Alt-Benders[4] (mw): LB=15.978276, Z₀(α*)=11.979541, intercept=-13.829739 (0.137s) [OMP=0.106 ISP-L=0.003 ISP-F=0.010 MW-L=0.007 MW-F=0.006]
  Alt-Benders[5]: LB stagnated, break
  OMP re-solve: 0.000s

=== True-DRO Benders iter 21 ===
  OMP: t₀=15.978276, UB=17.047545, gap=6.27e-02, x=[0, 0, 0, 0, 0, 0, 0, 0, 0, 0, 0, 0, 0, 0, 0, 1, 0, 0, 0, 0, 0, 0, 0, 0, 0, 0, 0, 0, 1, 0, 0, 0, 0, 0, 0, 0] (0.000s)
  Sub: Z₀=25.066022 [LOCAL] (0.2s), α=[0.000,0.000,5.422,0.000,0.000,0.000,0.000,0.000,0.000,0.000,0.000,0.000,0.000,0.000,0.000,0.000,0.000,0.000,0.000,0.000,0.000,0.000,0.000,0.000,0.000,0.000,0.000,0.000,0.000,0.000,0.000,0.000,0.364,4.158,0.000,0.000]
  Iter 21: LB=15.978276  UB=17.047545  gap=6.27e-02
  Cut: intercept=-1085.627126, π_x_range=[-822.7198, 564.4194]
  Mini-Benders[1] (mw): LB=15.990760, Z₀(α*)=11.624787, intercept=-41.001503 (0.167s) [OMP=0.142 ISP-L=0.003 ISP-F=0.009 MW-L=0.007 MW-F=0.006]
  Mini-Benders[2] (mw): LB=15.990760, Z₀(α*)=11.624787, intercept=-41.001503 (0.135s) [OMP=0.107 ISP-L=0.003 ISP-F=0.010 MW-L=0.007 MW-F=0.007]
  Mini-Benders[3] (mw): LB=15.990760, Z₀(α*)=11.624787, intercept=-41.001503 (0.135s) [OMP=0.106 ISP-L=0.003 ISP-F=0.009 MW-L=0.007 MW-F=0.007]
  Mini-Benders[4]: LB stagnated, break
  α-step: Z₀=21.699356, α=[0.000,0.000,4.182,0.000,0.000,0.000,0.000,0.000,0.000,0.000,0.000,0.000,0.000,0.681,0.000,0.000,0.000,0.000,0.000,0.000,0.000,0.000,1.799,0.000,0.000,0.000,0.000,0.000,0.000,0.000,0.000,0.000,1.910,1.372,0.000,0.000]
  Alt-Benders[1] (mw): LB=16.083994, Z₀(α*)=-18.968433, intercept=-41.796799 (0.150s) [OMP=0.134 ISP-L=0.004 ISP-F=0.008 MW-L=0.007 MW-F=0.007]
  Alt-Benders[2] (mw): LB=16.083994, Z₀(α*)=-18.968433, intercept=-41.796799 (0.136s) [OMP=0.103 ISP-L=0.004 ISP-F=0.008 MW-L=0.007 MW-F=0.007]
  Alt-Benders[3] (mw): LB=16.083994, Z₀(α*)=-18.968433, intercept=-41.796799 (0.135s) [OMP=0.102 ISP-L=0.004 ISP-F=0.008 MW-L=0.011 MW-F=0.007]
  Alt-Benders[4]: LB stagnated, break
  OMP re-solve: 0.000s

=== True-DRO Benders iter 22 ===
  OMP: t₀=16.083994, UB=17.047545, gap=5.65e-02, x=[0, 0, 0, 0, 0, 1, 0, 0, 0, 0, 0, 0, 0, 1, 0, 0, 0, 0, 0, 0, 0, 0, 0, 0, 0, 0, 0, 0, 0, 0, 0, 0, 0, 0, 0, 0] (0.000s)
  Sub: Z₀=20.342748 [LOCAL] (0.2s), α=[0.000,0.000,0.778,0.000,0.000,4.016,0.000,0.000,0.000,0.000,0.000,0.000,0.000,3.457,0.000,0.000,0.000,0.253,0.000,0.000,0.000,0.000,0.000,0.000,0.000,0.000,0.000,0.000,0.000,0.109,0.484,0.000,0.249,0.600,0.000,0.000]
  Iter 22: LB=16.083994  UB=17.047545  gap=5.65e-02
  Cut: intercept=-1121.393618, π_x_range=[-817.9985, 585.1320]
  Mini-Benders[1] (mw): LB=16.305916, Z₀(α*)=-7.872959, intercept=-82.736030 (0.166s) [OMP=0.139 ISP-L=0.004 ISP-F=0.009 MW-L=0.007 MW-F=0.008]
  Mini-Benders[2] (mw): LB=16.305916, Z₀(α*)=-7.872959, intercept=-82.736030 (0.151s) [OMP=0.123 ISP-L=0.004 ISP-F=0.009 MW-L=0.012 MW-F=0.008]
  Mini-Benders[3] (mw): LB=16.305916, Z₀(α*)=-7.872959, intercept=-82.736030 (0.151s) [OMP=0.125 ISP-L=0.004 ISP-F=0.009 MW-L=0.007 MW-F=0.008]
  Mini-Benders[4]: LB stagnated, break
  α-step: Z₀=15.822856, α=[0.000,0.000,0.000,0.000,0.000,1.260,0.000,0.000,0.000,0.000,0.000,0.000,0.000,3.125,0.000,0.000,0.000,0.000,0.000,0.000,0.000,0.000,0.000,0.000,0.000,0.000,0.000,0.000,0.000,0.000,0.000,0.000,3.722,1.837,0.000,0.000]
  Alt-Benders[1] (mw): LB=16.305916, Z₀(α*)=16.905648, intercept=-83.281549 (0.161s) [OMP=0.134 ISP-L=0.004 ISP-F=0.010 MW-L=0.006 MW-F=0.010]
  Alt-Benders[2] (mw): LB=16.422818, Z₀(α*)=-4.760642, intercept=-29.202302 (0.151s) [OMP=0.133 ISP-L=0.004 ISP-F=0.010 MW-L=0.008 MW-F=0.006]
  Alt-Benders[3] (mw): LB=16.422818, Z₀(α*)=-4.760642, intercept=-29.202302 (0.135s) [OMP=0.106 ISP-L=0.004 ISP-F=0.010 MW-L=0.008 MW-F=0.007]
  Alt-Benders[4] (mw): LB=16.422818, Z₀(α*)=-4.760642, intercept=-29.202302 (0.154s) [OMP=0.105 ISP-L=0.004 ISP-F=0.010 MW-L=0.008 MW-F=0.011]
  Alt-Benders[5]: LB stagnated, break
  OMP re-solve: 0.000s

=== True-DRO Benders iter 23 ===
  OMP: t₀=16.422818, UB=17.047545, gap=3.66e-02, x=[0, 0, 0, 0, 0, 0, 0, 0, 0, 0, 0, 0, 0, 0, 0, 0, 0, 0, 0, 0, 0, 0, 0, 0, 0, 0, 0, 0, 0, 0, 1, 0, 0, 1, 0, 0] (0.000s)
  Sub: Z₀=21.568130 [LOCAL] (0.2s), α=[0.000,0.000,1.696,0.000,0.000,0.000,0.000,0.000,0.000,0.000,0.000,0.000,0.000,0.000,0.000,0.000,0.000,0.000,0.000,0.000,0.000,0.000,0.000,0.000,0.000,0.000,0.000,0.000,0.000,0.000,0.000,0.000,0.007,8.241,0.000,0.000]
  Iter 23: LB=16.422818  UB=17.047545  gap=3.66e-02
  Cut: intercept=-1155.997272, π_x_range=[-823.2881, 597.1663]
  Mini-Benders[1] (mw): LB=16.540642, Z₀(α*)=6.665217, intercept=-149.868933 (0.151s) [OMP=0.121 ISP-L=0.004 ISP-F=0.008 MW-L=0.008 MW-F=0.006]
  Mini-Benders[2] (mw): LB=16.540642, Z₀(α*)=6.665217, intercept=-149.868933 (0.182s) [OMP=0.149 ISP-L=0.004 ISP-F=0.009 MW-L=0.008 MW-F=0.006]
  Mini-Benders[3] (mw): LB=16.540642, Z₀(α*)=6.665217, intercept=-149.868933 (0.182s) [OMP=0.148 ISP-L=0.004 ISP-F=0.009 MW-L=0.013 MW-F=0.006]
  Mini-Benders[4]: LB stagnated, break
  α-step: Z₀=16.222184, α=[0.000,0.000,0.000,0.000,0.000,0.000,0.000,0.000,0.000,0.000,0.000,0.000,1.534,1.365,0.000,0.000,0.000,0.000,0.000,0.000,0.000,0.000,0.000,0.000,0.000,0.000,0.000,0.000,0.000,0.000,0.000,0.000,0.000,7.045,0.000,0.000]
  Alt-Benders[1] (mw): LB=16.540642, Z₀(α*)=16.574431, intercept=-149.229192 (0.159s) [OMP=0.144 ISP-L=0.004 ISP-F=0.009 MW-L=0.007 MW-F=0.007]
  Alt-Benders[2] (mw): LB=16.554326, Z₀(α*)=3.798085, intercept=-47.658449 (0.166s) [OMP=0.127 ISP-L=0.003 ISP-F=0.009 MW-L=0.013 MW-F=0.006]
  Alt-Benders[3] (mw): LB=16.554326, Z₀(α*)=3.798085, intercept=-47.658449 (0.120s) [OMP=0.100 ISP-L=0.003 ISP-F=0.009 MW-L=0.008 MW-F=0.006]
  Alt-Benders[4] (mw): LB=16.554326, Z₀(α*)=3.798085, intercept=-47.658449 (0.137s) [OMP=0.102 ISP-L=0.003 ISP-F=0.009 MW-L=0.008 MW-F=0.006]
  Alt-Benders[5]: LB stagnated, break
  OMP re-solve: 0.000s

=== True-DRO Benders iter 24 ===
  OMP: t₀=16.554326, UB=17.047545, gap=2.89e-02, x=[0, 0, 0, 0, 0, 0, 0, 0, 0, 0, 0, 0, 0, 0, 0, 0, 0, 0, 0, 0, 0, 0, 0, 0, 0, 0, 0, 0, 0, 1, 0, 0, 1, 0, 0, 0] (0.000s)
  Sub: Z₀=21.370951 [LOCAL] (0.2s), α=[0.000,0.000,2.169,0.000,0.000,0.000,0.000,0.000,0.000,0.000,0.000,0.000,0.000,0.000,0.000,0.000,0.000,0.000,0.000,0.000,0.000,0.000,0.000,0.000,0.000,0.000,0.000,0.000,0.000,0.000,0.000,0.000,6.401,1.374,0.000,0.000]
  Iter 24: LB=16.554326  UB=17.047545  gap=2.89e-02
  Cut: intercept=-1162.901103, π_x_range=[-823.2842, 596.9972]
  Mini-Benders[1] (mw): LB=16.556281, Z₀(α*)=-15.199509, intercept=-96.630242 (0.135s) [OMP=0.106 ISP-L=0.003 ISP-F=0.008 MW-L=0.007 MW-F=0.006]
  Mini-Benders[2] (mw): LB=16.556281, Z₀(α*)=-15.199509, intercept=-96.630242 (0.119s) [OMP=0.106 ISP-L=0.003 ISP-F=0.008 MW-L=0.007 MW-F=0.006]
  Mini-Benders[3] (mw): LB=16.556281, Z₀(α*)=-15.199509, intercept=-96.630242 (0.136s) [OMP=0.105 ISP-L=0.003 ISP-F=0.008 MW-L=0.007 MW-F=0.011]
  Mini-Benders[4]: LB stagnated, break
  α-step: Z₀=19.884839, α=[0.000,0.000,0.918,0.000,0.000,0.000,0.000,0.000,0.000,0.000,0.000,0.000,0.000,0.000,0.000,0.000,0.000,4.145,0.000,0.000,0.000,0.000,0.000,0.000,0.000,0.000,0.000,0.000,0.000,0.000,0.000,0.000,0.000,4.881,0.000,0.000]
  Alt-Benders[1] (mw): LB=16.558048, Z₀(α*)=8.360951, intercept=-71.797441 (0.160s) [OMP=0.141 ISP-L=0.004 ISP-F=0.009 MW-L=0.008 MW-F=0.007]
  Alt-Benders[2] (mw): LB=16.558048, Z₀(α*)=8.360951, intercept=-71.797441 (0.151s) [OMP=0.111 ISP-L=0.004 ISP-F=0.008 MW-L=0.008 MW-F=0.011]
  Alt-Benders[3] (mw): LB=16.558048, Z₀(α*)=8.360951, intercept=-71.797441 (0.135s) [OMP=0.110 ISP-L=0.004 ISP-F=0.009 MW-L=0.008 MW-F=0.007]
  Alt-Benders[4]: LB stagnated, break
  OMP re-solve: 0.000s

=== True-DRO Benders iter 25 ===
  OMP: t₀=16.558048, UB=17.047545, gap=2.87e-02, x=[0, 0, 0, 0, 0, 1, 0, 0, 0, 0, 0, 0, 0, 0, 0, 0, 0, 0, 0, 0, 0, 0, 0, 0, 0, 0, 0, 0, 0, 0, 0, 0, 0, 1, 0, 0] (0.000s)
  Sub: Z₀=18.540070 [TIME_LIMIT] (15.1s), α=[0.000,0.000,0.000,0.000,0.000,2.458,0.000,0.000,0.000,0.000,0.000,0.000,0.000,0.987,0.000,0.000,0.000,0.000,0.000,0.000,0.000,0.000,0.000,0.000,0.000,0.000,0.000,0.000,0.000,0.146,0.525,0.000,0.455,5.373,0.000,0.000]
  Iter 25: LB=16.558048  UB=17.047545  gap=2.87e-02
  Cut: intercept=-73.456578, π_x_range=[-233.0000, 59.7126]
  Mini-Benders[1] (mw): LB=16.574429, Z₀(α*)=-13.527675, intercept=-151.564753 (0.198s) [OMP=0.180 ISP-L=0.004 ISP-F=0.009 MW-L=0.008 MW-F=0.007]
  Mini-Benders[2] (mw): LB=16.574429, Z₀(α*)=-13.527675, intercept=-151.564753 (0.229s) [OMP=0.182 ISP-L=0.004 ISP-F=0.009 MW-L=0.013 MW-F=0.007]
  Mini-Benders[3] (mw): LB=16.574429, Z₀(α*)=-13.527675, intercept=-151.564753 (0.213s) [OMP=0.184 ISP-L=0.004 ISP-F=0.009 MW-L=0.008 MW-F=0.007]
  Mini-Benders[4]: LB stagnated, break
  α-step: Z₀=16.222184, α=[0.000,0.000,0.000,0.000,0.000,0.000,0.000,0.000,0.000,0.000,0.000,0.000,1.534,1.365,0.000,0.000,0.000,0.000,0.000,0.000,0.000,0.000,0.000,0.000,0.000,0.000,0.000,0.000,0.000,0.000,0.000,0.000,0.000,7.045,0.000,0.000]
  Alt-Benders[1] (mw): LB=16.574429, Z₀(α*)=16.574431, intercept=-149.229192 (0.172s) [OMP=0.151 ISP-L=0.004 ISP-F=0.009 MW-L=0.012 MW-F=0.008]
  Alt-Benders[2] (mw): LB=16.574429, Z₀(α*)=16.574431, intercept=-149.229192 (0.182s) [OMP=0.144 ISP-L=0.004 ISP-F=0.010 MW-L=0.007 MW-F=0.007]
  Alt-Benders[3] (mw): LB=16.574429, Z₀(α*)=16.574431, intercept=-149.229192 (0.167s) [OMP=0.145 ISP-L=0.004 ISP-F=0.009 MW-L=0.007 MW-F=0.007]
  Alt-Benders[4]: LB stagnated, break
  OMP re-solve: 0.000s

=== True-DRO Benders iter 26 ===
  OMP: t₀=16.574429, UB=17.047545, gap=2.78e-02, x=[0, 0, 0, 0, 0, 0, 0, 0, 0, 0, 0, 0, 1, 0, 0, 0, 0, 0, 0, 0, 0, 0, 0, 0, 0, 0, 0, 0, 0, 0, 0, 0, 0, 1, 0, 0] (0.000s)
  Sub: Z₀=16.540642 [LOCAL] (0.2s), α=[0.000,0.000,0.000,0.000,0.000,0.000,0.000,0.000,0.000,0.000,0.000,0.000,1.802,0.157,0.000,0.000,0.000,0.000,0.000,0.000,0.000,0.000,0.000,0.000,0.000,0.000,0.000,0.000,0.000,0.000,0.000,0.000,0.000,7.985,0.000,0.000]
  Iter 26: LB=16.574429  UB=17.047545  gap=2.78e-02
  Cut: intercept=-1160.573183, π_x_range=[-819.2055, 593.2861]
  Mini-Benders[1] (mw): LB=16.574429, Z₀(α*)=16.574431, intercept=-149.229193 (0.166s) [OMP=0.147 ISP-L=0.004 ISP-F=0.009 MW-L=0.008 MW-F=0.007]
  Mini-Benders[2] (mw): LB=16.574429, Z₀(α*)=16.574431, intercept=-149.229193 (0.167s) [OMP=0.139 ISP-L=0.004 ISP-F=0.009 MW-L=0.008 MW-F=0.007]
  Mini-Benders[3]: LB stagnated, break
  α-step: Z₀=16.574431, α=[0.000,0.000,0.000,0.000,0.000,0.000,0.000,0.000,0.000,0.000,0.000,0.000,1.634,1.265,0.000,0.000,0.000,0.000,0.000,0.000,0.000,0.000,0.000,0.000,0.000,0.000,0.000,0.000,0.000,0.000,0.000,0.000,0.000,7.045,0.000,0.000]
  Alt-Benders[1] (mw): LB=16.574429, Z₀(α*)=16.574431, intercept=-149.229192 (0.169s) [OMP=0.144 ISP-L=0.004 ISP-F=0.009 MW-L=0.007 MW-F=0.007]
  Alt-Benders[2] (mw): LB=16.574429, Z₀(α*)=16.574431, intercept=-149.229192 (0.182s) [OMP=0.161 ISP-L=0.004 ISP-F=0.009 MW-L=0.007 MW-F=0.007]
  Alt-Benders[3]: LB stagnated, break
  OMP re-solve: 0.000s

=== True-DRO Benders iter 27 ===
  OMP: t₀=16.574429, UB=17.047545, gap=2.78e-02, x=[0, 0, 0, 0, 0, 0, 0, 0, 0, 0, 0, 0, 1, 0, 0, 0, 0, 0, 0, 0, 0, 0, 0, 0, 0, 0, 0, 0, 0, 0, 0, 0, 0, 1, 0, 0] (0.000s)
  Sub: Z₀=16.540642 [LOCAL] (0.2s), α=[0.000,0.000,0.000,0.000,0.000,0.000,0.000,0.000,0.000,0.000,0.000,0.000,1.802,0.157,0.000,0.000,0.000,0.000,0.000,0.000,0.000,0.000,0.000,0.000,0.000,0.000,0.000,0.000,0.000,0.000,0.000,0.000,0.000,7.985,0.000,0.000]
  Iter 27: LB=16.574429  UB=17.047545  gap=2.78e-02
  Cut: intercept=-1160.573183, π_x_range=[-819.2055, 593.2861]
  Mini-Benders[1] (mw): LB=16.574429, Z₀(α*)=16.574431, intercept=-149.229193 (0.198s) [OMP=0.156 ISP-L=0.004 ISP-F=0.009 MW-L=0.008 MW-F=0.007]
  Mini-Benders[2] (mw): LB=16.574429, Z₀(α*)=16.574431, intercept=-149.229193 (0.182s) [OMP=0.158 ISP-L=0.004 ISP-F=0.009 MW-L=0.008 MW-F=0.006]
  Mini-Benders[3]: LB stagnated, break
  α-step: Z₀=16.574431, α=[0.000,0.000,0.000,0.000,0.000,0.000,0.000,0.000,0.000,0.000,0.000,0.000,1.634,1.265,0.000,0.000,0.000,0.000,0.000,0.000,0.000,0.000,0.000,0.000,0.000,0.000,0.000,0.000,0.000,0.000,0.000,0.000,0.000,7.045,0.000,0.000]
  Alt-Benders[1] (mw): LB=16.574429, Z₀(α*)=16.574431, intercept=-149.229192 (0.180s) [OMP=0.159 ISP-L=0.004 ISP-F=0.009 MW-L=0.012 MW-F=0.007]
  Alt-Benders[2] (mw): LB=16.574429, Z₀(α*)=16.574431, intercept=-149.229192 (0.198s) [OMP=0.160 ISP-L=0.004 ISP-F=0.009 MW-L=0.007 MW-F=0.007]
  Alt-Benders[3]: LB stagnated, break
  OMP re-solve: 0.000s

=== True-DRO Benders iter 28 ===
  OMP: t₀=16.574429, UB=17.047545, gap=2.78e-02, x=[0, 0, 0, 0, 0, 0, 0, 0, 0, 0, 0, 0, 1, 0, 0, 0, 0, 0, 0, 0, 0, 0, 0, 0, 0, 0, 0, 0, 0, 0, 0, 0, 0, 1, 0, 0] (0.000s)
  Sub: Z₀=16.540642 [LOCAL] (0.2s), α=[0.000,0.000,0.000,0.000,0.000,0.000,0.000,0.000,0.000,0.000,0.000,0.000,1.802,0.157,0.000,0.000,0.000,0.000,0.000,0.000,0.000,0.000,0.000,0.000,0.000,0.000,0.000,0.000,0.000,0.000,0.000,0.000,0.000,7.985,0.000,0.000]
  Iter 28: LB=16.574429  UB=17.047545  gap=2.78e-02
  Cut: intercept=-1160.573183, π_x_range=[-819.2055, 593.2861]
  Mini-Benders[1] (mw): LB=16.574429, Z₀(α*)=16.574431, intercept=-149.229193 (0.182s) [OMP=0.158 ISP-L=0.004 ISP-F=0.009 MW-L=0.013 MW-F=0.007]
  Mini-Benders[2] (mw): LB=16.574429, Z₀(α*)=16.574431, intercept=-149.229193 (0.198s) [OMP=0.160 ISP-L=0.004 ISP-F=0.009 MW-L=0.008 MW-F=0.007]
  Mini-Benders[3]: LB stagnated, break
  α-step: Z₀=16.574431, α=[0.000,0.000,0.000,0.000,0.000,0.000,0.000,0.000,0.000,0.000,0.000,0.000,1.634,1.265,0.000,0.000,0.000,0.000,0.000,0.000,0.000,0.000,0.000,0.000,0.000,0.000,0.000,0.000,0.000,0.000,0.000,0.000,0.000,7.045,0.000,0.000]
  Alt-Benders[1] (mw): LB=16.574429, Z₀(α*)=16.574431, intercept=-149.229192 (0.184s) [OMP=0.160 ISP-L=0.004 ISP-F=0.009 MW-L=0.007 MW-F=0.012]
  Alt-Benders[2] (mw): LB=16.574429, Z₀(α*)=16.574431, intercept=-149.229192 (0.198s) [OMP=0.160 ISP-L=0.004 ISP-F=0.010 MW-L=0.007 MW-F=0.008]
  Alt-Benders[3]: LB stagnated, break
  OMP re-solve: 0.000s

=== True-DRO Benders iter 29 ===
  OMP: t₀=16.574429, UB=17.047545, gap=2.78e-02, x=[0, 0, 0, 0, 0, 0, 0, 0, 0, 0, 0, 0, 1, 0, 0, 0, 0, 0, 0, 0, 0, 0, 0, 0, 0, 0, 0, 0, 0, 0, 0, 0, 0, 1, 0, 0] (0.000s)
  Sub: Z₀=16.540642 [LOCAL] (0.2s), α=[0.000,0.000,0.000,0.000,0.000,0.000,0.000,0.000,0.000,0.000,0.000,0.000,1.802,0.157,0.000,0.000,0.000,0.000,0.000,0.000,0.000,0.000,0.000,0.000,0.000,0.000,0.000,0.000,0.000,0.000,0.000,0.000,0.000,7.985,0.000,0.000]
  Iter 29: LB=16.574429  UB=17.047545  gap=2.78e-02
  Cut: intercept=-1160.573183, π_x_range=[-819.2055, 593.2861]
  Mini-Benders[1] (mw): LB=16.574429, Z₀(α*)=16.574431, intercept=-149.229193 (0.182s) [OMP=0.159 ISP-L=0.004 ISP-F=0.009 MW-L=0.008 MW-F=0.011]
  Mini-Benders[2] (mw): LB=16.574429, Z₀(α*)=16.574431, intercept=-149.229193 (0.198s) [OMP=0.159 ISP-L=0.004 ISP-F=0.009 MW-L=0.008 MW-F=0.007]
  Mini-Benders[3]: LB stagnated, break
  α-step: Z₀=16.574431, α=[0.000,0.000,0.000,0.000,0.000,0.000,0.000,0.000,0.000,0.000,0.000,0.000,1.634,1.265,0.000,0.000,0.000,0.000,0.000,0.000,0.000,0.000,0.000,0.000,0.000,0.000,0.000,0.000,0.000,0.000,0.000,0.000,0.000,7.045,0.000,0.000]
  Alt-Benders[1] (mw): LB=16.574429, Z₀(α*)=16.574431, intercept=-149.229192 (0.173s) [OMP=0.160 ISP-L=0.004 ISP-F=0.009 MW-L=0.007 MW-F=0.007]
  Alt-Benders[2] (mw): LB=16.574429, Z₀(α*)=16.574431, intercept=-149.229192 (0.198s) [OMP=0.164 ISP-L=0.004 ISP-F=0.009 MW-L=0.011 MW-F=0.007]
  Alt-Benders[3]: LB stagnated, break
  OMP re-solve: 0.000s

=== True-DRO Benders iter 30 ===
  OMP: t₀=16.574429, UB=17.047545, gap=2.78e-02, x=[0, 0, 0, 0, 0, 0, 0, 0, 0, 0, 0, 0, 1, 0, 0, 0, 0, 0, 0, 0, 0, 0, 0, 0, 0, 0, 0, 0, 0, 0, 0, 0, 0, 1, 0, 0] (0.000s)
  Sub: Z₀=16.574431 (0.2s), α=[0.000,0.000,0.000,0.000,0.000,0.000,0.000,0.000,0.000,0.000,0.000,0.000,1.634,1.265,0.000,0.000,0.000,0.000,0.000,0.000,0.000,0.000,0.000,0.000,0.000,0.000,0.000,0.000,0.000,0.000,0.000,0.000,0.000,7.045,0.000,0.000]
  Iter 30: LB=16.574429  UB=16.574431  gap=1.20e-07
True-DRO Benders converged at iter 30 (gap=1.20e-07)
  Wall time: 63.46 sec
  OMP  time: mean=0.077s, median=0.092s, max=0.184s
  Sub  time (exact): mean=1.296s, median=0.993s, q90=2.593s, max=3.609s (n=5/30)

Result (single_l): Z₀=16.574431, iters=30, time=63.5s
x arcs = [13, 34]
