============================================================
polska — double: ε̂=0.50, ε̃=0.50, β=0.00
============================================================
Set parameter Username
Set parameter LicenseID to value 2742039
Academic license - for non-commercial use only - expires 2026-11-20
Set parameter Username
Set parameter LicenseID to value 2742039
Academic license - for non-commercial use only - expires 2026-11-20
Set parameter OutputFlag to value 1
Set parameter LogFile to value "global_miqcp.log"
Set parameter Username
Set parameter LicenseID to value 2742039
Academic license - for non-commercial use only - expires 2026-11-20
Set parameter Username
Set parameter LicenseID to value 2742039
Academic license - for non-commercial use only - expires 2026-11-20
Set parameter Username
Set parameter LicenseID to value 2742039
Academic license - for non-commercial use only - expires 2026-11-20
Set parameter Username
Set parameter LicenseID to value 2742039
Academic license - for non-commercial use only - expires 2026-11-20

=== True-DRO Benders iter 1 ===
  OMP: t₀=6.268929, UB=Inf, gap=NaN, x=[0, 0, 0, 0, 0, 0, 0, 0, 0, 0, 0, 0, 1, 0, 0, 0, 0, 0, 0, 0, 0, 0, 0, 0, 0, 0, 0, 0, 0, 0, 0, 0, 0, 1, 0, 0] (0.012s)
  Sub: Z₀=16.574429 [LOCAL] (0.1s), α=[0.000,0.000,0.000,0.000,0.000,0.000,0.000,0.000,0.000,0.000,0.000,0.000,1.803,0.158,0.000,0.000,0.000,0.000,0.000,0.000,0.000,0.000,0.000,0.000,0.000,0.000,0.000,0.000,0.000,0.000,0.000,0.000,0.000,7.984,0.000,0.000]
  Iter 1: LB=6.268929  UB=Inf  gap=NaN
  Cut: intercept=-1159.756091, π_x_range=[-818.7300, 593.1395]
  Mini-Benders[1] (mw): LB=9.544851, Z₀(α*)=18.171888, intercept=-63.124458 (0.078s) [OMP=0.029 ISP-L=0.006 ISP-F=0.014 MW-L=0.008 MW-F=0.014]
  Mini-Benders[2] (mw): LB=9.735199, Z₀(α*)=-18.666454, intercept=-46.386257 (0.080s) [OMP=0.049 ISP-L=0.003 ISP-F=0.010 MW-L=0.006 MW-F=0.011]
  Mini-Benders[3] (mw): LB=9.735199, Z₀(α*)=-18.666454, intercept=-46.386257 (0.083s) [OMP=0.042 ISP-L=0.003 ISP-F=0.010 MW-L=0.006 MW-F=0.020]
  Mini-Benders[4] (mw): LB=9.735199, Z₀(α*)=-18.666454, intercept=-46.386257 (0.073s) [OMP=0.041 ISP-L=0.003 ISP-F=0.010 MW-L=0.006 MW-F=0.011]
  Mini-Benders[5]: LB stagnated, break
Set parameter NonConvex to value 2
Set parameter DualReductions to value 0
  α-step: Z₀=18.058624, α=[0.000,0.000,2.323,0.000,0.000,0.000,0.000,0.000,0.000,0.000,0.000,0.000,0.000,0.000,0.000,0.000,0.000,2.740,0.000,0.000,0.000,0.000,0.000,0.000,0.000,0.000,0.000,0.000,0.000,0.000,0.000,0.000,4.248,0.634,0.000,0.000]
  Alt-Benders[1] (mw): LB=10.950919, Z₀(α*)=3.681684, intercept=-10.456619 (0.117s) [OMP=0.079 ISP-L=0.003 ISP-F=0.009 MW-L=0.007 MW-F=0.016]
  Alt-Benders[2] (mw): LB=10.950919, Z₀(α*)=3.681684, intercept=-10.456619 (0.104s) [OMP=0.080 ISP-L=0.003 ISP-F=0.009 MW-L=0.007 MW-F=0.010]
  Alt-Benders[3] (mw): LB=10.950919, Z₀(α*)=3.681684, intercept=-10.456619 (0.106s) [OMP=0.079 ISP-L=0.004 ISP-F=0.009 MW-L=0.007 MW-F=0.010]
  Alt-Benders[4]: LB stagnated, break
  OMP re-solve: 0.000s

=== True-DRO Benders iter 2 ===
  OMP: t₀=10.950919, UB=Inf, gap=NaN, x=[0, 0, 0, 0, 0, 0, 0, 0, 0, 0, 0, 0, 1, 1, 0, 0, 0, 0, 0, 0, 0, 0, 0, 0, 0, 0, 0, 0, 0, 0, 0, 0, 0, 0, 0, 0] (0.000s)
  Sub: Z₀=21.495854 [LOCAL] (0.2s), α=[0.000,0.000,2.121,0.000,0.000,0.000,0.000,0.000,0.000,0.000,0.000,0.000,0.901,1.862,0.000,0.000,0.000,0.048,0.000,0.000,0.000,0.000,0.000,0.000,0.000,0.000,0.000,0.000,0.000,0.000,0.000,0.000,0.000,5.013,0.000,0.000]
  Iter 2: LB=10.950919  UB=Inf  gap=NaN
  Cut: intercept=-1139.264317, π_x_range=[-818.9701, 588.6164]
  Mini-Benders[1] (mw): LB=11.035939, Z₀(α*)=19.288216, intercept=-45.976508 (0.119s) [OMP=0.078 ISP-L=0.004 ISP-F=0.010 MW-L=0.008 MW-F=0.009]
  Mini-Benders[2] (mw): LB=11.592142, Z₀(α*)=14.693243, intercept=-39.046743 (0.107s) [OMP=0.080 ISP-L=0.004 ISP-F=0.010 MW-L=0.008 MW-F=0.009]
  Mini-Benders[3] (mw): LB=11.656086, Z₀(α*)=18.759690, intercept=-33.573225 (0.119s) [OMP=0.087 ISP-L=0.003 ISP-F=0.010 MW-L=0.007 MW-F=0.012]
  Mini-Benders[4] (mw): LB=11.763232, Z₀(α*)=3.962452, intercept=-57.342857 (0.120s) [OMP=0.082 ISP-L=0.004 ISP-F=0.009 MW-L=0.013 MW-F=0.011]
  Mini-Benders[5] (mw): LB=11.763232, Z₀(α*)=3.962452, intercept=-57.342857 (0.119s) [OMP=0.075 ISP-L=0.004 ISP-F=0.010 MW-L=0.007 MW-F=0.011]
  α-step: Z₀=17.376323, α=[0.000,0.000,0.305,0.000,0.000,1.704,0.000,0.000,0.000,0.000,0.000,0.000,0.000,0.422,0.000,0.000,0.000,0.372,0.000,0.000,0.000,0.000,0.000,0.000,0.000,0.000,0.000,0.000,0.000,0.413,0.445,0.000,5.561,0.722,0.000,0.000]
  Alt-Benders[1] (mw): LB=11.781872, Z₀(α*)=3.795429, intercept=-8.439114 (0.122s) [OMP=0.090 ISP-L=0.004 ISP-F=0.010 MW-L=0.012 MW-F=0.008]
  Alt-Benders[2] (mw): LB=11.781872, Z₀(α*)=3.795429, intercept=-8.439114 (0.106s) [OMP=0.083 ISP-L=0.004 ISP-F=0.010 MW-L=0.007 MW-F=0.008]
  Alt-Benders[3] (mw): LB=11.781872, Z₀(α*)=3.795429, intercept=-8.439114 (0.122s) [OMP=0.084 ISP-L=0.004 ISP-F=0.010 MW-L=0.007 MW-F=0.008]
  Alt-Benders[4]: LB stagnated, break
  OMP re-solve: 0.000s

=== True-DRO Benders iter 3 ===
  OMP: t₀=11.781872, UB=Inf, gap=NaN, x=[0, 0, 0, 0, 0, 0, 0, 0, 0, 0, 0, 0, 0, 0, 1, 0, 0, 0, 0, 0, 0, 0, 0, 0, 0, 0, 0, 0, 0, 0, 0, 0, 0, 1, 0, 0] (0.000s)
  Sub: Z₀=21.568130 [LOCAL] (0.2s), α=[0.000,0.000,1.696,0.000,0.000,0.000,0.000,0.000,0.000,0.000,0.000,0.000,0.000,0.000,0.000,0.000,0.000,0.000,0.000,0.000,0.000,0.000,0.000,0.000,0.000,0.000,0.000,0.000,0.000,0.000,0.000,0.000,0.007,8.242,0.000,0.000]
  Iter 3: LB=11.781872  UB=Inf  gap=NaN
  Cut: intercept=-1135.198361, π_x_range=[-822.9411, 580.3526]
  Mini-Benders[1] (mw): LB=11.781872, Z₀(α*)=21.568132, intercept=-1.760688 (0.119s) [OMP=0.087 ISP-L=0.003 ISP-F=0.010 MW-L=0.007 MW-F=0.012]
  Mini-Benders[2] (mw): LB=11.781872, Z₀(α*)=16.171820, intercept=-50.288598 (0.120s) [OMP=0.083 ISP-L=0.003 ISP-F=0.010 MW-L=0.007 MW-F=0.016]
  Mini-Benders[3]: LB stagnated, break
  α-step: Z₀=18.494345, α=[0.000,0.000,0.000,0.000,0.000,0.000,0.000,0.000,0.000,0.000,0.000,0.000,0.000,0.000,0.000,0.000,0.000,2.875,0.000,0.000,0.000,0.000,0.000,0.000,0.000,0.000,0.000,0.000,0.000,0.000,0.000,0.000,0.381,6.689,0.000,0.000]
  Alt-Benders[1] (mw): LB=11.781872, Z₀(α*)=21.978911, intercept=-1.114175 (0.109s) [OMP=0.078 ISP-L=0.004 ISP-F=0.011 MW-L=0.007 MW-F=0.018]
  Alt-Benders[2] (mw): LB=11.781872, Z₀(α*)=20.887421, intercept=-13.705688 (0.137s) [OMP=0.097 ISP-L=0.003 ISP-F=0.010 MW-L=0.007 MW-F=0.009]
  Alt-Benders[3]: LB stagnated, break
  OMP re-solve: 0.000s

=== True-DRO Benders iter 4 ===
  OMP: t₀=11.781872, UB=Inf, gap=NaN, x=[0, 0, 0, 0, 0, 0, 0, 0, 0, 0, 0, 0, 0, 0, 0, 0, 0, 0, 0, 0, 0, 1, 0, 0, 0, 0, 0, 0, 0, 0, 0, 0, 0, 1, 0, 0] (0.000s)
  Sub: Z₀=21.296623 [LOCAL] (0.2s), α=[0.000,0.000,1.666,0.000,0.000,0.000,0.000,0.000,0.000,0.000,0.000,0.000,0.000,0.000,0.000,0.000,0.000,0.030,0.000,0.000,0.000,0.000,0.000,0.000,0.000,0.000,0.000,0.000,0.000,0.000,0.000,0.000,0.916,7.332,0.000,0.000]
  Iter 4: LB=11.781872  UB=Inf  gap=NaN
  Cut: intercept=-1129.180593, π_x_range=[-818.2793, 577.1939]
  Mini-Benders[1] (mw): LB=11.781872, Z₀(α*)=20.557861, intercept=-2.494201 (0.104s) [OMP=0.083 ISP-L=0.003 ISP-F=0.010 MW-L=0.012 MW-F=0.007]
  Mini-Benders[2] (mw): LB=11.908421, Z₀(α*)=17.868296, intercept=-69.996014 (0.138s) [OMP=0.100 ISP-L=0.003 ISP-F=0.011 MW-L=0.007 MW-F=0.011]
  Mini-Benders[3] (mw): LB=12.273291, Z₀(α*)=21.063989, intercept=-19.042032 (0.122s) [OMP=0.086 ISP-L=0.003 ISP-F=0.010 MW-L=0.008 MW-F=0.011]
  Mini-Benders[4] (mw): LB=12.381944, Z₀(α*)=16.671703, intercept=-32.456896 (0.119s) [OMP=0.086 ISP-L=0.003 ISP-F=0.011 MW-L=0.013 MW-F=0.010]
  Mini-Benders[5] (mw): LB=12.533151, Z₀(α*)=15.140113, intercept=-60.455341 (0.122s) [OMP=0.088 ISP-L=0.003 ISP-F=0.010 MW-L=0.006 MW-F=0.008]
  α-step: Z₀=16.758782, α=[0.000,0.000,0.819,0.000,0.000,0.000,0.000,0.000,0.000,0.000,0.000,0.000,0.000,0.000,0.000,0.000,0.000,0.000,0.000,0.000,0.000,0.000,0.000,0.000,0.000,0.000,0.000,0.000,0.000,0.000,0.000,0.000,6.630,2.495,0.000,0.000]
  Alt-Benders[1] (mw): LB=12.533151, Z₀(α*)=19.662586, intercept=-22.639119 (0.122s) [OMP=0.089 ISP-L=0.003 ISP-F=0.009 MW-L=0.006 MW-F=0.014]
  Alt-Benders[2] (mw): LB=12.533151, Z₀(α*)=20.030701, intercept=-22.251425 (0.122s) [OMP=0.084 ISP-L=0.004 ISP-F=0.010 MW-L=0.008 MW-F=0.012]
  Alt-Benders[3] (mw): LB=12.533151, Z₀(α*)=19.539250, intercept=-23.136211 (0.137s) [OMP=0.114 ISP-L=0.003 ISP-F=0.009 MW-L=0.006 MW-F=0.009]
  Alt-Benders[4]: LB stagnated, break
  OMP re-solve: 0.000s

=== True-DRO Benders iter 5 ===
  OMP: t₀=12.533151, UB=Inf, gap=NaN, x=[0, 0, 0, 0, 0, 0, 0, 0, 0, 0, 0, 0, 0, 0, 0, 0, 0, 0, 0, 0, 0, 0, 0, 0, 1, 0, 0, 0, 0, 0, 0, 0, 1, 0, 0, 0] (0.000s)
  Sub: Z₀=19.253085 [TIME_LIMIT] (15.3s), α=[0.000,0.000,0.000,0.000,0.000,0.000,0.000,0.000,0.000,0.000,0.000,0.000,0.000,1.682,0.000,0.000,0.000,2.749,0.000,0.000,0.000,0.000,0.000,0.000,0.330,0.000,0.000,5.183,0.000,0.000,0.000,0.000,0.000,0.000,0.000,0.000]
  Iter 5: LB=12.533151  UB=19.515315  gap=3.58e-01
  Cut: intercept=-74.724430, π_x_range=[-219.0000, 52.4654]
  Mini-Benders[1] (mw): LB=12.965403, Z₀(α*)=-18.627740, intercept=-31.936943 (0.120s) [OMP=0.095 ISP-L=0.004 ISP-F=0.010 MW-L=0.008 MW-F=0.009]
  Mini-Benders[2] (mw): LB=12.965403, Z₀(α*)=-18.627740, intercept=-31.936943 (0.119s) [OMP=0.092 ISP-L=0.004 ISP-F=0.009 MW-L=0.008 MW-F=0.009]
  Mini-Benders[3] (mw): LB=12.965403, Z₀(α*)=-18.627740, intercept=-31.936943 (0.138s) [OMP=0.093 ISP-L=0.004 ISP-F=0.009 MW-L=0.008 MW-F=0.009]
  Mini-Benders[4]: LB stagnated, break
  α-step: Z₀=22.696531, α=[0.000,0.000,2.605,0.000,0.000,0.000,0.000,0.000,0.000,0.000,0.000,0.000,1.820,1.079,0.000,0.000,0.000,0.771,0.000,0.000,0.000,0.000,0.000,0.000,0.000,0.000,0.000,0.000,0.000,0.000,0.000,0.000,0.000,3.669,0.000,0.000]
  Alt-Benders[1] (mw): LB=13.096807, Z₀(α*)=20.014610, intercept=-43.070234 (0.142s) [OMP=0.116 ISP-L=0.004 ISP-F=0.010 MW-L=0.006 MW-F=0.007]
  Alt-Benders[2] (mw): LB=13.096807, Z₀(α*)=18.266526, intercept=-87.405348 (0.120s) [OMP=0.089 ISP-L=0.004 ISP-F=0.009 MW-L=0.007 MW-F=0.009]
  Alt-Benders[3] (mw): LB=13.096807, Z₀(α*)=17.749539, intercept=-83.531170 (0.169s) [OMP=0.129 ISP-L=0.003 ISP-F=0.010 MW-L=0.013 MW-F=0.013]
  Alt-Benders[4]: LB stagnated, break
  OMP re-solve: 0.000s

=== True-DRO Benders iter 6 ===
  OMP: t₀=13.096807, UB=19.515315, gap=3.29e-01, x=[0, 0, 0, 0, 0, 0, 0, 0, 0, 0, 0, 0, 1, 0, 0, 0, 0, 0, 0, 0, 0, 1, 0, 0, 0, 0, 0, 0, 0, 0, 0, 0, 0, 0, 0, 0] (0.000s)
  Sub: Z₀=22.451764 [LOCAL] (0.2s), α=[0.000,0.000,1.425,0.000,0.000,0.000,0.000,0.000,0.000,0.000,0.000,0.000,3.248,0.658,0.000,0.000,0.000,1.951,0.000,0.000,0.000,0.000,0.000,0.000,0.000,0.000,0.000,0.000,0.000,0.000,0.000,0.000,0.000,2.663,0.000,0.000]
  Iter 6: LB=13.096807  UB=19.515315  gap=3.29e-01
  Cut: intercept=-1111.098726, π_x_range=[-817.6733, 576.4419]
  Mini-Benders[1] (mw): LB=13.096807, Z₀(α*)=17.704084, intercept=-68.051590 (0.167s) [OMP=0.126 ISP-L=0.003 ISP-F=0.010 MW-L=0.006 MW-F=0.007]
  Mini-Benders[2] (mw): LB=13.096807, Z₀(α*)=19.229949, intercept=-85.129075 (0.120s) [OMP=0.096 ISP-L=0.003 ISP-F=0.010 MW-L=0.006 MW-F=0.013]
  Mini-Benders[3]: LB stagnated, break
  α-step: Z₀=15.446914, α=[0.000,0.000,0.000,0.000,0.000,0.000,0.000,0.000,0.000,0.000,0.000,0.000,0.000,2.900,0.000,0.000,0.000,2.628,0.000,0.000,0.000,0.000,0.000,0.000,0.000,0.000,0.000,0.000,0.000,0.000,0.000,0.000,0.000,4.416,0.000,0.000]
  Alt-Benders[1] (mw): LB=13.096807, Z₀(α*)=19.511007, intercept=-36.016033 (0.127s) [OMP=0.102 ISP-L=0.003 ISP-F=0.010 MW-L=0.006 MW-F=0.006]
  Alt-Benders[2] (mw): LB=13.096807, Z₀(α*)=21.894522, intercept=-61.549040 (0.122s) [OMP=0.099 ISP-L=0.004 ISP-F=0.010 MW-L=0.007 MW-F=0.013]
  Alt-Benders[3] (mw): LB=13.510969, Z₀(α*)=7.502491, intercept=-43.258038 (0.122s) [OMP=0.092 ISP-L=0.004 ISP-F=0.011 MW-L=0.007 MW-F=0.009]
  Alt-Benders[4] (mw): LB=13.510969, Z₀(α*)=7.502491, intercept=-43.258038 (0.122s) [OMP=0.099 ISP-L=0.004 ISP-F=0.011 MW-L=0.007 MW-F=0.009]
  Alt-Benders[5] (mw): LB=13.510969, Z₀(α*)=7.502491, intercept=-43.258038 (0.137s) [OMP=0.099 ISP-L=0.004 ISP-F=0.011 MW-L=0.007 MW-F=0.009]
  OMP re-solve: 0.099s

=== True-DRO Benders iter 7 ===
  OMP: t₀=13.510969, UB=19.515315, gap=3.08e-01, x=[0, 0, 0, 0, 0, 0, 0, 0, 0, 0, 0, 0, 0, 0, 0, 0, 0, 0, 0, 0, 0, 1, 1, 0, 0, 0, 0, 0, 0, 0, 0, 0, 0, 0, 0, 0] (0.000s)
  Sub: Z₀=22.164279 [LOCAL] (0.2s), α=[0.000,0.000,2.237,0.000,0.000,0.000,0.000,0.000,0.000,0.000,0.000,0.000,0.000,0.000,0.000,0.000,0.000,0.000,0.000,0.000,0.000,1.775,4.597,0.000,0.000,0.000,0.000,0.000,0.000,0.000,0.000,0.000,1.336,0.000,0.000,0.000]
  Iter 7: LB=13.510969  UB=19.515315  gap=3.08e-01
  Cut: intercept=-1120.471028, π_x_range=[-821.9882, 576.2653]
  Mini-Benders[1] (mw): LB=13.843235, Z₀(α*)=16.279255, intercept=-31.506863 (0.135s) [OMP=0.104 ISP-L=0.003 ISP-F=0.011 MW-L=0.007 MW-F=0.010]
  Mini-Benders[2] (mw): LB=14.318869, Z₀(α*)=-4.026389, intercept=-23.623157 (0.122s) [OMP=0.098 ISP-L=0.004 ISP-F=0.010 MW-L=0.007 MW-F=0.008]
  Mini-Benders[3] (mw): LB=14.318869, Z₀(α*)=-4.026389, intercept=-23.623157 (0.137s) [OMP=0.098 ISP-L=0.004 ISP-F=0.010 MW-L=0.012 MW-F=0.008]
  Mini-Benders[4] (mw): LB=14.318869, Z₀(α*)=-4.026389, intercept=-23.623157 (0.120s) [OMP=0.099 ISP-L=0.004 ISP-F=0.010 MW-L=0.006 MW-F=0.008]
  Mini-Benders[5]: LB stagnated, break
  α-step: Z₀=19.708465, α=[0.000,0.000,0.000,0.000,0.000,0.000,0.000,0.000,0.000,0.000,0.000,0.000,0.000,0.000,0.000,0.000,0.000,5.422,0.000,0.000,0.000,0.000,0.000,0.000,0.000,0.000,0.000,0.000,0.000,0.000,0.000,0.000,0.748,3.774,0.000,0.000]
  Alt-Benders[1] (mw): LB=14.622305, Z₀(α*)=16.526280, intercept=10.576163 (0.157s) [OMP=0.123 ISP-L=0.003 ISP-F=0.010 MW-L=0.007 MW-F=0.015]
  Alt-Benders[2] (mw): LB=14.658668, Z₀(α*)=20.280477, intercept=-5.521049 (0.135s) [OMP=0.097 ISP-L=0.004 ISP-F=0.011 MW-L=0.008 MW-F=0.009]
  Alt-Benders[3] (mw): LB=14.693241, Z₀(α*)=19.531628, intercept=-5.421486 (0.122s) [OMP=0.093 ISP-L=0.004 ISP-F=0.011 MW-L=0.007 MW-F=0.011]
  Alt-Benders[4] (mw): LB=15.011042, Z₀(α*)=19.590732, intercept=-12.178366 (0.154s) [OMP=0.123 ISP-L=0.004 ISP-F=0.011 MW-L=0.007 MW-F=0.014]
  Alt-Benders[5] (mw): LB=15.140111, Z₀(α*)=14.880170, intercept=-41.017920 (0.166s) [OMP=0.126 ISP-L=0.003 ISP-F=0.009 MW-L=0.007 MW-F=0.016]
  OMP re-solve: 0.127s

=== True-DRO Benders iter 8 ===
  OMP: t₀=15.140111, UB=19.515315, gap=2.24e-01, x=[0, 0, 1, 0, 0, 0, 0, 0, 0, 0, 0, 0, 0, 0, 0, 0, 0, 0, 0, 0, 0, 0, 0, 0, 0, 0, 0, 0, 0, 0, 0, 0, 1, 0, 0, 0] (0.000s)
  Sub: Z₀=17.047542 [LOCAL] (0.2s), α=[0.000,0.000,6.382,0.000,0.000,0.000,0.000,0.000,0.000,0.000,0.000,0.000,0.000,0.000,0.000,0.000,0.000,0.000,0.000,0.000,0.000,0.000,0.000,0.000,0.000,0.000,0.000,0.000,0.000,0.000,0.000,0.000,3.246,0.316,0.000,0.000]
  Iter 8: LB=15.140111  UB=19.515315  gap=2.24e-01
  Cut: intercept=-1147.664025, π_x_range=[-822.3202, 587.1847]
  Mini-Benders[1] (mw): LB=15.243817, Z₀(α*)=10.670964, intercept=7.644375 (0.138s) [OMP=0.108 ISP-L=0.004 ISP-F=0.009 MW-L=0.007 MW-F=0.010]
  Mini-Benders[2] (mw): LB=15.243817, Z₀(α*)=10.670964, intercept=7.644375 (0.153s) [OMP=0.124 ISP-L=0.004 ISP-F=0.009 MW-L=0.012 MW-F=0.010]
  Mini-Benders[3] (mw): LB=15.243817, Z₀(α*)=10.670964, intercept=7.644375 (0.167s) [OMP=0.124 ISP-L=0.004 ISP-F=0.009 MW-L=0.007 MW-F=0.010]
  Mini-Benders[4]: LB stagnated, break
  α-step: Z₀=22.068351, α=[0.000,0.000,4.205,0.000,0.000,0.000,0.000,0.000,0.000,0.000,0.000,0.000,0.000,0.804,0.000,0.000,0.000,0.000,0.000,0.000,0.000,0.000,0.000,0.000,0.000,0.000,0.000,0.000,0.000,0.000,1.615,0.000,2.032,1.288,0.000,0.000]
  Alt-Benders[1] (mw): LB=15.446914, Z₀(α*)=2.039536, intercept=-78.547023 (0.162s) [OMP=0.125 ISP-L=0.004 ISP-F=0.010 MW-L=0.012 MW-F=0.010]
  Alt-Benders[2] (mw): LB=15.446914, Z₀(α*)=2.039536, intercept=-78.547023 (0.119s) [OMP=0.101 ISP-L=0.004 ISP-F=0.010 MW-L=0.007 MW-F=0.010]
  Alt-Benders[3] (mw): LB=15.446914, Z₀(α*)=2.039536, intercept=-78.547023 (0.135s) [OMP=0.102 ISP-L=0.004 ISP-F=0.010 MW-L=0.007 MW-F=0.010]
  Alt-Benders[4]: LB stagnated, break
  OMP re-solve: 0.000s

=== True-DRO Benders iter 9 ===
  OMP: t₀=15.446914, UB=19.515315, gap=2.08e-01, x=[0, 0, 0, 0, 0, 0, 0, 0, 0, 0, 0, 0, 1, 0, 0, 0, 0, 0, 0, 0, 0, 0, 0, 0, 1, 0, 0, 0, 0, 0, 0, 0, 0, 0, 0, 0] (0.000s)
  Sub: Z₀=21.525813 [LOCAL] (0.2s), α=[0.000,0.000,0.000,0.000,0.000,0.000,0.015,0.000,0.000,0.000,0.000,0.000,0.978,0.507,0.000,0.000,0.000,3.919,0.000,0.000,0.000,0.000,0.000,0.000,0.315,0.000,0.000,0.000,0.000,0.000,0.000,0.000,0.000,4.210,0.000,0.000]
  Iter 9: LB=15.446914  UB=19.515315  gap=2.08e-01
  Cut: intercept=-1090.379207, π_x_range=[-820.2949, 562.5495]
  Mini-Benders[1] (mw): LB=15.801379, Z₀(α*)=10.891305, intercept=-83.067985 (0.166s) [OMP=0.131 ISP-L=0.003 ISP-F=0.010 MW-L=0.007 MW-F=0.009]
  Mini-Benders[2] (mw): LB=15.801379, Z₀(α*)=10.891305, intercept=-83.067985 (0.151s) [OMP=0.127 ISP-L=0.003 ISP-F=0.010 MW-L=0.007 MW-F=0.009]
  Mini-Benders[3] (mw): LB=15.801379, Z₀(α*)=10.891305, intercept=-83.067985 (0.167s) [OMP=0.125 ISP-L=0.003 ISP-F=0.010 MW-L=0.006 MW-F=0.014]
  Mini-Benders[4]: LB stagnated, break
  α-step: Z₀=22.626813, α=[0.000,0.000,3.991,0.000,0.000,0.000,0.000,0.000,0.000,0.000,0.000,0.000,0.000,0.000,0.000,0.000,0.000,2.425,0.000,0.000,0.000,0.000,0.000,0.000,0.000,0.000,0.000,0.000,0.000,0.000,0.000,0.000,1.403,2.125,0.000,0.000]
  Alt-Benders[1] (mw): LB=15.920516, Z₀(α*)=13.880505, intercept=-11.025052 (0.151s) [OMP=0.129 ISP-L=0.003 ISP-F=0.011 MW-L=0.007 MW-F=0.012]
  Alt-Benders[2] (mw): LB=15.920516, Z₀(α*)=13.880505, intercept=-11.025052 (0.183s) [OMP=0.145 ISP-L=0.003 ISP-F=0.011 MW-L=0.007 MW-F=0.012]
  Alt-Benders[3] (mw): LB=15.920516, Z₀(α*)=13.880505, intercept=-11.025052 (0.182s) [OMP=0.143 ISP-L=0.003 ISP-F=0.011 MW-L=0.012 MW-F=0.012]
  Alt-Benders[4]: LB stagnated, break
  OMP re-solve: 0.000s

=== True-DRO Benders iter 10 ===
  OMP: t₀=15.920516, UB=19.515315, gap=1.84e-01, x=[0, 0, 0, 0, 0, 0, 0, 0, 0, 0, 0, 0, 0, 1, 0, 0, 0, 0, 0, 0, 0, 0, 1, 0, 0, 0, 0, 0, 0, 0, 0, 0, 0, 0, 0, 0] (0.000s)
  Sub: Z₀=23.279973 (6.7s), α=[0.000,0.000,3.792,0.000,0.000,2.423,0.000,0.000,0.000,0.000,0.000,0.000,0.000,2.283,0.000,0.000,0.000,0.000,0.000,0.000,0.000,0.000,1.446,0.000,0.000,0.000,0.000,0.000,0.000,0.000,0.000,0.000,0.000,0.000,0.000,0.000]
  Iter 10: LB=15.920516  UB=19.515315  gap=1.84e-01
  Cut: intercept=-43.574915, π_x_range=[-167.2224, 54.1891]
  Sherali-Cut: intercept=-26.782901, π_x_range=[-94.3157, 46.9976]
  Mini-Benders[1] (mw): LB=15.978276, Z₀(α*)=-7.502752, intercept=-13.482357 (0.167s) [OMP=0.134 ISP-L=0.004 ISP-F=0.010 MW-L=0.006 MW-F=0.010]
  Mini-Benders[2] (mw): LB=15.978276, Z₀(α*)=-7.502752, intercept=-13.482357 (0.151s) [OMP=0.122 ISP-L=0.003 ISP-F=0.010 MW-L=0.006 MW-F=0.010]
  Mini-Benders[3] (mw): LB=15.978276, Z₀(α*)=-7.502752, intercept=-13.482357 (0.151s) [OMP=0.118 ISP-L=0.003 ISP-F=0.010 MW-L=0.006 MW-F=0.014]
  Mini-Benders[4]: LB stagnated, break
  α-step: Z₀=25.833802, α=[0.000,0.000,6.940,0.000,0.000,0.000,0.000,0.000,0.000,0.000,0.000,0.000,0.000,0.000,0.000,0.000,0.000,0.000,0.000,0.000,0.000,0.000,0.000,0.000,0.000,0.000,0.000,0.000,0.000,0.229,0.000,0.000,0.793,1.982,0.000,0.000]
  Alt-Benders[1] (mw): LB=16.017512, Z₀(α*)=1.554434, intercept=2.979786 (0.164s) [OMP=0.134 ISP-L=0.004 ISP-F=0.010 MW-L=0.007 MW-F=0.010]
  Alt-Benders[2] (mw): LB=16.017512, Z₀(α*)=1.554434, intercept=2.979786 (0.182s) [OMP=0.149 ISP-L=0.004 ISP-F=0.010 MW-L=0.007 MW-F=0.015]
  Alt-Benders[3] (mw): LB=16.017512, Z₀(α*)=1.554434, intercept=2.979786 (0.182s) [OMP=0.147 ISP-L=0.004 ISP-F=0.010 MW-L=0.007 MW-F=0.010]
  Alt-Benders[4]: LB stagnated, break
  OMP re-solve: 0.000s

=== True-DRO Benders iter 11 ===
  OMP: t₀=16.017512, UB=19.515315, gap=1.79e-01, x=[0, 0, 0, 0, 0, 0, 0, 0, 0, 0, 0, 0, 0, 0, 0, 0, 0, 0, 0, 0, 0, 0, 0, 0, 0, 0, 0, 0, 0, 0, 1, 0, 0, 1, 0, 0] (0.000s)
  Sub: Z₀=21.568130 [LOCAL] (0.1s), α=[0.000,0.000,1.696,0.000,0.000,0.000,0.000,0.000,0.000,0.000,0.000,0.000,0.000,0.000,0.000,0.000,0.000,0.000,0.000,0.000,0.000,0.000,0.000,0.000,0.000,0.000,0.000,0.000,0.000,0.000,0.000,0.000,0.007,8.241,0.000,0.000]
  Iter 11: LB=16.017512  UB=19.515315  gap=1.79e-01
  Cut: intercept=-1156.113666, π_x_range=[-823.2259, 597.2576]
  Mini-Benders[1] (mw): LB=16.083994, Z₀(α*)=-5.757144, intercept=-29.586897 (0.151s) [OMP=0.131 ISP-L=0.003 ISP-F=0.011 MW-L=0.007 MW-F=0.012]
  Mini-Benders[2] (mw): LB=16.083994, Z₀(α*)=-5.757144, intercept=-29.586897 (0.182s) [OMP=0.143 ISP-L=0.003 ISP-F=0.010 MW-L=0.012 MW-F=0.012]
  Mini-Benders[3] (mw): LB=16.083994, Z₀(α*)=-5.757144, intercept=-29.586897 (0.166s) [OMP=0.142 ISP-L=0.003 ISP-F=0.011 MW-L=0.007 MW-F=0.012]
  Mini-Benders[4]: LB stagnated, break
  α-step: Z₀=19.354587, α=[0.000,0.000,0.000,0.000,0.000,0.000,0.000,0.000,0.000,0.000,0.000,0.000,0.000,0.000,0.000,0.000,0.000,5.063,0.000,0.000,0.000,0.000,0.000,0.000,0.000,0.000,0.000,0.000,0.000,0.000,0.000,0.000,3.129,1.753,0.000,0.000]
  Alt-Benders[1] (mw): LB=16.171818, Z₀(α*)=18.747456, intercept=-21.699805 (0.175s) [OMP=0.142 ISP-L=0.003 ISP-F=0.009 MW-L=0.013 MW-F=0.008]
  Alt-Benders[2] (mw): LB=16.423343, Z₀(α*)=16.549440, intercept=-3.712238 (0.167s) [OMP=0.132 ISP-L=0.004 ISP-F=0.012 MW-L=0.008 MW-F=0.012]
  Alt-Benders[3] (mw): LB=16.526278, Z₀(α*)=21.599274, intercept=9.955232 (0.150s) [OMP=0.128 ISP-L=0.003 ISP-F=0.010 MW-L=0.007 MW-F=0.009]
  Alt-Benders[4] (mw): LB=16.549438, Z₀(α*)=16.549440, intercept=-3.712238 (0.182s) [OMP=0.136 ISP-L=0.004 ISP-F=0.012 MW-L=0.008 MW-F=0.018]
  Alt-Benders[5] (mw): LB=16.549438, Z₀(α*)=16.549440, intercept=-3.712238 (0.167s) [OMP=0.133 ISP-L=0.004 ISP-F=0.011 MW-L=0.007 MW-F=0.013]
  OMP re-solve: 0.131s

=== True-DRO Benders iter 12 ===
  OMP: t₀=16.549438, UB=19.515315, gap=1.52e-01, x=[0, 0, 0, 0, 0, 0, 1, 0, 0, 0, 0, 0, 0, 0, 0, 0, 0, 0, 0, 0, 0, 0, 0, 0, 0, 0, 0, 0, 0, 0, 0, 0, 1, 0, 0, 0] (0.000s)
  Sub: Z₀=21.395825 [LOCAL] (0.2s), α=[0.000,0.000,2.193,0.000,0.000,0.000,0.000,0.000,0.000,0.000,0.000,0.000,0.000,0.000,0.000,0.000,0.000,0.000,0.000,0.000,0.000,0.000,0.000,0.000,0.000,0.000,0.000,0.000,0.000,0.000,0.000,0.000,5.093,2.659,0.000,0.000]
  Iter 12: LB=16.549438  UB=19.515315  gap=1.52e-01
  Cut: intercept=-1156.377756, π_x_range=[-827.1022, 590.2051]
  Mini-Benders[1] (mw): LB=16.574429, Z₀(α*)=-9.892004, intercept=-70.998777 (0.167s) [OMP=0.133 ISP-L=0.004 ISP-F=0.010 MW-L=0.008 MW-F=0.016]
  Mini-Benders[2] (mw): LB=16.574429, Z₀(α*)=-9.892004, intercept=-70.998777 (0.151s) [OMP=0.123 ISP-L=0.004 ISP-F=0.010 MW-L=0.008 MW-F=0.011]
  Mini-Benders[3] (mw): LB=16.574429, Z₀(α*)=-9.892004, intercept=-70.998777 (0.166s) [OMP=0.132 ISP-L=0.004 ISP-F=0.010 MW-L=0.008 MW-F=0.011]
  Mini-Benders[4]: LB stagnated, break
  α-step: Z₀=18.247428, α=[0.000,0.000,0.000,0.000,0.000,0.000,0.000,0.000,0.000,0.000,0.000,0.000,0.000,0.000,0.000,0.000,0.000,5.063,0.000,0.000,0.000,0.000,0.000,0.000,0.000,0.000,0.000,0.000,0.000,0.000,0.000,0.000,0.000,4.881,0.000,0.000]
  Alt-Benders[1] (mw): LB=16.651563, Z₀(α*)=19.258443, intercept=-22.961166 (0.154s) [OMP=0.122 ISP-L=0.004 ISP-F=0.010 MW-L=0.012 MW-F=0.011]
  Alt-Benders[2] (mw): LB=16.671701, Z₀(α*)=21.799528, intercept=-13.993685 (0.167s) [OMP=0.130 ISP-L=0.004 ISP-F=0.010 MW-L=0.007 MW-F=0.016]
  Alt-Benders[3] (mw): LB=16.876266, Z₀(α*)=7.996064, intercept=-115.480480 (0.135s) [OMP=0.101 ISP-L=0.003 ISP-F=0.010 MW-L=0.008 MW-F=0.010]
  Alt-Benders[4] (mw): LB=16.876266, Z₀(α*)=7.996064, intercept=-115.480480 (0.153s) [OMP=0.122 ISP-L=0.003 ISP-F=0.010 MW-L=0.013 MW-F=0.010]
  Alt-Benders[5] (mw): LB=16.876266, Z₀(α*)=7.996064, intercept=-115.480480 (0.151s) [OMP=0.122 ISP-L=0.003 ISP-F=0.010 MW-L=0.008 MW-F=0.010]
  OMP re-solve: 0.124s

=== True-DRO Benders iter 13 ===
  OMP: t₀=16.876266, UB=19.515315, gap=1.35e-01, x=[0, 0, 1, 0, 0, 0, 0, 0, 0, 0, 0, 0, 0, 0, 0, 0, 0, 0, 0, 0, 0, 0, 1, 0, 0, 0, 0, 0, 0, 0, 0, 0, 0, 0, 0, 0] (0.000s)
  Sub: Z₀=20.539656 [LOCAL] (0.2s), α=[0.000,0.000,9.733,0.000,0.000,0.026,0.000,0.000,0.000,0.000,0.000,0.000,0.000,0.186,0.000,0.000,0.000,0.000,0.000,0.000,0.000,0.000,0.000,0.000,0.000,0.000,0.000,0.000,0.000,0.000,0.000,0.000,0.000,0.000,0.000,0.000]
  Iter 13: LB=16.876266  UB=19.515315  gap=1.35e-01
  Cut: intercept=-1122.690615, π_x_range=[-821.5781, 574.8952]
  Mini-Benders[1] (mw): LB=16.886266, Z₀(α*)=20.081527, intercept=-70.469763 (0.135s) [OMP=0.100 ISP-L=0.004 ISP-F=0.010 MW-L=0.007 MW-F=0.014]
  Mini-Benders[2] (mw): LB=16.886266, Z₀(α*)=-6.117497, intercept=-90.859493 (0.153s) [OMP=0.115 ISP-L=0.003 ISP-F=0.011 MW-L=0.008 MW-F=0.013]
  Mini-Benders[3] (mw): LB=16.886266, Z₀(α*)=-6.117497, intercept=-90.859493 (0.169s) [OMP=0.132 ISP-L=0.003 ISP-F=0.011 MW-L=0.008 MW-F=0.013]
  Mini-Benders[4]: LB stagnated, break
  α-step: Z₀=20.417830, α=[0.000,0.000,0.000,0.000,0.000,0.000,0.330,0.000,0.000,0.000,0.000,0.000,0.000,1.409,0.000,0.000,0.000,3.173,0.000,0.000,0.000,0.000,2.042,0.000,0.000,0.000,0.000,0.000,0.000,0.000,0.000,0.000,2.991,0.000,0.000,0.000]
  Alt-Benders[1] (mw): LB=16.886266, Z₀(α*)=21.418991, intercept=-25.080541 (0.152s) [OMP=0.128 ISP-L=0.003 ISP-F=0.011 MW-L=0.012 MW-F=0.008]
  Alt-Benders[2] (mw): LB=17.023065, Z₀(α*)=-0.174723, intercept=-1.048044 (0.150s) [OMP=0.120 ISP-L=0.004 ISP-F=0.010 MW-L=0.007 MW-F=0.011]
  Alt-Benders[3] (mw): LB=17.023065, Z₀(α*)=-0.174723, intercept=-1.048044 (0.150s) [OMP=0.124 ISP-L=0.004 ISP-F=0.010 MW-L=0.006 MW-F=0.011]
  Alt-Benders[4] (mw): LB=17.023065, Z₀(α*)=-0.174723, intercept=-1.048044 (0.167s) [OMP=0.125 ISP-L=0.003 ISP-F=0.010 MW-L=0.011 MW-F=0.011]
  Alt-Benders[5]: LB stagnated, break
  OMP re-solve: 0.000s

=== True-DRO Benders iter 14 ===
  OMP: t₀=17.023065, UB=19.515315, gap=1.28e-01, x=[0, 0, 0, 0, 0, 0, 0, 0, 0, 0, 0, 0, 0, 0, 0, 0, 0, 0, 0, 0, 0, 0, 0, 0, 0, 0, 0, 1, 0, 0, 0, 0, 0, 1, 0, 0] (0.000s)
  Sub: Z₀=21.879175 [LOCAL] (0.1s), α=[0.000,0.000,2.920,0.000,0.000,0.000,0.000,0.000,0.000,0.000,0.000,0.000,0.000,0.000,0.000,0.000,0.000,0.000,0.000,0.000,0.000,0.000,0.000,0.000,0.000,0.000,0.000,0.000,0.000,0.000,0.000,0.000,0.000,7.025,0.000,0.000]
  Iter 14: LB=17.023065  UB=19.515315  gap=1.28e-01
  Cut: intercept=-1142.932020, π_x_range=[-823.6099, 583.2136]
  Mini-Benders[1] (mw): LB=17.047542, Z₀(α*)=15.674561, intercept=-56.121791 (0.166s) [OMP=0.130 ISP-L=0.003 ISP-F=0.010 MW-L=0.007 MW-F=0.009]
  Mini-Benders[2] (mw): LB=17.047542, Z₀(α*)=15.674561, intercept=-56.121791 (0.166s) [OMP=0.131 ISP-L=0.003 ISP-F=0.010 MW-L=0.007 MW-F=0.014]
  Mini-Benders[3] (mw): LB=17.047542, Z₀(α*)=15.674561, intercept=-56.121791 (0.151s) [OMP=0.130 ISP-L=0.003 ISP-F=0.010 MW-L=0.007 MW-F=0.009]
  Mini-Benders[4]: LB stagnated, break
  α-step: Z₀=16.086064, α=[0.000,0.000,3.434,0.000,0.000,0.000,0.000,0.000,0.000,0.000,0.000,0.000,0.000,0.000,0.000,0.000,0.000,0.000,0.000,0.000,0.000,0.000,0.000,0.000,0.000,0.000,0.000,0.000,0.000,0.000,0.000,0.000,6.510,0.000,0.000,0.000]
  Alt-Benders[1] (mw): LB=17.047542, Z₀(α*)=16.086064, intercept=-56.430431 (0.155s) [OMP=0.128 ISP-L=0.003 ISP-F=0.009 MW-L=0.007 MW-F=0.015]
  Alt-Benders[2] (mw): LB=17.047542, Z₀(α*)=16.086064, intercept=-56.430431 (0.167s) [OMP=0.138 ISP-L=0.003 ISP-F=0.009 MW-L=0.007 MW-F=0.011]
  Alt-Benders[3] (mw): LB=17.047542, Z₀(α*)=16.086064, intercept=-56.430431 (0.166s) [OMP=0.139 ISP-L=0.003 ISP-F=0.009 MW-L=0.007 MW-F=0.011]
  Alt-Benders[4]: LB stagnated, break
  OMP re-solve: 0.000s

=== True-DRO Benders iter 15 ===
  OMP: t₀=17.047542, UB=19.515315, gap=1.26e-01, x=[0, 0, 1, 0, 0, 0, 0, 0, 0, 0, 0, 0, 0, 0, 0, 0, 0, 0, 0, 0, 0, 0, 0, 0, 0, 0, 0, 0, 0, 0, 0, 0, 1, 0, 0, 0] (0.000s)
  Sub: Z₀=18.957106 (2.6s), α=[0.000,0.000,9.733,0.000,0.000,0.047,0.000,0.000,0.000,0.000,0.000,0.000,0.000,0.010,0.000,0.000,0.000,0.000,0.000,0.000,0.000,0.000,0.000,0.000,0.000,0.000,0.000,0.000,0.000,0.078,0.076,0.000,0.000,0.000,0.000,0.000]
  Iter 15: LB=17.047542  UB=18.957106  gap=1.01e-01
  Cut: intercept=-41.357686, π_x_range=[-220.2595, 30.5495]
  Sherali-Cut: intercept=-22.958081, π_x_range=[-120.2627, 29.7602]
  Mini-Benders[1] (mw): LB=17.060712, Z₀(α*)=-12.938527, intercept=-24.434115 (0.166s) [OMP=0.142 ISP-L=0.004 ISP-F=0.010 MW-L=0.008 MW-F=0.010]
  Mini-Benders[2] (mw): LB=17.060712, Z₀(α*)=-12.938527, intercept=-24.434115 (0.182s) [OMP=0.140 ISP-L=0.004 ISP-F=0.010 MW-L=0.012 MW-F=0.010]
  Mini-Benders[3] (mw): LB=17.060712, Z₀(α*)=-12.938527, intercept=-24.434115 (0.167s) [OMP=0.140 ISP-L=0.004 ISP-F=0.010 MW-L=0.008 MW-F=0.010]
  Mini-Benders[4]: LB stagnated, break
  α-step: Z₀=19.604439, α=[0.000,0.000,0.000,0.000,0.000,0.000,0.000,0.000,0.000,0.000,0.000,0.000,0.000,0.000,0.000,0.000,0.000,5.422,0.000,0.000,0.000,0.000,0.000,0.000,0.000,0.000,0.000,0.000,0.000,0.000,0.000,0.000,0.748,3.774,0.000,0.000]
  Alt-Benders[1] (mw): LB=17.088090, Z₀(α*)=20.096419, intercept=-4.162314 (0.159s) [OMP=0.134 ISP-L=0.004 ISP-F=0.010 MW-L=0.012 MW-F=0.009]
  Alt-Benders[2] (mw): LB=17.088090, Z₀(α*)=18.319769, intercept=-31.531901 (0.167s) [OMP=0.125 ISP-L=0.003 ISP-F=0.009 MW-L=0.008 MW-F=0.016]
  Alt-Benders[3] (mw): LB=17.088090, Z₀(α*)=20.096419, intercept=-4.558331 (0.166s) [OMP=0.134 ISP-L=0.004 ISP-F=0.010 MW-L=0.007 MW-F=0.009]
  Alt-Benders[4]: LB stagnated, break
  OMP re-solve: 0.000s

=== True-DRO Benders iter 16 ===
  OMP: t₀=17.088090, UB=18.957106, gap=9.86e-02, x=[0, 0, 0, 0, 0, 1, 0, 0, 0, 1, 0, 0, 0, 0, 0, 0, 0, 0, 0, 0, 0, 0, 0, 0, 0, 0, 0, 0, 0, 0, 0, 0, 0, 0, 0, 0] (0.000s)
  Sub: Z₀=18.652689 [LOCAL] (0.2s), α=[0.000,0.000,0.182,0.000,0.000,3.433,0.000,0.000,0.000,5.812,0.000,0.000,0.000,0.517,0.000,0.000,0.000,0.000,0.000,0.000,0.000,0.000,0.000,0.000,0.000,0.000,0.000,0.000,0.000,0.000,0.000,0.000,0.000,0.000,0.000,0.000]
  Iter 16: LB=17.088090  UB=18.957106  gap=9.86e-02
  Cut: intercept=-1098.100730, π_x_range=[-818.8256, 562.1103]
  Mini-Benders[1] (mw): LB=17.088090, Z₀(α*)=-0.522107, intercept=-23.346069 (0.167s) [OMP=0.131 ISP-L=0.004 ISP-F=0.010 MW-L=0.007 MW-F=0.012]
  Mini-Benders[2] (mw): LB=17.088090, Z₀(α*)=-0.522107, intercept=-23.346069 (0.182s) [OMP=0.148 ISP-L=0.004 ISP-F=0.010 MW-L=0.007 MW-F=0.011]
  Mini-Benders[3]: LB stagnated, break
  α-step: Z₀=21.170286, α=[0.000,0.000,0.000,0.000,0.000,6.842,0.000,0.000,0.000,0.000,0.000,0.000,0.000,0.000,0.000,0.000,0.000,2.002,0.000,0.000,0.000,0.000,0.000,0.000,0.000,0.000,0.000,0.000,0.000,0.000,0.000,0.000,0.000,1.101,0.000,0.000]
  Alt-Benders[1] (mw): LB=17.088090, Z₀(α*)=18.951238, intercept=-50.337923 (0.161s) [OMP=0.130 ISP-L=0.004 ISP-F=0.010 MW-L=0.012 MW-F=0.008]
  Alt-Benders[2] (mw): LB=17.088090, Z₀(α*)=18.809358, intercept=-27.145741 (0.167s) [OMP=0.124 ISP-L=0.004 ISP-F=0.010 MW-L=0.007 MW-F=0.016]
  Alt-Benders[3]: LB stagnated, break
  OMP re-solve: 0.000s

=== True-DRO Benders iter 17 ===
  OMP: t₀=17.088090, UB=18.957106, gap=9.86e-02, x=[0, 0, 0, 0, 0, 1, 0, 0, 0, 0, 0, 0, 0, 0, 0, 0, 0, 0, 0, 0, 0, 0, 0, 0, 1, 0, 0, 0, 0, 0, 0, 0, 0, 0, 0, 0] (0.000s)
  Sub: Z₀=20.520367 [LOCAL] (0.2s), α=[0.000,0.000,0.000,0.000,0.000,3.568,0.024,0.000,0.000,0.000,0.000,0.000,0.000,2.317,0.000,0.000,0.000,2.280,0.000,0.000,0.000,0.000,0.000,0.000,0.520,0.000,0.000,0.000,0.000,0.279,0.957,0.000,0.000,0.000,0.000,0.000]
  Iter 17: LB=17.088090  UB=18.957106  gap=9.86e-02
  Cut: intercept=-1078.061414, π_x_range=[-817.6085, 554.9800]
  Mini-Benders[1] (mw): LB=17.088090, Z₀(α*)=15.908920, intercept=-32.647804 (0.182s) [OMP=0.138 ISP-L=0.003 ISP-F=0.010 MW-L=0.011 MW-F=0.010]
  Mini-Benders[2] (mw): LB=17.088090, Z₀(α*)=15.908920, intercept=-32.647804 (0.167s) [OMP=0.139 ISP-L=0.003 ISP-F=0.011 MW-L=0.007 MW-F=0.011]
  Mini-Benders[3]: LB stagnated, break
  α-step: Z₀=18.576134, α=[0.000,0.000,0.000,0.000,0.000,1.664,0.000,0.000,0.000,0.000,0.000,0.000,0.000,3.506,0.000,0.000,0.000,3.509,0.000,0.000,0.000,0.000,0.000,0.000,0.000,0.000,0.000,0.000,0.000,0.645,0.000,0.000,0.000,0.621,0.000,0.000]
  Alt-Benders[1] (mw): LB=17.088090, Z₀(α*)=15.739385, intercept=-20.583011 (0.169s) [OMP=0.140 ISP-L=0.004 ISP-F=0.010 MW-L=0.008 MW-F=0.017]
  Alt-Benders[2] (mw): LB=17.088090, Z₀(α*)=15.739385, intercept=-20.583011 (0.182s) [OMP=0.149 ISP-L=0.004 ISP-F=0.010 MW-L=0.008 MW-F=0.011]
  Alt-Benders[3]: LB stagnated, break
  OMP re-solve: 0.000s

=== True-DRO Benders iter 18 ===
  OMP: t₀=17.088090, UB=18.957106, gap=9.86e-02, x=[0, 0, 0, 0, 0, 1, 0, 0, 0, 0, 0, 0, 0, 0, 0, 0, 0, 0, 0, 0, 0, 1, 0, 0, 0, 0, 0, 0, 0, 0, 0, 0, 0, 0, 0, 0] (0.000s)
  Sub: Z₀=21.170284 [LOCAL] (0.2s), α=[0.000,0.000,1.299,0.000,0.000,4.006,0.000,0.000,0.000,0.000,0.000,0.000,0.000,1.358,0.000,0.000,0.000,0.703,0.000,0.000,0.000,0.000,0.000,0.000,0.000,0.000,0.000,0.000,0.000,0.351,1.128,0.000,1.033,0.068,0.000,0.000]
  Iter 18: LB=17.088090  UB=18.957106  gap=9.86e-02
  Cut: intercept=-1100.736203, π_x_range=[-817.9307, 566.9267]
  Mini-Benders[1] (mw): LB=17.088090, Z₀(α*)=21.170285, intercept=-19.822475 (0.166s) [OMP=0.133 ISP-L=0.004 ISP-F=0.010 MW-L=0.007 MW-F=0.015]
  Mini-Benders[2] (mw): LB=17.376322, Z₀(α*)=9.606422, intercept=-45.469250 (0.167s) [OMP=0.136 ISP-L=0.004 ISP-F=0.010 MW-L=0.007 MW-F=0.011]
  Mini-Benders[3] (mw): LB=17.376323, Z₀(α*)=9.606422, intercept=-45.469250 (0.182s) [OMP=0.145 ISP-L=0.004 ISP-F=0.010 MW-L=0.007 MW-F=0.010]
  Mini-Benders[4] (mw): LB=17.376323, Z₀(α*)=9.606422, intercept=-45.469250 (0.182s) [OMP=0.148 ISP-L=0.004 ISP-F=0.010 MW-L=0.007 MW-F=0.010]
  Mini-Benders[5]: LB stagnated, break
  α-step: Z₀=16.891148, α=[0.000,0.000,0.000,0.000,0.000,5.391,0.000,0.000,0.000,0.000,0.000,0.000,0.000,0.000,0.000,0.000,0.000,1.831,0.000,0.000,0.000,0.000,0.000,0.000,0.000,0.000,0.000,0.000,0.000,0.000,0.000,0.000,0.059,2.663,0.000,0.000]
  Alt-Benders[1] (mw): LB=17.376323, Z₀(α*)=16.891148, intercept=-45.259157 (0.161s) [OMP=0.125 ISP-L=0.004 ISP-F=0.010 MW-L=0.008 MW-F=0.017]
  Alt-Benders[2] (mw): LB=17.376323, Z₀(α*)=16.891148, intercept=-45.259157 (0.167s) [OMP=0.132 ISP-L=0.004 ISP-F=0.009 MW-L=0.007 MW-F=0.017]
  Alt-Benders[3] (mw): LB=17.376323, Z₀(α*)=16.891148, intercept=-45.259157 (0.182s) [OMP=0.136 ISP-L=0.004 ISP-F=0.009 MW-L=0.012 MW-F=0.017]
  Alt-Benders[4]: LB stagnated, break
  OMP re-solve: 0.000s

=== True-DRO Benders iter 19 ===
  OMP: t₀=17.376323, UB=18.957106, gap=8.34e-02, x=[0, 0, 0, 0, 0, 1, 0, 0, 0, 0, 0, 0, 0, 0, 0, 0, 0, 0, 0, 0, 0, 0, 0, 0, 0, 0, 0, 0, 0, 0, 0, 0, 1, 0, 0, 0] (0.000s)
  Sub: Z₀=17.141778 [LOCAL] (0.2s), α=[0.000,0.000,0.000,0.000,0.000,3.402,0.000,0.000,0.000,0.000,0.000,0.000,0.000,0.417,0.000,0.000,0.000,0.259,0.000,0.000,0.000,0.000,0.000,0.000,0.000,0.000,0.000,0.000,0.000,0.000,0.000,0.000,5.430,0.436,0.000,0.000]
  Iter 19: LB=17.376323  UB=18.957106  gap=8.34e-02
  Cut: intercept=-1114.330089, π_x_range=[-818.0308, 574.6564]
  Mini-Benders[1] (mw): LB=17.376323, Z₀(α*)=17.141780, intercept=-55.724487 (0.182s) [OMP=0.140 ISP-L=0.004 ISP-F=0.010 MW-L=0.006 MW-F=0.017]
  Mini-Benders[2] (mw): LB=17.376323, Z₀(α*)=17.141780, intercept=-55.724487 (0.166s) [OMP=0.116 ISP-L=0.004 ISP-F=0.010 MW-L=0.006 MW-F=0.022]
  Mini-Benders[3]: LB stagnated, break
  α-step: Z₀=17.141780, α=[0.000,0.000,0.000,0.000,0.000,2.127,0.000,0.000,0.000,0.000,0.000,0.000,0.000,1.691,0.000,0.000,0.000,0.259,0.000,0.000,0.000,0.000,0.000,0.000,0.000,0.000,0.000,0.000,0.000,0.000,0.000,0.000,3.203,2.663,0.000,0.000]
  Alt-Benders[1] (mw): LB=17.376323, Z₀(α*)=17.141780, intercept=-56.549936 (0.180s) [OMP=0.144 ISP-L=0.004 ISP-F=0.010 MW-L=0.007 MW-F=0.017]
  Alt-Benders[2] (mw): LB=17.376323, Z₀(α*)=17.141780, intercept=-56.549936 (0.167s) [OMP=0.126 ISP-L=0.004 ISP-F=0.010 MW-L=0.007 MW-F=0.021]
  Alt-Benders[3]: LB stagnated, break
  OMP re-solve: 0.000s

=== True-DRO Benders iter 20 ===
  OMP: t₀=17.376323, UB=18.957106, gap=8.34e-02, x=[0, 0, 0, 0, 0, 1, 0, 0, 0, 0, 0, 0, 0, 0, 0, 0, 0, 0, 0, 0, 0, 0, 0, 0, 0, 0, 0, 0, 0, 0, 0, 0, 1, 0, 0, 0] (0.000s)
  Sub: Z₀=17.627036 [TIME_LIMIT] (15.3s), α=[0.000,0.000,0.000,0.000,0.000,1.054,0.000,0.000,0.000,0.000,0.000,0.000,0.000,0.089,0.000,0.000,0.000,0.000,0.000,0.000,0.000,0.000,0.000,0.000,0.000,0.000,0.000,0.000,0.000,0.087,0.962,0.000,6.588,1.165,0.000,0.000]
  Iter 20: LB=17.376323  UB=18.021820  gap=3.58e-02
  Cut: intercept=-126.072246, π_x_range=[-277.0000, 94.9071]
  Mini-Benders[1] (mw): LB=17.384578, Z₀(α*)=8.491248, intercept=-23.492366 (0.135s) [OMP=0.114 ISP-L=0.003 ISP-F=0.010 MW-L=0.007 MW-F=0.010]
  Mini-Benders[2] (mw): LB=17.384578, Z₀(α*)=8.491248, intercept=-23.492366 (0.182s) [OMP=0.145 ISP-L=0.003 ISP-F=0.010 MW-L=0.007 MW-F=0.010]
  Mini-Benders[3] (mw): LB=17.384578, Z₀(α*)=8.491248, intercept=-23.492366 (0.182s) [OMP=0.142 ISP-L=0.003 ISP-F=0.010 MW-L=0.013 MW-F=0.010]
  Mini-Benders[4]: LB stagnated, break
  α-step: Z₀=21.308108, α=[0.000,0.000,2.038,0.000,0.000,0.000,0.000,0.000,0.000,0.000,0.000,0.000,0.000,0.000,0.000,0.000,0.000,0.000,0.000,0.000,0.000,0.000,0.000,0.000,0.000,0.000,0.000,0.000,0.000,0.000,0.000,0.000,5.369,2.538,0.000,0.000]
  Alt-Benders[1] (mw): LB=17.426026, Z₀(α*)=-14.053508, intercept=-11.536467 (0.177s) [OMP=0.157 ISP-L=0.003 ISP-F=0.010 MW-L=0.007 MW-F=0.010]
  Alt-Benders[2] (mw): LB=17.426026, Z₀(α*)=-14.053508, intercept=-11.536467 (0.198s) [OMP=0.150 ISP-L=0.003 ISP-F=0.010 MW-L=0.007 MW-F=0.015]
  Alt-Benders[3] (mw): LB=17.426026, Z₀(α*)=-14.053508, intercept=-11.536467 (0.182s) [OMP=0.149 ISP-L=0.003 ISP-F=0.010 MW-L=0.007 MW-F=0.010]
  Alt-Benders[4]: LB stagnated, break
  OMP re-solve: 0.000s

=== True-DRO Benders iter 21 ===
  OMP: t₀=17.426026, UB=18.021820, gap=3.31e-02, x=[0, 0, 1, 0, 0, 0, 0, 0, 0, 0, 0, 0, 0, 0, 0, 0, 0, 0, 0, 0, 0, 0, 0, 0, 0, 0, 0, 0, 1, 0, 0, 0, 0, 0, 0, 0] (0.000s)
  Sub: Z₀=21.674992 [LOCAL] (0.1s), α=[0.000,0.000,9.944,0.000,0.000,0.000,0.000,0.000,0.000,0.000,0.000,0.000,0.000,0.000,0.000,0.000,0.000,0.000,0.000,0.000,0.000,0.000,0.000,0.000,0.000,0.000,0.000,0.000,0.000,0.000,0.000,0.000,0.000,0.000,0.000,0.000]
  Iter 21: LB=17.426026  UB=18.021820  gap=3.31e-02
  Cut: intercept=-1139.607321, π_x_range=[-822.0655, 585.0618]
  Mini-Benders[1] (mw): LB=17.426026, Z₀(α*)=21.023336, intercept=-69.712791 (0.184s) [OMP=0.142 ISP-L=0.004 ISP-F=0.010 MW-L=0.006 MW-F=0.016]
  Mini-Benders[2] (mw): LB=17.627036, Z₀(α*)=-32.514160, intercept=-49.704512 (0.167s) [OMP=0.147 ISP-L=0.003 ISP-F=0.011 MW-L=0.006 MW-F=0.012]
  Mini-Benders[3] (mw): LB=17.627037, Z₀(α*)=-32.514160, intercept=-49.704512 (0.198s) [OMP=0.159 ISP-L=0.004 ISP-F=0.011 MW-L=0.008 MW-F=0.012]
  Mini-Benders[4] (mw): LB=17.627037, Z₀(α*)=-32.514160, intercept=-49.704512 (0.198s) [OMP=0.157 ISP-L=0.004 ISP-F=0.011 MW-L=0.008 MW-F=0.011]
  Mini-Benders[5]: LB stagnated, break
  α-step: Z₀=17.087115, α=[0.000,0.000,0.000,0.000,0.000,2.193,0.000,0.000,0.000,0.000,0.000,0.000,0.000,1.873,0.000,0.000,0.000,0.507,0.000,0.000,0.000,0.000,0.000,0.000,0.000,0.000,0.000,0.000,0.000,0.000,0.000,0.000,2.709,2.663,0.000,0.000]
  Alt-Benders[1] (mw): LB=17.627037, Z₀(α*)=17.087115, intercept=-41.653562 (0.169s) [OMP=0.125 ISP-L=0.004 ISP-F=0.010 MW-L=0.008 MW-F=0.016]
  Alt-Benders[2] (mw): LB=17.627037, Z₀(α*)=17.087115, intercept=-41.653562 (0.166s) [OMP=0.133 ISP-L=0.004 ISP-F=0.009 MW-L=0.008 MW-F=0.016]
  Alt-Benders[3] (mw): LB=17.627037, Z₀(α*)=17.087115, intercept=-41.653562 (0.182s) [OMP=0.131 ISP-L=0.004 ISP-F=0.010 MW-L=0.013 MW-F=0.016]
  Alt-Benders[4]: LB stagnated, break
  OMP re-solve: 0.000s

=== True-DRO Benders iter 22 ===
  OMP: t₀=17.627037, UB=18.021820, gap=2.19e-02, x=[0, 0, 0, 0, 0, 1, 0, 0, 0, 0, 0, 0, 0, 0, 0, 0, 0, 0, 0, 0, 0, 0, 0, 0, 0, 0, 0, 0, 0, 0, 0, 0, 1, 0, 0, 0] (0.000s)
  Sub: Z₀=17.141778 [LOCAL] (0.2s), α=[0.000,0.000,0.000,0.000,0.000,3.402,0.000,0.000,0.000,0.000,0.000,0.000,0.000,0.417,0.000,0.000,0.000,0.259,0.000,0.000,0.000,0.000,0.000,0.000,0.000,0.000,0.000,0.000,0.000,0.000,0.000,0.000,5.430,0.436,0.000,0.000]
  Iter 22: LB=17.627037  UB=18.021820  gap=2.19e-02
  Cut: intercept=-1114.330089, π_x_range=[-818.0308, 574.6564]
  Mini-Benders[1] (mw): LB=17.627037, Z₀(α*)=17.141780, intercept=-55.724487 (0.167s) [OMP=0.132 ISP-L=0.004 ISP-F=0.010 MW-L=0.006 MW-F=0.017]
  Mini-Benders[2] (mw): LB=17.627037, Z₀(α*)=17.141780, intercept=-55.724487 (0.182s) [OMP=0.132 ISP-L=0.004 ISP-F=0.010 MW-L=0.006 MW-F=0.022]
  Mini-Benders[3]: LB stagnated, break
  α-step: Z₀=17.141780, α=[0.000,0.000,0.000,0.000,0.000,2.127,0.000,0.000,0.000,0.000,0.000,0.000,0.000,1.691,0.000,0.000,0.000,0.259,0.000,0.000,0.000,0.000,0.000,0.000,0.000,0.000,0.000,0.000,0.000,0.000,0.000,0.000,3.203,2.663,0.000,0.000]
  Alt-Benders[1] (mw): LB=17.627037, Z₀(α*)=17.141780, intercept=-56.549936 (0.162s) [OMP=0.132 ISP-L=0.004 ISP-F=0.010 MW-L=0.007 MW-F=0.017]
  Alt-Benders[2] (mw): LB=17.627037, Z₀(α*)=17.141780, intercept=-56.549936 (0.183s) [OMP=0.132 ISP-L=0.004 ISP-F=0.010 MW-L=0.007 MW-F=0.022]
  Alt-Benders[3]: LB stagnated, break
  OMP re-solve: 0.000s

=== True-DRO Benders iter 23 ===
  OMP: t₀=17.627037, UB=18.021820, gap=2.19e-02, x=[0, 0, 0, 0, 0, 1, 0, 0, 0, 0, 0, 0, 0, 0, 0, 0, 0, 0, 0, 0, 0, 0, 0, 0, 0, 0, 0, 0, 0, 0, 0, 0, 1, 0, 0, 0] (0.000s)
  Sub: Z₀=17.141778 [LOCAL] (0.2s), α=[0.000,0.000,0.000,0.000,0.000,3.402,0.000,0.000,0.000,0.000,0.000,0.000,0.000,0.417,0.000,0.000,0.000,0.259,0.000,0.000,0.000,0.000,0.000,0.000,0.000,0.000,0.000,0.000,0.000,0.000,0.000,0.000,5.430,0.436,0.000,0.000]
  Iter 23: LB=17.627037  UB=18.021820  gap=2.19e-02
  Cut: intercept=-1114.330089, π_x_range=[-818.0308, 574.6564]
  Mini-Benders[1] (mw): LB=17.627037, Z₀(α*)=17.141780, intercept=-55.724487 (0.182s) [OMP=0.133 ISP-L=0.004 ISP-F=0.010 MW-L=0.006 MW-F=0.017]
  Mini-Benders[2] (mw): LB=17.627037, Z₀(α*)=17.141780, intercept=-55.724487 (0.167s) [OMP=0.130 ISP-L=0.004 ISP-F=0.010 MW-L=0.006 MW-F=0.017]
  Mini-Benders[3]: LB stagnated, break
  α-step: Z₀=17.141780, α=[0.000,0.000,0.000,0.000,0.000,2.127,0.000,0.000,0.000,0.000,0.000,0.000,0.000,1.691,0.000,0.000,0.000,0.259,0.000,0.000,0.000,0.000,0.000,0.000,0.000,0.000,0.000,0.000,0.000,0.000,0.000,0.000,3.203,2.663,0.000,0.000]
  Alt-Benders[1] (mw): LB=17.627037, Z₀(α*)=17.141780, intercept=-56.549936 (0.162s) [OMP=0.132 ISP-L=0.004 ISP-F=0.010 MW-L=0.007 MW-F=0.017]
  Alt-Benders[2] (mw): LB=17.627037, Z₀(α*)=17.141780, intercept=-56.549936 (0.166s) [OMP=0.132 ISP-L=0.004 ISP-F=0.010 MW-L=0.007 MW-F=0.017]
  Alt-Benders[3]: LB stagnated, break
  OMP re-solve: 0.000s

=== True-DRO Benders iter 24 ===
  OMP: t₀=17.627037, UB=18.021820, gap=2.19e-02, x=[0, 0, 0, 0, 0, 1, 0, 0, 0, 0, 0, 0, 0, 0, 0, 0, 0, 0, 0, 0, 0, 0, 0, 0, 0, 0, 0, 0, 0, 0, 0, 0, 1, 0, 0, 0] (0.000s)
  Sub: Z₀=17.141778 [LOCAL] (0.2s), α=[0.000,0.000,0.000,0.000,0.000,3.402,0.000,0.000,0.000,0.000,0.000,0.000,0.000,0.417,0.000,0.000,0.000,0.259,0.000,0.000,0.000,0.000,0.000,0.000,0.000,0.000,0.000,0.000,0.000,0.000,0.000,0.000,5.430,0.436,0.000,0.000]
  Iter 24: LB=17.627037  UB=18.021820  gap=2.19e-02
  Cut: intercept=-1114.330089, π_x_range=[-818.0308, 574.6564]
  Mini-Benders[1] (mw): LB=17.627037, Z₀(α*)=17.141780, intercept=-55.724487 (0.182s) [OMP=0.132 ISP-L=0.004 ISP-F=0.010 MW-L=0.006 MW-F=0.017]
  Mini-Benders[2] (mw): LB=17.627037, Z₀(α*)=17.141780, intercept=-55.724487 (0.166s) [OMP=0.132 ISP-L=0.004 ISP-F=0.010 MW-L=0.006 MW-F=0.017]
  Mini-Benders[3]: LB stagnated, break
  α-step: Z₀=17.141780, α=[0.000,0.000,0.000,0.000,0.000,2.127,0.000,0.000,0.000,0.000,0.000,0.000,0.000,1.691,0.000,0.000,0.000,0.259,0.000,0.000,0.000,0.000,0.000,0.000,0.000,0.000,0.000,0.000,0.000,0.000,0.000,0.000,3.203,2.663,0.000,0.000]
  Alt-Benders[1] (mw): LB=17.627037, Z₀(α*)=17.141780, intercept=-56.549936 (0.166s) [OMP=0.132 ISP-L=0.004 ISP-F=0.010 MW-L=0.007 MW-F=0.017]
  Alt-Benders[2] (mw): LB=17.627037, Z₀(α*)=17.141780, intercept=-56.549936 (0.183s) [OMP=0.131 ISP-L=0.004 ISP-F=0.010 MW-L=0.007 MW-F=0.017]
  Alt-Benders[3]: LB stagnated, break
  OMP re-solve: 0.000s

=== True-DRO Benders iter 25 ===
  OMP: t₀=17.627037, UB=18.021820, gap=2.19e-02, x=[0, 0, 0, 0, 0, 1, 0, 0, 0, 0, 0, 0, 0, 0, 0, 0, 0, 0, 0, 0, 0, 0, 0, 0, 0, 0, 0, 0, 0, 0, 0, 0, 1, 0, 0, 0] (0.000s)
  Sub: Z₀=17.627036 [TIME_LIMIT] (15.3s), α=[0.000,0.000,0.000,0.000,0.000,1.054,0.000,0.000,0.000,0.000,0.000,0.000,0.000,0.089,0.000,0.000,0.000,0.000,0.000,0.000,0.000,0.000,0.000,0.000,0.000,0.000,0.000,0.000,0.000,0.087,0.962,0.000,6.588,1.165,0.000,0.000]
  Iter 25: LB=17.627037  UB=18.021820  gap=2.19e-02
  Cut: intercept=-126.072246, π_x_range=[-277.0000, 94.9071]
  Mini-Benders[1] (mw): LB=17.627037, Z₀(α*)=17.627034, intercept=-53.124300 (0.167s) [OMP=0.129 ISP-L=0.004 ISP-F=0.010 MW-L=0.013 MW-F=0.007]
  Mini-Benders[2] (mw): LB=17.627032, Z₀(α*)=17.627034, intercept=-53.124300 (0.166s) [OMP=0.142 ISP-L=0.004 ISP-F=0.010 MW-L=0.007 MW-F=0.007]
  Mini-Benders[3]: LB stagnated, break
  α-step: Z₀=17.627034, α=[0.000,0.000,0.000,0.000,0.000,1.840,0.000,0.000,0.000,0.000,0.000,0.000,0.000,0.352,0.000,0.000,0.000,0.000,0.000,0.000,0.000,0.000,0.000,0.000,0.000,0.000,0.000,0.000,0.000,0.000,0.000,0.000,7.560,0.192,0.000,0.000]
  Alt-Benders[1] (mw): LB=17.627034, Z₀(α*)=17.627034, intercept=-53.124301 (0.189s) [OMP=0.163 ISP-L=0.004 ISP-F=0.011 MW-L=0.012 MW-F=0.007]
  Alt-Benders[2] (mw): LB=17.627034, Z₀(α*)=17.627034, intercept=-53.124301 (0.182s) [OMP=0.147 ISP-L=0.004 ISP-F=0.011 MW-L=0.007 MW-F=0.008]
  Alt-Benders[3]: LB stagnated, break
  OMP re-solve: 0.000s

=== True-DRO Benders iter 26 ===
  OMP: t₀=17.627034, UB=18.021820, gap=2.19e-02, x=[0, 0, 0, 0, 0, 1, 0, 0, 0, 0, 0, 0, 0, 0, 0, 0, 0, 0, 0, 0, 0, 0, 0, 0, 0, 0, 0, 0, 0, 0, 0, 0, 1, 0, 0, 0] (0.000s)
  Sub: Z₀=17.141778 [LOCAL] (0.2s), α=[0.000,0.000,0.000,0.000,0.000,3.402,0.000,0.000,0.000,0.000,0.000,0.000,0.000,0.417,0.000,0.000,0.000,0.259,0.000,0.000,0.000,0.000,0.000,0.000,0.000,0.000,0.000,0.000,0.000,0.000,0.000,0.000,5.430,0.436,0.000,0.000]
  Iter 26: LB=17.627034  UB=18.021820  gap=2.19e-02
  Cut: intercept=-1114.330089, π_x_range=[-818.0308, 574.6564]
  Mini-Benders[1] (mw): LB=17.627034, Z₀(α*)=17.141780, intercept=-55.724487 (0.198s) [OMP=0.148 ISP-L=0.004 ISP-F=0.010 MW-L=0.006 MW-F=0.022]
  Mini-Benders[2] (mw): LB=17.627034, Z₀(α*)=17.141780, intercept=-55.724487 (0.197s) [OMP=0.153 ISP-L=0.004 ISP-F=0.010 MW-L=0.006 MW-F=0.017]
  Mini-Benders[3]: LB stagnated, break
  α-step: Z₀=17.141780, α=[0.000,0.000,0.000,0.000,0.000,2.127,0.000,0.000,0.000,0.000,0.000,0.000,0.000,1.691,0.000,0.000,0.000,0.259,0.000,0.000,0.000,0.000,0.000,0.000,0.000,0.000,0.000,0.000,0.000,0.000,0.000,0.000,3.203,2.663,0.000,0.000]
  Alt-Benders[1] (mw): LB=17.627034, Z₀(α*)=17.141780, intercept=-56.549936 (0.196s) [OMP=0.151 ISP-L=0.004 ISP-F=0.010 MW-L=0.007 MW-F=0.021]
  Alt-Benders[2] (mw): LB=17.627034, Z₀(α*)=17.141780, intercept=-56.549936 (0.182s) [OMP=0.149 ISP-L=0.004 ISP-F=0.010 MW-L=0.007 MW-F=0.017]
  Alt-Benders[3]: LB stagnated, break
  OMP re-solve: 0.000s

=== True-DRO Benders iter 27 ===
  OMP: t₀=17.627034, UB=18.021820, gap=2.19e-02, x=[0, 0, 0, 0, 0, 1, 0, 0, 0, 0, 0, 0, 0, 0, 0, 0, 0, 0, 0, 0, 0, 0, 0, 0, 0, 0, 0, 0, 0, 0, 0, 0, 1, 0, 0, 0] (0.000s)
  Sub: Z₀=17.141778 [LOCAL] (0.2s), α=[0.000,0.000,0.000,0.000,0.000,3.402,0.000,0.000,0.000,0.000,0.000,0.000,0.000,0.417,0.000,0.000,0.000,0.259,0.000,0.000,0.000,0.000,0.000,0.000,0.000,0.000,0.000,0.000,0.000,0.000,0.000,0.000,5.430,0.436,0.000,0.000]
  Iter 27: LB=17.627034  UB=18.021820  gap=2.19e-02
  Cut: intercept=-1114.330089, π_x_range=[-818.0308, 574.6564]
  Mini-Benders[1] (mw): LB=17.627034, Z₀(α*)=17.141780, intercept=-55.724487 (0.185s) [OMP=0.147 ISP-L=0.004 ISP-F=0.010 MW-L=0.006 MW-F=0.017]
  Mini-Benders[2] (mw): LB=17.627034, Z₀(α*)=17.141780, intercept=-55.724487 (0.197s) [OMP=0.145 ISP-L=0.004 ISP-F=0.010 MW-L=0.011 MW-F=0.016]
  Mini-Benders[3]: LB stagnated, break
  α-step: Z₀=17.141780, α=[0.000,0.000,0.000,0.000,0.000,2.127,0.000,0.000,0.000,0.000,0.000,0.000,0.000,1.691,0.000,0.000,0.000,0.259,0.000,0.000,0.000,0.000,0.000,0.000,0.000,0.000,0.000,0.000,0.000,0.000,0.000,0.000,3.203,2.663,0.000,0.000]
  Alt-Benders[1] (mw): LB=17.627034, Z₀(α*)=17.141780, intercept=-56.549936 (0.182s) [OMP=0.148 ISP-L=0.004 ISP-F=0.010 MW-L=0.007 MW-F=0.017]
  Alt-Benders[2] (mw): LB=17.627034, Z₀(α*)=17.141780, intercept=-56.549936 (0.198s) [OMP=0.153 ISP-L=0.004 ISP-F=0.010 MW-L=0.007 MW-F=0.022]
  Alt-Benders[3]: LB stagnated, break
  OMP re-solve: 0.000s

=== True-DRO Benders iter 28 ===
  OMP: t₀=17.627034, UB=18.021820, gap=2.19e-02, x=[0, 0, 0, 0, 0, 1, 0, 0, 0, 0, 0, 0, 0, 0, 0, 0, 0, 0, 0, 0, 0, 0, 0, 0, 0, 0, 0, 0, 0, 0, 0, 0, 1, 0, 0, 0] (0.000s)
  Sub: Z₀=17.141778 [LOCAL] (0.2s), α=[0.000,0.000,0.000,0.000,0.000,3.402,0.000,0.000,0.000,0.000,0.000,0.000,0.000,0.417,0.000,0.000,0.000,0.259,0.000,0.000,0.000,0.000,0.000,0.000,0.000,0.000,0.000,0.000,0.000,0.000,0.000,0.000,5.430,0.436,0.000,0.000]
  Iter 28: LB=17.627034  UB=18.021820  gap=2.19e-02
  Cut: intercept=-1114.330089, π_x_range=[-818.0308, 574.6564]
  Mini-Benders[1] (mw): LB=17.627034, Z₀(α*)=17.141780, intercept=-55.724487 (0.182s) [OMP=0.155 ISP-L=0.004 ISP-F=0.010 MW-L=0.006 MW-F=0.017]
  Mini-Benders[2] (mw): LB=17.627034, Z₀(α*)=17.141780, intercept=-55.724487 (0.182s) [OMP=0.146 ISP-L=0.004 ISP-F=0.010 MW-L=0.006 MW-F=0.022]
  Mini-Benders[3]: LB stagnated, break
  α-step: Z₀=17.141780, α=[0.000,0.000,0.000,0.000,0.000,2.127,0.000,0.000,0.000,0.000,0.000,0.000,0.000,1.691,0.000,0.000,0.000,0.259,0.000,0.000,0.000,0.000,0.000,0.000,0.000,0.000,0.000,0.000,0.000,0.000,0.000,0.000,3.203,2.663,0.000,0.000]
  Alt-Benders[1] (mw): LB=17.627034, Z₀(α*)=17.141780, intercept=-56.549936 (0.197s) [OMP=0.156 ISP-L=0.004 ISP-F=0.010 MW-L=0.007 MW-F=0.018]
  Alt-Benders[2] (mw): LB=17.627034, Z₀(α*)=17.141780, intercept=-56.549936 (0.182s) [OMP=0.150 ISP-L=0.004 ISP-F=0.010 MW-L=0.007 MW-F=0.017]
  Alt-Benders[3]: LB stagnated, break
  OMP re-solve: 0.000s

=== True-DRO Benders iter 29 ===
  OMP: t₀=17.627034, UB=18.021820, gap=2.19e-02, x=[0, 0, 0, 0, 0, 1, 0, 0, 0, 0, 0, 0, 0, 0, 0, 0, 0, 0, 0, 0, 0, 0, 0, 0, 0, 0, 0, 0, 0, 0, 0, 0, 1, 0, 0, 0] (0.000s)
  Sub: Z₀=17.141778 [LOCAL] (0.2s), α=[0.000,0.000,0.000,0.000,0.000,3.402,0.000,0.000,0.000,0.000,0.000,0.000,0.000,0.417,0.000,0.000,0.000,0.259,0.000,0.000,0.000,0.000,0.000,0.000,0.000,0.000,0.000,0.000,0.000,0.000,0.000,0.000,5.430,0.436,0.000,0.000]
  Iter 29: LB=17.627034  UB=18.021820  gap=2.19e-02
  Cut: intercept=-1114.330089, π_x_range=[-818.0308, 574.6564]
  Mini-Benders[1] (mw): LB=17.627034, Z₀(α*)=17.141780, intercept=-55.724487 (0.182s) [OMP=0.145 ISP-L=0.004 ISP-F=0.010 MW-L=0.006 MW-F=0.017]
  Mini-Benders[2] (mw): LB=17.627034, Z₀(α*)=17.141780, intercept=-55.724487 (0.182s) [OMP=0.145 ISP-L=0.004 ISP-F=0.010 MW-L=0.006 MW-F=0.017]
  Mini-Benders[3]: LB stagnated, break
  α-step: Z₀=17.141780, α=[0.000,0.000,0.000,0.000,0.000,2.127,0.000,0.000,0.000,0.000,0.000,0.000,0.000,1.691,0.000,0.000,0.000,0.259,0.000,0.000,0.000,0.000,0.000,0.000,0.000,0.000,0.000,0.000,0.000,0.000,0.000,0.000,3.203,2.663,0.000,0.000]
  Alt-Benders[1] (mw): LB=17.627034, Z₀(α*)=17.141780, intercept=-56.549936 (0.190s) [OMP=0.151 ISP-L=0.004 ISP-F=0.010 MW-L=0.007 MW-F=0.018]
  Alt-Benders[2] (mw): LB=17.627034, Z₀(α*)=17.141780, intercept=-56.549936 (0.182s) [OMP=0.151 ISP-L=0.004 ISP-F=0.010 MW-L=0.007 MW-F=0.017]
  Alt-Benders[3]: LB stagnated, break
  OMP re-solve: 0.000s

=== True-DRO Benders iter 30 ===
  OMP: t₀=17.627034, UB=18.021820, gap=2.19e-02, x=[0, 0, 0, 0, 0, 1, 0, 0, 0, 0, 0, 0, 0, 0, 0, 0, 0, 0, 0, 0, 0, 0, 0, 0, 0, 0, 0, 0, 0, 0, 0, 0, 1, 0, 0, 0] (0.000s)
  → Boost: time limit 3600s + MIPGap=0.5% (same x + prev TIME_LIMIT)
  Sub: Z₀=17.627035 (7.4s), α=[0.000,0.000,0.000,0.000,0.000,1.637,0.000,0.000,0.000,0.000,0.000,0.000,0.000,0.555,0.000,0.000,0.000,0.000,0.000,0.000,0.000,0.000,0.000,0.000,0.000,0.000,0.000,0.000,0.000,0.000,0.000,0.000,4.408,3.345,0.000,0.000]
  Iter 30: LB=17.627034  UB=17.627035  gap=6.37e-08
True-DRO Benders converged at iter 30 (gap=6.37e-08)
  Wall time: 118.53 sec
  OMP  time: mean=0.090s, median=0.122s, max=0.163s
  Sub  time (exact): mean=5.569s, median=6.728s, q90=7.280s, max=7.418s (n=3/30)

Result (double): Z₀=17.627035, iters=30, time=118.6s
x arcs = [6, 33]
