============================================================
sioux_falls — nominal: ε̂=0.00, ε̃=0.00, β=0.00
============================================================
Set parameter Username
Set parameter LicenseID to value 2742039
Academic license - for non-commercial use only - expires 2026-11-20
Set parameter Username
Set parameter LicenseID to value 2742039
Academic license - for non-commercial use only - expires 2026-11-20
Set parameter OutputFlag to value 1
Set parameter LogFile to value "global_miqcp.log"
Set parameter Username
Set parameter LicenseID to value 2742039
Academic license - for non-commercial use only - expires 2026-11-20
Set parameter Username
Set parameter LicenseID to value 2742039
Academic license - for non-commercial use only - expires 2026-11-20
Set parameter Username
Set parameter LicenseID to value 2742039
Academic license - for non-commercial use only - expires 2026-11-20
Set parameter Username
Set parameter LicenseID to value 2742039
Academic license - for non-commercial use only - expires 2026-11-20

=== True-DRO Benders iter 1 ===
  OMP: t₀=4.381626, UB=Inf, gap=NaN, x=[0, 0, 0, 0, 0, 0, 0, 0, 0, 0, 0, 0, 0, 0, 0, 0, 0, 0, 0, 0, 0, 0, 0, 0, 0, 0, 0, 0, 0, 0, 0, 0, 0, 0, 1, 0, 0, 0, 0, 0, 0, 0, 0, 0, 0, 0, 0, 0, 0, 0, 0, 0, 0, 0, 0, 0, 0, 0, 0, 0, 0, 0, 0, 0, 0, 0, 0, 0, 0, 0, 0, 0, 1, 0, 0, 0] (0.041s)
  Sub: Z₀=13.563847 [LOCAL] (0.3s), α=[0.000,0.000,0.000,0.000,0.000,0.000,0.000,0.000,0.000,0.000,0.000,0.000,0.000,0.000,0.000,0.000,0.000,0.000,0.000,0.000,0.000,0.000,0.000,0.000,0.000,0.000,0.000,0.000,0.000,0.000,0.000,0.000,0.000,0.000,4.981,0.000,0.000,0.000,0.000,0.000,0.000,0.000,0.000,0.000,0.000,0.000,0.000,0.000,0.000,0.000,0.000,0.000,0.000,0.000,0.000,0.000,0.000,0.000,0.000,0.000,0.000,0.000,0.000,0.000,0.000,0.000,0.000,0.000,0.000,0.000,0.000,0.000,5.461,0.000,0.000,0.000]
  Iter 1: LB=4.381626  UB=Inf  gap=NaN
  Cut: intercept=-1168.202007, π_x_range=[-824.3923, 592.3730]
  Mini-Benders[1] (mw): LB=4.405663, Z₀(α*)=-56.237336, intercept=-160.213249 (0.198s) [OMP=0.106 ISP-L=0.011 ISP-F=0.031 MW-L=0.022 MW-F=0.026]
  Mini-Benders[2] (mw): LB=4.405663, Z₀(α*)=-56.237336, intercept=-160.213249 (0.151s) [OMP=0.077 ISP-L=0.006 ISP-F=0.023 MW-L=0.017 MW-F=0.022]
  Mini-Benders[3] (mw): LB=4.405663, Z₀(α*)=-56.237336, intercept=-160.213249 (0.151s) [OMP=0.075 ISP-L=0.006 ISP-F=0.023 MW-L=0.017 MW-F=0.022]
  Mini-Benders[4]: LB stagnated, break
Set parameter NonConvex to value 2
Set parameter DualReductions to value 0
  α-step: Z₀=12.954285, α=[0.000,0.000,0.000,0.000,0.000,0.000,0.000,0.000,0.000,0.000,0.000,0.000,0.000,0.000,0.000,0.000,0.000,0.000,0.000,0.000,0.000,0.000,0.000,0.000,0.000,0.000,0.000,0.000,0.000,0.000,0.000,0.000,0.000,0.000,0.000,0.000,0.000,0.000,0.000,0.000,0.000,0.000,0.000,0.000,0.000,0.000,0.000,0.000,0.000,0.000,0.031,0.000,0.000,0.082,0.000,0.024,0.000,0.000,0.000,0.000,0.000,0.000,0.000,0.000,0.000,0.000,0.000,0.000,0.000,0.000,0.000,10.305,0.000,0.000,0.000,0.000]
  Alt-Benders[1] (mw): LB=5.059815, Z₀(α*)=12.908583, intercept=-179.313978 (0.184s) [OMP=0.106 ISP-L=0.006 ISP-F=0.027 MW-L=0.020 MW-F=0.022]
  Alt-Benders[2] (mw): LB=6.168579, Z₀(α*)=-77.081556, intercept=-143.536623 (0.213s) [OMP=0.136 ISP-L=0.006 ISP-F=0.023 MW-L=0.018 MW-F=0.023]
  Alt-Benders[3] (mw): LB=6.168579, Z₀(α*)=-77.081556, intercept=-143.536623 (0.183s) [OMP=0.123 ISP-L=0.006 ISP-F=0.023 MW-L=0.017 MW-F=0.022]
  Alt-Benders[4] (mw): LB=6.168579, Z₀(α*)=-77.081556, intercept=-143.536623 (0.198s) [OMP=0.129 ISP-L=0.006 ISP-F=0.023 MW-L=0.018 MW-F=0.021]
  Alt-Benders[5]: LB stagnated, break
  OMP re-solve: 0.001s

=== True-DRO Benders iter 2 ===
  OMP: t₀=6.168579, UB=Inf, gap=NaN, x=[0, 0, 0, 0, 0, 0, 0, 0, 0, 0, 0, 0, 0, 0, 0, 0, 0, 0, 0, 0, 0, 0, 0, 0, 0, 0, 0, 0, 0, 0, 0, 0, 0, 0, 1, 0, 0, 0, 0, 0, 0, 0, 0, 0, 0, 0, 0, 0, 0, 0, 0, 0, 0, 1, 0, 0, 0, 0, 0, 0, 0, 0, 0, 0, 0, 0, 0, 0, 0, 0, 0, 0, 0, 0, 0, 0] (0.001s)
  Sub: Z₀=14.741200 [LOCAL] (0.3s), α=[0.000,0.000,0.000,0.000,0.000,0.000,0.000,0.000,0.000,0.000,0.000,0.000,0.000,0.000,0.000,0.000,0.000,0.000,0.000,0.000,0.000,0.000,0.000,0.000,0.000,0.000,0.000,0.000,0.000,0.000,0.000,0.000,0.000,0.000,10.443,0.000,0.000,0.000,0.000,0.000,0.000,0.000,0.000,0.000,0.000,0.000,0.000,0.000,0.000,0.000,0.000,0.000,0.000,0.000,0.000,0.000,0.000,0.000,0.000,0.000,0.000,0.000,0.000,0.000,0.000,0.000,0.000,0.000,0.000,0.000,0.000,0.000,0.000,0.000,0.000,0.000]
  Iter 2: LB=6.168579  UB=Inf  gap=NaN
  Cut: intercept=-1146.913071, π_x_range=[-824.6663, 589.0689]
  Mini-Benders[1] (mw): LB=6.822731, Z₀(α*)=15.405355, intercept=-147.147103 (0.292s) [OMP=0.214 ISP-L=0.006 ISP-F=0.023 MW-L=0.017 MW-F=0.019]
  Mini-Benders[2] (mw): LB=8.953326, Z₀(α*)=-51.229819, intercept=-99.257600 (0.260s) [OMP=0.187 ISP-L=0.005 ISP-F=0.020 MW-L=0.018 MW-F=0.025]
  Mini-Benders[3] (mw): LB=8.953326, Z₀(α*)=-51.229819, intercept=-99.257600 (0.245s) [OMP=0.186 ISP-L=0.006 ISP-F=0.020 MW-L=0.017 MW-F=0.023]
  Mini-Benders[4] (mw): LB=8.953326, Z₀(α*)=-51.229819, intercept=-99.257600 (0.244s) [OMP=0.177 ISP-L=0.006 ISP-F=0.020 MW-L=0.018 MW-F=0.025]
  Mini-Benders[5]: LB stagnated, break
  α-step: Z₀=16.120338, α=[0.000,0.000,0.000,0.000,0.000,0.000,0.000,0.000,0.000,0.000,0.000,0.000,0.000,0.000,0.000,0.000,0.000,0.000,0.000,0.000,0.000,0.000,0.000,0.000,0.000,0.000,0.000,0.000,0.000,0.000,0.000,0.000,0.000,0.000,1.703,0.000,0.000,0.000,0.000,0.000,0.000,0.000,0.000,0.000,0.000,0.000,0.000,0.000,0.000,0.000,0.518,0.000,0.000,0.000,0.000,0.000,0.000,0.000,0.000,0.000,0.000,0.000,0.000,0.000,0.000,0.000,0.000,0.000,0.000,0.000,0.000,1.703,6.518,0.000,0.000,0.000]
  Alt-Benders[1] (mw): LB=9.421703, Z₀(α*)=1.900819, intercept=-98.541075 (0.296s) [OMP=0.241 ISP-L=0.006 ISP-F=0.021 MW-L=0.018 MW-F=0.018]
  Alt-Benders[2] (mw): LB=9.421703, Z₀(α*)=1.900819, intercept=-98.541075 (0.354s) [OMP=0.286 ISP-L=0.006 ISP-F=0.022 MW-L=0.017 MW-F=0.019]
  Alt-Benders[3] (mw): LB=9.421703, Z₀(α*)=1.900819, intercept=-98.541075 (0.341s) [OMP=0.270 ISP-L=0.006 ISP-F=0.022 MW-L=0.017 MW-F=0.019]
  Alt-Benders[4]: LB stagnated, break
  OMP re-solve: 0.000s

=== True-DRO Benders iter 3 ===
  OMP: t₀=9.421703, UB=Inf, gap=NaN, x=[0, 0, 0, 0, 0, 0, 0, 0, 0, 0, 0, 0, 0, 0, 0, 0, 0, 0, 0, 0, 1, 0, 0, 0, 0, 0, 0, 0, 0, 0, 0, 0, 0, 0, 0, 0, 0, 0, 0, 0, 0, 0, 0, 0, 0, 0, 0, 0, 0, 0, 0, 0, 0, 0, 0, 0, 0, 0, 0, 0, 0, 0, 0, 0, 0, 0, 0, 0, 0, 0, 0, 1, 0, 0, 0, 0] (0.000s)
  Sub: Z₀=15.904723 [LOCAL] (0.3s), α=[0.000,0.000,0.000,0.000,0.000,0.000,0.000,0.000,0.000,0.000,0.000,0.000,0.000,0.000,0.000,0.000,0.000,0.000,0.000,0.000,0.000,0.000,0.000,0.000,0.000,0.000,0.000,0.000,0.000,0.000,0.000,0.000,0.000,0.000,0.000,0.000,0.000,0.000,0.000,0.000,0.000,0.000,0.000,0.000,0.000,0.000,0.000,0.000,0.000,0.000,0.000,0.000,0.000,0.000,0.000,0.000,0.000,0.000,0.000,0.000,0.000,0.000,0.000,0.000,0.000,0.000,0.000,0.000,0.000,0.000,0.000,7.078,3.364,0.000,0.000,0.000]
  Iter 3: LB=9.421703  UB=Inf  gap=NaN
  Cut: intercept=-1133.651085, π_x_range=[-824.3723, 591.4144]
  Mini-Benders[1] (mw): LB=9.446063, Z₀(α*)=-46.797808, intercept=-164.460658 (0.322s) [OMP=0.253 ISP-L=0.005 ISP-F=0.021 MW-L=0.018 MW-F=0.020]
  Mini-Benders[2] (mw): LB=9.446063, Z₀(α*)=-46.797808, intercept=-164.460658 (0.370s) [OMP=0.309 ISP-L=0.005 ISP-F=0.020 MW-L=0.017 MW-F=0.022]
  Mini-Benders[3] (mw): LB=9.446063, Z₀(α*)=-46.797808, intercept=-164.460658 (0.370s) [OMP=0.304 ISP-L=0.005 ISP-F=0.020 MW-L=0.017 MW-F=0.021]
  Mini-Benders[4]: LB stagnated, break
  α-step: Z₀=15.810591, α=[0.000,0.000,0.000,0.000,0.000,0.000,0.000,0.000,0.000,0.000,0.000,0.000,0.000,0.000,0.000,0.000,0.000,0.000,0.000,0.000,0.000,0.000,0.000,0.000,0.000,0.000,0.000,0.000,0.000,0.000,0.000,0.000,0.000,0.000,0.000,0.000,0.000,0.000,0.000,0.000,0.000,0.000,5.039,0.000,0.000,0.000,0.000,0.000,0.000,5.403,0.000,0.000,0.000,0.000,0.000,0.000,0.000,0.000,0.000,0.000,0.000,0.000,0.000,0.000,0.000,0.000,0.000,0.000,0.000,0.000,0.000,0.000,0.000,0.000,0.000,0.000]
  Alt-Benders[1] (mw): LB=9.465275, Z₀(α*)=-60.098264, intercept=-80.712373 (0.307s) [OMP=0.243 ISP-L=0.006 ISP-F=0.024 MW-L=0.018 MW-F=0.020]
  Alt-Benders[2] (mw): LB=9.465275, Z₀(α*)=-60.098264, intercept=-80.712373 (0.260s) [OMP=0.191 ISP-L=0.006 ISP-F=0.024 MW-L=0.017 MW-F=0.020]
  Alt-Benders[3] (mw): LB=9.465275, Z₀(α*)=-60.098264, intercept=-80.712373 (0.260s) [OMP=0.186 ISP-L=0.006 ISP-F=0.023 MW-L=0.018 MW-F=0.020]
  Alt-Benders[4]: LB stagnated, break
  OMP re-solve: 0.000s

=== True-DRO Benders iter 4 ===
  OMP: t₀=9.465275, UB=Inf, gap=NaN, x=[0, 0, 0, 0, 0, 0, 0, 0, 0, 0, 0, 0, 0, 0, 0, 0, 0, 0, 0, 0, 1, 0, 0, 0, 0, 0, 0, 0, 0, 0, 0, 0, 0, 0, 1, 0, 0, 0, 0, 0, 0, 0, 0, 0, 0, 0, 0, 0, 0, 0, 0, 0, 0, 0, 0, 0, 0, 0, 0, 0, 0, 0, 0, 0, 0, 0, 0, 0, 0, 0, 0, 0, 0, 0, 0, 0] (0.000s)
  Sub: Z₀=16.421625 [LOCAL] (0.3s), α=[0.000,0.000,0.000,0.000,0.000,0.000,0.000,0.000,0.000,0.000,0.000,0.000,0.000,0.000,0.000,0.000,0.000,0.000,0.000,0.000,0.000,0.000,0.000,0.000,0.000,0.000,0.000,0.000,0.000,0.000,0.000,0.000,0.000,0.000,7.774,0.000,0.000,0.000,0.000,0.000,0.000,0.000,0.000,0.000,0.000,0.000,0.000,0.000,0.000,0.000,0.000,0.000,0.000,0.000,0.000,0.000,0.000,0.000,0.000,0.000,0.000,0.000,0.000,0.000,0.000,0.000,0.000,0.000,0.000,0.000,0.000,0.000,2.669,0.000,0.000,0.000]
  Iter 4: LB=9.465275  UB=Inf  gap=NaN
  Cut: intercept=-1150.196477, π_x_range=[-824.5718, 595.7154]
  Mini-Benders[1] (mw): LB=9.748259, Z₀(α*)=-52.132596, intercept=-111.506894 (0.292s) [OMP=0.230 ISP-L=0.006 ISP-F=0.025 MW-L=0.017 MW-F=0.022]
  Mini-Benders[2] (mw): LB=9.748259, Z₀(α*)=-52.132596, intercept=-111.506894 (0.307s) [OMP=0.232 ISP-L=0.006 ISP-F=0.025 MW-L=0.017 MW-F=0.022]
  Mini-Benders[3] (mw): LB=9.748259, Z₀(α*)=-52.132596, intercept=-111.506894 (0.307s) [OMP=0.235 ISP-L=0.006 ISP-F=0.025 MW-L=0.018 MW-F=0.021]
  Mini-Benders[4]: LB stagnated, break
  α-step: Z₀=18.847207, α=[0.000,0.000,0.000,0.000,0.000,0.000,0.000,0.000,0.000,0.000,0.000,0.000,0.000,0.000,0.000,0.000,0.000,0.000,0.000,0.000,0.000,0.000,0.000,0.000,0.000,0.000,0.000,0.000,0.000,0.000,0.000,0.000,0.000,0.000,0.000,0.000,0.000,0.000,0.000,0.000,0.000,0.000,0.000,0.000,0.000,0.000,0.000,0.000,0.000,0.000,0.000,0.000,0.000,0.000,0.000,0.000,0.000,0.000,0.000,0.000,0.000,0.000,0.000,0.000,0.000,0.000,0.000,0.000,0.000,0.000,0.000,7.012,3.430,0.000,0.000,0.000]
  Alt-Benders[1] (mw): LB=9.795956, Z₀(α*)=15.897290, intercept=-96.336221 (0.325s) [OMP=0.269 ISP-L=0.006 ISP-F=0.023 MW-L=0.017 MW-F=0.019]
  Alt-Benders[2] (mw): LB=9.815182, Z₀(α*)=18.205675, intercept=-95.980564 (0.338s) [OMP=0.271 ISP-L=0.005 ISP-F=0.024 MW-L=0.018 MW-F=0.018]
  Alt-Benders[3] (mw): LB=9.815182, Z₀(α*)=18.914130, intercept=-90.616772 (0.325s) [OMP=0.257 ISP-L=0.006 ISP-F=0.026 MW-L=0.016 MW-F=0.019]
  Alt-Benders[4] (mw): LB=9.815182, Z₀(α*)=16.526526, intercept=-119.001474 (0.307s) [OMP=0.233 ISP-L=0.006 ISP-F=0.027 MW-L=0.017 MW-F=0.019]
  Alt-Benders[5]: LB stagnated, break
  OMP re-solve: 0.000s

=== True-DRO Benders iter 5 ===
  OMP: t₀=9.815182, UB=Inf, gap=NaN, x=[0, 0, 0, 0, 0, 0, 0, 1, 0, 0, 0, 0, 0, 0, 0, 0, 0, 0, 0, 0, 0, 0, 0, 0, 0, 0, 0, 0, 0, 0, 0, 0, 0, 0, 0, 0, 0, 0, 0, 0, 0, 0, 0, 0, 0, 0, 0, 0, 0, 0, 0, 0, 0, 0, 0, 0, 0, 0, 0, 0, 0, 0, 0, 0, 0, 0, 0, 0, 0, 0, 0, 1, 0, 0, 0, 0] (0.000s)
  Sub: Z₀=18.914129 (0.2s), α=[0.000,0.000,0.000,0.000,0.000,0.000,0.000,0.000,0.000,0.000,0.000,0.000,0.000,0.000,0.000,0.000,0.000,0.000,0.000,0.000,0.000,0.000,0.000,0.000,0.000,0.000,0.000,0.000,0.000,0.000,0.000,0.000,0.000,0.000,0.000,0.000,0.000,0.000,0.000,0.000,0.000,0.000,0.000,0.000,0.000,0.000,0.000,0.000,0.000,0.000,0.000,0.000,0.000,0.000,0.000,0.000,0.000,0.000,0.000,0.000,0.000,0.000,0.000,0.000,0.000,0.000,0.000,0.000,0.000,0.000,0.000,7.074,3.369,0.000,0.000,0.000]
  Iter 5: LB=9.815182  UB=18.914129  gap=4.81e-01
  Cut: intercept=-192.348636, π_x_range=[-264.0000, 112.3003]
  Sherali-Cut: intercept=-90.770965, π_x_range=[-94.1099, 109.6850]
  Mini-Benders[1] (mw): LB=9.815182, Z₀(α*)=18.914130, intercept=-90.720713 (0.308s) [OMP=0.237 ISP-L=0.006 ISP-F=0.026 MW-L=0.016 MW-F=0.020]
  Mini-Benders[2] (mw): LB=9.815182, Z₀(α*)=18.914130, intercept=-90.828762 (0.307s) [OMP=0.246 ISP-L=0.005 ISP-F=0.025 MW-L=0.016 MW-F=0.019]
  Mini-Benders[3]: LB stagnated, break
  α-step: Z₀=18.144755, α=[0.000,0.000,0.000,0.000,0.000,0.000,0.000,0.000,0.000,0.000,0.000,0.000,0.000,0.000,0.000,0.000,0.000,0.000,0.000,0.000,0.000,0.000,0.000,0.000,0.000,0.000,0.000,0.000,0.000,0.000,0.000,0.000,0.000,0.000,0.000,0.000,0.000,0.000,0.000,0.000,0.000,0.000,0.000,0.000,0.000,0.000,0.000,0.000,0.000,0.000,0.000,0.000,0.000,0.000,0.000,0.000,0.000,0.000,0.000,0.000,0.000,0.000,0.000,0.000,0.000,0.000,0.000,0.000,0.000,0.000,0.000,7.286,3.157,0.000,0.000,0.000]
  Alt-Benders[1] (mw): LB=9.815182, Z₀(α*)=18.249930, intercept=-96.386866 (0.338s) [OMP=0.267 ISP-L=0.006 ISP-F=0.027 MW-L=0.017 MW-F=0.018]
  Alt-Benders[2] (mw): LB=9.815182, Z₀(α*)=18.283423, intercept=-102.303875 (0.323s) [OMP=0.249 ISP-L=0.005 ISP-F=0.025 MW-L=0.016 MW-F=0.017]
  Alt-Benders[3]: LB stagnated, break
  OMP re-solve: 0.000s

=== True-DRO Benders iter 6 ===
  OMP: t₀=9.815182, UB=18.914129, gap=4.81e-01, x=[0, 0, 0, 0, 0, 0, 0, 0, 0, 0, 1, 0, 0, 0, 0, 0, 0, 0, 0, 0, 0, 0, 0, 0, 0, 0, 0, 0, 0, 0, 0, 0, 0, 0, 0, 0, 0, 0, 0, 0, 0, 0, 0, 0, 0, 0, 0, 0, 0, 0, 0, 0, 0, 0, 0, 0, 0, 0, 0, 0, 0, 0, 0, 0, 0, 0, 0, 0, 0, 0, 0, 1, 0, 0, 0, 0] (0.000s)
  Sub: Z₀=18.144752 [LOCAL] (0.3s), α=[0.000,0.000,0.000,0.000,0.000,0.000,0.000,0.000,0.000,0.000,0.000,0.000,0.000,0.000,0.000,0.000,0.000,0.000,0.000,0.000,0.000,0.000,0.000,0.000,0.000,0.000,0.000,0.000,0.000,0.000,0.000,0.000,0.000,0.000,0.000,0.000,0.000,0.000,0.000,0.000,0.000,0.000,0.000,0.000,0.000,0.000,0.000,0.000,0.000,0.000,0.000,0.000,0.000,0.000,0.000,0.000,0.000,0.000,0.000,0.000,0.000,0.000,0.000,0.000,0.000,0.000,0.000,0.000,0.000,0.000,0.000,7.561,2.882,0.000,0.000,0.000]
  Iter 6: LB=9.815182  UB=18.914129  gap=4.81e-01
  Cut: intercept=-1121.007173, π_x_range=[-826.3799, 580.2446]
  Mini-Benders[1] (mw): LB=9.815182, Z₀(α*)=18.161014, intercept=-84.484265 (0.338s) [OMP=0.267 ISP-L=0.005 ISP-F=0.026 MW-L=0.017 MW-F=0.019]
  Mini-Benders[2] (mw): LB=9.815182, Z₀(α*)=18.400541, intercept=-89.149874 (0.339s) [OMP=0.272 ISP-L=0.005 ISP-F=0.024 MW-L=0.016 MW-F=0.018]
  Mini-Benders[3]: LB stagnated, break
  α-step: Z₀=18.479847, α=[0.000,0.000,0.000,0.000,0.000,0.000,0.000,0.000,0.000,0.000,0.000,0.000,0.000,0.000,0.000,0.000,0.000,0.000,0.000,0.000,0.000,0.000,0.000,0.000,0.000,0.000,0.000,0.000,0.000,0.000,0.000,0.000,0.000,0.000,0.000,0.000,0.000,0.000,0.000,0.000,0.000,0.000,0.000,0.000,0.000,0.000,0.000,0.000,0.000,0.000,0.000,0.000,0.000,0.000,0.000,0.000,0.000,0.000,0.000,0.000,0.000,0.000,0.000,0.000,0.000,0.000,0.000,0.000,0.000,0.000,0.000,6.831,3.612,0.000,0.000,0.000]
  Alt-Benders[1] (mw): LB=9.815182, Z₀(α*)=18.289236, intercept=-84.094352 (0.325s) [OMP=0.253 ISP-L=0.006 ISP-F=0.026 MW-L=0.017 MW-F=0.019]
  Alt-Benders[2] (mw): LB=9.815182, Z₀(α*)=18.371118, intercept=-83.008444 (0.385s) [OMP=0.318 ISP-L=0.005 ISP-F=0.024 MW-L=0.016 MW-F=0.018]
  Alt-Benders[3]: LB stagnated, break
  OMP re-solve: 0.000s

=== True-DRO Benders iter 7 ===
  OMP: t₀=9.815182, UB=18.914129, gap=4.81e-01, x=[0, 0, 0, 0, 0, 0, 0, 0, 0, 0, 0, 0, 0, 0, 0, 0, 0, 0, 0, 0, 0, 0, 0, 0, 0, 0, 0, 0, 0, 0, 0, 0, 0, 0, 0, 0, 0, 0, 1, 0, 0, 0, 0, 0, 0, 0, 0, 0, 0, 0, 0, 0, 0, 0, 0, 0, 0, 0, 0, 0, 0, 0, 0, 0, 0, 0, 0, 0, 0, 0, 0, 1, 0, 0, 0, 0] (0.000s)
  Sub: Z₀=16.915434 [LOCAL] (0.3s), α=[0.000,0.000,0.000,0.000,0.000,0.000,0.000,0.000,0.000,0.000,0.000,0.000,0.000,0.000,0.000,0.000,0.000,0.000,0.000,0.000,0.000,0.000,0.000,0.000,0.000,0.000,0.000,0.000,0.000,0.000,0.000,0.000,0.000,0.000,0.000,0.000,0.000,0.000,0.000,0.000,0.000,0.000,0.000,0.000,0.000,0.000,0.000,0.000,0.000,0.000,0.000,0.000,0.000,0.000,0.000,0.000,0.000,0.000,0.000,0.000,0.000,0.000,0.000,0.000,0.000,0.000,0.000,0.000,0.000,0.000,0.000,7.072,3.371,0.000,0.000,0.000]
  Iter 7: LB=9.815182  UB=18.914129  gap=4.81e-01
  Cut: intercept=-1142.074960, π_x_range=[-826.5496, 591.6751]
  Mini-Benders[1] (mw): LB=10.412381, Z₀(α*)=-41.256115, intercept=-77.982848 (0.339s) [OMP=0.267 ISP-L=0.006 ISP-F=0.025 MW-L=0.017 MW-F=0.021]
  Mini-Benders[2] (mw): LB=10.412381, Z₀(α*)=-41.256115, intercept=-77.982848 (0.307s) [OMP=0.233 ISP-L=0.005 ISP-F=0.025 MW-L=0.017 MW-F=0.021]
  Mini-Benders[3] (mw): LB=10.412381, Z₀(α*)=-41.256115, intercept=-77.982848 (0.307s) [OMP=0.231 ISP-L=0.006 ISP-F=0.025 MW-L=0.018 MW-F=0.020]
  Mini-Benders[4]: LB stagnated, break
  α-step: Z₀=18.742767, α=[0.000,0.000,0.000,0.000,0.000,0.000,0.000,0.000,0.000,0.000,0.000,0.000,0.000,0.000,0.000,0.000,0.000,0.000,0.000,0.000,0.000,0.000,0.000,0.000,0.000,0.000,0.000,0.000,0.000,0.000,0.000,0.000,0.000,0.000,7.997,0.000,0.000,0.000,0.000,0.000,0.000,0.000,0.000,0.000,0.000,0.000,0.000,0.000,0.000,0.000,0.000,0.000,0.000,0.000,0.000,0.000,0.000,0.000,0.000,0.000,0.000,0.000,0.000,0.000,0.000,0.000,0.000,0.000,0.000,0.000,0.000,0.000,2.446,0.000,0.000,0.000]
  Alt-Benders[1] (mw): LB=10.412381, Z₀(α*)=18.742767, intercept=-61.298615 (0.299s) [OMP=0.244 ISP-L=0.006 ISP-F=0.026 MW-L=0.017 MW-F=0.019]
  Alt-Benders[2] (mw): LB=10.422381, Z₀(α*)=18.996749, intercept=-75.998684 (0.323s) [OMP=0.256 ISP-L=0.006 ISP-F=0.025 MW-L=0.017 MW-F=0.016]
  Alt-Benders[3] (mw): LB=10.451047, Z₀(α*)=18.888020, intercept=-74.616242 (0.369s) [OMP=0.297 ISP-L=0.005 ISP-F=0.027 MW-L=0.016 MW-F=0.018]
  Alt-Benders[4] (mw): LB=10.461047, Z₀(α*)=18.770625, intercept=-73.550109 (0.372s) [OMP=0.293 ISP-L=0.006 ISP-F=0.026 MW-L=0.016 MW-F=0.019]
  Alt-Benders[5] (mw): LB=10.526018, Z₀(α*)=18.349786, intercept=-120.977177 (0.385s) [OMP=0.294 ISP-L=0.005 ISP-F=0.030 MW-L=0.018 MW-F=0.033]
  OMP re-solve: 0.298s

=== True-DRO Benders iter 8 ===
  OMP: t₀=10.657985, UB=18.914129, gap=4.37e-01, x=[0, 0, 0, 0, 0, 0, 0, 0, 0, 0, 0, 0, 0, 0, 0, 0, 0, 0, 0, 0, 0, 0, 0, 0, 0, 0, 0, 0, 0, 0, 0, 0, 0, 0, 1, 0, 0, 0, 0, 0, 0, 0, 1, 0, 0, 0, 0, 0, 0, 0, 0, 0, 0, 0, 0, 0, 0, 0, 0, 0, 0, 0, 0, 0, 0, 0, 0, 0, 0, 0, 0, 0, 0, 0, 0, 0] (0.001s)
  Sub: Z₀=18.806596 [LOCAL] (0.3s), α=[0.000,0.000,0.000,0.000,0.000,0.000,0.000,0.000,0.000,0.000,0.000,0.000,0.000,0.000,0.000,0.000,0.000,0.000,0.000,0.000,0.000,0.000,0.000,0.000,0.000,0.000,0.000,0.000,0.000,0.000,0.000,0.000,0.000,0.000,8.119,0.000,0.000,0.000,0.000,0.000,0.000,0.000,0.000,0.000,0.000,0.000,0.000,0.000,0.000,0.000,0.000,0.000,0.000,0.000,0.000,0.000,0.000,0.000,0.000,0.000,0.000,0.000,0.000,0.000,0.000,0.000,0.000,0.000,0.000,0.000,0.000,0.000,2.323,0.000,0.000,0.000]
  Iter 8: LB=10.657985  UB=18.914129  gap=4.37e-01
  Cut: intercept=-1106.606593, π_x_range=[-824.2734, 575.7537]
  Mini-Benders[1] (mw): LB=10.813081, Z₀(α*)=17.987360, intercept=-72.908218 (0.371s) [OMP=0.294 ISP-L=0.006 ISP-F=0.029 MW-L=0.018 MW-F=0.018]
  Mini-Benders[2] (mw): LB=10.822307, Z₀(α*)=19.286335, intercept=-86.795853 (0.356s) [OMP=0.287 ISP-L=0.006 ISP-F=0.026 MW-L=0.018 MW-F=0.018]
  Mini-Benders[3] (mw): LB=10.822307, Z₀(α*)=19.286335, intercept=-69.721441 (0.354s) [OMP=0.287 ISP-L=0.006 ISP-F=0.023 MW-L=0.017 MW-F=0.019]
  Mini-Benders[4] (mw): LB=10.832307, Z₀(α*)=19.194939, intercept=-64.579605 (0.357s) [OMP=0.293 ISP-L=0.005 ISP-F=0.024 MW-L=0.017 MW-F=0.018]
  Mini-Benders[5] (mw): LB=10.832307, Z₀(α*)=19.189603, intercept=-75.144399 (0.328s) [OMP=0.265 ISP-L=0.006 ISP-F=0.024 MW-L=0.017 MW-F=0.018]
  α-step: Z₀=18.722577, α=[0.000,0.000,0.000,0.000,0.000,0.000,0.000,0.000,0.000,0.000,0.000,0.000,0.000,0.000,0.000,0.000,0.000,0.000,0.000,0.000,0.000,0.000,0.000,0.000,0.000,0.000,0.000,0.000,0.000,0.000,0.000,0.000,0.000,0.000,7.997,0.000,0.000,0.000,0.000,0.000,0.000,0.000,0.000,0.000,0.000,0.000,0.000,0.000,0.000,0.000,0.000,0.000,0.000,0.000,0.000,0.000,0.000,0.000,0.000,0.000,0.000,0.000,0.000,0.000,0.000,0.000,0.000,0.000,0.000,0.000,0.000,0.000,2.446,0.000,0.000,0.000]
  Alt-Benders[1] (mw): LB=10.832307, Z₀(α*)=19.431033, intercept=-69.560216 (0.372s) [OMP=0.306 ISP-L=0.006 ISP-F=0.025 MW-L=0.016 MW-F=0.018]
  Alt-Benders[2] (mw): LB=10.832307, Z₀(α*)=19.378539, intercept=-71.276010 (0.388s) [OMP=0.304 ISP-L=0.005 ISP-F=0.028 MW-L=0.019 MW-F=0.019]
  Alt-Benders[3] (mw): LB=10.832307, Z₀(α*)=19.431033, intercept=-69.804977 (0.387s) [OMP=0.321 ISP-L=0.006 ISP-F=0.025 MW-L=0.016 MW-F=0.020]
  Alt-Benders[4]: LB stagnated, break
  OMP re-solve: 0.000s

=== True-DRO Benders iter 9 ===
  OMP: t₀=10.832307, UB=18.914129, gap=4.27e-01, x=[0, 1, 0, 0, 0, 0, 0, 0, 0, 0, 0, 0, 0, 0, 0, 0, 0, 0, 0, 0, 0, 0, 0, 0, 0, 0, 0, 0, 0, 0, 0, 0, 0, 0, 1, 0, 0, 0, 0, 0, 0, 0, 0, 0, 0, 0, 0, 0, 0, 0, 0, 0, 0, 0, 0, 0, 0, 0, 0, 0, 0, 0, 0, 0, 0, 0, 0, 0, 0, 0, 0, 0, 0, 0, 0, 0] (0.000s)
  Sub: Z₀=18.876829 [LOCAL] (0.3s), α=[0.000,0.000,0.000,0.000,0.000,0.000,0.000,0.000,0.000,0.000,0.000,0.000,0.000,0.000,0.000,0.000,0.000,0.000,0.000,0.000,0.000,0.000,0.000,0.000,0.000,0.000,0.000,0.000,0.000,0.000,0.000,0.000,0.000,0.000,7.739,0.000,0.000,0.000,0.000,0.000,0.000,0.000,0.000,0.000,0.000,0.000,0.000,0.000,0.000,0.000,0.000,0.000,0.000,0.000,0.000,0.000,0.000,0.000,0.000,0.000,0.000,0.000,0.000,0.000,0.000,0.000,0.000,0.000,0.000,0.000,0.000,0.000,2.704,0.000,0.000,0.000]
  Iter 9: LB=10.832307  UB=18.914129  gap=4.27e-01
  Cut: intercept=-1114.321038, π_x_range=[-825.4222, 572.4216]
  Mini-Benders[1] (mw): LB=10.832307, Z₀(α*)=19.431033, intercept=-69.456966 (0.354s) [OMP=0.294 ISP-L=0.005 ISP-F=0.025 MW-L=0.018 MW-F=0.017]
  Mini-Benders[2] (mw): LB=10.832307, Z₀(α*)=19.431033, intercept=-69.456966 (0.370s) [OMP=0.297 ISP-L=0.006 ISP-F=0.024 MW-L=0.016 MW-F=0.019]
  Mini-Benders[3]: LB stagnated, break
  α-step: Z₀=19.090110, α=[0.000,0.000,0.000,0.000,0.000,0.000,0.000,0.000,0.000,0.000,0.000,0.000,0.000,0.000,0.000,0.000,0.000,0.000,0.000,0.000,0.000,0.000,0.000,0.000,0.000,0.000,0.000,0.000,0.000,0.000,0.000,0.000,0.000,0.000,7.997,0.000,0.000,0.000,0.000,0.000,0.000,0.000,0.000,0.000,0.000,0.000,0.000,0.000,0.000,0.000,0.000,0.000,0.000,0.000,0.000,0.000,0.000,0.000,0.000,0.000,0.000,0.000,0.000,0.000,0.000,0.000,0.000,0.000,0.000,0.000,0.000,0.000,2.446,0.000,0.000,0.000]
  Alt-Benders[1] (mw): LB=10.832307, Z₀(α*)=19.431033, intercept=-69.808487 (0.368s) [OMP=0.308 ISP-L=0.006 ISP-F=0.029 MW-L=0.017 MW-F=0.018]
  Alt-Benders[2] (mw): LB=11.109339, Z₀(α*)=-34.524721, intercept=-156.438588 (0.372s) [OMP=0.296 ISP-L=0.006 ISP-F=0.027 MW-L=0.017 MW-F=0.021]
  Alt-Benders[3] (mw): LB=11.109339, Z₀(α*)=-34.524721, intercept=-156.438588 (0.323s) [OMP=0.257 ISP-L=0.006 ISP-F=0.027 MW-L=0.017 MW-F=0.020]
  Alt-Benders[4] (mw): LB=11.109339, Z₀(α*)=-34.524721, intercept=-156.438588 (0.338s) [OMP=0.257 ISP-L=0.006 ISP-F=0.027 MW-L=0.017 MW-F=0.019]
  Alt-Benders[5]: LB stagnated, break
  OMP re-solve: 0.000s

=== True-DRO Benders iter 10 ===
  OMP: t₀=11.109339, UB=18.914129, gap=4.13e-01, x=[0, 0, 0, 0, 0, 0, 0, 0, 0, 0, 0, 0, 0, 0, 0, 0, 0, 0, 0, 0, 0, 0, 0, 0, 0, 0, 0, 0, 0, 0, 0, 0, 0, 0, 0, 0, 0, 0, 0, 0, 0, 0, 0, 0, 0, 0, 0, 0, 0, 0, 0, 0, 0, 0, 0, 0, 0, 0, 0, 0, 1, 1, 0, 0, 0, 0, 0, 0, 0, 0, 0, 0, 0, 0, 0, 0] (0.000s)
  Sub: Z₀=19.281935 (0.2s), α=[0.000,0.000,0.000,0.000,0.000,0.000,0.000,0.000,0.000,0.000,0.000,0.000,0.000,0.000,0.000,0.000,0.000,0.000,0.000,0.000,0.000,0.000,0.000,0.000,0.000,0.000,0.000,0.000,0.000,0.000,0.000,0.000,0.000,0.000,0.000,0.000,0.000,0.000,0.000,0.000,0.000,0.000,0.000,0.000,0.000,0.000,0.000,0.000,0.000,0.000,0.000,0.000,0.000,0.000,0.000,0.000,0.000,0.000,0.000,0.000,2.876,3.603,0.000,0.000,0.000,0.000,0.000,0.000,0.000,0.000,0.000,0.000,3.964,0.000,0.000,0.000]
  Iter 10: LB=11.109339  UB=18.914129  gap=4.13e-01
  Cut: intercept=-159.610267, π_x_range=[-264.0000, 110.3805]
  Sherali-Cut: intercept=-157.425576, π_x_range=[-104.6540, 108.4866]
  Mini-Benders[1] (mw): LB=11.259645, Z₀(α*)=-25.063033, intercept=-127.517308 (0.375s) [OMP=0.293 ISP-L=0.006 ISP-F=0.029 MW-L=0.017 MW-F=0.021]
  Mini-Benders[2] (mw): LB=11.259645, Z₀(α*)=-25.063033, intercept=-127.517308 (0.291s) [OMP=0.227 ISP-L=0.006 ISP-F=0.029 MW-L=0.017 MW-F=0.020]
  Mini-Benders[3] (mw): LB=11.259645, Z₀(α*)=-25.063033, intercept=-127.517308 (0.307s) [OMP=0.223 ISP-L=0.006 ISP-F=0.029 MW-L=0.017 MW-F=0.020]
  Mini-Benders[4]: LB stagnated, break
  α-step: Z₀=20.829645, α=[0.000,0.000,0.000,0.000,0.000,0.000,0.000,0.000,0.000,0.000,0.000,0.000,0.000,0.000,0.000,0.000,0.000,0.000,0.000,0.000,0.000,0.000,0.000,0.000,0.000,0.000,0.000,0.000,0.000,0.000,0.000,0.000,0.000,0.000,0.000,0.000,0.000,0.000,0.000,0.000,0.000,0.000,0.000,0.000,0.000,0.000,0.000,0.000,0.000,0.000,0.000,0.000,0.000,0.000,0.000,0.000,0.000,0.000,0.000,0.000,0.000,0.000,0.000,0.000,0.000,0.000,0.000,0.000,0.000,0.000,0.000,0.000,10.443,0.000,0.000,0.000]
  Alt-Benders[1] (mw): LB=11.555484, Z₀(α*)=-27.223334, intercept=-147.877510 (0.374s) [OMP=0.312 ISP-L=0.006 ISP-F=0.029 MW-L=0.018 MW-F=0.021]
  Alt-Benders[2] (mw): LB=11.555484, Z₀(α*)=-27.223334, intercept=-147.877510 (0.385s) [OMP=0.299 ISP-L=0.006 ISP-F=0.028 MW-L=0.019 MW-F=0.021]
  Alt-Benders[3] (mw): LB=11.555484, Z₀(α*)=-27.223334, intercept=-147.877510 (0.372s) [OMP=0.308 ISP-L=0.006 ISP-F=0.029 MW-L=0.017 MW-F=0.021]
  Alt-Benders[4]: LB stagnated, break
  OMP re-solve: 0.000s

=== True-DRO Benders iter 11 ===
  OMP: t₀=11.555484, UB=18.914129, gap=3.89e-01, x=[0, 0, 0, 0, 0, 0, 0, 0, 0, 0, 0, 0, 0, 0, 0, 0, 0, 0, 0, 0, 0, 0, 0, 0, 0, 0, 0, 0, 0, 0, 0, 0, 0, 0, 0, 0, 0, 0, 0, 0, 0, 0, 0, 0, 0, 0, 0, 0, 0, 0, 0, 0, 0, 1, 0, 0, 0, 0, 0, 0, 0, 0, 0, 0, 1, 0, 0, 0, 0, 0, 0, 0, 0, 0, 0, 0] (0.000s)
  Sub: Z₀=17.657381 [LOCAL] (0.3s), α=[0.000,0.000,0.000,0.000,0.000,0.000,0.000,0.000,0.000,0.000,0.000,0.000,0.000,0.000,0.000,0.000,0.000,0.000,0.000,0.000,0.000,0.000,0.000,0.000,0.000,0.000,0.000,0.000,0.000,0.000,0.000,0.000,0.000,0.000,0.000,0.000,0.000,0.000,0.000,0.000,0.000,0.000,0.000,0.000,0.000,0.000,0.000,0.000,0.000,0.000,1.725,0.000,0.000,7.748,0.000,0.000,0.000,0.000,0.000,0.000,0.000,0.000,0.010,0.000,0.092,0.000,0.000,0.000,0.000,0.000,0.000,0.000,0.868,0.000,0.000,0.000]
  Iter 11: LB=11.555484  UB=18.914129  gap=3.89e-01
  Cut: intercept=-1102.610801, π_x_range=[-825.1909, 561.2295]
  Mini-Benders[1] (mw): LB=11.584307, Z₀(α*)=-60.311348, intercept=-124.070099 (0.339s) [OMP=0.262 ISP-L=0.006 ISP-F=0.026 MW-L=0.017 MW-F=0.020]
  Mini-Benders[2] (mw): LB=11.584307, Z₀(α*)=-60.311348, intercept=-124.070099 (0.307s) [OMP=0.243 ISP-L=0.006 ISP-F=0.025 MW-L=0.017 MW-F=0.020]
  Mini-Benders[3] (mw): LB=11.584307, Z₀(α*)=-60.311348, intercept=-124.070099 (0.323s) [OMP=0.255 ISP-L=0.006 ISP-F=0.026 MW-L=0.018 MW-F=0.019]
  Mini-Benders[4]: LB stagnated, break
  α-step: Z₀=19.881645, α=[0.000,0.000,0.000,0.000,0.000,0.000,0.000,0.000,0.000,0.000,0.000,0.000,0.000,0.000,0.000,0.000,0.000,0.000,0.000,0.000,0.000,0.000,0.000,0.000,0.000,0.000,0.000,0.000,0.000,0.000,0.000,0.000,0.000,0.000,0.000,0.000,0.000,0.000,0.000,0.000,0.000,0.000,0.000,0.000,0.000,0.000,0.000,0.000,0.000,0.000,0.000,0.000,0.000,0.000,0.000,0.000,0.000,0.000,0.000,0.000,0.000,0.000,0.000,0.000,0.000,0.000,0.000,0.000,0.000,0.000,0.000,0.000,10.443,0.000,0.000,0.000]
  Alt-Benders[1] (mw): LB=11.708586, Z₀(α*)=18.264596, intercept=-52.898090 (0.387s) [OMP=0.323 ISP-L=0.006 ISP-F=0.023 MW-L=0.016 MW-F=0.018]
  Alt-Benders[2] (mw): LB=11.824944, Z₀(α*)=-23.772914, intercept=-159.727594 (0.341s) [OMP=0.271 ISP-L=0.005 ISP-F=0.023 MW-L=0.018 MW-F=0.019]
  Alt-Benders[3] (mw): LB=11.824944, Z₀(α*)=-23.772914, intercept=-159.727594 (0.369s) [OMP=0.312 ISP-L=0.005 ISP-F=0.024 MW-L=0.017 MW-F=0.020]
  Alt-Benders[4] (mw): LB=11.824944, Z₀(α*)=-23.772914, intercept=-159.727594 (0.370s) [OMP=0.300 ISP-L=0.005 ISP-F=0.023 MW-L=0.016 MW-F=0.019]
  Alt-Benders[5]: LB stagnated, break
  OMP re-solve: 0.000s

=== True-DRO Benders iter 12 ===
  OMP: t₀=11.824944, UB=18.914129, gap=3.75e-01, x=[0, 0, 0, 0, 0, 0, 0, 0, 0, 0, 0, 0, 0, 0, 0, 0, 0, 0, 0, 0, 0, 0, 0, 0, 0, 0, 0, 0, 0, 0, 0, 0, 0, 0, 0, 0, 0, 0, 0, 0, 0, 0, 0, 0, 0, 1, 0, 0, 0, 1, 0, 0, 0, 0, 0, 0, 0, 0, 0, 0, 0, 0, 0, 0, 0, 0, 0, 0, 0, 0, 0, 0, 0, 0, 0, 0] (0.000s)
  Sub: Z₀=17.195017 [LOCAL] (0.3s), α=[0.000,0.000,0.000,0.000,0.000,0.000,0.000,0.000,0.000,0.000,0.000,0.000,0.000,0.000,0.000,0.000,0.000,0.000,0.000,0.000,0.000,0.000,0.000,0.000,0.000,0.000,0.000,0.000,0.000,0.000,0.000,0.000,0.000,0.000,0.000,0.000,0.000,0.000,0.513,0.000,0.000,0.000,0.000,0.000,0.000,3.424,0.000,0.000,0.000,5.138,0.000,0.000,0.000,0.000,0.000,0.000,0.000,0.000,0.000,0.000,0.000,0.000,0.000,0.000,0.000,0.000,0.000,0.000,0.000,0.000,0.000,0.000,1.368,0.000,0.000,0.000]
  Iter 12: LB=11.824944  UB=18.914129  gap=3.75e-01
  Cut: intercept=-1107.874771, π_x_range=[-823.8498, 572.7674]
  Mini-Benders[1] (mw): LB=12.223982, Z₀(α*)=-34.130798, intercept=-100.596862 (0.401s) [OMP=0.334 ISP-L=0.006 ISP-F=0.028 MW-L=0.017 MW-F=0.020]
  Mini-Benders[2] (mw): LB=12.223982, Z₀(α*)=-34.130798, intercept=-100.596862 (0.354s) [OMP=0.287 ISP-L=0.006 ISP-F=0.027 MW-L=0.017 MW-F=0.019]
  Mini-Benders[3] (mw): LB=12.223982, Z₀(α*)=-34.130798, intercept=-100.596862 (0.357s) [OMP=0.286 ISP-L=0.006 ISP-F=0.026 MW-L=0.017 MW-F=0.020]
  Mini-Benders[4]: LB stagnated, break
  α-step: Z₀=17.619472, α=[0.000,0.000,0.000,0.000,0.000,0.000,0.000,0.000,0.000,0.000,0.000,0.000,0.000,0.000,0.000,0.000,0.000,0.000,0.000,0.000,0.000,0.000,0.000,0.000,0.000,0.000,0.000,0.000,0.000,0.000,0.000,0.000,0.000,0.000,2.589,0.000,0.000,0.000,0.000,0.000,0.000,0.000,0.000,0.000,0.000,0.000,0.000,0.000,0.000,0.000,0.100,3.308,0.000,0.000,0.000,0.000,0.000,0.000,0.000,0.000,0.000,0.000,0.000,0.000,0.000,0.000,0.000,0.000,0.000,0.000,0.000,0.000,4.446,0.000,0.000,0.000]
  Alt-Benders[1] (mw): LB=12.227469, Z₀(α*)=-15.145945, intercept=-60.837173 (0.405s) [OMP=0.314 ISP-L=0.010 ISP-F=0.038 MW-L=0.020 MW-F=0.020]
  Alt-Benders[2] (mw): LB=12.227469, Z₀(α*)=-15.145945, intercept=-60.837173 (0.386s) [OMP=0.310 ISP-L=0.005 ISP-F=0.033 MW-L=0.017 MW-F=0.020]
  Alt-Benders[3] (mw): LB=12.227469, Z₀(α*)=-15.145945, intercept=-60.837173 (0.372s) [OMP=0.311 ISP-L=0.006 ISP-F=0.026 MW-L=0.017 MW-F=0.019]
  Alt-Benders[4]: LB stagnated, break
  OMP re-solve: 0.000s

=== True-DRO Benders iter 13 ===
  OMP: t₀=12.227469, UB=18.914129, gap=3.54e-01, x=[0, 1, 0, 0, 0, 0, 0, 0, 0, 0, 0, 0, 0, 0, 0, 0, 0, 0, 0, 0, 0, 0, 0, 0, 0, 0, 0, 0, 0, 0, 0, 0, 0, 0, 0, 0, 0, 0, 0, 0, 0, 0, 0, 0, 0, 0, 0, 0, 0, 0, 0, 0, 0, 0, 0, 0, 0, 0, 0, 0, 0, 0, 0, 0, 0, 0, 0, 0, 0, 0, 0, 0, 1, 0, 0, 0] (0.000s)
  Sub: Z₀=20.599161 [LOCAL] (0.3s), α=[0.000,0.000,0.000,0.000,0.000,0.000,0.000,0.000,0.000,0.000,0.000,0.000,0.000,0.000,0.000,0.000,0.000,0.000,0.000,0.000,0.000,0.000,0.000,0.000,0.000,0.000,0.000,0.000,0.000,0.000,0.000,0.000,0.000,0.000,0.000,0.000,0.000,0.000,0.000,0.000,0.000,0.000,0.000,0.000,0.000,0.000,0.000,0.000,0.000,0.000,0.000,0.000,0.000,0.000,0.000,0.000,0.000,0.000,0.000,0.000,0.000,0.000,0.000,0.000,0.000,0.000,0.000,0.000,0.000,0.000,0.000,0.000,10.443,0.000,0.000,0.000]
  Iter 13: LB=12.227469  UB=18.914129  gap=3.54e-01
  Cut: intercept=-1110.111854, π_x_range=[-825.9885, 577.4886]
  Mini-Benders[1] (mw): LB=12.306524, Z₀(α*)=-20.354515, intercept=-148.467966 (0.417s) [OMP=0.332 ISP-L=0.006 ISP-F=0.027 MW-L=0.017 MW-F=0.021]
  Mini-Benders[2] (mw): LB=12.306524, Z₀(α*)=-20.354515, intercept=-148.467966 (0.307s) [OMP=0.246 ISP-L=0.006 ISP-F=0.027 MW-L=0.017 MW-F=0.019]
  Mini-Benders[3] (mw): LB=12.306524, Z₀(α*)=-20.354515, intercept=-148.467966 (0.323s) [OMP=0.244 ISP-L=0.006 ISP-F=0.027 MW-L=0.017 MW-F=0.019]
  Mini-Benders[4]: LB stagnated, break
  α-step: Z₀=18.272099, α=[0.000,0.000,0.000,0.000,0.000,0.000,0.000,0.000,0.000,0.000,0.000,0.000,0.000,0.000,0.000,0.000,0.000,0.000,0.000,0.000,0.000,0.000,0.000,0.000,0.000,0.000,0.000,0.000,0.000,0.000,0.000,0.000,0.000,0.000,0.000,0.000,0.000,0.000,0.000,0.000,0.000,0.000,0.000,0.000,0.000,0.000,0.000,0.000,0.000,0.000,2.532,0.000,0.000,6.288,0.000,0.000,0.000,0.000,0.000,0.000,0.000,0.671,0.000,0.000,0.000,0.000,0.000,0.000,0.000,0.000,0.000,0.000,0.952,0.000,0.000,0.000]
  Alt-Benders[1] (mw): LB=12.799989, Z₀(α*)=-60.468134, intercept=-58.783934 (0.356s) [OMP=0.292 ISP-L=0.006 ISP-F=0.024 MW-L=0.018 MW-F=0.019]
  Alt-Benders[2] (mw): LB=12.799989, Z₀(α*)=-60.468134, intercept=-58.783934 (0.387s) [OMP=0.315 ISP-L=0.006 ISP-F=0.024 MW-L=0.017 MW-F=0.020]
  Alt-Benders[3] (mw): LB=12.799989, Z₀(α*)=-60.468134, intercept=-58.783934 (0.373s) [OMP=0.314 ISP-L=0.006 ISP-F=0.024 MW-L=0.017 MW-F=0.020]
  Alt-Benders[4]: LB stagnated, break
  OMP re-solve: 0.000s

=== True-DRO Benders iter 14 ===
  OMP: t₀=12.799989, UB=18.914129, gap=3.23e-01, x=[0, 0, 0, 0, 0, 0, 0, 0, 0, 0, 0, 0, 0, 0, 0, 0, 0, 0, 0, 0, 0, 0, 0, 0, 0, 0, 0, 0, 0, 1, 0, 0, 0, 0, 0, 0, 0, 0, 0, 0, 0, 0, 0, 0, 0, 0, 0, 0, 0, 0, 0, 0, 0, 0, 0, 0, 0, 0, 0, 0, 0, 0, 0, 0, 0, 0, 0, 0, 0, 0, 0, 0, 1, 0, 0, 0] (0.000s)
  Sub: Z₀=21.058834 [LOCAL] (0.3s), α=[0.000,0.000,0.000,0.000,0.000,0.000,0.000,0.000,0.000,0.000,0.000,0.000,0.000,0.000,0.000,0.000,0.000,0.000,0.000,0.000,0.000,0.000,0.000,0.000,0.000,0.000,0.000,0.000,0.000,0.000,0.000,0.000,0.000,0.000,0.000,0.000,0.000,0.000,0.000,0.000,0.000,0.000,0.000,0.000,0.000,0.000,0.000,0.000,0.000,0.000,0.000,0.000,0.000,0.000,0.000,0.000,0.000,0.000,0.000,0.000,0.000,0.000,0.000,0.000,0.000,0.000,0.000,0.000,0.000,0.000,0.000,0.000,10.443,0.000,0.000,0.000]
  Iter 14: LB=12.799989  UB=18.914129  gap=3.23e-01
  Cut: intercept=-1152.501609, π_x_range=[-826.3667, 591.4649]
  Mini-Benders[1] (mw): LB=12.865037, Z₀(α*)=19.766636, intercept=-48.861807 (0.433s) [OMP=0.351 ISP-L=0.006 ISP-F=0.029 MW-L=0.017 MW-F=0.018]
  Mini-Benders[2] (mw): LB=12.865037, Z₀(α*)=19.766636, intercept=-59.376455 (0.386s) [OMP=0.325 ISP-L=0.006 ISP-F=0.026 MW-L=0.017 MW-F=0.016]
  Mini-Benders[3] (mw): LB=12.867592, Z₀(α*)=15.559057, intercept=-86.563783 (0.385s) [OMP=0.305 ISP-L=0.005 ISP-F=0.023 MW-L=0.017 MW-F=0.019]
  Mini-Benders[4] (mw): LB=12.908581, Z₀(α*)=-62.568419, intercept=-175.651169 (0.372s) [OMP=0.305 ISP-L=0.006 ISP-F=0.023 MW-L=0.017 MW-F=0.021]
  Mini-Benders[5] (mw): LB=12.908581, Z₀(α*)=-62.568419, intercept=-175.651169 (0.357s) [OMP=0.293 ISP-L=0.002 ISP-F=0.023 MW-L=0.013 MW-F=0.021]
  α-step: Z₀=13.608436, α=[0.000,0.000,0.000,0.000,0.000,0.000,0.000,0.000,0.000,0.000,0.000,0.000,0.000,0.000,0.000,0.000,0.000,0.000,0.000,0.000,0.000,0.000,0.000,0.000,0.000,0.000,0.000,0.000,0.000,0.000,0.000,0.000,0.000,0.000,0.000,0.000,0.000,0.000,0.000,0.000,0.000,0.000,0.000,0.000,0.000,0.000,0.000,0.000,0.000,0.000,0.138,0.000,0.000,0.000,0.000,0.000,0.000,0.000,0.000,0.000,0.000,0.000,0.000,0.000,0.000,0.000,0.000,0.000,0.000,0.000,0.000,10.304,0.000,0.000,0.000,0.000]
  Alt-Benders[1] (mw): LB=12.947892, Z₀(α*)=-67.727444, intercept=-51.387757 (0.403s) [OMP=0.332 ISP-L=0.003 ISP-F=0.026 MW-L=0.014 MW-F=0.018]
  Alt-Benders[2] (mw): LB=12.947892, Z₀(α*)=-67.727444, intercept=-51.387757 (0.406s) [OMP=0.338 ISP-L=0.005 ISP-F=0.025 MW-L=0.017 MW-F=0.018]
  Alt-Benders[3] (mw): LB=12.947892, Z₀(α*)=-67.727444, intercept=-51.387757 (0.386s) [OMP=0.319 ISP-L=0.006 ISP-F=0.027 MW-L=0.017 MW-F=0.018]
  Alt-Benders[4]: LB stagnated, break
  OMP re-solve: 0.000s

=== True-DRO Benders iter 15 ===
  OMP: t₀=12.947892, UB=18.914129, gap=3.15e-01, x=[0, 0, 0, 0, 0, 0, 0, 0, 0, 0, 0, 0, 0, 0, 0, 0, 0, 0, 0, 0, 0, 0, 0, 0, 0, 0, 0, 0, 0, 0, 0, 0, 0, 0, 0, 0, 0, 0, 0, 0, 0, 0, 0, 0, 0, 0, 0, 0, 0, 0, 0, 0, 0, 0, 0, 0, 0, 0, 0, 0, 0, 0, 0, 0, 0, 0, 0, 0, 0, 0, 0, 0, 1, 0, 0, 0] (0.000s)
  Sub: Z₀=21.949186 (0.2s), α=[0.000,0.000,0.000,0.000,0.000,0.000,0.000,0.000,0.000,0.000,0.000,0.000,0.000,0.000,0.000,0.000,0.000,0.000,0.000,0.000,0.000,0.000,0.000,0.000,0.000,0.000,0.000,0.000,0.000,0.000,0.000,0.000,0.000,0.000,0.000,0.000,0.000,0.000,0.000,0.000,0.000,0.000,0.000,0.000,0.000,0.000,0.000,0.000,0.000,0.000,0.000,0.000,0.000,0.000,0.000,0.000,0.000,0.000,0.000,0.000,0.000,0.000,0.000,0.000,0.000,0.000,0.000,0.000,0.000,0.000,0.000,0.000,10.443,0.000,0.000,0.000]
  Iter 15: LB=12.947892  UB=18.914129  gap=3.15e-01
  Cut: intercept=-27.851725, π_x_range=[-264.0000, 49.8009]
  Sherali-Cut: intercept=-26.487947, π_x_range=[-106.0591, 48.4371]
  Mini-Benders[1] (mw): LB=12.947892, Z₀(α*)=-1.014333, intercept=-60.607742 (0.388s) [OMP=0.324 ISP-L=0.006 ISP-F=0.027 MW-L=0.017 MW-F=0.019]
  Mini-Benders[2] (mw): LB=12.947892, Z₀(α*)=-1.014333, intercept=-60.607742 (0.403s) [OMP=0.320 ISP-L=0.005 ISP-F=0.026 MW-L=0.018 MW-F=0.021]
  Mini-Benders[3]: LB stagnated, break
  α-step: Z₀=18.664162, α=[0.000,0.000,0.000,0.000,0.000,0.000,0.000,0.000,0.000,0.000,0.000,0.000,0.000,0.000,0.000,0.000,0.000,0.000,0.000,0.000,0.000,0.000,0.000,0.000,0.000,0.000,0.000,0.000,0.000,0.000,0.000,0.000,0.000,0.000,1.615,0.000,0.000,0.000,0.000,0.000,0.000,0.000,0.000,0.000,0.000,0.000,0.000,0.000,0.000,0.000,2.532,0.000,0.000,0.322,0.000,0.000,0.000,0.000,0.000,0.000,0.000,0.000,0.000,0.000,0.000,0.000,0.000,0.000,0.000,0.000,0.000,0.000,5.974,0.000,0.000,0.000]
  Alt-Benders[1] (mw): LB=12.947892, Z₀(α*)=-6.421279, intercept=-26.162495 (0.395s) [OMP=0.332 ISP-L=0.006 ISP-F=0.024 MW-L=0.017 MW-F=0.017]
  Alt-Benders[2] (mw): LB=12.947892, Z₀(α*)=-6.421279, intercept=-26.162495 (0.416s) [OMP=0.342 ISP-L=0.006 ISP-F=0.024 MW-L=0.017 MW-F=0.019]
  Alt-Benders[3]: LB stagnated, break
  OMP re-solve: 0.000s

=== True-DRO Benders iter 16 ===
  OMP: t₀=12.947892, UB=18.914129, gap=3.15e-01, x=[0, 0, 0, 0, 0, 0, 0, 0, 0, 0, 0, 0, 0, 0, 0, 0, 0, 0, 0, 0, 0, 0, 0, 0, 0, 0, 0, 0, 0, 0, 0, 0, 0, 0, 0, 0, 0, 0, 0, 0, 0, 0, 0, 0, 0, 0, 0, 0, 0, 0, 0, 0, 0, 0, 0, 0, 0, 0, 0, 0, 1, 0, 0, 0, 0, 0, 0, 0, 0, 0, 0, 0, 1, 0, 0, 0] (0.000s)
  Sub: Z₀=21.949184 [LOCAL] (0.3s), α=[0.000,0.000,0.000,0.000,0.000,0.000,0.000,0.000,0.000,0.000,0.000,0.000,0.000,0.000,0.000,0.000,0.000,0.000,0.000,0.000,0.000,0.000,0.000,0.000,0.000,0.000,0.000,0.000,0.000,0.000,0.000,0.000,0.000,0.000,0.000,0.000,0.000,0.000,0.000,0.000,0.000,0.000,0.000,0.000,0.000,0.000,0.000,0.000,0.000,0.000,0.000,0.000,0.000,0.000,0.000,0.000,0.000,0.000,0.000,0.000,0.000,0.000,0.000,0.000,0.000,0.000,0.000,0.000,0.000,0.000,0.000,0.000,10.443,0.000,0.000,0.000]
  Iter 16: LB=12.947892  UB=18.914129  gap=3.15e-01
  Cut: intercept=-1132.894434, π_x_range=[-826.6581, 583.2210]
  Mini-Benders[1] (mw): LB=12.947892, Z₀(α*)=21.949188, intercept=-26.487825 (0.401s) [OMP=0.340 ISP-L=0.006 ISP-F=0.025 MW-L=0.016 MW-F=0.018]
  Mini-Benders[2] (mw): LB=12.947892, Z₀(α*)=20.501125, intercept=-61.325810 (0.419s) [OMP=0.354 ISP-L=0.005 ISP-F=0.024 MW-L=0.018 MW-F=0.020]
  Mini-Benders[3]: LB stagnated, break
  α-step: Z₀=21.607851, α=[0.000,0.000,0.000,0.000,0.000,0.000,0.000,0.000,0.000,0.000,0.000,0.000,0.000,0.000,0.000,0.000,0.000,0.000,0.000,0.000,0.000,0.000,0.000,0.000,0.000,0.000,0.000,0.000,0.000,0.000,0.000,0.000,0.000,0.000,0.000,0.000,0.000,0.000,0.000,0.000,0.000,0.000,0.000,0.000,0.000,0.000,0.000,0.000,0.000,0.000,0.000,0.000,0.000,0.000,0.000,0.000,0.000,0.000,0.000,0.000,0.000,0.000,0.000,0.000,0.000,0.000,0.000,0.000,0.000,0.000,0.000,0.000,10.443,0.000,0.000,0.000]
  Alt-Benders[1] (mw): LB=12.947892, Z₀(α*)=21.607379, intercept=-37.807013 (0.457s) [OMP=0.393 ISP-L=0.006 ISP-F=0.027 MW-L=0.017 MW-F=0.018]
  Alt-Benders[2] (mw): LB=12.947892, Z₀(α*)=21.851644, intercept=-40.468638 (0.464s) [OMP=0.389 ISP-L=0.006 ISP-F=0.027 MW-L=0.017 MW-F=0.017]
  Alt-Benders[3]: LB stagnated, break
  OMP re-solve: 0.000s

=== True-DRO Benders iter 17 ===
  OMP: t₀=12.947892, UB=18.914129, gap=3.15e-01, x=[0, 0, 0, 0, 0, 0, 0, 1, 0, 0, 0, 0, 0, 0, 0, 0, 0, 0, 0, 0, 0, 0, 0, 0, 0, 0, 0, 0, 0, 0, 0, 0, 0, 0, 0, 0, 0, 0, 0, 0, 0, 0, 0, 0, 0, 0, 0, 0, 0, 0, 0, 0, 0, 0, 0, 0, 0, 0, 0, 0, 0, 0, 0, 0, 0, 0, 0, 0, 0, 0, 0, 0, 1, 0, 0, 0] (0.000s)
  Sub: Z₀=21.730112 [LOCAL] (0.3s), α=[0.000,0.000,0.000,0.000,0.000,0.000,0.000,0.000,0.000,0.000,0.000,0.000,0.000,0.000,0.000,0.000,0.000,0.000,0.000,0.000,0.000,0.000,0.000,0.000,0.000,0.000,0.000,0.000,0.000,0.000,0.000,0.000,0.000,0.000,0.105,0.000,0.000,0.000,0.000,0.000,0.000,0.000,0.000,0.000,0.000,0.000,0.000,0.000,0.000,0.000,0.000,0.000,0.000,0.000,0.000,0.000,0.000,0.000,0.000,0.000,0.000,0.000,0.000,0.000,0.000,0.000,0.000,0.000,0.000,0.000,0.000,0.000,10.337,0.000,0.000,0.000]
  Iter 17: LB=12.947892  UB=18.914129  gap=3.15e-01
  Cut: intercept=-1126.809674, π_x_range=[-826.5601, 577.6504]
  Mini-Benders[1] (mw): LB=12.947892, Z₀(α*)=20.422741, intercept=-39.831698 (0.386s) [OMP=0.317 ISP-L=0.006 ISP-F=0.030 MW-L=0.018 MW-F=0.018]
  Mini-Benders[2] (mw): LB=12.947892, Z₀(α*)=21.833443, intercept=-26.445733 (0.403s) [OMP=0.330 ISP-L=0.005 ISP-F=0.027 MW-L=0.017 MW-F=0.018]
  Mini-Benders[3]: LB stagnated, break
  α-step: Z₀=20.812470, α=[0.000,0.000,0.000,0.000,0.000,0.000,0.000,0.000,0.000,0.000,0.000,0.000,0.000,0.000,0.000,0.000,0.000,0.000,0.000,0.000,0.000,0.000,0.000,0.000,0.000,0.000,0.000,0.000,0.000,0.000,0.000,0.000,0.000,0.000,0.000,0.000,0.000,0.000,0.000,0.000,0.000,0.000,0.000,0.000,0.000,0.000,0.000,0.000,0.000,0.000,0.000,0.000,0.000,0.000,0.000,0.000,0.000,0.000,0.000,0.000,0.000,0.000,0.000,0.000,0.000,0.000,0.000,0.000,0.000,0.000,0.000,0.000,10.443,0.000,0.000,0.000]
  Alt-Benders[1] (mw): LB=12.947892, Z₀(α*)=21.949188, intercept=-26.487821 (0.385s) [OMP=0.333 ISP-L=0.006 ISP-F=0.025 MW-L=0.018 MW-F=0.017]
  Alt-Benders[2] (mw): LB=12.947892, Z₀(α*)=21.279828, intercept=-38.461012 (0.417s) [OMP=0.355 ISP-L=0.005 ISP-F=0.029 MW-L=0.017 MW-F=0.018]
  Alt-Benders[3]: LB stagnated, break
  OMP re-solve: 0.000s

=== True-DRO Benders iter 18 ===
  OMP: t₀=12.947892, UB=18.914129, gap=3.15e-01, x=[0, 0, 0, 0, 0, 0, 0, 0, 0, 0, 0, 0, 0, 0, 0, 0, 1, 0, 0, 0, 0, 0, 0, 0, 0, 0, 0, 0, 0, 0, 0, 0, 0, 0, 0, 0, 0, 0, 0, 0, 0, 0, 0, 0, 0, 0, 0, 0, 0, 0, 0, 0, 0, 0, 0, 0, 0, 0, 0, 0, 0, 0, 0, 0, 0, 0, 0, 0, 0, 0, 0, 0, 1, 0, 0, 0] (0.001s)
  Sub: Z₀=21.373184 [LOCAL] (0.3s), α=[0.000,0.000,0.000,0.000,0.000,0.000,0.000,0.000,0.000,0.000,0.000,0.000,0.000,0.000,0.000,0.000,0.000,0.000,0.000,0.000,0.000,0.000,0.000,0.000,0.000,0.000,0.000,0.000,0.000,0.000,0.000,0.000,0.000,0.000,0.133,0.000,0.000,0.000,0.000,0.000,0.000,0.000,0.000,0.000,0.000,0.000,0.000,0.000,0.000,0.000,0.000,0.000,0.000,0.000,0.000,0.000,0.000,0.000,0.000,0.000,0.000,0.000,0.000,0.000,0.000,0.000,0.000,0.000,0.000,0.000,0.000,0.000,10.310,0.000,0.000,0.000]
  Iter 18: LB=12.947892  UB=18.914129  gap=3.15e-01
  Cut: intercept=-1134.961704, π_x_range=[-826.5150, 578.8692]
  Mini-Benders[1] (mw): LB=12.954285, Z₀(α*)=-53.939997, intercept=-160.694977 (0.370s) [OMP=0.303 ISP-L=0.006 ISP-F=0.024 MW-L=0.017 MW-F=0.022]
  Mini-Benders[2] (mw): LB=12.954285, Z₀(α*)=-53.939997, intercept=-160.694977 (0.416s) [OMP=0.345 ISP-L=0.005 ISP-F=0.023 MW-L=0.017 MW-F=0.021]
  Mini-Benders[3] (mw): LB=12.954285, Z₀(α*)=-53.939997, intercept=-160.694977 (0.417s) [OMP=0.347 ISP-L=0.006 ISP-F=0.023 MW-L=0.017 MW-F=0.022]
  Mini-Benders[4]: LB stagnated, break
  α-step: Z₀=12.954285, α=[0.000,0.000,0.000,0.000,0.000,0.000,0.000,0.000,0.000,0.000,0.000,0.000,0.000,0.000,0.000,0.000,0.000,0.000,0.000,0.000,0.000,0.000,0.000,0.000,0.000,0.000,0.000,0.000,0.000,0.000,0.000,0.000,0.000,0.000,0.000,0.000,0.000,0.000,0.000,0.000,0.000,0.000,0.000,0.000,0.000,0.000,0.000,0.000,0.000,0.000,0.138,0.000,0.000,0.000,0.000,0.000,0.000,0.000,0.000,0.000,0.000,0.000,0.000,0.000,0.000,0.000,0.000,0.000,0.000,0.000,0.000,10.304,0.000,0.000,0.000,0.000]
  Alt-Benders[1] (mw): LB=12.954285, Z₀(α*)=12.954285, intercept=-164.410825 (0.325s) [OMP=0.257 ISP-L=0.006 ISP-F=0.024 MW-L=0.018 MW-F=0.019]
  Alt-Benders[2] (mw): LB=12.954274, Z₀(α*)=12.954285, intercept=-164.410825 (0.448s) [OMP=0.380 ISP-L=0.006 ISP-F=0.025 MW-L=0.017 MW-F=0.020]
  Alt-Benders[3] (mw): LB=12.954274, Z₀(α*)=12.954285, intercept=-164.410825 (0.432s) [OMP=0.373 ISP-L=0.006 ISP-F=0.024 MW-L=0.017 MW-F=0.019]
  Alt-Benders[4]: LB stagnated, break
  OMP re-solve: 0.001s

=== True-DRO Benders iter 19 ===
  OMP: t₀=12.954274, UB=18.914129, gap=3.15e-01, x=[0, 0, 0, 0, 0, 0, 0, 0, 0, 0, 0, 0, 0, 0, 0, 0, 0, 0, 0, 0, 0, 0, 0, 0, 0, 0, 0, 0, 0, 0, 0, 0, 0, 0, 0, 0, 0, 0, 0, 0, 0, 0, 0, 0, 0, 0, 0, 0, 0, 0, 0, 0, 0, 1, 0, 0, 0, 0, 0, 0, 0, 0, 0, 0, 0, 0, 0, 0, 0, 0, 0, 1, 0, 0, 0, 0] (0.000s)
  Sub: Z₀=12.954281 [LOCAL] (0.3s), α=[0.000,0.000,0.000,0.000,0.000,0.000,0.000,0.000,0.000,0.000,0.000,0.000,0.000,0.000,0.000,0.000,0.000,0.000,0.000,0.000,0.000,0.000,0.000,0.000,0.000,0.000,0.000,0.000,0.000,0.000,0.000,0.000,0.000,0.000,0.000,0.000,0.000,0.000,0.000,0.000,0.000,0.000,0.000,0.000,0.000,0.000,0.000,0.000,0.000,0.000,0.007,0.000,0.000,0.103,0.000,0.004,0.000,0.000,0.000,0.000,0.000,0.000,0.000,0.000,0.000,0.000,0.000,0.000,0.000,0.000,0.000,10.328,0.000,0.000,0.000,0.000]
  Iter 19: LB=12.954274  UB=18.914129  gap=3.15e-01
  Cut: intercept=-1119.506263, π_x_range=[-824.1065, 569.7923]
  Mini-Benders[1] (mw): LB=12.954274, Z₀(α*)=12.954285, intercept=-164.410826 (0.448s) [OMP=0.370 ISP-L=0.006 ISP-F=0.025 MW-L=0.017 MW-F=0.020]
  Mini-Benders[2] (mw): LB=12.954283, Z₀(α*)=12.954285, intercept=-164.410826 (0.448s) [OMP=0.377 ISP-L=0.006 ISP-F=0.025 MW-L=0.018 MW-F=0.019]
  Mini-Benders[3] (mw): LB=12.954283, Z₀(α*)=12.954285, intercept=-164.410826 (0.464s) [OMP=0.388 ISP-L=0.006 ISP-F=0.025 MW-L=0.017 MW-F=0.019]
  Mini-Benders[4] (mw): LB=12.954283, Z₀(α*)=12.954285, intercept=-164.410826 (0.432s) [OMP=0.372 ISP-L=0.006 ISP-F=0.025 MW-L=0.018 MW-F=0.019]
  Mini-Benders[5]: LB stagnated, break
  α-step: Z₀=12.954285, α=[0.000,0.000,0.000,0.000,0.000,0.000,0.000,0.000,0.000,0.000,0.000,0.000,0.000,0.000,0.000,0.000,0.000,0.000,0.000,0.000,0.000,0.000,0.000,0.000,0.000,0.000,0.000,0.000,0.000,0.000,0.000,0.000,0.000,0.000,0.000,0.000,0.000,0.000,0.000,0.000,0.000,0.000,0.000,0.000,0.000,0.000,0.000,0.000,0.000,0.000,0.138,0.000,0.000,0.000,0.000,0.000,0.000,0.000,0.000,0.000,0.000,0.000,0.000,0.000,0.000,0.000,0.000,0.000,0.000,0.000,0.000,10.304,0.000,0.000,0.000,0.000]
  Alt-Benders[1] (mw): LB=12.954283, Z₀(α*)=12.954285, intercept=-164.410825 (0.439s) [OMP=0.374 ISP-L=0.006 ISP-F=0.024 MW-L=0.017 MW-F=0.019]
  Alt-Benders[2] (mw): LB=12.954283, Z₀(α*)=12.954285, intercept=-164.410825 (0.448s) [OMP=0.384 ISP-L=0.006 ISP-F=0.024 MW-L=0.017 MW-F=0.020]
  Alt-Benders[3] (mw): LB=12.954283, Z₀(α*)=12.954285, intercept=-164.410825 (0.448s) [OMP=0.375 ISP-L=0.006 ISP-F=0.025 MW-L=0.017 MW-F=0.019]
  Alt-Benders[4]: LB stagnated, break
  OMP re-solve: 0.001s

=== True-DRO Benders iter 20 ===
  OMP: t₀=12.954283, UB=18.914129, gap=3.15e-01, x=[0, 0, 0, 0, 0, 0, 0, 0, 0, 0, 0, 0, 0, 0, 0, 0, 0, 0, 0, 0, 0, 0, 0, 0, 0, 0, 0, 0, 0, 0, 0, 0, 0, 0, 0, 0, 0, 0, 0, 0, 0, 0, 0, 0, 0, 0, 0, 0, 0, 0, 0, 0, 0, 1, 0, 0, 0, 0, 0, 0, 0, 0, 0, 0, 0, 0, 0, 0, 0, 0, 0, 1, 0, 0, 0, 0] (0.000s)
  Sub: Z₀=12.954285 (0.2s), α=[0.000,0.000,0.000,0.000,0.000,0.000,0.000,0.000,0.000,0.000,0.000,0.000,0.000,0.000,0.000,0.000,0.000,0.000,0.000,0.000,0.000,0.000,0.000,0.000,0.000,0.000,0.000,0.000,0.000,0.000,0.000,0.000,0.000,0.000,0.000,0.000,0.000,0.000,0.000,0.000,0.000,0.000,0.000,0.000,0.000,0.000,0.000,0.000,0.000,0.000,0.138,0.000,0.000,0.000,0.000,0.000,0.000,0.000,0.000,0.000,0.000,0.000,0.000,0.000,0.000,0.000,0.000,0.000,0.000,0.000,0.000,10.304,0.000,0.000,0.000,0.000]
  Iter 20: LB=12.954283  UB=12.954285  gap=1.57e-07
True-DRO Benders converged at iter 20 (gap=1.57e-07)
  Wall time: 59.86 sec
  OMP  time: mean=0.208s, median=0.257s, max=0.393s
  Sub  time (exact): mean=0.219s, median=0.218s, q90=0.226s, max=0.229s (n=4/20)

Result (nominal): Z₀=12.954285, iters=20, time=60.0s
x arcs = [54, 72]
