(B) max(LP − Ω) = 1.23e-04  (원소 x₁=[1, 2, 3, 4] 를 x₂=[3, 4] 에서)  → 유효
(C) x₂ 별: Ω, menu max, gap, max 달성 원소 수 (상대 1e-6 이내)
    x=Int64[]        Ω=    -0.0000  max=     0.0000  gap=-2.8e-12  달성 12/16  (자기 원소 LP     -0.0000)
    x=[1]            Ω=  -480.6666  max=  -480.6667  gap=4.9e-05  달성  1/16  (자기 원소 LP   -480.6667)
    x=[2]            Ω=  -480.6666  max=  -480.6667  gap=4.7e-05  달성  3/16  (자기 원소 LP   -480.6667)
    x=[3]            Ω=  -725.0000  max=  -725.0000  gap=4.9e-05  달성  4/16  (자기 원소 LP   -725.0000)
    x=[4]            Ω= -1520.4444  max= -1520.4444  gap=6.2e-05  달성  4/16  (자기 원소 LP  -1520.4444)
    x=[1, 2]         Ω=  -480.6666  max=  -480.6667  gap=5.1e-05  달성  3/16  (자기 원소 LP   -480.6667)
    x=[1, 3]         Ω= -1239.8333  max= -1239.8333  gap=4.8e-05  달성  2/16  (자기 원소 LP  -1239.8333)
    x=[2, 3]         Ω= -1239.8333  max= -1239.8333  gap=6.4e-05  달성  4/16  (자기 원소 LP  -1239.8333)
    x=[1, 4]         Ω= -1520.4444  max= -1520.4444  gap=8.5e-05  달성  4/16  (자기 원소 LP  -1520.4444)
    x=[2, 4]         Ω= -1520.4444  max= -1520.4444  gap=6.5e-05  달성  4/16  (자기 원소 LP  -1520.4444)
    x=[3, 4]         Ω= -2396.0001  max= -2396.0000  gap=-1.2e-04  달성  8/16  (자기 원소 LP  -2396.0000)
    x=[1, 2, 3]      Ω= -1239.8333  max= -1239.8333  gap=5.0e-05  달성  4/16  (자기 원소 LP  -1239.8333)
    x=[1, 2, 4]      Ω= -1520.4444  max= -1520.4444  gap=6.6e-05  달성  4/16  (자기 원소 LP  -1520.4444)
    x=[1, 3, 4]      Ω= -2396.0000  max= -2396.0000  gap=-3.3e-05  달성  8/16  (자기 원소 LP  -2396.0000)
    x=[2, 3, 4]      Ω= -2396.0000  max= -2396.0000  gap=-4.5e-05  달성  7/16  (자기 원소 LP  -2396.0000)
    x=[1, 2, 3, 4]   Ω= -2396.0000  max= -2396.0000  gap=-4.4e-05  달성  7/16  (자기 원소 LP  -2396.0000)
  원소별 exact 인 x₂ 수 (LP ≥ Ω − 1e-6 상대):
    원소 x₁=Int64[]        exact at  1 x: Int64[]
    원소 x₁=[1]            exact at  4 x: Int64[] [1] [2] [1, 2]
    원소 x₁=[2]            exact at  3 x: Int64[] [2] [1, 2]
    원소 x₁=[1, 2]         exact at  3 x: Int64[] [2] [1, 2]
    원소 x₁=[3]            exact at  9 x: Int64[] [3] [1, 3] [2, 3] [3, 4] [1, 2, 3] [1, 3, 4] [2, 3, 4] [1, 2, 3, 4]
    원소 x₁=[1, 3]         exact at  9 x: Int64[] [3] [1, 3] [2, 3] [3, 4] [1, 2, 3] [1, 3, 4] [2, 3, 4] [1, 2, 3, 4]
    원소 x₁=[2, 3]         exact at  8 x: Int64[] [3] [2, 3] [3, 4] [1, 2, 3] [1, 3, 4] [2, 3, 4] [1, 2, 3, 4]
    원소 x₁=[1, 2, 3]      exact at  8 x: Int64[] [3] [2, 3] [3, 4] [1, 2, 3] [1, 3, 4] [2, 3, 4] [1, 2, 3, 4]
    원소 x₁=[4]            exact at  5 x: Int64[] [4] [1, 4] [2, 4] [1, 2, 4]
    원소 x₁=[1, 4]         exact at  5 x: Int64[] [4] [1, 4] [2, 4] [1, 2, 4]
    원소 x₁=[2, 4]         exact at  5 x: Int64[] [4] [1, 4] [2, 4] [1, 2, 4]
    원소 x₁=[1, 2, 4]      exact at  5 x: Int64[] [4] [1, 4] [2, 4] [1, 2, 4]
    원소 x₁=[3, 4]         exact at  2 x: [3, 4] [1, 3, 4]
    원소 x₁=[1, 3, 4]      exact at  4 x: [3, 4] [1, 3, 4] [2, 3, 4] [1, 2, 3, 4]
    원소 x₁=[2, 3, 4]      exact at  4 x: [3, 4] [1, 3, 4] [2, 3, 4] [1, 2, 3, 4]
    원소 x₁=[1, 2, 3, 4]   exact at  4 x: [3, 4] [1, 3, 4] [2, 3, 4] [1, 2, 3, 4]
  greedy 최소 menu (모든 x 를 exact 로 덮음): 3 개 (원소 x₁ = [1], [3], [4])
  시나리오 1: 고유 인증서 σˢ 9 개 / 원소 16
  시나리오 2: 고유 인증서 σˢ 9 개 / 원소 16
  시나리오 3: 고유 인증서 σˢ 9 개 / 원소 16
  고유 belief (r, d) 12 개 / 원소 16
    r=[0.1111, 0.8889, 0.0] d=[0.5333, 0.3333, 0.1333]
    r=[0.0, 0.8889, 0.1111] d=[0.5333, 0.3333, 0.1333]
    r=[0.0, 0.8889, 0.1111] d=[0.3333, 0.1333, 0.5333]
    r=[0.1111, 0.0, 0.8889] d=[0.5333, 0.3333, 0.1333]
    r=[0.1111, 0.0, 0.8889] d=[0.1333, 0.5333, 0.3333]
    r=[0.1111, 0.0, 0.8889] d=[0.3333, 0.5333, 0.1333]
    r=[0.1111, 0.0, 0.8889] d=[0.3333, 0.1333, 0.5333]
    r=[0.8889, 0.1111, 0.0] d=[0.1333, 0.5333, 0.3333]
    r=[0.8889, 0.1111, 0.0] d=[0.3333, 0.1333, 0.5333]
    r=[0.8889, 0.1111, 0.0] d=[0.5333, 0.1333, 0.3333]
    r=[0.1111, 0.0, 0.8889] d=[0.1333, 0.3333, 0.5333]
    r=[0.1111, 0.0, 0.8889] d=[0.5333, 0.1333, 0.3333]
