Set parameter WLSAccessID
Set parameter WLSSecret
Set parameter LicenseID to value 926906
Academic license 926906 - for non-commercial use only - registered to se___@postech.ac.kr
location_n8_A1_B4_S3_seed4: θᵁ=50.0  max π̂ᵁ=65.0  λᵁ=1000.0

(A) exactness: LP(belief(x), σ) at x  vs  Ω(x)
  x             KKT V*(x)         Ω(x) |  recomp/hrow   recomp/all     sol/hrow      sol/all
  Int64[]         -0.0000      -0.0000 |      -0.0000      -0.0000      -0.0000      -0.0000   max gap 4.4e-09
  [1]           -480.6667    -480.6666 |    -480.6667    -480.6667    -480.6667    -480.6667   max gap 4.9e-05
  [2]           -480.6667    -480.6666 |    -480.6667    -480.6667    -480.6667    -480.6667   max gap 4.7e-05
  [1, 2]        -480.6667    -480.6666 |    -480.6667    -480.6667    -480.6667    -480.6667   max gap 5.1e-05
  [3]           -725.0000    -725.0000 |    -725.0000    -725.0000    -725.0000    -725.0000   max gap 4.9e-05
  [1, 3]       -1239.8333   -1239.8333 |   -1239.8333   -1239.8333   -1239.8333   -1239.8333   max gap 4.8e-05
  [2, 3]       -1239.8333   -1239.8333 |   -1239.8333   -1239.8333   -1239.8333   -1239.8333   max gap 6.4e-05
  [1, 2, 3]    -1239.8333   -1239.8333 |   -1239.8333   -1239.8333   -1239.8333   -1239.8333   max gap 5.0e-05
  [4]          -1520.4444   -1520.4444 |   -1520.4444   -1520.4444   -1520.4444   -1520.4444   max gap 6.2e-05
  [1, 4]       -1520.4444   -1520.4444 |   -1520.4444   -1520.4444   -1520.4444   -1520.4444   max gap 8.5e-05
  [2, 4]       -1520.4444   -1520.4444 |   -1520.4444   -1520.4444   -1520.4444   -1520.4444   max gap 6.5e-05
  [1, 2, 4]    -1520.4444   -1520.4444 |   -1520.4444   -1520.4444   -1520.4444   -1520.4444   max gap 6.6e-05
  [3, 4]       -2396.0000   -2396.0001 |   -2396.0000   -2396.0000   -2396.0001   -2396.0001   max gap -7.2e-08
  [1, 3, 4]    -2396.0000   -2396.0000 |   -2396.0000   -2396.0000   -2396.0000   -2396.0001   max gap 2.2e-05
  [2, 3, 4]    -2396.0000   -2396.0000 |   -2396.0000   -2396.0000   -2396.0000   -2396.0000   max gap -2.6e-07
  [1, 2, 3, 4]   -2396.0000   -2396.0000 |   -2396.0000   -2396.0000   -2396.0000   -2396.0001   max gap 1.6e-05
┌ Warning: Assignment to `worst_viol` in soft scope is ambiguous because a global variable by the same name exists: `worst_viol` will be treated as a new local. Disambiguate by using `local worst_viol` to suppress this warning or `global worst_viol` to assign to the existing global variable.
└ @ F:\github_projects\robust_bilevel_network_games\nonzero_sum\test_nz_belief_menu.jl:67
┌ Warning: Assignment to `worst_pair` in soft scope is ambiguous because a global variable by the same name exists: `worst_pair` will be treated as a new local. Disambiguate by using `local worst_pair` to suppress this warning or `global worst_pair` to assign to the existing global variable.
└ @ F:\github_projects\robust_bilevel_network_games\nonzero_sum\test_nz_belief_menu.jl:67
ERROR: LoadError: UndefVarError: `worst_viol` not defined in local scope
Suggestion: check for an assignment to a local variable that shadows a global of the same name.
Stacktrace:
 [1] top-level scope
   @ F:\github_projects\robust_bilevel_network_games\nonzero_sum\test_nz_belief_menu.jl:67
 [2] include(mod::Module, _path::String)
   @ Base .\Base.jl:306
 [3] exec_options(opts::Base.JLOptions)
   @ Base .\client.jl:317
 [4] _start()
   @ Base .\client.jl:550
in expression starting at F:\github_projects\robust_bilevel_network_games\nonzero_sum\test_nz_belief_menu.jl:64

(B) validity / (C) 충분성: 원소 (x₁ 에서 얻은 belief, σ:recompute) 를 x₂ 에서
