Set parameter WLSAccessID
Set parameter WLSSecret
Set parameter LicenseID to value 926906
Academic license 926906 - for non-commercial use only - registered to se___@postech.ac.kr
maxflow_K30_S10  K/nx=30 S=10 ε̂=0.20 ε̃=0.20 β=0.70 θᵁ=0.0 λᵁ=10.0
================================================================================
δ = Inf
================================================================================
  [orcl] it   1 LB=-10000000.0000 UB=    26.1073 x=Int64[]    Ω=    26.1073 (4.0s) menu=1 (+belief, LP@x̄=26.1073, gap 0.0e+00)
  [menu] it   2 LB=  -133.2982 UB=    26.1073 x=[8, 11]    menu cut 1/1 (V_menu=22.6040)
  [menu] it   3 LB=  -133.2956 UB=    26.1073 x=[5, 8]     menu cut 1/1 (V_menu=13.6808)
  [menu] it   4 LB=  -121.4391 UB=    26.1073 x=[19, 27]   menu cut 1/1 (V_menu=19.9981)
  [menu] it   5 LB=  -102.2570 UB=    26.1073 x=[8, 26]    menu cut 1/1 (V_menu=14.5884)
  [menu] it   6 LB=   -96.7920 UB=    26.1073 x=[5, 28]    menu cut 1/1 (V_menu=12.6931)
  [menu] it   7 LB=   -91.8424 UB=    26.1073 x=[11, 28]   menu cut 1/1 (V_menu=13.2193)
  [menu] it   8 LB=   -90.4367 UB=    26.1073 x=[8, 20]    menu cut 1/1 (V_menu=20.1504)
  [menu] it   9 LB=   -87.0942 UB=    26.1073 x=[26, 28]   menu cut 1/1 (V_menu=12.5374)
  [menu] it  10 LB=   -82.5397 UB=    26.1073 x=[18, 19]   menu cut 1/1 (V_menu=20.3712)
  [menu] it  11 LB=   -75.2562 UB=    26.1073 x=[18, 27]   menu cut 1/1 (V_menu=21.2561)
  [menu] it  12 LB=   -69.3458 UB=    26.1073 x=[26, 27]   menu cut 1/1 (V_menu=13.9628)
  [menu] it  13 LB=   -68.7983 UB=    26.1073 x=[11, 19]   menu cut 1/1 (V_menu=20.3380)
  [menu] it  14 LB=   -68.5192 UB=    26.1073 x=[11, 26]   menu cut 1/1 (V_menu=11.7689)
  [menu] it  15 LB=   -66.2039 UB=    26.1073 x=[8, 28]    menu cut 1/1 (V_menu=17.3350)
  [menu] it  16 LB=   -63.0686 UB=    26.1073 x=[7, 20]    menu cut 1/1 (V_menu=18.6210)
  [menu] it  17 LB=   -61.8017 UB=    26.1073 x=[5, 27]    menu cut 1/1 (V_menu=13.9628)
  [menu] it  18 LB=   -60.6427 UB=    26.1073 x=[11, 27]   menu cut 1/1 (V_menu=15.9939)
  [menu] it  19 LB=   -55.7137 UB=    26.1073 x=[8, 27]    menu cut 1/1 (V_menu=17.1962)
  [menu] it  20 LB=   -55.6246 UB=    26.1073 x=[5, 26]    menu cut 1/1 (V_menu=11.7189)
  [menu] it  21 LB=   -54.2430 UB=    26.1073 x=[18, 28]   menu cut 1/1 (V_menu=17.5484)
  [menu] it  22 LB=   -50.9880 UB=    26.1073 x=[19, 26]   menu cut 1/1 (V_menu=15.3539)
  [menu] it  23 LB=   -50.2956 UB=    26.1073 x=[8, 23]    menu cut 1/1 (V_menu=20.1504)
  [menu] it  24 LB=   -49.5845 UB=    26.1073 x=[5, 7]     menu cut 1/1 (V_menu=9.8427)
  [menu] it  25 LB=   -49.1479 UB=    26.1073 x=[18, 20]   menu cut 1/1 (V_menu=18.1101)
  [menu] it  26 LB=   -48.8891 UB=    26.1073 x=[19, 28]   menu cut 1/1 (V_menu=16.9175)
  [menu] it  27 LB=   -44.2636 UB=    26.1073 x=[5, 19]    menu cut 1/1 (V_menu=14.5856)
  [menu] it  28 LB=   -43.8175 UB=    26.1073 x=[7, 18]    menu cut 1/1 (V_menu=22.7055)
  [menu] it  29 LB=   -42.8275 UB=    26.1073 x=[8, 19]    menu cut 1/1 (V_menu=19.9981)
  [menu] it  30 LB=   -42.7248 UB=    26.1073 x=[7, 11]    menu cut 1/1 (V_menu=18.2664)
  [menu] it  31 LB=   -36.4267 UB=    26.1073 x=[18, 23]   menu cut 1/1 (V_menu=18.1101)
  [menu] it  32 LB=   -35.3415 UB=    26.1073 x=[7, 19]    menu cut 1/1 (V_menu=19.9981)
  [menu] it  33 LB=   -33.9754 UB=    26.1073 x=[5, 11]    menu cut 1/1 (V_menu=11.7689)
  [menu] it  34 LB=   -32.6223 UB=    26.1073 x=[19, 20]   menu cut 1/1 (V_menu=19.9981)
  [menu] it  35 LB=   -29.1757 UB=    26.1073 x=[8, 18]    menu cut 1/1 (V_menu=23.7205)
  [menu] it  36 LB=   -27.3812 UB=    26.1073 x=[11, 18]   menu cut 1/1 (V_menu=23.1141)
  [menu] it  37 LB=   -26.0825 UB=    26.1073 x=[18, 26]   menu cut 1/1 (V_menu=15.3539)
  [menu] it  38 LB=   -25.2295 UB=    26.1073 x=[7, 27]    menu cut 1/1 (V_menu=18.9865)
  [menu] it  39 LB=   -23.7889 UB=    26.1073 x=[11, 20]   menu cut 1/1 (V_menu=20.3059)
  [menu] it  40 LB=   -23.7475 UB=    26.1073 x=[5, 18]    menu cut 1/1 (V_menu=14.9455)
  [menu] it  41 LB=   -23.3470 UB=    26.1073 x=[20, 27]   menu cut 1/1 (V_menu=18.4658)
  [menu] it  42 LB=   -19.0642 UB=    26.1073 x=[7, 28]    menu cut 1/1 (V_menu=14.7176)
  [menu] it  43 LB=   -18.4108 UB=    26.1073 x=[5, 20]    menu cut 1/1 (V_menu=14.9238)
  [menu] it  44 LB=   -16.8364 UB=    26.1073 x=[19, 23]   menu cut 1/1 (V_menu=19.9981)
  [menu] it  45 LB=   -16.8167 UB=    26.1073 x=[7, 8]     menu cut 1/1 (V_menu=20.4273)
  [menu] it  46 LB=   -15.8195 UB=    26.1073 x=[11, 23]   menu cut 1/1 (V_menu=20.3059)
  [menu] it  47 LB=   -13.8051 UB=    26.1073 x=[7, 23]    menu cut 1/1 (V_menu=18.5007)
  [menu] it  48 LB=   -11.3167 UB=    26.1073 x=[4, 26]    menu cut 1/1 (V_menu=15.3539)
  [menu] it  49 LB=   -10.9435 UB=    26.1073 x=[4, 19]    menu cut 1/1 (V_menu=22.7055)
  [menu] it  50 LB=   -10.9115 UB=    26.1073 x=[9, 18]    menu cut 1/1 (V_menu=24.2905)
  [menu] it  51 LB=   -10.7362 UB=    26.1073 x=[15, 27]   menu cut 1/1 (V_menu=18.9865)
  [menu] it  52 LB=   -10.5826 UB=    26.1073 x=[20, 28]   menu cut 1/1 (V_menu=16.0564)
  [menu] it  53 LB=    -9.7647 UB=    26.1073 x=[20, 26]   menu cut 1/1 (V_menu=15.3539)
  [menu] it  54 LB=    -9.6876 UB=    26.1073 x=[20, 23]   menu cut 1/1 (V_menu=20.3059)
  [menu] it  55 LB=    -8.5785 UB=    26.1073 x=[15, 19]   menu cut 1/1 (V_menu=19.9981)
  [menu] it  56 LB=    -8.5366 UB=    26.1073 x=[7, 15]    menu cut 1/1 (V_menu=21.5474)
  [menu] it  57 LB=    -8.4275 UB=    26.1073 x=[5, 15]    menu cut 1/1 (V_menu=10.8146)
  [menu] it  58 LB=    -7.5612 UB=    26.1073 x=[23, 27]   menu cut 1/1 (V_menu=17.8812)
  [menu] it  59 LB=    -5.5626 UB=    26.1073 x=[15, 26]   menu cut 1/1 (V_menu=10.8146)
  [menu] it  60 LB=    -4.5709 UB=    26.1073 x=[15, 28]   menu cut 1/1 (V_menu=14.2641)
  [menu] it  61 LB=    -2.6250 UB=    26.1073 x=[5, 23]    menu cut 1/1 (V_menu=14.9238)
  [menu] it  62 LB=    -2.4800 UB=    26.1073 x=[9, 20]    menu cut 1/1 (V_menu=20.3059)
  [menu] it  63 LB=    -0.2275 UB=    26.1073 x=[15, 23]   menu cut 1/1 (V_menu=20.3059)
  [menu] it  64 LB=     0.0736 UB=    26.1073 x=[5, 9]     menu cut 1/1 (V_menu=14.9455)
  [menu] it  65 LB=     2.6000 UB=    26.1073 x=[22, 27]   menu cut 1/1 (V_menu=21.2561)
  [menu] it  66 LB=     2.7491 UB=    26.1073 x=[23, 28]   menu cut 1/1 (V_menu=16.1085)
  [menu] it  67 LB=     6.0212 UB=    26.1073 x=[23, 26]   menu cut 1/1 (V_menu=15.3539)
  [menu] it  68 LB=     7.7392 UB=    26.1073 x=[11, 15]   menu cut 1/1 (V_menu=19.5284)
  [menu] it  69 LB=     7.8431 UB=    26.1073 x=[15, 22]   menu cut 1/1 (V_menu=24.0026)
  [menu] it  70 LB=     8.0838 UB=    26.1073 x=[8, 15]    menu cut 1/1 (V_menu=21.7496)
  [menu] it  71 LB=     8.7198 UB=    26.1073 x=[9, 26]    menu cut 1/1 (V_menu=15.3539)
  [menu] it  72 LB=     8.7601 UB=    26.1073 x=[9, 19]    menu cut 1/1 (V_menu=19.9981)
  [menu] it  73 LB=     8.8839 UB=    26.1073 x=[4, 28]    menu cut 1/1 (V_menu=16.9175)
  [menu] it  74 LB=     9.4232 UB=    26.1073 x=[9, 23]    menu cut 1/1 (V_menu=20.3059)
  [menu] it  75 LB=     9.6010 UB=    26.1073 x=[9, 11]    menu cut 1/1 (V_menu=23.1141)
  [menu] it  76 LB=     9.7279 UB=    26.1073 x=[7, 9]     menu cut 1/1 (V_menu=22.7055)
  [orcl] it  77 LB=     9.8427 UB=    19.3986 x=[5, 7]     Ω=    10.1603 (0.7s) menu=2 (+belief, LP@x̄=13.2314, gap -3.1e+00)
  [menu] it  78 LB=    10.1603 UB=    19.3986 x=[5, 7]     menu cut 1/2 (V_menu=13.2314)
  [menu] it  79 LB=    10.2555 UB=    19.3986 x=[9, 27]    menu cut 2/2 (V_menu=21.2561)
  [orcl] it  80 LB=    10.8146 UB=    19.3986 x=[15, 26]   Ω=    16.2339 (0.7s) menu=3 (+belief, LP@x̄=16.4297, gap -2.0e-01)
  [menu] it  81 LB=    10.8146 UB=    19.3986 x=[5, 15]    menu cut 2/3 (V_menu=17.7799)
  [menu] it  82 LB=    11.7189 UB=    19.3986 x=[5, 26]    menu cut 1/3 (V_menu=20.3595)
  [menu] it  83 LB=    11.7689 UB=    19.3986 x=[5, 11]    menu cut 1/3 (V_menu=17.0596)
  [menu] it  84 LB=    11.7689 UB=    19.3986 x=[11, 26]   menu cut 1/3 (V_menu=17.2151)
  [menu] it  85 LB=    11.8653 UB=    19.3986 x=[15, 20]   menu cut 3/3 (V_menu=21.3973)
  [menu] it  86 LB=    12.3546 UB=    19.3986 x=[11, 14]   menu cut 2/3 (V_menu=22.6040)
  [menu] it  87 LB=    12.5374 UB=    19.3986 x=[26, 28]   menu cut 1/3 (V_menu=18.4426)
  [menu] it  88 LB=    12.6931 UB=    19.3986 x=[5, 28]    menu cut 2/3 (V_menu=17.9820)
  [menu] it  89 LB=    13.0019 UB=    19.3986 x=[9, 15]    menu cut 3/3 (V_menu=24.0026)
  [menu] it  90 LB=    13.2193 UB=    19.3986 x=[11, 28]   menu cut 1/3 (V_menu=17.4308)
  [menu] it  91 LB=    13.2314 UB=    19.3986 x=[5, 7]     menu cut 1/3 (V_menu=15.5741)
  [menu] it  92 LB=    13.6755 UB=    19.3986 x=[15, 18]   menu cut 3/3 (V_menu=24.0026)
  [menu] it  93 LB=    13.6808 UB=    19.3986 x=[5, 8]     menu cut 2/3 (V_menu=15.6426)
  [menu] it  94 LB=    13.7715 UB=    19.3986 x=[8, 9]     menu cut 3/3 (V_menu=23.7205)
  [menu] it  95 LB=    13.9628 UB=    19.3986 x=[5, 27]    menu cut 1/3 (V_menu=15.8382)
  [menu] it  96 LB=    13.9628 UB=    19.3986 x=[26, 27]   menu cut 1/3 (V_menu=16.1601)
  [menu] it  97 LB=    14.2641 UB=    19.3986 x=[15, 28]   menu cut 2/3 (V_menu=19.3780)
  [menu] it  98 LB=    14.2878 UB=    19.3986 x=[5, 22]    menu cut 3/3 (V_menu=18.0150)
  [menu] it  99 LB=    14.5856 UB=    19.3986 x=[5, 19]    menu cut 2/3 (V_menu=18.2028)
  [menu] it 100 LB=    14.5884 UB=    19.3986 x=[8, 26]    menu cut 1/3 (V_menu=15.1629)
  [menu] it 101 LB=    14.6121 UB=    19.3986 x=[5, 14]    menu cut 3/3 (V_menu=18.0150)
  [menu] it 102 LB=    14.6924 UB=    19.3986 x=[14, 23]   menu cut 3/3 (V_menu=20.3411)
  [menu] it 103 LB=    14.6962 UB=    19.3986 x=[22, 26]   menu cut 2/3 (V_menu=18.4426)
  [menu] it 104 LB=    14.7176 UB=    19.3986 x=[7, 28]    menu cut 2/3 (V_menu=19.3780)
  [menu] it 105 LB=    14.9238 UB=    19.3986 x=[5, 23]    menu cut 2/3 (V_menu=17.7917)
  [menu] it 106 LB=    14.9238 UB=    19.3986 x=[5, 20]    menu cut 2/3 (V_menu=17.7917)
  [menu] it 107 LB=    14.9455 UB=    19.3986 x=[5, 18]    menu cut 2/3 (V_menu=18.0150)
  [orcl] it 108 LB=    15.1629 UB=    19.3986 x=[8, 26]    Ω=    18.5472 (0.2s) menu=4 (+belief, LP@x̄=21.0257, gap -2.5e+00)
  [menu] it 109 LB=    15.2539 UB=    19.3986 x=[14, 26]   menu cut 3/4 (V_menu=20.8679)
  [menu] it 110 LB=    15.3539 UB=    19.3986 x=[18, 26]   menu cut 2/4 (V_menu=20.8679)
  [menu] it 111 LB=    15.3539 UB=    19.3986 x=[19, 26]   menu cut 2/4 (V_menu=18.4426)
  [menu] it 112 LB=    15.3539 UB=    19.3986 x=[20, 26]   menu cut 1/4 (V_menu=18.4426)
  [menu] it 113 LB=    15.3539 UB=    19.3986 x=[23, 26]   menu cut 1/4 (V_menu=18.4426)
  [menu] it 114 LB=    15.3539 UB=    19.3986 x=[4, 26]    menu cut 2/4 (V_menu=20.8679)
  [menu] it 115 LB=    15.5741 UB=    19.3986 x=[5, 7]     menu cut 1/4 (V_menu=18.6420)
  [menu] it 116 LB=    15.6426 UB=    19.3986 x=[5, 8]     menu cut 1/4 (V_menu=18.6420)
  [orcl] it 117 LB=    15.8382 UB=    16.8314 x=[5, 27]    Ω=    16.0496 (29.9s) menu=5 (+belief, LP@x̄=16.2152, gap -1.7e-01)
  [menu] it 118 LB=    15.9394 UB=    16.8314 x=[20, 22]   menu cut 5/5 (V_menu=20.3059)
  [orcl] it 119 LB=    15.9939 UB=    16.8314 x=[11, 27]   Ω=    17.4411 (0.5s) menu=6 (+belief, LP@x̄=19.8061, gap -2.4e+00)
  [menu] it 120 LB=    16.0194 UB=    16.8314 x=[5, 9]     menu cut 2/6 (V_menu=18.1672)
  [menu] it 121 LB=    16.0496 UB=    16.8314 x=[5, 27]    menu cut 1/6 (V_menu=16.2152)
  [menu] it 122 LB=    16.0564 UB=    16.8314 x=[20, 28]   menu cut 4/6 (V_menu=19.2028)
  [menu] it 123 LB=    16.1085 UB=    16.8314 x=[23, 28]   menu cut 4/6 (V_menu=19.2028)
  [orcl] it 124 LB=    16.1601 UB=    16.8314 x=[26, 27]   Ω=    18.1347 (0.3s) menu=7 (+belief, LP@x̄=19.0913, gap -9.6e-01)
  [orcl] it 125 LB=    16.2152 UB=    16.3656 x=[5, 27]    Ω=    16.2152 (600.0s) menu=7
  [orcl] it 126 LB=    16.2152 UB=    16.2954 x=[5, 27]    Ω=    16.2152 (2073.1s) menu=7
δ=Inf   Optimal x*=[5, 27] LB=16.215182 UB=16.295351 iter=127 oracle=9 menu=7 wall=2723.9s
================================================================================
δ = 0.1
================================================================================
  [orcl] it   1 LB=-10000000.0000 UB=    26.1073 x=Int64[]    Ω=    26.1073 (0.5s) menu=1 (+belief, LP@x̄=26.1073, gap 7.1e-15)
  [menu] it   2 LB=  -152.2131 UB=    26.1073 x=[5, 27]    menu cut 1/1 (V_menu=13.5569)
  [menu] it   3 LB=  -125.7169 UB=    26.1073 x=[11, 26]   menu cut 1/1 (V_menu=15.1603)
  [menu] it   4 LB=  -121.2657 UB=    26.1073 x=[8, 26]    menu cut 1/1 (V_menu=13.8632)
  [menu] it   5 LB=  -113.5543 UB=    26.1073 x=[5, 28]    menu cut 1/1 (V_menu=12.6931)
  [menu] it   6 LB=  -104.1033 UB=    26.1073 x=[7, 27]    menu cut 1/1 (V_menu=18.9865)
  [menu] it   7 LB=  -102.5811 UB=    26.1073 x=[20, 26]   menu cut 1/1 (V_menu=15.3539)
  [menu] it   8 LB=  -101.1723 UB=    26.1073 x=[11, 19]   menu cut 1/1 (V_menu=20.3465)
  [menu] it   9 LB=   -95.2562 UB=    26.1073 x=[26, 27]   menu cut 1/1 (V_menu=13.4470)
  [menu] it  10 LB=   -94.5788 UB=    26.1073 x=[8, 28]    menu cut 1/1 (V_menu=17.7914)
  [menu] it  11 LB=   -91.5638 UB=    26.1073 x=[19, 20]   menu cut 1/1 (V_menu=20.2562)
  [menu] it  12 LB=   -86.3796 UB=    26.1073 x=[11, 27]   menu cut 1/1 (V_menu=19.5183)
  [menu] it  13 LB=   -84.2531 UB=    26.1073 x=[18, 19]   menu cut 1/1 (V_menu=21.1162)
  [menu] it  14 LB=   -79.5997 UB=    26.1073 x=[7, 28]    menu cut 1/1 (V_menu=16.9176)
  [menu] it  15 LB=   -79.4071 UB=    26.1073 x=[8, 20]    menu cut 1/1 (V_menu=20.1504)
  [menu] it  16 LB=   -73.0627 UB=    26.1073 x=[11, 28]   menu cut 1/1 (V_menu=16.5412)
  [menu] it  17 LB=   -71.9411 UB=    26.1073 x=[8, 11]    menu cut 1/1 (V_menu=22.6262)
  [menu] it  18 LB=   -71.6139 UB=    26.1073 x=[8, 27]    menu cut 1/1 (V_menu=19.6484)
  [menu] it  19 LB=   -66.0337 UB=    26.1073 x=[18, 28]   menu cut 1/1 (V_menu=19.3554)
  [menu] it  20 LB=   -65.5867 UB=    26.1073 x=[18, 20]   menu cut 1/1 (V_menu=19.4049)
  [menu] it  21 LB=   -65.5237 UB=    26.1073 x=[5, 26]    menu cut 1/1 (V_menu=11.7189)
  [menu] it  22 LB=   -60.5568 UB=    26.1073 x=[5, 8]     menu cut 1/1 (V_menu=13.7465)
  [menu] it  23 LB=   -59.0736 UB=    26.1073 x=[5, 7]     menu cut 1/1 (V_menu=10.8146)
  [menu] it  24 LB=   -55.1226 UB=    26.1073 x=[19, 26]   menu cut 1/1 (V_menu=15.3539)
  [menu] it  25 LB=   -53.8250 UB=    26.1073 x=[20, 27]   menu cut 1/1 (V_menu=18.5482)
  [menu] it  26 LB=   -51.8638 UB=    26.1073 x=[7, 18]    menu cut 1/1 (V_menu=22.7077)
  [menu] it  27 LB=   -49.4593 UB=    26.1073 x=[5, 19]    menu cut 1/1 (V_menu=14.5856)
  [menu] it  28 LB=   -49.4131 UB=    26.1073 x=[7, 11]    menu cut 1/1 (V_menu=19.4493)
  [menu] it  29 LB=   -47.5033 UB=    26.1073 x=[18, 23]   menu cut 1/1 (V_menu=19.4049)
  [menu] it  30 LB=   -45.8197 UB=    26.1073 x=[8, 23]    menu cut 1/1 (V_menu=19.6504)
  [menu] it  31 LB=   -45.4997 UB=    26.1073 x=[7, 8]     menu cut 1/1 (V_menu=21.7061)
  [menu] it  32 LB=   -44.4094 UB=    26.1073 x=[18, 27]   menu cut 1/1 (V_menu=21.2561)
  [menu] it  33 LB=   -42.3339 UB=    26.1073 x=[19, 27]   menu cut 1/1 (V_menu=19.9981)
  [menu] it  34 LB=   -40.9332 UB=    26.1073 x=[5, 11]    menu cut 1/1 (V_menu=14.8614)
  [menu] it  35 LB=   -40.0010 UB=    26.1073 x=[8, 19]    menu cut 1/1 (V_menu=21.8713)
  [menu] it  36 LB=   -38.2992 UB=    26.1073 x=[19, 28]   menu cut 1/1 (V_menu=19.3554)
  [menu] it  37 LB=   -35.7000 UB=    26.1073 x=[7, 19]    menu cut 1/1 (V_menu=20.1745)
  [menu] it  38 LB=   -35.6214 UB=    26.1073 x=[26, 28]   menu cut 1/1 (V_menu=12.6931)
  [menu] it  39 LB=   -34.4748 UB=    26.1073 x=[11, 18]   menu cut 1/1 (V_menu=23.1955)
  [menu] it  40 LB=   -33.5371 UB=    26.1073 x=[7, 20]    menu cut 1/1 (V_menu=20.1112)
  [menu] it  41 LB=   -32.9474 UB=    26.1073 x=[15, 23]   menu cut 1/1 (V_menu=19.7833)
  [menu] it  42 LB=   -30.6090 UB=    26.1073 x=[11, 20]   menu cut 1/1 (V_menu=20.5367)
  [menu] it  43 LB=   -28.2620 UB=    26.1073 x=[8, 18]    menu cut 1/1 (V_menu=24.0487)
  [menu] it  44 LB=   -26.7115 UB=    26.1073 x=[18, 26]   menu cut 1/1 (V_menu=15.3539)
  [menu] it  45 LB=   -22.7411 UB=    26.1073 x=[15, 18]   menu cut 1/1 (V_menu=24.0026)
  [menu] it  46 LB=   -21.4784 UB=    26.1073 x=[5, 18]    menu cut 1/1 (V_menu=14.9455)
  [menu] it  47 LB=   -19.0809 UB=    26.1073 x=[15, 27]   menu cut 1/1 (V_menu=18.9865)
  [menu] it  48 LB=   -18.7851 UB=    26.1073 x=[5, 20]    menu cut 1/1 (V_menu=15.3539)
  [menu] it  49 LB=   -18.2679 UB=    26.1073 x=[7, 15]    menu cut 1/1 (V_menu=21.1946)
  [menu] it  50 LB=   -14.3154 UB=    26.1073 x=[11, 23]   menu cut 1/1 (V_menu=20.5367)
  [menu] it  51 LB=   -13.1818 UB=    26.1073 x=[23, 27]   menu cut 1/1 (V_menu=17.6720)
  [menu] it  52 LB=   -12.6195 UB=    26.1073 x=[15, 20]   menu cut 1/1 (V_menu=20.3457)
  [menu] it  53 LB=   -12.0885 UB=    26.1073 x=[4, 26]    menu cut 1/1 (V_menu=15.3539)
  [menu] it  54 LB=    -9.2867 UB=    26.1073 x=[5, 15]    menu cut 1/1 (V_menu=10.8146)
  [menu] it  55 LB=    -9.2250 UB=    26.1073 x=[15, 19]   menu cut 1/1 (V_menu=19.9981)
  [menu] it  56 LB=    -8.1534 UB=    26.1073 x=[4, 19]    menu cut 1/1 (V_menu=22.7077)
  [menu] it  57 LB=    -7.8452 UB=    26.1073 x=[19, 23]   menu cut 1/1 (V_menu=20.0591)
  [menu] it  58 LB=    -5.7925 UB=    26.1073 x=[4, 28]    menu cut 1/1 (V_menu=19.3554)
  [menu] it  59 LB=    -5.6025 UB=    26.1073 x=[15, 26]   menu cut 1/1 (V_menu=10.8146)
  [menu] it  60 LB=    -3.4154 UB=    26.1073 x=[4, 15]    menu cut 1/1 (V_menu=24.0026)
  [menu] it  61 LB=    -2.2204 UB=    26.1073 x=[15, 28]   menu cut 1/1 (V_menu=17.7167)
  [menu] it  62 LB=    -2.1880 UB=    26.1073 x=[20, 23]   menu cut 1/1 (V_menu=20.2495)
  [menu] it  63 LB=    -1.5417 UB=    26.1073 x=[7, 23]    menu cut 1/1 (V_menu=18.8204)
  [menu] it  64 LB=     0.1860 UB=    26.1073 x=[22, 27]   menu cut 1/1 (V_menu=21.2561)
  [menu] it  65 LB=     0.7735 UB=    26.1073 x=[4, 5]     menu cut 1/1 (V_menu=14.9455)
  [menu] it  66 LB=     2.0267 UB=    26.1073 x=[20, 28]   menu cut 1/1 (V_menu=18.0987)
  [menu] it  67 LB=     3.3652 UB=    26.1073 x=[8, 15]    menu cut 1/1 (V_menu=21.7496)
  [menu] it  68 LB=     5.3345 UB=    26.1073 x=[14, 20]   menu cut 1/1 (V_menu=20.5143)
  [menu] it  69 LB=     6.0017 UB=    26.1073 x=[11, 15]   menu cut 1/1 (V_menu=20.8252)
  [menu] it  70 LB=     6.0046 UB=    26.1073 x=[4, 18]    menu cut 1/1 (V_menu=24.3358)
  [menu] it  71 LB=     6.4114 UB=    26.1073 x=[7, 14]    menu cut 1/1 (V_menu=22.7077)
  [menu] it  72 LB=     6.4984 UB=    26.1073 x=[5, 23]    menu cut 1/1 (V_menu=15.3539)
  [menu] it  73 LB=     8.2782 UB=    26.1073 x=[23, 26]   menu cut 1/1 (V_menu=15.3539)
  [menu] it  74 LB=     8.4091 UB=    26.1073 x=[11, 14]   menu cut 1/1 (V_menu=22.4248)
  [menu] it  75 LB=    10.2348 UB=    26.1073 x=[9, 19]    menu cut 1/1 (V_menu=19.9981)
  [menu] it  76 LB=    10.7627 UB=    26.1073 x=[23, 28]   menu cut 1/1 (V_menu=18.0987)
  [orcl] it  77 LB=    10.8146 UB=    19.6356 x=[15, 26]   Ω=    15.9367 (1.3s) menu=2 (+belief, LP@x̄=16.4297, gap -4.9e-01)
  [menu] it  78 LB=    10.8146 UB=    19.6356 x=[5, 15]    menu cut 1/2 (V_menu=16.0772)
  [menu] it  79 LB=    10.8146 UB=    19.6356 x=[5, 7]     menu cut 1/2 (V_menu=15.5354)
  [menu] it  80 LB=    11.3918 UB=    19.6356 x=[22, 23]   menu cut 2/2 (V_menu=20.1918)
  [menu] it  81 LB=    11.6396 UB=    19.6356 x=[5, 9]     menu cut 2/2 (V_menu=18.2645)
  [menu] it  82 LB=    11.7189 UB=    19.6356 x=[5, 26]    menu cut 1/2 (V_menu=20.3595)
  [menu] it  83 LB=    12.3768 UB=    19.6356 x=[4, 22]    menu cut 2/2 (V_menu=26.1073)
  [menu] it  84 LB=    12.6312 UB=    19.6356 x=[9, 27]    menu cut 2/2 (V_menu=21.2561)
  [menu] it  85 LB=    12.6931 UB=    19.6356 x=[26, 28]   menu cut 1/2 (V_menu=18.4426)
  [menu] it  86 LB=    12.6931 UB=    19.6356 x=[5, 28]    menu cut 1/2 (V_menu=18.3505)
  [menu] it  87 LB=    12.7083 UB=    19.6356 x=[4, 23]    menu cut 2/2 (V_menu=20.1918)
  [menu] it  88 LB=    13.4470 UB=    19.6356 x=[26, 27]   menu cut 1/2 (V_menu=16.1601)
  [orcl] it  89 LB=    13.5569 UB=    19.6356 x=[5, 27]    Ω=    13.8160 (0.5s) menu=3 (+belief, LP@x̄=14.6019, gap -7.9e-01)
  [menu] it  90 LB=    13.6026 UB=    19.6356 x=[22, 26]   menu cut 2/3 (V_menu=18.4426)
  [menu] it  91 LB=    13.7465 UB=    19.6356 x=[5, 8]     menu cut 1/3 (V_menu=17.7917)
  [menu] it  92 LB=    13.8160 UB=    19.6356 x=[5, 27]    menu cut 1/3 (V_menu=14.6019)
  [menu] it  93 LB=    13.8632 UB=    19.6356 x=[8, 26]    menu cut 1/3 (V_menu=18.4426)
  [menu] it  94 LB=    14.0303 UB=    19.6356 x=[9, 26]    menu cut 2/3 (V_menu=18.4426)
  [menu] it  95 LB=    14.5856 UB=    19.6356 x=[5, 19]    menu cut 1/3 (V_menu=18.2645)
  [orcl] it  96 LB=    14.6019 UB=    19.6356 x=[5, 27]    Ω=    14.7992 (0.7s) menu=4 (+belief, LP@x̄=14.7992, gap -1.6e-14)
  [menu] it  97 LB=    14.6923 UB=    19.6356 x=[20, 22]   menu cut 2/4 (V_menu=22.7547)
  [orcl] it  98 LB=    14.7992 UB=    17.1366 x=[5, 27]    Ω=    15.7932 (48.5s) menu=5 (+belief, LP@x̄=15.8382, gap -4.5e-02)
  [menu] it  99 LB=    14.8614 UB=    17.1366 x=[5, 11]    menu cut 1/5 (V_menu=17.2151)
  [menu] it 100 LB=    14.9455 UB=    17.1366 x=[4, 5]     menu cut 2/5 (V_menu=18.2645)
  [menu] it 101 LB=    14.9455 UB=    17.1366 x=[5, 18]    menu cut 2/5 (V_menu=18.2645)
  [menu] it 102 LB=    15.1603 UB=    17.1366 x=[11, 26]   menu cut 1/5 (V_menu=17.2151)
  [menu] it 103 LB=    15.2770 UB=    17.1366 x=[4, 8]     menu cut 3/5 (V_menu=24.0487)
  [menu] it 104 LB=    15.3539 UB=    17.1366 x=[5, 20]    menu cut 2/5 (V_menu=17.8029)
  [menu] it 105 LB=    15.3539 UB=    17.1366 x=[19, 26]   menu cut 1/5 (V_menu=18.4426)
  [menu] it 106 LB=    15.3539 UB=    17.1366 x=[5, 23]    menu cut 2/5 (V_menu=18.2645)
  [menu] it 107 LB=    15.3539 UB=    17.1366 x=[20, 26]   menu cut 1/5 (V_menu=18.4426)
  [menu] it 108 LB=    15.3539 UB=    17.1366 x=[23, 26]   menu cut 1/5 (V_menu=18.4426)
  [menu] it 109 LB=    15.3539 UB=    17.1366 x=[4, 26]    menu cut 1/5 (V_menu=18.4426)
  [menu] it 110 LB=    15.3539 UB=    17.1366 x=[18, 26]   menu cut 1/5 (V_menu=18.4426)
  [menu] it 111 LB=    15.4214 UB=    17.1366 x=[4, 11]    menu cut 2/5 (V_menu=23.1955)
  [menu] it 112 LB=    15.4341 UB=    17.1366 x=[4, 27]    menu cut 4/5 (V_menu=21.2561)
  [orcl] it 113 LB=    15.5354 UB=    17.1366 x=[5, 7]     Ω=    18.6420 (3.1s) menu=6 (+belief, LP@x̄=18.6420, gap 7.1e-15)
  [menu] it 114 LB=    15.7932 UB=    17.1366 x=[5, 27]    menu cut 1/6 (V_menu=15.8382)
  [orcl] it 115 LB=    15.8382 UB=    16.8085 x=[5, 27]    Ω=    15.9578 (111.9s) menu=7 (+belief, LP@x̄=16.2152, gap -2.6e-01)
  [menu] it 116 LB=    15.9367 UB=    16.8085 x=[15, 26]   menu cut 2/7 (V_menu=19.3989)
  [menu] it 117 LB=    15.9578 UB=    16.8085 x=[5, 27]    menu cut 1/7 (V_menu=16.2152)
  [menu] it 118 LB=    16.0772 UB=    16.8085 x=[5, 15]    menu cut 2/7 (V_menu=17.7799)
  [menu] it 119 LB=    16.1601 UB=    16.8085 x=[26, 27]   menu cut 3/7 (V_menu=19.0913)
  [orcl] it 120 LB=    16.2152 UB=    16.5841 x=[5, 27]    Ω=    16.2152 (600.1s) menu=7
