Set parameter WLSAccessID
Set parameter WLSSecret
Set parameter LicenseID to value 926906
Academic license 926906 - for non-commercial use only - registered to se___@postech.ac.kr
maxflow_K30_S10  K/nx=30 S=10 ε̂=0.20 ε̃=0.20 β=0.70 θᵁ=0.0 λᵁ=10.0
================================================================================
δ = 0.1
================================================================================
  [orcl] it   1 LB=-10000000.0000 UB=    26.1073 x=Int64[]    Ω=    26.1073 (4.3s) menu=1 (+belief, LP@x̄=26.1073, gap 7.1e-15)
  [menu] it   2 LB=  -152.2130 UB=    26.1073 x=[5, 27]    menu cut 1/1 (V_menu=13.5569)
  [menu] it   3 LB=  -125.7161 UB=    26.1073 x=[11, 26]   menu cut 1/1 (V_menu=15.1603)
  [menu] it   4 LB=  -121.2645 UB=    26.1073 x=[8, 26]    menu cut 1/1 (V_menu=13.8632)
  [menu] it   5 LB=  -113.5543 UB=    26.1073 x=[5, 28]    menu cut 1/1 (V_menu=12.6931)
  [menu] it   6 LB=  -104.1030 UB=    26.1073 x=[7, 27]    menu cut 1/1 (V_menu=18.9865)
  [menu] it   7 LB=  -102.5804 UB=    26.1073 x=[20, 26]   menu cut 1/1 (V_menu=15.3539)
  [menu] it   8 LB=  -101.1723 UB=    26.1073 x=[11, 19]   menu cut 1/1 (V_menu=20.3465)
  [menu] it   9 LB=   -95.2562 UB=    26.1073 x=[26, 27]   menu cut 1/1 (V_menu=13.4470)
  [menu] it  10 LB=   -94.5780 UB=    26.1073 x=[8, 28]    menu cut 1/1 (V_menu=17.7914)
  [menu] it  11 LB=   -91.5639 UB=    26.1073 x=[19, 20]   menu cut 1/1 (V_menu=20.2562)
  [menu] it  12 LB=   -86.3795 UB=    26.1073 x=[11, 27]   menu cut 1/1 (V_menu=19.5183)
  [menu] it  13 LB=   -84.2529 UB=    26.1073 x=[18, 19]   menu cut 1/1 (V_menu=21.1162)
  [menu] it  14 LB=   -79.5993 UB=    26.1073 x=[7, 28]    menu cut 1/1 (V_menu=16.9176)
  [menu] it  15 LB=   -79.4069 UB=    26.1073 x=[8, 20]    menu cut 1/1 (V_menu=20.1504)
  [menu] it  16 LB=   -73.0626 UB=    26.1073 x=[11, 28]   menu cut 1/1 (V_menu=16.5412)
  [menu] it  17 LB=   -71.9407 UB=    26.1073 x=[8, 11]    menu cut 1/1 (V_menu=22.6262)
  [menu] it  18 LB=   -71.6138 UB=    26.1073 x=[8, 27]    menu cut 1/1 (V_menu=19.6484)
  [menu] it  19 LB=   -66.0337 UB=    26.1073 x=[18, 28]   menu cut 1/1 (V_menu=19.3554)
  [menu] it  20 LB=   -65.5863 UB=    26.1073 x=[18, 20]   menu cut 1/1 (V_menu=19.4049)
  [menu] it  21 LB=   -65.5236 UB=    26.1073 x=[5, 26]    menu cut 1/1 (V_menu=11.7189)
  [menu] it  22 LB=   -60.5568 UB=    26.1073 x=[5, 8]     menu cut 1/1 (V_menu=13.7465)
  [menu] it  23 LB=   -59.0736 UB=    26.1073 x=[5, 7]     menu cut 1/1 (V_menu=10.8146)
  [menu] it  24 LB=   -55.1226 UB=    26.1073 x=[19, 26]   menu cut 1/1 (V_menu=15.3539)
  [menu] it  25 LB=   -53.8249 UB=    26.1073 x=[20, 27]   menu cut 1/1 (V_menu=18.5482)
  [menu] it  26 LB=   -51.8637 UB=    26.1073 x=[7, 18]    menu cut 1/1 (V_menu=22.7077)
  [menu] it  27 LB=   -49.4588 UB=    26.1073 x=[5, 19]    menu cut 1/1 (V_menu=14.5856)
  [menu] it  28 LB=   -49.3971 UB=    26.1073 x=[7, 11]    menu cut 1/1 (V_menu=19.4493)
  [menu] it  29 LB=   -47.5033 UB=    26.1073 x=[18, 23]   menu cut 1/1 (V_menu=19.4049)
  [menu] it  30 LB=   -45.8193 UB=    26.1073 x=[8, 23]    menu cut 1/1 (V_menu=19.6504)
  [menu] it  31 LB=   -45.4997 UB=    26.1073 x=[7, 8]     menu cut 1/1 (V_menu=21.7061)
  [menu] it  32 LB=   -44.4094 UB=    26.1073 x=[18, 27]   menu cut 1/1 (V_menu=21.2561)
  [menu] it  33 LB=   -42.3338 UB=    26.1073 x=[19, 27]   menu cut 1/1 (V_menu=19.9981)
  [menu] it  34 LB=   -40.9332 UB=    26.1073 x=[5, 11]    menu cut 1/1 (V_menu=14.8614)
  [menu] it  35 LB=   -40.0008 UB=    26.1073 x=[8, 19]    menu cut 1/1 (V_menu=21.8713)
  [menu] it  36 LB=   -38.2992 UB=    26.1073 x=[19, 28]   menu cut 1/1 (V_menu=19.3554)
  [menu] it  37 LB=   -35.7005 UB=    26.1073 x=[7, 19]    menu cut 1/1 (V_menu=20.1745)
  [menu] it  38 LB=   -35.6214 UB=    26.1073 x=[26, 28]   menu cut 1/1 (V_menu=12.6931)
  [menu] it  39 LB=   -34.4588 UB=    26.1073 x=[11, 18]   menu cut 1/1 (V_menu=23.1955)
  [menu] it  40 LB=   -33.5370 UB=    26.1073 x=[7, 20]    menu cut 1/1 (V_menu=20.1112)
  [menu] it  41 LB=   -32.9481 UB=    26.1073 x=[15, 23]   menu cut 1/1 (V_menu=19.7833)
  [menu] it  42 LB=   -30.6090 UB=    26.1073 x=[11, 20]   menu cut 1/1 (V_menu=20.5367)
  [menu] it  43 LB=   -28.2620 UB=    26.1073 x=[8, 18]    menu cut 1/1 (V_menu=24.0487)
  [menu] it  44 LB=   -26.7114 UB=    26.1073 x=[18, 26]   menu cut 1/1 (V_menu=15.3539)
  [menu] it  45 LB=   -22.7411 UB=    26.1073 x=[15, 18]   menu cut 1/1 (V_menu=24.0026)
  [menu] it  46 LB=   -21.4784 UB=    26.1073 x=[5, 18]    menu cut 1/1 (V_menu=14.9455)
  [menu] it  47 LB=   -19.0757 UB=    26.1073 x=[15, 27]   menu cut 1/1 (V_menu=18.9865)
  [menu] it  48 LB=   -18.7851 UB=    26.1073 x=[5, 20]    menu cut 1/1 (V_menu=15.3539)
  [menu] it  49 LB=   -18.2676 UB=    26.1073 x=[7, 15]    menu cut 1/1 (V_menu=21.1946)
  [menu] it  50 LB=   -14.3154 UB=    26.1073 x=[11, 23]   menu cut 1/1 (V_menu=20.5367)
  [menu] it  51 LB=   -13.1805 UB=    26.1073 x=[23, 27]   menu cut 1/1 (V_menu=17.6720)
  [menu] it  52 LB=   -12.6195 UB=    26.1073 x=[15, 20]   menu cut 1/1 (V_menu=20.3457)
  [menu] it  53 LB=   -12.0847 UB=    26.1073 x=[4, 26]    menu cut 1/1 (V_menu=15.3539)
  [menu] it  54 LB=    -9.2867 UB=    26.1073 x=[5, 15]    menu cut 1/1 (V_menu=10.8146)
  [menu] it  55 LB=    -9.2252 UB=    26.1073 x=[15, 19]   menu cut 1/1 (V_menu=19.9981)
  [menu] it  56 LB=    -8.1536 UB=    26.1073 x=[4, 19]    menu cut 1/1 (V_menu=22.7077)
  [menu] it  57 LB=    -7.8453 UB=    26.1073 x=[19, 23]   menu cut 1/1 (V_menu=20.0591)
  [menu] it  58 LB=    -5.7925 UB=    26.1073 x=[4, 28]    menu cut 1/1 (V_menu=19.3554)
  [menu] it  59 LB=    -5.6025 UB=    26.1073 x=[15, 26]   menu cut 1/1 (V_menu=10.8146)
  [menu] it  60 LB=    -3.4157 UB=    26.1073 x=[4, 15]    menu cut 1/1 (V_menu=24.0026)
  [menu] it  61 LB=    -2.2204 UB=    26.1073 x=[15, 28]   menu cut 1/1 (V_menu=17.7167)
  [menu] it  62 LB=    -2.1881 UB=    26.1073 x=[20, 23]   menu cut 1/1 (V_menu=20.2495)
  [menu] it  63 LB=    -1.5417 UB=    26.1073 x=[7, 23]    menu cut 1/1 (V_menu=18.8204)
  [menu] it  64 LB=     0.1913 UB=    26.1073 x=[22, 27]   menu cut 1/1 (V_menu=21.2561)
  [menu] it  65 LB=     0.7735 UB=    26.1073 x=[4, 5]     menu cut 1/1 (V_menu=14.9455)
  [menu] it  66 LB=     2.0267 UB=    26.1073 x=[20, 28]   menu cut 1/1 (V_menu=18.0987)
  [menu] it  67 LB=     3.3652 UB=    26.1073 x=[8, 15]    menu cut 1/1 (V_menu=21.7496)
  [menu] it  68 LB=     5.3345 UB=    26.1073 x=[14, 20]   menu cut 1/1 (V_menu=20.5143)
  [menu] it  69 LB=     6.0017 UB=    26.1073 x=[11, 15]   menu cut 1/1 (V_menu=20.8252)
  [menu] it  70 LB=     6.0046 UB=    26.1073 x=[4, 18]    menu cut 1/1 (V_menu=24.3358)
  [menu] it  71 LB=     6.4113 UB=    26.1073 x=[7, 14]    menu cut 1/1 (V_menu=22.7077)
  [menu] it  72 LB=     6.4984 UB=    26.1073 x=[5, 23]    menu cut 1/1 (V_menu=15.3539)
  [menu] it  73 LB=     8.2782 UB=    26.1073 x=[23, 26]   menu cut 1/1 (V_menu=15.3539)
  [menu] it  74 LB=     8.4091 UB=    26.1073 x=[11, 14]   menu cut 1/1 (V_menu=22.4248)
  [menu] it  75 LB=    10.2347 UB=    26.1073 x=[9, 19]    menu cut 1/1 (V_menu=19.9981)
  [menu] it  76 LB=    10.7627 UB=    26.1073 x=[23, 28]   menu cut 1/1 (V_menu=18.0987)
  [menu] it  77 LB=    10.8146 UB=    26.1073 x=[15, 26]   menu cut 1/1 (V_menu=10.8146)
  [menu] it  78 LB=    10.8146 UB=    26.1073 x=[15, 26]   menu cut 1/1 (V_menu=10.8146)
  [menu] it  79 LB=    10.8146 UB=    26.1073 x=[15, 26]   menu cut 1/1 (V_menu=10.8146)
  [menu] it  80 LB=    10.8146 UB=    26.1073 x=[15, 26]   menu cut 1/1 (V_menu=10.8146)
  [menu] it  81 LB=    10.8146 UB=    26.1073 x=[15, 26]   menu cut 1/1 (V_menu=10.8146)
  [menu] it  82 LB=    10.8146 UB=    26.1073 x=[15, 26]   menu cut 1/1 (V_menu=10.8146)
  [menu] it  83 LB=    10.8146 UB=    26.1073 x=[15, 26]   menu cut 1/1 (V_menu=10.8146)
  [menu] it  84 LB=    10.8146 UB=    26.1073 x=[15, 26]   menu cut 1/1 (V_menu=10.8146)
  [menu] it  85 LB=    10.8146 UB=    26.1073 x=[15, 26]   menu cut 1/1 (V_menu=10.8146)
  [menu] it  86 LB=    10.8146 UB=    26.1073 x=[15, 26]   menu cut 1/1 (V_menu=10.8146)
  [menu] it  87 LB=    10.8146 UB=    26.1073 x=[15, 26]   menu cut 1/1 (V_menu=10.8146)
  [menu] it  88 LB=    10.8146 UB=    26.1073 x=[15, 26]   menu cut 1/1 (V_menu=10.8146)
  [menu] it  89 LB=    10.8146 UB=    26.1073 x=[15, 26]   menu cut 1/1 (V_menu=10.8146)
  [menu] it  90 LB=    10.8146 UB=    26.1073 x=[15, 26]   menu cut 1/1 (V_menu=10.8146)
  [menu] it  91 LB=    10.8146 UB=    26.1073 x=[15, 26]   menu cut 1/1 (V_menu=10.8146)
  [menu] it  92 LB=    10.8146 UB=    26.1073 x=[15, 26]   menu cut 1/1 (V_menu=10.8146)
  [menu] it  93 LB=    10.8146 UB=    26.1073 x=[15, 26]   menu cut 1/1 (V_menu=10.8146)
  [menu] it  94 LB=    10.8146 UB=    26.1073 x=[15, 26]   menu cut 1/1 (V_menu=10.8146)
  [menu] it  95 LB=    10.8146 UB=    26.1073 x=[15, 26]   menu cut 1/1 (V_menu=10.8146)
  [menu] it  96 LB=    10.8146 UB=    26.1073 x=[15, 26]   menu cut 1/1 (V_menu=10.8146)
  [menu] it  97 LB=    10.8146 UB=    26.1073 x=[15, 26]   menu cut 1/1 (V_menu=10.8146)
  [menu] it  98 LB=    10.8146 UB=    26.1073 x=[15, 26]   menu cut 1/1 (V_menu=10.8146)
  [menu] it  99 LB=    10.8146 UB=    26.1073 x=[15, 26]   menu cut 1/1 (V_menu=10.8146)
  [menu] it 100 LB=    10.8146 UB=    26.1073 x=[15, 26]   menu cut 1/1 (V_menu=10.8146)
  [menu] it 101 LB=    10.8146 UB=    26.1073 x=[15, 26]   menu cut 1/1 (V_menu=10.8146)
  [menu] it 102 LB=    10.8146 UB=    26.1073 x=[15, 26]   menu cut 1/1 (V_menu=10.8146)
  [menu] it 103 LB=    10.8146 UB=    26.1073 x=[15, 26]   menu cut 1/1 (V_menu=10.8146)
  [menu] it 104 LB=    10.8146 UB=    26.1073 x=[15, 26]   menu cut 1/1 (V_menu=10.8146)
  [menu] it 105 LB=    10.8146 UB=    26.1073 x=[15, 26]   menu cut 1/1 (V_menu=10.8146)
  [menu] it 106 LB=    10.8146 UB=    26.1073 x=[15, 26]   menu cut 1/1 (V_menu=10.8146)
  [menu] it 107 LB=    10.8146 UB=    26.1073 x=[15, 26]   menu cut 1/1 (V_menu=10.8146)
  [menu] it 108 LB=    10.8146 UB=    26.1073 x=[15, 26]   menu cut 1/1 (V_menu=10.8146)
  [menu] it 109 LB=    10.8146 UB=    26.1073 x=[15, 26]   menu cut 1/1 (V_menu=10.8146)
  [menu] it 110 LB=    10.8146 UB=    26.1073 x=[15, 26]   menu cut 1/1 (V_menu=10.8146)
  [menu] it 111 LB=    10.8146 UB=    26.1073 x=[15, 26]   menu cut 1/1 (V_menu=10.8146)
  [menu] it 112 LB=    10.8146 UB=    26.1073 x=[15, 26]   menu cut 1/1 (V_menu=10.8146)
  [menu] it 113 LB=    10.8146 UB=    26.1073 x=[15, 26]   menu cut 1/1 (V_menu=10.8146)
  [menu] it 114 LB=    10.8146 UB=    26.1073 x=[15, 26]   menu cut 1/1 (V_menu=10.8146)
  [menu] it 115 LB=    10.8146 UB=    26.1073 x=[15, 26]   menu cut 1/1 (V_menu=10.8146)
  [menu] it 116 LB=    10.8146 UB=    26.1073 x=[15, 26]   menu cut 1/1 (V_menu=10.8146)
  [menu] it 117 LB=    10.8146 UB=    26.1073 x=[15, 26]   menu cut 1/1 (V_menu=10.8146)
  [menu] it 118 LB=    10.8146 UB=    26.1073 x=[15, 26]   menu cut 1/1 (V_menu=10.8146)
  [menu] it 119 LB=    10.8146 UB=    26.1073 x=[15, 26]   menu cut 1/1 (V_menu=10.8146)
  [menu] it 120 LB=    10.8146 UB=    26.1073 x=[15, 26]   menu cut 1/1 (V_menu=10.8146)
  [menu] it 121 LB=    10.8146 UB=    26.1073 x=[15, 26]   menu cut 1/1 (V_menu=10.8146)
  [menu] it 122 LB=    10.8146 UB=    26.1073 x=[15, 26]   menu cut 1/1 (V_menu=10.8146)
  [menu] it 123 LB=    10.8146 UB=    26.1073 x=[15, 26]   menu cut 1/1 (V_menu=10.8146)
  [menu] it 124 LB=    10.8146 UB=    26.1073 x=[15, 26]   menu cut 1/1 (V_menu=10.8146)
  [menu] it 125 LB=    10.8146 UB=    26.1073 x=[15, 26]   menu cut 1/1 (V_menu=10.8146)
  [menu] it 126 LB=    10.8146 UB=    26.1073 x=[15, 26]   menu cut 1/1 (V_menu=10.8146)
  [menu] it 127 LB=    10.8146 UB=    26.1073 x=[15, 26]   menu cut 1/1 (V_menu=10.8146)
  [menu] it 128 LB=    10.8146 UB=    26.1073 x=[15, 26]   menu cut 1/1 (V_menu=10.8146)
  [menu] it 129 LB=    10.8146 UB=    26.1073 x=[15, 26]   menu cut 1/1 (V_menu=10.8146)
  [menu] it 130 LB=    10.8146 UB=    26.1073 x=[15, 26]   menu cut 1/1 (V_menu=10.8146)
  [menu] it 131 LB=    10.8146 UB=    26.1073 x=[15, 26]   menu cut 1/1 (V_menu=10.8146)
  [menu] it 132 LB=    10.8146 UB=    26.1073 x=[15, 26]   menu cut 1/1 (V_menu=10.8146)
  [menu] it 133 LB=    10.8146 UB=    26.1073 x=[15, 26]   menu cut 1/1 (V_menu=10.8146)
  [menu] it 134 LB=    10.8146 UB=    26.1073 x=[15, 26]   menu cut 1/1 (V_menu=10.8146)
  [menu] it 135 LB=    10.8146 UB=    26.1073 x=[15, 26]   menu cut 1/1 (V_menu=10.8146)
  [menu] it 136 LB=    10.8146 UB=    26.1073 x=[15, 26]   menu cut 1/1 (V_menu=10.8146)
  [menu] it 137 LB=    10.8146 UB=    26.1073 x=[15, 26]   menu cut 1/1 (V_menu=10.8146)
  [menu] it 138 LB=    10.8146 UB=    26.1073 x=[15, 26]   menu cut 1/1 (V_menu=10.8146)
  [menu] it 139 LB=    10.8146 UB=    26.1073 x=[15, 26]   menu cut 1/1 (V_menu=10.8146)
  [menu] it 140 LB=    10.8146 UB=    26.1073 x=[15, 26]   menu cut 1/1 (V_menu=10.8146)
  [menu] it 141 LB=    10.8146 UB=    26.1073 x=[15, 26]   menu cut 1/1 (V_menu=10.8146)
  [menu] it 142 LB=    10.8146 UB=    26.1073 x=[15, 26]   menu cut 1/1 (V_menu=10.8146)
  [menu] it 143 LB=    10.8146 UB=    26.1073 x=[15, 26]   menu cut 1/1 (V_menu=10.8146)
  [menu] it 144 LB=    10.8146 UB=    26.1073 x=[15, 26]   menu cut 1/1 (V_menu=10.8146)
  [menu] it 145 LB=    10.8146 UB=    26.1073 x=[15, 26]   menu cut 1/1 (V_menu=10.8146)
  [menu] it 146 LB=    10.8146 UB=    26.1073 x=[15, 26]   menu cut 1/1 (V_menu=10.8146)
  [menu] it 147 LB=    10.8146 UB=    26.1073 x=[15, 26]   menu cut 1/1 (V_menu=10.8146)
  [menu] it 148 LB=    10.8146 UB=    26.1073 x=[15, 26]   menu cut 1/1 (V_menu=10.8146)
  [menu] it 149 LB=    10.8146 UB=    26.1073 x=[15, 26]   menu cut 1/1 (V_menu=10.8146)
  [menu] it 150 LB=    10.8146 UB=    26.1073 x=[15, 26]   menu cut 1/1 (V_menu=10.8146)
  [menu] it 151 LB=    10.8146 UB=    26.1073 x=[15, 26]   menu cut 1/1 (V_menu=10.8146)
  [menu] it 152 LB=    10.8146 UB=    26.1073 x=[15, 26]   menu cut 1/1 (V_menu=10.8146)
  [menu] it 153 LB=    10.8146 UB=    26.1073 x=[15, 26]   menu cut 1/1 (V_menu=10.8146)
  [menu] it 154 LB=    10.8146 UB=    26.1073 x=[15, 26]   menu cut 1/1 (V_menu=10.8146)
  [menu] it 155 LB=    10.8146 UB=    26.1073 x=[15, 26]   menu cut 1/1 (V_menu=10.8146)
  [menu] it 156 LB=    10.8146 UB=    26.1073 x=[15, 26]   menu cut 1/1 (V_menu=10.8146)
  [menu] it 157 LB=    10.8146 UB=    26.1073 x=[15, 26]   menu cut 1/1 (V_menu=10.8146)
  [menu] it 158 LB=    10.8146 UB=    26.1073 x=[15, 26]   menu cut 1/1 (V_menu=10.8146)
  [menu] it 159 LB=    10.8146 UB=    26.1073 x=[15, 26]   menu cut 1/1 (V_menu=10.8146)
  [menu] it 160 LB=    10.8146 UB=    26.1073 x=[15, 26]   menu cut 1/1 (V_menu=10.8146)
  [menu] it 161 LB=    10.8146 UB=    26.1073 x=[15, 26]   menu cut 1/1 (V_menu=10.8146)
  [menu] it 162 LB=    10.8146 UB=    26.1073 x=[15, 26]   menu cut 1/1 (V_menu=10.8146)
  [menu] it 163 LB=    10.8146 UB=    26.1073 x=[15, 26]   menu cut 1/1 (V_menu=10.8146)
  [menu] it 164 LB=    10.8146 UB=    26.1073 x=[15, 26]   menu cut 1/1 (V_menu=10.8146)
  [menu] it 165 LB=    10.8146 UB=    26.1073 x=[15, 26]   menu cut 1/1 (V_menu=10.8146)
  [menu] it 166 LB=    10.8146 UB=    26.1073 x=[15, 26]   menu cut 1/1 (V_menu=10.8146)
  [menu] it 167 LB=    10.8146 UB=    26.1073 x=[15, 26]   menu cut 1/1 (V_menu=10.8146)
  [menu] it 168 LB=    10.8146 UB=    26.1073 x=[15, 26]   menu cut 1/1 (V_menu=10.8146)
  [menu] it 169 LB=    10.8146 UB=    26.1073 x=[15, 26]   menu cut 1/1 (V_menu=10.8146)
  [menu] it 170 LB=    10.8146 UB=    26.1073 x=[15, 26]   menu cut 1/1 (V_menu=10.8146)
  [menu] it 171 LB=    10.8146 UB=    26.1073 x=[15, 26]   menu cut 1/1 (V_menu=10.8146)
  [menu] it 172 LB=    10.8146 UB=    26.1073 x=[15, 26]   menu cut 1/1 (V_menu=10.8146)
  [menu] it 173 LB=    10.8146 UB=    26.1073 x=[15, 26]   menu cut 1/1 (V_menu=10.8146)
  [menu] it 174 LB=    10.8146 UB=    26.1073 x=[15, 26]   menu cut 1/1 (V_menu=10.8146)
  [menu] it 175 LB=    10.8146 UB=    26.1073 x=[15, 26]   menu cut 1/1 (V_menu=10.8146)
  [menu] it 176 LB=    10.8146 UB=    26.1073 x=[15, 26]   menu cut 1/1 (V_menu=10.8146)
  [menu] it 177 LB=    10.8146 UB=    26.1073 x=[15, 26]   menu cut 1/1 (V_menu=10.8146)
  [menu] it 178 LB=    10.8146 UB=    26.1073 x=[15, 26]   menu cut 1/1 (V_menu=10.8146)
  [menu] it 179 LB=    10.8146 UB=    26.1073 x=[15, 26]   menu cut 1/1 (V_menu=10.8146)
  [menu] it 180 LB=    10.8146 UB=    26.1073 x=[15, 26]   menu cut 1/1 (V_menu=10.8146)
  [menu] it 181 LB=    10.8146 UB=    26.1073 x=[15, 26]   menu cut 1/1 (V_menu=10.8146)
  [menu] it 182 LB=    10.8146 UB=    26.1073 x=[15, 26]   menu cut 1/1 (V_menu=10.8146)
  [menu] it 183 LB=    10.8146 UB=    26.1073 x=[15, 26]   menu cut 1/1 (V_menu=10.8146)
  [menu] it 184 LB=    10.8146 UB=    26.1073 x=[15, 26]   menu cut 1/1 (V_menu=10.8146)
  [menu] it 185 LB=    10.8146 UB=    26.1073 x=[15, 26]   menu cut 1/1 (V_menu=10.8146)
  [menu] it 186 LB=    10.8146 UB=    26.1073 x=[15, 26]   menu cut 1/1 (V_menu=10.8146)
  [menu] it 187 LB=    10.8146 UB=    26.1073 x=[15, 26]   menu cut 1/1 (V_menu=10.8146)
  [menu] it 188 LB=    10.8146 UB=    26.1073 x=[15, 26]   menu cut 1/1 (V_menu=10.8146)
  [menu] it 189 LB=    10.8146 UB=    26.1073 x=[15, 26]   menu cut 1/1 (V_menu=10.8146)
  [menu] it 190 LB=    10.8146 UB=    26.1073 x=[15, 26]   menu cut 1/1 (V_menu=10.8146)
  [menu] it 191 LB=    10.8146 UB=    26.1073 x=[15, 26]   menu cut 1/1 (V_menu=10.8146)
  [menu] it 192 LB=    10.8146 UB=    26.1073 x=[15, 26]   menu cut 1/1 (V_menu=10.8146)
  [menu] it 193 LB=    10.8146 UB=    26.1073 x=[15, 26]   menu cut 1/1 (V_menu=10.8146)
  [menu] it 194 LB=    10.8146 UB=    26.1073 x=[15, 26]   menu cut 1/1 (V_menu=10.8146)
  [menu] it 195 LB=    10.8146 UB=    26.1073 x=[15, 26]   menu cut 1/1 (V_menu=10.8146)
  [menu] it 196 LB=    10.8146 UB=    26.1073 x=[15, 26]   menu cut 1/1 (V_menu=10.8146)
  [menu] it 197 LB=    10.8146 UB=    26.1073 x=[15, 26]   menu cut 1/1 (V_menu=10.8146)
  [menu] it 198 LB=    10.8146 UB=    26.1073 x=[15, 26]   menu cut 1/1 (V_menu=10.8146)
  [menu] it 199 LB=    10.8146 UB=    26.1073 x=[15, 26]   menu cut 1/1 (V_menu=10.8146)
  [menu] it 200 LB=    10.8146 UB=    26.1073 x=[15, 26]   menu cut 1/1 (V_menu=10.8146)
  [menu] it 201 LB=    10.8146 UB=    26.1073 x=[15, 26]   menu cut 1/1 (V_menu=10.8146)
  [menu] it 202 LB=    10.8146 UB=    26.1073 x=[15, 26]   menu cut 1/1 (V_menu=10.8146)
  [menu] it 203 LB=    10.8146 UB=    26.1073 x=[15, 26]   menu cut 1/1 (V_menu=10.8146)
  [menu] it 204 LB=    10.8146 UB=    26.1073 x=[15, 26]   menu cut 1/1 (V_menu=10.8146)
  [menu] it 205 LB=    10.8146 UB=    26.1073 x=[15, 26]   menu cut 1/1 (V_menu=10.8146)
  [menu] it 206 LB=    10.8146 UB=    26.1073 x=[15, 26]   menu cut 1/1 (V_menu=10.8146)
  [menu] it 207 LB=    10.8146 UB=    26.1073 x=[15, 26]   menu cut 1/1 (V_menu=10.8146)
  [menu] it 208 LB=    10.8146 UB=    26.1073 x=[15, 26]   menu cut 1/1 (V_menu=10.8146)
  [menu] it 209 LB=    10.8146 UB=    26.1073 x=[15, 26]   menu cut 1/1 (V_menu=10.8146)
  [menu] it 210 LB=    10.8146 UB=    26.1073 x=[15, 26]   menu cut 1/1 (V_menu=10.8146)
  [menu] it 211 LB=    10.8146 UB=    26.1073 x=[15, 26]   menu cut 1/1 (V_menu=10.8146)
  [menu] it 212 LB=    10.8146 UB=    26.1073 x=[15, 26]   menu cut 1/1 (V_menu=10.8146)
  [menu] it 213 LB=    10.8146 UB=    26.1073 x=[15, 26]   menu cut 1/1 (V_menu=10.8146)
  [menu] it 214 LB=    10.8146 UB=    26.1073 x=[15, 26]   menu cut 1/1 (V_menu=10.8146)
  [menu] it 215 LB=    10.8146 UB=    26.1073 x=[15, 26]   menu cut 1/1 (V_menu=10.8146)
  [menu] it 216 LB=    10.8146 UB=    26.1073 x=[15, 26]   menu cut 1/1 (V_menu=10.8146)
  [menu] it 217 LB=    10.8146 UB=    26.1073 x=[15, 26]   menu cut 1/1 (V_menu=10.8146)
  [menu] it 218 LB=    10.8146 UB=    26.1073 x=[15, 26]   menu cut 1/1 (V_menu=10.8146)
  [menu] it 219 LB=    10.8146 UB=    26.1073 x=[15, 26]   menu cut 1/1 (V_menu=10.8146)
  [menu] it 220 LB=    10.8146 UB=    26.1073 x=[15, 26]   menu cut 1/1 (V_menu=10.8146)
  [menu] it 221 LB=    10.8146 UB=    26.1073 x=[15, 26]   menu cut 1/1 (V_menu=10.8146)
  [menu] it 222 LB=    10.8146 UB=    26.1073 x=[15, 26]   menu cut 1/1 (V_menu=10.8146)
  [menu] it 223 LB=    10.8146 UB=    26.1073 x=[15, 26]   menu cut 1/1 (V_menu=10.8146)
  [menu] it 224 LB=    10.8146 UB=    26.1073 x=[15, 26]   menu cut 1/1 (V_menu=10.8146)
  [menu] it 225 LB=    10.8146 UB=    26.1073 x=[15, 26]   menu cut 1/1 (V_menu=10.8146)
  [menu] it 226 LB=    10.8146 UB=    26.1073 x=[15, 26]   menu cut 1/1 (V_menu=10.8146)
  [menu] it 227 LB=    10.8146 UB=    26.1073 x=[15, 26]   menu cut 1/1 (V_menu=10.8146)
  [menu] it 228 LB=    10.8146 UB=    26.1073 x=[15, 26]   menu cut 1/1 (V_menu=10.8146)
  [menu] it 229 LB=    10.8146 UB=    26.1073 x=[15, 26]   menu cut 1/1 (V_menu=10.8146)
  [menu] it 230 LB=    10.8146 UB=    26.1073 x=[15, 26]   menu cut 1/1 (V_menu=10.8146)
  [menu] it 231 LB=    10.8146 UB=    26.1073 x=[15, 26]   menu cut 1/1 (V_menu=10.8146)
  [menu] it 232 LB=    10.8146 UB=    26.1073 x=[15, 26]   menu cut 1/1 (V_menu=10.8146)
  [menu] it 233 LB=    10.8146 UB=    26.1073 x=[15, 26]   menu cut 1/1 (V_menu=10.8146)
  [menu] it 234 LB=    10.8146 UB=    26.1073 x=[15, 26]   menu cut 1/1 (V_menu=10.8146)
  [menu] it 235 LB=    10.8146 UB=    26.1073 x=[15, 26]   menu cut 1/1 (V_menu=10.8146)
  [menu] it 236 LB=    10.8146 UB=    26.1073 x=[15, 26]   menu cut 1/1 (V_menu=10.8146)
  [menu] it 237 LB=    10.8146 UB=    26.1073 x=[15, 26]   menu cut 1/1 (V_menu=10.8146)
  [menu] it 238 LB=    10.8146 UB=    26.1073 x=[15, 26]   menu cut 1/1 (V_menu=10.8146)
  [menu] it 239 LB=    10.8146 UB=    26.1073 x=[15, 26]   menu cut 1/1 (V_menu=10.8146)
  [menu] it 240 LB=    10.8146 UB=    26.1073 x=[15, 26]   menu cut 1/1 (V_menu=10.8146)
  [menu] it 241 LB=    10.8146 UB=    26.1073 x=[15, 26]   menu cut 1/1 (V_menu=10.8146)
  [menu] it 242 LB=    10.8146 UB=    26.1073 x=[15, 26]   menu cut 1/1 (V_menu=10.8146)
  [menu] it 243 LB=    10.8146 UB=    26.1073 x=[15, 26]   menu cut 1/1 (V_menu=10.8146)
  [menu] it 244 LB=    10.8146 UB=    26.1073 x=[15, 26]   menu cut 1/1 (V_menu=10.8146)
  [menu] it 245 LB=    10.8146 UB=    26.1073 x=[15, 26]   menu cut 1/1 (V_menu=10.8146)
  [menu] it 246 LB=    10.8146 UB=    26.1073 x=[15, 26]   menu cut 1/1 (V_menu=10.8146)
  [menu] it 247 LB=    10.8146 UB=    26.1073 x=[15, 26]   menu cut 1/1 (V_menu=10.8146)
  [menu] it 248 LB=    10.8146 UB=    26.1073 x=[15, 26]   menu cut 1/1 (V_menu=10.8146)
  [menu] it 249 LB=    10.8146 UB=    26.1073 x=[15, 26]   menu cut 1/1 (V_menu=10.8146)
  [menu] it 250 LB=    10.8146 UB=    26.1073 x=[15, 26]   menu cut 1/1 (V_menu=10.8146)
  [menu] it 251 LB=    10.8146 UB=    26.1073 x=[15, 26]   menu cut 1/1 (V_menu=10.8146)
  [menu] it 252 LB=    10.8146 UB=    26.1073 x=[15, 26]   menu cut 1/1 (V_menu=10.8146)
  [menu] it 253 LB=    10.8146 UB=    26.1073 x=[15, 26]   menu cut 1/1 (V_menu=10.8146)
  [menu] it 254 LB=    10.8146 UB=    26.1073 x=[15, 26]   menu cut 1/1 (V_menu=10.8146)
  [menu] it 255 LB=    10.8146 UB=    26.1073 x=[15, 26]   menu cut 1/1 (V_menu=10.8146)
  [menu] it 256 LB=    10.8146 UB=    26.1073 x=[15, 26]   menu cut 1/1 (V_menu=10.8146)
  [menu] it 257 LB=    10.8146 UB=    26.1073 x=[15, 26]   menu cut 1/1 (V_menu=10.8146)
  [menu] it 258 LB=    10.8146 UB=    26.1073 x=[15, 26]   menu cut 1/1 (V_menu=10.8146)
  [menu] it 259 LB=    10.8146 UB=    26.1073 x=[15, 26]   menu cut 1/1 (V_menu=10.8146)
  [menu] it 260 LB=    10.8146 UB=    26.1073 x=[15, 26]   menu cut 1/1 (V_menu=10.8146)
  [menu] it 261 LB=    10.8146 UB=    26.1073 x=[15, 26]   menu cut 1/1 (V_menu=10.8146)
  [menu] it 262 LB=    10.8146 UB=    26.1073 x=[15, 26]   menu cut 1/1 (V_menu=10.8146)
  [menu] it 263 LB=    10.8146 UB=    26.1073 x=[15, 26]   menu cut 1/1 (V_menu=10.8146)
  [menu] it 264 LB=    10.8146 UB=    26.1073 x=[15, 26]   menu cut 1/1 (V_menu=10.8146)
  [menu] it 265 LB=    10.8146 UB=    26.1073 x=[15, 26]   menu cut 1/1 (V_menu=10.8146)
  [menu] it 266 LB=    10.8146 UB=    26.1073 x=[15, 26]   menu cut 1/1 (V_menu=10.8146)
  [menu] it 267 LB=    10.8146 UB=    26.1073 x=[15, 26]   menu cut 1/1 (V_menu=10.8146)
  [menu] it 268 LB=    10.8146 UB=    26.1073 x=[15, 26]   menu cut 1/1 (V_menu=10.8146)
  [menu] it 269 LB=    10.8146 UB=    26.1073 x=[15, 26]   menu cut 1/1 (V_menu=10.8146)
  [menu] it 270 LB=    10.8146 UB=    26.1073 x=[15, 26]   menu cut 1/1 (V_menu=10.8146)
  [menu] it 271 LB=    10.8146 UB=    26.1073 x=[15, 26]   menu cut 1/1 (V_menu=10.8146)
  [menu] it 272 LB=    10.8146 UB=    26.1073 x=[15, 26]   menu cut 1/1 (V_menu=10.8146)
  [menu] it 273 LB=    10.8146 UB=    26.1073 x=[15, 26]   menu cut 1/1 (V_menu=10.8146)
  [menu] it 274 LB=    10.8146 UB=    26.1073 x=[15, 26]   menu cut 1/1 (V_menu=10.8146)
  [menu] it 275 LB=    10.8146 UB=    26.1073 x=[15, 26]   menu cut 1/1 (V_menu=10.8146)
  [menu] it 276 LB=    10.8146 UB=    26.1073 x=[15, 26]   menu cut 1/1 (V_menu=10.8146)
  [menu] it 277 LB=    10.8146 UB=    26.1073 x=[15, 26]   menu cut 1/1 (V_menu=10.8146)
  [menu] it 278 LB=    10.8146 UB=    26.1073 x=[15, 26]   menu cut 1/1 (V_menu=10.8146)
  [menu] it 279 LB=    10.8146 UB=    26.1073 x=[15, 26]   menu cut 1/1 (V_menu=10.8146)
  [menu] it 280 LB=    10.8146 UB=    26.1073 x=[15, 26]   menu cut 1/1 (V_menu=10.8146)
  [menu] it 281 LB=    10.8146 UB=    26.1073 x=[15, 26]   menu cut 1/1 (V_menu=10.8146)
  [menu] it 282 LB=    10.8146 UB=    26.1073 x=[15, 26]   menu cut 1/1 (V_menu=10.8146)
  [menu] it 283 LB=    10.8146 UB=    26.1073 x=[15, 26]   menu cut 1/1 (V_menu=10.8146)
  [menu] it 284 LB=    10.8146 UB=    26.1073 x=[15, 26]   menu cut 1/1 (V_menu=10.8146)
  [menu] it 285 LB=    10.8146 UB=    26.1073 x=[15, 26]   menu cut 1/1 (V_menu=10.8146)
  [menu] it 286 LB=    10.8146 UB=    26.1073 x=[15, 26]   menu cut 1/1 (V_menu=10.8146)
  [menu] it 287 LB=    10.8146 UB=    26.1073 x=[15, 26]   menu cut 1/1 (V_menu=10.8146)
  [menu] it 288 LB=    10.8146 UB=    26.1073 x=[15, 26]   menu cut 1/1 (V_menu=10.8146)
  [menu] it 289 LB=    10.8146 UB=    26.1073 x=[15, 26]   menu cut 1/1 (V_menu=10.8146)
  [menu] it 290 LB=    10.8146 UB=    26.1073 x=[15, 26]   menu cut 1/1 (V_menu=10.8146)
  [menu] it 291 LB=    10.8146 UB=    26.1073 x=[15, 26]   menu cut 1/1 (V_menu=10.8146)
  [menu] it 292 LB=    10.8146 UB=    26.1073 x=[15, 26]   menu cut 1/1 (V_menu=10.8146)
  [menu] it 293 LB=    10.8146 UB=    26.1073 x=[15, 26]   menu cut 1/1 (V_menu=10.8146)
  [menu] it 294 LB=    10.8146 UB=    26.1073 x=[15, 26]   menu cut 1/1 (V_menu=10.8146)
  [menu] it 295 LB=    10.8146 UB=    26.1073 x=[15, 26]   menu cut 1/1 (V_menu=10.8146)
  [menu] it 296 LB=    10.8146 UB=    26.1073 x=[15, 26]   menu cut 1/1 (V_menu=10.8146)
  [menu] it 297 LB=    10.8146 UB=    26.1073 x=[15, 26]   menu cut 1/1 (V_menu=10.8146)
  [menu] it 298 LB=    10.8146 UB=    26.1073 x=[15, 26]   menu cut 1/1 (V_menu=10.8146)
  [menu] it 299 LB=    10.8146 UB=    26.1073 x=[15, 26]   menu cut 1/1 (V_menu=10.8146)
  [menu] it 300 LB=    10.8146 UB=    26.1073 x=[15, 26]   menu cut 1/1 (V_menu=10.8146)
δ=0.1   MaxIter x*=Int64[] LB=10.814589 UB=26.107326 iter=300 oracle=1 menu=1 wall=28.1s

================================================================================
요약
  δ=0.1   MaxIter  x*=Int64[]      LB=10.814589 UB=26.107326 KKT(x*)=NaN iter=300 wall=28s
