
S=50: 루트 LP -435.6887 (4.1s), 연결 행 112, 사본 행 750
    정확한 점 (α 고정 LP -475330.0366, 0.34s): 실행가능 블록 열 50/50
  깊이 1 α1 아래: z_부모 -435.69 z_자식 -435.69 (full LP 0.00s) | 부모 열 100/50 | 0.1% 도달 반복 0 (0.3s) | 종료 반복 1 L -435.69 RMP -435.69 (0.5s: RMP 0.0s 블록 0.1s, 모델 0.0s) 열 200
      반복   0  L -435.689  RMP NaN  (L−z_K)/|z_K| 9.33e-14  t 0.3s
      반복   1  L -435.689  RMP -435.689  (L−z_K)/|z_K| 9.33e-14  t 0.5s
    정확한 점 (α 고정 LP -531912.0166, 0.02s): 실행가능 블록 열 50/50
  깊이 1 α1 위 : z_부모 -435.69 z_자식 -447.24 (full LP 0.35s) | 부모 열 50/50 | 0.1% 도달 반복 223 (23.5s) | 종료 반복 236 L -447.21 RMP -447.25 (23.9s: RMP 17.4s 블록 4.4s, 모델 0.0s) 열 9996
      반복   0  L -435.876  RMP NaN  (L−z_K)/|z_K| 2.54e-02  t 0.1s
      반복   1  L -435.876  RMP -531912.017  (L−z_K)/|z_K| 2.54e-02  t 0.2s
      반복   2  L -435.876  RMP -531912.017  (L−z_K)/|z_K| 2.54e-02  t 0.2s
      반복   3  L -435.876  RMP -531912.017  (L−z_K)/|z_K| 2.54e-02  t 0.2s
      반복   4  L -435.876  RMP -531912.017  (L−z_K)/|z_K| 2.54e-02  t 0.3s
      반복   5  L -435.876  RMP -531912.017  (L−z_K)/|z_K| 2.54e-02  t 0.3s
      반복  10  L -435.876  RMP -531912.017  (L−z_K)/|z_K| 2.54e-02  t 0.5s
      반복  20  L -435.876  RMP -531912.017  (L−z_K)/|z_K| 2.54e-02  t 1.1s
      반복  30  L -435.876  RMP -531912.017  (L−z_K)/|z_K| 2.54e-02  t 1.8s
      반복  40  L -435.876  RMP -531912.017  (L−z_K)/|z_K| 2.54e-02  t 2.7s
      반복  50  L -435.876  RMP -531912.017  (L−z_K)/|z_K| 2.54e-02  t 3.5s
      반복  60  L -435.876  RMP -429768.804  (L−z_K)/|z_K| 2.54e-02  t 4.5s
      반복  70  L -435.876  RMP -383000.236  (L−z_K)/|z_K| 2.54e-02  t 5.3s
      반복  80  L -435.876  RMP -308995.715  (L−z_K)/|z_K| 2.54e-02  t 6.2s
      반복  90  L -435.876  RMP -248907.476  (L−z_K)/|z_K| 2.54e-02  t 7.2s
      반복 100  L -435.876  RMP -166136.660  (L−z_K)/|z_K| 2.54e-02  t 8.3s
      반복 110  L -435.876  RMP -72319.109  (L−z_K)/|z_K| 2.54e-02  t 9.4s
      반복 120  L -435.876  RMP -4670.631  (L−z_K)/|z_K| 2.54e-02  t 10.8s
      반복 130  L -435.876  RMP -1073.283  (L−z_K)/|z_K| 2.54e-02  t 12.4s
      반복 140  L -435.876  RMP -718.506  (L−z_K)/|z_K| 2.54e-02  t 14.1s
      반복 150  L -435.876  RMP -565.066  (L−z_K)/|z_K| 2.54e-02  t 15.6s
      반복 160  L -435.876  RMP -494.982  (L−z_K)/|z_K| 2.54e-02  t 17.2s
      반복 170  L -435.876  RMP -467.142  (L−z_K)/|z_K| 2.54e-02  t 18.8s
      반복 180  L -435.876  RMP -454.520  (L−z_K)/|z_K| 2.54e-02  t 20.2s
      반복 190  L -437.776  RMP -450.432  (L−z_K)/|z_K| 2.12e-02  t 21.3s
      반복 200  L -444.502  RMP -448.263  (L−z_K)/|z_K| 6.12e-03  t 22.2s
      반복 210  L -444.762  RMP -447.484  (L−z_K)/|z_K| 5.54e-03  t 22.9s
      반복 220  L -445.795  RMP -447.267  (L−z_K)/|z_K| 3.23e-03  t 23.4s
      반복 230  L -447.149  RMP -447.255  (L−z_K)/|z_K| 2.04e-04  t 23.7s
      반복 236  L -447.210  RMP -447.246  (L−z_K)/|z_K| 6.74e-05  t 23.9s
    정확한 점 (α 고정 LP -475330.0366, 0.03s): 실행가능 블록 열 50/50
  깊이 2 α2 아래: z_부모 -435.69 z_자식 -435.69 (full LP 0.00s) | 부모 열 100/50 | 0.1% 도달 반복 0 (0.1s) | 종료 반복 1 L -435.69 RMP -435.69 (0.1s: RMP 0.0s 블록 0.1s, 모델 0.0s) 열 200
      반복   0  L -435.689  RMP NaN  (L−z_K)/|z_K| -1.16e-13  t 0.1s
      반복   1  L -435.689  RMP -435.689  (L−z_K)/|z_K| -1.16e-13  t 0.1s
    정확한 점 (α 고정 LP -551908.8775, 0.01s): 실행가능 블록 열 50/50
  깊이 2 α2 위 : z_부모 -435.69 z_자식 -559.50 (full LP 0.82s) | 부모 열 50/50 | 0.1% 도달 반복 225 (25.3s) | 종료 반복 229 L -559.50 RMP -559.50 (25.4s: RMP 18.9s 블록 4.4s, 모델 0.0s) 열 10321
      반복   0  L -444.271  RMP NaN  (L−z_K)/|z_K| 2.06e-01  t 0.1s
      반복   1  L -444.271  RMP -551908.877  (L−z_K)/|z_K| 2.06e-01  t 0.2s
      반복   2  L -444.271  RMP -551908.877  (L−z_K)/|z_K| 2.06e-01  t 0.2s
      반복   3  L -444.271  RMP -551908.877  (L−z_K)/|z_K| 2.06e-01  t 0.2s
      반복   4  L -444.271  RMP -551908.877  (L−z_K)/|z_K| 2.06e-01  t 0.2s
      반복   5  L -444.271  RMP -551908.877  (L−z_K)/|z_K| 2.06e-01  t 0.3s
      반복  10  L -444.271  RMP -551908.877  (L−z_K)/|z_K| 2.06e-01  t 0.5s
      반복  20  L -444.271  RMP -551908.877  (L−z_K)/|z_K| 2.06e-01  t 1.0s
      반복  30  L -444.271  RMP -551908.877  (L−z_K)/|z_K| 2.06e-01  t 1.7s
      반복  40  L -444.271  RMP -551908.877  (L−z_K)/|z_K| 2.06e-01  t 2.6s
      반복  50  L -444.271  RMP -551908.877  (L−z_K)/|z_K| 2.06e-01  t 3.3s
      반복  60  L -444.271  RMP -551908.877  (L−z_K)/|z_K| 2.06e-01  t 4.3s
      반복  70  L -444.271  RMP -433195.409  (L−z_K)/|z_K| 2.06e-01  t 5.3s
      반복  80  L -444.271  RMP -373194.124  (L−z_K)/|z_K| 2.06e-01  t 6.4s
      반복  90  L -444.271  RMP -325107.716  (L−z_K)/|z_K| 2.06e-01  t 7.5s
      반복 100  L -444.271  RMP -264722.362  (L−z_K)/|z_K| 2.06e-01  t 8.6s
      반복 110  L -444.271  RMP -200514.294  (L−z_K)/|z_K| 2.06e-01  t 9.8s
      반복 120  L -444.271  RMP -127975.190  (L−z_K)/|z_K| 2.06e-01  t 11.0s
      반복 130  L -444.271  RMP -18572.794  (L−z_K)/|z_K| 2.06e-01  t 12.3s
      반복 140  L -444.271  RMP -3556.308  (L−z_K)/|z_K| 2.06e-01  t 13.9s
      반복 150  L -444.271  RMP -1041.521  (L−z_K)/|z_K| 2.06e-01  t 15.8s
      반복 160  L -444.271  RMP -783.965  (L−z_K)/|z_K| 2.06e-01  t 17.5s
      반복 170  L -444.271  RMP -676.284  (L−z_K)/|z_K| 2.06e-01  t 19.1s
      반복 180  L -475.077  RMP -607.388  (L−z_K)/|z_K| 1.51e-01  t 20.6s
      반복 190  L -530.889  RMP -570.832  (L−z_K)/|z_K| 5.11e-02  t 22.3s
      반복 200  L -549.240  RMP -561.450  (L−z_K)/|z_K| 1.83e-02  t 23.6s
      반복 210  L -555.335  RMP -560.130  (L−z_K)/|z_K| 7.45e-03  t 24.5s
      반복 220  L -558.125  RMP -559.569  (L−z_K)/|z_K| 2.46e-03  t 25.1s
      반복 229  L -559.503  RMP -559.503  (L−z_K)/|z_K| -8.13e-15  t 25.4s
