Set parameter Username
Set parameter LicenseID to value 2839433
Academic license - for non-commercial use only - expires 2027-06-29
Set parameter Username
Set parameter LicenseID to value 2839433
Academic license - for non-commercial use only - expires 2027-06-29
Set parameter Username
Set parameter LicenseID to value 2839433
Academic license - for non-commercial use only - expires 2027-06-29
Set parameter Username
Set parameter LicenseID to value 2839433
Academic license - for non-commercial use only - expires 2027-06-29
Set parameter Username
Set parameter LicenseID to value 2839433
Academic license - for non-commercial use only - expires 2027-06-29
Set parameter Username
Set parameter LicenseID to value 2839433
Academic license - for non-commercial use only - expires 2027-06-29

******************************************************************************
This program contains Ipopt, a library for large-scale nonlinear optimization.
 Ipopt is released as open source code under the Eclipse Public License (EPL).
         For more information visit https://github.com/coin-or/Ipopt
******************************************************************************

RESULT quota=150 δ=0.1 x=[1, 2] KKT V*=-1470.5000 | α-B&B LB=-1470.5181 UB=3549.4217 gap=3.41e+00 nodes=7021 numerr=0 (601s) | θᵁ=5.000 λᵁ=100.0
RESULT quota=150 δ=0.1 x=[1, 2] KKT V*=-1470.5000 | Gurobi Ω LB=-1472.3873 UB=-67.2424 gap=9.54e-01 status=TIME_LIMIT (600s) | θᵁ=5.000
RESULT quota=150 δ=0.1 x=[1, 2] KKT V*=-1470.5000 | α-B&B LB=-1470.5507 UB=-950.8066 gap=3.53e-01 nodes=6479 numerr=0 (600s) | θᵁ=0.625 λᵁ=100.0
RESULT quota=150 δ=0.1 x=[1, 2] KKT V*=-1470.5000 | Gurobi Ω LB=-1471.9093 UB=-1443.0472 gap=1.96e-02 status=TIME_LIMIT (600s) | θᵁ=0.625
