Set parameter Username
Set parameter LicenseID to value 2839433
Academic license - for non-commercial use only - expires 2027-06-29
Set parameter Username
Set parameter LicenseID to value 2839433
Academic license - for non-commercial use only - expires 2027-06-29
Set parameter Username
Set parameter LicenseID to value 2839433
Academic license - for non-commercial use only - expires 2027-06-29
Set parameter Username
Set parameter LicenseID to value 2839433
Academic license - for non-commercial use only - expires 2027-06-29
Set parameter Username
Set parameter LicenseID to value 2839433
Academic license - for non-commercial use only - expires 2027-06-29
Set parameter Username
Set parameter LicenseID to value 2839433
Academic license - for non-commercial use only - expires 2027-06-29
Set parameter Username
Set parameter LicenseID to value 2839433
Academic license - for non-commercial use only - expires 2027-06-29
Set parameter Username
Set parameter LicenseID to value 2839433
Academic license - for non-commercial use only - expires 2027-06-29
Set parameter Username
Set parameter LicenseID to value 2839433
Academic license - for non-commercial use only - expires 2027-06-29
Set parameter Username
Set parameter LicenseID to value 2839433
Academic license - for non-commercial use only - expires 2027-06-29
Set parameter Username
Set parameter LicenseID to value 2839433
Academic license - for non-commercial use only - expires 2027-06-29
Set parameter Username
Set parameter LicenseID to value 2839433
Academic license - for non-commercial use only - expires 2027-06-29
Set parameter Username
Set parameter LicenseID to value 2839433
Academic license - for non-commercial use only - expires 2027-06-29
Set parameter Username
Set parameter LicenseID to value 2839433
Academic license - for non-commercial use only - expires 2027-06-29

******************************************************************************
This program contains Ipopt, a library for large-scale nonlinear optimization.
 Ipopt is released as open source code under the Eclipse Public License (EPL).
         For more information visit https://github.com/coin-or/Ipopt
******************************************************************************

    [nz-α-B&B] t=  61.2s nodes=10217 open= 2974 LB=-1470.534543 UB=-311.714449 gap=7.880e-01
    [nz-α-B&B] t= 121.7s nodes=18842 open= 3299 LB=-1470.534543 UB=-311.723117 gap=7.880e-01
    [nz-α-B&B] t= 181.7s nodes=26281 open= 2718 LB=-1470.534543 UB=-314.640033 gap=7.860e-01
    [nz-α-B&B] t= 241.7s nodes=32410 open= 4359 LB=-1470.534543 UB=-314.642349 gap=7.860e-01
    [nz-α-B&B] t= 301.9s nodes=38072 open= 5891 LB=-1470.534543 UB=-314.644149 gap=7.860e-01
    [nz-α-B&B] t= 361.9s nodes=43278 open= 7205 LB=-1470.534543 UB=-314.645942 gap=7.860e-01
    [nz-α-B&B] t= 421.9s nodes=48002 open= 8371 LB=-1470.521760 UB=-314.647404 gap=7.860e-01
    [nz-α-B&B] t= 482.0s nodes=52528 open= 9473 LB=-1470.521760 UB=-314.648918 gap=7.860e-01
    [nz-α-B&B] t= 542.1s nodes=56783 open=10499 LB=-1470.521760 UB=-314.650210 gap=7.860e-01
RESULT quota=150 δ=0.1 x=[1, 2] KKT V*=-1470.5000 | α-B&B LB=-1470.5218 UB=-314.6515 gap=7.86e-01 nodes=60568 numerr=0 (601s) | θᵁ=1.000 λᵁ=100.0 고정=6
