Set parameter Username
Set parameter LicenseID to value 2839433
Academic license - for non-commercial use only - expires 2027-06-29
Set parameter Username
Set parameter LicenseID to value 2839433
Academic license - for non-commercial use only - expires 2027-06-29
Set parameter Username
Set parameter LicenseID to value 2839433
Academic license - for non-commercial use only - expires 2027-06-29
Set parameter Username
Set parameter LicenseID to value 2839433
Academic license - for non-commercial use only - expires 2027-06-29
Set parameter Username
Set parameter LicenseID to value 2839433
Academic license - for non-commercial use only - expires 2027-06-29
Set parameter Username
Set parameter LicenseID to value 2839433
Academic license - for non-commercial use only - expires 2027-06-29
Set parameter Username
Set parameter LicenseID to value 2839433
Academic license - for non-commercial use only - expires 2027-06-29
Set parameter Username
Set parameter LicenseID to value 2839433
Academic license - for non-commercial use only - expires 2027-06-29
Set parameter Username
Set parameter LicenseID to value 2839433
Academic license - for non-commercial use only - expires 2027-06-29
Set parameter Username
Set parameter LicenseID to value 2839433
Academic license - for non-commercial use only - expires 2027-06-29
Set parameter Username
Set parameter LicenseID to value 2839433
Academic license - for non-commercial use only - expires 2027-06-29
Set parameter Username
Set parameter LicenseID to value 2839433
Academic license - for non-commercial use only - expires 2027-06-29
Set parameter Username
Set parameter LicenseID to value 2839433
Academic license - for non-commercial use only - expires 2027-06-29
Set parameter Username
Set parameter LicenseID to value 2839433
Academic license - for non-commercial use only - expires 2027-06-29

******************************************************************************
This program contains Ipopt, a library for large-scale nonlinear optimization.
 Ipopt is released as open source code under the Eclipse Public License (EPL).
         For more information visit https://github.com/coin-or/Ipopt
******************************************************************************

RESULT quota=100 δ=Inf x=[1, 2] KKT V*=-1283.5000 | α-B&B LB=-1283.5396 UB=-142.1768 gap=8.89e-01 nodes=37836 numerr=0 (601s) | θᵁ=5.0 λᵁ=100.0
RESULT quota=100 δ=0.1 x=[1, 2] KKT V*=-1283.5000 | α-B&B LB=-1283.5399 UB=248.0962 gap=1.19e+00 nodes=19283 numerr=0 (600s) | θᵁ=5.0 λᵁ=100.0
RESULT quota=150 δ=Inf x=[1, 2] KKT V*=-1437.0000 | α-B&B LB=-1437.0585 UB=980.8967 gap=1.68e+00 nodes=32219 numerr=0 (600s) | θᵁ=5.0 λᵁ=100.0
RESULT quota=150 δ=0.1 x=[1, 2] KKT V*=-1470.5000 | α-B&B LB=-1470.5177 UB=1531.2450 gap=2.04e+00 nodes=17960 numerr=0 (600s) | θᵁ=5.0 λᵁ=100.0
