Set parameter Username
Set parameter LicenseID to value 2839433
Academic license - for non-commercial use only - expires 2027-06-29
Set parameter Username
Set parameter LicenseID to value 2839433
Academic license - for non-commercial use only - expires 2027-06-29
Set parameter Username
Set parameter LicenseID to value 2839433
Academic license - for non-commercial use only - expires 2027-06-29
Set parameter Username
Set parameter LicenseID to value 2839433
Academic license - for non-commercial use only - expires 2027-06-29
Set parameter Username
Set parameter LicenseID to value 2839433
Academic license - for non-commercial use only - expires 2027-06-29
Set parameter Username
Set parameter LicenseID to value 2839433
Academic license - for non-commercial use only - expires 2027-06-29
Set parameter Username
Set parameter LicenseID to value 2839433
Academic license - for non-commercial use only - expires 2027-06-29
Set parameter Username
Set parameter LicenseID to value 2839433
Academic license - for non-commercial use only - expires 2027-06-29
Set parameter Username
Set parameter LicenseID to value 2839433
Academic license - for non-commercial use only - expires 2027-06-29
Set parameter Username
Set parameter LicenseID to value 2839433
Academic license - for non-commercial use only - expires 2027-06-29
Set parameter Username
Set parameter LicenseID to value 2839433
Academic license - for non-commercial use only - expires 2027-06-29
Set parameter Username
Set parameter LicenseID to value 2839433
Academic license - for non-commercial use only - expires 2027-06-29
Set parameter Username
Set parameter LicenseID to value 2839433
Academic license - for non-commercial use only - expires 2027-06-29
Set parameter Username
Set parameter LicenseID to value 2839433
Academic license - for non-commercial use only - expires 2027-06-29

******************************************************************************
This program contains Ipopt, a library for large-scale nonlinear optimization.
 Ipopt is released as open source code under the Eclipse Public License (EPL).
         For more information visit https://github.com/coin-or/Ipopt
******************************************************************************

    [nz-α-B&B] t=  60.8s nodes= 6808 open= 2785 LB=-1470.534543 UB=-681.760530 gap=5.364e-01
    [nz-α-B&B] t= 121.3s nodes= 9343 open= 3788 LB=-1470.534543 UB=-820.849839 gap=4.418e-01
    [nz-α-B&B] t= 181.4s nodes=11061 open= 4434 LB=-1470.534543 UB=-892.246168 gap=3.933e-01
    [nz-α-B&B] t= 241.5s nodes=12495 open= 5208 LB=-1470.534543 UB=-937.955427 gap=3.622e-01
    [nz-α-B&B] t= 301.6s nodes=13634 open= 5643 LB=-1470.534543 UB=-973.063290 gap=3.383e-01
    [nz-α-B&B] t= 361.6s nodes=14634 open= 6115 LB=-1470.534543 UB=-995.734506 gap=3.229e-01
    [nz-α-B&B] t= 421.7s nodes=15531 open= 6532 LB=-1470.534543 UB=-1012.905606 gap=3.112e-01
    [nz-α-B&B] t= 481.7s nodes=16320 open= 6885 LB=-1470.519393 UB=-1028.271059 gap=3.007e-01
    [nz-α-B&B] t= 541.8s nodes=17055 open= 7210 LB=-1470.519393 UB=-1041.443707 gap=2.918e-01
RESULT quota=150 δ=0.1 x=[1, 2] KKT V*=-1470.5000 | α-B&B LB=-1470.5194 UB=-1053.7134 gap=2.83e-01 nodes=17731 numerr=0 (601s) | θᵁ=1.000 λᵁ=100.0 고정=6
