  합계 100.4s
  [교차 자동] 깊이  1: 3.6s  상태 OPTIMAL  barrier 반복 66  simplex 반복 10787  상한 -381.188
  [교차 자동] 깊이  2: 4.4s  상태 OPTIMAL  barrier 반복 79  simplex 반복 9601  상한 -504.565
  [교차 자동] 깊이  3: 4.6s  상태 OPTIMAL  barrier 반복 84  simplex 반복 10637  상한 -504.565
  [교차 자동] 깊이  4: 5.4s  상태 OPTIMAL  barrier 반복 89  simplex 반복 10044  상한 -517.769
  [교차 자동] 깊이  5: 5.4s  상태 OPTIMAL  barrier 반복 100  simplex 반복 9280  상한 -517.769
  [교차 자동] 깊이  6: 6.4s  상태 OPTIMAL  barrier 반복 72  simplex 반복 9491  상한 -537.854
  [교차 자동] 깊이  7: 7.7s  상태 OPTIMAL  barrier 반복 81  simplex 반복 13894  상한 -537.854
  [교차 자동] 깊이  8: 7.0s  상태 OPTIMAL  barrier 반복 82  simplex 반복 10122  상한 -537.854
  [교차 자동] 깊이  9: 7.2s  상태 OPTIMAL  barrier 반복 81  simplex 반복 11390  상한 -537.854
  [교차 자동] 깊이 10: 6.3s  상태 OPTIMAL  barrier 반복 80  simplex 반복 9598  상한 -636.149
  [교차 끔] 깊이  1: 2.6s  상태 OPTIMAL  barrier 반복 66  simplex 반복 0  상한 -381.188
  [교차 끔] 깊이  2: 3.4s  상태 OPTIMAL  barrier 반복 79  simplex 반복 0  상한 -504.565
  [교차 끔] 깊이  3: 3.4s  상태 OPTIMAL  barrier 반복 84  simplex 반복 0  상한 -504.565
  [교차 끔] 깊이  4: 3.7s  상태 OPTIMAL  barrier 반복 89  simplex 반복 0  상한 -517.769
  [교차 끔] 깊이  5: 4.1s  상태 OPTIMAL  barrier 반복 100  simplex 반복 0  상한 -517.769
  [교차 끔] 깊이  6: 4.8s  상태 OPTIMAL  barrier 반복 72  simplex 반복 0  상한 -537.854
  [교차 끔] 깊이  7: 5.5s  상태 OPTIMAL  barrier 반복 81  simplex 반복 0  상한 -537.854
  [교차 끔] 깊이  8: 5.4s  상태 OPTIMAL  barrier 반복 82  simplex 반복 0  상한 -537.854
  [교차 끔] 깊이  9: 5.3s  상태 OPTIMAL  barrier 반복 81  simplex 반복 0  상한 -537.854
  [교차 끔] 깊이 10: 5.3s  상태 OPTIMAL  barrier 반복 80  simplex 반복 0  상한 -636.149
