Set parameter Username
Set parameter LicenseID to value 2839433
Academic license - for non-commercial use only - expires 2027-06-29
Set parameter Username
Set parameter LicenseID to value 2839433
Academic license - for non-commercial use only - expires 2027-06-29
Set parameter Username
Set parameter LicenseID to value 2839433
Academic license - for non-commercial use only - expires 2027-06-29
Set parameter Username
Set parameter LicenseID to value 2839433
Academic license - for non-commercial use only - expires 2027-06-29
Set parameter Username
Set parameter LicenseID to value 2839433
Academic license - for non-commercial use only - expires 2027-06-29
Set parameter Username
Set parameter LicenseID to value 2839433
Academic license - for non-commercial use only - expires 2027-06-29
Set parameter Username
Set parameter LicenseID to value 2839433
Academic license - for non-commercial use only - expires 2027-06-29
Set parameter Username
Set parameter LicenseID to value 2839433
Academic license - for non-commercial use only - expires 2027-06-29
Set parameter Username
Set parameter LicenseID to value 2839433
Academic license - for non-commercial use only - expires 2027-06-29
Set parameter Username
Set parameter LicenseID to value 2839433
Academic license - for non-commercial use only - expires 2027-06-29
Set parameter Username
Set parameter LicenseID to value 2839433
Academic license - for non-commercial use only - expires 2027-06-29
Set parameter Username
Set parameter LicenseID to value 2839433
Academic license - for non-commercial use only - expires 2027-06-29
Set parameter Username
Set parameter LicenseID to value 2839433
Academic license - for non-commercial use only - expires 2027-06-29
Set parameter Username
Set parameter LicenseID to value 2839433
Academic license - for non-commercial use only - expires 2027-06-29

******************************************************************************
This program contains Ipopt, a library for large-scale nonlinear optimization.
 Ipopt is released as open source code under the Eclipse Public License (EPL).
         For more information visit https://github.com/coin-or/Ipopt
******************************************************************************

    [nz-α-B&B] t=  60.7s nodes= 6985 open= 3110 LB=-1470.517901 UB=3610.571160 gap=3.455e+00
    [nz-α-B&B] t= 121.1s nodes= 9495 open= 4116 LB=-1470.517901 UB=2721.760202 gap=2.851e+00
    [nz-α-B&B] t= 181.2s nodes=11187 open= 4826 LB=-1470.517901 UB=2348.724739 gap=2.597e+00
    [nz-α-B&B] t= 241.2s nodes=12500 open= 5417 LB=-1470.517901 UB=2099.752884 gap=2.428e+00
    [nz-α-B&B] t= 301.2s nodes=13676 open= 5979 LB=-1470.517901 UB=1934.117318 gap=2.315e+00
    [nz-α-B&B] t= 361.2s nodes=14671 open= 6492 LB=-1470.517901 UB=1832.166943 gap=2.246e+00
    [nz-α-B&B] t= 421.3s nodes=15584 open= 6991 LB=-1470.517901 UB=1755.819142 gap=2.194e+00
    [nz-α-B&B] t= 481.5s nodes=16389 open= 7352 LB=-1470.517901 UB=1686.271998 gap=2.147e+00
    [nz-α-B&B] t= 541.6s nodes=17119 open= 7692 LB=-1470.517901 UB=1619.015370 gap=2.101e+00
    [nz-α-B&B] t= 601.6s nodes=17807 open= 8002 LB=-1470.517901 UB=1546.801391 gap=2.052e+00
    [nz-α-B&B] t= 661.6s nodes=18428 open= 8209 LB=-1470.517901 UB=1475.311830 gap=2.003e+00
    [nz-α-B&B] t= 721.7s nodes=18999 open= 8422 LB=-1470.517901 UB=1413.202323 gap=1.961e+00
    [nz-α-B&B] t= 782.0s nodes=19562 open= 8649 LB=-1470.517901 UB=1363.396938 gap=1.927e+00
    [nz-α-B&B] t= 842.2s nodes=20128 open= 8909 LB=-1470.517901 UB=1311.723015 gap=1.892e+00
    [nz-α-B&B] t= 902.3s nodes=20654 open= 9165 LB=-1470.517901 UB=1266.537356 gap=1.861e+00
    [nz-α-B&B] t= 962.4s nodes=21146 open= 9391 LB=-1470.517901 UB=1216.373145 gap=1.827e+00
    [nz-α-B&B] t=1023.1s nodes=21629 open= 9628 LB=-1470.517901 UB=1170.232869 gap=1.796e+00
    [nz-α-B&B] t=1083.3s nodes=22107 open= 9836 LB=-1470.517901 UB=1129.728761 gap=1.768e+00
    [nz-α-B&B] t=1143.5s nodes=22554 open= 9997 LB=-1470.517887 UB=1101.245083 gap=1.749e+00
    [nz-α-B&B] t=1203.5s nodes=22996 open=10211 LB=-1470.517887 UB=1068.936805 gap=1.727e+00
    [nz-α-B&B] t=1263.6s nodes=23433 open=10406 LB=-1470.517887 UB=1037.154819 gap=1.705e+00
    [nz-α-B&B] t=1323.7s nodes=23838 open=10593 LB=-1470.517887 UB=1011.633906 gap=1.688e+00
    [nz-α-B&B] t=1383.8s nodes=24263 open=10826 LB=-1470.517887 UB=985.617990 gap=1.670e+00
    [nz-α-B&B] t=1443.9s nodes=24689 open=11058 LB=-1470.517886 UB=965.041780 gap=1.656e+00
    [nz-α-B&B] t=1504.4s nodes=25070 open=11209 LB=-1470.517886 UB=937.727970 gap=1.638e+00
    [nz-α-B&B] t=1564.4s nodes=25483 open=11432 LB=-1470.517835 UB=913.094802 gap=1.621e+00
    [nz-α-B&B] t=1624.5s nodes=25840 open=11593 LB=-1470.517835 UB=896.816317 gap=1.610e+00
    [nz-α-B&B] t=1684.5s nodes=26217 open=11778 LB=-1470.517835 UB=874.939438 gap=1.595e+00
    [nz-α-B&B] t=1744.6s nodes=26583 open=11928 LB=-1470.517835 UB=857.658010 gap=1.583e+00
    [nz-α-B&B] t=1804.6s nodes=26941 open=12110 LB=-1470.517835 UB=839.267667 gap=1.571e+00
    [nz-α-B&B] t=1864.7s nodes=27290 open=12259 LB=-1470.517835 UB=822.516992 gap=1.559e+00
    [nz-α-B&B] t=1924.8s nodes=27622 open=12403 LB=-1470.517835 UB=806.478336 gap=1.548e+00
    [nz-α-B&B] t=1984.9s nodes=27956 open=12567 LB=-1470.517835 UB=794.051188 gap=1.540e+00
    [nz-α-B&B] t=2045.1s nodes=28291 open=12726 LB=-1470.517835 UB=781.454422 gap=1.531e+00
    [nz-α-B&B] t=2105.1s nodes=28617 open=12886 LB=-1470.517835 UB=764.592631 gap=1.520e+00
    [nz-α-B&B] t=2165.2s nodes=28930 open=13029 LB=-1470.517835 UB=749.471338 gap=1.510e+00
    [nz-α-B&B] t=2225.2s nodes=29247 open=13182 LB=-1470.517835 UB=737.179309 gap=1.501e+00
    [nz-α-B&B] t=2285.4s nodes=29556 open=13335 LB=-1470.517835 UB=723.722056 gap=1.492e+00
    [nz-α-B&B] t=2345.7s nodes=29857 open=13476 LB=-1470.517835 UB=711.658060 gap=1.484e+00
    [nz-α-B&B] t=2405.8s nodes=30169 open=13644 LB=-1470.517835 UB=699.651014 gap=1.476e+00
    [nz-α-B&B] t=2465.9s nodes=30435 open=13760 LB=-1470.517835 UB=688.167646 gap=1.468e+00
    [nz-α-B&B] t=2526.0s nodes=30721 open=13900 LB=-1470.517835 UB=677.112387 gap=1.460e+00
    [nz-α-B&B] t=2586.1s nodes=31021 open=14060 LB=-1470.517835 UB=668.120638 gap=1.454e+00
    [nz-α-B&B] t=2646.3s nodes=31304 open=14207 LB=-1470.517835 UB=657.408089 gap=1.447e+00
    [nz-α-B&B] t=2706.3s nodes=31579 open=14330 LB=-1470.517835 UB=648.554707 gap=1.441e+00
    [nz-α-B&B] t=2766.4s nodes=31858 open=14481 LB=-1470.517835 UB=640.840584 gap=1.436e+00
    [nz-α-B&B] t=2826.7s nodes=32121 open=14588 LB=-1470.517835 UB=632.107894 gap=1.430e+00
    [nz-α-B&B] t=2886.9s nodes=32408 open=14737 LB=-1470.517835 UB=623.678649 gap=1.424e+00
    [nz-α-B&B] t=2946.9s nodes=32682 open=14867 LB=-1470.517835 UB=616.436537 gap=1.419e+00
    [nz-α-B&B] t=3006.9s nodes=32936 open=14981 LB=-1470.517835 UB=608.699635 gap=1.414e+00
    [nz-α-B&B] t=3068.6s nodes=33203 open=15116 LB=-1470.517835 UB=600.935634 gap=1.409e+00
    [nz-α-B&B] t=3128.7s nodes=33462 open=15237 LB=-1470.517835 UB=592.652111 gap=1.403e+00
    [nz-α-B&B] t=3188.9s nodes=33718 open=15365 LB=-1470.517835 UB=585.033908 gap=1.398e+00
    [nz-α-B&B] t=3248.9s nodes=33977 open=15512 LB=-1470.517835 UB=577.861022 gap=1.393e+00
    [nz-α-B&B] t=3308.9s nodes=34236 open=15639 LB=-1470.517835 UB=571.131038 gap=1.388e+00
    [nz-α-B&B] t=3369.0s nodes=34486 open=15777 LB=-1470.517835 UB=566.101142 gap=1.385e+00
    [nz-α-B&B] t=3429.2s nodes=34732 open=15903 LB=-1470.517835 UB=560.338111 gap=1.381e+00
    [nz-α-B&B] t=3489.5s nodes=34981 open=16032 LB=-1470.517835 UB=554.369442 gap=1.377e+00
    [nz-α-B&B] t=3549.7s nodes=35233 open=16148 LB=-1470.517835 UB=545.962188 gap=1.371e+00
RESULT quota=150 δ=0.1 x=[1, 2] KKT V*=-1470.5000 | α-B&B LB=-1470.5178 UB=540.1848 gap=1.37e+00 nodes=35428 numerr=0 (3601s) | θᵁ=5.0 λᵁ=100.0
Set parameter FeasibilityTol to value 1e-09
Set parameter OptimalityTol to value 1e-09
Set parameter NumericFocus to value 2
Set parameter NonConvex to value 2
Set parameter DisplayInterval to value 60
Set parameter TimeLimit to value 3600
Set parameter MIPGap to value 1e-05
Set parameter FeasibilityTol to value 1e-09
Set parameter NonConvex to value 2
Set parameter MIPGap to value 1e-05
Set parameter DisplayInterval to value 60
Set parameter OptimalityTol to value 1e-09
Set parameter NumericFocus to value 2
Set parameter TimeLimit to value 3600
Gurobi Optimizer version 13.0.3 build v13.0.3rc0 (linux64 - "Ubuntu 26.04.1 LTS")

CPU model: AMD Ryzen 9 9950X 16-Core Processor, instruction set [SSE2|AVX|AVX2|AVX512]
Thread count: 16 physical cores, 32 logical processors, using up to 32 threads

Non-default parameters:
TimeLimit  3600
FeasibilityTol  1e-09
MIPGap  1e-05
OptimalityTol  1e-09
DisplayInterval  60
NonConvex  2
NumericFocus  2

Optimize a model with 439 rows, 575 columns and 1723 nonzeros (Max)
Model fingerprint: 0x85d27bbf
Model has 175 linear objective coefficients
Model has 135 quadratic constraints
Coefficient statistics:
  Matrix range     [6e-01, 3e+03]
  QMatrix range    [1e+00, 1e+00]
  QLMatrix range   [1e+00, 1e+00]
  Objective range  [5e+00, 1e+05]
  Bounds range     [2e-01, 5e+04]
  RHS range        [2e-01, 2e+02]

Presolve removed 128 rows and 128 columns

Continuous model is non-convex -- solving as a MIP


Presolve removed 154 rows and 227 columns
Presolve time: 0.00s
Presolved: 628 rows, 377 columns, 1794 nonzeros
Presolved model has 99 bilinear constraint(s)
Variable types: 377 continuous, 0 integer (0 binary)

Root relaxation: objective 4.161385e+05, 197 iterations, 0.00 seconds (0.00 work units)

    Nodes    |    Current Node    |     Objective Bounds      |     Work
 Expl Unexpl |  Obj  Depth IntInf | Incumbent    BestBd   Gap | It/Node Time

     0     0 416138.500    0   28          - 416138.500      -     -    0s
     0     0 263553.500    0   35          - 263553.500      -     -    0s
     0     0 237965.144    0   45          - 237965.144      -     -    0s
     0     0 237965.144    0   45          - 237965.144      -     -    0s
     0     0 213849.749    0   34          - 213849.749      -     -    0s
H    0     0                    -158330.7625 213849.749   235%     -    0s
     0     2 213849.749    0   34 -158330.76 213849.749   235%     -    0s
H    3     8                    -6977.833612 179896.527  2678%  17.0    0s
H 4132   748                    -2358.737259 46829.0598  2085%  33.5    0s
H 4713   827                    -2358.737259 43448.9911  1942%  33.2    0s
H 4716   787                    -2344.898472 43448.9911  1953%  33.2    0s
H 5452   805                    -2344.898472 43448.9911  1953%  34.2    0s
H 5462   764                    -2344.898471 43448.9911  1953%  34.2    0s
H 5477   723                    -2344.898471 43448.9911  1953%  34.3    0s
H 5482   687                    -2344.898470 43448.9911  1953%  34.3    0s
H 8224   832                    -1491.590909 38885.5678  2707%  35.4    1s
H31358  4932                    -1485.513586 13532.9222  1011%  30.6    2s
H31456  4902                    -1476.116204 13529.7382  1017%  30.6    2s
H31742  4902                    -1476.116197 13520.9830  1016%  30.6    2s
*91757 18134             144    -1476.104167 6408.09683   534%  28.4    6s
*91761 18134             146    -1476.101331 6408.09683   534%  28.4    6s
H92780 18533                    -1473.888184 6339.64162   530%  28.4    6s
H95040 19453                    -1473.888184 6339.64162   530%  28.4    6s
H95910 19453                    -1473.888183 6339.64162   530%  28.4    6s
H99395 19453                    -1473.888182 6226.39211   522%  28.3    6s
H234431 47650                    -1473.888182 3089.67180   310%  27.6   12s
H234925 47650                    -1473.888182 3089.67180   310%  27.6   12s
H237273 47650                    -1473.888176 3088.44071   310%  27.6   12s
H237475 48097                    -1473.888170 3051.83359   307%  27.6   12s
H237582 48097                    -1473.888169 3051.83359   307%  27.6   12s
H237693 48097                    -1473.888166 3051.83359   307%  27.6   12s
*442253 89505             121    -1473.132818 1673.18289   214%  27.7   22s
*442256 89505             121    -1473.132438 1673.18289   214%  27.7   22s
H444232 89942                    -1473.132437 1661.65148   213%  27.7   22s
H444760 89899                    -1472.384988 1661.65148   213%  27.7   22s
*496580 100968             100    -1471.495073 1466.07291   200%  27.8   24s
*496597 100968             112    -1471.494789 1466.07291   200%  27.8   24s
*496598 100968             112    -1471.494632 1466.07291   200%  27.8   24s
H499562 101547                    -1471.037203 1456.52257   199%  27.8   25s
H584058 118582                    -1471.037203 1199.18097   182%  27.8   29s
H584159 118582                    -1471.037202 1199.18097   182%  27.8   29s
H584257 118582                    -1471.037201 1199.18097   182%  27.8   29s
H587272 119094                    -1471.037200 1190.57770   181%  27.8   29s
H626302 126547                    -1471.037199 1090.14917   174%  27.8   31s
H630922 127388                    -1471.037198 1081.36766   174%  27.9   31s
H810078 159650                    -1471.037197  728.65412   150%  28.1   39s
 1254929 237053 -973.09105   45   41 -1471.0372  185.84723   113%  28.4   60s
H1282826 241710                    -1471.037196  163.87663   111%  28.5   61s
H2235266 409798                    -1471.037195 -339.29928  76.9%  28.5  104s
 2578030 468354 -1395.6996   44   39 -1471.0372 -446.96047  69.6%  28.4  120s
H3294571 590226                    -1470.500000 -610.07849  58.5%  28.1  151s
 3965277 702551 -1085.1183   42   30 -1470.5000 -720.31674  51.0%  27.7  180s
 5394184 937362 -1448.3453   55   31 -1470.5000 -869.58964  40.9%  27.1  240s
 6836839 1156816 -1281.4920   55   24 -1470.5000 -965.51633  34.3%  26.5  300s
 8303005 1375458 -1323.6277   54   31 -1470.5000 -1031.3389  29.9%  26.1  360s
 9774169 1582091 infeasible   45      -1470.5000 -1079.4487  26.6%  25.7  420s
 11291445 1792719 -1233.4584   46   47 -1470.5000 -1118.3780  23.9%  25.4  480s
 12802582 1996699 infeasible   48      -1470.5000 -1148.6135  21.9%  25.2  540s
 14288179 2191812 -1398.5168   48   31 -1470.5000 -1173.4040  20.2%  25.0  600s
 15796680 2389618 infeasible   52      -1470.5000 -1194.2209  18.8%  24.9  660s
 17290570 2580176 -1464.4385   54   30 -1470.5000 -1211.7688  17.6%  24.7  720s
 18782686 2766605 -1387.6945   50   30 -1470.5000 -1226.6693  16.6%  24.7  780s
 20265237 2945145 -1378.4691   53   30 -1470.5000 -1239.7328  15.7%  24.6  840s
 21737152 3118555 -1430.8832   48   29 -1470.5000 -1251.4161  14.9%  24.5  900s
 23242536 3292387 -1346.8695   54   30 -1470.5000 -1261.9770  14.2%  24.5  960s
 24706822 3461028 -1408.4664   49   47 -1470.5000 -1271.4102  13.5%  24.5 1020s
H25243567 3524303                    -1470.499999 -1274.6175  13.3%  24.4 1042s
 26197996 3631081 -1310.8937   55   31 -1470.5000 -1280.1625  12.9%  24.4 1080s
 27692856 3798477     cutoff   56      -1470.5000 -1288.2368  12.4%  24.4 1140s
 29177699 3961180 infeasible   59      -1470.5000 -1295.6261  11.9%  24.4 1200s
 30645531 4118170 -1470.2966   52   23 -1470.5000 -1302.3935  11.4%  24.4 1260s
 32157979 4280533 infeasible   55      -1470.5000 -1308.8387  11.0%  24.4 1320s
 33669900 4440200     cutoff   52      -1470.5000 -1314.8580  10.6%  24.4 1380s
 35162587 4593149     cutoff   56      -1470.5000 -1320.2616  10.2%  24.4 1440s
 36639100 4747793 infeasible   50      -1470.5000 -1325.2722  9.88%  24.4 1500s
 38106902 4903333 -1368.2655   51   47 -1470.5000 -1329.8920  9.56%  24.4 1560s
 39587870 5055542 infeasible   61      -1470.5000 -1334.2558  9.27%  24.4 1620s
 41064816 5203972 infeasible   56      -1470.5000 -1338.3575  8.99%  24.4 1680s
 42521987 5351017 -1368.8587   50   30 -1470.5000 -1342.1333  8.73%  24.5 1740s
 44028108 5495449 infeasible   50      -1470.5000 -1345.8767  8.47%  24.5 1800s
 45497241 5639989 -1420.4392   45   30 -1470.5000 -1349.2971  8.24%  24.5 1860s
 46963143 5787455     cutoff   56      -1470.5000 -1352.5598  8.02%  24.5 1920s
 48438281 5926625     cutoff   58      -1470.5000 -1355.6732  7.81%  24.5 1980s
 49870909 6064766     cutoff   59      -1470.5000 -1358.5454  7.61%  24.6 2040s
 51317585 6206783 -1414.4215   59   30 -1470.5000 -1361.3146  7.43%  24.6 2100s
 52765935 6343697     cutoff   47      -1470.5000 -1363.9655  7.24%  24.6 2160s
 54210444 6481831 -1444.6656   50   31 -1470.5000 -1366.4503  7.08%  24.6 2220s
 55678713 6619902 -1445.2817   53   31 -1470.5000 -1368.9010  6.91%  24.6 2280s
 57169376 6759593 -1465.8912   55   47 -1470.5000 -1371.2797  6.75%  24.7 2340s
 58638285 6894155     cutoff   62      -1470.5000 -1373.5404  6.59%  24.7 2400s
 60105109 7028343 infeasible   58      -1470.5000 -1375.6902  6.45%  24.7 2460s
 61584592 7165839 -1436.3412   57   30 -1470.5000 -1377.8013  6.30%  24.7 2520s
 63053227 7301916 -1395.3337   53   24 -1470.5000 -1379.8167  6.17%  24.8 2580s
 64503649 7437167 -1469.0745   55   30 -1470.5000 -1381.7399  6.04%  24.8 2640s
 65988573 7574802 -1430.8066   62   30 -1470.5000 -1383.6189  5.91%  24.8 2700s
 67442943 7708544 -1454.2916   51   29 -1470.5000 -1385.4030  5.79%  24.8 2760s
 68855413 7834394 infeasible   59      -1470.5000 -1387.1027  5.67%  24.9 2820s
 70331254 7967289 infeasible   55      -1470.5000 -1388.8054  5.56%  24.9 2880s
 71768182 8092415 infeasible   53      -1470.5000 -1390.4299  5.45%  24.9 2940s
 73176642 8221395 -1462.6184   58   18 -1470.5000 -1391.9806  5.34%  24.9 3000s
 74643458 8352320     cutoff   51      -1470.5000 -1393.5529  5.23%  25.0 3060s
 76117963 8485647 -1452.7313   54   30 -1470.5000 -1395.0604  5.13%  25.0 3120s
 77578353 8615529     cutoff   50      -1470.5000 -1396.5035  5.03%  25.0 3180s
 79032941 8741039     cutoff   59      -1470.5000 -1397.9350  4.93%  25.0 3240s
 80483111 8870899 infeasible   62      -1470.5000 -1399.2944  4.84%  25.1 3300s
 81939865 8999538     cutoff   53      -1470.5000 -1400.6114  4.75%  25.1 3360s
 83390253 9127996 -1468.6804   57   47 -1470.5000 -1401.8735  4.67%  25.1 3420s
 84848591 9259606 -1444.2694   51   29 -1470.5000 -1403.1048  4.58%  25.2 3480s
 86312772 9390581 -1467.8560   53   23 -1470.5000 -1404.3154  4.50%  25.2 3540s
 87738554 9513974     cutoff   54      -1470.5000 -1405.4584  4.42%  25.2 3600s

Cutting planes:
  RLT: 44

Explored 87739671 nodes (2211381680 simplex iterations) in 3600.00 seconds (4923.54 work units)
Thread count was 32 (of 32 available processors)

Solution count 10: -1470.5 -1470.5 -1471.04 ... -1473.89

Time limit reached
Best objective -1.470499999140e+03, best bound -1.405460102152e+03, gap 4.4230%

User-callback calls 133248, time in user-callback 0.06 sec
RESULT quota=150 δ=0.1 x=[1, 2] KKT V*=-1470.5000 | Gurobi Ω LB=-1470.5000 UB=-1405.4601 gap=4.42e-02 status=TIME_LIMIT (3600s)
