Set parameter Username
Set parameter LicenseID to value 2839433
Academic license - for non-commercial use only - expires 2027-06-29
Set parameter Username
Set parameter LicenseID to value 2839433
Academic license - for non-commercial use only - expires 2027-06-29
Set parameter Username
Set parameter LicenseID to value 2839433
Academic license - for non-commercial use only - expires 2027-06-29
Set parameter Username
Set parameter LicenseID to value 2839433
Academic license - for non-commercial use only - expires 2027-06-29
Set parameter Username
Set parameter LicenseID to value 2839433
Academic license - for non-commercial use only - expires 2027-06-29
Set parameter Username
Set parameter LicenseID to value 2839433
Academic license - for non-commercial use only - expires 2027-06-29
Set parameter Username
Set parameter LicenseID to value 2839433
Academic license - for non-commercial use only - expires 2027-06-29
Set parameter Username
Set parameter LicenseID to value 2839433
Academic license - for non-commercial use only - expires 2027-06-29
Set parameter Username
Set parameter LicenseID to value 2839433
Academic license - for non-commercial use only - expires 2027-06-29
Set parameter Username
Set parameter LicenseID to value 2839433
Academic license - for non-commercial use only - expires 2027-06-29
Set parameter Username
Set parameter LicenseID to value 2839433
Academic license - for non-commercial use only - expires 2027-06-29
Set parameter Username
Set parameter LicenseID to value 2839433
Academic license - for non-commercial use only - expires 2027-06-29
Set parameter Username
Set parameter LicenseID to value 2839433
Academic license - for non-commercial use only - expires 2027-06-29
Set parameter Username
Set parameter LicenseID to value 2839433
Academic license - for non-commercial use only - expires 2027-06-29

******************************************************************************
This program contains Ipopt, a library for large-scale nonlinear optimization.
 Ipopt is released as open source code under the Eclipse Public License (EPL).
         For more information visit https://github.com/coin-or/Ipopt
******************************************************************************

    [nz-α-B&B] t=  61.2s nodes=15085 open=12128 LB=-1471.927120 UB=2212.072125 gap=2.503e+00
    [nz-α-B&B] t= 121.7s nodes=21624 open=17197 LB=-1471.927120 UB=1952.694275 gap=2.327e+00
    [nz-α-B&B] t= 181.9s nodes=26077 open=20624 LB=-1471.927109 UB=1821.701307 gap=2.238e+00
    [nz-α-B&B] t= 241.9s nodes=29573 open=23272 LB=-1471.927109 UB=1739.662372 gap=2.182e+00
    [nz-α-B&B] t= 302.0s nodes=32440 open=25525 LB=-1471.927109 UB=1679.574429 gap=2.141e+00
    [nz-α-B&B] t= 362.0s nodes=34901 open=27388 LB=-1471.927109 UB=1630.851147 gap=2.108e+00
    [nz-α-B&B] t= 422.1s nodes=37150 open=29121 LB=-1471.927109 UB=1595.304846 gap=2.084e+00
    [nz-α-B&B] t= 482.1s nodes=39145 open=30600 LB=-1471.927109 UB=1561.473859 gap=2.061e+00
    [nz-α-B&B] t= 542.2s nodes=40955 open=31986 LB=-1471.927053 UB=1534.591132 gap=2.043e+00
RESULT quota=150 δ=0.1 x=[1, 2] KKT V*=-1470.5000 | α-B&B LB=-1471.9271 UB=1510.4733 gap=2.03e+00 nodes=42642 numerr=0 (601s) | θᵁ=1.000 λᵁ=100.0 고정=6
