Set parameter Username
Set parameter LicenseID to value 2839433
Academic license - for non-commercial use only - expires 2027-06-29
location_sgb128_S3_seed1_pair x=[1, 2] θᵁ=1.000  V*=-1470.5000  α* = [0.0, 0.0, 70.7, 84.1, 0.0, 65.9, 0.0, 150.0, 0.0, 0.0, 0.0, 0.0, 0.0, 0.0, 0.0]
α* 고정 정확 LP: F=-1470.50 | ŷ항 -158344.0  −θuᵀϖ 189575.4  −θhζW -32701.9  x행ϖ -0.0  나머지(ρ) 0.0
w=  1.000  상한     -1415.94  상한−V*       54.56 | ŷ항  -158347.4  −θuᵀϖ   189575.4  −θhζW   -32643.9  x행ϖ     -0.0  ρ      0.0 | RLT행 357 (0.1s)

α 폭 × ϖ 폭 (ϖ* 범위: 0.0 ~ 200.0)
  wα=  1.0  wϖ=  Inf  상한−V*      54.56

약쌍대 부등식 (WD) 추가 효과 (α 상자만, ϖ 상자 없음)
  w= 150.0  WD=false  상한−V*    19699.88
  w= 150.0  WD=true   상한−V*      629.09
  w=  50.0  WD=false  상한−V*     6236.00
  w=  50.0  WD=true   상한−V*      252.40
  w=  10.0  WD=false  상한−V*     1191.62
  w=  10.0  WD=true   상한−V*       36.34
  w=   3.0  WD=false  상한−V*      333.84
  w=   3.0  WD=true   상한−V*       11.39
  w=   1.0  WD=false  상한−V*       54.56
  w=   1.0  WD=true   상한−V*        5.41
  w=   0.3  WD=false  상한−V*       16.37
  w=   0.3  WD=true   상한−V*        1.61
