
S=200: 루트 분리 (dual simplex 1 스레드, 라운드 포함) 53.7s, 상한 -381.1872, 변수 48232, 행 47395
  cold dual             Threads  1 Presolve  0:    34.4s  OPTIMAL  값 -381.1872 (차 1.7e-13)
  cold dual             Threads  1 Presolve -1:    23.9s  OPTIMAL  값 -381.1872 (차 4.1e-14)
  cold dual             Threads 12 Presolve  0:    34.3s  OPTIMAL  값 -381.1872 (차 1.7e-13)
  cold dual             Threads 12 Presolve -1:    23.9s  OPTIMAL  값 -381.1872 (차 4.1e-14)
  cold primal           Threads  1 Presolve  0:    64.1s  OPTIMAL  값 -381.1872 (차 3.1e-13)
  cold primal           Threads  1 Presolve -1:    47.5s  OPTIMAL  값 -381.1872 (차 4.3e-14)
  cold primal           Threads 12 Presolve  0:    65.4s  OPTIMAL  값 -381.1872 (차 3.1e-13)
  cold primal           Threads 12 Presolve -1:    52.9s  OPTIMAL  값 -381.1872 (차 4.3e-14)
  cold barrier          Threads  1 Presolve  0:     5.8s  OPTIMAL  값 -381.1872 (차 2.8e-13)
  cold barrier          Threads  1 Presolve -1:     3.0s  OPTIMAL  값 -381.1872 (차 3.4e-13)
  cold barrier          Threads 12 Presolve  0:     3.9s  OPTIMAL  값 -381.1872 (차 7.5e-16)
  cold barrier          Threads 12 Presolve -1:     2.0s  OPTIMAL  값 -381.1872 (차 1.5e-13)
  cold barrier 교차 끔  Threads  1 Presolve  0:     4.8s  OPTIMAL  값 -381.1872 (차 8.9e-09)
  cold barrier 교차 끔  Threads  1 Presolve -1:     2.5s  OPTIMAL  값 -381.1872 (차 4.4e-09)
  cold barrier 교차 끔  Threads 12 Presolve  0:     2.7s  OPTIMAL  값 -381.1872 (차 7.7e-10)
  cold barrier 교차 끔  Threads 12 Presolve -1:     0.9s  OPTIMAL  값 -381.1872 (차 6.2e-09)
  cold concurrent       Threads 12 Presolve  0:     2.8s  OPTIMAL  값 -381.1872 (차 4.4e-14)
  cold concurrent       Threads 12 Presolve -1:     1.5s  OPTIMAL  값 -381.1872 (차 2.1e-13)
  warm 자식 (하강 4 노드) Method 1: 0.0, 0.0, 7.8, 0.0 s
  warm 자식 (하강 4 노드) Method 0: 0.0, 0.0, 14.5, 0.0 s
