Set parameter Username
Set parameter LicenseID to value 2839433
Academic license - for non-commercial use only - expires 2027-06-29
Set parameter Username
Set parameter LicenseID to value 2839433
Academic license - for non-commercial use only - expires 2027-06-29
Set parameter Username
Set parameter LicenseID to value 2839433
Academic license - for non-commercial use only - expires 2027-06-29
Set parameter Username
Set parameter LicenseID to value 2839433
Academic license - for non-commercial use only - expires 2027-06-29
Set parameter Username
Set parameter LicenseID to value 2839433
Academic license - for non-commercial use only - expires 2027-06-29
Set parameter Username
Set parameter LicenseID to value 2839433
Academic license - for non-commercial use only - expires 2027-06-29
Set parameter Username
Set parameter LicenseID to value 2839433
Academic license - for non-commercial use only - expires 2027-06-29
Set parameter Username
Set parameter LicenseID to value 2839433
Academic license - for non-commercial use only - expires 2027-06-29
Set parameter Username
Set parameter LicenseID to value 2839433
Academic license - for non-commercial use only - expires 2027-06-29
Set parameter Username
Set parameter LicenseID to value 2839433
Academic license - for non-commercial use only - expires 2027-06-29
Set parameter Username
Set parameter LicenseID to value 2839433
Academic license - for non-commercial use only - expires 2027-06-29
Set parameter Username
Set parameter LicenseID to value 2839433
Academic license - for non-commercial use only - expires 2027-06-29
Set parameter Username
Set parameter LicenseID to value 2839433
Academic license - for non-commercial use only - expires 2027-06-29
Set parameter Username
Set parameter LicenseID to value 2839433
Academic license - for non-commercial use only - expires 2027-06-29

******************************************************************************
This program contains Ipopt, a library for large-scale nonlinear optimization.
 Ipopt is released as open source code under the Eclipse Public License (EPL).
         For more information visit https://github.com/coin-or/Ipopt
******************************************************************************

    [nz-α-B&B] t=  61.2s nodes= 7334 open= 1851 LB=-1471.930957 UB=-1442.320296 gap=2.012e-02
    [nz-α-B&B] t= 121.8s nodes=10001 open= 2390 LB=-1471.930957 UB=-1448.130062 gap=1.617e-02
    [nz-α-B&B] t= 182.0s nodes=11792 open= 2635 LB=-1471.929143 UB=-1450.812281 gap=1.435e-02
    [nz-α-B&B] t= 242.1s nodes=13144 open= 2845 LB=-1471.929143 UB=-1452.529057 gap=1.318e-02
    [nz-α-B&B] t= 302.3s nodes=14178 open= 3005 LB=-1470.534753 UB=-1453.832030 gap=1.136e-02
    [nz-α-B&B] t= 362.4s nodes=15154 open= 3177 LB=-1470.534753 UB=-1454.866533 gap=1.065e-02
    [nz-α-B&B] t= 422.4s nodes=16072 open= 3327 LB=-1470.534694 UB=-1455.625605 gap=1.014e-02
    [nz-α-B&B] t= 482.5s nodes=16861 open= 3428 LB=-1470.534694 UB=-1456.327784 gap=9.661e-03
    [nz-α-B&B] t= 542.6s nodes=17618 open= 3563 LB=-1470.534694 UB=-1456.847635 gap=9.308e-03
RESULT quota=150 δ=0.1 x=[1, 2] KKT V*=-1470.5000 | α-B&B LB=-1470.5347 UB=-1457.3701 gap=8.95e-03 nodes=18268 numerr=0 (601s) | θᵁ=1.000 λᵁ=100.0 고정=6
