
S=200: 루트 LP -381.1872 (52.5s), 연결 행 112, 사본 행 3000
    정확한 점 (α 고정 LP -427014.3724, 0.87s): 실행가능 블록 열 200/200
  깊이 1 α1 아래: z_부모 -381.19 z_자식 -381.19 (full LP 0.00s) | 부모 열 400/200 | 0.1% 도달 반복 0 (0.7s) | 종료 반복 1 L -381.19 RMP -381.19 (1.0s: RMP 0.0s 블록 0.4s, 모델 0.1s) 열 800
      반복   0  L -381.187  RMP NaN  (L−z_K)/|z_K| -2.37e-13  t 0.7s
      반복   1  L -381.187  RMP -381.187  (L−z_K)/|z_K| -2.37e-13  t 1.0s
    정확한 점 (α 고정 LP -512730.8544, 0.11s): 실행가능 블록 열 200/200
  깊이 1 α1 위 : z_부모 -381.19 z_자식 -400.67 (full LP 11.53s) | 부모 열 200/200 | 0.1% 도달 반복 189 (197.8s) | 종료 반복 197 L -400.63 RMP -400.67 (203.1s: RMP 178.6s 블록 14.3s, 모델 0.1s) 열 32630
      반복   0  L -381.612  RMP NaN  (L−z_K)/|z_K| 4.76e-02  t 0.4s
      반복   1  L -381.612  RMP -512730.854  (L−z_K)/|z_K| 4.76e-02  t 0.6s
      반복   2  L -381.612  RMP -512730.854  (L−z_K)/|z_K| 4.76e-02  t 0.8s
      반복   3  L -381.612  RMP -512730.854  (L−z_K)/|z_K| 4.76e-02  t 0.9s
      반복   4  L -381.612  RMP -512730.854  (L−z_K)/|z_K| 4.76e-02  t 1.1s
      반복   5  L -381.612  RMP -512730.854  (L−z_K)/|z_K| 4.76e-02  t 1.3s
      반복  10  L -381.612  RMP -512730.854  (L−z_K)/|z_K| 4.76e-02  t 2.2s
      반복  20  L -381.612  RMP -512730.854  (L−z_K)/|z_K| 4.76e-02  t 6.0s
      반복  30  L -381.612  RMP -512730.854  (L−z_K)/|z_K| 4.76e-02  t 11.6s
      반복  40  L -381.612  RMP -512730.854  (L−z_K)/|z_K| 4.76e-02  t 17.5s
      반복  50  L -381.612  RMP -512730.854  (L−z_K)/|z_K| 4.76e-02  t 22.7s
      반복  60  L -381.612  RMP -500337.154  (L−z_K)/|z_K| 4.76e-02  t 31.4s
      반복  70  L -381.612  RMP -370897.900  (L−z_K)/|z_K| 4.76e-02  t 40.0s
      반복  80  L -381.612  RMP -236916.643  (L−z_K)/|z_K| 4.76e-02  t 49.8s
      반복  90  L -381.612  RMP -138604.230  (L−z_K)/|z_K| 4.76e-02  t 59.8s
      반복 100  L -381.612  RMP -22448.121  (L−z_K)/|z_K| 4.76e-02  t 69.7s
      반복 110  L -381.612  RMP -873.514  (L−z_K)/|z_K| 4.76e-02  t 88.2s
      반복 120  L -381.612  RMP -588.062  (L−z_K)/|z_K| 4.76e-02  t 107.4s
      반복 130  L -381.612  RMP -465.142  (L−z_K)/|z_K| 4.76e-02  t 128.9s
      반복 140  L -381.612  RMP -420.691  (L−z_K)/|z_K| 4.76e-02  t 147.9s
      반복 150  L -385.108  RMP -407.445  (L−z_K)/|z_K| 3.88e-02  t 163.4s
      반복 160  L -395.352  RMP -402.735  (L−z_K)/|z_K| 1.33e-02  t 178.2s
      반복 170  L -398.707  RMP -401.052  (L−z_K)/|z_K| 4.90e-03  t 188.0s
      반복 180  L -399.979  RMP -400.704  (L−z_K)/|z_K| 1.72e-03  t 193.6s
      반복 190  L -400.345  RMP -400.673  (L−z_K)/|z_K| 8.08e-04  t 198.0s
      반복 197  L -400.633  RMP -400.669  (L−z_K)/|z_K| 8.97e-05  t 203.1s
