Set parameter WLSAccessID
Set parameter WLSSecret
Set parameter LicenseID to value 926906
Academic license 926906 - for non-commercial use only - registered to se___@postech.ac.kr
location_n8_A1_B4_S3_seed4  θᵁ=50.000 λᵁ=1000.0  max π̂ᵁ=40.0  예약 dual 상한 θᵁp=15.0  hᵁ=300.0
VI: 변수 166, 제약 255 (생성 0.14s)
  x=Int64[]      L(x)=    -0.0000  V*(x)=    -0.0000  간격=    0.0000  
  x=[1]          L(x)= -1525.5555  V*(x)=  -480.6667  간격= 1044.8888  
  x=[2]          L(x)= -2000.0000  V*(x)=  -480.6667  간격= 1519.3333  
  x=[1, 2]       L(x)= -2512.0555  V*(x)=  -480.6667  간격= 2031.3888  
  x=[3]          L(x)= -1993.4667  V*(x)=  -725.0000  간격= 1268.4667  
  x=[1, 3]       L(x)= -3466.2123  V*(x)= -1239.8333  간격= 2226.3790  
  x=[2, 3]       L(x)= -3529.2867  V*(x)= -1239.8333  간격= 2289.4533  
  x=[1, 2, 3]    L(x)= -3536.1852  V*(x)= -1239.8333  간격= 2296.3518  
  x=[4]          L(x)= -2280.1667  V*(x)= -1520.4444  간격=  759.7222  
  x=[1, 4]       L(x)= -2280.1667  V*(x)= -1520.4444  간격=  759.7222  
  x=[2, 4]       L(x)= -3252.2222  V*(x)= -1520.4444  간격= 1731.7778  
  x=[1, 2, 4]    L(x)= -3252.2222  V*(x)= -1520.4444  간격= 1731.7778  
  x=[3, 4]       L(x)= -4041.2878  V*(x)= -2396.0000  간격= 1645.2878  
  x=[1, 3, 4]    L(x)= -4041.2878  V*(x)= -2396.0000  간격= 1645.2878  
  x=[2, 3, 4]    L(x)= -4608.9573  V*(x)= -2396.0000  간격= 2212.9573  
  x=[1, 2, 3, 4] L(x)= -4608.9573  V*(x)= -2396.0000  간격= 2212.9573  
유효성 위반 0 / 16.  root 하한 (VI 만) = -3693.9573 at x=[2, 3, 4],  참 최적 = -1786.0000 at x=[3, 4],  VI 없으면 하한 −10⁷
menu vi=false Optimal  x*=[3, 4]   LB= -1786.0024 UB= -1786.0000  iter= 10 oracle=  2 menu=1  첫 LB=-1e+07  wall=5.8s
menu vi=true  Optimal  x*=[3, 4]   LB= -1786.0024 UB= -1786.0000  iter=  8 oracle=  2 menu=1  첫 LB=-3694  wall=0.6s
std  vi=false Optimal  x*=[3, 4]   LB= -1786.0024 UB= -1786.0000  iter= 10 oracle=  9  첫 LB=-1e+07  wall=5.2s
std  vi=true  Optimal  x*=[3, 4]   LB= -1786.0024 UB= -1786.0000  iter=  7 oracle=  6  첫 LB=-3694  wall=3.6s
