Set parameter WLSAccessID
Set parameter WLSSecret
Set parameter LicenseID to value 926906
Academic license 926906 - for non-commercial use only - registered to se___@postech.ac.kr
location_n8_A1_B4_S3_seed4  θᵁ=50.000 λᵁ=1000.0  max π̂ᵁ=40.0  예약 dual 상한 θᵁp=15.0  hᵁ=300.0
VI: 변수 166, 제약 255 (생성 0.13s)
  x=Int64[]      L(x)=    -0.0000  V*(x)=    -0.0000  간격=    0.0000  | h·π exact: L=     0.0000 (McCormick 손실 0.0000, h 최소화 손실 -0.0000)  
  x=[1]          L(x)= -1525.5555  V*(x)=  -480.6667  간격= 1044.8888  | h·π exact: L= -1500.0000 (McCormick 손실 25.5555, h 최소화 손실 1019.3333)  
  x=[2]          L(x)= -2000.0000  V*(x)=  -480.6667  간격= 1519.3333  | h·π exact: L= -1500.0000 (McCormick 손실 500.0000, h 최소화 손실 1019.3333)  
  x=[1, 2]       L(x)= -2512.0555  V*(x)=  -480.6667  간격= 2031.3888  | h·π exact: L= -1589.8333 (McCormick 손실 922.2222, h 최소화 손실 1109.1667)  
  x=[3]          L(x)= -1993.4667  V*(x)=  -725.0000  간격= 1268.4667  | h·π exact: L= -1500.0000 (McCormick 손실 493.4667, h 최소화 손실 775.0000)  
  x=[1, 3]       L(x)= -3466.2123  V*(x)= -1239.8333  간격= 2226.3790  | h·π exact: L= -2436.8333 (McCormick 손실 1029.3790, h 최소화 손실 1197.0000)  
  x=[2, 3]       L(x)= -3529.2867  V*(x)= -1239.8333  간격= 2289.4533  | h·π exact: L= -2436.8333 (McCormick 손실 1092.4533, h 최소화 손실 1197.0000)  
  x=[1, 2, 3]    L(x)= -3536.1852  V*(x)= -1239.8333  간격= 2296.3518  | h·π exact: L= -2526.6667 (McCormick 손실 1009.5185, h 최소화 손실 1286.8333)  
  x=[4]          L(x)= -2280.1667  V*(x)= -1520.4444  간격=  759.7222  | h·π exact: L= -1589.8333 (McCormick 손실 690.3333, h 최소화 손실 69.3889)  
  x=[1, 4]       L(x)= -2280.1667  V*(x)= -1520.4444  간격=  759.7222  | h·π exact: L= -1589.8333 (McCormick 손실 690.3333, h 최소화 손실 69.3889)  
  x=[2, 4]       L(x)= -3252.2222  V*(x)= -1520.4444  간격= 1731.7778  | h·π exact: L= -1589.8333 (McCormick 손실 1662.3889, h 최소화 손실 69.3889)  
  x=[1, 2, 4]    L(x)= -3252.2222  V*(x)= -1520.4444  간격= 1731.7778  | h·π exact: L= -1589.8336 (McCormick 손실 1662.3887, h 최소화 손실 69.3891)  
  x=[3, 4]       L(x)= -4041.2878  V*(x)= -2396.0000  간격= 1645.2878  | h·π exact: L= -2526.6667 (McCormick 손실 1514.6212, h 최소화 손실 130.6667)  
  x=[1, 3, 4]    L(x)= -4041.2878  V*(x)= -2396.0000  간격= 1645.2878  | h·π exact: L= -2526.6667 (McCormick 손실 1514.6212, h 최소화 손실 130.6667)  
  x=[2, 3, 4]    L(x)= -4608.9573  V*(x)= -2396.0000  간격= 2212.9573  | h·π exact: L= -2530.1255 (McCormick 손실 2078.8319, h 최소화 손실 134.1255)  
  x=[1, 2, 3, 4] L(x)= -4608.9573  V*(x)= -2396.0000  간격= 2212.9573  | h·π exact: L= -2532.0483 (McCormick 손실 2076.9091, h 최소화 손실 136.0483)  
유효성 위반 0 / 16.  root 하한 (VI 만) = -3693.9573 at x=[2, 3, 4],  참 최적 = -1786.0000 at x=[3, 4],  VI 없으면 하한 −10⁷
