Set parameter WLSAccessID
Set parameter WLSSecret
Set parameter LicenseID to value 926906
Academic license 926906 - for non-commercial use only - registered to se___@postech.ac.kr
location_sgb128_S3_seed1_pair  θᵁ=5.000 λᵁ=100.0  max π̂ᵁ=6115.0  예약 dual 상한 θᵁp=1000.0  hᵁ=100.0
VI: 변수 236, 제약 439 (생성 0.13s)
  x=Int64[]      L(x)=-17153.8000  V*(x)=    -0.0000  간격=17153.8000  | h·π exact: L=    -0.0032 (McCormick 손실 17153.7968, h 최소화 손실 0.0032)  
  x=[1]          L(x)=-51728.2583  V*(x)= -1216.8333  간격=50511.4250  | h·π exact: L= -2544.0091 (McCormick 손실 49184.2492, h 최소화 손실 1327.1758)  
  x=[2]          L(x)=-28187.8667  V*(x)= -1148.0000  간격=27039.8667  | h·π exact: L= -1381.6725 (McCormick 손실 26806.1941, h 최소화 손실 233.6725)  
  x=[1, 2]       L(x)=-62671.0000  V*(x)= -1326.5000  간격=61344.5000  | h·π exact: L= -3570.7756 (McCormick 손실 59100.2244, h 최소화 손실 2244.2756)  
  x=[3]          L(x)=-36727.1333  V*(x)=  -225.0000  간격=36502.1333  | h·π exact: L=  -408.3335 (McCormick 손실 36318.7999, h 최소화 손실 183.3335)  
  x=[1, 3]       L(x)=-55040.2583  V*(x)= -1216.8333  간격=53823.4250  | h·π exact: L= -3863.0400 (McCormick 손실 51177.2183, h 최소화 손실 2646.2067)  
  x=[2, 3]       L(x)=-28187.8667  V*(x)= -1148.0000  간격=27039.8667  | h·π exact: L= -1381.6710 (McCormick 손실 26806.1957, h 최소화 손실 233.6710)  
  x=[1, 2, 3]    L(x)=-62671.0000  V*(x)= -1326.5000  간격=61344.5000  | h·π exact: L= -3507.8821 (McCormick 손실 59163.1179, h 최소화 손실 2181.3821)  
  x=[4]          L(x)=-17153.8000  V*(x)=    -0.0000  간격=17153.8000  | h·π exact: L=    -0.0000 (McCormick 손실 17153.8000, h 최소화 손실 0.0000)  
  x=[1, 4]       L(x)=-51728.2583  V*(x)= -1216.8333  간격=50511.4250  | h·π exact: L= -2431.2772 (McCormick 손실 49296.9811, h 최소화 손실 1214.4439)  
  x=[2, 4]       L(x)=-28187.8667  V*(x)= -1148.0000  간격=27039.8667  | h·π exact: L= -1381.6669 (McCormick 손실 26806.1998, h 최소화 손실 233.6669)  
  x=[1, 2, 4]    L(x)=-62671.0000  V*(x)= -1326.5000  간격=61344.5000  | h·π exact: L= -3474.4490 (McCormick 손실 59196.5510, h 최소화 손실 2147.9490)  
  x=[3, 4]       L(x)=-36727.1333  V*(x)=  -225.0000  간격=36502.1333  | h·π exact: L=  -408.3333 (McCormick 손실 36318.8000, h 최소화 손실 183.3333)  
  x=[1, 3, 4]    L(x)=-55040.2583  V*(x)= -1216.8333  간격=53823.4250  | h·π exact: L= -3915.0375 (McCormick 손실 51125.2208, h 최소화 손실 2698.2042)  
  x=[2, 3, 4]    L(x)=-28187.8667  V*(x)= -1148.0000  간격=27039.8667  | h·π exact: L= -1381.6671 (McCormick 손실 26806.1995, h 최소화 손실 233.6671)  
  x=[1, 2, 3, 4] L(x)=-62671.0000  V*(x)= -1326.5000  간격=61344.5000  | h·π exact: L= -3591.4325 (McCormick 손실 59079.5675, h 최소화 손실 2264.9325)  
유효성 위반 0 / 16.  root 하한 (VI 만) = -62061.0000 at x=[1, 2],  참 최적 = -911.8333 at x=[1],  VI 없으면 하한 −10⁷
