====================================================================================================
기본 (B 용량 360, 할당량 100) — location_n8_A1_B4_S3_seed4_pair, x̄ 16 개 × belief d 4 개
====================================================================================================
  x̄            d#        Z (pair) |     (1)BR   (2)쌍대 |   (3)용량   (3)할당 |   (4)용량   (4)할당 | 용량묶임  할당     max μ |     Z pooled
  Int64[]      1        -400.1167 |   0.0e+00   0.0e+00 |      0.00   -100.00 |      0.00    418.80 |       0     1    0.0000 |    -322.4867
  Int64[]      2        -400.5381 |   0.0e+00   1.4e-16 |      0.00   -100.00 |      0.00    462.60 |       0     1    0.0000 |    -323.0325
  Int64[]      3        -405.3263 |   1.2e-16   2.8e-16 |      0.00   -100.00 |      0.00    443.90 |       0     1    0.0000 |    -326.5041
  Int64[]      4        -397.6986 |   0.0e+00   0.0e+00 |      0.00   -100.00 |      0.00    446.20 |       0     1    0.0000 |    -320.4529
  [1]          1        -370.3067 |   0.0e+00   0.0e+00 |      0.00      2.00 |      0.00    316.80 |       0     2    0.0000 |    -312.8667
  [1]          2        -370.7913 |   0.0e+00   0.0e+00 |      0.00      2.00 |      0.00    360.60 |       0     2    0.0000 |    -313.4207
  [1]          3        -375.9310 |   1.2e-16   1.5e-16 |      0.00      2.00 |      0.00    341.90 |       0     2    0.0000 |    -316.8900
  [1]          4        -367.6735 |   0.0e+00   1.5e-16 |      0.00      2.00 |      0.00    335.50 |       0     2    0.0000 |    -310.6458
  [2]          1        -339.4967 |   1.7e-16   1.7e-16 |      0.00     -4.60 |      0.00    316.80 |       0     2    0.0000 |    -281.8367
  [2]          2        -340.0798 |   0.0e+00   1.7e-16 |      0.00     -4.60 |      0.00    360.60 |       0     2    0.0000 |    -282.5655
  [2]          3        -345.3018 |   1.7e-16   3.3e-16 |      0.00     -4.60 |      0.00    341.90 |       0     2    0.0000 |    -286.6980
  [2]          4        -336.5910 |   1.6e-16   1.7e-16 |      0.00     -4.60 |      0.00    335.50 |       0     2    0.0000 |    -279.3233
  [1, 2]       1        -339.4967 |   1.7e-16   1.7e-16 |      0.00     -4.60 |      0.00    316.80 |       0     2    0.0000 |    -281.8367
  [1, 2]       2        -340.0798 |   0.0e+00   1.7e-16 |      0.00     -4.60 |      0.00    360.60 |       0     2    0.0000 |    -282.5655
  [1, 2]       3        -345.3018 |   1.7e-16   3.3e-16 |      0.00     -4.60 |      0.00    341.90 |       0     2    0.0000 |    -286.6980
  [1, 2]       4        -336.5910 |   1.6e-16   1.7e-16 |      0.00     -4.60 |      0.00    335.50 |       0     2    0.0000 |    -279.3233
  [3]          1        -361.3800 |   0.0e+00   1.6e-16 |      0.00   -100.00 |      0.00    219.40 |       0     2    0.0000 |    -304.9200
  [3]          2        -361.8672 |   1.5e-16   0.0e+00 |      0.00   -100.00 |      0.00    238.10 |       0     2    0.0000 |    -305.5426
  [3]          3        -365.0799 |   0.0e+00   1.6e-16 |      0.00   -100.00 |      0.00    219.40 |       0     2    0.0000 |    -306.8390
  [3]          4        -359.5188 |   0.0e+00   0.0e+00 |      0.00   -100.00 |      0.00    246.80 |       0     2    0.0000 |    -303.6151
  [1, 3]       1        -331.5700 |   0.0e+00   1.7e-16 |      0.00      2.00 |      0.00    117.40 |       0     3    0.0000 |    -295.3800
  [1, 3]       2        -332.1204 |   1.5e-16   1.7e-16 |      0.00      2.00 |      0.00    136.10 |       0     3    0.0000 |    -296.0026
  [1, 3]       3        -335.6846 |   0.0e+00   1.7e-16 |      0.00      2.00 |      0.00    124.50 |       0     3    0.0000 |    -297.2647
  [1, 3]       4        -329.4937 |   0.0e+00   0.0e+00 |      0.00      2.00 |      0.00    136.10 |       0     3    0.0000 |    -293.8967
  [2, 3]       1        -300.7600 |   1.7e-16   1.9e-16 |      0.00     -4.60 |      0.00    117.40 |       0     3    0.0000 |    -264.5600
  [2, 3]       2        -301.4089 |   1.5e-16   0.0e+00 |      0.00     -4.60 |      0.00    136.10 |       0     3    0.0000 |    -265.3684
  [2, 3]       3        -305.0553 |   1.7e-16   1.9e-16 |      0.00     -4.60 |      0.00    124.50 |       0     3    0.0000 |    -267.1770
  [2, 3]       4        -298.4112 |   1.6e-16   1.9e-16 |      0.00     -4.60 |      0.00    136.10 |       0     3    0.0000 |    -262.8183
  [1, 2, 3]    1        -300.7600 |   1.7e-16   1.9e-16 |      0.00     -4.60 |      0.00    117.40 |       0     3    0.0000 |    -264.5600
  [1, 2, 3]    2        -301.4089 |   1.5e-16   0.0e+00 |      0.00     -4.60 |      0.00    136.10 |       0     3    0.0000 |    -265.3684
  [1, 2, 3]    3        -305.0553 |   1.7e-16   1.9e-16 |      0.00     -4.60 |      0.00    124.50 |       0     3    0.0000 |    -267.1770
  [1, 2, 3]    4        -298.4112 |   1.6e-16   1.9e-16 |      0.00     -4.60 |      0.00    136.10 |       0     3    0.0000 |    -262.8183
  [4]          1        -307.2400 |   0.0e+00   1.9e-16 |      0.00   -100.00 |      0.00    219.40 |       0     2    0.0000 |    -250.7800
  [4]          2        -307.7456 |   0.0e+00   0.0e+00 |      0.00   -100.00 |      0.00    238.10 |       0     2    0.0000 |    -251.4714
  [4]          3        -313.4449 |   1.8e-16   3.6e-16 |      0.00   -100.00 |      0.00    219.40 |       0     2    0.0000 |    -255.2040
  [4]          4        -304.3573 |   0.0e+00   1.9e-16 |      0.00   -100.00 |      0.00    246.80 |       0     2    0.0000 |    -248.4712
  [1, 4]       1        -307.2400 |   0.0e+00   1.9e-16 |      0.00   -100.00 |      0.00    219.40 |       0     2    0.0000 |    -250.7800
  [1, 4]       2        -307.7456 |   0.0e+00   0.0e+00 |      0.00   -100.00 |      0.00    238.10 |       0     2    0.0000 |    -251.4714
  [1, 4]       3        -313.4449 |   1.8e-16   3.6e-16 |      0.00   -100.00 |      0.00    219.40 |       0     2    0.0000 |    -255.2040
  [1, 4]       4        -304.3573 |   0.0e+00   1.9e-16 |      0.00   -100.00 |      0.00    246.80 |       0     2    0.0000 |    -248.4712
  [2, 4]       1        -297.5467 |   0.0e+00   3.8e-16 |      0.00     -4.60 |      0.00    219.40 |       0     3    0.0000 |    -250.7800
  [2, 4]       2        -298.0674 |   0.0e+00   0.0e+00 |      0.00     -4.60 |      0.00    238.10 |       0     3    0.0000 |    -251.4714
  [2, 4]       3        -303.9049 |   1.5e-16   0.0e+00 |      0.00     -4.60 |      0.00    219.40 |       0     2    0.0000 |    -255.2040
  [2, 4]       4        -294.5811 |   0.0e+00   0.0e+00 |      0.00     -4.60 |      0.00    246.80 |       0     3    0.0000 |    -248.4712
  [1, 2, 4]    1        -297.5467 |   0.0e+00   3.8e-16 |      0.00     -4.60 |      0.00    219.40 |       0     3    0.0000 |    -250.7800
  [1, 2, 4]    2        -298.0674 |   0.0e+00   0.0e+00 |      0.00     -4.60 |      0.00    238.10 |       0     3    0.0000 |    -251.4714
  [1, 2, 4]    3        -303.9049 |   1.5e-16   0.0e+00 |      0.00     -4.60 |      0.00    219.40 |       0     2    0.0000 |    -255.2040
  [1, 2, 4]    4        -294.5811 |   0.0e+00   0.0e+00 |      0.00     -4.60 |      0.00    246.80 |       0     3    0.0000 |    -248.4712
  [3, 4]       1        -278.5033 |   0.0e+00   2.0e-16 |      0.00   -100.00 |      0.00    219.40 |       0     3    0.0000 |    -233.2133
  [3, 4]       2        -279.0747 |   1.5e-16   2.0e-16 |      0.00   -100.00 |      0.00    238.10 |       0     3    0.0000 |    -234.0319
  [3, 4]       3        -283.1984 |   0.0e+00   2.0e-16 |      0.00   -100.00 |      0.00    219.40 |       0     3    0.0000 |    -235.5390
  [3, 4]       4        -276.1775 |   0.0e+00   2.1e-16 |      0.00   -100.00 |      0.00    246.80 |       0     3    0.0000 |    -231.6511
  [1, 3, 4]    1        -278.5033 |   0.0e+00   2.0e-16 |      0.00   -100.00 |      0.00    219.40 |       0     3    0.0000 |    -233.2133
  [1, 3, 4]    2        -279.0747 |   1.5e-16   2.0e-16 |      0.00   -100.00 |      0.00    238.10 |       0     3    0.0000 |    -234.0319
  [1, 3, 4]    3        -283.1984 |   0.0e+00   2.0e-16 |      0.00   -100.00 |      0.00    219.40 |       0     3    0.0000 |    -235.5390
  [1, 3, 4]    4        -276.1775 |   0.0e+00   0.0e+00 |      0.00   -100.00 |      0.00    246.80 |       0     3    0.0000 |    -231.6511
  [2, 3, 4]    1        -268.8100 |  -1.5e-16   2.1e-16 |      0.00     -4.60 |      0.00    219.40 |       0     4    0.0000 |    -233.2133
  [2, 3, 4]    2        -269.3965 |   0.0e+00   2.1e-16 |      0.00     -4.60 |      0.00    238.10 |       0     4    0.0000 |    -234.0319
  [2, 3, 4]    3        -273.6584 |   1.4e-16   2.1e-16 |      0.00     -4.60 |      0.00    219.40 |       0     3    0.0000 |    -235.5390
  [2, 3, 4]    4        -266.4013 |   0.0e+00   0.0e+00 |      0.00     -4.60 |      0.00    246.80 |       0     4    0.0000 |    -231.6511
  [1, 2, 3, 4] 1        -268.8100 |  -1.5e-16   2.1e-16 |   -117.30     -4.60 |    -21.90    238.10 |       0     4    0.0000 |    -233.2133
  [1, 2, 3, 4] 2        -269.3965 |   0.0e+00   2.1e-16 |   -117.30     -4.60 |    -21.90    238.10 |       0     4    0.0000 |    -234.0319
  [1, 2, 3, 4] 3        -273.6584 |   1.4e-16   2.1e-16 |   -117.30     -4.60 |    -21.90    219.40 |       0     3    0.0000 |    -235.5390
  [1, 2, 3, 4] 4        -266.4013 |   0.0e+00   0.0e+00 |   -117.30     -4.60 |    -21.90    246.80 |       0     4    0.0000 |    -231.6511
  요약: (x̄, d) 64 개 중 결합 제약 묶임 64 개 | (1) 최대 상대 BR 차이 1.8e-16 | (2) 최대 상대 쌍대 차이 3.8e-16
        (3) 개별 해 묶음이 시장 청산 못한 경우 8 개 | (4) 가격 0 에서 용량·할당 위반 64 개
====================================================================================================
결합 제약 묶임 (B 용량 120, 할당량 40) — location_n8_A1_B4_S3_seed4_pair, x̄ 16 개 × belief d 4 개
====================================================================================================
  x̄            d#        Z (pair) |     (1)BR   (2)쌍대 |   (3)용량   (3)할당 |   (4)용량   (4)할당 | 용량묶임  할당     max μ |     Z pooled
  Int64[]      1        -412.1167 |   0.0e+00   0.0e+00 |      0.00    -40.00 |      0.00    478.80 |       0     1    0.0000 |    -380.1167
  Int64[]      2        -414.1153 |   0.0e+00   1.4e-16 |      0.00    -40.00 |      0.00    503.90 |       0     1    0.0000 |    -382.1153
  Int64[]      3        -409.8665 |   0.0e+00   1.4e-16 |      0.00    -40.00 |      0.00    497.50 |       0     1    0.0000 |    -377.8665
  Int64[]      4        -411.2866 |   0.0e+00   0.0e+00 |      0.00    -40.00 |      0.00    506.20 |       0     1    0.0000 |    -379.2866
  [1]          1        -393.8467 |   0.0e+00   1.4e-16 |      0.00    -40.00 |      0.00    376.80 |       0     2    0.0000 |    -369.8467
  [1]          2        -395.9145 |   0.0e+00   1.4e-16 |      0.00    -40.00 |      0.00    401.90 |       0     2    0.0000 |    -371.9145
  [1]          3        -391.6008 |   0.0e+00   1.5e-16 |      0.00    -40.00 |      0.00    395.50 |       0     2    0.0000 |    -367.6008
  [1]          4        -392.9911 |   0.0e+00   2.9e-16 |      0.00    -40.00 |      0.00    395.50 |       0     2    0.0000 |    -368.9911
  [2]          1        -363.0367 |   0.0e+00   3.1e-16 |      0.00    -40.00 |      0.00    376.80 |       0     2    0.0000 |    -339.0367
  [2]          2        -365.3121 |   0.0e+00   0.0e+00 |      0.00    -40.00 |      0.00    401.90 |       0     2    0.0000 |    -341.3121
  [2]          3        -360.8037 |   0.0e+00   1.6e-16 |      0.00    -40.00 |      0.00    395.50 |       0     2    0.0000 |    -336.8037
  [2]          4        -362.1046 |   1.4e-16   1.6e-16 |      0.00    -40.00 |      0.00    395.50 |       0     2    0.0000 |    -338.1046
  [1, 2]       1        -363.0367 |   0.0e+00   3.1e-16 |      0.00    -40.00 |      0.00    376.80 |       0     2    0.0000 |    -339.0367
  [1, 2]       2        -365.3121 |   0.0e+00   1.6e-16 |      0.00    -40.00 |      0.00    401.90 |       0     2    0.0000 |    -341.3121
  [1, 2]       3        -360.8037 |   0.0e+00   1.6e-16 |      0.00    -40.00 |      0.00    395.50 |       0     2    0.0000 |    -336.8037
  [1, 2]       4        -362.1046 |   1.4e-16   1.6e-16 |      0.00    -40.00 |      0.00    395.50 |       0     2    0.0000 |    -338.1046
  [3]          1        -392.1167 |   1.3e-16   0.0e+00 |     79.40    -40.00 |    104.50    279.40 |       3     2    0.0333 |    -368.1167
  [3]          2        -394.1153 |   1.5e-16   1.4e-16 |     79.40    -40.00 |    104.50    279.40 |       3     2    0.0408 |    -370.1153
  [3]          3        -389.8665 |   0.0e+00   1.5e-16 |     79.40    -40.00 |    104.50    298.10 |       3     2    0.0481 |    -365.8665
  [3]          4        -391.2866 |   0.0e+00   2.9e-16 |     79.40    -40.00 |    104.50    306.80 |       3     2    0.0358 |    -367.2866
  [1, 3]       1        -373.8467 |   1.3e-16   0.0e+00 |     79.40    -40.00 |    104.50    177.40 |       3     3    0.0333 |    -357.8467
  [1, 3]       2        -375.9145 |   0.0e+00   1.5e-16 |     79.40    -40.00 |    104.50    184.50 |       3     3    0.0408 |    -359.9145
  [1, 3]       3        -371.6008 |   0.0e+00   1.5e-16 |     79.40    -40.00 |    104.50    196.10 |       3     3    0.0481 |    -355.6008
  [1, 3]       4        -372.9911 |   0.0e+00   3.0e-16 |     79.40    -40.00 |    104.50    196.10 |       3     3    0.0358 |    -356.9911
  [2, 3]       1        -343.0367 |   1.3e-16   3.3e-16 |     79.40    -40.00 |    104.50    177.40 |       3     3    0.0333 |    -327.0367
  [2, 3]       2        -345.3121 |   0.0e+00   1.6e-16 |     79.40    -40.00 |    104.50    184.50 |       3     3    0.0408 |    -329.3121
  [2, 3]       3        -340.8037 |   1.3e-16   1.7e-16 |     79.40    -40.00 |    104.50    196.10 |       3     3    0.0481 |    -324.8037
  [2, 3]       4        -342.1046 |   1.4e-16   3.3e-16 |     79.40    -40.00 |    104.50    196.10 |       3     3    0.0358 |    -326.1046
  [1, 2, 3]    1        -343.0367 |   1.3e-16   3.3e-16 |     79.40    -40.00 |    104.50    177.40 |       3     3    0.0333 |    -327.0367
  [1, 2, 3]    2        -345.3121 |   0.0e+00   3.3e-16 |     79.40    -40.00 |    104.50    184.50 |       3     3    0.0408 |    -329.3121
  [1, 2, 3]    3        -340.8037 |   0.0e+00   1.7e-16 |     79.40    -40.00 |    104.50    196.10 |       3     3    0.0481 |    -324.8037
  [1, 2, 3]    4        -342.1046 |   1.4e-16   3.3e-16 |     79.40    -40.00 |    104.50    196.10 |       3     3    0.0358 |    -326.1046
  [4]          1        -351.0367 |   0.0e+00   0.0e+00 |    218.10    -40.00 |    218.10    279.40 |       3     2    0.0333 |    -327.0367
  [4]          2        -353.3121 |   0.0e+00   0.0e+00 |    218.10    -40.00 |    218.10    279.40 |       3     2    0.0408 |    -329.3121
  [4]          3        -348.8037 |   0.0e+00   1.6e-16 |    218.10    -40.00 |    218.10    298.10 |       3     2    0.0481 |    -324.8037
  [4]          4        -350.1046 |   0.0e+00   0.0e+00 |    218.10    -40.00 |    218.10    306.80 |       3     2    0.0358 |    -326.1046
  [1, 4]       1        -351.0367 |   0.0e+00   0.0e+00 |    218.10    -40.00 |    218.10    279.40 |       3     2    0.0333 |    -327.0367
  [1, 4]       2        -353.3121 |   0.0e+00   1.6e-16 |    218.10    -40.00 |    218.10    279.40 |       3     2    0.0408 |    -329.3121
  [1, 4]       3        -348.8037 |   0.0e+00   1.6e-16 |    218.10    -40.00 |    218.10    298.10 |       3     2    0.0481 |    -324.8037
  [1, 4]       4        -350.1046 |   1.4e-16   1.6e-16 |    218.10    -40.00 |    218.10    306.80 |       3     2    0.0358 |    -326.1046
  [2, 4]       1        -343.0367 |   1.3e-16   3.3e-16 |    183.00    -40.00 |    218.10    279.40 |       3     3    0.0333 |    -327.0367
  [2, 4]       2        -345.3121 |   0.0e+00   0.0e+00 |    183.00    -40.00 |    218.10    279.40 |       3     3    0.0408 |    -329.3121
  [2, 4]       3        -340.8037 |   0.0e+00   1.7e-16 |    183.00    -40.00 |    218.10    298.10 |       3     3    0.0481 |    -324.8037
  [2, 4]       4        -342.1046 |   0.0e+00   1.7e-16 |    183.00    -40.00 |    218.10    306.80 |       3     3    0.0358 |    -326.1046
  [1, 2, 4]    1        -343.0367 |   1.3e-16   0.0e+00 |    218.10    -40.00 |    218.10    279.40 |       3     3    0.0333 |    -327.0367
  [1, 2, 4]    2        -345.3121 |   0.0e+00   3.3e-16 |    218.10    -40.00 |    218.10    279.40 |       3     3    0.0408 |    -329.3121
  [1, 2, 4]    3        -340.8037 |   0.0e+00   1.7e-16 |    218.10    -40.00 |    218.10    298.10 |       3     3    0.0481 |    -324.8037
  [1, 2, 4]    4        -342.1046 |   0.0e+00   1.7e-16 |    218.10    -40.00 |    218.10    306.80 |       3     3    0.0358 |    -326.1046
  [3, 4]       1        -331.0367 |   1.3e-16   1.7e-16 |    218.10    -40.00 |    218.10    279.40 |       6     3    0.0333 |    -315.0367
  [3, 4]       2        -333.3121 |   0.0e+00   1.7e-16 |    218.10    -40.00 |    218.10    279.40 |       6     3    0.0408 |    -317.3121
  [3, 4]       3        -328.8037 |   0.0e+00   3.5e-16 |    218.10    -40.00 |    218.10    298.10 |       6     3    0.0481 |    -312.8037
  [3, 4]       4        -330.1046 |   0.0e+00   1.7e-16 |    218.10    -40.00 |    218.10    306.80 |       6     3    0.0358 |    -314.1046
  [1, 3, 4]    1        -331.0367 |   1.3e-16   1.7e-16 |    218.10    -40.00 |    218.10    279.40 |       6     3    0.0333 |    -315.0367
  [1, 3, 4]    2        -333.3121 |   0.0e+00   3.4e-16 |    218.10    -40.00 |    218.10    279.40 |       6     3    0.0408 |    -317.3121
  [1, 3, 4]    3        -328.8037 |   0.0e+00   3.5e-16 |    218.10    -40.00 |    218.10    298.10 |       6     3    0.0481 |    -312.8037
  [1, 3, 4]    4        -330.1046 |   0.0e+00   1.7e-16 |    218.10    -40.00 |    218.10    306.80 |       6     3    0.0358 |    -314.1046
  [2, 3, 4]    1        -323.0367 |   1.3e-16   3.5e-16 |    183.00    -40.00 |    218.10    279.40 |       6     4    0.0333 |    -315.0367
  [2, 3, 4]    2        -325.3121 |   0.0e+00   3.5e-16 |    183.00    -40.00 |    218.10    279.40 |       6     4    0.0408 |    -317.3121
  [2, 3, 4]    3        -320.8037 |   0.0e+00   1.8e-16 |    183.00    -40.00 |    218.10    298.10 |       6     4    0.0481 |    -312.8037
  [2, 3, 4]    4        -322.1046 |   0.0e+00   1.8e-16 |    183.00    -40.00 |    218.10    306.80 |       6     4    0.0358 |    -314.1046
  [1, 2, 3, 4] 1        -323.0367 |   1.3e-16   1.8e-16 |     79.40    -40.00 |    218.10    298.10 |       6     4    0.0333 |    -315.0367
  [1, 2, 3, 4] 2        -325.3121 |   0.0e+00   1.7e-16 |     79.40    -40.00 |    218.10    279.40 |       6     4    0.0408 |    -317.3121
  [1, 2, 3, 4] 3        -320.8037 |   0.0e+00   1.8e-16 |     79.40    -40.00 |    218.10    298.10 |       6     4    0.0481 |    -312.8037
  [1, 2, 3, 4] 4        -322.1046 |   0.0e+00   1.8e-16 |     79.40    -40.00 |    218.10    306.80 |       6     4    0.0358 |    -314.1046
  요약: (x̄, d) 64 개 중 결합 제약 묶임 64 개 | (1) 최대 상대 BR 차이 1.5e-16 | (2) 최대 상대 쌍대 차이 3.5e-16
        (3) 개별 해 묶음이 시장 청산 못한 경우 48 개 | (4) 가격 0 에서 용량·할당 위반 64 개
====================================================================================================
벤치마크 대조: 예약 없음 (할당량 0), B 용량 120 — location_n8_A1_B4_S3_seed4_pair, x̄ 16 개 × belief d 4 개
====================================================================================================
  x̄            d#        Z (pair) |     (1)BR   (2)쌍대 |   (3)용량   (3)할당 |   (4)용량   (4)할당 | 용량묶임  할당     max μ |     Z pooled
  Int64[]      1        -420.1167 |   0.0e+00   0.0e+00 |      0.00      0.00 |      0.00    518.80 |       0     1    0.0000 |    -420.1167
  Int64[]      2        -420.6478 |   0.0e+00   1.4e-16 |      0.00      0.00 |      0.00    552.60 |       0     1    0.0000 |    -420.6478
  Int64[]      3        -419.3299 |   1.5e-16   1.4e-16 |      0.00      0.00 |      0.00    537.50 |       0     1    0.0000 |    -419.3299
  Int64[]      4        -418.1718 |   0.0e+00   0.0e+00 |      0.00      0.00 |      0.00    527.50 |       0     1    0.0000 |    -418.1718
  [1]          1        -409.8467 |   0.0e+00   0.0e+00 |      0.00      0.00 |      0.00    416.80 |       0     2    0.0000 |    -409.8467
  [1]          2        -410.3841 |   0.0e+00   0.0e+00 |      0.00      0.00 |      0.00    441.90 |       0     2    0.0000 |    -410.3841
  [1]          3        -409.0530 |   0.0e+00   1.4e-16 |      0.00      0.00 |      0.00    435.50 |       0     2    0.0000 |    -409.0530
  [1]          4        -407.7348 |   0.0e+00   1.4e-16 |      0.00      0.00 |      0.00    416.80 |       0     2    0.0000 |    -407.7348
  [2]          1        -379.0367 |   0.0e+00   1.5e-16 |      0.00      0.00 |      0.00    416.80 |       0     2    0.0000 |    -379.0367
  [2]          2        -379.5930 |   0.0e+00   1.5e-16 |      0.00      0.00 |      0.00    441.90 |       0     2    0.0000 |    -379.5930
  [2]          3        -378.2225 |   0.0e+00   0.0e+00 |      0.00      0.00 |      0.00    435.50 |       0     2    0.0000 |    -378.2225
  [2]          4        -376.4236 |   0.0e+00   0.0e+00 |      0.00      0.00 |      0.00    416.80 |       0     2    0.0000 |    -376.4236
  [1, 2]       1        -379.0367 |   0.0e+00   1.5e-16 |      0.00      0.00 |      0.00    416.80 |       0     2    0.0000 |    -379.0367
  [1, 2]       2        -379.5930 |   0.0e+00   1.5e-16 |      0.00      0.00 |      0.00    441.90 |       0     2    0.0000 |    -379.5930
  [1, 2]       3        -378.2225 |   0.0e+00   0.0e+00 |      0.00      0.00 |      0.00    435.50 |       0     2    0.0000 |    -378.2225
  [1, 2]       4        -376.4236 |   0.0e+00   0.0e+00 |      0.00      0.00 |      0.00    416.80 |       0     2    0.0000 |    -376.4236
  [3]          1        -408.1167 |   1.3e-16   0.0e+00 |     79.40      0.00 |    104.50    319.40 |       3     2    0.0333 |    -408.1167
  [3]          2        -408.6478 |   1.2e-16   0.0e+00 |     79.40      0.00 |    104.50    328.10 |       3     2    0.0353 |    -408.6478
  [3]          3        -407.3299 |   1.5e-16   1.4e-16 |     79.40      0.00 |    104.50    338.10 |       3     2    0.0376 |    -407.3299
  [3]          4        -406.1718 |   0.0e+00   0.0e+00 |     79.40      0.00 |    104.50    328.10 |       3     2    0.0468 |    -406.1718
  [1, 3]       1        -397.8467 |   1.3e-16   0.0e+00 |     79.40      0.00 |    104.50    217.40 |       3     3    0.0333 |    -397.8467
  [1, 3]       2        -398.3841 |   1.2e-16   0.0e+00 |     79.40      0.00 |    104.50    224.50 |       3     3    0.0353 |    -398.3841
  [1, 3]       3        -397.0530 |   1.3e-16   1.4e-16 |     79.40      0.00 |    104.50    236.10 |       3     3    0.0376 |    -397.0530
  [1, 3]       4        -395.7348 |   0.0e+00   1.4e-16 |     79.40      0.00 |    104.50    217.40 |       3     3    0.0468 |    -395.7348
  [2, 3]       1        -367.0367 |   1.3e-16   1.5e-16 |     79.40      0.00 |    104.50    217.40 |       3     3    0.0333 |    -367.0367
  [2, 3]       2        -367.5930 |   1.2e-16   0.0e+00 |     79.40      0.00 |    104.50    224.50 |       3     3    0.0353 |    -367.5930
  [2, 3]       3        -366.2225 |   1.3e-16   0.0e+00 |     79.40      0.00 |    104.50    236.10 |       3     3    0.0376 |    -366.2225
  [2, 3]       4        -364.4236 |   0.0e+00   1.6e-16 |     79.40      0.00 |    104.50    217.40 |       3     3    0.0468 |    -364.4236
  [1, 2, 3]    1        -367.0367 |   1.3e-16   1.5e-16 |     79.40      0.00 |    104.50    217.40 |       3     3    0.0333 |    -367.0367
  [1, 2, 3]    2        -367.5930 |   1.2e-16   0.0e+00 |     79.40      0.00 |    104.50    224.50 |       3     3    0.0353 |    -367.5930
  [1, 2, 3]    3        -366.2225 |   1.3e-16   0.0e+00 |     79.40      0.00 |    104.50    236.10 |       3     3    0.0376 |    -366.2225
  [1, 2, 3]    4        -364.4236 |   0.0e+00   1.6e-16 |     79.40      0.00 |    104.50    217.40 |       3     3    0.0468 |    -364.4236
  [4]          1        -367.0367 |   0.0e+00   0.0e+00 |    218.10      0.00 |    218.10    319.40 |       3     2    0.0333 |    -367.0367
  [4]          2        -367.5930 |   1.4e-16   0.0e+00 |    218.10      0.00 |    218.10    328.10 |       3     2    0.0353 |    -367.5930
  [4]          3        -366.2225 |   0.0e+00   1.6e-16 |    218.10      0.00 |    218.10    338.10 |       3     2    0.0376 |    -366.2225
  [4]          4        -364.4236 |   0.0e+00   0.0e+00 |    218.10      0.00 |    218.10    328.10 |       3     2    0.0468 |    -364.4236
  [1, 4]       1        -367.0367 |   0.0e+00   0.0e+00 |    218.10      0.00 |    218.10    319.40 |       3     2    0.0333 |    -367.0367
  [1, 4]       2        -367.5930 |   1.4e-16   0.0e+00 |    218.10      0.00 |    218.10    328.10 |       3     2    0.0353 |    -367.5930
  [1, 4]       3        -366.2225 |   0.0e+00   1.6e-16 |    218.10      0.00 |    218.10    338.10 |       3     2    0.0376 |    -366.2225
  [1, 4]       4        -364.4236 |   0.0e+00   0.0e+00 |    218.10      0.00 |    218.10    328.10 |       3     2    0.0468 |    -364.4236
  [2, 4]       1        -367.0367 |   0.0e+00   1.5e-16 |    183.00      0.00 |    218.10    319.40 |       3     3    0.0333 |    -367.0367
  [2, 4]       2        -367.5930 |   0.0e+00   0.0e+00 |    183.00      0.00 |    218.10    328.10 |       3     3    0.0353 |    -367.5930
  [2, 4]       3        -366.2225 |   0.0e+00   1.6e-16 |    183.00      0.00 |    218.10    338.10 |       3     3    0.0376 |    -366.2225
  [2, 4]       4        -364.4236 |   0.0e+00   0.0e+00 |    183.00      0.00 |    218.10    328.10 |       3     3    0.0468 |    -364.4236
  [1, 2, 4]    1        -367.0367 |   0.0e+00   0.0e+00 |    218.10      0.00 |    218.10    319.40 |       3     3    0.0333 |    -367.0367
  [1, 2, 4]    2        -367.5930 |   0.0e+00   0.0e+00 |    218.10      0.00 |    218.10    328.10 |       3     3    0.0353 |    -367.5930
  [1, 2, 4]    3        -366.2225 |   0.0e+00   1.6e-16 |    218.10      0.00 |    218.10    338.10 |       3     3    0.0376 |    -366.2225
  [1, 2, 4]    4        -364.4236 |   0.0e+00   0.0e+00 |    218.10      0.00 |    218.10    328.10 |       3     3    0.0468 |    -364.4236
  [3, 4]       1        -355.0367 |   1.3e-16   0.0e+00 |    218.10      0.00 |    218.10    319.40 |       6     3    0.0333 |    -355.0367
  [3, 4]       2        -355.5930 |   1.4e-16   1.6e-16 |    218.10      0.00 |    218.10    328.10 |       6     3    0.0353 |    -355.5930
  [3, 4]       3        -354.2225 |   1.3e-16   1.6e-16 |    218.10      0.00 |    218.10    338.10 |       6     3    0.0376 |    -354.2225
  [3, 4]       4        -352.4236 |   0.0e+00   1.6e-16 |    218.10      0.00 |    218.10    328.10 |       6     3    0.0468 |    -352.4236
  [1, 3, 4]    1        -355.0367 |   1.3e-16   0.0e+00 |    218.10      0.00 |    218.10    319.40 |       6     3    0.0333 |    -355.0367
  [1, 3, 4]    2        -355.5930 |   1.4e-16   1.6e-16 |    218.10      0.00 |    218.10    328.10 |       6     3    0.0353 |    -355.5930
  [1, 3, 4]    3        -354.2225 |   1.3e-16   1.6e-16 |    218.10      0.00 |    218.10    338.10 |       6     3    0.0376 |    -354.2225
  [1, 3, 4]    4        -352.4236 |   0.0e+00   1.6e-16 |    218.10      0.00 |    218.10    328.10 |       6     3    0.0468 |    -352.4236
  [2, 3, 4]    1        -355.0367 |   1.3e-16   1.6e-16 |    183.00      0.00 |    218.10    319.40 |       6     4    0.0333 |    -355.0367
  [2, 3, 4]    2        -355.5930 |   1.2e-16   1.6e-16 |    183.00      0.00 |    218.10    328.10 |       6     4    0.0353 |    -355.5930
  [2, 3, 4]    3        -354.2225 |   1.3e-16   1.6e-16 |    183.00      0.00 |    218.10    338.10 |       6     4    0.0376 |    -354.2225
  [2, 3, 4]    4        -352.4236 |   0.0e+00   1.6e-16 |    183.00      0.00 |    218.10    328.10 |       6     4    0.0468 |    -352.4236
  [1, 2, 3, 4] 1        -355.0367 |   1.3e-16   0.0e+00 |     79.40      0.00 |    218.10    338.10 |       6     4    0.0333 |    -355.0367
  [1, 2, 3, 4] 2        -355.5930 |   1.2e-16   1.6e-16 |     79.40      0.00 |    218.10    328.10 |       6     4    0.0353 |    -355.5930
  [1, 2, 3, 4] 3        -354.2225 |   1.3e-16   1.6e-16 |     79.40      0.00 |    218.10    338.10 |       6     4    0.0376 |    -354.2225
  [1, 2, 3, 4] 4        -352.4236 |   0.0e+00   1.6e-16 |     79.40      0.00 |    218.10    328.10 |       6     4    0.0468 |    -352.4236
  요약: (x̄, d) 64 개 중 결합 제약 묶임 64 개 | (1) 최대 상대 BR 차이 1.5e-16 | (2) 최대 상대 쌍대 차이 1.6e-16
        (3) 개별 해 묶음이 시장 청산 못한 경우 48 개 | (4) 가격 0 에서 용량·할당 위반 64 개
