Set parameter WLSAccessID
Set parameter WLSSecret
Set parameter LicenseID to value 926906
Academic license 926906 - for non-commercial use only - registered to se___@postech.ac.kr
location_sgb128_S3_seed1_pair
  x=Int64[]        V*=    -0.0000 (bd     -0.0000, OPTIMAL, 6.5s)  q·x+V*=     0.0000
  x=[1]            V*= -1216.8333 (bd  -1216.8333, OPTIMAL, 0.6s)  q·x+V*=  -911.8333
  x=[2]            V*= -1148.0000 (bd  -1148.0000, OPTIMAL, 0.1s)  q·x+V*=  -843.0000
  x=[1, 2]         V*= -1326.5000 (bd  -1326.5000, OPTIMAL, 1.1s)  q·x+V*=  -716.5000
  x=[3]            V*=  -225.0000 (bd   -225.0000, OPTIMAL, 0.1s)  q·x+V*=    80.0000
  x=[1, 3]         V*= -1216.8333 (bd  -1216.8332, OPTIMAL, 0.5s)  q·x+V*=  -606.8333
  x=[2, 3]         V*= -1148.0000 (bd  -1148.0000, OPTIMAL, 0.3s)  q·x+V*=  -538.0000
  x=[1, 2, 3]      V*= -1326.5000 (bd  -1326.5000, OPTIMAL, 0.6s)  q·x+V*=  -411.5000
  x=[4]            V*=    -0.0000 (bd     -0.0000, OPTIMAL, 0.0s)  q·x+V*=   305.0000
  x=[1, 4]         V*= -1216.8333 (bd  -1216.8333, OPTIMAL, 0.9s)  q·x+V*=  -606.8333
  x=[2, 4]         V*= -1148.0000 (bd  -1148.0000, OPTIMAL, 0.3s)  q·x+V*=  -538.0000
  x=[1, 2, 4]      V*= -1326.5000 (bd  -1326.5000, OPTIMAL, 0.6s)  q·x+V*=  -411.5000
  x=[3, 4]         V*=  -225.0000 (bd   -225.0000, OPTIMAL, 0.3s)  q·x+V*=   385.0000
  x=[1, 3, 4]      V*= -1216.8333 (bd  -1216.8333, OPTIMAL, 1.3s)  q·x+V*=  -301.8333
  x=[2, 3, 4]      V*= -1148.0000 (bd  -1148.0000, OPTIMAL, 0.2s)  q·x+V*=  -233.0000
  x=[1, 2, 3, 4]   V*= -1326.5000 (bd  -1326.5000, OPTIMAL, 0.9s)  q·x+V*=  -106.5000
최적: x*=[1]  q·x+V*=-911.8333  (2등 [2] -843.0000)
