Set parameter WLSAccessID
Set parameter WLSSecret
Set parameter LicenseID to value 926906
Academic license 926906 - for non-commercial use only - registered to se___@postech.ac.kr
======================================================================
λᵁ = 50.0
======================================================================
-- belief-menu Benders
  [orcl] it   1 LB=-10000000.0000 UB=    -0.0000 x=Int64[]    Ω=    -0.0000 (0.7s) menu=1 (+belief, LP@x̄=-0.0000, gap 2.2e-09)
  [menu] it   2 LB=-430780.0000 UB=    -0.0000 x=[1, 2, 3, 4] menu cut 1/1 (V_menu=-2569.7165)
  [menu] it   3 LB=-46063.2006 UB=    -0.0000 x=[1]        menu cut 1/1 (V_menu=-512.7142)
  [menu] it   4 LB=-26770.1142 UB=    -0.0000 x=[2, 3]     menu cut 1/1 (V_menu=-1518.6087)
  [menu] it   5 LB=-20741.1165 UB=    -0.0000 x=[4]        menu cut 1/1 (V_menu=-1563.8219)
  [menu] it   6 LB=-19690.0087 UB=    -0.0000 x=[2]        menu cut 1/1 (V_menu=-512.7142)
  [menu] it   7 LB=-14145.2929 UB=    -0.0000 x=[3]        menu cut 1/1 (V_menu=-1005.8946)
  [menu] it   8 LB= -3502.7142 UB=    -0.0000 x=[1, 3]     menu cut 1/1 (V_menu=-1518.6087)
  [orcl] it   9 LB= -1959.7165 UB= -1784.9735 x=[3, 4]     Ω= -2396.0000 (600.1s) menu=2 (+belief, LP@x̄=-2396.0000, gap 3.8e-05)
  [orcl] it  10 LB= -1786.0000 UB= -1785.9606 x=[3, 4]     Ω= -2396.0000 (2405.4s) menu=2
  belief-menu: Optimal x*=[3, 4] LB=-1786.0000 UB=-1785.9606 iter=11 oracle=3 menu=2 wall=3009.7s
-- 표준 Benders
  [std] it   1 LB=-10000000.0000 UB=    -0.0000 x=Int64[]    Ω=    -0.0000 (0.3s)
  [std] it   2 LB=-430780.0000 UB= -1170.9969 x=[1, 2, 3, 4] Ω= -2396.0000 (600.0s)
  [std] it   3 LB=-107695.0000 UB= -1170.9969 x=[1]        Ω=  -480.6666 (600.5s)
  [std] it   4 LB=-107695.0000 UB= -1170.9969 x=[3]        Ω=  -725.0000 (30.6s)
  [std] it   5 LB=-107695.0000 UB= -1170.9969 x=[2]        Ω=  -480.6666 (124.4s)
  [std] it   6 LB=-107695.0000 UB= -1215.4444 x=[4]        Ω= -1520.4444 (33.4s)
  [std] it   7 LB=-90115.0000 UB= -1784.9786 x=[3, 4]     Ω= -2396.0000 (600.4s)
  [std] it   8 LB=-89870.6666 UB= -1784.9786 x=[1, 3]     Ω= -1239.8333 (607.4s)
  [std] it   9 LB=-89870.6666 UB= -1784.9786 x=[1, 4]     Ω= -1520.4444 (87.2s)
  [std] it  10 LB=-89870.6666 UB= -1784.9786 x=[1, 2]     Ω=  -480.6666 (203.5s)
  [std] it  11 LB=-89870.6666 UB= -1784.9786 x=[2, 3]     Ω= -1239.8333 (603.4s)
  [std] it  12 LB=-89870.6666 UB= -1784.9786 x=[2, 4]     Ω= -1520.4445 (159.9s)
  [std] it  13 LB=-46481.0000 UB= -1784.9786 x=[1, 2, 4]  Ω= -1520.4444 (602.3s)
  [std] it  14 LB=-46481.0000 UB= -1784.9786 x=[1, 2, 3]  Ω= -1239.8333 (608.5s)
  [std] it  15 LB=-46481.0000 UB= -1784.9786 x=[2, 3, 4]  Ω= -2396.0000 (607.5s)
  [std] it  16 LB=-46481.0000 UB= -1784.9786 x=[1, 3, 4]  Ω= -2396.0000 (608.0s)
  [std] it  17 LB= -1786.0000 UB= -1785.6122 x=[3, 4]     Ω= -2396.0000 (2407.3s)
  standard: Stalled x*=[3, 4] LB=-1786.0000 UB=-1785.6122 iter=18 oracle=17 wall=8485.0s
======================================================================
λᵁ = 100.0
======================================================================
-- belief-menu Benders
  [orcl] it   1 LB=-10000000.0000 UB=    -0.0000 x=Int64[]    Ω=    -0.0000 (0.2s) menu=1 (+belief, LP@x̄=0.0000, gap -1.9e-12)
  [menu] it   2 LB=-574780.0000 UB=    -0.0000 x=[1, 2, 3, 4] menu cut 1/1 (V_menu=-2460.4408)
  [menu] it   3 LB=-76893.9178 UB=    -0.0000 x=[1]        menu cut 1/1 (V_menu=-536.3136)
  [menu] it   4 LB=-40260.1136 UB=    -0.0000 x=[2, 3]     menu cut 1/1 (V_menu=-1412.4163)
  [menu] it   5 LB=-26108.2408 UB=    -0.0000 x=[4]        menu cut 1/1 (V_menu=-1584.3382)
  [menu] it   6 LB=-25060.2163 UB=    -0.0000 x=[2]        menu cut 1/1 (V_menu=-536.3136)
  [menu] it   7 LB=-20612.2932 UB=    -0.0000 x=[3]        menu cut 1/1 (V_menu=-876.1027)
  [menu] it   8 LB= -5326.3136 UB=    -0.0000 x=[1, 3]     menu cut 1/1 (V_menu=-1412.4163)
  [orcl] it   9 LB= -1850.4408 UB= -1785.9746 x=[3, 4]     Ω= -2396.0000 (600.0s) menu=2 (+belief, LP@x̄=-2396.0000, gap 2.8e-05)
  belief-menu: Optimal x*=[3, 4] LB=-1786.0000 UB=-1785.9746 iter=10 oracle=2 menu=2 wall=600.3s
-- 표준 Benders
  [std] it   1 LB=-10000000.0000 UB=    -0.0000 x=Int64[]    Ω=    -0.0000 (0.2s)
  [std] it   2 LB=-574780.0000 UB= -1175.9119 x=[1, 2, 3, 4] Ω= -2396.0000 (600.0s)
  [std] it   3 LB=-143695.0000 UB= -1175.9119 x=[1]        Ω=  -480.6666 (600.2s)
  [std] it   4 LB=-143695.0000 UB= -1175.9119 x=[3]        Ω=  -725.0000 (169.1s)
  [std] it   5 LB=-143695.0000 UB= -1215.4444 x=[4]        Ω= -1520.4444 (438.8s)
  [std] it   6 LB=-143695.0000 UB= -1215.4444 x=[2]        Ω=  -480.6666 (501.9s)
  [std] it   7 LB=-134986.0000 UB= -1215.4444 x=[2, 3]     Ω= -1239.8333 (600.2s)
