Set parameter WLSAccessID
Set parameter WLSSecret
Set parameter LicenseID to value 926906
Academic license 926906 - for non-commercial use only - registered to se___@postech.ac.kr
======================================================================
λᵁ = 50.0
======================================================================
  x=Int64[]        Ω=    -0.0000 bound=    -0.0000 KKT=    -0.0000  inc−V*=-2.7e-12  bd−V*=-2.7e-12 
  x=[1]            Ω=  -480.6667 bound=  -480.6667 KKT=  -480.6667  inc−V*=-4.8e-12  bd−V*=-4.8e-12 
  x=[2]            Ω=  -480.6667 bound=  -480.6667 KKT=  -480.6667  inc−V*=-1.2e-12  bd−V*=-1.2e-12 
  x=[1, 2]         Ω=  -480.6667 bound=  -480.6667 KKT=  -480.6667  inc−V*=-3.0e-12  bd−V*=-3.0e-12 
  x=[3]            Ω=  -725.0001 bound=  -725.0001 KKT=  -725.0000  inc−V*=-7.0e-05  bd−V*=-7.0e-05 
  x=[1, 3]         Ω= -1239.8334 bound= -1239.8334 KKT= -1239.8333  inc−V*=-8.9e-05  bd−V*=-8.9e-05 
  x=[2, 3]         Ω= -1239.8334 bound= -1239.8334 KKT= -1239.8333  inc−V*=-8.5e-05  bd−V*=-8.5e-05 
  x=[1, 2, 3]      Ω= -1239.8333 bound= -1239.8333 KKT= -1239.8333  inc−V*=-1.6e-12  bd−V*=-1.6e-12 
  x=[4]            Ω= -1520.4445 bound= -1520.4445 KKT= -1520.4444  inc−V*=-7.2e-05  bd−V*=-7.2e-05 
  x=[1, 4]         Ω= -1520.4444 bound= -1520.4444 KKT= -1520.4444  inc−V*=-1.4e-07  bd−V*=-1.4e-07 
  x=[2, 4]         Ω= -1520.4444 bound= -1520.4444 KKT= -1520.4444  inc−V*=-5.0e-12  bd−V*=-5.0e-12 
  x=[1, 2, 4]      Ω= -1520.4444 bound= -1520.4444 KKT= -1520.4444  inc−V*=-3.2e-12  bd−V*=-3.2e-12 
  x=[3, 4]         Ω= -2396.0000 bound= -2396.0000 KKT= -2396.0000  inc−V*=-1.3e-05  bd−V*=-1.3e-05 
  x=[1, 3, 4]      Ω= -2396.0000 bound= -2396.0000 KKT= -2396.0000  inc−V*=-1.5e-06  bd−V*=-1.5e-06 
  x=[2, 3, 4]      Ω= -2396.0000 bound= -2396.0000 KKT= -2396.0000  inc−V*=-3.2e-12  bd−V*=-3.2e-12 
  x=[1, 2, 3, 4]   Ω= -2396.0000 bound= -2396.0000 KKT= -2396.0000  inc−V*=-1.8e-05  bd−V*=-1.8e-05 
  max(Ω incumbent − V*) = -1.19e-12  (> 0 이면 과대평가)
-- belief-menu Benders [oracle=gurobi]
  [orcl] it   1 LB=-10000000.0000 UB=    -0.0000 x=Int64[]    Ω=    -0.0000 (0.8s) menu=1 (+belief, LP@x̄=0.0000, gap -4.1e-12)
  [menu] it   2 LB=-358780.0000 UB=    -0.0000 x=[1, 2, 3, 4] menu cut 1/1 (V_menu=-2531.3889)
  [menu] it   3 LB=-46863.3889 UB=    -0.0000 x=[1]        menu cut 1/1 (V_menu=-545.0000)
  [menu] it   4 LB=-26618.8000 UB=    -0.0000 x=[2, 3]     menu cut 1/1 (V_menu=-1555.9444)
  [menu] it   5 LB=-21003.9889 UB=    -0.0000 x=[4]        menu cut 1/1 (V_menu=-1520.4444)
  [menu] it   6 LB=-20028.5444 UB=    -0.0000 x=[2]        menu cut 1/1 (V_menu=-545.0000)
  [menu] it   7 LB=-14418.7444 UB=    -0.0000 x=[3]        menu cut 1/1 (V_menu=-1010.9444)
  [menu] it   8 LB= -3535.0000 UB=    -0.0000 x=[1, 3]     menu cut 1/1 (V_menu=-1555.9444)
  [orcl] it   9 LB= -1921.3889 UB= -1786.0000 x=[3, 4]     Ω= -2396.0000 (2.8s) menu=2 (+belief, LP@x̄=-2396.0000, gap -1.3e-05)
  belief-menu: Optimal x*=[3, 4] LB=-1786.0000 UB=-1786.0000 iter=10 oracle=2 menu=2 wall=6.2s
-- 표준 Benders [oracle=gurobi]
  [std] it   1 LB=-10000000.0000 UB=    -0.0000 x=Int64[]    Ω=    -0.0000 bd=    -0.0000 (0.0s)
  [std] it   2 LB=-358780.0000 UB= -1176.0000 x=[1, 2, 3, 4] Ω= -2396.0000 bd= -2396.0000 (8.0s)
  [std] it   3 LB=-91786.0000 UB= -1176.0000 x=[1, 3]     Ω= -1239.8334 bd= -1239.8334 (0.1s)
  [std] it   4 LB=-91786.0000 UB= -1176.0000 x=[2, 4]     Ω= -1520.4444 bd= -1520.4444 (0.1s)
  [std] it   5 LB=-91786.0000 UB= -1176.0000 x=[2, 3]     Ω= -1239.8334 bd= -1239.8334 (0.0s)
  [std] it   6 LB=-91786.0000 UB= -1176.0000 x=[1, 2]     Ω=  -480.6667 bd=  -480.6667 (0.8s)
  [std] it   7 LB=-91786.0000 UB= -1176.0000 x=[1, 4]     Ω= -1520.4444 bd= -1520.4444 (0.0s)
  [std] it   8 LB=-91786.0000 UB= -1786.0000 x=[3, 4]     Ω= -2396.0000 bd= -2396.0000 (3.3s)
  [std] it   9 LB=-46481.0000 UB= -1786.0000 x=[1, 2, 4]  Ω= -1520.4444 bd= -1520.4444 (0.1s)
  [std] it  10 LB=-46481.0000 UB= -1786.0000 x=[1, 2, 3]  Ω= -1239.8333 bd= -1239.8333 (0.2s)
  [std] it  11 LB=-46481.0000 UB= -1786.0000 x=[1, 3, 4]  Ω= -2396.0000 bd= -2396.0000 (9.3s)
  [std] it  12 LB=-46481.0000 UB= -1786.0000 x=[2, 3, 4]  Ω= -2396.0000 bd= -2396.0000 (3.6s)
  [std] it  13 LB=-46215.4444 UB= -1786.0000 x=[4]        Ω= -1520.4445 bd= -1520.4445 (0.0s)
  [std] it  14 LB=-45934.8334 UB= -1786.0000 x=[3]        Ω=  -725.0001 bd=  -725.0001 (0.0s)
  [std] it  15 LB=-45175.6667 UB= -1786.0000 x=[1]        Ω=  -480.6667 bd=  -480.6667 (0.7s)
  [std] it  16 LB=-45175.6667 UB= -1786.0000 x=[2]        Ω=  -480.6667 bd=  -480.6667 (0.7s)
  standard: Optimal x*=[3, 4] LB=-1786.0000 UB=-1786.0000 iter=17 oracle=16 wall=27.3s
-- belief-menu Benders [oracle=alpha_bnb]
  [orcl] it   1 LB=-10000000.0000 UB=     0.0000 x=Int64[]    Ω=     0.0000 (2.6s) menu=1 (+belief, LP@x̄=-0.0000, gap 2.7e-12)
  [menu] it   2 LB=-81580.0000 UB=     0.0000 x=[1, 2, 3, 4] menu cut 1/1 (V_menu=-2396.0000)
  [menu] it   3 LB=-38990.0000 UB=     0.0000 x=[1, 2]     menu cut 1/1 (V_menu=-514.8333)
  [menu] it   4 LB=-16769.0667 UB=     0.0000 x=[4]        menu cut 1/1 (V_menu=-1671.0000)
  [menu] it   5 LB=-16464.0667 UB=     0.0000 x=[1, 3]     menu cut 1/1 (V_menu=-1239.8333)
  [menu] it   6 LB=-13169.0667 UB=     0.0000 x=[1]        menu cut 1/1 (V_menu=-514.8333)
  [menu] it   7 LB= -7201.2333 UB=     0.0000 x=[3]        menu cut 1/1 (V_menu=-725.0000)
  [menu] it   8 LB= -3504.8333 UB=     0.0000 x=[2, 3]     menu cut 1/1 (V_menu=-1239.8333)
  [orcl] it   9 LB= -1786.0000 UB= -1785.8930 x=[3, 4]     Ω= -2396.0000 (600.1s) menu=1
  belief-menu: Optimal x*=[3, 4] LB=-1786.0000 UB=-1785.8930 iter=10 oracle=2 menu=1 wall=602.7s
-- 표준 Benders [oracle=alpha_bnb]
  [std] it   1 LB=-10000000.0000 UB=     0.0000 x=Int64[]    Ω=     0.0000 bd=     0.0000 (0.2s)
  [std] it   2 LB=-81580.0000 UB= -1175.6829 x=[1, 2, 3, 4] Ω= -2396.0000 bd= -2395.6829 (600.2s)
  [std] it   3 LB=-37709.2746 UB= -1175.6829 x=[1, 2]     Ω=  -480.6667 bd=  -480.6643 (0.2s)
  [std] it   4 LB=-18682.1333 UB= -1175.6829 x=[1, 3]     Ω= -1239.8333 bd= -1239.8333 (0.2s)
  [std] it   5 LB=-12507.1333 UB= -1175.6829 x=[1]        Ω=  -480.6667 bd=  -480.6667 (0.2s)
  [std] it   6 LB=-11538.5172 UB= -1215.4444 x=[4]        Ω= -1520.4444 bd= -1520.4444 (0.2s)
  [std] it   7 LB= -7017.6333 UB= -1215.4444 x=[3]        Ω=  -725.0000 bd=  -725.0000 (0.2s)
  [std] it   8 LB= -6350.6667 UB= -1215.4444 x=[2, 3]     Ω= -1239.8333 bd= -1239.8333 (0.2s)
  [std] it   9 LB= -1924.8333 UB= -1215.4444 x=[1, 2, 3]  Ω= -1239.8333 bd= -1239.8333 (0.2s)
  [std] it  10 LB= -1786.0000 UB= -1785.8930 x=[3, 4]     Ω= -2396.0000 bd= -2395.8930 (600.1s)
  standard: Optimal x*=[3, 4] LB=-1786.0000 UB=-1785.8930 iter=11 oracle=10 wall=1202.1s
======================================================================
λᵁ = 100.0
======================================================================
  x=Int64[]        Ω=    -0.0000 bound=    -0.0000 KKT=    -0.0000  inc−V*=-2.7e-12  bd−V*=-2.7e-12 
  x=[1]            Ω=  -480.6667 bound=  -480.6667 KKT=  -480.6667  inc−V*=-4.8e-12  bd−V*=-4.8e-12 
  x=[2]            Ω=  -480.6667 bound=  -480.6667 KKT=  -480.6667  inc−V*=-1.2e-12  bd−V*=-1.2e-12 
  x=[1, 2]         Ω=  -480.6667 bound=  -480.6667 KKT=  -480.6667  inc−V*=-3.0e-12  bd−V*=-3.0e-12 
  x=[3]            Ω=  -725.0001 bound=  -725.0001 KKT=  -725.0000  inc−V*=-6.9e-05  bd−V*=-6.9e-05 
  x=[1, 3]         Ω= -1239.8334 bound= -1239.8334 KKT= -1239.8333  inc−V*=-8.9e-05  bd−V*=-8.9e-05 
  x=[2, 3]         Ω= -1239.8334 bound= -1239.8334 KKT= -1239.8333  inc−V*=-8.5e-05  bd−V*=-8.5e-05 
  x=[1, 2, 3]      Ω= -1239.8333 bound= -1239.8333 KKT= -1239.8333  inc−V*=-1.6e-12  bd−V*=-1.6e-12 
  x=[4]            Ω= -1520.4445 bound= -1520.4445 KKT= -1520.4444  inc−V*=-7.2e-05  bd−V*=-7.2e-05 
  x=[1, 4]         Ω= -1520.4444 bound= -1520.4444 KKT= -1520.4444  inc−V*=-1.4e-07  bd−V*=-1.4e-07 
  x=[2, 4]         Ω= -1520.4444 bound= -1520.4444 KKT= -1520.4444  inc−V*=-2.3e-12  bd−V*=-2.3e-12 
  x=[1, 2, 4]      Ω= -1520.4444 bound= -1520.4444 KKT= -1520.4444  inc−V*=-4.5e-12  bd−V*=-4.5e-12 
  x=[3, 4]         Ω= -2396.0000 bound= -2396.0000 KKT= -2396.0000  inc−V*=-2.7e-12  bd−V*=-2.7e-12 
  x=[1, 3, 4]      Ω= -2396.0000 bound= -2396.0000 KKT= -2396.0000  inc−V*=+1.3e-07  bd−V*=+1.3e-07 
  x=[2, 3, 4]      Ω= -2396.0011 bound= -2396.0011 KKT= -2396.0000  inc−V*=-1.1e-03  bd−V*=-1.1e-03 
  x=[1, 2, 3, 4]   Ω= -2396.0000 bound= -2396.0000 KKT= -2396.0000  inc−V*=-1.8e-12  bd−V*=-1.8e-12 
  max(Ω incumbent − V*) = 1.34e-07  (> 0 이면 과대평가)
-- belief-menu Benders [oracle=gurobi]
  [orcl] it   1 LB=-10000000.0000 UB=    -0.0000 x=Int64[]    Ω=    -0.0000 (0.0s) menu=1 (+belief, LP@x̄=0.0000, gap -4.1e-12)
  [menu] it   2 LB=-574780.0000 UB=    -0.0000 x=[1, 2, 3, 4] menu cut 1/1 (V_menu=-2531.3889)
  [menu] it   3 LB=-77915.3889 UB=    -0.0000 x=[1]        menu cut 1/1 (V_menu=-545.0000)
  [menu] it   4 LB=-39901.6000 UB=    -0.0000 x=[2, 3]     menu cut 1/1 (V_menu=-1555.9444)
  [menu] it   5 LB=-33281.5889 UB=    -0.0000 x=[4]        menu cut 1/1 (V_menu=-1520.4444)
  [menu] it   6 LB=-25806.1444 UB=    -0.0000 x=[2]        menu cut 1/1 (V_menu=-545.0000)
  [menu] it   7 LB=-20501.5444 UB=    -0.0000 x=[3]        menu cut 1/1 (V_menu=-1010.9444)
  [menu] it   8 LB= -5335.0000 UB=    -0.0000 x=[1, 3]     menu cut 1/1 (V_menu=-1555.9444)
  [orcl] it   9 LB= -1921.3889 UB= -1786.0000 x=[3, 4]     Ω= -2396.0000 (0.1s) menu=2 (+belief, LP@x̄=-2396.0000, gap -2.7e-12)
  belief-menu: Optimal x*=[3, 4] LB=-1786.0000 UB=-1786.0000 iter=10 oracle=2 menu=2 wall=0.2s
-- 표준 Benders [oracle=gurobi]
  [std] it   1 LB=-10000000.0000 UB=    -0.0000 x=Int64[]    Ω=    -0.0000 bd=    -0.0000 (0.0s)
  [std] it   2 LB=-574780.0000 UB= -1176.0000 x=[1, 2, 3, 4] Ω= -2396.0000 bd= -2396.0000 (0.1s)
  [std] it   3 LB=-143695.0000 UB= -1176.0000 x=[1]        Ω=  -480.6667 bd=  -480.6667 (1.1s)
  [std] it   4 LB=-143695.0000 UB= -1176.0000 x=[2]        Ω=  -480.6667 bd=  -480.6667 (0.7s)
  [std] it   5 LB=-143695.0000 UB= -1176.0000 x=[3]        Ω=  -725.0001 bd=  -725.0001 (0.0s)
  [std] it   6 LB=-143695.0000 UB= -1215.4445 x=[4]        Ω= -1520.4445 bd= -1520.4445 (0.0s)
  [std] it   7 LB=-134986.0000 UB= -1215.4445 x=[2, 3]     Ω= -1239.8334 bd= -1239.8334 (0.0s)
  [std] it   8 LB=-134986.0000 UB= -1215.4445 x=[1, 3]     Ω= -1239.8334 bd= -1239.8334 (0.0s)
  [std] it   9 LB=-134986.0000 UB= -1215.4445 x=[1, 2]     Ω=  -480.6667 bd=  -480.6667 (0.6s)
  [std] it  10 LB=-134986.0000 UB= -1215.4445 x=[1, 4]     Ω= -1520.4444 bd= -1520.4444 (0.0s)
  [std] it  11 LB=-134986.0000 UB= -1215.4445 x=[2, 4]     Ω= -1520.4444 bd= -1520.4444 (0.1s)
  [std] it  12 LB=-134986.0000 UB= -1786.0000 x=[3, 4]     Ω= -2396.0000 bd= -2396.0000 (0.1s)
  [std] it  13 LB=-68081.0000 UB= -1786.0000 x=[1, 2, 4]  Ω= -1520.4444 bd= -1520.4444 (0.1s)
  [std] it  14 LB=-68081.0000 UB= -1786.0000 x=[1, 3, 4]  Ω= -2396.0000 bd= -2396.0000 (0.1s)
  [std] it  15 LB=-68081.0000 UB= -1786.0000 x=[2, 3, 4]  Ω= -2396.0011 bd= -2396.0011 (0.1s)
  [std] it  16 LB=-68081.0000 UB= -1786.0000 x=[1, 2, 3]  Ω= -1239.8333 bd= -1239.8333 (0.0s)
  standard: Optimal x*=[3, 4] LB=-1786.0000 UB=-1786.0000 iter=17 oracle=16 wall=3.4s
-- belief-menu Benders [oracle=alpha_bnb]
  [orcl] it   1 LB=-10000000.0000 UB=     0.0000 x=Int64[]    Ω=     0.0000 (0.2s) menu=1 (+belief, LP@x̄=-0.0000, gap 2.7e-12)
  [menu] it   2 LB=-122980.0000 UB=     0.0000 x=[1, 2, 3, 4] menu cut 1/1 (V_menu=-2396.0000)
  [menu] it   3 LB=-58790.0000 UB=     0.0000 x=[1, 2]     menu cut 1/1 (V_menu=-514.8333)
  [menu] it   4 LB=-24835.4667 UB=     0.0000 x=[4]        menu cut 1/1 (V_menu=-1671.0000)
  [menu] it   5 LB=-24530.4667 UB=     0.0000 x=[1, 3]     menu cut 1/1 (V_menu=-1239.8333)
  [menu] it   6 LB=-19435.4667 UB=     0.0000 x=[1]        menu cut 1/1 (V_menu=-514.8333)
  [menu] it   7 LB=-13467.6333 UB=     0.0000 x=[3]        menu cut 1/1 (V_menu=-725.0000)
  [menu] it   8 LB= -5304.8333 UB=     0.0000 x=[2, 3]     menu cut 1/1 (V_menu=-1239.8333)
  [orcl] it   9 LB= -1786.0000 UB= -1785.9915 x=[3, 4]     Ω= -2396.0085 (0.4s) menu=1
  belief-menu: Optimal x*=[3, 4] LB=-1786.0000 UB=-1785.9915 iter=10 oracle=2 menu=1 wall=0.7s
-- 표준 Benders [oracle=alpha_bnb]
  [std] it   1 LB=-10000000.0000 UB=     0.0000 x=Int64[]    Ω=     0.0000 bd=     0.0000 (0.2s)
  [std] it   2 LB=-122980.0000 UB= -1175.9915 x=[1, 2, 3, 4] Ω= -2396.0085 bd= -2395.9915 (0.4s)
  [std] it   3 LB=-58790.0000 UB= -1175.9915 x=[1, 2]     Ω=  -480.6667 bd=  -480.6647 (0.2s)
  [std] it   4 LB=-24357.1333 UB= -1215.4444 x=[4]        Ω= -1520.4444 bd= -1520.4444 (0.2s)
  [std] it   5 LB=-24052.1333 UB= -1215.4444 x=[1, 3]     Ω= -1239.8333 bd= -1239.8333 (0.2s)
  [std] it   6 LB=-18957.1333 UB= -1215.4444 x=[1]        Ω=  -480.6667 bd=  -480.6667 (0.2s)
  [std] it   7 LB=-13467.6333 UB= -1215.4444 x=[3]        Ω=  -725.0000 bd=  -725.0000 (0.2s)
  [std] it   8 LB= -5270.6667 UB= -1215.4444 x=[2, 3]     Ω= -1239.8333 bd= -1239.8333 (0.2s)
  [std] it   9 LB= -1786.0085 UB= -1785.9915 x=[3, 4]     Ω= -2396.0085 bd= -2395.9915 (0.4s)
  standard: Optimal x*=[3, 4] LB=-1786.0085 UB=-1785.9915 iter=10 oracle=9 wall=2.4s
======================================================================
λᵁ = 1000.0
======================================================================
  x=Int64[]        Ω=    -0.0000 bound=    -0.0000 KKT=    -0.0000  inc−V*=-2.7e-12  bd−V*=-2.7e-12 
  x=[1]            Ω=  -480.6667 bound=  -480.6667 KKT=  -480.6667  inc−V*=-4.8e-12  bd−V*=-4.8e-12 
  x=[2]            Ω=  -480.6667 bound=  -480.6667 KKT=  -480.6667  inc−V*=-1.2e-12  bd−V*=-1.2e-12 
  x=[1, 2]         Ω=  -480.6667 bound=  -480.6667 KKT=  -480.6667  inc−V*=-3.0e-12  bd−V*=-3.0e-12 
  x=[3]            Ω=  -725.0001 bound=  -725.0001 KKT=  -725.0000  inc−V*=-7.0e-05  bd−V*=-7.0e-05 
  x=[1, 3]         Ω= -1239.8334 bound= -1239.8334 KKT= -1239.8333  inc−V*=-8.9e-05  bd−V*=-8.9e-05 
  x=[2, 3]         Ω= -1239.8334 bound= -1239.8334 KKT= -1239.8333  inc−V*=-8.5e-05  bd−V*=-8.5e-05 
  x=[1, 2, 3]      Ω= -1239.8333 bound= -1239.8333 KKT= -1239.8333  inc−V*=-1.6e-12  bd−V*=-1.6e-12 
  x=[4]            Ω= -1520.4445 bound= -1520.4445 KKT= -1520.4444  inc−V*=-7.2e-05  bd−V*=-7.2e-05 
  x=[1, 4]         Ω= -1520.4444 bound= -1520.4444 KKT= -1520.4444  inc−V*=-1.4e-07  bd−V*=-1.4e-07 
  x=[2, 4]         Ω= -1520.4444 bound= -1520.4444 KKT= -1520.4444  inc−V*=-2.3e-12  bd−V*=-2.3e-12 
  x=[1, 2, 4]      Ω= -1520.4444 bound= -1520.4444 KKT= -1520.4444  inc−V*=-3.2e-12  bd−V*=-3.2e-12 
  x=[3, 4]         Ω= -2396.0000 bound= -2396.0000 KKT= -2396.0000  inc−V*=-2.7e-12  bd−V*=-2.7e-12 
  x=[1, 3, 4]      Ω= -2396.0000 bound= -2396.0000 KKT= -2396.0000  inc−V*=+1.3e-07  bd−V*=+1.3e-07 
  x=[2, 3, 4]      Ω= -2396.0000 bound= -2396.0000 KKT= -2396.0000  inc−V*=-1.8e-12  bd−V*=-1.8e-12 
  x=[1, 2, 3, 4]   Ω= -2396.0000 bound= -2396.0000 KKT= -2396.0000  inc−V*=-2.3e-12  bd−V*=-2.3e-12 
  max(Ω incumbent − V*) = 1.34e-07  (> 0 이면 과대평가)
-- belief-menu Benders [oracle=gurobi]
  [orcl] it   1 LB=-10000000.0000 UB=    -0.0000 x=Int64[]    Ω=    -0.0000 (0.0s) menu=1 (+belief, LP@x̄=0.0000, gap -4.1e-12)
  [menu] it   2 LB=-4462780.0000 UB=    -0.0000 x=[1, 2, 3, 4] menu cut 1/1 (V_menu=-2531.3889)
  [menu] it   3 LB=-615947.3889 UB=    -0.0000 x=[1]        menu cut 1/1 (V_menu=-545.0000)
  [menu] it   4 LB=-278488.0000 UB=    -0.0000 x=[2, 3]     menu cut 1/1 (V_menu=-1555.9444)
  [menu] it   5 LB=-218878.3889 UB=    -0.0000 x=[4]        menu cut 1/1 (V_menu=-1520.4444)
  [menu] it   6 LB=-217902.9444 UB=    -0.0000 x=[2]        menu cut 1/1 (V_menu=-545.0000)
  [menu] it   7 LB=-129487.9444 UB=    -0.0000 x=[3]        menu cut 1/1 (V_menu=-1010.9444)
  [menu] it   8 LB=-37735.0000 UB=    -0.0000 x=[1, 3]     menu cut 1/1 (V_menu=-1555.9444)
  [orcl] it   9 LB= -1921.3889 UB= -1786.0000 x=[3, 4]     Ω= -2396.0000 (0.0s) menu=2 (+belief, LP@x̄=-2396.0000, gap -2.7e-12)
  belief-menu: Optimal x*=[3, 4] LB=-1786.0000 UB=-1786.0000 iter=10 oracle=2 menu=2 wall=0.1s
-- 표준 Benders [oracle=gurobi]
  [std] it   1 LB=-10000000.0000 UB=    -0.0000 x=Int64[]    Ω=    -0.0000 bd=    -0.0000 (0.0s)
  [std] it   2 LB=-4462780.0000 UB= -1176.0000 x=[1, 2, 3, 4] Ω= -2396.0000 bd= -2396.0000 (0.0s)
  [std] it   3 LB=-1115695.0000 UB= -1176.0000 x=[1]        Ω=  -480.6667 bd=  -480.6667 (0.7s)
  [std] it   4 LB=-1115695.0000 UB= -1176.0000 x=[2]        Ω=  -480.6667 bd=  -480.6667 (0.7s)
  [std] it   5 LB=-1115695.0000 UB= -1176.0000 x=[3]        Ω=  -725.0001 bd=  -725.0001 (0.0s)
  [std] it   6 LB=-1115695.0000 UB= -1215.4445 x=[4]        Ω= -1520.4445 bd= -1520.4445 (0.0s)
  [std] it   7 LB=-912586.0000 UB= -1215.4445 x=[2, 3]     Ω= -1239.8334 bd= -1239.8334 (0.0s)
  [std] it   8 LB=-912586.0000 UB= -1786.0000 x=[3, 4]     Ω= -2396.0000 bd= -2396.0000 (0.0s)
  [std] it   9 LB=-912586.0000 UB= -1786.0000 x=[1, 3]     Ω= -1239.8334 bd= -1239.8334 (0.0s)
  [std] it  10 LB=-912586.0000 UB= -1786.0000 x=[1, 2]     Ω=  -480.6667 bd=  -480.6667 (0.6s)
  [std] it  11 LB=-912586.0000 UB= -1786.0000 x=[1, 4]     Ω= -1520.4444 bd= -1520.4444 (0.0s)
  [std] it  12 LB=-912586.0000 UB= -1786.0000 x=[2, 4]     Ω= -1520.4444 bd= -1520.4444 (0.0s)
  [std] it  13 LB=-456881.0000 UB= -1786.0000 x=[1, 2, 4]  Ω= -1520.4444 bd= -1520.4444 (0.0s)
  [std] it  14 LB=-456881.0000 UB= -1786.0000 x=[2, 3, 4]  Ω= -2396.0000 bd= -2396.0000 (0.0s)
  [std] it  15 LB=-456881.0000 UB= -1786.0000 x=[1, 3, 4]  Ω= -2396.0000 bd= -2396.0000 (0.0s)
  [std] it  16 LB=-456881.0000 UB= -1786.0000 x=[1, 2, 3]  Ω= -1239.8333 bd= -1239.8333 (0.0s)
  standard: Optimal x*=[3, 4] LB=-1786.0000 UB=-1786.0000 iter=17 oracle=16 wall=2.4s
-- belief-menu Benders [oracle=alpha_bnb]
  [orcl] it   1 LB=-10000000.0000 UB=     0.0000 x=Int64[]    Ω=     0.0000 (0.2s) menu=1 (+belief, LP@x̄=-0.0000, gap 2.7e-12)
  [menu] it   2 LB=-868180.0000 UB=     0.0000 x=[1, 2, 3, 4] menu cut 1/1 (V_menu=-2396.0000)
  [menu] it   3 LB=-415190.0000 UB=     0.0000 x=[1, 2]     menu cut 1/1 (V_menu=-514.8333)
  [menu] it   4 LB=-170030.6667 UB=     0.0000 x=[4]        menu cut 1/1 (V_menu=-1671.0000)
  [menu] it   5 LB=-169725.6667 UB=     0.0000 x=[1, 3]     menu cut 1/1 (V_menu=-1239.8333)
  [menu] it   6 LB=-132230.6667 UB=     0.0000 x=[1]        menu cut 1/1 (V_menu=-514.8333)
  [menu] it   7 LB=-126262.8333 UB=     0.0000 x=[3]        menu cut 1/1 (V_menu=-725.0000)
  [menu] it   8 LB=-37704.8333 UB=     0.0000 x=[2, 3]     menu cut 1/1 (V_menu=-1239.8333)
  [orcl] it   9 LB= -1786.0000 UB= -1786.0000 x=[3, 4]     Ω= -2396.0000 (0.2s) menu=1
  belief-menu: Optimal x*=[3, 4] LB=-1786.0000 UB=-1786.0000 iter=10 oracle=2 menu=1 wall=0.5s
-- 표준 Benders [oracle=alpha_bnb]
  [std] it   1 LB=-10000000.0000 UB=     0.0000 x=Int64[]    Ω=     0.0000 bd=     0.0000 (0.2s)
  [std] it   2 LB=-868180.0000 UB= -1176.0000 x=[1, 2, 3, 4] Ω= -2396.0000 bd= -2396.0000 (0.3s)
  [std] it   3 LB=-415190.0000 UB= -1176.0000 x=[1, 2]     Ω=  -480.6667 bd=  -480.6667 (0.2s)
  [std] it   4 LB=-175631.3333 UB= -1176.0000 x=[1, 3]     Ω= -1239.8333 bd= -1239.8333 (0.2s)
  [std] it   5 LB=-171736.3333 UB= -1215.4444 x=[4]        Ω= -1520.4444 bd= -1520.4444 (0.2s)
  [std] it   6 LB=-133336.3333 UB= -1215.4444 x=[1]        Ω=  -480.6667 bd=  -480.6667 (0.2s)
  [std] it   7 LB=-122590.8333 UB= -1215.4444 x=[3]        Ω=  -725.0000 bd=  -725.0000 (0.2s)
  [std] it   8 LB=-42470.6667 UB= -1215.4444 x=[2, 3]     Ω= -1239.8333 bd= -1239.8333 (0.2s)
  [std] it   9 LB= -1786.0000 UB= -1786.0000 x=[3, 4]     Ω= -2396.0000 bd= -2396.0000 (0.2s)
  standard: Optimal x*=[3, 4] LB=-1786.0000 UB=-1786.0000 iter=10 oracle=9 wall=2.0s
