Set parameter Username
Set parameter LicenseID to value 2839433
Academic license - for non-commercial use only - expires 2027-06-29
====================================================================================================
기본 인스턴스 S 스케일링: SGB128 pair quota=150 ε̂=ε̃=0.30 β=0.40 δ=0.1 seed=1 | TL=3600s E_TL/x=300s E=nz_kkt_value_reduced workers=12 θᵁ=1.0000 (circuit)
====================================================================================================

--- S=3 (n_h=15, |X|=16)
RESULT S=3 method=E status=Optimal x={1,2} value=-860.500000 time=14.7
  [loc] it   1 LB=-10000000.0000 UB=        Inf x=Int64[]    Ω_loc=    -0.0003 (0.0s)
  [loc] it   2 LB=-9999695.0000 UB=        Inf x=[1]        Ω_loc= -1134.0642 (0.1s)
  [loc] it   3 LB=-9999695.0000 UB=        Inf x=[2]        Ω_loc= -1154.1254 (0.0s)
  [loc] it   4 LB=-2678044.1250 UB=        Inf x=[1, 2]     Ω_loc= -1478.1000 (0.1s)
  [loc] it   5 LB=-1783015.0001 UB=        Inf x=[3]        Ω_loc=   -24.5003 (0.0s)
  [std] it   6 LB=  -868.0997 UB=  -860.5000 x=[1, 2]     Ω= -1470.5000 bd= -1470.5000 (148.4s)
RESULT S=3 method=SBG status=Optimal x={1,2} LB=-860.500000 UB=-860.500000 gap=2.16e-12 iters=7 global=1 local=5 menu=- t_LB=153.4 time=153.4
  [loc] it   1 LB=-10000000.0000 UB=        Inf x=Int64[]    Ω_loc=    -0.0003 (0.0s)
  [loc] it   2 LB=-9999695.0000 UB=        Inf x=[1]        Ω_loc= -1134.0642 (0.1s)
  [loc] it   3 LB=-9999695.0000 UB=        Inf x=[2]        Ω_loc= -1154.1254 (0.0s)
  [loc] it   4 LB=-2678044.1250 UB=        Inf x=[1, 2]     Ω_loc= -1478.1000 (0.1s)
  [loc] it   5 LB=-1783015.0001 UB=        Inf x=[3]        Ω_loc=   -24.5003 (0.0s)
Set parameter Username
Set parameter LicenseID to value 2839433
Academic license - for non-commercial use only - expires 2027-06-29
Set parameter Username
Set parameter LicenseID to value 2839433
Academic license - for non-commercial use only - expires 2027-06-29
Set parameter Username
Set parameter LicenseID to value 2839433
Academic license - for non-commercial use only - expires 2027-06-29
Set parameter Username
Set parameter LicenseID to value 2839433
Academic license - for non-commercial use only - expires 2027-06-29
Set parameter Username
Set parameter LicenseID to value 2839433
Academic license - for non-commercial use only - expires 2027-06-29
Set parameter Username
Set parameter LicenseID to value 2839433
Academic license - for non-commercial use only - expires 2027-06-29
Set parameter Username
Set parameter LicenseID to value 2839433
Academic license - for non-commercial use only - expires 2027-06-29
Set parameter Username
Set parameter LicenseID to value 2839433
Academic license - for non-commercial use only - expires 2027-06-29
Set parameter Username
Set parameter LicenseID to value 2839433
Academic license - for non-commercial use only - expires 2027-06-29
Set parameter Username
Set parameter LicenseID to value 2839433
Academic license - for non-commercial use only - expires 2027-06-29
Set parameter Username
Set parameter LicenseID to value 2839433
Academic license - for non-commercial use only - expires 2027-06-29
Set parameter Username
Set parameter LicenseID to value 2839433
Academic license - for non-commercial use only - expires 2027-06-29
Set parameter Username
Set parameter LicenseID to value 2839433
Academic license - for non-commercial use only - expires 2027-06-29

******************************************************************************
This program contains Ipopt, a library for large-scale nonlinear optimization.
 Ipopt is released as open source code under the Eclipse Public License (EPL).
         For more information visit https://github.com/coin-or/Ipopt
******************************************************************************

  [std] it   6 LB=  -868.0997 UB=  -852.9112 x=[1, 2]     Ω= -1470.5328 bd= -1462.9112 (3599.9s)
RESULT S=3 method=SBA status=TimeLimit x={1,2} LB=-860.532753 UB=-852.911213 gap=8.94e-03 iters=7 global=1 local=5 menu=- t_LB=3600.3 time=3600.3
  [orcl] it   1 LB=-10000000.0000 UB=        Inf x=Int64[]    Ω=    -0.0000 (0.8s) menu=1 (+belief, LP@x̄=-0.0000, gap -1.8e-12)
  [menu] it   2 LB=-9999695.0000 UB=        Inf x=[1]        menu cut 1/1 (V_menu=-29609.8000)
  [menu] it   3 LB=-9999695.0000 UB=        Inf x=[2]        menu cut 1/1 (V_menu=-1141.0000)
  [menu] it   4 LB=-1554291.0000 UB=        Inf x=[1, 2]     menu cut 1/1 (V_menu=-1819.5000)
  [menu] it   5 LB=-971695.0000 UB=        Inf x=[3]        menu cut 1/1 (V_menu=-686.5000)
  [orcl] it   6 LB=-29304.8000 UB=  -387.9352 x=[1]        Ω= -1142.7719 (0.3s) menu=2 (+belief, LP@x̄=-1142.7500, gap -2.2e-02)
  [orcl] it   7 LB= -1209.5000 UB=  -519.7620 x=[1, 2]     Ω= -1475.2655 (0.5s) menu=3 (+belief, LP@x̄=-1475.2407, gap -2.5e-02)
  [menu] it   8 LB=  -865.2655 UB=  -519.7620 x=[1, 2]     menu cut 1/3 (V_menu=-1475.2407)
  [orcl] it   9 LB=  -865.2407 UB=  -683.5638 x=[1, 2]     Ω= -1473.2651 (2.5s) menu=4 (+belief, LP@x̄=-1473.2437, gap -2.1e-02)
  [menu] it  10 LB=  -863.2651 UB=  -683.5638 x=[1, 2]     menu cut 1/4 (V_menu=-1473.2437)
  [orcl] it  11 LB=  -863.2437 UB=  -713.5477 x=[1, 2]     Ω= -1471.9420 (3.9s) menu=5 (+belief, LP@x̄=-1471.9093, gap -3.3e-02)
  [menu] it  12 LB=  -861.9420 UB=  -713.5477 x=[1, 2]     menu cut 1/5 (V_menu=-1471.9093)
  [orcl] it  13 LB=  -861.9093 UB=  -840.4547 x=[1, 2]     Ω= -1470.5347 (170.8s) menu=6 (+belief, LP@x̄=-1470.5000, gap -3.5e-02)
  [menu] it  14 LB=  -860.5347 UB=  -840.4547 x=[1, 2]     menu cut 1/6 (V_menu=-1470.5000)
  [orcl] it  15 LB=  -860.5000 UB=  -847.2527 x=[1, 2]     Ω= -1470.5347 (600.2s) menu=6
  [orcl] it  16 LB=  -860.5000 UB=  -852.1288 x=[1, 2]     Ω= -1470.5287 (2400.2s) menu=6
RESULT S=3 method=ALG status=Stalled x={1,2} LB=-860.500001 UB=-852.128764 gap=9.82e-03 iters=17 global=8 local=- menu=6 t_LB=179.9 time=3180.9
