Set parameter Username
Set parameter LicenseID to value 2839433
Academic license - for non-commercial use only - expires 2027-06-29
====================================================================================================
기본 인스턴스 S 스케일링: SGB128 pair quota=150 ε̂=ε̃=0.30 β=0.40 δ=0.1 seed=1 | TL=3600s E_TL/x=300s E=nz_kkt_value_reduced workers=12
====================================================================================================

--- S=3 (n_h=15, |X|=16)
RESULT S=3 method=E status=Optimal x={1,2} value=-860.500000 time=14.5

[348783] signal 15: Terminated
in expression starting at /home/swkim/robust_bilevel_network_games/nonzero_sum/run_loc_base_scaling.jl:55
unknown function (ip: 0x7a6240eac800) at /usr/lib/x86_64-linux-gnu/libc.so.6
unknown function (ip: 0x7a6240ea030b) at /usr/lib/x86_64-linux-gnu/libc.so.6
unknown function (ip: 0x7a6240ea06e6) at /usr/lib/x86_64-linux-gnu/libc.so.6
pthread_cond_wait at /usr/lib/x86_64-linux-gnu/libc.so.6 (unknown line)
uv_cond_wait at /workspace/srcdir/libuv/src/unix/thread.c:822
jl_parallel_gc_threadfun at /cache/build/builder-amdci4-8/julialang/julia-ci/src/gc-stock.c:3729
unknown function (ip: 0x7a6240ea3df9) at /usr/lib/x86_64-linux-gnu/libc.so.6
unknown function (ip: 0x7a6240f375cb) at /usr/lib/x86_64-linux-gnu/libc.so.6
unknown function (ip: (nil)) at (unknown file)
unknown function (ip: 0x7a6240eac800) at /usr/lib/x86_64-linux-gnu/libc.so.6
unknown function (ip: 0x7a6240ea030b) at /usr/lib/x86_64-linux-gnu/libc.so.6
unknown function (ip: 0x7a6240ea06e6) at /usr/lib/x86_64-linux-gnu/libc.so.6
pthread_cond_wait at /usr/lib/x86_64-linux-gnu/libc.so.6 (unknown line)
uv_cond_wait at /workspace/srcdir/libuv/src/unix/thread.c:822
jl_parallel_gc_threadfun at /cache/build/builder-amdci4-8/julialang/julia-ci/src/gc-stock.c:3729
unknown function (ip: 0x7a6240ea3df9) at /usr/lib/x86_64-linux-gnu/libc.so.6
unknown function (ip: 0x7a6240f375cb) at /usr/lib/x86_64-linux-gnu/libc.so.6
unknown function (ip: (nil)) at (unknown file)
unknown function (ip: 0x7a6240eac800) at /usr/lib/x86_64-linux-gnu/libc.so.6
unknown function (ip: 0x7a6240ea030b) at /usr/lib/x86_64-linux-gnu/libc.so.6
unknown function (ip: 0x7a6240ea06e6) at /usr/lib/x86_64-linux-gnu/libc.so.6
pthread_cond_wait at /usr/lib/x86_64-linux-gnu/libc.so.6 (unknown line)
uv_cond_wait at /workspace/srcdir/libuv/src/unix/thread.c:822
jl_parallel_gc_threadfun at /cache/build/builder-amdci4-8/julialang/julia-ci/src/gc-stock.c:3729
unknown function (ip: 0x7a6240ea3df9) at /usr/lib/x86_64-linux-gnu/libc.so.6
unknown function (ip: 0x7a6240f375cb) at /usr/lib/x86_64-linux-gnu/libc.so.6
unknown function (ip: (nil)) at (unknown file)
unknown function (ip: 0x7a6240eac800) at /usr/lib/x86_64-linux-gnu/libc.so.6
unknown function (ip: 0x7a6240ea030b) at /usr/lib/x86_64-linux-gnu/libc.so.6
unknown function (ip: 0x7a6240ea06e6) at /usr/lib/x86_64-linux-gnu/libc.so.6
pthread_cond_wait at /usr/lib/x86_64-linux-gnu/libc.so.6 (unknown line)
uv_cond_wait at /workspace/srcdir/libuv/src/unix/thread.c:822
jl_parallel_gc_threadfun at /cache/build/builder-amdci4-8/julialang/julia-ci/src/gc-stock.c:3729
unknown function (ip: 0x7a6240ea3df9) at /usr/lib/x86_64-linux-gnu/libc.so.6
unknown function (ip: 0x7a6240f375cb) at /usr/lib/x86_64-linux-gnu/libc.so.6
unknown function (ip: (nil)) at (unknown file)
unknown function (ip: 0x7a6240eac800) at /usr/lib/x86_64-linux-gnu/libc.so.6
unknown function (ip: 0x7a6240ea030b) at /usr/lib/x86_64-linux-gnu/libc.so.6
unknown function (ip: 0x7a6240ea06e6) at /usr/lib/x86_64-linux-gnu/libc.so.6
pthread_cond_wait at /usr/lib/x86_64-linux-gnu/libc.so.6 (unknown line)
uv_cond_wait at /workspace/srcdir/libuv/src/unix/thread.c:822
jl_parallel_gc_threadfun at /cache/build/builder-amdci4-8/julialang/julia-ci/src/gc-stock.c:3729
unknown function (ip: 0x7a6240ea3df9) at /usr/lib/x86_64-linux-gnu/libc.so.6
unknown function (ip: 0x7a6240f375cb) at /usr/lib/x86_64-linux-gnu/libc.so.6
unknown function (ip: (nil)) at (unknown file)
unknown function (ip: 0x7a6240eac800) at /usr/lib/x86_64-linux-gnu/libc.so.6
unknown function (ip: 0x7a6240ea030b) at /usr/lib/x86_64-linux-gnu/libc.so.6
unknown function (ip: 0x7a6240ea06e6) at /usr/lib/x86_64-linux-gnu/libc.so.6
pthread_cond_wait at /usr/lib/x86_64-linux-gnu/libc.so.6 (unknown line)
uv_cond_wait at /workspace/srcdir/libuv/src/unix/thread.c:822
jl_parallel_gc_threadfun at /cache/build/builder-amdci4-8/julialang/julia-ci/src/gc-stock.c:3729
unknown function (ip: 0x7a6240ea3df9) at /usr/lib/x86_64-linux-gnu/libc.so.6
unknown function (ip: 0x7a6240f375cb) at /usr/lib/x86_64-linux-gnu/libc.so.6
unknown function (ip: (nil)) at (unknown file)
unknown function (ip: 0x7a6240eac800) at /usr/lib/x86_64-linux-gnu/libc.so.6
unknown function (ip: 0x7a6240ea030b) at /usr/lib/x86_64-linux-gnu/libc.so.6
unknown function (ip: 0x7a6240ea06e6) at /usr/lib/x86_64-linux-gnu/libc.so.6
pthread_cond_wait at /usr/lib/x86_64-linux-gnu/libc.so.6 (unknown line)
uv_cond_wait at /workspace/srcdir/libuv/src/unix/thread.c:822
jl_parallel_gc_threadfun at /cache/build/builder-amdci4-8/julialang/julia-ci/src/gc-stock.c:3729
unknown function (ip: 0x7a6240ea3df9) at /usr/lib/x86_64-linux-gnu/libc.so.6
unknown function (ip: 0x7a6240f375cb) at /usr/lib/x86_64-linux-gnu/libc.so.6
unknown function (ip: (nil)) at (unknown file)
unknown function (ip: 0x7a6240eac800) at /usr/lib/x86_64-linux-gnu/libc.so.6
unknown function (ip: 0x7a6240ea030b) at /usr/lib/x86_64-linux-gnu/libc.so.6
unknown function (ip: 0x7a6240ea06e6) at /usr/lib/x86_64-linux-gnu/libc.so.6
pthread_cond_wait at /usr/lib/x86_64-linux-gnu/libc.so.6 (unknown line)
uv_cond_wait at /workspace/srcdir/libuv/src/unix/thread.c:822
jl_parallel_gc_threadfun at /cache/build/builder-amdci4-8/julialang/julia-ci/src/gc-stock.c:3729
unknown function (ip: 0x7a6240ea3df9) at /usr/lib/x86_64-linux-gnu/libc.so.6
unknown function (ip: 0x7a6240f375cb) at /usr/lib/x86_64-linux-gnu/libc.so.6
unknown function (ip: (nil)) at (unknown file)
unknown function (ip: 0x7a6240eac800) at /usr/lib/x86_64-linux-gnu/libc.so.6
unknown function (ip: 0x7a6240ea030b) at /usr/lib/x86_64-linux-gnu/libc.so.6
unknown function (ip: 0x7a6240ea06e6) at /usr/lib/x86_64-linux-gnu/libc.so.6
pthread_cond_wait at /usr/lib/x86_64-linux-gnu/libc.so.6 (unknown line)
uv_cond_wait at /workspace/srcdir/libuv/src/unix/thread.c:822
jl_parallel_gc_threadfun at /cache/build/builder-amdci4-8/julialang/julia-ci/src/gc-stock.c:3729
unknown function (ip: 0x7a6240ea3df9) at /usr/lib/x86_64-linux-gnu/libc.so.6
unknown function (ip: 0x7a6240f375cb) at /usr/lib/x86_64-linux-gnu/libc.so.6
unknown function (ip: (nil)) at (unknown file)
unknown function (ip: 0x7a6240eac800) at /usr/lib/x86_64-linux-gnu/libc.so.6
unknown function (ip: 0x7a6240ea030b) at /usr/lib/x86_64-linux-gnu/libc.so.6
unknown function (ip: 0x7a6240ea06e6) at /usr/lib/x86_64-linux-gnu/libc.so.6
pthread_cond_wait at /usr/lib/x86_64-linux-gnu/libc.so.6 (unknown line)
uv_cond_wait at /workspace/srcdir/libuv/src/unix/thread.c:822
jl_parallel_gc_threadfun at /cache/build/builder-amdci4-8/julialang/julia-ci/src/gc-stock.c:3729
unknown function (ip: 0x7a6240ea3df9) at /usr/lib/x86_64-linux-gnu/libc.so.6
unknown function (ip: 0x7a6240f375cb) at /usr/lib/x86_64-linux-gnu/libc.so.6
unknown function (ip: (nil)) at (unknown file)
unknown function (ip: 0x7a6240eac800) at /usr/lib/x86_64-linux-gnu/libc.so.6
unknown function (ip: 0x7a6240ea030b) at /usr/lib/x86_64-linux-gnu/libc.so.6
unknown function (ip: 0x7a6240ea06e6) at /usr/lib/x86_64-linux-gnu/libc.so.6
pthread_cond_wait at /usr/lib/x86_64-linux-gnu/libc.so.6 (unknown line)
uv_cond_wait at /workspace/srcdir/libuv/src/unix/thread.c:822
jl_parallel_gc_threadfun at /cache/build/builder-amdci4-8/julialang/julia-ci/src/gc-stock.c:3729
unknown function (ip: 0x7a6240ea3df9) at /usr/lib/x86_64-linux-gnu/libc.so.6
unknown function (ip: 0x7a6240f375cb) at /usr/lib/x86_64-linux-gnu/libc.so.6
unknown function (ip: (nil)) at (unknown file)
unknown function (ip: 0x7a6240eac800) at /usr/lib/x86_64-linux-gnu/libc.so.6
unknown function (ip: 0x7a6240ea030b) at /usr/lib/x86_64-linux-gnu/libc.so.6
unknown function (ip: 0x7a6240ea06e6) at /usr/lib/x86_64-linux-gnu/libc.so.6
pthread_cond_wait at /usr/lib/x86_64-linux-gnu/libc.so.6 (unknown line)
uv_cond_wait at /workspace/srcdir/libuv/src/unix/thread.c:822
jl_parallel_gc_threadfun at /cache/build/builder-amdci4-8/julialang/julia-ci/src/gc-stock.c:3729
unknown function (ip: 0x7a6240ea3df9) at /usr/lib/x86_64-linux-gnu/libc.so.6
unknown function (ip: 0x7a6240f375cb) at /usr/lib/x86_64-linux-gnu/libc.so.6
unknown function (ip: (nil)) at (unknown file)
unknown function (ip: 0x7a6240eac800) at /usr/lib/x86_64-linux-gnu/libc.so.6
unknown function (ip: 0x7a6240ea030b) at /usr/lib/x86_64-linux-gnu/libc.so.6
unknown function (ip: 0x7a6240ea06e6) at /usr/lib/x86_64-linux-gnu/libc.so.6
pthread_cond_wait at /usr/lib/x86_64-linux-gnu/libc.so.6 (unknown line)
uv_cond_wait at /workspace/srcdir/libuv/src/unix/thread.c:822
jl_parallel_gc_threadfun at /cache/build/builder-amdci4-8/julialang/julia-ci/src/gc-stock.c:3729
unknown function (ip: 0x7a6240ea3df9) at /usr/lib/x86_64-linux-gnu/libc.so.6
unknown function (ip: 0x7a6240f375cb) at /usr/lib/x86_64-linux-gnu/libc.so.6
unknown function (ip: (nil)) at (unknown file)
unknown function (ip: 0x7a6240eac800) at /usr/lib/x86_64-linux-gnu/libc.so.6
unknown function (ip: 0x7a6240ea030b) at /usr/lib/x86_64-linux-gnu/libc.so.6
unknown function (ip: 0x7a6240ea06e6) at /usr/lib/x86_64-linux-gnu/libc.so.6
pthread_cond_wait at /usr/lib/x86_64-linux-gnu/libc.so.6 (unknown line)
uv_cond_wait at /workspace/srcdir/libuv/src/unix/thread.c:822
ijl_task_get_next at /cache/build/builder-amdci4-8/julialang/julia-ci/src/scheduler.c:599
wait at ./task.jl:1297
wait_forever at ./task.jl:1196
jfptr_wait_forever_70523.1 at /home/swkim/.julia/juliaup/julia-1.13.1+0.x64.linux.gnu/lib/julia/sys.so (unknown line)
jl_apply at /cache/build/builder-amdci4-8/julialang/julia-ci/src/julia.h:2318 [inlined]
start_task at /cache/build/builder-amdci4-8/julialang/julia-ci/src/task.c:1285
unknown function (ip: (nil)) at (unknown file)
unknown function (ip: 0x7a6240eac800) at /usr/lib/x86_64-linux-gnu/libc.so.6
unknown function (ip: 0x7a6240ea030b) at /usr/lib/x86_64-linux-gnu/libc.so.6
unknown function (ip: 0x7a6240ea06e6) at /usr/lib/x86_64-linux-gnu/libc.so.6
pthread_cond_wait at /usr/lib/x86_64-linux-gnu/libc.so.6 (unknown line)
uv_cond_wait at /workspace/srcdir/libuv/src/unix/thread.c:822
ijl_task_get_next at /cache/build/builder-amdci4-8/julialang/julia-ci/src/scheduler.c:599
wait at ./task.jl:1297
wait_forever at ./task.jl:1196
jfptr_wait_forever_70523.1 at /home/swkim/.julia/juliaup/julia-1.13.1+0.x64.linux.gnu/lib/julia/sys.so (unknown line)
jl_apply at /cache/build/builder-amdci4-8/julialang/julia-ci/src/julia.h:2318 [inlined]
start_task at /cache/build/builder-amdci4-8/julialang/julia-ci/src/task.c:1285
unknown function (ip: (nil)) at (unknown file)
unknown function (ip: 0x7a6240eac800) at /usr/lib/x86_64-linux-gnu/libc.so.6
unknown function (ip: 0x7a6240ea030b) at /usr/lib/x86_64-linux-gnu/libc.so.6
unknown function (ip: 0x7a6240ea06e6) at /usr/lib/x86_64-linux-gnu/libc.so.6
pthread_cond_wait at /usr/lib/x86_64-linux-gnu/libc.so.6 (unknown line)
uv_cond_wait at /workspace/srcdir/libuv/src/unix/thread.c:822
ijl_task_get_next at /cache/build/builder-amdci4-8/julialang/julia-ci/src/scheduler.c:599
wait at ./task.jl:1297
wait_forever at ./task.jl:1196
jfptr_wait_forever_70523.1 at /home/swkim/.julia/juliaup/julia-1.13.1+0.x64.linux.gnu/lib/julia/sys.so (unknown line)
jl_apply at /cache/build/builder-amdci4-8/julialang/julia-ci/src/julia.h:2318 [inlined]
start_task at /cache/build/builder-amdci4-8/julialang/julia-ci/src/task.c:1285
unknown function (ip: (nil)) at (unknown file)
unknown function (ip: 0x7a6240eac800) at /usr/lib/x86_64-linux-gnu/libc.so.6
unknown function (ip: 0x7a6240ea030b) at /usr/lib/x86_64-linux-gnu/libc.so.6
unknown function (ip: 0x7a6240ea06e6) at /usr/lib/x86_64-linux-gnu/libc.so.6
pthread_cond_wait at /usr/lib/x86_64-linux-gnu/libc.so.6 (unknown line)
uv_cond_wait at /workspace/srcdir/libuv/src/unix/thread.c:822
ijl_task_get_next at /cache/build/builder-amdci4-8/julialang/julia-ci/src/scheduler.c:599
wait at ./task.jl:1297
wait_forever at ./task.jl:1196
jfptr_wait_forever_70523.1 at /home/swkim/.julia/juliaup/julia-1.13.1+0.x64.linux.gnu/lib/julia/sys.so (unknown line)
jl_apply at /cache/build/builder-amdci4-8/julialang/julia-ci/src/julia.h:2318 [inlined]
start_task at /cache/build/builder-amdci4-8/julialang/julia-ci/src/task.c:1285
unknown function (ip: (nil)) at (unknown file)
unknown function (ip: 0x7a6240eac800) at /usr/lib/x86_64-linux-gnu/libc.so.6
unknown function (ip: 0x7a6240ea030b) at /usr/lib/x86_64-linux-gnu/libc.so.6
unknown function (ip: 0x7a6240ea06e6) at /usr/lib/x86_64-linux-gnu/libc.so.6
pthread_cond_wait at /usr/lib/x86_64-linux-gnu/libc.so.6 (unknown line)
uv_cond_wait at /workspace/srcdir/libuv/src/unix/thread.c:822
ijl_task_get_next at /cache/build/builder-amdci4-8/julialang/julia-ci/src/scheduler.c:599
wait at ./task.jl:1297
wait_forever at ./task.jl:1196
jfptr_wait_forever_70523.1 at /home/swkim/.julia/juliaup/julia-1.13.1+0.x64.linux.gnu/lib/julia/sys.so (unknown line)
jl_apply at /cache/build/builder-amdci4-8/julialang/julia-ci/src/julia.h:2318 [inlined]
start_task at /cache/build/builder-amdci4-8/julialang/julia-ci/src/task.c:1285
unknown function (ip: (nil)) at (unknown file)
unknown function (ip: 0x7a6240eac800) at /usr/lib/x86_64-linux-gnu/libc.so.6
unknown function (ip: 0x7a6240ea030b) at /usr/lib/x86_64-linux-gnu/libc.so.6
unknown function (ip: 0x7a6240ea06e6) at /usr/lib/x86_64-linux-gnu/libc.so.6
pthread_cond_wait at /usr/lib/x86_64-linux-gnu/libc.so.6 (unknown line)
uv_cond_wait at /workspace/srcdir/libuv/src/unix/thread.c:822
ijl_task_get_next at /cache/build/builder-amdci4-8/julialang/julia-ci/src/scheduler.c:599
wait at ./task.jl:1297
wait_forever at ./task.jl:1196
jfptr_wait_forever_70523.1 at /home/swkim/.julia/juliaup/julia-1.13.1+0.x64.linux.gnu/lib/julia/sys.so (unknown line)
jl_apply at /cache/build/builder-amdci4-8/julialang/julia-ci/src/julia.h:2318 [inlined]
start_task at /cache/build/builder-amdci4-8/julialang/julia-ci/src/task.c:1285
unknown function (ip: (nil)) at (unknown file)
unknown function (ip: 0x7a6240eac800) at /usr/lib/x86_64-linux-gnu/libc.so.6
unknown function (ip: 0x7a6240ea030b) at /usr/lib/x86_64-linux-gnu/libc.so.6
unknown function (ip: 0x7a6240ea06e6) at /usr/lib/x86_64-linux-gnu/libc.so.6
pthread_cond_wait at /usr/lib/x86_64-linux-gnu/libc.so.6 (unknown line)
uv_cond_wait at /workspace/srcdir/libuv/src/unix/thread.c:822
ijl_task_get_next at /cache/build/builder-amdci4-8/julialang/julia-ci/src/scheduler.c:599
wait at ./task.jl:1297
wait_forever at ./task.jl:1196
jfptr_wait_forever_70523.1 at /home/swkim/.julia/juliaup/julia-1.13.1+0.x64.linux.gnu/lib/julia/sys.so (unknown line)
jl_apply at /cache/build/builder-amdci4-8/julialang/julia-ci/src/julia.h:2318 [inlined]
start_task at /cache/build/builder-amdci4-8/julialang/julia-ci/src/task.c:1285
unknown function (ip: (nil)) at (unknown file)
unknown function (ip: 0x7a6240eac800) at /usr/lib/x86_64-linux-gnu/libc.so.6
unknown function (ip: 0x7a6240ea030b) at /usr/lib/x86_64-linux-gnu/libc.so.6
unknown function (ip: 0x7a6240ea06e6) at /usr/lib/x86_64-linux-gnu/libc.so.6
pthread_cond_wait at /usr/lib/x86_64-linux-gnu/libc.so.6 (unknown line)
uv_cond_wait at /workspace/srcdir/libuv/src/unix/thread.c:822
ijl_task_get_next at /cache/build/builder-amdci4-8/julialang/julia-ci/src/scheduler.c:599
wait at ./task.jl:1297
wait_forever at ./task.jl:1196
jfptr_wait_forever_70523.1 at /home/swkim/.julia/juliaup/julia-1.13.1+0.x64.linux.gnu/lib/julia/sys.so (unknown line)
jl_apply at /cache/build/builder-amdci4-8/julialang/julia-ci/src/julia.h:2318 [inlined]
start_task at /cache/build/builder-amdci4-8/julialang/julia-ci/src/task.c:1285
unknown function (ip: (nil)) at (unknown file)
unknown function (ip: 0x7a6240eac800) at /usr/lib/x86_64-linux-gnu/libc.so.6
unknown function (ip: 0x7a6240ea030b) at /usr/lib/x86_64-linux-gnu/libc.so.6
unknown function (ip: 0x7a6240ea06e6) at /usr/lib/x86_64-linux-gnu/libc.so.6
pthread_cond_wait at /usr/lib/x86_64-linux-gnu/libc.so.6 (unknown line)
uv_cond_wait at /workspace/srcdir/libuv/src/unix/thread.c:822
ijl_task_get_next at /cache/build/builder-amdci4-8/julialang/julia-ci/src/scheduler.c:599
wait at ./task.jl:1297
wait_forever at ./task.jl:1196
jfptr_wait_forever_70523.1 at /home/swkim/.julia/juliaup/julia-1.13.1+0.x64.linux.gnu/lib/julia/sys.so (unknown line)
jl_apply at /cache/build/builder-amdci4-8/julialang/julia-ci/src/julia.h:2318 [inlined]
start_task at /cache/build/builder-amdci4-8/julialang/julia-ci/src/task.c:1285
unknown function (ip: (nil)) at (unknown file)
unknown function (ip: 0x7a6240eac800) at /usr/lib/x86_64-linux-gnu/libc.so.6
unknown function (ip: 0x7a6240ea030b) at /usr/lib/x86_64-linux-gnu/libc.so.6
unknown function (ip: 0x7a6240ea06e6) at /usr/lib/x86_64-linux-gnu/libc.so.6
pthread_cond_wait at /usr/lib/x86_64-linux-gnu/libc.so.6 (unknown line)
uv_cond_wait at /workspace/srcdir/libuv/src/unix/thread.c:822
ijl_task_get_next at /cache/build/builder-amdci4-8/julialang/julia-ci/src/scheduler.c:599
wait at ./task.jl:1297
wait_forever at ./task.jl:1196
jfptr_wait_forever_70523.1 at /home/swkim/.julia/juliaup/julia-1.13.1+0.x64.linux.gnu/lib/julia/sys.so (unknown line)
jl_apply at /cache/build/builder-amdci4-8/julialang/julia-ci/src/julia.h:2318 [inlined]
start_task at /cache/build/builder-amdci4-8/julialang/julia-ci/src/task.c:1285
unknown function (ip: (nil)) at (unknown file)
unknown function (ip: 0x7a6240eac800) at /usr/lib/x86_64-linux-gnu/libc.so.6
unknown function (ip: 0x7a6240ea030b) at /usr/lib/x86_64-linux-gnu/libc.so.6
unknown function (ip: 0x7a6240ea06e6) at /usr/lib/x86_64-linux-gnu/libc.so.6
pthread_cond_wait at /usr/lib/x86_64-linux-gnu/libc.so.6 (unknown line)
uv_cond_wait at /workspace/srcdir/libuv/src/unix/thread.c:822
ijl_task_get_next at /cache/build/builder-amdci4-8/julialang/julia-ci/src/scheduler.c:599
wait at ./task.jl:1297
wait_forever at ./task.jl:1196
jfptr_wait_forever_70523.1 at /home/swkim/.julia/juliaup/julia-1.13.1+0.x64.linux.gnu/lib/julia/sys.so (unknown line)
jl_apply at /cache/build/builder-amdci4-8/julialang/julia-ci/src/julia.h:2318 [inlined]
start_task at /cache/build/builder-amdci4-8/julialang/julia-ci/src/task.c:1285
unknown function (ip: (nil)) at (unknown file)
unknown function (ip: 0x7a6240eac800) at /usr/lib/x86_64-linux-gnu/libc.so.6
unknown function (ip: 0x7a6240ea030b) at /usr/lib/x86_64-linux-gnu/libc.so.6
unknown function (ip: 0x7a6240ea06e6) at /usr/lib/x86_64-linux-gnu/libc.so.6
pthread_cond_wait at /usr/lib/x86_64-linux-gnu/libc.so.6 (unknown line)
uv_cond_wait at /workspace/srcdir/libuv/src/unix/thread.c:822
ijl_task_get_next at /cache/build/builder-amdci4-8/julialang/julia-ci/src/scheduler.c:599
wait at ./task.jl:1297
wait_forever at ./task.jl:1196
jfptr_wait_forever_70523.1 at /home/swkim/.julia/juliaup/julia-1.13.1+0.x64.linux.gnu/lib/julia/sys.so (unknown line)
jl_apply at /cache/build/builder-amdci4-8/julialang/julia-ci/src/julia.h:2318 [inlined]
start_task at /cache/build/builder-amdci4-8/julialang/julia-ci/src/task.c:1285
unknown function (ip: (nil)) at (unknown file)
unknown function (ip: 0x7a6240eac800) at /usr/lib/x86_64-linux-gnu/libc.so.6
unknown function (ip: 0x7a6240ea030b) at /usr/lib/x86_64-linux-gnu/libc.so.6
unknown function (ip: 0x7a6240ea06e6) at /usr/lib/x86_64-linux-gnu/libc.so.6
pthread_cond_wait at /usr/lib/x86_64-linux-gnu/libc.so.6 (unknown line)
uv_cond_wait at /workspace/srcdir/libuv/src/unix/thread.c:822
ijl_task_get_next at /cache/build/builder-amdci4-8/julialang/julia-ci/src/scheduler.c:599
wait at ./task.jl:1297
wait_forever at ./task.jl:1196
jfptr_wait_forever_70523.1 at /home/swkim/.julia/juliaup/julia-1.13.1+0.x64.linux.gnu/lib/julia/sys.so (unknown line)
jl_apply at /cache/build/builder-amdci4-8/julialang/julia-ci/src/julia.h:2318 [inlined]
start_task at /cache/build/builder-amdci4-8/julialang/julia-ci/src/task.c:1285
unknown function (ip: (nil)) at (unknown file)
unknown function (ip: 0x7a6240eac800) at /usr/lib/x86_64-linux-gnu/libc.so.6
unknown function (ip: 0x7a6240ea030b) at /usr/lib/x86_64-linux-gnu/libc.so.6
unknown function (ip: 0x7a6240ea06e6) at /usr/lib/x86_64-linux-gnu/libc.so.6
pthread_cond_wait at /usr/lib/x86_64-linux-gnu/libc.so.6 (unknown line)
uv_cond_wait at /workspace/srcdir/libuv/src/unix/thread.c:822
ijl_task_get_next at /cache/build/builder-amdci4-8/julialang/julia-ci/src/scheduler.c:599
wait at ./task.jl:1297
#wait#392 at ./condition.jl:141
wait at ./condition.jl:136 [inlined]
_trywait at ./asyncevent.jl:186
profile_printing_listener at ./Base.jl:335
#start_profile_listener##0 at ./Base.jl:355
jfptr_YY.start_profile_listenerYY.YY.0_16783.1 at /home/swkim/.julia/juliaup/julia-1.13.1+0.x64.linux.gnu/lib/julia/sys.so (unknown line)
jl_apply at /cache/build/builder-amdci4-8/julialang/julia-ci/src/julia.h:2318 [inlined]
start_task at /cache/build/builder-amdci4-8/julialang/julia-ci/src/task.c:1285
unknown function (ip: (nil)) at (unknown file)
PRIVATE0000000000ac7c59 at /home/swkim/.julia/artifacts/1b5c4a597631092283e0c71596b2f708afc5054b/gurobi1303/linux64/lib/libgurobi130.so (unknown line)
PRIVATE00000000005bf638 at /home/swkim/.julia/artifacts/1b5c4a597631092283e0c71596b2f708afc5054b/gurobi1303/linux64/lib/libgurobi130.so (unknown line)
PRIVATE00000000005bbf7f at /home/swkim/.julia/artifacts/1b5c4a597631092283e0c71596b2f708afc5054b/gurobi1303/linux64/lib/libgurobi130.so (unknown line)
PRIVATE0000000000c23877 at /home/swkim/.julia/artifacts/1b5c4a597631092283e0c71596b2f708afc5054b/gurobi1303/linux64/lib/libgurobi130.so (unknown line)
PRIVATE00000000009828a1 at /home/swkim/.julia/artifacts/1b5c4a597631092283e0c71596b2f708afc5054b/gurobi1303/linux64/lib/libgurobi130.so (unknown line)
GRBoptimize at /home/swkim/.julia/artifacts/1b5c4a597631092283e0c71596b2f708afc5054b/gurobi1303/linux64/lib/libgurobi130.so (unknown line)
GRBoptimize at /home/swkim/.julia/packages/Gurobi/hs8RH/src/gen130/libgrb_api.jl:374 [inlined]
#49 at /home/swkim/.julia/packages/Gurobi/hs8RH/src/MOI_wrapper/MOI_wrapper.jl:2820 [inlined]
disable_sigint at ./c.jl:167 [inlined]
optimize! at /home/swkim/.julia/packages/Gurobi/hs8RH/src/MOI_wrapper/MOI_wrapper.jl:2819
optimize! at /home/swkim/.julia/packages/MathOptInterface/lY2WB/src/Bridges/bridge_optimizer.jl:367 [inlined]
optimize! at /home/swkim/.julia/packages/MathOptInterface/lY2WB/src/Utilities/cachingoptimizer.jl:379
unknown function (ip: 0x7a61b01acd42) at (unknown file)
#optimize!#96 at /home/swkim/.julia/packages/JuMP/insRt/src/optimizer_interface.jl:633
optimize! at /home/swkim/.julia/packages/JuMP/insRt/src/optimizer_interface.jl:569 [inlined]
#nz_solve!#289 at /home/swkim/robust_bilevel_network_games/nonzero_sum/nz_omega.jl:368
nz_solve! at /home/swkim/robust_bilevel_network_games/nonzero_sum/nz_omega.jl:364 [inlined]
#_nz_oracle!#645 at /home/swkim/robust_bilevel_network_games/nonzero_sum/nz_benders.jl:121 [inlined]
_nz_oracle! at /home/swkim/robust_bilevel_network_games/nonzero_sum/nz_benders.jl:119 [inlined]
macro expansion at ./timing.jl:463 [inlined]
#nz_standard_benders#648 at /home/swkim/robust_bilevel_network_games/nonzero_sum/nz_benders.jl:217
nz_standard_benders at /home/swkim/robust_bilevel_network_games/nonzero_sum/nz_benders.jl:168
unknown function (ip: 0x7a61b01cc0fe) at (unknown file)
top-level scope at /home/swkim/robust_bilevel_network_games/nonzero_sum/run_loc_base_scaling.jl:80
jl_toplevel_eval_flex at /cache/build/builder-amdci4-8/julialang/julia-ci/src/toplevel.c:731
jl_eval_toplevel_stmts at /cache/build/builder-amdci4-8/julialang/julia-ci/src/toplevel.c:585
jl_toplevel_eval_flex at /cache/build/builder-amdci4-8/julialang/julia-ci/src/toplevel.c:683
ijl_toplevel_eval at /cache/build/builder-amdci4-8/julialang/julia-ci/src/toplevel.c:754
ijl_toplevel_eval_in at /cache/build/builder-amdci4-8/julialang/julia-ci/src/toplevel.c:799
eval at ./boot.jl:489
include_string at ./loading.jl:3033
_include at ./loading.jl:3093
include at ./Base.jl:309
exec_options at ./client.jl:344
_start at ./client.jl:577
jfptr__start_58396.1 at /home/swkim/.julia/juliaup/julia-1.13.1+0.x64.linux.gnu/lib/julia/sys.so (unknown line)
jl_apply at /cache/build/builder-amdci4-8/julialang/julia-ci/src/julia.h:2318 [inlined]
true_main at /cache/build/builder-amdci4-8/julialang/julia-ci/src/jlapi.c:985
jl_repl_entrypoint at /cache/build/builder-amdci4-8/julialang/julia-ci/src/jlapi.c:1152
main at /cache/build/builder-amdci4-8/julialang/julia-ci/cli/loader_exe.c:58
unknown function (ip: 0x7a6240e2a600) at /usr/lib/x86_64-linux-gnu/libc.so.6
__libc_start_main at /usr/lib/x86_64-linux-gnu/libc.so.6 (unknown line)
unknown function (ip: 0x4010b8) at /workspace/srcdir/glibc-2.17/csu/../sysdeps/x86_64/start.S
unknown function (ip: (nil)) at (unknown file)
Allocations: 42225904 (Pool: 42225388; Big: 516); GC: 26
error in running finalizer: ErrorException("Gurobi Error 10017: ")
_check_ret at /home/swkim/.julia/packages/Gurobi/hs8RH/src/MOI_wrapper/MOI_wrapper.jl:417 [inlined]
#13 at /home/swkim/.julia/packages/Gurobi/hs8RH/src/MOI_wrapper/MOI_wrapper.jl:393
jfptr_YY.13_3659 at /home/swkim/.julia/compiled/v1.13/Gurobi/do9v6_EqQOZ.so (unknown line)
run_finalizer at /cache/build/builder-amdci4-8/julialang/julia-ci/src/gc-common.c:180
jl_gc_run_finalizers_in_list at /cache/build/builder-amdci4-8/julialang/julia-ci/src/gc-common.c:270
run_finalizers at /cache/build/builder-amdci4-8/julialang/julia-ci/src/gc-common.c:316
ijl_atexit_hook at /cache/build/builder-amdci4-8/julialang/julia-ci/src/init.c:295
jl_exit_thread0_cb at /cache/build/builder-amdci4-8/julialang/julia-ci/src/signals-unix.c:678
jl_fake_signal_return at /home/swkim/.julia/juliaup/julia-1.13.1+0.x64.linux.gnu/bin/../lib/julia/libjulia-internal.so.1.13 (unknown line)
PRIVATE0000000000ac7c59 at /home/swkim/.julia/artifacts/1b5c4a597631092283e0c71596b2f708afc5054b/gurobi1303/linux64/lib/libgurobi130.so (unknown line)
PRIVATE00000000005bf638 at /home/swkim/.julia/artifacts/1b5c4a597631092283e0c71596b2f708afc5054b/gurobi1303/linux64/lib/libgurobi130.so (unknown line)
PRIVATE00000000005bbf7f at /home/swkim/.julia/artifacts/1b5c4a597631092283e0c71596b2f708afc5054b/gurobi1303/linux64/lib/libgurobi130.so (unknown line)
PRIVATE0000000000c23877 at /home/swkim/.julia/artifacts/1b5c4a597631092283e0c71596b2f708afc5054b/gurobi1303/linux64/lib/libgurobi130.so (unknown line)
PRIVATE00000000009828a1 at /home/swkim/.julia/artifacts/1b5c4a597631092283e0c71596b2f708afc5054b/gurobi1303/linux64/lib/libgurobi130.so (unknown line)
GRBoptimize at /home/swkim/.julia/artifacts/1b5c4a597631092283e0c71596b2f708afc5054b/gurobi1303/linux64/lib/libgurobi130.so (unknown line)
GRBoptimize at /home/swkim/.julia/packages/Gurobi/hs8RH/src/gen130/libgrb_api.jl:374 [inlined]
#49 at /home/swkim/.julia/packages/Gurobi/hs8RH/src/MOI_wrapper/MOI_wrapper.jl:2820 [inlined]
disable_sigint at ./c.jl:167 [inlined]
optimize! at /home/swkim/.julia/packages/Gurobi/hs8RH/src/MOI_wrapper/MOI_wrapper.jl:2819
optimize! at /home/swkim/.julia/packages/MathOptInterface/lY2WB/src/Bridges/bridge_optimizer.jl:367 [inlined]
optimize! at /home/swkim/.julia/packages/MathOptInterface/lY2WB/src/Utilities/cachingoptimizer.jl:379
unknown function (ip: 0x7a61b01acd42) at (unknown file)
#optimize!#96 at /home/swkim/.julia/packages/JuMP/insRt/src/optimizer_interface.jl:633
optimize! at /home/swkim/.julia/packages/JuMP/insRt/src/optimizer_interface.jl:569 [inlined]
#nz_solve!#289 at /home/swkim/robust_bilevel_network_games/nonzero_sum/nz_omega.jl:368
nz_solve! at /home/swkim/robust_bilevel_network_games/nonzero_sum/nz_omega.jl:364 [inlined]
#_nz_oracle!#645 at /home/swkim/robust_bilevel_network_games/nonzero_sum/nz_benders.jl:121 [inlined]
_nz_oracle! at /home/swkim/robust_bilevel_network_games/nonzero_sum/nz_benders.jl:119 [inlined]
macro expansion at ./timing.jl:463 [inlined]
#nz_standard_benders#648 at /home/swkim/robust_bilevel_network_games/nonzero_sum/nz_benders.jl:217
nz_standard_benders at /home/swkim/robust_bilevel_network_games/nonzero_sum/nz_benders.jl:168
unknown function (ip: 0x7a61b01cc0fe) at (unknown file)
top-level scope at /home/swkim/robust_bilevel_network_games/nonzero_sum/run_loc_base_scaling.jl:80
jl_toplevel_eval_flex at /cache/build/builder-amdci4-8/julialang/julia-ci/src/toplevel.c:731
jl_eval_toplevel_stmts at /cache/build/builder-amdci4-8/julialang/julia-ci/src/toplevel.c:585
jl_toplevel_eval_flex at /cache/build/builder-amdci4-8/julialang/julia-ci/src/toplevel.c:683
ijl_toplevel_eval at /cache/build/builder-amdci4-8/julialang/julia-ci/src/toplevel.c:754
ijl_toplevel_eval_in at /cache/build/builder-amdci4-8/julialang/julia-ci/src/toplevel.c:799
eval at ./boot.jl:489
include_string at ./loading.jl:3033
_include at ./loading.jl:3093
include at ./Base.jl:309
exec_options at ./client.jl:344
_start at ./client.jl:577
jfptr__start_58396.1 at /home/swkim/.julia/juliaup/julia-1.13.1+0.x64.linux.gnu/lib/julia/sys.so (unknown line)
jl_apply at /cache/build/builder-amdci4-8/julialang/julia-ci/src/julia.h:2318 [inlined]
true_main at /cache/build/builder-amdci4-8/julialang/julia-ci/src/jlapi.c:985
jl_repl_entrypoint at /cache/build/builder-amdci4-8/julialang/julia-ci/src/jlapi.c:1152
main at /cache/build/builder-amdci4-8/julialang/julia-ci/cli/loader_exe.c:58
unknown function (ip: 0x7a6240e2a600) at /usr/lib/x86_64-linux-gnu/libc.so.6
__libc_start_main at /usr/lib/x86_64-linux-gnu/libc.so.6 (unknown line)
unknown function (ip: 0x4010b8) at /workspace/srcdir/glibc-2.17/csu/../sysdeps/x86_64/start.S
