Set parameter Username
Set parameter LicenseID to value 2839433
Academic license - for non-commercial use only - expires 2027-06-29
====================================================================================================
기본 인스턴스 S 스케일링: SGB128 pair quota=150 ε̂=ε̃=0.30 β=0.40 δ=0.1 seed=1 | TL=3600s E_TL/x=300s E=nz_kkt_value_reduced workers=12 θᵁ=1.0000 (circuit) tol=5e-03 ogap=1e-03
====================================================================================================

--- S=200 (n_h=15, |X|=16)
Set parameter Username
Set parameter LicenseID to value 2839433
Academic license - for non-commercial use only - expires 2027-06-29
Set parameter Username
Set parameter LicenseID to value 2839433
Academic license - for non-commercial use only - expires 2027-06-29
Set parameter Username
Set parameter LicenseID to value 2839433
Academic license - for non-commercial use only - expires 2027-06-29
Set parameter Username
Set parameter LicenseID to value 2839433
Academic license - for non-commercial use only - expires 2027-06-29
Set parameter Username
Set parameter LicenseID to value 2839433
Academic license - for non-commercial use only - expires 2027-06-29
Set parameter Username
Set parameter LicenseID to value 2839433
Academic license - for non-commercial use only - expires 2027-06-29
Set parameter Username
Set parameter LicenseID to value 2839433
Academic license - for non-commercial use only - expires 2027-06-29
Set parameter Username
Set parameter LicenseID to value 2839433
Academic license - for non-commercial use only - expires 2027-06-29
Set parameter Username
Set parameter LicenseID to value 2839433
Academic license - for non-commercial use only - expires 2027-06-29
Set parameter Username
Set parameter LicenseID to value 2839433
Academic license - for non-commercial use only - expires 2027-06-29
Set parameter Username
Set parameter LicenseID to value 2839433
Academic license - for non-commercial use only - expires 2027-06-29
Set parameter Username
Set parameter LicenseID to value 2839433
Academic license - for non-commercial use only - expires 2027-06-29
Set parameter Username
Set parameter LicenseID to value 2839433
Academic license - for non-commercial use only - expires 2027-06-29

******************************************************************************
This program contains Ipopt, a library for large-scale nonlinear optimization.
 Ipopt is released as open source code under the Eclipse Public License (EPL).
         For more information visit https://github.com/coin-or/Ipopt
******************************************************************************

  [orcl] it   1 LB=-10000000.0000 UB=     0.0000 x=Int64[]    Ω=    -0.0000 (46.1s) menu=1 (+belief, LP@x̄=0.0000, gap -1.7e-07)
  [menu] it   2 LB=-9999695.0000 UB=     0.0000 x=[1]        menu cut 1/1 (V_menu=-15301.5458)
  [menu] it   3 LB=-9999695.0000 UB=     0.0000 x=[2]        menu cut 1/1 (V_menu=-14591.4125)
  [menu] it   4 LB=-3338047.4088 UB=     0.0000 x=[1, 2]     menu cut 1/1 (V_menu=-20161.5667)
  [menu] it   5 LB=-257905.0000 UB=     0.0000 x=[3]        menu cut 1/1 (V_menu=-604.7792)
  [orcl] it   6 LB=-19551.5667 UB=     0.0000 x=[1, 2]     Ω= -1034.2832 (232.2s) menu=2 (+belief, LP@x̄=-1033.0000, gap -1.3e+00)
  [menu] it   7 LB=-14996.5458 UB=     0.0000 x=[1]        menu cut 1/2 (V_menu=-6087.8125)
  [menu] it   8 LB=-14286.4125 UB=     0.0000 x=[2]        menu cut 1/2 (V_menu=-1084.7517)
  [orcl] it   9 LB= -5782.8125 UB=     0.0000 x=[1]        Ω=  -643.2073 (213.6s) menu=3 (+belief, LP@x̄=-640.5917, gap -2.6e+00)
  [orcl] it  10 LB=  -779.7517 UB=  -176.7045 x=[2]        Ω=  -712.1852 (191.1s) menu=4 (+belief, LP@x̄=-583.6208, gap -1.3e+02)
  [menu] it  11 LB=  -424.2832 UB=  -176.7045 x=[1, 2]     menu cut 1/4 (V_menu=-1033.0000)
  [orcl] it  12 LB=  -423.0000 UB=  -176.7045 x=[1, 2]     Ω= -1034.8595 (641.8s) menu=4
  [orcl] it  13 LB=  -423.0000 UB=  -176.7045 x=[1, 2]     Ω= -1026.7888 (2172.5s) menu=5 (+belief, LP@x̄=-1026.6524, gap -1.4e-01)
  [menu] it  14 LB=  -416.7888 UB=  -176.7045 x=[1, 2]     menu cut 1/5 (V_menu=-1026.6524)
RESULT S=200 method=ALG status=Stalled x={2} LB=-416.652363 UB=-176.704520 gap=1.36e+00 iters=15 global=6 local=- menu=5 t_LB=3518.1 time=3518.1
  [orcl] it   1 LB=-10000000.0000 UB=    -0.0000 x=Int64[]    Ω=    -0.0000 (74.3s) menu=1 (+belief, LP@x̄=-0.0000, gap 7.5e-08)
  [menu] it   2 LB=-9999695.0000 UB=    -0.0000 x=[1]        menu cut 1/1 (V_menu=-21524.5871)
  [menu] it   3 LB=-9999695.0000 UB=    -0.0000 x=[2]        menu cut 1/1 (V_menu=-13360.6500)
  [menu] it   4 LB=-5065255.0000 UB=    -0.0000 x=[3]        menu cut 1/1 (V_menu=-175.8713)
  [menu] it   5 LB=-2215128.6440 UB=    -0.0000 x=[1, 2]     menu cut 1/1 (V_menu=-11777.8792)
  [orcl] it   6 LB=-21219.5871 UB=  -128.2723 x=[1]        Ω=  -626.4856 (600.1s) menu=2 (+belief, LP@x̄=-626.4707, gap -1.5e-02)
  [menu] it   7 LB=-20914.5871 UB=  -128.2723 x=[1, 3]     menu cut 1/2 (V_menu=-626.4707)
  [menu] it   8 LB=-13055.6500 UB=  -128.2723 x=[2]        menu cut 1/2 (V_menu=-7213.4930)
  [menu] it   9 LB=-11167.8792 UB=  -128.2723 x=[1, 2]     menu cut 1/2 (V_menu=-9579.9304)
  [orcl] it  10 LB= -8969.9304 UB=  -128.2723 x=[1, 2]     Ω= -1033.5840 (600.0s) menu=3 (+belief, LP@x̄=-1033.5803, gap -3.7e-03)
  [menu] it  11 LB= -6908.4930 UB=  -128.2723 x=[2]        menu cut 1/3 (V_menu=-1155.8253)
  [orcl] it  12 LB=  -850.8253 UB=  -233.0867 x=[2]        Ω=  -583.6247 (600.1s) menu=4 (+belief, LP@x̄=-583.6208, gap -3.8e-03)
  [menu] it  13 LB=  -423.5840 UB=  -233.0867 x=[1, 2]     menu cut 1/4 (V_menu=-1033.5803)
  [orcl] it  14 LB=  -423.5803 UB=  -233.0867 x=[1, 2]     Ω= -1033.5836 (1718.9s) menu=4
RESULT S=200 method=ALGG status=TimeLimit x={2} LB=-423.580340 UB=-233.086670 gap=8.17e-01 iters=15 global=5 local=- menu=4 t_LB=1880.0 time=3600.2
