== numerr_dump_inf
: 1345 rows, 707 columns, 5007 nonzeros
  ok_150.mps     rows   1345  inactive(|rhs|≥1e29)   496  status 2  Kappa 1.79e+07  KappaExact 2.77e+07  max|x| 3.97e+05
: 2017 rows, 707 columns, 7294 nonzeros
  ok_300.mps     rows   2017  inactive(|rhs|≥1e29)   822  status 2  Kappa 5.59e+06  KappaExact 1.69e+06  max|x| 3.89e+05
: 2484 rows, 707 columns, 8986 nonzeros
  ok_450.mps     rows   2484  inactive(|rhs|≥1e29)  1157  status 2  Kappa 6.20e+07  KappaExact 5.91e+07  max|x| 3.84e+05
: 2960 rows, 707 columns, 10711 nonzeros
  ok_600.mps     rows   2960  inactive(|rhs|≥1e29)  1299  status 2  Kappa 4.80e+07  KappaExact 9.23e+06  max|x| 4.05e+05
: 3539 rows, 707 columns, 12721 nonzeros
  ok_750.mps     rows   3539  inactive(|rhs|≥1e29)  1763  status 2  Kappa 2.57e+06  KappaExact 1.52e+06  max|x| 4.05e+05
: 3859 rows, 707 columns, 13901 nonzeros
  ok_900.mps     rows   3859  inactive(|rhs|≥1e29)  1952  status 2  Kappa 4.52e+07  KappaExact 3.51e+06  max|x| 3.91e+05
== numerr_dump_d01
: 1720 rows, 755 columns, 6636 nonzeros
  ok_150.mps     rows   1720  inactive(|rhs|≥1e29)   813  status 2  Kappa 6.32e+07  KappaExact 1.20e+07  max|x| 4.06e+05
: 2496 rows, 755 columns, 9564 nonzeros
  ok_300.mps     rows   2496  inactive(|rhs|≥1e29)   816  status 2  Kappa 1.49e+08  KappaExact 6.57e+07  max|x| 3.98e+05
: 3384 rows, 755 columns, 12931 nonzeros
  ok_450.mps     rows   3384  inactive(|rhs|≥1e29)  1470  status 2  Kappa 7.00e+08  KappaExact 2.74e+07  max|x| 4.07e+05
: 3942 rows, 755 columns, 15141 nonzeros
  ok_600.mps     rows   3942  inactive(|rhs|≥1e29)  1937  status 2  Kappa 3.69e+08  KappaExact 6.38e+07  max|x| 4.01e+05
: 574 rows, 575 columns, 1885 nonzeros
  ok_750.mps     rows    574  inactive(|rhs|≥1e29)     0  status 2  Kappa 2.26e+06  KappaExact 1.46e+06  max|x| 4.05e+05
: 5540 rows, 755 columns, 21205 nonzeros
  ok_900.mps     rows   5540  inactive(|rhs|≥1e29)  2755  status 2  Kappa 1.52e+08  KappaExact 2.88e+07  max|x| 3.99e+05
: 11028 rows, 755 columns, 42343 nonzeros
  numerr_1.mps   rows  11028  inactive(|rhs|≥1e29)  5323  status 2  Kappa 1.28e+12  KappaExact 1.38e+10  max|x| 3.99e+05
: 13017 rows, 755 columns, 50026 nonzeros
  numerr_2.mps   rows  13017  inactive(|rhs|≥1e29)  6306  status 2  Kappa 9.95e+12  KappaExact 2.67e+11  max|x| 4.02e+05
: 14357 rows, 755 columns, 55115 nonzeros
  numerr_3.mps   rows  14357  inactive(|rhs|≥1e29)  6611  status 2  Kappa 3.06e+19  KappaExact 1.59e+16  max|x| 4.01e+05
