: 11028 rows, 755 columns, 42343 nonzeros
==========================================================================================
numerr_1: 행 11028, 열 755, 결합 RLT 행 (rltc_*) 15, 결합 기본 행 7
  결합 RLT 행 중 정적 (w−Wα)·cpl ≥ 0: 15, 분리된 bound-factor 행: 0
Non-default parameters:
TimeLimit  0
Presolve  0
Model has 169 linear objective coefficients
Coefficient statistics:
  Matrix range     [2e-01, 6e+04]
  Objective range  [5e+00, 1e+05]
  Bounds range     [2e-01, 7e+04]
  RHS range        [2e-01, 1e+30]
Warning: Model contains large rhs
         Consider reformulating model or setting NumericFocus parameter
         to avoid numerical issues.
Concurrent LP optimizer: primal simplex, dual simplex, and barrier
Showing barrier log only...
Barrier performed 0 iterations in 0.01 seconds (0.00 work units)
Time limit reached
Stopped in 0 iterations and 0.01 seconds (0.00 work units)
Time limit reached
: 11028 rows, 755 columns, 42343 nonzeros
  (A) warm (저장 basis), dual simplex    → OPTIMAL   obj=0.738097  iter=115
: 11028 rows, 755 columns, 42343 nonzeros
  (A) cold, dual simplex                 → OPTIMAL   obj=0.738097  iter=842
: 11028 rows, 755 columns, 42343 nonzeros
  (A) cold, primal simplex               → OPTIMAL   obj=0.738097  iter=1002
: 11028 rows, 755 columns, 42343 nonzeros
  (A) cold, barrier                      → OPTIMAL   obj=0.738097  iter=842
: 11028 rows, 755 columns, 42343 nonzeros
  (A) warm, NumericFocus 3               → OPTIMAL   obj=0.738097  iter=127
: 11028 rows, 755 columns, 42343 nonzeros
  (C) Kappa=2.285e+12  KappaExact=1.328e+10
  (E) |값| 상위 변수: ρ01[2]=3.99e+05, ρ01[1]=1.28e+05, ζW[1,3]=6.77e+03, ζW[3,1]=4.51e+03, ζW[2,2]=3.04e+03, ζW[1,2]=1.09e+03, ζW[3,2]=1.01e+03, ϖ[2,3]=803
  (E) 결합 변수 48 개, max |값| = 33.2
: 11028 rows, 755 columns, 42343 nonzeros
  (D) 결합 RLT 행 15 개 제거, cold dual simplex → OPTIMAL obj=0.738097
: 11028 rows, 755 columns, 42343 nonzeros
  (D) 대조군: 이름 없는 다른 행 15 개 무작위 제거, cold dual simplex → OPTIMAL
: 13017 rows, 755 columns, 50026 nonzeros
==========================================================================================
numerr_2: 행 13017, 열 755, 결합 RLT 행 (rltc_*) 15, 결합 기본 행 7
  결합 RLT 행 중 정적 (w−Wα)·cpl ≥ 0: 15, 분리된 bound-factor 행: 0
Non-default parameters:
TimeLimit  0
Presolve  0
Model has 169 linear objective coefficients
Coefficient statistics:
  Matrix range     [2e-01, 6e+04]
  Objective range  [5e+00, 1e+05]
  Bounds range     [2e-01, 7e+04]
  RHS range        [2e-01, 1e+30]
Warning: Model contains large rhs
         Consider reformulating model or setting NumericFocus parameter
         to avoid numerical issues.
Concurrent LP optimizer: primal simplex, dual simplex, and barrier
Showing barrier log only...
Barrier performed 0 iterations in 0.01 seconds (0.00 work units)
Time limit reached
Stopped in 0 iterations and 0.01 seconds (0.00 work units)
Time limit reached
: 13017 rows, 755 columns, 50026 nonzeros
  (A) warm (저장 basis), dual simplex    → OPTIMAL   obj=0.15539  iter=37
: 13017 rows, 755 columns, 50026 nonzeros
  (A) cold, dual simplex                 → OPTIMAL   obj=0.15539  iter=900
: 13017 rows, 755 columns, 50026 nonzeros
  (A) cold, primal simplex               → OPTIMAL   obj=0.15539  iter=1071
: 13017 rows, 755 columns, 50026 nonzeros
  (A) cold, barrier                      → OPTIMAL   obj=0.15539  iter=900
: 13017 rows, 755 columns, 50026 nonzeros
  (A) warm, NumericFocus 3               → OPTIMAL   obj=0.15539  iter=42
: 13017 rows, 755 columns, 50026 nonzeros
  (C) Kappa=1.015e+13  KappaExact=2.672e+11
  (E) |값| 상위 변수: ρ01[2]=4.02e+05, ρ01[1]=1.11e+05, ζW[2,2]=1.94e+04, ρ01[3]=7.96e+03, ζW[1,2]=6.95e+03, ζW[3,2]=6.47e+03, ζW[1,3]=5.75e+03, ζW[3,3]=5.12e+03
  (E) 결합 변수 48 개, max |값| = 30
: 13017 rows, 755 columns, 50026 nonzeros
  (D) 결합 RLT 행 15 개 제거, cold dual simplex → OPTIMAL obj=0.15539
: 13017 rows, 755 columns, 50026 nonzeros
  (D) 대조군: 이름 없는 다른 행 15 개 무작위 제거, cold dual simplex → OPTIMAL
: 14357 rows, 755 columns, 55115 nonzeros
==========================================================================================
numerr_3: 행 14357, 열 755, 결합 RLT 행 (rltc_*) 15, 결합 기본 행 7
  결합 RLT 행 중 정적 (w−Wα)·cpl ≥ 0: 15, 분리된 bound-factor 행: 0
Non-default parameters:
TimeLimit  0
Presolve  0
Model has 169 linear objective coefficients
Coefficient statistics:
  Matrix range     [2e-01, 6e+04]
  Objective range  [5e+00, 1e+05]
  Bounds range     [2e-01, 7e+04]
  RHS range        [2e-01, 1e+30]
Warning: Model contains large rhs
         Consider reformulating model or setting NumericFocus parameter
         to avoid numerical issues.
Concurrent LP optimizer: primal simplex, dual simplex, and barrier
Showing barrier log only...
Barrier performed 0 iterations in 0.01 seconds (0.00 work units)
Time limit reached
Stopped in 0 iterations and 0.01 seconds (0.00 work units)
Time limit reached
: 14357 rows, 755 columns, 55115 nonzeros
  (A) warm (저장 basis), dual simplex    → OPTIMAL   obj=0.0121415  iter=315
: 14357 rows, 755 columns, 55115 nonzeros
  (A) cold, dual simplex                 → OPTIMAL   obj=0.0121415  iter=1062
: 14357 rows, 755 columns, 55115 nonzeros
  (A) cold, primal simplex               → OPTIMAL   obj=0.0121415  iter=815
: 14357 rows, 755 columns, 55115 nonzeros
  (A) cold, barrier                      → OPTIMAL   obj=0.0121415  iter=1062
: 14357 rows, 755 columns, 55115 nonzeros
  (A) warm, NumericFocus 3               → OPTIMAL   obj=0.0121415  iter=372
: 14357 rows, 755 columns, 55115 nonzeros
  (C) Kappa=9.938e+19  KappaExact=3.928e+16
  (E) |값| 상위 변수: ρ01[2]=4.01e+05, ρ01[1]=1.24e+05, ζW[2,2]=2.19e+04, ζW[1,2]=7.84e+03, ζW[3,2]=7.3e+03, ζW[3,1]=4.52e+03, ρ01[3]=1.43e+03, ϖ[2,2]=1.05e+03
  (E) 결합 변수 48 개, max |값| = 24.6
: 14357 rows, 755 columns, 55115 nonzeros
  (D) 결합 RLT 행 15 개 제거, cold dual simplex → OPTIMAL obj=0.0121415
: 14357 rows, 755 columns, 55115 nonzeros
  (D) 대조군: 이름 없는 다른 행 15 개 무작위 제거, cold dual simplex → OPTIMAL
