Set parameter Username
Set parameter LicenseID to value 2839433
Academic license - for non-commercial use only - expires 2027-06-29
====================================================================================================
pilot (Goyal §7.3 최소: d=15, A 2, B 후보 3, N_B=3)  ε̂=ε̃=0.30 β=0.40 δ=0.1  E TL/x=300s  ALG TL=3600s  workers=12
====================================================================================================

--- pooled seed=1 S=3: n_h=5, |X|=8, θᵁ=50.0 λᵁ=1000.0
  KKT 오류: ErrorException("KKT eval: TIME_LIMIT")
  E: x={1} 에서 오류 (306s) → 미해결, 이 seed 의 더 큰 S 는 E 생략
RESULT method=E res=pooled seed=1 S=3 nh=5 solved=false x=- value=NaN time=305.8
Set parameter Username
Set parameter LicenseID to value 2839433
Academic license - for non-commercial use only - expires 2027-06-29
Set parameter Username
Set parameter LicenseID to value 2839433
Academic license - for non-commercial use only - expires 2027-06-29
Set parameter Username
Set parameter LicenseID to value 2839433
Academic license - for non-commercial use only - expires 2027-06-29
Set parameter Username
Set parameter LicenseID to value 2839433
Academic license - for non-commercial use only - expires 2027-06-29
Set parameter Username
Set parameter LicenseID to value 2839433
Academic license - for non-commercial use only - expires 2027-06-29
Set parameter Username
Set parameter LicenseID to value 2839433
Academic license - for non-commercial use only - expires 2027-06-29
Set parameter Username
Set parameter LicenseID to value 2839433
Academic license - for non-commercial use only - expires 2027-06-29
Set parameter Username
Set parameter LicenseID to value 2839433
Academic license - for non-commercial use only - expires 2027-06-29
Set parameter Username
Set parameter LicenseID to value 2839433
Academic license - for non-commercial use only - expires 2027-06-29
Set parameter Username
Set parameter LicenseID to value 2839433
Academic license - for non-commercial use only - expires 2027-06-29
Set parameter Username
Set parameter LicenseID to value 2839433
Academic license - for non-commercial use only - expires 2027-06-29
Set parameter Username
Set parameter LicenseID to value 2839433
Academic license - for non-commercial use only - expires 2027-06-29
Set parameter Username
Set parameter LicenseID to value 2839433
Academic license - for non-commercial use only - expires 2027-06-29

******************************************************************************
This program contains Ipopt, a library for large-scale nonlinear optimization.
 Ipopt is released as open source code under the Eclipse Public License (EPL).
         For more information visit https://github.com/coin-or/Ipopt
******************************************************************************

RESULT method=ALG res=pooled seed=1 S=3 nh=5 status=Optimal x={1} LB=-116.500001 UB=-116.500000 gap=7.44e-09 iters=11 oracle=3 menu=2 time=16.3

--- pooled seed=1 S=5: n_h=5, |X|=8, θᵁ=50.0 λᵁ=1000.0
  E: 작은 S 에서 시간 제한 → 건너뜀
RESULT method=ALG res=pooled seed=1 S=5 nh=5 status=Optimal x={1} LB=-126.666668 UB=-126.666551 gap=9.20e-07 iters=9 oracle=3 menu=2 time=19.1

--- pooled seed=1 S=10: n_h=5, |X|=8, θᵁ=50.0 λᵁ=1000.0
  E: 작은 S 에서 시간 제한 → 건너뜀
RESULT method=ALG res=pooled seed=1 S=10 nh=5 status=Optimal x={} LB=-0.000000 UB=0.000000 gap=9.94e-10 iters=14 oracle=5 menu=4 time=5.4

--- pooled seed=2 S=3: n_h=5, |X|=8, θᵁ=50.0 λᵁ=1000.0
  KKT 오류: ErrorException("KKT eval: TIME_LIMIT")
  E: x={1} 에서 오류 (301s) → 미해결, 이 seed 의 더 큰 S 는 E 생략
RESULT method=E res=pooled seed=2 S=3 nh=5 solved=false x=- value=NaN time=300.9
RESULT method=ALG res=pooled seed=2 S=3 nh=5 status=Optimal x={3} LB=-1798.000003 UB=-1798.000000 gap=1.42e-09 iters=11 oracle=2 menu=2 time=3.1

--- pooled seed=2 S=5: n_h=5, |X|=8, θᵁ=50.0 λᵁ=1000.0
  E: 작은 S 에서 시간 제한 → 건너뜀
RESULT method=ALG res=pooled seed=2 S=5 nh=5 status=Optimal x={3} LB=-1835.000003 UB=-1835.000000 gap=1.41e-09 iters=11 oracle=2 menu=2 time=0.9

--- pooled seed=2 S=10: n_h=5, |X|=8, θᵁ=50.0 λᵁ=1000.0
  E: 작은 S 에서 시간 제한 → 건너뜀
RESULT method=ALG res=pooled seed=2 S=10 nh=5 status=Optimal x={3} LB=-1517.666669 UB=-1517.666667 gap=1.49e-09 iters=14 oracle=5 menu=4 time=16.6

--- pair seed=1 S=3: n_h=50, |X|=8, θᵁ=50.0 λᵁ=1000.0
  KKT 오류: ErrorException("KKT eval: TIME_LIMIT")
  E: x={} 에서 오류 (300s) → 미해결, 이 seed 의 더 큰 S 는 E 생략
RESULT method=E res=pair seed=1 S=3 nh=50 solved=false x=- value=NaN time=300.0

[331431] signal 15: Terminated
in expression starting at /home/swkim/robust_bilevel_network_games/nonzero_sum/pilot_loc_random.jl:59
unknown function (ip: 0x7664e46ac800) at /usr/lib/x86_64-linux-gnu/libc.so.6
unknown function (ip: 0x7664e46a030b) at /usr/lib/x86_64-linux-gnu/libc.so.6
unknown function (ip: 0x7664e46a06e6) at /usr/lib/x86_64-linux-gnu/libc.so.6
pthread_cond_wait at /usr/lib/x86_64-linux-gnu/libc.so.6 (unknown line)
uv_cond_wait at /workspace/srcdir/libuv/src/unix/thread.c:822
jl_parallel_gc_threadfun at /cache/build/builder-amdci4-8/julialang/julia-ci/src/gc-stock.c:3729
unknown function (ip: 0x7664e46a3df9) at /usr/lib/x86_64-linux-gnu/libc.so.6
unknown function (ip: 0x7664e47375cb) at /usr/lib/x86_64-linux-gnu/libc.so.6
unknown function (ip: (nil)) at (unknown file)
unknown function (ip: 0x7664e46ac800) at /usr/lib/x86_64-linux-gnu/libc.so.6
unknown function (ip: 0x7664e46a030b) at /usr/lib/x86_64-linux-gnu/libc.so.6
unknown function (ip: 0x7664e46a06e6) at /usr/lib/x86_64-linux-gnu/libc.so.6
pthread_cond_wait at /usr/lib/x86_64-linux-gnu/libc.so.6 (unknown line)
uv_cond_wait at /workspace/srcdir/libuv/src/unix/thread.c:822
jl_parallel_gc_threadfun at /cache/build/builder-amdci4-8/julialang/julia-ci/src/gc-stock.c:3729
unknown function (ip: 0x7664e46a3df9) at /usr/lib/x86_64-linux-gnu/libc.so.6
unknown function (ip: 0x7664e47375cb) at /usr/lib/x86_64-linux-gnu/libc.so.6
unknown function (ip: (nil)) at (unknown file)
unknown function (ip: 0x7664e46ac800) at /usr/lib/x86_64-linux-gnu/libc.so.6
unknown function (ip: 0x7664e46a030b) at /usr/lib/x86_64-linux-gnu/libc.so.6
unknown function (ip: 0x7664e46a06e6) at /usr/lib/x86_64-linux-gnu/libc.so.6
pthread_cond_wait at /usr/lib/x86_64-linux-gnu/libc.so.6 (unknown line)
uv_cond_wait at /workspace/srcdir/libuv/src/unix/thread.c:822
jl_parallel_gc_threadfun at /cache/build/builder-amdci4-8/julialang/julia-ci/src/gc-stock.c:3729
unknown function (ip: 0x7664e46a3df9) at /usr/lib/x86_64-linux-gnu/libc.so.6
unknown function (ip: 0x7664e47375cb) at /usr/lib/x86_64-linux-gnu/libc.so.6
unknown function (ip: (nil)) at (unknown file)
unknown function (ip: 0x7664e46ac800) at /usr/lib/x86_64-linux-gnu/libc.so.6
unknown function (ip: 0x7664e46a030b) at /usr/lib/x86_64-linux-gnu/libc.so.6
unknown function (ip: 0x7664e46a06e6) at /usr/lib/x86_64-linux-gnu/libc.so.6
pthread_cond_wait at /usr/lib/x86_64-linux-gnu/libc.so.6 (unknown line)
uv_cond_wait at /workspace/srcdir/libuv/src/unix/thread.c:822
jl_parallel_gc_threadfun at /cache/build/builder-amdci4-8/julialang/julia-ci/src/gc-stock.c:3729
unknown function (ip: 0x7664e46a3df9) at /usr/lib/x86_64-linux-gnu/libc.so.6
unknown function (ip: 0x7664e47375cb) at /usr/lib/x86_64-linux-gnu/libc.so.6
unknown function (ip: (nil)) at (unknown file)
unknown function (ip: 0x7664e46ac800) at /usr/lib/x86_64-linux-gnu/libc.so.6
unknown function (ip: 0x7664e46a030b) at /usr/lib/x86_64-linux-gnu/libc.so.6
unknown function (ip: 0x7664e46a06e6) at /usr/lib/x86_64-linux-gnu/libc.so.6
pthread_cond_wait at /usr/lib/x86_64-linux-gnu/libc.so.6 (unknown line)
uv_cond_wait at /workspace/srcdir/libuv/src/unix/thread.c:822
jl_parallel_gc_threadfun at /cache/build/builder-amdci4-8/julialang/julia-ci/src/gc-stock.c:3729
unknown function (ip: 0x7664e46a3df9) at /usr/lib/x86_64-linux-gnu/libc.so.6
unknown function (ip: 0x7664e47375cb) at /usr/lib/x86_64-linux-gnu/libc.so.6
unknown function (ip: (nil)) at (unknown file)
unknown function (ip: 0x7664e46ac800) at /usr/lib/x86_64-linux-gnu/libc.so.6
unknown function (ip: 0x7664e46a030b) at /usr/lib/x86_64-linux-gnu/libc.so.6
unknown function (ip: 0x7664e46a06e6) at /usr/lib/x86_64-linux-gnu/libc.so.6
pthread_cond_wait at /usr/lib/x86_64-linux-gnu/libc.so.6 (unknown line)
uv_cond_wait at /workspace/srcdir/libuv/src/unix/thread.c:822
jl_parallel_gc_threadfun at /cache/build/builder-amdci4-8/julialang/julia-ci/src/gc-stock.c:3729
unknown function (ip: 0x7664e46a3df9) at /usr/lib/x86_64-linux-gnu/libc.so.6
unknown function (ip: 0x7664e47375cb) at /usr/lib/x86_64-linux-gnu/libc.so.6
unknown function (ip: (nil)) at (unknown file)
unknown function (ip: 0x7664e46ac800) at /usr/lib/x86_64-linux-gnu/libc.so.6
unknown function (ip: 0x7664e46a030b) at /usr/lib/x86_64-linux-gnu/libc.so.6
unknown function (ip: 0x7664e46a06e6) at /usr/lib/x86_64-linux-gnu/libc.so.6
pthread_cond_wait at /usr/lib/x86_64-linux-gnu/libc.so.6 (unknown line)
uv_cond_wait at /workspace/srcdir/libuv/src/unix/thread.c:822
jl_parallel_gc_threadfun at /cache/build/builder-amdci4-8/julialang/julia-ci/src/gc-stock.c:3729
unknown function (ip: 0x7664e46a3df9) at /usr/lib/x86_64-linux-gnu/libc.so.6
unknown function (ip: 0x7664e47375cb) at /usr/lib/x86_64-linux-gnu/libc.so.6
unknown function (ip: (nil)) at (unknown file)
unknown function (ip: 0x7664e46ac800) at /usr/lib/x86_64-linux-gnu/libc.so.6
unknown function (ip: 0x7664e46a030b) at /usr/lib/x86_64-linux-gnu/libc.so.6
unknown function (ip: 0x7664e46a06e6) at /usr/lib/x86_64-linux-gnu/libc.so.6
pthread_cond_wait at /usr/lib/x86_64-linux-gnu/libc.so.6 (unknown line)
uv_cond_wait at /workspace/srcdir/libuv/src/unix/thread.c:822
jl_parallel_gc_threadfun at /cache/build/builder-amdci4-8/julialang/julia-ci/src/gc-stock.c:3729
unknown function (ip: 0x7664e46a3df9) at /usr/lib/x86_64-linux-gnu/libc.so.6
unknown function (ip: 0x7664e47375cb) at /usr/lib/x86_64-linux-gnu/libc.so.6
unknown function (ip: (nil)) at (unknown file)
unknown function (ip: 0x7664e46ac800) at /usr/lib/x86_64-linux-gnu/libc.so.6
unknown function (ip: 0x7664e46a030b) at /usr/lib/x86_64-linux-gnu/libc.so.6
unknown function (ip: 0x7664e46a06e6) at /usr/lib/x86_64-linux-gnu/libc.so.6
pthread_cond_wait at /usr/lib/x86_64-linux-gnu/libc.so.6 (unknown line)
uv_cond_wait at /workspace/srcdir/libuv/src/unix/thread.c:822
jl_parallel_gc_threadfun at /cache/build/builder-amdci4-8/julialang/julia-ci/src/gc-stock.c:3729
unknown function (ip: 0x7664e46a3df9) at /usr/lib/x86_64-linux-gnu/libc.so.6
unknown function (ip: 0x7664e47375cb) at /usr/lib/x86_64-linux-gnu/libc.so.6
unknown function (ip: (nil)) at (unknown file)
unknown function (ip: 0x7664e46ac800) at /usr/lib/x86_64-linux-gnu/libc.so.6
unknown function (ip: 0x7664e46a030b) at /usr/lib/x86_64-linux-gnu/libc.so.6
unknown function (ip: 0x7664e46a06e6) at /usr/lib/x86_64-linux-gnu/libc.so.6
pthread_cond_wait at /usr/lib/x86_64-linux-gnu/libc.so.6 (unknown line)
uv_cond_wait at /workspace/srcdir/libuv/src/unix/thread.c:822
jl_parallel_gc_threadfun at /cache/build/builder-amdci4-8/julialang/julia-ci/src/gc-stock.c:3729
unknown function (ip: 0x7664e46a3df9) at /usr/lib/x86_64-linux-gnu/libc.so.6
unknown function (ip: 0x7664e47375cb) at /usr/lib/x86_64-linux-gnu/libc.so.6
unknown function (ip: (nil)) at (unknown file)
unknown function (ip: 0x7664e46ac800) at /usr/lib/x86_64-linux-gnu/libc.so.6
unknown function (ip: 0x7664e46a030b) at /usr/lib/x86_64-linux-gnu/libc.so.6
unknown function (ip: 0x7664e46a06e6) at /usr/lib/x86_64-linux-gnu/libc.so.6
pthread_cond_wait at /usr/lib/x86_64-linux-gnu/libc.so.6 (unknown line)
uv_cond_wait at /workspace/srcdir/libuv/src/unix/thread.c:822
jl_parallel_gc_threadfun at /cache/build/builder-amdci4-8/julialang/julia-ci/src/gc-stock.c:3729
unknown function (ip: 0x7664e46a3df9) at /usr/lib/x86_64-linux-gnu/libc.so.6
unknown function (ip: 0x7664e47375cb) at /usr/lib/x86_64-linux-gnu/libc.so.6
unknown function (ip: (nil)) at (unknown file)
unknown function (ip: 0x7664e46ac800) at /usr/lib/x86_64-linux-gnu/libc.so.6
unknown function (ip: 0x7664e46a030b) at /usr/lib/x86_64-linux-gnu/libc.so.6
unknown function (ip: 0x7664e46a06e6) at /usr/lib/x86_64-linux-gnu/libc.so.6
pthread_cond_wait at /usr/lib/x86_64-linux-gnu/libc.so.6 (unknown line)
uv_cond_wait at /workspace/srcdir/libuv/src/unix/thread.c:822
jl_parallel_gc_threadfun at /cache/build/builder-amdci4-8/julialang/julia-ci/src/gc-stock.c:3729
unknown function (ip: 0x7664e46a3df9) at /usr/lib/x86_64-linux-gnu/libc.so.6
unknown function (ip: 0x7664e47375cb) at /usr/lib/x86_64-linux-gnu/libc.so.6
unknown function (ip: (nil)) at (unknown file)
unknown function (ip: 0x7664e46ac800) at /usr/lib/x86_64-linux-gnu/libc.so.6
unknown function (ip: 0x7664e46a030b) at /usr/lib/x86_64-linux-gnu/libc.so.6
unknown function (ip: 0x7664e46a06e6) at /usr/lib/x86_64-linux-gnu/libc.so.6
pthread_cond_wait at /usr/lib/x86_64-linux-gnu/libc.so.6 (unknown line)
uv_cond_wait at /workspace/srcdir/libuv/src/unix/thread.c:822
jl_parallel_gc_threadfun at /cache/build/builder-amdci4-8/julialang/julia-ci/src/gc-stock.c:3729
unknown function (ip: 0x7664e46a3df9) at /usr/lib/x86_64-linux-gnu/libc.so.6
unknown function (ip: 0x7664e47375cb) at /usr/lib/x86_64-linux-gnu/libc.so.6
unknown function (ip: (nil)) at (unknown file)
PRIVATE00000000001bae9c at /home/swkim/.julia/artifacts/1b5c4a597631092283e0c71596b2f708afc5054b/gurobi1303/linux64/lib/libgurobi130.so (unknown line)
PRIVATE000000000001ca57 at /home/swkim/.julia/artifacts/1b5c4a597631092283e0c71596b2f708afc5054b/gurobi1303/linux64/lib/libgurobi130.so (unknown line)
PRIVATE000000000006268b at /home/swkim/.julia/artifacts/1b5c4a597631092283e0c71596b2f708afc5054b/gurobi1303/linux64/lib/libgurobi130.so (unknown line)
PRIVATE00000000000cda5b at /home/swkim/.julia/artifacts/1b5c4a597631092283e0c71596b2f708afc5054b/gurobi1303/linux64/lib/libgurobi130.so (unknown line)
PRIVATE00000000000c3d0d at /home/swkim/.julia/artifacts/1b5c4a597631092283e0c71596b2f708afc5054b/gurobi1303/linux64/lib/libgurobi130.so (unknown line)
PRIVATE0000000000c23877 at /home/swkim/.julia/artifacts/1b5c4a597631092283e0c71596b2f708afc5054b/gurobi1303/linux64/lib/libgurobi130.so (unknown line)
PRIVATE00000000009828a1 at /home/swkim/.julia/artifacts/1b5c4a597631092283e0c71596b2f708afc5054b/gurobi1303/linux64/lib/libgurobi130.so (unknown line)
GRBoptimize at /home/swkim/.julia/artifacts/1b5c4a597631092283e0c71596b2f708afc5054b/gurobi1303/linux64/lib/libgurobi130.so (unknown line)
GRBoptimize at /home/swkim/.julia/packages/Gurobi/hs8RH/src/gen130/libgrb_api.jl:374 [inlined]
#49 at /home/swkim/.julia/packages/Gurobi/hs8RH/src/MOI_wrapper/MOI_wrapper.jl:2820 [inlined]
disable_sigint at ./c.jl:167 [inlined]
optimize! at /home/swkim/.julia/packages/Gurobi/hs8RH/src/MOI_wrapper/MOI_wrapper.jl:2819
optimize! at /home/swkim/.julia/packages/MathOptInterface/lY2WB/src/Bridges/bridge_optimizer.jl:367 [inlined]
optimize! at /home/swkim/.julia/packages/MathOptInterface/lY2WB/src/Utilities/cachingoptimizer.jl:379
unknown function (ip: 0x76644c1a94e2) at (unknown file)
#optimize!#96 at /home/swkim/.julia/packages/JuMP/insRt/src/optimizer_interface.jl:633
optimize! at /home/swkim/.julia/packages/JuMP/insRt/src/optimizer_interface.jl:569 [inlined]
_nz_solve_lp! at /home/swkim/robust_bilevel_network_games/nonzero_sum/nz_alpha_bnb.jl:195
#_nz_sep_solve!#464 at /home/swkim/robust_bilevel_network_games/nonzero_sum/nz_alpha_bnb.jl:233
_nz_sep_solve! at /home/swkim/robust_bilevel_network_games/nonzero_sum/nz_alpha_bnb.jl:230 [inlined]
worker at /home/swkim/robust_bilevel_network_games/nonzero_sum/nz_alpha_bnb.jl:422
#512 at /home/swkim/robust_bilevel_network_games/nonzero_sum/nz_alpha_bnb.jl:524
unknown function (ip: 0x76641295b373) at (unknown file)
jl_apply at /cache/build/builder-amdci4-8/julialang/julia-ci/src/julia.h:2318 [inlined]
start_task at /cache/build/builder-amdci4-8/julialang/julia-ci/src/task.c:1285
unknown function (ip: (nil)) at (unknown file)
ht_keyindex at ./dict.jl:251 [inlined]
get at ./dict.jl:527 [inlined]
getindex at /home/swkim/.julia/packages/MathOptInterface/lY2WB/src/Utilities/DoubleDicts.jl:190 [inlined]
getindex at /home/swkim/.julia/packages/MathOptInterface/lY2WB/src/Utilities/DoubleDicts.jl:183
getindex at /home/swkim/.julia/packages/MathOptInterface/lY2WB/src/Utilities/copy/index_map.jl:67 [inlined]
_replace_constraint_function_or_set at /home/swkim/.julia/packages/MathOptInterface/lY2WB/src/Utilities/cachingoptimizer.jl:615
set at /home/swkim/.julia/packages/MathOptInterface/lY2WB/src/Utilities/cachingoptimizer.jl:644
unknown function (ip: 0x7664129c158d) at (unknown file)
set at /home/swkim/.julia/packages/JuMP/insRt/src/optimizer_interface.jl:1352
set_normalized_rhs at /home/swkim/.julia/packages/JuMP/insRt/src/constraints.jl:1085
unknown function (ip: 0x7664129c1294) at (unknown file)
_nz_sep_set_box! at /home/swkim/robust_bilevel_network_games/nonzero_sum/nz_alpha_bnb.jl:149
worker at /home/swkim/robust_bilevel_network_games/nonzero_sum/nz_alpha_bnb.jl:420
#512 at /home/swkim/robust_bilevel_network_games/nonzero_sum/nz_alpha_bnb.jl:524
unknown function (ip: 0x76641295b373) at (unknown file)
jl_apply at /cache/build/builder-amdci4-8/julialang/julia-ci/src/julia.h:2318 [inlined]
start_task at /cache/build/builder-amdci4-8/julialang/julia-ci/src/task.c:1285
unknown function (ip: (nil)) at (unknown file)
PRIVATE000000000021574d at /home/swkim/.julia/artifacts/1b5c4a597631092283e0c71596b2f708afc5054b/gurobi1303/linux64/lib/libgurobi130.so (unknown line)
PRIVATE000000000009d112 at /home/swkim/.julia/artifacts/1b5c4a597631092283e0c71596b2f708afc5054b/gurobi1303/linux64/lib/libgurobi130.so (unknown line)
PRIVATE000000000008b473 at /home/swkim/.julia/artifacts/1b5c4a597631092283e0c71596b2f708afc5054b/gurobi1303/linux64/lib/libgurobi130.so (unknown line)
PRIVATE0000000000028c93 at /home/swkim/.julia/artifacts/1b5c4a597631092283e0c71596b2f708afc5054b/gurobi1303/linux64/lib/libgurobi130.so (unknown line)
PRIVATE000000000006268b at /home/swkim/.julia/artifacts/1b5c4a597631092283e0c71596b2f708afc5054b/gurobi1303/linux64/lib/libgurobi130.so (unknown line)
PRIVATE00000000000cda5b at /home/swkim/.julia/artifacts/1b5c4a597631092283e0c71596b2f708afc5054b/gurobi1303/linux64/lib/libgurobi130.so (unknown line)
PRIVATE00000000000c3d0d at /home/swkim/.julia/artifacts/1b5c4a597631092283e0c71596b2f708afc5054b/gurobi1303/linux64/lib/libgurobi130.so (unknown line)
PRIVATE0000000000c23877 at /home/swkim/.julia/artifacts/1b5c4a597631092283e0c71596b2f708afc5054b/gurobi1303/linux64/lib/libgurobi130.so (unknown line)
PRIVATE00000000009828a1 at /home/swkim/.julia/artifacts/1b5c4a597631092283e0c71596b2f708afc5054b/gurobi1303/linux64/lib/libgurobi130.so (unknown line)
GRBoptimize at /home/swkim/.julia/artifacts/1b5c4a597631092283e0c71596b2f708afc5054b/gurobi1303/linux64/lib/libgurobi130.so (unknown line)
GRBoptimize at /home/swkim/.julia/packages/Gurobi/hs8RH/src/gen130/libgrb_api.jl:374 [inlined]
#49 at /home/swkim/.julia/packages/Gurobi/hs8RH/src/MOI_wrapper/MOI_wrapper.jl:2820 [inlined]
disable_sigint at ./c.jl:167 [inlined]
optimize! at /home/swkim/.julia/packages/Gurobi/hs8RH/src/MOI_wrapper/MOI_wrapper.jl:2819
optimize! at /home/swkim/.julia/packages/MathOptInterface/lY2WB/src/Bridges/bridge_optimizer.jl:367 [inlined]
optimize! at /home/swkim/.julia/packages/MathOptInterface/lY2WB/src/Utilities/cachingoptimizer.jl:379
unknown function (ip: 0x76644c1a94e2) at (unknown file)
#optimize!#96 at /home/swkim/.julia/packages/JuMP/insRt/src/optimizer_interface.jl:633
optimize! at /home/swkim/.julia/packages/JuMP/insRt/src/optimizer_interface.jl:569 [inlined]
_nz_solve_lp! at /home/swkim/robust_bilevel_network_games/nonzero_sum/nz_alpha_bnb.jl:195
#_nz_sep_solve!#464 at /home/swkim/robust_bilevel_network_games/nonzero_sum/nz_alpha_bnb.jl:233
_nz_sep_solve! at /home/swkim/robust_bilevel_network_games/nonzero_sum/nz_alpha_bnb.jl:230 [inlined]
worker at /home/swkim/robust_bilevel_network_games/nonzero_sum/nz_alpha_bnb.jl:422
#512 at /home/swkim/robust_bilevel_network_games/nonzero_sum/nz_alpha_bnb.jl:524
unknown function (ip: 0x76641295b373) at (unknown file)
jl_apply at /cache/build/builder-amdci4-8/julialang/julia-ci/src/julia.h:2318 [inlined]
start_task at /cache/build/builder-amdci4-8/julialang/julia-ci/src/task.c:1285
unknown function (ip: (nil)) at (unknown file)
PRIVATE000000000021574d at /home/swkim/.julia/artifacts/1b5c4a597631092283e0c71596b2f708afc5054b/gurobi1303/linux64/lib/libgurobi130.so (unknown line)
PRIVATE000000000009d112 at /home/swkim/.julia/artifacts/1b5c4a597631092283e0c71596b2f708afc5054b/gurobi1303/linux64/lib/libgurobi130.so (unknown line)
PRIVATE000000000008b473 at /home/swkim/.julia/artifacts/1b5c4a597631092283e0c71596b2f708afc5054b/gurobi1303/linux64/lib/libgurobi130.so (unknown line)
PRIVATE0000000000028c93 at /home/swkim/.julia/artifacts/1b5c4a597631092283e0c71596b2f708afc5054b/gurobi1303/linux64/lib/libgurobi130.so (unknown line)
PRIVATE000000000006268b at /home/swkim/.julia/artifacts/1b5c4a597631092283e0c71596b2f708afc5054b/gurobi1303/linux64/lib/libgurobi130.so (unknown line)
PRIVATE00000000000cda5b at /home/swkim/.julia/artifacts/1b5c4a597631092283e0c71596b2f708afc5054b/gurobi1303/linux64/lib/libgurobi130.so (unknown line)
PRIVATE00000000000c3d0d at /home/swkim/.julia/artifacts/1b5c4a597631092283e0c71596b2f708afc5054b/gurobi1303/linux64/lib/libgurobi130.so (unknown line)
PRIVATE0000000000c23877 at /home/swkim/.julia/artifacts/1b5c4a597631092283e0c71596b2f708afc5054b/gurobi1303/linux64/lib/libgurobi130.so (unknown line)
PRIVATE00000000009828a1 at /home/swkim/.julia/artifacts/1b5c4a597631092283e0c71596b2f708afc5054b/gurobi1303/linux64/lib/libgurobi130.so (unknown line)
GRBoptimize at /home/swkim/.julia/artifacts/1b5c4a597631092283e0c71596b2f708afc5054b/gurobi1303/linux64/lib/libgurobi130.so (unknown line)
GRBoptimize at /home/swkim/.julia/packages/Gurobi/hs8RH/src/gen130/libgrb_api.jl:374 [inlined]
#49 at /home/swkim/.julia/packages/Gurobi/hs8RH/src/MOI_wrapper/MOI_wrapper.jl:2820 [inlined]
disable_sigint at ./c.jl:167 [inlined]
optimize! at /home/swkim/.julia/packages/Gurobi/hs8RH/src/MOI_wrapper/MOI_wrapper.jl:2819
optimize! at /home/swkim/.julia/packages/MathOptInterface/lY2WB/src/Bridges/bridge_optimizer.jl:367 [inlined]
optimize! at /home/swkim/.julia/packages/MathOptInterface/lY2WB/src/Utilities/cachingoptimizer.jl:379
unknown function (ip: 0x76644c1a94e2) at (unknown file)
#optimize!#96 at /home/swkim/.julia/packages/JuMP/insRt/src/optimizer_interface.jl:633
optimize! at /home/swkim/.julia/packages/JuMP/insRt/src/optimizer_interface.jl:569 [inlined]
_nz_solve_lp! at /home/swkim/robust_bilevel_network_games/nonzero_sum/nz_alpha_bnb.jl:195
#_nz_sep_solve!#464 at /home/swkim/robust_bilevel_network_games/nonzero_sum/nz_alpha_bnb.jl:233
_nz_sep_solve! at /home/swkim/robust_bilevel_network_games/nonzero_sum/nz_alpha_bnb.jl:230 [inlined]
worker at /home/swkim/robust_bilevel_network_games/nonzero_sum/nz_alpha_bnb.jl:422
#512 at /home/swkim/robust_bilevel_network_games/nonzero_sum/nz_alpha_bnb.jl:524
unknown function (ip: 0x76641295b373) at (unknown file)
jl_apply at /cache/build/builder-amdci4-8/julialang/julia-ci/src/julia.h:2318 [inlined]
start_task at /cache/build/builder-amdci4-8/julialang/julia-ci/src/task.c:1285
unknown function (ip: (nil)) at (unknown file)
PRIVATE0000000000036ade at /home/swkim/.julia/artifacts/1b5c4a597631092283e0c71596b2f708afc5054b/gurobi1303/linux64/lib/libgurobi130.so (unknown line)
PRIVATE000000000005b257 at /home/swkim/.julia/artifacts/1b5c4a597631092283e0c71596b2f708afc5054b/gurobi1303/linux64/lib/libgurobi130.so (unknown line)
PRIVATE000000000006268b at /home/swkim/.julia/artifacts/1b5c4a597631092283e0c71596b2f708afc5054b/gurobi1303/linux64/lib/libgurobi130.so (unknown line)
PRIVATE00000000000cda5b at /home/swkim/.julia/artifacts/1b5c4a597631092283e0c71596b2f708afc5054b/gurobi1303/linux64/lib/libgurobi130.so (unknown line)
PRIVATE00000000000c3d0d at /home/swkim/.julia/artifacts/1b5c4a597631092283e0c71596b2f708afc5054b/gurobi1303/linux64/lib/libgurobi130.so (unknown line)
PRIVATE0000000000c23877 at /home/swkim/.julia/artifacts/1b5c4a597631092283e0c71596b2f708afc5054b/gurobi1303/linux64/lib/libgurobi130.so (unknown line)
PRIVATE00000000009828a1 at /home/swkim/.julia/artifacts/1b5c4a597631092283e0c71596b2f708afc5054b/gurobi1303/linux64/lib/libgurobi130.so (unknown line)
GRBoptimize at /home/swkim/.julia/artifacts/1b5c4a597631092283e0c71596b2f708afc5054b/gurobi1303/linux64/lib/libgurobi130.so (unknown line)
GRBoptimize at /home/swkim/.julia/packages/Gurobi/hs8RH/src/gen130/libgrb_api.jl:374 [inlined]
#49 at /home/swkim/.julia/packages/Gurobi/hs8RH/src/MOI_wrapper/MOI_wrapper.jl:2820 [inlined]
disable_sigint at ./c.jl:167 [inlined]
optimize! at /home/swkim/.julia/packages/Gurobi/hs8RH/src/MOI_wrapper/MOI_wrapper.jl:2819
optimize! at /home/swkim/.julia/packages/MathOptInterface/lY2WB/src/Bridges/bridge_optimizer.jl:367 [inlined]
optimize! at /home/swkim/.julia/packages/MathOptInterface/lY2WB/src/Utilities/cachingoptimizer.jl:379
unknown function (ip: 0x76644c1a94e2) at (unknown file)
#optimize!#96 at /home/swkim/.julia/packages/JuMP/insRt/src/optimizer_interface.jl:633
optimize! at /home/swkim/.julia/packages/JuMP/insRt/src/optimizer_interface.jl:569 [inlined]
_nz_solve_lp! at /home/swkim/robust_bilevel_network_games/nonzero_sum/nz_alpha_bnb.jl:195
#_nz_sep_solve!#464 at /home/swkim/robust_bilevel_network_games/nonzero_sum/nz_alpha_bnb.jl:233
_nz_sep_solve! at /home/swkim/robust_bilevel_network_games/nonzero_sum/nz_alpha_bnb.jl:230 [inlined]
worker at /home/swkim/robust_bilevel_network_games/nonzero_sum/nz_alpha_bnb.jl:422
#512 at /home/swkim/robust_bilevel_network_games/nonzero_sum/nz_alpha_bnb.jl:524
unknown function (ip: 0x76641295b373) at (unknown file)
jl_apply at /cache/build/builder-amdci4-8/julialang/julia-ci/src/julia.h:2318 [inlined]
start_task at /cache/build/builder-amdci4-8/julialang/julia-ci/src/task.c:1285
unknown function (ip: (nil)) at (unknown file)
PRIVATE000000000021686f at /home/swkim/.julia/artifacts/1b5c4a597631092283e0c71596b2f708afc5054b/gurobi1303/linux64/lib/libgurobi130.so (unknown line)
PRIVATE000000000009d112 at /home/swkim/.julia/artifacts/1b5c4a597631092283e0c71596b2f708afc5054b/gurobi1303/linux64/lib/libgurobi130.so (unknown line)
PRIVATE000000000008b473 at /home/swkim/.julia/artifacts/1b5c4a597631092283e0c71596b2f708afc5054b/gurobi1303/linux64/lib/libgurobi130.so (unknown line)
PRIVATE0000000000028c93 at /home/swkim/.julia/artifacts/1b5c4a597631092283e0c71596b2f708afc5054b/gurobi1303/linux64/lib/libgurobi130.so (unknown line)
PRIVATE000000000006268b at /home/swkim/.julia/artifacts/1b5c4a597631092283e0c71596b2f708afc5054b/gurobi1303/linux64/lib/libgurobi130.so (unknown line)
PRIVATE00000000000cda5b at /home/swkim/.julia/artifacts/1b5c4a597631092283e0c71596b2f708afc5054b/gurobi1303/linux64/lib/libgurobi130.so (unknown line)
PRIVATE00000000000c3d0d at /home/swkim/.julia/artifacts/1b5c4a597631092283e0c71596b2f708afc5054b/gurobi1303/linux64/lib/libgurobi130.so (unknown line)
PRIVATE0000000000c23877 at /home/swkim/.julia/artifacts/1b5c4a597631092283e0c71596b2f708afc5054b/gurobi1303/linux64/lib/libgurobi130.so (unknown line)
PRIVATE00000000009828a1 at /home/swkim/.julia/artifacts/1b5c4a597631092283e0c71596b2f708afc5054b/gurobi1303/linux64/lib/libgurobi130.so (unknown line)
GRBoptimize at /home/swkim/.julia/artifacts/1b5c4a597631092283e0c71596b2f708afc5054b/gurobi1303/linux64/lib/libgurobi130.so (unknown line)
GRBoptimize at /home/swkim/.julia/packages/Gurobi/hs8RH/src/gen130/libgrb_api.jl:374 [inlined]
#49 at /home/swkim/.julia/packages/Gurobi/hs8RH/src/MOI_wrapper/MOI_wrapper.jl:2820 [inlined]
disable_sigint at ./c.jl:167 [inlined]
optimize! at /home/swkim/.julia/packages/Gurobi/hs8RH/src/MOI_wrapper/MOI_wrapper.jl:2819
optimize! at /home/swkim/.julia/packages/MathOptInterface/lY2WB/src/Bridges/bridge_optimizer.jl:367 [inlined]
optimize! at /home/swkim/.julia/packages/MathOptInterface/lY2WB/src/Utilities/cachingoptimizer.jl:379
unknown function (ip: 0x76644c1a94e2) at (unknown file)
#optimize!#96 at /home/swkim/.julia/packages/JuMP/insRt/src/optimizer_interface.jl:633
optimize! at /home/swkim/.julia/packages/JuMP/insRt/src/optimizer_interface.jl:569 [inlined]
_nz_solve_lp! at /home/swkim/robust_bilevel_network_games/nonzero_sum/nz_alpha_bnb.jl:195
#_nz_sep_solve!#464 at /home/swkim/robust_bilevel_network_games/nonzero_sum/nz_alpha_bnb.jl:233
_nz_sep_solve! at /home/swkim/robust_bilevel_network_games/nonzero_sum/nz_alpha_bnb.jl:230 [inlined]
worker at /home/swkim/robust_bilevel_network_games/nonzero_sum/nz_alpha_bnb.jl:422
#512 at /home/swkim/robust_bilevel_network_games/nonzero_sum/nz_alpha_bnb.jl:524
unknown function (ip: 0x76641295b373) at (unknown file)
jl_apply at /cache/build/builder-amdci4-8/julialang/julia-ci/src/julia.h:2318 [inlined]
start_task at /cache/build/builder-amdci4-8/julialang/julia-ci/src/task.c:1285
unknown function (ip: (nil)) at (unknown file)
PRIVATE000000000021574d at /home/swkim/.julia/artifacts/1b5c4a597631092283e0c71596b2f708afc5054b/gurobi1303/linux64/lib/libgurobi130.so (unknown line)
PRIVATE000000000009d112 at /home/swkim/.julia/artifacts/1b5c4a597631092283e0c71596b2f708afc5054b/gurobi1303/linux64/lib/libgurobi130.so (unknown line)
PRIVATE000000000008b473 at /home/swkim/.julia/artifacts/1b5c4a597631092283e0c71596b2f708afc5054b/gurobi1303/linux64/lib/libgurobi130.so (unknown line)
PRIVATE0000000000028c93 at /home/swkim/.julia/artifacts/1b5c4a597631092283e0c71596b2f708afc5054b/gurobi1303/linux64/lib/libgurobi130.so (unknown line)
PRIVATE000000000006268b at /home/swkim/.julia/artifacts/1b5c4a597631092283e0c71596b2f708afc5054b/gurobi1303/linux64/lib/libgurobi130.so (unknown line)
PRIVATE00000000000cda5b at /home/swkim/.julia/artifacts/1b5c4a597631092283e0c71596b2f708afc5054b/gurobi1303/linux64/lib/libgurobi130.so (unknown line)
PRIVATE00000000000c3d0d at /home/swkim/.julia/artifacts/1b5c4a597631092283e0c71596b2f708afc5054b/gurobi1303/linux64/lib/libgurobi130.so (unknown line)
PRIVATE0000000000c23877 at /home/swkim/.julia/artifacts/1b5c4a597631092283e0c71596b2f708afc5054b/gurobi1303/linux64/lib/libgurobi130.so (unknown line)
PRIVATE00000000009828a1 at /home/swkim/.julia/artifacts/1b5c4a597631092283e0c71596b2f708afc5054b/gurobi1303/linux64/lib/libgurobi130.so (unknown line)
GRBoptimize at /home/swkim/.julia/artifacts/1b5c4a597631092283e0c71596b2f708afc5054b/gurobi1303/linux64/lib/libgurobi130.so (unknown line)
GRBoptimize at /home/swkim/.julia/packages/Gurobi/hs8RH/src/gen130/libgrb_api.jl:374 [inlined]
#49 at /home/swkim/.julia/packages/Gurobi/hs8RH/src/MOI_wrapper/MOI_wrapper.jl:2820 [inlined]
disable_sigint at ./c.jl:167 [inlined]
optimize! at /home/swkim/.julia/packages/Gurobi/hs8RH/src/MOI_wrapper/MOI_wrapper.jl:2819
optimize! at /home/swkim/.julia/packages/MathOptInterface/lY2WB/src/Bridges/bridge_optimizer.jl:367 [inlined]
optimize! at /home/swkim/.julia/packages/MathOptInterface/lY2WB/src/Utilities/cachingoptimizer.jl:379
unknown function (ip: 0x76644c1a94e2) at (unknown file)
#optimize!#96 at /home/swkim/.julia/packages/JuMP/insRt/src/optimizer_interface.jl:633
optimize! at /home/swkim/.julia/packages/JuMP/insRt/src/optimizer_interface.jl:569 [inlined]
_nz_solve_lp! at /home/swkim/robust_bilevel_network_games/nonzero_sum/nz_alpha_bnb.jl:195
#_nz_sep_solve!#464 at /home/swkim/robust_bilevel_network_games/nonzero_sum/nz_alpha_bnb.jl:233
_nz_sep_solve! at /home/swkim/robust_bilevel_network_games/nonzero_sum/nz_alpha_bnb.jl:230 [inlined]
worker at /home/swkim/robust_bilevel_network_games/nonzero_sum/nz_alpha_bnb.jl:422
#512 at /home/swkim/robust_bilevel_network_games/nonzero_sum/nz_alpha_bnb.jl:524
unknown function (ip: 0x76641295b373) at (unknown file)
jl_apply at /cache/build/builder-amdci4-8/julialang/julia-ci/src/julia.h:2318 [inlined]
start_task at /cache/build/builder-amdci4-8/julialang/julia-ci/src/task.c:1285
unknown function (ip: (nil)) at (unknown file)
unknown function (ip: 0x7664e46ac800) at /usr/lib/x86_64-linux-gnu/libc.so.6
unknown function (ip: 0x7664e46a030b) at /usr/lib/x86_64-linux-gnu/libc.so.6
unknown function (ip: 0x7664e46a06e6) at /usr/lib/x86_64-linux-gnu/libc.so.6
pthread_cond_wait at /usr/lib/x86_64-linux-gnu/libc.so.6 (unknown line)
uv_cond_wait at /workspace/srcdir/libuv/src/unix/thread.c:822
ijl_task_get_next at /cache/build/builder-amdci4-8/julialang/julia-ci/src/scheduler.c:599
wait at ./task.jl:1297
wait_forever at ./task.jl:1196
jfptr_wait_forever_70523.1 at /home/swkim/.julia/juliaup/julia-1.13.1+0.x64.linux.gnu/lib/julia/sys.so (unknown line)
jl_apply at /cache/build/builder-amdci4-8/julialang/julia-ci/src/julia.h:2318 [inlined]
start_task at /cache/build/builder-amdci4-8/julialang/julia-ci/src/task.c:1285
unknown function (ip: (nil)) at (unknown file)
PRIVATE000000000021574d at /home/swkim/.julia/artifacts/1b5c4a597631092283e0c71596b2f708afc5054b/gurobi1303/linux64/lib/libgurobi130.so (unknown line)
PRIVATE000000000009d112 at /home/swkim/.julia/artifacts/1b5c4a597631092283e0c71596b2f708afc5054b/gurobi1303/linux64/lib/libgurobi130.so (unknown line)
PRIVATE000000000008b473 at /home/swkim/.julia/artifacts/1b5c4a597631092283e0c71596b2f708afc5054b/gurobi1303/linux64/lib/libgurobi130.so (unknown line)
PRIVATE0000000000028c93 at /home/swkim/.julia/artifacts/1b5c4a597631092283e0c71596b2f708afc5054b/gurobi1303/linux64/lib/libgurobi130.so (unknown line)
PRIVATE000000000006268b at /home/swkim/.julia/artifacts/1b5c4a597631092283e0c71596b2f708afc5054b/gurobi1303/linux64/lib/libgurobi130.so (unknown line)
PRIVATE00000000000cda5b at /home/swkim/.julia/artifacts/1b5c4a597631092283e0c71596b2f708afc5054b/gurobi1303/linux64/lib/libgurobi130.so (unknown line)
PRIVATE00000000000c3d0d at /home/swkim/.julia/artifacts/1b5c4a597631092283e0c71596b2f708afc5054b/gurobi1303/linux64/lib/libgurobi130.so (unknown line)
PRIVATE0000000000c23877 at /home/swkim/.julia/artifacts/1b5c4a597631092283e0c71596b2f708afc5054b/gurobi1303/linux64/lib/libgurobi130.so (unknown line)
PRIVATE00000000009828a1 at /home/swkim/.julia/artifacts/1b5c4a597631092283e0c71596b2f708afc5054b/gurobi1303/linux64/lib/libgurobi130.so (unknown line)
GRBoptimize at /home/swkim/.julia/artifacts/1b5c4a597631092283e0c71596b2f708afc5054b/gurobi1303/linux64/lib/libgurobi130.so (unknown line)
GRBoptimize at /home/swkim/.julia/packages/Gurobi/hs8RH/src/gen130/libgrb_api.jl:374 [inlined]
#49 at /home/swkim/.julia/packages/Gurobi/hs8RH/src/MOI_wrapper/MOI_wrapper.jl:2820 [inlined]
disable_sigint at ./c.jl:167 [inlined]
optimize! at /home/swkim/.julia/packages/Gurobi/hs8RH/src/MOI_wrapper/MOI_wrapper.jl:2819
optimize! at /home/swkim/.julia/packages/MathOptInterface/lY2WB/src/Bridges/bridge_optimizer.jl:367 [inlined]
optimize! at /home/swkim/.julia/packages/MathOptInterface/lY2WB/src/Utilities/cachingoptimizer.jl:379
unknown function (ip: 0x76644c1a94e2) at (unknown file)
#optimize!#96 at /home/swkim/.julia/packages/JuMP/insRt/src/optimizer_interface.jl:633
optimize! at /home/swkim/.julia/packages/JuMP/insRt/src/optimizer_interface.jl:569 [inlined]
_nz_solve_lp! at /home/swkim/robust_bilevel_network_games/nonzero_sum/nz_alpha_bnb.jl:195
#_nz_sep_solve!#464 at /home/swkim/robust_bilevel_network_games/nonzero_sum/nz_alpha_bnb.jl:233
_nz_sep_solve! at /home/swkim/robust_bilevel_network_games/nonzero_sum/nz_alpha_bnb.jl:230 [inlined]
worker at /home/swkim/robust_bilevel_network_games/nonzero_sum/nz_alpha_bnb.jl:422
#512 at /home/swkim/robust_bilevel_network_games/nonzero_sum/nz_alpha_bnb.jl:524
unknown function (ip: 0x76641295b373) at (unknown file)
jl_apply at /cache/build/builder-amdci4-8/julialang/julia-ci/src/julia.h:2318 [inlined]
start_task at /cache/build/builder-amdci4-8/julialang/julia-ci/src/task.c:1285
unknown function (ip: (nil)) at (unknown file)
PRIVATE000000000021574d at /home/swkim/.julia/artifacts/1b5c4a597631092283e0c71596b2f708afc5054b/gurobi1303/linux64/lib/libgurobi130.so (unknown line)
PRIVATE000000000009d112 at /home/swkim/.julia/artifacts/1b5c4a597631092283e0c71596b2f708afc5054b/gurobi1303/linux64/lib/libgurobi130.so (unknown line)
PRIVATE000000000008b473 at /home/swkim/.julia/artifacts/1b5c4a597631092283e0c71596b2f708afc5054b/gurobi1303/linux64/lib/libgurobi130.so (unknown line)
PRIVATE0000000000028c93 at /home/swkim/.julia/artifacts/1b5c4a597631092283e0c71596b2f708afc5054b/gurobi1303/linux64/lib/libgurobi130.so (unknown line)
PRIVATE000000000006268b at /home/swkim/.julia/artifacts/1b5c4a597631092283e0c71596b2f708afc5054b/gurobi1303/linux64/lib/libgurobi130.so (unknown line)
PRIVATE00000000000cda5b at /home/swkim/.julia/artifacts/1b5c4a597631092283e0c71596b2f708afc5054b/gurobi1303/linux64/lib/libgurobi130.so (unknown line)
PRIVATE00000000000c3d0d at /home/swkim/.julia/artifacts/1b5c4a597631092283e0c71596b2f708afc5054b/gurobi1303/linux64/lib/libgurobi130.so (unknown line)
PRIVATE0000000000c23877 at /home/swkim/.julia/artifacts/1b5c4a597631092283e0c71596b2f708afc5054b/gurobi1303/linux64/lib/libgurobi130.so (unknown line)
PRIVATE00000000009828a1 at /home/swkim/.julia/artifacts/1b5c4a597631092283e0c71596b2f708afc5054b/gurobi1303/linux64/lib/libgurobi130.so (unknown line)
GRBoptimize at /home/swkim/.julia/artifacts/1b5c4a597631092283e0c71596b2f708afc5054b/gurobi1303/linux64/lib/libgurobi130.so (unknown line)
GRBoptimize at /home/swkim/.julia/packages/Gurobi/hs8RH/src/gen130/libgrb_api.jl:374 [inlined]
#49 at /home/swkim/.julia/packages/Gurobi/hs8RH/src/MOI_wrapper/MOI_wrapper.jl:2820 [inlined]
disable_sigint at ./c.jl:167 [inlined]
optimize! at /home/swkim/.julia/packages/Gurobi/hs8RH/src/MOI_wrapper/MOI_wrapper.jl:2819
optimize! at /home/swkim/.julia/packages/MathOptInterface/lY2WB/src/Bridges/bridge_optimizer.jl:367 [inlined]
optimize! at /home/swkim/.julia/packages/MathOptInterface/lY2WB/src/Utilities/cachingoptimizer.jl:379
unknown function (ip: 0x76644c1a94e2) at (unknown file)
#optimize!#96 at /home/swkim/.julia/packages/JuMP/insRt/src/optimizer_interface.jl:633
optimize! at /home/swkim/.julia/packages/JuMP/insRt/src/optimizer_interface.jl:569 [inlined]
_nz_solve_lp! at /home/swkim/robust_bilevel_network_games/nonzero_sum/nz_alpha_bnb.jl:195
#_nz_sep_solve!#464 at /home/swkim/robust_bilevel_network_games/nonzero_sum/nz_alpha_bnb.jl:233
_nz_sep_solve! at /home/swkim/robust_bilevel_network_games/nonzero_sum/nz_alpha_bnb.jl:230 [inlined]
worker at /home/swkim/robust_bilevel_network_games/nonzero_sum/nz_alpha_bnb.jl:422
#512 at /home/swkim/robust_bilevel_network_games/nonzero_sum/nz_alpha_bnb.jl:524
unknown function (ip: 0x76641295b373) at (unknown file)
jl_apply at /cache/build/builder-amdci4-8/julialang/julia-ci/src/julia.h:2318 [inlined]
start_task at /cache/build/builder-amdci4-8/julialang/julia-ci/src/task.c:1285
unknown function (ip: (nil)) at (unknown file)
PRIVATE000000000021686f at /home/swkim/.julia/artifacts/1b5c4a597631092283e0c71596b2f708afc5054b/gurobi1303/linux64/lib/libgurobi130.so (unknown line)
PRIVATE000000000009d112 at /home/swkim/.julia/artifacts/1b5c4a597631092283e0c71596b2f708afc5054b/gurobi1303/linux64/lib/libgurobi130.so (unknown line)
PRIVATE000000000008b473 at /home/swkim/.julia/artifacts/1b5c4a597631092283e0c71596b2f708afc5054b/gurobi1303/linux64/lib/libgurobi130.so (unknown line)
PRIVATE0000000000028c93 at /home/swkim/.julia/artifacts/1b5c4a597631092283e0c71596b2f708afc5054b/gurobi1303/linux64/lib/libgurobi130.so (unknown line)
PRIVATE000000000006268b at /home/swkim/.julia/artifacts/1b5c4a597631092283e0c71596b2f708afc5054b/gurobi1303/linux64/lib/libgurobi130.so (unknown line)
PRIVATE00000000000cda5b at /home/swkim/.julia/artifacts/1b5c4a597631092283e0c71596b2f708afc5054b/gurobi1303/linux64/lib/libgurobi130.so (unknown line)
PRIVATE00000000000c3d0d at /home/swkim/.julia/artifacts/1b5c4a597631092283e0c71596b2f708afc5054b/gurobi1303/linux64/lib/libgurobi130.so (unknown line)
PRIVATE0000000000c23877 at /home/swkim/.julia/artifacts/1b5c4a597631092283e0c71596b2f708afc5054b/gurobi1303/linux64/lib/libgurobi130.so (unknown line)
PRIVATE00000000009828a1 at /home/swkim/.julia/artifacts/1b5c4a597631092283e0c71596b2f708afc5054b/gurobi1303/linux64/lib/libgurobi130.so (unknown line)
GRBoptimize at /home/swkim/.julia/artifacts/1b5c4a597631092283e0c71596b2f708afc5054b/gurobi1303/linux64/lib/libgurobi130.so (unknown line)
GRBoptimize at /home/swkim/.julia/packages/Gurobi/hs8RH/src/gen130/libgrb_api.jl:374 [inlined]
#49 at /home/swkim/.julia/packages/Gurobi/hs8RH/src/MOI_wrapper/MOI_wrapper.jl:2820 [inlined]
disable_sigint at ./c.jl:167 [inlined]
optimize! at /home/swkim/.julia/packages/Gurobi/hs8RH/src/MOI_wrapper/MOI_wrapper.jl:2819
optimize! at /home/swkim/.julia/packages/MathOptInterface/lY2WB/src/Bridges/bridge_optimizer.jl:367 [inlined]
optimize! at /home/swkim/.julia/packages/MathOptInterface/lY2WB/src/Utilities/cachingoptimizer.jl:379
unknown function (ip: 0x76644c1a94e2) at (unknown file)
#optimize!#96 at /home/swkim/.julia/packages/JuMP/insRt/src/optimizer_interface.jl:633
optimize! at /home/swkim/.julia/packages/JuMP/insRt/src/optimizer_interface.jl:569 [inlined]
_nz_solve_lp! at /home/swkim/robust_bilevel_network_games/nonzero_sum/nz_alpha_bnb.jl:195
#_nz_sep_solve!#464 at /home/swkim/robust_bilevel_network_games/nonzero_sum/nz_alpha_bnb.jl:233
_nz_sep_solve! at /home/swkim/robust_bilevel_network_games/nonzero_sum/nz_alpha_bnb.jl:230 [inlined]
worker at /home/swkim/robust_bilevel_network_games/nonzero_sum/nz_alpha_bnb.jl:422
#512 at /home/swkim/robust_bilevel_network_games/nonzero_sum/nz_alpha_bnb.jl:524
unknown function (ip: 0x76641295b373) at (unknown file)
jl_apply at /cache/build/builder-amdci4-8/julialang/julia-ci/src/julia.h:2318 [inlined]
start_task at /cache/build/builder-amdci4-8/julialang/julia-ci/src/task.c:1285
unknown function (ip: (nil)) at (unknown file)
__dmumps_fac_front_aux_m_MOD_dmumps_fac_mq_ldlt at /home/swkim/.julia/artifacts/331ba70ca461bf192eacce30151c065ac5fd95cd/lib/libdmumps.so (unknown line)
__dmumps_fac1_ldlt_m_MOD_dmumps_fac1_ldlt at /home/swkim/.julia/artifacts/331ba70ca461bf192eacce30151c065ac5fd95cd/lib/libdmumps.so (unknown line)
__dmumps_fac_par_m_MOD_dmumps_fac_par at /home/swkim/.julia/artifacts/331ba70ca461bf192eacce30151c065ac5fd95cd/lib/libdmumps.so (unknown line)
dmumps_fac_b_ at /home/swkim/.julia/artifacts/331ba70ca461bf192eacce30151c065ac5fd95cd/lib/libdmumps.so (unknown line)
dmumps_fac_driver_ at /home/swkim/.julia/artifacts/331ba70ca461bf192eacce30151c065ac5fd95cd/lib/libdmumps.so (unknown line)
dmumps_ at /home/swkim/.julia/artifacts/331ba70ca461bf192eacce30151c065ac5fd95cd/lib/libdmumps.so (unknown line)
dmumps_f77_ at /home/swkim/.julia/artifacts/331ba70ca461bf192eacce30151c065ac5fd95cd/lib/libdmumps.so (unknown line)
dmumps_c at /home/swkim/.julia/artifacts/331ba70ca461bf192eacce30151c065ac5fd95cd/lib/libdmumps.so (unknown line)
_ZN5Ipopt20MumpsSolverInterface13FactorizationEbi at /home/swkim/.julia/artifacts/133d4ec5ffa9e5cce0ca257bb2dc00a7248cbffe/lib/libipopt.so (unknown line)
_ZN5Ipopt20MumpsSolverInterface10MultiSolveEbPKiS2_iPdbi at /home/swkim/.julia/artifacts/133d4ec5ffa9e5cce0ca257bb2dc00a7248cbffe/lib/libipopt.so (unknown line)
_ZN5Ipopt16TSymLinearSolver10MultiSolveERKNS_9SymMatrixERSt6vectorINS_8SmartPtrIKNS_6VectorEEESaIS8_EERS4_INS5_IS6_EESaISC_EEbi at /home/swkim/.julia/artifacts/133d4ec5ffa9e5cce0ca257bb2dc00a7248cbffe/lib/libipopt.so (unknown line)
_ZN5Ipopt18StdAugSystemSolver10MultiSolveEPKNS_9SymMatrixEdPKNS_6VectorEdS6_dPKNS_6MatrixES6_dS9_S6_dRSt6vectorINS_8SmartPtrIS5_EESaISC_EESF_SF_SF_RSA_INSB_IS4_EESaISG_EESJ_SJ_SJ_bi at /home/swkim/.julia/artifacts/133d4ec5ffa9e5cce0ca257bb2dc00a7248cbffe/lib/libipopt.so (unknown line)
_ZN5Ipopt15AugSystemSolver5SolveEPKNS_9SymMatrixEdPKNS_6VectorEdS6_dPKNS_6MatrixES6_dS9_S6_dRS5_SA_SA_SA_RS4_SB_SB_SB_bi at /home/swkim/.julia/artifacts/133d4ec5ffa9e5cce0ca257bb2dc00a7248cbffe/lib/libipopt.so (unknown line)
_ZN5Ipopt17PDFullSpaceSolver9SolveOnceEbbRKNS_9SymMatrixERKNS_6MatrixES6_S6_S6_S6_S6_RKNS_6VectorES9_S9_S9_S9_S9_S9_S9_S9_S9_ddRKNS_14IteratesVectorERSA_ at /home/swkim/.julia/artifacts/133d4ec5ffa9e5cce0ca257bb2dc00a7248cbffe/lib/libipopt.so (unknown line)
_ZN5Ipopt17PDFullSpaceSolver5SolveEddRKNS_14IteratesVectorERS1_bb at /home/swkim/.julia/artifacts/133d4ec5ffa9e5cce0ca257bb2dc00a7248cbffe/lib/libipopt.so (unknown line)
_ZN5Ipopt21PDSearchDirCalculator22ComputeSearchDirectionEv at /home/swkim/.julia/artifacts/133d4ec5ffa9e5cce0ca257bb2dc00a7248cbffe/lib/libipopt.so (unknown line)
_ZN5Ipopt14IpoptAlgorithm22ComputeSearchDirectionEv at /home/swkim/.julia/artifacts/133d4ec5ffa9e5cce0ca257bb2dc00a7248cbffe/lib/libipopt.so (unknown line)
_ZN5Ipopt14IpoptAlgorithm8OptimizeEb at /home/swkim/.julia/artifacts/133d4ec5ffa9e5cce0ca257bb2dc00a7248cbffe/lib/libipopt.so (unknown line)
_ZN5Ipopt16IpoptApplication13call_optimizeEv at /home/swkim/.julia/artifacts/133d4ec5ffa9e5cce0ca257bb2dc00a7248cbffe/lib/libipopt.so (unknown line)
_ZN5Ipopt16IpoptApplication11OptimizeNLPERKNS_8SmartPtrINS_3NLPEEERNS1_INS_16AlgorithmBuilderEEE at /home/swkim/.julia/artifacts/133d4ec5ffa9e5cce0ca257bb2dc00a7248cbffe/lib/libipopt.so (unknown line)
_ZN5Ipopt16IpoptApplication11OptimizeNLPERKNS_8SmartPtrINS_3NLPEEE at /home/swkim/.julia/artifacts/133d4ec5ffa9e5cce0ca257bb2dc00a7248cbffe/lib/libipopt.so (unknown line)
_ZN5Ipopt16IpoptApplication12OptimizeTNLPERKNS_8SmartPtrINS_4TNLPEEE at /home/swkim/.julia/artifacts/133d4ec5ffa9e5cce0ca257bb2dc00a7248cbffe/lib/libipopt.so (unknown line)
IpoptSolve at /home/swkim/.julia/artifacts/133d4ec5ffa9e5cce0ca257bb2dc00a7248cbffe/lib/libipopt.so (unknown line)
#IpoptSolve##0 at /home/swkim/.julia/packages/Ipopt/JN6dO/src/C_wrapper.jl:408 [inlined]
disable_sigint at ./c.jl:167
IpoptSolve at /home/swkim/.julia/packages/Ipopt/JN6dO/src/C_wrapper.jl:407 [inlined]
optimize! at /home/swkim/.julia/packages/Ipopt/JN6dO/ext/IpoptMathOptInterfaceExt/MOI_wrapper.jl:1491
optimize! at /home/swkim/.julia/packages/MathOptInterface/lY2WB/src/Bridges/bridge_optimizer.jl:367 [inlined]
optimize! at /home/swkim/.julia/packages/MathOptInterface/lY2WB/src/Utilities/cachingoptimizer.jl:379
optimize! at /home/swkim/.julia/packages/MathOptInterface/lY2WB/src/Utilities/cachingoptimizer.jl:366
unknown function (ip: 0x76641299e1f2) at (unknown file)
#optimize!#96 at /home/swkim/.julia/packages/JuMP/insRt/src/optimizer_interface.jl:633
optimize! at /home/swkim/.julia/packages/JuMP/insRt/src/optimizer_interface.jl:569 [inlined]
#nz_ipopt_local_alpha#466 at /home/swkim/robust_bilevel_network_games/nonzero_sum/nz_alpha_bnb.jl:309
nz_ipopt_local_alpha at /home/swkim/robust_bilevel_network_games/nonzero_sum/nz_alpha_bnb.jl:287 [inlined]
heuristic_task at /home/swkim/robust_bilevel_network_games/nonzero_sum/nz_alpha_bnb.jl:500
#514 at /home/swkim/robust_bilevel_network_games/nonzero_sum/nz_alpha_bnb.jl:525
unknown function (ip: 0x76641296543c) at (unknown file)
jl_apply at /cache/build/builder-amdci4-8/julialang/julia-ci/src/julia.h:2318 [inlined]
start_task at /cache/build/builder-amdci4-8/julialang/julia-ci/src/task.c:1285
unknown function (ip: (nil)) at (unknown file)
PRIVATE0000000000048d5f at /home/swkim/.julia/artifacts/1b5c4a597631092283e0c71596b2f708afc5054b/gurobi1303/linux64/lib/libgurobi130.so (unknown line)
PRIVATE000000000006268b at /home/swkim/.julia/artifacts/1b5c4a597631092283e0c71596b2f708afc5054b/gurobi1303/linux64/lib/libgurobi130.so (unknown line)
PRIVATE00000000000cda5b at /home/swkim/.julia/artifacts/1b5c4a597631092283e0c71596b2f708afc5054b/gurobi1303/linux64/lib/libgurobi130.so (unknown line)
PRIVATE00000000000c3d0d at /home/swkim/.julia/artifacts/1b5c4a597631092283e0c71596b2f708afc5054b/gurobi1303/linux64/lib/libgurobi130.so (unknown line)
PRIVATE0000000000c23877 at /home/swkim/.julia/artifacts/1b5c4a597631092283e0c71596b2f708afc5054b/gurobi1303/linux64/lib/libgurobi130.so (unknown line)
PRIVATE00000000009828a1 at /home/swkim/.julia/artifacts/1b5c4a597631092283e0c71596b2f708afc5054b/gurobi1303/linux64/lib/libgurobi130.so (unknown line)
GRBoptimize at /home/swkim/.julia/artifacts/1b5c4a597631092283e0c71596b2f708afc5054b/gurobi1303/linux64/lib/libgurobi130.so (unknown line)
GRBoptimize at /home/swkim/.julia/packages/Gurobi/hs8RH/src/gen130/libgrb_api.jl:374 [inlined]
#49 at /home/swkim/.julia/packages/Gurobi/hs8RH/src/MOI_wrapper/MOI_wrapper.jl:2820 [inlined]
disable_sigint at ./c.jl:167 [inlined]
optimize! at /home/swkim/.julia/packages/Gurobi/hs8RH/src/MOI_wrapper/MOI_wrapper.jl:2819
optimize! at /home/swkim/.julia/packages/MathOptInterface/lY2WB/src/Bridges/bridge_optimizer.jl:367 [inlined]
optimize! at /home/swkim/.julia/packages/MathOptInterface/lY2WB/src/Utilities/cachingoptimizer.jl:379
unknown function (ip: 0x76644c1a94e2) at (unknown file)
#optimize!#96 at /home/swkim/.julia/packages/JuMP/insRt/src/optimizer_interface.jl:633
optimize! at /home/swkim/.julia/packages/JuMP/insRt/src/optimizer_interface.jl:569 [inlined]
_nz_solve_lp! at /home/swkim/robust_bilevel_network_games/nonzero_sum/nz_alpha_bnb.jl:195
#_nz_sep_solve!#464 at /home/swkim/robust_bilevel_network_games/nonzero_sum/nz_alpha_bnb.jl:233
_nz_sep_solve! at /home/swkim/robust_bilevel_network_games/nonzero_sum/nz_alpha_bnb.jl:230 [inlined]
worker at /home/swkim/robust_bilevel_network_games/nonzero_sum/nz_alpha_bnb.jl:422
#512 at /home/swkim/robust_bilevel_network_games/nonzero_sum/nz_alpha_bnb.jl:524
unknown function (ip: 0x76641295b373) at (unknown file)
jl_apply at /cache/build/builder-amdci4-8/julialang/julia-ci/src/julia.h:2318 [inlined]
start_task at /cache/build/builder-amdci4-8/julialang/julia-ci/src/task.c:1285
unknown function (ip: (nil)) at (unknown file)
PRIVATE000000000021574d at /home/swkim/.julia/artifacts/1b5c4a597631092283e0c71596b2f708afc5054b/gurobi1303/linux64/lib/libgurobi130.so (unknown line)
PRIVATE000000000009d112 at /home/swkim/.julia/artifacts/1b5c4a597631092283e0c71596b2f708afc5054b/gurobi1303/linux64/lib/libgurobi130.so (unknown line)
PRIVATE000000000008b473 at /home/swkim/.julia/artifacts/1b5c4a597631092283e0c71596b2f708afc5054b/gurobi1303/linux64/lib/libgurobi130.so (unknown line)
PRIVATE0000000000028c93 at /home/swkim/.julia/artifacts/1b5c4a597631092283e0c71596b2f708afc5054b/gurobi1303/linux64/lib/libgurobi130.so (unknown line)
PRIVATE000000000006268b at /home/swkim/.julia/artifacts/1b5c4a597631092283e0c71596b2f708afc5054b/gurobi1303/linux64/lib/libgurobi130.so (unknown line)
PRIVATE00000000000cda5b at /home/swkim/.julia/artifacts/1b5c4a597631092283e0c71596b2f708afc5054b/gurobi1303/linux64/lib/libgurobi130.so (unknown line)
PRIVATE00000000000c3d0d at /home/swkim/.julia/artifacts/1b5c4a597631092283e0c71596b2f708afc5054b/gurobi1303/linux64/lib/libgurobi130.so (unknown line)
PRIVATE0000000000c23877 at /home/swkim/.julia/artifacts/1b5c4a597631092283e0c71596b2f708afc5054b/gurobi1303/linux64/lib/libgurobi130.so (unknown line)
PRIVATE00000000009828a1 at /home/swkim/.julia/artifacts/1b5c4a597631092283e0c71596b2f708afc5054b/gurobi1303/linux64/lib/libgurobi130.so (unknown line)
GRBoptimize at /home/swkim/.julia/artifacts/1b5c4a597631092283e0c71596b2f708afc5054b/gurobi1303/linux64/lib/libgurobi130.so (unknown line)
GRBoptimize at /home/swkim/.julia/packages/Gurobi/hs8RH/src/gen130/libgrb_api.jl:374 [inlined]
#49 at /home/swkim/.julia/packages/Gurobi/hs8RH/src/MOI_wrapper/MOI_wrapper.jl:2820 [inlined]
disable_sigint at ./c.jl:167 [inlined]
optimize! at /home/swkim/.julia/packages/Gurobi/hs8RH/src/MOI_wrapper/MOI_wrapper.jl:2819
optimize! at /home/swkim/.julia/packages/MathOptInterface/lY2WB/src/Bridges/bridge_optimizer.jl:367 [inlined]
optimize! at /home/swkim/.julia/packages/MathOptInterface/lY2WB/src/Utilities/cachingoptimizer.jl:379
unknown function (ip: 0x76644c1a94e2) at (unknown file)
#optimize!#96 at /home/swkim/.julia/packages/JuMP/insRt/src/optimizer_interface.jl:633
optimize! at /home/swkim/.julia/packages/JuMP/insRt/src/optimizer_interface.jl:569 [inlined]
_nz_solve_lp! at /home/swkim/robust_bilevel_network_games/nonzero_sum/nz_alpha_bnb.jl:195
#_nz_sep_solve!#464 at /home/swkim/robust_bilevel_network_games/nonzero_sum/nz_alpha_bnb.jl:233
_nz_sep_solve! at /home/swkim/robust_bilevel_network_games/nonzero_sum/nz_alpha_bnb.jl:230 [inlined]
worker at /home/swkim/robust_bilevel_network_games/nonzero_sum/nz_alpha_bnb.jl:422
#512 at /home/swkim/robust_bilevel_network_games/nonzero_sum/nz_alpha_bnb.jl:524
unknown function (ip: 0x76641295b373) at (unknown file)
jl_apply at /cache/build/builder-amdci4-8/julialang/julia-ci/src/julia.h:2318 [inlined]
start_task at /cache/build/builder-amdci4-8/julialang/julia-ci/src/task.c:1285
unknown function (ip: (nil)) at (unknown file)
unknown function (ip: 0x7664e46ac802) at /usr/lib/x86_64-linux-gnu/libc.so.6
unknown function (ip: 0x7664e46a039b) at /usr/lib/x86_64-linux-gnu/libc.so.6
epoll_pwait at /usr/lib/x86_64-linux-gnu/libc.so.6 (unknown line)
uv__io_poll at /workspace/srcdir/libuv/src/unix/linux.c:1404
uv_run at /workspace/srcdir/libuv/src/unix/core.c:430
ijl_task_get_next at /cache/build/builder-amdci4-8/julialang/julia-ci/src/scheduler.c:533
wait at ./task.jl:1297
#wait#392 at ./condition.jl:141
wait at ./condition.jl:136 [inlined]
_trywait at ./asyncevent.jl:186
wait at ./asyncevent.jl:203 [inlined]
sleep at ./asyncevent.jl:321 [inlined]
#nz_alpha_bnb#471 at /home/swkim/robust_bilevel_network_games/nonzero_sum/nz_alpha_bnb.jl:528
nz_alpha_bnb at /home/swkim/robust_bilevel_network_games/nonzero_sum/nz_alpha_bnb.jl:340 [inlined]
#_nz_oracle!#541 at /home/swkim/robust_bilevel_network_games/nonzero_sum/nz_benders.jl:124
_nz_oracle! at /home/swkim/robust_bilevel_network_games/nonzero_sum/nz_benders.jl:119
unknown function (ip: 0x76641293ed3a) at (unknown file)
macro expansion at ./timing.jl:463 [inlined]
#nz_belief_menu_benders#545 at /home/swkim/robust_bilevel_network_games/nonzero_sum/nz_benders.jl:272
nz_belief_menu_benders at /home/swkim/robust_bilevel_network_games/nonzero_sum/nz_benders.jl:215
unknown function (ip: 0x76644c1e02af) at (unknown file)
top-level scope at /home/swkim/robust_bilevel_network_games/nonzero_sum/pilot_loc_random.jl:91
jl_toplevel_eval_flex at /cache/build/builder-amdci4-8/julialang/julia-ci/src/toplevel.c:731
jl_eval_toplevel_stmts at /cache/build/builder-amdci4-8/julialang/julia-ci/src/toplevel.c:585
jl_toplevel_eval_flex at /cache/build/builder-amdci4-8/julialang/julia-ci/src/toplevel.c:683
ijl_toplevel_eval at /cache/build/builder-amdci4-8/julialang/julia-ci/src/toplevel.c:754
ijl_toplevel_eval_in at /cache/build/builder-amdci4-8/julialang/julia-ci/src/toplevel.c:799
eval at ./boot.jl:489
include_string at ./loading.jl:3033
_include at ./loading.jl:3093
include at ./Base.jl:309
exec_options at ./client.jl:344
_start at ./client.jl:577
jfptr__start_58396.1 at /home/swkim/.julia/juliaup/julia-1.13.1+0.x64.linux.gnu/lib/julia/sys.so (unknown line)
jl_apply at /cache/build/builder-amdci4-8/julialang/julia-ci/src/julia.h:2318 [inlined]
true_main at /cache/build/builder-amdci4-8/julialang/julia-ci/src/jlapi.c:985
jl_repl_entrypoint at /cache/build/builder-amdci4-8/julialang/julia-ci/src/jlapi.c:1152
main at /cache/build/builder-amdci4-8/julialang/julia-ci/cli/loader_exe.c:58
unknown function (ip: 0x7664e462a600) at /usr/lib/x86_64-linux-gnu/libc.so.6
__libc_start_main at /usr/lib/x86_64-linux-gnu/libc.so.6 (unknown line)
unknown function (ip: 0x4010b8) at /workspace/srcdir/glibc-2.17/csu/../sysdeps/x86_64/start.S
unknown function (ip: (nil)) at (unknown file)
Allocations: 7897860015 (Pool: 7897859335; Big: 680); GC: 1189
error in running finalizer: ErrorException("Gurobi Error 10017: ")
_check_ret at /home/swkim/.julia/packages/Gurobi/hs8RH/src/MOI_wrapper/MOI_wrapper.jl:417 [inlined]
#13 at /home/swkim/.julia/packages/Gurobi/hs8RH/src/MOI_wrapper/MOI_wrapper.jl:393
jfptr_YY.13_3659 at /home/swkim/.julia/compiled/v1.13/Gurobi/do9v6_EqQOZ.so (unknown line)
run_finalizer at /cache/build/builder-amdci4-8/julialang/julia-ci/src/gc-common.c:180
jl_gc_run_finalizers_in_list at /cache/build/builder-amdci4-8/julialang/julia-ci/src/gc-common.c:270
run_finalizers at /cache/build/builder-amdci4-8/julialang/julia-ci/src/gc-common.c:316
ijl_atexit_hook at /cache/build/builder-amdci4-8/julialang/julia-ci/src/init.c:295
jl_exit_thread0_cb at /cache/build/builder-amdci4-8/julialang/julia-ci/src/signals-unix.c:678
jl_fake_signal_return at /home/swkim/.julia/juliaup/julia-1.13.1+0.x64.linux.gnu/bin/../lib/julia/libjulia-internal.so.1.13 (unknown line)
uv__io_poll at /workspace/srcdir/libuv/src/unix/linux.c:1381
uv_run at /workspace/srcdir/libuv/src/unix/core.c:430
ijl_task_get_next at /cache/build/builder-amdci4-8/julialang/julia-ci/src/scheduler.c:533
wait at ./task.jl:1297
#wait#392 at ./condition.jl:141
wait at ./condition.jl:136 [inlined]
_trywait at ./asyncevent.jl:186
wait at ./asyncevent.jl:203 [inlined]
sleep at ./asyncevent.jl:321 [inlined]
#nz_alpha_bnb#471 at /home/swkim/robust_bilevel_network_games/nonzero_sum/nz_alpha_bnb.jl:528
nz_alpha_bnb at /home/swkim/robust_bilevel_network_games/nonzero_sum/nz_alpha_bnb.jl:340 [inlined]
#_nz_oracle!#541 at /home/swkim/robust_bilevel_network_games/nonzero_sum/nz_benders.jl:124
_nz_oracle! at /home/swkim/robust_bilevel_network_games/nonzero_sum/nz_benders.jl:119
unknown function (ip: 0x76641293ed3a) at (unknown file)
macro expansion at ./timing.jl:463 [inlined]
#nz_belief_menu_benders#545 at /home/swkim/robust_bilevel_network_games/nonzero_sum/nz_benders.jl:272
nz_belief_menu_benders at /home/swkim/robust_bilevel_network_games/nonzero_sum/nz_benders.jl:215
unknown function (ip: 0x76644c1e02af) at (unknown file)
top-level scope at /home/swkim/robust_bilevel_network_games/nonzero_sum/pilot_loc_random.jl:91
jl_toplevel_eval_flex at /cache/build/builder-amdci4-8/julialang/julia-ci/src/toplevel.c:731
jl_eval_toplevel_stmts at /cache/build/builder-amdci4-8/julialang/julia-ci/src/toplevel.c:585
jl_toplevel_eval_flex at /cache/build/builder-amdci4-8/julialang/julia-ci/src/toplevel.c:683
ijl_toplevel_eval at /cache/build/builder-amdci4-8/julialang/julia-ci/src/toplevel.c:754
ijl_toplevel_eval_in at /cache/build/builder-amdci4-8/julialang/julia-ci/src/toplevel.c:799
eval at ./boot.jl:489
include_string at ./loading.jl:3033
_include at ./loading.jl:3093
include at ./Base.jl:309
exec_options at ./client.jl:344
_start at ./client.jl:577
jfptr__start_58396.1 at /home/swkim/.julia/juliaup/julia-1.13.1+0.x64.linux.gnu/lib/julia/sys.so (unknown line)
jl_apply at /cache/build/builder-amdci4-8/julialang/julia-ci/src/julia.h:2318 [inlined]
true_main at /cache/build/builder-amdci4-8/julialang/julia-ci/src/jlapi.c:985
jl_repl_entrypoint at /cache/build/builder-amdci4-8/julialang/julia-ci/src/jlapi.c:1152
main at /cache/build/builder-amdci4-8/julialang/julia-ci/cli/loader_exe.c:58
unknown function (ip: 0x7664e462a600) at /usr/lib/x86_64-linux-gnu/libc.so.6
__libc_start_main at /usr/lib/x86_64-linux-gnu/libc.so.6 (unknown line)
unknown function (ip: 0x4010b8) at /workspace/srcdir/glibc-2.17/csu/../sysdeps/x86_64/start.S
error in running finalizer: ErrorException("Gurobi Error 10017: ")
_check_ret at /home/swkim/.julia/packages/Gurobi/hs8RH/src/MOI_wrapper/MOI_wrapper.jl:417 [inlined]
#13 at /home/swkim/.julia/packages/Gurobi/hs8RH/src/MOI_wrapper/MOI_wrapper.jl:393
jfptr_YY.13_3659 at /home/swkim/.julia/compiled/v1.13/Gurobi/do9v6_EqQOZ.so (unknown line)
run_finalizer at /cache/build/builder-amdci4-8/julialang/julia-ci/src/gc-common.c:180
jl_gc_run_finalizers_in_list at /cache/build/builder-amdci4-8/julialang/julia-ci/src/gc-common.c:270
run_finalizers at /cache/build/builder-amdci4-8/julialang/julia-ci/src/gc-common.c:316
ijl_atexit_hook at /cache/build/builder-amdci4-8/julialang/julia-ci/src/init.c:295
jl_exit_thread0_cb at /cache/build/builder-amdci4-8/julialang/julia-ci/src/signals-unix.c:678
jl_fake_signal_return at /home/swkim/.julia/juliaup/julia-1.13.1+0.x64.linux.gnu/bin/../lib/julia/libjulia-internal.so.1.13 (unknown line)
uv__io_poll at /workspace/srcdir/libuv/src/unix/linux.c:1381
uv_run at /workspace/srcdir/libuv/src/unix/core.c:430
ijl_task_get_next at /cache/build/builder-amdci4-8/julialang/julia-ci/src/scheduler.c:533
wait at ./task.jl:1297
#wait#392 at ./condition.jl:141
wait at ./condition.jl:136 [inlined]
_trywait at ./asyncevent.jl:186
wait at ./asyncevent.jl:203 [inlined]
sleep at ./asyncevent.jl:321 [inlined]
#nz_alpha_bnb#471 at /home/swkim/robust_bilevel_network_games/nonzero_sum/nz_alpha_bnb.jl:528
nz_alpha_bnb at /home/swkim/robust_bilevel_network_games/nonzero_sum/nz_alpha_bnb.jl:340 [inlined]
#_nz_oracle!#541 at /home/swkim/robust_bilevel_network_games/nonzero_sum/nz_benders.jl:124
_nz_oracle! at /home/swkim/robust_bilevel_network_games/nonzero_sum/nz_benders.jl:119
unknown function (ip: 0x76641293ed3a) at (unknown file)
macro expansion at ./timing.jl:463 [inlined]
#nz_belief_menu_benders#545 at /home/swkim/robust_bilevel_network_games/nonzero_sum/nz_benders.jl:272
nz_belief_menu_benders at /home/swkim/robust_bilevel_network_games/nonzero_sum/nz_benders.jl:215
unknown function (ip: 0x76644c1e02af) at (unknown file)
top-level scope at /home/swkim/robust_bilevel_network_games/nonzero_sum/pilot_loc_random.jl:91
jl_toplevel_eval_flex at /cache/build/builder-amdci4-8/julialang/julia-ci/src/toplevel.c:731
jl_eval_toplevel_stmts at /cache/build/builder-amdci4-8/julialang/julia-ci/src/toplevel.c:585
jl_toplevel_eval_flex at /cache/build/builder-amdci4-8/julialang/julia-ci/src/toplevel.c:683
ijl_toplevel_eval at /cache/build/builder-amdci4-8/julialang/julia-ci/src/toplevel.c:754
ijl_toplevel_eval_in at /cache/build/builder-amdci4-8/julialang/julia-ci/src/toplevel.c:799
eval at ./boot.jl:489
include_string at ./loading.jl:3033
_include at ./loading.jl:3093
include at ./Base.jl:309
exec_options at ./client.jl:344
_start at ./client.jl:577
jfptr__start_58396.1 at /home/swkim/.julia/juliaup/julia-1.13.1+0.x64.linux.gnu/lib/julia/sys.so (unknown line)
jl_apply at /cache/build/builder-amdci4-8/julialang/julia-ci/src/julia.h:2318 [inlined]
true_main at /cache/build/builder-amdci4-8/julialang/julia-ci/src/jlapi.c:985
jl_repl_entrypoint at /cache/build/builder-amdci4-8/julialang/julia-ci/src/jlapi.c:1152
main at /cache/build/builder-amdci4-8/julialang/julia-ci/cli/loader_exe.c:58
unknown function (ip: 0x7664e462a600) at /usr/lib/x86_64-linux-gnu/libc.so.6
__libc_start_main at /usr/lib/x86_64-linux-gnu/libc.so.6 (unknown line)
unknown function (ip: 0x4010b8) at /workspace/srcdir/glibc-2.17/csu/../sysdeps/x86_64/start.S
error in running finalizer: ErrorException("Gurobi Error 10017: ")
_check_ret at /home/swkim/.julia/packages/Gurobi/hs8RH/src/MOI_wrapper/MOI_wrapper.jl:417 [inlined]
#13 at /home/swkim/.julia/packages/Gurobi/hs8RH/src/MOI_wrapper/MOI_wrapper.jl:393
jfptr_YY.13_3659 at /home/swkim/.julia/compiled/v1.13/Gurobi/do9v6_EqQOZ.so (unknown line)
run_finalizer at /cache/build/builder-amdci4-8/julialang/julia-ci/src/gc-common.c:180
jl_gc_run_finalizers_in_list at /cache/build/builder-amdci4-8/julialang/julia-ci/src/gc-common.c:270
run_finalizers at /cache/build/builder-amdci4-8/julialang/julia-ci/src/gc-common.c:316
ijl_atexit_hook at /cache/build/builder-amdci4-8/julialang/julia-ci/src/init.c:295
jl_exit_thread0_cb at /cache/build/builder-amdci4-8/julialang/julia-ci/src/signals-unix.c:678
jl_fake_signal_return at /home/swkim/.julia/juliaup/julia-1.13.1+0.x64.linux.gnu/bin/../lib/julia/libjulia-internal.so.1.13 (unknown line)
uv__io_poll at /workspace/srcdir/libuv/src/unix/linux.c:1381
uv_run at /workspace/srcdir/libuv/src/unix/core.c:430
ijl_task_get_next at /cache/build/builder-amdci4-8/julialang/julia-ci/src/scheduler.c:533
wait at ./task.jl:1297
#wait#392 at ./condition.jl:141
wait at ./condition.jl:136 [inlined]
_trywait at ./asyncevent.jl:186
wait at ./asyncevent.jl:203 [inlined]
sleep at ./asyncevent.jl:321 [inlined]
#nz_alpha_bnb#471 at /home/swkim/robust_bilevel_network_games/nonzero_sum/nz_alpha_bnb.jl:528
nz_alpha_bnb at /home/swkim/robust_bilevel_network_games/nonzero_sum/nz_alpha_bnb.jl:340 [inlined]
#_nz_oracle!#541 at /home/swkim/robust_bilevel_network_games/nonzero_sum/nz_benders.jl:124
_nz_oracle! at /home/swkim/robust_bilevel_network_games/nonzero_sum/nz_benders.jl:119
unknown function (ip: 0x76641293ed3a) at (unknown file)
macro expansion at ./timing.jl:463 [inlined]
#nz_belief_menu_benders#545 at /home/swkim/robust_bilevel_network_games/nonzero_sum/nz_benders.jl:272
nz_belief_menu_benders at /home/swkim/robust_bilevel_network_games/nonzero_sum/nz_benders.jl:215
unknown function (ip: 0x76644c1e02af) at (unknown file)
top-level scope at /home/swkim/robust_bilevel_network_games/nonzero_sum/pilot_loc_random.jl:91
jl_toplevel_eval_flex at /cache/build/builder-amdci4-8/julialang/julia-ci/src/toplevel.c:731
jl_eval_toplevel_stmts at /cache/build/builder-amdci4-8/julialang/julia-ci/src/toplevel.c:585
jl_toplevel_eval_flex at /cache/build/builder-amdci4-8/julialang/julia-ci/src/toplevel.c:683
ijl_toplevel_eval at /cache/build/builder-amdci4-8/julialang/julia-ci/src/toplevel.c:754
ijl_toplevel_eval_in at /cache/build/builder-amdci4-8/julialang/julia-ci/src/toplevel.c:799
eval at ./boot.jl:489
include_string at ./loading.jl:3033
_include at ./loading.jl:3093
include at ./Base.jl:309
exec_options at ./client.jl:344
_start at ./client.jl:577
jfptr__start_58396.1 at /home/swkim/.julia/juliaup/julia-1.13.1+0.x64.linux.gnu/lib/julia/sys.so (unknown line)
jl_apply at /cache/build/builder-amdci4-8/julialang/julia-ci/src/julia.h:2318 [inlined]
true_main at /cache/build/builder-amdci4-8/julialang/julia-ci/src/jlapi.c:985
jl_repl_entrypoint at /cache/build/builder-amdci4-8/julialang/julia-ci/src/jlapi.c:1152
main at /cache/build/builder-amdci4-8/julialang/julia-ci/cli/loader_exe.c:58
unknown function (ip: 0x7664e462a600) at /usr/lib/x86_64-linux-gnu/libc.so.6
__libc_start_main at /usr/lib/x86_64-linux-gnu/libc.so.6 (unknown line)
unknown function (ip: 0x4010b8) at /workspace/srcdir/glibc-2.17/csu/../sysdeps/x86_64/start.S
error in running finalizer: ErrorException("Gurobi Error 10017: ")
_check_ret at /home/swkim/.julia/packages/Gurobi/hs8RH/src/MOI_wrapper/MOI_wrapper.jl:417 [inlined]
#13 at /home/swkim/.julia/packages/Gurobi/hs8RH/src/MOI_wrapper/MOI_wrapper.jl:393
jfptr_YY.13_3659 at /home/swkim/.julia/compiled/v1.13/Gurobi/do9v6_EqQOZ.so (unknown line)
run_finalizer at /cache/build/builder-amdci4-8/julialang/julia-ci/src/gc-common.c:180
jl_gc_run_finalizers_in_list at /cache/build/builder-amdci4-8/julialang/julia-ci/src/gc-common.c:270
run_finalizers at /cache/build/builder-amdci4-8/julialang/julia-ci/src/gc-common.c:316
ijl_atexit_hook at /cache/build/builder-amdci4-8/julialang/julia-ci/src/init.c:295
jl_exit_thread0_cb at /cache/build/builder-amdci4-8/julialang/julia-ci/src/signals-unix.c:678
jl_fake_signal_return at /home/swkim/.julia/juliaup/julia-1.13.1+0.x64.linux.gnu/bin/../lib/julia/libjulia-internal.so.1.13 (unknown line)
uv__io_poll at /workspace/srcdir/libuv/src/unix/linux.c:1381
uv_run at /workspace/srcdir/libuv/src/unix/core.c:430
ijl_task_get_next at /cache/build/builder-amdci4-8/julialang/julia-ci/src/scheduler.c:533
wait at ./task.jl:1297
#wait#392 at ./condition.jl:141
wait at ./condition.jl:136 [inlined]
_trywait at ./asyncevent.jl:186
wait at ./asyncevent.jl:203 [inlined]
sleep at ./asyncevent.jl:321 [inlined]
#nz_alpha_bnb#471 at /home/swkim/robust_bilevel_network_games/nonzero_sum/nz_alpha_bnb.jl:528
nz_alpha_bnb at /home/swkim/robust_bilevel_network_games/nonzero_sum/nz_alpha_bnb.jl:340 [inlined]
#_nz_oracle!#541 at /home/swkim/robust_bilevel_network_games/nonzero_sum/nz_benders.jl:124
_nz_oracle! at /home/swkim/robust_bilevel_network_games/nonzero_sum/nz_benders.jl:119
unknown function (ip: 0x76641293ed3a) at (unknown file)
macro expansion at ./timing.jl:463 [inlined]
#nz_belief_menu_benders#545 at /home/swkim/robust_bilevel_network_games/nonzero_sum/nz_benders.jl:272
nz_belief_menu_benders at /home/swkim/robust_bilevel_network_games/nonzero_sum/nz_benders.jl:215
unknown function (ip: 0x76644c1e02af) at (unknown file)
top-level scope at /home/swkim/robust_bilevel_network_games/nonzero_sum/pilot_loc_random.jl:91
jl_toplevel_eval_flex at /cache/build/builder-amdci4-8/julialang/julia-ci/src/toplevel.c:731
jl_eval_toplevel_stmts at /cache/build/builder-amdci4-8/julialang/julia-ci/src/toplevel.c:585
jl_toplevel_eval_flex at /cache/build/builder-amdci4-8/julialang/julia-ci/src/toplevel.c:683
ijl_toplevel_eval at /cache/build/builder-amdci4-8/julialang/julia-ci/src/toplevel.c:754
ijl_toplevel_eval_in at /cache/build/builder-amdci4-8/julialang/julia-ci/src/toplevel.c:799
eval at ./boot.jl:489
include_string at ./loading.jl:3033
_include at ./loading.jl:3093
include at ./Base.jl:309
exec_options at ./client.jl:344
_start at ./client.jl:577
jfptr__start_58396.1 at /home/swkim/.julia/juliaup/julia-1.13.1+0.x64.linux.gnu/lib/julia/sys.so (unknown line)
jl_apply at /cache/build/builder-amdci4-8/julialang/julia-ci/src/julia.h:2318 [inlined]
true_main at /cache/build/builder-amdci4-8/julialang/julia-ci/src/jlapi.c:985
jl_repl_entrypoint at /cache/build/builder-amdci4-8/julialang/julia-ci/src/jlapi.c:1152
main at /cache/build/builder-amdci4-8/julialang/julia-ci/cli/loader_exe.c:58
unknown function (ip: 0x7664e462a600) at /usr/lib/x86_64-linux-gnu/libc.so.6
__libc_start_main at /usr/lib/x86_64-linux-gnu/libc.so.6 (unknown line)
unknown function (ip: 0x4010b8) at /workspace/srcdir/glibc-2.17/csu/../sysdeps/x86_64/start.S
error in running finalizer: ErrorException("Gurobi Error 10017: ")
_check_ret at /home/swkim/.julia/packages/Gurobi/hs8RH/src/MOI_wrapper/MOI_wrapper.jl:417 [inlined]
#13 at /home/swkim/.julia/packages/Gurobi/hs8RH/src/MOI_wrapper/MOI_wrapper.jl:393
jfptr_YY.13_3659 at /home/swkim/.julia/compiled/v1.13/Gurobi/do9v6_EqQOZ.so (unknown line)
run_finalizer at /cache/build/builder-amdci4-8/julialang/julia-ci/src/gc-common.c:180
jl_gc_run_finalizers_in_list at /cache/build/builder-amdci4-8/julialang/julia-ci/src/gc-common.c:270
run_finalizers at /cache/build/builder-amdci4-8/julialang/julia-ci/src/gc-common.c:316
ijl_atexit_hook at /cache/build/builder-amdci4-8/julialang/julia-ci/src/init.c:295
jl_exit_thread0_cb at /cache/build/builder-amdci4-8/julialang/julia-ci/src/signals-unix.c:678
jl_fake_signal_return at /home/swkim/.julia/juliaup/julia-1.13.1+0.x64.linux.gnu/bin/../lib/julia/libjulia-internal.so.1.13 (unknown line)
uv__io_poll at /workspace/srcdir/libuv/src/unix/linux.c:1381
uv_run at /workspace/srcdir/libuv/src/unix/core.c:430
ijl_task_get_next at /cache/build/builder-amdci4-8/julialang/julia-ci/src/scheduler.c:533
wait at ./task.jl:1297
#wait#392 at ./condition.jl:141
wait at ./condition.jl:136 [inlined]
_trywait at ./asyncevent.jl:186
wait at ./asyncevent.jl:203 [inlined]
sleep at ./asyncevent.jl:321 [inlined]
#nz_alpha_bnb#471 at /home/swkim/robust_bilevel_network_games/nonzero_sum/nz_alpha_bnb.jl:528
nz_alpha_bnb at /home/swkim/robust_bilevel_network_games/nonzero_sum/nz_alpha_bnb.jl:340 [inlined]
#_nz_oracle!#541 at /home/swkim/robust_bilevel_network_games/nonzero_sum/nz_benders.jl:124
_nz_oracle! at /home/swkim/robust_bilevel_network_games/nonzero_sum/nz_benders.jl:119
unknown function (ip: 0x76641293ed3a) at (unknown file)
macro expansion at ./timing.jl:463 [inlined]
#nz_belief_menu_benders#545 at /home/swkim/robust_bilevel_network_games/nonzero_sum/nz_benders.jl:272
nz_belief_menu_benders at /home/swkim/robust_bilevel_network_games/nonzero_sum/nz_benders.jl:215
unknown function (ip: 0x76644c1e02af) at (unknown file)
top-level scope at /home/swkim/robust_bilevel_network_games/nonzero_sum/pilot_loc_random.jl:91
jl_toplevel_eval_flex at /cache/build/builder-amdci4-8/julialang/julia-ci/src/toplevel.c:731
jl_eval_toplevel_stmts at /cache/build/builder-amdci4-8/julialang/julia-ci/src/toplevel.c:585
jl_toplevel_eval_flex at /cache/build/builder-amdci4-8/julialang/julia-ci/src/toplevel.c:683
ijl_toplevel_eval at /cache/build/builder-amdci4-8/julialang/julia-ci/src/toplevel.c:754
ijl_toplevel_eval_in at /cache/build/builder-amdci4-8/julialang/julia-ci/src/toplevel.c:799
eval at ./boot.jl:489
include_string at ./loading.jl:3033
_include at ./loading.jl:3093
include at ./Base.jl:309
exec_options at ./client.jl:344
_start at ./client.jl:577
jfptr__start_58396.1 at /home/swkim/.julia/juliaup/julia-1.13.1+0.x64.linux.gnu/lib/julia/sys.so (unknown line)
jl_apply at /cache/build/builder-amdci4-8/julialang/julia-ci/src/julia.h:2318 [inlined]
true_main at /cache/build/builder-amdci4-8/julialang/julia-ci/src/jlapi.c:985
jl_repl_entrypoint at /cache/build/builder-amdci4-8/julialang/julia-ci/src/jlapi.c:1152
main at /cache/build/builder-amdci4-8/julialang/julia-ci/cli/loader_exe.c:58
unknown function (ip: 0x7664e462a600) at /usr/lib/x86_64-linux-gnu/libc.so.6
__libc_start_main at /usr/lib/x86_64-linux-gnu/libc.so.6 (unknown line)
unknown function (ip: 0x4010b8) at /workspace/srcdir/glibc-2.17/csu/../sysdeps/x86_64/start.S
error in running finalizer: ErrorException("Gurobi Error 10017: ")
_check_ret at /home/swkim/.julia/packages/Gurobi/hs8RH/src/MOI_wrapper/MOI_wrapper.jl:417 [inlined]
#13 at /home/swkim/.julia/packages/Gurobi/hs8RH/src/MOI_wrapper/MOI_wrapper.jl:393
jfptr_YY.13_3659 at /home/swkim/.julia/compiled/v1.13/Gurobi/do9v6_EqQOZ.so (unknown line)
run_finalizer at /cache/build/builder-amdci4-8/julialang/julia-ci/src/gc-common.c:180
jl_gc_run_finalizers_in_list at /cache/build/builder-amdci4-8/julialang/julia-ci/src/gc-common.c:270
run_finalizers at /cache/build/builder-amdci4-8/julialang/julia-ci/src/gc-common.c:316
ijl_atexit_hook at /cache/build/builder-amdci4-8/julialang/julia-ci/src/init.c:295
jl_exit_thread0_cb at /cache/build/builder-amdci4-8/julialang/julia-ci/src/signals-unix.c:678
jl_fake_signal_return at /home/swkim/.julia/juliaup/julia-1.13.1+0.x64.linux.gnu/bin/../lib/julia/libjulia-internal.so.1.13 (unknown line)
uv__io_poll at /workspace/srcdir/libuv/src/unix/linux.c:1381
uv_run at /workspace/srcdir/libuv/src/unix/core.c:430
ijl_task_get_next at /cache/build/builder-amdci4-8/julialang/julia-ci/src/scheduler.c:533
wait at ./task.jl:1297
#wait#392 at ./condition.jl:141
wait at ./condition.jl:136 [inlined]
_trywait at ./asyncevent.jl:186
wait at ./asyncevent.jl:203 [inlined]
sleep at ./asyncevent.jl:321 [inlined]
#nz_alpha_bnb#471 at /home/swkim/robust_bilevel_network_games/nonzero_sum/nz_alpha_bnb.jl:528
nz_alpha_bnb at /home/swkim/robust_bilevel_network_games/nonzero_sum/nz_alpha_bnb.jl:340 [inlined]
#_nz_oracle!#541 at /home/swkim/robust_bilevel_network_games/nonzero_sum/nz_benders.jl:124
_nz_oracle! at /home/swkim/robust_bilevel_network_games/nonzero_sum/nz_benders.jl:119
unknown function (ip: 0x76641293ed3a) at (unknown file)
macro expansion at ./timing.jl:463 [inlined]
#nz_belief_menu_benders#545 at /home/swkim/robust_bilevel_network_games/nonzero_sum/nz_benders.jl:272
nz_belief_menu_benders at /home/swkim/robust_bilevel_network_games/nonzero_sum/nz_benders.jl:215
unknown function (ip: 0x76644c1e02af) at (unknown file)
top-level scope at /home/swkim/robust_bilevel_network_games/nonzero_sum/pilot_loc_random.jl:91
jl_toplevel_eval_flex at /cache/build/builder-amdci4-8/julialang/julia-ci/src/toplevel.c:731
jl_eval_toplevel_stmts at /cache/build/builder-amdci4-8/julialang/julia-ci/src/toplevel.c:585
jl_toplevel_eval_flex at /cache/build/builder-amdci4-8/julialang/julia-ci/src/toplevel.c:683
ijl_toplevel_eval at /cache/build/builder-amdci4-8/julialang/julia-ci/src/toplevel.c:754
ijl_toplevel_eval_in at /cache/build/builder-amdci4-8/julialang/julia-ci/src/toplevel.c:799
eval at ./boot.jl:489
include_string at ./loading.jl:3033
_include at ./loading.jl:3093
include at ./Base.jl:309
exec_options at ./client.jl:344
_start at ./client.jl:577
jfptr__start_58396.1 at /home/swkim/.julia/juliaup/julia-1.13.1+0.x64.linux.gnu/lib/julia/sys.so (unknown line)
jl_apply at /cache/build/builder-amdci4-8/julialang/julia-ci/src/julia.h:2318 [inlined]
true_main at /cache/build/builder-amdci4-8/julialang/julia-ci/src/jlapi.c:985
jl_repl_entrypoint at /cache/build/builder-amdci4-8/julialang/julia-ci/src/jlapi.c:1152
main at /cache/build/builder-amdci4-8/julialang/julia-ci/cli/loader_exe.c:58
unknown function (ip: 0x7664e462a600) at /usr/lib/x86_64-linux-gnu/libc.so.6
__libc_start_main at /usr/lib/x86_64-linux-gnu/libc.so.6 (unknown line)
unknown function (ip: 0x4010b8) at /workspace/srcdir/glibc-2.17/csu/../sysdeps/x86_64/start.S
error in running finalizer: ErrorException("Gurobi Error 10017: ")
_check_ret at /home/swkim/.julia/packages/Gurobi/hs8RH/src/MOI_wrapper/MOI_wrapper.jl:417 [inlined]
#13 at /home/swkim/.julia/packages/Gurobi/hs8RH/src/MOI_wrapper/MOI_wrapper.jl:393
jfptr_YY.13_3659 at /home/swkim/.julia/compiled/v1.13/Gurobi/do9v6_EqQOZ.so (unknown line)
run_finalizer at /cache/build/builder-amdci4-8/julialang/julia-ci/src/gc-common.c:180
jl_gc_run_finalizers_in_list at /cache/build/builder-amdci4-8/julialang/julia-ci/src/gc-common.c:270
run_finalizers at /cache/build/builder-amdci4-8/julialang/julia-ci/src/gc-common.c:316
ijl_atexit_hook at /cache/build/builder-amdci4-8/julialang/julia-ci/src/init.c:295
jl_exit_thread0_cb at /cache/build/builder-amdci4-8/julialang/julia-ci/src/signals-unix.c:678
jl_fake_signal_return at /home/swkim/.julia/juliaup/julia-1.13.1+0.x64.linux.gnu/bin/../lib/julia/libjulia-internal.so.1.13 (unknown line)
uv__io_poll at /workspace/srcdir/libuv/src/unix/linux.c:1381
uv_run at /workspace/srcdir/libuv/src/unix/core.c:430
ijl_task_get_next at /cache/build/builder-amdci4-8/julialang/julia-ci/src/scheduler.c:533
wait at ./task.jl:1297
#wait#392 at ./condition.jl:141
wait at ./condition.jl:136 [inlined]
_trywait at ./asyncevent.jl:186
wait at ./asyncevent.jl:203 [inlined]
sleep at ./asyncevent.jl:321 [inlined]
#nz_alpha_bnb#471 at /home/swkim/robust_bilevel_network_games/nonzero_sum/nz_alpha_bnb.jl:528
nz_alpha_bnb at /home/swkim/robust_bilevel_network_games/nonzero_sum/nz_alpha_bnb.jl:340 [inlined]
#_nz_oracle!#541 at /home/swkim/robust_bilevel_network_games/nonzero_sum/nz_benders.jl:124
_nz_oracle! at /home/swkim/robust_bilevel_network_games/nonzero_sum/nz_benders.jl:119
unknown function (ip: 0x76641293ed3a) at (unknown file)
macro expansion at ./timing.jl:463 [inlined]
#nz_belief_menu_benders#545 at /home/swkim/robust_bilevel_network_games/nonzero_sum/nz_benders.jl:272
nz_belief_menu_benders at /home/swkim/robust_bilevel_network_games/nonzero_sum/nz_benders.jl:215
unknown function (ip: 0x76644c1e02af) at (unknown file)
top-level scope at /home/swkim/robust_bilevel_network_games/nonzero_sum/pilot_loc_random.jl:91
jl_toplevel_eval_flex at /cache/build/builder-amdci4-8/julialang/julia-ci/src/toplevel.c:731
jl_eval_toplevel_stmts at /cache/build/builder-amdci4-8/julialang/julia-ci/src/toplevel.c:585
jl_toplevel_eval_flex at /cache/build/builder-amdci4-8/julialang/julia-ci/src/toplevel.c:683
ijl_toplevel_eval at /cache/build/builder-amdci4-8/julialang/julia-ci/src/toplevel.c:754
ijl_toplevel_eval_in at /cache/build/builder-amdci4-8/julialang/julia-ci/src/toplevel.c:799
eval at ./boot.jl:489
include_string at ./loading.jl:3033
_include at ./loading.jl:3093
include at ./Base.jl:309
exec_options at ./client.jl:344
_start at ./client.jl:577
jfptr__start_58396.1 at /home/swkim/.julia/juliaup/julia-1.13.1+0.x64.linux.gnu/lib/julia/sys.so (unknown line)
jl_apply at /cache/build/builder-amdci4-8/julialang/julia-ci/src/julia.h:2318 [inlined]
true_main at /cache/build/builder-amdci4-8/julialang/julia-ci/src/jlapi.c:985
jl_repl_entrypoint at /cache/build/builder-amdci4-8/julialang/julia-ci/src/jlapi.c:1152
main at /cache/build/builder-amdci4-8/julialang/julia-ci/cli/loader_exe.c:58
unknown function (ip: 0x7664e462a600) at /usr/lib/x86_64-linux-gnu/libc.so.6
__libc_start_main at /usr/lib/x86_64-linux-gnu/libc.so.6 (unknown line)
unknown function (ip: 0x4010b8) at /workspace/srcdir/glibc-2.17/csu/../sysdeps/x86_64/start.S
error in running finalizer: ErrorException("Gurobi Error 10017: ")
_check_ret at /home/swkim/.julia/packages/Gurobi/hs8RH/src/MOI_wrapper/MOI_wrapper.jl:417 [inlined]
#13 at /home/swkim/.julia/packages/Gurobi/hs8RH/src/MOI_wrapper/MOI_wrapper.jl:393
jfptr_YY.13_3659 at /home/swkim/.julia/compiled/v1.13/Gurobi/do9v6_EqQOZ.so (unknown line)
run_finalizer at /cache/build/builder-amdci4-8/julialang/julia-ci/src/gc-common.c:180
jl_gc_run_finalizers_in_list at /cache/build/builder-amdci4-8/julialang/julia-ci/src/gc-common.c:270
run_finalizers at /cache/build/builder-amdci4-8/julialang/julia-ci/src/gc-common.c:316
ijl_atexit_hook at /cache/build/builder-amdci4-8/julialang/julia-ci/src/init.c:295
jl_exit_thread0_cb at /cache/build/builder-amdci4-8/julialang/julia-ci/src/signals-unix.c:678
jl_fake_signal_return at /home/swkim/.julia/juliaup/julia-1.13.1+0.x64.linux.gnu/bin/../lib/julia/libjulia-internal.so.1.13 (unknown line)
uv__io_poll at /workspace/srcdir/libuv/src/unix/linux.c:1381
uv_run at /workspace/srcdir/libuv/src/unix/core.c:430
ijl_task_get_next at /cache/build/builder-amdci4-8/julialang/julia-ci/src/scheduler.c:533
wait at ./task.jl:1297
#wait#392 at ./condition.jl:141
wait at ./condition.jl:136 [inlined]
_trywait at ./asyncevent.jl:186
wait at ./asyncevent.jl:203 [inlined]
sleep at ./asyncevent.jl:321 [inlined]
#nz_alpha_bnb#471 at /home/swkim/robust_bilevel_network_games/nonzero_sum/nz_alpha_bnb.jl:528
nz_alpha_bnb at /home/swkim/robust_bilevel_network_games/nonzero_sum/nz_alpha_bnb.jl:340 [inlined]
#_nz_oracle!#541 at /home/swkim/robust_bilevel_network_games/nonzero_sum/nz_benders.jl:124
_nz_oracle! at /home/swkim/robust_bilevel_network_games/nonzero_sum/nz_benders.jl:119
unknown function (ip: 0x76641293ed3a) at (unknown file)
macro expansion at ./timing.jl:463 [inlined]
#nz_belief_menu_benders#545 at /home/swkim/robust_bilevel_network_games/nonzero_sum/nz_benders.jl:272
nz_belief_menu_benders at /home/swkim/robust_bilevel_network_games/nonzero_sum/nz_benders.jl:215
unknown function (ip: 0x76644c1e02af) at (unknown file)
top-level scope at /home/swkim/robust_bilevel_network_games/nonzero_sum/pilot_loc_random.jl:91
jl_toplevel_eval_flex at /cache/build/builder-amdci4-8/julialang/julia-ci/src/toplevel.c:731
jl_eval_toplevel_stmts at /cache/build/builder-amdci4-8/julialang/julia-ci/src/toplevel.c:585
jl_toplevel_eval_flex at /cache/build/builder-amdci4-8/julialang/julia-ci/src/toplevel.c:683
ijl_toplevel_eval at /cache/build/builder-amdci4-8/julialang/julia-ci/src/toplevel.c:754
ijl_toplevel_eval_in at /cache/build/builder-amdci4-8/julialang/julia-ci/src/toplevel.c:799
eval at ./boot.jl:489
include_string at ./loading.jl:3033
_include at ./loading.jl:3093
include at ./Base.jl:309
exec_options at ./client.jl:344
_start at ./client.jl:577
jfptr__start_58396.1 at /home/swkim/.julia/juliaup/julia-1.13.1+0.x64.linux.gnu/lib/julia/sys.so (unknown line)
jl_apply at /cache/build/builder-amdci4-8/julialang/julia-ci/src/julia.h:2318 [inlined]
true_main at /cache/build/builder-amdci4-8/julialang/julia-ci/src/jlapi.c:985
jl_repl_entrypoint at /cache/build/builder-amdci4-8/julialang/julia-ci/src/jlapi.c:1152
main at /cache/build/builder-amdci4-8/julialang/julia-ci/cli/loader_exe.c:58
unknown function (ip: 0x7664e462a600) at /usr/lib/x86_64-linux-gnu/libc.so.6
__libc_start_main at /usr/lib/x86_64-linux-gnu/libc.so.6 (unknown line)
unknown function (ip: 0x4010b8) at /workspace/srcdir/glibc-2.17/csu/../sysdeps/x86_64/start.S
error in running finalizer: ErrorException("Gurobi Error 10017: ")
_check_ret at /home/swkim/.julia/packages/Gurobi/hs8RH/src/MOI_wrapper/MOI_wrapper.jl:417 [inlined]
#13 at /home/swkim/.julia/packages/Gurobi/hs8RH/src/MOI_wrapper/MOI_wrapper.jl:393
jfptr_YY.13_3659 at /home/swkim/.julia/compiled/v1.13/Gurobi/do9v6_EqQOZ.so (unknown line)
run_finalizer at /cache/build/builder-amdci4-8/julialang/julia-ci/src/gc-common.c:180
jl_gc_run_finalizers_in_list at /cache/build/builder-amdci4-8/julialang/julia-ci/src/gc-common.c:270
run_finalizers at /cache/build/builder-amdci4-8/julialang/julia-ci/src/gc-common.c:316
ijl_atexit_hook at /cache/build/builder-amdci4-8/julialang/julia-ci/src/init.c:295
jl_exit_thread0_cb at /cache/build/builder-amdci4-8/julialang/julia-ci/src/signals-unix.c:678
jl_fake_signal_return at /home/swkim/.julia/juliaup/julia-1.13.1+0.x64.linux.gnu/bin/../lib/julia/libjulia-internal.so.1.13 (unknown line)
uv__io_poll at /workspace/srcdir/libuv/src/unix/linux.c:1381
uv_run at /workspace/srcdir/libuv/src/unix/core.c:430
ijl_task_get_next at /cache/build/builder-amdci4-8/julialang/julia-ci/src/scheduler.c:533
wait at ./task.jl:1297
#wait#392 at ./condition.jl:141
wait at ./condition.jl:136 [inlined]
_trywait at ./asyncevent.jl:186
wait at ./asyncevent.jl:203 [inlined]
sleep at ./asyncevent.jl:321 [inlined]
#nz_alpha_bnb#471 at /home/swkim/robust_bilevel_network_games/nonzero_sum/nz_alpha_bnb.jl:528
nz_alpha_bnb at /home/swkim/robust_bilevel_network_games/nonzero_sum/nz_alpha_bnb.jl:340 [inlined]
#_nz_oracle!#541 at /home/swkim/robust_bilevel_network_games/nonzero_sum/nz_benders.jl:124
_nz_oracle! at /home/swkim/robust_bilevel_network_games/nonzero_sum/nz_benders.jl:119
unknown function (ip: 0x76641293ed3a) at (unknown file)
macro expansion at ./timing.jl:463 [inlined]
#nz_belief_menu_benders#545 at /home/swkim/robust_bilevel_network_games/nonzero_sum/nz_benders.jl:272
nz_belief_menu_benders at /home/swkim/robust_bilevel_network_games/nonzero_sum/nz_benders.jl:215
unknown function (ip: 0x76644c1e02af) at (unknown file)
top-level scope at /home/swkim/robust_bilevel_network_games/nonzero_sum/pilot_loc_random.jl:91
jl_toplevel_eval_flex at /cache/build/builder-amdci4-8/julialang/julia-ci/src/toplevel.c:731
jl_eval_toplevel_stmts at /cache/build/builder-amdci4-8/julialang/julia-ci/src/toplevel.c:585
jl_toplevel_eval_flex at /cache/build/builder-amdci4-8/julialang/julia-ci/src/toplevel.c:683
ijl_toplevel_eval at /cache/build/builder-amdci4-8/julialang/julia-ci/src/toplevel.c:754
ijl_toplevel_eval_in at /cache/build/builder-amdci4-8/julialang/julia-ci/src/toplevel.c:799
eval at ./boot.jl:489
include_string at ./loading.jl:3033
_include at ./loading.jl:3093
include at ./Base.jl:309
exec_options at ./client.jl:344
_start at ./client.jl:577
jfptr__start_58396.1 at /home/swkim/.julia/juliaup/julia-1.13.1+0.x64.linux.gnu/lib/julia/sys.so (unknown line)
jl_apply at /cache/build/builder-amdci4-8/julialang/julia-ci/src/julia.h:2318 [inlined]
true_main at /cache/build/builder-amdci4-8/julialang/julia-ci/src/jlapi.c:985
jl_repl_entrypoint at /cache/build/builder-amdci4-8/julialang/julia-ci/src/jlapi.c:1152
main at /cache/build/builder-amdci4-8/julialang/julia-ci/cli/loader_exe.c:58
unknown function (ip: 0x7664e462a600) at /usr/lib/x86_64-linux-gnu/libc.so.6
__libc_start_main at /usr/lib/x86_64-linux-gnu/libc.so.6 (unknown line)
unknown function (ip: 0x4010b8) at /workspace/srcdir/glibc-2.17/csu/../sysdeps/x86_64/start.S
error in running finalizer: ErrorException("Gurobi Error 10017: ")
_check_ret at /home/swkim/.julia/packages/Gurobi/hs8RH/src/MOI_wrapper/MOI_wrapper.jl:417 [inlined]
#13 at /home/swkim/.julia/packages/Gurobi/hs8RH/src/MOI_wrapper/MOI_wrapper.jl:393
jfptr_YY.13_3659 at /home/swkim/.julia/compiled/v1.13/Gurobi/do9v6_EqQOZ.so (unknown line)
run_finalizer at /cache/build/builder-amdci4-8/julialang/julia-ci/src/gc-common.c:180
jl_gc_run_finalizers_in_list at /cache/build/builder-amdci4-8/julialang/julia-ci/src/gc-common.c:270
run_finalizers at /cache/build/builder-amdci4-8/julialang/julia-ci/src/gc-common.c:316
ijl_atexit_hook at /cache/build/builder-amdci4-8/julialang/julia-ci/src/init.c:295
jl_exit_thread0_cb at /cache/build/builder-amdci4-8/julialang/julia-ci/src/signals-unix.c:678
jl_fake_signal_return at /home/swkim/.julia/juliaup/julia-1.13.1+0.x64.linux.gnu/bin/../lib/julia/libjulia-internal.so.1.13 (unknown line)
uv__io_poll at /workspace/srcdir/libuv/src/unix/linux.c:1381
uv_run at /workspace/srcdir/libuv/src/unix/core.c:430
ijl_task_get_next at /cache/build/builder-amdci4-8/julialang/julia-ci/src/scheduler.c:533
wait at ./task.jl:1297
#wait#392 at ./condition.jl:141
wait at ./condition.jl:136 [inlined]
_trywait at ./asyncevent.jl:186
wait at ./asyncevent.jl:203 [inlined]
sleep at ./asyncevent.jl:321 [inlined]
#nz_alpha_bnb#471 at /home/swkim/robust_bilevel_network_games/nonzero_sum/nz_alpha_bnb.jl:528
nz_alpha_bnb at /home/swkim/robust_bilevel_network_games/nonzero_sum/nz_alpha_bnb.jl:340 [inlined]
#_nz_oracle!#541 at /home/swkim/robust_bilevel_network_games/nonzero_sum/nz_benders.jl:124
_nz_oracle! at /home/swkim/robust_bilevel_network_games/nonzero_sum/nz_benders.jl:119
unknown function (ip: 0x76641293ed3a) at (unknown file)
macro expansion at ./timing.jl:463 [inlined]
#nz_belief_menu_benders#545 at /home/swkim/robust_bilevel_network_games/nonzero_sum/nz_benders.jl:272
nz_belief_menu_benders at /home/swkim/robust_bilevel_network_games/nonzero_sum/nz_benders.jl:215
unknown function (ip: 0x76644c1e02af) at (unknown file)
top-level scope at /home/swkim/robust_bilevel_network_games/nonzero_sum/pilot_loc_random.jl:91
jl_toplevel_eval_flex at /cache/build/builder-amdci4-8/julialang/julia-ci/src/toplevel.c:731
jl_eval_toplevel_stmts at /cache/build/builder-amdci4-8/julialang/julia-ci/src/toplevel.c:585
jl_toplevel_eval_flex at /cache/build/builder-amdci4-8/julialang/julia-ci/src/toplevel.c:683
ijl_toplevel_eval at /cache/build/builder-amdci4-8/julialang/julia-ci/src/toplevel.c:754
ijl_toplevel_eval_in at /cache/build/builder-amdci4-8/julialang/julia-ci/src/toplevel.c:799
eval at ./boot.jl:489
include_string at ./loading.jl:3033
_include at ./loading.jl:3093
include at ./Base.jl:309
exec_options at ./client.jl:344
_start at ./client.jl:577
jfptr__start_58396.1 at /home/swkim/.julia/juliaup/julia-1.13.1+0.x64.linux.gnu/lib/julia/sys.so (unknown line)
jl_apply at /cache/build/builder-amdci4-8/julialang/julia-ci/src/julia.h:2318 [inlined]
true_main at /cache/build/builder-amdci4-8/julialang/julia-ci/src/jlapi.c:985
jl_repl_entrypoint at /cache/build/builder-amdci4-8/julialang/julia-ci/src/jlapi.c:1152
main at /cache/build/builder-amdci4-8/julialang/julia-ci/cli/loader_exe.c:58
unknown function (ip: 0x7664e462a600) at /usr/lib/x86_64-linux-gnu/libc.so.6
__libc_start_main at /usr/lib/x86_64-linux-gnu/libc.so.6 (unknown line)
unknown function (ip: 0x4010b8) at /workspace/srcdir/glibc-2.17/csu/../sysdeps/x86_64/start.S
error in running finalizer: ErrorException("Gurobi Error 10017: ")
_check_ret at /home/swkim/.julia/packages/Gurobi/hs8RH/src/MOI_wrapper/MOI_wrapper.jl:417 [inlined]
#13 at /home/swkim/.julia/packages/Gurobi/hs8RH/src/MOI_wrapper/MOI_wrapper.jl:393
jfptr_YY.13_3659 at /home/swkim/.julia/compiled/v1.13/Gurobi/do9v6_EqQOZ.so (unknown line)
run_finalizer at /cache/build/builder-amdci4-8/julialang/julia-ci/src/gc-common.c:180
jl_gc_run_finalizers_in_list at /cache/build/builder-amdci4-8/julialang/julia-ci/src/gc-common.c:270
run_finalizers at /cache/build/builder-amdci4-8/julialang/julia-ci/src/gc-common.c:316
ijl_atexit_hook at /cache/build/builder-amdci4-8/julialang/julia-ci/src/init.c:295
jl_exit_thread0_cb at /cache/build/builder-amdci4-8/julialang/julia-ci/src/signals-unix.c:678
jl_fake_signal_return at /home/swkim/.julia/juliaup/julia-1.13.1+0.x64.linux.gnu/bin/../lib/julia/libjulia-internal.so.1.13 (unknown line)
uv__io_poll at /workspace/srcdir/libuv/src/unix/linux.c:1381
uv_run at /workspace/srcdir/libuv/src/unix/core.c:430
ijl_task_get_next at /cache/build/builder-amdci4-8/julialang/julia-ci/src/scheduler.c:533
wait at ./task.jl:1297
#wait#392 at ./condition.jl:141
wait at ./condition.jl:136 [inlined]
_trywait at ./asyncevent.jl:186
wait at ./asyncevent.jl:203 [inlined]
sleep at ./asyncevent.jl:321 [inlined]
#nz_alpha_bnb#471 at /home/swkim/robust_bilevel_network_games/nonzero_sum/nz_alpha_bnb.jl:528
nz_alpha_bnb at /home/swkim/robust_bilevel_network_games/nonzero_sum/nz_alpha_bnb.jl:340 [inlined]
#_nz_oracle!#541 at /home/swkim/robust_bilevel_network_games/nonzero_sum/nz_benders.jl:124
_nz_oracle! at /home/swkim/robust_bilevel_network_games/nonzero_sum/nz_benders.jl:119
unknown function (ip: 0x76641293ed3a) at (unknown file)
macro expansion at ./timing.jl:463 [inlined]
#nz_belief_menu_benders#545 at /home/swkim/robust_bilevel_network_games/nonzero_sum/nz_benders.jl:272
nz_belief_menu_benders at /home/swkim/robust_bilevel_network_games/nonzero_sum/nz_benders.jl:215
unknown function (ip: 0x76644c1e02af) at (unknown file)
top-level scope at /home/swkim/robust_bilevel_network_games/nonzero_sum/pilot_loc_random.jl:91
jl_toplevel_eval_flex at /cache/build/builder-amdci4-8/julialang/julia-ci/src/toplevel.c:731
jl_eval_toplevel_stmts at /cache/build/builder-amdci4-8/julialang/julia-ci/src/toplevel.c:585
jl_toplevel_eval_flex at /cache/build/builder-amdci4-8/julialang/julia-ci/src/toplevel.c:683
ijl_toplevel_eval at /cache/build/builder-amdci4-8/julialang/julia-ci/src/toplevel.c:754
ijl_toplevel_eval_in at /cache/build/builder-amdci4-8/julialang/julia-ci/src/toplevel.c:799
eval at ./boot.jl:489
include_string at ./loading.jl:3033
_include at ./loading.jl:3093
include at ./Base.jl:309
exec_options at ./client.jl:344
_start at ./client.jl:577
jfptr__start_58396.1 at /home/swkim/.julia/juliaup/julia-1.13.1+0.x64.linux.gnu/lib/julia/sys.so (unknown line)
jl_apply at /cache/build/builder-amdci4-8/julialang/julia-ci/src/julia.h:2318 [inlined]
true_main at /cache/build/builder-amdci4-8/julialang/julia-ci/src/jlapi.c:985
jl_repl_entrypoint at /cache/build/builder-amdci4-8/julialang/julia-ci/src/jlapi.c:1152
main at /cache/build/builder-amdci4-8/julialang/julia-ci/cli/loader_exe.c:58
unknown function (ip: 0x7664e462a600) at /usr/lib/x86_64-linux-gnu/libc.so.6
__libc_start_main at /usr/lib/x86_64-linux-gnu/libc.so.6 (unknown line)
unknown function (ip: 0x4010b8) at /workspace/srcdir/glibc-2.17/csu/../sysdeps/x86_64/start.S
--- (중단: 2026-10-08, 8 개 도시 벤치마크 먼저)
