Set parameter Username
Set parameter LicenseID to value 2839433
Academic license - for non-commercial use only - expires 2027-06-29
quota=100 β=0.2 ε=0.1 | rect x*=[1]       -971.9583 | δ=0.1  x*=[1]       -971.9583 (x*_rect 에서   -0.00) | δ=0.0  x*=[1]       -971.9583 (x*_rect 에서   -0.00) | binding x 4/16 | TL 0 | 15s
quota=100 β=0.2 ε=0.2 | rect x*=[1]       -937.5000 | δ=0.1  x*=[1]       -937.5000 (x*_rect 에서    0.00) | δ=0.0  x*=[1]       -937.5000 (x*_rect 에서    0.00) | binding x 4/16 | TL 0 | 15s
quota=100 β=0.2 ε=0.3 | rect x*=[2]       -849.1250 | δ=0.1  x*=[2]       -849.1250 (x*_rect 에서    0.00) | δ=0.0  x*=[2]       -849.1250 (x*_rect 에서    0.00) | binding x 8/16 | TL 0 | 13s
quota=100 β=0.4 ε=0.1 | rect x*=[1]       -931.0831 | δ=0.1  x*=[1]       -931.0833 (x*_rect 에서    0.00) | δ=0.0  x*=[1]       -931.0833 (x*_rect 에서    0.00) | binding x 4/16 | TL 0 | 9s
quota=100 β=0.4 ε=0.2 | rect x*=[1]       -911.8333 | δ=0.1  x*=[1]       -911.8333 (x*_rect 에서    0.00) | δ=0.0  x*=[1]       -911.8333 (x*_rect 에서    0.00) | binding x 4/16 | TL 0 | 12s
quota=100 β=0.4 ε=0.3 | rect x*=[2]       -836.0000 | δ=0.1  x*=[2]       -836.0000 (x*_rect 에서    0.00) | δ=0.0  x*=[2]       -836.0000 (x*_rect 에서    0.00) | binding x 0/16 | TL 0 | 12s
quota=100 β=0.6 ε=0.1 | rect x*=[1]       -899.0000 | δ=0.1  x*=[1]       -899.0000 (x*_rect 에서    0.00) | δ=0.0  x*=[1]       -899.0000 (x*_rect 에서    0.00) | binding x 4/16 | TL 0 | 12s
quota=100 β=0.6 ε=0.2 | rect x*=[1]       -899.0000 | δ=0.1  x*=[1]       -899.0000 (x*_rect 에서    0.00) | δ=0.0  x*=[1]       -899.0000 (x*_rect 에서    0.00) | binding x 4/16 | TL 0 | 16s
quota=100 β=0.6 ε=0.3 | rect x*=[2]       -836.0000 | δ=0.1  x*=[2]       -836.0000 (x*_rect 에서    0.00) | δ=0.0  x*=[2]       -836.0000 (x*_rect 에서    0.00) | binding x 0/16 | TL 0 | 12s
quota=150 β=0.2 ε=0.1 | rect x*=[1, 2]    -917.5625 | δ=0.1  x*=[1, 2]    -917.5625 (x*_rect 에서   -0.00) | δ=0.0  x*=[1, 2]    -919.5208 (x*_rect 에서    1.96) | binding x 4/16 | TL 0 | 30s
quota=150 β=0.2 ε=0.2 | rect x*=[1, 2]    -870.1667 | δ=0.1  x*=[1, 2]    -870.1875 (x*_rect 에서    0.02) | δ=0.0  x*=[1, 2]    -876.4375 (x*_rect 에서    6.27) | binding x 8/16 | TL 0 | 139s
quota=150 β=0.2 ε=0.3 | rect x*=[2]       -849.1250 | δ=0.1  x*=[1, 2]    -870.1875 (x*_rect 에서    0.00) ← 결정 변경 | δ=0.0  x*=[1, 2]    -876.4375 (x*_rect 에서    0.00) ← 결정 변경 | binding x 8/16 | TL 0 | 62s
quota=150 β=0.4 ε=0.1 | rect x*=[1, 2]    -868.5556 | δ=0.1  x*=[1, 3]          NaN (x*_rect 에서    0.00) ← 결정 변경 | δ=0.0  x*=[1, 2]    -868.5556 (x*_rect 에서    0.00) | binding x 0/16 | TL 1 | 173s
quota=150 β=0.4 ε=0.2 | rect x*=[1, 2]    -863.7222 | δ=0.1  x*=[1, 2]    -863.7222 (x*_rect 에서   -0.00) | δ=0.0  x*=[1, 2]    -865.8650 (x*_rect 에서    2.14) | binding x 4/16 | TL 0 | 168s
quota=150 β=0.4 ε=0.3 | rect x*=[2]       -836.0000 | δ=0.1  x*=[1, 2]    -860.5000 (x*_rect 에서    0.00) ← 결정 변경 | δ=0.0  x*=[1, 2]    -865.0833 (x*_rect 에서    0.00) ← 결정 변경 | binding x 4/16 | TL 0 | 16s
quota=150 β=0.6 ε=0.1 | rect x*=[1, 2]    -860.5000 | δ=0.1  x*=[1, 2]    -860.5000 (x*_rect 에서    0.00) | δ=0.0  x*=[1, 2]    -860.5000 (x*_rect 에서    0.00) | binding x 0/16 | TL 0 | 29s
quota=150 β=0.6 ε=0.2 | rect x*=[1, 2]    -860.5000 | δ=0.1  x*=[1, 2]    -860.5000 (x*_rect 에서   -0.00) | δ=0.0  x*=[1, 2]    -860.5000 (x*_rect 에서    0.00) | binding x 0/16 | TL 0 | 30s
quota=150 β=0.6 ε=0.3 | rect x*=[2]       -836.0000 | δ=0.1  x*=[1, 2]    -853.1111 (x*_rect 에서    0.00) ← 결정 변경 | δ=0.0  x*=[1, 2]    -860.5000 (x*_rect 에서    0.00) ← 결정 변경 | binding x 4/16 | TL 0 | 17s
quota=200 β=0.2 ε=0.1 | rect x*=[1, 2]   -1035.7708 | δ=0.1  x*=[1, 2]   -1035.7708 (x*_rect 에서   -0.00) | δ=0.0  x*=[1, 2]   -1049.6411 (x*_rect 에서   13.87) | binding x 8/16 | TL 0 | 133s
quota=200 β=0.2 ε=0.2 | rect x*=[1, 2]    -963.1667 | δ=0.1  x*=[1, 2]    -976.8495 (x*_rect 에서   13.68) | δ=0.0  x*=[1, 2]    -996.1667 (x*_rect 에서   33.00) | binding x 8/16 | TL 0 | 48s
quota=200 β=0.2 ε=0.3 | rect x*=[1, 3, 4]        NaN | δ=0.1  x*=[1, 2]    -954.3958 (x*_rect 에서     NaN) ← 결정 변경 | δ=0.0  x*=[1, 2]    -956.1667 (x*_rect 에서     NaN) ← 결정 변경 | binding x 7/16 | TL 1 | 218s
quota=200 β=0.4 ε=0.1 | rect x*=[1, 2]    -950.8889 | δ=0.1  x*=[1, 2]    -950.8889 (x*_rect 에서    0.00) | δ=0.0  x*=[1, 2]    -966.1010 (x*_rect 에서   15.21) | binding x 8/16 | TL 0 | 84s
quota=200 β=0.4 ε=0.2 | rect x*=[1, 2]    -914.0556 | δ=0.1  x*=[1, 2]    -914.0556 (x*_rect 에서    0.00) | δ=0.0  x*=[1, 2]    -919.7697 (x*_rect 에서    5.71) | binding x 8/16 | TL 0 | 158s
quota=200 β=0.4 ε=0.3 | rect x*=[1, 2]    -889.5000 | δ=0.1  x*=[1, 2]    -889.5000 (x*_rect 에서    0.00) | δ=0.0  x*=[1, 2]    -889.5000 (x*_rect 에서    0.00) | binding x 4/16 | TL 0 | 30s
quota=200 β=0.6 ε=0.1 | rect x*=[1, 2]    -889.5000 | δ=0.1  x*=[1, 2]    -889.5000 (x*_rect 에서    0.00) | δ=0.0  x*=[1, 2]    -889.5000 (x*_rect 에서    0.00) | binding x 0/16 | TL 0 | 20s
quota=200 β=0.6 ε=0.2 | rect x*=[1, 2]    -889.5000 | δ=0.1  x*=[1, 2]    -889.5000 (x*_rect 에서    0.00) | δ=0.0  x*=[1, 2]    -889.5000 (x*_rect 에서    0.00) | binding x 0/16 | TL 0 | 25s
quota=200 β=0.6 ε=0.3 | rect x*=[1, 2]    -889.5000 | δ=0.1  x*=[1, 2]    -889.5000 (x*_rect 에서    0.00) | δ=0.0  x*=[1, 2]    -889.5000 (x*_rect 에서    0.00) | binding x 0/16 | TL 0 | 25s
quota=300 β=0.2 ε=0.1 | rect x*=[1, 2]   -1081.3333 | δ=0.1  x*=[1, 2]   -1081.3320 (x*_rect 에서   -0.00) | δ=0.0  x*=[1, 2]   -1081.3333 (x*_rect 에서    0.00) | binding x 4/16 | TL 0 | 117s
quota=300 β=0.2 ε=0.2 | rect x*=[1, 2]    -996.1667 | δ=0.1  x*=[1, 2]    -996.1667 (x*_rect 에서    0.00) | δ=0.0  x*=[1, 2]    -996.1667 (x*_rect 에서    0.00) | binding x 4/16 | TL 0 | 97s
quota=300 β=0.2 ε=0.3 | rect x*=[1]             NaN | δ=0.1  x*=[1, 2]    -956.1667 (x*_rect 에서     NaN) ← 결정 변경 | δ=0.0  x*=[1, 2]    -956.1667 (x*_rect 에서     NaN) ← 결정 변경 | binding x 2/16 | TL 2 | 364s
quota=300 β=0.4 ε=0.1 | rect x*=[1, 2]    -978.3889 | δ=0.1  x*=[1, 2]    -978.3889 (x*_rect 에서    0.00) | δ=0.0  x*=[1, 2]    -978.3889 (x*_rect 에서    0.00) | binding x 4/16 | TL 0 | 57s
quota=300 β=0.4 ε=0.2 | rect x*=[1, 3, 4]        NaN | δ=0.1  x*=[1, 2]    -925.0556 (x*_rect 에서     NaN) ← 결정 변경 | δ=0.0  x*=[1, 2]    -925.0556 (x*_rect 에서     NaN) ← 결정 변경 | binding x 3/16 | TL 1 | 340s
quota=300 β=0.4 ε=0.3 | rect x*=[1, 2]    -889.5000 | δ=0.1  x*=[1, 2]    -889.5000 (x*_rect 에서    0.00) | δ=0.0  x*=[1, 2]    -889.5000 (x*_rect 에서    0.00) | binding x 4/16 | TL 0 | 49s
quota=300 β=0.6 ε=0.1 | rect x*=[1, 2]    -889.5000 | δ=0.1  x*=[1, 2]    -889.5000 (x*_rect 에서    0.00) | δ=0.0  x*=[1, 2]    -889.5000 (x*_rect 에서    0.00) | binding x 4/16 | TL 0 | 21s
quota=300 β=0.6 ε=0.2 | rect x*=[1, 2]    -889.5000 | δ=0.1  x*=[1, 2]    -889.5000 (x*_rect 에서    0.00) | δ=0.0  x*=[1, 2]    -889.5000 (x*_rect 에서    0.00) | binding x 4/16 | TL 0 | 46s
quota=300 β=0.6 ε=0.3 | rect x*=[1, 2]    -889.5000 | δ=0.1  x*=[1, 2]    -889.5000 (x*_rect 에서    0.00) | δ=0.0  x*=[1, 2]    -889.5000 (x*_rect 에서    0.00) | binding x 4/16 | TL 0 | 39s
