Set parameter WLSAccessID
Set parameter WLSSecret
Set parameter LicenseID to value 926906
Academic license 926906 - for non-commercial use only - registered to se___@postech.ac.kr
grid3x3 S=3 seed=1 K=17            ε̂=0.20 ε̃=0.20 β=0.4 | x with R>V0:  0/16 | max rel(R−Vδ)=2.369e-08 (x = [9, 11], R = 5.000001, Rp = 5.000001, Vd = 5.000000881565338, V0 = 5.000000880186471) | max rel(Rp−Vδ)=2.369e-08 (x = [9, 11], R = 5.000001, Rp = 5.000001, Vd = 5.000000881565338, V0 = 5.000000880186471) (12s)
grid3x3 S=3 seed=1 K=17            ε̂=0.20 ε̃=0.20 β=0.7 | x with R>V0:  0/16 | max rel(R−Vδ)=1.250e-07 (x = [10], R = 8.000001, Rp = 8.000001, Vd = 8.0, V0 = 8.000001) | max rel(Rp−Vδ)=1.250e-07 (x = [10], R = 8.000001, Rp = 8.000001, Vd = 8.0, V0 = 8.000001) (6s)
grid3x3 S=3 seed=1 K=17            ε̂=0.10 ε̃=0.30 β=0.4 | x with R>V0:  0/16 | max rel(R−Vδ)=6.734e-08 (x = [5, 10], R = 7.444445131766159, Rp = 7.44444516751115, Vd = 7.444444630456567, V0 = 7.444445166666666) | max rel(Rp−Vδ)=8.041e-08 (x = [10, 11], R = 5.999999999000002, Rp = 6.000000481481514, Vd = 5.999999999000002, V0 = 6.000000074074048) (8s)
grid3x3 S=3 seed=1 K=17            ε̂=0.10 ε̃=0.30 β=0.7 | x with R>V0:  0/16 | max rel(R−Vδ)=1.000e-07 (x = Int64[], R = 10.000001, Rp = 10.000001, Vd = 10.0, V0 = 10.0) | max rel(Rp−Vδ)=1.000e-07 (x = Int64[], R = 10.000001, Rp = 10.000001, Vd = 10.0, V0 = 10.0) (6s)
grid3x3 S=3 seed=1 K=17            ε̂=0.05 ε̃=0.30 β=0.4 | x with R>V0:  0/16 | max rel(R−Vδ)=2.000e-07 (x = [9, 11], R = 5.000001, Rp = 5.0, Vd = 5.0, V0 = 5.0000006333620375) | max rel(Rp−Vδ)=7.209e-10 (x = [6, 10], R = 7.6388888838889315, Rp = 7.638888888888888, Vd = 7.638888883382351, V0 = 7.638889527777777) (8s)
grid3x3 S=3 seed=1 K=17            ε̂=0.05 ε̃=0.30 β=0.7 | x with R>V0:  0/16 | max rel(R−Vδ)=2.000e-07 (x = [9, 11], R = 5.000001, Rp = 5.0, Vd = 5.0, V0 = 5.000000995520536) | max rel(Rp−Vδ)=3.125e-08 (x = [5, 10], R = 8.0, Rp = 8.00000025, Vd = 8.0, V0 = 8.000000666666555) (6s)
grid3x3 S=3 seed=1 K=17            ε̂=0.00 ε̃=0.30 β=0.4 | x with R>V0:  0/16 | max rel(R−Vδ)=1.000e-07 (x = [9, 11], R = 5.000001, Rp = 5.0, Vd = 5.0000005000000005, V0 = 5.000000552773823) | max rel(Rp−Vδ)=7.353e-08 (x = [10], R = 7.555555555555555, Rp = 7.555556111111111, Vd = 7.555555555555555, V0 = 7.555555555555555) (8s)
grid3x3 S=3 seed=1 K=17            ε̂=0.00 ε̃=0.30 β=0.7 | x with R>V0:  0/16 | max rel(R−Vδ)=2.000e-07 (x = [9, 11], R = 5.000001, Rp = 5.0, Vd = 5.0, V0 = 5.000001) | max rel(Rp−Vδ)=2.083e-07 (x = [5, 6], R = 8.000001, Rp = 8.000001666666394, Vd = 8.0, V0 = 8.0) (5s)
grid3x3 S=4 seed=2 K=16            ε̂=0.20 ε̃=0.20 β=0.4 | x with R>V0:  0/16 | max rel(R−Vδ)=1.364e-07 (x = [9, 10], R = 5.50000075, Rp = 5.50000075, Vd = 5.5, V0 = 5.5) | max rel(Rp−Vδ)=1.364e-07 (x = [9, 10], R = 5.50000075, Rp = 5.50000075, Vd = 5.5, V0 = 5.5) (13s)
grid3x3 S=4 seed=2 K=16            ε̂=0.20 ε̃=0.20 β=0.7 | x with R>V0:  0/16 | max rel(R−Vδ)=1.000e-07 (x = [5, 10], R = 10.000001, Rp = 10.000001, Vd = 10.0, V0 = 10.000000077525506) | max rel(Rp−Vδ)=1.000e-07 (x = [5, 10], R = 10.000001, Rp = 10.000001, Vd = 10.0, V0 = 10.000000077525506) (12s)
grid3x3 S=4 seed=2 K=16            ε̂=0.10 ε̃=0.30 β=0.4 | x with R>V0:  0/16 | max rel(R−Vδ)=8.633e-08 (x = [8], R = 11.583334333333333, Rp = 11.583333333333334, Vd = 11.583333333333334, V0 = 11.583334333333333) | max rel(Rp−Vδ)=1.613e-07 (x = [9, 10], R = 5.166666666666667, Rp = 5.166668499999667, Vd = 5.166667666666667, V0 = 5.166666666666667) (9s)
grid3x3 S=4 seed=2 K=16            ε̂=0.10 ε̃=0.30 β=0.7 | x with R>V0:  0/16 | max rel(R−Vδ)=1.085e-07 (x = Int64[], R = 13.000002404761593, Rp = 13.0, Vd = 13.000000993809673, V0 = 13.000000993809554) | max rel(Rp−Vδ)=1.000e-07 (x = [5, 10], R = 10.000001, Rp = 10.000001, Vd = 10.0, V0 = 10.000001) (8s)
grid3x3 S=4 seed=2 K=16            ε̂=0.05 ε̃=0.30 β=0.4 | x with R>V0:  0/16 | max rel(R−Vδ)=9.831e-08 (x = Int64[], R = 12.750001742094362, Rp = 12.750000916666666, Vd = 12.75000048859923, V0 = 12.750001263888887) | max rel(Rp−Vδ)=8.271e-08 (x = [6, 8], R = 11.08333425, Rp = 11.08333425, Vd = 11.083333333333334, V0 = 11.08333425) (12s)
grid3x3 S=4 seed=2 K=16            ε̂=0.05 ε̃=0.30 β=0.7 | x with R>V0:  0/16 | max rel(R−Vδ)=1.000e-07 (x = [5, 10], R = 10.000001, Rp = 10.000001, Vd = 10.0, V0 = 10.000001) | max rel(Rp−Vδ)=1.000e-07 (x = [5, 10], R = 10.000001, Rp = 10.000001, Vd = 10.0, V0 = 10.000001) (7s)
grid3x3 S=4 seed=2 K=16            ε̂=0.00 ε̃=0.30 β=0.4 | x with R>V0:  0/16 | max rel(R−Vδ)=2.589e-07 (x = Int64[], R = 12.500004069776967, Rp = 12.500000833333333, Vd = 12.500000833333333, V0 = 12.500004207547764) | max rel(Rp−Vδ)=2.648e-07 (x = [9], R = 7.833333333333334, Rp = 7.8333354074055785, Vd = 7.833333333333334, V0 = 7.833336666663748) (7s)
grid3x3 S=4 seed=2 K=16            ε̂=0.00 ε̃=0.30 β=0.7 | x with R>V0:  0/16 | max rel(R−Vδ)=8.333e-08 (x = [8, 10], R = 8.000000666660895, Rp = 8.00000049800105, Vd = 8.0, V0 = 8.000000995999994) | max rel(Rp−Vδ)=1.250e-07 (x = [9, 10], R = 5.666666666666667, Rp = 5.666667666666667, Vd = 5.666666958333354, V0 = 5.666666666666667) (6s)
