Set parameter WLSAccessID
Set parameter WLSSecret
Set parameter LicenseID to value 926906
Academic license 926906 - for non-commercial use only - registered to se___@postech.ac.kr
ERROR: LoadError: KKT eval: TIME_LIMIT
Stacktrace:
 [1] error(s::String)
   @ Base .\error.jl:44
 [2] nz_kkt_value(nd::NZData, x̄::Vector{Float64}; optimizer::Function, time_limit::Int64, gap::Float64, silent::Bool)
   @ Main F:\github_projects\robust_bilevel_network_games\nonzero_sum\nz_kkt_eval.jl:86
 [3] macro expansion
   @ F:\github_projects\robust_bilevel_network_games\nonzero_sum\screen_location_params.jl:24 [inlined]
 [4] macro expansion
   @ .\timing.jl:461 [inlined]
 [5] top-level scope
   @ F:\github_projects\robust_bilevel_network_games\nonzero_sum\screen_location_params.jl:23
 [6] include(mod::Module, _path::String)
   @ Base .\Base.jl:306
 [7] exec_options(opts::Base.JLOptions)
   @ Base .\client.jl:317
 [8] _start()
   @ Base .\client.jl:550
in expression starting at F:\github_projects\robust_bilevel_network_games\nonzero_sum\screen_location_params.jl:20
