Set parameter Username
Set parameter LicenseID to value 2839433
Academic license - for non-commercial use only - expires 2027-06-29
====================================================================================================
location_sgb128_S3_seed1_pair  ε̂=0.20 ε̃=0.20 β=0.40 quota=100
====================================================================================================
x \ δ                 Inf          0.4          0.3          0.2         0.15          0.1         0.05         0.02          0.0
Int64[]          -0.0000      -0.0000      -0.0000      -0.0000      -0.0000      -0.0000      -0.0000      -0.0000      -0.0000 
[1]           -1216.8333   -1216.8333   -1216.8333   -1216.8333   -1216.8333   -1216.8333   -1216.8333   -1216.8333   -1216.8333 
[2]           -1148.0000   -1148.0000   -1148.0000   -1148.0000   -1148.0000   -1148.0000   -1148.0000   -1148.0000   -1148.0000 
[1, 2]        -1326.5000   -1326.5000   -1326.5000   -1328.8686   -1331.0000   -1331.0000   -1333.2750   -1336.4250   -1339.4000 
[3]            -225.0000    -225.0000    -225.0000    -225.0000    -225.0000    -225.0000    -225.0000    -225.0000    -225.0000 
[1, 3]        -1216.8333   -1216.8333   -1216.8333   -1216.8333   -1216.8333   -1216.8333   -1216.8333   -1216.8333   -1216.8333 
[2, 3]        -1148.0000   -1148.0000   -1148.0000   -1148.0000   -1148.0000   -1148.0000   -1148.0000   -1148.0000   -1148.0000 
[1, 2, 3]     -1326.5000   -1326.5000   -1326.5000   -1328.8686   -1331.0000   -1331.0000   -1333.2750   -1336.4250   -1339.4000 
[4]              -0.0000      -0.0000      -0.0000      -0.0000      -0.0000      -0.0000      -0.0000      -0.0000      -0.0000 
[1, 4]        -1216.8333   -1216.8332   -1216.8333   -1216.8333   -1216.8333   -1216.8333   -1216.8333   -1216.8333   -1216.8333 
[2, 4]        -1148.0000   -1148.0000   -1148.0000   -1148.0000   -1148.0000   -1148.0000   -1148.0000   -1148.0000   -1148.0000 
[1, 2, 4]     -1326.5000   -1326.5000   -1326.5000   -1328.8686   -1331.0000   -1331.0000   -1333.2750   -1336.4250   -1339.4000 
[3, 4]         -225.0000    -225.0000    -225.0000    -225.0000    -225.0000    -225.0000    -225.0000    -225.0000    -225.0000 
[1, 3, 4]     -1216.8333   -1216.8333   -1216.8333   -1216.8333   -1216.8307   -1216.8333   -1216.8333   -1216.8333   -1216.8333 
[2, 3, 4]     -1148.0000   -1148.0000   -1148.0000   -1148.0000   -1148.0000   -1148.0000   -1148.0000   -1148.0000   -1148.0000 
[1, 2, 3, 4]  -1326.5000   -1326.5000   -1326.5000   -1328.8686   -1331.0000   -1331.0000   -1333.2750   -1336.4250   -1339.4000 
(* = 시간 제한, incumbent 값)
δ 단조성 위반: 0
  δ=Inf   리더 최적 x*=[1]        값 -911.8333   (2등 [2] -843.0000)
  δ=0.4   리더 최적 x*=[1]        값 -911.8333   (2등 [2] -843.0000)
  δ=0.3   리더 최적 x*=[1]        값 -911.8333   (2등 [2] -843.0000)
  δ=0.2   리더 최적 x*=[1]        값 -911.8333   (2등 [2] -843.0000)
  δ=0.15  리더 최적 x*=[1]        값 -911.8333   (2등 [2] -843.0000)
  δ=0.1   리더 최적 x*=[1]        값 -911.8333   (2등 [2] -843.0000)
  δ=0.05  리더 최적 x*=[1]        값 -911.8333   (2등 [2] -843.0000)
  δ=0.02  리더 최적 x*=[1]        값 -911.8333   (2등 [2] -843.0000)
  δ=0.0   리더 최적 x*=[1]        값 -911.8333   (2등 [2] -843.0000)
효과 분해: rect(ε̂, ε̃) → rect(ε̂', ε̃') (반경) → V*_δ (순수 결합),  값 = qᵀx + V* (리더 최적 기준)
  δ=Inf   ε̂'=0.20 ε̃'=0.20 | rect x*=[1]      -911.8333 | rect(ε̂',ε̃') x*=[1]      -911.8333 | δ x*=[1]      -911.8333 | 반경 0.0000 순수 0.0000
  δ=0.4   ε̂'=0.20 ε̃'=0.20 | rect x*=[1]      -911.8333 | rect(ε̂',ε̃') x*=[1]      -911.8333 | δ x*=[1]      -911.8333 | 반경 0.0000 순수 0.0000
  δ=0.3   ε̂'=0.20 ε̃'=0.20 | rect x*=[1]      -911.8333 | rect(ε̂',ε̃') x*=[1]      -911.8333 | δ x*=[1]      -911.8333 | 반경 0.0000 순수 -0.0000
  δ=0.2   ε̂'=0.20 ε̃'=0.20 | rect x*=[1]      -911.8333 | rect(ε̂',ε̃') x*=[1]      -911.8333 | δ x*=[1]      -911.8333 | 반경 0.0000 순수 0.0000
  δ=0.15  ε̂'=0.20 ε̃'=0.20 | rect x*=[1]      -911.8333 | rect(ε̂',ε̃') x*=[1]      -911.8333 | δ x*=[1]      -911.8333 | 반경 0.0000 순수 -0.0000
  δ=0.1   ε̂'=0.20 ε̃'=0.20 | rect x*=[1]      -911.8333 | rect(ε̂',ε̃') x*=[1]      -911.8333 | δ x*=[1]      -911.8333 | 반경 0.0000 순수 0.0000
  δ=0.05  ε̂'=0.20 ε̃'=0.20 | rect x*=[1]      -911.8333 | rect(ε̂',ε̃') x*=[1]      -911.8333 | δ x*=[1]      -911.8333 | 반경 0.0000 순수 0.0000
  δ=0.02  ε̂'=0.20 ε̃'=0.20 | rect x*=[1]      -911.8333 | rect(ε̂',ε̃') x*=[1]      -911.8333 | δ x*=[1]      -911.8333 | 반경 0.0000 순수 0.0000
  δ=0.0   ε̂'=0.20 ε̃'=0.20 | rect x*=[1]      -911.8333 | rect(ε̂',ε̃') x*=[1]      -911.8333 | δ x*=[1]      -911.8333 | 반경 0.0000 순수 0.0000
====================================================================================================
location_sgb128_S3_seed1_pair  ε̂=0.10 ε̃=0.30 β=0.40 quota=100
====================================================================================================
x \ δ                 Inf          0.4          0.3          0.2         0.15          0.1         0.05         0.02          0.0
Int64[]          -0.0000      -0.0000      -0.0000      -0.0000      -0.0000      -0.0000      -0.0000      -0.0000      -0.0000 
[1]           -1145.1944   -1145.1944   -1145.1944   -1145.1944   -1236.0833   -1236.0833   -1236.0833   -1236.0833   -1236.0833 
[2]           -1158.5000   -1158.5000   -1158.5000   -1158.5000   -1158.5000   -1158.5000   -1158.5000   -1158.5000   -1158.5000 
[1, 2]        -1293.5000   -1293.5000   -1293.5000   -1293.5000   -1293.5000   -1339.3686   -1341.5000   -1342.9875   -1345.0875 
[3]            -225.0000    -225.0000    -225.0000    -225.0000    -225.0000    -225.0000    -225.0000    -225.0000    -225.0000 
[1, 3]        -1145.1944   -1145.1944   -1145.1944   -1145.1944   -1236.0833   -1236.0833   -1236.0833   -1236.0833   -1236.0833 
[2, 3]        -1158.5000   -1158.5000   -1158.5000   -1158.5000   -1158.5000   -1158.5000   -1158.5000   -1158.5000   -1158.5000 
[1, 2, 3]     -1293.5000   -1293.5000   -1293.5000   -1293.5000   -1293.5000   -1339.3686   -1341.5000   -1342.9875   -1345.0875 
[4]              -0.0000      -0.0000      -0.0000      -0.0000      -0.0000      -0.0000      -0.0000      -0.0000      -0.0000 
[1, 4]        -1145.1944   -1145.1944   -1145.1944   -1145.1944   -1236.0833   -1236.0833   -1236.0833   -1236.0833   -1236.0833 
[2, 4]        -1158.5000   -1158.5000   -1158.5000   -1158.5000   -1158.5000   -1158.5000   -1158.5000   -1158.5000   -1158.5000 
[1, 2, 4]     -1293.5000   -1293.5000   -1293.5000   -1293.5000   -1293.5000   -1339.3686   -1341.5000   -1342.9875   -1345.0875 
[3, 4]         -225.0000    -225.0000    -225.0000    -225.0000    -225.0000    -225.0000    -225.0000    -225.0000    -225.0000 
[1, 3, 4]     -1145.1944   -1145.1944   -1145.1944   -1145.1944   -1236.0833   -1236.0833   -1236.0833   -1236.0833   -1236.0833 
[2, 3, 4]     -1158.5000   -1158.5000   -1158.5000   -1158.5000   -1158.5000   -1158.5000   -1158.5000   -1158.5000   -1158.5000 
[1, 2, 3, 4]  -1293.5000   -1293.5000   -1293.5000   -1293.5000   -1293.5000   -1339.3686   -1341.5000   -1342.9875   -1345.0875 
(* = 시간 제한, incumbent 값)
δ 단조성 위반: 0
  δ=Inf   리더 최적 x*=[2]        값 -853.5000   (2등 [1] -840.1944)
  δ=0.4   리더 최적 x*=[2]        값 -853.5000   (2등 [1] -840.1944)
  δ=0.3   리더 최적 x*=[2]        값 -853.5000   (2등 [1] -840.1944)
  δ=0.2   리더 최적 x*=[2]        값 -853.5000   (2등 [1] -840.1944)
  δ=0.15  리더 최적 x*=[1]        값 -931.0833   (2등 [2] -853.5000)
  δ=0.1   리더 최적 x*=[1]        값 -931.0833   (2등 [2] -853.5000)
  δ=0.05  리더 최적 x*=[1]        값 -931.0833   (2등 [2] -853.5000)
  δ=0.02  리더 최적 x*=[1]        값 -931.0833   (2등 [2] -853.5000)
  δ=0.0   리더 최적 x*=[1]        값 -931.0833   (2등 [2] -853.5000)
효과 분해: rect(ε̂, ε̃) → rect(ε̂', ε̃') (반경) → V*_δ (순수 결합),  값 = qᵀx + V* (리더 최적 기준)
  δ=Inf   ε̂'=0.10 ε̃'=0.30 | rect x*=[2]      -853.5000 | rect(ε̂',ε̃') x*=[2]      -853.5000 | δ x*=[2]      -853.5000 | 반경 0.0000 순수 0.0000
  δ=0.4   ε̂'=0.10 ε̃'=0.30 | rect x*=[2]      -853.5000 | rect(ε̂',ε̃') x*=[2]      -853.5000 | δ x*=[2]      -853.5000 | 반경 0.0000 순수 0.0000
  δ=0.3   ε̂'=0.10 ε̃'=0.30 | rect x*=[2]      -853.5000 | rect(ε̂',ε̃') x*=[2]      -853.5000 | δ x*=[2]      -853.5000 | 반경 0.0000 순수 0.0000
  δ=0.2   ε̂'=0.10 ε̃'=0.30 | rect x*=[2]      -853.5000 | rect(ε̂',ε̃') x*=[2]      -853.5000 | δ x*=[2]      -853.5000 | 반경 0.0000 순수 0.0000
  δ=0.15  ε̂'=0.10 ε̃'=0.25 | rect x*=[2]      -853.5000 | rect(ε̂',ε̃') x*=[1]      -931.0833 | δ x*=[1]      -931.0833 | 반경 77.5833 순수 0.0000
  δ=0.1   ε̂'=0.10 ε̃'=0.20 | rect x*=[2]      -853.5000 | rect(ε̂',ε̃') x*=[1]      -931.0833 | δ x*=[1]      -931.0833 | 반경 77.5833 순수 0.0000
  δ=0.05  ε̂'=0.10 ε̃'=0.15 | rect x*=[2]      -853.5000 | rect(ε̂',ε̃') x*=[1]      -931.0833 | δ x*=[1]      -931.0833 | 반경 77.5833 순수 0.0000
  δ=0.02  ε̂'=0.10 ε̃'=0.12 | rect x*=[2]      -853.5000 | rect(ε̂',ε̃') x*=[1]      -931.0833 | δ x*=[1]      -931.0833 | 반경 77.5833 순수 0.0000
  δ=0.0   ε̂'=0.10 ε̃'=0.10 | rect x*=[2]      -853.5000 | rect(ε̂',ε̃') x*=[1]      -931.0831 | δ x*=[1]      -931.0833 | 반경 77.5831 순수 0.0002
====================================================================================================
location_sgb128_S3_seed1_pair  ε̂=0.30 ε̃=0.10 β=0.40 quota=100
====================================================================================================
x \ δ                 Inf          0.4          0.3          0.2         0.15          0.1         0.05         0.02          0.0
Int64[]          -0.0000      -0.0000      -0.0000      -0.0000      -0.0000      -0.0000      -0.0000      -0.0000      -0.0000 
[1]           -1204.0000   -1204.0000   -1204.0000   -1204.0000   -1207.2083   -1216.8333   -1226.4583   -1232.2333   -1236.0833 
[2]           -1141.0000   -1141.0000   -1141.0000   -1141.0000   -1142.7500   -1148.0000   -1153.2500   -1156.4000   -1158.5000 
[1, 2]        -1319.5000   -1319.5000   -1319.5000   -1324.0875   -1329.3375   -1334.5875   -1339.8375   -1342.9875   -1345.0875 
[3]            -225.0000    -225.0000    -225.0000    -225.0000    -225.0000    -225.0000    -225.0000    -225.0000    -225.0000 
[1, 3]        -1204.0000   -1204.0000   -1204.0000   -1204.0000   -1207.2083   -1216.8333   -1226.4583   -1232.2333   -1236.0833 
[2, 3]        -1141.0000   -1141.0000   -1141.0000   -1141.0000   -1142.7500   -1148.0000   -1153.2500   -1156.4000   -1158.5000 
[1, 2, 3]     -1319.5000   -1319.5000   -1319.5000   -1324.0875   -1329.3375   -1334.5875   -1339.8375   -1342.9875   -1345.0875 
[4]              -0.0000      -0.0000      -0.0000      -0.0000      -0.0000      -0.0000      -0.0000      -0.0000      -0.0000 
[1, 4]        -1204.0000   -1204.0000   -1204.0000   -1204.0000   -1207.2083   -1216.8333   -1226.4583   -1232.2333   -1236.0833 
[2, 4]        -1141.0000   -1141.0000   -1141.0000   -1141.0000   -1142.7500   -1148.0000   -1153.2500   -1156.4000   -1158.5000 
[1, 2, 4]     -1319.5000   -1319.5000   -1319.5000   -1324.0875   -1329.3375   -1334.5875   -1339.8375   -1342.9875   -1345.0875 
[3, 4]         -225.0000    -225.0000    -225.0000    -225.0000    -225.0000    -225.0000    -225.0000    -225.0000    -225.0000 
[1, 3, 4]     -1204.0000   -1204.0000   -1204.0000   -1204.0000   -1207.2083   -1216.8333   -1226.4583   -1232.2333   -1236.0833 
[2, 3, 4]     -1141.0000   -1141.0000   -1141.0000   -1141.0000   -1142.7500   -1148.0000   -1153.2500   -1156.4000   -1158.5000 
[1, 2, 3, 4]  -1319.5000   -1319.5000   -1319.5000   -1324.0875   -1329.3375   -1334.5875   -1339.8375   -1342.9875   -1345.0875 
(* = 시간 제한, incumbent 값)
δ 단조성 위반: 0
  δ=Inf   리더 최적 x*=[1]        값 -899.0000   (2등 [2] -836.0000)
  δ=0.4   리더 최적 x*=[1]        값 -899.0000   (2등 [2] -836.0000)
  δ=0.3   리더 최적 x*=[1]        값 -899.0000   (2등 [2] -836.0000)
  δ=0.2   리더 최적 x*=[1]        값 -899.0000   (2등 [2] -836.0000)
  δ=0.15  리더 최적 x*=[1]        값 -902.2083   (2등 [2] -837.7500)
  δ=0.1   리더 최적 x*=[1]        값 -911.8333   (2등 [2] -843.0000)
  δ=0.05  리더 최적 x*=[1]        값 -921.4583   (2등 [2] -848.2500)
  δ=0.02  리더 최적 x*=[1]        값 -927.2333   (2등 [2] -851.4000)
  δ=0.0   리더 최적 x*=[1]        값 -931.0833   (2등 [2] -853.5000)
효과 분해: rect(ε̂, ε̃) → rect(ε̂', ε̃') (반경) → V*_δ (순수 결합),  값 = qᵀx + V* (리더 최적 기준)
  δ=Inf   ε̂'=0.30 ε̃'=0.10 | rect x*=[1]      -899.0000 | rect(ε̂',ε̃') x*=[1]      -899.0000 | δ x*=[1]      -899.0000 | 반경 0.0000 순수 0.0000
  δ=0.4   ε̂'=0.30 ε̃'=0.10 | rect x*=[1]      -899.0000 | rect(ε̂',ε̃') x*=[1]      -899.0000 | δ x*=[1]      -899.0000 | 반경 0.0000 순수 0.0000
  δ=0.3   ε̂'=0.30 ε̃'=0.10 | rect x*=[1]      -899.0000 | rect(ε̂',ε̃') x*=[1]      -899.0000 | δ x*=[1]      -899.0000 | 반경 0.0000 순수 0.0000
  δ=0.2   ε̂'=0.30 ε̃'=0.10 | rect x*=[1]      -899.0000 | rect(ε̂',ε̃') x*=[1]      -899.0000 | δ x*=[1]      -899.0000 | 반경 0.0000 순수 0.0000
  δ=0.15  ε̂'=0.25 ε̃'=0.10 | rect x*=[1]      -899.0000 | rect(ε̂',ε̃') x*=[1]      -902.2083 | δ x*=[1]      -902.2083 | 반경 3.2083 순수 0.0000
  δ=0.1   ε̂'=0.20 ε̃'=0.10 | rect x*=[1]      -899.0000 | rect(ε̂',ε̃') x*=[1]      -911.8333 | δ x*=[1]      -911.8333 | 반경 12.8333 순수 0.0000
  δ=0.05  ε̂'=0.15 ε̃'=0.10 | rect x*=[1]      -899.0000 | rect(ε̂',ε̃') x*=[1]      -921.4583 | δ x*=[1]      -921.4583 | 반경 22.4583 순수 0.0000
  δ=0.02  ε̂'=0.12 ε̃'=0.10 | rect x*=[1]      -899.0000 | rect(ε̂',ε̃') x*=[1]      -927.2333 | δ x*=[1]      -927.2333 | 반경 28.2333 순수 0.0001
  δ=0.0   ε̂'=0.10 ε̃'=0.10 | rect x*=[1]      -899.0000 | rect(ε̂',ε̃') x*=[1]      -931.0831 | δ x*=[1]      -931.0833 | 반경 32.0831 순수 0.0002
