Set parameter Username
Set parameter LicenseID to value 2839433
Academic license - for non-commercial use only - expires 2027-06-29
tune_abb: x=[1, 2] TL=600s 목표 gap=1e-03 workers=12 변형=base,cap500,cap200,active,cap500act
Set parameter Username
Set parameter LicenseID to value 2839433
Academic license - for non-commercial use only - expires 2027-06-29
Set parameter Username
Set parameter LicenseID to value 2839433
Academic license - for non-commercial use only - expires 2027-06-29
Set parameter Username
Set parameter LicenseID to value 2839433
Academic license - for non-commercial use only - expires 2027-06-29
Set parameter Username
Set parameter LicenseID to value 2839433
Academic license - for non-commercial use only - expires 2027-06-29
Set parameter Username
Set parameter LicenseID to value 2839433
Academic license - for non-commercial use only - expires 2027-06-29
Set parameter Username
Set parameter LicenseID to value 2839433
Academic license - for non-commercial use only - expires 2027-06-29
Set parameter Username
Set parameter LicenseID to value 2839433
Academic license - for non-commercial use only - expires 2027-06-29
Set parameter Username
Set parameter LicenseID to value 2839433
Academic license - for non-commercial use only - expires 2027-06-29
Set parameter Username
Set parameter LicenseID to value 2839433
Academic license - for non-commercial use only - expires 2027-06-29
Set parameter Username
Set parameter LicenseID to value 2839433
Academic license - for non-commercial use only - expires 2027-06-29
Set parameter Username
Set parameter LicenseID to value 2839433
Academic license - for non-commercial use only - expires 2027-06-29
Set parameter Username
Set parameter LicenseID to value 2839433
Academic license - for non-commercial use only - expires 2027-06-29
Set parameter Username
Set parameter LicenseID to value 2839433
Academic license - for non-commercial use only - expires 2027-06-29

******************************************************************************
This program contains Ipopt, a library for large-scale nonlinear optimization.
 Ipopt is released as open source code under the Eclipse Public License (EPL).
         For more information visit https://github.com/coin-or/Ipopt
******************************************************************************

RESULT S=200 eps=0.30 delta=0.1 variant=base      TimeLim  LB=-1036.1109 UB=-528.5009 gap=4.899e-01 nodes=31 time=632.9
RESULT S=200 eps=0.30 delta=0.1 variant=cap500    TimeLim  LB=-1036.3312 UB=-528.5009 gap=4.900e-01 nodes=32 time=637.3
RESULT S=200 eps=0.30 delta=0.1 variant=cap200    TimeLim  LB=-1026.9616 UB=-500.1894 gap=5.129e-01 nodes=37 time=632.4
RESULT S=200 eps=0.30 delta=0.1 variant=active    TimeLim  LB=-1035.8255 UB=-532.8377 gap=4.856e-01 nodes=37 time=653.5
RESULT S=200 eps=0.30 delta=0.1 variant=cap500act TimeLim  LB=-1035.9951 UB=-532.6701 gap=4.858e-01 nodes=35 time=645.5
