Set parameter Username
Set parameter LicenseID to value 2839433
Academic license - for non-commercial use only - expires 2027-06-29
tune_abb: x=[1, 2] TL=600s 목표 gap=1e-03 workers=12 변형=bar,dynbarc
Set parameter Username
Set parameter LicenseID to value 2839433
Academic license - for non-commercial use only - expires 2027-06-29
Set parameter Username
Set parameter LicenseID to value 2839433
Academic license - for non-commercial use only - expires 2027-06-29
Set parameter Username
Set parameter LicenseID to value 2839433
Academic license - for non-commercial use only - expires 2027-06-29
Set parameter Username
Set parameter LicenseID to value 2839433
Academic license - for non-commercial use only - expires 2027-06-29
Set parameter Username
Set parameter LicenseID to value 2839433
Academic license - for non-commercial use only - expires 2027-06-29
Set parameter Username
Set parameter LicenseID to value 2839433
Academic license - for non-commercial use only - expires 2027-06-29
Set parameter Username
Set parameter LicenseID to value 2839433
Academic license - for non-commercial use only - expires 2027-06-29
Set parameter Username
Set parameter LicenseID to value 2839433
Academic license - for non-commercial use only - expires 2027-06-29
Set parameter Username
Set parameter LicenseID to value 2839433
Academic license - for non-commercial use only - expires 2027-06-29
Set parameter Username
Set parameter LicenseID to value 2839433
Academic license - for non-commercial use only - expires 2027-06-29
Set parameter Username
Set parameter LicenseID to value 2839433
Academic license - for non-commercial use only - expires 2027-06-29
Set parameter Username
Set parameter LicenseID to value 2839433
Academic license - for non-commercial use only - expires 2027-06-29
Set parameter Username
Set parameter LicenseID to value 2839433
Academic license - for non-commercial use only - expires 2027-06-29

******************************************************************************
This program contains Ipopt, a library for large-scale nonlinear optimization.
 Ipopt is released as open source code under the Eclipse Public License (EPL).
         For more information visit https://github.com/coin-or/Ipopt
******************************************************************************

RESULT S=200 eps=0.30 delta=0.1 variant=bar       TimeLim  LB=-1035.7274 UB=-613.8625 gap=4.073e-01 nodes=98 time=615.3 | worker 합 node=5841s relax=5778s eval=61s cut=0
RESULT S=200 eps=0.30 delta=0.1 variant=dynbarc   TimeLim  LB=-1031.2832 UB=-622.1081 gap=3.968e-01 nodes=101 time=621.2 | worker 합 node=6349s relax=6288s eval=60s cut=0
    스레드 배분 (노드 수): 1→96, 2→4, 3→2, 4→2, 6→2, 12→1
RESULT S=50 eps=0.30 delta=0.1 variant=bar       TimeLim  LB=-1051.6270 UB=-846.3953 gap=1.952e-01 nodes=689 time=603.2 | worker 합 node=7085s relax=7052s eval=29s cut=0
RESULT S=50 eps=0.30 delta=0.1 variant=dynbarc   TimeLim  LB=-1051.6272 UB=-850.0980 gap=1.916e-01 nodes=721 time=603.6 | worker 합 node=7162s relax=7121s eval=36s cut=0
    스레드 배분 (노드 수): 1→710, 2→4, 3→2, 4→2, 6→2, 12→1
