Set parameter Username
Set parameter LicenseID to value 2839433
Academic license - for non-commercial use only - expires 2027-06-29
tune_abb: x=[1, 2] TL=300s 목표 gap=1e-03 workers=12 변형=base,child3,child1
Set parameter Username
Set parameter LicenseID to value 2839433
Academic license - for non-commercial use only - expires 2027-06-29
Set parameter Username
Set parameter LicenseID to value 2839433
Academic license - for non-commercial use only - expires 2027-06-29
Set parameter Username
Set parameter LicenseID to value 2839433
Academic license - for non-commercial use only - expires 2027-06-29
Set parameter Username
Set parameter LicenseID to value 2839433
Academic license - for non-commercial use only - expires 2027-06-29
Set parameter Username
Set parameter LicenseID to value 2839433
Academic license - for non-commercial use only - expires 2027-06-29
Set parameter Username
Set parameter LicenseID to value 2839433
Academic license - for non-commercial use only - expires 2027-06-29
Set parameter Username
Set parameter LicenseID to value 2839433
Academic license - for non-commercial use only - expires 2027-06-29
Set parameter Username
Set parameter LicenseID to value 2839433
Academic license - for non-commercial use only - expires 2027-06-29
Set parameter Username
Set parameter LicenseID to value 2839433
Academic license - for non-commercial use only - expires 2027-06-29
Set parameter Username
Set parameter LicenseID to value 2839433
Academic license - for non-commercial use only - expires 2027-06-29
Set parameter Username
Set parameter LicenseID to value 2839433
Academic license - for non-commercial use only - expires 2027-06-29
Set parameter Username
Set parameter LicenseID to value 2839433
Academic license - for non-commercial use only - expires 2027-06-29
Set parameter Username
Set parameter LicenseID to value 2839433
Academic license - for non-commercial use only - expires 2027-06-29

******************************************************************************
This program contains Ipopt, a library for large-scale nonlinear optimization.
 Ipopt is released as open source code under the Eclipse Public License (EPL).
         For more information visit https://github.com/coin-or/Ipopt
******************************************************************************

RESULT S=20 eps=0.20 delta=0.1 variant=base      TimeLim  LB=-1289.6020 UB=-1259.4244 gap=2.340e-02 nodes=3519 time=301.5 | worker 합 node=3522s relax=3393s eval=65s
RESULT S=20 eps=0.20 delta=0.1 variant=child3    TimeLim  LB=-1289.6020 UB=-1262.0581 gap=2.136e-02 nodes=3944 time=300.7 | worker 합 node=3578s relax=3452s eval=53s
RESULT S=20 eps=0.20 delta=0.1 variant=child1    TimeLim  LB=-1289.6020 UB=-1267.3038 gap=1.729e-02 nodes=4993 time=300.1 | worker 합 node=3584s relax=3464s eval=54s
RESULT S=20 eps=0.30 delta=0.1 variant=base      TimeLim  LB=-1200.7585 UB=-1155.6329 gap=3.758e-02 nodes=3240 time=300.6 | worker 합 node=3580s relax=3460s eval=74s
RESULT S=20 eps=0.30 delta=0.1 variant=child3    TimeLim  LB=-1200.7585 UB=-1140.1093 gap=5.051e-02 nodes=2262 time=300.6 | worker 합 node=3577s relax=3491s eval=53s
RESULT S=20 eps=0.30 delta=0.1 variant=child1    TimeLim  LB=-1200.7585 UB=-1165.5253 gap=2.934e-02 nodes=4250 time=300.2 | worker 합 node=3567s relax=3447s eval=60s
