Set parameter Username
Set parameter LicenseID to value 2839433
Academic license - for non-commercial use only - expires 2027-06-29
tune_abb: x=[1, 2] TL=300s 목표 gap=1e-03 workers=12 변형=base,child3,child1,barrier
Set parameter Username
Set parameter LicenseID to value 2839433
Academic license - for non-commercial use only - expires 2027-06-29
Set parameter Username
Set parameter LicenseID to value 2839433
Academic license - for non-commercial use only - expires 2027-06-29
Set parameter Username
Set parameter LicenseID to value 2839433
Academic license - for non-commercial use only - expires 2027-06-29
Set parameter Username
Set parameter LicenseID to value 2839433
Academic license - for non-commercial use only - expires 2027-06-29
Set parameter Username
Set parameter LicenseID to value 2839433
Academic license - for non-commercial use only - expires 2027-06-29
Set parameter Username
Set parameter LicenseID to value 2839433
Academic license - for non-commercial use only - expires 2027-06-29
Set parameter Username
Set parameter LicenseID to value 2839433
Academic license - for non-commercial use only - expires 2027-06-29
Set parameter Username
Set parameter LicenseID to value 2839433
Academic license - for non-commercial use only - expires 2027-06-29
Set parameter Username
Set parameter LicenseID to value 2839433
Academic license - for non-commercial use only - expires 2027-06-29
Set parameter Username
Set parameter LicenseID to value 2839433
Academic license - for non-commercial use only - expires 2027-06-29
Set parameter Username
Set parameter LicenseID to value 2839433
Academic license - for non-commercial use only - expires 2027-06-29
Set parameter Username
Set parameter LicenseID to value 2839433
Academic license - for non-commercial use only - expires 2027-06-29
Set parameter Username
Set parameter LicenseID to value 2839433
Academic license - for non-commercial use only - expires 2027-06-29

******************************************************************************
This program contains Ipopt, a library for large-scale nonlinear optimization.
 Ipopt is released as open source code under the Eclipse Public License (EPL).
         For more information visit https://github.com/coin-or/Ipopt
******************************************************************************

RESULT S=50 eps=0.30 delta=0.1 variant=base      TimeLim  LB=-1068.3492 UB=-797.6705 gap=2.534e-01 nodes=374 time=303.0 | worker 합 node=3372s relax=3175s eval=168s
RESULT S=50 eps=0.30 delta=0.1 variant=child3    TimeLim  LB=-1063.5397 UB=-829.7357 gap=2.198e-01 nodes=537 time=301.8 | worker 합 node=3441s relax=3276s eval=109s
RESULT S=50 eps=0.30 delta=0.1 variant=child1    TimeLim  LB=-1060.2668 UB=-852.9221 gap=1.956e-01 nodes=814 time=300.7 | worker 합 node=3455s relax=3319s eval=86s
RESULT S=50 eps=0.30 delta=0.1 variant=barrier   TimeLim  LB=-1059.2911 UB=-681.7806 gap=3.564e-01 nodes=63 time=333.3 | worker 합 node=3223s relax=3216s eval=7s
RESULT S=200 eps=0.30 delta=0.1 variant=base      TimeLim  LB=-1035.7392 UB=-471.8992 gap=5.444e-01 nodes=11 time=325.4 | worker 합 node=1107s relax=1075s eval=26s
RESULT S=200 eps=0.30 delta=0.1 variant=child3    TimeLim  LB=-1035.8375 UB=-471.2877 gap=5.450e-01 nodes=15 time=349.7 | worker 합 node=1393s relax=1276s eval=117s
RESULT S=200 eps=0.30 delta=0.1 variant=child1    TimeLim  LB=-1035.8375 UB=-463.3361 gap=5.527e-01 nodes=20 time=351.1 | worker 합 node=1627s relax=1389s eval=214s
RESULT S=200 eps=0.30 delta=0.1 variant=barrier   TimeLim  LB=-1035.1453 UB=-428.1450 gap=5.864e-01 nodes=3 time=372.1 | worker 합 node=522s relax=521s eval=1s
