Set parameter Username
Set parameter LicenseID to value 2839433
Academic license - for non-commercial use only - expires 2027-06-29
tune_abb: x=[1, 2] TL=300s 목표 gap=1e-03 workers=12 변형=base,alphahat,mdive0,mrounds10,mweighted
Set parameter Username
Set parameter LicenseID to value 2839433
Academic license - for non-commercial use only - expires 2027-06-29
Set parameter Username
Set parameter LicenseID to value 2839433
Academic license - for non-commercial use only - expires 2027-06-29
Set parameter Username
Set parameter LicenseID to value 2839433
Academic license - for non-commercial use only - expires 2027-06-29
Set parameter Username
Set parameter LicenseID to value 2839433
Academic license - for non-commercial use only - expires 2027-06-29
Set parameter Username
Set parameter LicenseID to value 2839433
Academic license - for non-commercial use only - expires 2027-06-29
Set parameter Username
Set parameter LicenseID to value 2839433
Academic license - for non-commercial use only - expires 2027-06-29
Set parameter Username
Set parameter LicenseID to value 2839433
Academic license - for non-commercial use only - expires 2027-06-29
Set parameter Username
Set parameter LicenseID to value 2839433
Academic license - for non-commercial use only - expires 2027-06-29
Set parameter Username
Set parameter LicenseID to value 2839433
Academic license - for non-commercial use only - expires 2027-06-29
Set parameter Username
Set parameter LicenseID to value 2839433
Academic license - for non-commercial use only - expires 2027-06-29
Set parameter Username
Set parameter LicenseID to value 2839433
Academic license - for non-commercial use only - expires 2027-06-29
Set parameter Username
Set parameter LicenseID to value 2839433
Academic license - for non-commercial use only - expires 2027-06-29
Set parameter Username
Set parameter LicenseID to value 2839433
Academic license - for non-commercial use only - expires 2027-06-29

******************************************************************************
This program contains Ipopt, a library for large-scale nonlinear optimization.
 Ipopt is released as open source code under the Eclipse Public License (EPL).
         For more information visit https://github.com/coin-or/Ipopt
******************************************************************************

RESULT S=20 eps=0.20 delta=0.1 variant=base      TimeLim  LB=-1289.6020 UB=-1260.2100 gap=2.279e-02 nodes=3626 time=301.7
RESULT S=20 eps=0.20 delta=0.1 variant=alphahat  TimeLim  LB=-1289.6020 UB=-1228.0332 gap=4.774e-02 nodes=1465 time=300.6
RESULT S=20 eps=0.20 delta=0.1 variant=mdive0    TimeLim  LB=-1289.6020 UB=-1261.9912 gap=2.141e-02 nodes=2807 time=300.3
RESULT S=20 eps=0.20 delta=0.1 variant=mrounds10 TimeLim  LB=-1289.6020 UB=-1260.4214 gap=2.263e-02 nodes=3657 time=300.3
RESULT S=20 eps=0.20 delta=0.1 variant=mweighted TimeLim  LB=-1289.6020 UB=-1260.8686 gap=2.228e-02 nodes=3708 time=300.1
RESULT S=20 eps=0.30 delta=0.1 variant=base      TimeLim  LB=-1200.7585 UB=-1158.6309 gap=3.508e-02 nodes=3452 time=300.2
RESULT S=20 eps=0.30 delta=0.1 variant=alphahat  TimeLim  LB=-1200.7585 UB=-1115.2938 gap=7.118e-02 nodes=1468 time=301.4
RESULT S=20 eps=0.30 delta=0.1 variant=mdive0    TimeLim  LB=-1200.7585 UB=-1161.7212 gap=3.251e-02 nodes=2655 time=300.2
RESULT S=20 eps=0.30 delta=0.1 variant=mrounds10 TimeLim  LB=-1200.7585 UB=-1158.8282 gap=3.492e-02 nodes=3489 time=300.9
RESULT S=20 eps=0.30 delta=0.1 variant=mweighted TimeLim  LB=-1200.7585 UB=-1158.5740 gap=3.513e-02 nodes=3418 time=300.3
RESULT S=50 eps=0.20 delta=0.1 variant=base      TimeLim  LB=-1232.3993 UB=-969.0666 gap=2.137e-01 nodes=398 time=303.1
RESULT S=50 eps=0.20 delta=0.1 variant=alphahat  TimeLim  LB=-1211.1454 UB=-966.5878 gap=2.019e-01 nodes=328 time=302.9
RESULT S=50 eps=0.20 delta=0.1 variant=mdive0    TimeLim  LB=-1245.1623 UB=-973.0080 gap=2.186e-01 nodes=261 time=300.5
RESULT S=50 eps=0.20 delta=0.1 variant=mrounds10 TimeLim  LB=-1212.1284 UB=-963.6829 gap=2.050e-01 nodes=392 time=300.8
RESULT S=50 eps=0.20 delta=0.1 variant=mweighted TimeLim  LB=-1236.9631 UB=-967.4916 gap=2.178e-01 nodes=401 time=300.9
RESULT S=50 eps=0.30 delta=0.1 variant=base      TimeLim  LB=-1069.4872 UB=-797.6524 gap=2.542e-01 nodes=372 time=301.5
RESULT S=50 eps=0.30 delta=0.1 variant=alphahat  TimeLim  LB=-1064.4938 UB=-799.4239 gap=2.490e-01 nodes=331 time=302.1
RESULT S=50 eps=0.30 delta=0.1 variant=mdive0    TimeLim  LB=-1066.9833 UB=-810.5691 gap=2.403e-01 nodes=240 time=300.5
RESULT S=50 eps=0.30 delta=0.1 variant=mrounds10 TimeLim  LB=-1067.0188 UB=-797.5847 gap=2.525e-01 nodes=383 time=301.3
RESULT S=50 eps=0.30 delta=0.1 variant=mweighted TimeLim  LB=-1093.9341 UB=-797.5847 gap=2.709e-01 nodes=387 time=301.3
