============================================================
abilene — double [mb_only]: ε̂=0.50, ε̃=0.50, β=0.05
  mini_benders=true, valid_inequality=none
============================================================
Set parameter Username
Set parameter LicenseID to value 2742039
Academic license - for non-commercial use only - expires 2026-11-20
Set parameter Username
Set parameter LicenseID to value 2742039
Academic license - for non-commercial use only - expires 2026-11-20
Set parameter OutputFlag to value 1
Set parameter LogFile to value "global_miqcp.log"
Set parameter Username
Set parameter LicenseID to value 2742039
Academic license - for non-commercial use only - expires 2026-11-20
Set parameter Username
Set parameter LicenseID to value 2742039
Academic license - for non-commercial use only - expires 2026-11-20
Set parameter Username
Set parameter LicenseID to value 2742039
Academic license - for non-commercial use only - expires 2026-11-20
Set parameter Username
Set parameter LicenseID to value 2742039
Academic license - for non-commercial use only - expires 2026-11-20

=== True-DRO Benders iter 1 ===
  OMP: t₀=-10000.000000, UB=Inf, gap=NaN, x=[0, 0, 0, 0, 0, 0, 0, 0, 0, 0, 0, 0, 0, 0, 0, 0, 0, 0, 0, 0, 0, 0, 0, 0, 0, 0, 0, 0, 0, 0] (0.000s)
  Sub: Z₀=23.336328 [LOCAL] (0.2s), α=[0.000,0.000,0.000,0.000,0.099,0.000,0.526,0.000,0.000,0.000,0.000,0.000,0.000,0.000,3.372,0.000,0.000,0.000,0.000,0.000,0.000,0.000,0.000,0.000,0.000,3.718,2.448,0.652,0.000,0.000]
  Iter 1: LB=-10000.000000  UB=Inf  gap=NaN
  Cut: intercept=23.336328, π_x_range=[-830.5323, -801.5665]
  Mini-Benders[1] (mw): LB=-1628.647221, Z₀(α*)=-4.515232, intercept=-103.107292 (0.047s) [OMP=0.008 ISP-L=0.006 ISP-F=0.012 MW-L=0.006 MW-F=0.010]
  Mini-Benders[2] (mw): LB=-301.777862, Z₀(α*)=2.221178, intercept=-33.789658 (0.032s) [OMP=0.007 ISP-L=0.004 ISP-F=0.009 MW-L=0.007 MW-F=0.009]
  Mini-Benders[3] (mw): LB=-180.517009, Z₀(α*)=13.048465, intercept=-16.066407 (0.046s) [OMP=0.019 ISP-L=0.004 ISP-F=0.009 MW-L=0.007 MW-F=0.011]
  Mini-Benders[4] (mw): LB=-108.072822, Z₀(α*)=16.139383, intercept=-8.820122 (0.079s) [OMP=0.049 ISP-L=0.003 ISP-F=0.009 MW-L=0.006 MW-F=0.008]
  Mini-Benders[5] (mw): LB=-91.561778, Z₀(α*)=14.014906, intercept=-31.834873 (0.078s) [OMP=0.051 ISP-L=0.003 ISP-F=0.009 MW-L=0.007 MW-F=0.011]
Set parameter NonConvex to value 2
Set parameter DualReductions to value 0
  α-step: Z₀=9.303514, α=[0.000,0.000,0.000,0.000,4.605,0.000,0.092,0.000,0.000,0.000,4.362,0.000,0.000,0.143,1.612,0.000,0.000,0.000,0.000,0.000,0.000,0.000,0.000,0.000,0.000,0.000,0.000,0.000,0.000,0.000]
  Alt-Benders[1] (mw): LB=-85.075260, Z₀(α*)=5.687473, intercept=-45.650114 (0.063s) [OMP=0.041 ISP-L=0.003 ISP-F=0.009 MW-L=0.006 MW-F=0.008]
  Alt-Benders[2] (mw): LB=-80.429939, Z₀(α*)=-8.530529, intercept=-72.388495 (0.094s) [OMP=0.065 ISP-L=0.004 ISP-F=0.009 MW-L=0.007 MW-F=0.009]
  Alt-Benders[3] (mw): LB=-60.836733, Z₀(α*)=-3.367307, intercept=-26.105243 (0.093s) [OMP=0.061 ISP-L=0.003 ISP-F=0.009 MW-L=0.006 MW-F=0.009]
  Alt-Benders[4] (mw): LB=-57.782469, Z₀(α*)=-26.610265, intercept=-27.693962 (0.078s) [OMP=0.049 ISP-L=0.003 ISP-F=0.008 MW-L=0.006 MW-F=0.010]
  Alt-Benders[5] (mw): LB=-56.640666, Z₀(α*)=-16.584546, intercept=-63.415454 (0.079s) [OMP=0.061 ISP-L=0.002 ISP-F=0.008 MW-L=0.004 MW-F=0.007]
  OMP re-solve: 0.062s

=== True-DRO Benders iter 2 ===
  OMP: t₀=-55.871201, UB=Inf, gap=NaN, x=[0, 0, 0, 0, 0, 0, 0, 0, 0, 0, 1, 0, 0, 0, 0, 0, 0, 0, 0, 0, 0, 0, 0, 0, 0, 1, 0, 0, 0, 0] (0.000s)
  Sub: Z₀=13.766256 [LOCAL] (0.1s), α=[0.000,0.000,0.000,0.000,0.000,0.000,0.000,0.000,0.000,0.000,4.597,0.000,0.000,0.000,1.520,0.000,0.000,0.000,0.000,0.000,0.000,0.000,0.000,0.000,0.000,4.697,0.000,0.000,0.000,0.000]
  Iter 2: LB=-55.871201  UB=Inf  gap=NaN
  Cut: intercept=-1103.747197, π_x_range=[-820.4938, 580.8232]
  Mini-Benders[1] (mw): LB=-53.987481, Z₀(α*)=3.887928, intercept=1.354720 (0.093s) [OMP=0.069 ISP-L=0.004 ISP-F=0.009 MW-L=0.006 MW-F=0.010]
  Mini-Benders[2] (mw): LB=-52.824459, Z₀(α*)=17.223539, intercept=-31.262167 (0.079s) [OMP=0.053 ISP-L=0.003 ISP-F=0.008 MW-L=0.006 MW-F=0.007]
  Mini-Benders[3] (mw): LB=-48.897889, Z₀(α*)=-0.293816, intercept=-1.442601 (0.109s) [OMP=0.083 ISP-L=0.004 ISP-F=0.009 MW-L=0.007 MW-F=0.009]
  Mini-Benders[4] (mw): LB=-48.620819, Z₀(α*)=-28.854396, intercept=-26.050565 (0.156s) [OMP=0.125 ISP-L=0.004 ISP-F=0.009 MW-L=0.007 MW-F=0.008]
  Mini-Benders[5] (mw): LB=-46.549848, Z₀(α*)=-5.435725, intercept=-57.321883 (0.110s) [OMP=0.085 ISP-L=0.003 ISP-F=0.008 MW-L=0.006 MW-F=0.007]
  α-step: Z₀=15.405330, α=[0.000,0.000,0.000,0.000,0.000,0.000,0.000,6.270,0.000,0.000,0.000,0.000,0.000,0.000,0.000,0.000,0.000,0.000,0.000,0.000,0.000,0.000,1.828,0.000,0.000,0.000,1.747,0.970,0.000,0.000]
  Alt-Benders[1] (mw): LB=-37.078850, Z₀(α*)=-29.465597, intercept=-27.258822 (0.187s) [OMP=0.150 ISP-L=0.003 ISP-F=0.008 MW-L=0.006 MW-F=0.011]
  Alt-Benders[2] (mw): LB=-36.864108, Z₀(α*)=9.039936, intercept=-45.253461 (0.172s) [OMP=0.131 ISP-L=0.003 ISP-F=0.009 MW-L=0.024 MW-F=0.008]
  Alt-Benders[3] (mw): LB=-36.640198, Z₀(α*)=-13.217622, intercept=-30.795862 (0.109s) [OMP=0.074 ISP-L=0.003 ISP-F=0.008 MW-L=0.007 MW-F=0.009]
  Alt-Benders[4] (mw): LB=-35.475935, Z₀(α*)=-13.938898, intercept=-114.482887 (0.250s) [OMP=0.220 ISP-L=0.003 ISP-F=0.008 MW-L=0.006 MW-F=0.010]
  Alt-Benders[5] (mw): LB=-35.325590, Z₀(α*)=-12.153736, intercept=-59.188466 (0.172s) [OMP=0.157 ISP-L=0.003 ISP-F=0.008 MW-L=0.006 MW-F=0.009]
  OMP re-solve: 0.135s

=== True-DRO Benders iter 3 ===
  OMP: t₀=-34.798005, UB=Inf, gap=NaN, x=[0, 0, 0, 0, 0, 0, 1, 0, 0, 0, 0, 0, 0, 0, 0, 0, 0, 0, 0, 1, 0, 0, 0, 0, 0, 0, 0, 0, 0, 0] (0.000s)
  Sub: Z₀=19.191541 [LOCAL] (0.2s), α=[0.000,0.000,0.000,0.000,0.056,0.000,3.116,0.024,0.000,0.000,0.000,0.000,0.000,0.000,0.699,0.000,0.000,0.000,0.000,3.380,0.000,0.000,0.000,0.000,0.000,3.163,0.347,0.030,0.000,0.000]
  Iter 3: LB=-34.798005  UB=Inf  gap=NaN
  Cut: intercept=-1122.062134, π_x_range=[-828.3057, 579.6066]
  Mini-Benders[1] (mw): LB=-32.863915, Z₀(α*)=5.677469, intercept=-79.545135 (0.125s) [OMP=0.101 ISP-L=0.003 ISP-F=0.009 MW-L=0.007 MW-F=0.009]
  Mini-Benders[2] (mw): LB=-31.216807, Z₀(α*)=-15.561318, intercept=-77.596205 (0.125s) [OMP=0.095 ISP-L=0.003 ISP-F=0.009 MW-L=0.006 MW-F=0.009]
  Mini-Benders[3] (mw): LB=-30.924438, Z₀(α*)=-14.776426, intercept=-22.579527 (0.141s) [OMP=0.120 ISP-L=0.003 ISP-F=0.008 MW-L=0.006 MW-F=0.009]
  Mini-Benders[4] (mw): LB=-30.300112, Z₀(α*)=12.821922, intercept=-76.182416 (0.172s) [OMP=0.133 ISP-L=0.004 ISP-F=0.010 MW-L=0.006 MW-F=0.009]
  Mini-Benders[5] (mw): LB=-29.892604, Z₀(α*)=11.778072, intercept=-74.061767 (0.265s) [OMP=0.238 ISP-L=0.003 ISP-F=0.009 MW-L=0.005 MW-F=0.010]
  α-step: Z₀=13.012569, α=[0.000,0.000,0.000,0.000,0.000,0.000,0.000,0.000,0.000,0.000,0.000,0.000,0.000,0.000,0.000,0.000,0.000,0.000,0.000,0.000,0.000,0.000,0.000,0.000,0.000,6.476,3.278,1.060,0.000,0.000]
  Alt-Benders[1] (mw): LB=-28.074984, Z₀(α*)=16.709988, intercept=-10.480271 (0.141s) [OMP=0.115 ISP-L=0.004 ISP-F=0.009 MW-L=0.007 MW-F=0.009]
  Alt-Benders[2] (mw): LB=-27.970402, Z₀(α*)=-0.796283, intercept=-39.098905 (0.343s) [OMP=0.311 ISP-L=0.004 ISP-F=0.009 MW-L=0.007 MW-F=0.007]
  Alt-Benders[3] (mw): LB=-27.741285, Z₀(α*)=9.611536, intercept=-20.050307 (0.328s) [OMP=0.285 ISP-L=0.003 ISP-F=0.009 MW-L=0.022 MW-F=0.008]
  Alt-Benders[4] (mw): LB=-26.748784, Z₀(α*)=18.010243, intercept=-5.145588 (0.110s) [OMP=0.093 ISP-L=0.003 ISP-F=0.008 MW-L=0.007 MW-F=0.008]
  Alt-Benders[5] (mw): LB=-26.610266, Z₀(α*)=-7.703623, intercept=-24.885613 (0.312s) [OMP=0.283 ISP-L=0.003 ISP-F=0.008 MW-L=0.006 MW-F=0.010]
  OMP re-solve: 0.171s

=== True-DRO Benders iter 4 ===
  OMP: t₀=-25.659465, UB=Inf, gap=NaN, x=[0, 0, 0, 0, 0, 0, 0, 0, 0, 0, 1, 0, 0, 0, 0, 0, 0, 0, 0, 0, 0, 0, 1, 0, 0, 0, 0, 0, 0, 0] (0.000s)
  Sub: Z₀=18.649122 [LOCAL] (0.2s), α=[0.000,0.000,0.000,0.000,0.000,0.000,0.000,0.031,0.000,0.000,6.402,0.000,0.000,0.000,1.520,0.000,0.000,0.000,0.000,0.000,0.000,0.000,2.812,0.000,0.000,0.049,0.000,0.000,0.000,0.000]
  Iter 4: LB=-25.659465  UB=Inf  gap=NaN
  Cut: intercept=-1065.926822, π_x_range=[-821.5690, 555.8425]
  Mini-Benders[1] (mw): LB=-25.568628, Z₀(α*)=-16.415937, intercept=-76.202868 (0.297s) [OMP=0.266 ISP-L=0.003 ISP-F=0.008 MW-L=0.006 MW-F=0.010]
  Mini-Benders[2] (mw): LB=-24.877269, Z₀(α*)=11.786764, intercept=-73.020611 (0.157s) [OMP=0.128 ISP-L=0.004 ISP-F=0.009 MW-L=0.006 MW-F=0.010]
  Mini-Benders[3] (mw): LB=-22.076295, Z₀(α*)=-4.514867, intercept=-47.655909 (0.265s) [OMP=0.233 ISP-L=0.003 ISP-F=0.009 MW-L=0.005 MW-F=0.011]
  Mini-Benders[4] (mw): LB=-22.063653, Z₀(α*)=-17.856187, intercept=-27.341770 (0.328s) [OMP=0.298 ISP-L=0.003 ISP-F=0.008 MW-L=0.005 MW-F=0.009]
  Mini-Benders[5] (mw): LB=-20.730954, Z₀(α*)=-16.746166, intercept=-82.660920 (0.266s) [OMP=0.243 ISP-L=0.004 ISP-F=0.009 MW-L=0.006 MW-F=0.008]
  α-step: Z₀=17.613282, α=[0.000,0.000,0.000,0.000,0.447,0.000,0.488,0.000,0.000,0.000,0.000,0.000,0.000,0.000,4.426,0.000,0.000,0.000,0.000,0.000,0.000,0.000,0.000,0.000,0.000,2.714,1.545,1.195,0.000,0.000]
  Alt-Benders[1] (mw): LB=-18.641728, Z₀(α*)=4.632334, intercept=-93.913361 (0.328s) [OMP=0.299 ISP-L=0.004 ISP-F=0.009 MW-L=0.006 MW-F=0.009]
  Alt-Benders[2] (mw): LB=-18.412624, Z₀(α*)=20.506864, intercept=17.513129 (0.500s) [OMP=0.473 ISP-L=0.003 ISP-F=0.009 MW-L=0.006 MW-F=0.009]
  Alt-Benders[3] (mw): LB=-18.327937, Z₀(α*)=8.931848, intercept=-12.425503 (0.265s) [OMP=0.236 ISP-L=0.003 ISP-F=0.009 MW-L=0.007 MW-F=0.009]
  Alt-Benders[4] (mw): LB=-18.002189, Z₀(α*)=17.074498, intercept=-2.852406 (0.438s) [OMP=0.387 ISP-L=0.003 ISP-F=0.009 MW-L=0.021 MW-F=0.010]
  Alt-Benders[5] (mw): LB=-17.331030, Z₀(α*)=21.153451, intercept=-20.058401 (0.406s) [OMP=0.385 ISP-L=0.004 ISP-F=0.010 MW-L=0.006 MW-F=0.010]
  OMP re-solve: 0.306s

=== True-DRO Benders iter 5 ===
  OMP: t₀=-16.746168, UB=Inf, gap=NaN, x=[0, 0, 0, 0, 0, 0, 0, 0, 0, 0, 0, 0, 0, 0, 0, 0, 0, 1, 0, 0, 0, 0, 0, 0, 0, 0, 0, 1, 0, 0] (0.000s)
  Sub: Z₀=19.395513 [TIME_LIMIT] (15.1s), α=[0.000,0.000,0.000,0.000,0.101,0.000,2.456,0.000,0.000,0.000,0.000,0.000,0.000,0.000,1.581,0.000,0.000,0.000,0.000,0.000,0.000,0.000,0.000,0.000,0.000,0.752,0.946,4.979,0.000,0.000]
  Iter 5: LB=-16.746168  UB=19.912481  gap=1.84e+00
  Cut: intercept=-73.709903, π_x_range=[-286.0000, 65.6419]
  Mini-Benders[1] (mw): LB=-16.584548, Z₀(α*)=14.394543, intercept=1.680503 (0.469s) [OMP=0.440 ISP-L=0.003 ISP-F=0.009 MW-L=0.006 MW-F=0.007]
  Mini-Benders[2] (mw): LB=-16.415939, Z₀(α*)=17.597504, intercept=-14.368962 (0.437s) [OMP=0.411 ISP-L=0.003 ISP-F=0.008 MW-L=0.005 MW-F=0.007]
  Mini-Benders[3] (mw): LB=-15.561320, Z₀(α*)=15.348110, intercept=-77.082028 (0.469s) [OMP=0.456 ISP-L=0.004 ISP-F=0.008 MW-L=0.006 MW-F=0.008]
  Mini-Benders[4] (mw): LB=-15.432481, Z₀(α*)=11.059278, intercept=-61.542703 (0.437s) [OMP=0.397 ISP-L=0.003 ISP-F=0.009 MW-L=0.006 MW-F=0.008]
  Mini-Benders[5] (mw): LB=-13.938900, Z₀(α*)=2.266247, intercept=-79.327347 (0.500s) [OMP=0.488 ISP-L=0.003 ISP-F=0.008 MW-L=0.006 MW-F=0.008]
  α-step: Z₀=19.447954, α=[0.000,0.000,0.000,0.000,0.000,0.000,0.000,0.000,0.000,0.000,0.000,0.000,0.000,0.000,1.520,0.000,0.000,0.000,0.000,4.555,0.000,0.000,0.000,0.000,0.000,1.372,3.368,0.000,0.000,0.000]
  Alt-Benders[1] (mw): LB=-10.711685, Z₀(α*)=15.585192, intercept=-9.488978 (0.485s) [OMP=0.459 ISP-L=0.003 ISP-F=0.009 MW-L=0.005 MW-F=0.008]
  Alt-Benders[2] (mw): LB=-10.516430, Z₀(α*)=0.596995, intercept=-0.944140 (0.547s) [OMP=0.523 ISP-L=0.003 ISP-F=0.008 MW-L=0.005 MW-F=0.007]
  Alt-Benders[3] (mw): LB=-10.201174, Z₀(α*)=-5.525220, intercept=-47.607277 (0.375s) [OMP=0.353 ISP-L=0.003 ISP-F=0.007 MW-L=0.005 MW-F=0.009]
  Alt-Benders[4] (mw): LB=-9.565999, Z₀(α*)=10.060306, intercept=-41.615758 (0.453s) [OMP=0.419 ISP-L=0.003 ISP-F=0.008 MW-L=0.006 MW-F=0.008]
  Alt-Benders[5] (mw): LB=-9.341980, Z₀(α*)=6.795232, intercept=-10.763112 (0.437s) [OMP=0.403 ISP-L=0.003 ISP-F=0.008 MW-L=0.006 MW-F=0.023]
  OMP re-solve: 0.383s

=== True-DRO Benders iter 6 ===
  OMP: t₀=-9.000191, UB=19.912481, gap=1.45e+00, x=[0, 0, 0, 0, 0, 0, 0, 0, 0, 0, 0, 0, 0, 0, 1, 0, 0, 0, 0, 0, 0, 0, 0, 0, 0, 1, 0, 0, 0, 0] (0.000s)
  Sub: Z₀=16.110297 [LOCAL] (0.2s), α=[0.000,0.000,0.000,0.000,0.000,0.000,0.000,0.000,0.000,0.000,0.000,0.000,0.000,0.000,0.395,0.000,0.000,0.000,0.000,0.000,0.000,0.000,0.000,0.000,0.000,10.420,0.000,0.000,0.000,0.000]
  Iter 6: LB=-9.000191  UB=19.912481  gap=1.45e+00
  Cut: intercept=-1168.288517, π_x_range=[-827.2781, 597.9523]
  Mini-Benders[1] (mw): LB=-8.859586, Z₀(α*)=4.357797, intercept=3.004737 (0.422s) [OMP=0.396 ISP-L=0.004 ISP-F=0.009 MW-L=0.006 MW-F=0.010]
  Mini-Benders[2] (mw): LB=-8.530531, Z₀(α*)=-37.208864, intercept=-62.128652 (0.359s) [OMP=0.335 ISP-L=0.004 ISP-F=0.009 MW-L=0.007 MW-F=0.010]
  Mini-Benders[3] (mw): LB=-8.530531, Z₀(α*)=-37.208864, intercept=-62.128652 (0.438s) [OMP=0.400 ISP-L=0.004 ISP-F=0.009 MW-L=0.007 MW-F=0.010]
  Mini-Benders[4] (mw): LB=-8.530531, Z₀(α*)=-37.208864, intercept=-62.128652 (0.453s) [OMP=0.427 ISP-L=0.004 ISP-F=0.009 MW-L=0.008 MW-F=0.010]
  Mini-Benders[5]: LB stagnated, break
  α-step: Z₀=16.697174, α=[0.000,0.000,0.000,0.000,0.000,0.000,0.000,0.000,0.000,0.000,5.326,0.000,0.000,0.000,0.000,0.000,0.000,0.000,0.000,0.000,0.000,0.000,0.000,0.000,0.000,0.000,5.488,0.000,0.000,0.000]
  Alt-Benders[1] (mw): LB=-7.896784, Z₀(α*)=-2.429327, intercept=-22.539820 (0.390s) [OMP=0.362 ISP-L=0.003 ISP-F=0.008 MW-L=0.005 MW-F=0.008]
  Alt-Benders[2] (mw): LB=-7.703625, Z₀(α*)=-12.019713, intercept=-27.513864 (0.406s) [OMP=0.394 ISP-L=0.003 ISP-F=0.008 MW-L=0.006 MW-F=0.009]
  Alt-Benders[3] (mw): LB=-7.703625, Z₀(α*)=-12.019713, intercept=-27.513864 (0.438s) [OMP=0.407 ISP-L=0.001 ISP-F=0.008 MW-L=0.004 MW-F=0.009]
  Alt-Benders[4] (mw): LB=-7.703625, Z₀(α*)=-12.019713, intercept=-27.513864 (0.453s) [OMP=0.420 ISP-L=0.003 ISP-F=0.008 MW-L=0.006 MW-F=0.009]
  Alt-Benders[5]: LB stagnated, break
  OMP re-solve: 0.000s

=== True-DRO Benders iter 7 ===
  OMP: t₀=-7.703625, UB=19.912481, gap=1.39e+00, x=[0, 0, 0, 0, 0, 0, 0, 1, 0, 0, 0, 0, 0, 0, 0, 0, 0, 0, 0, 1, 0, 0, 0, 0, 0, 0, 0, 0, 0, 0] (0.000s)
  Sub: Z₀=17.782759 [LOCAL] (0.1s), α=[0.000,0.000,0.000,0.000,0.000,0.000,0.000,4.075,0.000,0.000,0.000,0.000,0.000,0.000,0.000,0.000,0.000,0.000,0.000,5.716,0.000,0.000,0.000,0.000,0.000,1.025,0.000,0.000,0.000,0.000]
  Iter 7: LB=-7.703625  UB=19.912481  gap=1.39e+00
  Cut: intercept=-1118.001520, π_x_range=[-826.9979, 571.4315]
  Mini-Benders[1] (mw): LB=-6.776919, Z₀(α*)=-20.923295, intercept=-23.287790 (0.375s) [OMP=0.347 ISP-L=0.002 ISP-F=0.009 MW-L=0.005 MW-F=0.007]
  Mini-Benders[2] (mw): LB=-6.776919, Z₀(α*)=-20.923295, intercept=-23.287790 (0.390s) [OMP=0.344 ISP-L=0.003 ISP-F=0.009 MW-L=0.005 MW-F=0.022]
  Mini-Benders[3] (mw): LB=-6.776919, Z₀(α*)=-20.923295, intercept=-23.287790 (0.360s) [OMP=0.336 ISP-L=0.003 ISP-F=0.010 MW-L=0.006 MW-F=0.008]
  Mini-Benders[4]: LB stagnated, break
  α-step: Z₀=17.511532, α=[0.000,0.000,0.000,0.000,0.000,0.000,0.000,0.000,0.000,0.000,0.000,0.000,0.000,0.000,0.000,0.000,0.000,0.000,0.000,0.000,0.000,0.000,0.000,0.000,0.000,5.708,3.856,1.250,0.000,0.000]
  Alt-Benders[1] (mw): LB=-6.495145, Z₀(α*)=1.618588, intercept=-41.110129 (0.391s) [OMP=0.362 ISP-L=0.003 ISP-F=0.009 MW-L=0.006 MW-F=0.010]
  Alt-Benders[2] (mw): LB=-6.257446, Z₀(α*)=18.788190, intercept=1.660366 (0.390s) [OMP=0.366 ISP-L=0.003 ISP-F=0.008 MW-L=0.006 MW-F=0.007]
  Alt-Benders[3] (mw): LB=-5.525222, Z₀(α*)=14.338439, intercept=-24.457199 (0.485s) [OMP=0.456 ISP-L=0.003 ISP-F=0.007 MW-L=0.006 MW-F=0.008]
  Alt-Benders[4] (mw): LB=-5.435727, Z₀(α*)=6.594006, intercept=-59.302002 (0.406s) [OMP=0.376 ISP-L=0.003 ISP-F=0.008 MW-L=0.005 MW-F=0.007]
  Alt-Benders[5] (mw): LB=-4.515234, Z₀(α*)=-9.188591, intercept=-83.643622 (0.547s) [OMP=0.520 ISP-L=0.003 ISP-F=0.008 MW-L=0.006 MW-F=0.009]
  OMP re-solve: 0.393s

=== True-DRO Benders iter 8 ===
  OMP: t₀=-4.515234, UB=19.912481, gap=1.23e+00, x=[0, 0, 0, 0, 0, 0, 0, 0, 0, 0, 1, 0, 0, 0, 0, 0, 0, 0, 1, 0, 0, 0, 0, 0, 0, 0, 0, 0, 0, 0] (0.000s)
  Sub: Z₀=16.984789 [LOCAL] (0.2s), α=[0.000,0.000,0.000,0.000,0.000,0.000,0.000,0.000,0.000,0.000,9.603,0.000,0.000,0.000,1.212,0.000,0.000,0.000,0.000,0.000,0.000,0.000,0.000,0.000,0.000,0.000,0.000,0.000,0.000,0.000]
  Iter 8: LB=-4.515234  UB=19.912481  gap=1.23e+00
  Cut: intercept=-1083.685943, π_x_range=[-816.4473, 554.9500]
  Mini-Benders[1] (mw): LB=-4.514869, Z₀(α*)=-15.028450, intercept=-34.362511 (0.453s) [OMP=0.424 ISP-L=0.003 ISP-F=0.009 MW-L=0.006 MW-F=0.009]
  Mini-Benders[2] (mw): LB=-4.514869, Z₀(α*)=-15.028450, intercept=-34.362511 (0.297s) [OMP=0.268 ISP-L=0.003 ISP-F=0.009 MW-L=0.006 MW-F=0.009]
  Mini-Benders[3] (mw): LB=-4.514869, Z₀(α*)=-15.028450, intercept=-34.362511 (0.281s) [OMP=0.265 ISP-L=0.003 ISP-F=0.008 MW-L=0.006 MW-F=0.009]
  Mini-Benders[4]: LB stagnated, break
  α-step: Z₀=20.019911, α=[0.000,0.000,0.000,0.000,0.000,0.000,1.670,0.000,0.000,0.000,0.000,0.000,0.000,0.000,2.064,0.000,0.000,0.000,0.000,0.000,0.000,0.000,0.000,0.000,0.000,2.937,4.144,0.000,0.000,0.000]
  Alt-Benders[1] (mw): LB=-4.357400, Z₀(α*)=9.796400, intercept=-18.088440 (0.406s) [OMP=0.379 ISP-L=0.003 ISP-F=0.009 MW-L=0.006 MW-F=0.008]
  Alt-Benders[2] (mw): LB=-3.367309, Z₀(α*)=14.319445, intercept=-29.248940 (0.469s) [OMP=0.432 ISP-L=0.003 ISP-F=0.008 MW-L=0.021 MW-F=0.008]
  Alt-Benders[3] (mw): LB=-2.803148, Z₀(α*)=20.882836, intercept=-46.179865 (0.468s) [OMP=0.424 ISP-L=0.003 ISP-F=0.008 MW-L=0.006 MW-F=0.013]
  Alt-Benders[4] (mw): LB=-2.429329, Z₀(α*)=15.673079, intercept=-20.562924 (0.297s) [OMP=0.273 ISP-L=0.003 ISP-F=0.009 MW-L=0.006 MW-F=0.008]
  Alt-Benders[5] (mw): LB=-2.359917, Z₀(α*)=15.976436, intercept=-60.818861 (0.328s) [OMP=0.304 ISP-L=0.003 ISP-F=0.008 MW-L=0.006 MW-F=0.010]
  OMP re-solve: 0.266s

=== True-DRO Benders iter 9 ===
  OMP: t₀=-1.810474, UB=19.912481, gap=1.09e+00, x=[0, 0, 0, 0, 1, 0, 0, 0, 0, 0, 0, 0, 0, 0, 0, 0, 0, 0, 0, 1, 0, 0, 0, 0, 0, 0, 0, 0, 0, 0] (0.000s)
  Sub: Z₀=15.442965 [LOCAL] (0.3s), α=[0.000,0.000,0.000,0.000,5.596,0.000,0.000,0.000,0.000,0.000,0.000,0.000,0.000,0.000,5.218,0.000,0.000,0.000,0.000,0.000,0.000,0.000,0.000,0.000,0.000,0.000,0.000,0.000,0.000,0.000]
  Iter 9: LB=-1.810474  UB=19.912481  gap=1.09e+00
  Cut: intercept=-1112.927463, π_x_range=[-836.4087, 573.2502]
  Mini-Benders[1] (mw): LB=-1.789279, Z₀(α*)=15.355604, intercept=-18.834068 (0.312s) [OMP=0.291 ISP-L=0.003 ISP-F=0.009 MW-L=0.007 MW-F=0.008]
  Mini-Benders[2] (mw): LB=-1.453213, Z₀(α*)=-6.252701, intercept=-9.324755 (0.297s) [OMP=0.266 ISP-L=0.003 ISP-F=0.010 MW-L=0.007 MW-F=0.011]
  Mini-Benders[3] (mw): LB=-1.453213, Z₀(α*)=-6.252701, intercept=-9.324755 (0.297s) [OMP=0.258 ISP-L=0.003 ISP-F=0.010 MW-L=0.007 MW-F=0.011]
  Mini-Benders[4] (mw): LB=-1.453213, Z₀(α*)=-6.252701, intercept=-9.324755 (0.265s) [OMP=0.241 ISP-L=0.003 ISP-F=0.009 MW-L=0.007 MW-F=0.010]
  Mini-Benders[5]: LB stagnated, break
  α-step: Z₀=17.716169, α=[0.000,0.000,0.000,0.000,0.000,0.000,0.000,0.000,0.000,0.000,0.000,0.000,0.000,0.000,4.723,0.000,0.000,0.000,0.000,0.000,0.000,0.000,0.000,0.000,0.000,6.092,0.000,0.000,0.000,0.000]
  Alt-Benders[1] (mw): LB=-1.255322, Z₀(α*)=17.530227, intercept=-6.268448 (0.344s) [OMP=0.309 ISP-L=0.005 ISP-F=0.011 MW-L=0.006 MW-F=0.011]
  Alt-Benders[2] (mw): LB=-0.641772, Z₀(α*)=21.239383, intercept=21.513690 (0.343s) [OMP=0.323 ISP-L=0.003 ISP-F=0.008 MW-L=0.006 MW-F=0.009]
  Alt-Benders[3] (mw): LB=-0.293818, Z₀(α*)=17.934754, intercept=2.154645 (0.344s) [OMP=0.309 ISP-L=0.003 ISP-F=0.008 MW-L=0.007 MW-F=0.009]
  Alt-Benders[4] (mw): LB=1.193293, Z₀(α*)=18.408088, intercept=-1.808939 (0.422s) [OMP=0.380 ISP-L=0.003 ISP-F=0.008 MW-L=0.021 MW-F=0.008]
  Alt-Benders[5] (mw): LB=1.618586, Z₀(α*)=19.038770, intercept=-73.192808 (0.391s) [OMP=0.367 ISP-L=0.003 ISP-F=0.008 MW-L=0.007 MW-F=0.006]
  OMP re-solve: 0.384s

=== True-DRO Benders iter 10 ===
  OMP: t₀=1.893696, UB=19.912481, gap=9.05e-01, x=[0, 0, 0, 0, 0, 0, 0, 0, 0, 0, 0, 0, 0, 1, 0, 0, 0, 0, 0, 1, 0, 0, 0, 0, 0, 0, 0, 0, 0, 0] (0.000s)
  Sub: Z₀=21.366614 [TIME_LIMIT] (15.1s), α=[0.000,0.000,0.000,0.000,0.000,0.000,0.000,0.126,0.000,0.000,0.000,0.000,0.000,0.000,1.103,0.000,0.000,0.000,0.000,5.747,0.000,0.000,0.000,0.000,0.000,3.107,0.584,0.147,0.000,0.000]
  Iter 10: LB=1.893696  UB=19.912481  gap=9.05e-01
  Cut: intercept=-25.639698, π_x_range=[-232.0000, 34.0354]
  Mini-Benders[1] (mw): LB=2.199669, Z₀(α*)=2.067557, intercept=-22.960537 (0.360s) [OMP=0.331 ISP-L=0.003 ISP-F=0.008 MW-L=0.006 MW-F=0.008]
  Mini-Benders[2] (mw): LB=2.199669, Z₀(α*)=2.067557, intercept=-22.960537 (0.281s) [OMP=0.263 ISP-L=0.003 ISP-F=0.008 MW-L=0.006 MW-F=0.008]
  Mini-Benders[3] (mw): LB=2.199669, Z₀(α*)=2.067557, intercept=-22.960537 (0.297s) [OMP=0.266 ISP-L=0.003 ISP-F=0.008 MW-L=0.006 MW-F=0.008]
  Mini-Benders[4]: LB stagnated, break
  α-step: Z₀=19.137233, α=[0.000,0.000,0.000,0.000,0.000,0.000,3.298,0.000,0.000,0.000,0.000,0.000,0.000,0.000,0.881,0.000,0.000,0.000,0.000,0.000,0.000,0.000,3.529,0.000,0.000,3.107,0.000,0.000,0.000,0.000]
  Alt-Benders[1] (mw): LB=2.205104, Z₀(α*)=8.029278, intercept=-1.812873 (0.437s) [OMP=0.405 ISP-L=0.003 ISP-F=0.009 MW-L=0.005 MW-F=0.009]
  Alt-Benders[2] (mw): LB=2.221176, Z₀(α*)=-5.990132, intercept=-71.700629 (0.297s) [OMP=0.277 ISP-L=0.003 ISP-F=0.009 MW-L=0.006 MW-F=0.009]
  Alt-Benders[3] (mw): LB=2.221176, Z₀(α*)=-5.990132, intercept=-71.700629 (0.313s) [OMP=0.281 ISP-L=0.004 ISP-F=0.009 MW-L=0.006 MW-F=0.009]
  Alt-Benders[4] (mw): LB=2.221176, Z₀(α*)=-5.990132, intercept=-71.700629 (0.328s) [OMP=0.297 ISP-L=0.003 ISP-F=0.009 MW-L=0.006 MW-F=0.009]
  Alt-Benders[5]: LB stagnated, break
  OMP re-solve: 0.000s

=== True-DRO Benders iter 11 ===
  OMP: t₀=2.221176, UB=19.912481, gap=8.88e-01, x=[0, 0, 0, 0, 0, 0, 0, 1, 0, 0, 0, 0, 0, 0, 0, 0, 0, 0, 0, 0, 0, 0, 0, 0, 0, 0, 1, 0, 0, 0] (0.000s)
  Sub: Z₀=18.940187 [LOCAL] (0.2s), α=[0.000,0.000,0.000,0.000,0.000,0.000,0.000,0.000,0.000,0.000,0.000,0.000,0.000,0.000,1.068,0.000,0.000,0.000,0.000,0.000,0.000,0.000,0.000,0.000,0.000,1.062,5.627,3.058,0.000,0.000]
  Iter 11: LB=2.221176  UB=19.912481  gap=8.88e-01
  Cut: intercept=-1100.803062, π_x_range=[-828.7253, 565.4957]
  Mini-Benders[1] (mw): LB=2.266245, Z₀(α*)=16.695676, intercept=-46.256050 (0.390s) [OMP=0.355 ISP-L=0.003 ISP-F=0.009 MW-L=0.006 MW-F=0.012]
  Mini-Benders[2] (mw): LB=2.740839, Z₀(α*)=13.219009, intercept=-52.587230 (0.344s) [OMP=0.308 ISP-L=0.004 ISP-F=0.009 MW-L=0.007 MW-F=0.023]
  Mini-Benders[3] (mw): LB=3.886814, Z₀(α*)=5.408969, intercept=-25.539877 (0.328s) [OMP=0.307 ISP-L=0.003 ISP-F=0.008 MW-L=0.006 MW-F=0.008]
  Mini-Benders[4] (mw): LB=4.357795, Z₀(α*)=18.378002, intercept=-4.119478 (0.344s) [OMP=0.309 ISP-L=0.004 ISP-F=0.009 MW-L=0.006 MW-F=0.009]
  Mini-Benders[5] (mw): LB=4.576650, Z₀(α*)=6.033130, intercept=-5.202413 (0.328s) [OMP=0.293 ISP-L=0.003 ISP-F=0.009 MW-L=0.006 MW-F=0.009]
  α-step: Z₀=15.648608, α=[0.000,0.000,0.000,0.000,0.000,0.000,1.080,0.000,0.000,0.000,4.853,0.000,0.000,0.000,0.205,0.000,0.000,0.000,0.000,0.508,0.000,0.000,0.000,0.000,0.000,0.186,3.983,0.000,0.000,0.000]
  Alt-Benders[1] (mw): LB=5.175889, Z₀(α*)=2.023154, intercept=-81.100291 (0.438s) [OMP=0.406 ISP-L=0.004 ISP-F=0.009 MW-L=0.006 MW-F=0.009]
  Alt-Benders[2] (mw): LB=5.175889, Z₀(α*)=2.023154, intercept=-81.100291 (0.422s) [OMP=0.388 ISP-L=0.003 ISP-F=0.010 MW-L=0.005 MW-F=0.009]
  Alt-Benders[3] (mw): LB=5.175889, Z₀(α*)=2.023154, intercept=-81.100291 (0.422s) [OMP=0.391 ISP-L=0.003 ISP-F=0.010 MW-L=0.005 MW-F=0.009]
  Alt-Benders[4]: LB stagnated, break
  OMP re-solve: 0.000s

=== True-DRO Benders iter 12 ===
  OMP: t₀=5.175889, UB=19.912481, gap=7.40e-01, x=[0, 0, 0, 0, 0, 0, 0, 0, 0, 0, 0, 0, 0, 1, 0, 0, 0, 1, 0, 0, 0, 0, 0, 0, 0, 0, 0, 0, 0, 0] (0.000s)
  Sub: Z₀=22.653322 [LOCAL] (0.3s), α=[0.000,0.000,0.000,0.000,0.000,0.000,2.090,0.000,0.000,0.000,0.000,0.000,0.000,0.000,2.484,0.000,0.000,0.478,0.000,0.030,0.000,0.000,0.000,0.000,0.000,3.619,0.893,1.221,0.000,0.000]
  Iter 12: LB=5.175889  UB=19.912481  gap=7.40e-01
  Cut: intercept=-1112.970872, π_x_range=[-826.5253, 587.0851]
  Mini-Benders[1] (mw): LB=5.376665, Z₀(α*)=18.116035, intercept=-38.931953 (0.438s) [OMP=0.406 ISP-L=0.003 ISP-F=0.010 MW-L=0.005 MW-F=0.009]
  Mini-Benders[2] (mw): LB=5.392477, Z₀(α*)=12.171657, intercept=-46.866250 (0.422s) [OMP=0.390 ISP-L=0.003 ISP-F=0.009 MW-L=0.006 MW-F=0.010]
  Mini-Benders[3] (mw): LB=5.408967, Z₀(α*)=6.808240, intercept=-28.397763 (0.437s) [OMP=0.415 ISP-L=0.003 ISP-F=0.009 MW-L=0.006 MW-F=0.009]
  Mini-Benders[4] (mw): LB=5.592749, Z₀(α*)=22.072120, intercept=-46.104877 (0.500s) [OMP=0.469 ISP-L=0.003 ISP-F=0.010 MW-L=0.006 MW-F=0.008]
  Mini-Benders[5] (mw): LB=5.677467, Z₀(α*)=13.797712, intercept=-95.306643 (0.500s) [OMP=0.465 ISP-L=0.003 ISP-F=0.009 MW-L=0.006 MW-F=0.008]
  α-step: Z₀=19.011538, α=[0.000,0.000,0.000,0.000,0.000,0.000,0.000,3.002,0.000,0.000,4.334,0.000,0.000,0.000,3.478,0.000,0.000,0.000,0.000,0.000,0.000,0.000,0.000,0.000,0.000,0.000,0.000,0.000,0.000,0.000]
  Alt-Benders[1] (mw): LB=6.033128, Z₀(α*)=6.295391, intercept=-5.789096 (0.485s) [OMP=0.461 ISP-L=0.003 ISP-F=0.008 MW-L=0.006 MW-F=0.009]
  Alt-Benders[2] (mw): LB=6.259229, Z₀(α*)=-11.993023, intercept=-18.663169 (0.531s) [OMP=0.508 ISP-L=0.004 ISP-F=0.009 MW-L=0.006 MW-F=0.008]
  Alt-Benders[3] (mw): LB=6.259229, Z₀(α*)=-11.993023, intercept=-18.663169 (0.516s) [OMP=0.482 ISP-L=0.003 ISP-F=0.009 MW-L=0.006 MW-F=0.008]
  Alt-Benders[4] (mw): LB=6.259229, Z₀(α*)=-11.993023, intercept=-18.663169 (0.500s) [OMP=0.475 ISP-L=0.004 ISP-F=0.009 MW-L=0.006 MW-F=0.009]
  Alt-Benders[5]: LB stagnated, break
  OMP re-solve: 0.000s

=== True-DRO Benders iter 13 ===
  OMP: t₀=6.259229, UB=19.912481, gap=6.86e-01, x=[0, 0, 0, 0, 0, 0, 1, 0, 0, 0, 0, 0, 0, 0, 0, 0, 0, 0, 0, 0, 0, 0, 0, 0, 0, 0, 1, 0, 0, 0] (0.000s)
  Sub: Z₀=17.447088 [LOCAL] (0.1s), α=[0.000,0.000,0.000,0.000,0.000,0.000,1.293,0.000,0.000,0.000,0.000,0.000,0.000,0.000,0.000,0.000,0.000,0.000,0.000,0.000,0.000,0.000,0.000,0.000,0.000,3.107,6.197,0.217,0.000,0.000]
  Iter 13: LB=6.259229  UB=19.912481  gap=6.86e-01
  Cut: intercept=-1127.730854, π_x_range=[-829.4663, 585.7346]
  Mini-Benders[1] (mw): LB=6.295389, Z₀(α*)=13.916683, intercept=-2.125777 (0.500s) [OMP=0.468 ISP-L=0.003 ISP-F=0.009 MW-L=0.006 MW-F=0.009]
  Mini-Benders[2] (mw): LB=6.594004, Z₀(α*)=9.009315, intercept=-58.949690 (0.500s) [OMP=0.475 ISP-L=0.003 ISP-F=0.009 MW-L=0.005 MW-F=0.008]
  Mini-Benders[3] (mw): LB=6.691046, Z₀(α*)=16.558812, intercept=-23.118599 (0.562s) [OMP=0.532 ISP-L=0.003 ISP-F=0.009 MW-L=0.006 MW-F=0.008]
  Mini-Benders[4] (mw): LB=6.795230, Z₀(α*)=17.502279, intercept=-16.248577 (0.516s) [OMP=0.485 ISP-L=0.003 ISP-F=0.009 MW-L=0.006 MW-F=0.009]
  Mini-Benders[5] (mw): LB=6.808238, Z₀(α*)=14.466761, intercept=-24.938070 (0.500s) [OMP=0.482 ISP-L=0.003 ISP-F=0.009 MW-L=0.006 MW-F=0.007]
  α-step: Z₀=15.063803, α=[0.000,0.000,0.000,0.000,0.432,0.000,0.000,0.000,0.000,0.000,0.000,0.000,0.000,0.000,5.500,0.000,0.000,0.000,0.000,0.000,0.000,0.000,0.000,0.000,0.000,1.083,3.800,0.000,0.000,0.000]
  Alt-Benders[1] (mw): LB=7.241629, Z₀(α*)=18.161453, intercept=-0.893711 (0.515s) [OMP=0.483 ISP-L=0.003 ISP-F=0.009 MW-L=0.006 MW-F=0.009]
  Alt-Benders[2] (mw): LB=7.515765, Z₀(α*)=15.903069, intercept=-22.116047 (0.547s) [OMP=0.506 ISP-L=0.003 ISP-F=0.009 MW-L=0.021 MW-F=0.008]
  Alt-Benders[3] (mw): LB=8.029276, Z₀(α*)=12.147833, intercept=-11.856862 (0.563s) [OMP=0.534 ISP-L=0.003 ISP-F=0.008 MW-L=0.006 MW-F=0.008]
  Alt-Benders[4] (mw): LB=8.106105, Z₀(α*)=16.599442, intercept=0.197936 (0.531s) [OMP=0.512 ISP-L=0.004 ISP-F=0.008 MW-L=0.006 MW-F=0.013]
  Alt-Benders[5] (mw): LB=8.931846, Z₀(α*)=11.849096, intercept=-13.670465 (0.594s) [OMP=0.555 ISP-L=0.003 ISP-F=0.008 MW-L=0.007 MW-F=0.010]
  OMP re-solve: 0.551s

=== True-DRO Benders iter 14 ===
  OMP: t₀=9.009313, UB=19.912481, gap=5.48e-01, x=[0, 0, 0, 0, 1, 0, 0, 1, 0, 0, 0, 0, 0, 0, 0, 0, 0, 0, 0, 0, 0, 0, 0, 0, 0, 0, 0, 0, 0, 0] (0.000s)
  Sub: Z₀=16.144080 [LOCAL] (0.3s), α=[0.000,0.000,0.000,0.000,8.584,0.000,0.000,0.000,0.000,0.000,0.000,0.000,0.000,0.000,2.230,0.000,0.000,0.000,0.000,0.000,0.000,0.000,0.000,0.000,0.000,0.000,0.000,0.000,0.000,0.000]
  Iter 14: LB=9.009313  UB=19.912481  gap=5.48e-01
  Cut: intercept=-1116.828127, π_x_range=[-828.2358, 574.6858]
  Mini-Benders[1] (mw): LB=9.039934, Z₀(α*)=-13.284179, intercept=-49.015450 (0.641s) [OMP=0.609 ISP-L=0.003 ISP-F=0.008 MW-L=0.006 MW-F=0.009]
  Mini-Benders[2] (mw): LB=9.039934, Z₀(α*)=-13.284179, intercept=-49.015450 (0.578s) [OMP=0.556 ISP-L=0.003 ISP-F=0.008 MW-L=0.006 MW-F=0.008]
  Mini-Benders[3] (mw): LB=9.039934, Z₀(α*)=-13.284179, intercept=-49.015450 (0.593s) [OMP=0.556 ISP-L=0.003 ISP-F=0.008 MW-L=0.006 MW-F=0.008]
  Mini-Benders[4]: LB stagnated, break
  α-step: Z₀=19.882897, α=[0.000,0.000,0.000,0.000,0.000,0.000,2.919,3.100,0.000,0.000,0.000,0.000,0.000,0.000,0.501,0.000,0.000,0.000,0.000,0.000,0.000,0.000,0.000,0.000,0.000,3.507,0.000,0.787,0.000,0.000]
  Alt-Benders[1] (mw): LB=9.303514, Z₀(α*)=-14.758188, intercept=-85.916684 (0.625s) [OMP=0.598 ISP-L=0.003 ISP-F=0.008 MW-L=0.006 MW-F=0.010]
  Alt-Benders[2] (mw): LB=9.303514, Z₀(α*)=-14.758188, intercept=-85.916684 (0.625s) [OMP=0.599 ISP-L=0.003 ISP-F=0.008 MW-L=0.006 MW-F=0.010]
  Alt-Benders[3] (mw): LB=9.303514, Z₀(α*)=-14.758188, intercept=-85.916684 (0.625s) [OMP=0.594 ISP-L=0.003 ISP-F=0.007 MW-L=0.006 MW-F=0.010]
  Alt-Benders[4]: LB stagnated, break
  OMP re-solve: 0.000s

=== True-DRO Benders iter 15 ===
  OMP: t₀=9.303514, UB=19.912481, gap=5.33e-01, x=[0, 0, 0, 0, 1, 0, 0, 0, 0, 0, 1, 0, 0, 0, 0, 0, 0, 0, 0, 0, 0, 0, 0, 0, 0, 0, 0, 0, 0, 0] (0.000s)
  Sub: Z₀=15.813902 [TIME_LIMIT] (15.1s), α=[0.000,0.000,0.000,0.000,0.000,0.000,1.435,0.000,0.000,0.000,4.667,0.000,0.000,0.000,0.560,0.000,0.000,0.000,0.000,0.000,0.000,0.000,0.000,0.000,0.000,0.000,4.152,0.000,0.000,0.000]
  Iter 15: LB=9.303514  UB=16.156304  gap=4.24e-01
  Cut: intercept=-101.554761, π_x_range=[-228.0000, 62.7255]
  Mini-Benders[1] (mw): LB=9.501937, Z₀(α*)=3.128802, intercept=-63.910176 (0.656s) [OMP=0.609 ISP-L=0.003 ISP-F=0.009 MW-L=0.006 MW-F=0.023]
  Mini-Benders[2] (mw): LB=9.501937, Z₀(α*)=3.128802, intercept=-63.910176 (0.547s) [OMP=0.520 ISP-L=0.004 ISP-F=0.009 MW-L=0.006 MW-F=0.009]
  Mini-Benders[3] (mw): LB=9.501937, Z₀(α*)=3.128802, intercept=-63.910176 (0.563s) [OMP=0.541 ISP-L=0.003 ISP-F=0.008 MW-L=0.006 MW-F=0.009]
  Mini-Benders[4]: LB stagnated, break
  α-step: Z₀=21.721499, α=[0.000,0.000,0.000,0.000,0.000,0.000,1.759,0.000,0.000,0.000,0.000,0.000,0.000,0.000,3.278,0.000,0.000,0.000,0.000,0.000,0.000,0.000,0.000,0.000,0.000,0.651,5.127,0.000,0.000,0.000]
  Alt-Benders[1] (mw): LB=9.519889, Z₀(α*)=19.095951, intercept=19.733785 (0.656s) [OMP=0.618 ISP-L=0.005 ISP-F=0.013 MW-L=0.006 MW-F=0.013]
  Alt-Benders[2] (mw): LB=9.796398, Z₀(α*)=8.906217, intercept=-18.370922 (0.579s) [OMP=0.543 ISP-L=0.004 ISP-F=0.010 MW-L=0.007 MW-F=0.010]
  Alt-Benders[3] (mw): LB=9.796398, Z₀(α*)=8.906217, intercept=-18.370922 (0.578s) [OMP=0.548 ISP-L=0.004 ISP-F=0.010 MW-L=0.006 MW-F=0.010]
  Alt-Benders[4] (mw): LB=9.796398, Z₀(α*)=8.906217, intercept=-18.370922 (0.593s) [OMP=0.571 ISP-L=0.004 ISP-F=0.010 MW-L=0.007 MW-F=0.010]
  Alt-Benders[5]: LB stagnated, break
  OMP re-solve: 0.000s

=== True-DRO Benders iter 16 ===
  OMP: t₀=9.796398, UB=16.156304, gap=3.94e-01, x=[0, 0, 0, 0, 0, 0, 0, 0, 0, 0, 0, 0, 0, 0, 0, 0, 0, 0, 0, 0, 0, 0, 1, 0, 0, 0, 1, 0, 0, 0] (0.000s)
  Sub: Z₀=18.497470 [LOCAL] (0.2s), α=[0.000,0.000,0.000,0.000,0.000,0.000,0.000,0.000,0.000,0.000,0.000,0.000,0.000,0.000,0.000,0.000,0.000,0.000,0.000,0.000,0.000,0.000,0.000,0.000,0.000,1.058,9.742,0.015,0.000,0.000]
  Iter 16: LB=9.796398  UB=16.156304  gap=3.94e-01
  Cut: intercept=-1109.288760, π_x_range=[-831.6547, 570.5183]
  Mini-Benders[1] (mw): LB=10.060304, Z₀(α*)=-23.820338, intercept=-36.488112 (0.625s) [OMP=0.594 ISP-L=0.003 ISP-F=0.009 MW-L=0.006 MW-F=0.010]
  Mini-Benders[2] (mw): LB=10.060304, Z₀(α*)=-23.820338, intercept=-36.488112 (0.734s) [OMP=0.713 ISP-L=0.003 ISP-F=0.008 MW-L=0.006 MW-F=0.010]
  Mini-Benders[3] (mw): LB=10.060304, Z₀(α*)=-23.820338, intercept=-36.488112 (0.719s) [OMP=0.691 ISP-L=0.003 ISP-F=0.008 MW-L=0.006 MW-F=0.010]
  Mini-Benders[4]: LB stagnated, break
  α-step: Z₀=18.405318, α=[0.000,0.000,0.000,0.000,0.000,0.000,0.000,3.885,0.000,0.000,0.000,0.000,0.000,0.000,3.703,0.000,0.000,0.000,0.000,0.000,0.000,0.000,0.000,0.000,0.000,1.655,1.571,0.000,0.000,0.000]
  Alt-Benders[1] (mw): LB=10.652911, Z₀(α*)=9.268745, intercept=-2.599388 (0.594s) [OMP=0.542 ISP-L=0.003 ISP-F=0.009 MW-L=0.006 MW-F=0.023]
  Alt-Benders[2] (mw): LB=10.652911, Z₀(α*)=9.268745, intercept=-2.599388 (0.672s) [OMP=0.652 ISP-L=0.003 ISP-F=0.008 MW-L=0.007 MW-F=0.008]
  Alt-Benders[3] (mw): LB=10.652911, Z₀(α*)=9.268745, intercept=-2.599388 (0.656s) [OMP=0.619 ISP-L=0.003 ISP-F=0.009 MW-L=0.006 MW-F=0.008]
  Alt-Benders[4]: LB stagnated, break
  OMP re-solve: 0.000s

=== True-DRO Benders iter 17 ===
  OMP: t₀=10.652911, UB=16.156304, gap=3.41e-01, x=[0, 0, 0, 0, 0, 0, 0, 0, 1, 0, 0, 0, 0, 0, 0, 0, 0, 0, 1, 0, 0, 0, 0, 0, 0, 0, 0, 0, 0, 0] (0.000s)
  Sub: Z₀=21.250553 [LOCAL] (0.1s), α=[0.000,0.000,0.000,0.000,0.000,0.000,0.000,0.000,0.000,0.000,0.000,0.000,0.000,0.000,3.818,0.000,0.000,0.000,0.000,0.000,0.000,0.000,0.000,0.000,0.000,6.997,0.000,0.000,0.000,0.000]
  Iter 17: LB=10.652911  UB=16.156304  gap=3.41e-01
  Cut: intercept=-1112.740001, π_x_range=[-835.7467, 585.2390]
  Mini-Benders[1] (mw): LB=10.826155, Z₀(α*)=16.075219, intercept=-22.643720 (0.640s) [OMP=0.618 ISP-L=0.004 ISP-F=0.009 MW-L=0.007 MW-F=0.007]
  Mini-Benders[2] (mw): LB=11.059276, Z₀(α*)=18.736148, intercept=-27.855449 (0.594s) [OMP=0.569 ISP-L=0.003 ISP-F=0.009 MW-L=0.006 MW-F=0.009]
  Mini-Benders[3] (mw): LB=11.328822, Z₀(α*)=18.577138, intercept=-2.463195 (0.688s) [OMP=0.655 ISP-L=0.003 ISP-F=0.009 MW-L=0.006 MW-F=0.007]
  Mini-Benders[4] (mw): LB=11.486609, Z₀(α*)=5.960887, intercept=-18.031861 (0.578s) [OMP=0.553 ISP-L=0.004 ISP-F=0.009 MW-L=0.007 MW-F=0.009]
  Mini-Benders[5] (mw): LB=11.486609, Z₀(α*)=5.960887, intercept=-18.031861 (0.594s) [OMP=0.569 ISP-L=0.003 ISP-F=0.009 MW-L=0.007 MW-F=0.009]
  α-step: Z₀=17.969726, α=[0.000,0.000,0.000,0.000,0.000,0.000,0.000,0.849,0.000,0.000,0.000,0.000,0.000,0.000,4.723,0.000,0.000,0.000,0.000,0.000,0.000,0.000,0.000,0.000,0.000,3.757,1.486,0.000,0.000,0.000]
  Alt-Benders[1] (mw): LB=11.778070, Z₀(α*)=17.097141, intercept=-15.634627 (0.609s) [OMP=0.586 ISP-L=0.004 ISP-F=0.008 MW-L=0.006 MW-F=0.009]
  Alt-Benders[2] (mw): LB=11.786762, Z₀(α*)=17.856576, intercept=-87.386596 (0.578s) [OMP=0.546 ISP-L=0.003 ISP-F=0.009 MW-L=0.006 MW-F=0.009]
  Alt-Benders[3] (mw): LB=11.833691, Z₀(α*)=16.556657, intercept=11.328179 (0.594s) [OMP=0.569 ISP-L=0.003 ISP-F=0.009 MW-L=0.006 MW-F=0.008]
  Alt-Benders[4] (mw): LB=11.849094, Z₀(α*)=7.768600, intercept=-21.243623 (0.625s) [OMP=0.590 ISP-L=0.003 ISP-F=0.009 MW-L=0.007 MW-F=0.007]
  Alt-Benders[5] (mw): LB=11.849094, Z₀(α*)=7.768600, intercept=-21.243623 (0.750s) [OMP=0.718 ISP-L=0.003 ISP-F=0.009 MW-L=0.022 MW-F=0.008]
  OMP re-solve: 0.754s

=== True-DRO Benders iter 18 ===
  OMP: t₀=11.849094, UB=16.156304, gap=2.67e-01, x=[0, 0, 0, 0, 0, 0, 0, 1, 0, 0, 0, 0, 0, 0, 0, 0, 0, 0, 1, 0, 0, 0, 0, 0, 0, 0, 0, 0, 0, 0] (0.001s)
  Sub: Z₀=20.484755 [LOCAL] (0.1s), α=[0.000,0.000,0.000,0.000,0.000,0.000,0.000,3.389,0.000,0.000,0.056,0.000,0.000,0.000,2.646,0.000,0.000,0.000,2.964,0.028,0.000,0.000,0.000,0.000,0.000,1.317,0.063,0.351,0.000,0.000]
  Iter 18: LB=11.849094  UB=16.156304  gap=2.67e-01
  Cut: intercept=-1069.017000, π_x_range=[-827.2262, 556.9772]
  Mini-Benders[1] (mw): LB=12.171655, Z₀(α*)=14.479624, intercept=-23.000627 (0.813s) [OMP=0.788 ISP-L=0.004 ISP-F=0.009 MW-L=0.006 MW-F=0.008]
  Mini-Benders[2] (mw): LB=12.432198, Z₀(α*)=-7.149467, intercept=-20.438217 (0.703s) [OMP=0.670 ISP-L=0.003 ISP-F=0.009 MW-L=0.006 MW-F=0.009]
  Mini-Benders[3] (mw): LB=12.432198, Z₀(α*)=-7.149467, intercept=-20.438217 (0.672s) [OMP=0.653 ISP-L=0.003 ISP-F=0.008 MW-L=0.006 MW-F=0.009]
  Mini-Benders[4] (mw): LB=12.432198, Z₀(α*)=-7.149467, intercept=-20.438217 (0.719s) [OMP=0.688 ISP-L=0.003 ISP-F=0.008 MW-L=0.006 MW-F=0.009]
  Mini-Benders[5]: LB stagnated, break
  α-step: Z₀=21.357472, α=[0.000,0.000,0.000,0.000,2.081,0.000,0.555,0.000,0.000,0.000,0.000,0.000,0.000,0.000,0.000,0.000,0.000,0.000,0.000,0.000,0.000,0.000,0.000,0.000,0.000,5.700,2.478,0.000,0.000,0.000]
  Alt-Benders[1] (mw): LB=12.821920, Z₀(α*)=12.309398, intercept=-58.851651 (0.812s) [OMP=0.787 ISP-L=0.003 ISP-F=0.008 MW-L=0.006 MW-F=0.008]
  Alt-Benders[2] (mw): LB=12.821920, Z₀(α*)=12.309398, intercept=-58.851651 (0.703s) [OMP=0.680 ISP-L=0.003 ISP-F=0.008 MW-L=0.006 MW-F=0.007]
  Alt-Benders[3] (mw): LB=12.821920, Z₀(α*)=12.309398, intercept=-58.851651 (0.719s) [OMP=0.684 ISP-L=0.003 ISP-F=0.008 MW-L=0.006 MW-F=0.008]
  Alt-Benders[4]: LB stagnated, break
  OMP re-solve: 0.001s

=== True-DRO Benders iter 19 ===
  OMP: t₀=12.821920, UB=16.156304, gap=2.06e-01, x=[0, 0, 0, 0, 0, 0, 0, 0, 0, 0, 0, 0, 0, 0, 0, 0, 0, 1, 1, 0, 0, 0, 0, 0, 0, 0, 0, 0, 0, 0] (0.000s)
  Sub: Z₀=19.537329 [LOCAL] (0.2s), α=[0.000,0.000,0.000,0.000,0.000,0.000,0.000,0.000,0.000,0.000,0.000,0.000,0.000,0.000,0.000,0.000,0.000,1.329,5.813,0.054,0.000,0.000,0.000,0.000,0.000,3.619,0.000,0.000,0.000,0.000]
  Iter 19: LB=12.821920  UB=16.156304  gap=2.06e-01
  Cut: intercept=-1087.080532, π_x_range=[-830.7155, 560.5219]
  Mini-Benders[1] (mw): LB=12.917859, Z₀(α*)=2.143501, intercept=-12.458552 (0.813s) [OMP=0.794 ISP-L=0.003 ISP-F=0.009 MW-L=0.006 MW-F=0.010]
  Mini-Benders[2] (mw): LB=12.917859, Z₀(α*)=2.143501, intercept=-12.458552 (0.843s) [OMP=0.814 ISP-L=0.003 ISP-F=0.009 MW-L=0.006 MW-F=0.010]
  Mini-Benders[3] (mw): LB=12.917859, Z₀(α*)=2.143501, intercept=-12.458552 (0.844s) [OMP=0.799 ISP-L=0.003 ISP-F=0.009 MW-L=0.007 MW-F=0.025]
  Mini-Benders[4]: LB stagnated, break
  α-step: Z₀=22.854013, α=[0.000,0.000,0.000,0.000,0.000,0.000,0.330,0.000,0.000,0.000,0.000,0.000,0.000,0.000,3.874,0.000,0.000,0.000,0.000,0.000,0.000,0.000,0.000,0.000,0.000,3.107,2.934,0.569,0.000,0.000]
  Alt-Benders[1] (mw): LB=13.012569, Z₀(α*)=10.818951, intercept=-31.343443 (0.813s) [OMP=0.782 ISP-L=0.003 ISP-F=0.009 MW-L=0.006 MW-F=0.008]
  Alt-Benders[2] (mw): LB=13.012570, Z₀(α*)=10.818951, intercept=-31.343443 (0.656s) [OMP=0.625 ISP-L=0.004 ISP-F=0.009 MW-L=0.006 MW-F=0.008]
  Alt-Benders[3] (mw): LB=13.012570, Z₀(α*)=10.818951, intercept=-31.343443 (0.656s) [OMP=0.627 ISP-L=0.004 ISP-F=0.009 MW-L=0.006 MW-F=0.007]
  Alt-Benders[4]: LB stagnated, break
  OMP re-solve: 0.001s

=== True-DRO Benders iter 20 ===
  OMP: t₀=13.012570, UB=16.156304, gap=1.95e-01, x=[0, 0, 0, 0, 0, 0, 0, 0, 0, 0, 0, 0, 0, 0, 0, 0, 0, 0, 0, 0, 0, 0, 0, 0, 0, 1, 1, 0, 0, 0] (0.000s)
  Sub: Z₀=17.564767 (2.1s), α=[0.000,0.000,0.000,0.000,0.000,0.000,0.000,0.000,0.000,0.000,0.000,0.000,0.000,0.000,0.000,0.000,0.000,0.000,0.000,0.000,0.000,0.000,0.000,0.000,0.000,0.000,10.815,0.000,0.000,0.000]
  Iter 20: LB=13.012570  UB=16.156304  gap=1.95e-01
  Cut: intercept=-70.753235, π_x_range=[-235.3380, 58.5218]
  Sherali-Cut: intercept=-0.595393, π_x_range=[-138.6755, 18.1933]
  Mini-Benders[1] (mw): LB=13.048463, Z₀(α*)=15.457467, intercept=-31.186911 (0.750s) [OMP=0.724 ISP-L=0.003 ISP-F=0.007 MW-L=0.006 MW-F=0.011]
  Mini-Benders[2] (mw): LB=13.219007, Z₀(α*)=11.035326, intercept=-60.885536 (0.766s) [OMP=0.739 ISP-L=0.003 ISP-F=0.008 MW-L=0.006 MW-F=0.006]
  Mini-Benders[3] (mw): LB=13.219007, Z₀(α*)=11.035326, intercept=-60.885536 (0.734s) [OMP=0.698 ISP-L=0.004 ISP-F=0.008 MW-L=0.006 MW-F=0.007]
  Mini-Benders[4] (mw): LB=13.219007, Z₀(α*)=11.035326, intercept=-60.885536 (0.703s) [OMP=0.689 ISP-L=0.003 ISP-F=0.008 MW-L=0.006 MW-F=0.007]
  Mini-Benders[5]: LB stagnated, break
  α-step: Z₀=17.582150, α=[0.000,0.000,0.000,0.000,0.000,0.000,0.419,0.000,0.000,0.000,0.000,0.000,0.000,0.000,0.000,0.000,0.000,0.000,0.000,0.000,0.000,0.000,0.000,0.000,0.000,0.651,6.437,3.308,0.000,0.000]
  Alt-Benders[1] (mw): LB=13.688350, Z₀(α*)=17.901421, intercept=-5.770347 (0.797s) [OMP=0.758 ISP-L=0.004 ISP-F=0.008 MW-L=0.006 MW-F=0.026]
  Alt-Benders[2] (mw): LB=13.766256, Z₀(α*)=-5.392079, intercept=-63.983901 (0.781s) [OMP=0.758 ISP-L=0.003 ISP-F=0.008 MW-L=0.006 MW-F=0.009]
  Alt-Benders[3] (mw): LB=13.766256, Z₀(α*)=-5.392079, intercept=-63.983901 (0.766s) [OMP=0.738 ISP-L=0.003 ISP-F=0.008 MW-L=0.006 MW-F=0.009]
  Alt-Benders[4] (mw): LB=13.766256, Z₀(α*)=-5.392079, intercept=-63.983901 (0.765s) [OMP=0.738 ISP-L=0.003 ISP-F=0.008 MW-L=0.006 MW-F=0.009]
  Alt-Benders[5]: LB stagnated, break
  OMP re-solve: 0.001s

=== True-DRO Benders iter 21 ===
  OMP: t₀=13.766256, UB=16.156304, gap=1.48e-01, x=[0, 0, 0, 0, 0, 0, 0, 0, 0, 0, 1, 0, 0, 0, 0, 0, 0, 0, 0, 0, 0, 0, 0, 0, 0, 1, 0, 0, 0, 0] (0.001s)
  Sub: Z₀=13.766256 [LOCAL] (0.1s), α=[0.000,0.000,0.000,0.000,0.000,0.000,0.000,0.000,0.000,0.000,4.597,0.000,0.000,0.000,1.520,0.000,0.000,0.000,0.000,0.000,0.000,0.000,0.000,0.000,0.000,4.697,0.000,0.000,0.000,0.000]
  Iter 21: LB=13.766256  UB=16.156304  gap=1.48e-01
  Cut: intercept=-1103.747197, π_x_range=[-820.4938, 580.8232]
  Mini-Benders[1] (mw): LB=13.766256, Z₀(α*)=13.891059, intercept=-55.438822 (0.797s) [OMP=0.767 ISP-L=0.004 ISP-F=0.008 MW-L=0.006 MW-F=0.008]
  Mini-Benders[2] (mw): LB=13.797710, Z₀(α*)=12.593412, intercept=-79.050265 (0.656s) [OMP=0.621 ISP-L=0.004 ISP-F=0.008 MW-L=0.006 MW-F=0.007]
  Mini-Benders[3] (mw): LB=13.797710, Z₀(α*)=12.593412, intercept=-79.050265 (0.563s) [OMP=0.547 ISP-L=0.004 ISP-F=0.008 MW-L=0.006 MW-F=0.007]
  Mini-Benders[4] (mw): LB=13.797710, Z₀(α*)=12.593412, intercept=-79.050265 (0.562s) [OMP=0.533 ISP-L=0.004 ISP-F=0.008 MW-L=0.006 MW-F=0.007]
  Mini-Benders[5]: LB stagnated, break
  α-step: Z₀=19.202893, α=[0.000,0.000,0.000,0.000,0.000,0.000,4.539,0.000,0.000,0.000,3.168,0.000,0.000,0.000,0.000,0.000,0.000,0.000,0.000,0.000,0.000,0.000,0.000,0.000,0.000,3.107,0.000,0.000,0.000,0.000]
  Alt-Benders[1] (mw): LB=13.806152, Z₀(α*)=2.088588, intercept=-12.426092 (0.656s) [OMP=0.640 ISP-L=0.003 ISP-F=0.009 MW-L=0.006 MW-F=0.008]
  Alt-Benders[2] (mw): LB=13.806152, Z₀(α*)=2.088588, intercept=-12.426092 (0.610s) [OMP=0.568 ISP-L=0.003 ISP-F=0.009 MW-L=0.006 MW-F=0.008]
  Alt-Benders[3] (mw): LB=13.806152, Z₀(α*)=2.088588, intercept=-12.426092 (0.578s) [OMP=0.560 ISP-L=0.004 ISP-F=0.008 MW-L=0.006 MW-F=0.008]
  Alt-Benders[4]: LB stagnated, break
  OMP re-solve: 0.001s

=== True-DRO Benders iter 22 ===
  OMP: t₀=13.806152, UB=16.156304, gap=1.45e-01, x=[0, 0, 0, 0, 0, 0, 0, 1, 0, 0, 0, 0, 0, 1, 0, 0, 0, 0, 0, 0, 0, 0, 0, 0, 0, 0, 0, 0, 0, 0] (0.000s)
  Sub: Z₀=21.673113 [LOCAL] (0.2s), α=[0.000,0.000,0.000,0.000,0.000,0.000,0.000,3.435,0.000,0.000,0.000,0.000,0.000,0.000,2.066,0.000,0.000,0.000,0.000,0.000,0.000,0.000,0.000,0.000,0.000,3.619,0.135,1.560,0.000,0.000]
  Iter 22: LB=13.806152  UB=16.156304  gap=1.45e-01
  Cut: intercept=-1132.896473, π_x_range=[-829.6173, 588.9904]
  Mini-Benders[1] (mw): LB=13.832802, Z₀(α*)=21.900955, intercept=4.233806 (0.641s) [OMP=0.599 ISP-L=0.003 ISP-F=0.009 MW-L=0.021 MW-F=0.008]
  Mini-Benders[2] (mw): LB=13.891057, Z₀(α*)=0.735631, intercept=-84.829382 (0.625s) [OMP=0.600 ISP-L=0.003 ISP-F=0.009 MW-L=0.007 MW-F=0.009]
  Mini-Benders[3] (mw): LB=13.891057, Z₀(α*)=0.735631, intercept=-84.829382 (0.578s) [OMP=0.540 ISP-L=0.004 ISP-F=0.009 MW-L=0.006 MW-F=0.009]
  Mini-Benders[4] (mw): LB=13.891057, Z₀(α*)=0.735631, intercept=-84.829382 (0.578s) [OMP=0.547 ISP-L=0.005 ISP-F=0.010 MW-L=0.006 MW-F=0.009]
  Mini-Benders[5]: LB stagnated, break
  α-step: Z₀=14.716908, α=[0.000,0.000,0.000,0.000,0.000,0.000,0.000,0.000,0.000,0.000,3.715,0.000,0.000,0.000,1.520,0.000,0.000,0.000,0.000,0.000,0.000,0.000,0.000,0.000,0.000,3.815,0.000,1.765,0.000,0.000]
  Alt-Benders[1] (mw): LB=13.916681, Z₀(α*)=9.443006, intercept=-17.858047 (0.609s) [OMP=0.573 ISP-L=0.003 ISP-F=0.009 MW-L=0.006 MW-F=0.009]
  Alt-Benders[2] (mw): LB=13.916681, Z₀(α*)=9.443006, intercept=-17.858047 (0.625s) [OMP=0.596 ISP-L=0.003 ISP-F=0.009 MW-L=0.006 MW-F=0.009]
  Alt-Benders[3] (mw): LB=13.916681, Z₀(α*)=9.443006, intercept=-17.858047 (0.594s) [OMP=0.573 ISP-L=0.003 ISP-F=0.009 MW-L=0.006 MW-F=0.009]
  Alt-Benders[4]: LB stagnated, break
  OMP re-solve: 0.000s

=== True-DRO Benders iter 23 ===
  OMP: t₀=13.916681, UB=16.156304, gap=1.39e-01, x=[0, 0, 0, 0, 0, 0, 0, 1, 0, 0, 0, 0, 0, 0, 0, 0, 0, 0, 0, 0, 0, 1, 0, 0, 0, 0, 0, 0, 0, 0] (0.000s)
  Sub: Z₀=21.673113 [LOCAL] (0.2s), α=[0.000,0.000,0.000,0.000,0.000,0.000,0.000,3.435,0.000,0.000,0.000,0.000,0.000,0.000,2.066,0.000,0.000,0.000,0.000,0.000,0.000,0.000,0.000,0.000,0.000,3.619,1.645,0.050,0.000,0.000]
  Iter 23: LB=13.916681  UB=16.156304  gap=1.39e-01
  Cut: intercept=-1104.792620, π_x_range=[-829.2418, 564.5890]
  Mini-Benders[1] (mw): LB=14.014904, Z₀(α*)=13.279126, intercept=-20.775301 (0.562s) [OMP=0.531 ISP-L=0.006 ISP-F=0.010 MW-L=0.007 MW-F=0.009]
  Mini-Benders[2] (mw): LB=14.014904, Z₀(α*)=13.279126, intercept=-20.775301 (0.610s) [OMP=0.582 ISP-L=0.004 ISP-F=0.009 MW-L=0.007 MW-F=0.009]
  Mini-Benders[3] (mw): LB=14.014904, Z₀(α*)=13.279126, intercept=-20.775301 (0.593s) [OMP=0.561 ISP-L=0.004 ISP-F=0.009 MW-L=0.007 MW-F=0.009]
  Mini-Benders[4]: LB stagnated, break
  α-step: Z₀=15.364333, α=[0.000,0.000,0.000,0.000,0.000,0.000,0.000,2.137,0.000,0.000,0.000,0.000,0.000,0.000,4.723,0.000,0.000,0.000,0.000,0.706,0.000,0.000,0.000,0.000,0.000,1.747,1.502,0.000,0.000,0.000]
  Alt-Benders[1] (mw): LB=14.319443, Z₀(α*)=-1.574906, intercept=-18.678833 (0.672s) [OMP=0.639 ISP-L=0.003 ISP-F=0.008 MW-L=0.022 MW-F=0.008]
  Alt-Benders[2] (mw): LB=14.319443, Z₀(α*)=-1.574906, intercept=-18.678833 (0.594s) [OMP=0.569 ISP-L=0.004 ISP-F=0.008 MW-L=0.007 MW-F=0.008]
  Alt-Benders[3] (mw): LB=14.319443, Z₀(α*)=-1.574906, intercept=-18.678833 (0.578s) [OMP=0.550 ISP-L=0.003 ISP-F=0.008 MW-L=0.007 MW-F=0.008]
  Alt-Benders[4]: LB stagnated, break
  OMP re-solve: 0.001s

=== True-DRO Benders iter 24 ===
  OMP: t₀=14.319443, UB=16.156304, gap=1.14e-01, x=[0, 0, 0, 0, 1, 0, 0, 0, 0, 0, 0, 0, 0, 0, 0, 0, 0, 0, 0, 0, 0, 0, 0, 0, 0, 0, 1, 0, 0, 0] (0.000s)
  Sub: Z₀=14.037209 [LOCAL] (0.3s), α=[0.000,0.000,0.000,0.000,5.609,0.000,0.000,0.000,0.000,0.000,0.000,0.000,0.000,0.000,0.000,0.000,0.000,0.000,0.000,0.000,0.000,0.000,0.000,0.000,0.000,0.000,5.018,0.187,0.000,0.000]
  Iter 24: LB=14.319443  UB=16.156304  gap=1.14e-01
  Cut: intercept=-1130.786273, π_x_range=[-830.8684, 580.4472]
  Mini-Benders[1] (mw): LB=14.319443, Z₀(α*)=14.037211, intercept=-22.697877 (0.610s) [OMP=0.579 ISP-L=0.003 ISP-F=0.008 MW-L=0.007 MW-F=0.008]
  Mini-Benders[2] (mw): LB=14.319443, Z₀(α*)=14.037211, intercept=-22.697877 (0.594s) [OMP=0.560 ISP-L=0.003 ISP-F=0.009 MW-L=0.007 MW-F=0.008]
  Mini-Benders[3]: LB stagnated, break
  α-step: Z₀=16.989547, α=[0.000,0.000,0.000,0.000,0.000,0.000,0.000,0.000,0.000,0.000,0.000,0.000,0.000,0.000,0.000,0.000,0.000,0.000,0.000,0.000,0.000,0.000,0.000,0.000,0.000,0.000,10.815,0.000,0.000,0.000]
  Alt-Benders[1] (mw): LB=14.338437, Z₀(α*)=11.921777, intercept=-41.887007 (0.719s) [OMP=0.683 ISP-L=0.003 ISP-F=0.007 MW-L=0.006 MW-F=0.008]
  Alt-Benders[2] (mw): LB=14.338437, Z₀(α*)=11.921777, intercept=-41.887007 (0.625s) [OMP=0.607 ISP-L=0.003 ISP-F=0.007 MW-L=0.006 MW-F=0.008]
  Alt-Benders[3] (mw): LB=14.338437, Z₀(α*)=11.921777, intercept=-41.887007 (0.625s) [OMP=0.604 ISP-L=0.003 ISP-F=0.007 MW-L=0.006 MW-F=0.008]
  Alt-Benders[4]: LB stagnated, break
  OMP re-solve: 0.001s

=== True-DRO Benders iter 25 ===
  OMP: t₀=14.338437, UB=16.156304, gap=1.13e-01, x=[0, 0, 0, 0, 1, 0, 1, 0, 0, 0, 0, 0, 0, 0, 0, 0, 0, 0, 0, 0, 0, 0, 0, 0, 0, 0, 0, 0, 0, 0] (0.000s)
  Sub: Z₀=17.247070 (3.2s), α=[0.000,0.000,0.000,0.000,0.000,0.000,0.100,0.000,0.000,0.000,0.000,0.000,0.000,0.000,0.000,0.000,0.000,0.000,0.000,0.000,0.000,0.000,0.000,0.000,0.000,10.715,0.000,0.000,0.000,0.000]
  Iter 25: LB=14.338437  UB=16.156304  gap=1.13e-01
  Cut: intercept=-107.901653, π_x_range=[-280.0000, 89.5212]
  Sherali-Cut: intercept=-9.927685, π_x_range=[-130.6512, 16.0471]
  Mini-Benders[1] (mw): LB=14.394541, Z₀(α*)=20.306692, intercept=8.504439 (0.656s) [OMP=0.604 ISP-L=0.003 ISP-F=0.009 MW-L=0.007 MW-F=0.028]
  Mini-Benders[2] (mw): LB=14.466759, Z₀(α*)=15.004104, intercept=-29.219185 (0.547s) [OMP=0.521 ISP-L=0.003 ISP-F=0.008 MW-L=0.005 MW-F=0.009]
  Mini-Benders[3] (mw): LB=14.479622, Z₀(α*)=19.910947, intercept=-14.230909 (0.547s) [OMP=0.521 ISP-L=0.004 ISP-F=0.009 MW-L=0.007 MW-F=0.009]
  Mini-Benders[4] (mw): LB=14.716908, Z₀(α*)=16.149188, intercept=-48.701856 (0.563s) [OMP=0.526 ISP-L=0.003 ISP-F=0.008 MW-L=0.007 MW-F=0.007]
  Mini-Benders[5] (mw): LB=15.004102, Z₀(α*)=15.004104, intercept=-29.219185 (0.562s) [OMP=0.549 ISP-L=0.003 ISP-F=0.008 MW-L=0.006 MW-F=0.009]
  α-step: Z₀=15.416384, α=[0.000,0.000,0.000,0.000,0.000,0.000,0.000,0.000,0.000,0.000,0.000,0.000,0.000,0.000,0.395,0.000,0.000,0.000,0.000,0.000,0.000,0.000,0.000,0.000,0.000,10.420,0.000,0.000,0.000,0.000]
  Alt-Benders[1] (mw): LB=15.063803, Z₀(α*)=15.503938, intercept=-9.560834 (0.562s) [OMP=0.550 ISP-L=0.003 ISP-F=0.008 MW-L=0.006 MW-F=0.007]
  Alt-Benders[2] (mw): LB=15.348108, Z₀(α*)=-19.870289, intercept=-81.851341 (0.578s) [OMP=0.543 ISP-L=0.004 ISP-F=0.009 MW-L=0.006 MW-F=0.009]
  Alt-Benders[3] (mw): LB=15.348108, Z₀(α*)=-19.870289, intercept=-81.851341 (0.625s) [OMP=0.589 ISP-L=0.004 ISP-F=0.008 MW-L=0.006 MW-F=0.009]
  Alt-Benders[4] (mw): LB=15.348108, Z₀(α*)=-19.870289, intercept=-81.851341 (0.594s) [OMP=0.579 ISP-L=0.004 ISP-F=0.008 MW-L=0.006 MW-F=0.009]
  Alt-Benders[5]: LB stagnated, break
  OMP re-solve: 0.001s

=== True-DRO Benders iter 26 ===
  OMP: t₀=15.348108, UB=16.156304, gap=5.00e-02, x=[0, 0, 0, 0, 0, 0, 0, 0, 0, 0, 1, 0, 0, 0, 0, 0, 0, 0, 0, 0, 0, 0, 0, 0, 0, 0, 0, 1, 0, 0] (0.000s)
  Sub: Z₀=16.372126 [LOCAL] (0.2s), α=[0.000,0.000,0.000,0.000,0.000,0.000,0.000,0.000,0.000,0.000,5.873,0.000,0.000,0.000,0.000,0.000,0.000,0.000,0.000,0.000,0.000,0.000,0.000,0.000,0.000,0.000,0.157,4.785,0.000,0.000]
  Iter 26: LB=15.348108  UB=16.156304  gap=5.00e-02
  Cut: intercept=-1084.612149, π_x_range=[-821.0481, 565.9273]
  Mini-Benders[1] (mw): LB=15.355602, Z₀(α*)=-5.108304, intercept=-33.989487 (0.657s) [OMP=0.629 ISP-L=0.003 ISP-F=0.008 MW-L=0.006 MW-F=0.007]
  Mini-Benders[2] (mw): LB=15.355602, Z₀(α*)=-5.108304, intercept=-33.989487 (0.734s) [OMP=0.703 ISP-L=0.003 ISP-F=0.009 MW-L=0.006 MW-F=0.007]
  Mini-Benders[3] (mw): LB=15.355602, Z₀(α*)=-5.108304, intercept=-33.989487 (0.719s) [OMP=0.700 ISP-L=0.003 ISP-F=0.008 MW-L=0.006 MW-F=0.008]
  Mini-Benders[4]: LB stagnated, break
  α-step: Z₀=17.205235, α=[0.000,0.000,0.000,0.000,1.722,0.000,0.815,0.000,0.000,0.000,0.000,0.000,0.000,0.000,0.000,0.000,0.000,0.000,0.000,0.000,0.000,0.000,0.000,0.000,0.000,2.373,5.905,0.000,0.000,0.000]
  Alt-Benders[1] (mw): LB=15.364333, Z₀(α*)=6.153548, intercept=-31.358346 (0.640s) [OMP=0.612 ISP-L=0.004 ISP-F=0.009 MW-L=0.006 MW-F=0.008]
  Alt-Benders[2] (mw): LB=15.364333, Z₀(α*)=6.153548, intercept=-31.358346 (0.641s) [OMP=0.613 ISP-L=0.004 ISP-F=0.009 MW-L=0.006 MW-F=0.008]
  Alt-Benders[3] (mw): LB=15.364333, Z₀(α*)=6.153548, intercept=-31.358346 (0.641s) [OMP=0.619 ISP-L=0.004 ISP-F=0.009 MW-L=0.006 MW-F=0.008]
  Alt-Benders[4]: LB stagnated, break
  OMP re-solve: 0.001s

=== True-DRO Benders iter 27 ===
  OMP: t₀=15.364333, UB=16.156304, gap=4.90e-02, x=[0, 0, 0, 0, 0, 0, 0, 0, 0, 0, 0, 0, 0, 0, 0, 0, 0, 0, 0, 1, 0, 0, 0, 0, 0, 0, 1, 0, 0, 0] (0.001s)
  Sub: Z₀=17.964791 [LOCAL] (0.2s), α=[0.000,0.000,0.000,0.000,0.000,0.000,0.000,0.000,0.000,0.000,0.000,0.000,0.000,0.000,0.000,0.000,0.000,0.000,0.000,2.116,0.000,0.000,0.000,0.000,0.000,0.000,8.698,0.000,0.000,0.000]
  Iter 27: LB=15.364333  UB=16.156304  gap=4.90e-02
  Cut: intercept=-1099.893303, π_x_range=[-827.2146, 562.5501]
  Mini-Benders[1] (mw): LB=15.405330, Z₀(α*)=-6.138465, intercept=-26.682155 (0.641s) [OMP=0.621 ISP-L=0.003 ISP-F=0.009 MW-L=0.006 MW-F=0.010]
  Mini-Benders[2] (mw): LB=15.405330, Z₀(α*)=-6.138465, intercept=-26.682155 (0.640s) [OMP=0.611 ISP-L=0.004 ISP-F=0.008 MW-L=0.006 MW-F=0.010]
  Mini-Benders[3] (mw): LB=15.405330, Z₀(α*)=-6.138465, intercept=-26.682155 (0.657s) [OMP=0.622 ISP-L=0.003 ISP-F=0.009 MW-L=0.006 MW-F=0.010]
  Mini-Benders[4]: LB stagnated, break
  α-step: Z₀=18.351852, α=[0.000,0.000,0.000,0.000,0.000,0.000,0.917,4.921,0.000,0.000,0.000,0.000,0.000,0.000,0.042,0.000,0.000,0.000,0.000,0.000,0.000,0.000,0.000,0.000,0.000,0.651,4.284,0.000,0.000,0.000]
  Alt-Benders[1] (mw): LB=15.416384, Z₀(α*)=15.723445, intercept=-26.887611 (0.609s) [OMP=0.574 ISP-L=0.003 ISP-F=0.009 MW-L=0.005 MW-F=0.007]
  Alt-Benders[2] (mw): LB=15.442965, Z₀(α*)=-0.374154, intercept=-7.097964 (0.703s) [OMP=0.677 ISP-L=0.003 ISP-F=0.008 MW-L=0.006 MW-F=0.007]
  Alt-Benders[3] (mw): LB=15.442965, Z₀(α*)=-0.374154, intercept=-7.097964 (0.672s) [OMP=0.656 ISP-L=0.003 ISP-F=0.007 MW-L=0.006 MW-F=0.007]
  Alt-Benders[4] (mw): LB=15.442965, Z₀(α*)=-0.374154, intercept=-7.097964 (0.641s) [OMP=0.612 ISP-L=0.003 ISP-F=0.007 MW-L=0.006 MW-F=0.008]
  Alt-Benders[5]: LB stagnated, break
  OMP re-solve: 0.001s

=== True-DRO Benders iter 28 ===
  OMP: t₀=15.442965, UB=16.156304, gap=4.42e-02, x=[0, 0, 0, 0, 1, 0, 0, 0, 0, 0, 0, 0, 0, 0, 0, 0, 0, 0, 0, 1, 0, 0, 0, 0, 0, 0, 0, 0, 0, 0] (0.000s)
  Sub: Z₀=15.442965 [LOCAL] (0.3s), α=[0.000,0.000,0.000,0.000,5.596,0.000,0.000,0.000,0.000,0.000,0.000,0.000,0.000,0.000,5.218,0.000,0.000,0.000,0.000,0.000,0.000,0.000,0.000,0.000,0.000,0.000,0.000,0.000,0.000,0.000]
  Iter 28: LB=15.442965  UB=16.156304  gap=4.42e-02
  Cut: intercept=-1112.927463, π_x_range=[-836.4087, 573.2502]
  Mini-Benders[1] (mw): LB=15.442965, Z₀(α*)=15.469246, intercept=-34.421163 (0.515s) [OMP=0.484 ISP-L=0.003 ISP-F=0.009 MW-L=0.007 MW-F=0.010]
  Mini-Benders[2] (mw): LB=15.457465, Z₀(α*)=-15.149287, intercept=-38.471103 (0.688s) [OMP=0.661 ISP-L=0.003 ISP-F=0.009 MW-L=0.007 MW-F=0.011]
  Mini-Benders[3] (mw): LB=15.457465, Z₀(α*)=-15.149287, intercept=-38.471103 (0.656s) [OMP=0.610 ISP-L=0.003 ISP-F=0.009 MW-L=0.007 MW-F=0.011]
  Mini-Benders[4] (mw): LB=15.457465, Z₀(α*)=-15.149287, intercept=-38.471103 (0.656s) [OMP=0.631 ISP-L=0.003 ISP-F=0.009 MW-L=0.006 MW-F=0.011]
  Mini-Benders[5]: LB stagnated, break
  α-step: Z₀=16.129127, α=[0.000,0.000,0.000,0.000,0.000,0.000,0.000,0.000,0.000,0.000,0.000,0.000,0.000,0.000,0.000,0.000,0.000,0.000,0.000,0.000,0.000,0.000,0.000,0.000,0.000,7.447,0.000,3.368,0.000,0.000]
  Alt-Benders[1] (mw): LB=15.469244, Z₀(α*)=15.298509, intercept=-23.576090 (0.578s) [OMP=0.559 ISP-L=0.003 ISP-F=0.007 MW-L=0.006 MW-F=0.007]
  Alt-Benders[2] (mw): LB=15.469244, Z₀(α*)=15.298509, intercept=-23.576090 (0.516s) [OMP=0.491 ISP-L=0.003 ISP-F=0.007 MW-L=0.006 MW-F=0.007]
  Alt-Benders[3] (mw): LB=15.469244, Z₀(α*)=15.298509, intercept=-23.576090 (0.515s) [OMP=0.488 ISP-L=0.003 ISP-F=0.007 MW-L=0.006 MW-F=0.007]
  Alt-Benders[4]: LB stagnated, break
  OMP re-solve: 0.001s

=== True-DRO Benders iter 29 ===
  OMP: t₀=15.469244, UB=16.156304, gap=4.25e-02, x=[0, 0, 0, 0, 1, 0, 0, 0, 0, 0, 0, 0, 0, 0, 0, 0, 0, 0, 0, 1, 0, 0, 0, 0, 0, 0, 0, 0, 0, 0] (0.000s)
  Sub: Z₀=15.442965 [LOCAL] (0.3s), α=[0.000,0.000,0.000,0.000,5.596,0.000,0.000,0.000,0.000,0.000,0.000,0.000,0.000,0.000,5.218,0.000,0.000,0.000,0.000,0.000,0.000,0.000,0.000,0.000,0.000,0.000,0.000,0.000,0.000,0.000]
  Iter 29: LB=15.469244  UB=16.156304  gap=4.25e-02
  Cut: intercept=-1112.927463, π_x_range=[-836.4087, 573.2502]
  Mini-Benders[1] (mw): LB=15.469244, Z₀(α*)=15.469246, intercept=-34.421163 (0.531s) [OMP=0.511 ISP-L=0.003 ISP-F=0.009 MW-L=0.007 MW-F=0.010]
  Mini-Benders[2] (mw): LB=15.469244, Z₀(α*)=15.469246, intercept=-34.421163 (0.563s) [OMP=0.517 ISP-L=0.003 ISP-F=0.009 MW-L=0.007 MW-F=0.010]
  Mini-Benders[3]: LB stagnated, break
  α-step: Z₀=15.469243, α=[0.000,0.000,0.000,0.000,5.596,0.000,0.000,0.000,0.000,0.000,0.000,0.000,0.000,0.000,5.218,0.000,0.000,0.000,0.000,0.000,0.000,0.000,0.000,0.000,0.000,0.000,0.000,0.000,0.000,0.000]
  Alt-Benders[1] (mw): LB=15.469244, Z₀(α*)=15.469243, intercept=-34.421149 (0.531s) [OMP=0.497 ISP-L=0.005 ISP-F=0.011 MW-L=0.006 MW-F=0.022]
  Alt-Benders[2] (mw): LB=15.469244, Z₀(α*)=15.469243, intercept=-34.421149 (0.515s) [OMP=0.503 ISP-L=0.004 ISP-F=0.008 MW-L=0.006 MW-F=0.008]
  Alt-Benders[3]: LB stagnated, break
  OMP re-solve: 0.001s

=== True-DRO Benders iter 30 ===
  OMP: t₀=15.469244, UB=16.156304, gap=4.25e-02, x=[0, 0, 0, 0, 1, 0, 0, 0, 0, 0, 0, 0, 0, 0, 0, 0, 0, 0, 0, 1, 0, 0, 0, 0, 0, 0, 0, 0, 0, 0] (0.001s)
  Sub: Z₀=17.669105 [TIME_LIMIT] (15.1s), α=[0.000,0.000,0.000,0.000,1.389,0.000,1.168,0.000,0.000,0.000,0.000,0.000,0.000,0.000,0.293,0.000,0.000,0.000,0.000,0.000,0.000,0.000,0.000,0.000,0.000,2.040,5.925,0.000,0.000,0.000]
  Iter 30: LB=15.469244  UB=16.156304  gap=4.25e-02
  Cut: intercept=-50.726275, π_x_range=[-212.1027, 46.4227]
  Mini-Benders[1] (mw): LB=15.503936, Z₀(α*)=12.706342, intercept=-36.824761 (0.562s) [OMP=0.538 ISP-L=0.003 ISP-F=0.008 MW-L=0.006 MW-F=0.007]
  Mini-Benders[2] (mw): LB=15.503936, Z₀(α*)=12.706342, intercept=-36.824761 (0.500s) [OMP=0.478 ISP-L=0.003 ISP-F=0.008 MW-L=0.005 MW-F=0.006]
  Mini-Benders[3] (mw): LB=15.503936, Z₀(α*)=12.706342, intercept=-36.824761 (0.516s) [OMP=0.494 ISP-L=0.003 ISP-F=0.008 MW-L=0.006 MW-F=0.006]
  Mini-Benders[4]: LB stagnated, break
  α-step: Z₀=16.150491, α=[0.000,0.000,0.000,0.000,0.000,0.000,0.000,0.000,0.000,0.000,0.000,0.000,0.000,0.000,0.553,0.000,0.000,0.000,0.000,0.000,0.000,0.000,0.000,0.000,0.000,0.000,10.261,0.000,0.000,0.000]
  Alt-Benders[1] (mw): LB=15.528268, Z₀(α*)=-0.223107, intercept=-53.408816 (0.594s) [OMP=0.560 ISP-L=0.004 ISP-F=0.008 MW-L=0.006 MW-F=0.008]
  Alt-Benders[2] (mw): LB=15.528268, Z₀(α*)=-0.223107, intercept=-53.408816 (0.531s) [OMP=0.520 ISP-L=0.003 ISP-F=0.008 MW-L=0.006 MW-F=0.008]
  Alt-Benders[3] (mw): LB=15.528268, Z₀(α*)=-0.223107, intercept=-53.408816 (0.547s) [OMP=0.530 ISP-L=0.004 ISP-F=0.008 MW-L=0.006 MW-F=0.008]
  Alt-Benders[4]: LB stagnated, break
  OMP re-solve: 0.001s

=== True-DRO Benders iter 31 ===
  OMP: t₀=15.528268, UB=16.156304, gap=3.89e-02, x=[0, 0, 0, 0, 0, 0, 0, 0, 0, 0, 1, 0, 0, 0, 0, 0, 0, 0, 0, 0, 0, 1, 0, 0, 0, 0, 0, 0, 0, 0] (0.001s)
  Sub: Z₀=20.420023 [LOCAL] (0.1s), α=[0.000,0.000,0.000,0.000,0.000,0.000,0.000,0.000,0.000,0.000,6.636,0.000,0.000,0.000,3.545,0.000,0.000,0.000,0.000,0.000,0.000,0.000,0.000,0.000,0.000,0.283,0.350,0.000,0.000,0.000]
  Iter 31: LB=15.528268  UB=16.156304  gap=3.89e-02
  Cut: intercept=-1069.978841, π_x_range=[-820.3567, 558.8343]
  Mini-Benders[1] (mw): LB=15.547244, Z₀(α*)=-7.237188, intercept=-7.237169 (0.672s) [OMP=0.649 ISP-L=0.004 ISP-F=0.009 MW-L=0.006 MW-F=0.009]
  Mini-Benders[2] (mw): LB=15.547244, Z₀(α*)=-7.237188, intercept=-7.237169 (0.594s) [OMP=0.562 ISP-L=0.003 ISP-F=0.009 MW-L=0.006 MW-F=0.009]
  Mini-Benders[3] (mw): LB=15.547244, Z₀(α*)=-7.237188, intercept=-7.237169 (0.562s) [OMP=0.528 ISP-L=0.003 ISP-F=0.009 MW-L=0.006 MW-F=0.009]
  Mini-Benders[4]: LB stagnated, break
  α-step: Z₀=18.268093, α=[0.000,0.000,0.000,0.000,0.653,0.000,0.000,0.000,0.000,0.000,0.000,0.000,0.000,0.000,1.520,0.000,0.000,0.000,0.000,0.000,0.000,0.000,0.000,0.000,0.000,4.622,3.856,0.164,0.000,0.000]
  Alt-Benders[1] (mw): LB=15.585190, Z₀(α*)=17.043588, intercept=-37.668372 (0.515s) [OMP=0.480 ISP-L=0.003 ISP-F=0.009 MW-L=0.006 MW-F=0.008]
  Alt-Benders[2] (mw): LB=15.648608, Z₀(α*)=2.616978, intercept=-81.328710 (0.547s) [OMP=0.520 ISP-L=0.003 ISP-F=0.009 MW-L=0.007 MW-F=0.009]
  Alt-Benders[3] (mw): LB=15.648608, Z₀(α*)=2.616978, intercept=-81.328710 (0.532s) [OMP=0.516 ISP-L=0.003 ISP-F=0.008 MW-L=0.007 MW-F=0.009]
  Alt-Benders[4] (mw): LB=15.648608, Z₀(α*)=2.616978, intercept=-81.328710 (0.546s) [OMP=0.510 ISP-L=0.003 ISP-F=0.009 MW-L=0.007 MW-F=0.009]
  Alt-Benders[5]: LB stagnated, break
  OMP re-solve: 0.001s

=== True-DRO Benders iter 32 ===
  OMP: t₀=15.648608, UB=16.156304, gap=3.14e-02, x=[0, 0, 0, 0, 0, 0, 0, 0, 0, 0, 1, 0, 0, 0, 0, 0, 0, 0, 0, 1, 0, 0, 0, 0, 0, 0, 0, 0, 0, 0] (0.000s)
  Sub: Z₀=18.669012 [LOCAL] (0.1s), α=[0.000,0.000,0.000,0.000,0.000,0.000,0.000,0.000,0.000,0.000,6.383,0.000,0.000,0.000,1.520,0.000,0.000,0.000,0.000,2.883,0.000,0.000,0.000,0.000,0.000,0.029,0.000,0.000,0.000,0.000]
  Iter 32: LB=15.648608  UB=16.156304  gap=3.14e-02
  Cut: intercept=-1067.057310, π_x_range=[-821.0833, 557.4687]
  Mini-Benders[1] (mw): LB=15.673077, Z₀(α*)=-18.941641, intercept=-25.893685 (0.500s) [OMP=0.482 ISP-L=0.003 ISP-F=0.008 MW-L=0.005 MW-F=0.009]
  Mini-Benders[2] (mw): LB=15.673077, Z₀(α*)=-18.941641, intercept=-25.893685 (0.531s) [OMP=0.492 ISP-L=0.003 ISP-F=0.008 MW-L=0.006 MW-F=0.009]
  Mini-Benders[3] (mw): LB=15.673077, Z₀(α*)=-18.941641, intercept=-25.893685 (0.516s) [OMP=0.499 ISP-L=0.003 ISP-F=0.008 MW-L=0.006 MW-F=0.009]
  Mini-Benders[4]: LB stagnated, break
  α-step: Z₀=16.376089, α=[0.000,0.000,0.000,0.000,0.000,0.000,4.905,0.000,0.000,0.000,0.000,0.000,0.000,0.000,2.487,0.000,0.000,0.000,0.000,0.000,0.000,0.000,0.000,0.000,0.000,0.651,0.000,2.772,0.000,0.000]
  Alt-Benders[1] (mw): LB=15.723443, Z₀(α*)=1.035382, intercept=-26.319569 (0.532s) [OMP=0.506 ISP-L=0.003 ISP-F=0.009 MW-L=0.005 MW-F=0.009]
  Alt-Benders[2] (mw): LB=15.723443, Z₀(α*)=1.035382, intercept=-26.319569 (0.500s) [OMP=0.481 ISP-L=0.003 ISP-F=0.008 MW-L=0.006 MW-F=0.009]
  Alt-Benders[3] (mw): LB=15.723443, Z₀(α*)=1.035382, intercept=-26.319569 (0.531s) [OMP=0.497 ISP-L=0.003 ISP-F=0.009 MW-L=0.005 MW-F=0.009]
  Alt-Benders[4]: LB stagnated, break
  OMP re-solve: 0.001s

=== True-DRO Benders iter 33 ===
  OMP: t₀=15.723443, UB=16.156304, gap=2.68e-02, x=[0, 0, 0, 0, 0, 0, 0, 0, 0, 0, 0, 0, 0, 0, 0, 0, 0, 0, 0, 1, 0, 0, 0, 0, 0, 1, 0, 0, 0, 0] (0.000s)
  Sub: Z₀=15.800448 [LOCAL] (0.2s), α=[0.000,0.000,0.000,0.000,0.000,0.000,0.000,0.000,0.000,0.000,0.000,0.000,0.000,0.000,0.135,0.000,0.000,0.000,0.000,1.459,0.000,0.000,0.000,0.000,0.000,9.220,0.000,0.000,0.000,0.000]
  Iter 33: LB=15.723443  UB=16.156304  gap=2.68e-02
  Cut: intercept=-1129.364763, π_x_range=[-826.2634, 580.1076]
  Mini-Benders[1] (mw): LB=15.767696, Z₀(α*)=11.955744, intercept=-24.010085 (0.594s) [OMP=0.575 ISP-L=0.003 ISP-F=0.009 MW-L=0.007 MW-F=0.008]
  Mini-Benders[2] (mw): LB=15.767696, Z₀(α*)=11.955744, intercept=-24.010085 (0.578s) [OMP=0.546 ISP-L=0.003 ISP-F=0.009 MW-L=0.006 MW-F=0.008]
  Mini-Benders[3] (mw): LB=15.767696, Z₀(α*)=11.955744, intercept=-24.010085 (0.531s) [OMP=0.510 ISP-L=0.003 ISP-F=0.008 MW-L=0.006 MW-F=0.008]
  Mini-Benders[4]: LB stagnated, break
  α-step: Z₀=17.740704, α=[0.000,0.000,0.000,0.000,0.000,0.000,0.000,0.000,0.000,0.000,0.000,0.000,0.000,0.000,0.000,0.000,0.000,0.000,0.000,0.000,0.000,0.000,0.000,0.000,0.000,10.815,0.000,0.000,0.000,0.000]
  Alt-Benders[1] (mw): LB=15.800448, Z₀(α*)=15.416384, intercept=-23.911611 (0.563s) [OMP=0.547 ISP-L=0.003 ISP-F=0.008 MW-L=0.006 MW-F=0.007]
  Alt-Benders[2] (mw): LB=15.800448, Z₀(α*)=15.416384, intercept=-23.911611 (0.515s) [OMP=0.484 ISP-L=0.003 ISP-F=0.008 MW-L=0.005 MW-F=0.007]
  Alt-Benders[3] (mw): LB=15.800448, Z₀(α*)=15.416384, intercept=-23.911611 (0.563s) [OMP=0.536 ISP-L=0.003 ISP-F=0.008 MW-L=0.005 MW-F=0.007]
  Alt-Benders[4]: LB stagnated, break
  OMP re-solve: 0.001s

=== True-DRO Benders iter 34 ===
  OMP: t₀=15.800448, UB=16.156304, gap=2.20e-02, x=[0, 0, 0, 0, 0, 0, 0, 0, 0, 0, 0, 0, 0, 0, 0, 0, 0, 0, 0, 1, 0, 0, 0, 0, 0, 1, 0, 0, 0, 0] (0.000s)
  Sub: Z₀=15.800448 [LOCAL] (0.2s), α=[0.000,0.000,0.000,0.000,0.000,0.000,0.000,0.000,0.000,0.000,0.000,0.000,0.000,0.000,0.135,0.000,0.000,0.000,0.000,1.459,0.000,0.000,0.000,0.000,0.000,9.220,0.000,0.000,0.000,0.000]
  Iter 34: LB=15.800448  UB=16.156304  gap=2.20e-02
  Cut: intercept=-1129.364763, π_x_range=[-826.2634, 580.1076]
  Mini-Benders[1] (mw): LB=15.800448, Z₀(α*)=15.800450, intercept=-20.043849 (0.547s) [OMP=0.516 ISP-L=0.003 ISP-F=0.008 MW-L=0.006 MW-F=0.009]
  Mini-Benders[2] (mw): LB=15.800448, Z₀(α*)=15.800450, intercept=-20.043849 (0.531s) [OMP=0.507 ISP-L=0.003 ISP-F=0.008 MW-L=0.006 MW-F=0.008]
  Mini-Benders[3]: LB stagnated, break
  α-step: Z₀=15.800450, α=[0.000,0.000,0.000,0.000,0.000,0.000,0.000,0.000,0.000,0.000,0.000,0.000,0.000,0.000,0.135,0.000,0.000,0.000,0.000,1.459,0.000,0.000,0.000,0.000,0.000,9.220,0.000,0.000,0.000,0.000]
  Alt-Benders[1] (mw): LB=15.800450, Z₀(α*)=15.800450, intercept=-20.043849 (0.562s) [OMP=0.543 ISP-L=0.003 ISP-F=0.008 MW-L=0.006 MW-F=0.008]
  Alt-Benders[2] (mw): LB=15.800450, Z₀(α*)=15.800450, intercept=-20.043849 (0.563s) [OMP=0.514 ISP-L=0.003 ISP-F=0.008 MW-L=0.006 MW-F=0.023]
  Alt-Benders[3] (mw): LB=15.800450, Z₀(α*)=15.800450, intercept=-20.043849 (0.515s) [OMP=0.498 ISP-L=0.003 ISP-F=0.008 MW-L=0.006 MW-F=0.008]
  Alt-Benders[4]: LB stagnated, break
  OMP re-solve: 0.001s

=== True-DRO Benders iter 35 ===
  OMP: t₀=15.800450, UB=16.156304, gap=2.20e-02, x=[0, 0, 0, 0, 0, 0, 0, 0, 0, 0, 0, 0, 0, 0, 0, 0, 0, 0, 0, 1, 0, 0, 0, 0, 0, 1, 0, 0, 0, 0] (0.000s)
  Sub: Z₀=17.487114 [TIME_LIMIT] (15.1s), α=[0.000,0.000,0.000,0.000,0.453,0.000,2.089,0.000,0.000,0.000,0.000,0.000,0.000,0.000,1.214,0.000,0.000,0.000,0.000,0.000,0.000,0.000,0.000,0.000,0.000,1.104,5.955,0.000,0.000,0.000]
  Iter 35: LB=15.800450  UB=16.156304  gap=2.20e-02
  Cut: intercept=-42.598286, π_x_range=[-214.2649, 38.1128]
  Mini-Benders[1] (mw): LB=15.813902, Z₀(α*)=8.755169, intercept=-95.102018 (0.609s) [OMP=0.576 ISP-L=0.004 ISP-F=0.009 MW-L=0.006 MW-F=0.009]
  Mini-Benders[2] (mw): LB=15.813902, Z₀(α*)=8.755169, intercept=-95.102018 (0.516s) [OMP=0.491 ISP-L=0.003 ISP-F=0.008 MW-L=0.006 MW-F=0.009]
  Mini-Benders[3] (mw): LB=15.813902, Z₀(α*)=8.755169, intercept=-95.102018 (0.531s) [OMP=0.504 ISP-L=0.003 ISP-F=0.008 MW-L=0.006 MW-F=0.008]
  Mini-Benders[4]: LB stagnated, break
  α-step: Z₀=15.813902, α=[0.000,0.000,0.000,0.000,0.000,0.000,1.435,0.000,0.000,0.000,4.667,0.000,0.000,0.000,0.560,0.000,0.000,0.000,0.000,0.000,0.000,0.000,0.000,0.000,0.000,0.000,4.152,0.000,0.000,0.000]
  Alt-Benders[1] (mw): LB=15.813902, Z₀(α*)=15.813902, intercept=-77.316094 (0.532s) [OMP=0.514 ISP-L=0.003 ISP-F=0.008 MW-L=0.006 MW-F=0.007]
  Alt-Benders[2] (mw): LB=15.813902, Z₀(α*)=15.813902, intercept=-77.316094 (0.562s) [OMP=0.531 ISP-L=0.003 ISP-F=0.009 MW-L=0.006 MW-F=0.007]
  Alt-Benders[3] (mw): LB=15.813902, Z₀(α*)=15.813902, intercept=-77.316094 (0.547s) [OMP=0.515 ISP-L=0.003 ISP-F=0.009 MW-L=0.006 MW-F=0.007]
  Alt-Benders[4]: LB stagnated, break
  OMP re-solve: 0.001s

=== True-DRO Benders iter 36 ===
  OMP: t₀=15.813902, UB=16.156304, gap=2.12e-02, x=[0, 0, 0, 0, 1, 0, 0, 0, 0, 0, 1, 0, 0, 0, 0, 0, 0, 0, 0, 0, 0, 0, 0, 0, 0, 0, 0, 0, 0, 0] (0.000s)
  Sub: Z₀=13.779720 [LOCAL] (0.1s), α=[0.000,0.000,0.000,0.000,4.931,0.000,0.000,0.000,0.000,0.000,4.364,0.000,0.000,0.000,1.520,0.000,0.000,0.000,0.000,0.000,0.000,0.000,0.000,0.000,0.000,0.000,0.000,0.000,0.000,0.000]
  Iter 36: LB=15.813902  UB=16.156304  gap=2.12e-02
  Cut: intercept=-1094.837065, π_x_range=[-822.0590, 568.4476]
  Mini-Benders[1] (mw): LB=15.813902, Z₀(α*)=13.927880, intercept=-95.906231 (0.562s) [OMP=0.529 ISP-L=0.003 ISP-F=0.009 MW-L=0.006 MW-F=0.008]
  Mini-Benders[2] (mw): LB=15.813902, Z₀(α*)=13.927880, intercept=-95.906231 (0.531s) [OMP=0.516 ISP-L=0.003 ISP-F=0.008 MW-L=0.006 MW-F=0.008]
  Mini-Benders[3]: LB stagnated, break
  α-step: Z₀=14.197508, α=[0.000,0.000,0.000,0.000,6.285,0.000,1.060,0.000,0.000,0.000,0.889,0.000,0.000,0.000,2.580,0.000,0.000,0.000,0.000,0.000,0.000,0.000,0.000,0.000,0.000,0.000,0.000,0.000,0.000,0.000]
  Alt-Benders[1] (mw): LB=15.813902, Z₀(α*)=14.328822, intercept=-67.430021 (0.562s) [OMP=0.517 ISP-L=0.004 ISP-F=0.008 MW-L=0.021 MW-F=0.009]
  Alt-Benders[2] (mw): LB=15.813902, Z₀(α*)=14.328822, intercept=-67.430021 (0.531s) [OMP=0.509 ISP-L=0.004 ISP-F=0.008 MW-L=0.007 MW-F=0.009]
  Alt-Benders[3]: LB stagnated, break
  OMP re-solve: 0.001s

=== True-DRO Benders iter 37 ===
  OMP: t₀=15.813902, UB=16.156304, gap=2.12e-02, x=[0, 0, 0, 0, 1, 0, 0, 0, 0, 0, 1, 0, 0, 0, 0, 0, 0, 0, 0, 0, 0, 0, 0, 0, 0, 0, 0, 0, 0, 0] (0.001s)
  Sub: Z₀=13.779720 [LOCAL] (0.1s), α=[0.000,0.000,0.000,0.000,4.931,0.000,0.000,0.000,0.000,0.000,4.364,0.000,0.000,0.000,1.520,0.000,0.000,0.000,0.000,0.000,0.000,0.000,0.000,0.000,0.000,0.000,0.000,0.000,0.000,0.000]
  Iter 37: LB=15.813902  UB=16.156304  gap=2.12e-02
  Cut: intercept=-1094.837065, π_x_range=[-822.0590, 568.4476]
  Mini-Benders[1] (mw): LB=15.813902, Z₀(α*)=13.927880, intercept=-95.906231 (0.531s) [OMP=0.504 ISP-L=0.003 ISP-F=0.008 MW-L=0.006 MW-F=0.008]
  Mini-Benders[2] (mw): LB=15.813902, Z₀(α*)=13.927880, intercept=-95.906231 (0.547s) [OMP=0.511 ISP-L=0.004 ISP-F=0.009 MW-L=0.006 MW-F=0.008]
  Mini-Benders[3]: LB stagnated, break
  α-step: Z₀=14.197508, α=[0.000,0.000,0.000,0.000,6.285,0.000,1.060,0.000,0.000,0.000,0.889,0.000,0.000,0.000,2.580,0.000,0.000,0.000,0.000,0.000,0.000,0.000,0.000,0.000,0.000,0.000,0.000,0.000,0.000,0.000]
  Alt-Benders[1] (mw): LB=15.813902, Z₀(α*)=14.328822, intercept=-67.430021 (0.532s) [OMP=0.501 ISP-L=0.004 ISP-F=0.008 MW-L=0.006 MW-F=0.008]
  Alt-Benders[2] (mw): LB=15.813902, Z₀(α*)=14.328822, intercept=-67.430021 (0.531s) [OMP=0.514 ISP-L=0.004 ISP-F=0.008 MW-L=0.006 MW-F=0.009]
  Alt-Benders[3]: LB stagnated, break
  OMP re-solve: 0.001s

=== True-DRO Benders iter 38 ===
  OMP: t₀=15.813902, UB=16.156304, gap=2.12e-02, x=[0, 0, 0, 0, 1, 0, 0, 0, 0, 0, 1, 0, 0, 0, 0, 0, 0, 0, 0, 0, 0, 0, 0, 0, 0, 0, 0, 0, 0, 0] (0.001s)
  Sub: Z₀=13.779720 [LOCAL] (0.1s), α=[0.000,0.000,0.000,0.000,4.931,0.000,0.000,0.000,0.000,0.000,4.364,0.000,0.000,0.000,1.520,0.000,0.000,0.000,0.000,0.000,0.000,0.000,0.000,0.000,0.000,0.000,0.000,0.000,0.000,0.000]
  Iter 38: LB=15.813902  UB=16.156304  gap=2.12e-02
  Cut: intercept=-1094.837065, π_x_range=[-822.0590, 568.4476]
  Mini-Benders[1] (mw): LB=15.813902, Z₀(α*)=13.927880, intercept=-95.906231 (0.563s) [OMP=0.531 ISP-L=0.003 ISP-F=0.008 MW-L=0.006 MW-F=0.008]
  Mini-Benders[2] (mw): LB=15.813902, Z₀(α*)=13.927880, intercept=-95.906231 (0.531s) [OMP=0.511 ISP-L=0.003 ISP-F=0.008 MW-L=0.006 MW-F=0.008]
  Mini-Benders[3]: LB stagnated, break
  α-step: Z₀=14.197508, α=[0.000,0.000,0.000,0.000,6.285,0.000,1.060,0.000,0.000,0.000,0.889,0.000,0.000,0.000,2.580,0.000,0.000,0.000,0.000,0.000,0.000,0.000,0.000,0.000,0.000,0.000,0.000,0.000,0.000,0.000]
  Alt-Benders[1] (mw): LB=15.813902, Z₀(α*)=14.328822, intercept=-67.430021 (0.531s) [OMP=0.506 ISP-L=0.003 ISP-F=0.008 MW-L=0.006 MW-F=0.008]
  Alt-Benders[2] (mw): LB=15.813902, Z₀(α*)=14.328822, intercept=-67.430021 (0.547s) [OMP=0.505 ISP-L=0.003 ISP-F=0.008 MW-L=0.006 MW-F=0.023]
  Alt-Benders[3]: LB stagnated, break
  OMP re-solve: 0.001s

=== True-DRO Benders iter 39 ===
  OMP: t₀=15.813902, UB=16.156304, gap=2.12e-02, x=[0, 0, 0, 0, 1, 0, 0, 0, 0, 0, 1, 0, 0, 0, 0, 0, 0, 0, 0, 0, 0, 0, 0, 0, 0, 0, 0, 0, 0, 0] (0.001s)
  Sub: Z₀=13.779720 [LOCAL] (0.1s), α=[0.000,0.000,0.000,0.000,4.931,0.000,0.000,0.000,0.000,0.000,4.364,0.000,0.000,0.000,1.520,0.000,0.000,0.000,0.000,0.000,0.000,0.000,0.000,0.000,0.000,0.000,0.000,0.000,0.000,0.000]
  Iter 39: LB=15.813902  UB=16.156304  gap=2.12e-02
  Cut: intercept=-1094.837065, π_x_range=[-822.0590, 568.4476]
  Mini-Benders[1] (mw): LB=15.813902, Z₀(α*)=13.927880, intercept=-95.906231 (0.563s) [OMP=0.532 ISP-L=0.003 ISP-F=0.008 MW-L=0.006 MW-F=0.008]
  Mini-Benders[2] (mw): LB=15.813902, Z₀(α*)=13.927880, intercept=-95.906231 (0.562s) [OMP=0.528 ISP-L=0.003 ISP-F=0.009 MW-L=0.006 MW-F=0.008]
  Mini-Benders[3]: LB stagnated, break
  α-step: Z₀=14.197508, α=[0.000,0.000,0.000,0.000,6.285,0.000,1.060,0.000,0.000,0.000,0.889,0.000,0.000,0.000,2.580,0.000,0.000,0.000,0.000,0.000,0.000,0.000,0.000,0.000,0.000,0.000,0.000,0.000,0.000,0.000]
  Alt-Benders[1] (mw): LB=15.813902, Z₀(α*)=14.328822, intercept=-67.430021 (0.547s) [OMP=0.526 ISP-L=0.003 ISP-F=0.008 MW-L=0.006 MW-F=0.008]
  Alt-Benders[2] (mw): LB=15.813902, Z₀(α*)=14.328822, intercept=-67.430021 (0.547s) [OMP=0.516 ISP-L=0.003 ISP-F=0.008 MW-L=0.006 MW-F=0.008]
  Alt-Benders[3]: LB stagnated, break
  OMP re-solve: 0.001s

=== True-DRO Benders iter 40 ===
  OMP: t₀=15.813902, UB=16.156304, gap=2.12e-02, x=[0, 0, 0, 0, 1, 0, 0, 0, 0, 0, 1, 0, 0, 0, 0, 0, 0, 0, 0, 0, 0, 0, 0, 0, 0, 0, 0, 0, 0, 0] (0.001s)
  Sub: Z₀=15.813902 [TIME_LIMIT] (15.1s), α=[0.000,0.000,0.000,0.000,0.000,0.000,1.435,0.000,0.000,0.000,3.454,0.000,0.000,1.213,0.560,0.000,0.000,0.000,0.000,0.000,0.000,0.000,0.000,0.000,0.000,0.000,4.152,0.000,0.000,0.000]
  Iter 40: LB=15.813902  UB=16.156304  gap=2.12e-02
  Cut: intercept=-109.091039, π_x_range=[-242.0000, 76.6572]
  Mini-Benders[1] (mw): LB=15.813902, Z₀(α*)=15.813902, intercept=-77.443778 (0.516s) [OMP=0.490 ISP-L=0.003 ISP-F=0.009 MW-L=0.006 MW-F=0.007]
  Mini-Benders[2] (mw): LB=15.813902, Z₀(α*)=15.813902, intercept=-77.443778 (0.531s) [OMP=0.498 ISP-L=0.003 ISP-F=0.008 MW-L=0.006 MW-F=0.007]
  Mini-Benders[3]: LB stagnated, break
  α-step: Z₀=15.813902, α=[0.000,0.000,0.000,0.000,0.000,0.000,1.435,0.000,0.000,0.000,4.667,0.000,0.000,0.000,0.560,0.000,0.000,0.000,0.000,0.000,0.000,0.000,0.000,0.000,0.000,0.000,4.152,0.000,0.000,0.000]
  Alt-Benders[1] (mw): LB=15.813902, Z₀(α*)=15.813902, intercept=-77.316094 (0.531s) [OMP=0.504 ISP-L=0.003 ISP-F=0.008 MW-L=0.006 MW-F=0.007]
  Alt-Benders[2] (mw): LB=15.813902, Z₀(α*)=15.813902, intercept=-77.316094 (0.532s) [OMP=0.505 ISP-L=0.003 ISP-F=0.009 MW-L=0.006 MW-F=0.007]
  Alt-Benders[3]: LB stagnated, break
  OMP re-solve: 0.001s

=== True-DRO Benders iter 41 ===
  OMP: t₀=15.813902, UB=16.156304, gap=2.12e-02, x=[0, 0, 0, 0, 1, 0, 0, 0, 0, 0, 1, 0, 0, 0, 0, 0, 0, 0, 0, 0, 0, 0, 0, 0, 0, 0, 0, 0, 0, 0] (0.001s)
  Sub: Z₀=13.779720 [LOCAL] (0.1s), α=[0.000,0.000,0.000,0.000,4.931,0.000,0.000,0.000,0.000,0.000,4.364,0.000,0.000,0.000,1.520,0.000,0.000,0.000,0.000,0.000,0.000,0.000,0.000,0.000,0.000,0.000,0.000,0.000,0.000,0.000]
  Iter 41: LB=15.813902  UB=16.156304  gap=2.12e-02
  Cut: intercept=-1094.837065, π_x_range=[-822.0590, 568.4476]
  Mini-Benders[1] (mw): LB=15.813902, Z₀(α*)=13.927880, intercept=-95.906231 (0.563s) [OMP=0.516 ISP-L=0.003 ISP-F=0.008 MW-L=0.021 MW-F=0.008]
  Mini-Benders[2] (mw): LB=15.813902, Z₀(α*)=13.927880, intercept=-95.906231 (0.531s) [OMP=0.494 ISP-L=0.004 ISP-F=0.009 MW-L=0.006 MW-F=0.008]
  Mini-Benders[3]: LB stagnated, break
  α-step: Z₀=14.197508, α=[0.000,0.000,0.000,0.000,6.285,0.000,1.060,0.000,0.000,0.000,0.889,0.000,0.000,0.000,2.580,0.000,0.000,0.000,0.000,0.000,0.000,0.000,0.000,0.000,0.000,0.000,0.000,0.000,0.000,0.000]
  Alt-Benders[1] (mw): LB=15.813902, Z₀(α*)=14.328822, intercept=-67.430021 (0.531s) [OMP=0.506 ISP-L=0.004 ISP-F=0.008 MW-L=0.006 MW-F=0.009]
  Alt-Benders[2] (mw): LB=15.813902, Z₀(α*)=14.328822, intercept=-67.430021 (0.516s) [OMP=0.496 ISP-L=0.004 ISP-F=0.008 MW-L=0.006 MW-F=0.008]
  Alt-Benders[3]: LB stagnated, break
  OMP re-solve: 0.001s

=== True-DRO Benders iter 42 ===
  OMP: t₀=15.813902, UB=16.156304, gap=2.12e-02, x=[0, 0, 0, 0, 1, 0, 0, 0, 0, 0, 1, 0, 0, 0, 0, 0, 0, 0, 0, 0, 0, 0, 0, 0, 0, 0, 0, 0, 0, 0] (0.001s)
  Sub: Z₀=13.779720 [LOCAL] (0.1s), α=[0.000,0.000,0.000,0.000,4.931,0.000,0.000,0.000,0.000,0.000,4.364,0.000,0.000,0.000,1.520,0.000,0.000,0.000,0.000,0.000,0.000,0.000,0.000,0.000,0.000,0.000,0.000,0.000,0.000,0.000]
  Iter 42: LB=15.813902  UB=16.156304  gap=2.12e-02
  Cut: intercept=-1094.837065, π_x_range=[-822.0590, 568.4476]
  Mini-Benders[1] (mw): LB=15.813902, Z₀(α*)=13.927880, intercept=-95.906231 (0.531s) [OMP=0.509 ISP-L=0.003 ISP-F=0.008 MW-L=0.006 MW-F=0.008]
  Mini-Benders[2] (mw): LB=15.813902, Z₀(α*)=13.927880, intercept=-95.906231 (0.531s) [OMP=0.510 ISP-L=0.003 ISP-F=0.008 MW-L=0.006 MW-F=0.008]
  Mini-Benders[3]: LB stagnated, break
  α-step: Z₀=14.197508, α=[0.000,0.000,0.000,0.000,6.285,0.000,1.060,0.000,0.000,0.000,0.889,0.000,0.000,0.000,2.580,0.000,0.000,0.000,0.000,0.000,0.000,0.000,0.000,0.000,0.000,0.000,0.000,0.000,0.000,0.000]
  Alt-Benders[1] (mw): LB=15.813902, Z₀(α*)=14.328822, intercept=-67.430021 (0.516s) [OMP=0.501 ISP-L=0.003 ISP-F=0.008 MW-L=0.006 MW-F=0.008]
  Alt-Benders[2] (mw): LB=15.813902, Z₀(α*)=14.328822, intercept=-67.430021 (0.547s) [OMP=0.507 ISP-L=0.003 ISP-F=0.008 MW-L=0.006 MW-F=0.008]
  Alt-Benders[3]: LB stagnated, break
  OMP re-solve: 0.001s

=== True-DRO Benders iter 43 ===
  OMP: t₀=15.813902, UB=16.156304, gap=2.12e-02, x=[0, 0, 0, 0, 1, 0, 0, 0, 0, 0, 1, 0, 0, 0, 0, 0, 0, 0, 0, 0, 0, 0, 0, 0, 0, 0, 0, 0, 0, 0] (0.001s)
  Sub: Z₀=13.779720 [LOCAL] (0.1s), α=[0.000,0.000,0.000,0.000,4.931,0.000,0.000,0.000,0.000,0.000,4.364,0.000,0.000,0.000,1.520,0.000,0.000,0.000,0.000,0.000,0.000,0.000,0.000,0.000,0.000,0.000,0.000,0.000,0.000,0.000]
  Iter 43: LB=15.813902  UB=16.156304  gap=2.12e-02
  Cut: intercept=-1094.837065, π_x_range=[-822.0590, 568.4476]
  Mini-Benders[1] (mw): LB=15.813902, Z₀(α*)=13.927880, intercept=-95.906231 (0.547s) [OMP=0.519 ISP-L=0.003 ISP-F=0.008 MW-L=0.006 MW-F=0.008]
  Mini-Benders[2] (mw): LB=15.813902, Z₀(α*)=13.927880, intercept=-95.906231 (0.547s) [OMP=0.510 ISP-L=0.003 ISP-F=0.008 MW-L=0.007 MW-F=0.023]
  Mini-Benders[3]: LB stagnated, break
  α-step: Z₀=14.197508, α=[0.000,0.000,0.000,0.000,6.285,0.000,1.060,0.000,0.000,0.000,0.889,0.000,0.000,0.000,2.580,0.000,0.000,0.000,0.000,0.000,0.000,0.000,0.000,0.000,0.000,0.000,0.000,0.000,0.000,0.000]
  Alt-Benders[1] (mw): LB=15.813902, Z₀(α*)=14.328822, intercept=-67.430021 (0.531s) [OMP=0.506 ISP-L=0.004 ISP-F=0.008 MW-L=0.006 MW-F=0.009]
  Alt-Benders[2] (mw): LB=15.813902, Z₀(α*)=14.328822, intercept=-67.430021 (0.532s) [OMP=0.516 ISP-L=0.003 ISP-F=0.008 MW-L=0.006 MW-F=0.008]
  Alt-Benders[3]: LB stagnated, break
  OMP re-solve: 0.001s

=== True-DRO Benders iter 44 ===
  OMP: t₀=15.813902, UB=16.156304, gap=2.12e-02, x=[0, 0, 0, 0, 1, 0, 0, 0, 0, 0, 1, 0, 0, 0, 0, 0, 0, 0, 0, 0, 0, 0, 0, 0, 0, 0, 0, 0, 0, 0] (0.001s)
  Sub: Z₀=13.779720 [LOCAL] (0.1s), α=[0.000,0.000,0.000,0.000,4.931,0.000,0.000,0.000,0.000,0.000,4.364,0.000,0.000,0.000,1.520,0.000,0.000,0.000,0.000,0.000,0.000,0.000,0.000,0.000,0.000,0.000,0.000,0.000,0.000,0.000]
  Iter 44: LB=15.813902  UB=16.156304  gap=2.12e-02
  Cut: intercept=-1094.837065, π_x_range=[-822.0590, 568.4476]
  Mini-Benders[1] (mw): LB=15.813902, Z₀(α*)=13.927880, intercept=-95.906231 (0.531s) [OMP=0.500 ISP-L=0.003 ISP-F=0.008 MW-L=0.006 MW-F=0.008]
  Mini-Benders[2] (mw): LB=15.813902, Z₀(α*)=13.927880, intercept=-95.906231 (0.547s) [OMP=0.510 ISP-L=0.003 ISP-F=0.008 MW-L=0.006 MW-F=0.008]
  Mini-Benders[3]: LB stagnated, break
  α-step: Z₀=14.197508, α=[0.000,0.000,0.000,0.000,6.285,0.000,1.060,0.000,0.000,0.000,0.889,0.000,0.000,0.000,2.580,0.000,0.000,0.000,0.000,0.000,0.000,0.000,0.000,0.000,0.000,0.000,0.000,0.000,0.000,0.000]
  Alt-Benders[1] (mw): LB=15.813902, Z₀(α*)=14.328822, intercept=-67.430021 (0.546s) [OMP=0.515 ISP-L=0.004 ISP-F=0.008 MW-L=0.006 MW-F=0.008]
  Alt-Benders[2] (mw): LB=15.813902, Z₀(α*)=14.328822, intercept=-67.430021 (0.532s) [OMP=0.502 ISP-L=0.003 ISP-F=0.008 MW-L=0.006 MW-F=0.009]
  Alt-Benders[3]: LB stagnated, break
  OMP re-solve: 0.001s

=== True-DRO Benders iter 45 ===
  OMP: t₀=15.813902, UB=16.156304, gap=2.12e-02, x=[0, 0, 0, 0, 1, 0, 0, 0, 0, 0, 1, 0, 0, 0, 0, 0, 0, 0, 0, 0, 0, 0, 0, 0, 0, 0, 0, 0, 0, 0] (0.001s)
  → Boost: time limit 3600s + MIPGap=0.5% (same x + prev TIME_LIMIT)
  Sub: Z₀=15.813902 (54.6s), α=[0.000,0.000,0.000,0.000,0.000,0.000,1.435,0.000,0.000,0.000,4.667,0.000,0.000,0.000,0.560,0.000,0.000,0.000,0.000,0.000,0.000,0.000,0.000,0.000,0.000,0.000,4.152,0.000,0.000,0.000]
  Iter 45: LB=15.813902  UB=15.813902  gap=3.93e-09
True-DRO Benders converged at iter 45 (gap=3.93e-09)
  Wall time: 360.61 sec
  OMP  time: mean=0.367s, median=0.483s, max=0.830s
  Sub  time (exact): mean=19.958s, median=3.156s, q90=44.301s, max=54.587s (n=3/45)

Result (double/mb_only): Z₀=15.813902, iters=45, time=360.6s
x arcs = [5, 11]
