============================================================
grid5x5 — double [mb_only]: ε̂=0.50, ε̃=0.50, β=0.05
  mini_benders=true, valid_inequality=none
============================================================
Set parameter Username
Set parameter LicenseID to value 2742039
Academic license - for non-commercial use only - expires 2026-11-20
Set parameter Username
Set parameter LicenseID to value 2742039
Academic license - for non-commercial use only - expires 2026-11-20
Set parameter OutputFlag to value 1
Set parameter LogFile to value "global_miqcp.log"
Set parameter Username
Set parameter LicenseID to value 2742039
Academic license - for non-commercial use only - expires 2026-11-20
Set parameter Username
Set parameter LicenseID to value 2742039
Academic license - for non-commercial use only - expires 2026-11-20
Set parameter Username
Set parameter LicenseID to value 2742039
Academic license - for non-commercial use only - expires 2026-11-20
Set parameter Username
Set parameter LicenseID to value 2742039
Academic license - for non-commercial use only - expires 2026-11-20

=== True-DRO Benders iter 1 ===
  OMP: t₀=-10000.000000, UB=Inf, gap=NaN, x=[0, 0, 0, 0, 0, 0, 0, 0, 0, 0, 0, 0, 0, 0, 0, 0, 0, 0, 0, 0, 0, 0, 0, 0, 0, 0, 0, 0, 0, 0, 0, 0, 0, 0, 0, 0, 0, 0, 0, 0, 0, 0, 0, 0, 0, 0, 0] (0.001s)
  Sub: Z₀=46.868605 [LOCAL] (0.4s), α=[0.000,0.000,0.000,0.000,0.000,0.000,0.000,0.000,0.000,0.000,0.000,0.000,0.000,0.000,0.000,0.000,0.000,0.000,0.000,0.000,0.000,0.000,0.000,0.000,2.929,0.000,0.000,0.036,4.893,0.000,0.000,0.000,0.000,0.000,0.000,0.241,2.150,0.000,0.000,0.000,0.000,0.000,0.000,0.000,0.000,0.000,0.000]
  Iter 1: LB=-10000.000000  UB=Inf  gap=NaN
  Cut: intercept=46.868605, π_x_range=[-829.0814, -773.7344]
  Mini-Benders[1] (mw): LB=-1603.792431, Z₀(α*)=39.938967, intercept=-99.870471 (0.063s) [OMP=0.007 ISP-L=0.009 ISP-F=0.020 MW-L=0.009 MW-F=0.014]
  Mini-Benders[2] (mw): LB=-294.054180, Z₀(α*)=39.106572, intercept=-19.233899 (0.047s) [OMP=0.004 ISP-L=0.006 ISP-F=0.015 MW-L=0.009 MW-F=0.012]
  Mini-Benders[3] (mw): LB=-157.218265, Z₀(α*)=27.708641, intercept=-71.439583 (0.062s) [OMP=0.013 ISP-L=0.005 ISP-F=0.013 MW-L=0.010 MW-F=0.016]
  Mini-Benders[4] (mw): LB=-142.757542, Z₀(α*)=30.244255, intercept=-93.161061 (0.063s) [OMP=0.021 ISP-L=0.005 ISP-F=0.013 MW-L=0.009 MW-F=0.015]
  Mini-Benders[5] (mw): LB=-140.451130, Z₀(α*)=41.501923, intercept=-98.582398 (0.078s) [OMP=0.022 ISP-L=0.005 ISP-F=0.015 MW-L=0.012 MW-F=0.017]
Set parameter NonConvex to value 2
Set parameter DualReductions to value 0
  α-step: Z₀=32.531561, α=[0.000,0.000,0.000,0.000,0.000,0.000,0.000,0.000,0.000,0.000,0.000,0.000,0.000,0.000,0.000,0.000,0.000,0.000,0.000,0.000,0.000,0.000,0.000,0.000,0.000,0.000,0.000,0.215,4.856,0.000,0.000,0.000,0.000,0.000,0.000,0.000,5.178,0.000,0.000,0.000,0.000,0.000,0.000,0.000,0.000,0.000,0.000]
  Alt-Benders[1] (mw): LB=-112.024614, Z₀(α*)=41.117493, intercept=28.594831 (0.094s) [OMP=0.059 ISP-L=0.005 ISP-F=0.012 MW-L=0.009 MW-F=0.016]
  Alt-Benders[2] (mw): LB=-93.832128, Z₀(α*)=15.064821, intercept=-40.828768 (0.078s) [OMP=0.036 ISP-L=0.005 ISP-F=0.013 MW-L=0.009 MW-F=0.015]
  Alt-Benders[3] (mw): LB=-85.931992, Z₀(α*)=18.113976, intercept=6.379411 (0.109s) [OMP=0.056 ISP-L=0.005 ISP-F=0.014 MW-L=0.009 MW-F=0.015]
  Alt-Benders[4] (mw): LB=-84.506628, Z₀(α*)=-1.037692, intercept=-172.830389 (0.094s) [OMP=0.054 ISP-L=0.005 ISP-F=0.013 MW-L=0.010 MW-F=0.014]
  Alt-Benders[5] (mw): LB=-83.282639, Z₀(α*)=19.762063, intercept=-53.700877 (0.094s) [OMP=0.034 ISP-L=0.005 ISP-F=0.013 MW-L=0.010 MW-F=0.031]
  OMP re-solve: 0.055s

=== True-DRO Benders iter 2 ===
  OMP: t₀=-77.296123, UB=Inf, gap=NaN, x=[0, 0, 0, 0, 0, 0, 0, 0, 0, 0, 0, 0, 0, 0, 0, 0, 0, 0, 0, 0, 0, 0, 0, 0, 0, 0, 1, 1, 0, 0, 0, 0, 0, 0, 0, 0, 0, 0, 0, 0, 0, 0, 0, 0, 0, 0, 0] (0.000s)
  Sub: Z₀=34.490003 [LOCAL] (0.4s), α=[0.000,0.000,0.000,0.000,0.000,0.000,0.000,0.000,0.000,0.000,0.000,0.000,0.000,0.000,0.000,0.000,0.000,0.000,0.000,0.000,0.000,0.000,0.000,0.000,6.378,0.000,0.000,0.526,3.345,0.000,0.000,0.000,0.000,0.000,0.000,0.000,0.000,0.000,0.000,0.000,0.000,0.000,0.000,0.000,0.000,0.000,0.000]
  Iter 2: LB=-77.296123  UB=Inf  gap=NaN
  Cut: intercept=-1144.077055, π_x_range=[-826.7820, 594.8632]
  Mini-Benders[1] (mw): LB=-76.809364, Z₀(α*)=39.859564, intercept=-32.772902 (0.094s) [OMP=0.060 ISP-L=0.005 ISP-F=0.013 MW-L=0.010 MW-F=0.012]
  Mini-Benders[2] (mw): LB=-75.223758, Z₀(α*)=40.441491, intercept=18.369755 (0.094s) [OMP=0.051 ISP-L=0.005 ISP-F=0.015 MW-L=0.010 MW-F=0.012]
  Mini-Benders[3] (mw): LB=-67.813065, Z₀(α*)=32.755311, intercept=-124.893946 (0.187s) [OMP=0.146 ISP-L=0.005 ISP-F=0.014 MW-L=0.009 MW-F=0.012]
  Mini-Benders[4] (mw): LB=-60.970907, Z₀(α*)=29.410033, intercept=-172.186021 (0.125s) [OMP=0.079 ISP-L=0.005 ISP-F=0.013 MW-L=0.008 MW-F=0.014]
  Mini-Benders[5] (mw): LB=-60.534944, Z₀(α*)=31.862355, intercept=-55.112151 (0.141s) [OMP=0.084 ISP-L=0.005 ISP-F=0.013 MW-L=0.011 MW-F=0.029]
  α-step: Z₀=34.052468, α=[0.000,0.000,0.000,0.000,0.000,0.000,0.000,0.000,0.000,0.000,0.000,0.000,0.000,0.000,0.000,0.000,0.000,0.000,0.000,0.000,0.000,0.000,1.062,1.901,7.286,0.000,0.000,0.000,0.000,0.000,0.000,0.000,0.000,0.000,0.000,0.000,0.000,0.000,0.000,0.000,0.000,0.000,0.000,0.000,0.000,0.000,0.000]
  Alt-Benders[1] (mw): LB=-55.298090, Z₀(α*)=36.990092, intercept=-20.951600 (0.188s) [OMP=0.137 ISP-L=0.005 ISP-F=0.012 MW-L=0.009 MW-F=0.013]
  Alt-Benders[2] (mw): LB=-52.088027, Z₀(α*)=38.672996, intercept=-13.474273 (0.125s) [OMP=0.090 ISP-L=0.005 ISP-F=0.012 MW-L=0.009 MW-F=0.012]
  Alt-Benders[3] (mw): LB=-44.258190, Z₀(α*)=25.718676, intercept=-75.791735 (0.312s) [OMP=0.274 ISP-L=0.005 ISP-F=0.012 MW-L=0.009 MW-F=0.014]
  Alt-Benders[4] (mw): LB=-44.062928, Z₀(α*)=19.958926, intercept=-51.432466 (0.407s) [OMP=0.356 ISP-L=0.006 ISP-F=0.012 MW-L=0.008 MW-F=0.014]
  Alt-Benders[5] (mw): LB=-42.757213, Z₀(α*)=4.568546, intercept=-93.260387 (0.421s) [OMP=0.370 ISP-L=0.005 ISP-F=0.013 MW-L=0.024 MW-F=0.016]
  OMP re-solve: 0.348s

=== True-DRO Benders iter 3 ===
  OMP: t₀=-41.178679, UB=Inf, gap=NaN, x=[0, 0, 0, 0, 0, 0, 0, 0, 0, 0, 0, 0, 0, 0, 0, 0, 0, 0, 0, 0, 0, 0, 0, 0, 0, 0, 0, 0, 0, 0, 0, 0, 0, 1, 0, 0, 1, 0, 0, 0, 0, 0, 0, 0, 0, 0, 0] (0.000s)
  Sub: Z₀=43.575137 [LOCAL] (0.2s), α=[0.000,0.000,0.000,0.000,0.000,0.000,0.000,0.000,0.000,0.000,0.000,0.000,0.000,0.000,0.000,0.000,0.000,0.000,0.000,0.000,0.000,0.000,0.000,0.000,1.348,0.000,0.000,0.000,0.368,0.000,0.000,0.000,0.000,0.000,0.000,0.000,8.533,0.000,0.000,0.000,0.000,0.000,0.000,0.000,0.000,0.000,0.000]
  Iter 3: LB=-41.178679  UB=Inf  gap=NaN
  Cut: intercept=-1118.684088, π_x_range=[-831.0410, 583.0518]
  Mini-Benders[1] (mw): LB=-39.230331, Z₀(α*)=-21.740636, intercept=-13.533535 (0.344s) [OMP=0.313 ISP-L=0.005 ISP-F=0.014 MW-L=0.009 MW-F=0.012]
  Mini-Benders[2] (mw): LB=-38.407309, Z₀(α*)=22.002841, intercept=-216.239597 (0.453s) [OMP=0.408 ISP-L=0.005 ISP-F=0.014 MW-L=0.009 MW-F=0.013]
  Mini-Benders[3] (mw): LB=-36.903637, Z₀(α*)=36.845584, intercept=-22.154919 (0.422s) [OMP=0.376 ISP-L=0.005 ISP-F=0.013 MW-L=0.008 MW-F=0.011]
  Mini-Benders[4] (mw): LB=-34.636331, Z₀(α*)=9.277451, intercept=11.687164 (0.156s) [OMP=0.115 ISP-L=0.005 ISP-F=0.013 MW-L=0.009 MW-F=0.013]
  Mini-Benders[5] (mw): LB=-33.020169, Z₀(α*)=40.210142, intercept=-34.760157 (0.469s) [OMP=0.423 ISP-L=0.005 ISP-F=0.013 MW-L=0.022 MW-F=0.013]
  α-step QCP failed (True-DRO subproblem: INFEASIBLE (no feasible solution)), fallback to LP
  α-step: Z₀=37.400791, α=[0.000,0.000,0.000,0.000,0.000,0.000,0.000,0.000,0.000,0.000,0.000,0.000,0.000,0.000,0.000,0.000,0.000,0.000,0.000,0.000,0.000,0.000,0.000,0.000,3.656,0.000,0.000,0.000,5.071,0.000,0.000,0.000,0.000,0.000,0.000,0.000,1.521,0.000,0.000,0.000,0.000,0.000,0.000,0.000,0.000,0.000,0.000] [LP-fallback]
  Alt-Benders[1] (mw): LB=-30.133038, Z₀(α*)=32.944288, intercept=-25.139430 (0.391s) [OMP=0.341 ISP-L=0.006 ISP-F=0.015 MW-L=0.009 MW-F=0.015]
  Alt-Benders[2] (mw): LB=-30.067188, Z₀(α*)=41.743187, intercept=-32.245095 (0.437s) [OMP=0.398 ISP-L=0.005 ISP-F=0.013 MW-L=0.010 MW-F=0.011]
  Alt-Benders[3] (mw): LB=-30.000375, Z₀(α*)=39.426524, intercept=-18.850251 (0.547s) [OMP=0.509 ISP-L=0.005 ISP-F=0.012 MW-L=0.010 MW-F=0.012]
  Alt-Benders[4] (mw): LB=-28.650403, Z₀(α*)=37.672593, intercept=-31.483563 (0.516s) [OMP=0.395 ISP-L=0.005 ISP-F=0.015 MW-L=0.086 MW-F=0.011]
  Alt-Benders[5] (mw): LB=-27.329947, Z₀(α*)=22.334114, intercept=-182.982014 (0.515s) [OMP=0.480 ISP-L=0.005 ISP-F=0.012 MW-L=0.009 MW-F=0.015]
  OMP re-solve: 0.511s

=== True-DRO Benders iter 4 ===
  OMP: t₀=-27.132755, UB=Inf, gap=NaN, x=[0, 0, 0, 0, 0, 0, 0, 0, 0, 0, 0, 0, 0, 0, 0, 0, 0, 0, 0, 0, 0, 0, 0, 0, 0, 0, 0, 0, 0, 0, 0, 1, 1, 0, 0, 0, 0, 0, 0, 0, 0, 0, 0, 0, 0, 0, 0] (0.000s)
  Sub: Z₀=40.576911 [LOCAL] (0.2s), α=[0.000,0.000,0.000,0.000,0.000,0.000,0.000,0.000,0.000,0.000,0.000,0.000,0.000,0.000,0.000,0.000,0.000,0.000,0.000,0.000,0.000,0.000,0.000,0.000,4.536,0.000,0.000,0.000,2.744,0.000,0.000,2.969,0.000,0.000,0.000,0.000,0.000,0.000,0.000,0.000,0.000,0.000,0.000,0.000,0.000,0.000,0.000]
  Iter 4: LB=-27.132755  UB=Inf  gap=NaN
  Cut: intercept=-1126.439679, π_x_range=[-825.7849, 598.9557]
  Mini-Benders[1] (mw): LB=-26.493424, Z₀(α*)=28.578712, intercept=-200.616467 (0.485s) [OMP=0.451 ISP-L=0.005 ISP-F=0.013 MW-L=0.009 MW-F=0.014]
  Mini-Benders[2] (mw): LB=-25.353822, Z₀(α*)=38.933948, intercept=-23.032999 (0.500s) [OMP=0.457 ISP-L=0.005 ISP-F=0.013 MW-L=0.010 MW-F=0.011]
  Mini-Benders[3] (mw): LB=-24.044487, Z₀(α*)=3.992340, intercept=-182.053994 (0.422s) [OMP=0.365 ISP-L=0.005 ISP-F=0.013 MW-L=0.009 MW-F=0.031]
  Mini-Benders[4] (mw): LB=-22.757791, Z₀(α*)=3.004734, intercept=-149.736285 (0.421s) [OMP=0.381 ISP-L=0.005 ISP-F=0.013 MW-L=0.009 MW-F=0.013]
  Mini-Benders[5] (mw): LB=-21.462819, Z₀(α*)=17.812324, intercept=-11.632217 (0.500s) [OMP=0.459 ISP-L=0.005 ISP-F=0.014 MW-L=0.009 MW-F=0.010]
  α-step: Z₀=34.958629, α=[0.000,0.000,0.000,0.000,0.000,0.000,0.000,0.000,0.000,0.000,0.000,0.000,0.000,0.000,0.000,0.000,0.000,0.000,0.000,0.000,0.000,0.000,4.981,0.000,0.000,0.000,0.000,0.000,0.269,0.100,0.000,4.900,0.000,0.000,0.000,0.000,0.000,0.000,0.000,0.000,0.000,0.000,0.000,0.000,0.000,0.000,0.000]
  Alt-Benders[1] (mw): LB=-20.388128, Z₀(α*)=38.626523, intercept=-22.629414 (0.484s) [OMP=0.434 ISP-L=0.005 ISP-F=0.013 MW-L=0.009 MW-F=0.014]
  Alt-Benders[2] (mw): LB=-20.260811, Z₀(α*)=-21.589438, intercept=-39.294188 (0.344s) [OMP=0.310 ISP-L=0.005 ISP-F=0.013 MW-L=0.008 MW-F=0.013]
  Alt-Benders[3] (mw): LB=-20.260811, Z₀(α*)=-21.589438, intercept=-39.294188 (0.406s) [OMP=0.348 ISP-L=0.005 ISP-F=0.013 MW-L=0.009 MW-F=0.027]
  Alt-Benders[4] (mw): LB=-20.260811, Z₀(α*)=-21.589438, intercept=-39.294188 (0.391s) [OMP=0.349 ISP-L=0.005 ISP-F=0.013 MW-L=0.008 MW-F=0.013]
  Alt-Benders[5]: LB stagnated, break
  OMP re-solve: 0.000s

=== True-DRO Benders iter 5 ===
  OMP: t₀=-20.260811, UB=Inf, gap=NaN, x=[0, 0, 0, 0, 0, 0, 0, 0, 0, 0, 0, 0, 0, 0, 0, 0, 0, 0, 0, 0, 0, 0, 0, 0, 0, 0, 0, 0, 0, 0, 0, 0, 0, 0, 1, 0, 1, 0, 0, 0, 0, 0, 0, 0, 0, 0, 0] (0.000s)
  Sub: Z₀=39.648804 (2.1s), α=[0.000,0.000,0.000,0.000,0.000,0.000,0.000,0.000,0.000,0.000,0.000,0.000,0.000,0.000,0.000,0.000,0.000,0.000,0.000,0.000,0.000,0.000,0.000,0.000,0.000,0.000,0.000,0.000,0.907,0.000,0.000,0.000,0.000,0.000,0.000,0.000,9.342,0.000,0.000,0.000,0.000,0.000,0.000,0.000,0.000,0.000,0.000]
  Iter 5: LB=-20.260811  UB=39.648804  gap=1.51e+00
  Cut: intercept=-65.996995, π_x_range=[-266.0000, 55.6294]
  Sherali-Cut: intercept=-0.230073, π_x_range=[-99.3138, 25.3134]
  Mini-Benders[1] (mw): LB=-20.243228, Z₀(α*)=36.070633, intercept=-39.955322 (0.421s) [OMP=0.377 ISP-L=0.005 ISP-F=0.013 MW-L=0.008 MW-F=0.010]
  Mini-Benders[2] (mw): LB=-19.992394, Z₀(α*)=36.649074, intercept=-13.381717 (0.329s) [OMP=0.279 ISP-L=0.005 ISP-F=0.013 MW-L=0.008 MW-F=0.022]
  Mini-Benders[3] (mw): LB=-18.987727, Z₀(α*)=-16.781733, intercept=-53.466179 (0.265s) [OMP=0.230 ISP-L=0.005 ISP-F=0.013 MW-L=0.010 MW-F=0.011]
  Mini-Benders[4] (mw): LB=-18.121038, Z₀(α*)=35.137084, intercept=-47.088788 (0.360s) [OMP=0.324 ISP-L=0.004 ISP-F=0.012 MW-L=0.009 MW-F=0.010]
  Mini-Benders[5] (mw): LB=-17.864402, Z₀(α*)=36.897891, intercept=-241.457886 (0.343s) [OMP=0.307 ISP-L=0.005 ISP-F=0.012 MW-L=0.009 MW-F=0.012]
  α-step: Z₀=35.792126, α=[0.000,0.000,0.000,0.000,0.000,0.000,0.000,0.000,0.000,0.000,0.000,0.000,0.000,0.000,0.000,0.000,0.000,0.000,0.000,0.000,0.000,0.000,0.000,0.000,1.499,3.765,0.000,0.000,4.985,0.000,0.000,0.000,0.000,0.000,0.000,0.000,0.000,0.000,0.000,0.000,0.000,0.000,0.000,0.000,0.000,0.000,0.000]
  Alt-Benders[1] (mw): LB=-15.721987, Z₀(α*)=38.367553, intercept=-85.487368 (0.375s) [OMP=0.332 ISP-L=0.005 ISP-F=0.013 MW-L=0.009 MW-F=0.015]
  Alt-Benders[2] (mw): LB=-15.303251, Z₀(α*)=30.778603, intercept=-16.615720 (0.375s) [OMP=0.322 ISP-L=0.005 ISP-F=0.012 MW-L=0.009 MW-F=0.028]
  Alt-Benders[3] (mw): LB=-14.162273, Z₀(α*)=28.679963, intercept=-49.956013 (0.422s) [OMP=0.377 ISP-L=0.005 ISP-F=0.012 MW-L=0.008 MW-F=0.012]
  Alt-Benders[4] (mw): LB=-12.661402, Z₀(α*)=24.339221, intercept=-239.566090 (0.453s) [OMP=0.412 ISP-L=0.005 ISP-F=0.011 MW-L=0.008 MW-F=0.013]
  Alt-Benders[5] (mw): LB=-12.160239, Z₀(α*)=40.997569, intercept=-27.363698 (0.406s) [OMP=0.368 ISP-L=0.005 ISP-F=0.013 MW-L=0.008 MW-F=0.013]
  OMP re-solve: 0.299s

=== True-DRO Benders iter 6 ===
  OMP: t₀=-12.037511, UB=39.648804, gap=1.30e+00, x=[0, 0, 0, 0, 0, 0, 0, 0, 0, 0, 0, 0, 0, 0, 0, 0, 0, 0, 0, 0, 0, 0, 0, 0, 1, 0, 0, 0, 0, 0, 1, 0, 0, 0, 0, 0, 0, 0, 0, 0, 0, 0, 0, 0, 0, 0, 0] (0.000s)
  Sub: Z₀=38.872116 [LOCAL] (0.3s), α=[0.000,0.000,0.000,0.000,0.000,0.000,0.000,0.000,0.000,0.000,0.000,0.000,0.000,0.000,0.000,0.000,0.000,0.000,0.000,0.000,0.000,0.000,0.000,0.000,7.383,0.000,0.000,0.000,0.262,0.000,2.605,0.000,0.000,0.000,0.000,0.000,0.000,0.000,0.000,0.000,0.000,0.000,0.000,0.000,0.000,0.000,0.000]
  Iter 6: LB=-12.037511  UB=39.648804  gap=1.30e+00
  Cut: intercept=-1138.129273, π_x_range=[-831.4210, 589.0799]
  Mini-Benders[1] (mw): LB=-11.879840, Z₀(α*)=16.613851, intercept=-92.684958 (0.343s) [OMP=0.314 ISP-L=0.005 ISP-F=0.013 MW-L=0.009 MW-F=0.011]
  Mini-Benders[2] (mw): LB=-10.907089, Z₀(α*)=31.498380, intercept=-36.775459 (0.375s) [OMP=0.321 ISP-L=0.005 ISP-F=0.013 MW-L=0.010 MW-F=0.025]
  Mini-Benders[3] (mw): LB=-10.619631, Z₀(α*)=35.596779, intercept=-158.714708 (0.328s) [OMP=0.280 ISP-L=0.005 ISP-F=0.013 MW-L=0.009 MW-F=0.012]
  Mini-Benders[4] (mw): LB=-10.252184, Z₀(α*)=16.739913, intercept=-122.689015 (0.329s) [OMP=0.284 ISP-L=0.005 ISP-F=0.013 MW-L=0.009 MW-F=0.013]
  Mini-Benders[5] (mw): LB=-8.846687, Z₀(α*)=30.309551, intercept=-41.940090 (0.375s) [OMP=0.335 ISP-L=0.005 ISP-F=0.014 MW-L=0.009 MW-F=0.014]
  α-step: Z₀=38.005881, α=[0.000,0.000,0.000,0.000,0.000,0.000,0.000,0.000,0.000,0.000,0.000,0.000,0.000,0.000,0.000,0.000,0.000,0.000,0.000,0.000,0.000,0.000,0.000,0.000,7.086,0.000,0.000,1.566,1.597,0.000,0.000,0.000,0.000,0.000,0.000,0.000,0.000,0.000,0.000,0.000,0.000,0.000,0.000,0.000,0.000,0.000,0.000]
  Alt-Benders[1] (mw): LB=-7.911220, Z₀(α*)=1.460798, intercept=-115.317696 (0.375s) [OMP=0.342 ISP-L=0.005 ISP-F=0.012 MW-L=0.009 MW-F=0.018]
  Alt-Benders[2] (mw): LB=-7.382462, Z₀(α*)=40.651872, intercept=-70.261260 (0.391s) [OMP=0.331 ISP-L=0.005 ISP-F=0.012 MW-L=0.022 MW-F=0.010]
  Alt-Benders[3] (mw): LB=-7.164573, Z₀(α*)=30.905949, intercept=-54.994194 (0.390s) [OMP=0.346 ISP-L=0.005 ISP-F=0.012 MW-L=0.011 MW-F=0.012]
  Alt-Benders[4] (mw): LB=-6.735779, Z₀(α*)=41.003663, intercept=-1.387562 (0.375s) [OMP=0.342 ISP-L=0.005 ISP-F=0.013 MW-L=0.008 MW-F=0.012]
  Alt-Benders[5] (mw): LB=-6.153339, Z₀(α*)=37.044384, intercept=-5.156185 (0.375s) [OMP=0.325 ISP-L=0.004 ISP-F=0.012 MW-L=0.008 MW-F=0.013]
  OMP re-solve: 0.315s

=== True-DRO Benders iter 7 ===
  OMP: t₀=-4.980380, UB=39.648804, gap=1.13e+00, x=[0, 0, 0, 0, 0, 0, 0, 0, 0, 0, 0, 0, 0, 0, 0, 0, 0, 0, 0, 0, 0, 0, 0, 1, 0, 0, 0, 0, 0, 0, 1, 0, 0, 0, 0, 0, 0, 0, 0, 0, 0, 0, 0, 0, 0, 0, 0] (0.000s)
  Sub: Z₀=38.838207 [LOCAL] (0.3s), α=[0.000,0.000,0.000,0.000,0.000,0.000,0.000,0.000,0.000,0.000,0.000,0.000,0.000,0.000,0.000,0.000,0.000,0.000,0.000,0.000,0.000,0.000,2.726,3.349,0.000,0.000,0.000,0.000,0.000,0.000,4.175,0.000,0.000,0.000,0.000,0.000,0.000,0.000,0.000,0.000,0.000,0.000,0.000,0.000,0.000,0.000,0.000]
  Iter 7: LB=-4.980380  UB=39.648804  gap=1.13e+00
  Cut: intercept=-1123.013469, π_x_range=[-828.2527, 585.9235]
  Mini-Benders[1] (mw): LB=-4.504562, Z₀(α*)=0.933315, intercept=-87.878838 (0.344s) [OMP=0.316 ISP-L=0.005 ISP-F=0.013 MW-L=0.009 MW-F=0.014]
  Mini-Benders[2] (mw): LB=-4.328082, Z₀(α*)=8.129016, intercept=-5.874878 (0.375s) [OMP=0.319 ISP-L=0.005 ISP-F=0.014 MW-L=0.021 MW-F=0.014]
  Mini-Benders[3] (mw): LB=-3.805031, Z₀(α*)=35.110166, intercept=-6.542211 (0.390s) [OMP=0.343 ISP-L=0.005 ISP-F=0.013 MW-L=0.009 MW-F=0.012]
  Mini-Benders[4] (mw): LB=-3.592766, Z₀(α*)=-12.568796, intercept=-3.359535 (0.391s) [OMP=0.346 ISP-L=0.005 ISP-F=0.013 MW-L=0.009 MW-F=0.015]
  Mini-Benders[5] (mw): LB=-3.592766, Z₀(α*)=-12.568796, intercept=-3.359535 (0.375s) [OMP=0.331 ISP-L=0.004 ISP-F=0.012 MW-L=0.008 MW-F=0.015]
  α-step: Z₀=38.077135, α=[0.000,0.000,0.000,0.000,0.000,0.000,0.000,0.000,0.000,0.000,0.000,0.000,0.000,0.000,0.000,0.000,0.000,0.000,0.000,0.000,0.000,0.000,3.037,0.000,6.413,0.000,0.000,0.000,0.000,0.000,0.000,0.799,0.000,0.000,0.000,0.000,0.000,0.000,0.000,0.000,0.000,0.000,0.000,0.000,0.000,0.000,0.000]
  Alt-Benders[1] (mw): LB=-2.577666, Z₀(α*)=37.060188, intercept=-31.347576 (0.375s) [OMP=0.342 ISP-L=0.005 ISP-F=0.012 MW-L=0.008 MW-F=0.013]
  Alt-Benders[2] (mw): LB=-1.910424, Z₀(α*)=26.098046, intercept=0.548751 (0.391s) [OMP=0.341 ISP-L=0.005 ISP-F=0.012 MW-L=0.023 MW-F=0.012]
  Alt-Benders[3] (mw): LB=-1.712656, Z₀(α*)=29.283242, intercept=-39.712885 (0.344s) [OMP=0.304 ISP-L=0.005 ISP-F=0.013 MW-L=0.009 MW-F=0.011]
  Alt-Benders[4] (mw): LB=-1.113449, Z₀(α*)=10.673909, intercept=-125.604447 (0.359s) [OMP=0.309 ISP-L=0.005 ISP-F=0.011 MW-L=0.009 MW-F=0.013]
  Alt-Benders[5] (mw): LB=-1.037694, Z₀(α*)=34.382529, intercept=-145.860890 (0.297s) [OMP=0.269 ISP-L=0.005 ISP-F=0.013 MW-L=0.008 MW-F=0.013]
  OMP re-solve: 0.278s

=== True-DRO Benders iter 8 ===
  OMP: t₀=-0.935169, UB=39.648804, gap=1.02e+00, x=[0, 0, 0, 0, 0, 0, 0, 0, 0, 0, 0, 0, 0, 0, 0, 0, 0, 0, 0, 0, 0, 0, 1, 0, 0, 0, 0, 1, 0, 0, 0, 0, 0, 0, 0, 0, 0, 0, 0, 0, 0, 0, 0, 0, 0, 0, 0] (0.000s)
  Sub: Z₀=35.273781 [LOCAL] (0.3s), α=[0.000,0.000,0.000,0.000,0.000,0.000,0.000,0.000,0.000,0.000,0.000,0.000,0.000,0.000,0.000,0.000,0.000,0.000,0.000,0.000,0.000,0.000,0.000,0.000,2.160,0.000,0.000,2.389,5.649,0.000,0.000,0.000,0.000,0.000,0.000,0.000,0.051,0.000,0.000,0.000,0.000,0.000,0.000,0.000,0.000,0.000,0.000]
  Iter 8: LB=-0.935169  UB=39.648804  gap=1.02e+00
  Cut: intercept=-1117.632640, π_x_range=[-827.4131, 584.4182]
  Mini-Benders[1] (mw): LB=-0.771010, Z₀(α*)=16.175445, intercept=-19.006404 (0.329s) [OMP=0.272 ISP-L=0.005 ISP-F=0.014 MW-L=0.009 MW-F=0.029]
  Mini-Benders[2] (mw): LB=-0.311272, Z₀(α*)=37.441883, intercept=-32.892099 (0.296s) [OMP=0.254 ISP-L=0.005 ISP-F=0.014 MW-L=0.010 MW-F=0.011]
  Mini-Benders[3] (mw): LB=-0.259068, Z₀(α*)=25.156690, intercept=-68.527975 (0.329s) [OMP=0.272 ISP-L=0.005 ISP-F=0.014 MW-L=0.010 MW-F=0.015]
  Mini-Benders[4] (mw): LB=0.933313, Z₀(α*)=33.719706, intercept=-78.097673 (0.328s) [OMP=0.287 ISP-L=0.005 ISP-F=0.013 MW-L=0.008 MW-F=0.015]
  Mini-Benders[5] (mw): LB=0.969399, Z₀(α*)=26.997896, intercept=-76.280169 (0.312s) [OMP=0.268 ISP-L=0.005 ISP-F=0.013 MW-L=0.008 MW-F=0.015]
  α-step: Z₀=32.006927, α=[0.000,0.000,0.000,0.000,0.000,0.000,0.000,0.000,0.000,0.000,0.000,0.000,0.000,0.000,0.000,0.000,0.000,0.000,0.000,0.000,0.000,0.000,0.000,0.000,7.197,0.000,0.000,0.000,0.907,0.000,0.000,2.145,0.000,0.000,0.000,0.000,0.000,0.000,0.000,0.000,0.000,0.000,0.000,0.000,0.000,0.000,0.000]
  Alt-Benders[1] (mw): LB=1.460796, Z₀(α*)=0.917889, intercept=-110.318475 (0.313s) [OMP=0.262 ISP-L=0.005 ISP-F=0.012 MW-L=0.009 MW-F=0.030]
  Alt-Benders[2] (mw): LB=1.460796, Z₀(α*)=0.917889, intercept=-110.318475 (0.312s) [OMP=0.261 ISP-L=0.005 ISP-F=0.012 MW-L=0.009 MW-F=0.017]
  Alt-Benders[3] (mw): LB=1.460796, Z₀(α*)=0.917889, intercept=-110.318475 (0.282s) [OMP=0.236 ISP-L=0.005 ISP-F=0.012 MW-L=0.009 MW-F=0.017]
  Alt-Benders[4]: LB stagnated, break
  OMP re-solve: 0.000s

=== True-DRO Benders iter 9 ===
  OMP: t₀=1.460796, UB=39.648804, gap=9.63e-01, x=[0, 0, 0, 0, 0, 0, 0, 0, 0, 0, 0, 0, 0, 0, 0, 0, 0, 0, 0, 0, 0, 0, 0, 0, 0, 0, 0, 0, 0, 1, 0, 0, 0, 0, 1, 0, 0, 0, 0, 0, 0, 0, 0, 0, 0, 0, 0] (0.000s)
  Sub: Z₀=40.037884 [LOCAL] (0.3s), α=[0.000,0.000,0.000,0.000,0.000,0.000,0.000,0.000,0.000,0.000,0.000,0.000,0.000,0.000,0.000,0.000,0.000,0.000,0.000,0.000,0.000,0.000,0.000,0.000,0.000,0.000,0.000,0.011,2.946,0.000,0.000,0.000,0.000,0.000,0.000,2.342,4.950,0.000,0.000,0.000,0.000,0.000,0.000,0.000,0.000,0.000,0.000]
  Iter 9: LB=1.460796  UB=39.648804  gap=9.63e-01
  Cut: intercept=-1082.726975, π_x_range=[-830.2978, 582.0145]
  Mini-Benders[1] (mw): LB=1.891063, Z₀(α*)=36.242562, intercept=-20.444267 (0.328s) [OMP=0.276 ISP-L=0.005 ISP-F=0.014 MW-L=0.008 MW-F=0.012]
  Mini-Benders[2] (mw): LB=3.004732, Z₀(α*)=34.112299, intercept=-260.943847 (0.391s) [OMP=0.362 ISP-L=0.005 ISP-F=0.013 MW-L=0.009 MW-F=0.012]
  Mini-Benders[3] (mw): LB=3.241949, Z₀(α*)=1.021656, intercept=-35.867392 (0.406s) [OMP=0.347 ISP-L=0.005 ISP-F=0.013 MW-L=0.010 MW-F=0.027]
  Mini-Benders[4] (mw): LB=3.241949, Z₀(α*)=1.021656, intercept=-35.867392 (0.375s) [OMP=0.326 ISP-L=0.005 ISP-F=0.013 MW-L=0.009 MW-F=0.015]
  Mini-Benders[5] (mw): LB=3.241949, Z₀(α*)=1.021656, intercept=-35.867392 (0.359s) [OMP=0.320 ISP-L=0.005 ISP-F=0.013 MW-L=0.009 MW-F=0.015]
  α-step: Z₀=38.763586, α=[0.000,0.000,0.000,0.000,0.000,0.000,0.000,0.000,0.000,0.000,0.000,0.000,0.000,0.000,0.000,0.000,0.000,0.000,0.000,0.000,0.000,0.000,0.000,0.000,1.425,0.000,0.000,0.000,5.071,0.000,0.000,3.753,0.000,0.000,0.000,0.000,0.000,0.000,0.000,0.000,0.000,0.000,0.000,0.000,0.000,0.000,0.000]
  Alt-Benders[1] (mw): LB=3.695732, Z₀(α*)=29.594018, intercept=-137.214363 (0.422s) [OMP=0.376 ISP-L=0.005 ISP-F=0.013 MW-L=0.010 MW-F=0.012]
  Alt-Benders[2] (mw): LB=3.992338, Z₀(α*)=-0.770885, intercept=-127.921680 (0.422s) [OMP=0.384 ISP-L=0.005 ISP-F=0.011 MW-L=0.008 MW-F=0.013]
  Alt-Benders[3] (mw): LB=3.992338, Z₀(α*)=-0.770885, intercept=-127.921680 (0.422s) [OMP=0.370 ISP-L=0.005 ISP-F=0.011 MW-L=0.022 MW-F=0.013]
  Alt-Benders[4] (mw): LB=3.992338, Z₀(α*)=-0.770885, intercept=-127.921680 (0.422s) [OMP=0.377 ISP-L=0.005 ISP-F=0.012 MW-L=0.008 MW-F=0.013]
  Alt-Benders[5]: LB stagnated, break
  OMP re-solve: 0.000s

=== True-DRO Benders iter 10 ===
  OMP: t₀=3.992338, UB=39.648804, gap=8.99e-01, x=[0, 0, 0, 0, 0, 0, 0, 0, 0, 0, 1, 0, 0, 0, 0, 0, 0, 0, 0, 0, 0, 0, 0, 0, 0, 0, 0, 0, 0, 0, 0, 0, 0, 0, 0, 0, 1, 0, 0, 0, 0, 0, 0, 0, 0, 0, 0] (0.000s)
  Sub: Z₀=39.776068 (0.7s), α=[0.000,0.000,0.000,0.000,0.000,0.000,0.000,0.000,0.000,0.000,0.000,0.000,0.000,0.000,0.000,0.000,0.000,0.000,0.000,0.000,0.000,0.000,3.090,0.000,0.000,0.000,0.000,0.000,6.335,0.000,0.000,0.000,0.000,0.000,0.000,0.000,0.824,0.000,0.000,0.000,0.000,0.000,0.000,0.000,0.000,0.000,0.000]
  Iter 10: LB=3.992338  UB=39.648804  gap=8.99e-01
  Cut: intercept=-210.034440, π_x_range=[-265.0000, 168.3730]
  Sherali-Cut: intercept=-108.278478, π_x_range=[-124.2034, 106.0477]
  Mini-Benders[1] (mw): LB=4.134299, Z₀(α*)=32.838425, intercept=-84.912601 (0.344s) [OMP=0.293 ISP-L=0.005 ISP-F=0.012 MW-L=0.008 MW-F=0.011]
  Mini-Benders[2] (mw): LB=4.568544, Z₀(α*)=37.392725, intercept=-81.115567 (0.328s) [OMP=0.281 ISP-L=0.005 ISP-F=0.013 MW-L=0.009 MW-F=0.023]
  Mini-Benders[3] (mw): LB=5.107373, Z₀(α*)=36.587443, intercept=30.398692 (0.344s) [OMP=0.306 ISP-L=0.005 ISP-F=0.014 MW-L=0.010 MW-F=0.014]
  Mini-Benders[4] (mw): LB=5.699921, Z₀(α*)=34.637144, intercept=-60.273527 (0.343s) [OMP=0.299 ISP-L=0.005 ISP-F=0.013 MW-L=0.009 MW-F=0.011]
  Mini-Benders[5] (mw): LB=5.724094, Z₀(α*)=37.554128, intercept=-75.140633 (0.344s) [OMP=0.296 ISP-L=0.005 ISP-F=0.012 MW-L=0.008 MW-F=0.016]
  α-step: Z₀=32.859260, α=[0.000,0.000,0.000,0.000,0.000,0.000,0.000,0.000,0.000,0.000,0.000,0.000,0.000,0.000,0.000,0.000,0.000,0.000,0.000,0.000,0.000,0.000,0.000,0.000,0.000,0.000,0.000,0.000,9.957,0.000,0.000,0.000,0.000,0.000,0.000,0.172,0.120,0.000,0.000,0.000,0.000,0.000,0.000,0.000,0.000,0.000,0.000]
  Alt-Benders[1] (mw): LB=7.143579, Z₀(α*)=38.513018, intercept=-112.990019 (0.375s) [OMP=0.332 ISP-L=0.005 ISP-F=0.013 MW-L=0.008 MW-F=0.013]
  Alt-Benders[2] (mw): LB=7.485742, Z₀(α*)=37.518699, intercept=-37.012822 (0.360s) [OMP=0.310 ISP-L=0.005 ISP-F=0.014 MW-L=0.009 MW-F=0.025]
  Alt-Benders[3] (mw): LB=7.497743, Z₀(α*)=35.173361, intercept=-194.847136 (0.437s) [OMP=0.398 ISP-L=0.005 ISP-F=0.012 MW-L=0.009 MW-F=0.013]
  Alt-Benders[4] (mw): LB=7.511206, Z₀(α*)=34.226159, intercept=-56.077871 (0.391s) [OMP=0.347 ISP-L=0.005 ISP-F=0.011 MW-L=0.009 MW-F=0.012]
  Alt-Benders[5] (mw): LB=7.565831, Z₀(α*)=7.963376, intercept=9.367547 (0.375s) [OMP=0.337 ISP-L=0.005 ISP-F=0.011 MW-L=0.010 MW-F=0.014]
  OMP re-solve: 0.303s

=== True-DRO Benders iter 11 ===
  OMP: t₀=7.740951, UB=39.648804, gap=8.05e-01, x=[0, 0, 0, 0, 0, 0, 0, 0, 0, 0, 0, 0, 0, 0, 0, 1, 0, 0, 0, 0, 0, 0, 0, 0, 0, 0, 0, 0, 0, 0, 0, 0, 0, 0, 1, 0, 0, 0, 0, 0, 0, 0, 0, 0, 0, 0, 0] (0.000s)
  Sub: Z₀=41.021114 [LOCAL] (0.2s), α=[0.000,0.000,0.000,0.000,0.000,0.000,0.000,0.000,0.000,0.000,0.000,0.000,0.000,0.000,0.000,0.000,0.000,0.000,0.000,0.000,0.000,0.000,0.000,0.000,0.000,0.000,0.000,0.035,4.761,0.000,0.000,0.000,0.000,0.000,2.413,2.883,0.157,0.000,0.000,0.000,0.000,0.000,0.000,0.000,0.000,0.000,0.000]
  Iter 11: LB=7.740951  UB=39.648804  gap=8.05e-01
  Cut: intercept=-1080.273711, π_x_range=[-829.5811, 583.0596]
  Mini-Benders[1] (mw): LB=7.963374, Z₀(α*)=36.379916, intercept=12.985591 (0.390s) [OMP=0.341 ISP-L=0.005 ISP-F=0.015 MW-L=0.009 MW-F=0.014]
  Mini-Benders[2] (mw): LB=8.764911, Z₀(α*)=20.672358, intercept=-93.790603 (0.438s) [OMP=0.382 ISP-L=0.005 ISP-F=0.013 MW-L=0.021 MW-F=0.016]
  Mini-Benders[3] (mw): LB=9.277449, Z₀(α*)=26.017522, intercept=-21.569991 (0.375s) [OMP=0.331 ISP-L=0.005 ISP-F=0.013 MW-L=0.008 MW-F=0.013]
  Mini-Benders[4] (mw): LB=9.633203, Z₀(α*)=26.312124, intercept=-75.973753 (0.422s) [OMP=0.378 ISP-L=0.005 ISP-F=0.013 MW-L=0.009 MW-F=0.016]
  Mini-Benders[5] (mw): LB=10.387738, Z₀(α*)=39.496122, intercept=-26.428509 (0.437s) [OMP=0.385 ISP-L=0.005 ISP-F=0.015 MW-L=0.008 MW-F=0.015]
  α-step: Z₀=37.870376, α=[0.000,0.000,0.000,0.000,0.000,0.000,0.000,0.000,0.000,0.000,0.000,0.000,0.000,0.000,0.000,0.000,0.000,0.000,0.000,0.000,0.000,0.000,0.000,0.000,0.000,2.115,0.000,0.000,3.460,0.000,0.000,0.000,0.000,0.000,2.026,0.000,2.648,0.000,0.000,0.000,0.000,0.000,0.000,0.000,0.000,0.000,0.000]
  Alt-Benders[1] (mw): LB=10.502994, Z₀(α*)=35.243890, intercept=-69.940940 (0.390s) [OMP=0.351 ISP-L=0.005 ISP-F=0.012 MW-L=0.008 MW-F=0.016]
  Alt-Benders[2] (mw): LB=10.673907, Z₀(α*)=39.379383, intercept=-83.274734 (0.391s) [OMP=0.331 ISP-L=0.005 ISP-F=0.012 MW-L=0.022 MW-F=0.013]
  Alt-Benders[3] (mw): LB=10.863496, Z₀(α*)=27.647149, intercept=-86.571407 (0.375s) [OMP=0.343 ISP-L=0.005 ISP-F=0.012 MW-L=0.007 MW-F=0.014]
  Alt-Benders[4] (mw): LB=11.638313, Z₀(α*)=36.705497, intercept=-35.244662 (0.391s) [OMP=0.337 ISP-L=0.005 ISP-F=0.012 MW-L=0.008 MW-F=0.015]
  Alt-Benders[5] (mw): LB=11.962998, Z₀(α*)=29.180094, intercept=-181.181879 (0.359s) [OMP=0.331 ISP-L=0.005 ISP-F=0.011 MW-L=0.008 MW-F=0.011]
  OMP re-solve: 0.352s

=== True-DRO Benders iter 12 ===
  OMP: t₀=12.542992, UB=39.648804, gap=6.84e-01, x=[0, 0, 0, 0, 0, 0, 0, 0, 0, 0, 1, 0, 0, 0, 0, 0, 0, 0, 0, 0, 0, 0, 0, 0, 0, 0, 0, 0, 0, 0, 0, 0, 0, 1, 0, 0, 0, 0, 0, 0, 0, 0, 0, 0, 0, 0, 0] (0.000s)
  Sub: Z₀=40.641896 [LOCAL] (0.3s), α=[0.000,0.000,0.000,0.000,0.000,0.000,0.000,0.000,0.000,0.000,2.423,0.000,0.000,0.000,0.000,0.000,0.000,0.000,0.000,0.000,0.000,0.000,4.413,0.000,0.659,0.000,0.000,0.000,2.703,0.000,0.000,0.000,0.000,0.000,0.000,0.000,0.051,0.000,0.000,0.000,0.000,0.000,0.000,0.000,0.000,0.000,0.000]
  Iter 12: LB=12.542992  UB=39.648804  gap=6.84e-01
  Cut: intercept=-1092.797709, π_x_range=[-829.9232, 581.3397]
  Mini-Benders[1] (mw): LB=12.911229, Z₀(α*)=21.401052, intercept=-78.420455 (0.407s) [OMP=0.360 ISP-L=0.005 ISP-F=0.014 MW-L=0.008 MW-F=0.013]
  Mini-Benders[2] (mw): LB=13.837967, Z₀(α*)=15.013011, intercept=-36.364635 (0.421s) [OMP=0.379 ISP-L=0.005 ISP-F=0.013 MW-L=0.020 MW-F=0.011]
  Mini-Benders[3] (mw): LB=14.589170, Z₀(α*)=28.021983, intercept=4.860169 (0.422s) [OMP=0.368 ISP-L=0.005 ISP-F=0.013 MW-L=0.009 MW-F=0.015]
  Mini-Benders[4] (mw): LB=14.666695, Z₀(α*)=15.013011, intercept=-36.364634 (0.407s) [OMP=0.368 ISP-L=0.004 ISP-F=0.013 MW-L=0.008 MW-F=0.011]
  Mini-Benders[5] (mw): LB=15.013009, Z₀(α*)=15.013011, intercept=-36.364634 (0.390s) [OMP=0.358 ISP-L=0.004 ISP-F=0.013 MW-L=0.008 MW-F=0.011]
  α-step: Z₀=43.541992, α=[0.000,0.000,0.000,0.000,0.000,0.000,0.000,0.000,0.000,0.000,0.000,0.000,0.000,0.000,0.000,0.000,0.000,0.000,0.000,0.000,0.000,0.000,0.000,0.000,1.484,0.000,0.000,0.000,1.473,0.000,0.000,0.000,0.000,0.000,0.000,0.000,7.292,0.000,0.000,0.000,0.000,0.000,0.000,0.000,0.000,0.000,0.000]
  Alt-Benders[1] (mw): LB=15.013009, Z₀(α*)=43.731044, intercept=2.654991 (0.438s) [OMP=0.386 ISP-L=0.005 ISP-F=0.013 MW-L=0.009 MW-F=0.026]
  Alt-Benders[2] (mw): LB=15.403961, Z₀(α*)=41.183237, intercept=-5.913131 (0.421s) [OMP=0.390 ISP-L=0.005 ISP-F=0.013 MW-L=0.009 MW-F=0.013]
  Alt-Benders[3] (mw): LB=15.446234, Z₀(α*)=42.211162, intercept=6.909941 (0.422s) [OMP=0.378 ISP-L=0.005 ISP-F=0.013 MW-L=0.009 MW-F=0.011]
  Alt-Benders[4] (mw): LB=16.085330, Z₀(α*)=14.881319, intercept=-31.735461 (0.422s) [OMP=0.370 ISP-L=0.005 ISP-F=0.012 MW-L=0.009 MW-F=0.016]
  Alt-Benders[5] (mw): LB=16.085330, Z₀(α*)=14.881319, intercept=-31.735461 (0.422s) [OMP=0.375 ISP-L=0.005 ISP-F=0.012 MW-L=0.009 MW-F=0.016]
  OMP re-solve: 0.372s

=== True-DRO Benders iter 13 ===
  OMP: t₀=16.085330, UB=39.648804, gap=5.94e-01, x=[0, 0, 0, 0, 0, 0, 0, 0, 0, 0, 0, 0, 0, 0, 0, 0, 0, 0, 0, 0, 0, 0, 1, 0, 0, 0, 1, 0, 0, 0, 0, 0, 0, 0, 0, 0, 0, 0, 0, 0, 0, 0, 0, 0, 0, 0, 0] (0.000s)
  Sub: Z₀=38.556459 [LOCAL] (0.6s), α=[0.000,0.000,0.000,0.000,0.000,0.000,0.000,0.000,0.000,0.000,0.000,0.000,0.000,0.000,0.000,0.000,0.000,0.000,0.000,0.000,0.000,0.000,2.203,0.000,8.046,0.000,0.000,0.000,0.000,0.000,0.000,0.000,0.000,0.000,0.000,0.000,0.000,0.000,0.000,0.000,0.000,0.000,0.000,0.000,0.000,0.000,0.000]
  Iter 13: LB=16.085330  UB=39.648804  gap=5.94e-01
  Cut: intercept=-1126.463471, π_x_range=[-830.2621, 584.6744]
  Mini-Benders[1] (mw): LB=16.175443, Z₀(α*)=29.996548, intercept=-130.689341 (0.421s) [OMP=0.366 ISP-L=0.005 ISP-F=0.014 MW-L=0.008 MW-F=0.028]
  Mini-Benders[2] (mw): LB=16.204242, Z₀(α*)=35.170294, intercept=-71.837935 (0.438s) [OMP=0.404 ISP-L=0.005 ISP-F=0.014 MW-L=0.009 MW-F=0.013]
  Mini-Benders[3] (mw): LB=16.613849, Z₀(α*)=22.552184, intercept=-92.520032 (0.437s) [OMP=0.389 ISP-L=0.005 ISP-F=0.013 MW-L=0.009 MW-F=0.009]
  Mini-Benders[4] (mw): LB=16.723894, Z₀(α*)=39.268898, intercept=-8.175321 (0.422s) [OMP=0.395 ISP-L=0.005 ISP-F=0.013 MW-L=0.009 MW-F=0.011]
  Mini-Benders[5] (mw): LB=17.497316, Z₀(α*)=37.436212, intercept=-69.594196 (0.485s) [OMP=0.435 ISP-L=0.005 ISP-F=0.014 MW-L=0.008 MW-F=0.011]
  α-step: Z₀=39.960086, α=[0.000,0.000,0.000,0.000,0.000,0.000,0.000,0.000,0.000,0.000,0.000,0.000,0.000,0.000,0.000,0.000,0.000,0.000,0.000,0.000,0.000,0.000,5.204,0.000,0.000,0.000,0.000,0.000,5.046,0.000,0.000,0.000,0.000,0.000,0.000,0.000,0.000,0.000,0.000,0.000,0.000,0.000,0.000,0.000,0.000,0.000,0.000]
  Alt-Benders[1] (mw): LB=17.812322, Z₀(α*)=40.879274, intercept=21.248044 (0.485s) [OMP=0.427 ISP-L=0.003 ISP-F=0.013 MW-L=0.007 MW-F=0.024]
  Alt-Benders[2] (mw): LB=18.113974, Z₀(α*)=1.905136, intercept=13.159489 (0.453s) [OMP=0.416 ISP-L=0.005 ISP-F=0.012 MW-L=0.009 MW-F=0.012]
  Alt-Benders[3] (mw): LB=18.113974, Z₀(α*)=1.905136, intercept=13.159489 (0.391s) [OMP=0.357 ISP-L=0.005 ISP-F=0.012 MW-L=0.008 MW-F=0.012]
  Alt-Benders[4] (mw): LB=18.113974, Z₀(α*)=1.905136, intercept=13.159489 (0.390s) [OMP=0.358 ISP-L=0.005 ISP-F=0.012 MW-L=0.009 MW-F=0.012]
  Alt-Benders[5]: LB stagnated, break
  OMP re-solve: 0.000s

=== True-DRO Benders iter 14 ===
  OMP: t₀=18.113974, UB=39.648804, gap=5.43e-01, x=[0, 0, 0, 0, 0, 0, 0, 0, 0, 0, 0, 0, 0, 0, 0, 0, 0, 0, 0, 0, 0, 0, 0, 0, 1, 0, 0, 0, 0, 0, 0, 0, 0, 1, 0, 0, 0, 0, 0, 0, 0, 0, 0, 0, 0, 0, 0] (0.000s)
  Sub: Z₀=42.902447 [LOCAL] (0.2s), α=[0.000,0.000,0.000,0.000,0.000,0.000,0.000,0.000,0.000,0.000,0.000,0.000,0.000,0.000,0.000,0.000,0.000,0.000,0.000,0.000,0.000,0.000,0.000,0.000,8.730,0.000,0.000,0.000,0.907,0.000,0.000,0.000,0.000,0.000,0.000,0.060,0.552,0.000,0.000,0.000,0.000,0.000,0.000,0.000,0.000,0.000,0.000]
  Iter 14: LB=18.113974  UB=39.648804  gap=5.43e-01
  Cut: intercept=-1111.153840, π_x_range=[-831.1315, 581.1278]
  Mini-Benders[1] (mw): LB=18.578128, Z₀(α*)=24.108711, intercept=-164.762754 (0.469s) [OMP=0.419 ISP-L=0.005 ISP-F=0.013 MW-L=0.010 MW-F=0.013]
  Mini-Benders[2] (mw): LB=18.806495, Z₀(α*)=43.921157, intercept=-0.301462 (0.484s) [OMP=0.426 ISP-L=0.005 ISP-F=0.013 MW-L=0.021 MW-F=0.013]
  Mini-Benders[3] (mw): LB=19.320330, Z₀(α*)=45.252659, intercept=45.252658 (0.453s) [OMP=0.423 ISP-L=0.005 ISP-F=0.014 MW-L=0.008 MW-F=0.014]
  Mini-Benders[4] (mw): LB=19.604448, Z₀(α*)=37.118118, intercept=-106.642253 (0.453s) [OMP=0.419 ISP-L=0.003 ISP-F=0.013 MW-L=0.007 MW-F=0.011]
  Mini-Benders[5] (mw): LB=19.762061, Z₀(α*)=36.975292, intercept=-59.693165 (0.453s) [OMP=0.408 ISP-L=0.005 ISP-F=0.014 MW-L=0.009 MW-F=0.012]
  α-step: Z₀=38.477064, α=[0.000,0.000,0.000,0.000,0.000,0.000,0.000,0.000,0.000,0.000,0.000,0.000,0.000,0.000,0.000,0.000,0.000,0.000,0.000,0.000,0.000,0.000,0.000,0.000,6.145,0.000,0.000,0.000,2.744,0.000,0.000,0.000,0.000,0.000,0.000,0.794,0.566,0.000,0.000,0.000,0.000,0.000,0.000,0.000,0.000,0.000,0.000]
  Alt-Benders[1] (mw): LB=20.182796, Z₀(α*)=37.733185, intercept=-15.216976 (0.500s) [OMP=0.462 ISP-L=0.005 ISP-F=0.012 MW-L=0.008 MW-F=0.012]
  Alt-Benders[2] (mw): LB=20.672356, Z₀(α*)=32.159951, intercept=-263.054177 (0.515s) [OMP=0.451 ISP-L=0.005 ISP-F=0.013 MW-L=0.023 MW-F=0.012]
  Alt-Benders[3] (mw): LB=20.694134, Z₀(α*)=41.944893, intercept=-39.256144 (0.500s) [OMP=0.469 ISP-L=0.005 ISP-F=0.014 MW-L=0.009 MW-F=0.014]
  Alt-Benders[4] (mw): LB=20.965309, Z₀(α*)=41.387825, intercept=-42.975812 (0.469s) [OMP=0.418 ISP-L=0.005 ISP-F=0.012 MW-L=0.009 MW-F=0.013]
  Alt-Benders[5] (mw): LB=21.149256, Z₀(α*)=38.691812, intercept=14.352421 (0.469s) [OMP=0.432 ISP-L=0.005 ISP-F=0.012 MW-L=0.009 MW-F=0.011]
  OMP re-solve: 0.437s

=== True-DRO Benders iter 15 ===
  OMP: t₀=21.346543, UB=39.648804, gap=4.62e-01, x=[0, 0, 0, 0, 0, 0, 0, 0, 0, 0, 0, 0, 0, 0, 1, 0, 0, 0, 0, 0, 0, 0, 0, 0, 0, 0, 0, 0, 0, 1, 0, 0, 0, 0, 0, 0, 0, 0, 0, 0, 0, 0, 0, 0, 0, 0, 0] (0.000s)
  Sub: Z₀=45.136145 [TIME_LIMIT] (15.1s), α=[0.000,0.000,0.000,0.000,0.000,0.000,0.000,0.000,0.000,0.000,0.000,0.000,0.000,0.000,0.000,0.000,0.000,0.000,0.000,0.000,0.000,0.000,0.000,0.000,2.785,0.000,0.000,0.483,4.595,0.000,0.000,0.000,0.000,0.000,0.000,0.119,2.267,0.000,0.000,0.000,0.000,0.000,0.000,0.000,0.000,0.000,0.000]
  Iter 15: LB=21.346543  UB=39.648804  gap=4.62e-01
  Cut: intercept=-74.521763, π_x_range=[-202.1999, 119.6579]
  Mini-Benders[1] (mw): LB=21.401050, Z₀(α*)=39.379925, intercept=-31.084552 (0.485s) [OMP=0.434 ISP-L=0.005 ISP-F=0.013 MW-L=0.009 MW-F=0.012]
  Mini-Benders[2] (mw): LB=21.718836, Z₀(α*)=30.367591, intercept=-144.894904 (0.500s) [OMP=0.444 ISP-L=0.005 ISP-F=0.013 MW-L=0.022 MW-F=0.014]
  Mini-Benders[3] (mw): LB=21.835717, Z₀(α*)=33.709365, intercept=-99.886242 (0.453s) [OMP=0.426 ISP-L=0.005 ISP-F=0.011 MW-L=0.010 MW-F=0.012]
  Mini-Benders[4] (mw): LB=22.002839, Z₀(α*)=10.114464, intercept=-114.279753 (0.469s) [OMP=0.421 ISP-L=0.005 ISP-F=0.013 MW-L=0.009 MW-F=0.013]
  Mini-Benders[5] (mw): LB=22.002839, Z₀(α*)=10.114464, intercept=-114.279753 (0.437s) [OMP=0.394 ISP-L=0.005 ISP-F=0.013 MW-L=0.009 MW-F=0.013]
  α-step: Z₀=40.534513, α=[0.000,0.000,0.000,0.000,0.000,0.000,0.000,0.000,0.000,0.000,0.000,0.000,0.000,0.000,0.000,0.000,0.000,0.000,0.000,0.000,0.000,0.000,3.915,0.000,0.000,0.000,0.000,0.000,6.335,0.000,0.000,0.000,0.000,0.000,0.000,0.000,0.000,0.000,0.000,0.000,0.000,0.000,0.000,0.000,0.000,0.000,0.000]
  Alt-Benders[1] (mw): LB=22.334112, Z₀(α*)=37.841871, intercept=-107.350326 (0.484s) [OMP=0.434 ISP-L=0.005 ISP-F=0.011 MW-L=0.009 MW-F=0.028]
  Alt-Benders[2] (mw): LB=22.552182, Z₀(α*)=34.575319, intercept=-87.023831 (0.484s) [OMP=0.445 ISP-L=0.005 ISP-F=0.013 MW-L=0.009 MW-F=0.012]
  Alt-Benders[3] (mw): LB=22.860121, Z₀(α*)=36.172480, intercept=-22.778490 (0.500s) [OMP=0.461 ISP-L=0.005 ISP-F=0.012 MW-L=0.009 MW-F=0.013]
  Alt-Benders[4] (mw): LB=23.915288, Z₀(α*)=42.327530, intercept=11.297600 (0.516s) [OMP=0.465 ISP-L=0.005 ISP-F=0.012 MW-L=0.008 MW-F=0.025]
  Alt-Benders[5] (mw): LB=24.070771, Z₀(α*)=43.182606, intercept=9.626228 (0.515s) [OMP=0.471 ISP-L=0.005 ISP-F=0.013 MW-L=0.009 MW-F=0.011]
  OMP re-solve: 0.462s

=== True-DRO Benders iter 16 ===
  OMP: t₀=24.108709, UB=39.648804, gap=3.92e-01, x=[0, 0, 0, 0, 0, 0, 0, 0, 0, 0, 1, 0, 0, 0, 0, 0, 0, 0, 0, 0, 0, 0, 0, 0, 0, 0, 0, 0, 0, 0, 0, 0, 0, 0, 0, 1, 0, 0, 0, 0, 0, 0, 0, 0, 0, 0, 0] (0.000s)
  Sub: Z₀=41.423763 [LOCAL] (0.3s), α=[0.000,0.000,0.000,0.000,0.000,0.000,0.000,0.000,0.000,0.000,0.000,0.000,0.000,0.000,0.000,0.000,0.000,0.000,0.000,0.000,0.000,0.000,4.451,0.000,0.000,0.000,0.000,0.000,5.747,0.000,0.000,0.000,0.000,0.000,0.000,0.047,0.004,0.000,0.000,0.000,0.000,0.000,0.000,0.000,0.000,0.000,0.000]
  Iter 16: LB=24.108709  UB=39.648804  gap=3.92e-01
  Cut: intercept=-1104.298578, π_x_range=[-829.0919, 593.0131]
  Mini-Benders[1] (mw): LB=24.253576, Z₀(α*)=42.364233, intercept=37.333570 (0.516s) [OMP=0.448 ISP-L=0.005 ISP-F=0.014 MW-L=0.008 MW-F=0.038]
  Mini-Benders[2] (mw): LB=24.319714, Z₀(α*)=24.195091, intercept=-3.921915 (0.531s) [OMP=0.485 ISP-L=0.005 ISP-F=0.014 MW-L=0.009 MW-F=0.012]
  Mini-Benders[3] (mw): LB=24.319714, Z₀(α*)=24.195091, intercept=-3.921915 (0.484s) [OMP=0.450 ISP-L=0.005 ISP-F=0.014 MW-L=0.009 MW-F=0.012]
  Mini-Benders[4] (mw): LB=24.319714, Z₀(α*)=24.195091, intercept=-3.921915 (0.500s) [OMP=0.455 ISP-L=0.005 ISP-F=0.014 MW-L=0.009 MW-F=0.012]
  Mini-Benders[5]: LB stagnated, break
  α-step: Z₀=44.027987, α=[0.000,0.000,0.000,0.000,0.000,0.000,0.000,0.000,0.000,0.000,0.000,0.000,0.000,0.000,0.000,0.000,0.000,0.000,0.000,0.000,0.000,0.000,0.000,0.000,1.204,0.000,0.000,0.000,2.744,0.000,0.000,0.754,0.000,0.000,0.000,5.547,0.000,0.000,0.000,0.000,0.000,0.000,0.000,0.000,0.000,0.000,0.000]
  Alt-Benders[1] (mw): LB=24.339219, Z₀(α*)=4.488701, intercept=-65.153962 (0.516s) [OMP=0.465 ISP-L=0.005 ISP-F=0.011 MW-L=0.008 MW-F=0.013]
  Alt-Benders[2] (mw): LB=24.339219, Z₀(α*)=4.488701, intercept=-65.153962 (0.453s) [OMP=0.400 ISP-L=0.005 ISP-F=0.011 MW-L=0.008 MW-F=0.027]
  Alt-Benders[3] (mw): LB=24.339219, Z₀(α*)=4.488701, intercept=-65.153962 (0.438s) [OMP=0.397 ISP-L=0.005 ISP-F=0.011 MW-L=0.008 MW-F=0.013]
  Alt-Benders[4]: LB stagnated, break
  OMP re-solve: 0.000s

=== True-DRO Benders iter 17 ===
  OMP: t₀=24.339219, UB=39.648804, gap=3.86e-01, x=[0, 0, 0, 0, 0, 0, 0, 0, 0, 0, 0, 0, 0, 0, 0, 0, 0, 0, 0, 0, 0, 0, 0, 0, 1, 0, 0, 1, 0, 0, 0, 0, 0, 0, 0, 0, 0, 0, 0, 0, 0, 0, 0, 0, 0, 0, 0] (0.000s)
  Sub: Z₀=37.022717 [LOCAL] (0.3s), α=[0.000,0.000,0.000,0.000,0.000,0.000,0.000,0.000,0.000,0.000,0.000,0.000,0.000,0.000,0.000,0.000,0.000,0.000,0.000,0.000,0.000,0.000,0.000,0.000,8.119,0.000,0.000,0.000,2.130,0.000,0.000,0.000,0.000,0.000,0.000,0.000,0.000,0.000,0.000,0.000,0.000,0.000,0.000,0.000,0.000,0.000,0.000]
  Iter 17: LB=24.339219  UB=39.648804  gap=3.86e-01
  Cut: intercept=-1144.283669, π_x_range=[-827.9761, 596.1167]
  Mini-Benders[1] (mw): LB=24.378611, Z₀(α*)=42.741131, intercept=35.869579 (0.547s) [OMP=0.498 ISP-L=0.005 ISP-F=0.013 MW-L=0.008 MW-F=0.015]
  Mini-Benders[2] (mw): LB=25.718674, Z₀(α*)=35.441620, intercept=-147.288511 (0.547s) [OMP=0.498 ISP-L=0.005 ISP-F=0.013 MW-L=0.009 MW-F=0.013]
  Mini-Benders[3] (mw): LB=25.807915, Z₀(α*)=42.840351, intercept=1.092606 (0.516s) [OMP=0.488 ISP-L=0.005 ISP-F=0.013 MW-L=0.009 MW-F=0.012]
  Mini-Benders[4] (mw): LB=26.017520, Z₀(α*)=38.392372, intercept=-63.988453 (0.531s) [OMP=0.472 ISP-L=0.005 ISP-F=0.013 MW-L=0.022 MW-F=0.013]
  Mini-Benders[5] (mw): LB=26.098044, Z₀(α*)=42.738235, intercept=4.264490 (0.516s) [OMP=0.453 ISP-L=0.005 ISP-F=0.013 MW-L=0.010 MW-F=0.027]
  α-step: Z₀=34.285492, α=[0.000,0.000,0.000,0.000,0.000,0.000,0.000,0.000,0.000,0.000,0.000,0.000,0.000,0.000,0.000,0.000,0.000,0.000,0.000,0.000,0.000,0.000,0.000,0.000,2.929,0.000,0.000,0.000,7.163,0.000,0.000,0.000,0.000,0.000,0.000,0.000,0.157,0.000,0.000,0.000,0.000,0.000,0.000,0.000,0.000,0.000,0.000]
  Alt-Benders[1] (mw): LB=26.191264, Z₀(α*)=39.155664, intercept=14.979783 (0.438s) [OMP=0.391 ISP-L=0.005 ISP-F=0.012 MW-L=0.009 MW-F=0.013]
  Alt-Benders[2] (mw): LB=26.312122, Z₀(α*)=36.249795, intercept=-24.221384 (0.421s) [OMP=0.379 ISP-L=0.005 ISP-F=0.013 MW-L=0.010 MW-F=0.011]
  Alt-Benders[3] (mw): LB=26.883428, Z₀(α*)=38.917960, intercept=-29.852392 (0.422s) [OMP=0.400 ISP-L=0.005 ISP-F=0.011 MW-L=0.008 MW-F=0.010]
  Alt-Benders[4] (mw): LB=26.997893, Z₀(α*)=28.460957, intercept=-76.165876 (0.500s) [OMP=0.439 ISP-L=0.005 ISP-F=0.012 MW-L=0.022 MW-F=0.014]
  Alt-Benders[5] (mw): LB=27.361962, Z₀(α*)=43.023759, intercept=19.218342 (0.453s) [OMP=0.404 ISP-L=0.005 ISP-F=0.012 MW-L=0.008 MW-F=0.025]
  OMP re-solve: 0.403s

=== True-DRO Benders iter 18 ===
  OMP: t₀=27.647147, UB=39.648804, gap=3.03e-01, x=[0, 0, 0, 0, 0, 0, 0, 0, 0, 0, 0, 0, 0, 0, 0, 0, 0, 0, 0, 0, 0, 0, 0, 0, 1, 0, 0, 0, 0, 1, 0, 0, 0, 0, 0, 0, 0, 0, 0, 0, 0, 0, 0, 0, 0, 0, 0] (0.000s)
  Sub: Z₀=39.832463 [LOCAL] (0.3s), α=[0.000,0.000,0.000,0.000,0.000,0.000,0.000,0.000,0.000,0.000,0.000,0.000,0.000,0.000,0.000,0.000,0.000,0.000,0.000,0.000,0.000,0.000,0.000,0.000,7.197,0.000,0.000,0.010,2.884,0.000,0.000,0.000,0.000,0.000,0.000,0.000,0.157,0.000,0.000,0.000,0.000,0.000,0.000,0.000,0.000,0.000,0.000]
  Iter 18: LB=27.647147  UB=39.648804  gap=3.03e-01
  Cut: intercept=-1113.137675, π_x_range=[-830.6767, 581.4569]
  Mini-Benders[1] (mw): LB=27.708639, Z₀(α*)=35.589005, intercept=-56.142446 (0.453s) [OMP=0.409 ISP-L=0.005 ISP-F=0.013 MW-L=0.009 MW-F=0.014]
  Mini-Benders[2] (mw): LB=28.021981, Z₀(α*)=39.473788, intercept=29.493477 (0.500s) [OMP=0.458 ISP-L=0.005 ISP-F=0.013 MW-L=0.009 MW-F=0.011]
  Mini-Benders[3] (mw): LB=28.460955, Z₀(α*)=33.727982, intercept=-78.647522 (0.562s) [OMP=0.516 ISP-L=0.005 ISP-F=0.012 MW-L=0.009 MW-F=0.016]
  Mini-Benders[4] (mw): LB=28.578710, Z₀(α*)=30.468669, intercept=-97.126292 (0.500s) [OMP=0.446 ISP-L=0.005 ISP-F=0.014 MW-L=0.021 MW-F=0.015]
  Mini-Benders[5] (mw): LB=28.679960, Z₀(α*)=29.130446, intercept=-43.995840 (0.485s) [OMP=0.437 ISP-L=0.005 ISP-F=0.013 MW-L=0.009 MW-F=0.012]
  α-step: Z₀=38.233377, α=[0.000,0.000,0.000,0.000,0.000,0.000,0.000,0.000,0.000,0.000,0.000,0.000,0.000,0.000,0.000,0.000,0.000,0.000,0.000,0.000,0.000,0.000,8.011,0.000,1.484,0.000,0.000,0.000,0.000,0.000,0.000,0.754,0.000,0.000,0.000,0.000,0.000,0.000,0.000,0.000,0.000,0.000,0.000,0.000,0.000,0.000,0.000]
  Alt-Benders[1] (mw): LB=29.130444, Z₀(α*)=40.885631, intercept=-43.024806 (0.562s) [OMP=0.507 ISP-L=0.005 ISP-F=0.011 MW-L=0.009 MW-F=0.031]
  Alt-Benders[2] (mw): LB=29.180091, Z₀(α*)=-11.813340, intercept=-137.202488 (0.500s) [OMP=0.451 ISP-L=0.005 ISP-F=0.011 MW-L=0.008 MW-F=0.011]
  Alt-Benders[3] (mw): LB=29.180091, Z₀(α*)=-11.813340, intercept=-137.202488 (0.422s) [OMP=0.389 ISP-L=0.004 ISP-F=0.011 MW-L=0.008 MW-F=0.011]
  Alt-Benders[4] (mw): LB=29.180091, Z₀(α*)=-11.813340, intercept=-137.202488 (0.453s) [OMP=0.398 ISP-L=0.004 ISP-F=0.011 MW-L=0.021 MW-F=0.011]
  Alt-Benders[5]: LB stagnated, break
  OMP re-solve: 0.000s

=== True-DRO Benders iter 19 ===
  OMP: t₀=29.180091, UB=39.648804, gap=2.64e-01, x=[0, 0, 0, 0, 0, 0, 0, 0, 0, 0, 0, 0, 0, 0, 0, 0, 0, 0, 0, 0, 0, 0, 0, 0, 0, 0, 0, 1, 0, 1, 0, 0, 0, 0, 0, 0, 0, 0, 0, 0, 0, 0, 0, 0, 0, 0, 0] (0.000s)
  Sub: Z₀=36.095789 [LOCAL] (0.3s), α=[0.000,0.000,0.000,0.000,0.000,0.000,0.000,0.000,0.000,0.000,0.000,0.000,0.000,0.000,0.000,0.000,0.000,0.000,0.000,0.000,0.000,0.000,0.000,0.000,0.000,0.000,0.000,0.890,6.968,0.000,0.000,0.000,0.000,0.000,0.000,0.405,1.986,0.000,0.000,0.000,0.000,0.000,0.000,0.000,0.000,0.000,0.000]
  Iter 19: LB=29.180091  UB=39.648804  gap=2.64e-01
  Cut: intercept=-1127.354060, π_x_range=[-831.6253, 593.2469]
  Mini-Benders[1] (mw): LB=29.283240, Z₀(α*)=23.298758, intercept=-123.878975 (0.531s) [OMP=0.479 ISP-L=0.005 ISP-F=0.013 MW-L=0.009 MW-F=0.014]
  Mini-Benders[2] (mw): LB=29.283240, Z₀(α*)=23.298758, intercept=-123.878975 (0.516s) [OMP=0.482 ISP-L=0.005 ISP-F=0.013 MW-L=0.009 MW-F=0.014]
  Mini-Benders[3] (mw): LB=29.283240, Z₀(α*)=23.298758, intercept=-123.878975 (0.531s) [OMP=0.481 ISP-L=0.005 ISP-F=0.013 MW-L=0.009 MW-F=0.014]
  Mini-Benders[4]: LB stagnated, break
  α-step: Z₀=41.808850, α=[0.000,0.000,0.000,0.000,0.000,0.000,0.000,0.000,0.000,0.000,0.000,0.000,0.000,0.000,0.000,0.000,0.000,0.000,0.000,0.000,0.000,0.000,0.000,0.000,0.000,0.801,0.000,0.000,2.089,2.516,0.000,1.652,0.000,0.000,0.000,0.000,3.192,0.000,0.000,0.000,0.000,0.000,0.000,0.000,0.000,0.000,0.000]
  Alt-Benders[1] (mw): LB=29.410031, Z₀(α*)=-10.240855, intercept=-84.684602 (0.516s) [OMP=0.474 ISP-L=0.005 ISP-F=0.012 MW-L=0.009 MW-F=0.015]
  Alt-Benders[2] (mw): LB=29.410031, Z₀(α*)=-10.240855, intercept=-84.684602 (0.422s) [OMP=0.393 ISP-L=0.005 ISP-F=0.011 MW-L=0.009 MW-F=0.014]
  Alt-Benders[3] (mw): LB=29.410031, Z₀(α*)=-10.240855, intercept=-84.684602 (0.438s) [OMP=0.388 ISP-L=0.005 ISP-F=0.012 MW-L=0.009 MW-F=0.015]
  Alt-Benders[4]: LB stagnated, break
  OMP re-solve: 0.000s

=== True-DRO Benders iter 20 ===
  OMP: t₀=29.410031, UB=39.648804, gap=2.58e-01, x=[0, 0, 0, 0, 0, 0, 0, 0, 0, 0, 1, 0, 0, 0, 0, 0, 0, 0, 0, 0, 0, 0, 1, 0, 0, 0, 0, 0, 0, 0, 0, 0, 0, 0, 0, 0, 0, 0, 0, 0, 0, 0, 0, 0, 0, 0, 0] (0.000s)
  Sub: Z₀=39.890654 (1.3s), α=[0.000,0.000,0.000,0.000,0.000,0.000,0.000,0.000,0.000,0.000,0.000,0.000,0.000,0.000,0.000,0.000,0.000,0.000,0.000,0.000,0.000,0.000,4.451,0.000,0.000,0.000,0.000,0.000,5.798,0.000,0.000,0.000,0.000,0.000,0.000,0.000,0.000,0.000,0.000,0.000,0.000,0.000,0.000,0.000,0.000,0.000,0.000]
  Iter 20: LB=29.410031  UB=39.648804  gap=2.58e-01
  Cut: intercept=-197.357456, π_x_range=[-265.0000, 168.7646]
  Sherali-Cut: intercept=-71.836247, π_x_range=[-93.9655, 61.5475]
  Mini-Benders[1] (mw): LB=29.469527, Z₀(α*)=43.611234, intercept=-4.068701 (0.484s) [OMP=0.426 ISP-L=0.005 ISP-F=0.013 MW-L=0.020 MW-F=0.029]
  Mini-Benders[2] (mw): LB=29.594016, Z₀(α*)=40.258946, intercept=-96.616467 (0.469s) [OMP=0.398 ISP-L=0.005 ISP-F=0.014 MW-L=0.009 MW-F=0.033]
  Mini-Benders[3] (mw): LB=29.714916, Z₀(α*)=45.269171, intercept=30.451582 (0.469s) [OMP=0.437 ISP-L=0.005 ISP-F=0.013 MW-L=0.009 MW-F=0.010]
  Mini-Benders[4] (mw): LB=29.752019, Z₀(α*)=40.526701, intercept=21.207317 (0.468s) [OMP=0.407 ISP-L=0.005 ISP-F=0.014 MW-L=0.008 MW-F=0.026]
  Mini-Benders[5] (mw): LB=29.996546, Z₀(α*)=30.344326, intercept=-17.922319 (0.407s) [OMP=0.363 ISP-L=0.005 ISP-F=0.014 MW-L=0.009 MW-F=0.011]
  α-step: Z₀=32.245278, α=[0.000,0.000,0.000,0.000,0.000,0.000,0.000,0.000,0.000,0.000,0.000,0.000,0.000,0.000,0.000,0.000,0.000,0.000,0.000,0.000,0.000,0.000,0.000,0.000,0.000,0.000,0.000,0.760,9.489,0.000,0.000,0.000,0.000,0.000,0.000,0.000,0.000,0.000,0.000,0.000,0.000,0.000,0.000,0.000,0.000,0.000,0.000]
  Alt-Benders[1] (mw): LB=30.309549, Z₀(α*)=26.400854, intercept=-20.576198 (0.453s) [OMP=0.398 ISP-L=0.005 ISP-F=0.013 MW-L=0.021 MW-F=0.012]
  Alt-Benders[2] (mw): LB=30.309549, Z₀(α*)=26.400854, intercept=-20.576198 (0.407s) [OMP=0.374 ISP-L=0.005 ISP-F=0.013 MW-L=0.008 MW-F=0.012]
  Alt-Benders[3] (mw): LB=30.309549, Z₀(α*)=26.400854, intercept=-20.576198 (0.421s) [OMP=0.373 ISP-L=0.005 ISP-F=0.013 MW-L=0.008 MW-F=0.012]
  Alt-Benders[4]: LB stagnated, break
  OMP re-solve: 0.000s

=== True-DRO Benders iter 21 ===
  OMP: t₀=30.309549, UB=39.648804, gap=2.36e-01, x=[0, 0, 0, 0, 0, 0, 0, 0, 0, 0, 0, 0, 0, 0, 0, 0, 0, 0, 0, 0, 0, 0, 1, 0, 0, 0, 0, 0, 0, 0, 0, 0, 0, 0, 0, 1, 0, 0, 0, 0, 0, 0, 0, 0, 0, 0, 0] (0.000s)
  Sub: Z₀=42.709426 [LOCAL] (0.4s), α=[0.000,0.000,0.000,0.000,0.000,0.000,0.000,0.000,0.000,0.000,0.000,0.000,0.000,0.000,0.000,0.000,0.000,0.000,0.000,0.000,0.000,0.000,0.000,0.000,0.601,0.000,0.000,0.000,1.862,0.000,0.000,0.000,0.000,0.000,0.000,3.253,4.533,0.000,0.000,0.000,0.000,0.000,0.000,0.000,0.000,0.000,0.000]
  Iter 21: LB=30.309549  UB=39.648804  gap=2.36e-01
  Cut: intercept=-1134.675403, π_x_range=[-830.9456, 592.6163]
  Mini-Benders[1] (mw): LB=30.344324, Z₀(α*)=42.752223, intercept=-22.663934 (0.484s) [OMP=0.424 ISP-L=0.005 ISP-F=0.013 MW-L=0.009 MW-F=0.025]
  Mini-Benders[2] (mw): LB=30.468667, Z₀(α*)=37.851950, intercept=-86.782898 (0.422s) [OMP=0.380 ISP-L=0.005 ISP-F=0.013 MW-L=0.009 MW-F=0.015]
  Mini-Benders[3] (mw): LB=30.826593, Z₀(α*)=40.358808, intercept=-34.382785 (0.438s) [OMP=0.387 ISP-L=0.005 ISP-F=0.015 MW-L=0.009 MW-F=0.013]
  Mini-Benders[4] (mw): LB=30.905947, Z₀(α*)=42.555358, intercept=-9.990580 (0.437s) [OMP=0.393 ISP-L=0.005 ISP-F=0.012 MW-L=0.008 MW-F=0.013]
  Mini-Benders[5] (mw): LB=31.109391, Z₀(α*)=43.013463, intercept=26.228388 (0.453s) [OMP=0.420 ISP-L=0.002 ISP-F=0.014 MW-L=0.006 MW-F=0.015]
  α-step: Z₀=41.897568, α=[0.000,0.000,0.000,0.000,0.000,0.000,0.000,0.000,0.000,0.000,0.000,0.000,0.000,0.000,0.000,0.000,0.000,0.000,0.000,0.000,0.000,0.000,0.000,0.000,2.530,0.000,0.000,0.000,2.744,0.000,0.000,0.000,0.000,0.000,0.000,0.000,4.975,0.000,0.000,0.000,0.000,0.000,0.000,0.000,0.000,0.000,0.000]
  Alt-Benders[1] (mw): LB=31.498378, Z₀(α*)=30.445182, intercept=-1.789747 (0.438s) [OMP=0.399 ISP-L=0.005 ISP-F=0.013 MW-L=0.009 MW-F=0.013]
  Alt-Benders[2] (mw): LB=31.498378, Z₀(α*)=30.445182, intercept=-1.789747 (0.437s) [OMP=0.377 ISP-L=0.005 ISP-F=0.014 MW-L=0.009 MW-F=0.027]
  Alt-Benders[3] (mw): LB=31.498378, Z₀(α*)=30.445182, intercept=-1.789747 (0.422s) [OMP=0.373 ISP-L=0.005 ISP-F=0.014 MW-L=0.009 MW-F=0.015]
  Alt-Benders[4]: LB stagnated, break
  OMP re-solve: 0.000s

=== True-DRO Benders iter 22 ===
  OMP: t₀=31.498378, UB=39.648804, gap=2.06e-01, x=[0, 0, 0, 0, 0, 0, 0, 0, 0, 0, 0, 0, 0, 0, 0, 0, 0, 0, 0, 0, 0, 0, 1, 0, 1, 0, 0, 0, 0, 0, 0, 0, 0, 0, 0, 0, 0, 0, 0, 0, 0, 0, 0, 0, 0, 0, 0] (0.000s)
  Sub: Z₀=38.875998 [LOCAL] (0.4s), α=[0.000,0.000,0.000,0.000,0.000,0.000,0.000,0.000,0.000,0.000,0.000,0.000,0.000,0.000,0.000,0.000,0.000,0.000,0.000,0.000,0.000,0.000,0.000,0.000,9.699,0.000,0.000,0.000,0.393,0.000,0.000,0.000,0.000,0.000,0.000,0.000,0.157,0.000,0.000,0.000,0.000,0.000,0.000,0.000,0.000,0.000,0.000]
  Iter 22: LB=31.498378  UB=39.648804  gap=2.06e-01
  Cut: intercept=-1133.323440, π_x_range=[-830.8853, 589.1369]
  Mini-Benders[1] (mw): LB=31.862353, Z₀(α*)=27.840780, intercept=-46.436771 (0.453s) [OMP=0.419 ISP-L=0.005 ISP-F=0.014 MW-L=0.009 MW-F=0.009]
  Mini-Benders[2] (mw): LB=31.862353, Z₀(α*)=27.840780, intercept=-46.436771 (0.437s) [OMP=0.401 ISP-L=0.005 ISP-F=0.014 MW-L=0.009 MW-F=0.010]
  Mini-Benders[3] (mw): LB=31.862353, Z₀(α*)=27.840780, intercept=-46.436771 (0.438s) [OMP=0.406 ISP-L=0.005 ISP-F=0.014 MW-L=0.009 MW-F=0.010]
  Mini-Benders[4]: LB stagnated, break
  α-step: Z₀=38.012409, α=[0.000,0.000,0.000,0.000,0.000,0.000,0.000,0.000,0.000,0.000,0.000,0.000,0.000,0.000,0.000,0.000,0.000,0.000,0.000,0.000,0.000,0.000,8.250,0.000,1.245,0.000,0.000,0.000,0.000,0.000,0.000,0.754,0.000,0.000,0.000,0.000,0.000,0.000,0.000,0.000,0.000,0.000,0.000,0.000,0.000,0.000,0.000]
  Alt-Benders[1] (mw): LB=31.865224, Z₀(α*)=42.352084, intercept=27.024003 (0.500s) [OMP=0.464 ISP-L=0.005 ISP-F=0.012 MW-L=0.008 MW-F=0.013]
  Alt-Benders[2] (mw): LB=31.872890, Z₀(α*)=16.622461, intercept=3.496507 (0.453s) [OMP=0.415 ISP-L=0.005 ISP-F=0.012 MW-L=0.008 MW-F=0.014]
  Alt-Benders[3] (mw): LB=31.872890, Z₀(α*)=16.622461, intercept=3.496507 (0.407s) [OMP=0.363 ISP-L=0.005 ISP-F=0.012 MW-L=0.008 MW-F=0.014]
  Alt-Benders[4] (mw): LB=31.872890, Z₀(α*)=16.622461, intercept=3.496507 (0.390s) [OMP=0.348 ISP-L=0.005 ISP-F=0.012 MW-L=0.008 MW-F=0.013]
  Alt-Benders[5]: LB stagnated, break
  OMP re-solve: 0.000s

=== True-DRO Benders iter 23 ===
  OMP: t₀=31.872890, UB=39.648804, gap=1.96e-01, x=[0, 0, 0, 0, 0, 0, 0, 0, 0, 0, 0, 0, 0, 1, 0, 0, 0, 0, 0, 0, 0, 0, 0, 0, 1, 0, 0, 0, 0, 0, 0, 0, 0, 0, 0, 0, 0, 0, 0, 0, 0, 0, 0, 0, 0, 0, 0] (0.000s)
  Sub: Z₀=43.078105 [LOCAL] (0.3s), α=[0.000,0.000,0.000,0.000,0.000,0.000,0.000,0.000,0.000,0.000,0.000,0.000,0.000,0.000,0.000,0.000,0.000,0.000,0.000,0.000,0.000,0.000,0.000,0.000,8.276,0.000,0.000,0.000,1.815,0.000,0.000,0.000,0.000,0.000,0.000,0.000,0.157,0.000,0.000,0.000,0.000,0.000,0.000,0.000,0.000,0.000,0.000]
  Iter 23: LB=31.872890  UB=39.648804  gap=1.96e-01
  Cut: intercept=-1133.377144, π_x_range=[-830.5229, 593.4285]
  Mini-Benders[1] (mw): LB=31.900781, Z₀(α*)=39.865532, intercept=-23.262919 (0.407s) [OMP=0.358 ISP-L=0.005 ISP-F=0.013 MW-L=0.009 MW-F=0.026]
  Mini-Benders[2] (mw): LB=32.006927, Z₀(α*)=38.801768, intercept=-2.748610 (0.437s) [OMP=0.395 ISP-L=0.005 ISP-F=0.014 MW-L=0.010 MW-F=0.014]
  Mini-Benders[3] (mw): LB=32.159949, Z₀(α*)=36.356265, intercept=-116.406501 (0.422s) [OMP=0.373 ISP-L=0.005 ISP-F=0.013 MW-L=0.009 MW-F=0.012]
  Mini-Benders[4] (mw): LB=32.199081, Z₀(α*)=34.823273, intercept=-135.707533 (0.422s) [OMP=0.383 ISP-L=0.005 ISP-F=0.013 MW-L=0.010 MW-F=0.013]
  Mini-Benders[5] (mw): LB=32.245278, Z₀(α*)=27.985374, intercept=-108.203118 (0.422s) [OMP=0.382 ISP-L=0.005 ISP-F=0.012 MW-L=0.008 MW-F=0.012]
  α-step: Z₀=35.033658, α=[0.000,0.000,0.000,0.000,0.000,0.000,0.000,0.000,0.000,0.000,0.000,0.000,0.000,0.000,0.000,0.000,0.000,0.000,0.000,0.000,0.000,0.000,0.000,0.000,0.000,0.000,0.000,0.000,10.249,0.000,0.000,0.000,0.000,0.000,0.000,0.000,0.000,0.000,0.000,0.000,0.000,0.000,0.000,0.000,0.000,0.000,0.000]
  Alt-Benders[1] (mw): LB=32.436883, Z₀(α*)=8.548449, intercept=40.060353 (0.469s) [OMP=0.411 ISP-L=0.005 ISP-F=0.014 MW-L=0.023 MW-F=0.014]
  Alt-Benders[2] (mw): LB=32.436883, Z₀(α*)=8.548449, intercept=40.060353 (0.469s) [OMP=0.415 ISP-L=0.005 ISP-F=0.014 MW-L=0.010 MW-F=0.014]
  Alt-Benders[3] (mw): LB=32.436883, Z₀(α*)=8.548449, intercept=40.060353 (0.453s) [OMP=0.418 ISP-L=0.005 ISP-F=0.014 MW-L=0.010 MW-F=0.014]
  Alt-Benders[4]: LB stagnated, break
  OMP re-solve: 0.000s

=== True-DRO Benders iter 24 ===
  OMP: t₀=32.436883, UB=39.648804, gap=1.82e-01, x=[0, 0, 0, 0, 0, 0, 0, 0, 0, 0, 0, 1, 0, 0, 0, 0, 0, 0, 0, 0, 0, 0, 0, 0, 0, 0, 0, 0, 0, 0, 0, 0, 0, 1, 0, 0, 0, 0, 0, 0, 0, 0, 0, 0, 0, 0, 0] (0.000s)
  Sub: Z₀=45.579512 [LOCAL] (0.2s), α=[0.000,0.000,0.000,0.000,0.000,0.000,0.000,0.000,0.000,0.000,0.000,0.000,0.000,0.000,0.000,0.000,0.000,0.000,0.000,0.000,0.000,0.000,0.000,0.000,5.790,0.000,0.000,0.000,0.907,0.000,0.000,0.000,0.000,0.000,0.299,0.868,2.385,0.000,0.000,0.000,0.000,0.000,0.000,0.000,0.000,0.000,0.000]
  Iter 24: LB=32.436883  UB=39.648804  gap=1.82e-01
  Cut: intercept=-1108.920243, π_x_range=[-831.1003, 584.2205]
  Mini-Benders[1] (mw): LB=32.531561, Z₀(α*)=21.033227, intercept=-62.374963 (0.438s) [OMP=0.402 ISP-L=0.005 ISP-F=0.014 MW-L=0.010 MW-F=0.012]
  Mini-Benders[2] (mw): LB=32.531561, Z₀(α*)=21.033227, intercept=-62.374963 (0.437s) [OMP=0.386 ISP-L=0.005 ISP-F=0.014 MW-L=0.010 MW-F=0.012]
  Mini-Benders[3] (mw): LB=32.531561, Z₀(α*)=21.033227, intercept=-62.374963 (0.438s) [OMP=0.389 ISP-L=0.005 ISP-F=0.014 MW-L=0.021 MW-F=0.012]
  Mini-Benders[4]: LB stagnated, break
  α-step: Z₀=39.713911, α=[0.000,0.000,0.000,0.000,0.000,0.000,0.000,0.000,0.000,0.000,0.000,0.000,0.000,0.000,0.000,0.000,0.000,0.000,0.000,0.000,0.000,0.000,0.000,0.000,0.000,0.000,0.000,0.000,5.071,0.000,3.674,0.000,0.000,0.000,0.000,0.000,1.504,0.000,0.000,0.000,0.000,0.000,0.000,0.000,0.000,0.000,0.000]
  Alt-Benders[1] (mw): LB=32.755310, Z₀(α*)=14.391893, intercept=-124.160317 (0.469s) [OMP=0.420 ISP-L=0.005 ISP-F=0.013 MW-L=0.009 MW-F=0.016]
  Alt-Benders[2] (mw): LB=32.755310, Z₀(α*)=14.391893, intercept=-124.160317 (0.468s) [OMP=0.428 ISP-L=0.005 ISP-F=0.012 MW-L=0.009 MW-F=0.015]
  Alt-Benders[3] (mw): LB=32.755310, Z₀(α*)=14.391893, intercept=-124.160317 (0.469s) [OMP=0.428 ISP-L=0.005 ISP-F=0.012 MW-L=0.009 MW-F=0.015]
  Alt-Benders[4]: LB stagnated, break
  OMP re-solve: 0.000s

=== True-DRO Benders iter 25 ===
  OMP: t₀=32.755310, UB=39.648804, gap=1.74e-01, x=[0, 0, 0, 0, 0, 0, 0, 0, 0, 0, 1, 0, 0, 0, 0, 0, 0, 0, 0, 0, 0, 0, 0, 0, 0, 1, 0, 0, 0, 0, 0, 0, 0, 0, 0, 0, 0, 0, 0, 0, 0, 0, 0, 0, 0, 0, 0] (0.000s)
  Sub: Z₀=41.117791 (3.2s), α=[0.000,0.000,0.000,0.000,0.000,0.000,0.000,0.000,0.000,0.000,0.000,0.000,0.000,0.000,0.000,0.000,0.000,0.000,0.000,0.000,0.000,0.000,3.915,0.000,0.000,0.000,0.000,0.000,6.335,0.000,0.000,0.000,0.000,0.000,0.000,0.000,0.000,0.000,0.000,0.000,0.000,0.000,0.000,0.000,0.000,0.000,0.000]
  Iter 25: LB=32.755310  UB=39.648804  gap=1.74e-01
  Cut: intercept=-212.904265, π_x_range=[-309.0000, 200.6252]
  Sherali-Cut: intercept=-18.426443, π_x_range=[-141.6090, 37.7537]
  Mini-Benders[1] (mw): LB=32.838423, Z₀(α*)=31.406974, intercept=-85.426566 (0.422s) [OMP=0.379 ISP-L=0.005 ISP-F=0.011 MW-L=0.008 MW-F=0.011]
  Mini-Benders[2] (mw): LB=32.838423, Z₀(α*)=31.406974, intercept=-85.426566 (0.421s) [OMP=0.387 ISP-L=0.005 ISP-F=0.010 MW-L=0.008 MW-F=0.011]
  Mini-Benders[3] (mw): LB=32.838423, Z₀(α*)=31.406974, intercept=-85.426566 (0.422s) [OMP=0.388 ISP-L=0.005 ISP-F=0.010 MW-L=0.008 MW-F=0.010]
  Mini-Benders[4]: LB stagnated, break
  α-step: Z₀=36.084642, α=[0.000,0.000,0.000,0.000,0.000,0.000,0.000,0.000,0.000,0.000,0.000,0.000,0.000,0.000,0.000,0.000,0.000,0.000,0.000,0.000,0.000,0.000,0.000,0.000,0.000,0.000,0.000,0.000,5.071,0.000,1.367,0.000,0.000,0.000,0.000,0.000,3.811,0.000,0.000,0.000,0.000,0.000,0.000,0.000,0.000,0.000,0.000]
  Alt-Benders[1] (mw): LB=32.859260, Z₀(α*)=19.103400, intercept=-141.206275 (0.454s) [OMP=0.415 ISP-L=0.005 ISP-F=0.012 MW-L=0.008 MW-F=0.024]
  Alt-Benders[2] (mw): LB=32.859260, Z₀(α*)=19.103400, intercept=-141.206275 (0.437s) [OMP=0.390 ISP-L=0.005 ISP-F=0.012 MW-L=0.008 MW-F=0.013]
  Alt-Benders[3] (mw): LB=32.859260, Z₀(α*)=19.103400, intercept=-141.206275 (0.422s) [OMP=0.375 ISP-L=0.005 ISP-F=0.013 MW-L=0.008 MW-F=0.014]
  Alt-Benders[4]: LB stagnated, break
  OMP re-solve: 0.001s

=== True-DRO Benders iter 26 ===
  OMP: t₀=32.859260, UB=39.648804, gap=1.71e-01, x=[0, 0, 0, 0, 0, 0, 0, 0, 0, 0, 1, 0, 0, 0, 0, 0, 0, 0, 0, 0, 0, 0, 0, 0, 0, 0, 0, 1, 0, 0, 0, 0, 0, 0, 0, 0, 0, 0, 0, 0, 0, 0, 0, 0, 0, 0, 0] (0.001s)
  Sub: Z₀=37.252233 [LOCAL] (0.2s), α=[0.000,0.000,0.000,0.000,0.000,0.000,0.000,0.000,0.000,0.000,0.000,0.000,0.000,0.000,0.000,0.000,0.000,0.000,0.000,0.000,0.000,0.000,0.000,0.000,0.758,0.000,0.000,0.000,9.491,0.000,0.000,0.000,0.000,0.000,0.000,0.000,0.000,0.000,0.000,0.000,0.000,0.000,0.000,0.000,0.000,0.000,0.000]
  Iter 26: LB=32.859260  UB=39.648804  gap=1.71e-01
  Cut: intercept=-1095.099015, π_x_range=[-818.8696, 585.1430]
  Mini-Benders[1] (mw): LB=32.944286, Z₀(α*)=8.227811, intercept=-28.253256 (0.453s) [OMP=0.407 ISP-L=0.005 ISP-F=0.013 MW-L=0.010 MW-F=0.014]
  Mini-Benders[2] (mw): LB=32.944286, Z₀(α*)=8.227811, intercept=-28.253256 (0.469s) [OMP=0.418 ISP-L=0.005 ISP-F=0.013 MW-L=0.010 MW-F=0.014]
  Mini-Benders[3] (mw): LB=32.944286, Z₀(α*)=8.227811, intercept=-28.253256 (0.468s) [OMP=0.420 ISP-L=0.005 ISP-F=0.012 MW-L=0.011 MW-F=0.028]
  Mini-Benders[4]: LB stagnated, break
  α-step: Z₀=43.072192, α=[0.000,0.000,0.000,0.000,0.000,0.000,0.000,0.000,0.000,0.000,0.000,0.000,0.000,0.000,0.000,0.000,0.000,0.000,0.000,0.000,0.000,0.000,0.000,0.000,1.025,0.100,0.000,0.000,2.744,0.000,0.000,0.000,0.000,0.000,3.052,0.000,3.328,0.000,0.000,0.000,0.000,0.000,0.000,0.000,0.000,0.000,0.000]
  Alt-Benders[1] (mw): LB=33.228978, Z₀(α*)=43.500649, intercept=29.033856 (0.469s) [OMP=0.413 ISP-L=0.005 ISP-F=0.013 MW-L=0.009 MW-F=0.026]
  Alt-Benders[2] (mw): LB=33.443167, Z₀(α*)=43.533944, intercept=39.911820 (0.437s) [OMP=0.398 ISP-L=0.005 ISP-F=0.013 MW-L=0.008 MW-F=0.013]
  Alt-Benders[3] (mw): LB=33.578262, Z₀(α*)=2.946790, intercept=-53.798542 (0.563s) [OMP=0.517 ISP-L=0.005 ISP-F=0.012 MW-L=0.009 MW-F=0.014]
  Alt-Benders[4] (mw): LB=33.578262, Z₀(α*)=2.946790, intercept=-53.798542 (0.469s) [OMP=0.431 ISP-L=0.005 ISP-F=0.013 MW-L=0.009 MW-F=0.014]
  Alt-Benders[5] (mw): LB=33.578262, Z₀(α*)=2.946790, intercept=-53.798542 (0.484s) [OMP=0.429 ISP-L=0.005 ISP-F=0.012 MW-L=0.021 MW-F=0.014]
  OMP re-solve: 0.420s

=== True-DRO Benders iter 27 ===
  OMP: t₀=33.578262, UB=39.648804, gap=1.53e-01, x=[0, 0, 0, 0, 0, 0, 0, 0, 0, 0, 0, 0, 0, 0, 0, 0, 0, 0, 0, 0, 0, 0, 0, 0, 1, 1, 0, 0, 0, 0, 0, 0, 0, 0, 0, 0, 0, 0, 0, 0, 0, 0, 0, 0, 0, 0, 0] (0.001s)
  Sub: Z₀=40.843470 [LOCAL] (0.5s), α=[0.000,0.000,0.000,0.000,0.000,0.000,0.000,0.000,0.000,0.000,0.000,0.000,0.000,0.000,0.000,0.000,0.000,0.000,0.000,0.000,0.000,0.000,0.000,0.000,8.237,1.105,0.000,0.000,0.907,0.000,0.000,0.000,0.000,0.000,0.000,0.000,0.000,0.000,0.000,0.000,0.000,0.000,0.000,0.000,0.000,0.000,0.000]
  Iter 27: LB=33.578262  UB=39.648804  gap=1.53e-01
  Cut: intercept=-1135.914289, π_x_range=[-830.8056, 592.1396]
  Mini-Benders[1] (mw): LB=33.719704, Z₀(α*)=28.165454, intercept=-101.354292 (0.484s) [OMP=0.431 ISP-L=0.005 ISP-F=0.015 MW-L=0.008 MW-F=0.013]
  Mini-Benders[2] (mw): LB=33.719704, Z₀(α*)=28.165454, intercept=-101.354292 (0.485s) [OMP=0.443 ISP-L=0.005 ISP-F=0.015 MW-L=0.008 MW-F=0.013]
  Mini-Benders[3] (mw): LB=33.719704, Z₀(α*)=28.165454, intercept=-101.354292 (0.468s) [OMP=0.432 ISP-L=0.005 ISP-F=0.015 MW-L=0.008 MW-F=0.013]
  Mini-Benders[4]: LB stagnated, break
  α-step: Z₀=41.837262, α=[0.000,0.000,0.000,0.000,0.000,0.000,0.000,0.000,0.000,0.000,0.000,0.000,0.000,0.000,0.000,0.000,0.000,0.000,0.000,0.000,0.000,0.000,0.000,0.000,5.491,0.000,0.000,0.000,3.135,0.000,1.624,0.000,0.000,0.000,0.000,0.000,0.000,0.000,0.000,0.000,0.000,0.000,0.000,0.000,0.000,0.000,0.000]
  Alt-Benders[1] (mw): LB=33.727980, Z₀(α*)=29.524695, intercept=-102.258100 (0.500s) [OMP=0.436 ISP-L=0.005 ISP-F=0.012 MW-L=0.022 MW-F=0.015]
  Alt-Benders[2] (mw): LB=33.727980, Z₀(α*)=29.524695, intercept=-102.258100 (0.453s) [OMP=0.419 ISP-L=0.005 ISP-F=0.012 MW-L=0.009 MW-F=0.015]
  Alt-Benders[3] (mw): LB=33.727980, Z₀(α*)=29.524695, intercept=-102.258100 (0.453s) [OMP=0.414 ISP-L=0.005 ISP-F=0.012 MW-L=0.009 MW-F=0.015]
  Alt-Benders[4]: LB stagnated, break
  OMP re-solve: 0.001s

=== True-DRO Benders iter 28 ===
  OMP: t₀=33.727980, UB=39.648804, gap=1.49e-01, x=[0, 0, 0, 0, 0, 0, 0, 0, 0, 0, 0, 0, 0, 0, 0, 0, 0, 0, 0, 0, 0, 0, 0, 1, 0, 0, 0, 0, 0, 0, 0, 0, 0, 0, 0, 0, 1, 0, 0, 0, 0, 0, 0, 0, 0, 0, 0] (0.000s)
  Sub: Z₀=41.264865 [LOCAL] (0.2s), α=[0.000,0.000,0.000,0.000,0.000,0.000,0.000,0.000,0.000,0.000,0.000,0.000,0.000,0.000,0.000,0.000,0.000,0.000,0.000,0.000,0.000,0.000,0.000,0.000,1.532,0.000,0.000,0.000,0.000,0.000,0.000,0.000,0.000,0.000,0.000,0.003,8.714,0.000,0.000,0.000,0.000,0.000,0.000,0.000,0.000,0.000,0.000]
  Iter 28: LB=33.727980  UB=39.648804  gap=1.49e-01
  Cut: intercept=-1132.064185, π_x_range=[-827.7819, 595.5552]
  Mini-Benders[1] (mw): LB=34.052468, Z₀(α*)=20.158325, intercept=-46.677753 (0.500s) [OMP=0.459 ISP-L=0.005 ISP-F=0.012 MW-L=0.009 MW-F=0.014]
  Mini-Benders[2] (mw): LB=34.052468, Z₀(α*)=20.158325, intercept=-46.677753 (0.469s) [OMP=0.438 ISP-L=0.005 ISP-F=0.012 MW-L=0.009 MW-F=0.014]
  Mini-Benders[3] (mw): LB=34.052468, Z₀(α*)=20.158325, intercept=-46.677753 (0.500s) [OMP=0.439 ISP-L=0.005 ISP-F=0.012 MW-L=0.021 MW-F=0.014]
  Mini-Benders[4]: LB stagnated, break
  α-step: Z₀=38.018163, α=[0.000,0.000,0.000,0.000,0.000,0.000,0.000,0.000,0.000,0.000,0.000,0.000,0.000,0.000,0.000,0.000,0.000,0.000,0.000,0.000,0.000,0.000,0.000,0.000,6.800,0.000,0.000,0.000,0.000,0.000,0.000,0.000,0.000,0.000,0.000,0.000,3.449,0.000,0.000,0.000,0.000,0.000,0.000,0.000,0.000,0.000,0.000]
  Alt-Benders[1] (mw): LB=34.112297, Z₀(α*)=-4.776163, intercept=-143.152336 (0.500s) [OMP=0.454 ISP-L=0.005 ISP-F=0.012 MW-L=0.009 MW-F=0.012]
  Alt-Benders[2] (mw): LB=34.112297, Z₀(α*)=-4.776163, intercept=-143.152336 (0.454s) [OMP=0.418 ISP-L=0.005 ISP-F=0.012 MW-L=0.009 MW-F=0.012]
  Alt-Benders[3] (mw): LB=34.112297, Z₀(α*)=-4.776163, intercept=-143.152336 (0.453s) [OMP=0.413 ISP-L=0.005 ISP-F=0.012 MW-L=0.009 MW-F=0.012]
  Alt-Benders[4]: LB stagnated, break
  OMP re-solve: 0.001s

=== True-DRO Benders iter 29 ===
  OMP: t₀=34.112297, UB=39.648804, gap=1.40e-01, x=[0, 0, 0, 0, 0, 0, 0, 0, 0, 0, 1, 0, 0, 0, 0, 0, 0, 0, 0, 0, 0, 0, 0, 0, 0, 0, 0, 0, 0, 1, 0, 0, 0, 0, 0, 0, 0, 0, 0, 0, 0, 0, 0, 0, 0, 0, 0] (0.001s)
  Sub: Z₀=43.005587 [LOCAL] (0.4s), α=[0.000,0.000,0.000,0.000,0.000,0.000,0.000,0.000,0.000,0.000,0.000,0.000,0.000,0.000,0.000,0.000,0.000,0.000,0.000,0.000,0.000,0.000,3.012,0.000,0.000,0.000,0.000,0.000,6.335,0.000,0.000,0.000,0.000,0.000,0.000,0.199,0.703,0.000,0.000,0.000,0.000,0.000,0.000,0.000,0.000,0.000,0.000]
  Iter 29: LB=34.112297  UB=39.648804  gap=1.40e-01
  Cut: intercept=-1089.367035, π_x_range=[-824.5511, 576.5771]
  Mini-Benders[1] (mw): LB=34.226157, Z₀(α*)=27.092710, intercept=-57.545845 (0.484s) [OMP=0.428 ISP-L=0.005 ISP-F=0.013 MW-L=0.021 MW-F=0.016]
  Mini-Benders[2] (mw): LB=34.226157, Z₀(α*)=27.092710, intercept=-57.545845 (0.469s) [OMP=0.434 ISP-L=0.005 ISP-F=0.013 MW-L=0.008 MW-F=0.016]
  Mini-Benders[3] (mw): LB=34.226157, Z₀(α*)=27.092710, intercept=-57.545845 (0.469s) [OMP=0.422 ISP-L=0.005 ISP-F=0.013 MW-L=0.008 MW-F=0.015]
  Mini-Benders[4]: LB stagnated, break
  α-step: Z₀=38.835957, α=[0.000,0.000,0.000,0.000,0.000,0.000,0.000,0.000,0.000,0.000,0.000,0.000,0.000,0.000,0.000,0.000,0.000,0.000,0.000,0.000,0.000,0.000,0.000,0.000,6.509,0.000,0.000,0.000,0.583,0.000,0.000,0.000,0.000,0.000,0.000,0.000,3.157,0.000,0.000,0.000,0.000,0.000,0.000,0.000,0.000,0.000,0.000]
  Alt-Benders[1] (mw): LB=34.381532, Z₀(α*)=39.302287, intercept=-7.919192 (0.469s) [OMP=0.431 ISP-L=0.005 ISP-F=0.011 MW-L=0.009 MW-F=0.015]
  Alt-Benders[2] (mw): LB=34.382527, Z₀(α*)=18.496075, intercept=-177.578337 (0.515s) [OMP=0.458 ISP-L=0.005 ISP-F=0.012 MW-L=0.009 MW-F=0.027]
  Alt-Benders[3] (mw): LB=34.382527, Z₀(α*)=18.496075, intercept=-177.578337 (0.485s) [OMP=0.443 ISP-L=0.005 ISP-F=0.013 MW-L=0.010 MW-F=0.015]
  Alt-Benders[4] (mw): LB=34.382527, Z₀(α*)=18.496075, intercept=-177.578337 (0.500s) [OMP=0.449 ISP-L=0.005 ISP-F=0.012 MW-L=0.009 MW-F=0.014]
  Alt-Benders[5]: LB stagnated, break
  OMP re-solve: 0.001s

=== True-DRO Benders iter 30 ===
  OMP: t₀=34.382527, UB=39.648804, gap=1.33e-01, x=[0, 0, 0, 0, 0, 0, 0, 0, 0, 0, 1, 0, 0, 0, 0, 0, 0, 0, 0, 0, 0, 0, 0, 0, 0, 0, 1, 0, 0, 0, 0, 0, 0, 0, 0, 0, 0, 0, 0, 0, 0, 0, 0, 0, 0, 0, 0] (0.001s)
  Sub: Z₀=39.855413 (2.0s), α=[0.000,0.000,0.000,0.000,0.000,0.000,0.000,0.000,0.000,0.000,0.000,0.000,0.000,0.000,0.000,0.000,0.000,0.000,0.000,0.000,0.000,0.000,2.465,0.000,1.721,0.000,0.000,0.000,6.064,0.000,0.000,0.000,0.000,0.000,0.000,0.000,0.000,0.000,0.000,0.000,0.000,0.000,0.000,0.000,0.000,0.000,0.000]
  Iter 30: LB=34.382527  UB=39.648804  gap=1.33e-01
  Cut: intercept=-167.232276, π_x_range=[-179.1558, 171.7337]
  Sherali-Cut: intercept=-107.639999, π_x_range=[-132.3211, 118.9848]
  Mini-Benders[1] (mw): LB=34.403992, Z₀(α*)=40.247764, intercept=3.050759 (0.484s) [OMP=0.449 ISP-L=0.005 ISP-F=0.014 MW-L=0.009 MW-F=0.013]
  Mini-Benders[2] (mw): LB=34.490003, Z₀(α*)=32.160852, intercept=-97.862250 (0.484s) [OMP=0.433 ISP-L=0.005 ISP-F=0.011 MW-L=0.022 MW-F=0.014]
  Mini-Benders[3] (mw): LB=34.490003, Z₀(α*)=32.160852, intercept=-97.862250 (0.454s) [OMP=0.404 ISP-L=0.005 ISP-F=0.011 MW-L=0.008 MW-F=0.014]
  Mini-Benders[4] (mw): LB=34.490003, Z₀(α*)=32.160852, intercept=-97.862250 (0.437s) [OMP=0.407 ISP-L=0.005 ISP-F=0.011 MW-L=0.008 MW-F=0.014]
  Mini-Benders[5]: LB stagnated, break
  α-step: Z₀=34.664052, α=[0.000,0.000,0.000,0.000,0.000,0.000,0.000,0.000,0.000,0.000,0.000,0.000,0.000,0.000,0.000,0.000,0.000,0.000,0.000,0.000,0.000,0.000,0.000,0.168,1.834,1.706,0.000,0.000,5.239,0.000,0.000,0.000,0.000,0.000,1.302,0.000,0.000,0.000,0.000,0.000,0.000,0.000,0.000,0.000,0.000,0.000,0.000]
  Alt-Benders[1] (mw): LB=34.575317, Z₀(α*)=28.329607, intercept=-24.341337 (0.500s) [OMP=0.459 ISP-L=0.005 ISP-F=0.014 MW-L=0.010 MW-F=0.013]
  Alt-Benders[2] (mw): LB=34.575317, Z₀(α*)=28.329607, intercept=-24.341337 (0.500s) [OMP=0.455 ISP-L=0.006 ISP-F=0.014 MW-L=0.010 MW-F=0.013]
  Alt-Benders[3] (mw): LB=34.575317, Z₀(α*)=28.329607, intercept=-24.341337 (0.532s) [OMP=0.460 ISP-L=0.006 ISP-F=0.014 MW-L=0.033 MW-F=0.016]
  Alt-Benders[4]: LB stagnated, break
  OMP re-solve: 0.001s

=== True-DRO Benders iter 31 ===
  OMP: t₀=34.575317, UB=39.648804, gap=1.28e-01, x=[0, 0, 0, 0, 0, 0, 0, 0, 0, 0, 0, 0, 0, 0, 0, 0, 0, 0, 0, 0, 0, 0, 0, 0, 0, 0, 0, 0, 0, 1, 0, 0, 0, 0, 0, 0, 1, 0, 0, 0, 0, 0, 0, 0, 0, 0, 0] (0.001s)
  Sub: Z₀=40.470084 [LOCAL] (0.3s), α=[0.000,0.000,0.000,0.000,0.000,0.000,0.000,0.000,0.000,0.000,0.000,0.000,0.000,0.000,0.000,0.000,0.000,0.000,0.000,0.000,0.000,0.000,0.000,0.000,0.000,0.000,0.000,0.000,1.731,0.000,0.000,0.000,0.000,0.000,0.000,0.000,8.518,0.000,0.000,0.000,0.000,0.000,0.000,0.000,0.000,0.000,0.000]
  Iter 31: LB=34.575317  UB=39.648804  gap=1.28e-01
  Cut: intercept=-1115.629800, π_x_range=[-831.3480, 588.2526]
  Mini-Benders[1] (mw): LB=34.631901, Z₀(α*)=29.615224, intercept=-163.602490 (0.500s) [OMP=0.464 ISP-L=0.005 ISP-F=0.014 MW-L=0.010 MW-F=0.012]
  Mini-Benders[2] (mw): LB=34.631901, Z₀(α*)=29.615224, intercept=-163.602490 (0.469s) [OMP=0.424 ISP-L=0.005 ISP-F=0.014 MW-L=0.008 MW-F=0.012]
  Mini-Benders[3] (mw): LB=34.631901, Z₀(α*)=29.615224, intercept=-163.602490 (0.469s) [OMP=0.430 ISP-L=0.005 ISP-F=0.014 MW-L=0.009 MW-F=0.011]
  Mini-Benders[4]: LB stagnated, break
  α-step: Z₀=42.052627, α=[0.000,0.000,0.000,0.000,0.000,0.000,0.000,0.000,0.000,0.000,0.000,0.000,0.000,0.000,0.000,0.000,0.000,0.000,0.000,0.000,0.000,0.000,3.915,0.000,0.000,0.000,0.000,0.000,6.335,0.000,0.000,0.000,0.000,0.000,0.000,0.000,0.000,0.000,0.000,0.000,0.000,0.000,0.000,0.000,0.000,0.000,0.000]
  Alt-Benders[1] (mw): LB=34.637142, Z₀(α*)=33.167082, intercept=-61.134394 (0.515s) [OMP=0.459 ISP-L=0.005 ISP-F=0.013 MW-L=0.030 MW-F=0.014]
  Alt-Benders[2] (mw): LB=34.637142, Z₀(α*)=33.167082, intercept=-61.134394 (0.485s) [OMP=0.435 ISP-L=0.005 ISP-F=0.013 MW-L=0.013 MW-F=0.013]
  Alt-Benders[3] (mw): LB=34.637142, Z₀(α*)=33.167082, intercept=-61.134394 (0.468s) [OMP=0.433 ISP-L=0.005 ISP-F=0.014 MW-L=0.011 MW-F=0.013]
  Alt-Benders[4]: LB stagnated, break
  OMP re-solve: 0.001s

=== True-DRO Benders iter 32 ===
  OMP: t₀=34.637142, UB=39.648804, gap=1.26e-01, x=[0, 0, 0, 0, 0, 0, 0, 0, 0, 0, 0, 0, 0, 0, 0, 0, 0, 0, 0, 0, 0, 0, 0, 1, 0, 0, 0, 1, 0, 0, 0, 0, 0, 0, 0, 0, 0, 0, 0, 0, 0, 0, 0, 0, 0, 0, 0] (0.001s)
  Sub: Z₀=35.603099 [LOCAL] (0.3s), α=[0.000,0.000,0.000,0.000,0.000,0.000,0.000,0.000,0.000,0.000,0.000,0.000,0.000,0.000,0.000,0.000,0.000,0.000,0.000,0.000,0.000,0.000,0.000,0.000,2.787,0.000,0.000,0.000,5.071,0.000,0.000,0.000,0.000,0.000,0.000,0.250,2.141,0.000,0.000,0.000,0.000,0.000,0.000,0.000,0.000,0.000,0.000]
  Iter 32: LB=34.637142  UB=39.648804  gap=1.26e-01
  Cut: intercept=-1132.829486, π_x_range=[-827.5313, 585.3661]
  Mini-Benders[1] (mw): LB=34.664052, Z₀(α*)=34.906496, intercept=-38.780490 (0.516s) [OMP=0.467 ISP-L=0.006 ISP-F=0.015 MW-L=0.010 MW-F=0.016]
  Mini-Benders[2] (mw): LB=34.768305, Z₀(α*)=46.816012, intercept=46.838721 (0.500s) [OMP=0.432 ISP-L=0.005 ISP-F=0.013 MW-L=0.013 MW-F=0.030]
  Mini-Benders[3] (mw): LB=34.823271, Z₀(α*)=35.646877, intercept=-144.894235 (0.562s) [OMP=0.515 ISP-L=0.006 ISP-F=0.015 MW-L=0.011 MW-F=0.015]
  Mini-Benders[4] (mw): LB=34.906494, Z₀(α*)=34.906496, intercept=-38.780490 (0.625s) [OMP=0.583 ISP-L=0.005 ISP-F=0.015 MW-L=0.009 MW-F=0.013]
  Mini-Benders[5] (mw): LB=34.906494, Z₀(α*)=34.906496, intercept=-38.780490 (0.594s) [OMP=0.539 ISP-L=0.005 ISP-F=0.015 MW-L=0.009 MW-F=0.013]
  α-step: Z₀=35.218885, α=[0.000,0.000,0.000,0.000,0.000,0.000,0.000,0.000,0.000,0.000,0.000,0.000,0.000,0.000,0.000,0.000,0.000,0.000,0.000,0.000,0.000,0.000,1.600,0.000,0.000,0.000,0.000,0.000,6.671,0.000,0.000,0.000,0.000,0.000,0.000,0.000,1.978,0.000,0.000,0.000,0.000,0.000,0.000,0.000,0.000,0.000,0.000]
  Alt-Benders[1] (mw): LB=34.958629, Z₀(α*)=37.469725, intercept=-69.061428 (0.641s) [OMP=0.592 ISP-L=0.005 ISP-F=0.013 MW-L=0.010 MW-F=0.013]
  Alt-Benders[2] (mw): LB=35.033658, Z₀(α*)=24.197613, intercept=-160.049068 (0.547s) [OMP=0.504 ISP-L=0.005 ISP-F=0.011 MW-L=0.008 MW-F=0.031]
  Alt-Benders[3] (mw): LB=35.033658, Z₀(α*)=24.197613, intercept=-160.049068 (0.547s) [OMP=0.493 ISP-L=0.005 ISP-F=0.011 MW-L=0.008 MW-F=0.018]
  Alt-Benders[4] (mw): LB=35.033658, Z₀(α*)=24.197613, intercept=-160.049068 (0.531s) [OMP=0.501 ISP-L=0.005 ISP-F=0.011 MW-L=0.008 MW-F=0.018]
  Alt-Benders[5]: LB stagnated, break
  OMP re-solve: 0.001s

=== True-DRO Benders iter 33 ===
  OMP: t₀=35.033658, UB=39.648804, gap=1.16e-01, x=[0, 0, 0, 0, 0, 0, 0, 0, 0, 0, 0, 0, 0, 0, 0, 0, 0, 0, 0, 0, 0, 0, 0, 0, 0, 0, 0, 1, 0, 0, 0, 0, 1, 0, 0, 0, 0, 0, 0, 0, 0, 0, 0, 0, 0, 0, 0] (0.001s)
  Sub: Z₀=35.442161 [LOCAL] (0.2s), α=[0.000,0.000,0.000,0.000,0.000,0.000,0.000,0.000,0.000,0.000,0.000,0.000,0.000,0.000,0.000,0.000,0.000,0.000,0.000,0.000,0.000,0.000,0.000,0.000,0.000,0.000,0.000,0.000,10.249,0.000,0.000,0.000,0.000,0.000,0.000,0.000,0.000,0.000,0.000,0.000,0.000,0.000,0.000,0.000,0.000,0.000,0.000]
  Iter 33: LB=35.033658  UB=39.648804  gap=1.16e-01
  Cut: intercept=-1093.376597, π_x_range=[-824.6278, 566.2639]
  Mini-Benders[1] (mw): LB=35.110164, Z₀(α*)=26.028582, intercept=21.279198 (0.656s) [OMP=0.620 ISP-L=0.005 ISP-F=0.014 MW-L=0.010 MW-F=0.014]
  Mini-Benders[2] (mw): LB=35.110164, Z₀(α*)=26.028582, intercept=21.279198 (0.531s) [OMP=0.489 ISP-L=0.005 ISP-F=0.014 MW-L=0.010 MW-F=0.014]
  Mini-Benders[3] (mw): LB=35.110164, Z₀(α*)=26.028582, intercept=21.279198 (0.547s) [OMP=0.485 ISP-L=0.005 ISP-F=0.014 MW-L=0.010 MW-F=0.026]
  Mini-Benders[4]: LB stagnated, break
  α-step: Z₀=39.773216, α=[0.000,0.000,0.000,0.000,0.000,0.000,0.000,0.000,0.000,0.000,0.000,0.000,0.000,0.000,0.000,0.000,0.000,0.000,0.000,0.000,0.000,0.000,0.000,0.000,0.533,0.000,0.000,0.000,5.071,0.000,0.000,2.297,0.000,0.000,0.000,0.902,1.446,0.000,0.000,0.000,0.000,0.000,0.000,0.000,0.000,0.000,0.000]
  Alt-Benders[1] (mw): LB=35.137082, Z₀(α*)=37.121074, intercept=-45.915695 (0.578s) [OMP=0.526 ISP-L=0.005 ISP-F=0.012 MW-L=0.008 MW-F=0.025]
  Alt-Benders[2] (mw): LB=35.170292, Z₀(α*)=37.164327, intercept=14.934560 (0.594s) [OMP=0.551 ISP-L=0.006 ISP-F=0.014 MW-L=0.012 MW-F=0.016]
  Alt-Benders[3] (mw): LB=35.173359, Z₀(α*)=11.629357, intercept=-201.461416 (0.500s) [OMP=0.453 ISP-L=0.005 ISP-F=0.013 MW-L=0.010 MW-F=0.016]
  Alt-Benders[4] (mw): LB=35.173359, Z₀(α*)=11.629357, intercept=-201.461416 (0.500s) [OMP=0.452 ISP-L=0.005 ISP-F=0.013 MW-L=0.009 MW-F=0.016]
  Alt-Benders[5] (mw): LB=35.173359, Z₀(α*)=11.629357, intercept=-201.461416 (0.500s) [OMP=0.442 ISP-L=0.005 ISP-F=0.012 MW-L=0.010 MW-F=0.030]
  OMP re-solve: 0.447s

=== True-DRO Benders iter 34 ===
  OMP: t₀=35.173359, UB=39.648804, gap=1.13e-01, x=[0, 0, 0, 0, 0, 0, 0, 0, 0, 0, 1, 0, 0, 0, 0, 0, 0, 0, 0, 0, 0, 0, 0, 0, 1, 0, 0, 0, 0, 0, 0, 0, 0, 0, 0, 0, 0, 0, 0, 0, 0, 0, 0, 0, 0, 0, 0] (0.001s)
  Sub: Z₀=33.189175 [LOCAL] (0.2s), α=[0.000,0.000,0.000,0.000,0.000,0.000,0.000,0.000,0.000,0.000,0.353,0.000,0.000,0.000,0.000,0.000,0.000,0.000,0.000,0.000,0.000,0.000,1.586,0.000,5.371,0.000,0.000,0.000,2.939,0.000,0.000,0.000,0.000,0.000,0.000,0.000,0.000,0.000,0.000,0.000,0.000,0.000,0.000,0.000,0.000,0.000,0.000]
  Iter 34: LB=35.173359  UB=39.648804  gap=1.13e-01
  Cut: intercept=-1119.167632, π_x_range=[-827.3410, 586.7024]
  Mini-Benders[1] (mw): LB=35.173359, Z₀(α*)=37.232589, intercept=-128.831086 (0.734s) [OMP=0.681 ISP-L=0.007 ISP-F=0.014 MW-L=0.012 MW-F=0.019]
  Mini-Benders[2] (mw): LB=35.218885, Z₀(α*)=31.729202, intercept=-88.463166 (0.532s) [OMP=0.502 ISP-L=0.005 ISP-F=0.012 MW-L=0.009 MW-F=0.013]
  Mini-Benders[3] (mw): LB=35.218885, Z₀(α*)=31.729202, intercept=-88.463166 (0.516s) [OMP=0.488 ISP-L=0.005 ISP-F=0.012 MW-L=0.009 MW-F=0.012]
  Mini-Benders[4] (mw): LB=35.218885, Z₀(α*)=31.729202, intercept=-88.463166 (0.531s) [OMP=0.484 ISP-L=0.005 ISP-F=0.012 MW-L=0.009 MW-F=0.012]
  Mini-Benders[5]: LB stagnated, break
  α-step: Z₀=35.749748, α=[0.000,0.000,0.000,0.000,0.000,0.000,0.000,0.000,0.000,0.000,0.000,0.000,0.000,0.000,0.000,0.000,0.000,0.000,0.000,0.000,0.000,0.000,0.000,0.000,2.929,0.000,7.202,0.118,0.000,0.000,0.000,0.000,0.000,0.000,0.000,0.000,0.000,0.000,0.000,0.000,0.000,0.000,0.000,0.000,0.000,0.000,0.000]
  Alt-Benders[1] (mw): LB=35.243888, Z₀(α*)=7.913093, intercept=-93.417908 (0.547s) [OMP=0.501 ISP-L=0.005 ISP-F=0.013 MW-L=0.008 MW-F=0.011]
  Alt-Benders[2] (mw): LB=35.243888, Z₀(α*)=7.913093, intercept=-93.417908 (0.750s) [OMP=0.713 ISP-L=0.005 ISP-F=0.013 MW-L=0.008 MW-F=0.010]
  Alt-Benders[3] (mw): LB=35.243888, Z₀(α*)=7.913093, intercept=-93.417908 (0.625s) [OMP=0.591 ISP-L=0.005 ISP-F=0.013 MW-L=0.008 MW-F=0.010]
  Alt-Benders[4]: LB stagnated, break
  OMP re-solve: 0.001s

=== True-DRO Benders iter 35 ===
  OMP: t₀=35.243888, UB=39.648804, gap=1.11e-01, x=[0, 0, 0, 0, 0, 0, 0, 0, 0, 0, 0, 0, 0, 0, 0, 0, 0, 0, 0, 0, 0, 0, 0, 0, 0, 0, 1, 0, 0, 0, 0, 0, 0, 0, 0, 0, 1, 0, 0, 0, 0, 0, 0, 0, 0, 0, 0] (0.001s)
  Sub: Z₀=39.754209 [TIME_LIMIT] (15.1s), α=[0.000,0.000,0.000,0.000,0.000,0.000,0.000,0.000,0.000,0.000,0.000,0.000,0.000,0.000,0.000,0.000,0.000,0.000,0.000,0.000,0.000,0.000,0.000,0.000,3.642,0.000,0.000,0.048,5.023,0.000,0.000,0.000,0.000,0.000,0.000,0.000,1.536,0.000,0.000,0.000,0.000,0.000,0.000,0.000,0.000,0.000,0.000]
  Iter 35: LB=35.243888  UB=39.648804  gap=1.11e-01
  Cut: intercept=-90.984586, π_x_range=[-273.0000, 67.4656]
  Mini-Benders[1] (mw): LB=35.273781, Z₀(α*)=34.745276, intercept=-70.561298 (0.532s) [OMP=0.489 ISP-L=0.006 ISP-F=0.012 MW-L=0.011 MW-F=0.015]
  Mini-Benders[2] (mw): LB=35.273781, Z₀(α*)=34.745276, intercept=-70.561298 (0.531s) [OMP=0.467 ISP-L=0.005 ISP-F=0.012 MW-L=0.026 MW-F=0.015]
  Mini-Benders[3] (mw): LB=35.273781, Z₀(α*)=34.745276, intercept=-70.561298 (0.515s) [OMP=0.468 ISP-L=0.005 ISP-F=0.012 MW-L=0.012 MW-F=0.015]
  Mini-Benders[4]: LB stagnated, break
  α-step: Z₀=35.273784, α=[0.000,0.000,0.000,0.000,0.000,0.000,0.000,0.000,0.000,0.000,0.000,0.000,0.000,0.000,0.000,0.000,0.000,0.000,0.000,0.000,0.000,0.000,0.000,0.000,2.289,0.000,0.000,0.000,7.909,0.000,0.000,0.000,0.000,0.000,0.000,0.000,0.051,0.000,0.000,0.000,0.000,0.000,0.000,0.000,0.000,0.000,0.000]
  Alt-Benders[1] (mw): LB=35.273784, Z₀(α*)=35.273784, intercept=-91.739563 (0.641s) [OMP=0.582 ISP-L=0.006 ISP-F=0.011 MW-L=0.012 MW-F=0.028]
  Alt-Benders[2] (mw): LB=35.273784, Z₀(α*)=35.273784, intercept=-91.739563 (0.609s) [OMP=0.543 ISP-L=0.006 ISP-F=0.012 MW-L=0.010 MW-F=0.029]
  Alt-Benders[3] (mw): LB=35.273784, Z₀(α*)=35.273784, intercept=-91.739563 (0.578s) [OMP=0.520 ISP-L=0.005 ISP-F=0.011 MW-L=0.010 MW-F=0.029]
  Alt-Benders[4]: LB stagnated, break
  OMP re-solve: 0.001s

=== True-DRO Benders iter 36 ===
  OMP: t₀=35.273784, UB=39.648804, gap=1.10e-01, x=[0, 0, 0, 0, 0, 0, 0, 0, 0, 0, 0, 0, 0, 0, 0, 0, 0, 0, 0, 0, 0, 0, 1, 0, 0, 0, 0, 1, 0, 0, 0, 0, 0, 0, 0, 0, 0, 0, 0, 0, 0, 0, 0, 0, 0, 0, 0] (0.001s)
  Sub: Z₀=35.273781 [LOCAL] (0.4s), α=[0.000,0.000,0.000,0.000,0.000,0.000,0.000,0.000,0.000,0.000,0.000,0.000,0.000,0.000,0.000,0.000,0.000,0.000,0.000,0.000,0.000,0.000,0.000,0.000,2.160,0.000,0.000,2.389,5.649,0.000,0.000,0.000,0.000,0.000,0.000,0.000,0.051,0.000,0.000,0.000,0.000,0.000,0.000,0.000,0.000,0.000,0.000]
  Iter 36: LB=35.273784  UB=39.648804  gap=1.10e-01
  Cut: intercept=-1117.632640, π_x_range=[-827.4131, 584.4182]
  Mini-Benders[1] (mw): LB=35.273784, Z₀(α*)=35.273784, intercept=-94.570334 (0.515s) [OMP=0.463 ISP-L=0.005 ISP-F=0.014 MW-L=0.011 MW-F=0.029]
  Mini-Benders[2] (mw): LB=35.273784, Z₀(α*)=35.273784, intercept=-94.570334 (0.625s) [OMP=0.562 ISP-L=0.005 ISP-F=0.014 MW-L=0.011 MW-F=0.028]
  Mini-Benders[3]: LB stagnated, break
  α-step: Z₀=35.276462, α=[0.000,0.000,0.000,0.000,0.000,0.000,0.000,0.000,0.000,0.000,0.000,0.000,0.000,0.000,0.000,0.000,0.000,0.000,0.000,0.000,0.000,0.000,0.000,0.000,2.239,0.000,0.000,0.000,8.011,0.000,0.000,0.000,0.000,0.000,0.000,0.000,0.000,0.000,0.000,0.000,0.000,0.000,0.000,0.000,0.000,0.000,0.000]
  Alt-Benders[1] (mw): LB=35.276462, Z₀(α*)=35.276462, intercept=-99.953716 (0.515s) [OMP=0.477 ISP-L=0.006 ISP-F=0.012 MW-L=0.009 MW-F=0.015]
  Alt-Benders[2] (mw): LB=35.276462, Z₀(α*)=35.276462, intercept=-99.953716 (0.531s) [OMP=0.475 ISP-L=0.005 ISP-F=0.012 MW-L=0.009 MW-F=0.017]
  Alt-Benders[3] (mw): LB=35.276462, Z₀(α*)=35.276462, intercept=-99.953716 (0.516s) [OMP=0.461 ISP-L=0.005 ISP-F=0.011 MW-L=0.030 MW-F=0.015]
  Alt-Benders[4]: LB stagnated, break
  OMP re-solve: 0.001s

=== True-DRO Benders iter 37 ===
  OMP: t₀=35.276462, UB=39.648804, gap=1.10e-01, x=[0, 0, 0, 0, 0, 0, 0, 0, 0, 0, 0, 0, 0, 0, 0, 0, 0, 0, 0, 0, 0, 0, 1, 0, 0, 0, 0, 1, 0, 0, 0, 0, 0, 0, 0, 0, 0, 0, 0, 0, 0, 0, 0, 0, 0, 0, 0] (0.001s)
  Sub: Z₀=35.273781 [LOCAL] (0.3s), α=[0.000,0.000,0.000,0.000,0.000,0.000,0.000,0.000,0.000,0.000,0.000,0.000,0.000,0.000,0.000,0.000,0.000,0.000,0.000,0.000,0.000,0.000,0.000,0.000,2.160,0.000,0.000,2.389,5.649,0.000,0.000,0.000,0.000,0.000,0.000,0.000,0.051,0.000,0.000,0.000,0.000,0.000,0.000,0.000,0.000,0.000,0.000]
  Iter 37: LB=35.276462  UB=39.648804  gap=1.10e-01
  Cut: intercept=-1117.632640, π_x_range=[-827.4131, 584.4182]
  Mini-Benders[1] (mw): LB=35.276462, Z₀(α*)=35.273784, intercept=-94.570334 (0.531s) [OMP=0.469 ISP-L=0.005 ISP-F=0.014 MW-L=0.010 MW-F=0.027]
  Mini-Benders[2] (mw): LB=35.276462, Z₀(α*)=35.273784, intercept=-94.570334 (0.532s) [OMP=0.476 ISP-L=0.005 ISP-F=0.013 MW-L=0.009 MW-F=0.027]
  Mini-Benders[3]: LB stagnated, break
  α-step: Z₀=35.276462, α=[0.000,0.000,0.000,0.000,0.000,0.000,0.000,0.000,0.000,0.000,0.000,0.000,0.000,0.000,0.000,0.000,0.000,0.000,0.000,0.000,0.000,0.000,0.000,0.000,2.239,0.000,0.000,0.000,8.011,0.000,0.000,0.000,0.000,0.000,0.000,0.000,0.000,0.000,0.000,0.000,0.000,0.000,0.000,0.000,0.000,0.000,0.000]
  Alt-Benders[1] (mw): LB=35.276462, Z₀(α*)=35.276462, intercept=-99.953716 (0.500s) [OMP=0.462 ISP-L=0.006 ISP-F=0.012 MW-L=0.011 MW-F=0.016]
  Alt-Benders[2] (mw): LB=35.276462, Z₀(α*)=35.276462, intercept=-99.953716 (0.547s) [OMP=0.476 ISP-L=0.005 ISP-F=0.011 MW-L=0.027 MW-F=0.015]
  Alt-Benders[3]: LB stagnated, break
  OMP re-solve: 0.001s

=== True-DRO Benders iter 38 ===
  OMP: t₀=35.276462, UB=39.648804, gap=1.10e-01, x=[0, 0, 0, 0, 0, 0, 0, 0, 0, 0, 0, 0, 0, 0, 0, 0, 0, 0, 0, 0, 0, 0, 1, 0, 0, 0, 0, 1, 0, 0, 0, 0, 0, 0, 0, 0, 0, 0, 0, 0, 0, 0, 0, 0, 0, 0, 0] (0.001s)
  Sub: Z₀=35.273781 [LOCAL] (0.3s), α=[0.000,0.000,0.000,0.000,0.000,0.000,0.000,0.000,0.000,0.000,0.000,0.000,0.000,0.000,0.000,0.000,0.000,0.000,0.000,0.000,0.000,0.000,0.000,0.000,2.160,0.000,0.000,2.389,5.649,0.000,0.000,0.000,0.000,0.000,0.000,0.000,0.051,0.000,0.000,0.000,0.000,0.000,0.000,0.000,0.000,0.000,0.000]
  Iter 38: LB=35.276462  UB=39.648804  gap=1.10e-01
  Cut: intercept=-1117.632640, π_x_range=[-827.4131, 584.4182]
  Mini-Benders[1] (mw): LB=35.276462, Z₀(α*)=35.273784, intercept=-94.570334 (0.531s) [OMP=0.475 ISP-L=0.005 ISP-F=0.014 MW-L=0.010 MW-F=0.028]
  Mini-Benders[2] (mw): LB=35.276462, Z₀(α*)=35.273784, intercept=-94.570334 (0.532s) [OMP=0.463 ISP-L=0.005 ISP-F=0.013 MW-L=0.009 MW-F=0.027]
  Mini-Benders[3]: LB stagnated, break
  α-step: Z₀=35.276462, α=[0.000,0.000,0.000,0.000,0.000,0.000,0.000,0.000,0.000,0.000,0.000,0.000,0.000,0.000,0.000,0.000,0.000,0.000,0.000,0.000,0.000,0.000,0.000,0.000,2.239,0.000,0.000,0.000,8.011,0.000,0.000,0.000,0.000,0.000,0.000,0.000,0.000,0.000,0.000,0.000,0.000,0.000,0.000,0.000,0.000,0.000,0.000]
  Alt-Benders[1] (mw): LB=35.276462, Z₀(α*)=35.276462, intercept=-99.953716 (0.500s) [OMP=0.467 ISP-L=0.005 ISP-F=0.012 MW-L=0.010 MW-F=0.015]
  Alt-Benders[2] (mw): LB=35.276462, Z₀(α*)=35.276462, intercept=-99.953716 (0.531s) [OMP=0.467 ISP-L=0.005 ISP-F=0.011 MW-L=0.021 MW-F=0.014]
  Alt-Benders[3]: LB stagnated, break
  OMP re-solve: 0.001s

=== True-DRO Benders iter 39 ===
  OMP: t₀=35.276462, UB=39.648804, gap=1.10e-01, x=[0, 0, 0, 0, 0, 0, 0, 0, 0, 0, 0, 0, 0, 0, 0, 0, 0, 0, 0, 0, 0, 0, 1, 0, 0, 0, 0, 1, 0, 0, 0, 0, 0, 0, 0, 0, 0, 0, 0, 0, 0, 0, 0, 0, 0, 0, 0] (0.001s)
  Sub: Z₀=35.273781 [LOCAL] (0.3s), α=[0.000,0.000,0.000,0.000,0.000,0.000,0.000,0.000,0.000,0.000,0.000,0.000,0.000,0.000,0.000,0.000,0.000,0.000,0.000,0.000,0.000,0.000,0.000,0.000,2.160,0.000,0.000,2.389,5.649,0.000,0.000,0.000,0.000,0.000,0.000,0.000,0.051,0.000,0.000,0.000,0.000,0.000,0.000,0.000,0.000,0.000,0.000]
  Iter 39: LB=35.276462  UB=39.648804  gap=1.10e-01
  Cut: intercept=-1117.632640, π_x_range=[-827.4131, 584.4182]
  Mini-Benders[1] (mw): LB=35.276462, Z₀(α*)=35.273784, intercept=-94.570334 (0.531s) [OMP=0.468 ISP-L=0.005 ISP-F=0.014 MW-L=0.010 MW-F=0.027]
  Mini-Benders[2] (mw): LB=35.276462, Z₀(α*)=35.273784, intercept=-94.570334 (0.516s) [OMP=0.460 ISP-L=0.005 ISP-F=0.014 MW-L=0.010 MW-F=0.028]
  Mini-Benders[3]: LB stagnated, break
  α-step: Z₀=35.276462, α=[0.000,0.000,0.000,0.000,0.000,0.000,0.000,0.000,0.000,0.000,0.000,0.000,0.000,0.000,0.000,0.000,0.000,0.000,0.000,0.000,0.000,0.000,0.000,0.000,2.239,0.000,0.000,0.000,8.011,0.000,0.000,0.000,0.000,0.000,0.000,0.000,0.000,0.000,0.000,0.000,0.000,0.000,0.000,0.000,0.000,0.000,0.000]
  Alt-Benders[1] (mw): LB=35.276462, Z₀(α*)=35.276462, intercept=-99.953716 (0.516s) [OMP=0.465 ISP-L=0.005 ISP-F=0.011 MW-L=0.009 MW-F=0.030]
  Alt-Benders[2] (mw): LB=35.276462, Z₀(α*)=35.276462, intercept=-99.953716 (0.500s) [OMP=0.454 ISP-L=0.005 ISP-F=0.011 MW-L=0.010 MW-F=0.015]
  Alt-Benders[3]: LB stagnated, break
  OMP re-solve: 0.001s

=== True-DRO Benders iter 40 ===
  OMP: t₀=35.276462, UB=39.648804, gap=1.10e-01, x=[0, 0, 0, 0, 0, 0, 0, 0, 0, 0, 0, 0, 0, 0, 0, 0, 0, 0, 0, 0, 0, 0, 1, 0, 0, 0, 0, 1, 0, 0, 0, 0, 0, 0, 0, 0, 0, 0, 0, 0, 0, 0, 0, 0, 0, 0, 0] (0.001s)
  Sub: Z₀=35.743355 [TIME_LIMIT] (15.1s), α=[0.000,0.000,0.000,0.000,0.000,0.000,0.000,0.000,0.000,0.000,0.000,0.000,0.000,0.000,0.000,0.000,0.000,0.000,0.000,0.000,0.000,0.000,3.280,0.188,6.338,0.443,0.000,0.000,0.000,0.000,0.000,0.000,0.000,0.000,0.000,0.000,0.000,0.000,0.000,0.000,0.000,0.000,0.000,0.000,0.000,0.000,0.000]
  Iter 40: LB=35.276462  UB=35.763415  gap=1.36e-02
  Cut: intercept=-97.040873, π_x_range=[-178.8807, 85.2752]
  Mini-Benders[1] (mw): LB=35.441618, Z₀(α*)=26.293786, intercept=-76.112761 (0.547s) [OMP=0.503 ISP-L=0.005 ISP-F=0.013 MW-L=0.010 MW-F=0.013]
  Mini-Benders[2] (mw): LB=35.441618, Z₀(α*)=26.293786, intercept=-76.112761 (0.562s) [OMP=0.520 ISP-L=0.005 ISP-F=0.013 MW-L=0.011 MW-F=0.015]
  Mini-Benders[3] (mw): LB=35.441618, Z₀(α*)=26.293786, intercept=-76.112761 (0.500s) [OMP=0.460 ISP-L=0.005 ISP-F=0.012 MW-L=0.009 MW-F=0.013]
  Mini-Benders[4]: LB stagnated, break
  α-step: Z₀=39.828965, α=[0.000,0.000,0.000,0.000,0.000,0.000,0.000,0.000,0.000,0.000,0.000,0.000,0.000,0.000,0.000,0.000,0.000,0.000,0.000,0.000,0.000,0.000,0.000,0.000,4.903,0.000,0.000,0.000,0.118,0.000,4.226,1.003,0.000,0.000,0.000,0.000,0.000,0.000,0.000,0.000,0.000,0.000,0.000,0.000,0.000,0.000,0.000]
  Alt-Benders[1] (mw): LB=35.442161, Z₀(α*)=8.285506, intercept=-141.176859 (0.578s) [OMP=0.539 ISP-L=0.005 ISP-F=0.012 MW-L=0.009 MW-F=0.010]
  Alt-Benders[2] (mw): LB=35.442161, Z₀(α*)=8.285506, intercept=-141.176859 (0.625s) [OMP=0.600 ISP-L=0.005 ISP-F=0.011 MW-L=0.009 MW-F=0.010]
  Alt-Benders[3] (mw): LB=35.442161, Z₀(α*)=8.285506, intercept=-141.176859 (0.704s) [OMP=0.668 ISP-L=0.005 ISP-F=0.011 MW-L=0.009 MW-F=0.010]
  Alt-Benders[4]: LB stagnated, break
  OMP re-solve: 0.000s

=== True-DRO Benders iter 41 ===
  OMP: t₀=35.442161, UB=35.763415, gap=8.98e-03, x=[0, 0, 0, 0, 0, 0, 0, 0, 0, 0, 0, 0, 0, 0, 0, 0, 0, 0, 0, 0, 0, 0, 0, 0, 0, 0, 0, 1, 0, 0, 0, 0, 1, 0, 0, 0, 0, 0, 0, 0, 0, 0, 0, 0, 0, 0, 0] (0.000s)
  Sub: Z₀=35.442161 [LOCAL] (0.2s), α=[0.000,0.000,0.000,0.000,0.000,0.000,0.000,0.000,0.000,0.000,0.000,0.000,0.000,0.000,0.000,0.000,0.000,0.000,0.000,0.000,0.000,0.000,0.000,0.000,0.000,0.000,0.000,0.000,10.249,0.000,0.000,0.000,0.000,0.000,0.000,0.000,0.000,0.000,0.000,0.000,0.000,0.000,0.000,0.000,0.000,0.000,0.000]
  Iter 41: LB=35.442161  UB=35.763415  gap=8.98e-03
  Cut: intercept=-1093.376597, π_x_range=[-824.6278, 566.2639]
  Mini-Benders[1] (mw): LB=35.442161, Z₀(α*)=35.442164, intercept=-102.504694 (0.719s) [OMP=0.674 ISP-L=0.005 ISP-F=0.012 MW-L=0.010 MW-F=0.018]
  Mini-Benders[2] (mw): LB=35.442162, Z₀(α*)=35.442164, intercept=-102.504694 (0.593s) [OMP=0.543 ISP-L=0.005 ISP-F=0.012 MW-L=0.010 MW-F=0.034]
  Mini-Benders[3]: LB stagnated, break
  α-step: Z₀=35.442164, α=[0.000,0.000,0.000,0.000,0.000,0.000,0.000,0.000,0.000,0.000,0.000,0.000,0.000,0.000,0.000,0.000,0.000,0.000,0.000,0.000,0.000,0.000,0.000,0.000,0.000,0.000,0.000,0.000,10.249,0.000,0.000,0.000,0.000,0.000,0.000,0.000,0.000,0.000,0.000,0.000,0.000,0.000,0.000,0.000,0.000,0.000,0.000]
  Alt-Benders[1] (mw): LB=35.442164, Z₀(α*)=35.442164, intercept=-102.504691 (0.703s) [OMP=0.671 ISP-L=0.005 ISP-F=0.012 MW-L=0.009 MW-F=0.014]
  Alt-Benders[2] (mw): LB=35.442164, Z₀(α*)=35.442164, intercept=-102.504691 (0.547s) [OMP=0.497 ISP-L=0.005 ISP-F=0.011 MW-L=0.009 MW-F=0.014]
  Alt-Benders[3] (mw): LB=35.442164, Z₀(α*)=35.442164, intercept=-102.504691 (0.562s) [OMP=0.515 ISP-L=0.005 ISP-F=0.012 MW-L=0.010 MW-F=0.015]
  Alt-Benders[4]: LB stagnated, break
  OMP re-solve: 0.001s

=== True-DRO Benders iter 42 ===
  OMP: t₀=35.442164, UB=35.763415, gap=8.98e-03, x=[0, 0, 0, 0, 0, 0, 0, 0, 0, 0, 0, 0, 0, 0, 0, 0, 0, 0, 0, 0, 0, 0, 0, 0, 0, 0, 0, 1, 0, 0, 0, 0, 1, 0, 0, 0, 0, 0, 0, 0, 0, 0, 0, 0, 0, 0, 0] (0.001s)
  Sub: Z₀=35.442161 [LOCAL] (0.2s), α=[0.000,0.000,0.000,0.000,0.000,0.000,0.000,0.000,0.000,0.000,0.000,0.000,0.000,0.000,0.000,0.000,0.000,0.000,0.000,0.000,0.000,0.000,0.000,0.000,0.000,0.000,0.000,0.000,10.249,0.000,0.000,0.000,0.000,0.000,0.000,0.000,0.000,0.000,0.000,0.000,0.000,0.000,0.000,0.000,0.000,0.000,0.000]
  Iter 42: LB=35.442164  UB=35.763415  gap=8.98e-03
  Cut: intercept=-1093.376597, π_x_range=[-824.6278, 566.2639]
  Mini-Benders[1] (mw): LB=35.442164, Z₀(α*)=35.442164, intercept=-102.504694 (0.578s) [OMP=0.515 ISP-L=0.005 ISP-F=0.012 MW-L=0.010 MW-F=0.035]
  Mini-Benders[2] (mw): LB=35.442164, Z₀(α*)=35.442164, intercept=-102.504694 (0.594s) [OMP=0.542 ISP-L=0.005 ISP-F=0.013 MW-L=0.010 MW-F=0.018]
  Mini-Benders[3]: LB stagnated, break
  α-step: Z₀=35.442164, α=[0.000,0.000,0.000,0.000,0.000,0.000,0.000,0.000,0.000,0.000,0.000,0.000,0.000,0.000,0.000,0.000,0.000,0.000,0.000,0.000,0.000,0.000,0.000,0.000,0.000,0.000,0.000,0.000,10.249,0.000,0.000,0.000,0.000,0.000,0.000,0.000,0.000,0.000,0.000,0.000,0.000,0.000,0.000,0.000,0.000,0.000,0.000]
  Alt-Benders[1] (mw): LB=35.442164, Z₀(α*)=35.442164, intercept=-102.504691 (0.531s) [OMP=0.503 ISP-L=0.005 ISP-F=0.012 MW-L=0.009 MW-F=0.014]
  Alt-Benders[2] (mw): LB=35.442164, Z₀(α*)=35.442164, intercept=-102.504691 (0.641s) [OMP=0.587 ISP-L=0.005 ISP-F=0.011 MW-L=0.009 MW-F=0.013]
  Alt-Benders[3]: LB stagnated, break
  OMP re-solve: 0.001s

=== True-DRO Benders iter 43 ===
  OMP: t₀=35.442164, UB=35.763415, gap=8.98e-03, x=[0, 0, 0, 0, 0, 0, 0, 0, 0, 0, 0, 0, 0, 0, 0, 0, 0, 0, 0, 0, 0, 0, 0, 0, 0, 0, 0, 1, 0, 0, 0, 0, 1, 0, 0, 0, 0, 0, 0, 0, 0, 0, 0, 0, 0, 0, 0] (0.001s)
  Sub: Z₀=35.442161 [LOCAL] (0.2s), α=[0.000,0.000,0.000,0.000,0.000,0.000,0.000,0.000,0.000,0.000,0.000,0.000,0.000,0.000,0.000,0.000,0.000,0.000,0.000,0.000,0.000,0.000,0.000,0.000,0.000,0.000,0.000,0.000,10.249,0.000,0.000,0.000,0.000,0.000,0.000,0.000,0.000,0.000,0.000,0.000,0.000,0.000,0.000,0.000,0.000,0.000,0.000]
  Iter 43: LB=35.442164  UB=35.763415  gap=8.98e-03
  Cut: intercept=-1093.376597, π_x_range=[-824.6278, 566.2639]
  Mini-Benders[1] (mw): LB=35.442164, Z₀(α*)=35.442164, intercept=-102.504694 (0.656s) [OMP=0.596 ISP-L=0.005 ISP-F=0.012 MW-L=0.010 MW-F=0.034]
  Mini-Benders[2] (mw): LB=35.442164, Z₀(α*)=35.442164, intercept=-102.504694 (0.547s) [OMP=0.507 ISP-L=0.005 ISP-F=0.013 MW-L=0.010 MW-F=0.017]
  Mini-Benders[3]: LB stagnated, break
  α-step: Z₀=35.442164, α=[0.000,0.000,0.000,0.000,0.000,0.000,0.000,0.000,0.000,0.000,0.000,0.000,0.000,0.000,0.000,0.000,0.000,0.000,0.000,0.000,0.000,0.000,0.000,0.000,0.000,0.000,0.000,0.000,10.249,0.000,0.000,0.000,0.000,0.000,0.000,0.000,0.000,0.000,0.000,0.000,0.000,0.000,0.000,0.000,0.000,0.000,0.000]
  Alt-Benders[1] (mw): LB=35.442164, Z₀(α*)=35.442164, intercept=-102.504691 (0.641s) [OMP=0.611 ISP-L=0.005 ISP-F=0.012 MW-L=0.009 MW-F=0.014]
  Alt-Benders[2] (mw): LB=35.442164, Z₀(α*)=35.442164, intercept=-102.504691 (0.640s) [OMP=0.586 ISP-L=0.005 ISP-F=0.011 MW-L=0.009 MW-F=0.013]
  Alt-Benders[3]: LB stagnated, break
  OMP re-solve: 0.001s

=== True-DRO Benders iter 44 ===
  OMP: t₀=35.442164, UB=35.763415, gap=8.98e-03, x=[0, 0, 0, 0, 0, 0, 0, 0, 0, 0, 0, 0, 0, 0, 0, 0, 0, 0, 0, 0, 0, 0, 0, 0, 0, 0, 0, 1, 0, 0, 0, 0, 1, 0, 0, 0, 0, 0, 0, 0, 0, 0, 0, 0, 0, 0, 0] (0.001s)
  Sub: Z₀=35.442161 [LOCAL] (0.2s), α=[0.000,0.000,0.000,0.000,0.000,0.000,0.000,0.000,0.000,0.000,0.000,0.000,0.000,0.000,0.000,0.000,0.000,0.000,0.000,0.000,0.000,0.000,0.000,0.000,0.000,0.000,0.000,0.000,10.249,0.000,0.000,0.000,0.000,0.000,0.000,0.000,0.000,0.000,0.000,0.000,0.000,0.000,0.000,0.000,0.000,0.000,0.000]
  Iter 44: LB=35.442164  UB=35.763415  gap=8.98e-03
  Cut: intercept=-1093.376597, π_x_range=[-824.6278, 566.2639]
  Mini-Benders[1] (mw): LB=35.442164, Z₀(α*)=35.442164, intercept=-102.504694 (0.625s) [OMP=0.548 ISP-L=0.005 ISP-F=0.013 MW-L=0.011 MW-F=0.036]
  Mini-Benders[2] (mw): LB=35.442164, Z₀(α*)=35.442164, intercept=-102.504694 (0.579s) [OMP=0.537 ISP-L=0.006 ISP-F=0.013 MW-L=0.010 MW-F=0.018]
  Mini-Benders[3]: LB stagnated, break
  α-step: Z₀=35.442164, α=[0.000,0.000,0.000,0.000,0.000,0.000,0.000,0.000,0.000,0.000,0.000,0.000,0.000,0.000,0.000,0.000,0.000,0.000,0.000,0.000,0.000,0.000,0.000,0.000,0.000,0.000,0.000,0.000,10.249,0.000,0.000,0.000,0.000,0.000,0.000,0.000,0.000,0.000,0.000,0.000,0.000,0.000,0.000,0.000,0.000,0.000,0.000]
  Alt-Benders[1] (mw): LB=35.442164, Z₀(α*)=35.442164, intercept=-102.504691 (0.640s) [OMP=0.591 ISP-L=0.005 ISP-F=0.012 MW-L=0.009 MW-F=0.014]
  Alt-Benders[2] (mw): LB=35.442164, Z₀(α*)=35.442164, intercept=-102.504691 (0.578s) [OMP=0.549 ISP-L=0.005 ISP-F=0.011 MW-L=0.010 MW-F=0.013]
  Alt-Benders[3]: LB stagnated, break
  OMP re-solve: 0.001s

=== True-DRO Benders iter 45 ===
  OMP: t₀=35.442164, UB=35.763415, gap=8.98e-03, x=[0, 0, 0, 0, 0, 0, 0, 0, 0, 0, 0, 0, 0, 0, 0, 0, 0, 0, 0, 0, 0, 0, 0, 0, 0, 0, 0, 1, 0, 0, 0, 0, 1, 0, 0, 0, 0, 0, 0, 0, 0, 0, 0, 0, 0, 0, 0] (0.001s)
  Sub: Z₀=35.442164 (0.6s), α=[0.000,0.000,0.000,0.000,0.000,0.000,0.000,0.000,0.000,0.000,0.000,0.000,0.000,0.000,0.000,0.000,0.000,0.000,0.000,0.000,0.000,0.000,0.000,0.000,0.000,0.000,0.000,0.000,10.249,0.000,0.000,0.000,0.000,0.000,0.000,0.000,0.000,0.000,0.000,0.000,0.000,0.000,0.000,0.000,0.000,0.000,0.000]
  Iter 45: LB=35.442164  UB=35.442164  gap=1.95e-10
True-DRO Benders converged at iter 45 (gap=1.95e-10)
  Wall time: 290.45 sec
  OMP  time: mean=0.327s, median=0.389s, max=0.713s
  Sub  time (exact): mean=1.635s, median=1.623s, q90=2.637s, max=3.158s (n=6/45)

Result (double/mb_only): Z₀=35.442164, iters=45, time=290.5s
x arcs = [28, 33]
