============================================================
polska — double [mb_only]: ε̂=0.50, ε̃=0.50, β=0.05
  mini_benders=true, valid_inequality=none
============================================================
Set parameter Username
Set parameter LicenseID to value 2742039
Academic license - for non-commercial use only - expires 2026-11-20
Set parameter Username
Set parameter LicenseID to value 2742039
Academic license - for non-commercial use only - expires 2026-11-20
Set parameter OutputFlag to value 1
Set parameter LogFile to value "global_miqcp.log"
Set parameter Username
Set parameter LicenseID to value 2742039
Academic license - for non-commercial use only - expires 2026-11-20
Set parameter Username
Set parameter LicenseID to value 2742039
Academic license - for non-commercial use only - expires 2026-11-20
Set parameter Username
Set parameter LicenseID to value 2742039
Academic license - for non-commercial use only - expires 2026-11-20
Set parameter Username
Set parameter LicenseID to value 2742039
Academic license - for non-commercial use only - expires 2026-11-20

=== True-DRO Benders iter 1 ===
  OMP: t₀=-10000.000000, UB=Inf, gap=NaN, x=[0, 0, 0, 0, 0, 0, 0, 0, 0, 0, 0, 0, 0, 0, 0, 0, 0, 0, 0, 0, 0, 0, 0, 0, 0, 0, 0, 0, 0, 0, 0, 0, 0, 0, 0, 0] (0.000s)
  Sub: Z₀=26.025344 [LOCAL] (0.5s), α=[0.000,0.000,6.371,0.000,0.000,0.000,0.000,0.000,0.000,0.000,0.000,0.000,0.000,0.000,0.000,0.000,0.000,0.045,0.000,0.000,0.000,0.000,0.000,0.000,0.000,0.000,0.000,0.000,0.000,0.000,0.000,0.000,0.130,3.398,0.000,0.000]
  Iter 1: LB=-10000.000000  UB=Inf  gap=NaN
  Cut: intercept=26.025344, π_x_range=[-822.3186, -799.8456]
  Mini-Benders[1] (mw): LB=-1616.672238, Z₀(α*)=6.437448, intercept=-34.190795 (0.046s) [OMP=0.005 ISP-L=0.007 ISP-F=0.015 MW-L=0.008 MW-F=0.012]
  Mini-Benders[2] (mw): LB=-164.425673, Z₀(α*)=11.081753, intercept=-20.640502 (0.032s) [OMP=0.003 ISP-L=0.004 ISP-F=0.012 MW-L=0.008 MW-F=0.010]
  Mini-Benders[3] (mw): LB=-105.911942, Z₀(α*)=13.003209, intercept=-58.237359 (0.047s) [OMP=0.005 ISP-L=0.004 ISP-F=0.012 MW-L=0.008 MW-F=0.011]
  Mini-Benders[4] (mw): LB=-95.256634, Z₀(α*)=20.203838, intercept=-34.447839 (0.062s) [OMP=0.029 ISP-L=0.004 ISP-F=0.012 MW-L=0.007 MW-F=0.010]
  Mini-Benders[5] (mw): LB=-93.370691, Z₀(α*)=-6.026227, intercept=-38.891503 (0.047s) [OMP=0.021 ISP-L=0.004 ISP-F=0.011 MW-L=0.008 MW-F=0.010]
Set parameter NonConvex to value 2
Set parameter DualReductions to value 0
  α-step: Z₀=20.243306, α=[0.000,0.000,9.733,0.000,0.000,0.000,0.000,0.000,0.000,0.000,0.000,0.000,0.000,0.065,0.000,0.000,0.000,0.000,0.000,0.000,0.000,0.000,0.000,0.000,0.000,0.000,0.000,0.000,0.000,0.064,0.083,0.000,0.000,0.000,0.000,0.000]
  Alt-Benders[1] (mw): LB=-81.355754, Z₀(α*)=-24.790047, intercept=-44.739420 (0.063s) [OMP=0.017 ISP-L=0.004 ISP-F=0.011 MW-L=0.007 MW-F=0.013]
  Alt-Benders[2] (mw): LB=-69.672972, Z₀(α*)=-30.820921, intercept=-49.382668 (0.047s) [OMP=0.022 ISP-L=0.004 ISP-F=0.010 MW-L=0.008 MW-F=0.011]
  Alt-Benders[3] (mw): LB=-67.480570, Z₀(α*)=20.722579, intercept=-4.673084 (0.078s) [OMP=0.026 ISP-L=0.003 ISP-F=0.011 MW-L=0.026 MW-F=0.009]
  Alt-Benders[4] (mw): LB=-66.636400, Z₀(α*)=20.394659, intercept=-40.125318 (0.062s) [OMP=0.021 ISP-L=0.004 ISP-F=0.010 MW-L=0.007 MW-F=0.010]
  Alt-Benders[5] (mw): LB=-62.447266, Z₀(α*)=17.757312, intercept=-61.693425 (0.063s) [OMP=0.041 ISP-L=0.004 ISP-F=0.010 MW-L=0.008 MW-F=0.011]
  OMP re-solve: 0.045s

=== True-DRO Benders iter 2 ===
  OMP: t₀=-59.720313, UB=Inf, gap=NaN, x=[0, 0, 0, 0, 0, 0, 1, 0, 0, 0, 0, 0, 0, 0, 0, 0, 0, 0, 0, 0, 0, 0, 0, 0, 0, 0, 0, 0, 0, 0, 0, 0, 0, 1, 0, 0] (0.000s)
  Sub: Z₀=21.748326 [LOCAL] (0.2s), α=[0.000,0.000,1.696,0.000,0.000,0.000,0.000,0.000,0.000,0.000,0.000,0.000,0.000,0.000,0.000,0.000,0.000,0.000,0.000,0.000,0.000,0.000,0.000,0.000,0.000,0.000,0.000,0.000,0.000,0.000,0.000,0.000,0.007,8.242,0.000,0.000]
  Iter 2: LB=-59.720313  UB=Inf  gap=NaN
  Cut: intercept=-1142.713524, π_x_range=[-823.6003, 584.0488]
  Mini-Benders[1] (mw): LB=-57.318976, Z₀(α*)=21.633015, intercept=-1.609319 (0.094s) [OMP=0.054 ISP-L=0.004 ISP-F=0.011 MW-L=0.008 MW-F=0.012]
  Mini-Benders[2] (mw): LB=-55.842677, Z₀(α*)=-0.049938, intercept=-78.466758 (0.078s) [OMP=0.043 ISP-L=0.004 ISP-F=0.011 MW-L=0.007 MW-F=0.011]
  Mini-Benders[3] (mw): LB=-53.371965, Z₀(α*)=-6.300101, intercept=-41.281587 (0.078s) [OMP=0.042 ISP-L=0.004 ISP-F=0.011 MW-L=0.007 MW-F=0.011]
  Mini-Benders[4] (mw): LB=-51.702402, Z₀(α*)=13.914926, intercept=7.955747 (0.094s) [OMP=0.062 ISP-L=0.003 ISP-F=0.011 MW-L=0.008 MW-F=0.011]
  Mini-Benders[5] (mw): LB=-51.214105, Z₀(α*)=16.409983, intercept=-50.454583 (0.094s) [OMP=0.046 ISP-L=0.003 ISP-F=0.011 MW-L=0.007 MW-F=0.016]
  α-step: Z₀=16.752516, α=[0.000,0.000,2.038,0.000,0.000,0.000,0.000,0.000,0.000,0.000,0.000,0.000,0.000,0.000,0.000,0.000,0.000,0.000,0.000,0.000,0.000,0.000,0.000,0.000,0.000,0.000,0.000,0.000,0.000,0.000,0.000,0.000,0.078,7.829,0.000,0.000]
  Alt-Benders[1] (mw): LB=-48.654660, Z₀(α*)=-6.228401, intercept=-87.723966 (0.125s) [OMP=0.089 ISP-L=0.004 ISP-F=0.012 MW-L=0.007 MW-F=0.011]
  Alt-Benders[2] (mw): LB=-42.233596, Z₀(α*)=5.376705, intercept=-55.441904 (0.125s) [OMP=0.087 ISP-L=0.004 ISP-F=0.012 MW-L=0.008 MW-F=0.010]
  Alt-Benders[3] (mw): LB=-41.382495, Z₀(α*)=-3.433964, intercept=-67.199126 (0.094s) [OMP=0.071 ISP-L=0.003 ISP-F=0.010 MW-L=0.007 MW-F=0.010]
  Alt-Benders[4] (mw): LB=-41.168975, Z₀(α*)=21.164580, intercept=-80.827456 (0.109s) [OMP=0.084 ISP-L=0.004 ISP-F=0.011 MW-L=0.008 MW-F=0.008]
  Alt-Benders[5] (mw): LB=-40.050729, Z₀(α*)=12.106100, intercept=-66.107672 (0.094s) [OMP=0.059 ISP-L=0.003 ISP-F=0.011 MW-L=0.006 MW-F=0.011]
  OMP re-solve: 0.053s

=== True-DRO Benders iter 3 ===
  OMP: t₀=-39.241627, UB=Inf, gap=NaN, x=[0, 0, 0, 0, 0, 1, 0, 0, 0, 0, 0, 0, 0, 0, 0, 0, 0, 0, 0, 0, 0, 1, 0, 0, 0, 0, 0, 0, 0, 0, 0, 0, 0, 0, 0, 0] (0.000s)
  Sub: Z₀=21.367623 [LOCAL] (0.2s), α=[0.000,0.000,1.301,0.000,0.000,4.007,0.000,0.000,0.000,0.000,0.000,0.000,0.000,1.358,0.000,0.000,0.000,0.701,0.000,0.000,0.000,0.000,0.000,0.000,0.000,0.000,0.000,0.000,0.000,0.350,1.126,0.000,1.033,0.068,0.000,0.000]
  Iter 3: LB=-39.241627  UB=Inf  gap=NaN
  Cut: intercept=-1100.812616, π_x_range=[-817.8051, 567.0386]
  Mini-Benders[1] (mw): LB=-36.161478, Z₀(α*)=-16.503848, intercept=-78.471815 (0.094s) [OMP=0.064 ISP-L=0.003 ISP-F=0.011 MW-L=0.007 MW-F=0.013]
  Mini-Benders[2] (mw): LB=-35.932897, Z₀(α*)=8.610762, intercept=-45.467912 (0.093s) [OMP=0.067 ISP-L=0.004 ISP-F=0.010 MW-L=0.007 MW-F=0.011]
  Mini-Benders[3] (mw): LB=-35.206734, Z₀(α*)=14.542627, intercept=-68.089601 (0.110s) [OMP=0.064 ISP-L=0.004 ISP-F=0.012 MW-L=0.007 MW-F=0.025]
  Mini-Benders[4] (mw): LB=-33.416287, Z₀(α*)=-8.534103, intercept=-57.841414 (0.187s) [OMP=0.144 ISP-L=0.003 ISP-F=0.010 MW-L=0.007 MW-F=0.010]
  Mini-Benders[5] (mw): LB=-32.100254, Z₀(α*)=-19.550962, intercept=-36.021929 (0.094s) [OMP=0.072 ISP-L=0.003 ISP-F=0.010 MW-L=0.007 MW-F=0.009]
  α-step: Z₀=18.412385, α=[0.000,0.000,0.493,0.000,0.000,0.000,0.000,0.000,0.000,0.000,0.000,0.000,0.000,0.000,0.000,0.000,0.000,0.498,0.000,0.000,0.000,0.782,3.373,0.000,0.000,0.000,0.000,0.000,0.000,0.000,0.000,0.000,4.797,0.000,0.000,0.000]
  Alt-Benders[1] (mw): LB=-30.820923, Z₀(α*)=-4.485306, intercept=-56.385581 (0.110s) [OMP=0.075 ISP-L=0.005 ISP-F=0.012 MW-L=0.008 MW-F=0.011]
  Alt-Benders[2] (mw): LB=-29.368595, Z₀(α*)=-14.430388, intercept=-66.010704 (0.156s) [OMP=0.105 ISP-L=0.004 ISP-F=0.011 MW-L=0.008 MW-F=0.014]
  Alt-Benders[3] (mw): LB=-25.320122, Z₀(α*)=1.363757, intercept=-77.133083 (0.141s) [OMP=0.118 ISP-L=0.004 ISP-F=0.012 MW-L=0.008 MW-F=0.011]
  Alt-Benders[4] (mw): LB=-25.003859, Z₀(α*)=-16.094938, intercept=-78.499273 (0.187s) [OMP=0.143 ISP-L=0.003 ISP-F=0.011 MW-L=0.008 MW-F=0.010]
  Alt-Benders[5] (mw): LB=-23.821633, Z₀(α*)=-2.571598, intercept=-19.443099 (0.344s) [OMP=0.311 ISP-L=0.003 ISP-F=0.011 MW-L=0.007 MW-F=0.011]
  OMP re-solve: 0.155s

=== True-DRO Benders iter 4 ===
  OMP: t₀=-23.509616, UB=Inf, gap=NaN, x=[0, 0, 0, 0, 0, 0, 1, 0, 0, 0, 0, 0, 0, 0, 0, 0, 0, 0, 0, 0, 0, 0, 0, 0, 1, 0, 0, 0, 0, 0, 0, 0, 0, 0, 0, 0] (0.000s)
  Sub: Z₀=22.822421 [LOCAL] (0.2s), α=[0.000,0.000,0.000,0.000,0.000,0.000,2.023,0.000,0.000,0.000,0.000,0.000,0.000,0.000,0.000,0.000,0.000,4.162,0.000,0.000,0.000,0.000,0.000,0.000,3.760,0.000,0.000,0.000,0.000,0.000,0.000,0.000,0.000,0.000,0.000,0.000]
  Iter 4: LB=-23.509616  UB=Inf  gap=NaN
  Cut: intercept=-1106.227388, π_x_range=[-822.9236, 577.3194]
  Mini-Benders[1] (mw): LB=-23.444877, Z₀(α*)=21.775370, intercept=-94.262842 (0.218s) [OMP=0.179 ISP-L=0.004 ISP-F=0.011 MW-L=0.021 MW-F=0.013]
  Mini-Benders[2] (mw): LB=-22.507602, Z₀(α*)=-15.778973, intercept=-52.640480 (0.313s) [OMP=0.274 ISP-L=0.004 ISP-F=0.011 MW-L=0.008 MW-F=0.012]
  Mini-Benders[3] (mw): LB=-19.866820, Z₀(α*)=-13.100143, intercept=-67.015896 (0.203s) [OMP=0.165 ISP-L=0.004 ISP-F=0.011 MW-L=0.007 MW-F=0.013]
  Mini-Benders[4] (mw): LB=-19.572631, Z₀(α*)=-30.975413, intercept=-39.500347 (0.203s) [OMP=0.171 ISP-L=0.004 ISP-F=0.009 MW-L=0.007 MW-F=0.014]
  Mini-Benders[5] (mw): LB=-19.572631, Z₀(α*)=-30.975413, intercept=-39.500347 (0.203s) [OMP=0.160 ISP-L=0.004 ISP-F=0.010 MW-L=0.007 MW-F=0.014]
  α-step: Z₀=18.766207, α=[0.000,0.000,2.920,0.000,0.000,0.000,0.000,0.000,0.000,0.000,0.000,0.000,0.000,0.000,0.000,0.000,0.000,2.503,0.000,0.000,0.000,0.000,0.000,0.000,0.000,0.000,0.000,0.000,0.000,0.000,0.000,0.000,0.000,4.522,0.000,0.000]
  Alt-Benders[1] (mw): LB=-19.550964, Z₀(α*)=17.662888, intercept=-32.954422 (0.140s) [OMP=0.114 ISP-L=0.003 ISP-F=0.011 MW-L=0.007 MW-F=0.008]
  Alt-Benders[2] (mw): LB=-19.446645, Z₀(α*)=21.016576, intercept=6.183965 (0.157s) [OMP=0.131 ISP-L=0.004 ISP-F=0.011 MW-L=0.007 MW-F=0.010]
  Alt-Benders[3] (mw): LB=-19.024517, Z₀(α*)=15.466094, intercept=-3.913431 (0.187s) [OMP=0.152 ISP-L=0.004 ISP-F=0.011 MW-L=0.007 MW-F=0.009]
  Alt-Benders[4] (mw): LB=-18.346992, Z₀(α*)=22.303778, intercept=-18.588270 (0.141s) [OMP=0.090 ISP-L=0.004 ISP-F=0.011 MW-L=0.008 MW-F=0.023]
  Alt-Benders[5] (mw): LB=-18.029597, Z₀(α*)=8.850539, intercept=-20.958748 (0.125s) [OMP=0.091 ISP-L=0.004 ISP-F=0.011 MW-L=0.008 MW-F=0.010]
  OMP re-solve: 0.077s

=== True-DRO Benders iter 5 ===
  OMP: t₀=-17.643286, UB=Inf, gap=NaN, x=[0, 0, 0, 0, 0, 0, 0, 0, 0, 0, 0, 0, 0, 0, 0, 0, 0, 0, 0, 0, 0, 1, 0, 0, 0, 0, 0, 0, 0, 0, 0, 0, 0, 1, 0, 0] (0.000s)
  Sub: Z₀=21.465575 [TIME_LIMIT] (15.1s), α=[0.000,0.000,1.653,0.000,0.000,0.000,0.000,0.000,0.000,0.000,0.000,0.000,0.000,0.000,0.000,0.000,0.000,0.043,0.000,0.000,0.000,0.000,0.000,0.000,0.000,0.000,0.000,0.000,0.000,0.000,0.000,0.000,0.952,7.297,0.000,0.000]
  Iter 5: LB=-17.643286  UB=21.561250  gap=1.82e+00
  Cut: intercept=-58.331906, π_x_range=[-254.0000, 44.2963]
  Mini-Benders[1] (mw): LB=-17.430567, Z₀(α*)=13.592678, intercept=7.783578 (0.235s) [OMP=0.200 ISP-L=0.004 ISP-F=0.012 MW-L=0.008 MW-F=0.011]
  Mini-Benders[2] (mw): LB=-16.044433, Z₀(α*)=20.531033, intercept=-48.069948 (0.297s) [OMP=0.258 ISP-L=0.003 ISP-F=0.012 MW-L=0.007 MW-F=0.015]
  Mini-Benders[3] (mw): LB=-15.778975, Z₀(α*)=15.311881, intercept=-60.432366 (0.296s) [OMP=0.261 ISP-L=0.004 ISP-F=0.011 MW-L=0.007 MW-F=0.010]
  Mini-Benders[4] (mw): LB=-14.634270, Z₀(α*)=5.867706, intercept=-50.784482 (0.297s) [OMP=0.266 ISP-L=0.004 ISP-F=0.012 MW-L=0.007 MW-F=0.010]
  Mini-Benders[5] (mw): LB=-14.430390, Z₀(α*)=10.591475, intercept=-67.438065 (0.172s) [OMP=0.139 ISP-L=0.004 ISP-F=0.013 MW-L=0.006 MW-F=0.011]
  α-step: Z₀=13.465753, α=[0.000,0.000,0.000,0.000,0.000,0.000,0.000,0.000,0.000,0.000,0.000,0.000,0.000,3.570,0.000,0.000,0.000,5.828,0.000,0.000,0.000,0.000,0.000,0.000,0.000,0.000,0.000,0.000,0.000,0.546,0.000,0.000,0.000,0.000,0.000,0.000]
  Alt-Benders[1] (mw): LB=-13.221981, Z₀(α*)=-5.967891, intercept=-15.787878 (0.187s) [OMP=0.150 ISP-L=0.004 ISP-F=0.011 MW-L=0.007 MW-F=0.010]
  Alt-Benders[2] (mw): LB=-13.100145, Z₀(α*)=15.900865, intercept=-112.830334 (0.422s) [OMP=0.365 ISP-L=0.004 ISP-F=0.011 MW-L=0.020 MW-F=0.013]
  Alt-Benders[3] (mw): LB=-13.038418, Z₀(α*)=5.426539, intercept=-131.269912 (0.406s) [OMP=0.371 ISP-L=0.005 ISP-F=0.012 MW-L=0.007 MW-F=0.010]
  Alt-Benders[4] (mw): LB=-11.407412, Z₀(α*)=4.847163, intercept=-27.020060 (0.344s) [OMP=0.314 ISP-L=0.004 ISP-F=0.011 MW-L=0.007 MW-F=0.012]
  Alt-Benders[5] (mw): LB=-11.159241, Z₀(α*)=-0.224770, intercept=-39.635046 (0.313s) [OMP=0.273 ISP-L=0.005 ISP-F=0.011 MW-L=0.008 MW-F=0.011]
  OMP re-solve: 0.248s

=== True-DRO Benders iter 6 ===
  OMP: t₀=-10.099326, UB=21.561250, gap=1.47e+00, x=[0, 0, 0, 0, 0, 0, 0, 0, 0, 0, 0, 0, 0, 0, 0, 0, 0, 0, 1, 0, 0, 0, 0, 0, 0, 0, 0, 1, 0, 0, 0, 0, 0, 0, 0, 0] (0.000s)
  Sub: Z₀=23.841678 [LOCAL] (0.2s), α=[0.000,0.000,5.254,0.000,0.000,0.000,0.000,0.000,0.000,0.000,0.000,0.000,0.000,0.000,0.000,0.000,0.000,0.000,0.000,0.000,0.000,0.000,0.000,0.000,0.000,0.000,0.000,0.000,0.000,0.337,0.000,0.000,0.403,3.950,0.000,0.000]
  Iter 6: LB=-10.099326  UB=21.561250  gap=1.47e+00
  Cut: intercept=-1131.487357, π_x_range=[-826.2423, 578.6149]
  Mini-Benders[1] (mw): LB=-9.394252, Z₀(α*)=24.109000, intercept=18.542832 (0.360s) [OMP=0.315 ISP-L=0.004 ISP-F=0.011 MW-L=0.008 MW-F=0.012]
  Mini-Benders[2] (mw): LB=-8.737575, Z₀(α*)=19.875675, intercept=-28.778770 (0.437s) [OMP=0.402 ISP-L=0.004 ISP-F=0.012 MW-L=0.008 MW-F=0.012]
  Mini-Benders[3] (mw): LB=-8.210776, Z₀(α*)=22.984812, intercept=-3.983275 (0.422s) [OMP=0.390 ISP-L=0.003 ISP-F=0.011 MW-L=0.006 MW-F=0.016]
  Mini-Benders[4] (mw): LB=-7.582536, Z₀(α*)=14.224440, intercept=-9.283887 (0.469s) [OMP=0.430 ISP-L=0.004 ISP-F=0.012 MW-L=0.008 MW-F=0.010]
  Mini-Benders[5] (mw): LB=-7.180336, Z₀(α*)=15.996451, intercept=-22.189299 (0.469s) [OMP=0.426 ISP-L=0.004 ISP-F=0.012 MW-L=0.022 MW-F=0.010]
  α-step: Z₀=21.305527, α=[0.000,0.000,5.063,0.000,0.000,0.000,0.000,0.000,0.000,0.000,0.000,0.000,0.000,0.000,0.000,0.000,0.000,0.000,0.000,0.000,0.000,0.000,0.000,0.000,0.000,0.000,0.000,0.000,0.000,0.000,0.000,0.000,2.194,2.687,0.000,0.000]
  Alt-Benders[1] (mw): LB=-6.300103, Z₀(α*)=16.667000, intercept=-38.109090 (0.547s) [OMP=0.519 ISP-L=0.004 ISP-F=0.010 MW-L=0.007 MW-F=0.009]
  Alt-Benders[2] (mw): LB=-6.026229, Z₀(α*)=-1.282508, intercept=-38.760482 (0.531s) [OMP=0.497 ISP-L=0.004 ISP-F=0.012 MW-L=0.008 MW-F=0.010]
  Alt-Benders[3] (mw): LB=-5.861978, Z₀(α*)=24.267876, intercept=24.347335 (0.500s) [OMP=0.469 ISP-L=0.004 ISP-F=0.011 MW-L=0.007 MW-F=0.008]
  Alt-Benders[4] (mw): LB=-5.144966, Z₀(α*)=20.661775, intercept=1.892035 (0.188s) [OMP=0.162 ISP-L=0.004 ISP-F=0.010 MW-L=0.007 MW-F=0.008]
  Alt-Benders[5] (mw): LB=-4.759223, Z₀(α*)=23.653772, intercept=9.998899 (0.218s) [OMP=0.185 ISP-L=0.004 ISP-F=0.011 MW-L=0.006 MW-F=0.011]
  OMP re-solve: 0.157s

=== True-DRO Benders iter 7 ===
  OMP: t₀=-4.485308, UB=21.561250, gap=1.21e+00, x=[0, 0, 0, 0, 0, 1, 0, 0, 0, 0, 0, 0, 0, 0, 0, 0, 0, 0, 0, 0, 0, 0, 0, 0, 0, 0, 0, 0, 0, 0, 0, 0, 1, 0, 0, 0] (0.000s)
  Sub: Z₀=17.276202 [LOCAL] (0.2s), α=[0.000,0.000,0.000,0.000,0.000,3.402,0.000,0.000,0.000,0.000,0.000,0.000,0.000,0.417,0.000,0.000,0.000,0.259,0.000,0.000,0.000,0.000,0.000,0.000,0.000,0.000,0.000,0.000,0.000,0.000,0.000,0.000,5.431,0.435,0.000,0.000]
  Iter 7: LB=-4.485308  UB=21.561250  gap=1.21e+00
  Cut: intercept=-1114.021090, π_x_range=[-817.9376, 574.4401]
  Mini-Benders[1] (mw): LB=-2.929215, Z₀(α*)=1.905297, intercept=-14.865611 (0.219s) [OMP=0.183 ISP-L=0.004 ISP-F=0.011 MW-L=0.007 MW-F=0.011]
  Mini-Benders[2] (mw): LB=-2.571600, Z₀(α*)=-10.295072, intercept=-46.957951 (0.297s) [OMP=0.243 ISP-L=0.003 ISP-F=0.011 MW-L=0.007 MW-F=0.024]
  Mini-Benders[3] (mw): LB=-2.571600, Z₀(α*)=-10.295072, intercept=-46.957951 (0.266s) [OMP=0.230 ISP-L=0.003 ISP-F=0.011 MW-L=0.008 MW-F=0.011]
  Mini-Benders[4] (mw): LB=-2.571600, Z₀(α*)=-10.295072, intercept=-46.957951 (0.265s) [OMP=0.235 ISP-L=0.004 ISP-F=0.012 MW-L=0.007 MW-F=0.011]
  Mini-Benders[5]: LB stagnated, break
  α-step: Z₀=22.453705, α=[0.000,0.000,3.062,0.000,0.000,0.000,0.000,0.000,0.000,0.000,0.000,0.000,0.000,0.000,0.000,0.000,0.000,0.351,0.000,0.000,0.000,3.074,0.000,0.000,0.000,0.000,0.000,0.000,0.000,0.000,0.000,0.000,2.158,1.300,0.000,0.000]
  Alt-Benders[1] (mw): LB=-1.348290, Z₀(α*)=23.505453, intercept=-4.477159 (0.328s) [OMP=0.297 ISP-L=0.004 ISP-F=0.012 MW-L=0.007 MW-F=0.011]
  Alt-Benders[2] (mw): LB=-1.282510, Z₀(α*)=-5.229279, intercept=-39.511415 (0.265s) [OMP=0.224 ISP-L=0.004 ISP-F=0.011 MW-L=0.008 MW-F=0.010]
  Alt-Benders[3] (mw): LB=-1.282510, Z₀(α*)=-5.229279, intercept=-39.511415 (0.266s) [OMP=0.232 ISP-L=0.004 ISP-F=0.011 MW-L=0.009 MW-F=0.010]
  Alt-Benders[4] (mw): LB=-1.282510, Z₀(α*)=-5.229279, intercept=-39.511415 (0.250s) [OMP=0.222 ISP-L=0.004 ISP-F=0.011 MW-L=0.008 MW-F=0.010]
  Alt-Benders[5]: LB stagnated, break
  OMP re-solve: 0.000s

=== True-DRO Benders iter 8 ===
  OMP: t₀=-1.282510, UB=21.561250, gap=1.06e+00, x=[0, 0, 0, 0, 0, 0, 0, 0, 0, 0, 0, 0, 0, 0, 0, 0, 0, 0, 0, 0, 0, 0, 0, 0, 1, 0, 0, 0, 0, 0, 0, 0, 1, 0, 0, 0] (0.000s)
  Sub: Z₀=17.762281 [LOCAL] (0.2s), α=[0.000,0.000,0.000,0.000,0.000,0.000,0.029,0.000,0.000,0.000,0.000,0.000,0.000,0.000,0.000,0.000,0.000,1.439,0.000,0.000,0.000,0.000,0.000,0.000,1.168,0.000,0.000,0.000,0.000,0.000,0.000,0.000,6.049,1.260,0.000,0.000]
  Iter 8: LB=-1.282510  UB=21.561250  gap=1.06e+00
  Cut: intercept=-1103.630241, π_x_range=[-821.2717, 573.6193]
  Mini-Benders[1] (mw): LB=-0.659378, Z₀(α*)=11.275810, intercept=-25.833837 (0.219s) [OMP=0.193 ISP-L=0.003 ISP-F=0.011 MW-L=0.008 MW-F=0.011]
  Mini-Benders[2] (mw): LB=0.408860, Z₀(α*)=6.314392, intercept=6.314397 (0.265s) [OMP=0.217 ISP-L=0.003 ISP-F=0.011 MW-L=0.021 MW-F=0.008]
  Mini-Benders[3] (mw): LB=1.133818, Z₀(α*)=-8.464827, intercept=-46.731723 (0.219s) [OMP=0.191 ISP-L=0.003 ISP-F=0.010 MW-L=0.008 MW-F=0.010]
  Mini-Benders[4] (mw): LB=1.133818, Z₀(α*)=-8.464827, intercept=-46.731723 (0.266s) [OMP=0.230 ISP-L=0.003 ISP-F=0.011 MW-L=0.007 MW-F=0.010]
  Mini-Benders[5] (mw): LB=1.133818, Z₀(α*)=-8.464827, intercept=-46.731723 (0.250s) [OMP=0.219 ISP-L=0.003 ISP-F=0.011 MW-L=0.008 MW-F=0.010]
  α-step: Z₀=18.678362, α=[0.000,0.000,0.000,0.000,0.000,0.000,0.000,0.000,0.000,0.000,0.000,0.000,0.000,0.000,0.000,0.000,0.000,5.063,0.000,0.000,0.000,0.000,0.000,0.000,0.000,0.000,0.000,0.000,0.000,0.000,0.000,0.000,2.756,2.125,0.000,0.000]
  Alt-Benders[1] (mw): LB=1.485450, Z₀(α*)=19.720225, intercept=-5.166399 (0.234s) [OMP=0.196 ISP-L=0.005 ISP-F=0.011 MW-L=0.009 MW-F=0.012]
  Alt-Benders[2] (mw): LB=1.606552, Z₀(α*)=24.094410, intercept=24.352614 (0.250s) [OMP=0.224 ISP-L=0.004 ISP-F=0.011 MW-L=0.007 MW-F=0.008]
  Alt-Benders[3] (mw): LB=1.760353, Z₀(α*)=20.277764, intercept=-13.985247 (0.266s) [OMP=0.230 ISP-L=0.004 ISP-F=0.012 MW-L=0.007 MW-F=0.015]
  Alt-Benders[4] (mw): LB=1.905295, Z₀(α*)=17.349769, intercept=-4.943355 (0.281s) [OMP=0.250 ISP-L=0.004 ISP-F=0.011 MW-L=0.007 MW-F=0.008]
  Alt-Benders[5] (mw): LB=2.176152, Z₀(α*)=23.029386, intercept=-3.400274 (0.281s) [OMP=0.226 ISP-L=0.004 ISP-F=0.011 MW-L=0.008 MW-F=0.023]
  OMP re-solve: 0.237s

=== True-DRO Benders iter 9 ===
  OMP: t₀=2.177443, UB=21.561250, gap=8.99e-01, x=[0, 0, 1, 0, 0, 0, 0, 0, 0, 0, 0, 0, 1, 0, 0, 0, 0, 0, 0, 0, 0, 0, 0, 0, 0, 0, 0, 0, 0, 0, 0, 0, 0, 0, 0, 0] (0.000s)
  Sub: Z₀=19.402850 [LOCAL] (0.2s), α=[0.000,0.000,6.994,0.000,0.000,0.000,0.000,0.000,0.000,0.000,0.000,0.000,0.000,0.000,0.000,0.000,0.000,0.044,0.000,0.000,0.000,0.000,0.000,0.000,0.000,0.000,0.000,0.000,0.000,0.000,0.000,0.000,0.000,2.906,0.000,0.000]
  Iter 9: LB=2.177443  UB=21.561250  gap=8.99e-01
  Cut: intercept=-1124.541560, π_x_range=[-819.7520, 580.6022]
  Mini-Benders[1] (mw): LB=3.316604, Z₀(α*)=20.886387, intercept=-48.510720 (0.312s) [OMP=0.284 ISP-L=0.004 ISP-F=0.011 MW-L=0.008 MW-F=0.010]
  Mini-Benders[2] (mw): LB=3.515022, Z₀(α*)=23.249114, intercept=2.667679 (0.329s) [OMP=0.279 ISP-L=0.004 ISP-F=0.011 MW-L=0.008 MW-F=0.010]
  Mini-Benders[3] (mw): LB=3.598438, Z₀(α*)=3.446501, intercept=-7.081200 (0.343s) [OMP=0.317 ISP-L=0.004 ISP-F=0.011 MW-L=0.008 MW-F=0.012]
  Mini-Benders[4] (mw): LB=3.598438, Z₀(α*)=3.446501, intercept=-7.081200 (0.375s) [OMP=0.328 ISP-L=0.004 ISP-F=0.011 MW-L=0.008 MW-F=0.012]
  Mini-Benders[5] (mw): LB=3.598438, Z₀(α*)=3.446501, intercept=-7.081200 (0.360s) [OMP=0.331 ISP-L=0.004 ISP-F=0.011 MW-L=0.008 MW-F=0.012]
  α-step: Z₀=21.505073, α=[0.000,0.000,0.000,0.000,0.000,0.000,0.000,0.000,0.000,0.000,0.000,0.000,0.000,0.000,0.000,0.000,0.000,5.063,0.000,0.000,0.000,0.000,0.000,0.000,0.000,0.000,0.000,0.000,0.000,0.000,0.000,0.000,0.000,4.881,0.000,0.000]
  Alt-Benders[1] (mw): LB=4.760959, Z₀(α*)=20.010508, intercept=-17.241007 (0.313s) [OMP=0.284 ISP-L=0.004 ISP-F=0.011 MW-L=0.006 MW-F=0.009]
  Alt-Benders[2] (mw): LB=4.847161, Z₀(α*)=19.885682, intercept=-24.908169 (0.328s) [OMP=0.297 ISP-L=0.004 ISP-F=0.010 MW-L=0.007 MW-F=0.010]
  Alt-Benders[3] (mw): LB=4.860174, Z₀(α*)=15.390012, intercept=-65.700301 (0.328s) [OMP=0.283 ISP-L=0.004 ISP-F=0.012 MW-L=0.021 MW-F=0.008]
  Alt-Benders[4] (mw): LB=5.041982, Z₀(α*)=21.947199, intercept=-5.461551 (0.297s) [OMP=0.260 ISP-L=0.004 ISP-F=0.012 MW-L=0.007 MW-F=0.010]
  Alt-Benders[5] (mw): LB=5.125521, Z₀(α*)=12.097494, intercept=-35.778723 (0.312s) [OMP=0.271 ISP-L=0.004 ISP-F=0.011 MW-L=0.008 MW-F=0.011]
  OMP re-solve: 0.281s

=== True-DRO Benders iter 10 ===
  OMP: t₀=5.192080, UB=21.561250, gap=7.59e-01, x=[0, 0, 0, 0, 0, 0, 0, 0, 0, 0, 0, 0, 1, 0, 0, 0, 0, 0, 0, 0, 0, 0, 0, 0, 0, 0, 0, 0, 0, 1, 0, 0, 0, 0, 0, 0] (0.000s)
  Sub: Z₀=22.859695 [TIME_LIMIT] (15.1s), α=[0.000,0.000,2.577,0.000,0.000,0.000,0.000,0.000,0.000,0.000,0.000,0.000,0.172,3.077,0.000,0.000,0.000,0.799,0.000,0.000,0.000,0.000,0.000,0.000,0.000,0.000,0.000,0.000,0.000,0.000,0.000,0.000,0.000,3.320,0.000,0.000]
  Iter 10: LB=5.192080  UB=21.561250  gap=7.59e-01
  Cut: intercept=-79.603209, π_x_range=[-138.0393, 76.7035]
  Mini-Benders[1] (mw): LB=5.471492, Z₀(α*)=6.600740, intercept=-65.960415 (0.375s) [OMP=0.329 ISP-L=0.004 ISP-F=0.012 MW-L=0.007 MW-F=0.010]
  Mini-Benders[2] (mw): LB=5.867704, Z₀(α*)=18.244865, intercept=-49.680211 (0.297s) [OMP=0.277 ISP-L=0.004 ISP-F=0.011 MW-L=0.007 MW-F=0.011]
  Mini-Benders[3] (mw): LB=5.872030, Z₀(α*)=3.238701, intercept=-86.469730 (0.359s) [OMP=0.316 ISP-L=0.004 ISP-F=0.011 MW-L=0.007 MW-F=0.009]
  Mini-Benders[4] (mw): LB=5.872030, Z₀(α*)=3.238701, intercept=-86.469730 (0.344s) [OMP=0.323 ISP-L=0.004 ISP-F=0.011 MW-L=0.007 MW-F=0.009]
  Mini-Benders[5] (mw): LB=5.872030, Z₀(α*)=3.238701, intercept=-86.469730 (0.344s) [OMP=0.307 ISP-L=0.004 ISP-F=0.011 MW-L=0.007 MW-F=0.009]
  α-step: Z₀=19.402033, α=[0.000,0.000,0.000,0.000,0.000,0.000,0.330,0.000,0.000,0.000,0.000,0.000,0.000,0.000,0.000,0.000,0.000,4.898,0.000,0.000,0.000,0.000,0.000,0.000,0.000,0.000,0.000,0.000,0.000,0.000,0.000,0.000,0.000,4.716,0.000,0.000]
  Alt-Benders[1] (mw): LB=6.076743, Z₀(α*)=5.568889, intercept=13.451823 (0.297s) [OMP=0.258 ISP-L=0.004 ISP-F=0.012 MW-L=0.007 MW-F=0.009]
  Alt-Benders[2] (mw): LB=6.076743, Z₀(α*)=5.568889, intercept=13.451823 (0.360s) [OMP=0.325 ISP-L=0.003 ISP-F=0.011 MW-L=0.007 MW-F=0.008]
  Alt-Benders[3] (mw): LB=6.076743, Z₀(α*)=5.568889, intercept=13.451823 (0.343s) [OMP=0.324 ISP-L=0.004 ISP-F=0.011 MW-L=0.007 MW-F=0.009]
  Alt-Benders[4]: LB stagnated, break
  OMP re-solve: 0.000s

=== True-DRO Benders iter 11 ===
  OMP: t₀=6.076743, UB=21.561250, gap=7.18e-01, x=[0, 0, 0, 0, 0, 0, 0, 0, 0, 1, 0, 0, 0, 0, 0, 0, 0, 0, 0, 0, 0, 0, 0, 0, 0, 0, 0, 1, 0, 0, 0, 0, 0, 0, 0, 0] (0.000s)
  Sub: Z₀=22.817664 [LOCAL] (0.3s), α=[0.000,0.000,5.422,0.000,0.000,0.000,0.000,0.000,0.000,0.000,0.000,0.000,0.000,0.000,0.000,0.000,0.000,0.000,0.000,0.000,0.000,0.000,0.000,0.000,0.000,0.000,0.000,0.000,0.000,0.000,0.000,0.000,0.933,3.589,0.000,0.000]
  Iter 11: LB=6.076743  UB=21.561250  gap=7.18e-01
  Cut: intercept=-1120.655469, π_x_range=[-825.2052, 572.2568]
  Mini-Benders[1] (mw): LB=6.144089, Z₀(α*)=16.015053, intercept=7.441282 (0.313s) [OMP=0.292 ISP-L=0.004 ISP-F=0.010 MW-L=0.007 MW-F=0.009]
  Mini-Benders[2] (mw): LB=6.600738, Z₀(α*)=18.776866, intercept=-64.983609 (0.312s) [OMP=0.271 ISP-L=0.003 ISP-F=0.011 MW-L=0.007 MW-F=0.016]
  Mini-Benders[3] (mw): LB=6.687002, Z₀(α*)=24.467225, intercept=24.756635 (0.344s) [OMP=0.302 ISP-L=0.004 ISP-F=0.011 MW-L=0.007 MW-F=0.013]
  Mini-Benders[4] (mw): LB=6.987648, Z₀(α*)=22.778392, intercept=1.627085 (0.375s) [OMP=0.337 ISP-L=0.003 ISP-F=0.010 MW-L=0.008 MW-F=0.016]
  Mini-Benders[5] (mw): LB=8.095085, Z₀(α*)=19.693294, intercept=-13.222090 (0.469s) [OMP=0.413 ISP-L=0.003 ISP-F=0.011 MW-L=0.007 MW-F=0.029]
  α-step: Z₀=17.503351, α=[0.000,0.000,0.819,0.000,0.000,0.000,0.000,0.000,0.000,0.000,0.000,0.000,0.000,0.000,0.000,0.000,0.000,0.000,0.000,0.000,0.000,0.000,0.000,0.000,0.000,0.000,0.000,0.000,0.000,0.000,0.000,0.000,9.125,0.000,0.000,0.000]
  Alt-Benders[1] (mw): LB=8.962574, Z₀(α*)=-26.969791, intercept=-35.501152 (0.391s) [OMP=0.360 ISP-L=0.004 ISP-F=0.012 MW-L=0.006 MW-F=0.012]
  Alt-Benders[2] (mw): LB=8.962574, Z₀(α*)=-26.969791, intercept=-35.501152 (0.453s) [OMP=0.417 ISP-L=0.005 ISP-F=0.013 MW-L=0.007 MW-F=0.012]
  Alt-Benders[3] (mw): LB=8.962574, Z₀(α*)=-26.969791, intercept=-35.501152 (0.453s) [OMP=0.411 ISP-L=0.004 ISP-F=0.012 MW-L=0.006 MW-F=0.012]
  Alt-Benders[4]: LB stagnated, break
  OMP re-solve: 0.000s

=== True-DRO Benders iter 12 ===
  OMP: t₀=8.962574, UB=21.561250, gap=5.84e-01, x=[0, 0, 0, 0, 0, 0, 0, 0, 0, 0, 0, 0, 1, 0, 0, 0, 0, 0, 0, 0, 0, 0, 0, 0, 0, 0, 0, 1, 0, 0, 0, 0, 0, 0, 0, 0] (0.000s)
  Sub: Z₀=22.178920 [LOCAL] (0.2s), α=[0.000,0.000,4.563,0.000,0.000,0.000,0.000,0.000,0.000,0.000,0.000,0.000,0.579,0.059,0.000,0.000,0.000,0.000,0.000,0.000,0.000,0.000,0.000,0.000,0.000,0.000,0.000,0.000,0.000,0.000,0.000,0.000,0.000,4.743,0.000,0.000]
  Iter 12: LB=8.962574  UB=21.561250  gap=5.84e-01
  Cut: intercept=-1130.219802, π_x_range=[-818.7605, 581.2974]
  Mini-Benders[1] (mw): LB=9.149226, Z₀(α*)=16.433727, intercept=-5.866775 (0.437s) [OMP=0.403 ISP-L=0.004 ISP-F=0.012 MW-L=0.007 MW-F=0.011]
  Mini-Benders[2] (mw): LB=9.512508, Z₀(α*)=22.416177, intercept=-13.507495 (0.438s) [OMP=0.399 ISP-L=0.004 ISP-F=0.012 MW-L=0.007 MW-F=0.017]
  Mini-Benders[3] (mw): LB=10.125648, Z₀(α*)=22.143741, intercept=16.350777 (0.437s) [OMP=0.408 ISP-L=0.004 ISP-F=0.012 MW-L=0.007 MW-F=0.010]
  Mini-Benders[4] (mw): LB=10.158409, Z₀(α*)=20.553367, intercept=16.421470 (0.407s) [OMP=0.372 ISP-L=0.003 ISP-F=0.011 MW-L=0.007 MW-F=0.010]
  Mini-Benders[5] (mw): LB=10.472986, Z₀(α*)=21.086423, intercept=13.930883 (0.547s) [OMP=0.503 ISP-L=0.004 ISP-F=0.012 MW-L=0.020 MW-F=0.010]
  α-step: Z₀=18.819593, α=[0.000,0.000,9.944,0.000,0.000,0.000,0.000,0.000,0.000,0.000,0.000,0.000,0.000,0.000,0.000,0.000,0.000,0.000,0.000,0.000,0.000,0.000,0.000,0.000,0.000,0.000,0.000,0.000,0.000,0.000,0.000,0.000,0.000,0.000,0.000,0.000]
  Alt-Benders[1] (mw): LB=10.591473, Z₀(α*)=-17.527783, intercept=-79.810328 (0.344s) [OMP=0.306 ISP-L=0.004 ISP-F=0.011 MW-L=0.006 MW-F=0.012]
  Alt-Benders[2] (mw): LB=10.591473, Z₀(α*)=-17.527783, intercept=-79.810328 (0.515s) [OMP=0.487 ISP-L=0.004 ISP-F=0.011 MW-L=0.006 MW-F=0.011]
  Alt-Benders[3] (mw): LB=10.591473, Z₀(α*)=-17.527783, intercept=-79.810328 (0.547s) [OMP=0.499 ISP-L=0.004 ISP-F=0.011 MW-L=0.007 MW-F=0.012]
  Alt-Benders[4]: LB stagnated, break
  OMP re-solve: 0.000s

=== True-DRO Benders iter 13 ===
  OMP: t₀=10.591473, UB=21.561250, gap=5.09e-01, x=[0, 0, 0, 0, 0, 0, 0, 0, 0, 0, 0, 0, 1, 0, 0, 0, 0, 0, 0, 0, 0, 0, 1, 0, 0, 0, 0, 0, 0, 0, 0, 0, 0, 0, 0, 0] (0.000s)
  Sub: Z₀=22.203934 [LOCAL] (0.2s), α=[0.000,0.000,2.609,0.000,0.000,0.000,0.000,0.000,0.000,0.000,0.000,0.000,0.000,4.607,0.000,0.000,0.000,0.000,0.000,0.000,0.000,0.000,0.302,0.000,0.000,0.000,0.000,0.000,0.000,0.000,0.000,0.000,0.000,2.427,0.000,0.000]
  Iter 13: LB=10.591473  UB=21.561250  gap=5.09e-01
  Cut: intercept=-1095.082187, π_x_range=[-818.0998, 563.8605]
  Mini-Benders[1] (mw): LB=11.063850, Z₀(α*)=-1.160520, intercept=-35.360620 (0.343s) [OMP=0.310 ISP-L=0.003 ISP-F=0.011 MW-L=0.006 MW-F=0.010]
  Mini-Benders[2] (mw): LB=11.063850, Z₀(α*)=-1.160520, intercept=-35.360620 (0.516s) [OMP=0.487 ISP-L=0.003 ISP-F=0.011 MW-L=0.006 MW-F=0.010]
  Mini-Benders[3] (mw): LB=11.063850, Z₀(α*)=-1.160520, intercept=-35.360620 (0.500s) [OMP=0.464 ISP-L=0.003 ISP-F=0.011 MW-L=0.006 MW-F=0.010]
  Mini-Benders[4]: LB stagnated, break
  α-step: Z₀=24.018306, α=[0.000,0.000,4.831,0.000,0.000,0.000,0.000,0.000,0.000,0.105,0.000,0.000,0.000,0.308,0.000,0.000,0.000,0.377,0.000,0.000,0.000,0.000,0.000,0.000,0.000,0.000,0.000,0.000,0.000,0.000,0.000,0.000,1.536,2.787,0.000,0.000]
  Alt-Benders[1] (mw): LB=11.081751, Z₀(α*)=16.282965, intercept=-20.755045 (0.328s) [OMP=0.294 ISP-L=0.005 ISP-F=0.011 MW-L=0.006 MW-F=0.010]
  Alt-Benders[2] (mw): LB=11.275808, Z₀(α*)=21.780022, intercept=-3.429337 (0.328s) [OMP=0.285 ISP-L=0.004 ISP-F=0.011 MW-L=0.008 MW-F=0.012]
  Alt-Benders[3] (mw): LB=11.404975, Z₀(α*)=22.733841, intercept=19.470151 (0.344s) [OMP=0.318 ISP-L=0.004 ISP-F=0.012 MW-L=0.007 MW-F=0.009]
  Alt-Benders[4] (mw): LB=12.047103, Z₀(α*)=22.899145, intercept=18.857079 (0.375s) [OMP=0.329 ISP-L=0.004 ISP-F=0.012 MW-L=0.007 MW-F=0.012]
  Alt-Benders[5] (mw): LB=12.072037, Z₀(α*)=19.659469, intercept=11.313407 (0.359s) [OMP=0.329 ISP-L=0.004 ISP-F=0.013 MW-L=0.007 MW-F=0.010]
  OMP re-solve: 0.307s

=== True-DRO Benders iter 14 ===
  OMP: t₀=12.097492, UB=21.561250, gap=4.39e-01, x=[0, 0, 0, 0, 0, 0, 0, 0, 0, 0, 0, 0, 0, 0, 0, 0, 0, 1, 0, 0, 0, 0, 1, 0, 0, 0, 0, 0, 0, 0, 0, 0, 0, 0, 0, 0] (0.000s)
  Sub: Z₀=22.242187 [LOCAL] (0.2s), α=[0.000,0.000,3.755,0.000,0.000,0.000,0.000,0.000,0.000,0.000,0.000,0.000,0.000,0.000,0.000,0.000,0.000,2.661,0.000,0.000,0.000,0.000,0.000,0.000,0.000,0.000,0.000,0.000,0.000,0.000,0.000,0.000,2.492,1.037,0.000,0.000]
  Iter 14: LB=12.097492  UB=21.561250  gap=4.39e-01
  Cut: intercept=-1133.030001, π_x_range=[-823.2055, 592.8911]
  Mini-Benders[1] (mw): LB=12.106098, Z₀(α*)=17.523695, intercept=-31.346604 (0.329s) [OMP=0.295 ISP-L=0.004 ISP-F=0.011 MW-L=0.007 MW-F=0.009]
  Mini-Benders[2] (mw): LB=12.156503, Z₀(α*)=22.999667, intercept=23.718038 (0.375s) [OMP=0.327 ISP-L=0.004 ISP-F=0.011 MW-L=0.006 MW-F=0.015]
  Mini-Benders[3] (mw): LB=12.535354, Z₀(α*)=18.429343, intercept=-25.417897 (0.406s) [OMP=0.375 ISP-L=0.004 ISP-F=0.011 MW-L=0.007 MW-F=0.012]
  Mini-Benders[4] (mw): LB=12.784182, Z₀(α*)=25.078840, intercept=25.248844 (0.422s) [OMP=0.381 ISP-L=0.004 ISP-F=0.012 MW-L=0.022 MW-F=0.010]
  Mini-Benders[5] (mw): LB=13.003207, Z₀(α*)=11.019448, intercept=-37.937570 (0.422s) [OMP=0.384 ISP-L=0.004 ISP-F=0.011 MW-L=0.008 MW-F=0.011]
  α-step: Z₀=20.825454, α=[0.000,0.000,2.151,0.000,0.000,0.000,0.000,0.000,0.000,0.000,0.000,0.000,0.000,0.000,0.000,0.000,0.000,3.271,0.000,0.000,0.000,0.000,0.000,0.000,0.000,0.000,0.000,0.000,0.000,0.000,0.000,0.000,1.229,3.293,0.000,0.000]
  Alt-Benders[1] (mw): LB=13.158946, Z₀(α*)=15.792798, intercept=-3.076356 (0.422s) [OMP=0.386 ISP-L=0.005 ISP-F=0.011 MW-L=0.007 MW-F=0.010]
  Alt-Benders[2] (mw): LB=13.257345, Z₀(α*)=19.405130, intercept=-14.431456 (0.375s) [OMP=0.353 ISP-L=0.003 ISP-F=0.011 MW-L=0.006 MW-F=0.009]
  Alt-Benders[3] (mw): LB=13.359160, Z₀(α*)=15.829052, intercept=-30.450613 (0.390s) [OMP=0.359 ISP-L=0.004 ISP-F=0.011 MW-L=0.008 MW-F=0.011]
  Alt-Benders[4] (mw): LB=13.465753, Z₀(α*)=19.117645, intercept=-29.402452 (0.360s) [OMP=0.327 ISP-L=0.004 ISP-F=0.010 MW-L=0.008 MW-F=0.008]
  Alt-Benders[5] (mw): LB=13.474755, Z₀(α*)=21.834710, intercept=20.687142 (0.406s) [OMP=0.378 ISP-L=0.004 ISP-F=0.012 MW-L=0.006 MW-F=0.013]
  OMP re-solve: 0.342s

=== True-DRO Benders iter 15 ===
  OMP: t₀=13.505377, UB=21.561250, gap=3.74e-01, x=[0, 0, 0, 0, 0, 1, 0, 0, 0, 0, 0, 0, 0, 0, 0, 0, 0, 0, 0, 0, 0, 0, 0, 0, 0, 0, 0, 0, 0, 0, 1, 0, 0, 0, 0, 0] (0.000s)
  Sub: Z₀=21.483542 [TIME_LIMIT] (15.1s), α=[0.000,0.000,1.251,0.000,0.000,2.537,0.000,0.000,0.000,0.000,0.000,0.000,0.000,3.762,0.000,0.000,0.000,1.301,0.000,0.000,0.000,0.000,0.000,0.000,0.000,0.000,0.000,0.000,0.000,1.093,0.000,0.000,0.000,0.000,0.000,0.000]
  Iter 15: LB=13.505377  UB=21.561250  gap=3.74e-01
  Cut: intercept=-34.508524, π_x_range=[-138.3557, 52.4872]
  Mini-Benders[1] (mw): LB=13.516456, Z₀(α*)=5.008058, intercept=-54.888043 (0.343s) [OMP=0.302 ISP-L=0.004 ISP-F=0.012 MW-L=0.007 MW-F=0.024]
  Mini-Benders[2] (mw): LB=13.516456, Z₀(α*)=5.008058, intercept=-54.888043 (0.313s) [OMP=0.282 ISP-L=0.004 ISP-F=0.012 MW-L=0.007 MW-F=0.011]
  Mini-Benders[3] (mw): LB=13.516456, Z₀(α*)=5.008058, intercept=-54.888043 (0.328s) [OMP=0.290 ISP-L=0.004 ISP-F=0.012 MW-L=0.007 MW-F=0.011]
  Mini-Benders[4]: LB stagnated, break
  α-step: Z₀=22.958964, α=[0.000,0.000,0.669,0.000,0.000,0.000,0.000,0.000,0.000,0.294,0.000,0.000,0.000,1.079,0.000,0.000,0.000,4.456,0.000,0.000,0.000,0.000,0.000,0.000,0.000,0.000,0.000,0.000,0.000,2.487,0.000,0.000,0.000,0.959,0.000,0.000]
  Alt-Benders[1] (mw): LB=13.625651, Z₀(α*)=8.359464, intercept=-13.127965 (0.390s) [OMP=0.361 ISP-L=0.004 ISP-F=0.011 MW-L=0.007 MW-F=0.010]
  Alt-Benders[2] (mw): LB=13.625651, Z₀(α*)=8.359464, intercept=-13.127965 (0.407s) [OMP=0.370 ISP-L=0.004 ISP-F=0.011 MW-L=0.007 MW-F=0.010]
  Alt-Benders[3] (mw): LB=13.625651, Z₀(α*)=8.359464, intercept=-13.127965 (0.406s) [OMP=0.375 ISP-L=0.004 ISP-F=0.011 MW-L=0.008 MW-F=0.011]
  Alt-Benders[4]: LB stagnated, break
  OMP re-solve: 0.000s

=== True-DRO Benders iter 16 ===
  OMP: t₀=13.625651, UB=21.561250, gap=3.68e-01, x=[0, 0, 0, 0, 0, 0, 0, 0, 0, 0, 0, 0, 0, 0, 0, 0, 0, 1, 0, 0, 0, 0, 0, 0, 0, 0, 0, 0, 0, 0, 1, 0, 0, 0, 0, 0] (0.000s)
  Sub: Z₀=22.652229 [LOCAL] (0.3s), α=[0.000,0.000,5.057,0.000,0.000,0.000,0.000,0.000,0.000,0.000,0.000,0.000,0.000,0.000,0.000,0.000,0.000,1.359,0.000,0.000,0.000,0.000,0.000,0.000,0.000,0.000,0.000,0.000,0.000,0.000,0.000,0.000,0.917,2.611,0.000,0.000]
  Iter 16: LB=13.625651  UB=21.561250  gap=3.68e-01
  Cut: intercept=-1164.668447, π_x_range=[-824.6531, 594.0214]
  Mini-Benders[1] (mw): LB=13.671576, Z₀(α*)=24.207899, intercept=24.640356 (0.406s) [OMP=0.374 ISP-L=0.004 ISP-F=0.012 MW-L=0.008 MW-F=0.009]
  Mini-Benders[2] (mw): LB=13.680286, Z₀(α*)=12.372495, intercept=-27.415054 (0.453s) [OMP=0.396 ISP-L=0.004 ISP-F=0.011 MW-L=0.007 MW-F=0.023]
  Mini-Benders[3] (mw): LB=13.680286, Z₀(α*)=12.372495, intercept=-27.415054 (0.375s) [OMP=0.346 ISP-L=0.004 ISP-F=0.012 MW-L=0.007 MW-F=0.010]
  Mini-Benders[4] (mw): LB=13.680286, Z₀(α*)=12.372495, intercept=-27.415054 (0.375s) [OMP=0.344 ISP-L=0.004 ISP-F=0.011 MW-L=0.007 MW-F=0.010]
  Mini-Benders[5]: LB stagnated, break
  α-step: Z₀=19.817789, α=[0.000,0.000,0.000,0.000,0.000,0.000,0.000,0.000,0.000,0.000,0.000,0.000,0.000,0.000,0.000,0.000,0.000,5.422,0.000,0.000,0.000,0.000,0.000,0.000,0.000,0.000,0.000,0.000,0.000,0.000,0.000,0.000,4.522,0.000,0.000,0.000]
  Alt-Benders[1] (mw): LB=13.960988, Z₀(α*)=24.182574, intercept=24.182572 (0.406s) [OMP=0.384 ISP-L=0.004 ISP-F=0.012 MW-L=0.006 MW-F=0.011]
  Alt-Benders[2] (mw): LB=14.205441, Z₀(α*)=19.036147, intercept=-27.074679 (0.453s) [OMP=0.412 ISP-L=0.003 ISP-F=0.010 MW-L=0.008 MW-F=0.014]
  Alt-Benders[3] (mw): LB=14.224438, Z₀(α*)=-2.384574, intercept=-12.295499 (0.453s) [OMP=0.408 ISP-L=0.004 ISP-F=0.012 MW-L=0.009 MW-F=0.013]
  Alt-Benders[4] (mw): LB=14.224438, Z₀(α*)=-2.384574, intercept=-12.295499 (0.422s) [OMP=0.390 ISP-L=0.004 ISP-F=0.012 MW-L=0.008 MW-F=0.013]
  Alt-Benders[5] (mw): LB=14.224438, Z₀(α*)=-2.384574, intercept=-12.295499 (0.437s) [OMP=0.396 ISP-L=0.004 ISP-F=0.012 MW-L=0.009 MW-F=0.013]
  OMP re-solve: 0.374s

=== True-DRO Benders iter 17 ===
  OMP: t₀=14.224438, UB=21.561250, gap=3.40e-01, x=[0, 0, 0, 0, 0, 0, 1, 0, 0, 0, 0, 0, 1, 0, 0, 0, 0, 0, 0, 0, 0, 0, 0, 0, 0, 0, 0, 0, 0, 0, 0, 0, 0, 0, 0, 0] (0.000s)
  Sub: Z₀=22.859691 [LOCAL] (0.2s), α=[0.000,0.000,2.893,0.000,0.000,0.000,0.000,0.000,0.000,0.000,0.000,0.000,2.085,0.000,0.000,0.000,0.000,0.483,0.000,0.000,0.000,0.000,0.000,0.000,0.000,0.000,0.000,0.000,0.000,0.000,0.000,0.000,0.000,4.483,0.000,0.000]
  Iter 17: LB=14.224438  UB=21.561250  gap=3.40e-01
  Cut: intercept=-1132.578330, π_x_range=[-819.7169, 582.7588]
  Mini-Benders[1] (mw): LB=14.323963, Z₀(α*)=9.598060, intercept=-1.684870 (0.469s) [OMP=0.413 ISP-L=0.004 ISP-F=0.012 MW-L=0.022 MW-F=0.009]
  Mini-Benders[2] (mw): LB=14.323963, Z₀(α*)=9.598060, intercept=-1.684870 (0.437s) [OMP=0.407 ISP-L=0.004 ISP-F=0.011 MW-L=0.008 MW-F=0.009]
  Mini-Benders[3] (mw): LB=14.323963, Z₀(α*)=9.598060, intercept=-1.684870 (0.438s) [OMP=0.400 ISP-L=0.004 ISP-F=0.011 MW-L=0.008 MW-F=0.009]
  Mini-Benders[4]: LB stagnated, break
  α-step: Z₀=21.368267, α=[0.000,0.000,3.737,0.000,0.000,0.000,0.000,0.000,0.000,0.000,0.000,0.000,0.000,0.000,0.000,0.000,0.000,0.000,0.000,0.000,0.000,0.000,0.000,0.000,0.000,0.000,0.000,0.000,0.000,0.000,0.000,0.000,1.229,4.979,0.000,0.000]
  Alt-Benders[1] (mw): LB=14.542625, Z₀(α*)=11.195649, intercept=-85.210258 (0.468s) [OMP=0.434 ISP-L=0.004 ISP-F=0.012 MW-L=0.007 MW-F=0.009]
  Alt-Benders[2] (mw): LB=14.542625, Z₀(α*)=11.195649, intercept=-85.210258 (0.453s) [OMP=0.419 ISP-L=0.004 ISP-F=0.012 MW-L=0.007 MW-F=0.009]
  Alt-Benders[3] (mw): LB=14.542625, Z₀(α*)=11.195649, intercept=-85.210258 (0.469s) [OMP=0.425 ISP-L=0.004 ISP-F=0.012 MW-L=0.007 MW-F=0.009]
  Alt-Benders[4]: LB stagnated, break
  OMP re-solve: 0.000s

=== True-DRO Benders iter 18 ===
  OMP: t₀=14.542625, UB=21.561250, gap=3.26e-01, x=[0, 0, 0, 0, 0, 0, 0, 0, 0, 0, 0, 0, 0, 0, 0, 0, 0, 0, 0, 0, 0, 0, 1, 0, 1, 0, 0, 0, 0, 0, 0, 0, 0, 0, 0, 0] (0.000s)
  Sub: Z₀=20.369695 [LOCAL] (0.2s), α=[0.000,0.000,0.000,0.000,0.000,0.048,0.070,0.000,0.000,0.000,0.000,0.000,0.000,1.199,0.000,0.000,0.000,3.030,0.000,0.000,0.000,0.000,1.470,0.000,1.871,0.000,0.000,0.000,0.000,0.000,0.000,0.000,1.922,0.335,0.000,0.000]
  Iter 18: LB=14.542625  UB=21.561250  gap=3.26e-01
  Cut: intercept=-1072.248964, π_x_range=[-819.0157, 550.2115]
  Mini-Benders[1] (mw): LB=14.551862, Z₀(α*)=7.256034, intercept=-24.805383 (0.390s) [OMP=0.350 ISP-L=0.004 ISP-F=0.012 MW-L=0.006 MW-F=0.011]
  Mini-Benders[2] (mw): LB=14.551862, Z₀(α*)=7.256034, intercept=-24.805383 (0.454s) [OMP=0.410 ISP-L=0.005 ISP-F=0.012 MW-L=0.007 MW-F=0.024]
  Mini-Benders[3] (mw): LB=14.551862, Z₀(α*)=7.256034, intercept=-24.805383 (0.437s) [OMP=0.397 ISP-L=0.005 ISP-F=0.013 MW-L=0.007 MW-F=0.012]
  Mini-Benders[4]: LB stagnated, break
  α-step: Z₀=20.231466, α=[0.000,0.000,0.000,0.000,0.000,0.000,0.000,0.000,0.000,0.000,0.000,0.000,0.000,0.000,0.000,0.000,0.000,5.422,0.000,0.000,0.000,0.000,0.000,0.000,0.000,0.000,0.000,0.000,0.000,0.000,0.000,0.000,0.000,4.522,0.000,0.000]
  Alt-Benders[1] (mw): LB=14.649125, Z₀(α*)=19.875002, intercept=-33.748644 (0.391s) [OMP=0.348 ISP-L=0.004 ISP-F=0.012 MW-L=0.007 MW-F=0.017]
  Alt-Benders[2] (mw): LB=15.311879, Z₀(α*)=14.996752, intercept=-40.952641 (0.484s) [OMP=0.451 ISP-L=0.003 ISP-F=0.010 MW-L=0.007 MW-F=0.013]
  Alt-Benders[3] (mw): LB=15.311879, Z₀(α*)=14.996752, intercept=-40.952641 (0.516s) [OMP=0.471 ISP-L=0.003 ISP-F=0.009 MW-L=0.008 MW-F=0.013]
  Alt-Benders[4] (mw): LB=15.311879, Z₀(α*)=14.996752, intercept=-40.952641 (0.500s) [OMP=0.475 ISP-L=0.004 ISP-F=0.010 MW-L=0.008 MW-F=0.013]
  Alt-Benders[5]: LB stagnated, break
  OMP re-solve: 0.000s

=== True-DRO Benders iter 19 ===
  OMP: t₀=15.311879, UB=21.561250, gap=2.90e-01, x=[0, 0, 1, 0, 0, 0, 0, 0, 0, 0, 0, 0, 0, 0, 0, 0, 0, 0, 0, 0, 0, 0, 0, 0, 0, 0, 0, 0, 0, 0, 0, 0, 1, 0, 0, 0] (0.000s)
  Sub: Z₀=17.648492 [LOCAL] (0.2s), α=[0.000,0.000,7.094,0.000,0.000,0.000,0.000,0.000,0.000,0.000,0.000,0.000,0.000,0.000,0.000,0.000,0.000,0.000,0.000,0.000,0.000,0.000,0.000,0.000,0.000,0.000,0.000,0.000,0.000,0.000,0.000,0.000,2.602,0.248,0.000,0.000]
  Iter 19: LB=15.311879  UB=21.561250  gap=2.90e-01
  Cut: intercept=-1149.075580, π_x_range=[-822.8149, 590.3980]
  Mini-Benders[1] (mw): LB=15.332834, Z₀(α*)=9.181864, intercept=-9.526690 (0.516s) [OMP=0.475 ISP-L=0.004 ISP-F=0.011 MW-L=0.007 MW-F=0.012]
  Mini-Benders[2] (mw): LB=15.332834, Z₀(α*)=9.181864, intercept=-9.526690 (0.500s) [OMP=0.468 ISP-L=0.004 ISP-F=0.011 MW-L=0.007 MW-F=0.012]
  Mini-Benders[3] (mw): LB=15.332834, Z₀(α*)=9.181864, intercept=-9.526690 (0.531s) [OMP=0.483 ISP-L=0.004 ISP-F=0.011 MW-L=0.021 MW-F=0.012]
  Mini-Benders[4]: LB stagnated, break
  α-step: Z₀=23.123692, α=[0.000,0.000,3.607,0.000,0.000,0.000,0.000,0.000,0.000,0.000,0.000,0.000,0.000,2.456,0.000,0.000,0.000,0.000,0.000,0.000,0.000,0.000,0.943,0.000,0.000,0.000,0.000,0.000,0.000,0.000,0.000,0.000,0.529,2.410,0.000,0.000]
  Alt-Benders[1] (mw): LB=15.390010, Z₀(α*)=22.269592, intercept=-81.226660 (0.484s) [OMP=0.447 ISP-L=0.004 ISP-F=0.011 MW-L=0.008 MW-F=0.009]
  Alt-Benders[2] (mw): LB=15.396001, Z₀(α*)=6.624166, intercept=6.955183 (0.453s) [OMP=0.411 ISP-L=0.004 ISP-F=0.011 MW-L=0.008 MW-F=0.014]
  Alt-Benders[3] (mw): LB=15.396001, Z₀(α*)=6.624166, intercept=6.955183 (0.485s) [OMP=0.447 ISP-L=0.003 ISP-F=0.010 MW-L=0.007 MW-F=0.014]
  Alt-Benders[4] (mw): LB=15.396001, Z₀(α*)=6.624166, intercept=6.955183 (0.468s) [OMP=0.442 ISP-L=0.003 ISP-F=0.010 MW-L=0.007 MW-F=0.014]
  Alt-Benders[5]: LB stagnated, break
  OMP re-solve: 0.000s

=== True-DRO Benders iter 20 ===
  OMP: t₀=15.396001, UB=21.561250, gap=2.86e-01, x=[0, 0, 0, 0, 0, 0, 0, 0, 0, 0, 0, 0, 0, 0, 0, 0, 0, 1, 0, 0, 0, 0, 0, 0, 0, 0, 0, 1, 0, 0, 0, 0, 0, 0, 0, 0] (0.000s)
  Sub: Z₀=23.867210 [TIME_LIMIT] (15.1s), α=[0.000,0.000,5.243,0.000,0.000,0.000,0.000,0.000,0.000,0.000,0.000,0.000,0.000,0.343,0.000,0.000,0.000,0.000,0.000,0.000,0.000,0.000,0.000,0.000,0.000,0.000,0.000,0.000,0.000,0.000,0.000,0.000,0.240,4.118,0.000,0.000]
  Iter 20: LB=15.396001  UB=21.561250  gap=2.86e-01
  Cut: intercept=-8.375511, π_x_range=[-204.4218, 28.9050]
  Mini-Benders[1] (mw): LB=15.466092, Z₀(α*)=21.608074, intercept=-41.247088 (0.515s) [OMP=0.474 ISP-L=0.004 ISP-F=0.011 MW-L=0.007 MW-F=0.009]
  Mini-Benders[2] (mw): LB=15.504982, Z₀(α*)=20.264646, intercept=-21.284197 (0.500s) [OMP=0.470 ISP-L=0.004 ISP-F=0.011 MW-L=0.006 MW-F=0.016]
  Mini-Benders[3] (mw): LB=15.647240, Z₀(α*)=22.716874, intercept=1.809083 (0.500s) [OMP=0.456 ISP-L=0.005 ISP-F=0.012 MW-L=0.008 MW-F=0.023]
  Mini-Benders[4] (mw): LB=15.792796, Z₀(α*)=20.551987, intercept=-19.292655 (0.531s) [OMP=0.485 ISP-L=0.005 ISP-F=0.011 MW-L=0.007 MW-F=0.012]
  Mini-Benders[5] (mw): LB=15.829050, Z₀(α*)=13.079816, intercept=-33.650068 (0.500s) [OMP=0.463 ISP-L=0.004 ISP-F=0.010 MW-L=0.008 MW-F=0.012]
  α-step: Z₀=19.410653, α=[0.000,0.000,0.000,0.000,0.000,1.682,0.000,0.000,0.000,0.000,0.000,0.000,0.000,0.072,0.000,0.000,0.000,4.186,0.000,0.000,0.000,0.000,0.000,0.000,0.000,0.000,0.000,0.000,0.000,0.000,0.000,0.000,4.004,0.000,0.000,0.000]
  Alt-Benders[1] (mw): LB=15.900863, Z₀(α*)=4.552276, intercept=-55.855916 (0.515s) [OMP=0.471 ISP-L=0.004 ISP-F=0.012 MW-L=0.007 MW-F=0.011]
  Alt-Benders[2] (mw): LB=15.900863, Z₀(α*)=4.552276, intercept=-55.855916 (0.516s) [OMP=0.485 ISP-L=0.004 ISP-F=0.011 MW-L=0.007 MW-F=0.011]
  Alt-Benders[3] (mw): LB=15.900863, Z₀(α*)=4.552276, intercept=-55.855916 (0.515s) [OMP=0.473 ISP-L=0.004 ISP-F=0.012 MW-L=0.007 MW-F=0.011]
  Alt-Benders[4]: LB stagnated, break
  OMP re-solve: 0.000s

=== True-DRO Benders iter 21 ===
  OMP: t₀=15.900863, UB=21.561250, gap=2.63e-01, x=[0, 0, 0, 0, 0, 0, 0, 0, 0, 0, 0, 0, 1, 0, 0, 0, 0, 0, 0, 0, 0, 0, 0, 0, 1, 0, 0, 0, 0, 0, 0, 0, 0, 0, 0, 0] (0.000s)
  Sub: Z₀=21.767247 [LOCAL] (0.2s), α=[0.000,0.000,0.000,0.000,0.000,0.000,0.015,0.000,0.000,0.000,0.000,0.000,0.978,0.507,0.000,0.000,0.000,3.919,0.000,0.000,0.000,0.000,0.000,0.000,0.315,0.000,0.000,0.000,0.000,0.000,0.000,0.000,0.000,4.211,0.000,0.000]
  Iter 21: LB=15.900863  UB=21.561250  gap=2.63e-01
  Cut: intercept=-1090.229810, π_x_range=[-820.3548, 562.3931]
  Mini-Benders[1] (mw): LB=15.996449, Z₀(α*)=13.221840, intercept=-21.898861 (0.500s) [OMP=0.462 ISP-L=0.004 ISP-F=0.012 MW-L=0.009 MW-F=0.011]
  Mini-Benders[2] (mw): LB=15.996449, Z₀(α*)=13.221840, intercept=-21.898861 (0.500s) [OMP=0.465 ISP-L=0.004 ISP-F=0.012 MW-L=0.009 MW-F=0.011]
  Mini-Benders[3] (mw): LB=15.996449, Z₀(α*)=13.221840, intercept=-21.898861 (0.531s) [OMP=0.475 ISP-L=0.004 ISP-F=0.011 MW-L=0.022 MW-F=0.011]
  Mini-Benders[4]: LB stagnated, break
  α-step: Z₀=19.868546, α=[0.000,0.000,0.000,0.000,0.000,0.000,0.000,0.000,0.000,0.000,0.000,0.000,0.000,0.000,0.000,0.000,0.000,5.063,0.000,0.000,0.000,0.000,0.000,0.000,0.000,0.000,0.000,0.000,0.000,0.000,0.000,0.000,4.881,0.000,0.000,0.000]
  Alt-Benders[1] (mw): LB=16.015051, Z₀(α*)=14.835755, intercept=-5.141690 (0.516s) [OMP=0.488 ISP-L=0.004 ISP-F=0.011 MW-L=0.007 MW-F=0.009]
  Alt-Benders[2] (mw): LB=16.015051, Z₀(α*)=14.835755, intercept=-5.141690 (0.500s) [OMP=0.469 ISP-L=0.005 ISP-F=0.011 MW-L=0.007 MW-F=0.009]
  Alt-Benders[3] (mw): LB=16.015051, Z₀(α*)=14.835755, intercept=-5.141690 (0.500s) [OMP=0.470 ISP-L=0.004 ISP-F=0.011 MW-L=0.007 MW-F=0.009]
  Alt-Benders[4]: LB stagnated, break
  OMP re-solve: 0.000s

=== True-DRO Benders iter 22 ===
  OMP: t₀=16.015051, UB=21.561250, gap=2.57e-01, x=[0, 0, 0, 0, 0, 0, 0, 0, 0, 0, 0, 0, 0, 1, 0, 0, 0, 0, 0, 0, 0, 0, 0, 0, 0, 0, 0, 0, 0, 0, 0, 0, 1, 0, 0, 0] (0.000s)
  Sub: Z₀=21.151401 [LOCAL] (0.2s), α=[0.000,0.000,2.135,0.000,0.000,0.000,0.000,0.000,0.000,0.000,0.000,0.000,0.000,0.000,0.000,0.000,0.000,0.034,0.000,0.000,0.000,0.000,0.000,0.000,0.000,0.000,0.000,0.000,0.000,0.000,0.000,0.000,4.307,3.468,0.000,0.000]
  Iter 22: LB=16.015051  UB=21.561250  gap=2.57e-01
  Cut: intercept=-1155.576429, π_x_range=[-825.1126, 590.7209]
  Mini-Benders[1] (mw): LB=16.142079, Z₀(α*)=20.961169, intercept=-6.854287 (0.500s) [OMP=0.469 ISP-L=0.004 ISP-F=0.011 MW-L=0.007 MW-F=0.015]
  Mini-Benders[2] (mw): LB=16.174534, Z₀(α*)=14.520474, intercept=-26.385326 (0.484s) [OMP=0.449 ISP-L=0.003 ISP-F=0.011 MW-L=0.007 MW-F=0.012]
  Mini-Benders[3] (mw): LB=16.174534, Z₀(α*)=14.520474, intercept=-26.385326 (0.532s) [OMP=0.488 ISP-L=0.003 ISP-F=0.011 MW-L=0.007 MW-F=0.012]
  Mini-Benders[4] (mw): LB=16.174534, Z₀(α*)=14.520474, intercept=-26.385326 (0.515s) [OMP=0.477 ISP-L=0.003 ISP-F=0.011 MW-L=0.007 MW-F=0.025]
  Mini-Benders[5]: LB stagnated, break
  α-step: Z₀=22.622519, α=[0.000,0.000,0.583,0.000,0.000,0.000,0.000,0.000,0.000,0.000,0.000,0.000,0.000,1.365,0.000,0.000,0.000,2.997,0.000,0.000,0.000,0.000,0.529,0.000,0.000,0.000,0.000,0.000,0.000,0.000,0.000,0.000,2.474,1.996,0.000,0.000]
  Alt-Benders[1] (mw): LB=16.282963, Z₀(α*)=22.011667, intercept=-45.838579 (0.484s) [OMP=0.448 ISP-L=0.004 ISP-F=0.011 MW-L=0.007 MW-F=0.016]
  Alt-Benders[2] (mw): LB=16.304427, Z₀(α*)=19.102055, intercept=-8.516206 (0.531s) [OMP=0.503 ISP-L=0.003 ISP-F=0.011 MW-L=0.007 MW-F=0.010]
  Alt-Benders[3] (mw): LB=16.433724, Z₀(α*)=22.685727, intercept=-24.403542 (0.531s) [OMP=0.493 ISP-L=0.004 ISP-F=0.012 MW-L=0.008 MW-F=0.008]
  Alt-Benders[4] (mw): LB=16.454346, Z₀(α*)=8.434006, intercept=-54.959128 (0.454s) [OMP=0.424 ISP-L=0.004 ISP-F=0.012 MW-L=0.007 MW-F=0.012]
  Alt-Benders[5] (mw): LB=16.454346, Z₀(α*)=8.434006, intercept=-54.959128 (0.515s) [OMP=0.467 ISP-L=0.003 ISP-F=0.011 MW-L=0.007 MW-F=0.012]
  OMP re-solve: 0.459s

=== True-DRO Benders iter 23 ===
  OMP: t₀=16.454346, UB=21.561250, gap=2.37e-01, x=[0, 0, 1, 0, 0, 0, 0, 0, 0, 0, 0, 0, 0, 0, 0, 0, 0, 0, 0, 0, 0, 0, 0, 0, 0, 0, 0, 0, 0, 0, 0, 0, 0, 1, 0, 0] (0.000s)
  Sub: Z₀=19.720328 [LOCAL] (0.2s), α=[0.000,0.000,5.063,0.000,0.000,0.000,0.000,0.000,0.000,0.000,0.000,0.000,0.000,0.000,0.000,0.000,0.000,0.000,0.000,0.000,0.000,0.000,0.000,0.000,0.000,0.000,0.000,0.000,0.000,0.000,0.000,0.000,0.000,4.881,0.000,0.000]
  Iter 23: LB=16.454346  UB=21.561250  gap=2.37e-01
  Cut: intercept=-1146.968453, π_x_range=[-818.8426, 585.5285]
  Mini-Benders[1] (mw): LB=16.666998, Z₀(α*)=14.555610, intercept=-42.418525 (0.484s) [OMP=0.442 ISP-L=0.004 ISP-F=0.011 MW-L=0.007 MW-F=0.011]
  Mini-Benders[2] (mw): LB=16.666998, Z₀(α*)=14.555610, intercept=-42.418525 (0.516s) [OMP=0.485 ISP-L=0.004 ISP-F=0.011 MW-L=0.007 MW-F=0.011]
  Mini-Benders[3] (mw): LB=16.666998, Z₀(α*)=14.555610, intercept=-42.418525 (0.531s) [OMP=0.486 ISP-L=0.004 ISP-F=0.011 MW-L=0.021 MW-F=0.011]
  Mini-Benders[4]: LB stagnated, break
  α-step: Z₀=18.788407, α=[0.000,0.000,0.000,0.000,0.000,0.000,0.000,0.000,0.000,0.000,0.000,0.000,0.000,0.000,0.000,0.000,0.000,5.422,0.000,0.000,0.000,0.000,0.000,0.000,0.000,0.000,0.000,0.000,0.000,0.000,0.000,0.000,2.396,2.125,0.000,0.000]
  Alt-Benders[1] (mw): LB=16.752516, Z₀(α*)=-16.419025, intercept=-28.097515 (0.500s) [OMP=0.462 ISP-L=0.005 ISP-F=0.011 MW-L=0.008 MW-F=0.013]
  Alt-Benders[2] (mw): LB=16.752516, Z₀(α*)=-16.419025, intercept=-28.097515 (0.406s) [OMP=0.361 ISP-L=0.005 ISP-F=0.011 MW-L=0.008 MW-F=0.013]
  Alt-Benders[3] (mw): LB=16.752516, Z₀(α*)=-16.419025, intercept=-28.097515 (0.391s) [OMP=0.360 ISP-L=0.005 ISP-F=0.011 MW-L=0.007 MW-F=0.013]
  Alt-Benders[4]: LB stagnated, break
  OMP re-solve: 0.000s

=== True-DRO Benders iter 24 ===
  OMP: t₀=16.752516, UB=21.561250, gap=2.23e-01, x=[0, 0, 0, 0, 0, 0, 0, 0, 0, 0, 0, 0, 1, 0, 0, 0, 0, 0, 0, 0, 0, 0, 0, 0, 0, 0, 0, 0, 0, 0, 0, 0, 1, 0, 0, 0] (0.000s)
  Sub: Z₀=19.713320 [LOCAL] (0.2s), α=[0.000,0.000,2.038,0.000,0.000,0.000,0.000,0.000,0.000,0.000,0.000,0.000,0.000,0.000,0.000,0.000,0.000,0.000,0.000,0.000,0.000,0.000,0.000,0.000,0.000,0.000,0.000,0.000,0.000,0.000,0.000,0.000,0.050,7.856,0.000,0.000]
  Iter 24: LB=16.752516  UB=21.561250  gap=2.23e-01
  Cut: intercept=-1127.837904, π_x_range=[-823.0361, 583.6577]
  Mini-Benders[1] (mw): LB=16.820850, Z₀(α*)=16.498707, intercept=11.714519 (0.453s) [OMP=0.422 ISP-L=0.004 ISP-F=0.013 MW-L=0.008 MW-F=0.012]
  Mini-Benders[2] (mw): LB=16.820850, Z₀(α*)=16.498707, intercept=11.714519 (0.375s) [OMP=0.342 ISP-L=0.003 ISP-F=0.013 MW-L=0.007 MW-F=0.011]
  Mini-Benders[3] (mw): LB=16.820850, Z₀(α*)=16.498707, intercept=11.714519 (0.407s) [OMP=0.359 ISP-L=0.004 ISP-F=0.013 MW-L=0.008 MW-F=0.011]
  Mini-Benders[4]: LB stagnated, break
  α-step: Z₀=23.444013, α=[0.000,0.000,1.151,0.000,0.000,0.000,0.000,0.000,0.000,0.000,0.000,0.000,0.000,0.000,0.000,0.000,0.000,2.386,0.000,0.000,0.000,0.000,0.000,0.000,0.000,0.000,0.000,0.000,0.000,0.000,0.000,0.000,0.000,6.407,0.000,0.000]
  Alt-Benders[1] (mw): LB=16.833835, Z₀(α*)=19.747571, intercept=-44.745342 (0.406s) [OMP=0.370 ISP-L=0.004 ISP-F=0.011 MW-L=0.008 MW-F=0.016]
  Alt-Benders[2] (mw): LB=17.276202, Z₀(α*)=9.552016, intercept=-70.257694 (0.406s) [OMP=0.370 ISP-L=0.005 ISP-F=0.011 MW-L=0.007 MW-F=0.011]
  Alt-Benders[3] (mw): LB=17.276202, Z₀(α*)=9.552016, intercept=-70.257694 (0.407s) [OMP=0.366 ISP-L=0.005 ISP-F=0.011 MW-L=0.007 MW-F=0.011]
  Alt-Benders[4] (mw): LB=17.276202, Z₀(α*)=9.552016, intercept=-70.257694 (0.390s) [OMP=0.368 ISP-L=0.004 ISP-F=0.011 MW-L=0.007 MW-F=0.011]
  Alt-Benders[5]: LB stagnated, break
  OMP re-solve: 0.000s

=== True-DRO Benders iter 25 ===
  OMP: t₀=17.276202, UB=21.561250, gap=1.99e-01, x=[0, 0, 0, 0, 0, 1, 0, 0, 0, 0, 0, 0, 0, 0, 0, 0, 0, 0, 0, 0, 0, 0, 0, 0, 0, 0, 0, 0, 0, 0, 0, 0, 1, 0, 0, 0] (0.000s)
  Sub: Z₀=17.720959 [TIME_LIMIT] (15.1s), α=[0.000,0.000,0.000,0.000,0.000,0.595,0.000,0.000,0.000,0.000,0.000,0.000,0.000,0.266,0.000,0.000,0.000,0.000,0.000,0.000,0.000,0.000,0.000,0.000,0.000,0.000,0.000,0.000,0.000,0.550,0.779,0.000,5.267,2.486,0.000,0.000]
  Iter 25: LB=17.276202  UB=18.046994  gap=4.27e-02
  Cut: intercept=-107.216858, π_x_range=[-197.6975, 83.8359]
  Mini-Benders[1] (mw): LB=17.296975, Z₀(α*)=6.291217, intercept=-48.045051 (0.485s) [OMP=0.439 ISP-L=0.004 ISP-F=0.012 MW-L=0.008 MW-F=0.010]
  Mini-Benders[2] (mw): LB=17.296975, Z₀(α*)=6.291217, intercept=-48.045051 (0.469s) [OMP=0.434 ISP-L=0.004 ISP-F=0.012 MW-L=0.008 MW-F=0.010]
  Mini-Benders[3] (mw): LB=17.296975, Z₀(α*)=6.291217, intercept=-48.045051 (0.437s) [OMP=0.412 ISP-L=0.004 ISP-F=0.012 MW-L=0.008 MW-F=0.010]
  Mini-Benders[4]: LB stagnated, break
  α-step: Z₀=22.354654, α=[0.000,0.000,2.280,0.000,0.000,0.000,0.000,0.000,0.000,0.000,0.000,0.000,0.000,2.515,0.000,0.000,0.000,0.000,0.000,0.000,0.000,0.000,0.000,0.000,0.000,0.000,0.000,0.000,0.000,0.000,0.000,0.000,4.450,0.699,0.000,0.000]
  Alt-Benders[1] (mw): LB=17.349767, Z₀(α*)=14.605333, intercept=-4.099600 (0.437s) [OMP=0.398 ISP-L=0.004 ISP-F=0.011 MW-L=0.020 MW-F=0.009]
  Alt-Benders[2] (mw): LB=17.349767, Z₀(α*)=14.605333, intercept=-4.099600 (0.406s) [OMP=0.378 ISP-L=0.004 ISP-F=0.011 MW-L=0.007 MW-F=0.010]
  Alt-Benders[3] (mw): LB=17.349767, Z₀(α*)=14.605333, intercept=-4.099600 (0.422s) [OMP=0.383 ISP-L=0.004 ISP-F=0.011 MW-L=0.007 MW-F=0.010]
  Alt-Benders[4]: LB stagnated, break
  OMP re-solve: 0.000s

=== True-DRO Benders iter 26 ===
  OMP: t₀=17.349767, UB=18.046994, gap=3.86e-02, x=[0, 0, 0, 0, 0, 0, 0, 0, 0, 0, 0, 0, 0, 0, 0, 0, 0, 0, 0, 0, 0, 0, 0, 0, 0, 0, 0, 0, 0, 0, 1, 0, 1, 0, 0, 0] (0.000s)
  Sub: Z₀=21.089287 [LOCAL] (0.2s), α=[0.000,0.000,2.169,0.000,0.000,0.000,0.000,0.000,0.000,0.000,0.000,0.000,0.000,0.000,0.000,0.000,0.000,0.000,0.000,0.000,0.000,0.000,0.000,0.000,0.000,0.000,0.000,0.000,0.000,0.000,0.000,0.000,5.860,1.916,0.000,0.000]
  Iter 26: LB=17.349767  UB=18.046994  gap=3.86e-02
  Cut: intercept=-1160.993818, π_x_range=[-824.2505, 595.9528]
  Mini-Benders[1] (mw): LB=17.503351, Z₀(α*)=20.389559, intercept=-20.982341 (0.422s) [OMP=0.382 ISP-L=0.004 ISP-F=0.012 MW-L=0.008 MW-F=0.012]
  Mini-Benders[2] (mw): LB=17.523693, Z₀(α*)=-11.711479, intercept=-28.071803 (0.422s) [OMP=0.384 ISP-L=0.003 ISP-F=0.011 MW-L=0.007 MW-F=0.013]
  Mini-Benders[3] (mw): LB=17.523693, Z₀(α*)=-11.711479, intercept=-28.071803 (0.391s) [OMP=0.353 ISP-L=0.003 ISP-F=0.011 MW-L=0.007 MW-F=0.013]
  Mini-Benders[4] (mw): LB=17.523693, Z₀(α*)=-11.711479, intercept=-28.071803 (0.390s) [OMP=0.357 ISP-L=0.004 ISP-F=0.012 MW-L=0.007 MW-F=0.013]
  Mini-Benders[5]: LB stagnated, break
  α-step: Z₀=20.148976, α=[0.000,0.000,0.918,0.000,0.000,0.000,0.000,0.000,0.000,0.000,0.000,0.000,0.000,0.000,0.000,0.000,0.000,4.145,0.000,0.000,0.000,0.000,0.000,0.000,0.000,0.000,0.000,0.000,0.000,0.000,0.000,0.000,0.000,4.881,0.000,0.000]
  Alt-Benders[1] (mw): LB=17.648492, Z₀(α*)=15.137174, intercept=-44.435837 (0.375s) [OMP=0.330 ISP-L=0.004 ISP-F=0.010 MW-L=0.007 MW-F=0.027]
  Alt-Benders[2] (mw): LB=17.648492, Z₀(α*)=15.137174, intercept=-44.435837 (0.359s) [OMP=0.320 ISP-L=0.004 ISP-F=0.010 MW-L=0.008 MW-F=0.014]
  Alt-Benders[3] (mw): LB=17.648492, Z₀(α*)=15.137174, intercept=-44.435837 (0.344s) [OMP=0.317 ISP-L=0.004 ISP-F=0.010 MW-L=0.007 MW-F=0.014]
  Alt-Benders[4]: LB stagnated, break
  OMP re-solve: 0.000s

=== True-DRO Benders iter 27 ===
  OMP: t₀=17.648492, UB=18.046994, gap=2.21e-02, x=[0, 0, 1, 0, 0, 0, 0, 0, 0, 0, 0, 0, 0, 0, 0, 0, 0, 0, 0, 0, 0, 0, 0, 0, 0, 0, 0, 0, 0, 0, 0, 0, 1, 0, 0, 0] (0.000s)
  Sub: Z₀=17.648492 [LOCAL] (0.2s), α=[0.000,0.000,7.094,0.000,0.000,0.000,0.000,0.000,0.000,0.000,0.000,0.000,0.000,0.000,0.000,0.000,0.000,0.000,0.000,0.000,0.000,0.000,0.000,0.000,0.000,0.000,0.000,0.000,0.000,0.000,0.000,0.000,2.602,0.248,0.000,0.000]
  Iter 27: LB=17.648492  UB=18.046994  gap=2.21e-02
  Cut: intercept=-1149.075580, π_x_range=[-822.8149, 590.3980]
  Mini-Benders[1] (mw): LB=17.648492, Z₀(α*)=17.648494, intercept=-38.248023 (0.359s) [OMP=0.327 ISP-L=0.004 ISP-F=0.011 MW-L=0.008 MW-F=0.015]
  Mini-Benders[2] (mw): LB=17.648492, Z₀(α*)=17.648494, intercept=-38.248023 (0.375s) [OMP=0.328 ISP-L=0.004 ISP-F=0.011 MW-L=0.008 MW-F=0.015]
  Mini-Benders[3]: LB stagnated, break
  α-step: Z₀=17.648494, α=[0.000,0.000,7.094,0.000,0.000,0.000,0.000,0.000,0.000,0.000,0.000,0.000,0.000,0.000,0.000,0.000,0.000,0.000,0.000,0.000,0.000,0.000,0.000,0.000,0.000,0.000,0.000,0.000,0.000,0.000,0.000,0.000,2.850,0.000,0.000,0.000]
  Alt-Benders[1] (mw): LB=17.648494, Z₀(α*)=17.648494, intercept=-38.274141 (0.359s) [OMP=0.325 ISP-L=0.004 ISP-F=0.011 MW-L=0.007 MW-F=0.015]
  Alt-Benders[2] (mw): LB=17.648494, Z₀(α*)=17.648494, intercept=-38.274141 (0.375s) [OMP=0.326 ISP-L=0.004 ISP-F=0.011 MW-L=0.007 MW-F=0.015]
  Alt-Benders[3] (mw): LB=17.648494, Z₀(α*)=17.648494, intercept=-38.274141 (0.359s) [OMP=0.321 ISP-L=0.004 ISP-F=0.011 MW-L=0.007 MW-F=0.015]
  Alt-Benders[4]: LB stagnated, break
  OMP re-solve: 0.000s

=== True-DRO Benders iter 28 ===
  OMP: t₀=17.648494, UB=18.046994, gap=2.21e-02, x=[0, 0, 1, 0, 0, 0, 0, 0, 0, 0, 0, 0, 0, 0, 0, 0, 0, 0, 0, 0, 0, 0, 0, 0, 0, 0, 0, 0, 0, 0, 0, 0, 1, 0, 0, 0] (0.000s)
  Sub: Z₀=17.648492 [LOCAL] (0.2s), α=[0.000,0.000,7.094,0.000,0.000,0.000,0.000,0.000,0.000,0.000,0.000,0.000,0.000,0.000,0.000,0.000,0.000,0.000,0.000,0.000,0.000,0.000,0.000,0.000,0.000,0.000,0.000,0.000,0.000,0.000,0.000,0.000,2.602,0.248,0.000,0.000]
  Iter 28: LB=17.648494  UB=18.046994  gap=2.21e-02
  Cut: intercept=-1149.075580, π_x_range=[-822.8149, 590.3980]
  Mini-Benders[1] (mw): LB=17.648494, Z₀(α*)=17.648494, intercept=-38.248023 (0.375s) [OMP=0.333 ISP-L=0.004 ISP-F=0.011 MW-L=0.008 MW-F=0.015]
  Mini-Benders[2] (mw): LB=17.648494, Z₀(α*)=17.648494, intercept=-38.248023 (0.375s) [OMP=0.334 ISP-L=0.004 ISP-F=0.011 MW-L=0.008 MW-F=0.015]
  Mini-Benders[3]: LB stagnated, break
  α-step: Z₀=17.648494, α=[0.000,0.000,7.094,0.000,0.000,0.000,0.000,0.000,0.000,0.000,0.000,0.000,0.000,0.000,0.000,0.000,0.000,0.000,0.000,0.000,0.000,0.000,0.000,0.000,0.000,0.000,0.000,0.000,0.000,0.000,0.000,0.000,2.850,0.000,0.000,0.000]
  Alt-Benders[1] (mw): LB=17.648494, Z₀(α*)=17.648494, intercept=-38.274141 (0.360s) [OMP=0.324 ISP-L=0.004 ISP-F=0.011 MW-L=0.007 MW-F=0.015]
  Alt-Benders[2] (mw): LB=17.648494, Z₀(α*)=17.648494, intercept=-38.274141 (0.375s) [OMP=0.335 ISP-L=0.004 ISP-F=0.011 MW-L=0.007 MW-F=0.015]
  Alt-Benders[3]: LB stagnated, break
  OMP re-solve: 0.000s

=== True-DRO Benders iter 29 ===
  OMP: t₀=17.648494, UB=18.046994, gap=2.21e-02, x=[0, 0, 1, 0, 0, 0, 0, 0, 0, 0, 0, 0, 0, 0, 0, 0, 0, 0, 0, 0, 0, 0, 0, 0, 0, 0, 0, 0, 0, 0, 0, 0, 1, 0, 0, 0] (0.000s)
  Sub: Z₀=17.648492 [LOCAL] (0.2s), α=[0.000,0.000,7.094,0.000,0.000,0.000,0.000,0.000,0.000,0.000,0.000,0.000,0.000,0.000,0.000,0.000,0.000,0.000,0.000,0.000,0.000,0.000,0.000,0.000,0.000,0.000,0.000,0.000,0.000,0.000,0.000,0.000,2.602,0.248,0.000,0.000]
  Iter 29: LB=17.648494  UB=18.046994  gap=2.21e-02
  Cut: intercept=-1149.075580, π_x_range=[-822.8149, 590.3980]
  Mini-Benders[1] (mw): LB=17.648494, Z₀(α*)=17.648494, intercept=-38.248023 (0.359s) [OMP=0.324 ISP-L=0.004 ISP-F=0.011 MW-L=0.008 MW-F=0.015]
  Mini-Benders[2] (mw): LB=17.648494, Z₀(α*)=17.648494, intercept=-38.248023 (0.359s) [OMP=0.327 ISP-L=0.004 ISP-F=0.010 MW-L=0.008 MW-F=0.015]
  Mini-Benders[3]: LB stagnated, break
  α-step: Z₀=17.648494, α=[0.000,0.000,7.094,0.000,0.000,0.000,0.000,0.000,0.000,0.000,0.000,0.000,0.000,0.000,0.000,0.000,0.000,0.000,0.000,0.000,0.000,0.000,0.000,0.000,0.000,0.000,0.000,0.000,0.000,0.000,0.000,0.000,2.850,0.000,0.000,0.000]
  Alt-Benders[1] (mw): LB=17.648494, Z₀(α*)=17.648494, intercept=-38.274141 (0.359s) [OMP=0.320 ISP-L=0.004 ISP-F=0.011 MW-L=0.007 MW-F=0.015]
  Alt-Benders[2] (mw): LB=17.648494, Z₀(α*)=17.648494, intercept=-38.274141 (0.359s) [OMP=0.326 ISP-L=0.004 ISP-F=0.011 MW-L=0.007 MW-F=0.015]
  Alt-Benders[3]: LB stagnated, break
  OMP re-solve: 0.000s

=== True-DRO Benders iter 30 ===
  OMP: t₀=17.648494, UB=18.046994, gap=2.21e-02, x=[0, 0, 1, 0, 0, 0, 0, 0, 0, 0, 0, 0, 0, 0, 0, 0, 0, 0, 0, 0, 0, 0, 0, 0, 0, 0, 0, 0, 0, 0, 0, 0, 1, 0, 0, 0] (0.000s)
  Sub: Z₀=19.384758 (5.8s), α=[0.000,0.000,9.733,0.000,0.000,0.061,0.000,0.000,0.000,0.000,0.000,0.000,0.000,0.031,0.000,0.000,0.000,0.000,0.000,0.000,0.000,0.000,0.000,0.000,0.000,0.000,0.000,0.000,0.000,0.060,0.060,0.000,0.000,0.000,0.000,0.000]
  Iter 30: LB=17.648494  UB=18.046994  gap=2.21e-02
  Cut: intercept=-28.670666, π_x_range=[-591.3030, 24.7861]
  Sherali-Cut: intercept=-22.599186, π_x_range=[-122.2275, 29.5419]
  Mini-Benders[1] (mw): LB=17.662886, Z₀(α*)=17.430890, intercept=-30.447666 (0.391s) [OMP=0.361 ISP-L=0.004 ISP-F=0.009 MW-L=0.007 MW-F=0.009]
  Mini-Benders[2] (mw): LB=17.662886, Z₀(α*)=17.430890, intercept=-30.447666 (0.359s) [OMP=0.341 ISP-L=0.003 ISP-F=0.009 MW-L=0.007 MW-F=0.009]
  Mini-Benders[3] (mw): LB=17.662886, Z₀(α*)=17.430890, intercept=-30.447666 (0.375s) [OMP=0.346 ISP-L=0.004 ISP-F=0.010 MW-L=0.007 MW-F=0.009]
  Mini-Benders[4]: LB stagnated, break
  α-step: Z₀=18.679970, α=[0.000,0.000,9.944,0.000,0.000,0.000,0.000,0.000,0.000,0.000,0.000,0.000,0.000,0.000,0.000,0.000,0.000,0.000,0.000,0.000,0.000,0.000,0.000,0.000,0.000,0.000,0.000,0.000,0.000,0.000,0.000,0.000,0.000,0.000,0.000,0.000]
  Alt-Benders[1] (mw): LB=17.720959, Z₀(α*)=-32.367400, intercept=-49.430694 (0.390s) [OMP=0.343 ISP-L=0.005 ISP-F=0.024 MW-L=0.009 MW-F=0.011]
  Alt-Benders[2] (mw): LB=17.720959, Z₀(α*)=-32.367400, intercept=-49.430694 (0.375s) [OMP=0.342 ISP-L=0.005 ISP-F=0.011 MW-L=0.009 MW-F=0.011]
  Alt-Benders[3] (mw): LB=17.720959, Z₀(α*)=-32.367400, intercept=-49.430694 (0.375s) [OMP=0.330 ISP-L=0.004 ISP-F=0.010 MW-L=0.008 MW-F=0.011]
  Alt-Benders[4]: LB stagnated, break
  OMP re-solve: 0.000s

=== True-DRO Benders iter 31 ===
  OMP: t₀=17.720959, UB=18.046994, gap=1.81e-02, x=[0, 0, 0, 0, 0, 1, 0, 0, 0, 0, 0, 0, 0, 0, 0, 0, 0, 0, 0, 0, 0, 0, 0, 0, 0, 0, 0, 0, 0, 0, 0, 0, 1, 0, 0, 0] (0.000s)
  Sub: Z₀=17.276202 [LOCAL] (0.2s), α=[0.000,0.000,0.000,0.000,0.000,3.402,0.000,0.000,0.000,0.000,0.000,0.000,0.000,0.417,0.000,0.000,0.000,0.259,0.000,0.000,0.000,0.000,0.000,0.000,0.000,0.000,0.000,0.000,0.000,0.000,0.000,0.000,5.431,0.435,0.000,0.000]
  Iter 31: LB=17.720959  UB=18.046994  gap=1.81e-02
  Cut: intercept=-1114.021090, π_x_range=[-817.9376, 574.4401]
  Mini-Benders[1] (mw): LB=17.720959, Z₀(α*)=17.276204, intercept=-55.618408 (0.375s) [OMP=0.335 ISP-L=0.005 ISP-F=0.011 MW-L=0.007 MW-F=0.016]
  Mini-Benders[2] (mw): LB=17.720959, Z₀(α*)=17.276204, intercept=-55.618408 (0.407s) [OMP=0.375 ISP-L=0.005 ISP-F=0.011 MW-L=0.007 MW-F=0.016]
  Mini-Benders[3]: LB stagnated, break
  α-step: Z₀=17.276204, α=[0.000,0.000,0.000,0.000,0.000,0.312,0.000,0.000,0.000,0.000,0.000,0.000,0.000,3.506,0.000,0.000,0.000,0.259,0.000,0.000,0.000,0.000,0.000,0.000,0.000,0.000,0.000,0.000,0.000,0.000,0.000,0.000,5.866,0.000,0.000,0.000]
  Alt-Benders[1] (mw): LB=17.720959, Z₀(α*)=17.276204, intercept=-55.618407 (0.406s) [OMP=0.365 ISP-L=0.005 ISP-F=0.011 MW-L=0.007 MW-F=0.017]
  Alt-Benders[2] (mw): LB=17.720959, Z₀(α*)=17.276204, intercept=-55.618407 (0.406s) [OMP=0.366 ISP-L=0.004 ISP-F=0.011 MW-L=0.008 MW-F=0.017]
  Alt-Benders[3]: LB stagnated, break
  OMP re-solve: 0.000s

=== True-DRO Benders iter 32 ===
  OMP: t₀=17.720959, UB=18.046994, gap=1.81e-02, x=[0, 0, 0, 0, 0, 1, 0, 0, 0, 0, 0, 0, 0, 0, 0, 0, 0, 0, 0, 0, 0, 0, 0, 0, 0, 0, 0, 0, 0, 0, 0, 0, 1, 0, 0, 0] (0.001s)
  Sub: Z₀=17.276202 [LOCAL] (0.2s), α=[0.000,0.000,0.000,0.000,0.000,3.402,0.000,0.000,0.000,0.000,0.000,0.000,0.000,0.417,0.000,0.000,0.000,0.259,0.000,0.000,0.000,0.000,0.000,0.000,0.000,0.000,0.000,0.000,0.000,0.000,0.000,0.000,5.431,0.435,0.000,0.000]
  Iter 32: LB=17.720959  UB=18.046994  gap=1.81e-02
  Cut: intercept=-1114.021090, π_x_range=[-817.9376, 574.4401]
  Mini-Benders[1] (mw): LB=17.720959, Z₀(α*)=17.276204, intercept=-55.618408 (0.406s) [OMP=0.375 ISP-L=0.005 ISP-F=0.011 MW-L=0.007 MW-F=0.016]
  Mini-Benders[2] (mw): LB=17.720959, Z₀(α*)=17.276204, intercept=-55.618408 (0.422s) [OMP=0.381 ISP-L=0.005 ISP-F=0.011 MW-L=0.007 MW-F=0.016]
  Mini-Benders[3]: LB stagnated, break
  α-step: Z₀=17.276204, α=[0.000,0.000,0.000,0.000,0.000,0.312,0.000,0.000,0.000,0.000,0.000,0.000,0.000,3.506,0.000,0.000,0.000,0.259,0.000,0.000,0.000,0.000,0.000,0.000,0.000,0.000,0.000,0.000,0.000,0.000,0.000,0.000,5.866,0.000,0.000,0.000]
  Alt-Benders[1] (mw): LB=17.720959, Z₀(α*)=17.276204, intercept=-55.618407 (0.406s) [OMP=0.360 ISP-L=0.005 ISP-F=0.011 MW-L=0.008 MW-F=0.017]
  Alt-Benders[2] (mw): LB=17.720959, Z₀(α*)=17.276204, intercept=-55.618407 (0.406s) [OMP=0.368 ISP-L=0.004 ISP-F=0.011 MW-L=0.007 MW-F=0.017]
  Alt-Benders[3]: LB stagnated, break
  OMP re-solve: 0.000s

=== True-DRO Benders iter 33 ===
  OMP: t₀=17.720959, UB=18.046994, gap=1.81e-02, x=[0, 0, 0, 0, 0, 1, 0, 0, 0, 0, 0, 0, 0, 0, 0, 0, 0, 0, 0, 0, 0, 0, 0, 0, 0, 0, 0, 0, 0, 0, 0, 0, 1, 0, 0, 0] (0.000s)
  Sub: Z₀=17.276202 [LOCAL] (0.2s), α=[0.000,0.000,0.000,0.000,0.000,3.402,0.000,0.000,0.000,0.000,0.000,0.000,0.000,0.417,0.000,0.000,0.000,0.259,0.000,0.000,0.000,0.000,0.000,0.000,0.000,0.000,0.000,0.000,0.000,0.000,0.000,0.000,5.431,0.435,0.000,0.000]
  Iter 33: LB=17.720959  UB=18.046994  gap=1.81e-02
  Cut: intercept=-1114.021090, π_x_range=[-817.9376, 574.4401]
  Mini-Benders[1] (mw): LB=17.720959, Z₀(α*)=17.276204, intercept=-55.618408 (0.422s) [OMP=0.379 ISP-L=0.004 ISP-F=0.011 MW-L=0.007 MW-F=0.016]
  Mini-Benders[2] (mw): LB=17.720959, Z₀(α*)=17.276204, intercept=-55.618408 (0.422s) [OMP=0.371 ISP-L=0.004 ISP-F=0.011 MW-L=0.007 MW-F=0.016]
  Mini-Benders[3]: LB stagnated, break
  α-step: Z₀=17.276204, α=[0.000,0.000,0.000,0.000,0.000,0.312,0.000,0.000,0.000,0.000,0.000,0.000,0.000,3.506,0.000,0.000,0.000,0.259,0.000,0.000,0.000,0.000,0.000,0.000,0.000,0.000,0.000,0.000,0.000,0.000,0.000,0.000,5.866,0.000,0.000,0.000]
  Alt-Benders[1] (mw): LB=17.720959, Z₀(α*)=17.276204, intercept=-55.618407 (0.422s) [OMP=0.372 ISP-L=0.004 ISP-F=0.024 MW-L=0.007 MW-F=0.017]
  Alt-Benders[2] (mw): LB=17.720959, Z₀(α*)=17.276204, intercept=-55.618407 (0.422s) [OMP=0.371 ISP-L=0.004 ISP-F=0.011 MW-L=0.008 MW-F=0.018]
  Alt-Benders[3]: LB stagnated, break
  OMP re-solve: 0.001s

=== True-DRO Benders iter 34 ===
  OMP: t₀=17.720959, UB=18.046994, gap=1.81e-02, x=[0, 0, 0, 0, 0, 1, 0, 0, 0, 0, 0, 0, 0, 0, 0, 0, 0, 0, 0, 0, 0, 0, 0, 0, 0, 0, 0, 0, 0, 0, 0, 0, 1, 0, 0, 0] (0.000s)
  Sub: Z₀=17.276202 [LOCAL] (0.2s), α=[0.000,0.000,0.000,0.000,0.000,3.402,0.000,0.000,0.000,0.000,0.000,0.000,0.000,0.417,0.000,0.000,0.000,0.259,0.000,0.000,0.000,0.000,0.000,0.000,0.000,0.000,0.000,0.000,0.000,0.000,0.000,0.000,5.431,0.435,0.000,0.000]
  Iter 34: LB=17.720959  UB=18.046994  gap=1.81e-02
  Cut: intercept=-1114.021090, π_x_range=[-817.9376, 574.4401]
  Mini-Benders[1] (mw): LB=17.720959, Z₀(α*)=17.276204, intercept=-55.618408 (0.406s) [OMP=0.375 ISP-L=0.004 ISP-F=0.011 MW-L=0.007 MW-F=0.016]
  Mini-Benders[2] (mw): LB=17.720959, Z₀(α*)=17.276204, intercept=-55.618408 (0.406s) [OMP=0.361 ISP-L=0.004 ISP-F=0.011 MW-L=0.007 MW-F=0.016]
  Mini-Benders[3]: LB stagnated, break
  α-step: Z₀=17.276204, α=[0.000,0.000,0.000,0.000,0.000,0.312,0.000,0.000,0.000,0.000,0.000,0.000,0.000,3.506,0.000,0.000,0.000,0.259,0.000,0.000,0.000,0.000,0.000,0.000,0.000,0.000,0.000,0.000,0.000,0.000,0.000,0.000,5.866,0.000,0.000,0.000]
  Alt-Benders[1] (mw): LB=17.720959, Z₀(α*)=17.276204, intercept=-55.618407 (0.406s) [OMP=0.370 ISP-L=0.004 ISP-F=0.011 MW-L=0.007 MW-F=0.018]
  Alt-Benders[2] (mw): LB=17.720959, Z₀(α*)=17.276204, intercept=-55.618407 (0.406s) [OMP=0.368 ISP-L=0.005 ISP-F=0.011 MW-L=0.008 MW-F=0.017]
  Alt-Benders[3]: LB stagnated, break
  OMP re-solve: 0.001s

=== True-DRO Benders iter 35 ===
  OMP: t₀=17.720959, UB=18.046994, gap=1.81e-02, x=[0, 0, 0, 0, 0, 1, 0, 0, 0, 0, 0, 0, 0, 0, 0, 0, 0, 0, 0, 0, 0, 0, 0, 0, 0, 0, 0, 0, 0, 0, 0, 0, 1, 0, 0, 0] (0.000s)
  Sub: Z₀=17.720958 [TIME_LIMIT] (15.1s), α=[0.000,0.000,0.000,0.000,0.000,0.047,0.000,0.000,0.000,0.000,0.000,0.000,0.000,0.057,0.000,0.000,0.000,0.000,0.000,0.000,0.000,0.000,0.000,0.000,0.000,0.000,0.000,0.000,0.000,1.145,0.943,0.000,2.210,5.543,0.000,0.000]
  Iter 35: LB=17.720959  UB=18.012504  gap=1.62e-02
  Cut: intercept=-125.909642, π_x_range=[-175.1397, 76.5314]
  Mini-Benders[1] (mw): LB=17.720959, Z₀(α*)=17.720957, intercept=-53.091660 (0.500s) [OMP=0.452 ISP-L=0.005 ISP-F=0.012 MW-L=0.009 MW-F=0.024]
  Mini-Benders[2] (mw): LB=17.720959, Z₀(α*)=17.720957, intercept=-53.091660 (0.484s) [OMP=0.442 ISP-L=0.005 ISP-F=0.012 MW-L=0.009 MW-F=0.010]
  Mini-Benders[3]: LB stagnated, break
  α-step: Z₀=17.720957, α=[0.000,0.000,0.000,0.000,0.000,2.192,0.000,0.000,0.000,0.000,0.000,0.000,0.000,0.000,0.000,0.000,0.000,0.000,0.000,0.000,0.000,0.000,0.000,0.000,0.000,0.000,0.000,0.000,0.000,0.000,0.000,0.000,7.209,0.544,0.000,0.000]
  Alt-Benders[1] (mw): LB=17.720959, Z₀(α*)=17.720957, intercept=-53.091665 (0.453s) [OMP=0.406 ISP-L=0.004 ISP-F=0.011 MW-L=0.008 MW-F=0.009]
  Alt-Benders[2] (mw): LB=17.720959, Z₀(α*)=17.720957, intercept=-53.091665 (0.437s) [OMP=0.408 ISP-L=0.004 ISP-F=0.011 MW-L=0.008 MW-F=0.009]
  Alt-Benders[3]: LB stagnated, break
  OMP re-solve: 0.000s

=== True-DRO Benders iter 36 ===
  OMP: t₀=17.720959, UB=18.012504, gap=1.62e-02, x=[0, 0, 0, 0, 0, 1, 0, 0, 0, 0, 0, 0, 0, 0, 0, 0, 0, 0, 0, 0, 0, 0, 0, 0, 0, 0, 0, 0, 0, 0, 0, 0, 1, 0, 0, 0] (0.000s)
  Sub: Z₀=17.276202 [LOCAL] (0.2s), α=[0.000,0.000,0.000,0.000,0.000,3.402,0.000,0.000,0.000,0.000,0.000,0.000,0.000,0.417,0.000,0.000,0.000,0.259,0.000,0.000,0.000,0.000,0.000,0.000,0.000,0.000,0.000,0.000,0.000,0.000,0.000,0.000,5.431,0.435,0.000,0.000]
  Iter 36: LB=17.720959  UB=18.012504  gap=1.62e-02
  Cut: intercept=-1114.021090, π_x_range=[-817.9376, 574.4401]
  Mini-Benders[1] (mw): LB=17.720959, Z₀(α*)=17.276204, intercept=-55.618408 (0.438s) [OMP=0.399 ISP-L=0.005 ISP-F=0.011 MW-L=0.007 MW-F=0.016]
  Mini-Benders[2] (mw): LB=17.720959, Z₀(α*)=17.276204, intercept=-55.618408 (0.437s) [OMP=0.400 ISP-L=0.005 ISP-F=0.011 MW-L=0.007 MW-F=0.017]
  Mini-Benders[3]: LB stagnated, break
  α-step: Z₀=17.276204, α=[0.000,0.000,0.000,0.000,0.000,0.312,0.000,0.000,0.000,0.000,0.000,0.000,0.000,3.506,0.000,0.000,0.000,0.259,0.000,0.000,0.000,0.000,0.000,0.000,0.000,0.000,0.000,0.000,0.000,0.000,0.000,0.000,5.866,0.000,0.000,0.000]
  Alt-Benders[1] (mw): LB=17.720959, Z₀(α*)=17.276204, intercept=-55.618407 (0.453s) [OMP=0.404 ISP-L=0.005 ISP-F=0.014 MW-L=0.008 MW-F=0.018]
  Alt-Benders[2] (mw): LB=17.720959, Z₀(α*)=17.276204, intercept=-55.618407 (0.453s) [OMP=0.408 ISP-L=0.005 ISP-F=0.012 MW-L=0.022 MW-F=0.018]
  Alt-Benders[3]: LB stagnated, break
  OMP re-solve: 0.001s

=== True-DRO Benders iter 37 ===
  OMP: t₀=17.720959, UB=18.012504, gap=1.62e-02, x=[0, 0, 0, 0, 0, 1, 0, 0, 0, 0, 0, 0, 0, 0, 0, 0, 0, 0, 0, 0, 0, 0, 0, 0, 0, 0, 0, 0, 0, 0, 0, 0, 1, 0, 0, 0] (0.000s)
  Sub: Z₀=17.276202 [LOCAL] (0.2s), α=[0.000,0.000,0.000,0.000,0.000,3.402,0.000,0.000,0.000,0.000,0.000,0.000,0.000,0.417,0.000,0.000,0.000,0.259,0.000,0.000,0.000,0.000,0.000,0.000,0.000,0.000,0.000,0.000,0.000,0.000,0.000,0.000,5.431,0.435,0.000,0.000]
  Iter 37: LB=17.720959  UB=18.012504  gap=1.62e-02
  Cut: intercept=-1114.021090, π_x_range=[-817.9376, 574.4401]
  Mini-Benders[1] (mw): LB=17.720959, Z₀(α*)=17.276204, intercept=-55.618408 (0.453s) [OMP=0.422 ISP-L=0.005 ISP-F=0.012 MW-L=0.008 MW-F=0.017]
  Mini-Benders[2] (mw): LB=17.720959, Z₀(α*)=17.276204, intercept=-55.618408 (0.484s) [OMP=0.439 ISP-L=0.005 ISP-F=0.012 MW-L=0.008 MW-F=0.017]
  Mini-Benders[3]: LB stagnated, break
  α-step: Z₀=17.276204, α=[0.000,0.000,0.000,0.000,0.000,0.312,0.000,0.000,0.000,0.000,0.000,0.000,0.000,3.506,0.000,0.000,0.000,0.259,0.000,0.000,0.000,0.000,0.000,0.000,0.000,0.000,0.000,0.000,0.000,0.000,0.000,0.000,5.866,0.000,0.000,0.000]
  Alt-Benders[1] (mw): LB=17.720959, Z₀(α*)=17.276204, intercept=-55.618407 (0.453s) [OMP=0.417 ISP-L=0.005 ISP-F=0.011 MW-L=0.008 MW-F=0.018]
  Alt-Benders[2] (mw): LB=17.720959, Z₀(α*)=17.276204, intercept=-55.618407 (0.453s) [OMP=0.412 ISP-L=0.005 ISP-F=0.011 MW-L=0.008 MW-F=0.018]
  Alt-Benders[3]: LB stagnated, break
  OMP re-solve: 0.000s

=== True-DRO Benders iter 38 ===
  OMP: t₀=17.720959, UB=18.012504, gap=1.62e-02, x=[0, 0, 0, 0, 0, 1, 0, 0, 0, 0, 0, 0, 0, 0, 0, 0, 0, 0, 0, 0, 0, 0, 0, 0, 0, 0, 0, 0, 0, 0, 0, 0, 1, 0, 0, 0] (0.000s)
  Sub: Z₀=17.276202 [LOCAL] (0.2s), α=[0.000,0.000,0.000,0.000,0.000,3.402,0.000,0.000,0.000,0.000,0.000,0.000,0.000,0.417,0.000,0.000,0.000,0.259,0.000,0.000,0.000,0.000,0.000,0.000,0.000,0.000,0.000,0.000,0.000,0.000,0.000,0.000,5.431,0.435,0.000,0.000]
  Iter 38: LB=17.720959  UB=18.012504  gap=1.62e-02
  Cut: intercept=-1114.021090, π_x_range=[-817.9376, 574.4401]
  Mini-Benders[1] (mw): LB=17.720959, Z₀(α*)=17.276204, intercept=-55.618408 (0.437s) [OMP=0.397 ISP-L=0.005 ISP-F=0.012 MW-L=0.007 MW-F=0.016]
  Mini-Benders[2] (mw): LB=17.720959, Z₀(α*)=17.276204, intercept=-55.618408 (0.469s) [OMP=0.404 ISP-L=0.005 ISP-F=0.011 MW-L=0.010 MW-F=0.037]
  Mini-Benders[3]: LB stagnated, break
  α-step: Z₀=17.276204, α=[0.000,0.000,0.000,0.000,0.000,0.312,0.000,0.000,0.000,0.000,0.000,0.000,0.000,3.506,0.000,0.000,0.000,0.259,0.000,0.000,0.000,0.000,0.000,0.000,0.000,0.000,0.000,0.000,0.000,0.000,0.000,0.000,5.866,0.000,0.000,0.000]
  Alt-Benders[1] (mw): LB=17.720959, Z₀(α*)=17.276204, intercept=-55.618407 (0.469s) [OMP=0.420 ISP-L=0.005 ISP-F=0.012 MW-L=0.008 MW-F=0.017]
  Alt-Benders[2] (mw): LB=17.720959, Z₀(α*)=17.276204, intercept=-55.618407 (0.469s) [OMP=0.424 ISP-L=0.005 ISP-F=0.012 MW-L=0.008 MW-F=0.019]
  Alt-Benders[3]: LB stagnated, break
  OMP re-solve: 0.000s

=== True-DRO Benders iter 39 ===
  OMP: t₀=17.720959, UB=18.012504, gap=1.62e-02, x=[0, 0, 0, 0, 0, 1, 0, 0, 0, 0, 0, 0, 0, 0, 0, 0, 0, 0, 0, 0, 0, 0, 0, 0, 0, 0, 0, 0, 0, 0, 0, 0, 1, 0, 0, 0] (0.000s)
  Sub: Z₀=17.276202 [LOCAL] (0.2s), α=[0.000,0.000,0.000,0.000,0.000,3.402,0.000,0.000,0.000,0.000,0.000,0.000,0.000,0.417,0.000,0.000,0.000,0.259,0.000,0.000,0.000,0.000,0.000,0.000,0.000,0.000,0.000,0.000,0.000,0.000,0.000,0.000,5.431,0.435,0.000,0.000]
  Iter 39: LB=17.720959  UB=18.012504  gap=1.62e-02
  Cut: intercept=-1114.021090, π_x_range=[-817.9376, 574.4401]
  Mini-Benders[1] (mw): LB=17.720959, Z₀(α*)=17.276204, intercept=-55.618408 (0.453s) [OMP=0.409 ISP-L=0.005 ISP-F=0.011 MW-L=0.007 MW-F=0.016]
  Mini-Benders[2] (mw): LB=17.720959, Z₀(α*)=17.276204, intercept=-55.618408 (0.438s) [OMP=0.397 ISP-L=0.005 ISP-F=0.011 MW-L=0.007 MW-F=0.021]
  Mini-Benders[3]: LB stagnated, break
  α-step: Z₀=17.276204, α=[0.000,0.000,0.000,0.000,0.000,0.312,0.000,0.000,0.000,0.000,0.000,0.000,0.000,3.506,0.000,0.000,0.000,0.259,0.000,0.000,0.000,0.000,0.000,0.000,0.000,0.000,0.000,0.000,0.000,0.000,0.000,0.000,5.866,0.000,0.000,0.000]
  Alt-Benders[1] (mw): LB=17.720959, Z₀(α*)=17.276204, intercept=-55.618407 (0.453s) [OMP=0.410 ISP-L=0.005 ISP-F=0.011 MW-L=0.008 MW-F=0.018]
  Alt-Benders[2] (mw): LB=17.720959, Z₀(α*)=17.276204, intercept=-55.618407 (0.453s) [OMP=0.417 ISP-L=0.004 ISP-F=0.011 MW-L=0.008 MW-F=0.018]
  Alt-Benders[3]: LB stagnated, break
  OMP re-solve: 0.000s

=== True-DRO Benders iter 40 ===
  OMP: t₀=17.720959, UB=18.012504, gap=1.62e-02, x=[0, 0, 0, 0, 0, 1, 0, 0, 0, 0, 0, 0, 0, 0, 0, 0, 0, 0, 0, 0, 0, 0, 0, 0, 0, 0, 0, 0, 0, 0, 0, 0, 1, 0, 0, 0] (0.000s)
  → Boost: time limit 3600s + MIPGap=0.5% (same x + prev TIME_LIMIT)
  Sub: Z₀=17.720956 (25.1s), α=[0.000,0.000,0.000,0.000,0.000,1.504,0.000,0.000,0.000,0.000,0.000,0.000,0.000,0.687,0.000,0.000,0.000,0.000,0.000,0.000,0.000,0.000,0.000,0.000,0.000,0.000,0.000,0.000,0.000,0.000,0.000,0.000,5.375,2.378,0.000,0.000]
  Iter 40: LB=17.720959  UB=17.720956  gap=1.23e-07
True-DRO Benders converged at iter 40 (gap=1.23e-07)
  Wall time: 255.51 sec
  OMP  time: mean=0.259s, median=0.325s, max=0.519s
  Sub  time (exact): mean=15.453s, median=15.453s, q90=23.149s, max=25.073s (n=2/40)

Result (double/mb_only): Z₀=17.720956, iters=40, time=255.5s
x arcs = [6, 33]
