============================================================
grid5x5 — double [mb_only]: ε̂=0.50, ε̃=0.50, β=0.70
  mini_benders=true, valid_inequality=none
============================================================
Set parameter Username
Set parameter LicenseID to value 2742039
Academic license - for non-commercial use only - expires 2026-11-20
Set parameter Username
Set parameter LicenseID to value 2742039
Academic license - for non-commercial use only - expires 2026-11-20
Set parameter OutputFlag to value 1
Set parameter LogFile to value "global_miqcp.log"
Set parameter Username
Set parameter LicenseID to value 2742039
Academic license - for non-commercial use only - expires 2026-11-20
Set parameter Username
Set parameter LicenseID to value 2742039
Academic license - for non-commercial use only - expires 2026-11-20
Set parameter Username
Set parameter LicenseID to value 2742039
Academic license - for non-commercial use only - expires 2026-11-20
Set parameter Username
Set parameter LicenseID to value 2742039
Academic license - for non-commercial use only - expires 2026-11-20

=== True-DRO Benders iter 1 ===
  OMP: t₀=-10000.000000, UB=Inf, gap=NaN, x=[0, 0, 0, 0, 0, 0, 0, 0, 0, 0, 0, 0, 0, 0, 0, 0, 0, 0, 0, 0, 0, 0, 0, 0, 0, 0, 0, 0, 0, 0, 0, 0, 0, 0, 0, 0, 0, 0, 0, 0, 0, 0, 0, 0, 0, 0, 0] (0.000s)
  Sub: Z₀=48.545771 [LOCAL] (0.8s), α=[0.000,0.000,0.000,0.000,0.000,0.000,0.000,0.000,0.000,0.000,0.000,0.000,0.000,0.000,0.000,0.000,0.000,0.000,0.000,0.000,0.000,0.000,0.000,0.000,2.929,0.000,0.000,0.037,4.892,0.000,0.000,0.000,0.000,0.000,0.000,0.249,2.142,0.000,0.000,0.000,0.000,0.000,0.000,0.000,0.000,0.000,0.000]
  Iter 1: LB=-10000.000000  UB=Inf  gap=NaN
  Cut: intercept=48.545771, π_x_range=[-829.0189, -774.1981]
  Mini-Benders[1] (mw): LB=-1601.425336, Z₀(α*)=43.721362, intercept=-96.843861 (0.203s) [OMP=0.041 ISP-L=0.023 ISP-F=0.072 MW-L=0.028 MW-F=0.041]
  Mini-Benders[2] (mw): LB=-292.906228, Z₀(α*)=41.675039, intercept=-18.809681 (0.156s) [OMP=0.030 ISP-L=0.016 ISP-F=0.056 MW-L=0.023 MW-F=0.032]
  Mini-Benders[3] (mw): LB=-158.832400, Z₀(α*)=32.947026, intercept=-70.702813 (0.235s) [OMP=0.100 ISP-L=0.016 ISP-F=0.056 MW-L=0.022 MW-F=0.040]
  Mini-Benders[4] (mw): LB=-139.184106, Z₀(α*)=33.480134, intercept=-89.994037 (0.297s) [OMP=0.168 ISP-L=0.016 ISP-F=0.055 MW-L=0.023 MW-F=0.035]
  Mini-Benders[5] (mw): LB=-138.464488, Z₀(α*)=44.923024, intercept=-97.719218 (0.437s) [OMP=0.302 ISP-L=0.016 ISP-F=0.057 MW-L=0.024 MW-F=0.038]
Set parameter NonConvex to value 2
Set parameter DualReductions to value 0
  α-step: Z₀=31.664029, α=[0.000,0.000,0.000,0.000,0.000,0.000,0.000,0.000,0.000,0.000,0.000,0.000,0.000,0.000,0.000,0.000,0.000,0.000,0.000,0.000,0.000,0.000,0.000,0.000,0.000,0.000,0.000,0.152,4.527,0.000,0.000,0.000,0.000,0.000,0.000,0.000,5.571,0.000,0.000,0.000,0.000,0.000,0.000,0.000,0.000,0.000,0.000]
  Alt-Benders[1] (mw): LB=-112.028084, Z₀(α*)=42.437399, intercept=23.777632 (0.359s) [OMP=0.228 ISP-L=0.017 ISP-F=0.055 MW-L=0.028 MW-F=0.037]
  Alt-Benders[2] (mw): LB=-100.964084, Z₀(α*)=14.571920, intercept=-32.689974 (0.594s) [OMP=0.423 ISP-L=0.017 ISP-F=0.056 MW-L=0.056 MW-F=0.036]
  Alt-Benders[3] (mw): LB=-91.628427, Z₀(α*)=21.390156, intercept=8.950728 (0.375s) [OMP=0.249 ISP-L=0.016 ISP-F=0.054 MW-L=0.023 MW-F=0.034]
  Alt-Benders[4] (mw): LB=-82.663338, Z₀(α*)=-2.475814, intercept=-172.598766 (0.422s) [OMP=0.289 ISP-L=0.017 ISP-F=0.055 MW-L=0.023 MW-F=0.036]
  Alt-Benders[5] (mw): LB=-77.663550, Z₀(α*)=37.100757, intercept=-61.727387 (0.453s) [OMP=0.319 ISP-L=0.017 ISP-F=0.055 MW-L=0.024 MW-F=0.033]
  OMP re-solve: 0.322s

=== True-DRO Benders iter 2 ===
  OMP: t₀=-74.440008, UB=Inf, gap=NaN, x=[0, 0, 0, 0, 0, 0, 0, 0, 0, 0, 0, 0, 0, 0, 0, 0, 0, 0, 0, 0, 0, 0, 0, 0, 1, 0, 1, 0, 0, 0, 0, 0, 0, 0, 0, 0, 0, 0, 0, 0, 0, 0, 0, 0, 0, 0, 0] (0.000s)
  Sub: Z₀=42.626028 [LOCAL] (0.6s), α=[0.000,0.000,0.000,0.000,0.000,0.000,0.000,0.000,0.000,0.000,0.000,0.000,0.000,0.000,0.000,0.000,0.000,0.000,0.000,0.000,0.000,0.000,0.000,0.000,8.119,0.000,0.000,0.000,2.130,0.000,0.000,0.000,0.000,0.000,0.000,0.000,0.000,0.000,0.000,0.000,0.000,0.000,0.000,0.000,0.000,0.000,0.000]
  Iter 2: LB=-74.440008  UB=Inf  gap=NaN
  Cut: intercept=-1138.028969, π_x_range=[-831.3992, 593.4383]
  Mini-Benders[1] (mw): LB=-70.742188, Z₀(α*)=39.379068, intercept=-51.400888 (0.562s) [OMP=0.423 ISP-L=0.017 ISP-F=0.057 MW-L=0.024 MW-F=0.041]
  Mini-Benders[2] (mw): LB=-68.159712, Z₀(α*)=39.065150, intercept=-154.034291 (0.876s) [OMP=0.751 ISP-L=0.017 ISP-F=0.056 MW-L=0.023 MW-F=0.036]
  Mini-Benders[3] (mw): LB=-68.116308, Z₀(α*)=38.455156, intercept=-56.325812 (1.093s) [OMP=0.960 ISP-L=0.017 ISP-F=0.057 MW-L=0.023 MW-F=0.033]
  Mini-Benders[4] (mw): LB=-59.404139, Z₀(α*)=33.114931, intercept=-174.233500 (1.204s) [OMP=1.076 ISP-L=0.016 ISP-F=0.056 MW-L=0.023 MW-F=0.032]
  Mini-Benders[5] (mw): LB=-55.922984, Z₀(α*)=38.044576, intercept=-44.389634 (1.577s) [OMP=1.450 ISP-L=0.017 ISP-F=0.055 MW-L=0.024 MW-F=0.033]
  α-step: Z₀=39.612147, α=[0.000,0.000,0.000,0.000,0.000,0.000,0.000,0.000,0.000,0.000,0.767,0.000,0.000,0.000,0.000,0.000,0.000,0.000,0.000,0.000,0.000,0.000,3.067,0.000,0.000,0.000,0.000,0.000,6.415,0.000,0.000,0.000,0.000,0.000,0.000,0.000,0.000,0.000,0.000,0.000,0.000,0.000,0.000,0.000,0.000,0.000,0.000]
  Alt-Benders[1] (mw): LB=-48.626450, Z₀(α*)=35.066115, intercept=-13.821991 (1.625s) [OMP=1.488 ISP-L=0.017 ISP-F=0.055 MW-L=0.023 MW-F=0.034]
  Alt-Benders[2] (mw): LB=-46.049388, Z₀(α*)=34.779992, intercept=15.074233 (0.766s) [OMP=0.637 ISP-L=0.017 ISP-F=0.054 MW-L=0.023 MW-F=0.036]
  Alt-Benders[3] (mw): LB=-42.413949, Z₀(α*)=4.888238, intercept=-65.899366 (0.609s) [OMP=0.479 ISP-L=0.017 ISP-F=0.055 MW-L=0.023 MW-F=0.036]
  Alt-Benders[4] (mw): LB=-42.394123, Z₀(α*)=33.357609, intercept=-67.075927 (0.938s) [OMP=0.800 ISP-L=0.017 ISP-F=0.055 MW-L=0.023 MW-F=0.033]
  Alt-Benders[5] (mw): LB=-42.014317, Z₀(α*)=38.312127, intercept=-111.958657 (0.765s) [OMP=0.634 ISP-L=0.017 ISP-F=0.056 MW-L=0.023 MW-F=0.035]
  OMP re-solve: 1.332s

=== True-DRO Benders iter 3 ===
  OMP: t₀=-41.138332, UB=Inf, gap=NaN, x=[0, 0, 0, 0, 0, 0, 0, 0, 0, 0, 0, 0, 0, 0, 0, 0, 0, 0, 0, 0, 0, 0, 1, 0, 1, 0, 0, 0, 0, 0, 0, 0, 0, 0, 0, 0, 0, 0, 0, 0, 0, 0, 0, 0, 0, 0, 0] (0.000s)
  Sub: Z₀=39.864628 [LOCAL] (0.8s), α=[0.000,0.000,0.000,0.000,0.000,0.000,0.000,0.000,0.000,0.000,0.000,0.000,0.000,0.000,0.000,0.000,0.000,0.000,0.000,0.000,0.000,0.000,0.000,0.000,8.230,0.000,0.000,0.000,1.862,0.000,0.000,0.000,0.000,0.000,0.000,0.000,0.157,0.000,0.000,0.000,0.000,0.000,0.000,0.000,0.000,0.000,0.000]
  Iter 3: LB=-41.138332  UB=Inf  gap=NaN
  Cut: intercept=-1135.122424, π_x_range=[-830.1606, 591.3554]
  Mini-Benders[1] (mw): LB=-36.970258, Z₀(α*)=41.852580, intercept=-24.140695 (1.673s) [OMP=1.539 ISP-L=0.017 ISP-F=0.064 MW-L=0.022 MW-F=0.035]
  Mini-Benders[2] (mw): LB=-33.798264, Z₀(α*)=35.729553, intercept=-143.890009 (0.968s) [OMP=0.835 ISP-L=0.017 ISP-F=0.055 MW-L=0.023 MW-F=0.035]
  Mini-Benders[3] (mw): LB=-32.853574, Z₀(α*)=39.184806, intercept=-114.367530 (0.953s) [OMP=0.822 ISP-L=0.017 ISP-F=0.055 MW-L=0.024 MW-F=0.035]
  Mini-Benders[4] (mw): LB=-32.458611, Z₀(α*)=39.268056, intercept=-77.928375 (1.172s) [OMP=0.997 ISP-L=0.016 ISP-F=0.055 MW-L=0.024 MW-F=0.081]
  Mini-Benders[5] (mw): LB=-31.237358, Z₀(α*)=39.008862, intercept=-50.071922 (1.219s) [OMP=1.077 ISP-L=0.017 ISP-F=0.055 MW-L=0.023 MW-F=0.032]
  α-step: Z₀=40.074988, α=[0.000,0.000,0.000,0.000,0.000,0.000,0.000,0.000,0.000,0.000,0.000,0.000,0.000,0.000,0.000,0.000,0.000,0.000,0.000,0.000,0.000,0.000,0.000,0.000,5.603,0.000,0.000,0.178,4.469,0.000,0.000,0.000,0.000,0.000,0.000,0.000,0.000,0.000,0.000,0.000,0.000,0.000,0.000,0.000,0.000,0.000,0.000]
  Alt-Benders[1] (mw): LB=-28.631674, Z₀(α*)=33.932627, intercept=-4.594239 (1.859s) [OMP=1.732 ISP-L=0.016 ISP-F=0.055 MW-L=0.024 MW-F=0.035]
  Alt-Benders[2] (mw): LB=-27.441616, Z₀(α*)=43.147149, intercept=34.765457 (1.937s) [OMP=1.800 ISP-L=0.017 ISP-F=0.056 MW-L=0.024 MW-F=0.035]
  Alt-Benders[3] (mw): LB=-26.787967, Z₀(α*)=42.868059, intercept=-42.986286 (2.188s) [OMP=2.071 ISP-L=0.017 ISP-F=0.054 MW-L=0.023 MW-F=0.032]
  Alt-Benders[4] (mw): LB=-25.140964, Z₀(α*)=37.266778, intercept=3.314408 (1.437s) [OMP=1.308 ISP-L=0.017 ISP-F=0.055 MW-L=0.023 MW-F=0.033]
  Alt-Benders[5] (mw): LB=-24.059246, Z₀(α*)=37.127516, intercept=-150.639074 (2.313s) [OMP=2.172 ISP-L=0.017 ISP-F=0.054 MW-L=0.024 MW-F=0.034]
  OMP re-solve: 2.301s

=== True-DRO Benders iter 4 ===
  OMP: t₀=-22.666247, UB=Inf, gap=NaN, x=[0, 0, 0, 0, 0, 0, 0, 0, 0, 0, 0, 0, 0, 0, 0, 0, 0, 0, 0, 0, 0, 0, 0, 1, 0, 0, 0, 1, 0, 0, 0, 0, 0, 0, 0, 0, 0, 0, 0, 0, 0, 0, 0, 0, 0, 0, 0] (0.001s)
  Sub: Z₀=37.185779 [LOCAL] (0.7s), α=[0.000,0.000,0.000,0.000,0.000,0.000,0.000,0.000,0.000,0.000,0.000,0.000,0.000,0.000,0.000,0.000,0.000,0.000,0.000,0.000,0.000,0.000,0.000,0.000,2.787,0.000,0.000,0.000,5.071,0.000,0.000,0.000,0.000,0.000,0.000,0.255,2.136,0.000,0.000,0.000,0.000,0.000,0.000,0.000,0.000,0.000,0.000]
  Iter 4: LB=-22.666247  UB=Inf  gap=NaN
  Cut: intercept=-1131.252783, π_x_range=[-827.4002, 585.5672]
  Mini-Benders[1] (mw): LB=-21.315630, Z₀(α*)=35.639663, intercept=-45.805223 (1.797s) [OMP=1.666 ISP-L=0.016 ISP-F=0.056 MW-L=0.024 MW-F=0.033]
  Mini-Benders[2] (mw): LB=-19.756244, Z₀(α*)=26.059567, intercept=-56.491081 (1.734s) [OMP=1.594 ISP-L=0.017 ISP-F=0.057 MW-L=0.024 MW-F=0.037]
  Mini-Benders[3] (mw): LB=-18.553082, Z₀(α*)=33.125985, intercept=-13.759379 (1.969s) [OMP=1.811 ISP-L=0.017 ISP-F=0.058 MW-L=0.051 MW-F=0.038]
  Mini-Benders[4] (mw): LB=-18.378485, Z₀(α*)=40.782695, intercept=-64.292666 (1.953s) [OMP=1.820 ISP-L=0.017 ISP-F=0.057 MW-L=0.023 MW-F=0.034]
  Mini-Benders[5] (mw): LB=-18.053467, Z₀(α*)=45.207515, intercept=-4.875372 (1.703s) [OMP=1.573 ISP-L=0.017 ISP-F=0.056 MW-L=0.023 MW-F=0.033]
  α-step QCP failed (True-DRO subproblem: INFEASIBLE (no feasible solution)), fallback to LP
  α-step: Z₀=37.552635, α=[0.000,0.000,0.000,0.000,0.000,0.000,0.000,0.000,0.000,0.000,0.000,0.000,0.000,0.000,0.000,0.000,0.000,0.000,0.000,0.000,0.000,0.000,0.758,0.000,0.000,0.000,0.000,0.000,9.491,0.000,0.000,0.000,0.000,0.000,0.000,0.000,0.000,0.000,0.000,0.000,0.000,0.000,0.000,0.000,0.000,0.000,0.000] [LP-fallback]
  Alt-Benders[1] (mw): LB=-17.519932, Z₀(α*)=10.176245, intercept=-40.921603 (1.812s) [OMP=1.675 ISP-L=0.017 ISP-F=0.055 MW-L=0.024 MW-F=0.033]
  Alt-Benders[2] (mw): LB=-16.557070, Z₀(α*)=40.751290, intercept=-140.355632 (2.813s) [OMP=2.684 ISP-L=0.016 ISP-F=0.053 MW-L=0.024 MW-F=0.038]
  Alt-Benders[3] (mw): LB=-15.927746, Z₀(α*)=36.188356, intercept=-89.259522 (2.469s) [OMP=2.341 ISP-L=0.017 ISP-F=0.053 MW-L=0.023 MW-F=0.033]
  Alt-Benders[4] (mw): LB=-14.864049, Z₀(α*)=44.854181, intercept=-174.469513 (1.968s) [OMP=1.834 ISP-L=0.017 ISP-F=0.054 MW-L=0.023 MW-F=0.035]
  Alt-Benders[5] (mw): LB=-13.523352, Z₀(α*)=34.277336, intercept=-6.564820 (1.953s) [OMP=1.828 ISP-L=0.017 ISP-F=0.056 MW-L=0.023 MW-F=0.032]
  OMP re-solve: 1.793s

=== True-DRO Benders iter 5 ===
  OMP: t₀=-12.540244, UB=Inf, gap=NaN, x=[0, 0, 0, 0, 0, 0, 0, 0, 0, 0, 0, 0, 0, 0, 0, 0, 0, 0, 0, 0, 0, 0, 0, 0, 0, 1, 0, 0, 0, 0, 0, 0, 1, 0, 0, 0, 0, 0, 0, 0, 0, 0, 0, 0, 0, 0, 0] (0.000s)
  Sub: Z₀=47.338065 (14.8s), α=[0.000,0.000,0.000,0.000,0.000,0.000,0.000,0.000,0.000,0.000,0.000,0.000,0.000,0.000,0.000,0.000,0.000,0.000,0.000,0.000,0.000,0.000,0.000,0.000,0.160,0.000,0.000,0.000,2.744,0.000,0.000,0.000,0.000,0.000,0.000,0.000,7.345,0.000,0.000,0.000,0.000,0.000,0.000,0.000,0.000,0.000,0.000]
  Iter 5: LB=-12.540244  UB=47.338065  gap=1.26e+00
  Cut: intercept=-78.133313, π_x_range=[-216.8248, 110.2984]
  Sherali-Cut: intercept=10.405975, π_x_range=[-148.6509, 18.9059]
  Mini-Benders[1] (mw): LB=-11.691948, Z₀(α*)=34.632036, intercept=-104.335031 (2.110s) [OMP=1.989 ISP-L=0.016 ISP-F=0.055 MW-L=0.022 MW-F=0.034]
  Mini-Benders[2] (mw): LB=-11.406257, Z₀(α*)=9.207490, intercept=-41.462280 (1.859s) [OMP=1.731 ISP-L=0.017 ISP-F=0.054 MW-L=0.023 MW-F=0.037]
  Mini-Benders[3] (mw): LB=-9.750543, Z₀(α*)=40.822453, intercept=-71.437163 (2.813s) [OMP=2.672 ISP-L=0.016 ISP-F=0.055 MW-L=0.024 MW-F=0.035]
  Mini-Benders[4] (mw): LB=-7.762938, Z₀(α*)=41.005785, intercept=12.991099 (3.375s) [OMP=3.243 ISP-L=0.016 ISP-F=0.054 MW-L=0.022 MW-F=0.033]
  Mini-Benders[5] (mw): LB=-7.697222, Z₀(α*)=39.013897, intercept=-48.363136 (2.562s) [OMP=2.435 ISP-L=0.016 ISP-F=0.054 MW-L=0.022 MW-F=0.044]
  α-step: Z₀=40.467312, α=[0.000,0.000,0.000,0.000,0.000,0.000,0.000,0.000,0.000,0.000,0.000,0.000,0.000,0.000,0.000,0.000,0.000,0.000,0.000,0.000,0.000,0.000,0.000,0.000,6.378,0.000,3.753,0.000,0.118,0.000,0.000,0.000,0.000,0.000,0.000,0.000,0.000,0.000,0.000,0.000,0.000,0.000,0.000,0.000,0.000,0.000,0.000]
  Alt-Benders[1] (mw): LB=-7.091071, Z₀(α*)=43.116052, intercept=-26.340557 (2.641s) [OMP=2.514 ISP-L=0.016 ISP-F=0.055 MW-L=0.023 MW-F=0.036]
  Alt-Benders[2] (mw): LB=-6.458095, Z₀(α*)=-6.463370, intercept=-185.801140 (2.641s) [OMP=2.509 ISP-L=0.016 ISP-F=0.053 MW-L=0.023 MW-F=0.032]
  Alt-Benders[3] (mw): LB=-6.458095, Z₀(α*)=-6.463370, intercept=-185.801140 (2.203s) [OMP=2.077 ISP-L=0.016 ISP-F=0.053 MW-L=0.023 MW-F=0.033]
  Alt-Benders[4] (mw): LB=-6.458095, Z₀(α*)=-6.463370, intercept=-185.801140 (2.187s) [OMP=2.045 ISP-L=0.016 ISP-F=0.053 MW-L=0.049 MW-F=0.032]
  Alt-Benders[5]: LB stagnated, break
  OMP re-solve: 0.001s

=== True-DRO Benders iter 6 ===
  OMP: t₀=-6.458095, UB=47.338065, gap=1.14e+00, x=[0, 0, 0, 0, 0, 0, 0, 0, 0, 0, 1, 0, 0, 0, 0, 0, 0, 0, 0, 0, 0, 0, 0, 0, 0, 0, 0, 0, 0, 0, 0, 0, 0, 0, 0, 0, 1, 0, 0, 0, 0, 0, 0, 0, 0, 0, 0] (0.000s)
  Sub: Z₀=41.814750 [LOCAL] (0.6s), α=[0.000,0.000,0.000,0.000,0.000,0.000,0.000,0.000,0.000,0.000,0.000,0.000,0.000,0.000,0.000,0.000,0.000,0.000,0.000,0.000,0.000,0.000,3.012,0.000,0.000,0.000,0.000,0.000,4.027,0.000,0.000,0.000,0.000,0.000,0.000,0.000,3.210,0.000,0.000,0.000,0.000,0.000,0.000,0.000,0.000,0.000,0.000]
  Iter 6: LB=-6.458095  UB=47.338065  gap=1.14e+00
  Cut: intercept=-1100.086684, π_x_range=[-826.9667, 585.6744]
  Mini-Benders[1] (mw): LB=-5.425459, Z₀(α*)=43.110904, intercept=37.518672 (2.750s) [OMP=2.615 ISP-L=0.016 ISP-F=0.056 MW-L=0.023 MW-F=0.035]
  Mini-Benders[2] (mw): LB=-4.023452, Z₀(α*)=42.213434, intercept=-76.330594 (2.828s) [OMP=2.704 ISP-L=0.017 ISP-F=0.056 MW-L=0.022 MW-F=0.034]
  Mini-Benders[3] (mw): LB=-3.032072, Z₀(α*)=33.673201, intercept=-111.331697 (3.000s) [OMP=2.860 ISP-L=0.017 ISP-F=0.056 MW-L=0.023 MW-F=0.033]
  Mini-Benders[4] (mw): LB=-3.028909, Z₀(α*)=40.556710, intercept=-48.548782 (2.984s) [OMP=2.857 ISP-L=0.016 ISP-F=0.055 MW-L=0.023 MW-F=0.031]
  Mini-Benders[5] (mw): LB=-2.874351, Z₀(α*)=41.223431, intercept=-138.019376 (3.078s) [OMP=2.952 ISP-L=0.016 ISP-F=0.056 MW-L=0.023 MW-F=0.037]
  α-step: Z₀=41.352570, α=[0.000,0.000,0.000,0.000,0.000,0.000,0.000,0.000,0.000,0.000,0.000,0.000,0.000,0.000,0.000,0.000,0.000,0.000,0.000,0.000,0.000,0.000,0.000,0.000,0.000,0.000,0.000,0.000,2.744,0.000,0.000,0.000,0.000,0.000,2.026,0.000,5.478,0.000,0.000,0.000,0.000,0.000,0.000,0.000,0.000,0.000,0.000]
  Alt-Benders[1] (mw): LB=-1.644869, Z₀(α*)=36.434695, intercept=-65.144034 (3.515s) [OMP=3.377 ISP-L=0.016 ISP-F=0.054 MW-L=0.024 MW-F=0.034]
  Alt-Benders[2] (mw): LB=-1.627349, Z₀(α*)=35.130190, intercept=-97.461518 (3.266s) [OMP=3.135 ISP-L=0.017 ISP-F=0.055 MW-L=0.024 MW-F=0.036]
  Alt-Benders[3] (mw): LB=-1.152924, Z₀(α*)=32.580367, intercept=-22.326754 (3.516s) [OMP=3.367 ISP-L=0.016 ISP-F=0.054 MW-L=0.025 MW-F=0.060]
  Alt-Benders[4] (mw): LB=-0.553589, Z₀(α*)=35.814590, intercept=-96.804718 (3.171s) [OMP=3.047 ISP-L=0.008 ISP-F=0.054 MW-L=0.023 MW-F=0.037]
  Alt-Benders[5] (mw): LB=-0.334906, Z₀(α*)=31.462951, intercept=-122.239589 (3.172s) [OMP=3.032 ISP-L=0.016 ISP-F=0.053 MW-L=0.023 MW-F=0.033]
  OMP re-solve: 2.967s

=== True-DRO Benders iter 7 ===
  OMP: t₀=1.356813, UB=47.338065, gap=9.71e-01, x=[0, 0, 0, 0, 0, 0, 0, 0, 0, 0, 0, 0, 0, 0, 0, 0, 0, 0, 0, 0, 0, 0, 0, 1, 0, 0, 0, 0, 0, 0, 0, 0, 0, 0, 0, 0, 1, 0, 0, 0, 0, 0, 0, 0, 0, 0, 0] (0.001s)
  Sub: Z₀=42.738354 [LOCAL] (0.6s), α=[0.000,0.000,0.000,0.000,0.000,0.000,0.000,0.000,0.000,0.000,0.000,0.000,0.000,0.000,0.000,0.000,0.000,0.000,0.000,0.000,0.000,0.000,0.000,0.000,1.532,0.000,0.000,0.000,0.000,0.000,0.000,0.000,0.000,0.000,0.000,0.006,8.711,0.000,0.000,0.000,0.000,0.000,0.000,0.000,0.000,0.000,0.000]
  Iter 7: LB=1.356813  UB=47.338065  gap=9.71e-01
  Cut: intercept=-1133.975513, π_x_range=[-828.9260, 597.3435]
  Mini-Benders[1] (mw): LB=1.412078, Z₀(α*)=22.283252, intercept=-44.401912 (3.625s) [OMP=3.491 ISP-L=0.016 ISP-F=0.054 MW-L=0.023 MW-F=0.036]
  Mini-Benders[2] (mw): LB=1.716953, Z₀(α*)=0.389240, intercept=-35.937816 (3.219s) [OMP=3.104 ISP-L=0.008 ISP-F=0.055 MW-L=0.024 MW-F=0.033]
  Mini-Benders[3] (mw): LB=1.716953, Z₀(α*)=0.389240, intercept=-35.937815 (3.297s) [OMP=3.160 ISP-L=0.016 ISP-F=0.055 MW-L=0.022 MW-F=0.033]
  Mini-Benders[4] (mw): LB=1.716953, Z₀(α*)=0.389240, intercept=-35.937815 (3.156s) [OMP=3.029 ISP-L=0.016 ISP-F=0.055 MW-L=0.022 MW-F=0.033]
  Mini-Benders[5]: LB stagnated, break
  α-step: Z₀=44.031951, α=[0.000,0.000,0.000,0.000,0.000,0.000,0.000,0.000,0.000,0.000,0.000,0.000,0.000,0.000,0.000,0.000,0.000,0.000,0.000,0.000,0.000,0.000,0.000,0.000,4.526,0.000,0.000,0.000,5.071,0.000,0.000,0.652,0.000,0.000,0.000,0.000,0.000,0.000,0.000,0.000,0.000,0.000,0.000,0.000,0.000,0.000,0.000]
  Alt-Benders[1] (mw): LB=1.889980, Z₀(α*)=38.148831, intercept=-34.654659 (3.375s) [OMP=3.236 ISP-L=0.016 ISP-F=0.055 MW-L=0.023 MW-F=0.036]
  Alt-Benders[2] (mw): LB=3.602614, Z₀(α*)=39.906532, intercept=6.906982 (3.172s) [OMP=3.038 ISP-L=0.017 ISP-F=0.055 MW-L=0.024 MW-F=0.034]
  Alt-Benders[3] (mw): LB=3.990341, Z₀(α*)=41.718143, intercept=-25.828618 (2.938s) [OMP=2.789 ISP-L=0.016 ISP-F=0.055 MW-L=0.047 MW-F=0.035]
  Alt-Benders[4] (mw): LB=4.784016, Z₀(α*)=36.646428, intercept=-182.387359 (3.234s) [OMP=3.098 ISP-L=0.016 ISP-F=0.054 MW-L=0.024 MW-F=0.036]
  Alt-Benders[5] (mw): LB=4.888236, Z₀(α*)=40.414556, intercept=-171.578621 (2.782s) [OMP=2.649 ISP-L=0.016 ISP-F=0.054 MW-L=0.023 MW-F=0.035]
  OMP re-solve: 3.058s

=== True-DRO Benders iter 8 ===
  OMP: t₀=5.560342, UB=47.338065, gap=8.83e-01, x=[0, 0, 0, 0, 0, 0, 0, 0, 0, 0, 0, 0, 0, 0, 0, 0, 0, 0, 0, 0, 0, 0, 0, 0, 0, 0, 0, 1, 0, 0, 0, 0, 0, 0, 0, 1, 0, 0, 0, 0, 0, 0, 0, 0, 0, 0, 0] (0.001s)
  Sub: Z₀=40.510730 [LOCAL] (0.6s), α=[0.000,0.000,0.000,0.000,0.000,0.000,0.000,0.000,0.000,0.000,0.000,0.000,0.000,0.000,0.000,0.000,0.000,0.000,0.000,0.000,0.000,0.000,0.000,0.000,2.725,0.000,0.000,0.394,4.677,0.000,0.000,0.000,0.000,0.000,0.000,2.277,0.176,0.000,0.000,0.000,0.000,0.000,0.000,0.000,0.000,0.000,0.000]
  Iter 8: LB=5.560342  UB=47.338065  gap=8.83e-01
  Cut: intercept=-1136.261488, π_x_range=[-828.2729, 596.9398]
  Mini-Benders[1] (mw): LB=5.907688, Z₀(α*)=31.224838, intercept=-69.111811 (3.110s) [OMP=2.973 ISP-L=0.016 ISP-F=0.058 MW-L=0.023 MW-F=0.033]
  Mini-Benders[2] (mw): LB=6.282972, Z₀(α*)=42.446379, intercept=21.205933 (3.031s) [OMP=2.900 ISP-L=0.016 ISP-F=0.056 MW-L=0.023 MW-F=0.035]
  Mini-Benders[3] (mw): LB=6.609910, Z₀(α*)=34.153719, intercept=-79.448623 (2.656s) [OMP=2.525 ISP-L=0.016 ISP-F=0.055 MW-L=0.023 MW-F=0.034]
  Mini-Benders[4] (mw): LB=6.748573, Z₀(α*)=30.638968, intercept=-115.554483 (2.953s) [OMP=2.823 ISP-L=0.016 ISP-F=0.055 MW-L=0.023 MW-F=0.035]
  Mini-Benders[5] (mw): LB=7.074526, Z₀(α*)=29.858148, intercept=-206.680190 (2.907s) [OMP=2.770 ISP-L=0.017 ISP-F=0.055 MW-L=0.023 MW-F=0.035]
  α-step: Z₀=37.893798, α=[0.000,0.000,0.000,0.000,0.000,0.000,0.000,0.000,0.000,0.000,0.000,0.000,0.000,0.000,0.000,0.000,0.000,0.000,0.000,0.000,0.000,0.000,0.000,0.000,0.000,0.000,0.000,1.258,0.368,0.000,0.000,0.000,0.000,0.000,0.000,0.794,7.830,0.000,0.000,0.000,0.000,0.000,0.000,0.000,0.000,0.000,0.000]
  Alt-Benders[1] (mw): LB=7.729050, Z₀(α*)=18.189348, intercept=-159.674502 (3.187s) [OMP=3.031 ISP-L=0.016 ISP-F=0.054 MW-L=0.025 MW-F=0.059]
  Alt-Benders[2] (mw): LB=8.172419, Z₀(α*)=9.304491, intercept=-50.886493 (2.969s) [OMP=2.828 ISP-L=0.016 ISP-F=0.054 MW-L=0.022 MW-F=0.035]
  Alt-Benders[3] (mw): LB=8.279197, Z₀(α*)=44.801560, intercept=-1.931453 (2.765s) [OMP=2.637 ISP-L=0.008 ISP-F=0.055 MW-L=0.023 MW-F=0.049]
  Alt-Benders[4] (mw): LB=8.646564, Z₀(α*)=12.579933, intercept=-175.371481 (3.344s) [OMP=3.208 ISP-L=0.016 ISP-F=0.056 MW-L=0.024 MW-F=0.035]
  Alt-Benders[5] (mw): LB=8.767632, Z₀(α*)=44.801560, intercept=37.738370 (3.406s) [OMP=3.273 ISP-L=0.016 ISP-F=0.055 MW-L=0.024 MW-F=0.036]
  OMP re-solve: 3.164s

=== True-DRO Benders iter 9 ===
  OMP: t₀=8.988972, UB=47.338065, gap=8.10e-01, x=[0, 0, 0, 0, 0, 0, 0, 0, 0, 0, 0, 0, 0, 0, 0, 0, 0, 0, 0, 0, 0, 0, 0, 0, 0, 0, 0, 0, 1, 1, 0, 0, 0, 0, 0, 0, 0, 0, 0, 0, 0, 0, 0, 0, 0, 0, 0] (0.001s)
  Sub: Z₀=43.799141 [LOCAL] (0.8s), α=[0.000,0.000,0.000,0.000,0.000,0.000,0.000,0.000,0.000,0.000,0.000,0.000,0.000,0.000,0.000,0.000,0.000,0.000,0.000,0.000,0.000,0.000,0.000,0.000,0.000,0.000,0.000,0.054,8.042,0.000,0.000,0.000,0.000,0.000,0.000,0.367,1.786,0.000,0.000,0.000,0.000,0.000,0.000,0.000,0.000,0.000,0.000]
  Iter 9: LB=8.988972  UB=47.338065  gap=8.10e-01
  Cut: intercept=-1121.457773, π_x_range=[-828.8896, 594.2610]
  Mini-Benders[1] (mw): LB=9.006743, Z₀(α*)=38.087261, intercept=-22.952731 (3.360s) [OMP=3.233 ISP-L=0.008 ISP-F=0.055 MW-L=0.023 MW-F=0.045]
  Mini-Benders[2] (mw): LB=9.223574, Z₀(α*)=38.854023, intercept=-17.683250 (3.062s) [OMP=2.925 ISP-L=0.017 ISP-F=0.055 MW-L=0.024 MW-F=0.034]
  Mini-Benders[3] (mw): LB=9.304490, Z₀(α*)=25.822537, intercept=-33.595959 (3.313s) [OMP=3.185 ISP-L=0.016 ISP-F=0.054 MW-L=0.024 MW-F=0.035]
  Mini-Benders[4] (mw): LB=9.811977, Z₀(α*)=30.765091, intercept=-16.517182 (3.406s) [OMP=3.277 ISP-L=0.016 ISP-F=0.055 MW-L=0.024 MW-F=0.037]
  Mini-Benders[5] (mw): LB=10.176243, Z₀(α*)=18.769321, intercept=-44.145119 (3.250s) [OMP=3.117 ISP-L=0.016 ISP-F=0.056 MW-L=0.025 MW-F=0.038]
  α-step: Z₀=35.595477, α=[0.000,0.000,0.000,0.000,0.000,0.000,0.000,0.000,0.000,0.000,0.000,0.000,0.000,0.000,0.000,0.000,0.000,0.000,0.000,0.000,0.000,0.000,6.638,0.000,0.000,0.000,0.000,0.000,3.611,0.000,0.000,0.000,0.000,0.000,0.000,0.000,0.000,0.000,0.000,0.000,0.000,0.000,0.000,0.000,0.000,0.000,0.000]
  Alt-Benders[1] (mw): LB=11.509834, Z₀(α*)=21.281858, intercept=-57.981668 (3.437s) [OMP=3.309 ISP-L=0.016 ISP-F=0.053 MW-L=0.022 MW-F=0.036]
  Alt-Benders[2] (mw): LB=11.524469, Z₀(α*)=42.191793, intercept=-48.577703 (3.266s) [OMP=3.132 ISP-L=0.017 ISP-F=0.055 MW-L=0.023 MW-F=0.034]
  Alt-Benders[3] (mw): LB=12.494561, Z₀(α*)=35.848865, intercept=-128.357622 (3.453s) [OMP=3.328 ISP-L=0.016 ISP-F=0.054 MW-L=0.022 MW-F=0.033]
  Alt-Benders[4] (mw): LB=13.249381, Z₀(α*)=21.570179, intercept=-22.422986 (3.656s) [OMP=3.546 ISP-L=0.007 ISP-F=0.054 MW-L=0.023 MW-F=0.032]
  Alt-Benders[5] (mw): LB=13.611367, Z₀(α*)=42.767957, intercept=-104.081947 (3.532s) [OMP=3.398 ISP-L=0.016 ISP-F=0.054 MW-L=0.023 MW-F=0.033]
  OMP re-solve: 3.264s

=== True-DRO Benders iter 10 ===
  OMP: t₀=14.543737, UB=47.338065, gap=6.93e-01, x=[0, 0, 0, 0, 0, 0, 0, 0, 0, 0, 0, 0, 0, 0, 0, 0, 0, 0, 0, 0, 0, 0, 0, 0, 0, 0, 1, 0, 0, 0, 1, 0, 0, 0, 0, 0, 0, 0, 0, 0, 0, 0, 0, 0, 0, 0, 0] (0.001s)
  Sub: Z₀=45.772761 (11.0s), α=[0.000,0.000,0.000,0.000,0.000,0.000,0.000,0.000,0.000,0.000,0.000,0.000,0.000,0.000,0.000,0.000,0.000,0.000,0.000,0.000,0.000,0.000,0.000,0.000,6.605,0.000,0.000,0.594,0.314,0.000,0.870,0.754,0.000,0.000,1.114,0.000,0.000,0.000,0.000,0.000,0.000,0.000,0.000,0.000,0.000,0.000,0.000]
  Iter 10: LB=14.543737  UB=45.772761  gap=6.82e-01
  Cut: intercept=-79.051979, π_x_range=[-276.0000, 71.4748]
  Sherali-Cut: intercept=-2.435001, π_x_range=[-184.3602, 27.4561]
  Mini-Benders[1] (mw): LB=14.571918, Z₀(α*)=30.557560, intercept=-67.185626 (3.500s) [OMP=3.361 ISP-L=0.016 ISP-F=0.055 MW-L=0.024 MW-F=0.036]
  Mini-Benders[2] (mw): LB=15.805873, Z₀(α*)=25.488606, intercept=-168.784602 (3.391s) [OMP=3.226 ISP-L=0.016 ISP-F=0.055 MW-L=0.026 MW-F=0.062]
  Mini-Benders[3] (mw): LB=15.839954, Z₀(α*)=37.107799, intercept=37.251278 (3.625s) [OMP=3.496 ISP-L=0.016 ISP-F=0.055 MW-L=0.023 MW-F=0.034]
  Mini-Benders[4] (mw): LB=16.273153, Z₀(α*)=39.541907, intercept=-131.398079 (3.328s) [OMP=3.199 ISP-L=0.016 ISP-F=0.055 MW-L=0.022 MW-F=0.037]
  Mini-Benders[5] (mw): LB=16.616372, Z₀(α*)=38.321086, intercept=-6.591182 (3.313s) [OMP=3.181 ISP-L=0.016 ISP-F=0.055 MW-L=0.022 MW-F=0.034]
  α-step: Z₀=32.048370, α=[0.000,0.000,0.000,0.000,0.000,0.000,0.000,0.000,0.000,0.000,0.000,0.000,0.000,0.000,0.000,0.000,0.000,0.000,0.000,0.000,0.000,0.000,4.981,0.000,1.484,0.000,0.000,0.000,0.000,0.000,0.000,0.000,0.000,0.000,0.000,0.000,3.784,0.000,0.000,0.000,0.000,0.000,0.000,0.000,0.000,0.000,0.000]
  Alt-Benders[1] (mw): LB=18.134484, Z₀(α*)=16.722581, intercept=-101.673741 (3.781s) [OMP=3.652 ISP-L=0.016 ISP-F=0.053 MW-L=0.023 MW-F=0.036]
  Alt-Benders[2] (mw): LB=18.134484, Z₀(α*)=16.722581, intercept=-101.673741 (3.578s) [OMP=3.448 ISP-L=0.016 ISP-F=0.054 MW-L=0.023 MW-F=0.036]
  Alt-Benders[3] (mw): LB=18.134484, Z₀(α*)=16.722581, intercept=-101.673741 (3.547s) [OMP=3.417 ISP-L=0.016 ISP-F=0.054 MW-L=0.023 MW-F=0.037]
  Alt-Benders[4]: LB stagnated, break
  OMP re-solve: 0.001s

=== True-DRO Benders iter 11 ===
  OMP: t₀=18.134484, UB=45.772761, gap=6.04e-01, x=[0, 0, 0, 0, 0, 0, 0, 0, 0, 0, 0, 0, 0, 0, 0, 0, 0, 0, 0, 0, 0, 0, 0, 0, 0, 0, 0, 0, 0, 0, 0, 0, 1, 1, 0, 0, 0, 0, 0, 0, 0, 0, 0, 0, 0, 0, 0] (0.001s)
  Sub: Z₀=45.162148 [LOCAL] (0.7s), α=[0.000,0.000,0.000,0.000,0.000,0.000,0.000,0.000,0.000,0.000,0.000,0.000,0.000,0.000,0.000,0.000,0.000,0.000,0.000,0.000,0.000,0.000,0.000,0.000,5.129,0.000,0.000,0.000,0.000,0.000,0.000,0.000,2.230,0.000,0.000,0.820,2.070,0.000,0.000,0.000,0.000,0.000,0.000,0.000,0.000,0.000,0.000]
  Iter 11: LB=18.134484  UB=45.772761  gap=6.04e-01
  Cut: intercept=-1132.603855, π_x_range=[-828.1985, 596.9664]
  Mini-Benders[1] (mw): LB=18.189346, Z₀(α*)=11.839571, intercept=-152.797223 (3.656s) [OMP=3.527 ISP-L=0.016 ISP-F=0.057 MW-L=0.024 MW-F=0.036]
  Mini-Benders[2] (mw): LB=18.189346, Z₀(α*)=11.839571, intercept=-152.797223 (3.672s) [OMP=3.536 ISP-L=0.016 ISP-F=0.057 MW-L=0.025 MW-F=0.036]
  Mini-Benders[3] (mw): LB=18.189346, Z₀(α*)=11.839571, intercept=-152.797223 (3.781s) [OMP=3.615 ISP-L=0.016 ISP-F=0.057 MW-L=0.050 MW-F=0.036]
  Mini-Benders[4]: LB stagnated, break
  α-step: Z₀=46.393547, α=[0.000,0.000,0.000,0.000,0.000,0.000,0.000,0.000,0.000,0.000,0.000,0.000,0.000,0.000,0.000,0.000,0.000,0.000,0.000,0.000,0.000,0.000,3.012,0.000,2.239,0.000,0.000,0.000,4.998,0.000,0.000,0.000,0.000,0.000,0.000,0.000,0.000,0.000,0.000,0.000,0.000,0.000,0.000,0.000,0.000,0.000,0.000]
  Alt-Benders[1] (mw): LB=18.239368, Z₀(α*)=41.791026, intercept=-15.139140 (3.703s) [OMP=3.576 ISP-L=0.016 ISP-F=0.055 MW-L=0.022 MW-F=0.037]
  Alt-Benders[2] (mw): LB=18.562297, Z₀(α*)=41.102809, intercept=-13.273457 (4.203s) [OMP=4.087 ISP-L=0.008 ISP-F=0.054 MW-L=0.023 MW-F=0.036]
  Alt-Benders[3] (mw): LB=18.769318, Z₀(α*)=38.364226, intercept=-22.262662 (4.047s) [OMP=3.908 ISP-L=0.016 ISP-F=0.055 MW-L=0.023 MW-F=0.035]
  Alt-Benders[4] (mw): LB=18.869865, Z₀(α*)=44.311792, intercept=13.231610 (3.797s) [OMP=3.666 ISP-L=0.016 ISP-F=0.054 MW-L=0.023 MW-F=0.034]
  Alt-Benders[5] (mw): LB=20.528139, Z₀(α*)=36.641948, intercept=-44.765948 (3.813s) [OMP=3.684 ISP-L=0.016 ISP-F=0.055 MW-L=0.023 MW-F=0.035]
  OMP re-solve: 3.650s

=== True-DRO Benders iter 12 ===
  OMP: t₀=21.233153, UB=45.772761, gap=5.36e-01, x=[0, 0, 0, 0, 0, 0, 0, 0, 0, 0, 0, 0, 0, 0, 0, 0, 0, 0, 0, 0, 0, 0, 0, 0, 0, 1, 0, 0, 0, 0, 0, 0, 0, 1, 0, 0, 0, 0, 0, 0, 0, 0, 0, 0, 0, 0, 0] (0.001s)
  Sub: Z₀=46.557834 [LOCAL] (0.6s), α=[0.000,0.000,0.000,0.000,0.000,0.000,0.000,0.000,0.000,0.000,0.000,0.000,0.000,0.000,0.000,0.000,0.000,0.000,0.000,0.000,0.000,0.000,0.000,0.000,7.240,2.484,0.000,0.000,0.368,0.000,0.000,0.000,0.000,0.000,0.000,0.000,0.157,0.000,0.000,0.000,0.000,0.000,0.000,0.000,0.000,0.000,0.000]
  Iter 12: LB=21.233153  UB=45.772761  gap=5.36e-01
  Cut: intercept=-1114.238204, π_x_range=[-831.0701, 588.9819]
  Mini-Benders[1] (mw): LB=21.281856, Z₀(α*)=32.003278, intercept=-53.279397 (3.844s) [OMP=3.714 ISP-L=0.016 ISP-F=0.054 MW-L=0.024 MW-F=0.035]
  Mini-Benders[2] (mw): LB=21.570177, Z₀(α*)=48.577937, intercept=-3.095513 (3.813s) [OMP=3.650 ISP-L=0.016 ISP-F=0.064 MW-L=0.022 MW-F=0.061]
  Mini-Benders[3] (mw): LB=22.253009, Z₀(α*)=36.687938, intercept=-172.817418 (4.453s) [OMP=4.305 ISP-L=0.016 ISP-F=0.056 MW-L=0.025 MW-F=0.057]
  Mini-Benders[4] (mw): LB=22.277872, Z₀(α*)=33.849717, intercept=-51.026398 (4.422s) [OMP=4.290 ISP-L=0.016 ISP-F=0.055 MW-L=0.023 MW-F=0.033]
  Mini-Benders[5] (mw): LB=22.283251, Z₀(α*)=35.289717, intercept=-24.042607 (4.375s) [OMP=4.239 ISP-L=0.016 ISP-F=0.056 MW-L=0.023 MW-F=0.034]
  α-step: Z₀=37.625620, α=[0.000,0.000,0.000,0.000,0.000,0.000,0.000,0.000,0.000,0.000,0.000,0.000,0.000,0.000,0.000,0.000,0.000,0.000,0.000,0.000,0.000,0.000,0.000,0.000,0.000,0.000,0.000,0.000,2.744,0.000,0.000,3.727,0.000,0.000,0.000,3.778,0.000,0.000,0.000,0.000,0.000,0.000,0.000,0.000,0.000,0.000,0.000]
  Alt-Benders[1] (mw): LB=22.876150, Z₀(α*)=42.694973, intercept=-84.680555 (4.641s) [OMP=4.512 ISP-L=0.016 ISP-F=0.054 MW-L=0.023 MW-F=0.033]
  Alt-Benders[2] (mw): LB=23.205380, Z₀(α*)=14.633961, intercept=-65.165065 (4.609s) [OMP=4.471 ISP-L=0.016 ISP-F=0.054 MW-L=0.023 MW-F=0.034]
  Alt-Benders[3] (mw): LB=23.205380, Z₀(α*)=14.633961, intercept=-65.165064 (4.828s) [OMP=4.715 ISP-L=0.008 ISP-F=0.055 MW-L=0.023 MW-F=0.034]
  Alt-Benders[4] (mw): LB=23.205380, Z₀(α*)=14.633961, intercept=-65.165065 (4.500s) [OMP=4.364 ISP-L=0.016 ISP-F=0.055 MW-L=0.023 MW-F=0.034]
  Alt-Benders[5]: LB stagnated, break
  OMP re-solve: 0.002s

=== True-DRO Benders iter 13 ===
  OMP: t₀=23.205380, UB=45.772761, gap=4.93e-01, x=[0, 0, 0, 0, 0, 0, 0, 0, 0, 0, 0, 0, 0, 0, 0, 0, 0, 0, 0, 0, 0, 0, 0, 0, 0, 0, 0, 0, 0, 1, 0, 0, 0, 0, 0, 0, 1, 0, 0, 0, 0, 0, 0, 0, 0, 0, 0] (0.002s)
  Sub: Z₀=42.095129 [LOCAL] (0.7s), α=[0.000,0.000,0.000,0.000,0.000,0.000,0.000,0.000,0.000,0.000,0.000,0.000,0.000,0.000,0.000,0.000,0.000,0.000,0.000,0.000,0.000,0.000,0.000,0.000,0.000,0.000,0.000,0.000,2.744,0.000,0.000,0.000,0.000,0.000,0.000,0.000,7.505,0.000,0.000,0.000,0.000,0.000,0.000,0.000,0.000,0.000,0.000]
  Iter 13: LB=23.205380  UB=45.772761  gap=4.93e-01
  Cut: intercept=-1116.944837, π_x_range=[-830.5987, 589.3077]
  Mini-Benders[1] (mw): LB=23.418370, Z₀(α*)=25.390720, intercept=-8.379258 (4.672s) [OMP=4.546 ISP-L=0.008 ISP-F=0.056 MW-L=0.024 MW-F=0.038]
  Mini-Benders[2] (mw): LB=24.071423, Z₀(α*)=47.178191, intercept=-55.556486 (4.578s) [OMP=4.467 ISP-L=0.007 ISP-F=0.056 MW-L=0.023 MW-F=0.035]
  Mini-Benders[3] (mw): LB=24.233062, Z₀(α*)=44.664116, intercept=-52.514798 (4.422s) [OMP=4.268 ISP-L=0.007 ISP-F=0.054 MW-L=0.046 MW-F=0.034]
  Mini-Benders[4] (mw): LB=24.509239, Z₀(α*)=-11.037787, intercept=-4.726565 (3.938s) [OMP=3.810 ISP-L=0.008 ISP-F=0.058 MW-L=0.025 MW-F=0.035]
  Mini-Benders[5] (mw): LB=24.509239, Z₀(α*)=-11.037787, intercept=-4.726565 (3.765s) [OMP=3.638 ISP-L=0.016 ISP-F=0.056 MW-L=0.023 MW-F=0.034]
  α-step: Z₀=45.238691, α=[0.000,0.000,0.000,0.000,0.000,0.000,0.000,0.000,0.000,0.000,0.000,0.000,0.000,0.000,0.000,0.000,0.000,0.000,0.000,0.000,0.000,0.000,0.848,0.000,0.000,0.637,0.000,0.000,3.592,0.000,0.000,4.900,0.000,0.000,0.272,0.000,0.000,0.000,0.000,0.000,0.000,0.000,0.000,0.000,0.000,0.000,0.000]
  Alt-Benders[1] (mw): LB=24.998066, Z₀(α*)=37.102579, intercept=28.738018 (3.438s) [OMP=3.301 ISP-L=0.016 ISP-F=0.055 MW-L=0.023 MW-F=0.035]
  Alt-Benders[2] (mw): LB=25.390719, Z₀(α*)=18.828471, intercept=38.268434 (3.375s) [OMP=3.244 ISP-L=0.016 ISP-F=0.054 MW-L=0.022 MW-F=0.035]
  Alt-Benders[3] (mw): LB=25.390719, Z₀(α*)=18.828471, intercept=38.268434 (3.359s) [OMP=3.246 ISP-L=0.008 ISP-F=0.055 MW-L=0.023 MW-F=0.036]
  Alt-Benders[4] (mw): LB=25.390719, Z₀(α*)=18.828471, intercept=38.268434 (3.313s) [OMP=3.190 ISP-L=0.008 ISP-F=0.055 MW-L=0.023 MW-F=0.036]
  Alt-Benders[5]: LB stagnated, break
  OMP re-solve: 0.002s

=== True-DRO Benders iter 14 ===
  OMP: t₀=25.390719, UB=45.772761, gap=4.45e-01, x=[0, 0, 0, 0, 0, 0, 0, 0, 0, 0, 0, 0, 1, 0, 0, 0, 0, 0, 0, 0, 0, 0, 0, 0, 1, 0, 0, 0, 0, 0, 0, 0, 0, 0, 0, 0, 0, 0, 0, 0, 0, 0, 0, 0, 0, 0, 0] (0.002s)
  Sub: Z₀=43.873268 [LOCAL] (0.8s), α=[0.000,0.000,0.000,0.000,0.000,0.000,0.000,0.000,0.000,0.000,0.000,0.000,0.000,0.000,0.000,0.000,0.000,0.000,0.000,0.000,0.000,0.000,0.000,0.000,8.730,0.000,0.000,0.000,0.907,0.000,0.000,0.000,0.000,0.000,0.000,0.099,0.512,0.000,0.000,0.000,0.000,0.000,0.000,0.000,0.000,0.000,0.000]
  Iter 14: LB=25.390719  UB=45.772761  gap=4.45e-01
  Cut: intercept=-1112.468645, π_x_range=[-831.1734, 581.6512]
  Mini-Benders[1] (mw): LB=25.458601, Z₀(α*)=0.975192, intercept=-7.665780 (3.328s) [OMP=3.192 ISP-L=0.008 ISP-F=0.056 MW-L=0.025 MW-F=0.038]
  Mini-Benders[2] (mw): LB=25.458601, Z₀(α*)=0.975192, intercept=-7.665781 (3.469s) [OMP=3.309 ISP-L=0.016 ISP-F=0.056 MW-L=0.025 MW-F=0.064]
  Mini-Benders[3] (mw): LB=25.458601, Z₀(α*)=0.975192, intercept=-7.665781 (3.562s) [OMP=3.432 ISP-L=0.016 ISP-F=0.055 MW-L=0.023 MW-F=0.036]
  Mini-Benders[4]: LB stagnated, break
  α-step: Z₀=44.055288, α=[0.000,0.000,0.000,0.000,0.000,0.000,0.000,0.000,0.000,0.000,0.000,0.000,0.000,0.000,0.000,0.000,0.000,0.000,0.000,0.000,0.000,0.000,0.000,0.000,1.121,0.000,0.000,0.000,0.118,0.000,0.000,4.081,0.000,0.000,0.000,4.930,0.000,0.000,0.000,0.000,0.000,0.000,0.000,0.000,0.000,0.000,0.000]
  Alt-Benders[1] (mw): LB=25.488604, Z₀(α*)=33.525565, intercept=-95.916384 (3.735s) [OMP=3.596 ISP-L=0.017 ISP-F=0.054 MW-L=0.023 MW-F=0.034]
  Alt-Benders[2] (mw): LB=25.585865, Z₀(α*)=-8.605916, intercept=-15.956899 (4.125s) [OMP=3.994 ISP-L=0.016 ISP-F=0.054 MW-L=0.023 MW-F=0.033]
  Alt-Benders[3] (mw): LB=25.585865, Z₀(α*)=-8.605916, intercept=-15.956899 (3.375s) [OMP=3.247 ISP-L=0.016 ISP-F=0.055 MW-L=0.023 MW-F=0.033]
  Alt-Benders[4] (mw): LB=25.585865, Z₀(α*)=-8.605916, intercept=-15.956899 (3.359s) [OMP=3.231 ISP-L=0.016 ISP-F=0.055 MW-L=0.023 MW-F=0.033]
  Alt-Benders[5]: LB stagnated, break
  OMP re-solve: 0.002s

=== True-DRO Benders iter 15 ===
  OMP: t₀=25.585865, UB=45.772761, gap=4.41e-01, x=[0, 0, 0, 0, 0, 0, 0, 0, 0, 1, 1, 0, 0, 0, 0, 0, 0, 0, 0, 0, 0, 0, 0, 0, 0, 0, 0, 0, 0, 0, 0, 0, 0, 0, 0, 0, 0, 0, 0, 0, 0, 0, 0, 0, 0, 0, 0] (0.002s)
  Sub: Z₀=46.393547 (10.9s), α=[0.000,0.000,0.000,0.000,0.000,0.000,0.000,0.000,0.000,0.000,0.000,0.000,0.000,0.000,0.000,0.000,0.000,0.000,0.000,0.000,0.000,0.000,3.012,0.000,0.902,0.000,0.000,0.000,6.335,0.000,0.000,0.000,0.000,0.000,0.000,0.000,0.000,0.000,0.000,0.000,0.000,0.000,0.000,0.000,0.000,0.000,0.000]
  Iter 15: LB=25.585865  UB=45.772761  gap=4.41e-01
  Cut: intercept=-100.602907, π_x_range=[-125.0423, 146.9965]
  Sherali-Cut: intercept=1.594569, π_x_range=[-123.5587, 44.7989]
  Mini-Benders[1] (mw): LB=25.717331, Z₀(α*)=46.393547, intercept=46.393545 (4.484s) [OMP=4.356 ISP-L=0.016 ISP-F=0.054 MW-L=0.023 MW-F=0.034]
  Mini-Benders[2] (mw): LB=25.822535, Z₀(α*)=10.607567, intercept=17.920377 (4.016s) [OMP=3.871 ISP-L=0.016 ISP-F=0.055 MW-L=0.046 MW-F=0.036]
  Mini-Benders[3] (mw): LB=25.822535, Z₀(α*)=10.607567, intercept=17.920377 (3.656s) [OMP=3.517 ISP-L=0.017 ISP-F=0.055 MW-L=0.023 MW-F=0.036]
  Mini-Benders[4] (mw): LB=25.822535, Z₀(α*)=10.607567, intercept=17.920377 (3.766s) [OMP=3.633 ISP-L=0.017 ISP-F=0.055 MW-L=0.023 MW-F=0.036]
  Mini-Benders[5]: LB stagnated, break
  α-step: Z₀=41.352570, α=[0.000,0.000,0.000,0.000,0.000,0.000,0.000,0.000,0.000,0.000,0.000,0.000,0.000,0.000,0.000,0.000,0.000,0.000,0.000,0.000,0.000,0.000,0.000,0.000,6.145,0.000,0.000,0.000,2.744,0.000,0.000,0.000,0.000,0.000,0.000,0.000,1.359,0.000,0.000,0.000,0.000,0.000,0.000,0.000,0.000,0.000,0.000]
  Alt-Benders[1] (mw): LB=25.846921, Z₀(α*)=35.808870, intercept=2.072634 (3.750s) [OMP=3.625 ISP-L=0.016 ISP-F=0.055 MW-L=0.022 MW-F=0.034]
  Alt-Benders[2] (mw): LB=26.059565, Z₀(α*)=10.804619, intercept=-50.232438 (4.140s) [OMP=4.011 ISP-L=0.016 ISP-F=0.055 MW-L=0.023 MW-F=0.035]
  Alt-Benders[3] (mw): LB=26.059565, Z₀(α*)=10.804619, intercept=-50.232438 (3.766s) [OMP=3.634 ISP-L=0.016 ISP-F=0.055 MW-L=0.023 MW-F=0.034]
  Alt-Benders[4] (mw): LB=26.059565, Z₀(α*)=10.804619, intercept=-50.232438 (3.750s) [OMP=3.620 ISP-L=0.016 ISP-F=0.055 MW-L=0.023 MW-F=0.035]
  Alt-Benders[5]: LB stagnated, break
  OMP re-solve: 0.002s

=== True-DRO Benders iter 16 ===
  OMP: t₀=26.059565, UB=45.772761, gap=4.31e-01, x=[0, 0, 0, 0, 0, 0, 0, 0, 0, 0, 0, 0, 0, 0, 0, 0, 0, 0, 0, 0, 0, 0, 0, 0, 0, 0, 0, 0, 0, 0, 0, 0, 0, 0, 1, 0, 1, 0, 0, 0, 0, 0, 0, 0, 0, 0, 0] (0.002s)
  Sub: Z₀=40.993723 [LOCAL] (0.7s), α=[0.000,0.000,0.000,0.000,0.000,0.000,0.000,0.000,0.000,0.000,0.000,0.000,0.000,0.000,0.000,0.000,0.000,0.000,0.000,0.000,0.000,0.000,0.000,0.000,0.000,0.000,0.000,0.000,0.907,0.000,0.000,0.000,0.000,0.000,0.000,0.000,9.342,0.000,0.000,0.000,0.000,0.000,0.000,0.000,0.000,0.000,0.000]
  Iter 16: LB=26.059565  UB=45.772761  gap=4.31e-01
  Cut: intercept=-1128.807097, π_x_range=[-831.0863, 590.9374]
  Mini-Benders[1] (mw): LB=26.672343, Z₀(α*)=29.164293, intercept=-162.666738 (4.109s) [OMP=3.974 ISP-L=0.016 ISP-F=0.056 MW-L=0.024 MW-F=0.033]
  Mini-Benders[2] (mw): LB=26.786519, Z₀(α*)=42.454819, intercept=-42.143887 (3.906s) [OMP=3.744 ISP-L=0.016 ISP-F=0.056 MW-L=0.024 MW-F=0.059]
  Mini-Benders[3] (mw): LB=27.398808, Z₀(α*)=-3.574710, intercept=-59.000417 (4.422s) [OMP=4.296 ISP-L=0.016 ISP-F=0.056 MW-L=0.023 MW-F=0.038]
  Mini-Benders[4] (mw): LB=27.398808, Z₀(α*)=-3.574710, intercept=-59.000417 (3.984s) [OMP=3.849 ISP-L=0.016 ISP-F=0.056 MW-L=0.023 MW-F=0.038]
  Mini-Benders[5] (mw): LB=27.398808, Z₀(α*)=-3.574710, intercept=-59.000417 (3.844s) [OMP=3.709 ISP-L=0.017 ISP-F=0.056 MW-L=0.023 MW-F=0.038]
  α-step: Z₀=39.008309, α=[0.000,0.000,0.000,0.000,0.000,0.000,0.000,0.000,0.000,0.000,0.000,0.000,0.000,0.000,0.000,0.000,0.000,0.000,0.000,0.000,0.000,0.000,0.000,0.000,0.000,0.000,0.000,0.000,5.071,0.000,0.000,1.600,0.000,0.000,0.272,0.000,3.306,0.000,0.000,0.000,0.000,0.000,0.000,0.000,0.000,0.000,0.000]
  Alt-Benders[1] (mw): LB=27.432007, Z₀(α*)=40.224204, intercept=4.368467 (4.468s) [OMP=4.329 ISP-L=0.016 ISP-F=0.055 MW-L=0.024 MW-F=0.033]
  Alt-Benders[2] (mw): LB=27.506644, Z₀(α*)=40.453874, intercept=12.934086 (4.375s) [OMP=4.245 ISP-L=0.016 ISP-F=0.055 MW-L=0.022 MW-F=0.033]
  Alt-Benders[3] (mw): LB=28.930395, Z₀(α*)=46.618928, intercept=-62.543755 (4.391s) [OMP=4.262 ISP-L=0.016 ISP-F=0.053 MW-L=0.022 MW-F=0.044]
  Alt-Benders[4] (mw): LB=29.038652, Z₀(α*)=41.214609, intercept=-103.250164 (4.172s) [OMP=4.035 ISP-L=0.016 ISP-F=0.056 MW-L=0.023 MW-F=0.034]
  Alt-Benders[5] (mw): LB=29.164291, Z₀(α*)=26.699957, intercept=-123.980076 (4.140s) [OMP=4.010 ISP-L=0.016 ISP-F=0.054 MW-L=0.024 MW-F=0.037]
  OMP re-solve: 3.727s

=== True-DRO Benders iter 17 ===
  OMP: t₀=29.164291, UB=45.772761, gap=3.63e-01, x=[0, 0, 0, 0, 0, 0, 0, 0, 0, 0, 1, 0, 0, 0, 1, 0, 0, 0, 0, 0, 0, 0, 0, 0, 0, 0, 0, 0, 0, 0, 0, 0, 0, 0, 0, 0, 0, 0, 0, 0, 0, 0, 0, 0, 0, 0, 0] (0.002s)
  Sub: Z₀=45.111965 [LOCAL] (1.0s), α=[0.000,0.000,0.000,0.000,0.000,0.000,0.000,0.000,0.000,0.000,0.000,0.000,0.000,0.000,0.000,0.000,0.000,0.000,0.000,0.000,0.000,0.000,3.012,0.000,0.902,0.000,0.000,0.000,6.335,0.000,0.000,0.000,0.000,0.000,0.000,0.000,0.000,0.000,0.000,0.000,0.000,0.000,0.000,0.000,0.000,0.000,0.000]
  Iter 17: LB=29.164291  UB=45.772761  gap=3.63e-01
  Cut: intercept=-1099.868073, π_x_range=[-825.0774, 588.2601]
  Mini-Benders[1] (mw): LB=29.269819, Z₀(α*)=41.849592, intercept=-76.117871 (4.078s) [OMP=3.923 ISP-L=0.016 ISP-F=0.055 MW-L=0.046 MW-F=0.035]
  Mini-Benders[2] (mw): LB=29.858146, Z₀(α*)=38.092090, intercept=-128.437186 (4.343s) [OMP=4.206 ISP-L=0.016 ISP-F=0.055 MW-L=0.023 MW-F=0.036]
  Mini-Benders[3] (mw): LB=30.000912, Z₀(α*)=43.005477, intercept=30.014320 (4.313s) [OMP=4.180 ISP-L=0.016 ISP-F=0.055 MW-L=0.023 MW-F=0.033]
  Mini-Benders[4] (mw): LB=30.557558, Z₀(α*)=37.907692, intercept=-81.458162 (4.437s) [OMP=4.308 ISP-L=0.016 ISP-F=0.056 MW-L=0.023 MW-F=0.035]
  Mini-Benders[5] (mw): LB=30.638966, Z₀(α*)=32.809795, intercept=-113.122607 (4.375s) [OMP=4.243 ISP-L=0.016 ISP-F=0.054 MW-L=0.022 MW-F=0.035]
  α-step: Z₀=41.439625, α=[0.000,0.000,0.000,0.000,0.000,0.000,0.000,0.000,0.000,0.000,0.000,0.000,0.000,0.000,0.000,0.000,0.000,0.000,0.000,0.000,0.000,0.000,0.000,0.000,7.263,0.000,0.000,0.000,0.118,0.000,0.000,0.554,0.000,0.000,0.000,0.000,2.314,0.000,0.000,0.000,0.000,0.000,0.000,0.000,0.000,0.000,0.000]
  Alt-Benders[1] (mw): LB=31.224836, Z₀(α*)=46.421329, intercept=10.666329 (4.344s) [OMP=4.207 ISP-L=0.016 ISP-F=0.056 MW-L=0.023 MW-F=0.036]
  Alt-Benders[2] (mw): LB=31.338655, Z₀(α*)=30.451606, intercept=-27.970694 (4.469s) [OMP=4.337 ISP-L=0.016 ISP-F=0.057 MW-L=0.023 MW-F=0.035]
  Alt-Benders[3] (mw): LB=31.338655, Z₀(α*)=30.451606, intercept=-27.970694 (3.859s) [OMP=3.728 ISP-L=0.016 ISP-F=0.056 MW-L=0.022 MW-F=0.034]
  Alt-Benders[4] (mw): LB=31.338655, Z₀(α*)=30.451606, intercept=-27.970694 (3.938s) [OMP=3.807 ISP-L=0.016 ISP-F=0.056 MW-L=0.023 MW-F=0.035]
  Alt-Benders[5]: LB stagnated, break
  OMP re-solve: 0.002s

=== True-DRO Benders iter 18 ===
  OMP: t₀=31.338655, UB=45.772761, gap=3.15e-01, x=[0, 0, 0, 0, 0, 0, 0, 0, 0, 0, 0, 1, 0, 0, 0, 0, 0, 0, 0, 0, 0, 0, 0, 0, 0, 0, 0, 0, 0, 1, 0, 0, 0, 0, 0, 0, 0, 0, 0, 0, 0, 0, 0, 0, 0, 0, 0] (0.002s)
  Sub: Z₀=46.026865 [LOCAL] (0.7s), α=[0.000,0.000,0.000,0.000,0.000,0.000,0.000,0.000,0.000,0.000,0.000,0.000,0.000,0.000,0.000,0.000,0.000,0.000,0.000,0.000,0.000,0.000,1.202,0.221,0.000,0.000,0.000,0.045,6.290,0.100,0.000,0.000,0.000,0.000,0.000,0.346,2.045,0.000,0.000,0.000,0.000,0.000,0.000,0.000,0.000,0.000,0.000]
  Iter 18: LB=31.338655  UB=45.772761  gap=3.15e-01
  Cut: intercept=-1084.900143, π_x_range=[-826.9665, 578.7829]
  Mini-Benders[1] (mw): LB=31.462949, Z₀(α*)=35.739825, intercept=-73.011725 (4.453s) [OMP=4.325 ISP-L=0.016 ISP-F=0.053 MW-L=0.022 MW-F=0.034]
  Mini-Benders[2] (mw): LB=31.664029, Z₀(α*)=40.226285, intercept=-136.627506 (4.531s) [OMP=4.388 ISP-L=0.016 ISP-F=0.056 MW-L=0.024 MW-F=0.045]
  Mini-Benders[3] (mw): LB=31.880176, Z₀(α*)=43.307687, intercept=25.024588 (4.704s) [OMP=4.576 ISP-L=0.016 ISP-F=0.055 MW-L=0.023 MW-F=0.036]
  Mini-Benders[4] (mw): LB=32.003276, Z₀(α*)=32.702606, intercept=-45.660285 (4.640s) [OMP=4.509 ISP-L=0.016 ISP-F=0.056 MW-L=0.022 MW-F=0.034]
  Mini-Benders[5] (mw): LB=32.048370, Z₀(α*)=41.476780, intercept=-16.777593 (4.641s) [OMP=4.511 ISP-L=0.016 ISP-F=0.054 MW-L=0.022 MW-F=0.034]
  α-step: Z₀=40.150656, α=[0.000,0.000,0.000,0.000,0.000,0.000,0.000,0.000,0.000,0.000,0.000,0.000,0.000,0.000,0.000,0.000,0.000,0.000,0.000,0.000,0.000,0.000,0.000,0.000,0.000,5.020,0.000,0.000,5.071,0.000,0.000,0.000,0.000,0.000,0.000,0.000,0.157,0.000,0.000,0.000,0.000,0.000,0.000,0.000,0.000,0.000,0.000]
  Alt-Benders[1] (mw): LB=32.314088, Z₀(α*)=15.398464, intercept=-60.867638 (4.015s) [OMP=3.889 ISP-L=0.016 ISP-F=0.055 MW-L=0.023 MW-F=0.035]
  Alt-Benders[2] (mw): LB=32.314088, Z₀(α*)=15.398464, intercept=-60.867638 (4.203s) [OMP=4.068 ISP-L=0.017 ISP-F=0.055 MW-L=0.023 MW-F=0.035]
  Alt-Benders[3] (mw): LB=32.314088, Z₀(α*)=15.398464, intercept=-60.867638 (4.188s) [OMP=4.056 ISP-L=0.017 ISP-F=0.055 MW-L=0.024 MW-F=0.035]
  Alt-Benders[4]: LB stagnated, break
  OMP re-solve: 0.000s

=== True-DRO Benders iter 19 ===
  OMP: t₀=32.314088, UB=45.772761, gap=2.94e-01, x=[0, 0, 0, 0, 0, 0, 0, 0, 0, 0, 0, 0, 0, 0, 0, 0, 0, 0, 0, 0, 0, 0, 0, 0, 0, 1, 0, 0, 0, 0, 1, 0, 0, 0, 0, 0, 0, 0, 0, 0, 0, 0, 0, 0, 0, 0, 0] (0.000s)
  Sub: Z₀=42.708399 [LOCAL] (0.7s), α=[0.000,0.000,0.000,0.000,0.000,0.000,0.000,0.000,0.000,0.000,0.000,0.000,0.000,0.000,0.000,0.000,0.000,0.000,0.000,0.000,0.000,0.000,0.000,0.000,5.491,0.000,0.000,0.036,4.723,0.000,0.000,0.000,0.000,0.000,0.000,0.000,0.000,0.000,0.000,0.000,0.000,0.000,0.000,0.000,0.000,0.000,0.000]
  Iter 19: LB=32.314088  UB=45.772761  gap=2.94e-01
  Cut: intercept=-1129.023523, π_x_range=[-829.6271, 591.2455]
  Mini-Benders[1] (mw): LB=32.345009, Z₀(α*)=39.917498, intercept=10.157537 (4.125s) [OMP=3.981 ISP-L=0.016 ISP-F=0.055 MW-L=0.045 MW-F=0.036]
  Mini-Benders[2] (mw): LB=32.580366, Z₀(α*)=37.122071, intercept=2.548532 (4.203s) [OMP=4.064 ISP-L=0.016 ISP-F=0.057 MW-L=0.024 MW-F=0.036]
  Mini-Benders[3] (mw): LB=32.702603, Z₀(α*)=40.074988, intercept=-2.610797 (4.047s) [OMP=3.911 ISP-L=0.016 ISP-F=0.055 MW-L=0.023 MW-F=0.033]
  Mini-Benders[4] (mw): LB=32.809793, Z₀(α*)=39.541092, intercept=-103.080347 (4.187s) [OMP=4.058 ISP-L=0.016 ISP-F=0.055 MW-L=0.022 MW-F=0.033]
  Mini-Benders[5] (mw): LB=32.947024, Z₀(α*)=32.051148, intercept=-56.724882 (4.203s) [OMP=4.075 ISP-L=0.016 ISP-F=0.056 MW-L=0.022 MW-F=0.034]
  α-step: Z₀=41.531787, α=[0.000,0.000,0.000,0.000,0.000,0.000,0.000,0.000,0.000,0.000,0.000,0.000,0.000,0.000,0.000,0.000,0.000,0.000,0.000,0.000,0.000,0.000,1.539,0.000,4.428,0.000,0.000,0.000,4.283,0.000,0.000,0.000,0.000,0.000,0.000,0.000,0.000,0.000,0.000,0.000,0.000,0.000,0.000,0.000,0.000,0.000,0.000]
  Alt-Benders[1] (mw): LB=33.000041, Z₀(α*)=43.510552, intercept=-16.490070 (4.297s) [OMP=4.168 ISP-L=0.016 ISP-F=0.055 MW-L=0.023 MW-F=0.032]
  Alt-Benders[2] (mw): LB=33.114929, Z₀(α*)=38.619202, intercept=-172.080787 (4.266s) [OMP=4.139 ISP-L=0.017 ISP-F=0.056 MW-L=0.023 MW-F=0.034]
  Alt-Benders[3] (mw): LB=33.357607, Z₀(α*)=40.694756, intercept=-43.488639 (4.281s) [OMP=4.143 ISP-L=0.017 ISP-F=0.055 MW-L=0.023 MW-F=0.035]
  Alt-Benders[4] (mw): LB=33.480132, Z₀(α*)=19.339880, intercept=-105.608849 (4.312s) [OMP=4.186 ISP-L=0.016 ISP-F=0.053 MW-L=0.023 MW-F=0.037]
  Alt-Benders[5] (mw): LB=33.480132, Z₀(α*)=19.339880, intercept=-105.608849 (4.282s) [OMP=4.135 ISP-L=0.016 ISP-F=0.054 MW-L=0.049 MW-F=0.035]
  OMP re-solve: 4.094s

=== True-DRO Benders iter 20 ===
  OMP: t₀=33.480132, UB=45.772761, gap=2.69e-01, x=[0, 0, 0, 0, 0, 0, 0, 0, 0, 0, 0, 0, 0, 0, 0, 0, 0, 0, 0, 0, 0, 0, 0, 0, 0, 0, 0, 1, 0, 0, 0, 0, 1, 0, 0, 0, 0, 0, 0, 0, 0, 0, 0, 0, 0, 0, 0] (0.002s)
  Sub: Z₀=37.763345 (3.5s), α=[0.000,0.000,0.000,0.000,0.000,0.000,0.000,0.000,0.000,0.000,0.000,0.000,0.000,0.000,0.000,0.000,0.000,0.000,0.000,0.000,0.000,0.000,0.000,0.000,0.000,0.000,0.000,0.000,10.249,0.000,0.000,0.000,0.000,0.000,0.000,0.000,0.000,0.000,0.000,0.000,0.000,0.000,0.000,0.000,0.000,0.000,0.000]
  Iter 20: LB=33.480132  UB=37.763345  gap=1.13e-01
  Cut: intercept=-279.182716, π_x_range=[-254.0000, 184.9204]
  Sherali-Cut: intercept=-100.467027, π_x_range=[-120.0000, 138.2287]
  Mini-Benders[1] (mw): LB=33.525563, Z₀(α*)=24.451046, intercept=-171.776369 (4.281s) [OMP=4.152 ISP-L=0.016 ISP-F=0.055 MW-L=0.023 MW-F=0.038]
  Mini-Benders[2] (mw): LB=33.525563, Z₀(α*)=24.451046, intercept=-171.776369 (4.297s) [OMP=4.162 ISP-L=0.016 ISP-F=0.055 MW-L=0.023 MW-F=0.038]
  Mini-Benders[3] (mw): LB=33.525563, Z₀(α*)=24.451046, intercept=-171.776369 (4.281s) [OMP=4.147 ISP-L=0.016 ISP-F=0.055 MW-L=0.023 MW-F=0.038]
  Mini-Benders[4]: LB stagnated, break
  α-step: Z₀=38.162030, α=[0.000,0.000,0.000,0.000,0.000,0.000,0.000,0.000,0.000,0.000,0.000,0.000,0.000,0.000,0.000,0.000,0.000,0.000,0.000,0.000,0.000,0.000,2.457,0.000,0.000,0.000,0.000,0.000,7.528,0.000,0.000,0.107,0.000,0.000,0.000,0.000,0.157,0.000,0.000,0.000,0.000,0.000,0.000,0.000,0.000,0.000,0.000]
  Alt-Benders[1] (mw): LB=33.673199, Z₀(α*)=38.100657, intercept=-129.439078 (4.234s) [OMP=4.106 ISP-L=0.016 ISP-F=0.054 MW-L=0.023 MW-F=0.031]
  Alt-Benders[2] (mw): LB=33.795521, Z₀(α*)=41.089646, intercept=-0.409745 (4.141s) [OMP=4.015 ISP-L=0.016 ISP-F=0.056 MW-L=0.023 MW-F=0.032]
  Alt-Benders[3] (mw): LB=33.898692, Z₀(α*)=-7.069890, intercept=18.477061 (4.187s) [OMP=4.059 ISP-L=0.016 ISP-F=0.054 MW-L=0.023 MW-F=0.033]
  Alt-Benders[4] (mw): LB=33.898692, Z₀(α*)=-7.069890, intercept=18.477061 (4.235s) [OMP=4.091 ISP-L=0.016 ISP-F=0.054 MW-L=0.045 MW-F=0.033]
  Alt-Benders[5] (mw): LB=33.898692, Z₀(α*)=-7.069890, intercept=18.477061 (4.282s) [OMP=4.147 ISP-L=0.016 ISP-F=0.054 MW-L=0.023 MW-F=0.033]
  OMP re-solve: 4.154s

=== True-DRO Benders iter 21 ===
  OMP: t₀=33.898692, UB=37.763345, gap=1.02e-01, x=[0, 0, 0, 0, 0, 0, 0, 0, 0, 0, 0, 0, 0, 0, 0, 0, 0, 0, 0, 0, 0, 0, 0, 0, 1, 0, 0, 0, 0, 0, 0, 0, 0, 1, 0, 0, 0, 0, 0, 0, 0, 0, 0, 0, 0, 0, 0] (0.003s)
  Sub: Z₀=43.873268 [LOCAL] (0.7s), α=[0.000,0.000,0.000,0.000,0.000,0.000,0.000,0.000,0.000,0.000,0.000,0.000,0.000,0.000,0.000,0.000,0.000,0.000,0.000,0.000,0.000,0.000,0.000,0.000,8.730,0.000,0.000,0.000,0.907,0.000,0.000,0.000,0.000,0.000,0.000,0.073,0.539,0.000,0.000,0.000,0.000,0.000,0.000,0.000,0.000,0.000,0.000]
  Iter 21: LB=33.898692  UB=37.763345  gap=1.02e-01
  Cut: intercept=-1110.702357, π_x_range=[-831.2235, 581.7448]
  Mini-Benders[1] (mw): LB=33.932625, Z₀(α*)=39.620896, intercept=-0.874444 (4.188s) [OMP=4.059 ISP-L=0.016 ISP-F=0.056 MW-L=0.023 MW-F=0.041]
  Mini-Benders[2] (mw): LB=34.007800, Z₀(α*)=43.977851, intercept=-95.307411 (4.343s) [OMP=4.207 ISP-L=0.016 ISP-F=0.061 MW-L=0.023 MW-F=0.037]
  Mini-Benders[3] (mw): LB=34.105616, Z₀(α*)=38.410194, intercept=-31.226136 (4.188s) [OMP=4.033 ISP-L=0.016 ISP-F=0.064 MW-L=0.023 MW-F=0.037]
  Mini-Benders[4] (mw): LB=34.153717, Z₀(α*)=32.365096, intercept=-130.876383 (4.140s) [OMP=4.014 ISP-L=0.016 ISP-F=0.055 MW-L=0.022 MW-F=0.034]
  Mini-Benders[5] (mw): LB=34.153717, Z₀(α*)=32.365096, intercept=-130.876383 (4.063s) [OMP=3.934 ISP-L=0.016 ISP-F=0.055 MW-L=0.022 MW-F=0.034]
  α-step: Z₀=38.019636, α=[0.000,0.000,0.000,0.000,0.000,0.000,0.000,0.000,0.000,0.000,0.000,0.000,0.000,0.000,0.000,0.000,0.000,0.000,0.000,0.000,0.000,0.000,0.000,0.000,4.526,0.000,0.000,0.000,0.118,0.000,0.000,0.000,0.000,0.000,0.000,0.000,5.605,0.000,0.000,0.000,0.000,0.000,0.000,0.000,0.000,0.000,0.000]
  Alt-Benders[1] (mw): LB=34.277334, Z₀(α*)=42.971804, intercept=-31.258936 (4.250s) [OMP=4.112 ISP-L=0.016 ISP-F=0.055 MW-L=0.023 MW-F=0.036]
  Alt-Benders[2] (mw): LB=34.296221, Z₀(α*)=31.885415, intercept=-36.866220 (4.312s) [OMP=4.165 ISP-L=0.016 ISP-F=0.055 MW-L=0.024 MW-F=0.059]
  Alt-Benders[3] (mw): LB=34.296221, Z₀(α*)=31.885415, intercept=-36.866220 (4.406s) [OMP=4.267 ISP-L=0.016 ISP-F=0.055 MW-L=0.023 MW-F=0.035]
  Alt-Benders[4] (mw): LB=34.296221, Z₀(α*)=31.885415, intercept=-36.866220 (4.329s) [OMP=4.198 ISP-L=0.016 ISP-F=0.054 MW-L=0.023 MW-F=0.035]
  Alt-Benders[5]: LB stagnated, break
  OMP re-solve: 0.003s

=== True-DRO Benders iter 22 ===
  OMP: t₀=34.296221, UB=37.763345, gap=9.18e-02, x=[0, 0, 0, 0, 0, 0, 0, 0, 0, 0, 0, 0, 0, 1, 0, 0, 0, 0, 0, 0, 0, 0, 0, 0, 0, 0, 0, 0, 0, 1, 0, 0, 0, 0, 0, 0, 0, 0, 0, 0, 0, 0, 0, 0, 0, 0, 0] (0.003s)
  Sub: Z₀=46.241487 [LOCAL] (0.7s), α=[0.000,0.000,0.000,0.000,0.000,0.000,0.000,0.000,0.000,0.000,0.000,0.000,0.000,0.000,0.000,0.000,0.000,0.000,0.000,0.000,0.000,0.000,1.239,0.185,0.000,0.000,0.000,1.095,5.239,0.100,0.000,0.000,0.000,0.000,0.000,0.392,1.999,0.000,0.000,0.000,0.000,0.000,0.000,0.000,0.000,0.000,0.000]
  Iter 22: LB=34.296221  UB=37.763345  gap=9.18e-02
  Cut: intercept=-1090.182119, π_x_range=[-827.2715, 586.0304]
  Mini-Benders[1] (mw): LB=34.632034, Z₀(α*)=24.672605, intercept=-100.786387 (4.265s) [OMP=4.131 ISP-L=0.016 ISP-F=0.056 MW-L=0.022 MW-F=0.038]
  Mini-Benders[2] (mw): LB=34.632034, Z₀(α*)=24.672605, intercept=-100.786387 (4.329s) [OMP=4.194 ISP-L=0.016 ISP-F=0.056 MW-L=0.022 MW-F=0.038]
  Mini-Benders[3] (mw): LB=34.632034, Z₀(α*)=24.672605, intercept=-100.786387 (4.374s) [OMP=4.241 ISP-L=0.016 ISP-F=0.055 MW-L=0.023 MW-F=0.038]
  Mini-Benders[4]: LB stagnated, break
  α-step: Z₀=43.046733, α=[0.000,0.000,0.000,0.000,0.000,0.000,0.000,0.000,0.000,0.000,0.000,0.000,0.000,0.000,0.000,0.000,0.000,0.000,0.000,0.000,0.000,0.000,4.451,0.000,0.000,0.000,0.000,0.000,3.611,0.000,0.000,0.000,0.000,0.000,0.000,0.291,1.895,0.000,0.000,0.000,0.000,0.000,0.000,0.000,0.000,0.000,0.000]
  Alt-Benders[1] (mw): LB=34.739307, Z₀(α*)=41.095875, intercept=-32.680626 (4.265s) [OMP=4.136 ISP-L=0.016 ISP-F=0.055 MW-L=0.023 MW-F=0.032]
  Alt-Benders[2] (mw): LB=34.779989, Z₀(α*)=40.049709, intercept=-47.426639 (4.532s) [OMP=4.403 ISP-L=0.016 ISP-F=0.055 MW-L=0.023 MW-F=0.035]
  Alt-Benders[3] (mw): LB=35.053077, Z₀(α*)=40.334322, intercept=1.178872 (4.609s) [OMP=4.479 ISP-L=0.016 ISP-F=0.056 MW-L=0.023 MW-F=0.035]
  Alt-Benders[4] (mw): LB=35.066113, Z₀(α*)=36.083977, intercept=-50.718200 (4.562s) [OMP=4.415 ISP-L=0.016 ISP-F=0.054 MW-L=0.045 MW-F=0.033]
  Alt-Benders[5] (mw): LB=35.130188, Z₀(α*)=43.046733, intercept=-84.622355 (4.360s) [OMP=4.225 ISP-L=0.016 ISP-F=0.055 MW-L=0.024 MW-F=0.036]
  OMP re-solve: 4.638s

=== True-DRO Benders iter 23 ===
  OMP: t₀=35.160633, UB=37.763345, gap=6.89e-02, x=[0, 0, 0, 0, 0, 0, 0, 0, 0, 0, 0, 0, 0, 0, 0, 0, 0, 0, 0, 0, 0, 0, 0, 0, 1, 0, 0, 0, 1, 0, 0, 0, 0, 0, 0, 0, 0, 0, 0, 0, 0, 0, 0, 0, 0, 0, 0] (0.000s)
  Sub: Z₀=43.806270 [LOCAL] (0.8s), α=[0.000,0.000,0.000,0.000,0.000,0.000,0.000,0.000,0.000,0.000,0.000,0.000,0.000,0.000,0.000,0.000,0.000,0.000,0.000,0.000,0.000,0.000,0.000,0.000,9.085,0.000,0.000,0.000,1.007,0.000,0.000,0.000,0.000,0.000,0.000,0.000,0.157,0.000,0.000,0.000,0.000,0.000,0.000,0.000,0.000,0.000,0.000]
  Iter 23: LB=35.160633  UB=37.763345  gap=6.89e-02
  Cut: intercept=-1137.633813, π_x_range=[-831.2606, 598.8353]
  Mini-Benders[1] (mw): LB=35.212193, Z₀(α*)=46.068315, intercept=3.381978 (4.516s) [OMP=4.388 ISP-L=0.016 ISP-F=0.056 MW-L=0.023 MW-F=0.035]
  Mini-Benders[2] (mw): LB=35.289715, Z₀(α*)=38.413393, intercept=-42.628041 (4.437s) [OMP=4.306 ISP-L=0.016 ISP-F=0.056 MW-L=0.024 MW-F=0.033]
  Mini-Benders[3] (mw): LB=35.362565, Z₀(α*)=40.877538, intercept=-25.285388 (4.313s) [OMP=4.182 ISP-L=0.016 ISP-F=0.056 MW-L=0.023 MW-F=0.031]
  Mini-Benders[4] (mw): LB=35.595477, Z₀(α*)=37.301895, intercept=-159.074211 (4.343s) [OMP=4.216 ISP-L=0.016 ISP-F=0.055 MW-L=0.023 MW-F=0.036]
  Mini-Benders[5] (mw): LB=35.619626, Z₀(α*)=44.816576, intercept=16.517139 (4.313s) [OMP=4.180 ISP-L=0.016 ISP-F=0.056 MW-L=0.024 MW-F=0.033]
  α-step: Z₀=47.266432, α=[0.000,0.000,0.000,0.000,0.000,0.000,0.000,0.000,0.000,0.000,0.000,0.000,0.000,0.000,0.000,0.000,0.000,0.000,0.000,0.000,0.000,0.000,0.000,0.000,4.846,0.000,0.000,0.682,0.414,0.000,0.000,0.000,0.000,0.000,0.000,0.000,4.308,0.000,0.000,0.000,0.000,0.000,0.000,0.000,0.000,0.000,0.000]
  Alt-Benders[1] (mw): LB=35.639661, Z₀(α*)=17.118658, intercept=-54.022441 (4.297s) [OMP=4.158 ISP-L=0.016 ISP-F=0.055 MW-L=0.024 MW-F=0.035]
  Alt-Benders[2] (mw): LB=35.639661, Z₀(α*)=17.118658, intercept=-54.022441 (4.375s) [OMP=4.212 ISP-L=0.016 ISP-F=0.055 MW-L=0.025 MW-F=0.059]
  Alt-Benders[3] (mw): LB=35.639661, Z₀(α*)=17.118658, intercept=-54.022441 (4.375s) [OMP=4.250 ISP-L=0.016 ISP-F=0.055 MW-L=0.023 MW-F=0.034]
  Alt-Benders[4]: LB stagnated, break
  OMP re-solve: 0.003s

=== True-DRO Benders iter 24 ===
  OMP: t₀=35.639661, UB=37.763345, gap=5.62e-02, x=[0, 0, 0, 0, 0, 0, 0, 0, 0, 0, 0, 0, 0, 0, 0, 0, 0, 0, 0, 0, 0, 0, 0, 0, 0, 0, 0, 0, 0, 1, 0, 1, 0, 0, 0, 0, 0, 0, 0, 0, 0, 0, 0, 0, 0, 0, 0] (0.003s)
  Sub: Z₀=42.530721 [LOCAL] (0.6s), α=[0.000,0.000,0.000,0.000,0.000,0.000,0.000,0.000,0.000,0.000,0.000,0.000,0.000,0.000,0.000,0.000,0.000,0.000,0.000,0.000,0.000,0.000,0.000,0.000,0.000,0.000,0.000,0.034,4.665,0.000,0.000,5.550,0.000,0.000,0.000,0.000,0.000,0.000,0.000,0.000,0.000,0.000,0.000,0.000,0.000,0.000,0.000]
  Iter 24: LB=35.639661  UB=37.763345  gap=5.62e-02
  Cut: intercept=-1089.399989, π_x_range=[-829.2421, 570.5475]
  Mini-Benders[1] (mw): LB=35.672675, Z₀(α*)=43.102843, intercept=43.102843 (4.719s) [OMP=4.587 ISP-L=0.016 ISP-F=0.057 MW-L=0.022 MW-F=0.032]
  Mini-Benders[2] (mw): LB=35.729551, Z₀(α*)=38.004977, intercept=-41.180549 (4.703s) [OMP=4.574 ISP-L=0.016 ISP-F=0.055 MW-L=0.023 MW-F=0.035]
  Mini-Benders[3] (mw): LB=35.739823, Z₀(α*)=34.443027, intercept=-96.513781 (4.625s) [OMP=4.494 ISP-L=0.016 ISP-F=0.056 MW-L=0.022 MW-F=0.035]
  Mini-Benders[4] (mw): LB=35.739823, Z₀(α*)=34.443027, intercept=-96.513781 (4.437s) [OMP=4.308 ISP-L=0.016 ISP-F=0.055 MW-L=0.022 MW-F=0.034]
  Mini-Benders[5] (mw): LB=35.739823, Z₀(α*)=34.443027, intercept=-96.513781 (4.563s) [OMP=4.434 ISP-L=0.016 ISP-F=0.056 MW-L=0.022 MW-F=0.034]
  α-step: Z₀=36.832108, α=[0.000,0.000,0.000,0.000,0.000,0.000,0.000,0.000,0.000,0.000,0.000,0.000,0.000,0.000,0.000,0.000,0.000,0.000,0.000,0.000,0.000,0.000,0.000,0.000,1.738,0.000,0.000,0.000,3.611,0.000,0.000,4.900,0.000,0.000,0.000,0.000,0.000,0.000,0.000,0.000,0.000,0.000,0.000,0.000,0.000,0.000,0.000]
  Alt-Benders[1] (mw): LB=35.808868, Z₀(α*)=45.491924, intercept=-1.406948 (4.703s) [OMP=4.578 ISP-L=0.016 ISP-F=0.055 MW-L=0.023 MW-F=0.033]
  Alt-Benders[2] (mw): LB=35.814588, Z₀(α*)=38.619828, intercept=-62.284790 (4.625s) [OMP=4.496 ISP-L=0.016 ISP-F=0.055 MW-L=0.023 MW-F=0.035]
  Alt-Benders[3] (mw): LB=35.848864, Z₀(α*)=40.260596, intercept=-51.138579 (4.485s) [OMP=4.337 ISP-L=0.016 ISP-F=0.054 MW-L=0.045 MW-F=0.035]
  Alt-Benders[4] (mw): LB=35.942279, Z₀(α*)=39.993166, intercept=24.512309 (4.718s) [OMP=4.598 ISP-L=0.008 ISP-F=0.054 MW-L=0.024 MW-F=0.032]
  Alt-Benders[5] (mw): LB=36.083975, Z₀(α*)=12.336559, intercept=-16.889216 (4.657s) [OMP=4.521 ISP-L=0.016 ISP-F=0.055 MW-L=0.022 MW-F=0.034]
  OMP re-solve: 4.293s

=== True-DRO Benders iter 25 ===
  OMP: t₀=36.083975, UB=37.763345, gap=4.45e-02, x=[0, 0, 0, 0, 0, 0, 0, 0, 0, 0, 0, 0, 0, 0, 0, 0, 0, 0, 0, 0, 0, 0, 0, 0, 0, 1, 0, 0, 0, 0, 0, 0, 0, 0, 0, 0, 1, 0, 0, 0, 0, 0, 0, 0, 0, 0, 0] (0.003s)
  Sub: Z₀=47.338063 (3.7s), α=[0.000,0.000,0.000,0.000,0.000,0.000,0.000,0.000,0.000,0.000,0.000,0.000,0.000,0.000,0.000,0.000,0.000,0.000,0.000,0.000,0.000,0.000,0.000,0.000,0.160,0.000,0.000,0.000,2.744,0.000,0.000,0.000,0.000,0.000,0.000,0.000,7.345,0.000,0.000,0.000,0.000,0.000,0.000,0.000,0.000,0.000,0.000]
  Iter 25: LB=36.083975  UB=37.763345  gap=4.45e-02
  Cut: intercept=-46.727174, π_x_range=[-270.0000, 58.1840]
  Sherali-Cut: intercept=29.164301, π_x_range=[-161.5961, 11.9148]
  Mini-Benders[1] (mw): LB=36.088747, Z₀(α*)=47.338065, intercept=21.221457 (4.781s) [OMP=4.637 ISP-L=0.016 ISP-F=0.056 MW-L=0.022 MW-F=0.047]
  Mini-Benders[2] (mw): LB=36.156006, Z₀(α*)=26.059273, intercept=-8.219384 (4.781s) [OMP=4.654 ISP-L=0.016 ISP-F=0.056 MW-L=0.022 MW-F=0.037]
  Mini-Benders[3] (mw): LB=36.156006, Z₀(α*)=26.059273, intercept=-8.219384 (4.500s) [OMP=4.382 ISP-L=0.007 ISP-F=0.056 MW-L=0.023 MW-F=0.037]
  Mini-Benders[4] (mw): LB=36.156006, Z₀(α*)=26.059273, intercept=-8.219384 (4.594s) [OMP=4.453 ISP-L=0.007 ISP-F=0.056 MW-L=0.023 MW-F=0.037]
  Mini-Benders[5]: LB stagnated, break
  α-step: Z₀=41.352570, α=[0.000,0.000,0.000,0.000,0.000,0.000,0.000,0.000,0.000,0.000,0.000,0.000,0.000,0.000,0.000,0.000,0.000,0.000,0.000,0.000,0.000,0.000,0.000,0.000,6.145,0.000,0.000,0.000,1.713,0.000,0.000,0.000,0.000,0.000,0.000,0.000,2.391,0.000,0.000,0.000,0.000,0.000,0.000,0.000,0.000,0.000,0.000]
  Alt-Benders[1] (mw): LB=36.188354, Z₀(α*)=38.752085, intercept=-51.603951 (5.141s) [OMP=4.987 ISP-L=0.008 ISP-F=0.053 MW-L=0.049 MW-F=0.034]
  Alt-Benders[2] (mw): LB=36.204115, Z₀(α*)=47.050084, intercept=47.050084 (4.781s) [OMP=4.651 ISP-L=0.016 ISP-F=0.055 MW-L=0.023 MW-F=0.034]
  Alt-Benders[3] (mw): LB=36.335024, Z₀(α*)=42.116685, intercept=23.218896 (4.813s) [OMP=4.682 ISP-L=0.016 ISP-F=0.054 MW-L=0.023 MW-F=0.033]
  Alt-Benders[4] (mw): LB=36.434693, Z₀(α*)=39.842379, intercept=-8.866027 (4.515s) [OMP=4.387 ISP-L=0.016 ISP-F=0.055 MW-L=0.024 MW-F=0.035]
  Alt-Benders[5] (mw): LB=36.595031, Z₀(α*)=31.412308, intercept=-152.625474 (4.563s) [OMP=4.431 ISP-L=0.016 ISP-F=0.055 MW-L=0.024 MW-F=0.034]
  OMP re-solve: 4.431s

=== True-DRO Benders iter 26 ===
  OMP: t₀=36.595031, UB=37.763345, gap=3.09e-02, x=[0, 0, 0, 0, 0, 0, 0, 0, 0, 0, 1, 0, 0, 0, 0, 0, 0, 0, 0, 0, 0, 0, 0, 0, 0, 0, 0, 0, 1, 0, 0, 0, 0, 0, 0, 0, 0, 0, 0, 0, 0, 0, 0, 0, 0, 0, 0] (0.003s)
  Sub: Z₀=41.830618 [LOCAL] (0.9s), α=[0.000,0.000,0.000,0.000,0.000,0.000,0.000,0.000,0.000,0.000,0.000,0.000,0.000,0.000,0.000,0.000,0.000,0.000,0.000,0.000,0.000,0.000,4.451,0.000,0.000,0.000,0.000,0.000,5.798,0.000,0.000,0.000,0.000,0.000,0.000,0.000,0.000,0.000,0.000,0.000,0.000,0.000,0.000,0.000,0.000,0.000,0.000]
  Iter 26: LB=36.595031  UB=37.763345  gap=3.09e-02
  Cut: intercept=-1109.004965, π_x_range=[-829.9397, 598.2597]
  Mini-Benders[1] (mw): LB=36.641946, Z₀(α*)=39.922524, intercept=-135.263430 (4.500s) [OMP=4.365 ISP-L=0.016 ISP-F=0.057 MW-L=0.023 MW-F=0.035]
  Mini-Benders[2] (mw): LB=36.646426, Z₀(α*)=25.688410, intercept=-4.189960 (4.719s) [OMP=4.586 ISP-L=0.016 ISP-F=0.056 MW-L=0.022 MW-F=0.035]
  Mini-Benders[3] (mw): LB=36.646426, Z₀(α*)=25.688410, intercept=-4.189960 (4.515s) [OMP=4.384 ISP-L=0.016 ISP-F=0.056 MW-L=0.022 MW-F=0.035]
  Mini-Benders[4] (mw): LB=36.646426, Z₀(α*)=25.688410, intercept=-4.189960 (4.531s) [OMP=4.400 ISP-L=0.016 ISP-F=0.056 MW-L=0.023 MW-F=0.035]
  Mini-Benders[5]: LB stagnated, break
  α-step: Z₀=45.540291, α=[0.000,0.000,0.000,0.000,0.000,0.000,0.000,0.000,0.000,0.000,0.000,0.000,0.000,0.000,0.000,0.000,0.000,0.000,0.000,0.000,0.000,0.000,0.671,0.000,0.533,0.000,0.000,0.000,3.415,0.000,0.000,0.754,0.000,0.000,0.000,4.876,0.000,0.000,0.000,0.000,0.000,0.000,0.000,0.000,0.000,0.000,0.000]
  Alt-Benders[1] (mw): LB=36.687936, Z₀(α*)=16.873908, intercept=-90.748997 (4.828s) [OMP=4.695 ISP-L=0.016 ISP-F=0.056 MW-L=0.023 MW-F=0.034]
  Alt-Benders[2] (mw): LB=36.687937, Z₀(α*)=16.873908, intercept=-90.748997 (4.406s) [OMP=4.275 ISP-L=0.016 ISP-F=0.055 MW-L=0.022 MW-F=0.034]
  Alt-Benders[3] (mw): LB=36.687937, Z₀(α*)=16.873908, intercept=-90.748997 (4.407s) [OMP=4.277 ISP-L=0.016 ISP-F=0.056 MW-L=0.022 MW-F=0.034]
  Alt-Benders[4]: LB stagnated, break
  OMP re-solve: 0.003s

=== True-DRO Benders iter 27 ===
  OMP: t₀=36.687937, UB=37.763345, gap=2.85e-02, x=[0, 0, 0, 0, 0, 0, 0, 0, 0, 0, 1, 0, 0, 0, 0, 0, 0, 0, 0, 0, 0, 0, 0, 0, 0, 1, 0, 0, 0, 0, 0, 0, 0, 0, 0, 0, 0, 0, 0, 0, 0, 0, 0, 0, 0, 0, 0] (0.003s)
  Sub: Z₀=41.779547 [LOCAL] (0.7s), α=[0.000,0.000,0.000,0.000,0.000,0.000,0.000,0.000,0.000,0.000,0.000,0.000,0.000,0.000,0.000,0.000,0.000,0.000,0.000,0.000,0.000,0.000,4.451,0.000,0.000,0.000,0.000,0.000,5.798,0.000,0.000,0.000,0.000,0.000,0.000,0.000,0.000,0.000,0.000,0.000,0.000,0.000,0.000,0.000,0.000,0.000,0.000]
  Iter 27: LB=36.687937  UB=37.763345  gap=2.85e-02
  Cut: intercept=-1109.111865, π_x_range=[-828.4834, 597.8858]
  Mini-Benders[1] (mw): LB=36.692606, Z₀(α*)=43.046733, intercept=-28.070155 (4.859s) [OMP=4.721 ISP-L=0.016 ISP-F=0.056 MW-L=0.023 MW-F=0.034]
  Mini-Benders[2] (mw): LB=36.743512, Z₀(α*)=22.785024, intercept=-44.905462 (4.829s) [OMP=4.697 ISP-L=0.016 ISP-F=0.056 MW-L=0.022 MW-F=0.034]
  Mini-Benders[3] (mw): LB=36.743512, Z₀(α*)=22.785024, intercept=-44.905462 (4.812s) [OMP=4.683 ISP-L=0.016 ISP-F=0.056 MW-L=0.022 MW-F=0.034]
  Mini-Benders[4] (mw): LB=36.743512, Z₀(α*)=22.785024, intercept=-44.905462 (4.844s) [OMP=4.714 ISP-L=0.016 ISP-F=0.056 MW-L=0.022 MW-F=0.034]
  Mini-Benders[5]: LB stagnated, break
  α-step: Z₀=46.013482, α=[0.000,0.000,0.000,0.000,0.000,0.000,0.000,0.000,0.000,0.000,0.000,0.000,0.000,0.000,0.000,0.000,0.000,0.000,0.000,0.000,0.000,0.000,0.000,0.000,0.213,0.000,0.000,0.000,2.744,0.000,0.000,0.000,0.000,0.000,0.000,0.000,7.292,0.000,0.000,0.000,0.000,0.000,0.000,0.000,0.000,0.000,0.000]
  Alt-Benders[1] (mw): LB=36.798884, Z₀(α*)=47.285282, intercept=29.817994 (5.016s) [OMP=4.856 ISP-L=0.016 ISP-F=0.055 MW-L=0.024 MW-F=0.060]
  Alt-Benders[2] (mw): LB=36.832108, Z₀(α*)=34.182508, intercept=-72.035505 (4.984s) [OMP=4.859 ISP-L=0.016 ISP-F=0.053 MW-L=0.022 MW-F=0.036]
  Alt-Benders[3] (mw): LB=36.832108, Z₀(α*)=34.182508, intercept=-72.035505 (4.734s) [OMP=4.605 ISP-L=0.016 ISP-F=0.053 MW-L=0.023 MW-F=0.036]
  Alt-Benders[4] (mw): LB=36.832108, Z₀(α*)=34.182508, intercept=-72.035505 (4.735s) [OMP=4.604 ISP-L=0.016 ISP-F=0.053 MW-L=0.022 MW-F=0.036]
  Alt-Benders[5]: LB stagnated, break
  OMP re-solve: 0.003s

=== True-DRO Benders iter 28 ===
  OMP: t₀=36.832108, UB=37.763345, gap=2.47e-02, x=[0, 0, 0, 0, 0, 0, 0, 0, 0, 0, 0, 0, 0, 0, 0, 0, 0, 0, 0, 0, 0, 0, 1, 0, 0, 0, 0, 1, 0, 0, 0, 0, 0, 0, 0, 0, 0, 0, 0, 0, 0, 0, 0, 0, 0, 0, 0] (0.004s)
  Sub: Z₀=37.154295 [LOCAL] (0.8s), α=[0.000,0.000,0.000,0.000,0.000,0.000,0.000,0.000,0.000,0.000,0.000,0.000,0.000,0.000,0.000,0.000,0.000,0.000,0.000,0.000,0.000,0.000,0.000,0.000,2.929,0.000,0.000,1.827,4.803,0.000,0.000,0.000,0.000,0.000,0.000,0.081,0.609,0.000,0.000,0.000,0.000,0.000,0.000,0.000,0.000,0.000,0.000]
  Iter 28: LB=36.832108  UB=37.763345  gap=2.47e-02
  Cut: intercept=-1117.315877, π_x_range=[-827.9960, 581.7753]
  Mini-Benders[1] (mw): LB=37.100755, Z₀(α*)=41.782917, intercept=-52.698112 (4.828s) [OMP=4.697 ISP-L=0.016 ISP-F=0.056 MW-L=0.022 MW-F=0.032]
  Mini-Benders[2] (mw): LB=37.107797, Z₀(α*)=36.777896, intercept=19.898483 (5.172s) [OMP=5.044 ISP-L=0.016 ISP-F=0.055 MW-L=0.023 MW-F=0.035]
  Mini-Benders[3] (mw): LB=37.107797, Z₀(α*)=36.777896, intercept=19.898483 (5.093s) [OMP=4.978 ISP-L=0.007 ISP-F=0.055 MW-L=0.023 MW-F=0.035]
  Mini-Benders[4] (mw): LB=37.107797, Z₀(α*)=36.777896, intercept=19.898483 (5.094s) [OMP=4.971 ISP-L=0.008 ISP-F=0.055 MW-L=0.024 MW-F=0.036]
  Mini-Benders[5]: LB stagnated, break
  α-step: Z₀=41.104400, α=[0.000,0.000,0.000,0.000,0.000,0.000,0.000,0.000,0.000,0.000,0.000,0.000,0.000,0.000,0.000,0.000,0.000,0.000,0.000,0.000,0.000,0.000,0.000,0.000,8.146,0.000,0.000,0.000,2.103,0.000,0.000,0.000,0.000,0.000,0.000,0.000,0.000,0.000,0.000,0.000,0.000,0.000,0.000,0.000,0.000,0.000,0.000]
  Alt-Benders[1] (mw): LB=37.107797, Z₀(α*)=44.659086, intercept=39.327770 (5.266s) [OMP=5.138 ISP-L=0.018 ISP-F=0.056 MW-L=0.025 MW-F=0.036]
  Alt-Benders[2] (mw): LB=37.122069, Z₀(α*)=43.905042, intercept=-26.519806 (4.953s) [OMP=4.798 ISP-L=0.016 ISP-F=0.055 MW-L=0.045 MW-F=0.037]
  Alt-Benders[3] (mw): LB=37.127514, Z₀(α*)=36.212103, intercept=-202.424826 (5.125s) [OMP=4.986 ISP-L=0.016 ISP-F=0.055 MW-L=0.024 MW-F=0.035]
  Alt-Benders[4] (mw): LB=37.127514, Z₀(α*)=36.212103, intercept=-202.424826 (4.844s) [OMP=4.712 ISP-L=0.016 ISP-F=0.055 MW-L=0.024 MW-F=0.035]
  Alt-Benders[5] (mw): LB=37.127514, Z₀(α*)=36.212103, intercept=-202.424826 (4.812s) [OMP=4.681 ISP-L=0.016 ISP-F=0.054 MW-L=0.024 MW-F=0.035]
  OMP re-solve: 4.603s

=== True-DRO Benders iter 29 ===
  OMP: t₀=37.127514, UB=37.763345, gap=1.68e-02, x=[0, 0, 0, 0, 0, 0, 0, 0, 0, 0, 1, 0, 0, 0, 0, 0, 0, 0, 0, 0, 0, 0, 0, 0, 0, 0, 0, 0, 0, 0, 1, 0, 0, 0, 0, 0, 0, 0, 0, 0, 0, 0, 0, 0, 0, 0, 0] (0.004s)
  Sub: Z₀=40.804272 [LOCAL] (0.7s), α=[0.000,0.000,0.000,0.000,0.000,0.000,0.000,0.000,0.000,0.000,0.000,0.000,0.000,0.000,0.000,0.000,0.000,0.000,0.000,0.000,0.000,0.000,4.451,0.000,0.000,0.000,0.000,0.000,5.798,0.000,0.000,0.000,0.000,0.000,0.000,0.000,0.000,0.000,0.000,0.000,0.000,0.000,0.000,0.000,0.000,0.000,0.000]
  Iter 29: LB=37.127514  UB=37.763345  gap=1.68e-02
  Cut: intercept=-1092.766330, π_x_range=[-829.5410, 580.8612]
  Mini-Benders[1] (mw): LB=37.154295, Z₀(α*)=34.645413, intercept=-94.833792 (5.203s) [OMP=5.075 ISP-L=0.016 ISP-F=0.056 MW-L=0.023 MW-F=0.035]
  Mini-Benders[2] (mw): LB=37.154295, Z₀(α*)=34.645413, intercept=-94.833792 (4.422s) [OMP=4.290 ISP-L=0.016 ISP-F=0.056 MW-L=0.023 MW-F=0.035]
  Mini-Benders[3] (mw): LB=37.154295, Z₀(α*)=34.645413, intercept=-94.833792 (4.609s) [OMP=4.477 ISP-L=0.016 ISP-F=0.056 MW-L=0.024 MW-F=0.035]
  Mini-Benders[4]: LB stagnated, break
  α-step: Z₀=38.172342, α=[0.000,0.000,0.000,0.000,0.000,0.000,0.000,0.000,0.000,0.000,0.000,0.000,0.000,0.000,0.000,0.000,0.000,0.000,0.000,0.000,0.000,0.000,0.000,3.469,3.756,0.000,0.000,0.000,0.000,0.000,0.000,0.754,0.000,0.000,2.271,0.000,0.000,0.000,0.000,0.000,0.000,0.000,0.000,0.000,0.000,0.000,0.000]
  Alt-Benders[1] (mw): LB=37.173794, Z₀(α*)=35.803403, intercept=-42.048307 (4.859s) [OMP=4.733 ISP-L=0.016 ISP-F=0.054 MW-L=0.024 MW-F=0.034]
  Alt-Benders[2] (mw): LB=37.173794, Z₀(α*)=35.803403, intercept=-42.048307 (4.782s) [OMP=4.636 ISP-L=0.016 ISP-F=0.054 MW-L=0.024 MW-F=0.061]
  Alt-Benders[3] (mw): LB=37.173794, Z₀(α*)=35.803403, intercept=-42.048307 (4.922s) [OMP=4.781 ISP-L=0.016 ISP-F=0.054 MW-L=0.022 MW-F=0.032]
  Alt-Benders[4]: LB stagnated, break
  OMP re-solve: 0.003s

=== True-DRO Benders iter 30 ===
  OMP: t₀=37.173794, UB=37.763345, gap=1.56e-02, x=[0, 0, 0, 0, 0, 0, 0, 0, 0, 0, 0, 0, 1, 0, 0, 0, 0, 0, 0, 0, 0, 0, 0, 0, 0, 0, 0, 0, 0, 0, 1, 0, 0, 0, 0, 0, 0, 0, 0, 0, 0, 0, 0, 0, 0, 0, 0] (0.003s)
  Sub: Z₀=45.772759 (3.2s), α=[0.000,0.000,0.000,0.000,0.000,0.000,0.000,0.000,0.000,0.000,0.000,0.000,0.000,0.000,0.000,0.000,0.000,0.000,0.000,0.000,0.000,0.000,0.000,0.000,5.015,0.000,0.000,0.000,0.907,0.000,3.213,0.000,0.000,0.000,0.000,0.000,1.114,0.000,0.000,0.000,0.000,0.000,0.000,0.000,0.000,0.000,0.000]
  Iter 30: LB=37.173794  UB=37.763345  gap=1.56e-02
  Cut: intercept=-52.261766, π_x_range=[-285.0000, 62.3417]
  Sherali-Cut: intercept=26.428300, π_x_range=[-183.2328, 19.3445]
  Mini-Benders[1] (mw): LB=37.185779, Z₀(α*)=19.816270, intercept=-104.651004 (4.750s) [OMP=4.621 ISP-L=0.016 ISP-F=0.055 MW-L=0.023 MW-F=0.037]
  Mini-Benders[2] (mw): LB=37.185779, Z₀(α*)=19.816270, intercept=-104.651004 (4.406s) [OMP=4.274 ISP-L=0.016 ISP-F=0.055 MW-L=0.023 MW-F=0.037]
  Mini-Benders[3] (mw): LB=37.185779, Z₀(α*)=19.816270, intercept=-104.651004 (4.594s) [OMP=4.461 ISP-L=0.016 ISP-F=0.055 MW-L=0.022 MW-F=0.037]
  Mini-Benders[4]: LB stagnated, break
  α-step: Z₀=35.024448, α=[0.000,0.000,0.000,0.000,0.000,0.000,0.000,0.000,0.000,0.000,0.000,0.000,0.000,0.000,0.000,0.000,0.000,0.000,0.000,0.000,0.000,0.000,0.000,0.000,4.526,0.000,0.000,0.000,0.823,0.000,0.000,4.900,0.000,0.000,0.000,0.000,0.000,0.000,0.000,0.000,0.000,0.000,0.000,0.000,0.000,0.000,0.000]
  Alt-Benders[1] (mw): LB=37.185779, Z₀(α*)=38.081943, intercept=-46.222776 (4.641s) [OMP=4.499 ISP-L=0.016 ISP-F=0.053 MW-L=0.022 MW-F=0.051]
  Alt-Benders[2] (mw): LB=37.266776, Z₀(α*)=31.552147, intercept=-8.367098 (4.735s) [OMP=4.622 ISP-L=0.008 ISP-F=0.054 MW-L=0.024 MW-F=0.033]
  Alt-Benders[3] (mw): LB=37.266776, Z₀(α*)=31.552147, intercept=-8.367098 (4.530s) [OMP=4.379 ISP-L=0.016 ISP-F=0.054 MW-L=0.023 MW-F=0.058]
  Alt-Benders[4] (mw): LB=37.266776, Z₀(α*)=31.552147, intercept=-8.367098 (4.688s) [OMP=4.550 ISP-L=0.016 ISP-F=0.054 MW-L=0.023 MW-F=0.033]
  Alt-Benders[5]: LB stagnated, break
  OMP re-solve: 0.003s

=== True-DRO Benders iter 31 ===
  OMP: t₀=37.266776, UB=37.763345, gap=1.31e-02, x=[0, 0, 0, 0, 0, 0, 0, 0, 0, 0, 0, 0, 0, 0, 0, 0, 0, 0, 0, 0, 0, 0, 0, 0, 1, 0, 0, 0, 0, 0, 1, 0, 0, 0, 0, 0, 0, 0, 0, 0, 0, 0, 0, 0, 0, 0, 0] (0.003s)
  Sub: Z₀=39.331812 [LOCAL] (0.7s), α=[0.000,0.000,0.000,0.000,0.000,0.000,0.000,0.000,0.000,0.000,0.000,0.000,0.000,0.000,0.000,0.000,0.000,0.000,0.000,0.000,0.000,0.000,0.000,0.000,7.787,0.000,0.000,0.000,0.273,0.000,2.190,0.000,0.000,0.000,0.000,0.000,0.000,0.000,0.000,0.000,0.000,0.000,0.000,0.000,0.000,0.000,0.000]
  Iter 31: LB=37.266776  UB=37.763345  gap=1.31e-02
  Cut: intercept=-1136.996447, π_x_range=[-831.6488, 589.0503]
  Mini-Benders[1] (mw): LB=37.301893, Z₀(α*)=29.114600, intercept=-144.842670 (4.688s) [OMP=4.549 ISP-L=0.016 ISP-F=0.056 MW-L=0.023 MW-F=0.033]
  Mini-Benders[2] (mw): LB=37.301893, Z₀(α*)=29.114600, intercept=-144.842670 (5.000s) [OMP=4.864 ISP-L=0.019 ISP-F=0.064 MW-L=0.024 MW-F=0.034]
  Mini-Benders[3] (mw): LB=37.301893, Z₀(α*)=29.114600, intercept=-144.842670 (5.078s) [OMP=4.949 ISP-L=0.016 ISP-F=0.056 MW-L=0.023 MW-F=0.033]
  Mini-Benders[4]: LB stagnated, break
  α-step: Z₀=40.062662, α=[0.000,0.000,0.000,0.000,0.000,0.000,0.000,0.000,0.000,0.000,0.000,0.000,0.000,0.000,0.000,0.000,0.000,0.000,0.000,0.000,0.000,0.000,0.000,0.000,8.046,0.000,0.000,0.000,2.203,0.000,0.000,0.000,0.000,0.000,0.000,0.000,0.000,0.000,0.000,0.000,0.000,0.000,0.000,0.000,0.000,0.000,0.000]
  Alt-Benders[1] (mw): LB=37.552635, Z₀(α*)=15.645133, intercept=-125.767970 (4.875s) [OMP=4.744 ISP-L=0.016 ISP-F=0.055 MW-L=0.023 MW-F=0.036]
  Alt-Benders[2] (mw): LB=37.552635, Z₀(α*)=15.645133, intercept=-125.767970 (4.922s) [OMP=4.790 ISP-L=0.016 ISP-F=0.054 MW-L=0.023 MW-F=0.036]
  Alt-Benders[3] (mw): LB=37.552635, Z₀(α*)=15.645133, intercept=-125.767970 (5.000s) [OMP=4.869 ISP-L=0.016 ISP-F=0.055 MW-L=0.023 MW-F=0.036]
  Alt-Benders[4]: LB stagnated, break
  OMP re-solve: 0.003s

=== True-DRO Benders iter 32 ===
  OMP: t₀=37.552635, UB=37.763345, gap=5.58e-03, x=[0, 0, 0, 0, 0, 0, 0, 0, 0, 0, 1, 0, 0, 0, 0, 0, 0, 0, 0, 0, 0, 0, 0, 0, 0, 0, 0, 0, 0, 1, 0, 0, 0, 0, 0, 0, 0, 0, 0, 0, 0, 0, 0, 0, 0, 0, 0] (0.004s)
  Sub: Z₀=44.046136 [LOCAL] (0.9s), α=[0.000,0.000,0.000,0.000,0.000,0.000,0.000,0.000,0.000,0.000,0.000,0.000,0.000,0.000,0.000,0.000,0.000,0.000,0.000,0.000,0.000,0.000,3.012,0.000,0.000,0.000,0.000,0.000,6.335,0.000,0.000,0.000,0.000,0.000,0.000,0.208,0.694,0.000,0.000,0.000,0.000,0.000,0.000,0.000,0.000,0.000,0.000]
  Iter 32: LB=37.552635  UB=37.763345  gap=5.58e-03
  Cut: intercept=-1090.743614, π_x_range=[-825.3111, 579.0978]
  Mini-Benders[1] (mw): LB=37.625620, Z₀(α*)=41.591055, intercept=-106.987743 (5.329s) [OMP=5.144 ISP-L=0.016 ISP-F=0.055 MW-L=0.049 MW-F=0.052]
  Mini-Benders[1]: gap=3.65e-03 ≤ tol, break
  α-step: Z₀=31.809776, α=[0.000,0.000,0.000,0.000,0.000,0.000,0.000,0.000,0.000,0.000,0.000,0.000,0.000,0.000,0.000,0.000,0.000,0.000,0.000,0.000,0.000,0.000,0.000,0.000,0.000,0.000,0.000,0.000,9.489,0.000,0.000,0.000,0.760,0.000,0.000,0.000,0.000,0.000,0.000,0.000,0.000,0.000,0.000,0.000,0.000,0.000,0.000]
  Alt-Benders[1] (mw): LB=37.763345, Z₀(α*)=37.003173, intercept=-146.190513 (5.031s) [OMP=4.902 ISP-L=0.016 ISP-F=0.055 MW-L=0.022 MW-F=0.033]
  Alt-Benders[1]: gap=1.12e-09 ≤ tol, break
  OMP re-solve: 5.247s

=== True-DRO Benders iter 33 ===
  OMP: t₀=37.763345, UB=37.763345, gap=1.12e-09, x=[0, 0, 0, 0, 0, 0, 0, 0, 0, 0, 0, 0, 0, 0, 0, 0, 0, 0, 0, 0, 0, 0, 0, 0, 0, 0, 0, 1, 0, 0, 0, 0, 1, 0, 0, 0, 0, 0, 0, 0, 0, 0, 0, 0, 0, 0, 0] (0.003s)
  Sub: Z₀=37.763345 [LOCAL] (0.6s), α=[0.000,0.000,0.000,0.000,0.000,0.000,0.000,0.000,0.000,0.000,0.000,0.000,0.000,0.000,0.000,0.000,0.000,0.000,0.000,0.000,0.000,0.000,0.000,0.000,0.000,0.000,0.000,0.000,10.249,0.000,0.000,0.000,0.000,0.000,0.000,0.000,0.000,0.000,0.000,0.000,0.000,0.000,0.000,0.000,0.000,0.000,0.000]
  Iter 33: LB=37.763345  UB=37.763345  gap=1.12e-09
True-DRO Benders converged at iter 33 (gap=1.12e-09)
  Wall time: 1395.00 sec
  OMP  time: mean=2.994s, median=3.624s, max=5.282s
  Sub  time (exact): mean=7.840s, median=7.290s, q90=12.866s, max=14.778s (n=6/33)

Result (double/mb_only): Z₀=37.763345, iters=33, time=1395.1s
x arcs = [28, 33]
