============================================================
polska — double [mb_only]: ε̂=0.50, ε̃=0.50, β=0.70
  mini_benders=true, valid_inequality=none
============================================================
Set parameter Username
Set parameter LicenseID to value 2742039
Academic license - for non-commercial use only - expires 2026-11-20
Set parameter Username
Set parameter LicenseID to value 2742039
Academic license - for non-commercial use only - expires 2026-11-20
Set parameter OutputFlag to value 1
Set parameter LogFile to value "global_miqcp.log"
Set parameter Username
Set parameter LicenseID to value 2742039
Academic license - for non-commercial use only - expires 2026-11-20
Set parameter Username
Set parameter LicenseID to value 2742039
Academic license - for non-commercial use only - expires 2026-11-20
Set parameter Username
Set parameter LicenseID to value 2742039
Academic license - for non-commercial use only - expires 2026-11-20
Set parameter Username
Set parameter LicenseID to value 2742039
Academic license - for non-commercial use only - expires 2026-11-20

=== True-DRO Benders iter 1 ===
  OMP: t₀=-10000.000000, UB=Inf, gap=NaN, x=[0, 0, 0, 0, 0, 0, 0, 0, 0, 0, 0, 0, 0, 0, 0, 0, 0, 0, 0, 0, 0, 0, 0, 0, 0, 0, 0, 0, 0, 0, 0, 0, 0, 0, 0, 0] (0.000s)
  Sub: Z₀=26.866614 [LOCAL] (0.7s), α=[0.000,0.000,6.351,0.000,0.000,0.000,0.000,0.000,0.000,0.000,0.000,0.000,0.000,0.000,0.000,0.000,0.000,0.065,0.000,0.000,0.000,0.000,0.000,0.000,0.000,0.000,0.000,0.000,0.000,0.000,0.000,0.000,0.143,3.385,0.000,0.000]
  Iter 1: LB=-10000.000000  UB=Inf  gap=NaN
  Cut: intercept=26.866615, π_x_range=[-823.1752, -799.7933]
  Mini-Benders[1] (mw): LB=-1616.876308, Z₀(α*)=8.709500, intercept=-34.164145 (0.141s) [OMP=0.042 ISP-L=0.016 ISP-F=0.040 MW-L=0.014 MW-F=0.036]
  Mini-Benders[2] (mw): LB=-165.695231, Z₀(α*)=12.658840, intercept=-19.368153 (0.109s) [OMP=0.028 ISP-L=0.011 ISP-F=0.033 MW-L=0.014 MW-F=0.028]
  Mini-Benders[3] (mw): LB=-106.573932, Z₀(α*)=13.864057, intercept=-58.159640 (0.141s) [OMP=0.041 ISP-L=0.011 ISP-F=0.032 MW-L=0.016 MW-F=0.028]
  Mini-Benders[4] (mw): LB=-93.610493, Z₀(α*)=20.494839, intercept=-35.484993 (0.312s) [OMP=0.232 ISP-L=0.011 ISP-F=0.034 MW-L=0.014 MW-F=0.028]
  Mini-Benders[5] (mw): LB=-91.245574, Z₀(α*)=-4.426610, intercept=-37.841824 (0.297s) [OMP=0.209 ISP-L=0.011 ISP-F=0.033 MW-L=0.015 MW-F=0.028]
Set parameter NonConvex to value 2
Set parameter DualReductions to value 0
  α-step: Z₀=21.884602, α=[0.000,0.000,9.733,0.000,0.000,0.021,0.000,0.000,0.000,0.000,0.000,0.000,0.000,0.023,0.000,0.000,0.000,0.000,0.000,0.000,0.000,0.000,0.000,0.000,0.000,0.000,0.000,0.000,0.000,0.084,0.083,0.000,0.000,0.000,0.000,0.000]
  Alt-Benders[1] (mw): LB=-69.307581, Z₀(α*)=-11.559040, intercept=-42.847340 (0.374s) [OMP=0.291 ISP-L=0.012 ISP-F=0.034 MW-L=0.015 MW-F=0.026]
  Alt-Benders[2] (mw): LB=-68.999657, Z₀(α*)=-29.737398, intercept=-49.096891 (0.375s) [OMP=0.287 ISP-L=0.005 ISP-F=0.032 MW-L=0.015 MW-F=0.026]
  Alt-Benders[3] (mw): LB=-66.573143, Z₀(α*)=21.884602, intercept=-4.371790 (0.297s) [OMP=0.217 ISP-L=0.011 ISP-F=0.032 MW-L=0.014 MW-F=0.026]
  Alt-Benders[4] (mw): LB=-63.644568, Z₀(α*)=5.080685, intercept=-49.629346 (0.375s) [OMP=0.295 ISP-L=0.012 ISP-F=0.032 MW-L=0.014 MW-F=0.030]
  Alt-Benders[5] (mw): LB=-58.373975, Z₀(α*)=20.515578, intercept=-60.814792 (0.422s) [OMP=0.334 ISP-L=0.011 ISP-F=0.031 MW-L=0.014 MW-F=0.027]
  OMP re-solve: 0.288s

=== True-DRO Benders iter 2 ===
  OMP: t₀=-56.404741, UB=Inf, gap=NaN, x=[0, 0, 0, 0, 0, 0, 1, 0, 0, 0, 0, 0, 0, 0, 0, 0, 0, 0, 0, 0, 0, 0, 0, 0, 0, 0, 0, 0, 0, 0, 0, 0, 0, 1, 0, 0] (0.000s)
  Sub: Z₀=22.681052 [LOCAL] (0.4s), α=[0.000,0.000,1.696,0.000,0.000,0.000,0.000,0.000,0.000,0.000,0.000,0.000,0.000,0.000,0.000,0.000,0.000,0.000,0.000,0.000,0.000,0.000,0.000,0.000,0.000,0.000,0.000,0.000,0.000,0.000,0.000,0.000,0.012,8.237,0.000,0.000]
  Iter 2: LB=-56.404741  UB=Inf  gap=NaN
  Cut: intercept=-1142.270200, π_x_range=[-824.6616, 584.3263]
  Mini-Benders[1] (mw): LB=-52.918522, Z₀(α*)=-4.304207, intercept=-41.805889 (0.547s) [OMP=0.450 ISP-L=0.011 ISP-F=0.033 MW-L=0.014 MW-F=0.030]
  Mini-Benders[2] (mw): LB=-51.166887, Z₀(α*)=18.144406, intercept=-51.376763 (0.641s) [OMP=0.542 ISP-L=0.011 ISP-F=0.034 MW-L=0.016 MW-F=0.034]
  Mini-Benders[3] (mw): LB=-50.552158, Z₀(α*)=19.867747, intercept=-22.568499 (0.718s) [OMP=0.636 ISP-L=0.012 ISP-F=0.033 MW-L=0.016 MW-F=0.032]
  Mini-Benders[4] (mw): LB=-47.543342, Z₀(α*)=2.215395, intercept=-76.770124 (0.891s) [OMP=0.760 ISP-L=0.012 ISP-F=0.032 MW-L=0.048 MW-F=0.028]
  Mini-Benders[5] (mw): LB=-45.093224, Z₀(α*)=10.982118, intercept=-66.220589 (0.828s) [OMP=0.752 ISP-L=0.011 ISP-F=0.031 MW-L=0.014 MW-F=0.027]
  α-step: Z₀=19.720850, α=[0.000,0.000,0.000,0.000,0.000,0.000,0.207,0.000,0.000,0.000,0.000,0.000,0.000,0.000,0.000,0.000,0.000,8.492,0.000,0.000,0.000,0.000,0.000,0.000,1.245,0.000,0.000,0.000,0.000,0.000,0.000,0.000,0.000,0.000,0.000,0.000]
  Alt-Benders[1] (mw): LB=-44.583180, Z₀(α*)=-15.092965, intercept=-13.709091 (0.875s) [OMP=0.787 ISP-L=0.012 ISP-F=0.033 MW-L=0.014 MW-F=0.029]
  Alt-Benders[2] (mw): LB=-42.160399, Z₀(α*)=21.098964, intercept=-80.068517 (2.000s) [OMP=1.916 ISP-L=0.011 ISP-F=0.033 MW-L=0.014 MW-F=0.026]
  Alt-Benders[3] (mw): LB=-41.735514, Z₀(α*)=-17.135565, intercept=-16.256919 (1.797s) [OMP=1.712 ISP-L=0.012 ISP-F=0.032 MW-L=0.014 MW-F=0.029]
  Alt-Benders[4] (mw): LB=-39.588180, Z₀(α*)=3.003578, intercept=-7.379286 (0.687s) [OMP=0.597 ISP-L=0.011 ISP-F=0.034 MW-L=0.014 MW-F=0.027]
  Alt-Benders[5] (mw): LB=-38.928888, Z₀(α*)=-0.844179, intercept=-6.736632 (0.610s) [OMP=0.526 ISP-L=0.005 ISP-F=0.034 MW-L=0.013 MW-F=0.027]
  OMP re-solve: 0.650s

=== True-DRO Benders iter 3 ===
  OMP: t₀=-38.351992, UB=Inf, gap=NaN, x=[0, 0, 0, 0, 0, 1, 0, 0, 0, 0, 0, 0, 0, 0, 0, 0, 0, 0, 0, 0, 0, 1, 0, 0, 0, 0, 0, 0, 0, 0, 0, 0, 0, 0, 0, 0] (0.000s)
  Sub: Z₀=22.105858 [LOCAL] (0.4s), α=[0.000,0.000,1.294,0.000,0.000,4.005,0.000,0.000,0.000,0.000,0.000,0.000,0.000,1.364,0.000,0.000,0.000,0.707,0.000,0.000,0.000,0.000,0.000,0.000,0.000,0.000,0.000,0.000,0.000,0.352,1.121,0.000,1.031,0.070,0.000,0.000]
  Iter 3: LB=-38.351992  UB=Inf  gap=NaN
  Cut: intercept=-1099.511074, π_x_range=[-817.9024, 567.4798]
  Mini-Benders[1] (mw): LB=-38.290098, Z₀(α*)=-14.814822, intercept=-77.602095 (0.687s) [OMP=0.601 ISP-L=0.011 ISP-F=0.033 MW-L=0.013 MW-F=0.028]
  Mini-Benders[2] (mw): LB=-37.812516, Z₀(α*)=-9.845146, intercept=-9.845137 (0.609s) [OMP=0.534 ISP-L=0.011 ISP-F=0.032 MW-L=0.013 MW-F=0.027]
  Mini-Benders[3] (mw): LB=-36.440625, Z₀(α*)=-10.830271, intercept=-48.846269 (1.235s) [OMP=1.136 ISP-L=0.012 ISP-F=0.032 MW-L=0.014 MW-F=0.030]
  Mini-Benders[4] (mw): LB=-35.982924, Z₀(α*)=14.855863, intercept=-32.930258 (1.390s) [OMP=1.310 ISP-L=0.011 ISP-F=0.033 MW-L=0.014 MW-F=0.028]
  Mini-Benders[5] (mw): LB=-33.612644, Z₀(α*)=-5.852080, intercept=-29.876163 (1.266s) [OMP=1.172 ISP-L=0.011 ISP-F=0.033 MW-L=0.015 MW-F=0.033]
  α-step: Z₀=19.895314, α=[0.000,0.000,9.944,0.000,0.000,0.000,0.000,0.000,0.000,0.000,0.000,0.000,0.000,0.000,0.000,0.000,0.000,0.000,0.000,0.000,0.000,0.000,0.000,0.000,0.000,0.000,0.000,0.000,0.000,0.000,0.000,0.000,0.000,0.000,0.000,0.000]
  Alt-Benders[1] (mw): LB=-32.380032, Z₀(α*)=-23.836723, intercept=-91.350809 (1.703s) [OMP=1.606 ISP-L=0.012 ISP-F=0.033 MW-L=0.016 MW-F=0.030]
  Alt-Benders[2] (mw): LB=-30.657940, Z₀(α*)=-24.289954, intercept=-47.228800 (1.843s) [OMP=1.721 ISP-L=0.012 ISP-F=0.033 MW-L=0.017 MW-F=0.055]
  Alt-Benders[3] (mw): LB=-25.576948, Z₀(α*)=23.739203, intercept=-46.556964 (2.688s) [OMP=2.606 ISP-L=0.011 ISP-F=0.034 MW-L=0.014 MW-F=0.026]
  Alt-Benders[4] (mw): LB=-24.289956, Z₀(α*)=-24.289954, intercept=-47.228800 (1.766s) [OMP=1.680 ISP-L=0.012 ISP-F=0.033 MW-L=0.015 MW-F=0.027]
  Alt-Benders[5] (mw): LB=-24.289956, Z₀(α*)=-24.289954, intercept=-47.228800 (2.562s) [OMP=2.470 ISP-L=0.012 ISP-F=0.033 MW-L=0.015 MW-F=0.026]
  OMP re-solve: 2.313s

=== True-DRO Benders iter 4 ===
  OMP: t₀=-24.289956, UB=Inf, gap=NaN, x=[0, 0, 0, 0, 0, 0, 0, 0, 0, 0, 0, 0, 0, 0, 0, 0, 0, 0, 0, 0, 0, 1, 0, 0, 0, 0, 0, 0, 0, 0, 0, 0, 0, 1, 0, 0] (0.001s)
  Sub: Z₀=22.255437 [LOCAL] (0.5s), α=[0.000,0.000,1.649,0.000,0.000,0.000,0.000,0.000,0.000,0.000,0.000,0.000,0.000,0.000,0.000,0.000,0.000,0.047,0.000,0.000,0.000,0.000,0.000,0.000,0.000,0.000,0.000,0.000,0.000,0.000,0.000,0.000,1.229,7.020,0.000,0.000]
  Iter 4: LB=-24.289956  UB=Inf  gap=NaN
  Cut: intercept=-1127.049659, π_x_range=[-820.1813, 576.6789]
  Mini-Benders[1] (mw): LB=-23.836726, Z₀(α*)=18.720295, intercept=-80.338123 (2.562s) [OMP=2.478 ISP-L=0.011 ISP-F=0.034 MW-L=0.013 MW-F=0.027]
  Mini-Benders[2] (mw): LB=-22.997536, Z₀(α*)=0.932724, intercept=-12.070818 (2.829s) [OMP=2.742 ISP-L=0.011 ISP-F=0.033 MW-L=0.013 MW-F=0.027]
  Mini-Benders[3] (mw): LB=-22.857385, Z₀(α*)=1.922940, intercept=-85.096671 (3.937s) [OMP=3.851 ISP-L=0.011 ISP-F=0.033 MW-L=0.014 MW-F=0.026]
  Mini-Benders[4] (mw): LB=-22.426077, Z₀(α*)=18.086677, intercept=-43.469609 (3.938s) [OMP=3.840 ISP-L=0.012 ISP-F=0.033 MW-L=0.015 MW-F=0.035]
  Mini-Benders[5] (mw): LB=-21.870841, Z₀(α*)=12.001557, intercept=-72.310521 (3.281s) [OMP=3.202 ISP-L=0.012 ISP-F=0.032 MW-L=0.015 MW-F=0.028]
  α-step: Z₀=21.511698, α=[0.000,0.000,4.036,0.000,0.000,0.000,0.000,0.000,0.000,0.000,0.000,0.000,0.000,0.000,0.000,0.000,0.000,1.027,0.000,0.000,0.000,0.000,0.000,0.000,0.000,0.000,0.000,0.000,0.000,0.000,0.000,0.000,2.668,2.213,0.000,0.000]
  Alt-Benders[1] (mw): LB=-20.974054, Z₀(α*)=23.539034, intercept=22.666720 (2.750s) [OMP=2.666 ISP-L=0.011 ISP-F=0.033 MW-L=0.014 MW-F=0.026]
  Alt-Benders[2] (mw): LB=-20.122602, Z₀(α*)=16.187868, intercept=-44.636282 (1.281s) [OMP=1.189 ISP-L=0.011 ISP-F=0.032 MW-L=0.013 MW-F=0.027]
  Alt-Benders[3] (mw): LB=-19.407966, Z₀(α*)=20.510448, intercept=-54.652351 (1.188s) [OMP=1.101 ISP-L=0.011 ISP-F=0.033 MW-L=0.014 MW-F=0.028]
  Alt-Benders[4] (mw): LB=-18.850853, Z₀(α*)=23.048091, intercept=-39.866508 (1.140s) [OMP=1.060 ISP-L=0.011 ISP-F=0.032 MW-L=0.014 MW-F=0.025]
  Alt-Benders[5] (mw): LB=-18.331693, Z₀(α*)=21.801599, intercept=-2.763591 (1.203s) [OMP=1.128 ISP-L=0.011 ISP-F=0.032 MW-L=0.014 MW-F=0.027]
  OMP re-solve: 1.167s

=== True-DRO Benders iter 5 ===
  OMP: t₀=-17.288289, UB=Inf, gap=NaN, x=[0, 0, 0, 0, 0, 0, 1, 0, 0, 0, 0, 0, 0, 0, 0, 0, 0, 0, 0, 0, 0, 1, 0, 0, 0, 0, 0, 0, 0, 0, 0, 0, 0, 0, 0, 0] (0.000s)
  Sub: Z₀=28.059971 (2.6s), α=[0.000,0.000,4.857,0.000,0.000,0.000,0.000,0.000,0.000,0.000,0.000,0.000,0.000,0.000,0.000,0.000,0.000,2.083,0.000,0.000,0.000,0.000,0.000,0.000,0.000,0.000,0.000,0.000,0.000,0.062,0.168,0.000,2.775,0.000,0.000,0.000]
  Iter 5: LB=-17.288289  UB=28.059971  gap=1.62e+00
  Cut: intercept=-32.736033, π_x_range=[-266.0000, 37.7280]
  Sherali-Cut: intercept=28.059973, π_x_range=[-104.3474, 0.0000]
  Mini-Benders[1] (mw): LB=-17.259957, Z₀(α*)=11.241428, intercept=-52.229353 (2.703s) [OMP=2.620 ISP-L=0.012 ISP-F=0.034 MW-L=0.013 MW-F=0.029]
  Mini-Benders[2] (mw): LB=-15.531505, Z₀(α*)=11.202244, intercept=4.017440 (1.672s) [OMP=1.586 ISP-L=0.012 ISP-F=0.033 MW-L=0.014 MW-F=0.026]
  Mini-Benders[3] (mw): LB=-14.814824, Z₀(α*)=15.055799, intercept=-31.800162 (2.437s) [OMP=2.347 ISP-L=0.011 ISP-F=0.032 MW-L=0.014 MW-F=0.027]
  Mini-Benders[4] (mw): LB=-14.463663, Z₀(α*)=-11.113035, intercept=-13.284189 (1.860s) [OMP=1.777 ISP-L=0.011 ISP-F=0.033 MW-L=0.014 MW-F=0.029]
  Mini-Benders[5] (mw): LB=-13.629064, Z₀(α*)=2.592658, intercept=-0.441849 (1.797s) [OMP=1.696 ISP-L=0.012 ISP-F=0.032 MW-L=0.014 MW-F=0.028]
  α-step: Z₀=21.813291, α=[0.000,0.000,5.422,0.000,0.000,0.000,0.000,0.000,0.000,0.000,0.000,0.000,0.000,0.000,0.000,0.000,0.000,0.000,0.000,0.000,0.000,0.000,0.000,0.000,0.000,0.000,0.000,0.000,0.000,0.000,0.000,0.000,0.000,4.522,0.000,0.000]
  Alt-Benders[1] (mw): LB=-12.500063, Z₀(α*)=18.597161, intercept=-78.395381 (2.876s) [OMP=2.793 ISP-L=0.011 ISP-F=0.033 MW-L=0.014 MW-F=0.025]
  Alt-Benders[2] (mw): LB=-11.727377, Z₀(α*)=14.823337, intercept=-42.766975 (2.827s) [OMP=2.743 ISP-L=0.011 ISP-F=0.033 MW-L=0.013 MW-F=0.025]
  Alt-Benders[3] (mw): LB=-11.559041, Z₀(α*)=20.053550, intercept=-35.350518 (3.110s) [OMP=3.025 ISP-L=0.011 ISP-F=0.032 MW-L=0.014 MW-F=0.026]
  Alt-Benders[4] (mw): LB=-11.481448, Z₀(α*)=21.813291, intercept=-19.433495 (2.469s) [OMP=2.384 ISP-L=0.011 ISP-F=0.032 MW-L=0.014 MW-F=0.031]
  Alt-Benders[5] (mw): LB=-11.219796, Z₀(α*)=22.850665, intercept=-4.140873 (2.781s) [OMP=2.692 ISP-L=0.011 ISP-F=0.033 MW-L=0.014 MW-F=0.032]
  OMP re-solve: 2.785s

=== True-DRO Benders iter 6 ===
  OMP: t₀=-11.113037, UB=28.059971, gap=1.40e+00, x=[0, 0, 0, 0, 0, 0, 0, 0, 0, 0, 0, 0, 1, 1, 0, 0, 0, 0, 0, 0, 0, 0, 0, 0, 0, 0, 0, 0, 0, 0, 0, 0, 0, 0, 0, 0] (0.001s)
  Sub: Z₀=22.272976 [LOCAL] (0.4s), α=[0.000,0.000,2.118,0.000,0.000,0.000,0.000,0.000,0.000,0.000,0.000,0.000,0.913,1.879,0.000,0.000,0.000,0.050,0.000,0.000,0.000,0.000,0.000,0.000,0.000,0.000,0.000,0.000,0.000,0.000,0.000,0.000,0.000,4.985,0.000,0.000]
  Iter 6: LB=-11.113037  UB=28.059971  gap=1.40e+00
  Cut: intercept=-1138.799632, π_x_range=[-819.8259, 588.8886]
  Mini-Benders[1] (mw): LB=-10.427224, Z₀(α*)=2.245362, intercept=-16.384346 (2.829s) [OMP=2.740 ISP-L=0.010 ISP-F=0.033 MW-L=0.013 MW-F=0.028]
  Mini-Benders[2] (mw): LB=-9.989159, Z₀(α*)=7.935603, intercept=-35.519725 (2.921s) [OMP=2.836 ISP-L=0.011 ISP-F=0.033 MW-L=0.014 MW-F=0.029]
  Mini-Benders[3] (mw): LB=-9.218331, Z₀(α*)=23.288465, intercept=-26.563460 (2.860s) [OMP=2.741 ISP-L=0.010 ISP-F=0.032 MW-L=0.014 MW-F=0.054]
  Mini-Benders[4] (mw): LB=-8.888068, Z₀(α*)=23.288465, intercept=-26.563460 (2.656s) [OMP=2.575 ISP-L=0.011 ISP-F=0.034 MW-L=0.013 MW-F=0.035]
  Mini-Benders[5] (mw): LB=-6.319780, Z₀(α*)=12.599210, intercept=-24.046687 (3.078s) [OMP=3.000 ISP-L=0.011 ISP-F=0.032 MW-L=0.014 MW-F=0.027]
  α-step: Z₀=21.511698, α=[0.000,0.000,5.063,0.000,0.000,0.000,0.000,0.000,0.000,0.000,0.000,0.000,0.000,0.000,0.000,0.000,0.000,0.000,0.000,0.000,0.000,0.000,0.000,0.000,0.000,0.000,0.000,0.000,0.000,0.000,0.000,0.000,2.094,2.787,0.000,0.000]
  Alt-Benders[1] (mw): LB=-4.635413, Z₀(α*)=21.511698, intercept=-4.827977 (2.828s) [OMP=2.736 ISP-L=0.011 ISP-F=0.032 MW-L=0.013 MW-F=0.026]
  Alt-Benders[2] (mw): LB=-4.426612, Z₀(α*)=-0.133635, intercept=-37.841823 (2.875s) [OMP=2.791 ISP-L=0.011 ISP-F=0.033 MW-L=0.015 MW-F=0.027]
  Alt-Benders[3] (mw): LB=-4.304209, Z₀(α*)=19.247497, intercept=-38.496292 (2.328s) [OMP=2.240 ISP-L=0.011 ISP-F=0.032 MW-L=0.014 MW-F=0.026]
  Alt-Benders[4] (mw): LB=-2.749331, Z₀(α*)=20.143783, intercept=-22.460643 (2.031s) [OMP=1.954 ISP-L=0.012 ISP-F=0.033 MW-L=0.014 MW-F=0.026]
  Alt-Benders[5] (mw): LB=-2.321099, Z₀(α*)=24.451374, intercept=-30.816752 (2.063s) [OMP=1.970 ISP-L=0.011 ISP-F=0.033 MW-L=0.013 MW-F=0.032]
  OMP re-solve: 1.974s

=== True-DRO Benders iter 7 ===
  OMP: t₀=-1.144017, UB=28.059971, gap=1.04e+00, x=[0, 0, 0, 0, 0, 0, 0, 0, 0, 0, 0, 0, 0, 1, 0, 0, 0, 1, 0, 0, 0, 0, 0, 0, 0, 0, 0, 0, 0, 0, 0, 0, 0, 0, 0, 0] (0.001s)
  Sub: Z₀=23.970838 [LOCAL] (0.4s), α=[0.000,0.000,4.091,0.000,0.000,0.000,0.000,0.000,0.000,0.000,0.000,0.000,0.000,0.918,0.000,0.000,0.000,1.478,0.000,0.000,0.000,0.000,0.000,0.000,0.000,0.000,0.000,0.000,0.000,0.000,0.000,0.000,0.000,3.457,0.000,0.000]
  Iter 7: LB=-1.144017  UB=28.059971  gap=1.04e+00
  Cut: intercept=-1156.217301, π_x_range=[-827.1504, 594.9100]
  Mini-Benders[1] (mw): LB=-1.000602, Z₀(α*)=19.399258, intercept=-40.377978 (1.969s) [OMP=1.880 ISP-L=0.011 ISP-F=0.033 MW-L=0.014 MW-F=0.026]
  Mini-Benders[2] (mw): LB=-0.787162, Z₀(α*)=12.092447, intercept=-37.724904 (1.969s) [OMP=1.887 ISP-L=0.012 ISP-F=0.034 MW-L=0.015 MW-F=0.028]
  Mini-Benders[3] (mw): LB=-0.133637, Z₀(α*)=0.046409, intercept=-43.777346 (2.265s) [OMP=2.173 ISP-L=0.011 ISP-F=0.033 MW-L=0.014 MW-F=0.028]
  Mini-Benders[4] (mw): LB=0.046407, Z₀(α*)=0.046409, intercept=-43.777346 (2.235s) [OMP=2.141 ISP-L=0.011 ISP-F=0.033 MW-L=0.015 MW-F=0.028]
  Mini-Benders[5] (mw): LB=0.046407, Z₀(α*)=0.046409, intercept=-43.777346 (2.156s) [OMP=2.072 ISP-L=0.012 ISP-F=0.035 MW-L=0.015 MW-F=0.029]
  α-step: Z₀=21.672705, α=[0.000,0.000,3.501,0.000,0.000,0.000,0.000,0.000,0.000,0.000,0.000,0.000,0.000,0.000,0.000,0.000,0.000,0.000,0.000,0.000,0.000,0.000,0.000,0.000,5.164,0.000,0.000,0.000,0.000,0.000,0.000,0.000,1.279,0.000,0.000,0.000]
  Alt-Benders[1] (mw): LB=0.085168, Z₀(α*)=-13.854468, intercept=-13.854462 (1.875s) [OMP=1.779 ISP-L=0.011 ISP-F=0.034 MW-L=0.015 MW-F=0.029]
  Alt-Benders[2] (mw): LB=0.085168, Z₀(α*)=-13.854468, intercept=-13.854462 (2.110s) [OMP=2.005 ISP-L=0.012 ISP-F=0.033 MW-L=0.041 MW-F=0.029]
  Alt-Benders[3] (mw): LB=0.085168, Z₀(α*)=-13.854468, intercept=-13.854462 (2.047s) [OMP=1.954 ISP-L=0.012 ISP-F=0.034 MW-L=0.014 MW-F=0.028]
  Alt-Benders[4]: LB stagnated, break
  OMP re-solve: 0.001s

=== True-DRO Benders iter 8 ===
  OMP: t₀=0.085168, UB=28.059971, gap=9.97e-01, x=[0, 0, 0, 0, 0, 0, 0, 0, 0, 0, 0, 0, 0, 1, 0, 0, 0, 0, 0, 0, 0, 0, 0, 0, 0, 0, 0, 0, 0, 0, 0, 0, 0, 1, 0, 0] (0.001s)
  Sub: Z₀=22.681052 [LOCAL] (0.4s), α=[0.000,0.000,1.621,0.000,0.000,0.000,0.000,0.000,0.000,0.000,0.000,0.000,0.000,0.000,0.000,0.000,0.000,0.075,0.000,0.000,0.000,0.000,0.000,0.000,0.000,0.000,0.000,0.000,0.000,0.000,0.000,0.000,0.000,8.249,0.000,0.000]
  Iter 8: LB=0.085168  UB=28.059971  gap=9.97e-01
  Cut: intercept=-1153.343344, π_x_range=[-823.5240, 592.7276]
  Mini-Benders[1] (mw): LB=0.599126, Z₀(α*)=22.815528, intercept=-0.513304 (2.609s) [OMP=2.520 ISP-L=0.011 ISP-F=0.033 MW-L=0.014 MW-F=0.026]
  Mini-Benders[2] (mw): LB=0.932722, Z₀(α*)=-0.295846, intercept=-39.454000 (2.188s) [OMP=2.105 ISP-L=0.011 ISP-F=0.033 MW-L=0.013 MW-F=0.026]
  Mini-Benders[3] (mw): LB=0.932722, Z₀(α*)=-0.295846, intercept=-39.454000 (2.187s) [OMP=2.105 ISP-L=0.011 ISP-F=0.033 MW-L=0.013 MW-F=0.026]
  Mini-Benders[4] (mw): LB=0.932722, Z₀(α*)=-0.295846, intercept=-39.454000 (2.110s) [OMP=2.029 ISP-L=0.011 ISP-F=0.033 MW-L=0.013 MW-F=0.026]
  Mini-Benders[5]: LB stagnated, break
  α-step: Z₀=24.413099, α=[0.000,0.000,3.722,0.000,0.000,0.000,0.000,0.000,0.000,0.000,0.000,0.000,0.000,1.609,0.000,0.000,0.000,0.000,0.000,0.000,0.000,0.000,0.000,0.000,0.000,0.000,0.000,0.000,0.000,1.775,0.000,0.000,2.838,0.000,0.000,0.000]
  Alt-Benders[1] (mw): LB=1.014435, Z₀(α*)=16.794702, intercept=-64.938619 (2.234s) [OMP=2.156 ISP-L=0.011 ISP-F=0.034 MW-L=0.014 MW-F=0.028]
  Alt-Benders[2] (mw): LB=1.922938, Z₀(α*)=14.176249, intercept=-80.809789 (2.047s) [OMP=1.960 ISP-L=0.011 ISP-F=0.033 MW-L=0.014 MW-F=0.026]
  Alt-Benders[3] (mw): LB=2.215393, Z₀(α*)=13.561843, intercept=-45.077017 (1.750s) [OMP=1.661 ISP-L=0.011 ISP-F=0.033 MW-L=0.014 MW-F=0.032]
  Alt-Benders[4] (mw): LB=2.245360, Z₀(α*)=13.132921, intercept=-21.570001 (1.766s) [OMP=1.672 ISP-L=0.011 ISP-F=0.032 MW-L=0.014 MW-F=0.027]
  Alt-Benders[5] (mw): LB=4.076050, Z₀(α*)=12.664742, intercept=-79.704208 (1.875s) [OMP=1.797 ISP-L=0.011 ISP-F=0.032 MW-L=0.013 MW-F=0.029]
  OMP re-solve: 1.666s

=== True-DRO Benders iter 9 ===
  OMP: t₀=4.237740, UB=28.059971, gap=8.49e-01, x=[0, 0, 0, 0, 0, 0, 0, 0, 0, 1, 0, 0, 0, 0, 0, 0, 0, 0, 0, 0, 0, 0, 0, 0, 0, 0, 0, 0, 0, 0, 1, 0, 0, 0, 0, 0] (0.001s)
  Sub: Z₀=23.510614 [LOCAL] (0.6s), α=[0.000,0.000,4.912,0.000,0.000,0.000,0.000,0.000,0.000,4.511,0.000,0.000,0.000,0.000,0.000,0.000,0.000,0.000,0.000,0.000,0.000,0.000,0.000,0.000,0.000,0.000,0.000,0.521,0.000,0.000,0.000,0.000,0.000,0.000,0.000,0.000]
  Iter 9: LB=4.237740  UB=28.059971  gap=8.49e-01
  Cut: intercept=-1135.911796, π_x_range=[-825.3658, 598.4936]
  Mini-Benders[1] (mw): LB=4.270402, Z₀(α*)=3.835868, intercept=-12.668740 (1.672s) [OMP=1.582 ISP-L=0.011 ISP-F=0.032 MW-L=0.015 MW-F=0.029]
  Mini-Benders[2] (mw): LB=4.270402, Z₀(α*)=3.835868, intercept=-12.668740 (2.515s) [OMP=2.430 ISP-L=0.011 ISP-F=0.032 MW-L=0.015 MW-F=0.030]
  Mini-Benders[3] (mw): LB=4.270402, Z₀(α*)=3.835868, intercept=-12.668740 (2.516s) [OMP=2.405 ISP-L=0.011 ISP-F=0.032 MW-L=0.042 MW-F=0.029]
  Mini-Benders[4]: LB stagnated, break
  α-step: Z₀=24.128516, α=[0.000,0.000,5.739,0.000,0.000,0.000,0.000,0.000,0.000,0.000,0.000,0.000,0.000,1.652,0.000,0.000,0.000,0.000,0.000,0.000,0.000,0.000,0.000,0.000,0.000,0.000,0.000,0.000,0.000,0.000,0.000,0.000,2.264,0.290,0.000,0.000]
  Alt-Benders[1] (mw): LB=4.529851, Z₀(α*)=18.012339, intercept=-47.047981 (2.640s) [OMP=2.551 ISP-L=0.011 ISP-F=0.032 MW-L=0.014 MW-F=0.027]
  Alt-Benders[2] (mw): LB=5.080683, Z₀(α*)=10.922266, intercept=-30.128272 (2.610s) [OMP=2.525 ISP-L=0.011 ISP-F=0.032 MW-L=0.013 MW-F=0.028]
  Alt-Benders[3] (mw): LB=5.084448, Z₀(α*)=4.401428, intercept=-29.871695 (2.703s) [OMP=2.617 ISP-L=0.012 ISP-F=0.032 MW-L=0.014 MW-F=0.028]
  Alt-Benders[4] (mw): LB=5.084448, Z₀(α*)=4.401428, intercept=-29.871695 (3.031s) [OMP=2.942 ISP-L=0.012 ISP-F=0.032 MW-L=0.015 MW-F=0.028]
  Alt-Benders[5] (mw): LB=5.084448, Z₀(α*)=4.401428, intercept=-29.871695 (2.703s) [OMP=2.611 ISP-L=0.012 ISP-F=0.032 MW-L=0.014 MW-F=0.028]
  OMP re-solve: 2.614s

=== True-DRO Benders iter 10 ===
  OMP: t₀=5.084448, UB=28.059971, gap=8.19e-01, x=[0, 0, 0, 0, 0, 0, 0, 0, 0, 0, 0, 0, 1, 0, 0, 0, 0, 0, 0, 0, 0, 0, 0, 0, 0, 0, 0, 0, 0, 1, 0, 0, 0, 0, 0, 0] (0.001s)
  Sub: Z₀=24.495588 (2.5s), α=[0.000,0.000,3.320,0.000,0.000,0.000,0.000,0.000,0.000,0.000,0.000,0.000,0.811,2.324,0.000,0.000,0.000,0.056,0.000,0.000,0.000,0.000,0.000,0.000,0.000,0.000,0.000,0.000,0.000,0.000,0.000,0.000,0.000,3.433,0.000,0.000]
  Iter 10: LB=5.084448  UB=24.495588  gap=7.92e-01
  Cut: intercept=-75.566349, π_x_range=[-246.0000, 65.5136]
  Sherali-Cut: intercept=-17.718471, π_x_range=[-77.6384, 28.8442]
  Mini-Benders[1] (mw): LB=5.251009, Z₀(α*)=18.224861, intercept=-33.873083 (2.594s) [OMP=2.510 ISP-L=0.010 ISP-F=0.033 MW-L=0.013 MW-F=0.028]
  Mini-Benders[2] (mw): LB=5.726927, Z₀(α*)=13.458209, intercept=8.533453 (2.531s) [OMP=2.455 ISP-L=0.011 ISP-F=0.033 MW-L=0.013 MW-F=0.028]
  Mini-Benders[3] (mw): LB=6.324307, Z₀(α*)=4.340685, intercept=-0.074473 (2.578s) [OMP=2.481 ISP-L=0.011 ISP-F=0.032 MW-L=0.013 MW-F=0.027]
  Mini-Benders[4] (mw): LB=6.324307, Z₀(α*)=4.340685, intercept=-0.074473 (2.532s) [OMP=2.444 ISP-L=0.011 ISP-F=0.032 MW-L=0.013 MW-F=0.028]
  Mini-Benders[5] (mw): LB=6.324307, Z₀(α*)=4.340685, intercept=-0.074473 (2.718s) [OMP=2.642 ISP-L=0.011 ISP-F=0.032 MW-L=0.013 MW-F=0.027]
  α-step: Z₀=22.326414, α=[0.000,0.000,4.204,0.000,0.000,0.000,0.000,0.000,0.000,0.000,0.000,0.000,0.000,0.000,0.000,0.000,0.000,0.000,0.000,0.000,0.000,0.000,0.000,0.000,0.000,0.000,0.000,0.000,0.000,0.000,0.000,0.000,1.229,4.512,0.000,0.000]
  Alt-Benders[1] (mw): LB=6.508475, Z₀(α*)=19.827738, intercept=14.723716 (3.188s) [OMP=3.074 ISP-L=0.011 ISP-F=0.033 MW-L=0.013 MW-F=0.051]
  Alt-Benders[2] (mw): LB=6.692275, Z₀(α*)=24.894388, intercept=-3.740632 (3.125s) [OMP=3.041 ISP-L=0.011 ISP-F=0.033 MW-L=0.013 MW-F=0.027]
  Alt-Benders[3] (mw): LB=7.108798, Z₀(α*)=22.678591, intercept=11.676656 (3.203s) [OMP=3.117 ISP-L=0.011 ISP-F=0.034 MW-L=0.014 MW-F=0.031]
  Alt-Benders[4] (mw): LB=7.127230, Z₀(α*)=24.894388, intercept=0.948841 (3.031s) [OMP=2.940 ISP-L=0.011 ISP-F=0.033 MW-L=0.013 MW-F=0.033]
  Alt-Benders[5] (mw): LB=7.676553, Z₀(α*)=19.958329, intercept=-27.352511 (2.860s) [OMP=2.760 ISP-L=0.012 ISP-F=0.032 MW-L=0.014 MW-F=0.027]
  OMP re-solve: 3.340s

=== True-DRO Benders iter 11 ===
  OMP: t₀=7.935601, UB=24.495588, gap=6.76e-01, x=[0, 0, 0, 0, 0, 1, 0, 0, 0, 0, 0, 0, 0, 0, 0, 0, 0, 1, 0, 0, 0, 0, 0, 0, 0, 0, 0, 0, 0, 0, 0, 0, 0, 0, 0, 0] (0.002s)
  Sub: Z₀=19.011822 [LOCAL] (0.4s), α=[0.000,0.000,0.008,0.000,0.000,4.333,0.000,0.000,0.000,0.000,0.000,0.000,0.000,0.839,0.000,0.000,0.000,4.742,0.000,0.000,0.000,0.000,0.000,0.000,0.000,0.000,0.000,0.000,0.000,0.008,0.015,0.000,0.000,0.000,0.000,0.000]
  Iter 11: LB=7.935601  UB=24.495588  gap=6.76e-01
  Cut: intercept=-1129.627678, π_x_range=[-819.6096, 589.3702]
  Mini-Benders[1] (mw): LB=7.993881, Z₀(α*)=7.956873, intercept=-29.524426 (2.922s) [OMP=2.832 ISP-L=0.011 ISP-F=0.034 MW-L=0.014 MW-F=0.028]
  Mini-Benders[2] (mw): LB=7.993881, Z₀(α*)=7.956873, intercept=-29.524426 (3.531s) [OMP=3.443 ISP-L=0.011 ISP-F=0.034 MW-L=0.014 MW-F=0.028]
  Mini-Benders[3] (mw): LB=7.993881, Z₀(α*)=7.956873, intercept=-29.524426 (3.657s) [OMP=3.568 ISP-L=0.011 ISP-F=0.034 MW-L=0.014 MW-F=0.028]
  Mini-Benders[4]: LB stagnated, break
  α-step: Z₀=27.433496, α=[0.000,0.000,0.963,0.000,0.000,0.000,0.000,0.000,0.000,0.000,0.000,0.000,0.000,0.000,0.000,0.000,0.000,5.645,0.000,0.000,0.000,0.000,0.000,0.000,0.000,0.000,0.000,1.189,0.000,0.000,0.000,0.000,2.148,0.000,0.000,0.000]
  Alt-Benders[1] (mw): LB=8.153332, Z₀(α*)=27.433496, intercept=-16.594790 (3.032s) [OMP=2.952 ISP-L=0.012 ISP-F=0.032 MW-L=0.014 MW-F=0.025]
  Alt-Benders[2] (mw): LB=8.709498, Z₀(α*)=12.267097, intercept=-65.939133 (2.875s) [OMP=2.783 ISP-L=0.012 ISP-F=0.033 MW-L=0.015 MW-F=0.029]
  Alt-Benders[3] (mw): LB=9.465529, Z₀(α*)=-15.498377, intercept=-18.149535 (2.968s) [OMP=2.880 ISP-L=0.012 ISP-F=0.033 MW-L=0.015 MW-F=0.028]
  Alt-Benders[4] (mw): LB=9.465529, Z₀(α*)=-15.498377, intercept=-18.149535 (2.672s) [OMP=2.585 ISP-L=0.012 ISP-F=0.033 MW-L=0.015 MW-F=0.028]
  Alt-Benders[5] (mw): LB=9.465529, Z₀(α*)=-15.498377, intercept=-18.149535 (2.610s) [OMP=2.511 ISP-L=0.012 ISP-F=0.033 MW-L=0.015 MW-F=0.028]
  OMP re-solve: 2.629s

=== True-DRO Benders iter 12 ===
  OMP: t₀=9.465529, UB=24.495588, gap=6.14e-01, x=[0, 0, 0, 0, 0, 0, 0, 0, 0, 0, 0, 0, 1, 0, 0, 0, 0, 0, 0, 0, 0, 0, 0, 0, 0, 0, 0, 1, 0, 0, 0, 0, 0, 0, 0, 0] (0.001s)
  Sub: Z₀=22.816920 [LOCAL] (0.5s), α=[0.000,0.000,4.563,0.000,0.000,0.000,0.000,0.000,0.000,0.000,0.000,0.000,0.599,0.065,0.000,0.000,0.000,0.000,0.000,0.000,0.000,0.000,0.000,0.000,0.000,0.000,0.000,0.000,0.000,0.000,0.000,0.000,0.000,4.718,0.000,0.000]
  Iter 12: LB=9.465529  UB=24.495588  gap=6.14e-01
  Cut: intercept=-1129.324414, π_x_range=[-819.6437, 581.2788]
  Mini-Benders[1] (mw): LB=9.824800, Z₀(α*)=22.249230, intercept=21.915896 (2.922s) [OMP=2.835 ISP-L=0.010 ISP-F=0.033 MW-L=0.014 MW-F=0.026]
  Mini-Benders[2] (mw): LB=10.160538, Z₀(α*)=23.040947, intercept=-48.865711 (2.828s) [OMP=2.708 ISP-L=0.011 ISP-F=0.032 MW-L=0.042 MW-F=0.030]
  Mini-Benders[3] (mw): LB=10.488361, Z₀(α*)=16.476492, intercept=-10.399537 (2.875s) [OMP=2.787 ISP-L=0.011 ISP-F=0.035 MW-L=0.015 MW-F=0.029]
  Mini-Benders[4] (mw): LB=10.610159, Z₀(α*)=19.015447, intercept=-35.576380 (3.000s) [OMP=2.921 ISP-L=0.012 ISP-F=0.032 MW-L=0.014 MW-F=0.029]
  Mini-Benders[5] (mw): LB=10.788835, Z₀(α*)=19.730448, intercept=8.890671 (3.015s) [OMP=2.930 ISP-L=0.011 ISP-F=0.032 MW-L=0.014 MW-F=0.027]
  α-step: Z₀=22.216179, α=[0.000,0.000,3.794,0.000,0.000,0.000,0.000,0.000,0.000,0.000,0.000,0.000,0.000,0.000,0.000,0.000,0.000,0.520,0.000,0.000,0.000,0.000,0.000,0.000,0.000,0.000,0.000,0.000,0.000,0.000,0.000,0.000,1.229,4.402,0.000,0.000]
  Alt-Benders[1] (mw): LB=10.982116, Z₀(α*)=14.809148, intercept=-29.343189 (3.031s) [OMP=2.949 ISP-L=0.011 ISP-F=0.033 MW-L=0.014 MW-F=0.029]
  Alt-Benders[2] (mw): LB=11.202242, Z₀(α*)=18.962504, intercept=-21.436792 (2.969s) [OMP=2.880 ISP-L=0.011 ISP-F=0.033 MW-L=0.014 MW-F=0.027]
  Alt-Benders[3] (mw): LB=11.241426, Z₀(α*)=25.004623, intercept=-11.692850 (3.234s) [OMP=3.152 ISP-L=0.011 ISP-F=0.033 MW-L=0.013 MW-F=0.025]
  Alt-Benders[4] (mw): LB=11.284508, Z₀(α*)=16.642940, intercept=7.907141 (3.266s) [OMP=3.172 ISP-L=0.011 ISP-F=0.032 MW-L=0.014 MW-F=0.029]
  Alt-Benders[5] (mw): LB=11.521412, Z₀(α*)=21.319566, intercept=2.148048 (3.218s) [OMP=3.128 ISP-L=0.011 ISP-F=0.032 MW-L=0.013 MW-F=0.028]
  OMP re-solve: 3.083s

=== True-DRO Benders iter 13 ===
  OMP: t₀=11.795572, UB=24.495588, gap=5.18e-01, x=[0, 0, 0, 0, 0, 0, 0, 0, 0, 0, 0, 0, 0, 0, 0, 0, 0, 0, 0, 0, 0, 1, 0, 0, 0, 0, 0, 1, 0, 0, 0, 0, 0, 0, 0, 0] (0.002s)
  Sub: Z₀=23.615677 [LOCAL] (0.5s), α=[0.000,0.000,5.422,0.000,0.000,0.000,0.000,0.000,0.000,0.000,0.000,0.000,0.000,0.000,0.000,0.000,0.000,0.000,0.000,0.000,0.000,0.000,0.000,0.000,0.000,0.000,0.000,0.000,0.000,0.000,0.000,0.000,4.377,0.145,0.000,0.000]
  Iter 13: LB=11.795572  UB=24.495588  gap=5.18e-01
  Cut: intercept=-1128.129164, π_x_range=[-819.2718, 579.3843]
  Mini-Benders[1] (mw): LB=11.821059, Z₀(α*)=21.152375, intercept=-30.052829 (3.344s) [OMP=3.254 ISP-L=0.011 ISP-F=0.031 MW-L=0.014 MW-F=0.028]
  Mini-Benders[2] (mw): LB=11.858381, Z₀(α*)=21.813291, intercept=1.305484 (3.171s) [OMP=3.077 ISP-L=0.011 ISP-F=0.033 MW-L=0.014 MW-F=0.034]
  Mini-Benders[3] (mw): LB=11.915903, Z₀(α*)=22.948841, intercept=10.166666 (3.172s) [OMP=3.095 ISP-L=0.011 ISP-F=0.032 MW-L=0.014 MW-F=0.029]
  Mini-Benders[4] (mw): LB=12.001555, Z₀(α*)=1.699103, intercept=-34.473704 (3.875s) [OMP=3.785 ISP-L=0.011 ISP-F=0.032 MW-L=0.014 MW-F=0.026]
  Mini-Benders[5] (mw): LB=12.001555, Z₀(α*)=1.699103, intercept=-34.473704 (3.875s) [OMP=3.790 ISP-L=0.011 ISP-F=0.032 MW-L=0.014 MW-F=0.026]
  α-step: Z₀=21.511698, α=[0.000,0.000,0.000,0.000,0.000,0.000,0.000,0.000,0.000,0.000,0.000,0.000,0.000,0.000,0.000,0.000,0.000,5.063,0.000,0.000,0.000,0.000,0.000,0.000,0.000,0.000,0.000,0.000,0.000,0.000,0.000,0.000,0.000,4.881,0.000,0.000]
  Alt-Benders[1] (mw): LB=12.015903, Z₀(α*)=25.591056, intercept=19.003339 (3.594s) [OMP=3.515 ISP-L=0.011 ISP-F=0.032 MW-L=0.013 MW-F=0.027]
  Alt-Benders[2] (mw): LB=12.115898, Z₀(α*)=25.591056, intercept=12.808884 (3.813s) [OMP=3.715 ISP-L=0.011 ISP-F=0.033 MW-L=0.013 MW-F=0.034]
  Alt-Benders[3] (mw): LB=12.267095, Z₀(α*)=21.511698, intercept=-30.116476 (3.390s) [OMP=3.313 ISP-L=0.011 ISP-F=0.033 MW-L=0.014 MW-F=0.028]
  Alt-Benders[4] (mw): LB=12.407433, Z₀(α*)=23.307453, intercept=25.281783 (3.782s) [OMP=3.691 ISP-L=0.011 ISP-F=0.033 MW-L=0.014 MW-F=0.031]
  Alt-Benders[5] (mw): LB=12.512279, Z₀(α*)=18.645875, intercept=13.116925 (3.078s) [OMP=2.988 ISP-L=0.011 ISP-F=0.033 MW-L=0.015 MW-F=0.027]
  OMP re-solve: 3.015s

=== True-DRO Benders iter 14 ===
  OMP: t₀=12.599208, UB=24.495588, gap=4.86e-01, x=[0, 0, 0, 0, 0, 1, 0, 0, 0, 0, 0, 0, 0, 0, 0, 0, 0, 0, 0, 1, 0, 0, 0, 0, 0, 0, 0, 0, 0, 0, 0, 0, 0, 0, 0, 0] (0.002s)
  Sub: Z₀=22.105858 [LOCAL] (0.4s), α=[0.000,0.000,1.466,0.000,0.000,5.315,0.000,0.000,0.000,0.000,0.000,0.000,0.000,1.153,0.000,0.000,0.000,0.536,0.000,0.000,0.000,0.000,0.000,0.000,0.000,0.000,0.000,0.000,0.000,0.073,0.300,0.000,0.386,0.715,0.000,0.000]
  Iter 14: LB=12.599208  UB=24.495588  gap=4.86e-01
  Cut: intercept=-1114.520938, π_x_range=[-817.9449, 581.1393]
  Mini-Benders[1] (mw): LB=12.658838, Z₀(α*)=0.470553, intercept=-44.343683 (3.047s) [OMP=2.965 ISP-L=0.011 ISP-F=0.033 MW-L=0.013 MW-F=0.028]
  Mini-Benders[2] (mw): LB=12.658838, Z₀(α*)=0.470553, intercept=-44.343683 (2.891s) [OMP=2.799 ISP-L=0.011 ISP-F=0.033 MW-L=0.013 MW-F=0.029]
  Mini-Benders[3] (mw): LB=12.658838, Z₀(α*)=0.470553, intercept=-44.343683 (2.968s) [OMP=2.873 ISP-L=0.011 ISP-F=0.033 MW-L=0.013 MW-F=0.028]
  Mini-Benders[4]: LB stagnated, break
  α-step: Z₀=24.862149, α=[0.000,0.000,4.171,0.000,0.000,0.000,0.000,0.000,0.000,0.000,0.000,0.000,0.000,0.671,0.000,0.000,0.000,0.000,0.000,0.000,0.000,0.000,1.815,0.000,0.000,0.000,0.000,0.000,0.000,0.000,0.000,0.000,1.899,1.388,0.000,0.000]
  Alt-Benders[1] (mw): LB=12.664740, Z₀(α*)=17.604299, intercept=-74.764651 (2.907s) [OMP=2.810 ISP-L=0.011 ISP-F=0.033 MW-L=0.013 MW-F=0.027]
  Alt-Benders[2] (mw): LB=13.013694, Z₀(α*)=9.491122, intercept=-35.064035 (3.187s) [OMP=3.109 ISP-L=0.012 ISP-F=0.033 MW-L=0.014 MW-F=0.028]
  Alt-Benders[3] (mw): LB=13.013694, Z₀(α*)=9.491122, intercept=-35.064035 (3.219s) [OMP=3.122 ISP-L=0.012 ISP-F=0.033 MW-L=0.014 MW-F=0.028]
  Alt-Benders[4] (mw): LB=13.013694, Z₀(α*)=9.491122, intercept=-35.064035 (3.047s) [OMP=2.968 ISP-L=0.012 ISP-F=0.033 MW-L=0.014 MW-F=0.028]
  Alt-Benders[5]: LB stagnated, break
  OMP re-solve: 0.002s

=== True-DRO Benders iter 15 ===
  OMP: t₀=13.013694, UB=24.495588, gap=4.69e-01, x=[0, 0, 0, 0, 0, 0, 0, 0, 0, 0, 0, 0, 0, 0, 0, 0, 0, 0, 0, 0, 0, 0, 0, 0, 0, 0, 0, 0, 0, 1, 0, 0, 0, 1, 0, 0] (0.002s)
  Sub: Z₀=23.610401 (11.5s), α=[0.000,0.000,2.920,0.000,0.000,0.000,0.000,0.000,0.000,0.000,0.000,0.000,0.000,0.000,0.000,0.000,0.000,0.000,0.000,0.000,0.000,0.000,0.000,0.000,0.000,0.000,0.000,0.000,0.000,0.000,0.000,0.000,0.000,7.025,0.000,0.000]
  Iter 15: LB=13.013694  UB=23.610401  gap=4.49e-01
  Cut: intercept=-37.552327, π_x_range=[-296.0000, 35.4033]
  Sherali-Cut: intercept=-0.530757, π_x_range=[-69.8511, 24.1412]
  Mini-Benders[1] (mw): LB=13.200396, Z₀(α*)=22.849927, intercept=-7.471745 (3.218s) [OMP=3.134 ISP-L=0.011 ISP-F=0.034 MW-L=0.014 MW-F=0.029]
  Mini-Benders[2] (mw): LB=13.458207, Z₀(α*)=23.610401, intercept=23.610403 (3.250s) [OMP=3.164 ISP-L=0.011 ISP-F=0.032 MW-L=0.013 MW-F=0.026]
  Mini-Benders[3] (mw): LB=13.561841, Z₀(α*)=8.322628, intercept=-68.203537 (3.407s) [OMP=3.327 ISP-L=0.011 ISP-F=0.033 MW-L=0.013 MW-F=0.027]
  Mini-Benders[4] (mw): LB=13.561841, Z₀(α*)=8.322628, intercept=-68.203537 (3.156s) [OMP=3.069 ISP-L=0.011 ISP-F=0.033 MW-L=0.013 MW-F=0.027]
  Mini-Benders[5] (mw): LB=13.561841, Z₀(α*)=8.322628, intercept=-68.203537 (3.156s) [OMP=3.071 ISP-L=0.011 ISP-F=0.033 MW-L=0.013 MW-F=0.027]
  α-step: Z₀=25.590691, α=[0.000,0.000,0.000,0.000,0.000,0.000,0.000,0.000,0.000,1.184,0.000,0.000,0.000,0.000,0.000,0.000,0.000,4.471,0.000,0.000,0.000,0.000,0.000,0.000,0.000,0.000,0.000,0.000,0.000,0.000,0.000,0.000,4.289,0.000,0.000,0.000]
  Alt-Benders[1] (mw): LB=13.864055, Z₀(α*)=16.175965, intercept=-37.663996 (3.110s) [OMP=3.015 ISP-L=0.012 ISP-F=0.032 MW-L=0.015 MW-F=0.025]
  Alt-Benders[2] (mw): LB=13.901636, Z₀(α*)=14.998281, intercept=-10.005417 (3.140s) [OMP=3.057 ISP-L=0.011 ISP-F=0.032 MW-L=0.014 MW-F=0.028]
  Alt-Benders[3] (mw): LB=14.072092, Z₀(α*)=11.519231, intercept=-3.974221 (3.656s) [OMP=3.572 ISP-L=0.011 ISP-F=0.034 MW-L=0.015 MW-F=0.028]
  Alt-Benders[4] (mw): LB=14.072092, Z₀(α*)=11.519231, intercept=-3.974221 (4.000s) [OMP=3.906 ISP-L=0.011 ISP-F=0.034 MW-L=0.015 MW-F=0.028]
  Alt-Benders[5] (mw): LB=14.072092, Z₀(α*)=11.519231, intercept=-3.974221 (4.063s) [OMP=3.973 ISP-L=0.011 ISP-F=0.034 MW-L=0.015 MW-F=0.028]
  OMP re-solve: 3.819s

=== True-DRO Benders iter 16 ===
  OMP: t₀=14.072092, UB=23.610401, gap=4.04e-01, x=[0, 0, 0, 0, 0, 0, 1, 0, 0, 0, 0, 0, 0, 0, 0, 0, 0, 0, 0, 0, 0, 0, 0, 0, 0, 0, 0, 0, 0, 0, 0, 0, 1, 0, 0, 0] (0.002s)
  Sub: Z₀=21.749224 [LOCAL] (0.4s), α=[0.000,0.000,2.193,0.000,0.000,0.000,0.000,0.000,0.000,0.000,0.000,0.000,0.000,0.000,0.000,0.000,0.000,0.000,0.000,0.000,0.000,0.000,0.000,0.000,0.000,0.000,0.000,0.000,0.000,0.000,0.000,0.000,5.092,2.660,0.000,0.000]
  Iter 16: LB=14.072092  UB=23.610401  gap=4.04e-01
  Cut: intercept=-1156.156319, π_x_range=[-827.5032, 590.5090]
  Mini-Benders[1] (mw): LB=14.176247, Z₀(α*)=4.407023, intercept=-82.339470 (3.546s) [OMP=3.471 ISP-L=0.011 ISP-F=0.032 MW-L=0.014 MW-F=0.026]
  Mini-Benders[2] (mw): LB=14.176247, Z₀(α*)=4.407023, intercept=-82.339470 (3.532s) [OMP=3.442 ISP-L=0.011 ISP-F=0.032 MW-L=0.014 MW-F=0.026]
  Mini-Benders[3] (mw): LB=14.176247, Z₀(α*)=4.407023, intercept=-82.339470 (3.515s) [OMP=3.432 ISP-L=0.011 ISP-F=0.032 MW-L=0.014 MW-F=0.026]
  Mini-Benders[4]: LB stagnated, break
  α-step: Z₀=22.320076, α=[0.000,0.000,0.000,0.000,0.000,0.000,0.000,0.000,0.000,0.000,0.000,0.000,0.000,3.561,0.000,0.000,0.000,3.283,0.000,0.000,0.000,0.000,0.000,0.000,0.000,0.000,0.000,0.000,0.000,0.000,0.000,0.000,3.101,0.000,0.000,0.000]
  Alt-Benders[1] (mw): LB=14.347775, Z₀(α*)=24.069148, intercept=-20.496480 (3.688s) [OMP=3.590 ISP-L=0.011 ISP-F=0.033 MW-L=0.013 MW-F=0.027]
  Alt-Benders[2] (mw): LB=14.419285, Z₀(α*)=19.840431, intercept=-18.840029 (3.515s) [OMP=3.429 ISP-L=0.011 ISP-F=0.032 MW-L=0.014 MW-F=0.034]
  Alt-Benders[3] (mw): LB=14.809146, Z₀(α*)=4.605931, intercept=-30.374261 (3.625s) [OMP=3.532 ISP-L=0.011 ISP-F=0.033 MW-L=0.014 MW-F=0.028]
  Alt-Benders[4] (mw): LB=14.809146, Z₀(α*)=4.605931, intercept=-30.374261 (3.500s) [OMP=3.420 ISP-L=0.011 ISP-F=0.033 MW-L=0.014 MW-F=0.028]
  Alt-Benders[5] (mw): LB=14.809146, Z₀(α*)=4.605931, intercept=-30.374261 (3.485s) [OMP=3.394 ISP-L=0.011 ISP-F=0.033 MW-L=0.014 MW-F=0.028]
  OMP re-solve: 3.344s

=== True-DRO Benders iter 17 ===
  OMP: t₀=14.809146, UB=23.610401, gap=3.73e-01, x=[0, 0, 0, 0, 0, 0, 0, 0, 0, 0, 0, 0, 1, 0, 0, 0, 0, 1, 0, 0, 0, 0, 0, 0, 0, 0, 0, 0, 0, 0, 0, 0, 0, 0, 0, 0] (0.002s)
  Sub: Z₀=21.810378 [LOCAL] (0.5s), α=[0.000,0.000,2.834,0.000,0.000,0.000,0.000,0.000,0.000,0.000,0.000,0.000,0.734,0.078,0.000,0.000,0.000,1.699,0.000,0.000,0.000,0.000,0.000,0.000,0.000,0.000,0.000,0.000,0.000,0.000,0.000,0.000,0.000,4.599,0.000,0.000]
  Iter 17: LB=14.809146  UB=23.610401  gap=3.73e-01
  Cut: intercept=-1138.873071, π_x_range=[-823.7648, 592.5319]
  Mini-Benders[1] (mw): LB=14.823335, Z₀(α*)=13.383172, intercept=-43.433559 (3.625s) [OMP=3.541 ISP-L=0.011 ISP-F=0.034 MW-L=0.014 MW-F=0.029]
  Mini-Benders[2] (mw): LB=14.823335, Z₀(α*)=13.383172, intercept=-43.433559 (3.719s) [OMP=3.620 ISP-L=0.011 ISP-F=0.034 MW-L=0.014 MW-F=0.029]
  Mini-Benders[3] (mw): LB=14.823335, Z₀(α*)=13.383172, intercept=-43.433559 (3.641s) [OMP=3.561 ISP-L=0.011 ISP-F=0.034 MW-L=0.014 MW-F=0.029]
  Mini-Benders[4]: LB stagnated, break
  α-step: Z₀=22.953809, α=[0.000,0.000,4.782,0.000,0.000,0.000,0.000,0.000,0.000,0.000,0.000,0.000,0.000,1.281,0.000,0.000,0.000,0.000,0.000,0.000,0.000,0.000,0.000,0.000,0.000,0.000,0.000,0.000,0.000,0.000,0.000,0.000,2.510,1.372,0.000,0.000]
  Alt-Benders[1] (mw): LB=14.855861, Z₀(α*)=23.657302, intercept=18.249260 (3.469s) [OMP=3.386 ISP-L=0.011 ISP-F=0.033 MW-L=0.014 MW-F=0.027]
  Alt-Benders[2] (mw): LB=14.998279, Z₀(α*)=14.106298, intercept=-11.582017 (4.281s) [OMP=4.196 ISP-L=0.011 ISP-F=0.032 MW-L=0.014 MW-F=0.027]
  Alt-Benders[3] (mw): LB=14.998279, Z₀(α*)=14.106298, intercept=-11.582017 (3.563s) [OMP=3.476 ISP-L=0.011 ISP-F=0.032 MW-L=0.014 MW-F=0.027]
  Alt-Benders[4] (mw): LB=14.998279, Z₀(α*)=14.106298, intercept=-11.582017 (3.437s) [OMP=3.355 ISP-L=0.011 ISP-F=0.032 MW-L=0.014 MW-F=0.027]
  Alt-Benders[5]: LB stagnated, break
  OMP re-solve: 0.005s

=== True-DRO Benders iter 18 ===
  OMP: t₀=14.998279, UB=23.610401, gap=3.65e-01, x=[0, 0, 1, 0, 0, 0, 0, 0, 0, 0, 0, 0, 0, 1, 0, 0, 0, 0, 0, 0, 0, 0, 0, 0, 0, 0, 0, 0, 0, 0, 0, 0, 0, 0, 0, 0] (0.002s)
  Sub: Z₀=22.681788 [LOCAL] (0.4s), α=[0.000,0.000,9.794,0.000,0.000,0.000,0.000,0.000,0.000,0.000,0.000,0.000,0.000,0.000,0.000,0.000,0.000,0.150,0.000,0.000,0.000,0.000,0.000,0.000,0.000,0.000,0.000,0.000,0.000,0.000,0.000,0.000,0.000,0.000,0.000,0.000]
  Iter 18: LB=14.998279  UB=23.610401  gap=3.65e-01
  Cut: intercept=-1145.340239, π_x_range=[-822.6471, 592.4272]
  Mini-Benders[1] (mw): LB=15.540404, Z₀(α*)=0.193962, intercept=-6.750453 (3.594s) [OMP=3.510 ISP-L=0.012 ISP-F=0.034 MW-L=0.016 MW-F=0.029]
  Mini-Benders[2] (mw): LB=15.540404, Z₀(α*)=0.193962, intercept=-6.750453 (3.469s) [OMP=3.347 ISP-L=0.011 ISP-F=0.034 MW-L=0.044 MW-F=0.029]
  Mini-Benders[3] (mw): LB=15.540404, Z₀(α*)=0.193962, intercept=-6.750453 (3.437s) [OMP=3.350 ISP-L=0.011 ISP-F=0.034 MW-L=0.015 MW-F=0.029]
  Mini-Benders[4]: LB stagnated, break
  α-step: Z₀=23.973821, α=[0.000,0.000,5.802,0.000,0.000,0.000,0.000,0.000,0.000,0.000,0.000,0.000,0.000,2.301,0.000,0.000,0.000,0.000,0.000,0.000,0.000,0.000,0.000,0.000,0.000,0.000,0.000,0.000,0.000,0.000,0.000,0.000,0.000,1.841,0.000,0.000]
  Alt-Benders[1] (mw): LB=15.545183, Z₀(α*)=26.921602, intercept=18.272412 (3.718s) [OMP=3.628 ISP-L=0.011 ISP-F=0.033 MW-L=0.014 MW-F=0.034]
  Alt-Benders[2] (mw): LB=15.859807, Z₀(α*)=26.921602, intercept=19.089118 (3.532s) [OMP=3.446 ISP-L=0.011 ISP-F=0.034 MW-L=0.014 MW-F=0.025]
  Alt-Benders[3] (mw): LB=16.175964, Z₀(α*)=5.801587, intercept=-59.846680 (3.515s) [OMP=3.431 ISP-L=0.006 ISP-F=0.033 MW-L=0.015 MW-F=0.027]
  Alt-Benders[4] (mw): LB=16.175964, Z₀(α*)=5.801587, intercept=-59.846680 (3.735s) [OMP=3.650 ISP-L=0.012 ISP-F=0.033 MW-L=0.015 MW-F=0.027]
  Alt-Benders[5] (mw): LB=16.175964, Z₀(α*)=5.801587, intercept=-59.846680 (3.687s) [OMP=3.595 ISP-L=0.012 ISP-F=0.033 MW-L=0.015 MW-F=0.027]
  OMP re-solve: 3.545s

=== True-DRO Benders iter 19 ===
  OMP: t₀=16.175964, UB=23.610401, gap=3.15e-01, x=[0, 0, 0, 0, 0, 0, 0, 0, 0, 0, 0, 0, 0, 0, 0, 0, 0, 0, 0, 0, 0, 0, 1, 0, 0, 0, 0, 0, 0, 0, 0, 0, 0, 1, 0, 0] (0.002s)
  Sub: Z₀=21.693526 [LOCAL] (0.5s), α=[0.000,0.000,1.963,0.000,0.000,0.000,0.000,0.000,0.000,0.000,0.000,0.000,0.000,1.728,0.000,0.000,0.000,0.013,0.000,0.000,0.000,0.000,0.160,0.000,0.000,0.000,0.000,0.000,0.000,0.000,0.000,0.000,0.008,6.073,0.000,0.000]
  Iter 19: LB=16.175964  UB=23.610401  gap=3.15e-01
  Cut: intercept=-1107.823294, π_x_range=[-821.1614, 577.4146]
  Mini-Benders[1] (mw): LB=16.187866, Z₀(α*)=6.329199, intercept=-61.932011 (3.641s) [OMP=3.550 ISP-L=0.011 ISP-F=0.032 MW-L=0.013 MW-F=0.027]
  Mini-Benders[2] (mw): LB=16.187866, Z₀(α*)=6.329199, intercept=-61.932011 (3.859s) [OMP=3.784 ISP-L=0.011 ISP-F=0.032 MW-L=0.013 MW-F=0.027]
  Mini-Benders[3] (mw): LB=16.187866, Z₀(α*)=6.329199, intercept=-61.932011 (3.969s) [OMP=3.875 ISP-L=0.011 ISP-F=0.032 MW-L=0.014 MW-F=0.027]
  Mini-Benders[4]: LB stagnated, break
  α-step: Z₀=17.228797, α=[0.000,0.000,3.434,0.000,0.000,0.000,0.000,0.000,0.000,0.000,0.000,0.000,0.000,0.000,0.000,0.000,0.000,0.000,0.000,0.000,0.000,0.000,0.000,0.000,0.000,0.000,0.000,0.000,0.000,0.000,0.000,0.000,3.434,3.076,0.000,0.000]
  Alt-Benders[1] (mw): LB=16.476490, Z₀(α*)=16.422447, intercept=-16.428696 (3.797s) [OMP=3.713 ISP-L=0.011 ISP-F=0.033 MW-L=0.014 MW-F=0.028]
  Alt-Benders[2] (mw): LB=16.476490, Z₀(α*)=16.422447, intercept=-16.428696 (3.562s) [OMP=3.474 ISP-L=0.011 ISP-F=0.033 MW-L=0.014 MW-F=0.028]
  Alt-Benders[3] (mw): LB=16.476490, Z₀(α*)=16.422447, intercept=-16.428696 (3.563s) [OMP=3.469 ISP-L=0.011 ISP-F=0.033 MW-L=0.014 MW-F=0.028]
  Alt-Benders[4]: LB stagnated, break
  OMP re-solve: 0.003s

=== True-DRO Benders iter 20 ===
  OMP: t₀=16.476490, UB=23.610401, gap=3.02e-01, x=[0, 0, 0, 0, 0, 0, 0, 0, 0, 0, 0, 0, 0, 1, 0, 0, 0, 0, 0, 0, 0, 0, 1, 0, 0, 0, 0, 0, 0, 0, 0, 0, 0, 0, 0, 0] (0.002s)
  Sub: Z₀=24.533429 [TIME_LIMIT] (15.5s), α=[0.000,0.000,3.046,0.000,0.000,0.000,0.000,0.000,0.000,0.000,0.000,0.000,0.000,1.718,0.000,0.000,0.000,0.602,0.000,0.000,0.000,0.000,4.290,0.000,0.000,0.000,0.000,0.000,0.000,0.000,0.000,0.000,0.000,0.289,0.000,0.000]
  Iter 20: LB=16.476490  UB=23.610401  gap=3.02e-01
  Cut: intercept=-28.588043, π_x_range=[-160.1571, 47.0402]
  Mini-Benders[1] (mw): LB=16.794700, Z₀(α*)=-4.089767, intercept=-64.558936 (3.969s) [OMP=3.880 ISP-L=0.011 ISP-F=0.033 MW-L=0.014 MW-F=0.029]
  Mini-Benders[2] (mw): LB=16.794700, Z₀(α*)=-4.089767, intercept=-64.558936 (3.515s) [OMP=3.434 ISP-L=0.005 ISP-F=0.033 MW-L=0.014 MW-F=0.029]
  Mini-Benders[3] (mw): LB=16.794700, Z₀(α*)=-4.089767, intercept=-64.558936 (3.578s) [OMP=3.499 ISP-L=0.004 ISP-F=0.033 MW-L=0.013 MW-F=0.029]
  Mini-Benders[4]: LB stagnated, break
  α-step: Z₀=26.327556, α=[0.000,0.000,4.523,0.000,0.000,0.000,0.000,0.000,0.000,0.000,0.000,0.000,0.000,0.000,0.000,0.000,0.000,0.685,0.000,0.000,0.000,0.000,0.000,0.000,0.000,0.000,0.000,0.000,0.000,2.416,0.000,0.000,2.320,0.000,0.000,0.000]
  Alt-Benders[1] (mw): LB=16.935022, Z₀(α*)=20.353320, intercept=-84.749218 (4.109s) [OMP=4.026 ISP-L=0.005 ISP-F=0.033 MW-L=0.015 MW-F=0.026]
  Alt-Benders[2] (mw): LB=17.018213, Z₀(α*)=15.930540, intercept=8.981990 (3.828s) [OMP=3.736 ISP-L=0.011 ISP-F=0.033 MW-L=0.014 MW-F=0.027]
  Alt-Benders[3] (mw): LB=17.018213, Z₀(α*)=15.930540, intercept=8.981990 (3.922s) [OMP=3.845 ISP-L=0.011 ISP-F=0.033 MW-L=0.014 MW-F=0.027]
  Alt-Benders[4] (mw): LB=17.018213, Z₀(α*)=15.930540, intercept=8.981990 (3.985s) [OMP=3.898 ISP-L=0.011 ISP-F=0.033 MW-L=0.014 MW-F=0.027]
  Alt-Benders[5]: LB stagnated, break
  OMP re-solve: 0.002s

=== True-DRO Benders iter 21 ===
  OMP: t₀=17.018213, UB=23.610401, gap=2.79e-01, x=[0, 0, 0, 0, 0, 0, 0, 0, 0, 0, 0, 0, 0, 0, 0, 0, 0, 0, 0, 0, 0, 0, 0, 0, 0, 0, 0, 1, 0, 0, 1, 0, 0, 0, 0, 0] (0.002s)
  Sub: Z₀=25.142751 [LOCAL] (0.6s), α=[0.000,0.000,6.339,0.000,0.000,0.000,0.000,0.000,0.000,0.020,0.000,0.000,0.000,0.000,0.000,0.000,0.000,0.000,0.000,0.000,0.000,0.000,0.000,0.000,0.000,0.000,0.000,0.872,0.000,0.000,0.000,0.000,0.296,2.418,0.000,0.000]
  Iter 21: LB=17.018213  UB=23.610401  gap=2.79e-01
  Cut: intercept=-1150.587593, π_x_range=[-821.9190, 596.5427]
  Mini-Benders[1] (mw): LB=17.018221, Z₀(α*)=25.601269, intercept=16.976572 (3.625s) [OMP=3.548 ISP-L=0.011 ISP-F=0.034 MW-L=0.014 MW-F=0.029]
  Mini-Benders[2] (mw): LB=17.060055, Z₀(α*)=21.315413, intercept=3.640333 (3.687s) [OMP=3.592 ISP-L=0.011 ISP-F=0.031 MW-L=0.015 MW-F=0.028]
  Mini-Benders[3] (mw): LB=17.228797, Z₀(α*)=19.383062, intercept=-40.238718 (3.531s) [OMP=3.453 ISP-L=0.011 ISP-F=0.032 MW-L=0.014 MW-F=0.025]
  Mini-Benders[4] (mw): LB=17.418937, Z₀(α*)=27.392036, intercept=-93.707097 (3.782s) [OMP=3.694 ISP-L=0.010 ISP-F=0.034 MW-L=0.013 MW-F=0.024]
  Mini-Benders[5] (mw): LB=17.587429, Z₀(α*)=1.373153, intercept=-0.392410 (3.750s) [OMP=3.657 ISP-L=0.012 ISP-F=0.032 MW-L=0.014 MW-F=0.030]
  α-step: Z₀=22.454780, α=[0.000,0.000,5.417,0.000,0.000,0.000,0.000,0.000,0.000,0.000,0.000,0.000,0.000,0.000,0.000,0.000,0.000,0.000,0.000,0.000,0.000,0.000,0.000,0.000,0.000,0.000,0.000,0.000,0.000,0.000,0.000,0.000,0.000,4.528,0.000,0.000]
  Alt-Benders[1] (mw): LB=17.604297, Z₀(α*)=25.591056, intercept=7.250200 (3.687s) [OMP=3.598 ISP-L=0.011 ISP-F=0.032 MW-L=0.013 MW-F=0.031]
  Alt-Benders[2] (mw): LB=17.656396, Z₀(α*)=21.807548, intercept=-17.006255 (4.016s) [OMP=3.911 ISP-L=0.012 ISP-F=0.033 MW-L=0.042 MW-F=0.027]
  Alt-Benders[3] (mw): LB=18.012337, Z₀(α*)=20.910695, intercept=-47.369864 (3.937s) [OMP=3.841 ISP-L=0.011 ISP-F=0.032 MW-L=0.014 MW-F=0.026]
  Alt-Benders[4] (mw): LB=18.086674, Z₀(α*)=-6.134257, intercept=-54.832311 (4.125s) [OMP=4.043 ISP-L=0.012 ISP-F=0.032 MW-L=0.014 MW-F=0.027]
  Alt-Benders[5] (mw): LB=18.086675, Z₀(α*)=-6.134257, intercept=-54.832311 (4.094s) [OMP=4.008 ISP-L=0.012 ISP-F=0.032 MW-L=0.014 MW-F=0.027]
  OMP re-solve: 3.870s

=== True-DRO Benders iter 22 ===
  OMP: t₀=18.086675, UB=23.610401, gap=2.34e-01, x=[0, 0, 0, 0, 0, 1, 0, 0, 0, 0, 0, 0, 0, 0, 0, 0, 0, 0, 0, 0, 0, 0, 0, 0, 0, 0, 0, 0, 0, 0, 0, 0, 1, 0, 0, 0] (0.002s)
  Sub: Z₀=17.610522 [LOCAL] (0.5s), α=[0.000,0.000,0.000,0.000,0.000,3.395,0.000,0.000,0.000,0.000,0.000,0.000,0.000,0.423,0.000,0.000,0.000,0.259,0.000,0.000,0.000,0.000,0.000,0.000,0.000,0.000,0.000,0.000,0.000,0.000,0.000,0.000,5.431,0.436,0.000,0.000]
  Iter 22: LB=18.086675  UB=23.610401  gap=2.34e-01
  Cut: intercept=-1113.638226, π_x_range=[-818.8676, 575.6743]
  Mini-Benders[1] (mw): LB=18.086675, Z₀(α*)=17.687575, intercept=-55.628971 (3.906s) [OMP=3.798 ISP-L=0.011 ISP-F=0.033 MW-L=0.015 MW-F=0.036]
  Mini-Benders[2] (mw): LB=18.086675, Z₀(α*)=17.687575, intercept=-55.628971 (4.360s) [OMP=4.272 ISP-L=0.012 ISP-F=0.033 MW-L=0.015 MW-F=0.036]
  Mini-Benders[3]: LB stagnated, break
  α-step: Z₀=17.687575, α=[0.000,0.000,0.000,0.000,0.000,3.698,0.000,0.000,0.000,0.000,0.000,0.000,0.000,0.000,0.000,0.000,0.000,0.259,0.000,0.000,0.000,0.000,0.000,0.000,0.000,0.000,0.000,0.000,0.000,0.121,0.000,0.000,5.866,0.000,0.000,0.000]
  Alt-Benders[1] (mw): LB=18.086675, Z₀(α*)=17.687575, intercept=-55.628970 (3.766s) [OMP=3.671 ISP-L=0.012 ISP-F=0.033 MW-L=0.015 MW-F=0.034]
  Alt-Benders[2] (mw): LB=18.086675, Z₀(α*)=17.687575, intercept=-55.628970 (4.328s) [OMP=4.248 ISP-L=0.011 ISP-F=0.032 MW-L=0.015 MW-F=0.034]
  Alt-Benders[3]: LB stagnated, break
  OMP re-solve: 0.003s

=== True-DRO Benders iter 23 ===
  OMP: t₀=18.086675, UB=23.610401, gap=2.34e-01, x=[0, 0, 0, 0, 0, 1, 0, 0, 0, 0, 0, 0, 0, 0, 0, 0, 0, 0, 0, 0, 0, 0, 0, 0, 0, 0, 0, 0, 0, 0, 0, 0, 1, 0, 0, 0] (0.002s)
  Sub: Z₀=17.610522 [LOCAL] (0.5s), α=[0.000,0.000,0.000,0.000,0.000,3.395,0.000,0.000,0.000,0.000,0.000,0.000,0.000,0.423,0.000,0.000,0.000,0.259,0.000,0.000,0.000,0.000,0.000,0.000,0.000,0.000,0.000,0.000,0.000,0.000,0.000,0.000,5.431,0.436,0.000,0.000]
  Iter 23: LB=18.086675  UB=23.610401  gap=2.34e-01
  Cut: intercept=-1113.638226, π_x_range=[-818.8676, 575.6743]
  Mini-Benders[1] (mw): LB=18.086675, Z₀(α*)=17.687575, intercept=-55.628971 (4.375s) [OMP=4.268 ISP-L=0.011 ISP-F=0.033 MW-L=0.015 MW-F=0.036]
  Mini-Benders[2] (mw): LB=18.086675, Z₀(α*)=17.687575, intercept=-55.628971 (4.422s) [OMP=4.326 ISP-L=0.011 ISP-F=0.032 MW-L=0.015 MW-F=0.036]
  Mini-Benders[3]: LB stagnated, break
  α-step: Z₀=17.687575, α=[0.000,0.000,0.000,0.000,0.000,3.698,0.000,0.000,0.000,0.000,0.000,0.000,0.000,0.000,0.000,0.000,0.000,0.259,0.000,0.000,0.000,0.000,0.000,0.000,0.000,0.000,0.000,0.000,0.000,0.121,0.000,0.000,5.866,0.000,0.000,0.000]
  Alt-Benders[1] (mw): LB=18.086675, Z₀(α*)=17.687575, intercept=-55.628970 (4.375s) [OMP=4.285 ISP-L=0.011 ISP-F=0.032 MW-L=0.015 MW-F=0.034]
  Alt-Benders[2] (mw): LB=18.086675, Z₀(α*)=17.687575, intercept=-55.628970 (4.360s) [OMP=4.266 ISP-L=0.011 ISP-F=0.032 MW-L=0.015 MW-F=0.034]
  Alt-Benders[3]: LB stagnated, break
  OMP re-solve: 0.002s

=== True-DRO Benders iter 24 ===
  OMP: t₀=18.086675, UB=23.610401, gap=2.34e-01, x=[0, 0, 0, 0, 0, 1, 0, 0, 0, 0, 0, 0, 0, 0, 0, 0, 0, 0, 0, 0, 0, 0, 0, 0, 0, 0, 0, 0, 0, 0, 0, 0, 1, 0, 0, 0] (0.002s)
  Sub: Z₀=17.610522 [LOCAL] (0.5s), α=[0.000,0.000,0.000,0.000,0.000,3.395,0.000,0.000,0.000,0.000,0.000,0.000,0.000,0.423,0.000,0.000,0.000,0.259,0.000,0.000,0.000,0.000,0.000,0.000,0.000,0.000,0.000,0.000,0.000,0.000,0.000,0.000,5.431,0.436,0.000,0.000]
  Iter 24: LB=18.086675  UB=23.610401  gap=2.34e-01
  Cut: intercept=-1113.638226, π_x_range=[-818.8676, 575.6743]
  Mini-Benders[1] (mw): LB=18.086675, Z₀(α*)=17.687575, intercept=-55.628971 (4.234s) [OMP=4.136 ISP-L=0.011 ISP-F=0.033 MW-L=0.015 MW-F=0.036]
  Mini-Benders[2] (mw): LB=18.086675, Z₀(α*)=17.687575, intercept=-55.628971 (4.469s) [OMP=4.374 ISP-L=0.011 ISP-F=0.032 MW-L=0.015 MW-F=0.036]
  Mini-Benders[3]: LB stagnated, break
  α-step: Z₀=17.687575, α=[0.000,0.000,0.000,0.000,0.000,3.698,0.000,0.000,0.000,0.000,0.000,0.000,0.000,0.000,0.000,0.000,0.000,0.259,0.000,0.000,0.000,0.000,0.000,0.000,0.000,0.000,0.000,0.000,0.000,0.121,0.000,0.000,5.866,0.000,0.000,0.000]
  Alt-Benders[1] (mw): LB=18.086675, Z₀(α*)=17.687575, intercept=-55.628970 (4.344s) [OMP=4.254 ISP-L=0.011 ISP-F=0.032 MW-L=0.015 MW-F=0.034]
  Alt-Benders[2] (mw): LB=18.086675, Z₀(α*)=17.687575, intercept=-55.628970 (4.328s) [OMP=4.235 ISP-L=0.011 ISP-F=0.032 MW-L=0.015 MW-F=0.034]
  Alt-Benders[3]: LB stagnated, break
  OMP re-solve: 0.002s

=== True-DRO Benders iter 25 ===
  OMP: t₀=18.086675, UB=23.610401, gap=2.34e-01, x=[0, 0, 0, 0, 0, 1, 0, 0, 0, 0, 0, 0, 0, 0, 0, 0, 0, 0, 0, 0, 0, 0, 0, 0, 0, 0, 0, 0, 0, 0, 0, 0, 1, 0, 0, 0] (0.002s)
  Sub: Z₀=19.041838 (10.2s), α=[0.000,0.000,0.000,0.000,0.000,1.968,0.000,0.000,0.000,0.000,0.000,0.000,0.000,0.000,0.000,0.000,0.000,1.831,0.000,0.000,0.000,0.000,0.000,0.000,0.000,0.000,0.000,0.000,0.000,0.000,3.423,0.000,2.722,0.000,0.000,0.000]
  Iter 25: LB=18.086675  UB=19.041838  gap=5.02e-02
  Cut: intercept=-79.262969, π_x_range=[-276.0000, 69.6626]
  Sherali-Cut: intercept=-45.635270, π_x_range=[-83.3794, 49.1914]
  Mini-Benders[1] (mw): LB=18.144404, Z₀(α*)=-8.674304, intercept=-55.826504 (4.547s) [OMP=4.455 ISP-L=0.010 ISP-F=0.032 MW-L=0.014 MW-F=0.028]
  Mini-Benders[2] (mw): LB=18.144404, Z₀(α*)=-8.674304, intercept=-55.826504 (4.203s) [OMP=4.118 ISP-L=0.010 ISP-F=0.031 MW-L=0.014 MW-F=0.028]
  Mini-Benders[3] (mw): LB=18.144404, Z₀(α*)=-8.674304, intercept=-55.826504 (4.297s) [OMP=4.212 ISP-L=0.010 ISP-F=0.031 MW-L=0.014 MW-F=0.029]
  Mini-Benders[4]: LB stagnated, break
  α-step: Z₀=21.167310, α=[0.000,0.000,4.719,0.000,0.000,0.000,0.000,0.000,0.000,0.000,0.000,0.000,0.000,0.000,0.000,0.000,0.000,0.000,0.000,0.000,0.000,0.000,0.000,0.000,0.000,0.000,0.000,0.000,0.000,0.000,0.000,0.000,0.000,5.226,0.000,0.000]
  Alt-Benders[1] (mw): LB=18.160164, Z₀(α*)=25.409509, intercept=15.950350 (4.078s) [OMP=3.996 ISP-L=0.010 ISP-F=0.033 MW-L=0.014 MW-F=0.025]
  Alt-Benders[2] (mw): LB=18.224859, Z₀(α*)=12.042209, intercept=-26.095452 (4.204s) [OMP=4.119 ISP-L=0.010 ISP-F=0.032 MW-L=0.013 MW-F=0.028]
  Alt-Benders[3] (mw): LB=18.224859, Z₀(α*)=12.042209, intercept=-26.095452 (4.062s) [OMP=3.978 ISP-L=0.011 ISP-F=0.032 MW-L=0.014 MW-F=0.028]
  Alt-Benders[4] (mw): LB=18.224859, Z₀(α*)=12.042209, intercept=-26.095452 (4.016s) [OMP=3.931 ISP-L=0.010 ISP-F=0.032 MW-L=0.014 MW-F=0.028]
  Alt-Benders[5]: LB stagnated, break
  OMP re-solve: 0.003s

=== True-DRO Benders iter 26 ===
  OMP: t₀=18.224859, UB=19.041838, gap=4.29e-02, x=[0, 0, 0, 0, 0, 0, 0, 0, 0, 0, 0, 0, 0, 0, 0, 0, 0, 1, 0, 0, 0, 0, 1, 0, 0, 0, 0, 0, 0, 0, 0, 0, 0, 0, 0, 0] (0.002s)
  Sub: Z₀=23.618031 [LOCAL] (0.6s), α=[0.000,0.000,3.796,0.000,0.000,0.000,0.000,0.000,0.000,0.000,0.000,0.000,0.000,0.000,0.000,0.000,0.000,2.620,0.000,0.000,0.000,0.000,0.000,0.000,0.000,0.000,0.000,0.000,0.000,0.000,0.000,0.000,2.423,1.106,0.000,0.000]
  Iter 26: LB=18.224859  UB=19.041838  gap=4.29e-02
  Cut: intercept=-1133.676797, π_x_range=[-823.6861, 593.3394]
  Mini-Benders[1] (mw): LB=18.597159, Z₀(α*)=6.630095, intercept=-12.170324 (4.329s) [OMP=4.242 ISP-L=0.011 ISP-F=0.032 MW-L=0.014 MW-F=0.029]
  Mini-Benders[2] (mw): LB=18.597159, Z₀(α*)=6.630095, intercept=-12.170324 (4.296s) [OMP=4.209 ISP-L=0.011 ISP-F=0.032 MW-L=0.014 MW-F=0.028]
  Mini-Benders[3] (mw): LB=18.597159, Z₀(α*)=6.630095, intercept=-12.170324 (4.328s) [OMP=4.241 ISP-L=0.011 ISP-F=0.032 MW-L=0.014 MW-F=0.028]
  Mini-Benders[4]: LB stagnated, break
  α-step: Z₀=21.511698, α=[0.000,0.000,0.060,0.000,0.000,0.000,0.000,0.000,0.000,0.000,0.000,0.000,0.000,0.000,0.000,0.000,0.000,5.003,0.000,0.000,0.000,0.000,0.000,0.000,0.000,0.000,0.000,0.000,0.000,0.000,0.000,0.000,2.756,2.125,0.000,0.000]
  Alt-Benders[1] (mw): LB=18.645872, Z₀(α*)=23.367427, intercept=25.341753 (4.766s) [OMP=4.672 ISP-L=0.011 ISP-F=0.033 MW-L=0.014 MW-F=0.026]
  Alt-Benders[2] (mw): LB=18.645872, Z₀(α*)=21.511698, intercept=21.511713 (4.250s) [OMP=4.165 ISP-L=0.011 ISP-F=0.033 MW-L=0.014 MW-F=0.025]
  Alt-Benders[3] (mw): LB=18.720293, Z₀(α*)=18.061817, intercept=-47.973270 (4.640s) [OMP=4.556 ISP-L=0.011 ISP-F=0.033 MW-L=0.014 MW-F=0.027]
  Alt-Benders[4] (mw): LB=18.720293, Z₀(α*)=18.061817, intercept=-47.973270 (4.719s) [OMP=4.633 ISP-L=0.011 ISP-F=0.033 MW-L=0.014 MW-F=0.027]
  Alt-Benders[5] (mw): LB=18.720293, Z₀(α*)=18.061817, intercept=-47.973270 (4.656s) [OMP=4.570 ISP-L=0.011 ISP-F=0.033 MW-L=0.014 MW-F=0.027]
  OMP re-solve: 4.617s

=== True-DRO Benders iter 27 ===
  OMP: t₀=18.720293, UB=19.041838, gap=1.69e-02, x=[0, 0, 0, 0, 0, 0, 0, 0, 0, 0, 0, 0, 1, 0, 0, 0, 0, 0, 0, 0, 0, 0, 0, 0, 1, 0, 0, 0, 0, 0, 0, 0, 0, 0, 0, 0] (0.003s)
  Sub: Z₀=23.213587 [LOCAL] (0.6s), α=[0.000,0.000,0.000,0.000,0.000,0.000,0.000,0.000,0.000,0.000,0.000,0.000,1.287,1.018,0.000,0.000,0.000,3.519,0.000,0.000,0.000,0.000,0.000,0.000,0.000,0.000,0.000,0.000,0.000,0.000,0.000,0.000,0.000,4.120,0.000,0.000]
  Iter 27: LB=18.720293  UB=19.041838  gap=1.69e-02
  Cut: intercept=-1100.473849, π_x_range=[-820.7417, 562.6577]
  Mini-Benders[1] (mw): LB=18.928003, Z₀(α*)=18.236915, intercept=-4.119347 (4.547s) [OMP=4.463 ISP-L=0.011 ISP-F=0.033 MW-L=0.013 MW-F=0.027]
  Mini-Benders[2] (mw): LB=18.928003, Z₀(α*)=18.236915, intercept=-4.119347 (4.484s) [OMP=4.400 ISP-L=0.011 ISP-F=0.033 MW-L=0.013 MW-F=0.027]
  Mini-Benders[3] (mw): LB=18.928003, Z₀(α*)=18.236915, intercept=-4.119347 (4.656s) [OMP=4.572 ISP-L=0.011 ISP-F=0.033 MW-L=0.013 MW-F=0.027]
  Mini-Benders[4]: LB stagnated, break
  α-step: Z₀=24.303789, α=[0.000,0.000,1.399,0.000,0.000,0.000,0.000,0.000,0.000,0.000,0.000,0.000,0.000,0.000,0.000,0.000,0.000,2.214,0.000,0.000,0.000,0.000,0.000,0.000,0.000,0.000,0.000,0.000,0.000,1.828,0.000,0.000,3.004,1.500,0.000,0.000]
  Alt-Benders[1] (mw): LB=18.962502, Z₀(α*)=22.856638, intercept=-21.625232 (5.125s) [OMP=5.032 ISP-L=0.011 ISP-F=0.032 MW-L=0.014 MW-F=0.026]
  Alt-Benders[1]: gap=4.17e-03 ≤ tol, break
  OMP re-solve: 4.978s

=== True-DRO Benders iter 28 ===
  OMP: t₀=19.011822, UB=19.041838, gap=1.58e-03, x=[0, 0, 0, 0, 0, 1, 0, 0, 0, 0, 0, 0, 0, 0, 0, 0, 0, 1, 0, 0, 0, 0, 0, 0, 0, 0, 0, 0, 0, 0, 0, 0, 0, 0, 0, 0] (0.003s)
  Sub: Z₀=19.011822 [LOCAL] (0.5s), α=[0.000,0.000,0.008,0.000,0.000,4.333,0.000,0.000,0.000,0.000,0.000,0.000,0.000,0.839,0.000,0.000,0.000,4.742,0.000,0.000,0.000,0.000,0.000,0.000,0.000,0.000,0.000,0.000,0.000,0.008,0.015,0.000,0.000,0.000,0.000,0.000]
  Iter 28: LB=19.011822  UB=19.041838  gap=1.58e-03
True-DRO Benders converged at iter 28 (gap=1.58e-03)
  Wall time: 927.83 sec
  OMP  time: mean=2.424s, median=2.791s, max=5.032s
  Sub  time (exact): mean=6.694s, median=6.380s, q90=11.096s, max=11.493s (n=4/28)

Result (double/mb_only): Z₀=19.041838, iters=28, time=927.9s
x arcs = [6, 33]
