============================================================
abilene — single_l: ε̂=0.20, ε̃=0.00, β=0.00
============================================================
Set parameter Username
Set parameter LicenseID to value 2742039
Academic license - for non-commercial use only - expires 2026-11-20
Set parameter Username
Set parameter LicenseID to value 2742039
Academic license - for non-commercial use only - expires 2026-11-20
Set parameter OutputFlag to value 1
Set parameter LogFile to value "global_miqcp.log"
Set parameter Username
Set parameter LicenseID to value 2742039
Academic license - for non-commercial use only - expires 2026-11-20
Set parameter Username
Set parameter LicenseID to value 2742039
Academic license - for non-commercial use only - expires 2026-11-20
Set parameter Username
Set parameter LicenseID to value 2742039
Academic license - for non-commercial use only - expires 2026-11-20
Set parameter Username
Set parameter LicenseID to value 2742039
Academic license - for non-commercial use only - expires 2026-11-20

=== True-DRO Benders iter 1 ===
  OMP: t₀=3.652761, UB=Inf, gap=NaN, x=[0, 0, 0, 0, 0, 0, 0, 0, 0, 0, 1, 0, 0, 0, 0, 0, 0, 0, 1, 0, 0, 0, 0, 0, 0, 0, 0, 0, 0, 0] (0.041s)
  Sub: Z₀=13.366649 [LOCAL] (0.1s), α=[0.000,0.000,0.000,0.000,0.000,0.000,0.000,0.000,0.000,0.000,10.391,0.000,0.000,0.000,0.424,0.000,0.000,0.000,0.000,0.000,0.000,0.000,0.000,0.000,0.000,0.000,0.000,0.000,0.000,0.000]
  Iter 1: LB=3.652761  UB=Inf  gap=NaN
  Cut: intercept=-1081.642575, π_x_range=[-816.8542, 555.2309]
  Mini-Benders[1] (mw): LB=4.239475, Z₀(α*)=-23.035590, intercept=-150.988475 (0.081s) [OMP=0.043 ISP-L=0.005 ISP-F=0.009 MW-L=0.006 MW-F=0.011]
  Mini-Benders[2] (mw): LB=4.239475, Z₀(α*)=-23.035590, intercept=-150.988475 (0.053s) [OMP=0.033 ISP-L=0.003 ISP-F=0.006 MW-L=0.006 MW-F=0.005]
  Mini-Benders[3] (mw): LB=4.239475, Z₀(α*)=-23.035590, intercept=-150.988475 (0.054s) [OMP=0.033 ISP-L=0.003 ISP-F=0.006 MW-L=0.006 MW-F=0.005]
  Mini-Benders[4]: LB stagnated, break
Set parameter NonConvex to value 2
Set parameter DualReductions to value 0
  α-step: Z₀=11.678694, α=[0.000,0.000,0.000,0.000,4.418,0.000,0.000,0.000,0.000,0.000,3.852,0.000,0.000,0.000,2.544,0.000,0.000,0.000,0.000,0.000,0.000,0.000,0.000,0.000,0.000,0.000,0.000,0.000,0.000,0.000]
  Alt-Benders[1] (mw): LB=4.611359, Z₀(α*)=-66.817405, intercept=-89.609737 (0.055s) [OMP=0.032 ISP-L=0.003 ISP-F=0.006 MW-L=0.007 MW-F=0.006]
  Alt-Benders[2] (mw): LB=4.611359, Z₀(α*)=-66.817405, intercept=-89.609737 (0.053s) [OMP=0.031 ISP-L=0.002 ISP-F=0.006 MW-L=0.007 MW-F=0.006]
  Alt-Benders[3] (mw): LB=4.611359, Z₀(α*)=-66.817405, intercept=-89.609737 (0.058s) [OMP=0.031 ISP-L=0.003 ISP-F=0.006 MW-L=0.007 MW-F=0.011]
  Alt-Benders[4]: LB stagnated, break
  OMP re-solve: 0.000s

=== True-DRO Benders iter 2 ===
  OMP: t₀=4.611359, UB=Inf, gap=NaN, x=[0, 0, 0, 0, 0, 0, 0, 1, 0, 0, 0, 0, 0, 0, 0, 0, 0, 0, 0, 1, 0, 0, 0, 0, 0, 0, 0, 0, 0, 0] (0.000s)
  Sub: Z₀=14.255420 [LOCAL] (0.1s), α=[0.000,0.000,0.000,0.000,0.000,0.000,0.000,4.561,0.000,0.000,0.000,0.000,0.000,0.000,0.000,0.000,0.000,0.000,0.000,5.830,0.000,0.000,0.000,0.000,0.000,0.424,0.000,0.000,0.000,0.000]
  Iter 2: LB=4.611359  UB=Inf  gap=NaN
  Cut: intercept=-1114.157250, π_x_range=[-828.5759, 564.2641]
  Mini-Benders[1] (mw): LB=5.015886, Z₀(α*)=-45.403959, intercept=-99.134735 (0.074s) [OMP=0.049 ISP-L=0.003 ISP-F=0.006 MW-L=0.005 MW-F=0.005]
  Mini-Benders[2] (mw): LB=5.015886, Z₀(α*)=-45.403959, intercept=-99.134735 (0.050s) [OMP=0.030 ISP-L=0.002 ISP-F=0.006 MW-L=0.006 MW-F=0.005]
  Mini-Benders[3] (mw): LB=5.015886, Z₀(α*)=-45.403959, intercept=-99.134735 (0.054s) [OMP=0.029 ISP-L=0.002 ISP-F=0.006 MW-L=0.010 MW-F=0.005]
  Mini-Benders[4]: LB stagnated, break
  α-step: Z₀=12.021196, α=[0.000,0.000,0.000,0.000,6.027,0.000,0.000,0.000,0.000,0.000,0.000,0.000,0.000,0.000,2.179,0.000,0.000,0.000,0.000,0.000,0.000,0.000,0.000,0.000,0.000,0.000,2.244,0.365,0.000,0.000]
  Alt-Benders[1] (mw): LB=5.232305, Z₀(α*)=-9.916833, intercept=-69.951383 (0.060s) [OMP=0.039 ISP-L=0.003 ISP-F=0.006 MW-L=0.006 MW-F=0.005]
  Alt-Benders[2] (mw): LB=5.232305, Z₀(α*)=-9.916833, intercept=-69.951383 (0.062s) [OMP=0.038 ISP-L=0.003 ISP-F=0.006 MW-L=0.010 MW-F=0.005]
  Alt-Benders[3] (mw): LB=5.232305, Z₀(α*)=-9.916833, intercept=-69.951383 (0.059s) [OMP=0.038 ISP-L=0.003 ISP-F=0.006 MW-L=0.006 MW-F=0.005]
  Alt-Benders[4]: LB stagnated, break
  OMP re-solve: 0.000s

=== True-DRO Benders iter 3 ===
  OMP: t₀=5.232305, UB=Inf, gap=NaN, x=[0, 0, 0, 0, 1, 0, 1, 0, 0, 0, 0, 0, 0, 0, 0, 0, 0, 0, 0, 0, 0, 0, 0, 0, 0, 0, 0, 0, 0, 0] (0.000s)
  Sub: Z₀=12.784418 [LOCAL] (0.1s), α=[0.000,0.000,0.000,0.000,7.103,0.000,2.977,0.000,0.000,0.000,0.000,0.000,0.000,0.000,0.665,0.000,0.000,0.000,0.000,0.000,0.000,0.000,0.000,0.000,0.000,0.069,0.000,0.000,0.000,0.000]
  Iter 3: LB=5.232305  UB=Inf  gap=NaN
  Cut: intercept=-1140.458882, π_x_range=[-829.2217, 585.2738]
  Mini-Benders[1] (mw): LB=5.303459, Z₀(α*)=-7.620578, intercept=-81.766882 (0.066s) [OMP=0.038 ISP-L=0.003 ISP-F=0.006 MW-L=0.009 MW-F=0.005]
  Mini-Benders[2] (mw): LB=5.303459, Z₀(α*)=-7.620578, intercept=-81.766882 (0.057s) [OMP=0.036 ISP-L=0.003 ISP-F=0.006 MW-L=0.006 MW-F=0.005]
  Mini-Benders[3] (mw): LB=5.303459, Z₀(α*)=-7.620578, intercept=-81.766882 (0.056s) [OMP=0.036 ISP-L=0.003 ISP-F=0.006 MW-L=0.006 MW-F=0.005]
  Mini-Benders[4]: LB stagnated, break
  α-step: Z₀=12.481480, α=[0.000,0.000,0.000,0.000,6.402,0.000,0.000,0.000,0.000,0.000,0.000,0.000,0.000,0.000,4.413,0.000,0.000,0.000,0.000,0.000,0.000,0.000,0.000,0.000,0.000,0.000,0.000,0.000,0.000,0.000]
  Alt-Benders[1] (mw): LB=5.323459, Z₀(α*)=13.409460, intercept=-45.341321 (0.061s) [OMP=0.040 ISP-L=0.003 ISP-F=0.006 MW-L=0.005 MW-F=0.005]
  Alt-Benders[2] (mw): LB=5.382118, Z₀(α*)=8.624466, intercept=-64.887787 (0.068s) [OMP=0.047 ISP-L=0.003 ISP-F=0.006 MW-L=0.005 MW-F=0.005]
  Alt-Benders[3] (mw): LB=5.566875, Z₀(α*)=8.496843, intercept=-106.386040 (0.062s) [OMP=0.038 ISP-L=0.003 ISP-F=0.006 MW-L=0.010 MW-F=0.005]
  Alt-Benders[4] (mw): LB=5.677265, Z₀(α*)=-28.596700, intercept=-133.298804 (0.059s) [OMP=0.039 ISP-L=0.003 ISP-F=0.007 MW-L=0.005 MW-F=0.006]
  Alt-Benders[5] (mw): LB=5.677265, Z₀(α*)=-28.596700, intercept=-133.298804 (0.066s) [OMP=0.045 ISP-L=0.003 ISP-F=0.006 MW-L=0.005 MW-F=0.005]
  OMP re-solve: 0.045s

=== True-DRO Benders iter 4 ===
  OMP: t₀=5.677265, UB=Inf, gap=NaN, x=[0, 0, 0, 0, 0, 0, 0, 0, 0, 0, 1, 0, 0, 0, 0, 0, 0, 0, 0, 0, 0, 0, 0, 0, 0, 0, 1, 0, 0, 0] (0.000s)
  Sub: Z₀=13.352938 [LOCAL] (0.1s), α=[0.000,0.000,0.000,0.000,0.000,0.000,0.000,0.000,0.000,0.000,5.326,0.000,0.000,0.000,0.000,0.000,0.000,0.000,0.000,0.000,0.000,0.000,0.000,0.000,0.000,0.000,5.318,0.170,0.000,0.000]
  Iter 4: LB=5.677265  UB=Inf  gap=NaN
  Cut: intercept=-1084.713714, π_x_range=[-819.2476, 557.7615]
  Mini-Benders[1] (mw): LB=5.785279, Z₀(α*)=-39.571525, intercept=-91.287606 (0.094s) [OMP=0.058 ISP-L=0.003 ISP-F=0.007 MW-L=0.005 MW-F=0.005]
  Mini-Benders[2] (mw): LB=5.785279, Z₀(α*)=-39.571525, intercept=-91.287606 (0.065s) [OMP=0.044 ISP-L=0.003 ISP-F=0.007 MW-L=0.005 MW-F=0.005]
  Mini-Benders[3] (mw): LB=5.785279, Z₀(α*)=-39.571525, intercept=-91.287606 (0.069s) [OMP=0.043 ISP-L=0.003 ISP-F=0.006 MW-L=0.005 MW-F=0.009]
  Mini-Benders[4]: LB stagnated, break
  α-step: Z₀=14.432215, α=[0.000,0.000,0.000,0.000,0.000,0.000,0.000,2.958,0.000,0.000,0.000,0.000,0.000,0.000,0.000,0.000,0.000,0.000,0.000,0.000,0.000,0.000,0.000,0.000,0.000,0.651,0.000,7.206,0.000,0.000]
  Alt-Benders[1] (mw): LB=5.922414, Z₀(α*)=-21.735884, intercept=-110.510962 (0.068s) [OMP=0.046 ISP-L=0.003 ISP-F=0.007 MW-L=0.006 MW-F=0.005]
  Alt-Benders[2] (mw): LB=5.922414, Z₀(α*)=-21.735884, intercept=-110.510962 (0.069s) [OMP=0.045 ISP-L=0.003 ISP-F=0.006 MW-L=0.006 MW-F=0.009]
  Alt-Benders[3] (mw): LB=5.922414, Z₀(α*)=-21.735884, intercept=-110.510962 (0.068s) [OMP=0.046 ISP-L=0.003 ISP-F=0.007 MW-L=0.006 MW-F=0.005]
  Alt-Benders[4]: LB stagnated, break
  OMP re-solve: 0.000s

=== True-DRO Benders iter 5 ===
  OMP: t₀=5.922414, UB=Inf, gap=NaN, x=[0, 0, 0, 0, 0, 0, 0, 0, 0, 0, 1, 0, 0, 0, 0, 0, 0, 0, 0, 0, 0, 0, 0, 0, 0, 0, 0, 1, 0, 0] (0.000s)
  Sub: Z₀=13.872398 (2.3s), α=[0.000,0.000,0.000,0.000,0.000,0.000,0.000,0.000,0.000,0.000,6.010,0.000,0.000,0.000,1.520,0.000,0.000,0.000,0.000,0.000,0.000,0.000,0.000,0.000,0.000,0.000,0.031,3.254,0.000,0.000]
  Iter 5: LB=5.922414  UB=13.872398  gap=5.73e-01
  Cut: intercept=-112.531637, π_x_range=[-160.3362, 93.3597]
  Sherali-Cut: intercept=-111.178021, π_x_range=[-68.2772, 93.2331]
  Mini-Benders[1] (mw): LB=6.189946, Z₀(α*)=-53.875506, intercept=-90.775717 (0.088s) [OMP=0.075 ISP-L=0.003 ISP-F=0.006 MW-L=0.006 MW-F=0.006]
  Mini-Benders[2] (mw): LB=6.189946, Z₀(α*)=-53.875506, intercept=-90.775717 (0.085s) [OMP=0.053 ISP-L=0.002 ISP-F=0.006 MW-L=0.005 MW-F=0.009]
  Mini-Benders[3] (mw): LB=6.189946, Z₀(α*)=-53.875506, intercept=-90.775717 (0.073s) [OMP=0.053 ISP-L=0.002 ISP-F=0.006 MW-L=0.005 MW-F=0.006]
  Mini-Benders[4]: LB stagnated, break
  α-step: Z₀=13.908139, α=[0.000,0.000,0.000,0.000,0.000,0.000,0.000,8.674,0.000,0.000,0.000,0.000,0.000,0.000,0.000,0.000,0.000,0.000,0.000,0.000,0.000,0.000,1.659,0.000,0.000,0.481,0.000,0.000,0.000,0.000]
  Alt-Benders[1] (mw): LB=6.413535, Z₀(α*)=-49.020384, intercept=-57.265352 (0.086s) [OMP=0.073 ISP-L=0.003 ISP-F=0.006 MW-L=0.005 MW-F=0.008]
  Alt-Benders[2] (mw): LB=6.413535, Z₀(α*)=-49.020384, intercept=-57.265352 (0.087s) [OMP=0.056 ISP-L=0.002 ISP-F=0.006 MW-L=0.005 MW-F=0.005]
  Alt-Benders[3] (mw): LB=6.413535, Z₀(α*)=-49.020384, intercept=-57.265352 (0.078s) [OMP=0.058 ISP-L=0.002 ISP-F=0.006 MW-L=0.005 MW-F=0.005]
  Alt-Benders[4]: LB stagnated, break
  OMP re-solve: 0.000s

=== True-DRO Benders iter 6 ===
  OMP: t₀=6.413535, UB=13.872398, gap=5.38e-01, x=[0, 0, 0, 0, 1, 0, 0, 0, 0, 0, 0, 0, 0, 0, 0, 0, 0, 0, 0, 1, 0, 0, 0, 0, 0, 0, 0, 0, 0, 0] (0.000s)
  Sub: Z₀=14.175124 [LOCAL] (0.1s), α=[0.000,0.000,0.000,0.000,6.453,0.000,0.000,0.000,0.000,0.000,0.000,0.000,0.000,0.000,4.362,0.000,0.000,0.000,0.000,0.000,0.000,0.000,0.000,0.000,0.000,0.000,0.000,0.000,0.000,0.000]
  Iter 6: LB=6.413535  UB=13.872398  gap=5.38e-01
  Cut: intercept=-1103.763763, π_x_range=[-828.5038, 561.6016]
  Mini-Benders[1] (mw): LB=6.480837, Z₀(α*)=-50.150701, intercept=-92.939402 (0.099s) [OMP=0.065 ISP-L=0.003 ISP-F=0.005 MW-L=0.010 MW-F=0.006]
  Mini-Benders[2] (mw): LB=6.480837, Z₀(α*)=-50.150701, intercept=-92.939402 (0.092s) [OMP=0.071 ISP-L=0.002 ISP-F=0.006 MW-L=0.006 MW-F=0.006]
  Mini-Benders[3] (mw): LB=6.480837, Z₀(α*)=-50.150701, intercept=-92.939402 (0.091s) [OMP=0.072 ISP-L=0.003 ISP-F=0.005 MW-L=0.006 MW-F=0.006]
  Mini-Benders[4]: LB stagnated, break
  α-step: Z₀=14.122577, α=[0.000,0.000,0.000,0.000,0.000,0.000,2.418,0.000,0.000,0.000,7.375,0.000,0.000,0.000,0.000,0.000,0.000,0.000,0.000,0.000,0.000,0.000,0.000,0.000,0.000,1.022,0.000,0.000,0.000,0.000]
  Alt-Benders[1] (mw): LB=6.489786, Z₀(α*)=3.339264, intercept=-102.404051 (0.077s) [OMP=0.054 ISP-L=0.003 ISP-F=0.007 MW-L=0.006 MW-F=0.006]
  Alt-Benders[2] (mw): LB=6.489786, Z₀(α*)=3.339264, intercept=-102.404051 (0.059s) [OMP=0.050 ISP-L=0.003 ISP-F=0.007 MW-L=0.006 MW-F=0.006]
  Alt-Benders[3] (mw): LB=6.489786, Z₀(α*)=3.339264, intercept=-102.404051 (0.087s) [OMP=0.048 ISP-L=0.003 ISP-F=0.007 MW-L=0.009 MW-F=0.006]
  Alt-Benders[4]: LB stagnated, break
  OMP re-solve: 0.000s

=== True-DRO Benders iter 7 ===
  OMP: t₀=6.489786, UB=13.872398, gap=5.32e-01, x=[0, 0, 0, 0, 0, 0, 0, 0, 0, 0, 1, 0, 0, 1, 0, 0, 0, 0, 0, 0, 0, 0, 0, 0, 0, 0, 0, 0, 0, 0] (0.000s)
  Sub: Z₀=16.097195 [LOCAL] (0.1s), α=[0.000,0.000,0.000,0.000,0.000,0.000,0.566,0.000,0.000,0.000,7.033,0.000,0.000,0.000,3.215,0.000,0.000,0.000,0.000,0.000,0.000,0.000,0.000,0.000,0.000,0.000,0.000,0.000,0.000,0.000]
  Iter 7: LB=6.489786  UB=13.872398  gap=5.32e-01
  Cut: intercept=-1116.356119, π_x_range=[-818.5961, 592.9735]
  Mini-Benders[1] (mw): LB=6.701834, Z₀(α*)=-36.393149, intercept=-56.973825 (0.090s) [OMP=0.081 ISP-L=0.003 ISP-F=0.006 MW-L=0.006 MW-F=0.005]
  Mini-Benders[2] (mw): LB=6.701834, Z₀(α*)=-36.393149, intercept=-56.973825 (0.107s) [OMP=0.071 ISP-L=0.003 ISP-F=0.006 MW-L=0.009 MW-F=0.005]
  Mini-Benders[3] (mw): LB=6.701834, Z₀(α*)=-36.393149, intercept=-56.973825 (0.092s) [OMP=0.072 ISP-L=0.003 ISP-F=0.006 MW-L=0.006 MW-F=0.005]
  Mini-Benders[4]: LB stagnated, break
  α-step: Z₀=13.943329, α=[0.000,0.000,0.000,0.000,7.221,0.000,0.000,0.000,0.000,0.000,0.000,0.000,0.000,0.000,2.825,0.000,0.000,0.000,0.000,0.000,0.000,0.000,0.000,0.000,0.000,0.768,0.000,0.000,0.000,0.000]
  Alt-Benders[1] (mw): LB=6.701834, Z₀(α*)=13.647810, intercept=-65.082561 (0.096s) [OMP=0.078 ISP-L=0.003 ISP-F=0.007 MW-L=0.009 MW-F=0.005]
  Alt-Benders[2] (mw): LB=6.701834, Z₀(α*)=14.416144, intercept=-44.889518 (0.103s) [OMP=0.082 ISP-L=0.003 ISP-F=0.006 MW-L=0.005 MW-F=0.005]
  Alt-Benders[3] (mw): LB=6.701834, Z₀(α*)=-8.664230, intercept=-67.559142 (0.099s) [OMP=0.074 ISP-L=0.003 ISP-F=0.006 MW-L=0.005 MW-F=0.005]
  Alt-Benders[4]: LB stagnated, break
  OMP re-solve: 0.000s

=== True-DRO Benders iter 8 ===
  OMP: t₀=6.701834, UB=13.872398, gap=5.17e-01, x=[0, 0, 0, 0, 1, 0, 0, 0, 0, 0, 0, 0, 0, 0, 0, 0, 0, 0, 0, 0, 0, 0, 0, 0, 0, 1, 0, 0, 0, 0] (0.000s)
  Sub: Z₀=11.833818 [LOCAL] (0.1s), α=[0.000,0.000,0.000,0.000,3.464,0.000,1.184,0.000,0.000,0.000,0.000,0.000,0.000,0.000,2.703,0.000,0.000,0.000,0.000,0.000,0.000,0.000,0.000,0.000,0.000,3.464,0.000,0.000,0.000,0.000]
  Iter 8: LB=6.701834  UB=13.872398  gap=5.17e-01
  Cut: intercept=-1133.583918, π_x_range=[-826.4910, 578.7047]
  Mini-Benders[1] (mw): LB=6.982619, Z₀(α*)=-26.444061, intercept=-131.026636 (0.079s) [OMP=0.054 ISP-L=0.003 ISP-F=0.006 MW-L=0.006 MW-F=0.006]
  Mini-Benders[2] (mw): LB=6.982619, Z₀(α*)=-26.444061, intercept=-131.026636 (0.070s) [OMP=0.048 ISP-L=0.003 ISP-F=0.006 MW-L=0.006 MW-F=0.006]
  Mini-Benders[3] (mw): LB=6.982619, Z₀(α*)=-26.444061, intercept=-131.026636 (0.072s) [OMP=0.047 ISP-L=0.003 ISP-F=0.006 MW-L=0.006 MW-F=0.010]
  Mini-Benders[4]: LB stagnated, break
  α-step: Z₀=15.253635, α=[0.000,0.000,0.000,0.000,0.000,0.000,0.000,0.000,0.000,0.000,5.084,0.000,0.000,0.000,5.731,0.000,0.000,0.000,0.000,0.000,0.000,0.000,0.000,0.000,0.000,0.000,0.000,0.000,0.000,0.000]
  Alt-Benders[1] (mw): LB=7.002619, Z₀(α*)=12.330677, intercept=-56.074759 (0.097s) [OMP=0.076 ISP-L=0.003 ISP-F=0.007 MW-L=0.005 MW-F=0.005]
  Alt-Benders[2] (mw): LB=7.247957, Z₀(α*)=9.805336, intercept=-143.577114 (0.088s) [OMP=0.068 ISP-L=0.003 ISP-F=0.006 MW-L=0.005 MW-F=0.009]
  Alt-Benders[3] (mw): LB=7.409898, Z₀(α*)=10.402069, intercept=-81.097659 (0.088s) [OMP=0.077 ISP-L=0.003 ISP-F=0.007 MW-L=0.005 MW-F=0.005]
  Alt-Benders[4] (mw): LB=7.504713, Z₀(α*)=-26.110837, intercept=-55.951700 (0.112s) [OMP=0.077 ISP-L=0.003 ISP-F=0.006 MW-L=0.006 MW-F=0.005]
  Alt-Benders[5] (mw): LB=7.504713, Z₀(α*)=-26.110837, intercept=-55.951700 (0.093s) [OMP=0.069 ISP-L=0.003 ISP-F=0.006 MW-L=0.006 MW-F=0.009]
  OMP re-solve: 0.069s

=== True-DRO Benders iter 9 ===
  OMP: t₀=7.504713, UB=13.872398, gap=4.59e-01, x=[0, 0, 0, 0, 1, 0, 0, 0, 0, 0, 0, 0, 0, 0, 0, 0, 0, 0, 0, 0, 0, 0, 1, 0, 0, 0, 0, 0, 0, 0] (0.000s)
  Sub: Z₀=14.175124 [LOCAL] (0.1s), α=[0.000,0.000,0.000,0.000,6.453,0.000,0.000,0.000,0.000,0.000,0.000,0.000,0.000,0.000,4.362,0.000,0.000,0.000,0.000,0.000,0.000,0.000,0.000,0.000,0.000,0.000,0.000,0.000,0.000,0.000]
  Iter 9: LB=7.504713  UB=13.872398  gap=4.59e-01
  Cut: intercept=-1107.435977, π_x_range=[-828.7927, 562.0335]
  Mini-Benders[1] (mw): LB=7.698197, Z₀(α*)=-21.891879, intercept=-105.063823 (0.104s) [OMP=0.085 ISP-L=0.003 ISP-F=0.006 MW-L=0.006 MW-F=0.005]
  Mini-Benders[2] (mw): LB=7.698197, Z₀(α*)=-21.891879, intercept=-105.063823 (0.095s) [OMP=0.068 ISP-L=0.003 ISP-F=0.006 MW-L=0.006 MW-F=0.005]
  Mini-Benders[3] (mw): LB=7.698197, Z₀(α*)=-21.891879, intercept=-105.063823 (0.093s) [OMP=0.068 ISP-L=0.003 ISP-F=0.006 MW-L=0.010 MW-F=0.005]
  Mini-Benders[4]: LB stagnated, break
  α-step: Z₀=15.304146, α=[0.000,0.000,0.000,0.000,0.000,0.000,0.000,0.103,0.000,0.000,6.353,0.000,0.000,0.000,2.453,0.000,0.000,0.000,0.000,0.000,0.000,0.000,1.906,0.000,0.000,0.000,0.000,0.000,0.000,0.000]
  Alt-Benders[1] (mw): LB=8.287138, Z₀(α*)=8.917553, intercept=-57.822904 (0.094s) [OMP=0.073 ISP-L=0.003 ISP-F=0.007 MW-L=0.006 MW-F=0.005]
  Alt-Benders[2] (mw): LB=8.287138, Z₀(α*)=8.909412, intercept=-77.934426 (0.104s) [OMP=0.082 ISP-L=0.003 ISP-F=0.006 MW-L=0.010 MW-F=0.005]
  Alt-Benders[3] (mw): LB=8.287138, Z₀(α*)=-17.284481, intercept=-118.806481 (0.102s) [OMP=0.078 ISP-L=0.003 ISP-F=0.006 MW-L=0.006 MW-F=0.005]
  Alt-Benders[4]: LB stagnated, break
  OMP re-solve: 0.000s

=== True-DRO Benders iter 10 ===
  OMP: t₀=8.287138, UB=13.872398, gap=4.03e-01, x=[0, 0, 0, 0, 0, 0, 0, 0, 0, 0, 1, 0, 0, 0, 0, 0, 0, 0, 0, 0, 0, 0, 0, 0, 0, 1, 0, 0, 0, 0] (0.000s)
  Sub: Z₀=11.910460 (0.9s), α=[0.000,0.000,0.000,0.000,0.000,0.000,0.000,0.000,0.000,0.000,4.597,0.000,0.000,0.000,1.520,0.000,0.000,0.000,0.000,0.000,0.000,0.000,0.000,0.000,0.000,4.697,0.000,0.000,0.000,0.000]
  Iter 10: LB=8.287138  UB=11.910460  gap=3.04e-01
  Cut: intercept=-124.787148, π_x_range=[-206.0000, 95.6830]
  Sherali-Cut: intercept=-118.937633, π_x_range=[-69.5067, 88.9420]
  Mini-Benders[1] (mw): LB=8.496841, Z₀(α*)=-35.316780, intercept=-106.821197 (0.104s) [OMP=0.078 ISP-L=0.003 ISP-F=0.006 MW-L=0.006 MW-F=0.005]
  Mini-Benders[2] (mw): LB=8.496841, Z₀(α*)=-35.316780, intercept=-106.821197 (0.099s) [OMP=0.070 ISP-L=0.002 ISP-F=0.006 MW-L=0.009 MW-F=0.005]
  Mini-Benders[3] (mw): LB=8.496841, Z₀(α*)=-35.316780, intercept=-106.821197 (0.092s) [OMP=0.071 ISP-L=0.002 ISP-F=0.006 MW-L=0.006 MW-F=0.005]
  Mini-Benders[4]: LB stagnated, break
  α-step: Z₀=13.201225, α=[0.000,0.000,0.000,0.000,6.453,0.000,0.000,2.230,0.000,0.000,0.000,0.000,0.000,0.000,2.132,0.000,0.000,0.000,0.000,0.000,0.000,0.000,0.000,0.000,0.000,0.000,0.000,0.000,0.000,0.000]
  Alt-Benders[1] (mw): LB=8.624464, Z₀(α*)=1.118885, intercept=-65.793814 (0.104s) [OMP=0.075 ISP-L=0.003 ISP-F=0.006 MW-L=0.009 MW-F=0.005]
  Alt-Benders[2] (mw): LB=8.624464, Z₀(α*)=1.118885, intercept=-65.793814 (0.081s) [OMP=0.061 ISP-L=0.003 ISP-F=0.006 MW-L=0.006 MW-F=0.005]
  Alt-Benders[3] (mw): LB=8.624464, Z₀(α*)=1.118885, intercept=-65.793814 (0.081s) [OMP=0.060 ISP-L=0.003 ISP-F=0.006 MW-L=0.006 MW-F=0.005]
  Alt-Benders[4]: LB stagnated, break
  OMP re-solve: 0.000s

=== True-DRO Benders iter 11 ===
  OMP: t₀=8.624464, UB=11.910460, gap=2.76e-01, x=[0, 0, 0, 0, 1, 0, 0, 0, 0, 0, 0, 0, 0, 0, 0, 0, 0, 0, 0, 0, 0, 0, 0, 0, 0, 0, 0, 1, 0, 0] (0.000s)
  Sub: Z₀=14.014496 [LOCAL] (0.1s), α=[0.000,0.000,0.000,0.000,6.369,0.000,0.000,0.000,0.000,0.000,0.000,0.000,0.000,0.000,1.785,0.000,0.000,0.000,0.000,0.000,0.000,0.000,0.000,0.000,0.000,0.000,0.063,2.597,0.000,0.000]
  Iter 11: LB=8.624464  UB=11.910460  gap=2.76e-01
  Cut: intercept=-1111.450623, π_x_range=[-828.3705, 566.2527]
  Mini-Benders[1] (mw): LB=8.909410, Z₀(α*)=-32.639602, intercept=-77.605871 (0.091s) [OMP=0.079 ISP-L=0.003 ISP-F=0.006 MW-L=0.006 MW-F=0.005]
  Mini-Benders[2] (mw): LB=8.909410, Z₀(α*)=-32.639602, intercept=-77.605871 (0.088s) [OMP=0.070 ISP-L=0.003 ISP-F=0.006 MW-L=0.006 MW-F=0.005]
  Mini-Benders[3] (mw): LB=8.909410, Z₀(α*)=-32.639602, intercept=-77.605871 (0.106s) [OMP=0.070 ISP-L=0.003 ISP-F=0.006 MW-L=0.006 MW-F=0.009]
  Mini-Benders[4]: LB stagnated, break
  α-step: Z₀=16.779017, α=[0.000,0.000,0.000,0.000,0.000,0.000,0.000,0.000,0.000,0.000,6.636,0.000,0.000,0.000,3.545,0.000,0.000,0.000,0.000,0.000,0.000,0.000,0.000,0.000,0.000,0.283,0.350,0.000,0.000,0.000]
  Alt-Benders[1] (mw): LB=8.917551, Z₀(α*)=16.822733, intercept=-56.268514 (0.101s) [OMP=0.095 ISP-L=0.003 ISP-F=0.006 MW-L=0.005 MW-F=0.005]
  Alt-Benders[2] (mw): LB=9.010174, Z₀(α*)=-28.601454, intercept=-65.578493 (0.122s) [OMP=0.086 ISP-L=0.003 ISP-F=0.006 MW-L=0.006 MW-F=0.009]
  Alt-Benders[3] (mw): LB=9.010174, Z₀(α*)=-28.601454, intercept=-65.578493 (0.071s) [OMP=0.046 ISP-L=0.003 ISP-F=0.006 MW-L=0.006 MW-F=0.005]
  Alt-Benders[4] (mw): LB=9.010174, Z₀(α*)=-28.601454, intercept=-65.578493 (0.066s) [OMP=0.046 ISP-L=0.003 ISP-F=0.006 MW-L=0.006 MW-F=0.005]
  Alt-Benders[5]: LB stagnated, break
  OMP re-solve: 0.000s

=== True-DRO Benders iter 12 ===
  OMP: t₀=9.010174, UB=11.910460, gap=2.44e-01, x=[0, 0, 0, 0, 0, 0, 0, 0, 0, 0, 0, 0, 0, 0, 0, 0, 0, 1, 0, 0, 0, 0, 0, 0, 0, 0, 0, 1, 0, 0] (0.000s)
  Sub: Z₀=16.814894 [LOCAL] (0.1s), α=[0.000,0.000,0.000,0.000,0.000,0.000,0.000,0.000,0.000,0.000,0.000,0.000,0.000,0.000,0.000,0.000,0.000,0.000,0.000,0.000,0.000,0.000,0.000,0.000,0.000,2.761,0.000,8.054,0.000,0.000]
  Iter 12: LB=9.010174  UB=11.910460  gap=2.44e-01
  Cut: intercept=-1112.146275, π_x_range=[-829.0727, 566.8596]
  Mini-Benders[1] (mw): LB=9.706348, Z₀(α*)=10.698010, intercept=-66.677970 (0.119s) [OMP=0.090 ISP-L=0.003 ISP-F=0.006 MW-L=0.005 MW-F=0.005]
  Mini-Benders[2] (mw): LB=9.752159, Z₀(α*)=-32.151571, intercept=-77.536475 (0.087s) [OMP=0.066 ISP-L=0.003 ISP-F=0.006 MW-L=0.006 MW-F=0.005]
  Mini-Benders[3] (mw): LB=9.752159, Z₀(α*)=-32.151571, intercept=-77.536475 (0.083s) [OMP=0.058 ISP-L=0.003 ISP-F=0.006 MW-L=0.006 MW-F=0.009]
  Mini-Benders[4] (mw): LB=9.752159, Z₀(α*)=-32.151571, intercept=-77.536475 (0.077s) [OMP=0.056 ISP-L=0.003 ISP-F=0.006 MW-L=0.006 MW-F=0.005]
  Mini-Benders[5]: LB stagnated, break
  α-step: Z₀=15.565975, α=[0.000,0.000,0.000,0.000,0.000,0.000,0.000,0.000,0.000,0.000,0.000,0.000,0.000,0.000,1.520,0.000,0.000,1.955,0.000,5.049,0.000,0.000,0.000,0.000,0.000,1.376,0.914,0.000,0.000,0.000]
  Alt-Benders[1] (mw): LB=9.805334, Z₀(α*)=-20.789917, intercept=-144.254322 (0.100s) [OMP=0.093 ISP-L=0.003 ISP-F=0.006 MW-L=0.006 MW-F=0.005]
  Alt-Benders[2] (mw): LB=9.805334, Z₀(α*)=-20.789917, intercept=-144.254322 (0.095s) [OMP=0.056 ISP-L=0.003 ISP-F=0.006 MW-L=0.010 MW-F=0.005]
  Alt-Benders[3] (mw): LB=9.805334, Z₀(α*)=-20.789917, intercept=-144.254322 (0.076s) [OMP=0.056 ISP-L=0.003 ISP-F=0.006 MW-L=0.006 MW-F=0.005]
  Alt-Benders[4]: LB stagnated, break
  OMP re-solve: 0.000s

=== True-DRO Benders iter 13 ===
  OMP: t₀=9.805334, UB=11.910460, gap=1.77e-01, x=[0, 0, 0, 0, 0, 0, 0, 1, 0, 0, 1, 0, 0, 0, 0, 0, 0, 0, 0, 0, 0, 0, 0, 0, 0, 0, 0, 0, 0, 0] (0.000s)
  Sub: Z₀=15.556076 [LOCAL] (0.1s), α=[0.000,0.000,0.000,0.000,0.000,0.000,0.000,0.975,0.000,0.000,6.353,0.000,0.000,0.000,3.478,0.000,0.000,0.000,0.000,0.009,0.000,0.000,0.000,0.000,0.000,0.000,0.000,0.000,0.000,0.000]
  Iter 13: LB=9.805334  UB=11.910460  gap=1.77e-01
  Cut: intercept=-1086.790011, π_x_range=[-818.3034, 563.3421]
  Mini-Benders[1] (mw): LB=9.809641, Z₀(α*)=-30.341633, intercept=-48.036064 (0.106s) [OMP=0.082 ISP-L=0.003 ISP-F=0.006 MW-L=0.010 MW-F=0.005]
  Mini-Benders[2] (mw): LB=9.809641, Z₀(α*)=-30.341633, intercept=-48.036064 (0.080s) [OMP=0.051 ISP-L=0.003 ISP-F=0.006 MW-L=0.006 MW-F=0.005]
  Mini-Benders[3] (mw): LB=9.809641, Z₀(α*)=-30.341633, intercept=-48.036064 (0.072s) [OMP=0.051 ISP-L=0.003 ISP-F=0.006 MW-L=0.006 MW-F=0.005]
  Mini-Benders[4]: LB stagnated, break
  α-step: Z₀=13.658422, α=[0.000,0.000,0.000,0.000,0.000,0.000,0.000,0.000,0.000,0.000,0.000,0.000,0.000,0.000,0.000,0.000,0.000,0.000,0.000,1.238,0.000,0.000,0.000,0.000,0.000,2.714,6.862,0.000,0.000,0.000]
  Alt-Benders[1] (mw): LB=10.066568, Z₀(α*)=9.558597, intercept=-36.808088 (0.122s) [OMP=0.108 ISP-L=0.003 ISP-F=0.006 MW-L=0.006 MW-F=0.005]
  Alt-Benders[2] (mw): LB=10.066568, Z₀(α*)=9.558597, intercept=-36.808088 (0.081s) [OMP=0.055 ISP-L=0.003 ISP-F=0.007 MW-L=0.006 MW-F=0.005]
  Alt-Benders[3] (mw): LB=10.066568, Z₀(α*)=9.558597, intercept=-36.808088 (0.079s) [OMP=0.053 ISP-L=0.003 ISP-F=0.006 MW-L=0.010 MW-F=0.005]
  Alt-Benders[4]: LB stagnated, break
  OMP re-solve: 0.000s

=== True-DRO Benders iter 14 ===
  OMP: t₀=10.066568, UB=11.910460, gap=1.55e-01, x=[0, 0, 0, 0, 0, 0, 0, 0, 0, 0, 0, 0, 0, 0, 0, 0, 0, 1, 0, 0, 0, 0, 0, 0, 0, 0, 1, 0, 0, 0] (0.000s)
  Sub: Z₀=17.352772 [LOCAL] (0.1s), α=[0.000,0.000,0.000,0.000,0.000,0.000,0.000,0.000,0.000,0.000,0.000,0.000,0.000,0.000,0.000,0.000,0.000,0.000,0.000,0.000,0.000,0.000,0.000,0.000,0.000,2.130,7.924,0.760,0.000,0.000]
  Iter 14: LB=10.066568  UB=11.910460  gap=1.55e-01
  Cut: intercept=-1105.027628, π_x_range=[-828.5715, 563.8682]
  Mini-Benders[1] (mw): LB=10.097939, Z₀(α*)=14.318511, intercept=-46.678127 (0.102s) [OMP=0.095 ISP-L=0.003 ISP-F=0.006 MW-L=0.006 MW-F=0.005]
  Mini-Benders[2] (mw): LB=10.360728, Z₀(α*)=15.981265, intercept=-21.266758 (0.122s) [OMP=0.085 ISP-L=0.003 ISP-F=0.006 MW-L=0.005 MW-F=0.008]
  Mini-Benders[3] (mw): LB=10.402067, Z₀(α*)=-30.525831, intercept=-82.231043 (0.104s) [OMP=0.093 ISP-L=0.003 ISP-F=0.006 MW-L=0.005 MW-F=0.005]
  Mini-Benders[4] (mw): LB=10.402067, Z₀(α*)=-30.525831, intercept=-82.231043 (0.088s) [OMP=0.056 ISP-L=0.003 ISP-F=0.006 MW-L=0.006 MW-F=0.005]
  Mini-Benders[5] (mw): LB=10.402067, Z₀(α*)=-30.525831, intercept=-82.231043 (0.079s) [OMP=0.055 ISP-L=0.003 ISP-F=0.006 MW-L=0.005 MW-F=0.009]
  α-step: Z₀=15.346123, α=[0.000,0.000,0.000,0.000,0.000,0.000,0.000,0.000,0.000,0.000,6.402,0.000,0.000,0.000,1.520,0.000,0.000,0.000,0.000,2.843,0.000,0.000,0.000,0.000,0.000,0.049,0.000,0.000,0.000,0.000]
  Alt-Benders[1] (mw): LB=10.614154, Z₀(α*)=-35.627864, intercept=-51.145522 (0.109s) [OMP=0.091 ISP-L=0.003 ISP-F=0.007 MW-L=0.005 MW-F=0.005]
  Alt-Benders[2] (mw): LB=10.614154, Z₀(α*)=-35.627864, intercept=-51.145522 (0.093s) [OMP=0.064 ISP-L=0.003 ISP-F=0.007 MW-L=0.005 MW-F=0.009]
  Alt-Benders[3] (mw): LB=10.614154, Z₀(α*)=-35.627864, intercept=-51.145522 (0.084s) [OMP=0.063 ISP-L=0.003 ISP-F=0.007 MW-L=0.005 MW-F=0.005]
  Alt-Benders[4]: LB stagnated, break
  OMP re-solve: 0.000s

=== True-DRO Benders iter 15 ===
  OMP: t₀=10.614154, UB=11.910460, gap=1.09e-01, x=[0, 0, 0, 0, 0, 0, 0, 0, 0, 0, 0, 0, 0, 0, 1, 0, 0, 0, 0, 0, 0, 0, 0, 0, 0, 0, 1, 0, 0, 0] (0.000s)
  Sub: Z₀=15.317307 (14.0s), α=[0.000,0.000,0.000,0.000,0.000,0.000,0.000,0.000,0.000,0.000,0.000,0.000,0.000,0.000,3.937,0.000,0.000,0.000,0.000,0.000,0.000,0.000,0.000,0.000,0.000,1.365,5.512,0.000,0.000,0.000]
  Iter 15: LB=10.614154  UB=11.910460  gap=1.09e-01
  Cut: intercept=-35.525690, π_x_range=[-247.0000, 35.0672]
  Sherali-Cut: intercept=-33.646335, π_x_range=[-81.6548, 33.5608]
  Mini-Benders[1] (mw): LB=10.624154, Z₀(α*)=-0.072889, intercept=-40.637464 (0.104s) [OMP=0.093 ISP-L=0.003 ISP-F=0.006 MW-L=0.006 MW-F=0.006]
  Mini-Benders[2] (mw): LB=10.624154, Z₀(α*)=-0.072889, intercept=-40.637464 (0.094s) [OMP=0.057 ISP-L=0.003 ISP-F=0.006 MW-L=0.006 MW-F=0.009]
  Mini-Benders[3] (mw): LB=10.624154, Z₀(α*)=-0.072889, intercept=-40.637464 (0.076s) [OMP=0.055 ISP-L=0.003 ISP-F=0.006 MW-L=0.006 MW-F=0.006]
  Mini-Benders[4]: LB stagnated, break
  α-step: Z₀=15.478230, α=[0.000,0.000,0.000,0.000,0.000,0.000,0.714,0.000,0.000,0.000,0.000,0.000,0.000,0.000,0.000,0.000,0.000,0.000,0.000,0.000,0.000,0.000,0.000,0.000,0.000,3.107,6.994,0.000,0.000,0.000]
  Alt-Benders[1] (mw): LB=10.634154, Z₀(α*)=13.268618, intercept=-19.586926 (0.115s) [OMP=0.096 ISP-L=0.003 ISP-F=0.007 MW-L=0.006 MW-F=0.009]
  Alt-Benders[2] (mw): LB=10.634154, Z₀(α*)=11.629778, intercept=-16.106675 (0.122s) [OMP=0.099 ISP-L=0.003 ISP-F=0.007 MW-L=0.006 MW-F=0.005]
  Alt-Benders[3] (mw): LB=10.634154, Z₀(α*)=-4.420425, intercept=-68.332920 (0.093s) [OMP=0.067 ISP-L=0.003 ISP-F=0.007 MW-L=0.006 MW-F=0.005]
  Alt-Benders[4]: LB stagnated, break
  OMP re-solve: 0.000s

=== True-DRO Benders iter 16 ===
  OMP: t₀=10.634154, UB=11.910460, gap=1.07e-01, x=[0, 0, 0, 0, 0, 0, 0, 0, 0, 0, 0, 0, 0, 0, 0, 0, 0, 0, 0, 0, 0, 0, 0, 0, 0, 1, 1, 0, 0, 0] (0.000s)
  Sub: Z₀=11.688138 [LOCAL] (0.1s), α=[0.000,0.000,0.000,0.000,0.000,0.000,0.000,0.000,0.000,0.000,0.000,0.000,0.000,0.000,1.520,0.000,0.000,0.000,0.000,0.000,0.000,0.000,0.000,0.000,0.000,6.357,2.836,0.103,0.000,0.000]
  Iter 16: LB=10.634154  UB=11.910460  gap=1.07e-01
  Cut: intercept=-1135.188933, π_x_range=[-828.2541, 580.4745]
  Mini-Benders[1] (mw): LB=10.688955, Z₀(α*)=-5.571669, intercept=-74.674199 (0.082s) [OMP=0.057 ISP-L=0.003 ISP-F=0.006 MW-L=0.010 MW-F=0.005]
  Mini-Benders[2] (mw): LB=10.688955, Z₀(α*)=-5.571669, intercept=-74.674199 (0.075s) [OMP=0.054 ISP-L=0.003 ISP-F=0.006 MW-L=0.006 MW-F=0.005]
  Mini-Benders[3] (mw): LB=10.688955, Z₀(α*)=-5.571669, intercept=-74.674199 (0.074s) [OMP=0.053 ISP-L=0.003 ISP-F=0.006 MW-L=0.006 MW-F=0.005]
  Mini-Benders[4]: LB stagnated, break
  α-step: Z₀=16.426048, α=[0.000,0.000,0.000,0.000,0.000,0.000,0.000,0.000,0.000,0.000,0.000,0.000,0.000,0.000,1.520,0.000,0.000,0.257,0.000,0.000,0.000,0.000,5.615,0.000,0.000,1.942,1.480,0.000,0.000,0.000]
  Alt-Benders[1] (mw): LB=10.698008, Z₀(α*)=-10.587847, intercept=-69.286641 (0.116s) [OMP=0.109 ISP-L=0.003 ISP-F=0.006 MW-L=0.006 MW-F=0.005]
  Alt-Benders[2] (mw): LB=10.698008, Z₀(α*)=-10.587847, intercept=-69.286641 (0.093s) [OMP=0.057 ISP-L=0.003 ISP-F=0.007 MW-L=0.006 MW-F=0.005]
  Alt-Benders[3] (mw): LB=10.698008, Z₀(α*)=-10.587847, intercept=-69.286641 (0.081s) [OMP=0.055 ISP-L=0.003 ISP-F=0.006 MW-L=0.010 MW-F=0.005]
  Alt-Benders[4]: LB stagnated, break
  OMP re-solve: 0.000s

=== True-DRO Benders iter 17 ===
  OMP: t₀=10.698008, UB=11.910460, gap=1.02e-01, x=[0, 0, 0, 0, 0, 0, 0, 1, 0, 0, 0, 0, 0, 0, 0, 0, 0, 0, 0, 0, 0, 0, 0, 0, 0, 0, 1, 0, 0, 0] (0.000s)
  Sub: Z₀=14.350477 [LOCAL] (0.1s), α=[0.000,0.000,0.000,0.000,0.000,0.000,0.000,3.384,0.000,0.000,0.000,0.000,0.000,0.000,0.832,0.000,0.000,0.000,0.000,0.047,0.000,0.000,0.000,0.000,0.000,1.202,4.158,1.191,0.000,0.000]
  Iter 17: LB=10.698008  UB=11.910460  gap=1.02e-01
  Cut: intercept=-1100.040599, π_x_range=[-829.2198, 559.3437]
  Mini-Benders[1] (mw): LB=10.750399, Z₀(α*)=-38.088394, intercept=-44.504940 (0.103s) [OMP=0.092 ISP-L=0.003 ISP-F=0.006 MW-L=0.005 MW-F=0.005]
  Mini-Benders[2] (mw): LB=10.750399, Z₀(α*)=-38.088394, intercept=-44.504940 (0.082s) [OMP=0.051 ISP-L=0.003 ISP-F=0.006 MW-L=0.009 MW-F=0.005]
  Mini-Benders[3] (mw): LB=10.750399, Z₀(α*)=-38.088394, intercept=-44.504940 (0.071s) [OMP=0.051 ISP-L=0.002 ISP-F=0.006 MW-L=0.005 MW-F=0.005]
  Mini-Benders[4]: LB stagnated, break
  α-step: Z₀=14.035374, α=[0.000,0.000,0.000,0.000,8.164,0.000,0.000,0.000,0.000,0.000,0.000,0.000,0.000,0.000,1.520,0.000,0.000,0.000,0.000,0.000,0.000,0.000,0.000,0.000,0.000,1.131,0.000,0.000,0.000,0.000]
  Alt-Benders[1] (mw): LB=11.235566, Z₀(α*)=-33.729422, intercept=-24.528625 (0.115s) [OMP=0.092 ISP-L=0.003 ISP-F=0.007 MW-L=0.006 MW-F=0.009]
  Alt-Benders[2] (mw): LB=11.235566, Z₀(α*)=-33.729422, intercept=-24.528625 (0.084s) [OMP=0.059 ISP-L=0.003 ISP-F=0.007 MW-L=0.006 MW-F=0.005]
  Alt-Benders[3] (mw): LB=11.235566, Z₀(α*)=-33.729422, intercept=-24.528625 (0.081s) [OMP=0.059 ISP-L=0.003 ISP-F=0.007 MW-L=0.006 MW-F=0.005]
  Alt-Benders[4]: LB stagnated, break
  OMP re-solve: 0.000s

=== True-DRO Benders iter 18 ===
  OMP: t₀=11.235566, UB=11.910460, gap=5.67e-02, x=[0, 0, 0, 0, 0, 0, 0, 0, 1, 0, 0, 0, 0, 0, 0, 0, 0, 0, 0, 0, 0, 0, 0, 0, 0, 0, 1, 0, 0, 0] (0.000s)
  Sub: Z₀=17.352772 [LOCAL] (0.1s), α=[0.000,0.000,0.000,0.000,0.000,0.000,0.000,0.000,0.000,0.000,0.000,0.000,0.000,0.000,0.000,0.000,0.000,0.000,0.000,0.000,0.000,0.000,0.000,0.000,0.000,2.130,7.990,0.694,0.000,0.000]
  Iter 18: LB=11.235566  UB=11.910460  gap=5.67e-02
  Cut: intercept=-1128.354347, π_x_range=[-830.5224, 586.9588]
  Mini-Benders[1] (mw): LB=11.412232, Z₀(α*)=-12.691022, intercept=-21.683412 (0.105s) [OMP=0.096 ISP-L=0.003 ISP-F=0.007 MW-L=0.005 MW-F=0.005]
  Mini-Benders[2] (mw): LB=11.412232, Z₀(α*)=-12.691022, intercept=-21.683412 (0.082s) [OMP=0.050 ISP-L=0.003 ISP-F=0.007 MW-L=0.005 MW-F=0.005]
  Mini-Benders[3] (mw): LB=11.412232, Z₀(α*)=-12.691022, intercept=-21.683412 (0.075s) [OMP=0.051 ISP-L=0.003 ISP-F=0.007 MW-L=0.005 MW-F=0.009]
  Mini-Benders[4]: LB stagnated, break
  α-step: Z₀=18.354285, α=[0.000,0.000,0.000,0.000,0.000,0.000,0.000,3.855,0.000,0.000,0.000,0.000,0.000,0.000,1.256,0.000,0.000,0.000,0.000,0.000,0.000,0.000,0.000,0.000,0.000,4.849,0.853,0.000,0.000,0.000]
  Alt-Benders[1] (mw): LB=11.412232, Z₀(α*)=5.466045, intercept=-62.476724 (0.111s) [OMP=0.093 ISP-L=0.003 ISP-F=0.006 MW-L=0.005 MW-F=0.006]
  Alt-Benders[2] (mw): LB=11.412232, Z₀(α*)=5.466045, intercept=-62.476724 (0.075s) [OMP=0.051 ISP-L=0.003 ISP-F=0.006 MW-L=0.005 MW-F=0.006]
  Alt-Benders[3] (mw): LB=11.412232, Z₀(α*)=5.466045, intercept=-62.476724 (0.077s) [OMP=0.052 ISP-L=0.003 ISP-F=0.006 MW-L=0.010 MW-F=0.006]
  Alt-Benders[4]: LB stagnated, break
  OMP re-solve: 0.000s

=== True-DRO Benders iter 19 ===
  OMP: t₀=11.412232, UB=11.910460, gap=4.18e-02, x=[0, 0, 0, 0, 0, 0, 0, 1, 0, 0, 0, 0, 0, 0, 1, 0, 0, 0, 0, 0, 0, 0, 0, 0, 0, 0, 0, 0, 0, 0] (0.000s)
  Sub: Z₀=17.181112 [LOCAL] (0.1s), α=[0.000,0.000,0.000,0.000,0.000,0.000,0.000,3.002,0.000,0.000,0.000,0.000,0.000,0.000,5.458,0.000,0.000,0.000,0.000,0.000,0.000,0.000,0.000,0.000,0.000,2.355,0.000,0.000,0.000,0.000]
  Iter 19: LB=11.412232  UB=11.910460  gap=4.18e-02
  Cut: intercept=-1135.525305, π_x_range=[-830.0786, 588.4283]
  Mini-Benders[1] (mw): LB=11.479228, Z₀(α*)=-26.230774, intercept=-18.539382 (0.113s) [OMP=0.103 ISP-L=0.003 ISP-F=0.007 MW-L=0.006 MW-F=0.005]
  Mini-Benders[2] (mw): LB=11.479228, Z₀(α*)=-26.230774, intercept=-18.539382 (0.095s) [OMP=0.058 ISP-L=0.003 ISP-F=0.007 MW-L=0.010 MW-F=0.005]
  Mini-Benders[3] (mw): LB=11.479228, Z₀(α*)=-26.230774, intercept=-18.539382 (0.079s) [OMP=0.057 ISP-L=0.003 ISP-F=0.007 MW-L=0.006 MW-F=0.005]
  Mini-Benders[4]: LB stagnated, break
  α-step: Z₀=14.177741, α=[0.000,0.000,0.000,0.000,0.000,0.000,0.000,0.000,0.000,0.000,0.000,0.000,0.000,0.000,0.000,0.000,0.000,0.000,0.000,0.000,0.000,0.000,0.000,0.000,0.000,2.130,8.684,0.000,0.000,0.000]
  Alt-Benders[1] (mw): LB=11.532678, Z₀(α*)=7.770376, intercept=-44.990485 (0.129s) [OMP=0.110 ISP-L=0.003 ISP-F=0.006 MW-L=0.009 MW-F=0.005]
  Alt-Benders[2] (mw): LB=11.532678, Z₀(α*)=7.770376, intercept=-44.990485 (0.076s) [OMP=0.051 ISP-L=0.003 ISP-F=0.006 MW-L=0.006 MW-F=0.005]
  Alt-Benders[3] (mw): LB=11.532678, Z₀(α*)=7.770376, intercept=-44.990485 (0.072s) [OMP=0.052 ISP-L=0.002 ISP-F=0.006 MW-L=0.006 MW-F=0.005]
  Alt-Benders[4]: LB stagnated, break
  OMP re-solve: 0.000s

=== True-DRO Benders iter 20 ===
  OMP: t₀=11.532678, UB=11.910460, gap=3.17e-02, x=[0, 0, 0, 0, 0, 0, 1, 0, 0, 0, 0, 0, 0, 0, 0, 0, 0, 0, 0, 0, 0, 0, 0, 0, 0, 0, 0, 1, 0, 0] (0.000s)
  Sub: Z₀=15.397074 (9.0s), α=[0.000,0.000,0.000,0.000,0.000,0.000,2.312,0.000,0.000,0.000,0.000,0.000,0.000,0.000,0.000,0.000,0.000,0.000,0.000,0.000,0.000,0.000,0.000,0.000,0.000,6.997,0.197,1.308,0.000,0.000]
  Iter 20: LB=11.532678  UB=11.910460  gap=3.17e-02
  Cut: intercept=-46.190455, π_x_range=[-235.3688, 37.3705]
  Sherali-Cut: intercept=-43.948712, π_x_range=[-93.1219, 35.4405]
  Mini-Benders[1] (mw): LB=11.608121, Z₀(α*)=-4.845652, intercept=-31.711537 (0.123s) [OMP=0.090 ISP-L=0.003 ISP-F=0.007 MW-L=0.008 MW-F=0.005]
  Mini-Benders[2] (mw): LB=11.608121, Z₀(α*)=-4.845652, intercept=-31.711537 (0.078s) [OMP=0.055 ISP-L=0.003 ISP-F=0.007 MW-L=0.006 MW-F=0.005]
  Mini-Benders[3] (mw): LB=11.608121, Z₀(α*)=-4.845652, intercept=-31.711537 (0.076s) [OMP=0.055 ISP-L=0.003 ISP-F=0.007 MW-L=0.006 MW-F=0.005]
  Mini-Benders[4]: LB stagnated, break
  α-step: Z₀=16.135895, α=[0.000,0.000,0.000,0.000,0.000,0.000,0.000,0.000,0.000,0.000,0.000,0.000,0.000,0.000,4.826,0.000,0.000,0.000,0.000,0.000,0.000,0.000,0.000,0.000,0.000,3.295,0.000,2.694,0.000,0.000]
  Alt-Benders[1] (mw): LB=11.628121, Z₀(α*)=12.597566, intercept=-18.205033 (0.119s) [OMP=0.112 ISP-L=0.003 ISP-F=0.007 MW-L=0.006 MW-F=0.005]
  Alt-Benders[2] (mw): LB=11.629776, Z₀(α*)=-1.695815, intercept=-16.363767 (0.138s) [OMP=0.114 ISP-L=0.003 ISP-F=0.006 MW-L=0.006 MW-F=0.005]
  Alt-Benders[3] (mw): LB=11.629776, Z₀(α*)=-1.695815, intercept=-16.363767 (0.100s) [OMP=0.061 ISP-L=0.003 ISP-F=0.007 MW-L=0.006 MW-F=0.009]
  Alt-Benders[4] (mw): LB=11.629776, Z₀(α*)=-1.695815, intercept=-16.363767 (0.081s) [OMP=0.059 ISP-L=0.003 ISP-F=0.007 MW-L=0.006 MW-F=0.005]
  Alt-Benders[5]: LB stagnated, break
  OMP re-solve: 0.000s

=== True-DRO Benders iter 21 ===
  OMP: t₀=11.629776, UB=11.910460, gap=2.36e-02, x=[0, 0, 0, 1, 0, 0, 0, 0, 0, 0, 0, 0, 0, 0, 0, 0, 0, 0, 0, 0, 0, 0, 0, 0, 0, 0, 1, 0, 0, 0] (0.000s)
  Sub: Z₀=17.352772 [LOCAL] (0.1s), α=[0.000,0.000,0.000,0.000,0.000,0.000,0.000,0.000,0.000,0.000,0.000,0.000,0.000,0.000,0.000,0.000,0.000,0.000,0.000,0.000,0.000,0.000,0.000,0.000,0.000,2.130,8.367,0.317,0.000,0.000]
  Iter 21: LB=11.629776  UB=11.910460  gap=2.36e-02
  Cut: intercept=-1111.109906, π_x_range=[-828.6353, 568.9309]
  Mini-Benders[1] (mw): LB=11.636303, Z₀(α*)=-38.658535, intercept=-48.269936 (0.106s) [OMP=0.097 ISP-L=0.002 ISP-F=0.006 MW-L=0.005 MW-F=0.009]
  Mini-Benders[2] (mw): LB=11.636303, Z₀(α*)=-38.658535, intercept=-48.269936 (0.087s) [OMP=0.052 ISP-L=0.002 ISP-F=0.006 MW-L=0.005 MW-F=0.005]
  Mini-Benders[3] (mw): LB=11.636303, Z₀(α*)=-38.658535, intercept=-48.269936 (0.071s) [OMP=0.055 ISP-L=0.003 ISP-F=0.006 MW-L=0.005 MW-F=0.005]
  Mini-Benders[4]: LB stagnated, break
  α-step: Z₀=13.969604, α=[0.000,0.000,0.000,0.000,8.164,0.000,0.000,0.000,0.000,0.000,0.000,0.000,0.000,0.000,1.520,0.000,0.000,0.000,0.000,0.000,0.000,0.000,0.000,0.000,0.000,1.131,0.000,0.000,0.000,0.000]
  Alt-Benders[1] (mw): LB=11.678694, Z₀(α*)=-5.009358, intercept=-151.033035 (0.112s) [OMP=0.095 ISP-L=0.003 ISP-F=0.006 MW-L=0.005 MW-F=0.005]
  Alt-Benders[2] (mw): LB=11.678694, Z₀(α*)=-5.009358, intercept=-151.033035 (0.086s) [OMP=0.062 ISP-L=0.003 ISP-F=0.006 MW-L=0.006 MW-F=0.005]
  Alt-Benders[3] (mw): LB=11.678694, Z₀(α*)=-5.009358, intercept=-151.033035 (0.083s) [OMP=0.062 ISP-L=0.003 ISP-F=0.006 MW-L=0.006 MW-F=0.005]
  Alt-Benders[4]: LB stagnated, break
  OMP re-solve: 0.000s

=== True-DRO Benders iter 22 ===
  OMP: t₀=11.678694, UB=11.910460, gap=1.95e-02, x=[0, 0, 0, 0, 1, 0, 0, 0, 0, 0, 1, 0, 0, 0, 0, 0, 0, 0, 0, 0, 0, 0, 0, 0, 0, 0, 0, 0, 0, 0] (0.000s)
  Sub: Z₀=11.640077 [LOCAL] (0.1s), α=[0.000,0.000,0.000,0.000,4.931,0.000,0.000,0.000,0.000,0.000,4.364,0.000,0.000,0.000,1.520,0.000,0.000,0.000,0.000,0.000,0.000,0.000,0.000,0.000,0.000,0.000,0.000,0.000,0.000,0.000]
  Iter 22: LB=11.678694  UB=11.910460  gap=1.95e-02
  Cut: intercept=-1093.979163, π_x_range=[-820.3854, 568.4577]
  Mini-Benders[1] (mw): LB=11.678694, Z₀(α*)=11.910460, intercept=-151.738336 (0.095s) [OMP=0.061 ISP-L=0.003 ISP-F=0.006 MW-L=0.006 MW-F=0.005]
  Mini-Benders[2] (mw): LB=11.688138, Z₀(α*)=-44.497884, intercept=-73.304942 (0.097s) [OMP=0.077 ISP-L=0.003 ISP-F=0.006 MW-L=0.006 MW-F=0.005]
  Mini-Benders[3] (mw): LB=11.688138, Z₀(α*)=-44.497884, intercept=-73.304942 (0.088s) [OMP=0.065 ISP-L=0.003 ISP-F=0.006 MW-L=0.010 MW-F=0.005]
  Mini-Benders[4] (mw): LB=11.688138, Z₀(α*)=-44.497884, intercept=-73.304942 (0.088s) [OMP=0.063 ISP-L=0.003 ISP-F=0.006 MW-L=0.006 MW-F=0.005]
  Mini-Benders[5]: LB stagnated, break
  α-step: Z₀=11.629393, α=[0.000,0.000,0.000,0.000,0.000,0.000,0.000,0.000,0.000,0.000,0.000,0.000,0.000,0.000,1.520,0.000,0.000,0.000,0.000,0.000,0.000,0.000,0.000,0.000,0.000,6.357,2.938,0.000,0.000,0.000]
  Alt-Benders[1] (mw): LB=11.688138, Z₀(α*)=11.688140, intercept=-70.265009 (0.091s) [OMP=0.065 ISP-L=0.003 ISP-F=0.007 MW-L=0.010 MW-F=0.005]
  Alt-Benders[2] (mw): LB=11.688138, Z₀(α*)=11.688140, intercept=-70.265009 (0.075s) [OMP=0.053 ISP-L=0.003 ISP-F=0.007 MW-L=0.007 MW-F=0.005]
  Alt-Benders[3] (mw): LB=11.688138, Z₀(α*)=11.688140, intercept=-70.265009 (0.075s) [OMP=0.053 ISP-L=0.003 ISP-F=0.007 MW-L=0.006 MW-F=0.005]
  Alt-Benders[4]: LB stagnated, break
  OMP re-solve: 0.000s

=== True-DRO Benders iter 23 ===
  OMP: t₀=11.688138, UB=11.910460, gap=1.87e-02, x=[0, 0, 0, 0, 0, 0, 0, 0, 0, 0, 0, 0, 0, 0, 0, 0, 0, 0, 0, 0, 0, 0, 0, 0, 0, 1, 1, 0, 0, 0] (0.000s)
  Sub: Z₀=11.688138 [LOCAL] (0.1s), α=[0.000,0.000,0.000,0.000,0.000,0.000,0.000,0.000,0.000,0.000,0.000,0.000,0.000,0.000,1.520,0.000,0.000,0.000,0.000,0.000,0.000,0.000,0.000,0.000,0.000,6.357,2.836,0.103,0.000,0.000]
  Iter 23: LB=11.688138  UB=11.910460  gap=1.87e-02
  Cut: intercept=-1135.188933, π_x_range=[-828.2541, 580.4745]
  Mini-Benders[1] (mw): LB=11.688138, Z₀(α*)=11.688140, intercept=-70.265009 (0.085s) [OMP=0.052 ISP-L=0.003 ISP-F=0.007 MW-L=0.006 MW-F=0.005]
  Mini-Benders[2] (mw): LB=11.688137, Z₀(α*)=11.688140, intercept=-70.265009 (0.083s) [OMP=0.061 ISP-L=0.003 ISP-F=0.007 MW-L=0.006 MW-F=0.005]
  Mini-Benders[3]: LB stagnated, break
  α-step: Z₀=11.688140, α=[0.000,0.000,0.000,0.000,0.000,0.000,0.000,0.000,0.000,0.000,0.000,0.000,0.000,0.000,1.520,0.000,0.000,0.000,0.000,0.000,0.000,0.000,0.000,0.000,0.000,6.357,2.938,0.000,0.000,0.000]
  Alt-Benders[1] (mw): LB=11.688137, Z₀(α*)=11.688140, intercept=-70.265009 (0.084s) [OMP=0.062 ISP-L=0.003 ISP-F=0.007 MW-L=0.006 MW-F=0.005]
  Alt-Benders[2] (mw): LB=11.688138, Z₀(α*)=11.688140, intercept=-70.265009 (0.088s) [OMP=0.066 ISP-L=0.003 ISP-F=0.007 MW-L=0.006 MW-F=0.005]
  Alt-Benders[3]: LB stagnated, break
  OMP re-solve: 0.000s

=== True-DRO Benders iter 24 ===
  OMP: t₀=11.688138, UB=11.910460, gap=1.87e-02, x=[0, 0, 0, 0, 0, 0, 0, 0, 0, 0, 0, 0, 0, 0, 0, 0, 0, 0, 0, 0, 0, 0, 0, 0, 0, 1, 1, 0, 0, 0] (0.000s)
  Sub: Z₀=11.688138 [LOCAL] (0.1s), α=[0.000,0.000,0.000,0.000,0.000,0.000,0.000,0.000,0.000,0.000,0.000,0.000,0.000,0.000,1.520,0.000,0.000,0.000,0.000,0.000,0.000,0.000,0.000,0.000,0.000,6.357,2.836,0.103,0.000,0.000]
  Iter 24: LB=11.688138  UB=11.910460  gap=1.87e-02
  Cut: intercept=-1135.188933, π_x_range=[-828.2541, 580.4745]
  Mini-Benders[1] (mw): LB=11.688138, Z₀(α*)=11.688140, intercept=-70.265009 (0.088s) [OMP=0.065 ISP-L=0.003 ISP-F=0.007 MW-L=0.006 MW-F=0.005]
  Mini-Benders[2] (mw): LB=11.688137, Z₀(α*)=11.688140, intercept=-70.265009 (0.089s) [OMP=0.066 ISP-L=0.003 ISP-F=0.007 MW-L=0.006 MW-F=0.005]
  Mini-Benders[3]: LB stagnated, break
  α-step: Z₀=11.688140, α=[0.000,0.000,0.000,0.000,0.000,0.000,0.000,0.000,0.000,0.000,0.000,0.000,0.000,0.000,1.520,0.000,0.000,0.000,0.000,0.000,0.000,0.000,0.000,0.000,0.000,6.357,2.938,0.000,0.000,0.000]
  Alt-Benders[1] (mw): LB=11.688137, Z₀(α*)=11.688140, intercept=-70.265009 (0.089s) [OMP=0.066 ISP-L=0.003 ISP-F=0.007 MW-L=0.006 MW-F=0.005]
  Alt-Benders[2] (mw): LB=11.688138, Z₀(α*)=11.688140, intercept=-70.265009 (0.087s) [OMP=0.066 ISP-L=0.003 ISP-F=0.007 MW-L=0.006 MW-F=0.005]
  Alt-Benders[3]: LB stagnated, break
  OMP re-solve: 0.000s

=== True-DRO Benders iter 25 ===
  OMP: t₀=11.688137, UB=11.910460, gap=1.87e-02, x=[0, 0, 0, 0, 0, 0, 0, 0, 0, 0, 0, 0, 0, 0, 0, 0, 0, 0, 0, 0, 0, 0, 0, 0, 0, 1, 1, 0, 0, 0] (0.000s)
  Sub: Z₀=11.688144 (12.3s), α=[0.000,0.000,0.000,0.000,0.000,0.000,0.000,0.000,0.000,0.000,0.000,0.000,0.000,0.000,1.520,0.000,0.000,0.000,0.000,0.000,0.000,0.000,0.000,0.000,0.000,6.357,0.009,2.929,0.000,0.000]
  Iter 25: LB=11.688137  UB=11.688144  gap=5.26e-07
True-DRO Benders converged at iter 25 (gap=5.26e-07)
  Wall time: 63.89 sec
  OMP  time: mean=0.046s, median=0.053s, max=0.114s
  Sub  time (exact): mean=7.698s, median=8.962s, q90=13.330s, max=14.015s (n=5/25)

Result (single_l): Z₀=11.688144, iters=25, time=63.9s
x arcs = [26, 27]
