============================================================
abilene — double: ε̂=0.20, ε̃=0.20, β=0.00
============================================================
Set parameter Username
Set parameter LicenseID to value 2742039
Academic license - for non-commercial use only - expires 2026-11-20
Set parameter Username
Set parameter LicenseID to value 2742039
Academic license - for non-commercial use only - expires 2026-11-20
Set parameter OutputFlag to value 1
Set parameter LogFile to value "global_miqcp.log"
Set parameter Username
Set parameter LicenseID to value 2742039
Academic license - for non-commercial use only - expires 2026-11-20
Set parameter Username
Set parameter LicenseID to value 2742039
Academic license - for non-commercial use only - expires 2026-11-20
Set parameter Username
Set parameter LicenseID to value 2742039
Academic license - for non-commercial use only - expires 2026-11-20
Set parameter Username
Set parameter LicenseID to value 2742039
Academic license - for non-commercial use only - expires 2026-11-20

=== True-DRO Benders iter 1 ===
  OMP: t₀=3.652761, UB=Inf, gap=NaN, x=[0, 0, 0, 0, 0, 0, 0, 0, 0, 0, 1, 0, 0, 0, 0, 0, 0, 0, 1, 0, 0, 0, 0, 0, 0, 0, 0, 0, 0, 0] (0.033s)
  Sub: Z₀=13.435520 [LOCAL] (0.1s), α=[0.000,0.000,0.000,0.000,0.000,0.000,0.000,0.000,0.000,0.000,10.391,0.000,0.000,0.000,0.424,0.000,0.000,0.000,0.000,0.000,0.000,0.000,0.000,0.000,0.000,0.000,0.000,0.000,0.000,0.000]
  Iter 1: LB=3.652761  UB=Inf  gap=NaN
  Cut: intercept=-1079.695491, π_x_range=[-816.4863, 553.5530]
  Mini-Benders[1] (mw): LB=4.239475, Z₀(α*)=-2.053406, intercept=-156.143159 (0.080s) [OMP=0.039 ISP-L=0.005 ISP-F=0.010 MW-L=0.006 MW-F=0.007]
  Mini-Benders[2] (mw): LB=4.239475, Z₀(α*)=-2.053406, intercept=-156.143159 (0.061s) [OMP=0.031 ISP-L=0.002 ISP-F=0.007 MW-L=0.013 MW-F=0.007]
  Mini-Benders[3] (mw): LB=4.239475, Z₀(α*)=-2.053406, intercept=-156.143159 (0.054s) [OMP=0.030 ISP-L=0.002 ISP-F=0.007 MW-L=0.006 MW-F=0.007]
  Mini-Benders[4]: LB stagnated, break
Set parameter NonConvex to value 2
Set parameter DualReductions to value 0
  α-step: Z₀=11.632054, α=[0.000,0.000,0.000,0.000,4.020,0.000,0.087,0.000,0.000,0.000,3.755,0.000,0.000,0.164,2.789,0.000,0.000,0.000,0.000,0.000,0.000,0.000,0.000,0.000,0.000,0.000,0.000,0.000,0.000,0.000]
  Alt-Benders[1] (mw): LB=4.611359, Z₀(α*)=-46.832317, intercept=-62.780662 (0.052s) [OMP=0.029 ISP-L=0.002 ISP-F=0.006 MW-L=0.006 MW-F=0.008]
  Alt-Benders[2] (mw): LB=4.611359, Z₀(α*)=-46.832317, intercept=-62.780662 (0.048s) [OMP=0.029 ISP-L=0.001 ISP-F=0.006 MW-L=0.003 MW-F=0.007]
  Alt-Benders[3] (mw): LB=4.611359, Z₀(α*)=-46.832317, intercept=-62.780662 (0.046s) [OMP=0.028 ISP-L=0.001 ISP-F=0.007 MW-L=0.003 MW-F=0.007]
  Alt-Benders[4]: LB stagnated, break
  OMP re-solve: 0.000s

=== True-DRO Benders iter 2 ===
  OMP: t₀=4.611359, UB=Inf, gap=NaN, x=[0, 0, 0, 0, 0, 0, 0, 1, 0, 0, 0, 0, 0, 0, 0, 0, 0, 0, 0, 1, 0, 0, 0, 0, 0, 0, 0, 0, 0, 0] (0.000s)
  Sub: Z₀=14.275030 [LOCAL] (0.2s), α=[0.000,0.000,0.000,0.000,0.000,0.000,0.000,4.072,0.000,0.000,0.000,0.000,0.000,0.000,0.000,0.000,0.000,0.000,0.000,5.718,0.000,0.000,0.000,0.000,0.000,1.025,0.000,0.000,0.000,0.000]
  Iter 2: LB=4.611359  UB=Inf  gap=NaN
  Cut: intercept=-1117.959142, π_x_range=[-828.3062, 568.0502]
  Mini-Benders[1] (mw): LB=5.015886, Z₀(α*)=-31.843095, intercept=-72.335630 (0.063s) [OMP=0.033 ISP-L=0.002 ISP-F=0.007 MW-L=0.005 MW-F=0.007]
  Mini-Benders[2] (mw): LB=5.015886, Z₀(α*)=-31.843095, intercept=-72.335629 (0.051s) [OMP=0.028 ISP-L=0.002 ISP-F=0.007 MW-L=0.005 MW-F=0.007]
  Mini-Benders[3] (mw): LB=5.015886, Z₀(α*)=-31.843095, intercept=-72.335629 (0.055s) [OMP=0.028 ISP-L=0.002 ISP-F=0.007 MW-L=0.009 MW-F=0.007]
  Mini-Benders[4]: LB stagnated, break
  α-step: Z₀=12.349043, α=[0.000,0.000,0.000,0.000,4.114,0.000,0.000,0.000,0.000,0.000,0.000,0.000,0.000,0.000,4.723,0.000,0.000,0.000,0.000,0.000,0.000,0.000,0.000,0.000,0.000,0.000,1.531,0.446,0.000,0.000]
  Alt-Benders[1] (mw): LB=5.232305, Z₀(α*)=-7.624539, intercept=-50.833321 (0.054s) [OMP=0.030 ISP-L=0.002 ISP-F=0.006 MW-L=0.006 MW-F=0.008]
  Alt-Benders[2] (mw): LB=5.232305, Z₀(α*)=-7.624539, intercept=-50.833321 (0.062s) [OMP=0.035 ISP-L=0.002 ISP-F=0.006 MW-L=0.006 MW-F=0.012]
  Alt-Benders[3] (mw): LB=5.232305, Z₀(α*)=-7.624539, intercept=-50.833321 (0.058s) [OMP=0.034 ISP-L=0.002 ISP-F=0.006 MW-L=0.006 MW-F=0.008]
  Alt-Benders[4]: LB stagnated, break
  OMP re-solve: 0.000s

=== True-DRO Benders iter 3 ===
  OMP: t₀=5.232305, UB=Inf, gap=NaN, x=[0, 0, 0, 0, 1, 0, 1, 0, 0, 0, 0, 0, 0, 0, 0, 0, 0, 0, 0, 0, 0, 0, 0, 0, 0, 0, 0, 0, 0, 0] (0.000s)
  Sub: Z₀=12.784418 [LOCAL] (0.1s), α=[0.000,0.000,0.000,0.000,7.103,0.000,2.977,0.000,0.000,0.000,0.000,0.000,0.000,0.000,0.665,0.000,0.000,0.000,0.000,0.000,0.000,0.000,0.000,0.000,0.000,0.070,0.000,0.000,0.000,0.000]
  Iter 3: LB=5.232305  UB=Inf  gap=NaN
  Cut: intercept=-1140.550784, π_x_range=[-829.5036, 585.6537]
  Mini-Benders[1] (mw): LB=5.303459, Z₀(α*)=2.307731, intercept=-63.274764 (0.067s) [OMP=0.035 ISP-L=0.003 ISP-F=0.007 MW-L=0.006 MW-F=0.011]
  Mini-Benders[2] (mw): LB=5.303459, Z₀(α*)=2.307731, intercept=-63.274764 (0.060s) [OMP=0.036 ISP-L=0.003 ISP-F=0.007 MW-L=0.006 MW-F=0.007]
  Mini-Benders[3] (mw): LB=5.303459, Z₀(α*)=2.307731, intercept=-63.274764 (0.058s) [OMP=0.036 ISP-L=0.003 ISP-F=0.007 MW-L=0.006 MW-F=0.007]
  Mini-Benders[4]: LB stagnated, break
  α-step: Z₀=12.481480, α=[0.000,0.000,0.000,0.000,6.901,0.000,0.711,0.000,0.000,0.000,0.000,0.000,0.000,0.000,2.725,0.000,0.000,0.000,0.000,0.000,0.000,0.000,0.000,0.000,0.000,0.479,0.000,0.000,0.000,0.000]
  Alt-Benders[1] (mw): LB=5.323459, Z₀(α*)=14.448909, intercept=-31.971459 (0.060s) [OMP=0.036 ISP-L=0.003 ISP-F=0.006 MW-L=0.006 MW-F=0.009]
  Alt-Benders[2] (mw): LB=5.382118, Z₀(α*)=12.528036, intercept=-56.415864 (0.061s) [OMP=0.036 ISP-L=0.003 ISP-F=0.008 MW-L=0.006 MW-F=0.008]
  Alt-Benders[3] (mw): LB=5.566875, Z₀(α*)=12.472317, intercept=-71.987212 (0.062s) [OMP=0.038 ISP-L=0.003 ISP-F=0.008 MW-L=0.006 MW-F=0.007]
  Alt-Benders[4] (mw): LB=5.677265, Z₀(α*)=-31.247449, intercept=-161.257263 (0.073s) [OMP=0.042 ISP-L=0.003 ISP-F=0.007 MW-L=0.010 MW-F=0.009]
  Alt-Benders[5] (mw): LB=5.677265, Z₀(α*)=-31.247449, intercept=-161.257263 (0.064s) [OMP=0.037 ISP-L=0.003 ISP-F=0.007 MW-L=0.006 MW-F=0.009]
  OMP re-solve: 0.038s

=== True-DRO Benders iter 4 ===
  OMP: t₀=5.677265, UB=Inf, gap=NaN, x=[0, 0, 0, 0, 0, 0, 0, 0, 0, 0, 1, 0, 0, 0, 0, 0, 0, 0, 0, 0, 0, 0, 0, 0, 0, 0, 1, 0, 0, 0] (0.000s)
  Sub: Z₀=14.386040 [LOCAL] (0.1s), α=[0.000,0.000,0.000,0.000,0.000,0.000,0.000,0.000,0.000,0.000,3.484,0.000,0.000,0.000,0.388,0.000,0.000,0.000,0.000,0.000,0.000,0.000,0.000,0.000,0.000,0.000,6.723,0.219,0.000,0.000]
  Iter 4: LB=5.677265  UB=Inf  gap=NaN
  Cut: intercept=-1087.905424, π_x_range=[-822.3606, 557.4013]
  Mini-Benders[1] (mw): LB=5.785279, Z₀(α*)=-18.707482, intercept=-67.261379 (0.079s) [OMP=0.049 ISP-L=0.003 ISP-F=0.008 MW-L=0.009 MW-F=0.007]
  Mini-Benders[2] (mw): LB=5.785279, Z₀(α*)=-18.707482, intercept=-67.261379 (0.065s) [OMP=0.042 ISP-L=0.003 ISP-F=0.008 MW-L=0.005 MW-F=0.007]
  Mini-Benders[3] (mw): LB=5.785279, Z₀(α*)=-18.707482, intercept=-67.261379 (0.067s) [OMP=0.044 ISP-L=0.003 ISP-F=0.008 MW-L=0.005 MW-F=0.007]
  Mini-Benders[4]: LB stagnated, break
  α-step: Z₀=14.396300, α=[0.000,0.000,0.000,0.000,0.000,0.000,0.000,2.599,0.000,0.000,0.000,0.000,0.000,0.000,0.000,0.000,0.000,0.000,0.000,0.000,0.000,0.000,0.000,0.000,0.000,0.819,0.000,7.396,0.000,0.000]
  Alt-Benders[1] (mw): LB=5.922414, Z₀(α*)=-5.554888, intercept=-115.143160 (0.110s) [OMP=0.093 ISP-L=0.003 ISP-F=0.008 MW-L=0.005 MW-F=0.008]
  Alt-Benders[2] (mw): LB=5.922414, Z₀(α*)=-5.554888, intercept=-115.143160 (0.088s) [OMP=0.056 ISP-L=0.003 ISP-F=0.008 MW-L=0.005 MW-F=0.008]
  Alt-Benders[3] (mw): LB=5.922414, Z₀(α*)=-5.554888, intercept=-115.143160 (0.086s) [OMP=0.055 ISP-L=0.003 ISP-F=0.008 MW-L=0.005 MW-F=0.012]
  Alt-Benders[4]: LB stagnated, break
  OMP re-solve: 0.000s

=== True-DRO Benders iter 5 ===
  OMP: t₀=5.922414, UB=Inf, gap=NaN, x=[0, 0, 0, 0, 0, 0, 0, 0, 0, 0, 1, 0, 0, 0, 0, 0, 0, 0, 0, 0, 0, 0, 0, 0, 0, 0, 0, 1, 0, 0] (0.000s)
  Sub: Z₀=13.929206 [TIME_LIMIT] (15.3s), α=[0.000,0.000,0.000,0.000,0.000,0.000,0.539,0.000,0.000,0.000,6.024,0.000,0.000,0.000,0.025,0.000,0.000,0.000,0.000,0.000,0.000,0.000,0.000,0.000,0.000,0.485,0.399,3.343,0.000,0.000]
  Iter 5: LB=5.922414  UB=14.706937  gap=5.97e-01
  Cut: intercept=-88.392310, π_x_range=[-219.0000, 74.1648]
  Mini-Benders[1] (mw): LB=6.189946, Z₀(α*)=-30.046662, intercept=-72.988984 (0.120s) [OMP=0.107 ISP-L=0.003 ISP-F=0.007 MW-L=0.006 MW-F=0.009]
  Mini-Benders[2] (mw): LB=6.189946, Z₀(α*)=-30.046662, intercept=-72.988984 (0.099s) [OMP=0.060 ISP-L=0.001 ISP-F=0.007 MW-L=0.003 MW-F=0.013]
  Mini-Benders[3] (mw): LB=6.189946, Z₀(α*)=-30.046662, intercept=-72.988984 (0.081s) [OMP=0.060 ISP-L=0.001 ISP-F=0.007 MW-L=0.003 MW-F=0.009]
  Mini-Benders[4]: LB stagnated, break
  α-step: Z₀=14.364622, α=[0.000,0.000,0.000,0.000,0.000,0.000,0.000,8.098,0.000,0.000,0.000,0.000,0.000,0.000,0.000,0.000,0.000,0.000,0.000,0.000,0.000,0.000,0.000,0.000,0.000,0.000,2.717,0.000,0.000,0.000]
  Alt-Benders[1] (mw): LB=6.413535, Z₀(α*)=-23.624034, intercept=-45.762367 (0.131s) [OMP=0.119 ISP-L=0.002 ISP-F=0.007 MW-L=0.004 MW-F=0.010]
  Alt-Benders[2] (mw): LB=6.413535, Z₀(α*)=-23.624034, intercept=-45.762367 (0.083s) [OMP=0.049 ISP-L=0.003 ISP-F=0.007 MW-L=0.005 MW-F=0.007]
  Alt-Benders[3] (mw): LB=6.413535, Z₀(α*)=-23.624034, intercept=-45.762367 (0.072s) [OMP=0.048 ISP-L=0.002 ISP-F=0.007 MW-L=0.005 MW-F=0.007]
  Alt-Benders[4]: LB stagnated, break
  OMP re-solve: 0.000s

=== True-DRO Benders iter 6 ===
  OMP: t₀=6.413535, UB=14.706937, gap=5.64e-01, x=[0, 0, 0, 0, 1, 0, 0, 0, 0, 0, 0, 0, 0, 0, 0, 0, 0, 0, 0, 1, 0, 0, 0, 0, 0, 0, 0, 0, 0, 0] (0.000s)
  Sub: Z₀=14.175124 [LOCAL] (0.1s), α=[0.000,0.000,0.000,0.000,6.453,0.000,0.000,0.000,0.000,0.000,0.000,0.000,0.000,0.000,4.362,0.000,0.000,0.000,0.000,0.000,0.000,0.000,0.000,0.000,0.000,0.000,0.000,0.000,0.000,0.000]
  Iter 6: LB=6.413535  UB=14.706937  gap=5.64e-01
  Cut: intercept=-1106.302090, π_x_range=[-829.1406, 563.3344]
  Mini-Benders[1] (mw): LB=6.480837, Z₀(α*)=-32.051849, intercept=-77.519801 (0.104s) [OMP=0.072 ISP-L=0.002 ISP-F=0.007 MW-L=0.010 MW-F=0.008]
  Mini-Benders[2] (mw): LB=6.480837, Z₀(α*)=-32.051849, intercept=-77.519801 (0.080s) [OMP=0.050 ISP-L=0.003 ISP-F=0.007 MW-L=0.006 MW-F=0.008]
  Mini-Benders[3] (mw): LB=6.480837, Z₀(α*)=-32.051849, intercept=-77.519801 (0.074s) [OMP=0.050 ISP-L=0.002 ISP-F=0.007 MW-L=0.006 MW-F=0.008]
  Mini-Benders[4]: LB stagnated, break
  α-step: Z₀=14.099190, α=[0.000,0.000,0.000,0.000,0.000,0.000,3.618,0.000,0.000,0.000,5.873,0.000,0.000,0.000,0.000,0.000,0.000,0.000,0.000,0.000,0.000,0.000,0.000,0.000,0.000,0.244,1.079,0.000,0.000,0.000]
  Alt-Benders[1] (mw): LB=6.489786, Z₀(α*)=2.809160, intercept=-70.172624 (0.092s) [OMP=0.071 ISP-L=0.003 ISP-F=0.008 MW-L=0.006 MW-F=0.009]
  Alt-Benders[2] (mw): LB=6.489786, Z₀(α*)=2.809160, intercept=-70.172624 (0.084s) [OMP=0.054 ISP-L=0.003 ISP-F=0.008 MW-L=0.006 MW-F=0.009]
  Alt-Benders[3] (mw): LB=6.489786, Z₀(α*)=2.809160, intercept=-70.172624 (0.082s) [OMP=0.053 ISP-L=0.003 ISP-F=0.008 MW-L=0.006 MW-F=0.013]
  Alt-Benders[4]: LB stagnated, break
  OMP re-solve: 0.000s

=== True-DRO Benders iter 7 ===
  OMP: t₀=6.489786, UB=14.706937, gap=5.59e-01, x=[0, 0, 0, 0, 0, 0, 0, 0, 0, 0, 1, 0, 0, 1, 0, 0, 0, 0, 0, 0, 0, 0, 0, 0, 0, 0, 0, 0, 0, 0] (0.000s)
  Sub: Z₀=16.163311 [LOCAL] (0.1s), α=[0.000,0.000,0.000,0.000,0.000,0.000,0.249,0.000,0.000,0.000,6.831,0.000,0.000,0.230,3.505,0.000,0.000,0.000,0.000,0.000,0.000,0.000,0.000,0.000,0.000,0.000,0.000,0.000,0.000,0.000]
  Iter 7: LB=6.489786  UB=14.706937  gap=5.59e-01
  Cut: intercept=-1113.808821, π_x_range=[-818.6307, 594.5189]
  Mini-Benders[1] (mw): LB=6.701834, Z₀(α*)=-23.205655, intercept=-33.694826 (0.104s) [OMP=0.077 ISP-L=0.003 ISP-F=0.008 MW-L=0.005 MW-F=0.009]
  Mini-Benders[2] (mw): LB=6.701834, Z₀(α*)=-23.205655, intercept=-33.694826 (0.106s) [OMP=0.069 ISP-L=0.003 ISP-F=0.008 MW-L=0.005 MW-F=0.012]
  Mini-Benders[3] (mw): LB=6.701834, Z₀(α*)=-23.205655, intercept=-33.694826 (0.088s) [OMP=0.070 ISP-L=0.003 ISP-F=0.008 MW-L=0.005 MW-F=0.009]
  Mini-Benders[4]: LB stagnated, break
  α-step: Z₀=14.117725, α=[0.000,0.000,0.000,0.000,6.285,0.000,0.000,0.000,0.000,0.000,0.000,0.000,0.000,0.000,1.813,0.000,0.000,0.000,0.000,0.000,0.000,0.000,0.000,0.000,0.000,0.000,2.717,0.000,0.000,0.000]
  Alt-Benders[1] (mw): LB=6.701834, Z₀(α*)=14.232221, intercept=-46.121937 (0.103s) [OMP=0.074 ISP-L=0.003 ISP-F=0.007 MW-L=0.005 MW-F=0.013]
  Alt-Benders[2] (mw): LB=6.701834, Z₀(α*)=14.094836, intercept=-42.309354 (0.119s) [OMP=0.086 ISP-L=0.003 ISP-F=0.007 MW-L=0.005 MW-F=0.008]
  Alt-Benders[3] (mw): LB=6.701834, Z₀(α*)=0.363293, intercept=-49.021808 (0.088s) [OMP=0.061 ISP-L=0.003 ISP-F=0.007 MW-L=0.006 MW-F=0.006]
  Alt-Benders[4]: LB stagnated, break
  OMP re-solve: 0.000s

=== True-DRO Benders iter 8 ===
  OMP: t₀=6.701834, UB=14.706937, gap=5.44e-01, x=[0, 0, 0, 0, 1, 0, 0, 0, 0, 0, 0, 0, 0, 0, 0, 0, 0, 0, 0, 0, 0, 0, 0, 0, 0, 1, 0, 0, 0, 0] (0.000s)
  Sub: Z₀=11.833818 [LOCAL] (0.1s), α=[0.000,0.000,0.000,0.000,3.466,0.000,1.182,0.000,0.000,0.000,0.000,0.000,0.000,0.000,2.701,0.000,0.000,0.000,0.000,0.000,0.000,0.000,0.000,0.000,0.000,3.466,0.000,0.000,0.000,0.000]
  Iter 8: LB=6.701834  UB=14.706937  gap=5.44e-01
  Cut: intercept=-1133.811029, π_x_range=[-826.4905, 578.8106]
  Mini-Benders[1] (mw): LB=6.982619, Z₀(α*)=-5.757442, intercept=-91.374733 (0.094s) [OMP=0.050 ISP-L=0.003 ISP-F=0.007 MW-L=0.010 MW-F=0.010]
  Mini-Benders[2] (mw): LB=6.982619, Z₀(α*)=-5.757442, intercept=-91.374733 (0.094s) [OMP=0.067 ISP-L=0.003 ISP-F=0.007 MW-L=0.006 MW-F=0.010]
  Mini-Benders[3] (mw): LB=6.982619, Z₀(α*)=-5.757442, intercept=-91.374733 (0.092s) [OMP=0.068 ISP-L=0.003 ISP-F=0.007 MW-L=0.006 MW-F=0.010]
  Mini-Benders[4]: LB stagnated, break
  α-step: Z₀=15.357027, α=[0.000,0.000,0.000,0.000,0.000,0.000,0.000,0.000,0.000,0.000,3.448,0.000,0.000,0.000,6.765,0.000,0.000,0.000,0.000,0.000,0.000,0.000,0.000,0.000,0.000,0.602,0.000,0.000,0.000,0.000]
  Alt-Benders[1] (mw): LB=7.002619, Z₀(α*)=9.332686, intercept=-78.365380 (0.102s) [OMP=0.079 ISP-L=0.003 ISP-F=0.007 MW-L=0.006 MW-F=0.008]
  Alt-Benders[2] (mw): LB=7.247957, Z₀(α*)=10.173286, intercept=-168.264612 (0.088s) [OMP=0.077 ISP-L=0.003 ISP-F=0.008 MW-L=0.006 MW-F=0.008]
  Alt-Benders[3] (mw): LB=7.409898, Z₀(α*)=10.559258, intercept=-92.685083 (0.105s) [OMP=0.076 ISP-L=0.003 ISP-F=0.008 MW-L=0.009 MW-F=0.010]
  Alt-Benders[4] (mw): LB=7.698197, Z₀(α*)=11.289356, intercept=-93.914822 (0.089s) [OMP=0.070 ISP-L=0.003 ISP-F=0.007 MW-L=0.006 MW-F=0.008]
  Alt-Benders[5] (mw): LB=8.221368, Z₀(α*)=9.332686, intercept=-82.731895 (0.104s) [OMP=0.078 ISP-L=0.003 ISP-F=0.007 MW-L=0.005 MW-F=0.008]
  OMP re-solve: 0.073s

=== True-DRO Benders iter 9 ===
  OMP: t₀=8.287138, UB=14.706937, gap=4.37e-01, x=[0, 0, 0, 0, 0, 0, 0, 0, 0, 0, 1, 1, 0, 0, 0, 0, 0, 0, 0, 0, 0, 0, 0, 0, 0, 0, 0, 0, 0, 0] (0.000s)
  Sub: Z₀=16.822732 [LOCAL] (0.1s), α=[0.000,0.000,0.000,0.000,0.000,0.000,0.000,0.000,0.000,0.000,6.636,0.000,0.000,0.000,3.545,0.000,0.000,0.000,0.000,0.000,0.000,0.000,0.000,0.000,0.000,0.283,0.217,0.133,0.000,0.000]
  Iter 9: LB=8.287138  UB=14.706937  gap=4.37e-01
  Cut: intercept=-1070.007299, π_x_range=[-819.0061, 560.0553]
  Mini-Benders[1] (mw): LB=8.287138, Z₀(α*)=3.579835, intercept=-91.127769 (0.104s) [OMP=0.077 ISP-L=0.003 ISP-F=0.008 MW-L=0.006 MW-F=0.007]
  Mini-Benders[2] (mw): LB=8.287138, Z₀(α*)=3.579835, intercept=-91.127769 (0.103s) [OMP=0.072 ISP-L=0.003 ISP-F=0.008 MW-L=0.006 MW-F=0.007]
  Mini-Benders[3]: LB stagnated, break
  α-step: Z₀=11.650749, α=[0.000,0.000,0.000,0.000,0.000,0.000,0.000,0.000,0.000,0.000,4.597,0.000,0.000,0.000,1.520,0.000,0.000,0.000,0.000,0.000,0.000,0.000,0.000,0.000,0.000,4.697,0.000,0.000,0.000,0.000]
  Alt-Benders[1] (mw): LB=8.287138, Z₀(α*)=14.713921, intercept=-70.992591 (0.104s) [OMP=0.081 ISP-L=0.003 ISP-F=0.007 MW-L=0.006 MW-F=0.008]
  Alt-Benders[2] (mw): LB=9.010174, Z₀(α*)=-14.172650, intercept=-40.460579 (0.104s) [OMP=0.077 ISP-L=0.003 ISP-F=0.007 MW-L=0.006 MW-F=0.008]
  Alt-Benders[3] (mw): LB=9.010174, Z₀(α*)=-14.172650, intercept=-40.460579 (0.101s) [OMP=0.076 ISP-L=0.003 ISP-F=0.007 MW-L=0.006 MW-F=0.008]
  Alt-Benders[4] (mw): LB=9.010174, Z₀(α*)=-14.172650, intercept=-40.460579 (0.093s) [OMP=0.078 ISP-L=0.003 ISP-F=0.007 MW-L=0.010 MW-F=0.008]
  Alt-Benders[5]: LB stagnated, break
  OMP re-solve: 0.000s

=== True-DRO Benders iter 10 ===
  OMP: t₀=9.010174, UB=14.706937, gap=3.87e-01, x=[0, 0, 0, 0, 0, 0, 0, 0, 0, 0, 0, 0, 0, 0, 0, 0, 0, 1, 0, 0, 0, 0, 0, 0, 0, 0, 0, 1, 0, 0] (0.000s)
  Sub: Z₀=16.814897 [TIME_LIMIT] (15.0s), α=[0.000,0.000,0.000,0.000,0.000,0.000,0.000,0.000,0.000,0.000,0.000,0.000,0.000,0.000,0.000,0.000,0.000,0.000,0.000,0.000,0.000,0.000,0.000,0.000,0.000,2.761,0.000,8.054,0.000,0.000]
  Iter 10: LB=9.010174  UB=14.706937  gap=3.87e-01
  Cut: intercept=-87.113422, π_x_range=[-235.3374, 61.6326]
  Mini-Benders[1] (mw): LB=9.332684, Z₀(α*)=-11.468064, intercept=-46.303447 (0.120s) [OMP=0.095 ISP-L=0.003 ISP-F=0.008 MW-L=0.005 MW-F=0.007]
  Mini-Benders[2] (mw): LB=9.332684, Z₀(α*)=-11.468064, intercept=-46.303447 (0.104s) [OMP=0.085 ISP-L=0.003 ISP-F=0.008 MW-L=0.009 MW-F=0.007]
  Mini-Benders[3] (mw): LB=9.332684, Z₀(α*)=-11.468064, intercept=-46.303447 (0.106s) [OMP=0.085 ISP-L=0.003 ISP-F=0.008 MW-L=0.006 MW-F=0.007]
  Mini-Benders[4]: LB stagnated, break
  α-step: Z₀=16.583123, α=[0.000,0.000,0.000,0.000,0.000,0.000,0.000,0.000,0.000,0.000,5.873,0.000,0.000,0.000,1.520,0.000,0.000,0.000,0.000,0.000,0.000,0.000,0.000,0.000,0.000,2.690,0.732,0.000,0.000,0.000]
  Alt-Benders[1] (mw): LB=9.332684, Z₀(α*)=16.583123, intercept=-46.264464 (0.119s) [OMP=0.084 ISP-L=0.003 ISP-F=0.008 MW-L=0.011 MW-F=0.013]
  Alt-Benders[2] (mw): LB=9.706348, Z₀(α*)=-10.684217, intercept=-68.484467 (0.106s) [OMP=0.091 ISP-L=0.003 ISP-F=0.008 MW-L=0.006 MW-F=0.009]
  Alt-Benders[3] (mw): LB=9.706348, Z₀(α*)=-10.684217, intercept=-68.484467 (0.114s) [OMP=0.075 ISP-L=0.003 ISP-F=0.008 MW-L=0.006 MW-F=0.009]
  Alt-Benders[4] (mw): LB=9.706348, Z₀(α*)=-10.684217, intercept=-68.484467 (0.096s) [OMP=0.074 ISP-L=0.003 ISP-F=0.008 MW-L=0.006 MW-F=0.012]
  Alt-Benders[5]: LB stagnated, break
  OMP re-solve: 0.000s

=== True-DRO Benders iter 11 ===
  OMP: t₀=9.706348, UB=14.706937, gap=3.40e-01, x=[0, 0, 0, 0, 0, 0, 0, 1, 0, 0, 0, 0, 0, 0, 0, 0, 0, 0, 0, 0, 0, 0, 0, 0, 0, 0, 1, 0, 0, 0] (0.000s)
  Sub: Z₀=15.360645 [LOCAL] (0.1s), α=[0.000,0.000,0.000,0.000,0.000,0.000,0.000,0.000,0.000,0.000,0.000,0.000,0.000,0.000,0.564,0.000,0.000,0.000,0.000,0.000,0.000,0.000,0.000,0.000,0.000,1.566,5.589,3.095,0.000,0.000]
  Iter 11: LB=9.706348  UB=14.706937  gap=3.40e-01
  Cut: intercept=-1099.264859, π_x_range=[-829.9687, 561.3755]
  Mini-Benders[1] (mw): LB=9.752159, Z₀(α*)=-8.228250, intercept=-70.210714 (0.106s) [OMP=0.085 ISP-L=0.003 ISP-F=0.008 MW-L=0.005 MW-F=0.009]
  Mini-Benders[2] (mw): LB=9.752159, Z₀(α*)=-8.228250, intercept=-70.210714 (0.104s) [OMP=0.074 ISP-L=0.003 ISP-F=0.008 MW-L=0.005 MW-F=0.012]
  Mini-Benders[3] (mw): LB=9.752159, Z₀(α*)=-8.228250, intercept=-70.210714 (0.104s) [OMP=0.075 ISP-L=0.003 ISP-F=0.008 MW-L=0.005 MW-F=0.009]
  Mini-Benders[4]: LB stagnated, break
  α-step: Z₀=15.923840, α=[0.000,0.000,0.000,0.000,0.000,0.000,0.258,0.000,0.000,0.000,0.000,0.000,0.000,0.000,0.000,0.000,0.000,1.697,0.000,4.582,0.000,0.000,0.000,0.000,0.000,0.651,3.626,0.000,0.000,0.000]
  Alt-Benders[1] (mw): LB=9.809641, Z₀(α*)=-0.683963, intercept=-60.835094 (0.105s) [OMP=0.084 ISP-L=0.003 ISP-F=0.009 MW-L=0.006 MW-F=0.010]
  Alt-Benders[2] (mw): LB=9.809641, Z₀(α*)=-0.683963, intercept=-60.835094 (0.103s) [OMP=0.074 ISP-L=0.003 ISP-F=0.009 MW-L=0.006 MW-F=0.007]
  Alt-Benders[3] (mw): LB=9.809641, Z₀(α*)=-0.683963, intercept=-60.835094 (0.105s) [OMP=0.076 ISP-L=0.003 ISP-F=0.009 MW-L=0.006 MW-F=0.007]
  Alt-Benders[4]: LB stagnated, break
  OMP re-solve: 0.000s

=== True-DRO Benders iter 12 ===
  OMP: t₀=9.809641, UB=14.706937, gap=3.33e-01, x=[0, 0, 0, 0, 0, 0, 0, 0, 0, 0, 0, 0, 0, 0, 0, 0, 0, 0, 0, 1, 0, 0, 0, 0, 0, 0, 1, 0, 0, 0] (0.000s)
  Sub: Z₀=15.637635 [LOCAL] (0.1s), α=[0.000,0.000,0.000,0.000,0.000,0.000,0.000,0.000,0.000,0.000,0.000,0.000,0.000,0.000,0.000,0.000,0.000,0.000,0.000,1.324,0.000,0.000,0.000,0.000,0.000,0.396,9.095,0.000,0.000,0.000]
  Iter 12: LB=9.809641  UB=14.706937  gap=3.33e-01
  Cut: intercept=-1102.806545, π_x_range=[-829.0054, 562.7808]
  Mini-Benders[1] (mw): LB=10.066568, Z₀(α*)=11.293369, intercept=-44.386192 (0.106s) [OMP=0.082 ISP-L=0.003 ISP-F=0.007 MW-L=0.009 MW-F=0.008]
  Mini-Benders[2] (mw): LB=10.097939, Z₀(α*)=11.188043, intercept=-33.311988 (0.104s) [OMP=0.082 ISP-L=0.003 ISP-F=0.007 MW-L=0.006 MW-F=0.007]
  Mini-Benders[3] (mw): LB=10.173285, Z₀(α*)=-20.846866, intercept=-76.696860 (0.092s) [OMP=0.055 ISP-L=0.003 ISP-F=0.008 MW-L=0.006 MW-F=0.008]
  Mini-Benders[4] (mw): LB=10.173285, Z₀(α*)=-20.846866, intercept=-76.696860 (0.088s) [OMP=0.060 ISP-L=0.003 ISP-F=0.008 MW-L=0.010 MW-F=0.008]
  Mini-Benders[5] (mw): LB=10.173285, Z₀(α*)=-20.846866, intercept=-76.696860 (0.087s) [OMP=0.062 ISP-L=0.003 ISP-F=0.008 MW-L=0.006 MW-F=0.008]
  α-step: Z₀=15.200466, α=[0.000,0.000,0.000,0.000,0.000,0.000,0.000,3.002,0.000,0.000,4.756,0.000,0.000,0.000,3.056,0.000,0.000,0.000,0.000,0.000,0.000,0.000,0.000,0.000,0.000,0.000,0.000,0.000,0.000,0.000]
  Alt-Benders[1] (mw): LB=10.360728, Z₀(α*)=-18.454248, intercept=-18.321566 (0.106s) [OMP=0.089 ISP-L=0.003 ISP-F=0.007 MW-L=0.006 MW-F=0.013]
  Alt-Benders[2] (mw): LB=10.360728, Z₀(α*)=-18.454248, intercept=-18.321566 (0.104s) [OMP=0.079 ISP-L=0.003 ISP-F=0.007 MW-L=0.006 MW-F=0.009]
  Alt-Benders[3] (mw): LB=10.360728, Z₀(α*)=-18.454248, intercept=-18.321566 (0.119s) [OMP=0.080 ISP-L=0.003 ISP-F=0.007 MW-L=0.006 MW-F=0.009]
  Alt-Benders[4]: LB stagnated, break
  OMP re-solve: 0.000s

=== True-DRO Benders iter 13 ===
  OMP: t₀=10.360728, UB=14.706937, gap=2.96e-01, x=[0, 0, 0, 0, 0, 0, 0, 0, 0, 0, 0, 0, 0, 0, 0, 0, 0, 0, 0, 0, 0, 1, 0, 0, 0, 0, 1, 0, 0, 0] (0.000s)
  Sub: Z₀=17.287001 [LOCAL] (0.1s), α=[0.000,0.000,0.000,0.000,0.000,0.000,0.000,0.000,0.000,0.000,0.000,0.000,0.000,0.000,0.000,0.000,0.000,0.000,0.000,0.000,0.000,0.000,0.000,0.000,0.000,2.130,8.684,0.000,0.000,0.000]
  Iter 13: LB=10.360728  UB=14.706937  gap=2.96e-01
  Cut: intercept=-1109.567356, π_x_range=[-830.5022, 566.0088]
  Mini-Benders[1] (mw): LB=10.559256, Z₀(α*)=-9.573209, intercept=-74.536130 (0.120s) [OMP=0.097 ISP-L=0.003 ISP-F=0.008 MW-L=0.006 MW-F=0.008]
  Mini-Benders[2] (mw): LB=10.559256, Z₀(α*)=-9.573209, intercept=-74.536130 (0.104s) [OMP=0.079 ISP-L=0.003 ISP-F=0.008 MW-L=0.006 MW-F=0.008]
  Mini-Benders[3] (mw): LB=10.559256, Z₀(α*)=-9.573209, intercept=-74.536130 (0.118s) [OMP=0.079 ISP-L=0.003 ISP-F=0.008 MW-L=0.006 MW-F=0.012]
  Mini-Benders[4]: LB stagnated, break
  α-step: Z₀=15.166295, α=[0.000,0.000,0.000,0.000,0.000,0.000,0.000,0.000,0.000,0.000,5.645,0.000,0.000,0.000,0.395,0.000,0.000,0.000,0.000,2.058,0.000,0.000,0.000,0.000,0.000,0.000,2.717,0.000,0.000,0.000]
  Alt-Benders[1] (mw): LB=10.614154, Z₀(α*)=-22.185627, intercept=-35.545291 (0.103s) [OMP=0.090 ISP-L=0.003 ISP-F=0.007 MW-L=0.005 MW-F=0.008]
  Alt-Benders[2] (mw): LB=10.614154, Z₀(α*)=-22.185627, intercept=-35.545291 (0.113s) [OMP=0.077 ISP-L=0.003 ISP-F=0.008 MW-L=0.005 MW-F=0.008]
  Alt-Benders[3] (mw): LB=10.614154, Z₀(α*)=-22.185627, intercept=-35.545291 (0.097s) [OMP=0.078 ISP-L=0.003 ISP-F=0.008 MW-L=0.009 MW-F=0.008]
  Alt-Benders[4]: LB stagnated, break
  OMP re-solve: 0.000s

=== True-DRO Benders iter 14 ===
  OMP: t₀=10.614154, UB=14.706937, gap=2.78e-01, x=[0, 0, 0, 0, 0, 0, 0, 0, 0, 0, 0, 0, 0, 0, 1, 0, 0, 0, 0, 0, 0, 0, 0, 0, 0, 0, 1, 0, 0, 0] (0.000s)
  Sub: Z₀=15.678217 [LOCAL] (0.1s), α=[0.000,0.000,0.000,0.000,0.000,0.000,0.000,0.000,0.000,0.000,0.000,0.000,0.000,0.000,2.133,0.000,0.000,0.000,0.000,0.000,0.000,0.000,0.000,0.000,0.000,2.267,6.200,0.214,0.000,0.000]
  Iter 14: LB=10.614154  UB=14.706937  gap=2.78e-01
  Cut: intercept=-1135.107659, π_x_range=[-829.3071, 589.7206]
  Mini-Benders[1] (mw): LB=10.624154, Z₀(α*)=16.240435, intercept=-9.499213 (0.106s) [OMP=0.089 ISP-L=0.003 ISP-F=0.007 MW-L=0.006 MW-F=0.008]
  Mini-Benders[2] (mw): LB=10.624154, Z₀(α*)=11.272024, intercept=-30.880212 (0.121s) [OMP=0.082 ISP-L=0.003 ISP-F=0.007 MW-L=0.010 MW-F=0.006]
  Mini-Benders[3] (mw): LB=10.634154, Z₀(α*)=16.240435, intercept=-10.954553 (0.120s) [OMP=0.094 ISP-L=0.003 ISP-F=0.008 MW-L=0.006 MW-F=0.009]
  Mini-Benders[4] (mw): LB=10.634154, Z₀(α*)=11.049614, intercept=-49.142596 (0.104s) [OMP=0.092 ISP-L=0.003 ISP-F=0.007 MW-L=0.006 MW-F=0.006]
  Mini-Benders[5] (mw): LB=10.688955, Z₀(α*)=14.787301, intercept=-55.668439 (0.122s) [OMP=0.085 ISP-L=0.003 ISP-F=0.007 MW-L=0.006 MW-F=0.011]
  α-step: Z₀=11.479905, α=[0.000,0.000,0.000,0.000,0.000,0.000,0.000,0.000,0.000,0.000,0.000,0.000,0.000,0.000,0.395,0.000,0.000,0.000,0.000,0.000,0.000,0.000,0.000,0.000,0.000,6.919,3.501,0.000,0.000,0.000]
  Alt-Benders[1] (mw): LB=11.188041, Z₀(α*)=14.126772, intercept=-29.962708 (0.121s) [OMP=0.083 ISP-L=0.003 ISP-F=0.007 MW-L=0.006 MW-F=0.007]
  Alt-Benders[2] (mw): LB=11.272022, Z₀(α*)=14.529901, intercept=-32.080705 (0.104s) [OMP=0.084 ISP-L=0.003 ISP-F=0.007 MW-L=0.005 MW-F=0.011]
  Alt-Benders[3] (mw): LB=11.289354, Z₀(α*)=-13.250339, intercept=-74.263118 (0.122s) [OMP=0.092 ISP-L=0.003 ISP-F=0.008 MW-L=0.006 MW-F=0.008]
  Alt-Benders[4] (mw): LB=11.289354, Z₀(α*)=-13.250339, intercept=-74.263118 (0.107s) [OMP=0.090 ISP-L=0.003 ISP-F=0.008 MW-L=0.006 MW-F=0.008]
  Alt-Benders[5] (mw): LB=11.289354, Z₀(α*)=-13.250339, intercept=-74.263118 (0.122s) [OMP=0.091 ISP-L=0.003 ISP-F=0.008 MW-L=0.006 MW-F=0.012]
  OMP re-solve: 0.089s

=== True-DRO Benders iter 15 ===
  OMP: t₀=11.289354, UB=14.706937, gap=2.32e-01, x=[0, 0, 0, 0, 0, 0, 0, 0, 0, 0, 1, 0, 0, 0, 0, 0, 0, 0, 0, 0, 0, 0, 1, 0, 0, 0, 0, 0, 0, 0] (0.000s)
  Sub: Z₀=15.432633 [TIME_LIMIT] (15.0s), α=[0.000,0.000,0.000,0.000,0.000,0.000,0.000,0.107,0.000,0.000,6.894,0.000,0.000,0.000,0.548,0.000,0.000,0.000,0.000,0.000,0.000,0.000,2.645,0.000,0.000,0.541,0.079,0.000,0.000,0.000]
  Iter 15: LB=11.289354  UB=14.706937  gap=2.32e-01
  Cut: intercept=-76.664408, π_x_range=[-219.0000, 56.2467]
  Mini-Benders[1] (mw): LB=11.293367, Z₀(α*)=-27.675218, intercept=-83.760026 (0.104s) [OMP=0.087 ISP-L=0.003 ISP-F=0.008 MW-L=0.007 MW-F=0.008]
  Mini-Benders[2] (mw): LB=11.293367, Z₀(α*)=-27.675218, intercept=-83.760026 (0.085s) [OMP=0.060 ISP-L=0.003 ISP-F=0.007 MW-L=0.007 MW-F=0.008]
  Mini-Benders[3] (mw): LB=11.293367, Z₀(α*)=-27.675218, intercept=-83.760026 (0.090s) [OMP=0.060 ISP-L=0.003 ISP-F=0.007 MW-L=0.011 MW-F=0.008]
  Mini-Benders[4]: LB stagnated, break
  α-step: Z₀=15.804952, α=[0.000,0.000,0.000,0.000,0.000,0.000,0.000,0.000,0.000,0.000,0.000,0.000,0.000,0.000,1.520,0.000,0.000,0.000,0.000,0.000,0.000,0.000,0.000,0.000,0.000,2.574,6.721,0.000,0.000,0.000]
  Alt-Benders[1] (mw): LB=11.412232, Z₀(α*)=4.204790, intercept=-20.333069 (0.107s) [OMP=0.095 ISP-L=0.003 ISP-F=0.007 MW-L=0.005 MW-F=0.008]
  Alt-Benders[2] (mw): LB=11.412232, Z₀(α*)=4.204790, intercept=-20.333069 (0.099s) [OMP=0.061 ISP-L=0.003 ISP-F=0.007 MW-L=0.009 MW-F=0.008]
  Alt-Benders[3] (mw): LB=11.412232, Z₀(α*)=4.204790, intercept=-20.333069 (0.086s) [OMP=0.061 ISP-L=0.003 ISP-F=0.007 MW-L=0.005 MW-F=0.008]
  Alt-Benders[4]: LB stagnated, break
  OMP re-solve: 0.000s

=== True-DRO Benders iter 16 ===
  OMP: t₀=11.412232, UB=14.706937, gap=2.24e-01, x=[0, 0, 0, 0, 0, 0, 0, 1, 0, 0, 0, 0, 0, 0, 0, 0, 0, 0, 0, 0, 0, 0, 0, 0, 0, 0, 0, 0, 0, 1] (0.000s)
  Sub: Z₀=18.354284 [LOCAL] (0.1s), α=[0.000,0.000,0.000,0.000,0.000,0.000,0.000,4.034,0.000,0.000,0.000,0.000,0.000,0.000,1.942,0.000,0.000,0.000,0.000,0.019,0.000,0.000,0.000,0.000,0.000,3.768,0.096,0.955,0.000,0.000]
  Iter 16: LB=11.412232  UB=14.706937  gap=2.24e-01
  Cut: intercept=-1122.878794, π_x_range=[-831.0923, 588.1604]
  Mini-Benders[1] (mw): LB=11.412232, Z₀(α*)=13.238593, intercept=-35.902431 (0.136s) [OMP=0.102 ISP-L=0.003 ISP-F=0.008 MW-L=0.006 MW-F=0.012]
  Mini-Benders[2] (mw): LB=11.479905, Z₀(α*)=-10.650966, intercept=-67.279237 (0.121s) [OMP=0.091 ISP-L=0.003 ISP-F=0.008 MW-L=0.006 MW-F=0.009]
  Mini-Benders[3] (mw): LB=11.479905, Z₀(α*)=-10.650966, intercept=-67.279237 (0.093s) [OMP=0.061 ISP-L=0.003 ISP-F=0.008 MW-L=0.006 MW-F=0.009]
  Mini-Benders[4] (mw): LB=11.479905, Z₀(α*)=-10.650966, intercept=-67.279237 (0.091s) [OMP=0.061 ISP-L=0.003 ISP-F=0.008 MW-L=0.006 MW-F=0.012]
  Mini-Benders[5]: LB stagnated, break
  α-step: Z₀=12.049813, α=[0.000,0.000,0.000,0.000,0.000,0.000,0.000,0.000,0.000,0.000,0.000,0.000,0.000,0.000,0.000,0.000,0.000,0.000,0.000,0.000,0.000,0.000,0.000,0.000,0.000,6.476,4.339,0.000,0.000,0.000]
  Alt-Benders[1] (mw): LB=11.532678, Z₀(α*)=15.210873, intercept=-38.217586 (0.120s) [OMP=0.105 ISP-L=0.003 ISP-F=0.007 MW-L=0.006 MW-F=0.007]
  Alt-Benders[2] (mw): LB=11.608121, Z₀(α*)=13.113376, intercept=-28.992328 (0.119s) [OMP=0.090 ISP-L=0.003 ISP-F=0.007 MW-L=0.005 MW-F=0.011]
  Alt-Benders[3] (mw): LB=11.628121, Z₀(α*)=16.715526, intercept=-18.775137 (0.122s) [OMP=0.101 ISP-L=0.003 ISP-F=0.006 MW-L=0.005 MW-F=0.007]
  Alt-Benders[4] (mw): LB=11.632054, Z₀(α*)=-15.566099, intercept=-113.840714 (0.107s) [OMP=0.089 ISP-L=0.003 ISP-F=0.007 MW-L=0.006 MW-F=0.008]
  Alt-Benders[5] (mw): LB=11.632054, Z₀(α*)=-15.566099, intercept=-113.840714 (0.122s) [OMP=0.099 ISP-L=0.003 ISP-F=0.007 MW-L=0.006 MW-F=0.008]
  OMP re-solve: 0.098s

=== True-DRO Benders iter 17 ===
  OMP: t₀=11.632054, UB=14.706937, gap=2.09e-01, x=[0, 0, 0, 0, 1, 0, 0, 0, 0, 0, 1, 0, 0, 0, 0, 0, 0, 0, 0, 0, 0, 0, 0, 0, 0, 0, 0, 0, 0, 0] (0.000s)
  Sub: Z₀=11.910459 [LOCAL] (0.1s), α=[0.000,0.000,0.000,0.000,4.931,0.000,0.000,0.000,0.000,0.000,4.364,0.000,0.000,0.000,1.520,0.000,0.000,0.000,0.000,0.000,0.000,0.000,0.000,0.000,0.000,0.000,0.000,0.000,0.000,0.000]
  Iter 17: LB=11.632054  UB=14.706937  gap=2.09e-01
  Cut: intercept=-1094.099917, π_x_range=[-822.0154, 567.7679]
  Mini-Benders[1] (mw): LB=11.650749, Z₀(α*)=-14.337623, intercept=-76.245998 (0.119s) [OMP=0.106 ISP-L=0.003 ISP-F=0.007 MW-L=0.006 MW-F=0.007]
  Mini-Benders[2] (mw): LB=11.650749, Z₀(α*)=-14.337623, intercept=-76.245998 (0.122s) [OMP=0.087 ISP-L=0.003 ISP-F=0.007 MW-L=0.006 MW-F=0.007]
  Mini-Benders[3] (mw): LB=11.650749, Z₀(α*)=-14.337623, intercept=-76.245998 (0.104s) [OMP=0.086 ISP-L=0.003 ISP-F=0.007 MW-L=0.010 MW-F=0.007]
  Mini-Benders[4]: LB stagnated, break
  α-step: Z₀=12.086981, α=[0.000,0.000,0.000,0.000,0.000,0.000,0.000,0.000,0.000,0.000,3.715,0.000,0.000,0.000,1.520,0.000,0.000,0.000,0.000,0.000,0.000,0.000,0.000,0.000,0.000,3.815,1.765,0.000,0.000,0.000]
  Alt-Benders[1] (mw): LB=11.833818, Z₀(α*)=-8.839877, intercept=-52.357808 (0.125s) [OMP=0.111 ISP-L=0.003 ISP-F=0.007 MW-L=0.006 MW-F=0.007]
  Alt-Benders[2] (mw): LB=11.833818, Z₀(α*)=-8.839877, intercept=-52.357808 (0.119s) [OMP=0.088 ISP-L=0.002 ISP-F=0.007 MW-L=0.006 MW-F=0.010]
  Alt-Benders[3] (mw): LB=11.833818, Z₀(α*)=-8.839877, intercept=-52.357808 (0.104s) [OMP=0.088 ISP-L=0.002 ISP-F=0.007 MW-L=0.006 MW-F=0.007]
  Alt-Benders[4]: LB stagnated, break
  OMP re-solve: 0.000s

=== True-DRO Benders iter 18 ===
  OMP: t₀=11.833818, UB=14.706937, gap=1.95e-01, x=[0, 0, 0, 0, 1, 0, 0, 0, 0, 0, 0, 0, 0, 0, 0, 0, 0, 0, 0, 0, 0, 0, 0, 0, 0, 1, 0, 0, 0, 0] (0.000s)
  Sub: Z₀=11.833818 [LOCAL] (0.1s), α=[0.000,0.000,0.000,0.000,3.466,0.000,1.182,0.000,0.000,0.000,0.000,0.000,0.000,0.000,2.701,0.000,0.000,0.000,0.000,0.000,0.000,0.000,0.000,0.000,0.000,3.466,0.000,0.000,0.000,0.000]
  Iter 18: LB=11.833818  UB=14.706937  gap=1.95e-01
  Cut: intercept=-1133.811029, π_x_range=[-826.4905, 578.8106]
  Mini-Benders[1] (mw): LB=11.833818, Z₀(α*)=11.833820, intercept=-43.293697 (0.120s) [OMP=0.087 ISP-L=0.003 ISP-F=0.006 MW-L=0.006 MW-F=0.011]
  Mini-Benders[2] (mw): LB=11.833818, Z₀(α*)=11.833820, intercept=-43.293697 (0.106s) [OMP=0.088 ISP-L=0.003 ISP-F=0.006 MW-L=0.006 MW-F=0.007]
  Mini-Benders[3]: LB stagnated, break
  α-step: Z₀=11.833820, α=[0.000,0.000,0.000,0.000,2.418,0.000,2.229,0.000,0.000,0.000,0.000,0.000,0.000,0.000,3.749,0.000,0.000,0.000,0.000,0.000,0.000,0.000,0.000,0.000,0.000,2.418,0.000,0.000,0.000,0.000]
  Alt-Benders[1] (mw): LB=11.833820, Z₀(α*)=11.833820, intercept=-43.293697 (0.109s) [OMP=0.086 ISP-L=0.003 ISP-F=0.006 MW-L=0.006 MW-F=0.008]
  Alt-Benders[2] (mw): LB=11.833818, Z₀(α*)=11.833820, intercept=-43.293697 (0.106s) [OMP=0.092 ISP-L=0.003 ISP-F=0.006 MW-L=0.010 MW-F=0.008]
  Alt-Benders[3] (mw): LB=11.833818, Z₀(α*)=11.833820, intercept=-43.293697 (0.122s) [OMP=0.092 ISP-L=0.003 ISP-F=0.006 MW-L=0.006 MW-F=0.008]
  Alt-Benders[4]: LB stagnated, break
  OMP re-solve: 0.000s

=== True-DRO Benders iter 19 ===
  OMP: t₀=11.833818, UB=14.706937, gap=1.95e-01, x=[0, 0, 0, 0, 1, 0, 0, 0, 0, 0, 0, 0, 0, 0, 0, 0, 0, 0, 0, 0, 0, 0, 0, 0, 0, 1, 0, 0, 0, 0] (0.000s)
  Sub: Z₀=11.833818 [LOCAL] (0.1s), α=[0.000,0.000,0.000,0.000,3.466,0.000,1.182,0.000,0.000,0.000,0.000,0.000,0.000,0.000,2.701,0.000,0.000,0.000,0.000,0.000,0.000,0.000,0.000,0.000,0.000,3.466,0.000,0.000,0.000,0.000]
  Iter 19: LB=11.833818  UB=14.706937  gap=1.95e-01
  Cut: intercept=-1133.811029, π_x_range=[-826.4905, 578.8106]
  Mini-Benders[1] (mw): LB=11.833818, Z₀(α*)=11.833820, intercept=-43.293697 (0.119s) [OMP=0.091 ISP-L=0.003 ISP-F=0.006 MW-L=0.010 MW-F=0.007]
  Mini-Benders[2] (mw): LB=11.833818, Z₀(α*)=11.833820, intercept=-43.293697 (0.122s) [OMP=0.091 ISP-L=0.003 ISP-F=0.006 MW-L=0.006 MW-F=0.007]
  Mini-Benders[3]: LB stagnated, break
  α-step: Z₀=11.833820, α=[0.000,0.000,0.000,0.000,2.418,0.000,2.229,0.000,0.000,0.000,0.000,0.000,0.000,0.000,3.749,0.000,0.000,0.000,0.000,0.000,0.000,0.000,0.000,0.000,0.000,2.418,0.000,0.000,0.000,0.000]
  Alt-Benders[1] (mw): LB=11.833818, Z₀(α*)=11.833820, intercept=-43.293697 (0.120s) [OMP=0.092 ISP-L=0.003 ISP-F=0.006 MW-L=0.010 MW-F=0.008]
  Alt-Benders[2] (mw): LB=11.833818, Z₀(α*)=11.833820, intercept=-43.293697 (0.106s) [OMP=0.094 ISP-L=0.003 ISP-F=0.006 MW-L=0.006 MW-F=0.008]
  Alt-Benders[3]: LB stagnated, break
  OMP re-solve: 0.000s

=== True-DRO Benders iter 20 ===
  OMP: t₀=11.833818, UB=14.706937, gap=1.95e-01, x=[0, 0, 0, 0, 1, 0, 0, 0, 0, 0, 0, 0, 0, 0, 0, 0, 0, 0, 0, 0, 0, 0, 0, 0, 0, 1, 0, 0, 0, 0] (0.000s)
  Sub: Z₀=12.362281 [TIME_LIMIT] (15.1s), α=[0.000,0.000,0.000,0.000,2.496,0.000,0.071,0.000,0.000,0.000,0.000,0.000,0.000,0.000,0.466,0.000,0.000,0.000,0.000,0.000,0.000,0.000,0.000,0.000,0.000,2.496,3.647,1.638,0.000,0.000]
  Iter 20: LB=11.833818  UB=12.756634  gap=7.23e-02
  Cut: intercept=-63.583940, π_x_range=[-168.9690, 44.3795]
  Mini-Benders[1] (mw): LB=11.851330, Z₀(α*)=14.199188, intercept=-34.165810 (0.166s) [OMP=0.132 ISP-L=0.003 ISP-F=0.008 MW-L=0.006 MW-F=0.012]
  Mini-Benders[2] (mw): LB=11.851330, Z₀(α*)=0.479176, intercept=-30.473667 (0.120s) [OMP=0.099 ISP-L=0.003 ISP-F=0.008 MW-L=0.006 MW-F=0.007]
  Mini-Benders[3] (mw): LB=11.851330, Z₀(α*)=0.479176, intercept=-30.473667 (0.135s) [OMP=0.106 ISP-L=0.003 ISP-F=0.008 MW-L=0.006 MW-F=0.007]
  Mini-Benders[4]: LB stagnated, break
  α-step: Z₀=13.414060, α=[0.000,0.000,0.000,0.000,0.000,0.000,0.000,0.000,0.000,0.000,0.000,0.000,0.000,0.000,0.395,0.000,0.000,0.000,0.000,0.000,0.000,0.000,0.000,0.000,0.000,7.052,3.368,0.000,0.000,0.000]
  Alt-Benders[1] (mw): LB=11.851330, Z₀(α*)=16.266431, intercept=-14.381458 (0.130s) [OMP=0.113 ISP-L=0.003 ISP-F=0.007 MW-L=0.006 MW-F=0.007]
  Alt-Benders[2] (mw): LB=11.910459, Z₀(α*)=-16.987159, intercept=-112.825936 (0.136s) [OMP=0.106 ISP-L=0.003 ISP-F=0.007 MW-L=0.006 MW-F=0.008]
  Alt-Benders[3] (mw): LB=11.910459, Z₀(α*)=-16.987159, intercept=-112.825936 (0.122s) [OMP=0.108 ISP-L=0.003 ISP-F=0.007 MW-L=0.006 MW-F=0.008]
  Alt-Benders[4] (mw): LB=11.910459, Z₀(α*)=-16.987159, intercept=-112.825936 (0.137s) [OMP=0.107 ISP-L=0.003 ISP-F=0.007 MW-L=0.010 MW-F=0.008]
  Alt-Benders[5]: LB stagnated, break
  OMP re-solve: 0.000s

=== True-DRO Benders iter 21 ===
  OMP: t₀=11.910459, UB=12.756634, gap=6.63e-02, x=[0, 0, 0, 0, 1, 0, 0, 0, 0, 0, 1, 0, 0, 0, 0, 0, 0, 0, 0, 0, 0, 0, 0, 0, 0, 0, 0, 0, 0, 0] (0.000s)
  Sub: Z₀=11.910459 [LOCAL] (0.1s), α=[0.000,0.000,0.000,0.000,4.931,0.000,0.000,0.000,0.000,0.000,4.364,0.000,0.000,0.000,1.520,0.000,0.000,0.000,0.000,0.000,0.000,0.000,0.000,0.000,0.000,0.000,0.000,0.000,0.000,0.000]
  Iter 21: LB=11.910459  UB=12.756634  gap=6.63e-02
  Cut: intercept=-1094.099917, π_x_range=[-822.0154, 567.7679]
  Mini-Benders[1] (mw): LB=11.910459, Z₀(α*)=11.910460, intercept=-106.126497 (0.135s) [OMP=0.109 ISP-L=0.003 ISP-F=0.007 MW-L=0.006 MW-F=0.008]
  Mini-Benders[2] (mw): LB=11.910459, Z₀(α*)=11.910460, intercept=-106.126497 (0.135s) [OMP=0.105 ISP-L=0.003 ISP-F=0.006 MW-L=0.010 MW-F=0.008]
  Mini-Benders[3]: LB stagnated, break
  α-step: Z₀=11.910460, α=[0.000,0.000,0.000,0.000,4.931,0.000,0.000,0.000,0.000,0.000,4.364,0.000,0.000,0.000,1.520,0.000,0.000,0.000,0.000,0.000,0.000,0.000,0.000,0.000,0.000,0.000,0.000,0.000,0.000,0.000]
  Alt-Benders[1] (mw): LB=11.910460, Z₀(α*)=11.910460, intercept=-106.126496 (0.110s) [OMP=0.097 ISP-L=0.003 ISP-F=0.006 MW-L=0.006 MW-F=0.008]
  Alt-Benders[2] (mw): LB=11.910442, Z₀(α*)=11.910460, intercept=-106.126496 (0.135s) [OMP=0.105 ISP-L=0.003 ISP-F=0.006 MW-L=0.006 MW-F=0.011]
  Alt-Benders[3] (mw): LB=11.910442, Z₀(α*)=11.910460, intercept=-106.126496 (0.137s) [OMP=0.106 ISP-L=0.003 ISP-F=0.006 MW-L=0.006 MW-F=0.008]
  Alt-Benders[4]: LB stagnated, break
  OMP re-solve: 0.000s

=== True-DRO Benders iter 22 ===
  OMP: t₀=11.910442, UB=12.756634, gap=6.63e-02, x=[0, 0, 0, 0, 1, 0, 0, 0, 0, 0, 1, 0, 0, 0, 0, 0, 0, 0, 0, 0, 0, 0, 0, 0, 0, 0, 0, 0, 0, 0] (0.000s)
  Sub: Z₀=11.910459 [LOCAL] (0.1s), α=[0.000,0.000,0.000,0.000,4.931,0.000,0.000,0.000,0.000,0.000,4.364,0.000,0.000,0.000,1.520,0.000,0.000,0.000,0.000,0.000,0.000,0.000,0.000,0.000,0.000,0.000,0.000,0.000,0.000,0.000]
  Iter 22: LB=11.910442  UB=12.756634  gap=6.63e-02
  Cut: intercept=-1094.099917, π_x_range=[-822.0154, 567.7679]
  Mini-Benders[1] (mw): LB=11.910442, Z₀(α*)=11.910460, intercept=-106.126497 (0.138s) [OMP=0.103 ISP-L=0.003 ISP-F=0.006 MW-L=0.006 MW-F=0.012]
  Mini-Benders[2] (mw): LB=11.910442, Z₀(α*)=11.910460, intercept=-106.126497 (0.119s) [OMP=0.103 ISP-L=0.003 ISP-F=0.006 MW-L=0.006 MW-F=0.008]
  Mini-Benders[3] (mw): LB=11.910444, Z₀(α*)=11.910460, intercept=-106.126497 (0.136s) [OMP=0.108 ISP-L=0.003 ISP-F=0.006 MW-L=0.006 MW-F=0.008]
  Mini-Benders[4] (mw): LB=11.910442, Z₀(α*)=11.910460, intercept=-106.126497 (0.135s) [OMP=0.104 ISP-L=0.003 ISP-F=0.006 MW-L=0.006 MW-F=0.012]
  Mini-Benders[5] (mw): LB=11.910442, Z₀(α*)=11.910460, intercept=-106.126497 (0.121s) [OMP=0.105 ISP-L=0.003 ISP-F=0.006 MW-L=0.007 MW-F=0.008]
  α-step: Z₀=11.910460, α=[0.000,0.000,0.000,0.000,4.931,0.000,0.000,0.000,0.000,0.000,4.364,0.000,0.000,0.000,1.520,0.000,0.000,0.000,0.000,0.000,0.000,0.000,0.000,0.000,0.000,0.000,0.000,0.000,0.000,0.000]
  Alt-Benders[1] (mw): LB=11.910442, Z₀(α*)=11.910460, intercept=-106.126496 (0.122s) [OMP=0.104 ISP-L=0.003 ISP-F=0.006 MW-L=0.006 MW-F=0.008]
  Alt-Benders[2] (mw): LB=11.910442, Z₀(α*)=11.910460, intercept=-106.126496 (0.137s) [OMP=0.104 ISP-L=0.003 ISP-F=0.006 MW-L=0.010 MW-F=0.008]
  Alt-Benders[3]: LB stagnated, break
  OMP re-solve: 0.000s

=== True-DRO Benders iter 23 ===
  OMP: t₀=11.910442, UB=12.756634, gap=6.63e-02, x=[0, 0, 0, 0, 1, 0, 0, 0, 0, 0, 1, 0, 0, 0, 0, 0, 0, 0, 0, 0, 0, 0, 0, 0, 0, 0, 0, 0, 0, 0] (0.000s)
  Sub: Z₀=11.910459 [LOCAL] (0.1s), α=[0.000,0.000,0.000,0.000,4.931,0.000,0.000,0.000,0.000,0.000,4.364,0.000,0.000,0.000,1.520,0.000,0.000,0.000,0.000,0.000,0.000,0.000,0.000,0.000,0.000,0.000,0.000,0.000,0.000,0.000]
  Iter 23: LB=11.910442  UB=12.756634  gap=6.63e-02
  Cut: intercept=-1094.099917, π_x_range=[-822.0154, 567.7679]
  Mini-Benders[1] (mw): LB=11.910447, Z₀(α*)=11.910460, intercept=-106.126497 (0.138s) [OMP=0.110 ISP-L=0.003 ISP-F=0.006 MW-L=0.006 MW-F=0.008]
  Mini-Benders[2] (mw): LB=11.910444, Z₀(α*)=11.910460, intercept=-106.126497 (0.137s) [OMP=0.107 ISP-L=0.003 ISP-F=0.007 MW-L=0.010 MW-F=0.008]
  Mini-Benders[3] (mw): LB=11.910447, Z₀(α*)=11.910460, intercept=-106.126497 (0.121s) [OMP=0.107 ISP-L=0.003 ISP-F=0.006 MW-L=0.006 MW-F=0.008]
  Mini-Benders[4] (mw): LB=11.910447, Z₀(α*)=11.910460, intercept=-106.126497 (0.138s) [OMP=0.107 ISP-L=0.003 ISP-F=0.006 MW-L=0.006 MW-F=0.008]
  Mini-Benders[5] (mw): LB=11.910442, Z₀(α*)=11.910460, intercept=-106.126497 (0.137s) [OMP=0.104 ISP-L=0.003 ISP-F=0.006 MW-L=0.006 MW-F=0.012]
  α-step: Z₀=11.910460, α=[0.000,0.000,0.000,0.000,4.931,0.000,0.000,0.000,0.000,0.000,4.364,0.000,0.000,0.000,1.520,0.000,0.000,0.000,0.000,0.000,0.000,0.000,0.000,0.000,0.000,0.000,0.000,0.000,0.000,0.000]
  Alt-Benders[1] (mw): LB=11.910442, Z₀(α*)=11.910460, intercept=-106.126496 (0.135s) [OMP=0.104 ISP-L=0.003 ISP-F=0.006 MW-L=0.006 MW-F=0.007]
  Alt-Benders[2] (mw): LB=11.910442, Z₀(α*)=11.910460, intercept=-106.126496 (0.120s) [OMP=0.107 ISP-L=0.003 ISP-F=0.006 MW-L=0.006 MW-F=0.011]
  Alt-Benders[3] (mw): LB=11.910460, Z₀(α*)=11.910460, intercept=-106.126496 (0.135s) [OMP=0.105 ISP-L=0.003 ISP-F=0.006 MW-L=0.006 MW-F=0.008]
  Alt-Benders[4] (mw): LB=11.910442, Z₀(α*)=11.910460, intercept=-106.126496 (0.120s) [OMP=0.102 ISP-L=0.003 ISP-F=0.006 MW-L=0.006 MW-F=0.008]
  Alt-Benders[5] (mw): LB=11.910442, Z₀(α*)=11.910460, intercept=-106.126496 (0.120s) [OMP=0.102 ISP-L=0.003 ISP-F=0.006 MW-L=0.006 MW-F=0.008]
  OMP re-solve: 0.107s

=== True-DRO Benders iter 24 ===
  OMP: t₀=11.910442, UB=12.756634, gap=6.63e-02, x=[0, 0, 0, 0, 1, 0, 0, 0, 0, 0, 1, 0, 0, 0, 0, 0, 0, 0, 0, 0, 0, 0, 0, 0, 0, 0, 0, 0, 0, 0] (0.000s)
  Sub: Z₀=11.910459 [LOCAL] (0.1s), α=[0.000,0.000,0.000,0.000,4.931,0.000,0.000,0.000,0.000,0.000,4.364,0.000,0.000,0.000,1.520,0.000,0.000,0.000,0.000,0.000,0.000,0.000,0.000,0.000,0.000,0.000,0.000,0.000,0.000,0.000]
  Iter 24: LB=11.910442  UB=12.756634  gap=6.63e-02
  Cut: intercept=-1094.099917, π_x_range=[-822.0154, 567.7679]
  Mini-Benders[1] (mw): LB=11.910442, Z₀(α*)=11.910460, intercept=-106.126497 (0.122s) [OMP=0.107 ISP-L=0.003 ISP-F=0.006 MW-L=0.006 MW-F=0.008]
  Mini-Benders[2] (mw): LB=11.910442, Z₀(α*)=11.910460, intercept=-106.126497 (0.138s) [OMP=0.112 ISP-L=0.003 ISP-F=0.006 MW-L=0.007 MW-F=0.008]
  Mini-Benders[3] (mw): LB=11.910444, Z₀(α*)=11.910460, intercept=-106.126497 (0.137s) [OMP=0.110 ISP-L=0.003 ISP-F=0.006 MW-L=0.010 MW-F=0.008]
  Mini-Benders[4] (mw): LB=11.910442, Z₀(α*)=11.910460, intercept=-106.126497 (0.136s) [OMP=0.105 ISP-L=0.003 ISP-F=0.006 MW-L=0.006 MW-F=0.008]
  Mini-Benders[5] (mw): LB=11.910442, Z₀(α*)=11.910460, intercept=-106.126497 (0.119s) [OMP=0.103 ISP-L=0.003 ISP-F=0.006 MW-L=0.006 MW-F=0.008]
  α-step: Z₀=11.910460, α=[0.000,0.000,0.000,0.000,4.931,0.000,0.000,0.000,0.000,0.000,4.364,0.000,0.000,0.000,1.520,0.000,0.000,0.000,0.000,0.000,0.000,0.000,0.000,0.000,0.000,0.000,0.000,0.000,0.000,0.000]
  Alt-Benders[1] (mw): LB=11.910460, Z₀(α*)=11.910460, intercept=-106.126496 (0.121s) [OMP=0.109 ISP-L=0.003 ISP-F=0.006 MW-L=0.006 MW-F=0.007]
  Alt-Benders[2] (mw): LB=11.910460, Z₀(α*)=11.910460, intercept=-106.126496 (0.138s) [OMP=0.106 ISP-L=0.003 ISP-F=0.006 MW-L=0.006 MW-F=0.008]
  Alt-Benders[3] (mw): LB=11.910444, Z₀(α*)=11.910460, intercept=-106.126496 (0.137s) [OMP=0.108 ISP-L=0.003 ISP-F=0.007 MW-L=0.006 MW-F=0.012]
  Alt-Benders[4] (mw): LB=11.910460, Z₀(α*)=11.910460, intercept=-106.126496 (0.122s) [OMP=0.104 ISP-L=0.003 ISP-F=0.006 MW-L=0.006 MW-F=0.008]
  Alt-Benders[5] (mw): LB=11.910444, Z₀(α*)=11.910460, intercept=-106.126496 (0.138s) [OMP=0.106 ISP-L=0.003 ISP-F=0.006 MW-L=0.006 MW-F=0.008]
  OMP re-solve: 0.104s

=== True-DRO Benders iter 25 ===
  OMP: t₀=11.910460, UB=12.756634, gap=6.63e-02, x=[0, 0, 0, 0, 1, 0, 0, 0, 0, 0, 1, 0, 0, 0, 0, 0, 0, 0, 0, 0, 0, 0, 0, 0, 0, 0, 0, 0, 0, 0] (0.000s)
  Sub: Z₀=12.108937 [TIME_LIMIT] (15.1s), α=[0.000,0.000,0.000,0.000,4.501,0.000,0.000,0.000,0.000,0.000,3.934,0.000,0.000,0.000,0.395,0.000,0.000,0.000,0.000,0.000,0.000,0.000,0.000,0.000,0.000,0.000,0.967,1.018,0.000,0.000]
  Iter 25: LB=11.910460  UB=12.702640  gap=6.24e-02
  Cut: intercept=-117.986930, π_x_range=[-201.4085, 80.0329]
  Mini-Benders[1] (mw): LB=12.049813, Z₀(α*)=-34.373119, intercept=-50.923174 (0.135s) [OMP=0.123 ISP-L=0.003 ISP-F=0.007 MW-L=0.006 MW-F=0.007]
  Mini-Benders[2] (mw): LB=12.049813, Z₀(α*)=-34.373119, intercept=-50.923174 (0.151s) [OMP=0.117 ISP-L=0.003 ISP-F=0.008 MW-L=0.006 MW-F=0.007]
  Mini-Benders[3] (mw): LB=12.049813, Z₀(α*)=-34.373119, intercept=-50.923174 (0.135s) [OMP=0.117 ISP-L=0.003 ISP-F=0.007 MW-L=0.006 MW-F=0.007]
  Mini-Benders[4]: LB stagnated, break
  α-step: Z₀=12.060329, α=[0.000,0.000,0.000,0.000,0.000,0.000,0.000,0.000,0.000,0.000,0.000,0.000,0.000,0.000,0.000,0.000,0.000,0.000,0.000,0.000,0.000,0.000,0.000,0.000,0.000,1.317,9.497,0.000,0.000,0.000]
  Alt-Benders[1] (mw): LB=12.060329, Z₀(α*)=12.060329, intercept=-40.437851 (0.112s) [OMP=0.093 ISP-L=0.003 ISP-F=0.008 MW-L=0.006 MW-F=0.010]
  Alt-Benders[2] (mw): LB=12.060329, Z₀(α*)=12.060329, intercept=-40.437851 (0.122s) [OMP=0.103 ISP-L=0.003 ISP-F=0.007 MW-L=0.006 MW-F=0.010]
  Alt-Benders[3] (mw): LB=12.060329, Z₀(α*)=12.060329, intercept=-40.437851 (0.122s) [OMP=0.101 ISP-L=0.003 ISP-F=0.008 MW-L=0.010 MW-F=0.010]
  Alt-Benders[4]: LB stagnated, break
  OMP re-solve: 0.000s

=== True-DRO Benders iter 26 ===
  OMP: t₀=12.060329, UB=12.702640, gap=5.06e-02, x=[0, 0, 0, 0, 0, 0, 0, 0, 0, 0, 0, 0, 0, 0, 0, 0, 0, 0, 0, 0, 0, 0, 0, 0, 0, 1, 1, 0, 0, 0] (0.000s)
  Sub: Z₀=12.010355 [LOCAL] (0.1s), α=[0.000,0.000,0.000,0.000,0.000,0.000,0.000,0.000,0.000,0.000,0.000,0.000,0.000,0.000,0.395,0.000,0.000,0.000,0.000,0.000,0.000,0.000,0.000,0.000,0.000,6.279,4.000,0.142,0.000,0.000]
  Iter 26: LB=12.060329  UB=12.702640  gap=5.06e-02
  Cut: intercept=-1137.041731, π_x_range=[-827.9795, 583.7055]
  Mini-Benders[1] (mw): LB=12.060329, Z₀(α*)=12.010356, intercept=-35.772940 (0.137s) [OMP=0.103 ISP-L=0.003 ISP-F=0.008 MW-L=0.006 MW-F=0.007]
  Mini-Benders[2] (mw): LB=12.060329, Z₀(α*)=12.010356, intercept=-35.772940 (0.138s) [OMP=0.122 ISP-L=0.003 ISP-F=0.007 MW-L=0.006 MW-F=0.011]
  Mini-Benders[3]: LB stagnated, break
  α-step: Z₀=12.010356, α=[0.000,0.000,0.000,0.000,0.000,0.000,0.000,0.000,0.000,0.000,0.000,0.000,0.000,0.000,0.395,0.000,0.000,0.000,0.000,0.000,0.000,0.000,0.000,0.000,0.000,6.279,4.141,0.000,0.000,0.000]
  Alt-Benders[1] (mw): LB=12.060327, Z₀(α*)=12.010356, intercept=-35.772940 (0.124s) [OMP=0.100 ISP-L=0.003 ISP-F=0.008 MW-L=0.006 MW-F=0.007]
  Alt-Benders[2] (mw): LB=12.060329, Z₀(α*)=12.010356, intercept=-35.772940 (0.106s) [OMP=0.091 ISP-L=0.003 ISP-F=0.008 MW-L=0.006 MW-F=0.010]
  Alt-Benders[3] (mw): LB=12.060329, Z₀(α*)=12.010356, intercept=-35.772940 (0.122s) [OMP=0.089 ISP-L=0.003 ISP-F=0.008 MW-L=0.006 MW-F=0.007]
  Alt-Benders[4] (mw): LB=12.060329, Z₀(α*)=12.010356, intercept=-35.772940 (0.104s) [OMP=0.090 ISP-L=0.003 ISP-F=0.007 MW-L=0.006 MW-F=0.007]
  Alt-Benders[5]: LB stagnated, break
  OMP re-solve: 0.000s

=== True-DRO Benders iter 27 ===
  OMP: t₀=12.060329, UB=12.702640, gap=5.06e-02, x=[0, 0, 0, 0, 0, 0, 0, 0, 0, 0, 0, 0, 0, 0, 0, 0, 0, 0, 0, 0, 0, 0, 0, 0, 0, 1, 1, 0, 0, 0] (0.000s)
  Sub: Z₀=12.010355 [LOCAL] (0.1s), α=[0.000,0.000,0.000,0.000,0.000,0.000,0.000,0.000,0.000,0.000,0.000,0.000,0.000,0.000,0.395,0.000,0.000,0.000,0.000,0.000,0.000,0.000,0.000,0.000,0.000,6.279,4.000,0.142,0.000,0.000]
  Iter 27: LB=12.060329  UB=12.702640  gap=5.06e-02
  Cut: intercept=-1137.041731, π_x_range=[-827.9795, 583.7055]
  Mini-Benders[1] (mw): LB=12.060329, Z₀(α*)=12.010356, intercept=-35.772940 (0.120s) [OMP=0.091 ISP-L=0.003 ISP-F=0.008 MW-L=0.006 MW-F=0.007]
  Mini-Benders[2] (mw): LB=12.060329, Z₀(α*)=12.010356, intercept=-35.772940 (0.104s) [OMP=0.091 ISP-L=0.003 ISP-F=0.007 MW-L=0.006 MW-F=0.006]
  Mini-Benders[3]: LB stagnated, break
  α-step: Z₀=12.010356, α=[0.000,0.000,0.000,0.000,0.000,0.000,0.000,0.000,0.000,0.000,0.000,0.000,0.000,0.000,0.395,0.000,0.000,0.000,0.000,0.000,0.000,0.000,0.000,0.000,0.000,6.279,4.141,0.000,0.000,0.000]
  Alt-Benders[1] (mw): LB=12.060329, Z₀(α*)=12.010356, intercept=-35.772940 (0.104s) [OMP=0.091 ISP-L=0.003 ISP-F=0.008 MW-L=0.010 MW-F=0.007]
  Alt-Benders[2] (mw): LB=12.060329, Z₀(α*)=12.010356, intercept=-35.772940 (0.104s) [OMP=0.087 ISP-L=0.003 ISP-F=0.008 MW-L=0.006 MW-F=0.007]
  Alt-Benders[3]: LB stagnated, break
  OMP re-solve: 0.000s

=== True-DRO Benders iter 28 ===
  OMP: t₀=12.060329, UB=12.702640, gap=5.06e-02, x=[0, 0, 0, 0, 0, 0, 0, 0, 0, 0, 0, 0, 0, 0, 0, 0, 0, 0, 0, 0, 0, 0, 0, 0, 0, 1, 1, 0, 0, 0] (0.000s)
  Sub: Z₀=12.010355 [LOCAL] (0.1s), α=[0.000,0.000,0.000,0.000,0.000,0.000,0.000,0.000,0.000,0.000,0.000,0.000,0.000,0.000,0.395,0.000,0.000,0.000,0.000,0.000,0.000,0.000,0.000,0.000,0.000,6.279,4.000,0.142,0.000,0.000]
  Iter 28: LB=12.060329  UB=12.702640  gap=5.06e-02
  Cut: intercept=-1137.041731, π_x_range=[-827.9795, 583.7055]
  Mini-Benders[1] (mw): LB=12.060329, Z₀(α*)=12.010356, intercept=-35.772940 (0.121s) [OMP=0.091 ISP-L=0.003 ISP-F=0.008 MW-L=0.010 MW-F=0.007]
  Mini-Benders[2] (mw): LB=12.060329, Z₀(α*)=12.010356, intercept=-35.772940 (0.122s) [OMP=0.092 ISP-L=0.003 ISP-F=0.008 MW-L=0.006 MW-F=0.007]
  Mini-Benders[3]: LB stagnated, break
  α-step: Z₀=12.010356, α=[0.000,0.000,0.000,0.000,0.000,0.000,0.000,0.000,0.000,0.000,0.000,0.000,0.000,0.000,0.395,0.000,0.000,0.000,0.000,0.000,0.000,0.000,0.000,0.000,0.000,6.279,4.141,0.000,0.000,0.000]
  Alt-Benders[1] (mw): LB=12.060329, Z₀(α*)=12.010356, intercept=-35.772940 (0.113s) [OMP=0.090 ISP-L=0.003 ISP-F=0.008 MW-L=0.006 MW-F=0.010]
  Alt-Benders[2] (mw): LB=12.060329, Z₀(α*)=12.010356, intercept=-35.772940 (0.104s) [OMP=0.089 ISP-L=0.003 ISP-F=0.008 MW-L=0.006 MW-F=0.007]
  Alt-Benders[3]: LB stagnated, break
  OMP re-solve: 0.000s

=== True-DRO Benders iter 29 ===
  OMP: t₀=12.060329, UB=12.702640, gap=5.06e-02, x=[0, 0, 0, 0, 0, 0, 0, 0, 0, 0, 0, 0, 0, 0, 0, 0, 0, 0, 0, 0, 0, 0, 0, 0, 0, 1, 1, 0, 0, 0] (0.000s)
  Sub: Z₀=12.010355 [LOCAL] (0.1s), α=[0.000,0.000,0.000,0.000,0.000,0.000,0.000,0.000,0.000,0.000,0.000,0.000,0.000,0.000,0.395,0.000,0.000,0.000,0.000,0.000,0.000,0.000,0.000,0.000,0.000,6.279,4.000,0.142,0.000,0.000]
  Iter 29: LB=12.060329  UB=12.702640  gap=5.06e-02
  Cut: intercept=-1137.041731, π_x_range=[-827.9795, 583.7055]
  Mini-Benders[1] (mw): LB=12.060329, Z₀(α*)=12.010356, intercept=-35.772940 (0.122s) [OMP=0.090 ISP-L=0.003 ISP-F=0.008 MW-L=0.006 MW-F=0.011]
  Mini-Benders[2] (mw): LB=12.060329, Z₀(α*)=12.010356, intercept=-35.772940 (0.106s) [OMP=0.092 ISP-L=0.003 ISP-F=0.008 MW-L=0.006 MW-F=0.007]
  Mini-Benders[3]: LB stagnated, break
  α-step: Z₀=12.010356, α=[0.000,0.000,0.000,0.000,0.000,0.000,0.000,0.000,0.000,0.000,0.000,0.000,0.000,0.000,0.395,0.000,0.000,0.000,0.000,0.000,0.000,0.000,0.000,0.000,0.000,6.279,4.141,0.000,0.000,0.000]
  Alt-Benders[1] (mw): LB=12.060329, Z₀(α*)=12.010356, intercept=-35.772940 (0.108s) [OMP=0.090 ISP-L=0.003 ISP-F=0.008 MW-L=0.006 MW-F=0.007]
  Alt-Benders[2] (mw): LB=12.060329, Z₀(α*)=12.010356, intercept=-35.772940 (0.120s) [OMP=0.091 ISP-L=0.003 ISP-F=0.008 MW-L=0.010 MW-F=0.007]
  Alt-Benders[3]: LB stagnated, break
  OMP re-solve: 0.000s

=== True-DRO Benders iter 30 ===
  OMP: t₀=12.060329, UB=12.702640, gap=5.06e-02, x=[0, 0, 0, 0, 0, 0, 0, 0, 0, 0, 0, 0, 0, 0, 0, 0, 0, 0, 0, 0, 0, 0, 0, 0, 0, 1, 1, 0, 0, 0] (0.000s)
  Sub: Z₀=12.060333 [TIME_LIMIT] (15.1s), α=[0.000,0.000,0.000,0.000,0.000,0.000,0.000,0.000,0.000,0.000,0.000,0.000,0.000,0.000,0.000,0.000,0.000,0.000,0.000,0.000,0.000,0.000,0.000,0.000,0.000,3.868,3.933,3.014,0.000,0.000]
  Iter 30: LB=12.060329  UB=12.702640  gap=5.06e-02
  Cut: intercept=-66.499151, π_x_range=[-241.2369, 44.7568]
  Mini-Benders[1] (mw): LB=12.060333, Z₀(α*)=12.060329, intercept=-40.916982 (0.151s) [OMP=0.131 ISP-L=0.003 ISP-F=0.008 MW-L=0.006 MW-F=0.008]
  Mini-Benders[2] (mw): LB=12.060333, Z₀(α*)=12.060329, intercept=-40.916982 (0.151s) [OMP=0.112 ISP-L=0.003 ISP-F=0.008 MW-L=0.010 MW-F=0.008]
  Mini-Benders[3] (mw): LB=12.060333, Z₀(α*)=12.060329, intercept=-40.916982 (0.135s) [OMP=0.110 ISP-L=0.003 ISP-F=0.008 MW-L=0.006 MW-F=0.008]
  Mini-Benders[4]: LB stagnated, break
  α-step: Z₀=12.060329, α=[0.000,0.000,0.000,0.000,0.000,0.000,0.000,0.000,0.000,0.000,0.000,0.000,0.000,0.000,0.000,0.000,0.000,0.000,0.000,0.000,0.000,0.000,0.000,0.000,0.000,1.317,9.497,0.000,0.000,0.000]
  Alt-Benders[1] (mw): LB=12.060333, Z₀(α*)=12.060329, intercept=-40.437851 (0.139s) [OMP=0.110 ISP-L=0.003 ISP-F=0.008 MW-L=0.006 MW-F=0.014]
  Alt-Benders[2] (mw): LB=12.060333, Z₀(α*)=12.060329, intercept=-40.437851 (0.137s) [OMP=0.108 ISP-L=0.003 ISP-F=0.008 MW-L=0.006 MW-F=0.010]
  Alt-Benders[3] (mw): LB=12.060333, Z₀(α*)=12.060329, intercept=-40.437851 (0.122s) [OMP=0.105 ISP-L=0.003 ISP-F=0.008 MW-L=0.006 MW-F=0.010]
  Alt-Benders[4]: LB stagnated, break
  OMP re-solve: 0.000s

=== True-DRO Benders iter 31 ===
  OMP: t₀=12.060333, UB=12.702640, gap=5.06e-02, x=[0, 0, 0, 0, 0, 0, 0, 0, 0, 0, 0, 0, 0, 0, 0, 0, 0, 0, 0, 0, 0, 0, 0, 0, 0, 1, 1, 0, 0, 0] (0.000s)
  Sub: Z₀=12.010355 [LOCAL] (0.1s), α=[0.000,0.000,0.000,0.000,0.000,0.000,0.000,0.000,0.000,0.000,0.000,0.000,0.000,0.000,0.395,0.000,0.000,0.000,0.000,0.000,0.000,0.000,0.000,0.000,0.000,6.279,4.000,0.142,0.000,0.000]
  Iter 31: LB=12.060333  UB=12.702640  gap=5.06e-02
  Cut: intercept=-1137.041731, π_x_range=[-827.9795, 583.7055]
  Mini-Benders[1] (mw): LB=12.060333, Z₀(α*)=12.010356, intercept=-35.772940 (0.135s) [OMP=0.106 ISP-L=0.003 ISP-F=0.007 MW-L=0.006 MW-F=0.007]
  Mini-Benders[2] (mw): LB=12.060333, Z₀(α*)=12.010356, intercept=-35.772940 (0.135s) [OMP=0.107 ISP-L=0.003 ISP-F=0.008 MW-L=0.006 MW-F=0.007]
  Mini-Benders[3]: LB stagnated, break
  α-step: Z₀=12.010356, α=[0.000,0.000,0.000,0.000,0.000,0.000,0.000,0.000,0.000,0.000,0.000,0.000,0.000,0.000,0.395,0.000,0.000,0.000,0.000,0.000,0.000,0.000,0.000,0.000,0.000,6.279,4.141,0.000,0.000,0.000]
  Alt-Benders[1] (mw): LB=12.060333, Z₀(α*)=12.010356, intercept=-35.772940 (0.124s) [OMP=0.109 ISP-L=0.003 ISP-F=0.008 MW-L=0.006 MW-F=0.007]
  Alt-Benders[2] (mw): LB=12.060333, Z₀(α*)=12.010356, intercept=-35.772940 (0.138s) [OMP=0.106 ISP-L=0.003 ISP-F=0.008 MW-L=0.006 MW-F=0.007]
  Alt-Benders[3]: LB stagnated, break
  OMP re-solve: 0.000s

=== True-DRO Benders iter 32 ===
  OMP: t₀=12.060333, UB=12.702640, gap=5.06e-02, x=[0, 0, 0, 0, 0, 0, 0, 0, 0, 0, 0, 0, 0, 0, 0, 0, 0, 0, 0, 0, 0, 0, 0, 0, 0, 1, 1, 0, 0, 0] (0.000s)
  Sub: Z₀=12.010355 [LOCAL] (0.1s), α=[0.000,0.000,0.000,0.000,0.000,0.000,0.000,0.000,0.000,0.000,0.000,0.000,0.000,0.000,0.395,0.000,0.000,0.000,0.000,0.000,0.000,0.000,0.000,0.000,0.000,6.279,4.000,0.142,0.000,0.000]
  Iter 32: LB=12.060333  UB=12.702640  gap=5.06e-02
  Cut: intercept=-1137.041731, π_x_range=[-827.9795, 583.7055]
  Mini-Benders[1] (mw): LB=12.060333, Z₀(α*)=12.010356, intercept=-35.772940 (0.134s) [OMP=0.106 ISP-L=0.003 ISP-F=0.008 MW-L=0.010 MW-F=0.007]
  Mini-Benders[2] (mw): LB=12.060333, Z₀(α*)=12.010356, intercept=-35.772940 (0.135s) [OMP=0.104 ISP-L=0.003 ISP-F=0.008 MW-L=0.006 MW-F=0.007]
  Mini-Benders[3]: LB stagnated, break
  α-step: Z₀=12.010356, α=[0.000,0.000,0.000,0.000,0.000,0.000,0.000,0.000,0.000,0.000,0.000,0.000,0.000,0.000,0.395,0.000,0.000,0.000,0.000,0.000,0.000,0.000,0.000,0.000,0.000,6.279,4.141,0.000,0.000,0.000]
  Alt-Benders[1] (mw): LB=12.060333, Z₀(α*)=12.010356, intercept=-35.772940 (0.131s) [OMP=0.107 ISP-L=0.003 ISP-F=0.008 MW-L=0.010 MW-F=0.007]
  Alt-Benders[2] (mw): LB=12.060333, Z₀(α*)=12.010356, intercept=-35.772940 (0.136s) [OMP=0.107 ISP-L=0.003 ISP-F=0.008 MW-L=0.006 MW-F=0.007]
  Alt-Benders[3]: LB stagnated, break
  OMP re-solve: 0.000s

=== True-DRO Benders iter 33 ===
  OMP: t₀=12.060333, UB=12.702640, gap=5.06e-02, x=[0, 0, 0, 0, 0, 0, 0, 0, 0, 0, 0, 0, 0, 0, 0, 0, 0, 0, 0, 0, 0, 0, 0, 0, 0, 1, 1, 0, 0, 0] (0.000s)
  Sub: Z₀=12.010355 [LOCAL] (0.1s), α=[0.000,0.000,0.000,0.000,0.000,0.000,0.000,0.000,0.000,0.000,0.000,0.000,0.000,0.000,0.395,0.000,0.000,0.000,0.000,0.000,0.000,0.000,0.000,0.000,0.000,6.279,4.000,0.142,0.000,0.000]
  Iter 33: LB=12.060333  UB=12.702640  gap=5.06e-02
  Cut: intercept=-1137.041731, π_x_range=[-827.9795, 583.7055]
  Mini-Benders[1] (mw): LB=12.060333, Z₀(α*)=12.010356, intercept=-35.772940 (0.138s) [OMP=0.106 ISP-L=0.003 ISP-F=0.008 MW-L=0.006 MW-F=0.011]
  Mini-Benders[2] (mw): LB=12.060333, Z₀(α*)=12.010356, intercept=-35.772940 (0.135s) [OMP=0.107 ISP-L=0.003 ISP-F=0.007 MW-L=0.006 MW-F=0.007]
  Mini-Benders[3]: LB stagnated, break
  α-step: Z₀=12.010356, α=[0.000,0.000,0.000,0.000,0.000,0.000,0.000,0.000,0.000,0.000,0.000,0.000,0.000,0.000,0.395,0.000,0.000,0.000,0.000,0.000,0.000,0.000,0.000,0.000,0.000,6.279,4.141,0.000,0.000,0.000]
  Alt-Benders[1] (mw): LB=12.060333, Z₀(α*)=12.010356, intercept=-35.772940 (0.120s) [OMP=0.106 ISP-L=0.003 ISP-F=0.008 MW-L=0.006 MW-F=0.010]
  Alt-Benders[2] (mw): LB=12.060333, Z₀(α*)=12.010356, intercept=-35.772940 (0.137s) [OMP=0.107 ISP-L=0.003 ISP-F=0.007 MW-L=0.006 MW-F=0.007]
  Alt-Benders[3]: LB stagnated, break
  OMP re-solve: 0.000s

=== True-DRO Benders iter 34 ===
  OMP: t₀=12.060333, UB=12.702640, gap=5.06e-02, x=[0, 0, 0, 0, 0, 0, 0, 0, 0, 0, 0, 0, 0, 0, 0, 0, 0, 0, 0, 0, 0, 0, 0, 0, 0, 1, 1, 0, 0, 0] (0.000s)
  Sub: Z₀=12.010355 [LOCAL] (0.1s), α=[0.000,0.000,0.000,0.000,0.000,0.000,0.000,0.000,0.000,0.000,0.000,0.000,0.000,0.000,0.395,0.000,0.000,0.000,0.000,0.000,0.000,0.000,0.000,0.000,0.000,6.279,4.000,0.142,0.000,0.000]
  Iter 34: LB=12.060333  UB=12.702640  gap=5.06e-02
  Cut: intercept=-1137.041731, π_x_range=[-827.9795, 583.7055]
  Mini-Benders[1] (mw): LB=12.060333, Z₀(α*)=12.010356, intercept=-35.772940 (0.135s) [OMP=0.107 ISP-L=0.003 ISP-F=0.007 MW-L=0.006 MW-F=0.007]
  Mini-Benders[2] (mw): LB=12.060333, Z₀(α*)=12.010356, intercept=-35.772940 (0.141s) [OMP=0.104 ISP-L=0.003 ISP-F=0.008 MW-L=0.010 MW-F=0.007]
  Mini-Benders[3]: LB stagnated, break
  α-step: Z₀=12.010356, α=[0.000,0.000,0.000,0.000,0.000,0.000,0.000,0.000,0.000,0.000,0.000,0.000,0.000,0.000,0.395,0.000,0.000,0.000,0.000,0.000,0.000,0.000,0.000,0.000,0.000,6.279,4.141,0.000,0.000,0.000]
  Alt-Benders[1] (mw): LB=12.060333, Z₀(α*)=12.010356, intercept=-35.772940 (0.120s) [OMP=0.107 ISP-L=0.003 ISP-F=0.007 MW-L=0.006 MW-F=0.007]
  Alt-Benders[2] (mw): LB=12.060333, Z₀(α*)=12.010356, intercept=-35.772940 (0.137s) [OMP=0.107 ISP-L=0.003 ISP-F=0.008 MW-L=0.010 MW-F=0.007]
  Alt-Benders[3]: LB stagnated, break
  OMP re-solve: 0.000s

=== True-DRO Benders iter 35 ===
  OMP: t₀=12.060333, UB=12.702640, gap=5.06e-02, x=[0, 0, 0, 0, 0, 0, 0, 0, 0, 0, 0, 0, 0, 0, 0, 0, 0, 0, 0, 0, 0, 0, 0, 0, 0, 1, 1, 0, 0, 0] (0.000s)
  → Boost: time limit 3600s + MIPGap=0.5% (same x + prev TIME_LIMIT)
  Sub: Z₀=12.060331 (49.0s), α=[0.000,0.000,0.000,0.000,0.000,0.000,0.000,0.000,0.000,0.000,0.000,0.000,0.000,0.000,0.000,0.000,0.000,0.000,0.000,0.000,0.000,0.000,0.000,0.000,0.000,2.039,5.830,2.945,0.000,0.000]
  Iter 35: LB=12.060333  UB=12.060331  gap=1.42e-07
True-DRO Benders converged at iter 35 (gap=1.42e-07)
  Wall time: 172.92 sec
  OMP  time: mean=0.063s, median=0.078s, max=0.132s
  Sub  time (exact): mean=49.006s, median=49.006s, q90=49.006s, max=49.006s (n=1/35)

Result (double): Z₀=12.060331, iters=35, time=173.0s
x arcs = [26, 27]
