============================================================
grid5x5 — double: ε̂=0.20, ε̃=0.20, β=0.00
============================================================
Set parameter Username
Set parameter LicenseID to value 2742039
Academic license - for non-commercial use only - expires 2026-11-20
Set parameter Username
Set parameter LicenseID to value 2742039
Academic license - for non-commercial use only - expires 2026-11-20
Set parameter OutputFlag to value 1
Set parameter LogFile to value "global_miqcp.log"
Set parameter Username
Set parameter LicenseID to value 2742039
Academic license - for non-commercial use only - expires 2026-11-20
Set parameter Username
Set parameter LicenseID to value 2742039
Academic license - for non-commercial use only - expires 2026-11-20
Set parameter Username
Set parameter LicenseID to value 2742039
Academic license - for non-commercial use only - expires 2026-11-20
Set parameter Username
Set parameter LicenseID to value 2742039
Academic license - for non-commercial use only - expires 2026-11-20

=== True-DRO Benders iter 1 ===
  OMP: t₀=14.356761, UB=Inf, gap=NaN, x=[0, 0, 0, 0, 0, 0, 0, 0, 0, 0, 0, 0, 0, 0, 0, 0, 0, 0, 0, 0, 0, 0, 0, 0, 0, 0, 0, 1, 0, 0, 0, 0, 0, 0, 0, 0, 1, 0, 0, 0, 0, 0, 0, 0, 0, 0, 0] (0.021s)
  Sub: Z₀=28.552050 [LOCAL] (0.2s), α=[0.000,0.000,0.000,0.000,0.000,0.000,0.000,0.000,0.000,0.000,0.000,0.000,0.000,0.000,0.000,0.000,0.000,0.000,0.000,0.000,0.000,0.000,0.000,0.000,0.000,0.000,0.000,0.865,3.962,0.000,0.000,0.000,0.000,0.000,0.000,0.000,5.422,0.000,0.000,0.000,0.000,0.000,0.000,0.000,0.000,0.000,0.000]
  Iter 1: LB=14.356761  UB=Inf  gap=NaN
  Cut: intercept=-1152.706941, π_x_range=[-830.3740, 592.4210]
  Mini-Benders[1] (mw): LB=15.740565, Z₀(α*)=4.788363, intercept=-127.827578 (0.089s) [OMP=0.036 ISP-L=0.008 ISP-F=0.017 MW-L=0.016 MW-F=0.011]
  Mini-Benders[2] (mw): LB=15.740565, Z₀(α*)=4.788363, intercept=-127.827578 (0.094s) [OMP=0.046 ISP-L=0.004 ISP-F=0.012 MW-L=0.008 MW-F=0.012]
  Mini-Benders[3] (mw): LB=15.740565, Z₀(α*)=4.788363, intercept=-127.827578 (0.089s) [OMP=0.046 ISP-L=0.004 ISP-F=0.012 MW-L=0.015 MW-F=0.011]
  Mini-Benders[4]: LB stagnated, break
Set parameter NonConvex to value 2
Set parameter DualReductions to value 0
  α-step: Z₀=30.578407, α=[0.000,0.000,0.000,0.000,0.000,0.000,0.000,0.000,0.000,0.000,0.000,0.000,0.000,0.000,0.000,0.000,0.000,0.000,0.000,0.000,0.000,0.000,0.000,0.000,6.145,0.000,0.000,1.021,3.082,0.000,0.000,0.000,0.000,0.000,0.000,0.000,0.000,0.000,0.000,0.000,0.000,0.000,0.000,0.000,0.000,0.000,0.000]
  Alt-Benders[1] (mw): LB=15.748163, Z₀(α*)=30.473031, intercept=-97.825883 (0.076s) [OMP=0.039 ISP-L=0.004 ISP-F=0.010 MW-L=0.009 MW-F=0.012]
  Alt-Benders[2] (mw): LB=16.468695, Z₀(α*)=21.977413, intercept=-114.446014 (0.080s) [OMP=0.042 ISP-L=0.004 ISP-F=0.011 MW-L=0.014 MW-F=0.009]
  Alt-Benders[3] (mw): LB=16.604306, Z₀(α*)=12.829336, intercept=-128.454233 (0.084s) [OMP=0.046 ISP-L=0.004 ISP-F=0.010 MW-L=0.013 MW-F=0.010]
  Alt-Benders[4] (mw): LB=16.604306, Z₀(α*)=12.829336, intercept=-128.454233 (0.082s) [OMP=0.044 ISP-L=0.004 ISP-F=0.010 MW-L=0.009 MW-F=0.013]
  Alt-Benders[5] (mw): LB=16.604306, Z₀(α*)=12.829336, intercept=-128.454233 (0.078s) [OMP=0.044 ISP-L=0.004 ISP-F=0.010 MW-L=0.009 MW-F=0.010]
  OMP re-solve: 0.043s

=== True-DRO Benders iter 2 ===
  OMP: t₀=16.604306, UB=Inf, gap=NaN, x=[0, 0, 0, 0, 0, 0, 0, 0, 0, 0, 0, 0, 0, 0, 0, 0, 0, 0, 0, 0, 0, 0, 0, 0, 0, 0, 0, 1, 0, 0, 0, 0, 1, 0, 0, 0, 0, 0, 0, 0, 0, 0, 0, 0, 0, 0, 0] (0.001s)
  Sub: Z₀=30.570106 [LOCAL] (0.2s), α=[0.000,0.000,0.000,0.000,0.000,0.000,0.000,0.000,0.000,0.000,0.000,0.000,0.000,0.000,0.000,0.000,0.000,0.000,0.000,0.000,0.000,0.000,0.000,0.000,0.000,0.000,0.000,0.000,10.249,0.000,0.000,0.000,0.000,0.000,0.000,0.000,0.000,0.000,0.000,0.000,0.000,0.000,0.000,0.000,0.000,0.000,0.000]
  Iter 2: LB=16.604306  UB=Inf  gap=NaN
  Cut: intercept=-1094.774262, π_x_range=[-824.5949, 563.2112]
  Mini-Benders[1] (mw): LB=17.041466, Z₀(α*)=29.127779, intercept=-106.526418 (0.120s) [OMP=0.077 ISP-L=0.004 ISP-F=0.011 MW-L=0.012 MW-F=0.012]
  Mini-Benders[2] (mw): LB=17.197649, Z₀(α*)=30.382266, intercept=-106.854281 (0.119s) [OMP=0.078 ISP-L=0.004 ISP-F=0.010 MW-L=0.008 MW-F=0.014]
  Mini-Benders[3] (mw): LB=17.217289, Z₀(α*)=29.475905, intercept=-112.897488 (0.136s) [OMP=0.096 ISP-L=0.004 ISP-F=0.010 MW-L=0.008 MW-F=0.013]
  Mini-Benders[4] (mw): LB=17.852499, Z₀(α*)=21.549395, intercept=-135.862981 (0.137s) [OMP=0.096 ISP-L=0.004 ISP-F=0.011 MW-L=0.013 MW-F=0.012]
  Mini-Benders[5] (mw): LB=17.860097, Z₀(α*)=29.234024, intercept=-181.638279 (0.122s) [OMP=0.089 ISP-L=0.004 ISP-F=0.012 MW-L=0.008 MW-F=0.014]
  α-step: Z₀=29.350643, α=[0.000,0.000,0.000,0.000,0.000,0.000,0.000,0.000,0.000,0.000,0.000,0.000,0.000,0.000,0.000,0.000,0.000,0.000,0.000,0.000,0.000,0.000,0.000,0.000,0.000,0.087,0.000,4.156,6.006,0.000,0.000,0.000,0.000,0.000,0.000,0.000,0.000,0.000,0.000,0.000,0.000,0.000,0.000,0.000,0.000,0.000,0.000]
  Alt-Benders[1] (mw): LB=18.324271, Z₀(α*)=31.288995, intercept=-131.313519 (0.104s) [OMP=0.079 ISP-L=0.004 ISP-F=0.010 MW-L=0.008 MW-F=0.011]
  Alt-Benders[2] (mw): LB=18.373711, Z₀(α*)=31.451669, intercept=-217.916928 (0.120s) [OMP=0.082 ISP-L=0.004 ISP-F=0.010 MW-L=0.012 MW-F=0.012]
  Alt-Benders[3] (mw): LB=18.434300, Z₀(α*)=30.635657, intercept=-110.014199 (0.153s) [OMP=0.111 ISP-L=0.004 ISP-F=0.010 MW-L=0.009 MW-F=0.015]
  Alt-Benders[4] (mw): LB=18.507531, Z₀(α*)=-12.509437, intercept=-186.465186 (0.153s) [OMP=0.107 ISP-L=0.004 ISP-F=0.013 MW-L=0.008 MW-F=0.014]
  Alt-Benders[5] (mw): LB=18.507531, Z₀(α*)=-12.509437, intercept=-186.465186 (0.151s) [OMP=0.109 ISP-L=0.004 ISP-F=0.012 MW-L=0.008 MW-F=0.010]
  OMP re-solve: 0.110s

=== True-DRO Benders iter 3 ===
  OMP: t₀=18.507531, UB=Inf, gap=NaN, x=[0, 0, 0, 0, 0, 0, 0, 0, 0, 0, 1, 0, 0, 0, 0, 0, 0, 0, 0, 0, 0, 0, 1, 0, 0, 0, 0, 0, 0, 0, 0, 0, 0, 0, 0, 0, 0, 0, 0, 0, 0, 0, 0, 0, 0, 0, 0] (0.000s)
  Sub: Z₀=33.574960 [LOCAL] (0.2s), α=[0.000,0.000,0.000,0.000,0.000,0.000,0.000,0.000,0.000,0.000,0.000,0.000,0.000,0.000,0.000,0.000,0.000,0.000,0.000,0.000,0.000,0.000,5.204,0.000,0.000,0.000,0.000,0.000,5.046,0.000,0.000,0.000,0.000,0.000,0.000,0.000,0.000,0.000,0.000,0.000,0.000,0.000,0.000,0.000,0.000,0.000,0.000]
  Iter 3: LB=18.507531  UB=Inf  gap=NaN
  Cut: intercept=-1113.569792, π_x_range=[-819.8182, 596.2272]
  Mini-Benders[1] (mw): LB=19.153400, Z₀(α*)=13.111646, intercept=-109.148447 (0.136s) [OMP=0.109 ISP-L=0.004 ISP-F=0.011 MW-L=0.009 MW-F=0.014]
  Mini-Benders[2] (mw): LB=19.153400, Z₀(α*)=13.111646, intercept=-109.148447 (0.166s) [OMP=0.117 ISP-L=0.004 ISP-F=0.011 MW-L=0.008 MW-F=0.011]
  Mini-Benders[3] (mw): LB=19.153400, Z₀(α*)=13.111646, intercept=-109.148447 (0.151s) [OMP=0.115 ISP-L=0.004 ISP-F=0.011 MW-L=0.012 MW-F=0.011]
  Mini-Benders[4]: LB stagnated, break
  α-step: Z₀=32.982296, α=[0.000,0.000,0.000,0.000,0.000,0.000,0.000,0.000,0.000,0.000,0.000,0.000,0.000,0.000,0.000,0.000,0.000,0.000,0.000,0.000,0.000,0.000,0.186,0.180,3.501,0.000,0.000,0.000,5.705,0.000,0.000,0.000,0.000,0.000,0.212,0.256,0.209,0.000,0.000,0.000,0.000,0.000,0.000,0.000,0.000,0.000,0.000]
  Alt-Benders[1] (mw): LB=19.243576, Z₀(α*)=30.486520, intercept=-84.872747 (0.168s) [OMP=0.123 ISP-L=0.004 ISP-F=0.013 MW-L=0.008 MW-F=0.030]
  Alt-Benders[2] (mw): LB=19.309583, Z₀(α*)=27.533531, intercept=-99.795855 (0.151s) [OMP=0.114 ISP-L=0.004 ISP-F=0.011 MW-L=0.008 MW-F=0.011]
  Alt-Benders[3] (mw): LB=19.329224, Z₀(α*)=31.577534, intercept=-134.536792 (0.153s) [OMP=0.109 ISP-L=0.004 ISP-F=0.011 MW-L=0.013 MW-F=0.013]
  Alt-Benders[4] (mw): LB=19.436631, Z₀(α*)=31.143137, intercept=-91.649365 (0.154s) [OMP=0.118 ISP-L=0.004 ISP-F=0.010 MW-L=0.012 MW-F=0.012]
  Alt-Benders[5] (mw): LB=19.508439, Z₀(α*)=23.189922, intercept=-202.665154 (0.166s) [OMP=0.114 ISP-L=0.004 ISP-F=0.011 MW-L=0.009 MW-F=0.013]
  OMP re-solve: 0.114s

=== True-DRO Benders iter 4 ===
  OMP: t₀=20.158270, UB=Inf, gap=NaN, x=[0, 0, 0, 0, 0, 0, 0, 0, 0, 0, 0, 0, 0, 0, 0, 0, 0, 0, 0, 0, 0, 0, 0, 0, 0, 1, 0, 0, 0, 0, 0, 0, 1, 0, 0, 0, 0, 0, 0, 0, 0, 0, 0, 0, 0, 0, 0] (0.000s)
  Sub: Z₀=34.075850 [LOCAL] (0.2s), α=[0.000,0.000,0.000,0.000,0.000,0.000,0.000,0.000,0.000,0.000,0.000,0.000,0.000,0.000,0.000,0.000,0.000,0.000,0.000,0.000,0.000,0.000,0.000,0.000,6.378,0.736,0.000,0.000,3.135,0.000,0.000,0.000,0.000,0.000,0.000,0.000,0.000,0.000,0.000,0.000,0.000,0.000,0.000,0.000,0.000,0.000,0.000]
  Iter 4: LB=20.158270  UB=Inf  gap=NaN
  Cut: intercept=-1152.070864, π_x_range=[-826.0545, 593.9792]
  Mini-Benders[1] (mw): LB=20.236467, Z₀(α*)=30.059575, intercept=-133.571113 (0.150s) [OMP=0.123 ISP-L=0.004 ISP-F=0.011 MW-L=0.012 MW-F=0.012]
  Mini-Benders[2] (mw): LB=20.286273, Z₀(α*)=18.494286, intercept=-146.011228 (0.167s) [OMP=0.115 ISP-L=0.004 ISP-F=0.012 MW-L=0.008 MW-F=0.015]
  Mini-Benders[3] (mw): LB=20.286273, Z₀(α*)=18.494286, intercept=-146.011228 (0.151s) [OMP=0.119 ISP-L=0.004 ISP-F=0.012 MW-L=0.008 MW-F=0.014]
  Mini-Benders[4] (mw): LB=20.286273, Z₀(α*)=18.494286, intercept=-146.011228 (0.150s) [OMP=0.116 ISP-L=0.004 ISP-F=0.012 MW-L=0.008 MW-F=0.012]
  Mini-Benders[5]: LB stagnated, break
  α-step: Z₀=35.581984, α=[0.000,0.000,0.000,0.000,0.000,0.000,0.000,0.000,0.000,0.000,0.000,0.000,0.000,0.000,0.000,0.000,0.000,0.000,0.000,0.000,0.000,0.000,0.000,0.000,2.217,0.000,0.000,0.000,8.032,0.000,0.000,0.000,0.000,0.000,0.000,0.000,0.000,0.000,0.000,0.000,0.000,0.000,0.000,0.000,0.000,0.000,0.000]
  Alt-Benders[1] (mw): LB=20.444597, Z₀(α*)=33.186110, intercept=-75.460124 (0.156s) [OMP=0.123 ISP-L=0.004 ISP-F=0.009 MW-L=0.008 MW-F=0.013]
  Alt-Benders[2] (mw): LB=20.444597, Z₀(α*)=17.152138, intercept=-99.113090 (0.166s) [OMP=0.125 ISP-L=0.004 ISP-F=0.013 MW-L=0.008 MW-F=0.014]
  Alt-Benders[3] (mw): LB=20.444597, Z₀(α*)=17.152138, intercept=-99.113090 (0.151s) [OMP=0.122 ISP-L=0.004 ISP-F=0.013 MW-L=0.008 MW-F=0.011]
  Alt-Benders[4]: LB stagnated, break
  OMP re-solve: 0.000s

=== True-DRO Benders iter 5 ===
  OMP: t₀=20.444597, UB=Inf, gap=NaN, x=[0, 0, 0, 0, 0, 0, 0, 0, 0, 0, 0, 0, 0, 0, 0, 0, 0, 0, 0, 0, 0, 0, 0, 0, 0, 0, 0, 1, 0, 0, 0, 0, 0, 1, 0, 0, 0, 0, 0, 0, 0, 0, 0, 0, 0, 0, 0] (0.000s)
  Sub: Z₀=33.426956 [TIME_LIMIT] (15.2s), α=[0.000,0.000,0.000,0.000,0.000,0.000,0.000,0.000,0.000,0.000,0.000,0.000,0.000,0.000,0.000,0.000,0.000,0.000,0.000,0.000,0.000,0.000,0.000,0.000,2.929,0.000,0.000,7.180,0.000,0.000,0.000,0.000,0.000,0.000,0.000,0.000,0.140,0.000,0.000,0.000,0.000,0.000,0.000,0.000,0.000,0.000,0.000]
  Iter 5: LB=20.444597  UB=33.430716  gap=3.88e-01
  Cut: intercept=-102.115653, π_x_range=[-207.1624, 125.9536]
  Mini-Benders[1] (mw): LB=20.444597, Z₀(α*)=33.347799, intercept=-82.474098 (0.167s) [OMP=0.129 ISP-L=0.004 ISP-F=0.010 MW-L=0.008 MW-F=0.013]
  Mini-Benders[2] (mw): LB=20.485646, Z₀(α*)=-18.569478, intercept=-162.783056 (0.166s) [OMP=0.132 ISP-L=0.004 ISP-F=0.011 MW-L=0.009 MW-F=0.011]
  Mini-Benders[3] (mw): LB=20.485646, Z₀(α*)=-18.569478, intercept=-162.783056 (0.135s) [OMP=0.095 ISP-L=0.004 ISP-F=0.011 MW-L=0.013 MW-F=0.011]
  Mini-Benders[4] (mw): LB=20.485646, Z₀(α*)=-18.569478, intercept=-162.783056 (0.135s) [OMP=0.095 ISP-L=0.004 ISP-F=0.011 MW-L=0.012 MW-F=0.011]
  Mini-Benders[5]: LB stagnated, break
  α-step: Z₀=34.491040, α=[0.000,0.000,0.000,0.000,0.000,0.000,0.000,0.000,0.000,0.000,0.000,0.000,0.000,0.000,0.000,0.000,0.000,0.000,0.000,0.000,0.000,0.000,0.000,0.000,0.000,1.474,0.000,0.000,6.868,0.100,0.000,0.000,0.000,0.000,0.000,0.000,1.807,0.000,0.000,0.000,0.000,0.000,0.000,0.000,0.000,0.000,0.000]
  Alt-Benders[1] (mw): LB=20.546235, Z₀(α*)=29.253969, intercept=-108.145230 (0.178s) [OMP=0.146 ISP-L=0.004 ISP-F=0.010 MW-L=0.009 MW-F=0.013]
  Alt-Benders[2] (mw): LB=20.892243, Z₀(α*)=15.575498, intercept=-202.429665 (0.182s) [OMP=0.138 ISP-L=0.004 ISP-F=0.010 MW-L=0.013 MW-F=0.013]
  Alt-Benders[3] (mw): LB=20.892243, Z₀(α*)=15.575498, intercept=-202.429665 (0.167s) [OMP=0.126 ISP-L=0.004 ISP-F=0.010 MW-L=0.012 MW-F=0.012]
  Alt-Benders[4] (mw): LB=20.892243, Z₀(α*)=15.575498, intercept=-202.429665 (0.166s) [OMP=0.128 ISP-L=0.004 ISP-F=0.010 MW-L=0.009 MW-F=0.015]
  Alt-Benders[5]: LB stagnated, break
  OMP re-solve: 0.000s

=== True-DRO Benders iter 6 ===
  OMP: t₀=20.892243, UB=33.430716, gap=3.75e-01, x=[0, 0, 0, 0, 0, 0, 0, 0, 0, 0, 1, 0, 0, 0, 0, 0, 0, 0, 0, 0, 0, 0, 0, 0, 1, 0, 0, 0, 0, 0, 0, 0, 0, 0, 0, 0, 0, 0, 0, 0, 0, 0, 0, 0, 0, 0, 0] (0.000s)
  Sub: Z₀=28.008054 [LOCAL] (0.2s), α=[0.000,0.000,0.000,0.000,0.000,0.000,0.000,0.000,0.000,0.000,0.420,0.000,0.000,0.000,0.000,0.000,0.000,0.000,0.000,0.000,0.000,0.000,1.554,0.000,5.372,0.000,0.000,0.000,2.902,0.000,0.000,0.000,0.000,0.000,0.000,0.000,0.000,0.000,0.000,0.000,0.000,0.000,0.000,0.000,0.000,0.000,0.000]
  Iter 6: LB=20.892243  UB=33.430716  gap=3.75e-01
  Cut: intercept=-1115.921593, π_x_range=[-824.7680, 586.0510]
  Mini-Benders[1] (mw): LB=20.899841, Z₀(α*)=33.500026, intercept=-197.526792 (0.182s) [OMP=0.139 ISP-L=0.005 ISP-F=0.011 MW-L=0.012 MW-F=0.011]
  Mini-Benders[2] (mw): LB=21.376336, Z₀(α*)=26.617388, intercept=-87.891980 (0.182s) [OMP=0.136 ISP-L=0.005 ISP-F=0.011 MW-L=0.008 MW-F=0.015]
  Mini-Benders[3] (mw): LB=21.549393, Z₀(α*)=18.860814, intercept=-80.236009 (0.182s) [OMP=0.146 ISP-L=0.004 ISP-F=0.010 MW-L=0.009 MW-F=0.016]
  Mini-Benders[4] (mw): LB=21.549393, Z₀(α*)=18.860814, intercept=-80.236009 (0.166s) [OMP=0.130 ISP-L=0.004 ISP-F=0.010 MW-L=0.009 MW-F=0.013]
  Mini-Benders[5] (mw): LB=21.549393, Z₀(α*)=18.860814, intercept=-80.236009 (0.167s) [OMP=0.128 ISP-L=0.004 ISP-F=0.009 MW-L=0.012 MW-F=0.013]
  α-step: Z₀=33.907692, α=[0.000,0.000,0.000,0.000,0.000,0.000,0.000,0.000,0.000,0.000,0.000,0.000,0.000,0.000,0.000,0.000,0.000,0.000,0.000,0.000,0.000,0.000,0.000,0.000,8.119,0.000,0.000,0.000,2.130,0.000,0.000,0.000,0.000,0.000,0.000,0.000,0.000,0.000,0.000,0.000,0.000,0.000,0.000,0.000,0.000,0.000,0.000]
  Alt-Benders[1] (mw): LB=21.798508, Z₀(α*)=24.872540, intercept=-72.276029 (0.183s) [OMP=0.137 ISP-L=0.004 ISP-F=0.010 MW-L=0.009 MW-F=0.014]
  Alt-Benders[2] (mw): LB=21.851213, Z₀(α*)=26.074123, intercept=-94.928608 (0.166s) [OMP=0.132 ISP-L=0.004 ISP-F=0.010 MW-L=0.009 MW-F=0.012]
  Alt-Benders[3] (mw): LB=21.855299, Z₀(α*)=28.945387, intercept=-69.432947 (0.166s) [OMP=0.131 ISP-L=0.004 ISP-F=0.010 MW-L=0.012 MW-F=0.010]
  Alt-Benders[4] (mw): LB=21.878151, Z₀(α*)=17.435522, intercept=-65.550062 (0.182s) [OMP=0.141 ISP-L=0.004 ISP-F=0.010 MW-L=0.009 MW-F=0.016]
  Alt-Benders[5] (mw): LB=21.878151, Z₀(α*)=17.435522, intercept=-65.550062 (0.167s) [OMP=0.125 ISP-L=0.004 ISP-F=0.010 MW-L=0.009 MW-F=0.013]
  OMP re-solve: 0.122s

=== True-DRO Benders iter 7 ===
  OMP: t₀=21.878151, UB=33.430716, gap=3.46e-01, x=[0, 0, 0, 0, 0, 0, 0, 0, 0, 0, 0, 0, 0, 0, 0, 0, 0, 0, 0, 0, 0, 0, 1, 1, 0, 0, 0, 0, 0, 0, 0, 0, 0, 0, 0, 0, 0, 0, 0, 0, 0, 0, 0, 0, 0, 0, 0] (0.000s)
  Sub: Z₀=33.330823 [LOCAL] (0.3s), α=[0.000,0.000,0.000,0.000,0.000,0.000,0.000,0.000,0.000,0.000,0.000,0.000,0.000,0.000,0.000,0.000,0.000,0.000,0.000,0.000,0.000,0.000,5.168,0.136,2.929,0.000,0.000,0.000,0.000,0.000,0.000,0.000,0.000,0.000,0.000,0.211,1.806,0.000,0.000,0.000,0.000,0.000,0.000,0.000,0.000,0.000,0.000]
  Iter 7: LB=21.878151  UB=33.430716  gap=3.46e-01
  Cut: intercept=-1138.495257, π_x_range=[-827.7076, 586.4110]
  Mini-Benders[1] (mw): LB=21.977411, Z₀(α*)=-16.515895, intercept=-109.805057 (0.182s) [OMP=0.143 ISP-L=0.004 ISP-F=0.011 MW-L=0.012 MW-F=0.014]
  Mini-Benders[2] (mw): LB=21.977411, Z₀(α*)=-16.515895, intercept=-109.805057 (0.182s) [OMP=0.141 ISP-L=0.004 ISP-F=0.011 MW-L=0.009 MW-F=0.017]
  Mini-Benders[3] (mw): LB=21.977411, Z₀(α*)=-16.515895, intercept=-109.805057 (0.182s) [OMP=0.145 ISP-L=0.004 ISP-F=0.011 MW-L=0.009 MW-F=0.014]
  Mini-Benders[4]: LB stagnated, break
  α-step: Z₀=32.193774, α=[0.000,0.000,0.000,0.000,0.000,0.000,0.000,0.000,0.000,0.000,0.000,0.000,0.000,0.000,0.000,0.000,0.000,0.000,0.000,0.000,0.000,0.000,0.000,0.000,1.484,0.000,0.000,0.000,2.744,0.000,0.000,0.000,0.000,0.000,0.000,0.000,6.020,0.000,0.000,0.000,0.000,0.000,0.000,0.000,0.000,0.000,0.000]
  Alt-Benders[1] (mw): LB=21.997249, Z₀(α*)=31.307982, intercept=-63.539060 (0.166s) [OMP=0.135 ISP-L=0.004 ISP-F=0.010 MW-L=0.009 MW-F=0.015]
  Alt-Benders[2] (mw): LB=22.070470, Z₀(α*)=25.699238, intercept=-101.553277 (0.167s) [OMP=0.127 ISP-L=0.004 ISP-F=0.009 MW-L=0.007 MW-F=0.014]
  Alt-Benders[3] (mw): LB=22.193144, Z₀(α*)=-18.974167, intercept=-163.866059 (0.167s) [OMP=0.133 ISP-L=0.002 ISP-F=0.011 MW-L=0.006 MW-F=0.016]
  Alt-Benders[4] (mw): LB=22.193144, Z₀(α*)=-18.974167, intercept=-163.866059 (0.182s) [OMP=0.135 ISP-L=0.004 ISP-F=0.011 MW-L=0.013 MW-F=0.016]
  Alt-Benders[5] (mw): LB=22.193144, Z₀(α*)=-18.974167, intercept=-163.866059 (0.182s) [OMP=0.135 ISP-L=0.004 ISP-F=0.011 MW-L=0.008 MW-F=0.019]
  OMP re-solve: 0.133s

=== True-DRO Benders iter 8 ===
  OMP: t₀=22.193144, UB=33.430716, gap=3.36e-01, x=[0, 0, 0, 0, 0, 0, 0, 0, 0, 0, 1, 0, 0, 0, 0, 0, 0, 0, 0, 0, 0, 0, 0, 0, 0, 0, 1, 0, 0, 0, 0, 0, 0, 0, 0, 0, 0, 0, 0, 0, 0, 0, 0, 0, 0, 0, 0] (0.000s)
  Sub: Z₀=35.288461 [LOCAL] (0.2s), α=[0.000,0.000,0.000,0.000,0.000,0.000,0.000,0.000,0.000,0.000,0.000,0.000,0.000,0.000,0.000,0.000,0.000,0.000,0.000,0.000,0.000,0.000,5.204,0.000,0.000,0.000,0.000,0.000,5.046,0.000,0.000,0.000,0.000,0.000,0.000,0.000,0.000,0.000,0.000,0.000,0.000,0.000,0.000,0.000,0.000,0.000,0.000]
  Iter 8: LB=22.193144  UB=33.430716  gap=3.36e-01
  Cut: intercept=-1098.061510, π_x_range=[-827.8197, 583.8477]
  Mini-Benders[1] (mw): LB=22.349327, Z₀(α*)=36.046419, intercept=-70.762230 (0.167s) [OMP=0.131 ISP-L=0.004 ISP-F=0.010 MW-L=0.008 MW-F=0.012]
  Mini-Benders[2] (mw): LB=22.368968, Z₀(α*)=35.667237, intercept=-127.084503 (0.182s) [OMP=0.145 ISP-L=0.004 ISP-F=0.010 MW-L=0.012 MW-F=0.012]
  Mini-Benders[3] (mw): LB=22.850945, Z₀(α*)=13.157573, intercept=-115.536572 (0.198s) [OMP=0.149 ISP-L=0.004 ISP-F=0.010 MW-L=0.007 MW-F=0.014]
  Mini-Benders[4] (mw): LB=22.850945, Z₀(α*)=13.157573, intercept=-115.536572 (0.166s) [OMP=0.133 ISP-L=0.004 ISP-F=0.011 MW-L=0.007 MW-F=0.011]
  Mini-Benders[5] (mw): LB=22.850945, Z₀(α*)=13.157573, intercept=-115.536572 (0.167s) [OMP=0.129 ISP-L=0.004 ISP-F=0.011 MW-L=0.011 MW-F=0.012]
  α-step: Z₀=32.902166, α=[0.000,0.000,0.000,0.000,0.000,0.000,0.000,0.000,0.000,0.000,0.000,0.000,0.000,0.000,0.000,0.000,0.000,0.000,0.000,0.000,0.000,0.000,0.000,0.000,1.484,0.000,0.000,4.577,4.188,0.000,0.000,0.000,0.000,0.000,0.000,0.000,0.000,0.000,0.000,0.000,0.000,0.000,0.000,0.000,0.000,0.000,0.000]
  Alt-Benders[1] (mw): LB=22.897040, Z₀(α*)=16.583185, intercept=-67.613493 (0.182s) [OMP=0.144 ISP-L=0.004 ISP-F=0.011 MW-L=0.008 MW-F=0.013]
  Alt-Benders[2] (mw): LB=22.897040, Z₀(α*)=16.583185, intercept=-67.613493 (0.167s) [OMP=0.130 ISP-L=0.004 ISP-F=0.010 MW-L=0.008 MW-F=0.010]
  Alt-Benders[3] (mw): LB=22.897040, Z₀(α*)=16.583185, intercept=-67.613493 (0.166s) [OMP=0.126 ISP-L=0.004 ISP-F=0.011 MW-L=0.012 MW-F=0.010]
  Alt-Benders[4]: LB stagnated, break
  OMP re-solve: 0.000s

=== True-DRO Benders iter 9 ===
  OMP: t₀=22.897040, UB=33.430716, gap=3.15e-01, x=[0, 0, 0, 0, 0, 0, 0, 0, 0, 0, 0, 0, 0, 0, 0, 0, 0, 0, 0, 0, 0, 0, 0, 0, 1, 0, 0, 0, 0, 0, 0, 0, 0, 0, 0, 0, 1, 0, 0, 0, 0, 0, 0, 0, 0, 0, 0] (0.000s)
  Sub: Z₀=35.552451 [LOCAL] (0.2s), α=[0.000,0.000,0.000,0.000,0.000,0.000,0.000,0.000,0.000,0.000,0.000,0.000,0.000,0.000,0.000,0.000,0.000,0.000,0.000,0.000,0.000,0.000,0.000,0.000,6.509,0.000,0.000,0.000,0.583,0.000,0.000,0.000,0.000,0.000,0.000,0.000,3.157,0.000,0.000,0.000,0.000,0.000,0.000,0.000,0.000,0.000,0.000]
  Iter 9: LB=22.897040  UB=33.430716  gap=3.15e-01
  Cut: intercept=-1138.796566, π_x_range=[-831.0160, 588.1542]
  Mini-Benders[1] (mw): LB=22.982345, Z₀(α*)=33.976656, intercept=-50.773251 (0.183s) [OMP=0.141 ISP-L=0.004 ISP-F=0.011 MW-L=0.009 MW-F=0.013]
  Mini-Benders[2] (mw): LB=23.133016, Z₀(α*)=14.290088, intercept=-35.012922 (0.172s) [OMP=0.141 ISP-L=0.004 ISP-F=0.010 MW-L=0.008 MW-F=0.017]
  Mini-Benders[3] (mw): LB=23.133016, Z₀(α*)=14.290088, intercept=-35.012922 (0.197s) [OMP=0.140 ISP-L=0.004 ISP-F=0.011 MW-L=0.012 MW-F=0.017]
  Mini-Benders[4] (mw): LB=23.133016, Z₀(α*)=14.290088, intercept=-35.012922 (0.183s) [OMP=0.141 ISP-L=0.004 ISP-F=0.011 MW-L=0.008 MW-F=0.020]
  Mini-Benders[5]: LB stagnated, break
  α-step: Z₀=35.859650, α=[0.000,0.000,0.000,0.000,0.000,0.000,0.000,0.000,0.000,0.000,0.000,0.000,0.000,0.000,0.000,0.000,0.000,0.000,0.000,0.000,0.000,0.000,0.000,0.000,7.263,0.000,0.000,0.000,0.907,0.000,0.000,2.079,0.000,0.000,0.000,0.000,0.000,0.000,0.000,0.000,0.000,0.000,0.000,0.000,0.000,0.000,0.000]
  Alt-Benders[1] (mw): LB=23.189920, Z₀(α*)=-10.640196, intercept=-185.498438 (0.178s) [OMP=0.140 ISP-L=0.004 ISP-F=0.010 MW-L=0.013 MW-F=0.012]
  Alt-Benders[2] (mw): LB=23.189920, Z₀(α*)=-10.640196, intercept=-185.498438 (0.167s) [OMP=0.132 ISP-L=0.004 ISP-F=0.010 MW-L=0.013 MW-F=0.011]
  Alt-Benders[3] (mw): LB=23.189920, Z₀(α*)=-10.640196, intercept=-185.498438 (0.166s) [OMP=0.131 ISP-L=0.004 ISP-F=0.010 MW-L=0.009 MW-F=0.014]
  Alt-Benders[4]: LB stagnated, break
  OMP re-solve: 0.000s

=== True-DRO Benders iter 10 ===
  OMP: t₀=23.189920, UB=33.430716, gap=3.06e-01, x=[0, 0, 0, 0, 0, 0, 0, 0, 0, 0, 1, 0, 0, 0, 0, 0, 0, 0, 0, 0, 0, 0, 0, 0, 0, 0, 0, 0, 0, 0, 0, 0, 0, 0, 0, 0, 1, 0, 0, 0, 0, 0, 0, 0, 0, 0, 0] (0.000s)
  Sub: Z₀=33.731633 (1.0s), α=[0.000,0.000,0.000,0.000,0.000,0.000,0.000,0.000,0.000,0.000,0.000,0.000,0.000,0.000,0.000,0.000,0.000,0.000,0.000,0.000,0.000,0.000,3.091,0.000,0.000,0.000,0.000,0.000,6.335,0.000,0.000,0.000,0.000,0.000,0.000,0.000,0.823,0.000,0.000,0.000,0.000,0.000,0.000,0.000,0.000,0.000,0.000]
  Iter 10: LB=23.189920  UB=33.430716  gap=3.06e-01
  Cut: intercept=-213.976853, π_x_range=[-275.0000, 167.7690]
  Sherali-Cut: intercept=-155.820979, π_x_range=[-111.0578, 134.7026]
  Mini-Benders[1] (mw): LB=23.198014, Z₀(α*)=36.287818, intercept=-116.239805 (0.187s) [OMP=0.153 ISP-L=0.005 ISP-F=0.012 MW-L=0.011 MW-F=0.014]
  Mini-Benders[2] (mw): LB=23.381052, Z₀(α*)=-2.780517, intercept=-28.997699 (0.182s) [OMP=0.140 ISP-L=0.004 ISP-F=0.012 MW-L=0.011 MW-F=0.012]
  Mini-Benders[3] (mw): LB=23.381052, Z₀(α*)=-2.780517, intercept=-28.997699 (0.167s) [OMP=0.131 ISP-L=0.004 ISP-F=0.012 MW-L=0.008 MW-F=0.015]
  Mini-Benders[4] (mw): LB=23.381052, Z₀(α*)=-2.780517, intercept=-28.997699 (0.182s) [OMP=0.132 ISP-L=0.004 ISP-F=0.012 MW-L=0.008 MW-F=0.012]
  Mini-Benders[5]: LB stagnated, break
  α-step: Z₀=35.052451, α=[0.000,0.000,0.000,0.000,0.000,0.000,0.000,0.000,0.000,0.000,0.000,0.000,0.000,0.000,0.000,0.000,0.000,0.000,0.000,0.000,0.000,0.000,0.000,0.000,7.876,0.000,0.000,0.000,0.000,0.000,0.000,0.000,0.000,0.000,0.000,0.000,2.373,0.000,0.000,0.000,0.000,0.000,0.000,0.000,0.000,0.000,0.000]
  Alt-Benders[1] (mw): LB=23.388651, Z₀(α*)=31.480001, intercept=-85.435130 (0.179s) [OMP=0.141 ISP-L=0.004 ISP-F=0.011 MW-L=0.012 MW-F=0.013]
  Alt-Benders[2] (mw): LB=23.462882, Z₀(α*)=22.924867, intercept=-93.413577 (0.182s) [OMP=0.148 ISP-L=0.004 ISP-F=0.011 MW-L=0.008 MW-F=0.014]
  Alt-Benders[3] (mw): LB=23.462882, Z₀(α*)=22.924867, intercept=-93.413577 (0.182s) [OMP=0.139 ISP-L=0.004 ISP-F=0.011 MW-L=0.008 MW-F=0.011]
  Alt-Benders[4] (mw): LB=23.462882, Z₀(α*)=22.924867, intercept=-93.413577 (0.166s) [OMP=0.137 ISP-L=0.004 ISP-F=0.011 MW-L=0.012 MW-F=0.011]
  Alt-Benders[5]: LB stagnated, break
  OMP re-solve: 0.000s

=== True-DRO Benders iter 11 ===
  OMP: t₀=23.462882, UB=33.430716, gap=2.98e-01, x=[0, 0, 0, 0, 0, 0, 0, 0, 0, 0, 0, 1, 0, 0, 0, 0, 0, 0, 0, 0, 0, 0, 0, 0, 0, 0, 0, 0, 0, 0, 0, 0, 1, 0, 0, 0, 0, 0, 0, 0, 0, 0, 0, 0, 0, 0, 0] (0.000s)
  Sub: Z₀=36.975903 [LOCAL] (0.2s), α=[0.000,0.000,0.000,0.000,0.000,0.000,0.000,0.000,0.000,0.000,0.000,0.000,0.000,0.000,0.000,0.000,0.000,0.000,0.000,0.000,0.000,0.000,0.000,0.000,2.929,0.000,0.000,0.000,5.078,0.000,0.000,0.000,0.000,0.000,0.000,0.219,2.023,0.000,0.000,0.000,0.000,0.000,0.000,0.000,0.000,0.000,0.000]
  Iter 11: LB=23.462882  UB=33.430716  gap=2.98e-01
  Cut: intercept=-1138.821990, π_x_range=[-824.8172, 593.4328]
  Mini-Benders[1] (mw): LB=23.525390, Z₀(α*)=15.240809, intercept=-179.418263 (0.183s) [OMP=0.139 ISP-L=0.004 ISP-F=0.011 MW-L=0.008 MW-F=0.013]
  Mini-Benders[2] (mw): LB=23.525390, Z₀(α*)=15.240809, intercept=-179.418263 (0.166s) [OMP=0.130 ISP-L=0.004 ISP-F=0.011 MW-L=0.008 MW-F=0.010]
  Mini-Benders[3] (mw): LB=23.525390, Z₀(α*)=15.240809, intercept=-179.418263 (0.166s) [OMP=0.136 ISP-L=0.004 ISP-F=0.011 MW-L=0.012 MW-F=0.010]
  Mini-Benders[4]: LB stagnated, break
  α-step: Z₀=37.801729, α=[0.000,0.000,0.000,0.000,0.000,0.000,0.000,0.000,0.000,0.000,0.000,0.000,0.000,0.000,0.000,0.000,0.000,0.000,0.000,0.000,0.000,0.000,3.582,0.000,0.000,0.000,0.000,0.000,6.335,0.000,0.000,0.000,0.000,0.000,0.000,0.000,0.333,0.000,0.000,0.000,0.000,0.000,0.000,0.000,0.000,0.000,0.000]
  Alt-Benders[1] (mw): LB=23.585979, Z₀(α*)=36.912090, intercept=-100.884208 (0.158s) [OMP=0.138 ISP-L=0.004 ISP-F=0.009 MW-L=0.009 MW-F=0.010]
  Alt-Benders[2] (mw): LB=23.642892, Z₀(α*)=13.396200, intercept=-33.798054 (0.198s) [OMP=0.150 ISP-L=0.004 ISP-F=0.010 MW-L=0.012 MW-F=0.011]
  Alt-Benders[3] (mw): LB=23.642892, Z₀(α*)=13.396200, intercept=-33.798054 (0.182s) [OMP=0.140 ISP-L=0.004 ISP-F=0.010 MW-L=0.011 MW-F=0.011]
  Alt-Benders[4] (mw): LB=23.642892, Z₀(α*)=13.396200, intercept=-33.798054 (0.167s) [OMP=0.140 ISP-L=0.004 ISP-F=0.010 MW-L=0.008 MW-F=0.014]
  Alt-Benders[5]: LB stagnated, break
  OMP re-solve: 0.000s

=== True-DRO Benders iter 12 ===
  OMP: t₀=23.642892, UB=33.430716, gap=2.93e-01, x=[0, 0, 0, 0, 0, 0, 0, 0, 0, 0, 0, 0, 0, 0, 0, 0, 0, 0, 0, 0, 0, 0, 0, 0, 0, 0, 0, 0, 0, 0, 0, 0, 0, 0, 1, 0, 1, 0, 0, 0, 0, 0, 0, 0, 0, 0, 0] (0.000s)
  Sub: Z₀=35.551511 [LOCAL] (0.3s), α=[0.000,0.000,0.000,0.000,0.000,0.000,0.000,0.000,0.000,0.000,0.000,0.000,0.000,0.000,0.000,0.000,0.000,0.000,0.000,0.000,0.000,0.000,0.000,0.000,0.000,0.000,0.000,0.000,0.907,0.000,0.000,0.000,0.000,0.000,0.000,0.000,9.342,0.000,0.000,0.000,0.000,0.000,0.000,0.000,0.000,0.000,0.000]
  Iter 12: LB=23.642892  UB=33.430716  gap=2.93e-01
  Cut: intercept=-1130.940822, π_x_range=[-830.8966, 589.0884]
  Mini-Benders[1] (mw): LB=24.059997, Z₀(α*)=36.863253, intercept=-28.510949 (0.183s) [OMP=0.147 ISP-L=0.004 ISP-F=0.011 MW-L=0.011 MW-F=0.012]
  Mini-Benders[2] (mw): LB=24.079997, Z₀(α*)=35.011203, intercept=-48.003338 (0.213s) [OMP=0.149 ISP-L=0.004 ISP-F=0.011 MW-L=0.008 MW-F=0.031]
  Mini-Benders[3] (mw): LB=24.172546, Z₀(α*)=-23.922719, intercept=-84.249904 (0.182s) [OMP=0.144 ISP-L=0.004 ISP-F=0.010 MW-L=0.009 MW-F=0.015]
  Mini-Benders[4] (mw): LB=24.172546, Z₀(α*)=-23.922719, intercept=-84.249904 (0.167s) [OMP=0.134 ISP-L=0.004 ISP-F=0.010 MW-L=0.009 MW-F=0.012]
  Mini-Benders[5] (mw): LB=24.172546, Z₀(α*)=-23.922719, intercept=-84.249904 (0.182s) [OMP=0.135 ISP-L=0.004 ISP-F=0.010 MW-L=0.012 MW-F=0.012]
  α-step: Z₀=33.048632, α=[0.000,0.000,0.000,0.000,0.000,0.000,0.000,0.000,0.000,0.000,0.000,0.000,0.000,0.000,0.000,0.000,0.000,0.000,0.000,0.000,0.000,0.000,0.000,0.000,0.000,0.000,0.000,0.000,5.071,0.000,0.278,4.900,0.000,0.000,0.000,0.000,0.000,0.000,0.000,0.000,0.000,0.000,0.000,0.000,0.000,0.000,0.000]
  Alt-Benders[1] (mw): LB=24.366148, Z₀(α*)=-9.390589, intercept=-32.125730 (0.167s) [OMP=0.139 ISP-L=0.004 ISP-F=0.009 MW-L=0.008 MW-F=0.010]
  Alt-Benders[2] (mw): LB=24.366148, Z₀(α*)=-9.390589, intercept=-32.125730 (0.182s) [OMP=0.139 ISP-L=0.004 ISP-F=0.009 MW-L=0.013 MW-F=0.010]
  Alt-Benders[3] (mw): LB=24.366148, Z₀(α*)=-9.390589, intercept=-32.125730 (0.166s) [OMP=0.139 ISP-L=0.004 ISP-F=0.009 MW-L=0.012 MW-F=0.010]
  Alt-Benders[4]: LB stagnated, break
  OMP re-solve: 0.000s

=== True-DRO Benders iter 13 ===
  OMP: t₀=24.366148, UB=33.430716, gap=2.71e-01, x=[0, 0, 0, 0, 0, 0, 0, 0, 0, 0, 0, 0, 0, 0, 0, 0, 0, 0, 0, 0, 0, 0, 1, 0, 1, 0, 0, 0, 0, 0, 0, 0, 0, 0, 0, 0, 0, 0, 0, 0, 0, 0, 0, 0, 0, 0, 0] (0.000s)
  Sub: Z₀=35.955820 [LOCAL] (0.3s), α=[0.000,0.000,0.000,0.000,0.000,0.000,0.000,0.000,0.000,0.000,0.000,0.000,0.000,0.000,0.000,0.000,0.000,0.000,0.000,0.000,0.000,0.000,0.000,0.000,9.931,0.000,0.000,0.000,0.000,0.000,0.000,0.000,0.000,0.000,0.000,0.034,0.284,0.000,0.000,0.000,0.000,0.000,0.000,0.000,0.000,0.000,0.000]
  Iter 13: LB=24.366148  UB=33.430716  gap=2.71e-01
  Cut: intercept=-1133.027193, π_x_range=[-830.9615, 586.7645]
  Mini-Benders[1] (mw): LB=24.373747, Z₀(α*)=27.612417, intercept=-59.433261 (0.198s) [OMP=0.156 ISP-L=0.004 ISP-F=0.013 MW-L=0.008 MW-F=0.011]
  Mini-Benders[2] (mw): LB=24.426319, Z₀(α*)=35.868476, intercept=-71.148804 (0.198s) [OMP=0.151 ISP-L=0.004 ISP-F=0.013 MW-L=0.012 MW-F=0.012]
  Mini-Benders[3] (mw): LB=24.667044, Z₀(α*)=35.877689, intercept=-69.279064 (0.198s) [OMP=0.155 ISP-L=0.004 ISP-F=0.011 MW-L=0.008 MW-F=0.015]
  Mini-Benders[4] (mw): LB=24.681954, Z₀(α*)=29.350193, intercept=-62.327626 (0.182s) [OMP=0.146 ISP-L=0.004 ISP-F=0.013 MW-L=0.009 MW-F=0.015]
  Mini-Benders[5] (mw): LB=24.743550, Z₀(α*)=-2.665962, intercept=-119.002527 (0.196s) [OMP=0.155 ISP-L=0.004 ISP-F=0.011 MW-L=0.009 MW-F=0.010]
  α-step: Z₀=34.736306, α=[0.000,0.000,0.000,0.000,0.000,0.000,0.000,0.000,0.000,0.000,0.000,0.000,0.000,0.000,0.000,0.000,0.000,0.000,0.000,0.000,0.000,0.000,0.000,0.000,0.000,0.000,0.000,0.000,5.071,0.000,0.000,0.000,0.000,0.000,0.000,0.000,5.178,0.000,0.000,0.000,0.000,0.000,0.000,0.000,0.000,0.000,0.000]
  Alt-Benders[1] (mw): LB=24.838137, Z₀(α*)=30.585369, intercept=-72.534803 (0.203s) [OMP=0.164 ISP-L=0.004 ISP-F=0.011 MW-L=0.008 MW-F=0.015]
  Alt-Benders[2] (mw): LB=24.838252, Z₀(α*)=16.535113, intercept=-150.827202 (0.182s) [OMP=0.151 ISP-L=0.004 ISP-F=0.010 MW-L=0.008 MW-F=0.011]
  Alt-Benders[3] (mw): LB=24.838252, Z₀(α*)=16.535113, intercept=-150.827202 (0.198s) [OMP=0.150 ISP-L=0.004 ISP-F=0.010 MW-L=0.012 MW-F=0.011]
  Alt-Benders[4] (mw): LB=24.838252, Z₀(α*)=16.535113, intercept=-150.827202 (0.182s) [OMP=0.146 ISP-L=0.004 ISP-F=0.010 MW-L=0.011 MW-F=0.010]
  Alt-Benders[5]: LB stagnated, break
  OMP re-solve: 0.000s

=== True-DRO Benders iter 14 ===
  OMP: t₀=24.838252, UB=33.430716, gap=2.57e-01, x=[0, 0, 0, 0, 0, 0, 0, 0, 0, 0, 1, 0, 0, 0, 0, 1, 0, 0, 0, 0, 0, 0, 0, 0, 0, 0, 0, 0, 0, 0, 0, 0, 0, 0, 0, 0, 0, 0, 0, 0, 0, 0, 0, 0, 0, 0, 0] (0.000s)
  Sub: Z₀=38.530858 [LOCAL] (0.3s), α=[0.000,0.000,0.000,0.000,0.000,0.000,0.000,0.000,0.000,0.000,0.000,0.000,0.000,0.000,0.000,0.000,0.000,0.000,0.000,0.000,0.000,0.000,4.451,0.000,0.000,0.000,0.000,0.000,5.798,0.000,0.000,0.000,0.000,0.000,0.000,0.000,0.000,0.000,0.000,0.000,0.000,0.000,0.000,0.000,0.000,0.000,0.000]
  Iter 14: LB=24.838252  UB=33.430716  gap=2.57e-01
  Cut: intercept=-1050.115820, π_x_range=[-827.3203, 552.1172]
  Mini-Benders[1] (mw): LB=24.857777, Z₀(α*)=32.514978, intercept=-70.770493 (0.167s) [OMP=0.139 ISP-L=0.004 ISP-F=0.012 MW-L=0.009 MW-F=0.011]
  Mini-Benders[2] (mw): LB=24.872538, Z₀(α*)=25.590030, intercept=-104.661005 (0.198s) [OMP=0.160 ISP-L=0.004 ISP-F=0.011 MW-L=0.012 MW-F=0.010]
  Mini-Benders[3] (mw): LB=24.890957, Z₀(α*)=38.012549, intercept=-51.444821 (0.182s) [OMP=0.134 ISP-L=0.004 ISP-F=0.012 MW-L=0.007 MW-F=0.013]
  Mini-Benders[4] (mw): LB=24.895043, Z₀(α*)=38.587651, intercept=-61.319482 (0.182s) [OMP=0.152 ISP-L=0.004 ISP-F=0.011 MW-L=0.008 MW-F=0.014]
  Mini-Benders[5] (mw): LB=24.899043, Z₀(α*)=17.378894, intercept=-43.735171 (0.213s) [OMP=0.163 ISP-L=0.004 ISP-F=0.012 MW-L=0.010 MW-F=0.011]
  α-step: Z₀=37.253673, α=[0.000,0.000,0.000,0.000,0.000,0.000,0.000,0.000,0.000,0.000,0.000,0.000,0.000,0.000,0.000,0.000,0.000,0.000,0.000,0.000,0.000,0.000,0.000,0.000,0.160,0.000,0.000,0.000,2.744,0.000,0.000,0.000,0.000,0.000,0.000,0.000,7.345,0.000,0.000,0.000,0.000,0.000,0.000,0.000,0.000,0.000,0.000]
  Alt-Benders[1] (mw): LB=24.912109, Z₀(α*)=-23.846987, intercept=-33.708358 (0.213s) [OMP=0.167 ISP-L=0.004 ISP-F=0.010 MW-L=0.008 MW-F=0.017]
  Alt-Benders[2] (mw): LB=24.912109, Z₀(α*)=-23.846987, intercept=-33.708358 (0.182s) [OMP=0.150 ISP-L=0.004 ISP-F=0.010 MW-L=0.008 MW-F=0.014]
  Alt-Benders[3] (mw): LB=24.912109, Z₀(α*)=-23.846987, intercept=-33.708358 (0.198s) [OMP=0.147 ISP-L=0.004 ISP-F=0.010 MW-L=0.012 MW-F=0.014]
  Alt-Benders[4]: LB stagnated, break
  OMP re-solve: 0.000s

=== True-DRO Benders iter 15 ===
  OMP: t₀=24.912109, UB=33.430716, gap=2.55e-01, x=[0, 0, 0, 0, 0, 0, 0, 0, 0, 0, 0, 0, 0, 0, 0, 0, 0, 0, 0, 0, 0, 0, 0, 0, 0, 1, 0, 0, 0, 0, 0, 1, 0, 0, 0, 0, 0, 0, 0, 0, 0, 0, 0, 0, 0, 0, 0] (0.000s)
  Sub: Z₀=37.703511 (2.7s), α=[0.000,0.000,0.000,0.000,0.000,0.000,0.000,0.000,0.000,0.000,0.000,0.000,0.000,0.000,0.000,0.000,0.000,0.000,0.000,0.000,0.000,0.000,0.000,0.000,7.523,0.000,0.000,0.000,0.325,0.000,0.000,2.402,0.000,0.000,0.000,0.000,0.000,0.000,0.000,0.000,0.000,0.000,0.000,0.000,0.000,0.000,0.000]
  Iter 15: LB=24.912109  UB=33.430716  gap=2.55e-01
  Cut: intercept=-77.350451, π_x_range=[-189.7547, 84.7550]
  Sherali-Cut: intercept=-19.942821, π_x_range=[-137.9025, 37.4254]
  Mini-Benders[1] (mw): LB=25.007091, Z₀(α*)=17.701966, intercept=-88.908583 (0.197s) [OMP=0.156 ISP-L=0.004 ISP-F=0.011 MW-L=0.009 MW-F=0.014]
  Mini-Benders[2] (mw): LB=25.007091, Z₀(α*)=17.701966, intercept=-88.908583 (0.167s) [OMP=0.141 ISP-L=0.004 ISP-F=0.011 MW-L=0.009 MW-F=0.011]
  Mini-Benders[3] (mw): LB=25.007091, Z₀(α*)=17.701966, intercept=-88.908583 (0.182s) [OMP=0.141 ISP-L=0.004 ISP-F=0.010 MW-L=0.013 MW-F=0.011]
  Mini-Benders[4]: LB stagnated, break
  α-step: Z₀=35.833627, α=[0.000,0.000,0.000,0.000,0.000,0.000,0.000,0.000,0.000,0.000,0.000,0.000,0.000,0.000,0.000,0.000,0.000,0.000,0.000,0.000,0.000,0.000,0.000,0.000,3.381,0.000,0.000,0.000,6.868,0.000,0.000,0.000,0.000,0.000,0.000,0.000,0.000,0.000,0.000,0.000,0.000,0.000,0.000,0.000,0.000,0.000,0.000]
  Alt-Benders[1] (mw): LB=25.010674, Z₀(α*)=6.533786, intercept=-69.650896 (0.183s) [OMP=0.151 ISP-L=0.004 ISP-F=0.010 MW-L=0.007 MW-F=0.015]
  Alt-Benders[2] (mw): LB=25.010674, Z₀(α*)=6.533786, intercept=-69.650896 (0.182s) [OMP=0.148 ISP-L=0.004 ISP-F=0.011 MW-L=0.007 MW-F=0.011]
  Alt-Benders[3] (mw): LB=25.010674, Z₀(α*)=6.533786, intercept=-69.650896 (0.182s) [OMP=0.148 ISP-L=0.004 ISP-F=0.010 MW-L=0.011 MW-F=0.011]
  Alt-Benders[4]: LB stagnated, break
  OMP re-solve: 0.000s

=== True-DRO Benders iter 16 ===
  OMP: t₀=25.010674, UB=33.430716, gap=2.52e-01, x=[0, 0, 0, 0, 0, 0, 0, 0, 0, 0, 1, 0, 0, 0, 0, 0, 0, 0, 0, 0, 0, 0, 0, 1, 0, 0, 0, 0, 0, 0, 0, 0, 0, 0, 0, 0, 0, 0, 0, 0, 0, 0, 0, 0, 0, 0, 0] (0.000s)
  Sub: Z₀=37.112284 [LOCAL] (0.3s), α=[0.000,0.000,0.000,0.000,0.000,0.000,0.000,0.000,0.000,0.000,0.000,0.000,0.000,0.000,0.000,0.000,0.000,0.000,0.000,0.000,0.000,0.000,7.696,0.000,2.396,0.000,0.000,0.000,0.000,0.000,0.000,0.000,0.000,0.000,0.000,0.000,0.157,0.000,0.000,0.000,0.000,0.000,0.000,0.000,0.000,0.000,0.000]
  Iter 16: LB=25.010674  UB=33.430716  gap=2.52e-01
  Cut: intercept=-1089.218496, π_x_range=[-822.9539, 579.4214]
  Mini-Benders[1] (mw): LB=25.532121, Z₀(α*)=36.829240, intercept=-99.735952 (0.213s) [OMP=0.156 ISP-L=0.004 ISP-F=0.010 MW-L=0.008 MW-F=0.030]
  Mini-Benders[2] (mw): LB=25.590028, Z₀(α*)=-21.117500, intercept=-115.238687 (0.182s) [OMP=0.153 ISP-L=0.004 ISP-F=0.011 MW-L=0.009 MW-F=0.010]
  Mini-Benders[3] (mw): LB=25.590029, Z₀(α*)=-21.117500, intercept=-115.238687 (0.182s) [OMP=0.144 ISP-L=0.004 ISP-F=0.012 MW-L=0.013 MW-F=0.010]
  Mini-Benders[4] (mw): LB=25.590029, Z₀(α*)=-21.117500, intercept=-115.238687 (0.182s) [OMP=0.144 ISP-L=0.004 ISP-F=0.011 MW-L=0.008 MW-F=0.013]
  Mini-Benders[5]: LB stagnated, break
  α-step: Z₀=35.634671, α=[0.000,0.000,0.000,0.000,0.000,0.000,0.000,0.000,0.000,0.000,0.000,0.000,0.000,0.000,0.000,0.000,0.000,0.000,0.000,0.000,0.000,0.000,0.000,0.000,3.328,0.000,0.000,0.000,5.078,0.000,0.000,0.000,0.000,0.000,0.000,1.843,0.000,0.000,0.000,0.000,0.000,0.000,0.000,0.000,0.000,0.000,0.000]
  Alt-Benders[1] (mw): LB=25.667050, Z₀(α*)=24.602551, intercept=-47.019613 (0.193s) [OMP=0.151 ISP-L=0.004 ISP-F=0.011 MW-L=0.013 MW-F=0.014]
  Alt-Benders[2] (mw): LB=25.667050, Z₀(α*)=24.602551, intercept=-47.019613 (0.182s) [OMP=0.138 ISP-L=0.004 ISP-F=0.011 MW-L=0.013 MW-F=0.014]
  Alt-Benders[3] (mw): LB=25.667050, Z₀(α*)=24.602551, intercept=-47.019613 (0.182s) [OMP=0.137 ISP-L=0.004 ISP-F=0.011 MW-L=0.009 MW-F=0.018]
  Alt-Benders[4]: LB stagnated, break
  OMP re-solve: 0.000s

=== True-DRO Benders iter 17 ===
  OMP: t₀=25.667050, UB=33.430716, gap=2.32e-01, x=[0, 0, 0, 0, 0, 0, 0, 0, 0, 0, 0, 0, 0, 0, 0, 0, 0, 0, 0, 0, 0, 0, 1, 0, 0, 0, 1, 0, 0, 0, 0, 0, 0, 0, 0, 0, 0, 0, 0, 0, 0, 0, 0, 0, 0, 0, 0] (0.000s)
  Sub: Z₀=35.665090 [LOCAL] (0.4s), α=[0.000,0.000,0.000,0.000,0.000,0.000,0.000,0.000,0.000,0.000,0.000,0.000,0.000,0.000,0.000,0.000,0.000,0.000,0.000,0.000,0.000,0.000,2.203,0.000,8.046,0.000,0.000,0.000,0.000,0.000,0.000,0.000,0.000,0.000,0.000,0.000,0.000,0.000,0.000,0.000,0.000,0.000,0.000,0.000,0.000,0.000,0.000]
  Iter 17: LB=25.667050  UB=33.430716  gap=2.32e-01
  Cut: intercept=-1128.015023, π_x_range=[-830.0697, 584.4307]
  Mini-Benders[1] (mw): LB=25.683353, Z₀(α*)=18.866461, intercept=-68.601755 (0.184s) [OMP=0.137 ISP-L=0.004 ISP-F=0.012 MW-L=0.011 MW-F=0.010]
  Mini-Benders[2] (mw): LB=25.683353, Z₀(α*)=18.866461, intercept=-68.601755 (0.183s) [OMP=0.155 ISP-L=0.004 ISP-F=0.012 MW-L=0.008 MW-F=0.013]
  Mini-Benders[3] (mw): LB=25.683353, Z₀(α*)=18.866461, intercept=-68.601755 (0.197s) [OMP=0.153 ISP-L=0.004 ISP-F=0.012 MW-L=0.008 MW-F=0.013]
  Mini-Benders[4]: LB stagnated, break
  α-step: Z₀=35.847893, α=[0.000,0.000,0.000,0.000,0.000,0.000,0.000,0.000,0.000,0.000,0.000,0.000,0.000,0.000,0.000,0.000,0.000,0.000,0.000,0.000,0.000,0.000,0.000,0.000,6.378,0.000,0.000,0.000,2.744,0.000,0.000,0.000,0.000,0.000,0.000,0.000,1.126,0.000,0.000,0.000,0.000,0.000,0.000,0.000,0.000,0.000,0.000]
  Alt-Benders[1] (mw): LB=25.686823, Z₀(α*)=34.870891, intercept=-32.298193 (0.177s) [OMP=0.145 ISP-L=0.004 ISP-F=0.011 MW-L=0.012 MW-F=0.011]
  Alt-Benders[2] (mw): LB=25.699237, Z₀(α*)=29.932997, intercept=-95.673467 (0.182s) [OMP=0.149 ISP-L=0.004 ISP-F=0.009 MW-L=0.008 MW-F=0.015]
  Alt-Benders[3] (mw): LB=25.823233, Z₀(α*)=16.476504, intercept=-51.064184 (0.182s) [OMP=0.144 ISP-L=0.004 ISP-F=0.010 MW-L=0.008 MW-F=0.009]
  Alt-Benders[4] (mw): LB=25.823233, Z₀(α*)=16.476504, intercept=-51.064184 (0.182s) [OMP=0.148 ISP-L=0.004 ISP-F=0.010 MW-L=0.012 MW-F=0.009]
  Alt-Benders[5] (mw): LB=25.823233, Z₀(α*)=16.476504, intercept=-51.064184 (0.198s) [OMP=0.149 ISP-L=0.004 ISP-F=0.010 MW-L=0.012 MW-F=0.009]
  OMP re-solve: 0.149s

=== True-DRO Benders iter 18 ===
  OMP: t₀=25.823233, UB=33.430716, gap=2.28e-01, x=[0, 0, 0, 0, 0, 0, 0, 0, 0, 0, 0, 0, 0, 0, 0, 0, 0, 0, 0, 0, 0, 0, 1, 0, 0, 0, 0, 0, 0, 0, 0, 0, 0, 0, 1, 0, 0, 0, 0, 0, 0, 0, 0, 0, 0, 0, 0] (0.000s)
  Sub: Z₀=34.930484 [LOCAL] (0.2s), α=[0.000,0.000,0.000,0.000,0.000,0.000,0.000,0.000,0.000,0.000,0.000,0.000,0.000,0.000,0.000,0.000,0.000,0.000,0.000,0.000,0.000,0.000,0.000,0.000,0.000,0.000,0.000,0.000,1.625,0.000,0.000,0.000,0.000,0.000,2.422,2.014,4.188,0.000,0.000,0.000,0.000,0.000,0.000,0.000,0.000,0.000,0.000]
  Iter 18: LB=25.823233  UB=33.430716  gap=2.28e-01
  Cut: intercept=-1133.955945, π_x_range=[-831.2775, 586.4581]
  Mini-Benders[1] (mw): LB=25.842873, Z₀(α*)=17.993540, intercept=-65.920315 (0.182s) [OMP=0.146 ISP-L=0.004 ISP-F=0.013 MW-L=0.008 MW-F=0.013]
  Mini-Benders[2] (mw): LB=25.842873, Z₀(α*)=17.993540, intercept=-65.920315 (0.182s) [OMP=0.144 ISP-L=0.004 ISP-F=0.013 MW-L=0.012 MW-F=0.013]
  Mini-Benders[3] (mw): LB=25.842873, Z₀(α*)=17.993540, intercept=-65.920315 (0.198s) [OMP=0.145 ISP-L=0.004 ISP-F=0.013 MW-L=0.008 MW-F=0.016]
  Mini-Benders[4]: LB stagnated, break
  α-step: Z₀=36.274644, α=[0.000,0.000,0.000,0.000,0.000,0.000,0.000,0.000,0.000,0.000,0.000,0.000,0.000,0.000,0.000,0.000,0.000,0.000,0.000,0.000,0.000,0.000,0.000,0.000,3.426,0.000,0.000,0.000,0.953,0.000,0.000,0.000,0.000,0.000,0.000,0.000,5.870,0.000,0.000,0.000,0.000,0.000,0.000,0.000,0.000,0.000,0.000]
  Alt-Benders[1] (mw): LB=25.860295, Z₀(α*)=13.597602, intercept=-35.886492 (0.180s) [OMP=0.148 ISP-L=0.004 ISP-F=0.010 MW-L=0.008 MW-F=0.014]
  Alt-Benders[2] (mw): LB=25.860295, Z₀(α*)=13.597602, intercept=-35.886492 (0.183s) [OMP=0.144 ISP-L=0.004 ISP-F=0.010 MW-L=0.012 MW-F=0.014]
  Alt-Benders[3] (mw): LB=25.860295, Z₀(α*)=13.597602, intercept=-35.886492 (0.197s) [OMP=0.149 ISP-L=0.004 ISP-F=0.010 MW-L=0.008 MW-F=0.017]
  Alt-Benders[4]: LB stagnated, break
  OMP re-solve: 0.000s

=== True-DRO Benders iter 19 ===
  OMP: t₀=25.860295, UB=33.430716, gap=2.26e-01, x=[0, 0, 0, 0, 0, 0, 0, 0, 0, 0, 0, 0, 0, 0, 0, 0, 0, 0, 0, 0, 0, 0, 0, 0, 1, 1, 0, 0, 0, 0, 0, 0, 0, 0, 0, 0, 0, 0, 0, 0, 0, 0, 0, 0, 0, 0, 0] (0.000s)
  Sub: Z₀=37.698866 [LOCAL] (0.2s), α=[0.000,0.000,0.000,0.000,0.000,0.000,0.000,0.000,0.000,0.000,0.000,0.000,0.000,0.000,0.000,0.000,0.000,0.000,0.000,0.000,0.000,0.000,0.000,0.000,8.146,1.196,0.000,0.000,0.907,0.000,0.000,0.000,0.000,0.000,0.000,0.000,0.000,0.000,0.000,0.000,0.000,0.000,0.000,0.000,0.000,0.000,0.000]
  Iter 19: LB=25.860295  UB=33.430716  gap=2.26e-01
  Cut: intercept=-1137.184423, π_x_range=[-830.3668, 591.5635]
  Mini-Benders[1] (mw): LB=25.922731, Z₀(α*)=9.468425, intercept=-96.729532 (0.182s) [OMP=0.146 ISP-L=0.004 ISP-F=0.012 MW-L=0.012 MW-F=0.011]
  Mini-Benders[2] (mw): LB=25.922731, Z₀(α*)=9.468425, intercept=-96.729532 (0.182s) [OMP=0.148 ISP-L=0.004 ISP-F=0.012 MW-L=0.008 MW-F=0.014]
  Mini-Benders[3] (mw): LB=25.922731, Z₀(α*)=9.468425, intercept=-96.729532 (0.182s) [OMP=0.146 ISP-L=0.004 ISP-F=0.012 MW-L=0.008 MW-F=0.014]
  Mini-Benders[4]: LB stagnated, break
  α-step: Z₀=39.355922, α=[0.000,0.000,0.000,0.000,0.000,0.000,0.000,0.000,0.000,0.000,0.000,0.000,0.000,0.000,0.000,0.000,0.000,0.000,0.000,0.000,0.000,0.000,3.012,0.000,0.902,0.000,0.000,0.000,6.335,0.000,0.000,0.000,0.000,0.000,0.000,0.000,0.000,0.000,0.000,0.000,0.000,0.000,0.000,0.000,0.000,0.000,0.000]
  Alt-Benders[1] (mw): LB=25.958579, Z₀(α*)=39.067600, intercept=-120.312065 (0.172s) [OMP=0.144 ISP-L=0.004 ISP-F=0.011 MW-L=0.011 MW-F=0.010]
  Alt-Benders[2] (mw): LB=26.014199, Z₀(α*)=30.840650, intercept=-150.235729 (0.198s) [OMP=0.162 ISP-L=0.004 ISP-F=0.011 MW-L=0.008 MW-F=0.014]
  Alt-Benders[3] (mw): LB=26.074121, Z₀(α*)=29.641458, intercept=-58.781577 (0.182s) [OMP=0.148 ISP-L=0.004 ISP-F=0.011 MW-L=0.008 MW-F=0.010]
  Alt-Benders[4] (mw): LB=26.074788, Z₀(α*)=31.528223, intercept=-28.362618 (0.198s) [OMP=0.147 ISP-L=0.004 ISP-F=0.010 MW-L=0.013 MW-F=0.011]
  Alt-Benders[5] (mw): LB=26.194522, Z₀(α*)=25.259251, intercept=-10.080018 (0.182s) [OMP=0.153 ISP-L=0.004 ISP-F=0.011 MW-L=0.011 MW-F=0.010]
  OMP re-solve: 0.158s

=== True-DRO Benders iter 20 ===
  OMP: t₀=26.194522, UB=33.430716, gap=2.16e-01, x=[0, 0, 0, 0, 0, 0, 0, 0, 0, 0, 0, 0, 0, 0, 0, 0, 0, 0, 0, 0, 0, 0, 0, 0, 0, 0, 0, 0, 1, 0, 0, 0, 0, 0, 0, 0, 1, 0, 0, 0, 0, 0, 0, 0, 0, 0, 0] (0.000s)
  Sub: Z₀=38.594363 (1.0s), α=[0.000,0.000,0.000,0.000,0.000,0.000,0.000,0.000,0.000,0.000,0.000,0.000,0.000,0.000,0.000,0.000,0.000,0.000,0.000,0.000,0.000,0.000,0.000,0.000,0.000,0.000,0.000,0.000,3.064,0.000,0.000,0.000,0.000,0.000,0.000,0.000,7.185,0.000,0.000,0.000,0.000,0.000,0.000,0.000,0.000,0.000,0.000]
  Iter 20: LB=26.194522  UB=33.430716  gap=2.16e-01
  Cut: intercept=-24.348124, π_x_range=[-244.5524, 57.0856]
  Sherali-Cut: intercept=-1.224155, π_x_range=[-140.0723, 36.9551]
  Mini-Benders[1] (mw): LB=26.202506, Z₀(α*)=-17.873872, intercept=-37.396212 (0.182s) [OMP=0.147 ISP-L=0.004 ISP-F=0.012 MW-L=0.010 MW-F=0.012]
  Mini-Benders[2] (mw): LB=26.202506, Z₀(α*)=-17.873872, intercept=-37.396212 (0.167s) [OMP=0.130 ISP-L=0.004 ISP-F=0.012 MW-L=0.013 MW-F=0.012]
  Mini-Benders[3] (mw): LB=26.202506, Z₀(α*)=-17.873872, intercept=-37.396212 (0.166s) [OMP=0.132 ISP-L=0.004 ISP-F=0.012 MW-L=0.012 MW-F=0.011]
  Mini-Benders[4]: LB stagnated, break
  α-step: Z₀=38.068674, α=[0.000,0.000,0.000,0.000,0.000,0.000,0.000,0.000,0.000,0.000,0.000,0.000,0.000,0.000,0.000,0.000,0.000,0.000,0.000,0.000,0.000,0.000,0.000,0.000,7.115,0.000,0.000,0.000,3.135,0.000,0.000,0.000,0.000,0.000,0.000,0.000,0.000,0.000,0.000,0.000,0.000,0.000,0.000,0.000,0.000,0.000,0.000]
  Alt-Benders[1] (mw): LB=26.257859, Z₀(α*)=9.501701, intercept=-133.814713 (0.183s) [OMP=0.149 ISP-L=0.004 ISP-F=0.012 MW-L=0.009 MW-F=0.012]
  Alt-Benders[2] (mw): LB=26.257859, Z₀(α*)=9.501701, intercept=-133.814713 (0.182s) [OMP=0.141 ISP-L=0.004 ISP-F=0.011 MW-L=0.013 MW-F=0.012]
  Alt-Benders[3] (mw): LB=26.257859, Z₀(α*)=9.501701, intercept=-133.814713 (0.182s) [OMP=0.139 ISP-L=0.004 ISP-F=0.011 MW-L=0.009 MW-F=0.015]
  Alt-Benders[4]: LB stagnated, break
  OMP re-solve: 0.000s

=== True-DRO Benders iter 21 ===
  OMP: t₀=26.257859, UB=33.430716, gap=2.15e-01, x=[0, 0, 0, 0, 0, 0, 0, 0, 0, 0, 0, 0, 0, 0, 0, 0, 0, 0, 0, 0, 0, 0, 0, 0, 0, 0, 0, 0, 0, 1, 0, 1, 0, 0, 0, 0, 0, 0, 0, 0, 0, 0, 0, 0, 0, 0, 0] (0.000s)
  Sub: Z₀=36.813286 [LOCAL] (0.2s), α=[0.000,0.000,0.000,0.000,0.000,0.000,0.000,0.000,0.000,0.000,0.000,0.000,0.000,0.000,0.000,0.000,0.000,0.000,0.000,0.000,0.000,0.000,0.000,0.000,0.000,0.000,0.000,0.026,3.864,0.000,0.000,6.360,0.000,0.000,0.000,0.000,0.000,0.000,0.000,0.000,0.000,0.000,0.000,0.000,0.000,0.000,0.000]
  Iter 21: LB=26.257859  UB=33.430716  gap=2.15e-01
  Cut: intercept=-1088.120618, π_x_range=[-829.9185, 566.5456]
  Mini-Benders[1] (mw): LB=26.263347, Z₀(α*)=-6.537387, intercept=3.150059 (0.198s) [OMP=0.155 ISP-L=0.004 ISP-F=0.010 MW-L=0.011 MW-F=0.011]
  Mini-Benders[2] (mw): LB=26.263347, Z₀(α*)=-6.537387, intercept=3.150059 (0.214s) [OMP=0.170 ISP-L=0.004 ISP-F=0.010 MW-L=0.011 MW-F=0.011]
  Mini-Benders[3] (mw): LB=26.263347, Z₀(α*)=-6.537387, intercept=3.150059 (0.213s) [OMP=0.170 ISP-L=0.004 ISP-F=0.010 MW-L=0.008 MW-F=0.015]
  Mini-Benders[4]: LB stagnated, break
  α-step: Z₀=36.121352, α=[0.000,0.000,0.000,0.000,0.000,0.000,0.000,0.000,0.000,0.000,0.000,0.000,0.000,0.000,0.000,0.000,0.000,0.000,0.000,0.000,0.000,0.000,0.000,0.000,7.212,0.000,0.000,0.292,2.744,0.000,0.000,0.000,0.000,0.000,0.000,0.000,0.000,0.000,0.000,0.000,0.000,0.000,0.000,0.000,0.000,0.000,0.000]
  Alt-Benders[1] (mw): LB=26.318608, Z₀(α*)=26.866790, intercept=-43.577328 (0.180s) [OMP=0.153 ISP-L=0.004 ISP-F=0.010 MW-L=0.012 MW-F=0.011]
  Alt-Benders[2] (mw): LB=26.363384, Z₀(α*)=33.763130, intercept=-33.573218 (0.197s) [OMP=0.151 ISP-L=0.004 ISP-F=0.011 MW-L=0.008 MW-F=0.013]
  Alt-Benders[3] (mw): LB=26.524454, Z₀(α*)=30.745682, intercept=-36.135656 (0.198s) [OMP=0.161 ISP-L=0.004 ISP-F=0.011 MW-L=0.009 MW-F=0.015]
  Alt-Benders[4] (mw): LB=26.617386, Z₀(α*)=30.894009, intercept=-60.294805 (0.198s) [OMP=0.160 ISP-L=0.004 ISP-F=0.012 MW-L=0.007 MW-F=0.012]
  Alt-Benders[5] (mw): LB=26.634554, Z₀(α*)=27.683086, intercept=-23.020575 (0.182s) [OMP=0.148 ISP-L=0.004 ISP-F=0.012 MW-L=0.013 MW-F=0.009]
  OMP re-solve: 0.168s

=== True-DRO Benders iter 22 ===
  OMP: t₀=26.671919, UB=33.430716, gap=2.02e-01, x=[0, 0, 0, 0, 0, 0, 0, 0, 0, 0, 0, 0, 0, 0, 0, 0, 0, 0, 0, 0, 0, 0, 1, 0, 0, 1, 0, 0, 0, 0, 0, 0, 0, 0, 0, 0, 0, 0, 0, 0, 0, 0, 0, 0, 0, 0, 0] (0.000s)
  Sub: Z₀=36.138690 [LOCAL] (0.3s), α=[0.000,0.000,0.000,0.000,0.000,0.000,0.000,0.000,0.000,0.000,0.000,0.000,0.000,0.000,0.000,0.000,0.000,0.000,0.000,0.000,0.000,0.000,2.820,0.000,7.272,0.000,0.000,0.000,0.000,0.000,0.000,0.000,0.000,0.000,0.000,0.000,0.157,0.000,0.000,0.000,0.000,0.000,0.000,0.000,0.000,0.000,0.000]
  Iter 22: LB=26.671919  UB=33.430716  gap=2.02e-01
  Cut: intercept=-1139.939770, π_x_range=[-829.9945, 590.9496]
  Mini-Benders[1] (mw): LB=26.866788, Z₀(α*)=6.773703, intercept=-91.485659 (0.198s) [OMP=0.157 ISP-L=0.004 ISP-F=0.011 MW-L=0.009 MW-F=0.012]
  Mini-Benders[2] (mw): LB=26.866788, Z₀(α*)=6.773703, intercept=-91.485659 (0.214s) [OMP=0.164 ISP-L=0.004 ISP-F=0.010 MW-L=0.013 MW-F=0.012]
  Mini-Benders[3] (mw): LB=26.866788, Z₀(α*)=6.773703, intercept=-91.485659 (0.198s) [OMP=0.165 ISP-L=0.004 ISP-F=0.011 MW-L=0.009 MW-F=0.016]
  Mini-Benders[4]: LB stagnated, break
  α-step: Z₀=38.472674, α=[0.000,0.000,0.000,0.000,0.000,0.000,0.000,0.000,0.000,0.000,0.000,0.000,0.000,0.000,0.000,0.000,0.000,0.000,0.000,0.000,0.000,0.000,0.000,0.000,4.526,0.000,0.000,0.000,0.960,0.000,0.000,4.763,0.000,0.000,0.000,0.000,0.000,0.000,0.000,0.000,0.000,0.000,0.000,0.000,0.000,0.000,0.000]
  Alt-Benders[1] (mw): LB=26.889840, Z₀(α*)=0.919701, intercept=-36.315308 (0.188s) [OMP=0.159 ISP-L=0.004 ISP-F=0.010 MW-L=0.008 MW-F=0.011]
  Alt-Benders[2] (mw): LB=26.889840, Z₀(α*)=0.919701, intercept=-36.315308 (0.182s) [OMP=0.143 ISP-L=0.004 ISP-F=0.010 MW-L=0.012 MW-F=0.011]
  Alt-Benders[3] (mw): LB=26.889840, Z₀(α*)=0.919701, intercept=-36.315308 (0.182s) [OMP=0.139 ISP-L=0.004 ISP-F=0.010 MW-L=0.008 MW-F=0.015]
  Alt-Benders[4]: LB stagnated, break
  OMP re-solve: 0.000s

=== True-DRO Benders iter 23 ===
  OMP: t₀=26.889840, UB=33.430716, gap=1.96e-01, x=[0, 0, 0, 0, 0, 0, 0, 0, 0, 0, 0, 0, 0, 0, 0, 1, 0, 0, 0, 0, 0, 0, 0, 0, 0, 0, 0, 0, 0, 0, 0, 0, 0, 0, 0, 0, 1, 0, 0, 0, 0, 0, 0, 0, 0, 0, 0] (0.000s)
  Sub: Z₀=37.840273 [LOCAL] (0.2s), α=[0.000,0.000,0.000,0.000,0.000,0.000,0.000,0.000,0.000,0.000,0.000,0.000,0.000,0.000,0.000,0.000,0.000,0.000,0.000,0.000,0.000,0.000,0.000,0.000,1.349,0.000,0.000,0.000,2.621,0.000,0.000,0.000,0.000,0.000,0.000,0.000,6.279,0.000,0.000,0.000,0.000,0.000,0.000,0.000,0.000,0.000,0.000]
  Iter 23: LB=26.889840  UB=33.430716  gap=1.96e-01
  Cut: intercept=-1083.218102, π_x_range=[-830.4048, 583.3421]
  Mini-Benders[1] (mw): LB=26.933252, Z₀(α*)=27.596471, intercept=-161.161406 (0.198s) [OMP=0.156 ISP-L=0.004 ISP-F=0.013 MW-L=0.012 MW-F=0.011]
  Mini-Benders[2] (mw): LB=26.999295, Z₀(α*)=31.827237, intercept=-125.208107 (0.182s) [OMP=0.141 ISP-L=0.004 ISP-F=0.010 MW-L=0.012 MW-F=0.013]
  Mini-Benders[3] (mw): LB=27.044816, Z₀(α*)=23.623625, intercept=-60.292602 (0.198s) [OMP=0.159 ISP-L=0.004 ISP-F=0.010 MW-L=0.009 MW-F=0.014]
  Mini-Benders[4] (mw): LB=27.044816, Z₀(α*)=23.623625, intercept=-60.292602 (0.182s) [OMP=0.147 ISP-L=0.004 ISP-F=0.010 MW-L=0.009 MW-F=0.010]
  Mini-Benders[5] (mw): LB=27.044816, Z₀(α*)=23.623625, intercept=-60.292602 (0.182s) [OMP=0.147 ISP-L=0.004 ISP-F=0.010 MW-L=0.013 MW-F=0.010]
  α-step: Z₀=32.718431, α=[0.000,0.000,0.000,0.000,0.000,0.000,0.000,0.000,0.000,0.000,0.000,0.000,0.000,0.000,0.000,0.000,0.000,0.000,0.000,0.000,0.000,0.000,0.000,0.000,2.787,0.000,0.000,0.000,5.071,0.000,0.000,0.000,0.000,0.000,0.000,0.000,2.391,0.000,0.000,0.000,0.000,0.000,0.000,0.000,0.000,0.000,0.000]
  Alt-Benders[1] (mw): LB=27.059884, Z₀(α*)=30.559773, intercept=-30.016532 (0.198s) [OMP=0.160 ISP-L=0.004 ISP-F=0.011 MW-L=0.009 MW-F=0.011]
  Alt-Benders[2] (mw): LB=27.327062, Z₀(α*)=30.344637, intercept=-39.485679 (0.213s) [OMP=0.161 ISP-L=0.004 ISP-F=0.010 MW-L=0.013 MW-F=0.013]
  Alt-Benders[3] (mw): LB=27.383853, Z₀(α*)=33.250975, intercept=-23.033551 (0.198s) [OMP=0.162 ISP-L=0.004 ISP-F=0.010 MW-L=0.012 MW-F=0.013]
  Alt-Benders[4] (mw): LB=27.429468, Z₀(α*)=28.948555, intercept=-22.463631 (0.182s) [OMP=0.151 ISP-L=0.005 ISP-F=0.011 MW-L=0.009 MW-F=0.013]
  Alt-Benders[5] (mw): LB=27.533529, Z₀(α*)=29.903842, intercept=-99.919845 (0.198s) [OMP=0.157 ISP-L=0.004 ISP-F=0.010 MW-L=0.008 MW-F=0.012]
  OMP re-solve: 0.175s

=== True-DRO Benders iter 24 ===
  OMP: t₀=27.549414, UB=33.430716, gap=1.76e-01, x=[0, 0, 0, 0, 0, 0, 0, 0, 0, 0, 0, 0, 0, 0, 0, 0, 0, 0, 0, 0, 0, 0, 0, 0, 0, 0, 0, 0, 0, 0, 1, 0, 0, 0, 1, 0, 0, 0, 0, 0, 0, 0, 0, 0, 0, 0, 0] (0.000s)
  Sub: Z₀=36.632607 [LOCAL] (0.2s), α=[0.000,0.000,0.000,0.000,0.000,0.000,0.000,0.000,0.000,0.000,0.000,0.000,0.000,0.000,0.000,0.000,0.000,0.000,0.000,0.000,0.000,0.000,0.000,0.000,0.000,0.000,0.000,0.019,3.312,0.000,3.291,0.000,0.000,0.000,2.126,0.000,1.501,0.000,0.000,0.000,0.000,0.000,0.000,0.000,0.000,0.000,0.000]
  Iter 24: LB=27.549414  UB=33.430716  gap=1.76e-01
  Cut: intercept=-1122.752196, π_x_range=[-829.7132, 584.0669]
  Mini-Benders[1] (mw): LB=27.574922, Z₀(α*)=5.959598, intercept=-16.519952 (0.198s) [OMP=0.158 ISP-L=0.004 ISP-F=0.011 MW-L=0.009 MW-F=0.013]
  Mini-Benders[2] (mw): LB=27.574922, Z₀(α*)=5.959598, intercept=-16.519952 (0.197s) [OMP=0.163 ISP-L=0.004 ISP-F=0.010 MW-L=0.008 MW-F=0.013]
  Mini-Benders[3] (mw): LB=27.574922, Z₀(α*)=5.959598, intercept=-16.519952 (0.182s) [OMP=0.157 ISP-L=0.004 ISP-F=0.010 MW-L=0.009 MW-F=0.010]
  Mini-Benders[4]: LB stagnated, break
  α-step: Z₀=38.276942, α=[0.000,0.000,0.000,0.000,0.000,0.000,0.000,0.000,0.000,0.000,0.000,0.000,0.000,0.000,0.000,0.000,0.000,0.000,0.000,0.000,0.000,0.000,0.000,0.000,1.425,0.000,0.000,0.000,5.071,0.000,0.000,3.753,0.000,0.000,0.000,0.000,0.000,0.000,0.000,0.000,0.000,0.000,0.000,0.000,0.000,0.000,0.000]
  Alt-Benders[1] (mw): LB=27.578326, Z₀(α*)=13.191845, intercept=14.374704 (0.204s) [OMP=0.167 ISP-L=0.004 ISP-F=0.011 MW-L=0.009 MW-F=0.015]
  Alt-Benders[2] (mw): LB=27.578326, Z₀(α*)=13.191845, intercept=14.374704 (0.151s) [OMP=0.117 ISP-L=0.004 ISP-F=0.011 MW-L=0.009 MW-F=0.012]
  Alt-Benders[3] (mw): LB=27.578326, Z₀(α*)=13.191845, intercept=14.374704 (0.167s) [OMP=0.117 ISP-L=0.004 ISP-F=0.011 MW-L=0.013 MW-F=0.012]
  Alt-Benders[4]: LB stagnated, break
  OMP re-solve: 0.000s

=== True-DRO Benders iter 25 ===
  OMP: t₀=27.578326, UB=33.430716, gap=1.75e-01, x=[0, 0, 0, 0, 0, 0, 0, 0, 0, 0, 0, 0, 0, 0, 0, 0, 0, 0, 0, 0, 0, 0, 0, 0, 1, 0, 0, 0, 1, 0, 0, 0, 0, 0, 0, 0, 0, 0, 0, 0, 0, 0, 0, 0, 0, 0, 0] (0.000s)
  Sub: Z₀=39.722628 [TIME_LIMIT] (15.1s), α=[0.000,0.000,0.000,0.000,0.000,0.000,0.000,0.000,0.000,0.000,0.000,0.000,0.000,0.000,0.000,0.000,0.000,0.000,0.000,0.000,0.000,0.000,0.000,0.000,8.538,0.000,0.000,0.000,1.292,0.000,0.000,0.000,0.000,0.000,0.000,0.223,0.197,0.000,0.000,0.000,0.000,0.000,0.000,0.000,0.000,0.000,0.000]
  Iter 25: LB=27.578326  UB=33.430716  gap=1.75e-01
  Cut: intercept=8.057632, π_x_range=[-207.9923, 26.2847]
  Mini-Benders[1] (mw): LB=27.585924, Z₀(α*)=34.834644, intercept=-5.470735 (0.244s) [OMP=0.205 ISP-L=0.005 ISP-F=0.013 MW-L=0.009 MW-F=0.013]
  Mini-Benders[2] (mw): LB=27.596469, Z₀(α*)=4.242448, intercept=-116.780634 (0.245s) [OMP=0.211 ISP-L=0.004 ISP-F=0.010 MW-L=0.009 MW-F=0.011]
  Mini-Benders[3] (mw): LB=27.596469, Z₀(α*)=4.242448, intercept=-116.780634 (0.229s) [OMP=0.200 ISP-L=0.004 ISP-F=0.011 MW-L=0.013 MW-F=0.011]
  Mini-Benders[4] (mw): LB=27.596469, Z₀(α*)=4.242448, intercept=-116.780634 (0.244s) [OMP=0.197 ISP-L=0.004 ISP-F=0.011 MW-L=0.009 MW-F=0.014]
  Mini-Benders[5]: LB stagnated, break
  α-step: Z₀=36.747026, α=[0.000,0.000,0.000,0.000,0.000,0.000,0.000,0.000,0.000,0.000,0.000,0.000,0.000,0.000,0.000,0.000,0.000,0.000,0.000,0.000,0.000,0.000,0.000,0.001,0.000,0.000,0.000,0.000,5.073,0.000,3.842,0.000,0.000,0.000,0.000,0.000,1.333,0.000,0.000,0.000,0.000,0.000,0.000,0.000,0.000,0.000,0.000]
  Alt-Benders[1] (mw): LB=27.612415, Z₀(α*)=-2.248466, intercept=-68.298620 (0.229s) [OMP=0.181 ISP-L=0.004 ISP-F=0.011 MW-L=0.013 MW-F=0.013]
  Alt-Benders[2] (mw): LB=27.612415, Z₀(α*)=-2.248466, intercept=-68.298620 (0.197s) [OMP=0.157 ISP-L=0.004 ISP-F=0.011 MW-L=0.009 MW-F=0.016]
  Alt-Benders[3] (mw): LB=27.612415, Z₀(α*)=-2.248466, intercept=-68.298620 (0.198s) [OMP=0.157 ISP-L=0.004 ISP-F=0.011 MW-L=0.009 MW-F=0.016]
  Alt-Benders[4]: LB stagnated, break
  OMP re-solve: 0.000s

=== True-DRO Benders iter 26 ===
  OMP: t₀=27.612415, UB=33.430716, gap=1.74e-01, x=[0, 0, 0, 0, 0, 0, 0, 0, 0, 0, 0, 0, 0, 0, 0, 0, 0, 0, 0, 0, 0, 0, 1, 0, 0, 0, 0, 0, 0, 0, 0, 1, 0, 0, 0, 0, 0, 0, 0, 0, 0, 0, 0, 0, 0, 0, 0] (0.000s)
  Sub: Z₀=35.461165 [LOCAL] (0.3s), α=[0.000,0.000,0.000,0.000,0.000,0.000,0.000,0.000,0.000,0.000,0.000,0.000,0.000,0.000,0.000,0.000,0.000,0.000,0.000,0.000,0.000,0.000,0.339,0.000,6.378,0.000,0.000,0.000,0.000,0.000,0.000,3.532,0.000,0.000,0.000,0.000,0.000,0.000,0.000,0.000,0.000,0.000,0.000,0.000,0.000,0.000,0.000]
  Iter 26: LB=27.612415  UB=33.430716  gap=1.74e-01
  Cut: intercept=-1108.152683, π_x_range=[-830.9638, 586.0136]
  Mini-Benders[1] (mw): LB=27.667552, Z₀(α*)=-14.677914, intercept=-3.635569 (0.198s) [OMP=0.169 ISP-L=0.004 ISP-F=0.013 MW-L=0.012 MW-F=0.010]
  Mini-Benders[2] (mw): LB=27.667552, Z₀(α*)=-14.677914, intercept=-3.635569 (0.214s) [OMP=0.165 ISP-L=0.004 ISP-F=0.012 MW-L=0.009 MW-F=0.014]
  Mini-Benders[3] (mw): LB=27.667552, Z₀(α*)=-14.677914, intercept=-3.635569 (0.213s) [OMP=0.175 ISP-L=0.004 ISP-F=0.012 MW-L=0.009 MW-F=0.010]
  Mini-Benders[4]: LB stagnated, break
  α-step: Z₀=36.762432, α=[0.000,0.000,0.000,0.000,0.000,0.000,0.000,0.000,0.000,0.000,0.000,0.000,0.000,0.000,0.000,0.000,0.000,0.000,0.000,0.000,0.000,0.000,0.000,0.000,0.000,0.000,0.000,0.000,2.744,0.000,0.000,3.328,0.000,0.000,0.000,0.000,4.177,0.000,0.000,0.000,0.000,0.000,0.000,0.000,0.000,0.000,0.000]
  Alt-Benders[1] (mw): LB=27.683084, Z₀(α*)=34.983740, intercept=-31.214208 (0.203s) [OMP=0.168 ISP-L=0.005 ISP-F=0.012 MW-L=0.011 MW-F=0.010]
  Alt-Benders[2] (mw): LB=27.738789, Z₀(α*)=19.676114, intercept=-24.266507 (0.214s) [OMP=0.180 ISP-L=0.004 ISP-F=0.011 MW-L=0.008 MW-F=0.015]
  Alt-Benders[3] (mw): LB=27.738789, Z₀(α*)=19.676114, intercept=-24.266507 (0.213s) [OMP=0.171 ISP-L=0.004 ISP-F=0.010 MW-L=0.008 MW-F=0.011]
  Alt-Benders[4] (mw): LB=27.738789, Z₀(α*)=19.676114, intercept=-24.266507 (0.214s) [OMP=0.169 ISP-L=0.004 ISP-F=0.011 MW-L=0.012 MW-F=0.012]
  Alt-Benders[5]: LB stagnated, break
  OMP re-solve: 0.000s

=== True-DRO Benders iter 27 ===
  OMP: t₀=27.738789, UB=33.430716, gap=1.70e-01, x=[0, 0, 0, 0, 0, 0, 0, 0, 0, 0, 0, 0, 0, 0, 0, 0, 0, 0, 0, 0, 0, 0, 0, 0, 0, 0, 1, 0, 0, 0, 0, 0, 0, 0, 1, 0, 0, 0, 0, 0, 0, 0, 0, 0, 0, 0, 0] (0.000s)
  Sub: Z₀=37.137768 [LOCAL] (3.2s), α=[0.000,0.000,0.000,0.000,0.000,0.000,0.000,0.000,0.000,0.000,0.000,0.000,0.000,0.000,0.000,0.000,0.000,0.000,0.000,0.000,0.000,0.000,0.016,0.081,2.051,0.000,0.000,0.019,5.149,0.000,0.000,0.000,0.000,0.000,2.932,0.000,0.000,0.000,0.000,0.000,0.000,0.000,0.000,0.000,0.000,0.000,0.000]
  Iter 27: LB=27.738789  UB=33.430716  gap=1.70e-01
  Cut: intercept=-1123.151963, π_x_range=[-829.6163, 582.4686]
  Mini-Benders[1] (mw): LB=27.766016, Z₀(α*)=26.370912, intercept=-152.515255 (0.167s) [OMP=0.126 ISP-L=0.004 ISP-F=0.013 MW-L=0.009 MW-F=0.013]
  Mini-Benders[2] (mw): LB=27.766016, Z₀(α*)=26.370912, intercept=-152.515255 (0.213s) [OMP=0.163 ISP-L=0.004 ISP-F=0.013 MW-L=0.013 MW-F=0.013]
  Mini-Benders[3] (mw): LB=27.766016, Z₀(α*)=26.370912, intercept=-152.515255 (0.213s) [OMP=0.162 ISP-L=0.004 ISP-F=0.013 MW-L=0.012 MW-F=0.013]
  Mini-Benders[4]: LB stagnated, break
  α-step: Z₀=36.313797, α=[0.000,0.000,0.000,0.000,0.000,0.000,0.000,0.000,0.000,0.000,0.000,0.000,0.000,0.000,0.000,0.000,0.000,0.000,0.000,0.000,0.000,0.000,0.000,1.263,0.000,0.529,1.649,0.000,6.335,0.000,0.000,0.000,0.000,0.000,0.000,0.000,0.474,0.000,0.000,0.000,0.000,0.000,0.000,0.000,0.000,0.000,0.000]
  Alt-Benders[1] (mw): LB=27.888326, Z₀(α*)=26.798511, intercept=-46.570822 (0.212s) [OMP=0.177 ISP-L=0.004 ISP-F=0.010 MW-L=0.007 MW-F=0.013]
  Alt-Benders[2] (mw): LB=27.888326, Z₀(α*)=26.798511, intercept=-46.570822 (0.197s) [OMP=0.159 ISP-L=0.004 ISP-F=0.011 MW-L=0.012 MW-F=0.013]
  Alt-Benders[3] (mw): LB=27.888326, Z₀(α*)=26.798511, intercept=-46.570822 (0.198s) [OMP=0.157 ISP-L=0.004 ISP-F=0.010 MW-L=0.007 MW-F=0.016]
  Alt-Benders[4]: LB stagnated, break
  OMP re-solve: 0.000s

=== True-DRO Benders iter 28 ===
  OMP: t₀=27.888326, UB=33.430716, gap=1.66e-01, x=[0, 0, 0, 0, 0, 0, 0, 0, 0, 0, 0, 0, 0, 0, 0, 0, 0, 0, 0, 0, 0, 0, 0, 0, 1, 0, 0, 0, 0, 0, 0, 0, 0, 0, 1, 0, 0, 0, 0, 0, 0, 0, 0, 0, 0, 0, 0] (0.000s)
  Sub: Z₀=36.232338 [LOCAL] (0.2s), α=[0.000,0.000,0.000,0.000,0.000,0.000,0.000,0.000,0.000,0.000,0.000,0.000,0.000,0.000,0.000,0.000,0.000,0.000,0.000,0.000,0.000,0.000,0.157,0.082,3.157,0.000,0.000,0.000,2.983,0.000,0.000,0.784,0.000,0.000,3.057,0.000,0.030,0.000,0.000,0.000,0.000,0.000,0.000,0.000,0.000,0.000,0.000]
  Iter 28: LB=27.888326  UB=33.430716  gap=1.66e-01
  Cut: intercept=-1133.757473, π_x_range=[-829.3679, 588.0536]
  Mini-Benders[1] (mw): LB=27.908258, Z₀(α*)=1.998854, intercept=0.748967 (0.229s) [OMP=0.186 ISP-L=0.004 ISP-F=0.013 MW-L=0.012 MW-F=0.012]
  Mini-Benders[2] (mw): LB=27.908258, Z₀(α*)=1.998854, intercept=0.748967 (0.213s) [OMP=0.171 ISP-L=0.004 ISP-F=0.013 MW-L=0.011 MW-F=0.011]
  Mini-Benders[3] (mw): LB=27.908258, Z₀(α*)=1.998854, intercept=0.748967 (0.214s) [OMP=0.173 ISP-L=0.004 ISP-F=0.013 MW-L=0.008 MW-F=0.015]
  Mini-Benders[4]: LB stagnated, break
  α-step: Z₀=39.726624, α=[0.000,0.000,0.000,0.000,0.000,0.000,0.000,0.000,0.000,0.000,0.000,0.000,0.000,0.000,0.000,0.000,0.000,0.000,0.000,0.000,0.000,0.000,0.000,0.000,8.110,0.000,0.000,0.000,2.089,0.000,0.000,0.000,0.000,0.000,0.000,0.000,0.051,0.000,0.000,0.000,0.000,0.000,0.000,0.000,0.000,0.000,0.000]
  Alt-Benders[1] (mw): LB=27.915856, Z₀(α*)=38.248475, intercept=-50.586614 (0.202s) [OMP=0.174 ISP-L=0.005 ISP-F=0.010 MW-L=0.013 MW-F=0.011]
  Alt-Benders[2] (mw): LB=27.965368, Z₀(α*)=35.421170, intercept=-18.349827 (0.213s) [OMP=0.175 ISP-L=0.004 ISP-F=0.011 MW-L=0.008 MW-F=0.015]
  Alt-Benders[3] (mw): LB=27.990205, Z₀(α*)=38.113106, intercept=-58.766733 (0.229s) [OMP=0.178 ISP-L=0.004 ISP-F=0.012 MW-L=0.008 MW-F=0.013]
  Alt-Benders[4] (mw): LB=28.008054, Z₀(α*)=32.948864, intercept=-170.867450 (0.214s) [OMP=0.178 ISP-L=0.005 ISP-F=0.010 MW-L=0.012 MW-F=0.011]
  Alt-Benders[5] (mw): LB=28.046880, Z₀(α*)=29.999728, intercept=-33.675655 (0.213s) [OMP=0.175 ISP-L=0.004 ISP-F=0.011 MW-L=0.011 MW-F=0.009]
  OMP re-solve: 0.171s

=== True-DRO Benders iter 29 ===
  OMP: t₀=28.081371, UB=33.430716, gap=1.60e-01, x=[0, 0, 0, 0, 0, 0, 0, 0, 0, 0, 0, 0, 0, 0, 0, 0, 0, 0, 0, 0, 0, 0, 0, 0, 0, 0, 0, 0, 0, 0, 0, 1, 0, 0, 0, 1, 0, 0, 0, 0, 0, 0, 0, 0, 0, 0, 0] (0.000s)
  Sub: Z₀=37.266118 [LOCAL] (0.2s), α=[0.000,0.000,0.000,0.000,0.000,0.000,0.000,0.000,0.000,0.000,0.000,0.000,0.000,0.000,0.000,0.000,0.000,0.000,0.000,0.000,0.000,0.000,0.000,0.000,5.265,0.000,0.000,0.036,4.948,0.000,0.000,0.000,0.000,0.000,0.000,0.000,0.000,0.000,0.000,0.000,0.000,0.000,0.000,0.000,0.000,0.000,0.000]
  Iter 29: LB=28.081371  UB=33.430716  gap=1.60e-01
  Cut: intercept=-1116.668527, π_x_range=[-829.8863, 589.5961]
  Mini-Benders[1] (mw): LB=28.085085, Z₀(α*)=33.483608, intercept=-10.281208 (0.214s) [OMP=0.185 ISP-L=0.004 ISP-F=0.012 MW-L=0.008 MW-F=0.012]
  Mini-Benders[2] (mw): LB=28.085085, Z₀(α*)=20.042000, intercept=-17.046639 (0.229s) [OMP=0.175 ISP-L=0.004 ISP-F=0.011 MW-L=0.013 MW-F=0.012]
  Mini-Benders[3] (mw): LB=28.085085, Z₀(α*)=20.042000, intercept=-17.046639 (0.213s) [OMP=0.171 ISP-L=0.004 ISP-F=0.012 MW-L=0.009 MW-F=0.015]
  Mini-Benders[4]: LB stagnated, break
  α-step: Z₀=37.003766, α=[0.000,0.000,0.000,0.000,0.000,0.000,0.000,0.000,0.000,0.000,0.000,0.000,0.000,0.000,0.000,0.000,0.000,0.000,0.000,0.000,0.000,0.000,4.108,0.000,4.190,0.000,0.000,0.000,0.000,0.000,0.000,0.000,0.000,0.000,1.261,0.000,0.690,0.000,0.000,0.000,0.000,0.000,0.000,0.000,0.000,0.000,0.000]
  Alt-Benders[1] (mw): LB=28.218643, Z₀(α*)=2.138732, intercept=-46.012362 (0.197s) [OMP=0.173 ISP-L=0.004 ISP-F=0.010 MW-L=0.012 MW-F=0.011]
  Alt-Benders[2] (mw): LB=28.218643, Z₀(α*)=2.138732, intercept=-46.012362 (0.198s) [OMP=0.173 ISP-L=0.004 ISP-F=0.009 MW-L=0.012 MW-F=0.011]
  Alt-Benders[3] (mw): LB=28.218643, Z₀(α*)=2.138732, intercept=-46.012362 (0.213s) [OMP=0.171 ISP-L=0.004 ISP-F=0.009 MW-L=0.009 MW-F=0.014]
  Alt-Benders[4]: LB stagnated, break
  OMP re-solve: 0.000s

=== True-DRO Benders iter 30 ===
  OMP: t₀=28.218643, UB=33.430716, gap=1.56e-01, x=[0, 0, 0, 0, 0, 0, 0, 0, 0, 0, 0, 0, 0, 1, 0, 0, 0, 0, 0, 0, 0, 0, 0, 0, 0, 0, 0, 0, 0, 0, 0, 0, 1, 0, 0, 0, 0, 0, 0, 0, 0, 0, 0, 0, 0, 0, 0] (0.000s)
  Sub: Z₀=36.985909 (8.6s), α=[0.000,0.000,0.000,0.000,0.000,0.000,0.000,0.000,0.000,0.000,0.000,0.000,0.000,0.000,0.000,0.000,0.000,0.000,0.000,0.000,0.000,0.000,0.000,0.000,2.929,0.000,0.000,0.000,5.078,0.000,0.000,0.000,0.000,0.000,0.000,0.377,1.865,0.000,0.000,0.000,0.000,0.000,0.000,0.000,0.000,0.000,0.000]
  Iter 30: LB=28.218643  UB=33.430716  gap=1.56e-01
  Cut: intercept=-110.686553, π_x_range=[-263.0000, 120.1663]
  Sherali-Cut: intercept=-41.615825, π_x_range=[-90.7663, 78.6017]
  Mini-Benders[1] (mw): LB=28.226853, Z₀(α*)=32.940622, intercept=-15.252213 (0.214s) [OMP=0.178 ISP-L=0.005 ISP-F=0.010 MW-L=0.012 MW-F=0.011]
  Mini-Benders[2] (mw): LB=28.271242, Z₀(α*)=30.553184, intercept=-16.251547 (0.187s) [OMP=0.157 ISP-L=0.005 ISP-F=0.011 MW-L=0.008 MW-F=0.013]
  Mini-Benders[3] (mw): LB=28.273643, Z₀(α*)=28.295123, intercept=16.845638 (0.214s) [OMP=0.166 ISP-L=0.005 ISP-F=0.010 MW-L=0.009 MW-F=0.016]
  Mini-Benders[4] (mw): LB=28.273643, Z₀(α*)=28.295123, intercept=16.845638 (0.197s) [OMP=0.158 ISP-L=0.004 ISP-F=0.010 MW-L=0.008 MW-F=0.012]
  Mini-Benders[5] (mw): LB=28.273643, Z₀(α*)=36.933201, intercept=-96.424359 (0.198s) [OMP=0.162 ISP-L=0.004 ISP-F=0.010 MW-L=0.011 MW-F=0.010]
  α-step: Z₀=39.333936, α=[0.000,0.000,0.000,0.000,0.000,0.000,0.000,0.000,0.000,0.000,0.000,0.000,0.000,0.000,0.000,0.000,0.000,0.000,0.000,0.000,0.000,0.000,0.000,0.000,7.454,0.000,0.000,0.000,2.744,0.000,0.000,0.000,0.000,0.000,0.000,0.000,0.051,0.000,0.000,0.000,0.000,0.000,0.000,0.000,0.000,0.000,0.000]
  Alt-Benders[1] (mw): LB=28.273643, Z₀(α*)=39.859768, intercept=23.053202 (0.198s) [OMP=0.169 ISP-L=0.004 ISP-F=0.012 MW-L=0.008 MW-F=0.010]
  Alt-Benders[2] (mw): LB=28.312158, Z₀(α*)=35.871503, intercept=-52.908402 (0.213s) [OMP=0.173 ISP-L=0.004 ISP-F=0.011 MW-L=0.013 MW-F=0.012]
  Alt-Benders[3] (mw): LB=28.368949, Z₀(α*)=37.320216, intercept=-19.670166 (0.229s) [OMP=0.186 ISP-L=0.005 ISP-F=0.010 MW-L=0.008 MW-F=0.014]
  Alt-Benders[4] (mw): LB=28.534467, Z₀(α*)=7.057493, intercept=-82.406267 (0.229s) [OMP=0.185 ISP-L=0.004 ISP-F=0.011 MW-L=0.009 MW-F=0.016]
  Alt-Benders[5] (mw): LB=28.534467, Z₀(α*)=7.057493, intercept=-82.406267 (0.213s) [OMP=0.173 ISP-L=0.004 ISP-F=0.011 MW-L=0.009 MW-F=0.013]
  OMP re-solve: 0.173s

=== True-DRO Benders iter 31 ===
  OMP: t₀=28.534467, UB=33.430716, gap=1.46e-01, x=[0, 0, 0, 0, 0, 0, 0, 0, 0, 0, 0, 0, 0, 0, 0, 0, 0, 0, 0, 0, 0, 0, 0, 0, 0, 0, 0, 0, 0, 1, 0, 0, 0, 0, 0, 1, 0, 0, 0, 0, 0, 0, 0, 0, 0, 0, 0] (0.000s)
  Sub: Z₀=38.407048 [LOCAL] (0.2s), α=[0.000,0.000,0.000,0.000,0.000,0.000,0.000,0.000,0.000,0.000,0.000,0.000,0.000,0.000,0.000,0.000,0.000,0.000,0.000,0.000,0.000,0.000,0.000,0.000,0.000,0.000,0.000,0.028,4.061,0.000,0.000,0.000,0.000,0.000,0.000,3.317,2.844,0.000,0.000,0.000,0.000,0.000,0.000,0.000,0.000,0.000,0.000]
  Iter 31: LB=28.534467  UB=33.430716  gap=1.46e-01
  Cut: intercept=-1113.923752, π_x_range=[-829.8677, 585.6585]
  Mini-Benders[1] (mw): LB=28.542714, Z₀(α*)=23.145305, intercept=-36.302088 (0.260s) [OMP=0.225 ISP-L=0.004 ISP-F=0.013 MW-L=0.009 MW-F=0.014]
  Mini-Benders[2] (mw): LB=28.542714, Z₀(α*)=23.145305, intercept=-36.302088 (0.213s) [OMP=0.170 ISP-L=0.004 ISP-F=0.013 MW-L=0.009 MW-F=0.011]
  Mini-Benders[3] (mw): LB=28.542714, Z₀(α*)=23.145305, intercept=-36.302088 (0.213s) [OMP=0.174 ISP-L=0.004 ISP-F=0.013 MW-L=0.013 MW-F=0.011]
  Mini-Benders[4]: LB stagnated, break
  α-step: Z₀=37.678002, α=[0.000,0.000,0.000,0.000,0.000,0.000,0.000,0.000,0.000,0.000,0.000,0.000,0.000,0.000,0.000,0.000,0.000,0.000,0.000,0.000,0.000,0.000,0.000,0.000,4.727,0.000,0.000,0.000,2.744,0.000,0.000,0.000,0.000,0.000,0.000,2.777,0.000,0.000,0.000,0.000,0.000,0.000,0.000,0.000,0.000,0.000,0.000]
  Alt-Benders[1] (mw): LB=28.552050, Z₀(α*)=16.492743, intercept=-139.566206 (0.203s) [OMP=0.178 ISP-L=0.004 ISP-F=0.010 MW-L=0.009 MW-F=0.014]
  Alt-Benders[2] (mw): LB=28.552050, Z₀(α*)=16.492743, intercept=-139.566206 (0.198s) [OMP=0.165 ISP-L=0.004 ISP-F=0.010 MW-L=0.009 MW-F=0.011]
  Alt-Benders[3] (mw): LB=28.552050, Z₀(α*)=16.492743, intercept=-139.566206 (0.213s) [OMP=0.160 ISP-L=0.004 ISP-F=0.011 MW-L=0.013 MW-F=0.011]
  Alt-Benders[4]: LB stagnated, break
  OMP re-solve: 0.000s

=== True-DRO Benders iter 32 ===
  OMP: t₀=28.552050, UB=33.430716, gap=1.46e-01, x=[0, 0, 0, 0, 0, 0, 0, 0, 0, 0, 0, 0, 0, 0, 0, 0, 0, 0, 0, 0, 0, 0, 0, 0, 0, 0, 0, 1, 0, 0, 0, 0, 0, 0, 0, 0, 1, 0, 0, 0, 0, 0, 0, 0, 0, 0, 0] (0.000s)
  Sub: Z₀=28.552050 [LOCAL] (0.2s), α=[0.000,0.000,0.000,0.000,0.000,0.000,0.000,0.000,0.000,0.000,0.000,0.000,0.000,0.000,0.000,0.000,0.000,0.000,0.000,0.000,0.000,0.000,0.000,0.000,0.000,0.000,0.000,0.865,3.962,0.000,0.000,0.000,0.000,0.000,0.000,0.000,5.422,0.000,0.000,0.000,0.000,0.000,0.000,0.000,0.000,0.000,0.000]
  Iter 32: LB=28.552050  UB=33.430716  gap=1.46e-01
  Cut: intercept=-1152.706941, π_x_range=[-830.3740, 592.4210]
  Mini-Benders[1] (mw): LB=28.552050, Z₀(α*)=28.552053, intercept=-104.579890 (0.197s) [OMP=0.159 ISP-L=0.004 ISP-F=0.010 MW-L=0.009 MW-F=0.010]
  Mini-Benders[2] (mw): LB=28.552051, Z₀(α*)=28.552053, intercept=-104.579890 (0.229s) [OMP=0.195 ISP-L=0.004 ISP-F=0.010 MW-L=0.012 MW-F=0.010]
  Mini-Benders[3]: LB stagnated, break
  α-step: Z₀=28.552053, α=[0.000,0.000,0.000,0.000,0.000,0.000,0.000,0.000,0.000,0.000,0.000,0.000,0.000,0.000,0.000,0.000,0.000,0.000,0.000,0.000,0.000,0.000,0.000,0.000,0.000,0.000,0.000,2.034,1.030,0.000,0.000,0.000,0.000,0.000,0.000,0.000,7.185,0.000,0.000,0.000,0.000,0.000,0.000,0.000,0.000,0.000,0.000]
  Alt-Benders[1] (mw): LB=28.552053, Z₀(α*)=28.552053, intercept=-105.129242 (0.209s) [OMP=0.184 ISP-L=0.004 ISP-F=0.010 MW-L=0.008 MW-F=0.010]
  Alt-Benders[2] (mw): LB=28.552051, Z₀(α*)=28.552053, intercept=-105.129242 (0.213s) [OMP=0.174 ISP-L=0.004 ISP-F=0.011 MW-L=0.012 MW-F=0.010]
  Alt-Benders[3] (mw): LB=28.552051, Z₀(α*)=28.552053, intercept=-105.129242 (0.213s) [OMP=0.176 ISP-L=0.004 ISP-F=0.010 MW-L=0.012 MW-F=0.010]
  Alt-Benders[4]: LB stagnated, break
  OMP re-solve: 0.000s

=== True-DRO Benders iter 33 ===
  OMP: t₀=28.552051, UB=33.430716, gap=1.46e-01, x=[0, 0, 0, 0, 0, 0, 0, 0, 0, 0, 0, 0, 0, 0, 0, 0, 0, 0, 0, 0, 0, 0, 0, 0, 0, 0, 0, 1, 0, 0, 0, 0, 0, 0, 0, 0, 1, 0, 0, 0, 0, 0, 0, 0, 0, 0, 0] (0.000s)
  Sub: Z₀=28.552050 [LOCAL] (0.2s), α=[0.000,0.000,0.000,0.000,0.000,0.000,0.000,0.000,0.000,0.000,0.000,0.000,0.000,0.000,0.000,0.000,0.000,0.000,0.000,0.000,0.000,0.000,0.000,0.000,0.000,0.000,0.000,0.865,3.962,0.000,0.000,0.000,0.000,0.000,0.000,0.000,5.422,0.000,0.000,0.000,0.000,0.000,0.000,0.000,0.000,0.000,0.000]
  Iter 33: LB=28.552051  UB=33.430716  gap=1.46e-01
  Cut: intercept=-1152.706941, π_x_range=[-830.3740, 592.4210]
  Mini-Benders[1] (mw): LB=28.552051, Z₀(α*)=28.552053, intercept=-104.579890 (0.214s) [OMP=0.179 ISP-L=0.004 ISP-F=0.010 MW-L=0.008 MW-F=0.009]
  Mini-Benders[2] (mw): LB=28.552051, Z₀(α*)=28.552053, intercept=-104.579890 (0.213s) [OMP=0.172 ISP-L=0.004 ISP-F=0.010 MW-L=0.012 MW-F=0.010]
  Mini-Benders[3]: LB stagnated, break
  α-step: Z₀=28.552053, α=[0.000,0.000,0.000,0.000,0.000,0.000,0.000,0.000,0.000,0.000,0.000,0.000,0.000,0.000,0.000,0.000,0.000,0.000,0.000,0.000,0.000,0.000,0.000,0.000,0.000,0.000,0.000,2.034,1.030,0.000,0.000,0.000,0.000,0.000,0.000,0.000,7.185,0.000,0.000,0.000,0.000,0.000,0.000,0.000,0.000,0.000,0.000]
  Alt-Benders[1] (mw): LB=28.552051, Z₀(α*)=28.552053, intercept=-105.129242 (0.194s) [OMP=0.170 ISP-L=0.004 ISP-F=0.011 MW-L=0.008 MW-F=0.010]
  Alt-Benders[2] (mw): LB=28.552051, Z₀(α*)=28.552053, intercept=-105.129242 (0.213s) [OMP=0.172 ISP-L=0.004 ISP-F=0.010 MW-L=0.012 MW-F=0.010]
  Alt-Benders[3]: LB stagnated, break
  OMP re-solve: 0.000s

=== True-DRO Benders iter 34 ===
  OMP: t₀=28.552051, UB=33.430716, gap=1.46e-01, x=[0, 0, 0, 0, 0, 0, 0, 0, 0, 0, 0, 0, 0, 0, 0, 0, 0, 0, 0, 0, 0, 0, 0, 0, 0, 0, 0, 1, 0, 0, 0, 0, 0, 0, 0, 0, 1, 0, 0, 0, 0, 0, 0, 0, 0, 0, 0] (0.000s)
  Sub: Z₀=28.552050 [LOCAL] (0.2s), α=[0.000,0.000,0.000,0.000,0.000,0.000,0.000,0.000,0.000,0.000,0.000,0.000,0.000,0.000,0.000,0.000,0.000,0.000,0.000,0.000,0.000,0.000,0.000,0.000,0.000,0.000,0.000,0.865,3.962,0.000,0.000,0.000,0.000,0.000,0.000,0.000,5.422,0.000,0.000,0.000,0.000,0.000,0.000,0.000,0.000,0.000,0.000]
  Iter 34: LB=28.552051  UB=33.430716  gap=1.46e-01
  Cut: intercept=-1152.706941, π_x_range=[-830.3740, 592.4210]
  Mini-Benders[1] (mw): LB=28.552051, Z₀(α*)=28.552053, intercept=-104.579890 (0.213s) [OMP=0.180 ISP-L=0.004 ISP-F=0.010 MW-L=0.008 MW-F=0.013]
  Mini-Benders[2] (mw): LB=28.552051, Z₀(α*)=28.552053, intercept=-104.579890 (0.214s) [OMP=0.180 ISP-L=0.004 ISP-F=0.010 MW-L=0.008 MW-F=0.010]
  Mini-Benders[3]: LB stagnated, break
  α-step: Z₀=28.552053, α=[0.000,0.000,0.000,0.000,0.000,0.000,0.000,0.000,0.000,0.000,0.000,0.000,0.000,0.000,0.000,0.000,0.000,0.000,0.000,0.000,0.000,0.000,0.000,0.000,0.000,0.000,0.000,2.034,1.030,0.000,0.000,0.000,0.000,0.000,0.000,0.000,7.185,0.000,0.000,0.000,0.000,0.000,0.000,0.000,0.000,0.000,0.000]
  Alt-Benders[1] (mw): LB=28.552051, Z₀(α*)=28.552053, intercept=-105.129242 (0.204s) [OMP=0.176 ISP-L=0.004 ISP-F=0.011 MW-L=0.008 MW-F=0.013]
  Alt-Benders[2] (mw): LB=28.552051, Z₀(α*)=28.552053, intercept=-105.129242 (0.218s) [OMP=0.176 ISP-L=0.004 ISP-F=0.011 MW-L=0.009 MW-F=0.010]
  Alt-Benders[3]: LB stagnated, break
  OMP re-solve: 0.000s

=== True-DRO Benders iter 35 ===
  OMP: t₀=28.552051, UB=33.430716, gap=1.46e-01, x=[0, 0, 0, 0, 0, 0, 0, 0, 0, 0, 0, 0, 0, 0, 0, 0, 0, 0, 0, 0, 0, 0, 0, 0, 0, 0, 0, 1, 0, 0, 0, 0, 0, 0, 0, 0, 1, 0, 0, 0, 0, 0, 0, 0, 0, 0, 0] (0.000s)
  Sub: Z₀=28.867941 (4.3s), α=[0.000,0.000,0.000,0.000,0.000,0.000,0.000,0.000,0.000,0.000,0.000,0.000,0.000,0.000,0.000,0.000,0.000,0.000,0.000,0.000,0.000,0.000,0.000,0.000,1.613,0.000,0.000,0.017,0.102,0.000,0.000,0.000,0.000,0.000,0.000,0.000,8.518,0.000,0.000,0.000,0.000,0.000,0.000,0.000,0.000,0.000,0.000]
  Iter 35: LB=28.552051  UB=28.867941  gap=1.09e-02
  Cut: intercept=-133.989074, π_x_range=[-163.4129, 103.8180]
  Sherali-Cut: intercept=-100.680779, π_x_range=[-85.7347, 84.9120]
  Mini-Benders[1] (mw): LB=28.659844, Z₀(α*)=27.587584, intercept=-55.097142 (0.231s) [OMP=0.198 ISP-L=0.004 ISP-F=0.011 MW-L=0.011 MW-F=0.009]
  Mini-Benders[2] (mw): LB=28.659844, Z₀(α*)=27.587584, intercept=-55.097142 (0.229s) [OMP=0.186 ISP-L=0.005 ISP-F=0.011 MW-L=0.008 MW-F=0.012]
  Mini-Benders[3] (mw): LB=28.659844, Z₀(α*)=27.587584, intercept=-55.097142 (0.214s) [OMP=0.182 ISP-L=0.004 ISP-F=0.011 MW-L=0.008 MW-F=0.009]
  Mini-Benders[4]: LB stagnated, break
  α-step: Z₀=38.319953, α=[0.000,0.000,0.000,0.000,0.000,0.000,0.000,0.000,0.000,0.000,0.000,0.000,0.000,0.000,0.000,0.000,0.000,0.000,0.000,0.000,0.000,0.000,0.000,0.000,1.121,0.000,0.000,0.000,4.629,0.000,2.605,0.000,0.000,0.000,0.000,0.000,1.895,0.000,0.000,0.000,0.000,0.000,0.000,0.000,0.000,0.000,0.000]
  Alt-Benders[1] (mw): LB=28.710391, Z₀(α*)=26.471931, intercept=-15.780319 (0.238s) [OMP=0.209 ISP-L=0.005 ISP-F=0.011 MW-L=0.009 MW-F=0.016]
  Alt-Benders[2] (mw): LB=28.710391, Z₀(α*)=26.471931, intercept=-15.780319 (0.214s) [OMP=0.179 ISP-L=0.004 ISP-F=0.011 MW-L=0.009 MW-F=0.012]
  Alt-Benders[3] (mw): LB=28.710391, Z₀(α*)=26.471931, intercept=-15.780319 (0.229s) [OMP=0.181 ISP-L=0.004 ISP-F=0.010 MW-L=0.013 MW-F=0.012]
  Alt-Benders[4]: LB stagnated, break
  OMP re-solve: 0.000s

=== True-DRO Benders iter 36 ===
  OMP: t₀=28.710391, UB=28.867941, gap=5.46e-03, x=[0, 0, 0, 0, 0, 0, 0, 0, 0, 0, 0, 0, 0, 0, 0, 0, 0, 0, 0, 0, 0, 0, 0, 0, 0, 1, 0, 0, 0, 0, 0, 0, 0, 0, 1, 0, 0, 0, 0, 0, 0, 0, 0, 0, 0, 0, 0] (0.000s)
  Sub: Z₀=37.237621 [LOCAL] (0.2s), α=[0.000,0.000,0.000,0.000,0.000,0.000,0.000,0.000,0.000,0.000,0.000,0.000,0.000,0.000,0.000,0.000,0.000,0.000,0.000,0.000,0.000,0.000,0.036,0.030,0.374,2.115,0.000,0.037,5.100,0.000,0.000,0.000,0.000,0.000,2.400,0.000,0.157,0.000,0.000,0.000,0.000,0.000,0.000,0.000,0.000,0.000,0.000]
  Iter 36: LB=28.710391  UB=28.867941  gap=5.46e-03
  Cut: intercept=-1126.516527, π_x_range=[-829.4054, 585.3712]
  Mini-Benders[1] (mw): LB=28.803446, Z₀(α*)=30.988188, intercept=-100.349963 (0.214s) [OMP=0.181 ISP-L=0.004 ISP-F=0.012 MW-L=0.008 MW-F=0.013]
  Mini-Benders[1]: gap=2.23e-03 ≤ tol, break
  α-step: Z₀=37.085561, α=[0.000,0.000,0.000,0.000,0.000,0.000,0.000,0.000,0.000,0.000,0.000,0.000,0.000,0.000,0.000,0.000,0.000,0.000,0.000,0.000,0.000,0.000,3.186,0.000,2.459,0.000,0.000,0.000,4.383,0.000,0.000,0.000,0.000,0.000,0.000,0.000,0.221,0.000,0.000,0.000,0.000,0.000,0.000,0.000,0.000,0.000,0.000]
  Alt-Benders[1] (mw): LB=28.867942, Z₀(α*)=7.069688, intercept=-119.314748 (0.229s) [OMP=0.185 ISP-L=0.004 ISP-F=0.010 MW-L=0.013 MW-F=0.010]
  Alt-Benders[1]: gap=1.88e-08 ≤ tol, break
  OMP re-solve: 0.196s

=== True-DRO Benders iter 37 ===
  OMP: t₀=28.867941, UB=28.867941, gap=2.01e-09, x=[0, 0, 0, 0, 0, 0, 0, 0, 0, 0, 0, 0, 0, 0, 0, 0, 0, 0, 0, 0, 0, 0, 0, 0, 0, 0, 0, 1, 0, 0, 0, 0, 0, 0, 0, 0, 1, 0, 0, 0, 0, 0, 0, 0, 0, 0, 0] (0.000s)
  Sub: Z₀=28.552050 [LOCAL] (0.2s), α=[0.000,0.000,0.000,0.000,0.000,0.000,0.000,0.000,0.000,0.000,0.000,0.000,0.000,0.000,0.000,0.000,0.000,0.000,0.000,0.000,0.000,0.000,0.000,0.000,0.000,0.000,0.000,0.865,3.962,0.000,0.000,0.000,0.000,0.000,0.000,0.000,5.422,0.000,0.000,0.000,0.000,0.000,0.000,0.000,0.000,0.000,0.000]
  Iter 37: LB=28.867941  UB=28.867941  gap=2.01e-09
True-DRO Benders converged at iter 37 (gap=2.01e-09)
  Wall time: 140.87 sec
  OMP  time: mean=0.116s, median=0.141s, max=0.225s
  Sub  time (exact): mean=3.543s, median=2.721s, q90=6.905s, max=8.612s (n=5/37)

Result (double): Z₀=28.867941, iters=37, time=140.9s
x arcs = [28, 37]
