============================================================
nobel_us — double: ε̂=0.20, ε̃=0.20, β=0.00
============================================================
Set parameter Username
Set parameter LicenseID to value 2742039
Academic license - for non-commercial use only - expires 2026-11-20
Set parameter Username
Set parameter LicenseID to value 2742039
Academic license - for non-commercial use only - expires 2026-11-20
Set parameter OutputFlag to value 1
Set parameter LogFile to value "global_miqcp.log"
Set parameter Username
Set parameter LicenseID to value 2742039
Academic license - for non-commercial use only - expires 2026-11-20
Set parameter Username
Set parameter LicenseID to value 2742039
Academic license - for non-commercial use only - expires 2026-11-20
Set parameter Username
Set parameter LicenseID to value 2742039
Academic license - for non-commercial use only - expires 2026-11-20
Set parameter Username
Set parameter LicenseID to value 2742039
Academic license - for non-commercial use only - expires 2026-11-20

=== True-DRO Benders iter 1 ===
  OMP: t₀=2.595511, UB=Inf, gap=NaN, x=[0, 0, 0, 0, 0, 0, 0, 0, 0, 0, 0, 0, 0, 0, 0, 0, 0, 0, 0, 1, 0, 1, 0, 0, 0, 0, 0, 0, 0, 0, 0, 0, 0, 0, 0, 0, 0, 0] (0.054s)
  Sub: Z₀=12.563761 [LOCAL] (0.2s), α=[0.000,0.000,0.000,0.000,0.000,0.000,0.000,0.000,0.000,0.000,0.000,0.000,0.000,0.000,0.000,0.000,0.000,0.000,0.000,6.917,0.000,3.785,0.000,0.000,0.000,0.000,0.000,0.000,0.000,0.000,0.000,0.000,0.000,0.000,0.000,0.000,0.000,0.000]
  Iter 1: LB=2.595511  UB=Inf  gap=NaN
  Cut: intercept=-1117.725475, π_x_range=[-827.1583, 577.0425]
  Mini-Benders[1] (mw): LB=2.630839, Z₀(α*)=-11.057601, intercept=-79.527886 (0.135s) [OMP=0.081 ISP-L=0.007 ISP-F=0.015 MW-L=0.008 MW-F=0.019]
  Mini-Benders[2] (mw): LB=2.630839, Z₀(α*)=-11.057601, intercept=-79.527886 (0.104s) [OMP=0.069 ISP-L=0.004 ISP-F=0.010 MW-L=0.008 MW-F=0.012]
  Mini-Benders[3] (mw): LB=2.630839, Z₀(α*)=-11.057601, intercept=-79.527886 (0.104s) [OMP=0.069 ISP-L=0.004 ISP-F=0.010 MW-L=0.008 MW-F=0.012]
  Mini-Benders[4]: LB stagnated, break
Set parameter NonConvex to value 2
Set parameter DualReductions to value 0
  α-step: Z₀=12.776622, α=[0.000,0.000,0.000,0.000,0.000,0.000,0.000,0.000,0.000,0.000,0.000,0.000,0.000,0.000,2.685,0.000,0.000,0.000,0.000,6.909,0.000,0.000,0.000,0.000,0.000,0.000,1.108,0.000,0.000,0.000,0.000,0.000,0.000,0.000,0.000,0.000,0.000,0.000]
  Alt-Benders[1] (mw): LB=2.674080, Z₀(α*)=-41.895612, intercept=-112.319092 (0.101s) [OMP=0.078 ISP-L=0.003 ISP-F=0.010 MW-L=0.009 MW-F=0.011]
  Alt-Benders[2] (mw): LB=2.674080, Z₀(α*)=-41.895612, intercept=-112.319092 (0.104s) [OMP=0.068 ISP-L=0.003 ISP-F=0.010 MW-L=0.014 MW-F=0.011]
  Alt-Benders[3] (mw): LB=2.674080, Z₀(α*)=-41.895612, intercept=-112.319092 (0.104s) [OMP=0.068 ISP-L=0.003 ISP-F=0.010 MW-L=0.009 MW-F=0.011]
  Alt-Benders[4]: LB stagnated, break
  OMP re-solve: 0.000s

=== True-DRO Benders iter 2 ===
  OMP: t₀=2.674080, UB=Inf, gap=NaN, x=[0, 0, 0, 0, 0, 0, 0, 0, 0, 0, 0, 0, 0, 0, 0, 0, 0, 0, 0, 0, 0, 1, 0, 0, 1, 0, 0, 0, 0, 0, 0, 0, 0, 0, 0, 0, 0, 0] (0.000s)
  Sub: Z₀=11.578738 [LOCAL] (0.2s), α=[0.000,0.000,0.000,0.000,0.000,0.000,0.000,0.000,0.000,0.000,0.000,0.000,0.000,0.000,0.000,0.000,0.000,0.000,0.000,0.000,0.000,2.234,0.000,0.000,8.468,0.000,0.000,0.000,0.000,0.000,0.000,0.000,0.000,0.000,0.000,0.000,0.000,0.000]
  Iter 2: LB=2.674080  UB=Inf  gap=NaN
  Cut: intercept=-1114.712969, π_x_range=[-827.9866, 580.5150]
  Mini-Benders[1] (mw): LB=2.693208, Z₀(α*)=-49.236779, intercept=-107.141469 (0.089s) [OMP=0.054 ISP-L=0.004 ISP-F=0.011 MW-L=0.008 MW-F=0.010]
  Mini-Benders[2] (mw): LB=2.693208, Z₀(α*)=-49.236779, intercept=-107.141469 (0.119s) [OMP=0.069 ISP-L=0.004 ISP-F=0.011 MW-L=0.008 MW-F=0.014]
  Mini-Benders[3] (mw): LB=2.693208, Z₀(α*)=-49.236779, intercept=-107.141469 (0.091s) [OMP=0.069 ISP-L=0.004 ISP-F=0.011 MW-L=0.008 MW-F=0.011]
  Mini-Benders[4]: LB stagnated, break
  α-step: Z₀=9.626971, α=[0.000,0.000,0.000,0.000,0.000,3.162,0.000,0.000,5.516,0.000,0.000,0.000,0.000,0.000,0.368,0.000,0.000,0.000,0.000,0.000,0.000,0.000,0.000,0.000,0.000,0.000,1.656,0.000,0.000,0.000,0.000,0.000,0.000,0.000,0.000,0.000,0.000,0.000]
  Alt-Benders[1] (mw): LB=2.709409, Z₀(α*)=-24.776507, intercept=-93.184708 (0.094s) [OMP=0.061 ISP-L=0.003 ISP-F=0.011 MW-L=0.009 MW-F=0.010]
  Alt-Benders[2] (mw): LB=2.709409, Z₀(α*)=-24.776507, intercept=-93.184708 (0.113s) [OMP=0.077 ISP-L=0.004 ISP-F=0.011 MW-L=0.008 MW-F=0.014]
  Alt-Benders[3] (mw): LB=2.709409, Z₀(α*)=-24.776507, intercept=-93.184708 (0.106s) [OMP=0.077 ISP-L=0.004 ISP-F=0.011 MW-L=0.009 MW-F=0.010]
  Alt-Benders[4]: LB stagnated, break
  OMP re-solve: 0.000s

=== True-DRO Benders iter 3 ===
  OMP: t₀=2.709409, UB=Inf, gap=NaN, x=[0, 0, 0, 0, 0, 0, 0, 0, 0, 0, 0, 0, 0, 0, 1, 0, 0, 0, 0, 0, 0, 0, 0, 0, 1, 0, 0, 0, 0, 0, 0, 0, 0, 0, 0, 0, 0, 0] (0.000s)
  Sub: Z₀=12.346378 [LOCAL] (0.1s), α=[0.000,0.000,0.000,0.000,0.000,0.000,0.000,0.000,0.000,0.000,0.000,0.000,0.000,0.000,4.845,0.000,0.000,0.000,0.000,0.000,0.000,0.000,0.000,0.000,5.858,0.000,0.000,0.000,0.000,0.000,0.000,0.000,0.000,0.000,0.000,0.000,0.000,0.000]
  Iter 3: LB=2.709409  UB=Inf  gap=NaN
  Cut: intercept=-1132.247535, π_x_range=[-829.9922, 592.3355]
  Mini-Benders[1] (mw): LB=2.716786, Z₀(α*)=-52.091110, intercept=-100.763405 (0.104s) [OMP=0.066 ISP-L=0.004 ISP-F=0.010 MW-L=0.013 MW-F=0.010]
  Mini-Benders[2] (mw): LB=2.716786, Z₀(α*)=-52.091110, intercept=-100.763405 (0.120s) [OMP=0.080 ISP-L=0.003 ISP-F=0.010 MW-L=0.008 MW-F=0.010]
  Mini-Benders[3] (mw): LB=2.716786, Z₀(α*)=-52.091110, intercept=-100.763405 (0.121s) [OMP=0.080 ISP-L=0.003 ISP-F=0.010 MW-L=0.013 MW-F=0.010]
  Mini-Benders[4]: LB stagnated, break
  α-step: Z₀=11.552172, α=[0.000,0.000,0.000,0.000,0.000,0.000,1.026,0.000,1.385,0.000,0.000,0.000,0.000,0.000,0.000,0.000,0.000,0.000,0.000,8.292,0.000,0.000,0.000,0.000,0.000,0.000,0.000,0.000,0.000,0.000,0.000,0.000,0.000,0.000,0.000,0.000,0.000,0.000]
  Alt-Benders[1] (mw): LB=2.795356, Z₀(α*)=-43.591478, intercept=-154.179712 (0.098s) [OMP=0.066 ISP-L=0.003 ISP-F=0.010 MW-L=0.008 MW-F=0.015]
  Alt-Benders[2] (mw): LB=2.795356, Z₀(α*)=-43.591478, intercept=-154.179712 (0.122s) [OMP=0.083 ISP-L=0.004 ISP-F=0.010 MW-L=0.008 MW-F=0.010]
  Alt-Benders[3] (mw): LB=2.795356, Z₀(α*)=-43.591478, intercept=-154.179712 (0.106s) [OMP=0.080 ISP-L=0.004 ISP-F=0.010 MW-L=0.008 MW-F=0.014]
  Alt-Benders[4]: LB stagnated, break
  OMP re-solve: 0.000s

=== True-DRO Benders iter 4 ===
  OMP: t₀=2.795356, UB=Inf, gap=NaN, x=[0, 0, 0, 0, 0, 0, 1, 0, 0, 0, 0, 0, 0, 0, 0, 0, 0, 0, 0, 0, 0, 0, 0, 0, 1, 0, 0, 0, 0, 0, 0, 0, 0, 0, 0, 0, 0, 0] (0.000s)
  Sub: Z₀=12.299971 [LOCAL] (0.2s), α=[0.000,0.000,0.000,0.000,0.000,0.000,2.007,0.000,0.112,0.000,0.000,0.000,0.000,0.000,0.000,0.000,0.000,0.000,0.000,0.000,0.000,0.000,0.000,0.000,8.583,0.000,0.000,0.000,0.000,0.000,0.000,0.000,0.000,0.000,0.000,0.000,0.000,0.000]
  Iter 4: LB=2.795356  UB=Inf  gap=NaN
  Cut: intercept=-1116.366339, π_x_range=[-829.0070, 580.7049]
  Mini-Benders[1] (mw): LB=3.238428, Z₀(α*)=-65.660886, intercept=-91.500361 (0.103s) [OMP=0.065 ISP-L=0.004 ISP-F=0.011 MW-L=0.008 MW-F=0.012]
  Mini-Benders[2] (mw): LB=3.238428, Z₀(α*)=-65.660886, intercept=-91.500361 (0.138s) [OMP=0.091 ISP-L=0.003 ISP-F=0.011 MW-L=0.013 MW-F=0.012]
  Mini-Benders[3] (mw): LB=3.238428, Z₀(α*)=-65.660886, intercept=-91.500361 (0.122s) [OMP=0.089 ISP-L=0.004 ISP-F=0.011 MW-L=0.008 MW-F=0.012]
  Mini-Benders[4]: LB stagnated, break
  α-step: Z₀=14.181759, α=[0.000,0.000,0.000,0.000,0.000,0.000,0.000,0.000,0.203,0.000,0.000,0.000,0.000,0.000,0.377,0.000,0.000,0.000,0.000,5.832,0.000,0.000,0.000,0.000,0.000,0.000,3.785,0.506,0.000,0.000,0.000,0.000,0.000,0.000,0.000,0.000,0.000,0.000]
  Alt-Benders[1] (mw): LB=3.331327, Z₀(α*)=-47.759149, intercept=-78.480604 (0.108s) [OMP=0.074 ISP-L=0.003 ISP-F=0.010 MW-L=0.008 MW-F=0.012]
  Alt-Benders[2] (mw): LB=3.331327, Z₀(α*)=-47.759149, intercept=-78.480604 (0.106s) [OMP=0.068 ISP-L=0.003 ISP-F=0.010 MW-L=0.012 MW-F=0.012]
  Alt-Benders[3] (mw): LB=3.331327, Z₀(α*)=-47.759149, intercept=-78.480604 (0.089s) [OMP=0.065 ISP-L=0.003 ISP-F=0.010 MW-L=0.008 MW-F=0.012]
  Alt-Benders[4]: LB stagnated, break
  OMP re-solve: 0.001s

=== True-DRO Benders iter 5 ===
  OMP: t₀=3.331327, UB=Inf, gap=NaN, x=[0, 0, 0, 0, 0, 0, 0, 0, 1, 0, 0, 0, 0, 0, 0, 0, 0, 0, 0, 0, 0, 1, 0, 0, 0, 0, 0, 0, 0, 0, 0, 0, 0, 0, 0, 0, 0, 0] (0.000s)
  Sub: Z₀=12.679527 [TIME_LIMIT] (15.1s), α=[0.000,0.000,0.000,0.000,0.000,0.214,0.000,0.000,6.382,0.000,0.000,0.000,0.000,0.000,0.000,0.000,0.000,0.000,0.000,0.000,0.000,3.729,0.000,0.000,0.000,0.000,0.377,0.000,0.000,0.000,0.000,0.000,0.000,0.000,0.000,0.000,0.000,0.000]
  Iter 5: LB=3.331327  UB=13.136865  gap=7.46e-01
  Cut: intercept=-81.716721, π_x_range=[-187.9732, 57.3414]
  Mini-Benders[1] (mw): LB=3.366655, Z₀(α*)=-12.744374, intercept=-49.564954 (0.104s) [OMP=0.072 ISP-L=0.004 ISP-F=0.012 MW-L=0.008 MW-F=0.012]
  Mini-Benders[2] (mw): LB=3.366655, Z₀(α*)=-12.744374, intercept=-49.564954 (0.137s) [OMP=0.090 ISP-L=0.004 ISP-F=0.011 MW-L=0.008 MW-F=0.016]
  Mini-Benders[3] (mw): LB=3.366655, Z₀(α*)=-12.744374, intercept=-49.564954 (0.120s) [OMP=0.088 ISP-L=0.004 ISP-F=0.011 MW-L=0.008 MW-F=0.012]
  Mini-Benders[4]: LB stagnated, break
  α-step: Z₀=13.363640, α=[0.000,0.000,0.000,0.000,0.000,1.042,0.000,0.000,9.460,0.000,0.000,0.000,0.000,0.000,0.200,0.000,0.000,0.000,0.000,0.000,0.000,0.000,0.000,0.000,0.000,0.000,0.000,0.000,0.000,0.000,0.000,0.000,0.000,0.000,0.000,0.000,0.000,0.000]
  Alt-Benders[1] (mw): LB=3.384592, Z₀(α*)=-54.661276, intercept=-47.040187 (0.097s) [OMP=0.061 ISP-L=0.004 ISP-F=0.011 MW-L=0.013 MW-F=0.012]
  Alt-Benders[2] (mw): LB=3.384592, Z₀(α*)=-54.661276, intercept=-47.040187 (0.104s) [OMP=0.069 ISP-L=0.003 ISP-F=0.011 MW-L=0.008 MW-F=0.012]
  Alt-Benders[3] (mw): LB=3.384592, Z₀(α*)=-54.661276, intercept=-47.040187 (0.106s) [OMP=0.071 ISP-L=0.004 ISP-F=0.010 MW-L=0.013 MW-F=0.012]
  Alt-Benders[4]: LB stagnated, break
  OMP re-solve: 0.000s

=== True-DRO Benders iter 6 ===
  OMP: t₀=3.384592, UB=13.136865, gap=7.42e-01, x=[0, 0, 0, 0, 0, 1, 0, 0, 0, 0, 0, 0, 0, 0, 0, 0, 0, 0, 0, 0, 0, 0, 0, 0, 0, 0, 1, 0, 0, 0, 0, 0, 0, 0, 0, 0, 0, 0] (0.000s)
  Sub: Z₀=13.875833 [LOCAL] (0.1s), α=[0.000,0.000,0.000,0.000,0.000,7.572,0.000,0.000,0.000,0.000,0.000,0.000,0.000,0.000,0.000,0.000,0.000,0.000,0.000,0.000,0.000,0.000,0.000,0.000,0.000,0.000,3.131,0.000,0.000,0.000,0.000,0.000,0.000,0.000,0.000,0.000,0.000,0.000]
  Iter 6: LB=3.384592  UB=13.136865  gap=7.42e-01
  Cut: intercept=-1160.830613, π_x_range=[-827.7368, 591.3890]
  Mini-Benders[1] (mw): LB=3.395491, Z₀(α*)=0.540037, intercept=-134.275154 (0.088s) [OMP=0.060 ISP-L=0.004 ISP-F=0.010 MW-L=0.008 MW-F=0.014]
  Mini-Benders[2] (mw): LB=3.395491, Z₀(α*)=0.540037, intercept=-134.275154 (0.119s) [OMP=0.071 ISP-L=0.004 ISP-F=0.010 MW-L=0.008 MW-F=0.011]
  Mini-Benders[3] (mw): LB=3.395491, Z₀(α*)=0.540037, intercept=-134.275154 (0.107s) [OMP=0.073 ISP-L=0.004 ISP-F=0.010 MW-L=0.008 MW-F=0.015]
  Mini-Benders[4]: LB stagnated, break
  α-step: Z₀=11.685171, α=[0.000,0.000,0.000,0.000,0.000,7.664,0.000,0.000,0.000,0.000,0.000,0.000,0.000,0.000,2.254,0.000,0.000,0.000,0.000,0.000,0.000,0.000,0.000,0.000,0.784,0.000,0.000,0.000,0.000,0.000,0.000,0.000,0.000,0.000,0.000,0.000,0.000,0.000]
  Alt-Benders[1] (mw): LB=3.493136, Z₀(α*)=-50.030249, intercept=-138.708016 (0.102s) [OMP=0.063 ISP-L=0.004 ISP-F=0.012 MW-L=0.008 MW-F=0.013]
  Alt-Benders[2] (mw): LB=3.493136, Z₀(α*)=-50.030249, intercept=-138.708016 (0.093s) [OMP=0.061 ISP-L=0.004 ISP-F=0.012 MW-L=0.008 MW-F=0.010]
  Alt-Benders[3] (mw): LB=3.493136, Z₀(α*)=-50.030249, intercept=-138.708016 (0.088s) [OMP=0.060 ISP-L=0.004 ISP-F=0.012 MW-L=0.008 MW-F=0.010]
  Alt-Benders[4]: LB stagnated, break
  OMP re-solve: 0.000s

=== True-DRO Benders iter 7 ===
  OMP: t₀=3.493136, UB=13.136865, gap=7.34e-01, x=[0, 0, 0, 0, 0, 0, 0, 0, 0, 0, 0, 0, 0, 0, 0, 0, 0, 0, 0, 0, 0, 0, 0, 0, 1, 0, 0, 1, 0, 0, 0, 0, 0, 0, 0, 0, 0, 0] (0.000s)
  Sub: Z₀=13.093361 [LOCAL] (0.1s), α=[0.000,0.000,0.000,0.000,0.000,0.000,0.000,0.000,0.000,0.000,0.000,0.000,0.000,0.000,0.000,0.000,0.000,0.000,0.000,0.000,0.000,0.000,0.000,0.000,6.155,0.000,2.021,2.526,0.000,0.000,0.000,0.000,0.000,0.000,0.000,0.000,0.000,0.000]
  Iter 7: LB=3.493136  UB=13.136865  gap=7.34e-01
  Cut: intercept=-1120.341765, π_x_range=[-826.9366, 579.1050]
  Mini-Benders[1] (mw): LB=3.596636, Z₀(α*)=-79.448823, intercept=-77.993617 (0.104s) [OMP=0.068 ISP-L=0.003 ISP-F=0.010 MW-L=0.008 MW-F=0.010]
  Mini-Benders[2] (mw): LB=3.596636, Z₀(α*)=-79.448823, intercept=-77.993617 (0.104s) [OMP=0.067 ISP-L=0.003 ISP-F=0.010 MW-L=0.012 MW-F=0.010]
  Mini-Benders[3] (mw): LB=3.596636, Z₀(α*)=-79.448823, intercept=-77.993617 (0.106s) [OMP=0.063 ISP-L=0.003 ISP-F=0.010 MW-L=0.008 MW-F=0.010]
  Mini-Benders[4]: LB stagnated, break
  α-step: Z₀=14.079979, α=[0.000,0.000,0.000,0.000,0.000,0.716,0.362,0.000,9.462,0.000,0.000,0.000,0.000,0.000,0.000,0.000,0.000,0.000,0.000,0.000,0.000,0.000,0.000,0.000,0.000,0.000,0.162,0.000,0.000,0.000,0.000,0.000,0.000,0.000,0.000,0.000,0.000,0.000]
  Alt-Benders[1] (mw): LB=3.703745, Z₀(α*)=-40.094105, intercept=-98.195127 (0.109s) [OMP=0.084 ISP-L=0.004 ISP-F=0.011 MW-L=0.008 MW-F=0.010]
  Alt-Benders[2] (mw): LB=3.703745, Z₀(α*)=-40.094105, intercept=-98.195127 (0.122s) [OMP=0.076 ISP-L=0.004 ISP-F=0.010 MW-L=0.008 MW-F=0.014]
  Alt-Benders[3] (mw): LB=3.703745, Z₀(α*)=-40.094105, intercept=-98.195127 (0.106s) [OMP=0.080 ISP-L=0.003 ISP-F=0.011 MW-L=0.008 MW-F=0.010]
  Alt-Benders[4]: LB stagnated, break
  OMP re-solve: 0.000s

=== True-DRO Benders iter 8 ===
  OMP: t₀=3.703745, UB=13.136865, gap=7.18e-01, x=[0, 0, 0, 0, 0, 1, 0, 0, 0, 0, 0, 0, 0, 0, 0, 0, 0, 0, 0, 1, 0, 0, 0, 0, 0, 0, 0, 0, 0, 0, 0, 0, 0, 0, 0, 0, 0, 0] (0.000s)
  Sub: Z₀=12.885878 [LOCAL] (0.3s), α=[0.000,0.000,0.000,0.000,0.000,2.625,0.000,0.000,0.000,0.000,0.000,0.000,0.000,0.000,1.072,0.000,0.000,0.000,0.000,2.006,0.000,0.000,0.000,0.000,0.000,0.000,4.999,0.000,0.000,0.000,0.000,0.000,0.000,0.000,0.000,0.000,0.000,0.000]
  Iter 8: LB=3.703745  UB=13.136865  gap=7.18e-01
  Cut: intercept=-1111.946109, π_x_range=[-823.4735, 574.1752]
  Mini-Benders[1] (mw): LB=3.839976, Z₀(α*)=-4.508379, intercept=-107.506666 (0.119s) [OMP=0.088 ISP-L=0.003 ISP-F=0.010 MW-L=0.012 MW-F=0.010]
  Mini-Benders[2] (mw): LB=3.839976, Z₀(α*)=-4.508379, intercept=-107.506666 (0.216s) [OMP=0.173 ISP-L=0.003 ISP-F=0.010 MW-L=0.008 MW-F=0.011]
  Mini-Benders[3] (mw): LB=3.839976, Z₀(α*)=-4.508379, intercept=-107.506666 (0.214s) [OMP=0.176 ISP-L=0.003 ISP-F=0.010 MW-L=0.013 MW-F=0.011]
  Mini-Benders[4]: LB stagnated, break
  α-step: Z₀=11.397765, α=[0.000,0.000,0.000,0.000,0.000,8.080,0.000,0.000,0.000,0.000,0.000,0.000,0.000,0.000,0.000,0.000,0.000,0.000,0.000,0.000,0.000,2.623,0.000,0.000,0.000,0.000,0.000,0.000,0.000,0.000,0.000,0.000,0.000,0.000,0.000,0.000,0.000,0.000]
  Alt-Benders[1] (mw): LB=3.839976, Z₀(α*)=-1.208602, intercept=-75.537235 (0.123s) [OMP=0.098 ISP-L=0.003 ISP-F=0.011 MW-L=0.008 MW-F=0.014]
  Alt-Benders[2] (mw): LB=3.839976, Z₀(α*)=-1.208602, intercept=-75.537235 (0.120s) [OMP=0.088 ISP-L=0.003 ISP-F=0.011 MW-L=0.008 MW-F=0.010]
  Alt-Benders[3] (mw): LB=3.839976, Z₀(α*)=-1.208602, intercept=-75.537235 (0.120s) [OMP=0.082 ISP-L=0.003 ISP-F=0.011 MW-L=0.008 MW-F=0.014]
  Alt-Benders[4]: LB stagnated, break
  OMP re-solve: 0.001s

=== True-DRO Benders iter 9 ===
  OMP: t₀=3.839976, UB=13.136865, gap=7.08e-01, x=[0, 0, 0, 0, 0, 1, 1, 0, 0, 0, 0, 0, 0, 0, 0, 0, 0, 0, 0, 0, 0, 0, 0, 0, 0, 0, 0, 0, 0, 0, 0, 0, 0, 0, 0, 0, 0, 0] (0.001s)
  Sub: Z₀=11.933718 [LOCAL] (0.2s), α=[0.000,0.000,0.000,0.000,0.000,7.685,1.365,0.000,0.000,0.000,0.000,0.000,0.000,0.000,0.000,0.000,0.000,0.000,0.000,0.000,0.000,0.000,0.000,0.000,0.000,0.000,1.652,0.000,0.000,0.000,0.000,0.000,0.000,0.000,0.000,0.000,0.000,0.000]
  Iter 9: LB=3.839976  UB=13.136865  gap=7.08e-01
  Cut: intercept=-1127.662741, π_x_range=[-827.6945, 571.4067]
  Mini-Benders[1] (mw): LB=3.892439, Z₀(α*)=7.333129, intercept=-48.891764 (0.167s) [OMP=0.129 ISP-L=0.004 ISP-F=0.010 MW-L=0.008 MW-F=0.016]
  Mini-Benders[2] (mw): LB=4.294417, Z₀(α*)=-66.119308, intercept=-71.156686 (0.182s) [OMP=0.139 ISP-L=0.003 ISP-F=0.011 MW-L=0.009 MW-F=0.009]
  Mini-Benders[3] (mw): LB=4.294417, Z₀(α*)=-66.119308, intercept=-71.156686 (0.135s) [OMP=0.109 ISP-L=0.003 ISP-F=0.011 MW-L=0.009 MW-F=0.009]
  Mini-Benders[4] (mw): LB=4.294417, Z₀(α*)=-66.119308, intercept=-71.156686 (0.137s) [OMP=0.106 ISP-L=0.003 ISP-F=0.011 MW-L=0.013 MW-F=0.009]
  Mini-Benders[5]: LB stagnated, break
  α-step: Z₀=15.719033, α=[0.000,0.000,0.000,0.000,0.000,0.000,0.000,0.000,6.528,0.000,0.000,0.000,0.000,0.000,0.000,0.000,0.000,0.000,0.000,0.000,0.000,0.000,0.000,0.000,0.000,0.000,4.174,0.000,0.000,0.000,0.000,0.000,0.000,0.000,0.000,0.000,0.000,0.000]
  Alt-Benders[1] (mw): LB=4.358860, Z₀(α*)=-8.683562, intercept=-45.101922 (0.169s) [OMP=0.127 ISP-L=0.004 ISP-F=0.011 MW-L=0.012 MW-F=0.010]
  Alt-Benders[2] (mw): LB=4.358860, Z₀(α*)=-8.683562, intercept=-45.101922 (0.135s) [OMP=0.114 ISP-L=0.004 ISP-F=0.010 MW-L=0.007 MW-F=0.010]
  Alt-Benders[3] (mw): LB=4.358860, Z₀(α*)=-8.683562, intercept=-45.101922 (0.151s) [OMP=0.107 ISP-L=0.004 ISP-F=0.010 MW-L=0.007 MW-F=0.014]
  Alt-Benders[4]: LB stagnated, break
  OMP re-solve: 0.000s

=== True-DRO Benders iter 10 ===
  OMP: t₀=4.358860, UB=13.136865, gap=6.68e-01, x=[0, 0, 1, 0, 0, 1, 0, 0, 0, 0, 0, 0, 0, 0, 0, 0, 0, 0, 0, 0, 0, 0, 0, 0, 0, 0, 0, 0, 0, 0, 0, 0, 0, 0, 0, 0, 0, 0] (0.000s)
  Sub: Z₀=14.540692 (9.8s), α=[0.000,0.000,0.000,0.000,0.000,10.702,0.000,0.000,0.000,0.000,0.000,0.000,0.000,0.000,0.000,0.000,0.000,0.000,0.000,0.000,0.000,0.000,0.000,0.000,0.000,0.000,0.000,0.000,0.000,0.000,0.000,0.000,0.000,0.000,0.000,0.000,0.000,0.000]
  Iter 10: LB=4.358860  UB=13.136865  gap=6.68e-01
  Cut: intercept=-82.713871, π_x_range=[-273.0000, 71.8078]
  Sherali-Cut: intercept=-49.180342, π_x_range=[-80.1303, 56.3359]
  Mini-Benders[1] (mw): LB=4.460530, Z₀(α*)=12.381211, intercept=-77.966507 (0.182s) [OMP=0.139 ISP-L=0.004 ISP-F=0.011 MW-L=0.007 MW-F=0.020]
  Mini-Benders[2] (mw): LB=4.641233, Z₀(α*)=7.164924, intercept=-62.863863 (0.166s) [OMP=0.144 ISP-L=0.003 ISP-F=0.010 MW-L=0.008 MW-F=0.010]
  Mini-Benders[3] (mw): LB=4.662207, Z₀(α*)=-3.013023, intercept=-51.724576 (0.182s) [OMP=0.149 ISP-L=0.004 ISP-F=0.011 MW-L=0.007 MW-F=0.009]
  Mini-Benders[4] (mw): LB=4.662207, Z₀(α*)=-3.013023, intercept=-51.724576 (0.136s) [OMP=0.092 ISP-L=0.004 ISP-F=0.011 MW-L=0.012 MW-F=0.009]
  Mini-Benders[5] (mw): LB=4.662207, Z₀(α*)=-3.013023, intercept=-51.724576 (0.122s) [OMP=0.094 ISP-L=0.004 ISP-F=0.011 MW-L=0.007 MW-F=0.009]
  α-step: Z₀=14.748209, α=[0.000,0.000,0.000,0.000,0.000,5.630,0.000,0.000,0.000,0.000,0.000,0.000,0.000,0.000,0.000,0.000,0.000,0.000,0.000,0.000,0.000,0.000,0.000,0.000,0.000,0.000,5.073,0.000,0.000,0.000,0.000,0.000,0.000,0.000,0.000,0.000,0.000,0.000]
  Alt-Benders[1] (mw): LB=5.127524, Z₀(α*)=14.495825, intercept=-51.254458 (0.198s) [OMP=0.163 ISP-L=0.004 ISP-F=0.010 MW-L=0.008 MW-F=0.015]
  Alt-Benders[2] (mw): LB=5.127524, Z₀(α*)=11.713885, intercept=-155.880742 (0.182s) [OMP=0.146 ISP-L=0.003 ISP-F=0.012 MW-L=0.007 MW-F=0.013]
  Alt-Benders[3] (mw): LB=5.658501, Z₀(α*)=-33.961524, intercept=-121.226946 (0.197s) [OMP=0.170 ISP-L=0.003 ISP-F=0.010 MW-L=0.008 MW-F=0.008]
  Alt-Benders[4] (mw): LB=5.658501, Z₀(α*)=-33.961524, intercept=-121.226946 (0.167s) [OMP=0.131 ISP-L=0.003 ISP-F=0.010 MW-L=0.007 MW-F=0.012]
  Alt-Benders[5] (mw): LB=5.658501, Z₀(α*)=-33.961524, intercept=-121.226946 (0.166s) [OMP=0.132 ISP-L=0.003 ISP-F=0.010 MW-L=0.007 MW-F=0.008]
  OMP re-solve: 0.132s

=== True-DRO Benders iter 11 ===
  OMP: t₀=5.658501, UB=13.136865, gap=5.69e-01, x=[0, 0, 0, 0, 0, 0, 0, 0, 1, 0, 0, 0, 0, 0, 0, 0, 0, 0, 0, 1, 0, 0, 0, 0, 0, 0, 0, 0, 0, 0, 0, 0, 0, 0, 0, 0, 0, 0] (0.000s)
  Sub: Z₀=13.532630 [LOCAL] (0.1s), α=[0.000,0.000,0.000,0.000,0.000,0.000,0.000,0.000,4.193,0.000,0.000,0.000,0.000,0.000,2.317,0.000,0.000,0.000,0.000,4.193,0.000,0.000,0.000,0.000,0.000,0.000,0.000,0.000,0.000,0.000,0.000,0.000,0.000,0.000,0.000,0.000,0.000,0.000]
  Iter 11: LB=5.658501  UB=13.136865  gap=5.69e-01
  Cut: intercept=-1127.260594, π_x_range=[-828.6044, 583.4685]
  Mini-Benders[1] (mw): LB=5.658501, Z₀(α*)=-11.798249, intercept=-140.585835 (0.216s) [OMP=0.177 ISP-L=0.004 ISP-F=0.011 MW-L=0.013 MW-F=0.010]
  Mini-Benders[2] (mw): LB=5.658501, Z₀(α*)=-11.798249, intercept=-140.585835 (0.151s) [OMP=0.122 ISP-L=0.004 ISP-F=0.011 MW-L=0.008 MW-F=0.010]
  Mini-Benders[3]: LB stagnated, break
  α-step: Z₀=13.122572, α=[0.000,0.000,0.000,0.000,0.000,0.000,0.000,0.000,0.000,0.000,0.000,0.000,0.000,0.000,2.557,0.000,0.000,0.000,0.000,4.073,0.000,0.000,0.000,0.000,4.073,0.000,0.000,0.000,0.000,0.000,0.000,0.000,0.000,0.000,0.000,0.000,0.000,0.000]
  Alt-Benders[1] (mw): LB=6.065740, Z₀(α*)=-1.382303, intercept=-77.499914 (0.199s) [OMP=0.163 ISP-L=0.004 ISP-F=0.012 MW-L=0.008 MW-F=0.013]
  Alt-Benders[2] (mw): LB=6.065740, Z₀(α*)=-1.382303, intercept=-77.499914 (0.213s) [OMP=0.171 ISP-L=0.004 ISP-F=0.012 MW-L=0.008 MW-F=0.017]
  Alt-Benders[3] (mw): LB=6.065740, Z₀(α*)=-1.382303, intercept=-77.499914 (0.198s) [OMP=0.169 ISP-L=0.004 ISP-F=0.012 MW-L=0.008 MW-F=0.013]
  Alt-Benders[4]: LB stagnated, break
  OMP re-solve: 0.000s

=== True-DRO Benders iter 12 ===
  OMP: t₀=6.065740, UB=13.136865, gap=5.38e-01, x=[0, 0, 0, 0, 0, 0, 0, 0, 0, 0, 0, 0, 0, 0, 0, 0, 0, 0, 0, 1, 0, 0, 0, 0, 0, 0, 0, 0, 0, 0, 0, 0, 1, 0, 0, 0, 0, 0] (0.000s)
  Sub: Z₀=13.955781 [LOCAL] (0.2s), α=[0.000,0.000,0.000,0.000,0.000,0.000,0.000,0.000,0.000,0.000,0.000,0.000,0.000,0.000,2.515,0.000,0.000,0.000,0.000,5.801,0.000,0.000,0.000,0.000,0.000,0.000,0.000,0.000,0.000,0.000,0.000,0.000,2.316,0.071,0.000,0.000,0.000,0.000]
  Iter 12: LB=6.065740  UB=13.136865  gap=5.38e-01
  Cut: intercept=-1059.272560, π_x_range=[-829.2785, 536.7565]
  Mini-Benders[1] (mw): LB=6.067067, Z₀(α*)=2.576575, intercept=-51.623342 (0.214s) [OMP=0.176 ISP-L=0.004 ISP-F=0.011 MW-L=0.008 MW-F=0.012]
  Mini-Benders[2] (mw): LB=6.067067, Z₀(α*)=2.576575, intercept=-51.623342 (0.245s) [OMP=0.198 ISP-L=0.004 ISP-F=0.010 MW-L=0.008 MW-F=0.015]
  Mini-Benders[3] (mw): LB=6.067067, Z₀(α*)=2.576575, intercept=-51.623342 (0.229s) [OMP=0.197 ISP-L=0.004 ISP-F=0.011 MW-L=0.008 MW-F=0.012]
  Mini-Benders[4]: LB stagnated, break
  α-step: Z₀=13.984895, α=[0.000,0.000,0.000,0.000,0.000,0.000,0.000,0.000,0.000,0.000,0.000,0.000,0.000,0.000,2.873,0.000,0.000,0.000,0.000,5.630,0.000,0.000,0.000,0.000,0.000,0.000,2.199,0.000,0.000,0.000,0.000,0.000,0.000,0.000,0.000,0.000,0.000,0.000]
  Alt-Benders[1] (mw): LB=6.081013, Z₀(α*)=14.840638, intercept=-60.204597 (0.192s) [OMP=0.165 ISP-L=0.004 ISP-F=0.013 MW-L=0.012 MW-F=0.013]
  Alt-Benders[2] (mw): LB=6.221463, Z₀(α*)=-13.129054, intercept=-80.165102 (0.245s) [OMP=0.202 ISP-L=0.004 ISP-F=0.009 MW-L=0.007 MW-F=0.012]
  Alt-Benders[3] (mw): LB=6.221463, Z₀(α*)=-13.129054, intercept=-80.165102 (0.229s) [OMP=0.189 ISP-L=0.003 ISP-F=0.009 MW-L=0.011 MW-F=0.012]
  Alt-Benders[4] (mw): LB=6.221463, Z₀(α*)=-13.129054, intercept=-80.165102 (0.213s) [OMP=0.189 ISP-L=0.004 ISP-F=0.010 MW-L=0.007 MW-F=0.012]
  Alt-Benders[5]: LB stagnated, break
  OMP re-solve: 0.000s

=== True-DRO Benders iter 13 ===
  OMP: t₀=6.221463, UB=13.136865, gap=5.26e-01, x=[0, 0, 0, 0, 0, 0, 0, 0, 1, 0, 0, 0, 0, 0, 0, 0, 0, 0, 0, 0, 0, 0, 0, 0, 1, 0, 0, 0, 0, 0, 0, 0, 0, 0, 0, 0, 0, 0] (0.000s)
  Sub: Z₀=13.844998 [LOCAL] (0.3s), α=[0.000,0.000,0.000,0.000,0.000,0.000,0.000,0.000,4.073,0.000,0.000,0.000,0.000,0.000,2.557,0.000,0.000,0.000,0.000,0.000,0.000,0.000,0.000,0.000,4.073,0.000,0.000,0.000,0.000,0.000,0.000,0.000,0.000,0.000,0.000,0.000,0.000,0.000]
  Iter 13: LB=6.221463  UB=13.136865  gap=5.26e-01
  Cut: intercept=-1114.761528, π_x_range=[-828.6699, 580.6434]
  Mini-Benders[1] (mw): LB=6.481610, Z₀(α*)=6.049742, intercept=-92.225169 (0.198s) [OMP=0.168 ISP-L=0.004 ISP-F=0.010 MW-L=0.007 MW-F=0.012]
  Mini-Benders[2] (mw): LB=6.481610, Z₀(α*)=6.049742, intercept=-92.225169 (0.198s) [OMP=0.160 ISP-L=0.004 ISP-F=0.010 MW-L=0.008 MW-F=0.016]
  Mini-Benders[3] (mw): LB=6.481610, Z₀(α*)=6.049742, intercept=-92.225169 (0.198s) [OMP=0.160 ISP-L=0.004 ISP-F=0.010 MW-L=0.008 MW-F=0.012]
  Mini-Benders[4]: LB stagnated, break
  α-step: Z₀=13.969011, α=[0.000,0.000,0.000,0.000,0.000,0.000,0.000,0.000,0.394,0.000,0.000,0.000,0.000,0.000,2.743,0.000,0.000,0.000,0.000,0.000,0.000,0.000,0.000,0.000,5.526,0.000,0.185,0.000,0.000,0.000,0.000,0.000,1.854,0.000,0.000,0.000,0.000,0.000]
  Alt-Benders[1] (mw): LB=6.503427, Z₀(α*)=-32.151244, intercept=-61.804196 (0.208s) [OMP=0.171 ISP-L=0.004 ISP-F=0.011 MW-L=0.012 MW-F=0.010]
  Alt-Benders[2] (mw): LB=6.503427, Z₀(α*)=-32.151244, intercept=-61.804196 (0.197s) [OMP=0.174 ISP-L=0.004 ISP-F=0.011 MW-L=0.008 MW-F=0.010]
  Alt-Benders[3] (mw): LB=6.503427, Z₀(α*)=-32.151244, intercept=-61.804196 (0.214s) [OMP=0.177 ISP-L=0.004 ISP-F=0.011 MW-L=0.012 MW-F=0.010]
  Alt-Benders[4]: LB stagnated, break
  OMP re-solve: 0.000s

=== True-DRO Benders iter 14 ===
  OMP: t₀=6.503427, UB=13.136865, gap=5.05e-01, x=[1, 0, 0, 0, 0, 0, 0, 0, 0, 0, 0, 0, 0, 0, 0, 0, 0, 0, 0, 1, 0, 0, 0, 0, 0, 0, 0, 0, 0, 0, 0, 0, 0, 0, 0, 0, 0, 0] (0.000s)
  Sub: Z₀=15.644308 [LOCAL] (0.2s), α=[0.000,0.000,0.000,0.000,0.000,0.725,0.000,0.000,0.459,0.000,0.000,0.000,0.000,0.000,1.816,0.000,0.000,0.000,0.000,7.537,0.000,0.000,0.000,0.000,0.000,0.000,0.165,0.000,0.000,0.000,0.000,0.000,0.000,0.000,0.000,0.000,0.000,0.000]
  Iter 14: LB=6.503427  UB=13.136865  gap=5.05e-01
  Cut: intercept=-1061.980259, π_x_range=[-829.3977, 539.7627]
  Mini-Benders[1] (mw): LB=6.581622, Z₀(α*)=-29.063816, intercept=-83.309594 (0.230s) [OMP=0.177 ISP-L=0.003 ISP-F=0.010 MW-L=0.009 MW-F=0.016]
  Mini-Benders[2] (mw): LB=6.581622, Z₀(α*)=-29.063816, intercept=-83.309594 (0.182s) [OMP=0.156 ISP-L=0.003 ISP-F=0.010 MW-L=0.008 MW-F=0.012]
  Mini-Benders[3] (mw): LB=6.581622, Z₀(α*)=-29.063816, intercept=-83.309594 (0.197s) [OMP=0.149 ISP-L=0.003 ISP-F=0.010 MW-L=0.008 MW-F=0.016]
  Mini-Benders[4]: LB stagnated, break
  α-step: Z₀=14.405139, α=[0.000,0.000,0.000,0.000,0.000,0.000,0.000,0.000,0.000,0.000,0.000,0.000,0.000,0.000,3.107,0.000,0.000,0.000,0.000,0.000,0.000,0.000,0.000,0.000,4.176,0.000,3.419,0.000,0.000,0.000,0.000,0.000,0.000,0.000,0.000,0.000,0.000,0.000]
  Alt-Benders[1] (mw): LB=6.583299, Z₀(α*)=-5.713406, intercept=-126.250788 (0.172s) [OMP=0.152 ISP-L=0.003 ISP-F=0.012 MW-L=0.008 MW-F=0.009]
  Alt-Benders[2] (mw): LB=6.583299, Z₀(α*)=-5.713406, intercept=-126.250788 (0.213s) [OMP=0.172 ISP-L=0.003 ISP-F=0.011 MW-L=0.013 MW-F=0.009]
  Alt-Benders[3] (mw): LB=6.583299, Z₀(α*)=-5.713406, intercept=-126.250788 (0.198s) [OMP=0.168 ISP-L=0.003 ISP-F=0.011 MW-L=0.008 MW-F=0.010]
  Alt-Benders[4]: LB stagnated, break
  OMP re-solve: 0.000s

=== True-DRO Benders iter 15 ===
  OMP: t₀=6.583299, UB=13.136865, gap=4.99e-01, x=[0, 0, 0, 0, 0, 0, 0, 0, 0, 0, 0, 0, 0, 0, 0, 0, 0, 0, 0, 1, 0, 0, 0, 0, 0, 0, 0, 0, 0, 0, 0, 1, 0, 0, 0, 0, 0, 0] (0.000s)
  Sub: Z₀=13.631028 [TIME_LIMIT] (15.1s), α=[0.000,0.000,0.000,0.000,0.000,0.000,0.000,0.000,0.000,0.000,0.000,0.000,0.000,0.000,1.816,0.000,0.000,0.000,0.000,3.107,0.000,0.000,0.000,0.000,0.000,0.000,4.684,0.000,0.000,0.000,0.000,1.096,0.000,0.000,0.000,0.000,0.000,0.000]
  Iter 15: LB=6.583299  UB=13.136865  gap=4.99e-01
  Cut: intercept=-140.474231, π_x_range=[-264.0000, 97.0983]
  Mini-Benders[1] (mw): LB=6.648926, Z₀(α*)=-6.955187, intercept=-138.250979 (0.229s) [OMP=0.197 ISP-L=0.004 ISP-F=0.011 MW-L=0.009 MW-F=0.012]
  Mini-Benders[2] (mw): LB=6.648926, Z₀(α*)=-6.955187, intercept=-138.250979 (0.245s) [OMP=0.210 ISP-L=0.004 ISP-F=0.011 MW-L=0.013 MW-F=0.012]
  Mini-Benders[3] (mw): LB=6.648926, Z₀(α*)=-6.955187, intercept=-138.250979 (0.260s) [OMP=0.213 ISP-L=0.004 ISP-F=0.011 MW-L=0.009 MW-F=0.012]
  Mini-Benders[4]: LB stagnated, break
  α-step: Z₀=12.814879, α=[0.000,0.000,0.000,0.000,0.000,0.000,0.000,0.000,4.097,0.000,0.000,0.000,0.000,0.000,0.000,0.000,0.000,0.000,0.000,0.000,0.000,0.000,0.000,0.000,0.000,0.000,3.430,0.000,0.000,0.000,0.000,3.175,0.000,0.000,0.000,0.000,0.000,0.000]
  Alt-Benders[1] (mw): LB=6.669038, Z₀(α*)=-35.715955, intercept=-56.977169 (0.220s) [OMP=0.197 ISP-L=0.003 ISP-F=0.010 MW-L=0.008 MW-F=0.010]
  Alt-Benders[2] (mw): LB=6.669038, Z₀(α*)=-35.715955, intercept=-56.977169 (0.229s) [OMP=0.184 ISP-L=0.004 ISP-F=0.010 MW-L=0.008 MW-F=0.014]
  Alt-Benders[3] (mw): LB=6.669038, Z₀(α*)=-35.715955, intercept=-56.977169 (0.213s) [OMP=0.181 ISP-L=0.003 ISP-F=0.011 MW-L=0.008 MW-F=0.010]
  Alt-Benders[4]: LB stagnated, break
  OMP re-solve: 0.000s

=== True-DRO Benders iter 16 ===
  OMP: t₀=6.669038, UB=13.136865, gap=4.92e-01, x=[0, 0, 0, 0, 0, 0, 0, 0, 0, 0, 0, 0, 0, 0, 0, 0, 0, 0, 0, 1, 0, 0, 0, 0, 0, 0, 0, 0, 0, 0, 0, 0, 0, 1, 0, 0, 0, 0] (0.000s)
  Sub: Z₀=15.564685 [LOCAL] (0.4s), α=[0.000,0.000,0.000,0.000,0.000,0.000,0.000,0.000,0.000,0.000,0.000,0.000,0.000,0.000,3.763,0.000,0.000,0.000,0.000,5.734,0.000,0.000,0.000,0.000,0.000,0.000,1.205,0.000,0.000,0.000,0.000,0.000,0.000,0.000,0.000,0.000,0.000,0.000]
  Iter 16: LB=6.669038  UB=13.136865  gap=4.92e-01
  Cut: intercept=-1080.258082, π_x_range=[-828.4874, 555.5069]
  Mini-Benders[1] (mw): LB=6.669038, Z₀(α*)=15.838967, intercept=-32.131706 (0.229s) [OMP=0.195 ISP-L=0.004 ISP-F=0.011 MW-L=0.013 MW-F=0.011]
  Mini-Benders[2] (mw): LB=6.669038, Z₀(α*)=15.838967, intercept=-36.122144 (0.213s) [OMP=0.172 ISP-L=0.004 ISP-F=0.011 MW-L=0.008 MW-F=0.012]
  Mini-Benders[3] (mw): LB=6.833764, Z₀(α*)=-25.509914, intercept=-103.862069 (0.246s) [OMP=0.211 ISP-L=0.003 ISP-F=0.011 MW-L=0.013 MW-F=0.012]
  Mini-Benders[4] (mw): LB=6.833764, Z₀(α*)=-25.509914, intercept=-103.862069 (0.197s) [OMP=0.156 ISP-L=0.004 ISP-F=0.011 MW-L=0.008 MW-F=0.012]
  Mini-Benders[5] (mw): LB=6.833764, Z₀(α*)=-25.509914, intercept=-103.862069 (0.198s) [OMP=0.153 ISP-L=0.004 ISP-F=0.011 MW-L=0.009 MW-F=0.016]
  α-step: Z₀=13.140776, α=[0.000,0.000,0.000,0.000,0.000,0.000,0.000,0.000,2.639,0.000,0.000,0.000,0.000,0.000,0.000,0.000,0.000,0.000,0.000,0.000,0.000,1.377,0.000,0.000,0.000,0.000,1.971,0.000,0.000,0.000,0.000,4.715,0.000,0.000,0.000,0.000,0.000,0.000]
  Alt-Benders[1] (mw): LB=6.838007, Z₀(α*)=-3.242913, intercept=-149.904929 (0.203s) [OMP=0.164 ISP-L=0.004 ISP-F=0.011 MW-L=0.008 MW-F=0.014]
  Alt-Benders[2] (mw): LB=6.838007, Z₀(α*)=-3.242913, intercept=-149.904929 (0.229s) [OMP=0.196 ISP-L=0.004 ISP-F=0.011 MW-L=0.008 MW-F=0.010]
  Alt-Benders[3] (mw): LB=6.838007, Z₀(α*)=-3.242913, intercept=-149.904929 (0.229s) [OMP=0.191 ISP-L=0.004 ISP-F=0.011 MW-L=0.008 MW-F=0.010]
  Alt-Benders[4]: LB stagnated, break
  OMP re-solve: 0.000s

=== True-DRO Benders iter 17 ===
  OMP: t₀=6.838007, UB=13.136865, gap=4.79e-01, x=[0, 0, 0, 0, 0, 0, 0, 0, 0, 0, 0, 0, 0, 0, 0, 0, 0, 0, 0, 0, 0, 0, 0, 0, 1, 0, 0, 0, 0, 0, 0, 1, 0, 0, 0, 0, 0, 0] (0.000s)
  Sub: Z₀=12.236439 [LOCAL] (0.2s), α=[0.000,0.000,0.000,0.000,0.000,0.000,0.000,0.000,0.000,0.000,0.000,0.000,0.000,0.000,1.783,0.000,0.000,0.000,0.000,0.000,0.000,0.000,0.000,0.000,3.118,0.000,2.682,0.000,0.000,0.000,0.000,3.118,0.000,0.000,0.000,0.000,0.000,0.000]
  Iter 17: LB=6.838007  UB=13.136865  gap=4.79e-01
  Cut: intercept=-1088.807843, π_x_range=[-820.6721, 551.9439]
  Mini-Benders[1] (mw): LB=6.869092, Z₀(α*)=-4.379328, intercept=-128.289669 (0.244s) [OMP=0.195 ISP-L=0.004 ISP-F=0.012 MW-L=0.008 MW-F=0.013]
  Mini-Benders[2] (mw): LB=6.869092, Z₀(α*)=-4.379328, intercept=-128.289669 (0.198s) [OMP=0.164 ISP-L=0.003 ISP-F=0.011 MW-L=0.012 MW-F=0.013]
  Mini-Benders[3] (mw): LB=6.869092, Z₀(α*)=-4.379328, intercept=-128.289669 (0.214s) [OMP=0.167 ISP-L=0.004 ISP-F=0.012 MW-L=0.008 MW-F=0.014]
  Mini-Benders[4]: LB stagnated, break
  α-step: Z₀=12.788351, α=[0.000,0.000,0.000,0.000,0.000,0.000,0.000,0.000,0.000,0.000,0.000,0.000,0.000,0.000,3.474,0.000,0.000,0.000,0.000,0.000,0.000,0.000,0.000,0.000,0.000,0.000,0.000,0.000,0.000,0.000,0.000,7.228,0.000,0.000,0.000,0.000,0.000,0.000]
  Alt-Benders[1] (mw): LB=6.896578, Z₀(α*)=-24.769975, intercept=-59.380100 (0.194s) [OMP=0.166 ISP-L=0.003 ISP-F=0.011 MW-L=0.008 MW-F=0.010]
  Alt-Benders[2] (mw): LB=6.896578, Z₀(α*)=-24.769975, intercept=-59.380100 (0.229s) [OMP=0.197 ISP-L=0.003 ISP-F=0.011 MW-L=0.008 MW-F=0.014]
  Alt-Benders[3] (mw): LB=6.896578, Z₀(α*)=-24.769975, intercept=-59.380100 (0.229s) [OMP=0.193 ISP-L=0.003 ISP-F=0.011 MW-L=0.009 MW-F=0.010]
  Alt-Benders[4]: LB stagnated, break
  OMP re-solve: 0.000s

=== True-DRO Benders iter 18 ===
  OMP: t₀=6.896578, UB=13.136865, gap=4.75e-01, x=[0, 0, 0, 0, 0, 0, 0, 0, 0, 0, 0, 0, 0, 0, 0, 0, 0, 0, 0, 0, 0, 0, 0, 0, 1, 0, 0, 0, 0, 0, 0, 0, 0, 0, 0, 0, 1, 0] (0.000s)
  Sub: Z₀=15.746793 [LOCAL] (0.2s), α=[0.000,0.000,0.000,0.000,0.000,0.000,0.000,0.000,0.000,0.000,0.000,0.000,0.000,0.000,1.999,0.000,0.000,0.000,0.000,0.000,0.000,0.000,0.000,0.000,7.735,0.000,0.968,0.000,0.000,0.000,0.000,0.000,0.000,0.000,0.000,0.000,0.000,0.000]
  Iter 18: LB=6.896578  UB=13.136865  gap=4.75e-01
  Cut: intercept=-1099.395267, π_x_range=[-828.7344, 575.2426]
  Mini-Benders[1] (mw): LB=6.923746, Z₀(α*)=15.746795, intercept=-41.934307 (0.245s) [OMP=0.198 ISP-L=0.004 ISP-F=0.011 MW-L=0.013 MW-F=0.013]
  Mini-Benders[2] (mw): LB=6.923746, Z₀(α*)=14.915810, intercept=-55.887862 (0.229s) [OMP=0.198 ISP-L=0.004 ISP-F=0.011 MW-L=0.008 MW-F=0.011]
  Mini-Benders[3] (mw): LB=6.923746, Z₀(α*)=15.746795, intercept=-41.934304 (0.213s) [OMP=0.163 ISP-L=0.004 ISP-F=0.009 MW-L=0.012 MW-F=0.010]
  Mini-Benders[4]: LB stagnated, break
  α-step: Z₀=15.234737, α=[0.000,0.000,0.000,0.000,0.000,0.000,0.000,0.000,0.000,0.000,0.000,0.000,0.000,0.000,2.505,0.000,0.000,0.000,0.000,0.000,0.000,0.000,0.000,0.000,7.078,0.000,1.120,0.000,0.000,0.000,0.000,0.000,0.000,0.000,0.000,0.000,0.000,0.000]
  Alt-Benders[1] (mw): LB=7.164922, Z₀(α*)=-26.245315, intercept=-67.497101 (0.249s) [OMP=0.214 ISP-L=0.004 ISP-F=0.010 MW-L=0.012 MW-F=0.011]
  Alt-Benders[2] (mw): LB=7.164922, Z₀(α*)=-26.245315, intercept=-67.497101 (0.198s) [OMP=0.170 ISP-L=0.004 ISP-F=0.010 MW-L=0.008 MW-F=0.011]
  Alt-Benders[3] (mw): LB=7.164922, Z₀(α*)=-26.245315, intercept=-67.497101 (0.197s) [OMP=0.165 ISP-L=0.003 ISP-F=0.010 MW-L=0.008 MW-F=0.015]
  Alt-Benders[4]: LB stagnated, break
  OMP re-solve: 0.000s

=== True-DRO Benders iter 19 ===
  OMP: t₀=7.164922, UB=13.136865, gap=4.55e-01, x=[0, 0, 0, 0, 0, 1, 0, 0, 0, 0, 0, 0, 0, 0, 1, 0, 0, 0, 0, 0, 0, 0, 0, 0, 0, 0, 0, 0, 0, 0, 0, 0, 0, 0, 0, 0, 0, 0] (0.000s)
  Sub: Z₀=12.997035 [LOCAL] (0.2s), α=[0.000,0.000,0.000,0.000,0.000,6.980,0.000,0.000,1.052,0.000,0.000,0.000,0.000,0.000,2.254,0.000,0.000,0.000,0.000,0.000,0.000,0.000,0.000,0.000,0.000,0.000,0.417,0.000,0.000,0.000,0.000,0.000,0.000,0.000,0.000,0.000,0.000,0.000]
  Iter 19: LB=7.164922  UB=13.136865  gap=4.55e-01
  Cut: intercept=-1144.804184, π_x_range=[-827.9144, 586.6484]
  Mini-Benders[1] (mw): LB=7.202554, Z₀(α*)=1.850539, intercept=-55.536967 (0.229s) [OMP=0.200 ISP-L=0.004 ISP-F=0.012 MW-L=0.008 MW-F=0.013]
  Mini-Benders[2] (mw): LB=7.202554, Z₀(α*)=1.850539, intercept=-55.536967 (0.197s) [OMP=0.171 ISP-L=0.004 ISP-F=0.011 MW-L=0.008 MW-F=0.009]
  Mini-Benders[3] (mw): LB=7.202554, Z₀(α*)=1.850539, intercept=-55.536967 (0.214s) [OMP=0.175 ISP-L=0.004 ISP-F=0.011 MW-L=0.008 MW-F=0.009]
  Mini-Benders[4]: LB stagnated, break
  α-step: Z₀=14.536253, α=[0.000,0.000,0.000,0.000,0.000,0.000,0.000,0.000,3.863,0.000,0.000,0.000,0.000,0.000,2.254,0.000,0.000,0.000,0.000,0.000,0.000,0.000,0.000,0.000,0.000,0.000,3.165,0.000,0.000,0.000,0.000,0.000,1.421,0.000,0.000,0.000,0.000,0.000]
  Alt-Benders[1] (mw): LB=7.262806, Z₀(α*)=5.970143, intercept=-19.248409 (0.205s) [OMP=0.172 ISP-L=0.004 ISP-F=0.012 MW-L=0.009 MW-F=0.012]
  Alt-Benders[2] (mw): LB=7.262806, Z₀(α*)=5.970143, intercept=-19.248409 (0.213s) [OMP=0.179 ISP-L=0.004 ISP-F=0.011 MW-L=0.012 MW-F=0.012]
  Alt-Benders[3] (mw): LB=7.262806, Z₀(α*)=5.970143, intercept=-19.248409 (0.213s) [OMP=0.180 ISP-L=0.004 ISP-F=0.012 MW-L=0.009 MW-F=0.012]
  Alt-Benders[4]: LB stagnated, break
  OMP re-solve: 0.000s

=== True-DRO Benders iter 20 ===
  OMP: t₀=7.262806, UB=13.136865, gap=4.47e-01, x=[0, 0, 0, 0, 0, 0, 0, 0, 1, 0, 0, 1, 0, 0, 0, 0, 0, 0, 0, 0, 0, 0, 0, 0, 0, 0, 0, 0, 0, 0, 0, 0, 0, 0, 0, 0, 0, 0] (0.000s)
  Sub: Z₀=16.771454 [TIME_LIMIT] (15.1s), α=[0.000,0.000,0.000,0.000,0.000,0.936,0.000,0.000,9.141,0.000,0.000,0.000,0.000,0.000,0.500,0.000,0.000,0.000,0.000,0.000,0.000,0.000,0.000,0.000,0.000,0.000,0.126,0.000,0.000,0.000,0.000,0.000,0.000,0.000,0.000,0.000,0.000,0.000]
  Iter 20: LB=7.262806  UB=13.136865  gap=4.47e-01
  Cut: intercept=-9.715933, π_x_range=[-192.0363, 26.4874]
  Mini-Benders[1] (mw): LB=7.278470, Z₀(α*)=14.102453, intercept=-28.782998 (0.276s) [OMP=0.237 ISP-L=0.004 ISP-F=0.010 MW-L=0.008 MW-F=0.011]
  Mini-Benders[2] (mw): LB=7.280484, Z₀(α*)=16.771449, intercept=-9.393765 (0.229s) [OMP=0.198 ISP-L=0.004 ISP-F=0.012 MW-L=0.008 MW-F=0.015]
  Mini-Benders[3] (mw): LB=7.368971, Z₀(α*)=-37.539930, intercept=-84.514215 (0.276s) [OMP=0.234 ISP-L=0.003 ISP-F=0.012 MW-L=0.008 MW-F=0.011]
  Mini-Benders[4] (mw): LB=7.368971, Z₀(α*)=-37.539930, intercept=-84.514215 (0.276s) [OMP=0.234 ISP-L=0.004 ISP-F=0.012 MW-L=0.008 MW-F=0.011]
  Mini-Benders[5] (mw): LB=7.368971, Z₀(α*)=-37.539930, intercept=-84.514215 (0.275s) [OMP=0.232 ISP-L=0.003 ISP-F=0.012 MW-L=0.013 MW-F=0.011]
  α-step: Z₀=15.455765, α=[0.000,0.000,0.000,0.000,0.000,0.000,0.000,0.000,0.000,0.000,0.000,0.000,0.000,0.000,1.072,0.000,0.000,0.000,0.000,0.000,0.000,0.000,0.000,0.000,0.000,0.000,2.833,0.000,0.000,0.000,0.000,6.798,0.000,0.000,0.000,0.000,0.000,0.000]
  Alt-Benders[1] (mw): LB=7.390413, Z₀(α*)=8.710274, intercept=-140.807273 (0.245s) [OMP=0.205 ISP-L=0.004 ISP-F=0.012 MW-L=0.013 MW-F=0.010]
  Alt-Benders[2] (mw): LB=7.427447, Z₀(α*)=-24.394940, intercept=-25.756282 (0.198s) [OMP=0.172 ISP-L=0.004 ISP-F=0.010 MW-L=0.008 MW-F=0.010]
  Alt-Benders[3] (mw): LB=7.427447, Z₀(α*)=-24.394940, intercept=-25.756282 (0.197s) [OMP=0.166 ISP-L=0.003 ISP-F=0.010 MW-L=0.007 MW-F=0.015]
  Alt-Benders[4] (mw): LB=7.427447, Z₀(α*)=-24.394940, intercept=-25.756282 (0.214s) [OMP=0.171 ISP-L=0.003 ISP-F=0.010 MW-L=0.008 MW-F=0.010]
  Alt-Benders[5]: LB stagnated, break
  OMP re-solve: 0.001s

=== True-DRO Benders iter 21 ===
  OMP: t₀=7.427447, UB=13.136865, gap=4.35e-01, x=[0, 0, 0, 0, 0, 0, 0, 0, 0, 0, 0, 0, 0, 0, 0, 0, 0, 0, 0, 0, 0, 1, 0, 0, 0, 0, 0, 0, 0, 0, 0, 0, 0, 0, 0, 0, 1, 0] (0.000s)
  Sub: Z₀=16.590967 [LOCAL] (0.2s), α=[0.000,0.000,0.000,0.000,0.000,0.714,0.000,0.000,3.232,0.000,0.000,0.000,0.000,0.000,0.000,0.000,0.000,0.000,0.000,0.000,0.000,5.810,0.000,0.000,0.000,0.000,0.947,0.000,0.000,0.000,0.000,0.000,0.000,0.000,0.000,0.000,0.000,0.000]
  Iter 21: LB=7.427447  UB=13.136865  gap=4.35e-01
  Cut: intercept=-1128.111671, π_x_range=[-829.5143, 575.1161]
  Mini-Benders[1] (mw): LB=7.462776, Z₀(α*)=-13.505853, intercept=-9.514835 (0.245s) [OMP=0.197 ISP-L=0.004 ISP-F=0.013 MW-L=0.008 MW-F=0.012]
  Mini-Benders[2] (mw): LB=7.462776, Z₀(α*)=-13.505853, intercept=-9.514835 (0.197s) [OMP=0.173 ISP-L=0.004 ISP-F=0.012 MW-L=0.008 MW-F=0.012]
  Mini-Benders[3] (mw): LB=7.462776, Z₀(α*)=-13.505853, intercept=-9.514835 (0.229s) [OMP=0.175 ISP-L=0.004 ISP-F=0.012 MW-L=0.013 MW-F=0.012]
  Mini-Benders[4]: LB stagnated, break
  α-step: Z₀=16.885231, α=[0.000,0.000,0.000,0.000,0.000,1.347,0.000,0.000,3.141,0.000,0.000,0.000,0.000,0.000,3.198,0.000,0.000,0.000,0.000,0.000,0.000,0.000,0.000,0.000,0.000,0.000,3.016,0.000,0.000,0.000,0.000,0.000,0.000,0.000,0.000,0.000,0.000,0.000]
  Alt-Benders[1] (mw): LB=7.580993, Z₀(α*)=13.516853, intercept=-31.492511 (0.276s) [OMP=0.227 ISP-L=0.004 ISP-F=0.011 MW-L=0.013 MW-F=0.009]
  Alt-Benders[2] (mw): LB=7.580993, Z₀(α*)=12.621869, intercept=-18.016971 (0.228s) [OMP=0.203 ISP-L=0.004 ISP-F=0.012 MW-L=0.009 MW-F=0.010]
  Alt-Benders[3] (mw): LB=7.605673, Z₀(α*)=-3.178431, intercept=-49.710061 (0.261s) [OMP=0.213 ISP-L=0.004 ISP-F=0.010 MW-L=0.009 MW-F=0.015]
  Alt-Benders[4] (mw): LB=7.605673, Z₀(α*)=-3.178431, intercept=-49.710061 (0.197s) [OMP=0.165 ISP-L=0.004 ISP-F=0.010 MW-L=0.009 MW-F=0.011]
  Alt-Benders[5] (mw): LB=7.605673, Z₀(α*)=-3.178431, intercept=-49.710061 (0.198s) [OMP=0.163 ISP-L=0.004 ISP-F=0.010 MW-L=0.008 MW-F=0.015]
  OMP re-solve: 0.162s

=== True-DRO Benders iter 22 ===
  OMP: t₀=7.605673, UB=13.136865, gap=4.21e-01, x=[0, 0, 0, 0, 0, 0, 1, 0, 0, 0, 0, 0, 0, 0, 1, 0, 0, 0, 0, 0, 0, 0, 0, 0, 0, 0, 0, 0, 0, 0, 0, 0, 0, 0, 0, 0, 0, 0] (0.001s)
  Sub: Z₀=15.110660 [LOCAL] (0.2s), α=[0.000,0.000,0.000,0.000,0.000,0.461,0.319,0.000,9.215,0.000,0.000,0.000,0.000,0.000,0.319,0.000,0.000,0.000,0.000,0.006,0.000,0.000,0.000,0.000,0.000,0.000,0.381,0.000,0.000,0.000,0.000,0.000,0.000,0.000,0.000,0.000,0.000,0.000]
  Iter 22: LB=7.605673  UB=13.136865  gap=4.21e-01
  Cut: intercept=-1123.483172, π_x_range=[-831.5342, 582.2926]
  Mini-Benders[1] (mw): LB=7.605673, Z₀(α*)=13.698673, intercept=-67.043796 (0.213s) [OMP=0.178 ISP-L=0.004 ISP-F=0.010 MW-L=0.008 MW-F=0.010]
  Mini-Benders[2] (mw): LB=7.715796, Z₀(α*)=-5.155277, intercept=-38.033494 (0.213s) [OMP=0.184 ISP-L=0.004 ISP-F=0.011 MW-L=0.014 MW-F=0.009]
  Mini-Benders[3] (mw): LB=7.715796, Z₀(α*)=-5.155277, intercept=-38.033494 (0.198s) [OMP=0.157 ISP-L=0.004 ISP-F=0.011 MW-L=0.009 MW-F=0.009]
  Mini-Benders[4] (mw): LB=7.715796, Z₀(α*)=-5.155277, intercept=-38.033494 (0.198s) [OMP=0.162 ISP-L=0.004 ISP-F=0.011 MW-L=0.013 MW-F=0.009]
  Mini-Benders[5]: LB stagnated, break
  α-step: Z₀=17.820486, α=[0.000,0.000,0.000,0.000,0.000,0.276,0.000,0.000,4.760,0.000,0.000,0.000,0.000,0.000,0.000,0.000,0.000,0.000,0.000,0.000,0.000,0.000,0.000,0.000,0.000,0.000,5.667,0.000,0.000,0.000,0.000,0.000,0.000,0.000,0.000,0.000,0.000,0.000]
  Alt-Benders[1] (mw): LB=7.828205, Z₀(α*)=9.259180, intercept=-106.887004 (0.244s) [OMP=0.204 ISP-L=0.003 ISP-F=0.010 MW-L=0.008 MW-F=0.014]
  Alt-Benders[2] (mw): LB=7.877050, Z₀(α*)=12.689447, intercept=-36.996780 (0.245s) [OMP=0.215 ISP-L=0.004 ISP-F=0.009 MW-L=0.009 MW-F=0.010]
  Alt-Benders[3] (mw): LB=7.903236, Z₀(α*)=19.487946, intercept=4.555577 (0.244s) [OMP=0.205 ISP-L=0.004 ISP-F=0.010 MW-L=0.008 MW-F=0.024]
  Alt-Benders[4] (mw): LB=7.966099, Z₀(α*)=4.802911, intercept=-30.152945 (0.261s) [OMP=0.220 ISP-L=0.003 ISP-F=0.011 MW-L=0.008 MW-F=0.011]
  Alt-Benders[5] (mw): LB=7.966099, Z₀(α*)=4.802911, intercept=-30.152945 (0.182s) [OMP=0.148 ISP-L=0.003 ISP-F=0.012 MW-L=0.008 MW-F=0.011]
  OMP re-solve: 0.147s

=== True-DRO Benders iter 23 ===
  OMP: t₀=7.966099, UB=13.136865, gap=3.94e-01, x=[0, 0, 0, 0, 0, 0, 1, 0, 0, 0, 0, 0, 0, 0, 0, 0, 0, 0, 0, 0, 0, 0, 0, 0, 0, 0, 0, 0, 0, 0, 0, 0, 0, 0, 0, 0, 1, 0] (0.000s)
  Sub: Z₀=17.158177 [LOCAL] (0.2s), α=[0.000,0.000,0.000,0.000,0.000,1.155,3.603,0.000,4.242,0.000,0.000,0.000,0.000,0.000,0.000,0.000,0.000,0.000,0.000,0.000,0.000,0.000,0.000,0.000,0.000,0.000,1.701,0.000,0.000,0.000,0.000,0.000,0.000,0.000,0.000,0.000,0.000,0.000]
  Iter 23: LB=7.966099  UB=13.136865  gap=3.94e-01
  Cut: intercept=-1127.628825, π_x_range=[-832.5200, 577.0008]
  Mini-Benders[1] (mw): LB=8.104546, Z₀(α*)=1.534912, intercept=-34.805492 (0.260s) [OMP=0.215 ISP-L=0.004 ISP-F=0.011 MW-L=0.008 MW-F=0.012]
  Mini-Benders[2] (mw): LB=8.104546, Z₀(α*)=1.534912, intercept=-34.805492 (0.198s) [OMP=0.169 ISP-L=0.003 ISP-F=0.011 MW-L=0.012 MW-F=0.012]
  Mini-Benders[3] (mw): LB=8.104546, Z₀(α*)=1.534912, intercept=-34.805492 (0.213s) [OMP=0.175 ISP-L=0.004 ISP-F=0.012 MW-L=0.008 MW-F=0.012]
  Mini-Benders[4]: LB stagnated, break
  α-step: Z₀=15.105308, α=[0.000,0.000,0.000,0.000,0.000,2.108,0.000,0.000,3.950,0.000,0.000,0.000,0.000,0.000,1.615,0.000,0.000,0.000,0.000,0.000,0.000,1.615,0.000,0.000,0.000,0.000,1.415,0.000,0.000,0.000,0.000,0.000,0.000,0.000,0.000,0.000,0.000,0.000]
  Alt-Benders[1] (mw): LB=8.121401, Z₀(α*)=10.507225, intercept=-69.737839 (0.253s) [OMP=0.231 ISP-L=0.004 ISP-F=0.011 MW-L=0.008 MW-F=0.011]
  Alt-Benders[2] (mw): LB=8.134784, Z₀(α*)=6.351016, intercept=-25.756161 (0.291s) [OMP=0.237 ISP-L=0.004 ISP-F=0.011 MW-L=0.008 MW-F=0.017]
  Alt-Benders[3] (mw): LB=8.134784, Z₀(α*)=6.351016, intercept=-25.756161 (0.198s) [OMP=0.174 ISP-L=0.004 ISP-F=0.011 MW-L=0.008 MW-F=0.013]
  Alt-Benders[4] (mw): LB=8.134784, Z₀(α*)=6.351016, intercept=-25.756161 (0.213s) [OMP=0.169 ISP-L=0.004 ISP-F=0.011 MW-L=0.008 MW-F=0.013]
  Alt-Benders[5]: LB stagnated, break
  OMP re-solve: 0.000s

=== True-DRO Benders iter 24 ===
  OMP: t₀=8.134784, UB=13.136865, gap=3.81e-01, x=[0, 0, 0, 0, 0, 0, 0, 0, 0, 0, 0, 0, 0, 0, 1, 0, 0, 0, 0, 0, 0, 0, 0, 0, 0, 0, 0, 1, 0, 0, 0, 0, 0, 0, 0, 0, 0, 0] (0.000s)
  Sub: Z₀=16.157511 [LOCAL] (0.2s), α=[0.000,0.000,0.000,0.000,0.000,0.000,0.000,0.000,3.950,0.000,0.000,0.000,0.000,0.000,3.426,0.000,0.000,0.000,0.000,0.000,0.000,0.000,0.000,0.000,0.000,0.000,3.326,0.000,0.000,0.000,0.000,0.000,0.000,0.000,0.000,0.000,0.000,0.000]
  Iter 24: LB=8.134784  UB=13.136865  gap=3.81e-01
  Cut: intercept=-1153.336540, π_x_range=[-831.3534, 589.2807]
  Mini-Benders[1] (mw): LB=8.156730, Z₀(α*)=15.929116, intercept=-16.489519 (0.261s) [OMP=0.218 ISP-L=0.004 ISP-F=0.012 MW-L=0.009 MW-F=0.010]
  Mini-Benders[2] (mw): LB=8.162446, Z₀(α*)=-2.733924, intercept=-31.782022 (0.275s) [OMP=0.246 ISP-L=0.004 ISP-F=0.011 MW-L=0.012 MW-F=0.010]
  Mini-Benders[3] (mw): LB=8.162446, Z₀(α*)=-2.733924, intercept=-31.782022 (0.214s) [OMP=0.175 ISP-L=0.004 ISP-F=0.011 MW-L=0.008 MW-F=0.011]
  Mini-Benders[4] (mw): LB=8.162446, Z₀(α*)=-2.733924, intercept=-31.782022 (0.213s) [OMP=0.175 ISP-L=0.003 ISP-F=0.010 MW-L=0.007 MW-F=0.015]
  Mini-Benders[5]: LB stagnated, break
  α-step: Z₀=16.308777, α=[0.000,0.000,0.000,0.000,0.000,2.108,0.000,0.000,3.950,0.000,0.000,0.000,0.000,0.000,0.000,0.000,0.000,0.000,0.000,0.000,0.000,3.471,0.000,0.000,0.000,0.000,1.174,0.000,0.000,0.000,0.000,0.000,0.000,0.000,0.000,0.000,0.000,0.000]
  Alt-Benders[1] (mw): LB=8.197775, Z₀(α*)=-2.452111, intercept=-23.163851 (0.309s) [OMP=0.279 ISP-L=0.004 ISP-F=0.010 MW-L=0.008 MW-F=0.016]
  Alt-Benders[2] (mw): LB=8.197775, Z₀(α*)=-2.452111, intercept=-23.163851 (0.229s) [OMP=0.199 ISP-L=0.003 ISP-F=0.010 MW-L=0.008 MW-F=0.012]
  Alt-Benders[3] (mw): LB=8.197775, Z₀(α*)=-2.452111, intercept=-23.163851 (0.229s) [OMP=0.192 ISP-L=0.003 ISP-F=0.010 MW-L=0.008 MW-F=0.012]
  Alt-Benders[4]: LB stagnated, break
  OMP re-solve: 0.000s

=== True-DRO Benders iter 25 ===
  OMP: t₀=8.197775, UB=13.136865, gap=3.76e-01, x=[0, 0, 1, 0, 0, 0, 0, 0, 0, 0, 0, 0, 0, 0, 1, 0, 0, 0, 0, 0, 0, 0, 0, 0, 0, 0, 0, 0, 0, 0, 0, 0, 0, 0, 0, 0, 0, 0] (0.000s)
  Sub: Z₀=16.874396 [TIME_LIMIT] (15.1s), α=[0.000,0.000,0.000,0.000,0.000,0.000,0.000,0.000,1.432,0.000,0.000,0.000,0.000,0.000,7.072,0.000,0.000,0.000,0.000,0.000,0.000,0.000,0.000,0.000,0.000,0.000,2.199,0.000,0.000,0.000,0.000,0.000,0.000,0.000,0.000,0.000,0.000,0.000]
  Iter 25: LB=8.197775  UB=13.136865  gap=3.76e-01
  Cut: intercept=-18.461425, π_x_range=[-183.7502, 35.3358]
  Mini-Benders[1] (mw): LB=8.210572, Z₀(α*)=-11.797132, intercept=-74.558974 (0.245s) [OMP=0.215 ISP-L=0.004 ISP-F=0.011 MW-L=0.009 MW-F=0.011]
  Mini-Benders[2] (mw): LB=8.210572, Z₀(α*)=-11.797132, intercept=-74.558974 (0.339s) [OMP=0.300 ISP-L=0.004 ISP-F=0.010 MW-L=0.013 MW-F=0.011]
  Mini-Benders[3] (mw): LB=8.210572, Z₀(α*)=-11.797132, intercept=-74.558974 (0.338s) [OMP=0.304 ISP-L=0.004 ISP-F=0.011 MW-L=0.009 MW-F=0.011]
  Mini-Benders[4]: LB stagnated, break
  α-step: Z₀=13.924714, α=[0.000,0.000,0.000,0.000,0.000,0.276,0.000,0.000,0.000,0.000,0.000,0.000,0.000,0.000,0.000,0.000,0.000,0.000,0.000,0.000,0.000,4.845,0.000,0.000,0.000,0.000,0.899,0.000,0.000,0.000,0.000,0.000,4.683,0.000,0.000,0.000,0.000,0.000]
  Alt-Benders[1] (mw): LB=8.256693, Z₀(α*)=-12.262462, intercept=-70.357748 (0.206s) [OMP=0.183 ISP-L=0.004 ISP-F=0.011 MW-L=0.008 MW-F=0.010]
  Alt-Benders[2] (mw): LB=8.256693, Z₀(α*)=-12.262462, intercept=-70.357748 (0.213s) [OMP=0.180 ISP-L=0.003 ISP-F=0.011 MW-L=0.008 MW-F=0.014]
  Alt-Benders[3] (mw): LB=8.256693, Z₀(α*)=-12.262462, intercept=-70.357748 (0.214s) [OMP=0.175 ISP-L=0.003 ISP-F=0.010 MW-L=0.008 MW-F=0.010]
  Alt-Benders[4]: LB stagnated, break
  OMP re-solve: 0.000s

=== True-DRO Benders iter 26 ===
  OMP: t₀=8.256693, UB=13.136865, gap=3.71e-01, x=[0, 0, 0, 0, 0, 0, 1, 0, 0, 0, 0, 0, 0, 0, 0, 0, 0, 0, 0, 0, 0, 0, 0, 0, 0, 0, 0, 0, 0, 0, 0, 0, 1, 0, 0, 0, 0, 0] (0.000s)
  Sub: Z₀=14.417986 [LOCAL] (0.2s), α=[0.000,0.000,0.000,0.000,0.000,0.000,4.074,0.000,1.385,0.000,0.000,0.000,0.000,0.000,0.000,0.000,0.000,0.000,0.000,0.000,0.000,0.000,0.000,0.000,0.000,0.000,0.000,0.000,0.000,0.000,0.000,0.000,5.174,0.069,0.000,0.000,0.000,0.000]
  Iter 26: LB=8.256693  UB=13.136865  gap=3.71e-01
  Cut: intercept=-1089.161096, π_x_range=[-829.0904, 561.9029]
  Mini-Benders[1] (mw): LB=8.351582, Z₀(α*)=-13.021070, intercept=-64.710968 (0.276s) [OMP=0.228 ISP-L=0.004 ISP-F=0.012 MW-L=0.012 MW-F=0.012]
  Mini-Benders[2] (mw): LB=8.351582, Z₀(α*)=-13.021070, intercept=-64.710968 (0.261s) [OMP=0.230 ISP-L=0.004 ISP-F=0.012 MW-L=0.008 MW-F=0.012]
  Mini-Benders[3] (mw): LB=8.351582, Z₀(α*)=-13.021070, intercept=-64.710968 (0.275s) [OMP=0.232 ISP-L=0.004 ISP-F=0.012 MW-L=0.012 MW-F=0.012]
  Mini-Benders[4]: LB stagnated, break
  α-step: Z₀=15.993615, α=[0.000,0.000,0.000,0.000,0.000,0.000,4.438,0.000,3.407,0.000,0.000,0.000,0.000,0.000,0.000,0.000,0.000,0.000,0.000,0.000,0.000,0.000,0.000,0.000,0.000,0.000,2.857,0.000,0.000,0.000,0.000,0.000,0.000,0.000,0.000,0.000,0.000,0.000]
  Alt-Benders[1] (mw): LB=8.386711, Z₀(α*)=16.926919, intercept=-41.949853 (0.287s) [OMP=0.247 ISP-L=0.004 ISP-F=0.012 MW-L=0.008 MW-F=0.015]
  Alt-Benders[2] (mw): LB=8.418108, Z₀(α*)=-18.127503, intercept=-74.999208 (0.276s) [OMP=0.253 ISP-L=0.004 ISP-F=0.011 MW-L=0.009 MW-F=0.012]
  Alt-Benders[3] (mw): LB=8.418108, Z₀(α*)=-18.127503, intercept=-74.999208 (0.323s) [OMP=0.269 ISP-L=0.004 ISP-F=0.011 MW-L=0.008 MW-F=0.016]
  Alt-Benders[4] (mw): LB=8.418108, Z₀(α*)=-18.127503, intercept=-74.999208 (0.291s) [OMP=0.268 ISP-L=0.004 ISP-F=0.011 MW-L=0.008 MW-F=0.012]
  Alt-Benders[5]: LB stagnated, break
  OMP re-solve: 0.000s

=== True-DRO Benders iter 27 ===
  OMP: t₀=8.418108, UB=13.136865, gap=3.59e-01, x=[0, 0, 0, 0, 0, 0, 0, 0, 0, 0, 0, 0, 0, 0, 0, 0, 0, 0, 0, 0, 0, 0, 1, 0, 0, 0, 0, 0, 0, 0, 0, 0, 1, 0, 0, 0, 0, 0] (0.000s)
  Sub: Z₀=16.353289 [LOCAL] (0.2s), α=[0.000,0.000,0.000,0.000,0.000,0.000,0.000,0.000,0.360,0.000,0.000,0.000,0.000,0.000,1.816,0.000,0.000,0.000,0.000,0.000,0.000,0.000,0.000,0.000,0.000,0.000,1.144,0.000,0.000,0.000,0.000,0.000,7.383,0.000,0.000,0.000,0.000,0.000]
  Iter 27: LB=8.418108  UB=13.136865  gap=3.59e-01
  Cut: intercept=-1114.752501, π_x_range=[-830.1375, 582.7820]
  Mini-Benders[1] (mw): LB=8.427756, Z₀(α*)=-27.232256, intercept=-42.322864 (0.292s) [OMP=0.245 ISP-L=0.004 ISP-F=0.012 MW-L=0.013 MW-F=0.011]
  Mini-Benders[2] (mw): LB=8.427756, Z₀(α*)=-27.232256, intercept=-42.322864 (0.291s) [OMP=0.257 ISP-L=0.003 ISP-F=0.012 MW-L=0.008 MW-F=0.011]
  Mini-Benders[3] (mw): LB=8.427756, Z₀(α*)=-27.232256, intercept=-42.322864 (0.308s) [OMP=0.258 ISP-L=0.003 ISP-F=0.012 MW-L=0.012 MW-F=0.011]
  Mini-Benders[4]: LB stagnated, break
  α-step: Z₀=17.137130, α=[0.000,0.000,0.000,0.000,0.000,2.108,3.603,0.000,4.242,0.000,0.000,0.000,0.000,0.000,0.000,0.000,0.000,0.000,0.000,0.000,0.000,0.000,0.000,0.000,0.000,0.000,0.749,0.000,0.000,0.000,0.000,0.000,0.000,0.000,0.000,0.000,0.000,0.000]
  Alt-Benders[1] (mw): LB=8.442388, Z₀(α*)=-4.940000, intercept=-23.300715 (0.286s) [OMP=0.251 ISP-L=0.004 ISP-F=0.010 MW-L=0.009 MW-F=0.018]
  Alt-Benders[2] (mw): LB=8.442388, Z₀(α*)=-4.940000, intercept=-23.300715 (0.307s) [OMP=0.263 ISP-L=0.003 ISP-F=0.010 MW-L=0.009 MW-F=0.013]
  Alt-Benders[3] (mw): LB=8.442388, Z₀(α*)=-4.940000, intercept=-23.300715 (0.291s) [OMP=0.259 ISP-L=0.004 ISP-F=0.010 MW-L=0.008 MW-F=0.017]
  Alt-Benders[4]: LB stagnated, break
  OMP re-solve: 0.000s

=== True-DRO Benders iter 28 ===
  OMP: t₀=8.442388, UB=13.136865, gap=3.57e-01, x=[0, 0, 0, 0, 0, 0, 0, 0, 0, 0, 0, 0, 0, 0, 1, 0, 0, 0, 0, 0, 0, 0, 0, 0, 0, 0, 1, 0, 0, 0, 0, 0, 0, 0, 0, 0, 0, 0] (0.000s)
  Sub: Z₀=16.024477 [LOCAL] (0.2s), α=[0.000,0.000,0.000,0.000,0.000,1.347,0.000,0.000,3.124,0.000,0.000,0.000,0.000,0.000,3.602,0.000,0.000,0.000,0.000,0.000,0.000,0.000,0.000,0.000,0.000,0.000,2.630,0.000,0.000,0.000,0.000,0.000,0.000,0.000,0.000,0.000,0.000,0.000]
  Iter 28: LB=8.442388  UB=13.136865  gap=3.57e-01
  Cut: intercept=-1165.634929, π_x_range=[-831.6266, 592.5285]
  Mini-Benders[1] (mw): LB=8.450554, Z₀(α*)=-3.283265, intercept=-23.928151 (0.276s) [OMP=0.236 ISP-L=0.004 ISP-F=0.010 MW-L=0.008 MW-F=0.011]
  Mini-Benders[2] (mw): LB=8.450554, Z₀(α*)=-3.283265, intercept=-23.928151 (0.291s) [OMP=0.251 ISP-L=0.003 ISP-F=0.011 MW-L=0.013 MW-F=0.011]
  Mini-Benders[3] (mw): LB=8.450554, Z₀(α*)=-3.283265, intercept=-23.928151 (0.276s) [OMP=0.252 ISP-L=0.003 ISP-F=0.010 MW-L=0.008 MW-F=0.011]
  Mini-Benders[4]: LB stagnated, break
  α-step: Z₀=16.364958, α=[0.000,0.000,0.000,0.000,0.000,1.831,0.000,0.000,3.607,0.000,0.000,0.000,0.000,0.000,0.000,0.000,0.000,0.000,0.000,0.000,0.000,4.156,0.000,0.000,0.000,0.000,1.108,0.000,0.000,0.000,0.000,0.000,0.000,0.000,0.000,0.000,0.000,0.000]
  Alt-Benders[1] (mw): LB=8.476785, Z₀(α*)=2.397782, intercept=-18.899578 (0.268s) [OMP=0.242 ISP-L=0.004 ISP-F=0.011 MW-L=0.007 MW-F=0.010]
  Alt-Benders[2] (mw): LB=8.476785, Z₀(α*)=2.397782, intercept=-18.899578 (0.308s) [OMP=0.271 ISP-L=0.004 ISP-F=0.011 MW-L=0.007 MW-F=0.015]
  Alt-Benders[3] (mw): LB=8.476785, Z₀(α*)=2.397782, intercept=-18.899578 (0.307s) [OMP=0.266 ISP-L=0.004 ISP-F=0.011 MW-L=0.007 MW-F=0.011]
  Alt-Benders[4]: LB stagnated, break
  OMP re-solve: 0.000s

=== True-DRO Benders iter 29 ===
  OMP: t₀=8.476785, UB=13.136865, gap=3.55e-01, x=[0, 0, 0, 0, 0, 0, 0, 0, 0, 0, 0, 1, 0, 0, 0, 0, 0, 0, 0, 0, 0, 0, 0, 0, 0, 0, 0, 0, 0, 0, 0, 0, 0, 0, 0, 0, 1, 0] (0.000s)
  Sub: Z₀=20.242579 [LOCAL] (0.2s), α=[0.000,0.000,0.000,0.000,0.000,2.361,0.000,0.000,3.928,0.000,0.000,0.000,0.000,0.000,1.939,0.000,0.000,0.000,0.000,0.000,0.000,0.000,0.000,0.000,0.000,0.000,2.474,0.000,0.000,0.000,0.000,0.000,0.000,0.000,0.000,0.000,0.000,0.000]
  Iter 29: LB=8.476785  UB=13.136865  gap=3.55e-01
  Cut: intercept=-1133.214742, π_x_range=[-831.1539, 578.4666]
  Mini-Benders[1] (mw): LB=8.508560, Z₀(α*)=5.177456, intercept=-49.340312 (0.260s) [OMP=0.237 ISP-L=0.004 ISP-F=0.010 MW-L=0.008 MW-F=0.010]
  Mini-Benders[2] (mw): LB=8.508560, Z₀(α*)=5.177456, intercept=-49.340312 (0.291s) [OMP=0.252 ISP-L=0.004 ISP-F=0.010 MW-L=0.008 MW-F=0.010]
  Mini-Benders[3] (mw): LB=8.508560, Z₀(α*)=5.177456, intercept=-49.340312 (0.291s) [OMP=0.253 ISP-L=0.003 ISP-F=0.009 MW-L=0.013 MW-F=0.010]
  Mini-Benders[4]: LB stagnated, break
  α-step: Z₀=15.820926, α=[0.000,0.000,0.000,0.000,0.000,2.008,1.834,0.000,5.127,0.000,0.000,0.000,0.000,0.000,0.000,0.000,0.000,0.000,0.000,0.000,0.000,0.000,0.000,0.000,0.000,0.000,1.734,0.000,0.000,0.000,0.000,0.000,0.000,0.000,0.000,0.000,0.000,0.000]
  Alt-Benders[1] (mw): LB=8.560643, Z₀(α*)=1.578607, intercept=-60.863291 (0.279s) [OMP=0.249 ISP-L=0.004 ISP-F=0.011 MW-L=0.013 MW-F=0.010]
  Alt-Benders[2] (mw): LB=8.560643, Z₀(α*)=1.578607, intercept=-60.863291 (0.307s) [OMP=0.268 ISP-L=0.004 ISP-F=0.010 MW-L=0.008 MW-F=0.010]
  Alt-Benders[3] (mw): LB=8.560643, Z₀(α*)=1.578607, intercept=-60.863291 (0.307s) [OMP=0.275 ISP-L=0.004 ISP-F=0.011 MW-L=0.009 MW-F=0.014]
  Alt-Benders[4]: LB stagnated, break
  OMP re-solve: 0.000s

=== True-DRO Benders iter 30 ===
  OMP: t₀=8.560643, UB=13.136865, gap=3.48e-01, x=[0, 0, 0, 0, 0, 0, 0, 0, 0, 0, 0, 0, 0, 0, 1, 0, 0, 0, 0, 0, 0, 0, 0, 0, 0, 0, 0, 0, 0, 0, 0, 0, 1, 0, 0, 0, 0, 0] (0.000s)
  Sub: Z₀=14.780002 [TIME_LIMIT] (15.1s), α=[0.000,0.000,0.000,0.000,0.000,1.347,0.000,0.000,1.651,0.000,0.000,0.000,0.000,0.000,4.688,0.000,0.000,0.000,0.000,0.000,0.000,0.000,0.000,0.000,0.000,0.000,0.000,0.000,0.000,0.000,0.000,0.000,2.957,0.059,0.000,0.000,0.000,0.000]
  Iter 30: LB=8.560643  UB=13.136865  gap=3.48e-01
  Cut: intercept=-67.410766, π_x_range=[-273.0000, 60.7458]
  Mini-Benders[1] (mw): LB=8.561624, Z₀(α*)=-19.759923, intercept=-29.517569 (0.339s) [OMP=0.298 ISP-L=0.004 ISP-F=0.010 MW-L=0.008 MW-F=0.014]
  Mini-Benders[2] (mw): LB=8.561624, Z₀(α*)=-19.759923, intercept=-29.517569 (0.291s) [OMP=0.260 ISP-L=0.004 ISP-F=0.010 MW-L=0.008 MW-F=0.011]
  Mini-Benders[3] (mw): LB=8.561624, Z₀(α*)=-19.759923, intercept=-29.517569 (0.292s) [OMP=0.258 ISP-L=0.004 ISP-F=0.010 MW-L=0.008 MW-F=0.010]
  Mini-Benders[4]: LB stagnated, break
  α-step: Z₀=15.792809, α=[0.000,0.000,0.000,0.000,0.000,1.840,0.000,0.000,3.616,0.000,0.000,0.000,0.000,0.000,0.000,0.000,0.000,0.000,0.000,0.000,0.000,3.356,0.000,0.000,0.000,0.000,1.891,0.000,0.000,0.000,0.000,0.000,0.000,0.000,0.000,0.000,0.000,0.000]
  Alt-Benders[1] (mw): LB=8.628356, Z₀(α*)=-4.562610, intercept=-72.459275 (0.285s) [OMP=0.264 ISP-L=0.004 ISP-F=0.011 MW-L=0.009 MW-F=0.012]
  Alt-Benders[2] (mw): LB=8.628356, Z₀(α*)=-4.562610, intercept=-72.459275 (0.323s) [OMP=0.273 ISP-L=0.004 ISP-F=0.010 MW-L=0.013 MW-F=0.011]
  Alt-Benders[3] (mw): LB=8.628356, Z₀(α*)=-4.562610, intercept=-72.459275 (0.307s) [OMP=0.273 ISP-L=0.004 ISP-F=0.010 MW-L=0.009 MW-F=0.011]
  Alt-Benders[4]: LB stagnated, break
  OMP re-solve: 0.000s

=== True-DRO Benders iter 31 ===
  OMP: t₀=8.628356, UB=13.136865, gap=3.43e-01, x=[0, 0, 0, 0, 0, 0, 0, 0, 0, 0, 0, 0, 0, 0, 0, 0, 0, 0, 0, 0, 0, 0, 0, 0, 0, 0, 0, 1, 0, 0, 0, 0, 1, 0, 0, 0, 0, 0] (0.000s)
  Sub: Z₀=15.955322 [LOCAL] (0.2s), α=[0.000,0.000,0.000,0.000,0.000,0.000,0.000,0.000,3.057,0.000,0.000,0.000,0.000,0.000,0.000,0.000,0.000,0.000,0.000,0.000,0.000,0.000,0.000,0.000,0.000,0.000,4.497,0.000,0.000,0.000,0.000,0.000,3.118,0.031,0.000,0.000,0.000,0.000]
  Iter 31: LB=8.628356  UB=13.136865  gap=3.43e-01
  Cut: intercept=-1117.888986, π_x_range=[-830.6203, 577.9560]
  Mini-Benders[1] (mw): LB=8.666339, Z₀(α*)=-2.207939, intercept=-24.627443 (0.276s) [OMP=0.227 ISP-L=0.004 ISP-F=0.011 MW-L=0.009 MW-F=0.010]
  Mini-Benders[2] (mw): LB=8.666339, Z₀(α*)=-2.207939, intercept=-24.627443 (0.245s) [OMP=0.217 ISP-L=0.003 ISP-F=0.011 MW-L=0.008 MW-F=0.015]
  Mini-Benders[3] (mw): LB=8.666339, Z₀(α*)=-2.207939, intercept=-24.627443 (0.245s) [OMP=0.213 ISP-L=0.003 ISP-F=0.011 MW-L=0.009 MW-F=0.010]
  Mini-Benders[4]: LB stagnated, break
  α-step: Z₀=16.372320, α=[0.000,0.000,0.000,0.000,0.000,2.108,0.000,0.000,3.950,0.000,0.000,0.000,0.000,0.000,0.000,0.000,0.000,0.000,0.000,0.000,0.000,3.471,0.000,0.000,0.000,0.000,1.174,0.000,0.000,0.000,0.000,0.000,0.000,0.000,0.000,0.000,0.000,0.000]
  Alt-Benders[1] (mw): LB=8.710272, Z₀(α*)=-16.106530, intercept=-117.828085 (0.278s) [OMP=0.254 ISP-L=0.003 ISP-F=0.011 MW-L=0.013 MW-F=0.011]
  Alt-Benders[2] (mw): LB=8.710272, Z₀(α*)=-16.106530, intercept=-117.828085 (0.261s) [OMP=0.216 ISP-L=0.003 ISP-F=0.011 MW-L=0.008 MW-F=0.011]
  Alt-Benders[3] (mw): LB=8.710272, Z₀(α*)=-16.106530, intercept=-117.828085 (0.244s) [OMP=0.215 ISP-L=0.003 ISP-F=0.011 MW-L=0.013 MW-F=0.011]
  Alt-Benders[4]: LB stagnated, break
  OMP re-solve: 0.000s

=== True-DRO Benders iter 32 ===
  OMP: t₀=8.710272, UB=13.136865, gap=3.37e-01, x=[0, 0, 0, 0, 0, 0, 1, 0, 0, 0, 0, 0, 0, 0, 0, 0, 0, 0, 0, 0, 0, 0, 0, 0, 0, 0, 0, 0, 0, 0, 0, 1, 0, 0, 0, 0, 0, 0] (0.000s)
  Sub: Z₀=13.930318 [LOCAL] (0.3s), α=[0.000,0.000,0.000,0.000,0.000,0.000,0.689,0.000,2.705,0.000,0.000,0.000,0.000,0.000,0.000,0.000,0.000,0.000,0.000,0.000,0.000,0.000,0.000,0.000,0.000,0.000,2.593,0.000,0.000,0.000,0.000,4.715,0.000,0.000,0.000,0.000,0.000,0.000]
  Iter 32: LB=8.710272  UB=13.136865  gap=3.37e-01
  Cut: intercept=-1096.020424, π_x_range=[-825.5556, 568.6926]
  Mini-Benders[1] (mw): LB=8.777063, Z₀(α*)=-7.081610, intercept=-45.545176 (0.292s) [OMP=0.255 ISP-L=0.004 ISP-F=0.011 MW-L=0.008 MW-F=0.014]
  Mini-Benders[2] (mw): LB=8.777063, Z₀(α*)=-7.081610, intercept=-45.545176 (0.292s) [OMP=0.246 ISP-L=0.004 ISP-F=0.011 MW-L=0.008 MW-F=0.010]
  Mini-Benders[3] (mw): LB=8.777063, Z₀(α*)=-7.081610, intercept=-45.545176 (0.275s) [OMP=0.240 ISP-L=0.004 ISP-F=0.011 MW-L=0.008 MW-F=0.014]
  Mini-Benders[4]: LB stagnated, break
  α-step: Z₀=15.725546, α=[0.000,0.000,0.000,0.000,0.000,1.405,5.667,0.000,3.181,0.000,0.000,0.000,0.000,0.000,0.000,0.000,0.000,0.000,0.000,0.000,0.000,0.000,0.000,0.000,0.000,0.000,0.391,0.000,0.000,0.000,0.000,0.000,0.000,0.059,0.000,0.000,0.000,0.000]
  Alt-Benders[1] (mw): LB=8.813396, Z₀(α*)=-32.336069, intercept=-79.155125 (0.306s) [OMP=0.276 ISP-L=0.004 ISP-F=0.012 MW-L=0.008 MW-F=0.010]
  Alt-Benders[2] (mw): LB=8.813396, Z₀(α*)=-32.336069, intercept=-79.155125 (0.307s) [OMP=0.264 ISP-L=0.004 ISP-F=0.011 MW-L=0.012 MW-F=0.010]
  Alt-Benders[3] (mw): LB=8.813396, Z₀(α*)=-32.336069, intercept=-79.155125 (0.282s) [OMP=0.257 ISP-L=0.004 ISP-F=0.012 MW-L=0.008 MW-F=0.010]
  Alt-Benders[4]: LB stagnated, break
  OMP re-solve: 0.000s

=== True-DRO Benders iter 33 ===
  OMP: t₀=8.813396, UB=13.136865, gap=3.29e-01, x=[0, 0, 0, 0, 0, 0, 0, 0, 0, 0, 0, 0, 0, 0, 0, 0, 0, 0, 0, 0, 0, 0, 0, 0, 0, 0, 1, 0, 0, 0, 0, 1, 0, 0, 0, 0, 0, 0] (0.000s)
  Sub: Z₀=14.957628 [LOCAL] (0.3s), α=[0.000,0.000,0.000,0.000,0.000,0.000,0.000,0.000,0.000,0.000,0.000,0.000,0.000,0.000,0.000,0.000,0.000,0.000,0.000,0.000,0.000,0.000,0.000,0.000,0.000,0.000,5.898,0.000,0.000,0.000,0.000,4.805,0.000,0.000,0.000,0.000,0.000,0.000]
  Iter 33: LB=8.813396  UB=13.136865  gap=3.29e-01
  Cut: intercept=-1128.231347, π_x_range=[-823.4350, 592.1593]
  Mini-Benders[1] (mw): LB=8.832113, Z₀(α*)=-30.217933, intercept=-40.817914 (0.292s) [OMP=0.258 ISP-L=0.003 ISP-F=0.011 MW-L=0.007 MW-F=0.009]
  Mini-Benders[2] (mw): LB=8.832113, Z₀(α*)=-30.217933, intercept=-40.817914 (0.307s) [OMP=0.273 ISP-L=0.003 ISP-F=0.011 MW-L=0.008 MW-F=0.013]
  Mini-Benders[3] (mw): LB=8.832113, Z₀(α*)=-30.217933, intercept=-40.817914 (0.291s) [OMP=0.268 ISP-L=0.003 ISP-F=0.011 MW-L=0.007 MW-F=0.009]
  Mini-Benders[4]: LB stagnated, break
  α-step: Z₀=16.261474, α=[0.000,0.000,0.000,0.000,0.000,1.906,0.000,0.000,3.683,0.000,0.000,0.000,0.000,0.000,0.000,0.000,0.000,0.000,0.000,0.000,0.000,5.113,0.000,0.000,0.000,0.000,0.000,0.000,0.000,0.000,0.000,0.000,0.000,0.000,0.000,0.000,0.000,0.000]
  Alt-Benders[1] (mw): LB=8.851185, Z₀(α*)=-13.451619, intercept=-30.698796 (0.266s) [OMP=0.232 ISP-L=0.004 ISP-F=0.010 MW-L=0.009 MW-F=0.011]
  Alt-Benders[2] (mw): LB=8.851185, Z₀(α*)=-13.451619, intercept=-30.698796 (0.275s) [OMP=0.252 ISP-L=0.004 ISP-F=0.011 MW-L=0.009 MW-F=0.011]
  Alt-Benders[3] (mw): LB=8.851185, Z₀(α*)=-13.451619, intercept=-30.698796 (0.292s) [OMP=0.252 ISP-L=0.004 ISP-F=0.010 MW-L=0.014 MW-F=0.011]
  Alt-Benders[4]: LB stagnated, break
  OMP re-solve: 0.000s

=== True-DRO Benders iter 34 ===
  OMP: t₀=8.851185, UB=13.136865, gap=3.26e-01, x=[0, 0, 1, 0, 0, 0, 0, 0, 0, 0, 0, 0, 0, 0, 0, 0, 0, 0, 0, 0, 0, 0, 0, 0, 0, 0, 0, 1, 0, 0, 0, 0, 0, 0, 0, 0, 0, 0] (0.000s)
  Sub: Z₀=19.831109 [LOCAL] (0.2s), α=[0.000,0.000,0.000,0.000,0.000,0.000,0.000,0.000,4.223,0.000,0.000,0.000,0.000,0.000,0.926,0.000,0.000,0.000,0.000,0.000,0.000,0.000,0.000,0.000,0.000,0.000,5.553,0.000,0.000,0.000,0.000,0.000,0.000,0.000,0.000,0.000,0.000,0.000]
  Iter 34: LB=8.851185  UB=13.136865  gap=3.26e-01
  Cut: intercept=-1146.218193, π_x_range=[-830.8361, 588.2081]
  Mini-Benders[1] (mw): LB=8.867442, Z₀(α*)=-9.335025, intercept=-22.641020 (0.276s) [OMP=0.239 ISP-L=0.004 ISP-F=0.010 MW-L=0.013 MW-F=0.010]
  Mini-Benders[2] (mw): LB=8.867442, Z₀(α*)=-9.335025, intercept=-22.641020 (0.292s) [OMP=0.261 ISP-L=0.004 ISP-F=0.010 MW-L=0.009 MW-F=0.010]
  Mini-Benders[3] (mw): LB=8.867442, Z₀(α*)=-9.335025, intercept=-22.641020 (0.291s) [OMP=0.258 ISP-L=0.004 ISP-F=0.011 MW-L=0.009 MW-F=0.014]
  Mini-Benders[4]: LB stagnated, break
  α-step: Z₀=16.585409, α=[0.000,0.000,0.000,0.000,0.000,4.212,0.000,0.000,3.884,0.000,0.000,0.000,0.000,0.000,2.606,0.000,0.000,0.000,0.000,0.000,0.000,0.000,0.000,0.000,0.000,0.000,0.000,0.000,0.000,0.000,0.000,0.000,0.000,0.000,0.000,0.000,0.000,0.000]
  Alt-Benders[1] (mw): LB=8.870474, Z₀(α*)=0.413540, intercept=-23.979569 (0.308s) [OMP=0.269 ISP-L=0.004 ISP-F=0.010 MW-L=0.009 MW-F=0.014]
  Alt-Benders[2] (mw): LB=8.870474, Z₀(α*)=0.413540, intercept=-23.979569 (0.307s) [OMP=0.285 ISP-L=0.004 ISP-F=0.010 MW-L=0.009 MW-F=0.011]
  Alt-Benders[3] (mw): LB=8.870474, Z₀(α*)=0.413540, intercept=-23.979569 (0.322s) [OMP=0.286 ISP-L=0.004 ISP-F=0.010 MW-L=0.009 MW-F=0.011]
  Alt-Benders[4]: LB stagnated, break
  OMP re-solve: 0.000s

=== True-DRO Benders iter 35 ===
  OMP: t₀=8.870474, UB=13.136865, gap=3.25e-01, x=[0, 1, 0, 0, 0, 0, 0, 0, 0, 0, 0, 0, 0, 0, 0, 0, 0, 0, 0, 0, 0, 1, 0, 0, 0, 0, 0, 0, 0, 0, 0, 0, 0, 0, 0, 0, 0, 0] (0.000s)
  Sub: Z₀=16.680945 [TIME_LIMIT] (15.1s), α=[0.000,0.000,0.000,0.000,0.000,0.585,0.000,0.000,2.713,0.000,0.000,0.000,0.000,0.000,0.000,0.000,0.000,0.000,0.000,0.000,0.000,6.426,0.000,0.000,0.000,0.000,0.978,0.000,0.000,0.000,0.000,0.000,0.000,0.000,0.000,0.000,0.000,0.000]
  Iter 35: LB=8.870474  UB=13.136865  gap=3.25e-01
  Cut: intercept=-26.546743, π_x_range=[-177.8893, 43.2277]
  Mini-Benders[1] (mw): LB=8.870474, Z₀(α*)=16.680942, intercept=-19.409273 (0.292s) [OMP=0.248 ISP-L=0.004 ISP-F=0.012 MW-L=0.008 MW-F=0.017]
  Mini-Benders[2] (mw): LB=8.870474, Z₀(α*)=16.138702, intercept=-25.361386 (0.338s) [OMP=0.297 ISP-L=0.004 ISP-F=0.012 MW-L=0.012 MW-F=0.015]
  Mini-Benders[3] (mw): LB=8.898352, Z₀(α*)=-19.357401, intercept=-55.378127 (0.323s) [OMP=0.294 ISP-L=0.004 ISP-F=0.010 MW-L=0.007 MW-F=0.009]
  Mini-Benders[4] (mw): LB=8.898352, Z₀(α*)=-19.357401, intercept=-55.378127 (0.323s) [OMP=0.283 ISP-L=0.004 ISP-F=0.011 MW-L=0.007 MW-F=0.013]
  Mini-Benders[5] (mw): LB=8.898352, Z₀(α*)=-19.357401, intercept=-55.378127 (0.322s) [OMP=0.292 ISP-L=0.004 ISP-F=0.010 MW-L=0.008 MW-F=0.009]
  α-step: Z₀=19.108423, α=[0.000,0.000,0.000,0.000,0.000,0.327,0.000,0.000,3.735,0.000,0.000,0.000,0.000,0.000,1.072,0.000,0.000,0.000,0.000,0.000,0.000,0.000,0.000,0.000,0.000,0.000,5.569,0.000,0.000,0.000,0.000,0.000,0.000,0.000,0.000,0.000,0.000,0.000]
  Alt-Benders[1] (mw): LB=8.905803, Z₀(α*)=9.315928, intercept=-15.208506 (0.266s) [OMP=0.221 ISP-L=0.004 ISP-F=0.012 MW-L=0.013 MW-F=0.012]
  Alt-Benders[2] (mw): LB=8.961387, Z₀(α*)=17.535947, intercept=-29.805495 (0.292s) [OMP=0.249 ISP-L=0.004 ISP-F=0.013 MW-L=0.009 MW-F=0.014]
  Alt-Benders[3] (mw): LB=8.965769, Z₀(α*)=-15.113823, intercept=-104.418942 (0.291s) [OMP=0.253 ISP-L=0.004 ISP-F=0.011 MW-L=0.013 MW-F=0.012]
  Alt-Benders[4] (mw): LB=8.965769, Z₀(α*)=-15.113823, intercept=-104.418942 (0.276s) [OMP=0.239 ISP-L=0.004 ISP-F=0.011 MW-L=0.008 MW-F=0.012]
  Alt-Benders[5] (mw): LB=8.965769, Z₀(α*)=-15.113823, intercept=-104.418942 (0.276s) [OMP=0.238 ISP-L=0.004 ISP-F=0.011 MW-L=0.008 MW-F=0.017]
  OMP re-solve: 0.236s

=== True-DRO Benders iter 36 ===
  OMP: t₀=8.965769, UB=13.136865, gap=3.18e-01, x=[0, 0, 0, 0, 0, 0, 0, 0, 0, 0, 0, 0, 0, 0, 0, 0, 0, 0, 0, 0, 0, 0, 0, 0, 0, 0, 0, 0, 0, 0, 0, 1, 1, 0, 0, 0, 0, 0] (0.000s)
  Sub: Z₀=13.339488 [LOCAL] (0.2s), α=[0.000,0.000,0.000,0.000,0.000,0.000,0.000,0.000,0.000,0.000,0.000,0.000,0.000,0.000,0.000,0.000,0.000,0.000,0.000,0.000,0.000,0.000,0.000,0.000,0.000,0.000,0.000,0.000,0.000,0.000,0.000,7.191,3.432,0.079,0.000,0.000,0.000,0.000]
  Iter 36: LB=8.965769  UB=13.136865  gap=3.18e-01
  Cut: intercept=-1066.810097, π_x_range=[-822.2488, 541.9652]
  Mini-Benders[1] (mw): LB=9.097423, Z₀(α*)=-30.274200, intercept=-59.606110 (0.244s) [OMP=0.203 ISP-L=0.003 ISP-F=0.010 MW-L=0.007 MW-F=0.015]
  Mini-Benders[2] (mw): LB=9.097423, Z₀(α*)=-30.274200, intercept=-59.606110 (0.261s) [OMP=0.219 ISP-L=0.003 ISP-F=0.010 MW-L=0.008 MW-F=0.012]
  Mini-Benders[3] (mw): LB=9.097423, Z₀(α*)=-30.274200, intercept=-59.606110 (0.244s) [OMP=0.219 ISP-L=0.003 ISP-F=0.011 MW-L=0.008 MW-F=0.012]
  Mini-Benders[4]: LB stagnated, break
  α-step: Z₀=17.071380, α=[0.000,0.000,0.000,0.000,0.000,2.738,3.603,0.000,4.123,0.000,0.000,0.000,0.000,0.000,0.000,0.000,0.000,0.000,0.000,0.239,0.000,0.000,0.000,0.000,0.000,0.000,0.000,0.000,0.000,0.000,0.000,0.000,0.000,0.000,0.000,0.000,0.000,0.000]
  Alt-Benders[1] (mw): LB=9.259178, Z₀(α*)=-26.620866, intercept=-91.236943 (0.280s) [OMP=0.246 ISP-L=0.004 ISP-F=0.011 MW-L=0.008 MW-F=0.009]
  Alt-Benders[2] (mw): LB=9.259178, Z₀(α*)=-26.620866, intercept=-91.236943 (0.291s) [OMP=0.258 ISP-L=0.004 ISP-F=0.011 MW-L=0.012 MW-F=0.009]
  Alt-Benders[3] (mw): LB=9.259178, Z₀(α*)=-26.620866, intercept=-91.236943 (0.292s) [OMP=0.256 ISP-L=0.004 ISP-F=0.011 MW-L=0.008 MW-F=0.009]
  Alt-Benders[4]: LB stagnated, break
  OMP re-solve: 0.000s

=== True-DRO Benders iter 37 ===
  OMP: t₀=9.259178, UB=13.136865, gap=2.95e-01, x=[0, 0, 0, 0, 0, 0, 0, 0, 0, 0, 0, 0, 0, 0, 0, 0, 0, 0, 0, 0, 0, 0, 0, 0, 0, 0, 0, 1, 0, 0, 0, 1, 0, 0, 0, 0, 0, 0] (0.000s)
  Sub: Z₀=15.586965 [LOCAL] (0.2s), α=[0.000,0.000,0.000,0.000,0.000,0.000,0.000,0.000,2.382,0.000,0.000,0.000,0.000,0.000,0.000,0.000,0.000,0.000,0.000,0.000,0.000,0.000,0.000,0.000,0.000,0.000,3.606,0.000,0.000,0.000,0.000,4.715,0.000,0.000,0.000,0.000,0.000,0.000]
  Iter 37: LB=9.259178  UB=13.136865  gap=2.95e-01
  Cut: intercept=-1107.978972, π_x_range=[-824.1907, 573.8513]
  Mini-Benders[1] (mw): LB=9.300730, Z₀(α*)=-12.489765, intercept=-31.830426 (0.307s) [OMP=0.280 ISP-L=0.004 ISP-F=0.011 MW-L=0.008 MW-F=0.011]
  Mini-Benders[2] (mw): LB=9.300730, Z₀(α*)=-12.489765, intercept=-31.830426 (0.291s) [OMP=0.253 ISP-L=0.003 ISP-F=0.011 MW-L=0.008 MW-F=0.015]
  Mini-Benders[3] (mw): LB=9.300730, Z₀(α*)=-12.489765, intercept=-31.830426 (0.292s) [OMP=0.247 ISP-L=0.003 ISP-F=0.011 MW-L=0.008 MW-F=0.011]
  Mini-Benders[4]: LB stagnated, break
  α-step: Z₀=17.158179, α=[0.000,0.000,0.000,0.000,0.000,2.108,1.834,0.000,5.127,0.000,0.000,0.000,0.000,0.000,0.000,0.000,0.000,0.000,0.000,0.000,0.000,0.000,0.000,0.000,0.000,0.000,1.634,0.000,0.000,0.000,0.000,0.000,0.000,0.000,0.000,0.000,0.000,0.000]
  Alt-Benders[1] (mw): LB=9.315926, Z₀(α*)=4.338194, intercept=-20.202825 (0.284s) [OMP=0.249 ISP-L=0.003 ISP-F=0.009 MW-L=0.012 MW-F=0.011]
  Alt-Benders[2] (mw): LB=9.315926, Z₀(α*)=4.338194, intercept=-20.202825 (0.260s) [OMP=0.233 ISP-L=0.003 ISP-F=0.009 MW-L=0.008 MW-F=0.011]
  Alt-Benders[3] (mw): LB=9.315926, Z₀(α*)=4.338194, intercept=-20.202825 (0.276s) [OMP=0.234 ISP-L=0.004 ISP-F=0.009 MW-L=0.012 MW-F=0.011]
  Alt-Benders[4]: LB stagnated, break
  OMP re-solve: 0.000s

=== True-DRO Benders iter 38 ===
  OMP: t₀=9.315926, UB=13.136865, gap=2.91e-01, x=[0, 0, 0, 0, 0, 0, 0, 0, 0, 0, 0, 0, 0, 0, 1, 0, 0, 0, 0, 0, 0, 0, 0, 0, 0, 0, 0, 0, 0, 0, 0, 0, 0, 1, 0, 0, 0, 0] (0.000s)
  Sub: Z₀=16.821299 [LOCAL] (0.3s), α=[0.000,0.000,0.000,0.000,0.000,1.347,0.000,0.000,3.124,0.000,0.000,0.000,0.000,0.000,3.233,0.000,0.000,0.000,0.000,0.000,0.000,0.000,0.000,0.000,0.000,0.000,2.998,0.000,0.000,0.000,0.000,0.000,0.000,0.000,0.000,0.000,0.000,0.000]
  Iter 38: LB=9.315926  UB=13.136865  gap=2.91e-01
  Cut: intercept=-1138.223496, π_x_range=[-833.4449, 589.0479]
  Mini-Benders[1] (mw): LB=9.346459, Z₀(α*)=-2.246255, intercept=-67.612780 (0.292s) [OMP=0.246 ISP-L=0.004 ISP-F=0.012 MW-L=0.008 MW-F=0.016]
  Mini-Benders[2] (mw): LB=9.346459, Z₀(α*)=-2.246255, intercept=-67.612780 (0.291s) [OMP=0.251 ISP-L=0.003 ISP-F=0.012 MW-L=0.009 MW-F=0.012]
  Mini-Benders[3] (mw): LB=9.346459, Z₀(α*)=-2.246255, intercept=-67.612780 (0.292s) [OMP=0.255 ISP-L=0.004 ISP-F=0.012 MW-L=0.008 MW-F=0.016]
  Mini-Benders[4]: LB stagnated, break
  α-step: Z₀=16.323082, α=[0.000,0.000,0.000,0.000,0.000,0.000,0.000,0.000,0.000,0.000,0.000,0.000,0.000,0.000,1.816,0.000,0.000,0.000,0.000,0.000,0.000,0.000,0.000,0.000,0.000,0.000,3.577,0.000,0.000,0.000,0.000,5.309,0.000,0.000,0.000,0.000,0.000,0.000]
  Alt-Benders[1] (mw): LB=9.355241, Z₀(α*)=-23.381665, intercept=-65.539125 (0.250s) [OMP=0.226 ISP-L=0.003 ISP-F=0.011 MW-L=0.008 MW-F=0.009]
  Alt-Benders[2] (mw): LB=9.355241, Z₀(α*)=-23.381665, intercept=-65.539125 (0.291s) [OMP=0.251 ISP-L=0.003 ISP-F=0.011 MW-L=0.012 MW-F=0.009]
  Alt-Benders[3] (mw): LB=9.355241, Z₀(α*)=-23.381665, intercept=-65.539125 (0.276s) [OMP=0.252 ISP-L=0.003 ISP-F=0.011 MW-L=0.008 MW-F=0.009]
  Alt-Benders[4]: LB stagnated, break
  OMP re-solve: 0.000s

=== True-DRO Benders iter 39 ===
  OMP: t₀=9.355241, UB=13.136865, gap=2.88e-01, x=[1, 0, 0, 0, 0, 0, 0, 0, 0, 0, 0, 0, 0, 0, 0, 0, 0, 0, 0, 0, 0, 0, 0, 0, 0, 0, 0, 1, 0, 0, 0, 0, 0, 0, 0, 0, 0, 0] (0.000s)
  Sub: Z₀=18.073434 [LOCAL] (0.2s), α=[1.586,0.000,0.349,0.000,0.000,1.483,0.000,0.000,3.969,0.000,0.000,0.000,0.000,0.000,0.000,0.000,0.000,0.000,0.000,0.000,0.000,0.000,0.000,0.000,0.000,0.000,2.324,0.992,0.000,0.000,0.000,0.000,0.000,0.000,0.000,0.000,0.000,0.000]
  Iter 39: LB=9.355241  UB=13.136865  gap=2.88e-01
  Cut: intercept=-1116.277671, π_x_range=[-829.9620, 580.9819]
  Mini-Benders[1] (mw): LB=9.399495, Z₀(α*)=-20.371006, intercept=-86.817044 (0.276s) [OMP=0.239 ISP-L=0.003 ISP-F=0.011 MW-L=0.009 MW-F=0.012]
  Mini-Benders[2] (mw): LB=9.399495, Z₀(α*)=-20.371006, intercept=-86.817044 (0.307s) [OMP=0.270 ISP-L=0.003 ISP-F=0.011 MW-L=0.008 MW-F=0.016]
  Mini-Benders[3] (mw): LB=9.399495, Z₀(α*)=-20.371006, intercept=-86.817044 (0.307s) [OMP=0.270 ISP-L=0.003 ISP-F=0.011 MW-L=0.009 MW-F=0.012]
  Mini-Benders[4]: LB stagnated, break
  α-step: Z₀=15.127973, α=[0.000,0.000,0.000,0.000,0.000,0.000,0.000,0.000,1.567,0.000,0.000,0.000,0.000,0.000,1.816,0.000,0.000,0.000,0.000,0.000,0.000,0.000,0.000,0.000,4.969,0.000,2.351,0.000,0.000,0.000,0.000,0.000,0.000,0.000,0.000,0.000,0.000,0.000]
  Alt-Benders[1] (mw): LB=9.532667, Z₀(α*)=-9.273639, intercept=-36.946452 (0.293s) [OMP=0.255 ISP-L=0.004 ISP-F=0.012 MW-L=0.012 MW-F=0.016]
  Alt-Benders[2] (mw): LB=9.532667, Z₀(α*)=-9.273639, intercept=-36.946452 (0.291s) [OMP=0.250 ISP-L=0.004 ISP-F=0.012 MW-L=0.008 MW-F=0.016]
  Alt-Benders[3] (mw): LB=9.532667, Z₀(α*)=-9.273639, intercept=-36.946452 (0.307s) [OMP=0.255 ISP-L=0.004 ISP-F=0.012 MW-L=0.012 MW-F=0.016]
  Alt-Benders[4]: LB stagnated, break
  OMP re-solve: 0.000s

=== True-DRO Benders iter 40 ===
  OMP: t₀=9.532667, UB=13.136865, gap=2.74e-01, x=[0, 0, 0, 0, 0, 0, 0, 0, 0, 0, 0, 0, 0, 0, 0, 0, 0, 0, 0, 0, 0, 0, 0, 0, 0, 0, 0, 1, 0, 0, 0, 0, 0, 1, 0, 0, 0, 0] (0.000s)
  Sub: Z₀=18.457929 (11.0s), α=[0.000,0.000,0.000,0.000,0.000,0.000,0.000,0.000,5.685,0.000,0.000,0.000,0.000,0.000,0.182,0.000,0.000,0.000,0.000,0.000,0.000,0.000,0.000,0.000,0.000,0.000,4.835,0.000,0.000,0.000,0.000,0.000,0.000,0.000,0.000,0.000,0.000,0.000]
  Iter 40: LB=9.532667  UB=13.136865  gap=2.74e-01
  Cut: intercept=-54.413947, π_x_range=[-276.0000, 43.1780]
  Sherali-Cut: intercept=11.213629, π_x_range=[-121.9565, 8.2673]
  Mini-Benders[1] (mw): LB=9.626971, Z₀(α*)=9.626971, intercept=-102.303116 (0.339s) [OMP=0.292 ISP-L=0.004 ISP-F=0.011 MW-L=0.008 MW-F=0.020]
  Mini-Benders[2] (mw): LB=9.626969, Z₀(α*)=9.626971, intercept=-102.303116 (0.322s) [OMP=0.275 ISP-L=0.004 ISP-F=0.011 MW-L=0.008 MW-F=0.017]
  Mini-Benders[3] (mw): LB=9.626969, Z₀(α*)=9.626971, intercept=-102.303116 (0.323s) [OMP=0.276 ISP-L=0.004 ISP-F=0.011 MW-L=0.008 MW-F=0.021]
  Mini-Benders[4]: LB stagnated, break
  α-step: Z₀=9.626971, α=[0.000,0.000,0.000,0.000,0.000,5.642,0.000,0.000,3.704,0.000,0.000,0.000,0.000,0.000,0.000,0.000,0.000,0.000,0.000,0.000,0.000,0.000,0.000,0.000,0.000,0.000,1.357,0.000,0.000,0.000,0.000,0.000,0.000,0.000,0.000,0.000,0.000,0.000]
  Alt-Benders[1] (mw): LB=9.626969, Z₀(α*)=10.136712, intercept=-97.040813 (0.261s) [OMP=0.229 ISP-L=0.004 ISP-F=0.011 MW-L=0.009 MW-F=0.009]
  Alt-Benders[2] (mw): LB=9.687726, Z₀(α*)=7.210052, intercept=-29.796602 (0.260s) [OMP=0.234 ISP-L=0.004 ISP-F=0.010 MW-L=0.013 MW-F=0.010]
  Alt-Benders[3] (mw): LB=9.687726, Z₀(α*)=7.210052, intercept=-29.796602 (0.291s) [OMP=0.256 ISP-L=0.004 ISP-F=0.011 MW-L=0.009 MW-F=0.010]
  Alt-Benders[4] (mw): LB=9.687726, Z₀(α*)=7.210052, intercept=-29.796602 (0.307s) [OMP=0.256 ISP-L=0.004 ISP-F=0.011 MW-L=0.013 MW-F=0.010]
  Alt-Benders[5]: LB stagnated, break
  OMP re-solve: 0.000s

=== True-DRO Benders iter 41 ===
  OMP: t₀=9.687726, UB=13.136865, gap=2.63e-01, x=[0, 0, 0, 0, 0, 0, 0, 0, 0, 0, 0, 0, 0, 0, 0, 0, 0, 0, 0, 0, 0, 0, 0, 0, 0, 0, 0, 0, 0, 0, 0, 0, 1, 0, 0, 0, 1, 0] (0.000s)
  Sub: Z₀=16.651561 [LOCAL] (0.2s), α=[0.000,0.000,0.000,0.000,0.000,0.477,0.000,0.000,2.043,0.000,0.000,0.000,0.000,0.000,0.201,0.000,0.000,0.000,0.000,0.000,0.000,0.000,0.000,0.000,0.000,0.000,0.736,0.000,0.000,0.000,0.000,0.000,7.128,0.117,0.000,0.000,0.000,0.000]
  Iter 41: LB=9.687726  UB=13.136865  gap=2.63e-01
  Cut: intercept=-1094.042445, π_x_range=[-829.3496, 572.4440]
  Mini-Benders[1] (mw): LB=9.735631, Z₀(α*)=-25.708257, intercept=-27.303868 (0.308s) [OMP=0.280 ISP-L=0.004 ISP-F=0.011 MW-L=0.007 MW-F=0.012]
  Mini-Benders[2] (mw): LB=9.735631, Z₀(α*)=-25.708257, intercept=-27.303868 (0.307s) [OMP=0.270 ISP-L=0.004 ISP-F=0.011 MW-L=0.008 MW-F=0.008]
  Mini-Benders[3] (mw): LB=9.735631, Z₀(α*)=-25.708257, intercept=-27.303868 (0.307s) [OMP=0.274 ISP-L=0.004 ISP-F=0.011 MW-L=0.007 MW-F=0.008]
  Mini-Benders[4]: LB stagnated, break
  α-step: Z₀=16.254317, α=[0.000,0.000,0.000,0.000,0.000,1.210,0.000,0.000,8.788,0.000,0.000,0.000,0.000,0.000,0.590,0.000,0.000,0.000,0.000,0.000,0.000,0.000,0.000,0.000,0.000,0.000,0.114,0.000,0.000,0.000,0.000,0.000,0.000,0.000,0.000,0.000,0.000,0.000]
  Alt-Benders[1] (mw): LB=9.822881, Z₀(α*)=-30.109658, intercept=-74.446069 (0.317s) [OMP=0.287 ISP-L=0.004 ISP-F=0.010 MW-L=0.009 MW-F=0.012]
  Alt-Benders[2] (mw): LB=9.822881, Z₀(α*)=-30.109658, intercept=-74.446069 (0.294s) [OMP=0.255 ISP-L=0.004 ISP-F=0.010 MW-L=0.013 MW-F=0.012]
  Alt-Benders[3] (mw): LB=9.822881, Z₀(α*)=-30.109658, intercept=-74.446069 (0.291s) [OMP=0.250 ISP-L=0.004 ISP-F=0.010 MW-L=0.009 MW-F=0.012]
  Alt-Benders[4]: LB stagnated, break
  OMP re-solve: 0.000s

=== True-DRO Benders iter 42 ===
  OMP: t₀=9.822881, UB=13.136865, gap=2.52e-01, x=[0, 0, 1, 0, 0, 0, 0, 0, 0, 0, 0, 0, 0, 0, 0, 0, 0, 0, 0, 0, 0, 0, 0, 0, 0, 0, 0, 0, 0, 0, 0, 1, 0, 0, 0, 0, 0, 0] (0.000s)
  Sub: Z₀=15.149757 [LOCAL] (0.2s), α=[0.000,0.000,0.000,0.000,0.000,0.000,0.000,0.000,1.156,0.000,0.000,0.000,0.000,0.000,0.014,0.000,0.000,0.000,0.000,0.000,0.000,0.000,0.000,0.000,0.000,0.000,1.058,0.000,0.000,0.000,0.000,8.474,0.000,0.000,0.000,0.000,0.000,0.000]
  Iter 42: LB=9.822881  UB=13.136865  gap=2.52e-01
  Cut: intercept=-1112.638640, π_x_range=[-823.5016, 589.6784]
  Mini-Benders[1] (mw): LB=9.860473, Z₀(α*)=-23.671756, intercept=-24.738294 (0.261s) [OMP=0.235 ISP-L=0.004 ISP-F=0.012 MW-L=0.008 MW-F=0.010]
  Mini-Benders[2] (mw): LB=9.860473, Z₀(α*)=-23.671756, intercept=-24.738294 (0.291s) [OMP=0.248 ISP-L=0.004 ISP-F=0.012 MW-L=0.008 MW-F=0.015]
  Mini-Benders[3] (mw): LB=9.860473, Z₀(α*)=-23.671756, intercept=-24.738294 (0.292s) [OMP=0.253 ISP-L=0.003 ISP-F=0.012 MW-L=0.008 MW-F=0.011]
  Mini-Benders[4]: LB stagnated, break
  α-step: Z₀=16.372320, α=[0.000,0.000,0.000,0.000,0.000,1.076,0.000,0.000,2.852,0.000,0.000,0.000,0.000,0.000,0.000,0.000,0.000,0.000,0.000,0.000,0.000,5.667,0.000,0.000,0.000,0.000,1.108,0.000,0.000,0.000,0.000,0.000,0.000,0.000,0.000,0.000,0.000,0.000]
  Alt-Benders[1] (mw): LB=9.870049, Z₀(α*)=-22.526102, intercept=-94.691417 (0.310s) [OMP=0.276 ISP-L=0.004 ISP-F=0.012 MW-L=0.012 MW-F=0.010]
  Alt-Benders[2] (mw): LB=9.870049, Z₀(α*)=-22.526102, intercept=-94.691417 (0.323s) [OMP=0.290 ISP-L=0.004 ISP-F=0.012 MW-L=0.008 MW-F=0.010]
  Alt-Benders[3] (mw): LB=9.870049, Z₀(α*)=-22.526102, intercept=-94.691417 (0.339s) [OMP=0.291 ISP-L=0.004 ISP-F=0.012 MW-L=0.012 MW-F=0.010]
  Alt-Benders[4]: LB stagnated, break
  OMP re-solve: 0.000s

=== True-DRO Benders iter 43 ===
  OMP: t₀=9.870049, UB=13.136865, gap=2.49e-01, x=[0, 0, 0, 0, 1, 0, 0, 0, 0, 0, 0, 0, 0, 0, 0, 0, 0, 0, 0, 0, 0, 0, 0, 0, 0, 0, 0, 0, 0, 0, 0, 1, 0, 0, 0, 0, 0, 0] (0.000s)
  Sub: Z₀=15.940511 [LOCAL] (0.2s), α=[0.000,0.000,0.000,0.000,0.000,0.000,0.000,0.000,0.000,0.000,0.000,0.000,0.000,0.000,1.816,0.000,0.000,0.000,0.000,0.000,0.000,0.000,0.000,0.000,0.000,0.000,3.577,0.000,0.000,0.000,0.000,5.309,0.000,0.000,0.000,0.000,0.000,0.000]
  Iter 43: LB=9.870049  UB=13.136865  gap=2.49e-01
  Cut: intercept=-1097.535798, π_x_range=[-824.4305, 561.5794]
  Mini-Benders[1] (mw): LB=9.968399, Z₀(α*)=-6.979763, intercept=-9.553618 (0.307s) [OMP=0.273 ISP-L=0.004 ISP-F=0.011 MW-L=0.008 MW-F=0.015]
  Mini-Benders[2] (mw): LB=9.968399, Z₀(α*)=-6.979763, intercept=-9.553618 (0.276s) [OMP=0.243 ISP-L=0.003 ISP-F=0.010 MW-L=0.008 MW-F=0.011]
  Mini-Benders[3] (mw): LB=9.968399, Z₀(α*)=-6.979763, intercept=-9.553618 (0.292s) [OMP=0.245 ISP-L=0.004 ISP-F=0.010 MW-L=0.008 MW-F=0.016]
  Mini-Benders[4]: LB stagnated, break
  α-step: Z₀=18.485412, α=[0.000,0.000,0.000,0.000,0.000,1.369,0.000,0.000,3.116,0.000,0.000,0.000,0.000,0.000,1.072,0.000,0.000,0.000,0.000,0.000,0.000,0.000,0.000,0.000,0.000,0.000,5.146,0.000,0.000,0.000,0.000,0.000,0.000,0.000,0.000,0.000,0.000,0.000]
  Alt-Benders[1] (mw): LB=10.003520, Z₀(α*)=0.893065, intercept=-83.031494 (0.294s) [OMP=0.263 ISP-L=0.003 ISP-F=0.011 MW-L=0.008 MW-F=0.011]
  Alt-Benders[2] (mw): LB=10.003520, Z₀(α*)=0.893065, intercept=-83.031494 (0.291s) [OMP=0.255 ISP-L=0.003 ISP-F=0.011 MW-L=0.013 MW-F=0.011]
  Alt-Benders[3] (mw): LB=10.003520, Z₀(α*)=0.893065, intercept=-83.031494 (0.292s) [OMP=0.254 ISP-L=0.004 ISP-F=0.012 MW-L=0.008 MW-F=0.011]
  Alt-Benders[4]: LB stagnated, break
  OMP re-solve: 0.000s

=== True-DRO Benders iter 44 ===
  OMP: t₀=10.003520, UB=13.136865, gap=2.39e-01, x=[0, 0, 0, 0, 0, 0, 0, 0, 0, 0, 0, 1, 0, 0, 0, 0, 0, 0, 0, 0, 0, 0, 0, 0, 0, 0, 0, 0, 0, 0, 0, 1, 0, 0, 0, 0, 0, 0] (0.000s)
  Sub: Z₀=15.899790 [LOCAL] (0.2s), α=[0.000,0.000,0.000,0.000,0.000,0.000,0.000,0.000,0.919,0.000,0.000,0.000,0.000,0.000,0.167,0.000,0.000,0.000,0.000,0.000,0.000,0.000,0.000,0.000,0.000,0.000,1.339,0.000,0.000,0.000,0.000,8.277,0.000,0.000,0.000,0.000,0.000,0.000]
  Iter 44: LB=10.003520  UB=13.136865  gap=2.39e-01
  Cut: intercept=-1103.830460, π_x_range=[-824.1826, 578.2862]
  Mini-Benders[1] (mw): LB=10.040878, Z₀(α*)=-20.393851, intercept=-97.715528 (0.260s) [OMP=0.233 ISP-L=0.003 ISP-F=0.012 MW-L=0.008 MW-F=0.011]
  Mini-Benders[2] (mw): LB=10.040878, Z₀(α*)=-20.393851, intercept=-97.715528 (0.291s) [OMP=0.257 ISP-L=0.003 ISP-F=0.012 MW-L=0.008 MW-F=0.015]
  Mini-Benders[3] (mw): LB=10.040878, Z₀(α*)=-20.393851, intercept=-97.715528 (0.292s) [OMP=0.255 ISP-L=0.003 ISP-F=0.012 MW-L=0.008 MW-F=0.011]
  Mini-Benders[4]: LB stagnated, break
  α-step: Z₀=17.111203, α=[0.000,0.000,0.000,0.000,0.000,3.474,0.000,0.000,5.516,0.000,0.000,0.000,0.000,0.000,0.147,0.000,0.000,0.000,0.000,1.566,0.000,0.000,0.000,0.000,0.000,0.000,0.000,0.000,0.000,0.000,0.000,0.000,0.000,0.000,0.000,0.000,0.000,0.000]
  Alt-Benders[1] (mw): LB=10.136710, Z₀(α*)=1.013958, intercept=-102.544696 (0.315s) [OMP=0.291 ISP-L=0.004 ISP-F=0.010 MW-L=0.012 MW-F=0.011]
  Alt-Benders[2] (mw): LB=10.136710, Z₀(α*)=1.013958, intercept=-102.544696 (0.307s) [OMP=0.259 ISP-L=0.004 ISP-F=0.010 MW-L=0.008 MW-F=0.012]
  Alt-Benders[3] (mw): LB=10.136710, Z₀(α*)=1.013958, intercept=-102.544696 (0.292s) [OMP=0.262 ISP-L=0.004 ISP-F=0.010 MW-L=0.012 MW-F=0.011]
  Alt-Benders[4]: LB stagnated, break
  OMP re-solve: 0.000s

=== True-DRO Benders iter 45 ===
  OMP: t₀=10.136710, UB=13.136865, gap=2.28e-01, x=[0, 0, 0, 0, 0, 1, 0, 0, 1, 0, 0, 0, 0, 0, 0, 0, 0, 0, 0, 0, 0, 0, 0, 0, 0, 0, 0, 0, 0, 0, 0, 0, 0, 0, 0, 0, 0, 0] (0.000s)
  Sub: Z₀=10.136715 [TIME_LIMIT] (15.1s), α=[0.000,0.000,0.000,0.000,0.000,3.950,0.000,0.000,3.372,0.000,0.000,0.000,0.000,0.000,0.282,0.000,0.000,0.000,0.000,0.000,0.000,0.000,0.000,0.000,0.000,0.000,3.099,0.000,0.000,0.000,0.000,0.000,0.000,0.000,0.000,0.000,0.000,0.000]
  Iter 45: LB=10.136710  UB=10.839748  gap=6.49e-02
  Cut: intercept=-121.810568, π_x_range=[-211.1011, 69.4467]
  Mini-Benders[1] (mw): LB=10.136715, Z₀(α*)=10.136712, intercept=-97.027537 (0.369s) [OMP=0.316 ISP-L=0.004 ISP-F=0.012 MW-L=0.008 MW-F=0.022]
  Mini-Benders[2] (mw): LB=10.136715, Z₀(α*)=10.136712, intercept=-97.027537 (0.339s) [OMP=0.300 ISP-L=0.004 ISP-F=0.011 MW-L=0.008 MW-F=0.017]
  Mini-Benders[3] (mw): LB=10.136715, Z₀(α*)=10.136712, intercept=-97.027537 (0.338s) [OMP=0.300 ISP-L=0.004 ISP-F=0.011 MW-L=0.008 MW-F=0.021]
  Mini-Benders[4]: LB stagnated, break
  α-step: Z₀=10.136712, α=[0.000,0.000,0.000,0.000,0.000,6.799,0.000,0.000,3.704,0.000,0.000,0.000,0.000,0.000,0.000,0.000,0.000,0.000,0.000,0.000,0.000,0.000,0.000,0.000,0.000,0.000,0.200,0.000,0.000,0.000,0.000,0.000,0.000,0.000,0.000,0.000,0.000,0.000]
  Alt-Benders[1] (mw): LB=10.136710, Z₀(α*)=10.136712, intercept=-97.110698 (0.303s) [OMP=0.274 ISP-L=0.004 ISP-F=0.011 MW-L=0.008 MW-F=0.010]
  Alt-Benders[2] (mw): LB=10.136715, Z₀(α*)=10.136712, intercept=-97.110698 (0.307s) [OMP=0.278 ISP-L=0.004 ISP-F=0.010 MW-L=0.012 MW-F=0.010]
  Alt-Benders[3] (mw): LB=10.136715, Z₀(α*)=10.136712, intercept=-97.110698 (0.323s) [OMP=0.279 ISP-L=0.004 ISP-F=0.011 MW-L=0.007 MW-F=0.010]
  Alt-Benders[4] (mw): LB=10.136715, Z₀(α*)=10.136712, intercept=-97.110698 (0.307s) [OMP=0.280 ISP-L=0.004 ISP-F=0.011 MW-L=0.012 MW-F=0.009]
  Alt-Benders[5]: LB stagnated, break
  OMP re-solve: 0.000s

=== True-DRO Benders iter 46 ===
  OMP: t₀=10.136715, UB=10.839748, gap=6.49e-02, x=[0, 0, 0, 0, 0, 1, 0, 0, 1, 0, 0, 0, 0, 0, 0, 0, 0, 0, 0, 0, 0, 0, 0, 0, 0, 0, 0, 0, 0, 0, 0, 0, 0, 0, 0, 0, 0, 0] (0.000s)
  Sub: Z₀=10.136710 [LOCAL] (0.2s), α=[0.000,0.000,0.000,0.000,0.000,3.223,0.000,0.000,3.244,0.000,0.000,0.000,0.000,0.000,0.020,0.000,0.000,0.000,0.000,0.000,0.000,0.000,0.000,0.000,0.000,0.000,4.215,0.000,0.000,0.000,0.000,0.000,0.000,0.000,0.000,0.000,0.000,0.000]
  Iter 46: LB=10.136715  UB=10.839748  gap=6.49e-02
  Cut: intercept=-1154.958582, π_x_range=[-824.3757, 589.5507]
  Mini-Benders[1] (mw): LB=10.136715, Z₀(α*)=10.136712, intercept=-94.929078 (0.292s) [OMP=0.254 ISP-L=0.004 ISP-F=0.011 MW-L=0.008 MW-F=0.015]
  Mini-Benders[2] (mw): LB=10.136715, Z₀(α*)=10.136712, intercept=-94.929078 (0.307s) [OMP=0.271 ISP-L=0.004 ISP-F=0.011 MW-L=0.008 MW-F=0.011]
  Mini-Benders[3]: LB stagnated, break
  α-step: Z₀=10.136712, α=[0.000,0.000,0.000,0.000,0.000,3.804,0.000,0.000,3.704,0.000,0.000,0.000,0.000,0.000,0.000,0.000,0.000,0.000,0.000,0.000,0.000,0.000,0.000,0.000,0.000,0.000,3.195,0.000,0.000,0.000,0.000,0.000,0.000,0.000,0.000,0.000,0.000,0.000]
  Alt-Benders[1] (mw): LB=10.136712, Z₀(α*)=10.136712, intercept=-94.799172 (0.307s) [OMP=0.273 ISP-L=0.004 ISP-F=0.011 MW-L=0.013 MW-F=0.012]
  Alt-Benders[2] (mw): LB=10.136715, Z₀(α*)=10.136712, intercept=-94.799172 (0.307s) [OMP=0.269 ISP-L=0.004 ISP-F=0.010 MW-L=0.009 MW-F=0.012]
  Alt-Benders[3] (mw): LB=10.136715, Z₀(α*)=10.136712, intercept=-94.799172 (0.307s) [OMP=0.267 ISP-L=0.004 ISP-F=0.011 MW-L=0.013 MW-F=0.012]
  Alt-Benders[4] (mw): LB=10.136715, Z₀(α*)=10.136712, intercept=-94.799172 (0.308s) [OMP=0.268 ISP-L=0.004 ISP-F=0.011 MW-L=0.009 MW-F=0.012]
  Alt-Benders[5]: LB stagnated, break
  OMP re-solve: 0.000s

=== True-DRO Benders iter 47 ===
  OMP: t₀=10.136715, UB=10.839748, gap=6.49e-02, x=[0, 0, 0, 0, 0, 1, 0, 0, 1, 0, 0, 0, 0, 0, 0, 0, 0, 0, 0, 0, 0, 0, 0, 0, 0, 0, 0, 0, 0, 0, 0, 0, 0, 0, 0, 0, 0, 0] (0.000s)
  Sub: Z₀=10.136710 [LOCAL] (0.2s), α=[0.000,0.000,0.000,0.000,0.000,3.223,0.000,0.000,3.244,0.000,0.000,0.000,0.000,0.000,0.020,0.000,0.000,0.000,0.000,0.000,0.000,0.000,0.000,0.000,0.000,0.000,4.215,0.000,0.000,0.000,0.000,0.000,0.000,0.000,0.000,0.000,0.000,0.000]
  Iter 47: LB=10.136715  UB=10.839748  gap=6.49e-02
  Cut: intercept=-1154.958582, π_x_range=[-824.3757, 589.5507]
  Mini-Benders[1] (mw): LB=10.136715, Z₀(α*)=10.136712, intercept=-94.929078 (0.307s) [OMP=0.273 ISP-L=0.004 ISP-F=0.011 MW-L=0.008 MW-F=0.011]
  Mini-Benders[2] (mw): LB=10.136715, Z₀(α*)=10.136712, intercept=-94.929078 (0.307s) [OMP=0.273 ISP-L=0.004 ISP-F=0.011 MW-L=0.008 MW-F=0.015]
  Mini-Benders[3]: LB stagnated, break
  α-step: Z₀=10.136712, α=[0.000,0.000,0.000,0.000,0.000,3.804,0.000,0.000,3.704,0.000,0.000,0.000,0.000,0.000,0.000,0.000,0.000,0.000,0.000,0.000,0.000,0.000,0.000,0.000,0.000,0.000,3.195,0.000,0.000,0.000,0.000,0.000,0.000,0.000,0.000,0.000,0.000,0.000]
  Alt-Benders[1] (mw): LB=10.136715, Z₀(α*)=10.136712, intercept=-94.799172 (0.299s) [OMP=0.264 ISP-L=0.004 ISP-F=0.011 MW-L=0.009 MW-F=0.012]
  Alt-Benders[2] (mw): LB=10.136715, Z₀(α*)=10.136712, intercept=-94.799172 (0.308s) [OMP=0.269 ISP-L=0.004 ISP-F=0.011 MW-L=0.013 MW-F=0.011]
  Alt-Benders[3]: LB stagnated, break
  OMP re-solve: 0.000s

=== True-DRO Benders iter 48 ===
  OMP: t₀=10.136715, UB=10.839748, gap=6.49e-02, x=[0, 0, 0, 0, 0, 1, 0, 0, 1, 0, 0, 0, 0, 0, 0, 0, 0, 0, 0, 0, 0, 0, 0, 0, 0, 0, 0, 0, 0, 0, 0, 0, 0, 0, 0, 0, 0, 0] (0.000s)
  Sub: Z₀=10.136710 [LOCAL] (0.2s), α=[0.000,0.000,0.000,0.000,0.000,3.223,0.000,0.000,3.244,0.000,0.000,0.000,0.000,0.000,0.020,0.000,0.000,0.000,0.000,0.000,0.000,0.000,0.000,0.000,0.000,0.000,4.215,0.000,0.000,0.000,0.000,0.000,0.000,0.000,0.000,0.000,0.000,0.000]
  Iter 48: LB=10.136715  UB=10.839748  gap=6.49e-02
  Cut: intercept=-1154.958582, π_x_range=[-824.3757, 589.5507]
  Mini-Benders[1] (mw): LB=10.136715, Z₀(α*)=10.136712, intercept=-94.929078 (0.307s) [OMP=0.272 ISP-L=0.004 ISP-F=0.010 MW-L=0.012 MW-F=0.011]
  Mini-Benders[2] (mw): LB=10.136715, Z₀(α*)=10.136712, intercept=-94.929078 (0.307s) [OMP=0.271 ISP-L=0.004 ISP-F=0.011 MW-L=0.008 MW-F=0.011]
  Mini-Benders[3]: LB stagnated, break
  α-step: Z₀=10.136712, α=[0.000,0.000,0.000,0.000,0.000,3.804,0.000,0.000,3.704,0.000,0.000,0.000,0.000,0.000,0.000,0.000,0.000,0.000,0.000,0.000,0.000,0.000,0.000,0.000,0.000,0.000,3.195,0.000,0.000,0.000,0.000,0.000,0.000,0.000,0.000,0.000,0.000,0.000]
  Alt-Benders[1] (mw): LB=10.136715, Z₀(α*)=10.136712, intercept=-94.799172 (0.292s) [OMP=0.269 ISP-L=0.004 ISP-F=0.011 MW-L=0.009 MW-F=0.012]
  Alt-Benders[2] (mw): LB=10.136715, Z₀(α*)=10.136712, intercept=-94.799172 (0.308s) [OMP=0.269 ISP-L=0.004 ISP-F=0.010 MW-L=0.008 MW-F=0.012]
  Alt-Benders[3]: LB stagnated, break
  OMP re-solve: 0.000s

=== True-DRO Benders iter 49 ===
  OMP: t₀=10.136715, UB=10.839748, gap=6.49e-02, x=[0, 0, 0, 0, 0, 1, 0, 0, 1, 0, 0, 0, 0, 0, 0, 0, 0, 0, 0, 0, 0, 0, 0, 0, 0, 0, 0, 0, 0, 0, 0, 0, 0, 0, 0, 0, 0, 0] (0.000s)
  Sub: Z₀=10.136710 [LOCAL] (0.2s), α=[0.000,0.000,0.000,0.000,0.000,3.223,0.000,0.000,3.244,0.000,0.000,0.000,0.000,0.000,0.020,0.000,0.000,0.000,0.000,0.000,0.000,0.000,0.000,0.000,0.000,0.000,4.215,0.000,0.000,0.000,0.000,0.000,0.000,0.000,0.000,0.000,0.000,0.000]
  Iter 49: LB=10.136715  UB=10.839748  gap=6.49e-02
  Cut: intercept=-1154.958582, π_x_range=[-824.3757, 589.5507]
  Mini-Benders[1] (mw): LB=10.136715, Z₀(α*)=10.136712, intercept=-94.929078 (0.291s) [OMP=0.267 ISP-L=0.004 ISP-F=0.010 MW-L=0.008 MW-F=0.011]
  Mini-Benders[2] (mw): LB=10.136715, Z₀(α*)=10.136712, intercept=-94.929078 (0.323s) [OMP=0.274 ISP-L=0.004 ISP-F=0.011 MW-L=0.012 MW-F=0.010]
  Mini-Benders[3]: LB stagnated, break
  α-step: Z₀=10.136712, α=[0.000,0.000,0.000,0.000,0.000,3.804,0.000,0.000,3.704,0.000,0.000,0.000,0.000,0.000,0.000,0.000,0.000,0.000,0.000,0.000,0.000,0.000,0.000,0.000,0.000,0.000,3.195,0.000,0.000,0.000,0.000,0.000,0.000,0.000,0.000,0.000,0.000,0.000]
  Alt-Benders[1] (mw): LB=10.136715, Z₀(α*)=10.136712, intercept=-94.799172 (0.304s) [OMP=0.273 ISP-L=0.004 ISP-F=0.011 MW-L=0.009 MW-F=0.016]
  Alt-Benders[2] (mw): LB=10.136715, Z₀(α*)=10.136712, intercept=-94.799172 (0.307s) [OMP=0.265 ISP-L=0.004 ISP-F=0.011 MW-L=0.009 MW-F=0.012]
  Alt-Benders[3]: LB stagnated, break
  OMP re-solve: 0.000s

=== True-DRO Benders iter 50 ===
  OMP: t₀=10.136715, UB=10.839748, gap=6.49e-02, x=[0, 0, 0, 0, 0, 1, 0, 0, 1, 0, 0, 0, 0, 0, 0, 0, 0, 0, 0, 0, 0, 0, 0, 0, 0, 0, 0, 0, 0, 0, 0, 0, 0, 0, 0, 0, 0, 0] (0.000s)
  → Boost: time limit 3600s + MIPGap=0.5% (same x + prev TIME_LIMIT)
  Sub: Z₀=10.136713 (86.5s), α=[0.000,0.000,0.000,0.000,0.000,3.511,0.000,0.000,1.441,0.000,0.000,0.000,0.000,0.000,1.637,0.000,0.000,0.000,0.000,0.000,0.000,0.000,0.000,0.000,0.000,0.000,4.114,0.000,0.000,0.000,0.000,0.000,0.000,0.000,0.000,0.000,0.000,0.000]
  Iter 50: LB=10.136715  UB=10.136713  gap=1.47e-07
True-DRO Benders converged at iter 50 (gap=1.47e-07)
  Wall time: 337.19 sec
  OMP  time: mean=0.150s, median=0.174s, max=0.316s
  Sub  time (exact): mean=35.758s, median=10.988s, q90=71.416s, max=86.523s (n=3/50)

Result (double): Z₀=10.136713, iters=50, time=337.2s
x arcs = [6, 9]
