============================================================
polska — nominal: ε̂=0.00, ε̃=0.00, β=0.00
============================================================
Set parameter Username
Set parameter LicenseID to value 2742039
Academic license - for non-commercial use only - expires 2026-11-20
Set parameter Username
Set parameter LicenseID to value 2742039
Academic license - for non-commercial use only - expires 2026-11-20
Set parameter OutputFlag to value 1
Set parameter LogFile to value "global_miqcp.log"
Set parameter Username
Set parameter LicenseID to value 2742039
Academic license - for non-commercial use only - expires 2026-11-20
Set parameter Username
Set parameter LicenseID to value 2742039
Academic license - for non-commercial use only - expires 2026-11-20
Set parameter Username
Set parameter LicenseID to value 2742039
Academic license - for non-commercial use only - expires 2026-11-20
Set parameter Username
Set parameter LicenseID to value 2742039
Academic license - for non-commercial use only - expires 2026-11-20

=== True-DRO Benders iter 1 ===
  OMP: t₀=6.268929, UB=Inf, gap=NaN, x=[0, 0, 0, 0, 0, 0, 0, 0, 0, 0, 0, 0, 1, 0, 0, 0, 0, 0, 0, 0, 0, 0, 0, 0, 0, 0, 0, 0, 0, 0, 0, 0, 0, 1, 0, 0] (0.014s)
  Sub: Z₀=14.082432 [LOCAL] (0.1s), α=[0.000,0.000,0.000,0.000,0.000,0.000,0.000,0.000,0.000,0.000,0.000,0.000,1.752,0.154,0.000,0.000,0.000,0.000,0.000,0.000,0.000,0.000,0.000,0.000,0.000,0.000,0.000,0.000,0.000,0.000,0.000,0.000,0.000,8.039,0.000,0.000]
  Iter 1: LB=6.268929  UB=Inf  gap=NaN
  Cut: intercept=-1163.287239, π_x_range=[-819.0963, 593.8443]
  Mini-Benders[1] (mw): LB=9.544851, Z₀(α*)=7.877297, intercept=-57.407911 (0.065s) [OMP=0.031 ISP-L=0.006 ISP-F=0.015 MW-L=0.005 MW-F=0.006]
  Mini-Benders[2] (mw): LB=9.544851, Z₀(α*)=7.877297, intercept=-57.407911 (0.072s) [OMP=0.042 ISP-L=0.002 ISP-F=0.011 MW-L=0.009 MW-F=0.006]
  Mini-Benders[3] (mw): LB=9.544851, Z₀(α*)=7.877297, intercept=-57.407911 (0.069s) [OMP=0.042 ISP-L=0.002 ISP-F=0.011 MW-L=0.005 MW-F=0.008]
  Mini-Benders[4]: LB stagnated, break
Set parameter NonConvex to value 2
Set parameter DualReductions to value 0
  α-step: Z₀=17.210781, α=[0.000,0.000,1.860,0.000,0.000,0.000,0.000,0.000,0.000,0.000,0.000,0.000,0.000,0.000,0.000,0.000,0.000,0.000,0.000,0.000,0.000,0.000,0.000,0.000,0.000,0.000,0.000,0.000,0.000,0.000,0.000,0.000,0.003,8.082,0.000,0.000]
  Alt-Benders[1] (mw): LB=9.735199, Z₀(α*)=-57.782852, intercept=-159.105213 (0.080s) [OMP=0.054 ISP-L=0.002 ISP-F=0.008 MW-L=0.005 MW-F=0.010]
  Alt-Benders[2] (mw): LB=9.735199, Z₀(α*)=-57.782852, intercept=-159.105213 (0.083s) [OMP=0.056 ISP-L=0.002 ISP-F=0.008 MW-L=0.005 MW-F=0.009]
  Alt-Benders[3] (mw): LB=9.735199, Z₀(α*)=-57.782852, intercept=-159.105213 (0.078s) [OMP=0.055 ISP-L=0.002 ISP-F=0.008 MW-L=0.005 MW-F=0.007]
  Alt-Benders[4]: LB stagnated, break
  OMP re-solve: 0.000s

=== True-DRO Benders iter 2 ===
  OMP: t₀=9.735199, UB=Inf, gap=NaN, x=[0, 0, 0, 0, 0, 1, 0, 0, 0, 0, 0, 0, 0, 0, 0, 0, 0, 0, 0, 0, 0, 0, 1, 0, 0, 0, 0, 0, 0, 0, 0, 0, 0, 0, 0, 0] (0.000s)
  Sub: Z₀=14.699446 [LOCAL] (0.1s), α=[0.000,0.000,0.000,0.000,0.000,9.059,0.000,0.000,0.000,0.000,0.000,0.000,0.000,0.885,0.000,0.000,0.000,0.000,0.000,0.000,0.000,0.000,0.000,0.000,0.000,0.000,0.000,0.000,0.000,0.000,0.000,0.000,0.000,0.000,0.000,0.000]
  Iter 2: LB=9.735199  UB=Inf  gap=NaN
  Cut: intercept=-1134.565433, π_x_range=[-818.8014, 577.4450]
  Mini-Benders[1] (mw): LB=10.950919, Z₀(α*)=-45.657124, intercept=-75.853910 (0.120s) [OMP=0.095 ISP-L=0.003 ISP-F=0.009 MW-L=0.007 MW-F=0.006]
  Mini-Benders[2] (mw): LB=10.950919, Z₀(α*)=-45.657124, intercept=-75.853910 (0.088s) [OMP=0.065 ISP-L=0.002 ISP-F=0.009 MW-L=0.005 MW-F=0.008]
  Mini-Benders[3] (mw): LB=10.950919, Z₀(α*)=-45.657124, intercept=-75.853910 (0.088s) [OMP=0.063 ISP-L=0.002 ISP-F=0.009 MW-L=0.005 MW-F=0.008]
  Mini-Benders[4]: LB stagnated, break
  α-step: Z₀=17.271777, α=[0.000,0.000,1.685,0.000,0.000,0.000,0.000,0.000,0.000,0.000,0.000,0.000,0.982,2.181,0.000,0.000,0.000,0.074,0.000,0.000,0.000,0.000,0.000,0.000,0.000,0.000,0.000,0.000,0.000,0.000,0.000,0.000,0.000,5.024,0.000,0.000]
  Alt-Benders[1] (mw): LB=11.035939, Z₀(α*)=-0.041469, intercept=-36.850972 (0.108s) [OMP=0.088 ISP-L=0.003 ISP-F=0.009 MW-L=0.005 MW-F=0.007]
  Alt-Benders[2] (mw): LB=11.035939, Z₀(α*)=-0.041469, intercept=-36.850972 (0.106s) [OMP=0.086 ISP-L=0.003 ISP-F=0.008 MW-L=0.007 MW-F=0.006]
  Alt-Benders[3] (mw): LB=11.035939, Z₀(α*)=-0.041469, intercept=-36.850972 (0.120s) [OMP=0.086 ISP-L=0.003 ISP-F=0.009 MW-L=0.007 MW-F=0.006]
  Alt-Benders[4]: LB stagnated, break
  OMP re-solve: 0.000s

=== True-DRO Benders iter 3 ===
  OMP: t₀=11.035939, UB=Inf, gap=NaN, x=[0, 0, 0, 0, 0, 0, 0, 0, 0, 0, 0, 0, 0, 1, 0, 0, 0, 0, 0, 0, 0, 0, 0, 0, 0, 0, 0, 0, 0, 0, 0, 0, 0, 1, 0, 0] (0.000s)
  Sub: Z₀=17.741705 [LOCAL] (0.1s), α=[0.000,0.000,1.069,0.000,0.000,0.000,0.000,0.000,0.000,0.000,0.000,0.000,0.000,0.000,0.000,0.000,0.000,0.026,0.000,0.000,0.000,0.000,0.000,0.000,0.000,0.000,0.000,0.000,0.000,0.000,0.000,0.000,0.000,8.850,0.000,0.000]
  Iter 3: LB=11.035939  UB=Inf  gap=NaN
  Cut: intercept=-1155.716675, π_x_range=[-822.9390, 591.0618]
  Mini-Benders[1] (mw): LB=11.592142, Z₀(α*)=2.341031, intercept=-73.859901 (0.104s) [OMP=0.084 ISP-L=0.003 ISP-F=0.008 MW-L=0.005 MW-F=0.008]
  Mini-Benders[2] (mw): LB=11.592142, Z₀(α*)=2.341031, intercept=-73.859901 (0.119s) [OMP=0.082 ISP-L=0.003 ISP-F=0.008 MW-L=0.005 MW-F=0.008]
  Mini-Benders[3] (mw): LB=11.592142, Z₀(α*)=2.341031, intercept=-73.859901 (0.106s) [OMP=0.081 ISP-L=0.003 ISP-F=0.009 MW-L=0.005 MW-F=0.008]
  Mini-Benders[4]: LB stagnated, break
  α-step: Z₀=14.026605, α=[0.000,0.000,0.000,0.000,0.000,2.075,0.000,0.000,0.000,0.000,0.000,0.000,0.000,0.910,0.000,0.000,0.000,0.000,0.000,0.000,0.000,0.000,0.000,0.000,0.000,0.000,0.000,0.000,0.000,0.301,0.536,0.000,0.705,5.417,0.000,0.000]
  Alt-Benders[1] (mw): LB=11.656086, Z₀(α*)=5.097443, intercept=-59.348954 (0.087s) [OMP=0.071 ISP-L=0.003 ISP-F=0.010 MW-L=0.007 MW-F=0.006]
  Alt-Benders[2] (mw): LB=11.656086, Z₀(α*)=5.097443, intercept=-59.348954 (0.119s) [OMP=0.082 ISP-L=0.002 ISP-F=0.010 MW-L=0.007 MW-F=0.006]
  Alt-Benders[3] (mw): LB=11.656086, Z₀(α*)=5.097443, intercept=-59.348954 (0.106s) [OMP=0.080 ISP-L=0.002 ISP-F=0.010 MW-L=0.005 MW-F=0.008]
  Alt-Benders[4]: LB stagnated, break
  OMP re-solve: 0.000s

=== True-DRO Benders iter 4 ===
  OMP: t₀=11.656086, UB=Inf, gap=NaN, x=[0, 0, 0, 0, 0, 0, 0, 0, 0, 0, 0, 0, 0, 0, 0, 0, 0, 0, 0, 0, 0, 0, 1, 0, 0, 0, 0, 0, 0, 0, 0, 0, 0, 1, 0, 0] (0.000s)
  Sub: Z₀=17.480081 [LOCAL] (0.1s), α=[0.000,0.000,1.193,0.000,0.000,0.000,0.000,0.000,0.000,0.000,0.000,0.000,0.000,0.000,0.000,0.000,0.000,0.024,0.000,0.000,0.000,0.000,0.000,0.000,0.000,0.000,0.000,0.000,0.000,0.000,0.000,0.000,1.959,6.768,0.000,0.000]
  Iter 4: LB=11.656086  UB=Inf  gap=NaN
  Cut: intercept=-1111.431035, π_x_range=[-820.6476, 576.3154]
  Mini-Benders[1] (mw): LB=11.763232, Z₀(α*)=-3.347785, intercept=-82.076546 (0.106s) [OMP=0.087 ISP-L=0.003 ISP-F=0.008 MW-L=0.005 MW-F=0.008]
  Mini-Benders[2] (mw): LB=11.763232, Z₀(α*)=-3.347785, intercept=-82.076546 (0.104s) [OMP=0.080 ISP-L=0.003 ISP-F=0.008 MW-L=0.006 MW-F=0.006]
  Mini-Benders[3] (mw): LB=11.763232, Z₀(α*)=-3.347785, intercept=-82.076546 (0.106s) [OMP=0.082 ISP-L=0.003 ISP-F=0.009 MW-L=0.007 MW-F=0.006]
  Mini-Benders[4]: LB stagnated, break
  α-step: Z₀=14.009296, α=[0.000,0.000,0.000,0.000,0.000,3.573,0.000,0.000,0.000,0.000,0.000,0.000,0.000,0.778,0.000,0.000,0.000,0.000,0.000,0.000,0.000,0.000,0.000,0.000,0.000,0.000,0.000,0.000,0.000,0.000,0.000,0.000,4.759,0.835,0.000,0.000]
  Alt-Benders[1] (mw): LB=11.781872, Z₀(α*)=-17.930985, intercept=-31.137196 (0.087s) [OMP=0.075 ISP-L=0.003 ISP-F=0.010 MW-L=0.007 MW-F=0.006]
  Alt-Benders[2] (mw): LB=11.781872, Z₀(α*)=-17.930985, intercept=-31.137196 (0.119s) [OMP=0.089 ISP-L=0.003 ISP-F=0.009 MW-L=0.005 MW-F=0.008]
  Alt-Benders[3] (mw): LB=11.781872, Z₀(α*)=-17.930985, intercept=-31.137196 (0.120s) [OMP=0.089 ISP-L=0.003 ISP-F=0.009 MW-L=0.005 MW-F=0.008]
  Alt-Benders[4]: LB stagnated, break
  OMP re-solve: 0.000s

=== True-DRO Benders iter 5 ===
  OMP: t₀=11.781872, UB=Inf, gap=NaN, x=[0, 0, 0, 0, 0, 0, 0, 0, 0, 0, 0, 0, 0, 0, 1, 0, 0, 0, 0, 0, 0, 0, 0, 0, 0, 0, 0, 0, 0, 0, 0, 0, 0, 1, 0, 0] (0.000s)
  Sub: Z₀=18.270943 (0.1s), α=[0.000,0.000,1.729,0.000,0.000,0.000,0.000,0.000,0.000,0.000,0.000,0.000,0.000,0.000,0.000,0.000,0.000,0.000,0.000,0.000,0.000,0.000,0.000,0.000,0.000,0.000,0.000,0.000,0.000,0.000,0.000,0.000,0.006,8.210,0.000,0.000]
  Iter 5: LB=11.781872  UB=18.270943  gap=3.55e-01
  Cut: intercept=-71.801438, π_x_range=[-264.0000, 47.1949]
  Sherali-Cut: intercept=-23.572228, π_x_range=[-80.2698, 41.8431]
  Mini-Benders[1] (mw): LB=11.781872, Z₀(α*)=17.550459, intercept=-55.959051 (0.122s) [OMP=0.096 ISP-L=0.003 ISP-F=0.009 MW-L=0.007 MW-F=0.006]
  Mini-Benders[2] (mw): LB=11.781872, Z₀(α*)=16.658755, intercept=-33.648764 (0.106s) [OMP=0.090 ISP-L=0.003 ISP-F=0.009 MW-L=0.007 MW-F=0.007]
  Mini-Benders[3]: LB stagnated, break
  α-step: Z₀=17.954697, α=[0.000,0.000,1.120,0.000,0.000,0.000,0.000,0.000,0.000,0.000,0.000,0.000,0.000,0.000,0.000,0.000,0.000,0.096,0.000,0.000,0.000,0.000,0.000,0.000,0.000,0.000,0.000,0.000,0.000,0.000,0.000,0.000,1.229,7.499,0.000,0.000]
  Alt-Benders[1] (mw): LB=11.781872, Z₀(α*)=0.299957, intercept=-63.126836 (0.117s) [OMP=0.098 ISP-L=0.002 ISP-F=0.009 MW-L=0.005 MW-F=0.008]
  Alt-Benders[2] (mw): LB=11.781872, Z₀(α*)=0.299957, intercept=-63.126836 (0.138s) [OMP=0.114 ISP-L=0.002 ISP-F=0.008 MW-L=0.005 MW-F=0.008]
  Alt-Benders[3]: LB stagnated, break
  OMP re-solve: 0.000s

=== True-DRO Benders iter 6 ===
  OMP: t₀=11.781872, UB=18.270943, gap=3.55e-01, x=[0, 0, 0, 0, 0, 0, 0, 0, 0, 0, 0, 0, 0, 0, 0, 0, 0, 1, 0, 0, 0, 0, 0, 0, 0, 0, 0, 0, 0, 0, 0, 0, 0, 1, 0, 0] (0.000s)
  Sub: Z₀=14.817225 [LOCAL] (0.1s), α=[0.000,0.000,2.098,0.000,0.000,0.000,0.000,0.000,0.000,0.000,0.000,0.000,0.000,0.000,0.000,0.000,0.000,2.005,0.000,0.000,0.000,0.000,0.000,0.000,0.000,0.000,0.000,0.000,0.000,0.000,0.000,0.000,0.000,5.842,0.000,0.000]
  Iter 6: LB=11.781872  UB=18.270943  gap=3.55e-01
  Cut: intercept=-1151.170878, π_x_range=[-821.7924, 586.2312]
  Mini-Benders[1] (mw): LB=11.781872, Z₀(α*)=5.547734, intercept=-48.305782 (0.104s) [OMP=0.088 ISP-L=0.002 ISP-F=0.009 MW-L=0.007 MW-F=0.005]
  Mini-Benders[2] (mw): LB=11.781872, Z₀(α*)=5.547734, intercept=-48.305782 (0.122s) [OMP=0.098 ISP-L=0.003 ISP-F=0.010 MW-L=0.007 MW-F=0.006]
  Mini-Benders[3]: LB stagnated, break
  α-step: Z₀=15.993284, α=[0.000,0.000,4.204,0.000,0.000,0.000,0.000,0.000,0.000,0.000,0.000,0.000,0.000,0.000,0.000,0.000,0.000,0.000,0.000,0.000,0.000,0.000,0.000,0.000,0.000,0.000,0.000,0.000,0.000,0.000,0.000,0.000,0.097,5.644,0.000,0.000]
  Alt-Benders[1] (mw): LB=11.781872, Z₀(α*)=12.818408, intercept=-58.951246 (0.118s) [OMP=0.092 ISP-L=0.003 ISP-F=0.009 MW-L=0.005 MW-F=0.008]
  Alt-Benders[2] (mw): LB=11.781872, Z₀(α*)=-3.557057, intercept=-110.285360 (0.104s) [OMP=0.092 ISP-L=0.002 ISP-F=0.009 MW-L=0.005 MW-F=0.007]
  Alt-Benders[3]: LB stagnated, break
  OMP re-solve: 0.000s

=== True-DRO Benders iter 7 ===
  OMP: t₀=11.781872, UB=18.270943, gap=3.55e-01, x=[0, 0, 0, 0, 0, 0, 0, 0, 0, 0, 0, 0, 0, 0, 0, 0, 0, 0, 0, 0, 0, 0, 0, 0, 1, 0, 0, 0, 0, 0, 0, 0, 0, 1, 0, 0] (0.000s)
  Sub: Z₀=16.086052 [LOCAL] (0.1s), α=[0.000,0.000,0.000,0.000,0.000,0.000,0.025,0.000,0.000,0.000,0.000,0.000,0.000,0.000,0.000,0.000,0.000,2.733,0.000,0.000,0.000,0.000,0.000,0.000,0.847,0.000,0.000,0.000,0.000,0.000,0.000,0.000,0.000,6.340,0.000,0.000]
  Iter 7: LB=11.781872  UB=18.270943  gap=3.55e-01
  Cut: intercept=-1121.191802, π_x_range=[-820.6787, 583.2939]
  Mini-Benders[1] (mw): LB=11.781872, Z₀(α*)=6.873863, intercept=-23.226546 (0.119s) [OMP=0.099 ISP-L=0.003 ISP-F=0.010 MW-L=0.008 MW-F=0.006]
  Mini-Benders[2] (mw): LB=11.781872, Z₀(α*)=6.873863, intercept=-23.226546 (0.120s) [OMP=0.087 ISP-L=0.003 ISP-F=0.010 MW-L=0.007 MW-F=0.006]
  Mini-Benders[3]: LB stagnated, break
  α-step: Z₀=18.270944, α=[0.000,0.000,1.696,0.000,0.000,0.000,0.000,0.000,0.000,0.000,0.000,0.000,0.000,0.000,0.000,0.000,0.000,0.000,0.000,0.000,0.000,0.000,0.000,0.000,0.000,0.000,0.000,0.000,0.000,0.000,0.000,0.000,0.000,8.249,0.000,0.000]
  Alt-Benders[1] (mw): LB=11.781872, Z₀(α*)=-14.835601, intercept=-75.853123 (0.107s) [OMP=0.090 ISP-L=0.002 ISP-F=0.010 MW-L=0.006 MW-F=0.009]
  Alt-Benders[2] (mw): LB=11.781872, Z₀(α*)=-14.835601, intercept=-75.853123 (0.122s) [OMP=0.085 ISP-L=0.003 ISP-F=0.009 MW-L=0.005 MW-F=0.008]
  Alt-Benders[3]: LB stagnated, break
  OMP re-solve: 0.000s

=== True-DRO Benders iter 8 ===
  OMP: t₀=11.781872, UB=18.270943, gap=3.55e-01, x=[0, 0, 1, 0, 0, 0, 0, 0, 0, 0, 0, 0, 0, 0, 0, 0, 0, 0, 0, 0, 0, 0, 0, 0, 0, 0, 0, 0, 0, 0, 0, 0, 0, 1, 0, 0] (0.000s)
  Sub: Z₀=14.075482 [LOCAL] (0.1s), α=[0.000,0.000,5.355,0.000,0.000,0.000,0.000,0.000,0.000,0.000,0.000,0.000,0.000,0.000,0.000,0.000,0.000,0.000,0.000,0.000,0.000,0.000,0.000,0.000,0.000,0.000,0.000,0.000,0.000,0.000,0.000,0.000,0.000,4.589,0.000,0.000]
  Iter 8: LB=11.781872  UB=18.270943  gap=3.55e-01
  Cut: intercept=-1148.727381, π_x_range=[-820.6387, 582.0046]
  Mini-Benders[1] (mw): LB=11.781872, Z₀(α*)=-4.113483, intercept=-21.332536 (0.119s) [OMP=0.093 ISP-L=0.003 ISP-F=0.009 MW-L=0.005 MW-F=0.006]
  Mini-Benders[2] (mw): LB=11.781872, Z₀(α*)=-4.113483, intercept=-21.332536 (0.120s) [OMP=0.089 ISP-L=0.003 ISP-F=0.010 MW-L=0.008 MW-F=0.006]
  Mini-Benders[3]: LB stagnated, break
  α-step: Z₀=18.213425, α=[0.000,0.000,1.559,0.000,0.000,0.000,0.000,0.000,0.000,0.000,0.000,0.000,0.000,0.000,0.000,0.000,0.000,0.000,0.000,0.000,0.000,0.000,0.000,0.000,0.000,0.000,0.000,0.000,0.000,0.000,0.000,0.000,0.000,8.386,0.000,0.000]
  Alt-Benders[1] (mw): LB=11.781872, Z₀(α*)=17.969682, intercept=-23.795931 (0.125s) [OMP=0.100 ISP-L=0.002 ISP-F=0.010 MW-L=0.005 MW-F=0.008]
  Alt-Benders[2] (mw): LB=11.908421, Z₀(α*)=-3.968538, intercept=-75.217620 (0.135s) [OMP=0.108 ISP-L=0.002 ISP-F=0.011 MW-L=0.005 MW-F=0.008]
  Alt-Benders[3] (mw): LB=11.908421, Z₀(α*)=-3.968538, intercept=-75.217620 (0.119s) [OMP=0.096 ISP-L=0.002 ISP-F=0.011 MW-L=0.005 MW-F=0.008]
  Alt-Benders[4] (mw): LB=11.908421, Z₀(α*)=-3.968538, intercept=-75.217620 (0.120s) [OMP=0.097 ISP-L=0.002 ISP-F=0.010 MW-L=0.005 MW-F=0.006]
  Alt-Benders[5]: LB stagnated, break
  OMP re-solve: 0.000s

=== True-DRO Benders iter 9 ===
  OMP: t₀=11.908421, UB=18.270943, gap=3.48e-01, x=[0, 0, 0, 0, 0, 0, 0, 0, 0, 0, 0, 0, 0, 0, 0, 0, 0, 0, 0, 0, 0, 0, 1, 0, 0, 0, 0, 0, 0, 0, 0, 0, 1, 0, 0, 0] (0.000s)
  Sub: Z₀=17.535689 [LOCAL] (0.1s), α=[0.000,0.000,2.169,0.000,0.000,0.000,0.000,0.000,0.000,0.000,0.000,0.000,0.000,0.000,0.000,0.000,0.000,0.000,0.000,0.000,0.000,0.000,0.000,0.000,0.000,0.000,0.000,0.000,0.000,0.000,0.000,0.000,7.204,0.572,0.000,0.000]
  Iter 9: LB=11.908421  UB=18.270943  gap=3.48e-01
  Cut: intercept=-1119.817659, π_x_range=[-821.2226, 575.8871]
  Mini-Benders[1] (mw): LB=12.273291, Z₀(α*)=16.458480, intercept=-33.933778 (0.137s) [OMP=0.107 ISP-L=0.002 ISP-F=0.008 MW-L=0.007 MW-F=0.006]
  Mini-Benders[2] (mw): LB=12.381944, Z₀(α*)=-38.323083, intercept=-61.268694 (0.136s) [OMP=0.107 ISP-L=0.003 ISP-F=0.009 MW-L=0.007 MW-F=0.006]
  Mini-Benders[3] (mw): LB=12.381944, Z₀(α*)=-38.323083, intercept=-61.268694 (0.119s) [OMP=0.096 ISP-L=0.003 ISP-F=0.009 MW-L=0.005 MW-F=0.008]
  Mini-Benders[4] (mw): LB=12.381944, Z₀(α*)=-38.323083, intercept=-61.268694 (0.120s) [OMP=0.097 ISP-L=0.002 ISP-F=0.009 MW-L=0.005 MW-F=0.008]
  Mini-Benders[5]: LB stagnated, break
  α-step: Z₀=18.237326, α=[0.000,0.000,2.400,0.000,0.000,0.000,0.000,0.000,0.000,0.000,0.000,0.000,2.900,0.000,0.000,0.000,0.000,0.000,0.000,0.000,0.000,0.000,0.000,0.000,0.000,0.000,0.000,0.000,0.000,0.000,0.000,0.000,0.000,4.645,0.000,0.000]
  Alt-Benders[1] (mw): LB=12.494595, Z₀(α*)=-3.562002, intercept=-28.114594 (0.113s) [OMP=0.096 ISP-L=0.003 ISP-F=0.009 MW-L=0.007 MW-F=0.007]
  Alt-Benders[2] (mw): LB=12.494595, Z₀(α*)=-3.562002, intercept=-28.114594 (0.120s) [OMP=0.098 ISP-L=0.003 ISP-F=0.010 MW-L=0.007 MW-F=0.007]
  Alt-Benders[3] (mw): LB=12.494595, Z₀(α*)=-3.562002, intercept=-28.114594 (0.135s) [OMP=0.100 ISP-L=0.002 ISP-F=0.010 MW-L=0.007 MW-F=0.007]
  Alt-Benders[4]: LB stagnated, break
  OMP re-solve: 0.000s

=== True-DRO Benders iter 10 ===
  OMP: t₀=12.494595, UB=18.270943, gap=3.16e-01, x=[0, 0, 0, 0, 0, 0, 0, 0, 0, 0, 0, 0, 0, 0, 0, 0, 0, 0, 0, 0, 0, 0, 0, 0, 0, 0, 0, 1, 0, 0, 0, 0, 1, 0, 0, 0] (0.000s)
  Sub: Z₀=17.946802 (0.1s), α=[0.000,0.000,2.181,0.000,0.000,0.000,0.000,0.000,0.000,0.000,0.000,0.000,0.000,0.000,0.000,0.000,0.000,0.000,0.000,0.000,0.000,0.000,0.000,0.000,0.000,0.000,0.000,0.000,0.000,0.000,0.000,0.000,5.355,2.408,0.000,0.000]
  Iter 10: LB=12.494595  UB=17.946802  gap=3.04e-01
  Cut: intercept=-48.562609, π_x_range=[-264.0000, 43.1665]
  Sherali-Cut: intercept=-27.908372, π_x_range=[-78.9895, 42.1143]
  Mini-Benders[1] (mw): LB=12.533151, Z₀(α*)=17.468239, intercept=-60.295303 (0.120s) [OMP=0.101 ISP-L=0.003 ISP-F=0.009 MW-L=0.005 MW-F=0.005]
  Mini-Benders[2] (mw): LB=12.533151, Z₀(α*)=-6.936531, intercept=-80.391767 (0.119s) [OMP=0.098 ISP-L=0.002 ISP-F=0.009 MW-L=0.007 MW-F=0.006]
  Mini-Benders[3] (mw): LB=12.533151, Z₀(α*)=-6.936531, intercept=-80.391767 (0.120s) [OMP=0.096 ISP-L=0.002 ISP-F=0.008 MW-L=0.007 MW-F=0.006]
  Mini-Benders[4]: LB stagnated, break
  α-step: Z₀=13.592117, α=[0.000,0.000,5.305,0.000,0.000,0.000,0.000,0.000,0.000,0.000,0.000,0.000,0.000,0.000,0.000,0.000,0.000,0.000,0.000,0.000,0.000,0.000,0.000,0.000,0.000,0.000,0.000,0.000,0.000,0.000,0.000,0.000,4.640,0.000,0.000,0.000]
  Alt-Benders[1] (mw): LB=12.533151, Z₀(α*)=-1.367860, intercept=-49.691172 (0.122s) [OMP=0.098 ISP-L=0.003 ISP-F=0.009 MW-L=0.005 MW-F=0.008]
  Alt-Benders[2] (mw): LB=12.533151, Z₀(α*)=-1.367860, intercept=-49.691172 (0.120s) [OMP=0.102 ISP-L=0.001 ISP-F=0.009 MW-L=0.003 MW-F=0.008]
  Alt-Benders[3] (mw): LB=12.533151, Z₀(α*)=-1.367860, intercept=-49.691172 (0.119s) [OMP=0.101 ISP-L=0.001 ISP-F=0.009 MW-L=0.003 MW-F=0.006]
  Alt-Benders[4]: LB stagnated, break
  OMP re-solve: 0.000s

=== True-DRO Benders iter 11 ===
  OMP: t₀=12.533151, UB=17.946802, gap=3.02e-01, x=[0, 0, 0, 0, 0, 0, 0, 0, 0, 0, 0, 0, 0, 0, 0, 0, 0, 0, 0, 0, 0, 0, 0, 0, 0, 0, 0, 0, 1, 0, 0, 0, 1, 0, 0, 0] (0.000s)
  Sub: Z₀=17.599385 [LOCAL] (0.1s), α=[0.000,0.000,2.124,0.000,0.000,0.000,0.000,0.000,0.000,0.000,0.000,0.000,0.000,0.000,0.000,0.000,0.000,0.000,0.000,0.000,0.000,0.000,0.000,0.000,0.000,0.000,0.000,0.000,0.000,0.000,0.000,0.000,5.053,2.768,0.000,0.000]
  Iter 11: LB=12.533151  UB=17.946802  gap=3.02e-01
  Cut: intercept=-1133.745374, π_x_range=[-821.9962, 584.4982]
  Mini-Benders[1] (mw): LB=12.533151, Z₀(α*)=18.192684, intercept=-33.032257 (0.122s) [OMP=0.107 ISP-L=0.001 ISP-F=0.010 MW-L=0.006 MW-F=0.006]
  Mini-Benders[2] (mw): LB=12.533151, Z₀(α*)=17.629516, intercept=-47.809890 (0.135s) [OMP=0.106 ISP-L=0.003 ISP-F=0.009 MW-L=0.007 MW-F=0.006]
  Mini-Benders[3]: LB stagnated, break
  α-step: Z₀=14.409436, α=[0.000,0.000,0.323,0.000,0.000,0.000,0.000,0.000,0.000,0.000,0.000,0.000,0.000,0.000,0.000,0.000,0.000,5.163,0.000,0.000,0.000,0.000,0.000,0.000,0.000,0.000,0.000,0.000,0.000,0.000,0.000,0.000,1.670,2.787,0.000,0.000]
  Alt-Benders[1] (mw): LB=12.533151, Z₀(α*)=5.256100, intercept=-84.977845 (0.125s) [OMP=0.099 ISP-L=0.003 ISP-F=0.011 MW-L=0.005 MW-F=0.008]
  Alt-Benders[2] (mw): LB=12.533151, Z₀(α*)=5.256100, intercept=-84.977845 (0.135s) [OMP=0.113 ISP-L=0.002 ISP-F=0.010 MW-L=0.005 MW-F=0.008]
  Alt-Benders[3]: LB stagnated, break
  OMP re-solve: 0.000s

=== True-DRO Benders iter 12 ===
  OMP: t₀=12.533151, UB=17.946802, gap=3.02e-01, x=[0, 0, 0, 0, 0, 0, 0, 0, 0, 0, 0, 0, 0, 0, 0, 0, 0, 0, 0, 0, 0, 0, 0, 0, 1, 0, 0, 0, 0, 0, 0, 0, 1, 0, 0, 0] (0.000s)
  Sub: Z₀=15.746632 [LOCAL] (0.1s), α=[0.000,0.000,0.000,0.000,0.000,0.000,0.030,0.000,0.000,0.000,0.000,0.000,0.000,0.000,0.000,0.000,0.000,1.438,0.000,0.000,0.000,0.000,0.000,0.000,1.287,0.000,0.000,0.000,0.000,0.000,0.000,0.000,5.981,1.209,0.000,0.000]
  Iter 12: LB=12.533151  UB=17.946802  gap=3.02e-01
  Cut: intercept=-1105.208241, π_x_range=[-820.6341, 573.9448]
  Mini-Benders[1] (mw): LB=12.533151, Z₀(α*)=-6.883755, intercept=-71.784560 (0.135s) [OMP=0.104 ISP-L=0.003 ISP-F=0.011 MW-L=0.007 MW-F=0.006]
  Mini-Benders[2] (mw): LB=12.533151, Z₀(α*)=-6.883755, intercept=-71.784560 (0.118s) [OMP=0.099 ISP-L=0.003 ISP-F=0.011 MW-L=0.007 MW-F=0.006]
  Mini-Benders[3]: LB stagnated, break
  α-step: Z₀=15.160849, α=[0.000,0.000,4.016,0.000,0.000,0.000,0.000,0.000,0.000,0.000,0.000,0.000,0.000,0.000,0.000,0.000,0.000,0.000,0.000,0.000,0.000,0.000,0.000,0.000,0.000,0.000,0.000,0.000,0.000,0.000,0.000,0.000,4.024,1.904,0.000,0.000]
  Alt-Benders[1] (mw): LB=12.533151, Z₀(α*)=0.319885, intercept=-60.320357 (0.134s) [OMP=0.108 ISP-L=0.003 ISP-F=0.010 MW-L=0.005 MW-F=0.008]
  Alt-Benders[2] (mw): LB=12.533151, Z₀(α*)=0.319885, intercept=-60.320357 (0.119s) [OMP=0.106 ISP-L=0.003 ISP-F=0.010 MW-L=0.005 MW-F=0.008]
  Alt-Benders[3]: LB stagnated, break
  OMP re-solve: 0.000s

=== True-DRO Benders iter 13 ===
  OMP: t₀=12.533151, UB=17.946802, gap=3.02e-01, x=[0, 0, 0, 0, 0, 0, 0, 0, 0, 0, 0, 0, 0, 0, 0, 0, 0, 0, 0, 0, 0, 1, 0, 0, 0, 0, 0, 0, 0, 0, 0, 0, 1, 0, 0, 0] (0.000s)
  Sub: Z₀=17.583523 [LOCAL] (0.1s), α=[0.000,0.000,1.455,0.000,0.000,0.000,0.000,0.000,0.000,0.000,0.000,0.000,0.000,0.000,0.000,0.000,0.000,0.000,0.000,0.000,0.000,0.000,0.000,0.000,0.000,0.000,0.000,0.000,0.000,0.000,0.000,0.000,8.490,0.000,0.000,0.000]
  Iter 13: LB=12.533151  UB=17.946802  gap=3.02e-01
  Cut: intercept=-1140.874069, π_x_range=[-821.2360, 584.4997]
  Mini-Benders[1] (mw): LB=12.818406, Z₀(α*)=-6.838002, intercept=-61.411464 (0.138s) [OMP=0.102 ISP-L=0.003 ISP-F=0.008 MW-L=0.007 MW-F=0.006]
  Mini-Benders[2] (mw): LB=12.818406, Z₀(α*)=-6.838002, intercept=-61.411464 (0.121s) [OMP=0.108 ISP-L=0.002 ISP-F=0.009 MW-L=0.007 MW-F=0.006]
  Mini-Benders[3] (mw): LB=12.818406, Z₀(α*)=-6.838002, intercept=-61.411464 (0.122s) [OMP=0.108 ISP-L=0.003 ISP-F=0.008 MW-L=0.006 MW-F=0.008]
  Mini-Benders[4]: LB stagnated, break
  α-step: Z₀=17.394189, α=[0.000,0.000,2.562,0.000,0.000,0.000,0.000,0.000,0.000,0.000,0.000,0.000,0.000,0.000,0.000,0.000,0.000,0.000,0.000,0.000,0.000,0.000,0.000,0.000,0.000,0.000,0.000,0.000,0.000,0.000,0.000,0.000,0.000,7.383,0.000,0.000]
  Alt-Benders[1] (mw): LB=12.965403, Z₀(α*)=17.897911, intercept=-59.122417 (0.127s) [OMP=0.106 ISP-L=0.003 ISP-F=0.009 MW-L=0.005 MW-F=0.007]
  Alt-Benders[2] (mw): LB=13.096807, Z₀(α*)=-17.464983, intercept=-71.908567 (0.151s) [OMP=0.129 ISP-L=0.003 ISP-F=0.010 MW-L=0.005 MW-F=0.006]
  Alt-Benders[3] (mw): LB=13.096807, Z₀(α*)=-17.464983, intercept=-71.908567 (0.119s) [OMP=0.094 ISP-L=0.002 ISP-F=0.010 MW-L=0.007 MW-F=0.006]
  Alt-Benders[4] (mw): LB=13.096807, Z₀(α*)=-17.464983, intercept=-71.908567 (0.122s) [OMP=0.096 ISP-L=0.003 ISP-F=0.010 MW-L=0.007 MW-F=0.006]
  Alt-Benders[5]: LB stagnated, break
  OMP re-solve: 0.000s

=== True-DRO Benders iter 14 ===
  OMP: t₀=13.096807, UB=17.946802, gap=2.70e-01, x=[0, 0, 0, 0, 0, 1, 0, 0, 0, 0, 0, 0, 1, 0, 0, 0, 0, 0, 0, 0, 0, 0, 0, 0, 0, 0, 0, 0, 0, 0, 0, 0, 0, 0, 0, 0] (0.000s)
  Sub: Z₀=16.244275 [LOCAL] (0.1s), α=[0.000,0.000,1.510,0.000,0.000,1.967,0.000,0.000,0.000,0.000,0.000,0.000,0.000,4.118,0.000,0.000,0.000,0.252,0.000,0.000,0.000,0.000,0.000,0.000,0.000,0.000,0.000,0.000,0.000,0.093,0.424,0.000,0.000,1.580,0.000,0.000]
  Iter 14: LB=13.096807  UB=17.946802  gap=2.70e-01
  Cut: intercept=-1099.753664, π_x_range=[-818.7393, 561.4623]
  Mini-Benders[1] (mw): LB=13.096807, Z₀(α*)=-6.478868, intercept=-103.953272 (0.138s) [OMP=0.115 ISP-L=0.003 ISP-F=0.010 MW-L=0.005 MW-F=0.009]
  Mini-Benders[2] (mw): LB=13.096807, Z₀(α*)=-6.478868, intercept=-103.953272 (0.170s) [OMP=0.144 ISP-L=0.003 ISP-F=0.010 MW-L=0.005 MW-F=0.010]
  Mini-Benders[3]: LB stagnated, break
  α-step: Z₀=17.186680, α=[0.000,0.000,0.000,0.000,0.000,0.000,1.197,0.000,0.000,0.000,0.000,0.000,0.000,2.826,0.000,0.000,0.000,3.052,0.000,0.000,0.000,0.000,0.000,0.000,0.000,0.000,0.000,0.000,0.000,0.000,0.000,0.000,0.000,2.870,0.000,0.000]
  Alt-Benders[1] (mw): LB=13.096807, Z₀(α*)=-14.974255, intercept=-93.047605 (0.156s) [OMP=0.125 ISP-L=0.003 ISP-F=0.009 MW-L=0.008 MW-F=0.007]
  Alt-Benders[2] (mw): LB=13.096807, Z₀(α*)=-14.974255, intercept=-93.047605 (0.167s) [OMP=0.130 ISP-L=0.003 ISP-F=0.009 MW-L=0.009 MW-F=0.007]
  Alt-Benders[3]: LB stagnated, break
  OMP re-solve: 0.001s

=== True-DRO Benders iter 15 ===
  OMP: t₀=13.096807, UB=17.946802, gap=2.70e-01, x=[0, 0, 0, 0, 0, 0, 0, 0, 0, 1, 0, 0, 1, 0, 0, 0, 0, 0, 0, 0, 0, 0, 0, 0, 0, 0, 0, 0, 0, 0, 0, 0, 0, 0, 0, 0] (0.000s)
  Sub: Z₀=15.690749 (0.1s), α=[0.000,0.000,4.564,0.000,0.000,0.000,0.000,0.000,0.000,1.796,0.000,0.000,0.000,0.000,0.000,0.000,0.000,0.000,0.000,0.000,0.000,0.000,0.000,0.000,0.000,0.000,0.000,0.009,0.000,0.000,0.000,0.000,0.000,3.575,0.000,0.000]
  Iter 15: LB=13.096807  UB=15.690749  gap=1.65e-01
  Cut: intercept=-118.455849, π_x_range=[-264.0000, 77.1597]
  Sherali-Cut: intercept=-92.963347, π_x_range=[-77.9905, 55.9619]
  Mini-Benders[1] (mw): LB=13.096807, Z₀(α*)=-3.285042, intercept=-61.737221 (0.172s) [OMP=0.130 ISP-L=0.005 ISP-F=0.015 MW-L=0.009 MW-F=0.012]
  Mini-Benders[2] (mw): LB=13.096807, Z₀(α*)=-3.285042, intercept=-61.737221 (0.141s) [OMP=0.116 ISP-L=0.003 ISP-F=0.016 MW-L=0.007 MW-F=0.007]
  Mini-Benders[3]: LB stagnated, break
  α-step: Z₀=18.459329, α=[0.000,0.000,2.990,0.000,0.000,0.000,0.000,0.000,0.000,0.000,0.000,0.000,1.943,2.202,0.000,0.000,0.000,0.000,0.000,0.000,0.000,0.000,0.000,0.000,0.000,0.000,0.000,0.000,0.000,0.000,0.000,0.000,0.000,2.809,0.000,0.000]
  Alt-Benders[1] (mw): LB=13.096807, Z₀(α*)=13.038699, intercept=-93.110210 (0.167s) [OMP=0.137 ISP-L=0.003 ISP-F=0.009 MW-L=0.007 MW-F=0.005]
  Alt-Benders[2] (mw): LB=13.096807, Z₀(α*)=13.038699, intercept=-93.110210 (0.134s) [OMP=0.109 ISP-L=0.003 ISP-F=0.009 MW-L=0.005 MW-F=0.007]
  Alt-Benders[3]: LB stagnated, break
  OMP re-solve: 0.000s

=== True-DRO Benders iter 16 ===
  OMP: t₀=13.096807, UB=15.690749, gap=1.65e-01, x=[0, 0, 0, 0, 0, 0, 0, 0, 0, 0, 0, 0, 1, 0, 0, 0, 0, 0, 1, 0, 0, 0, 0, 0, 0, 0, 0, 0, 0, 0, 0, 0, 0, 0, 0, 0] (0.000s)
  Sub: Z₀=18.082597 [LOCAL] (0.1s), α=[0.000,0.000,4.290,0.000,0.000,0.000,0.000,0.000,0.000,0.000,0.000,0.000,0.929,0.095,0.000,0.000,0.000,0.000,0.000,0.000,0.000,0.000,0.000,0.000,0.000,0.000,0.000,0.000,0.000,0.000,0.000,0.000,0.000,4.631,0.000,0.000]
  Iter 16: LB=13.096807  UB=15.690749  gap=1.65e-01
  Cut: intercept=-1128.394875, π_x_range=[-822.1171, 574.2718]
  Mini-Benders[1] (mw): LB=13.096807, Z₀(α*)=5.216496, intercept=-75.080386 (0.126s) [OMP=0.106 ISP-L=0.003 ISP-F=0.009 MW-L=0.005 MW-F=0.009]
  Mini-Benders[2] (mw): LB=13.096807, Z₀(α*)=5.216496, intercept=-75.080386 (0.141s) [OMP=0.115 ISP-L=0.003 ISP-F=0.009 MW-L=0.006 MW-F=0.006]
  Mini-Benders[3]: LB stagnated, break
  α-step: Z₀=14.762682, α=[0.000,0.000,5.690,0.000,0.000,0.000,0.000,0.000,0.000,0.000,0.000,0.000,0.000,0.000,0.000,0.000,0.000,1.348,0.000,0.000,0.000,0.000,0.000,0.000,0.000,0.000,0.000,0.000,0.000,0.000,0.000,0.000,0.000,2.906,0.000,0.000]
  Alt-Benders[1] (mw): LB=13.096807, Z₀(α*)=-10.426808, intercept=-82.744850 (0.143s) [OMP=0.108 ISP-L=0.003 ISP-F=0.009 MW-L=0.008 MW-F=0.007]
  Alt-Benders[2] (mw): LB=13.096807, Z₀(α*)=-10.426808, intercept=-82.744850 (0.138s) [OMP=0.116 ISP-L=0.003 ISP-F=0.009 MW-L=0.005 MW-F=0.009]
  Alt-Benders[3]: LB stagnated, break
  OMP re-solve: 0.000s

=== True-DRO Benders iter 17 ===
  OMP: t₀=13.096807, UB=15.690749, gap=1.65e-01, x=[0, 0, 0, 0, 0, 0, 0, 0, 0, 0, 0, 0, 1, 0, 0, 0, 0, 0, 0, 0, 0, 0, 1, 0, 0, 0, 0, 0, 0, 0, 0, 0, 0, 0, 0, 0] (0.000s)
  Sub: Z₀=18.097631 [LOCAL] (0.1s), α=[0.000,0.000,2.400,0.000,0.000,0.000,0.000,0.000,0.000,0.000,0.000,0.000,1.813,3.301,0.000,0.000,0.000,0.000,0.000,0.000,0.000,0.000,0.000,0.000,0.000,0.000,0.000,0.000,0.000,0.000,0.000,0.000,0.000,2.431,0.000,0.000]
  Iter 17: LB=13.096807  UB=15.690749  gap=1.65e-01
  Cut: intercept=-1098.017532, π_x_range=[-820.2500, 562.5871]
  Mini-Benders[1] (mw): LB=13.096807, Z₀(α*)=11.528368, intercept=-89.389826 (0.141s) [OMP=0.129 ISP-L=0.003 ISP-F=0.010 MW-L=0.005 MW-F=0.008]
  Mini-Benders[2] (mw): LB=13.096807, Z₀(α*)=11.528368, intercept=-89.389826 (0.142s) [OMP=0.107 ISP-L=0.003 ISP-F=0.010 MW-L=0.005 MW-F=0.006]
  Mini-Benders[3]: LB stagnated, break
  α-step: Z₀=18.238868, α=[0.000,0.000,3.376,0.000,0.000,0.000,0.000,0.000,0.000,0.000,0.000,0.000,1.534,1.365,0.000,0.000,0.000,0.000,0.000,0.000,0.000,0.000,0.000,0.000,0.000,0.000,0.000,0.000,0.000,0.000,0.000,0.000,0.000,3.669,0.000,0.000]
  Alt-Benders[1] (mw): LB=13.096807, Z₀(α*)=11.037630, intercept=-64.873386 (0.139s) [OMP=0.109 ISP-L=0.003 ISP-F=0.010 MW-L=0.007 MW-F=0.006]
  Alt-Benders[2] (mw): LB=13.096807, Z₀(α*)=11.037630, intercept=-64.873386 (0.142s) [OMP=0.127 ISP-L=0.003 ISP-F=0.011 MW-L=0.005 MW-F=0.008]
  Alt-Benders[3]: LB stagnated, break
  OMP re-solve: 0.000s

=== True-DRO Benders iter 18 ===
  OMP: t₀=13.096807, UB=15.690749, gap=1.65e-01, x=[0, 0, 0, 0, 0, 0, 0, 0, 0, 0, 0, 0, 1, 0, 0, 0, 0, 0, 0, 0, 0, 1, 0, 0, 0, 0, 0, 0, 0, 0, 0, 0, 0, 0, 0, 0] (0.000s)
  Sub: Z₀=17.287227 [LOCAL] (0.1s), α=[0.000,0.000,1.701,0.000,0.000,0.000,0.000,0.000,0.000,0.000,0.000,0.000,3.850,0.937,0.000,0.000,0.000,0.578,0.000,0.000,0.000,0.781,0.000,0.000,0.000,0.000,0.000,0.000,0.000,0.000,0.000,0.000,0.039,2.058,0.000,0.000]
  Iter 18: LB=13.096807  UB=15.690749  gap=1.65e-01
  Cut: intercept=-1109.329511, π_x_range=[-819.9262, 570.7397]
  Mini-Benders[1] (mw): LB=13.096807, Z₀(α*)=10.171850, intercept=-55.488675 (0.129s) [OMP=0.104 ISP-L=0.003 ISP-F=0.009 MW-L=0.005 MW-F=0.006]
  Mini-Benders[2] (mw): LB=13.096807, Z₀(α*)=10.171850, intercept=-55.488675 (0.132s) [OMP=0.106 ISP-L=0.003 ISP-F=0.009 MW-L=0.007 MW-F=0.005]
  Mini-Benders[3]: LB stagnated, break
  α-step: Z₀=18.764218, α=[0.000,0.000,2.400,0.000,0.000,0.000,0.000,0.000,0.000,0.000,0.000,0.000,1.534,1.365,0.000,0.000,0.000,0.000,0.000,0.000,0.000,0.000,0.000,0.000,0.000,0.000,0.000,0.000,0.000,0.000,0.000,0.000,0.000,4.645,0.000,0.000]
  Alt-Benders[1] (mw): LB=13.096807, Z₀(α*)=2.205125, intercept=-95.148809 (0.167s) [OMP=0.154 ISP-L=0.003 ISP-F=0.008 MW-L=0.007 MW-F=0.006]
  Alt-Benders[2] (mw): LB=13.096807, Z₀(α*)=2.205125, intercept=-95.148809 (0.142s) [OMP=0.105 ISP-L=0.003 ISP-F=0.008 MW-L=0.005 MW-F=0.008]
  Alt-Benders[3]: LB stagnated, break
  OMP re-solve: 0.000s

=== True-DRO Benders iter 19 ===
  OMP: t₀=13.096807, UB=15.690749, gap=1.65e-01, x=[0, 0, 0, 0, 0, 0, 0, 0, 0, 0, 0, 0, 1, 0, 0, 0, 0, 1, 0, 0, 0, 0, 0, 0, 0, 0, 0, 0, 0, 0, 0, 0, 0, 0, 0, 0] (0.000s)
  Sub: Z₀=15.096957 [LOCAL] (0.1s), α=[0.000,0.000,2.808,0.000,0.000,0.000,0.000,0.000,0.000,0.000,0.000,0.000,0.107,0.004,0.000,0.000,0.000,2.177,0.000,0.000,0.000,0.000,0.000,0.000,0.000,0.000,0.000,0.000,0.000,0.000,0.000,0.000,0.000,4.848,0.000,0.000]
  Iter 19: LB=13.096807  UB=15.690749  gap=1.65e-01
  Cut: intercept=-1141.402914, π_x_range=[-821.5031, 587.1671]
  Mini-Benders[1] (mw): LB=13.096807, Z₀(α*)=12.390498, intercept=-63.858996 (0.134s) [OMP=0.110 ISP-L=0.003 ISP-F=0.009 MW-L=0.005 MW-F=0.006]
  Mini-Benders[2] (mw): LB=13.096807, Z₀(α*)=12.390498, intercept=-63.858996 (0.138s) [OMP=0.112 ISP-L=0.003 ISP-F=0.009 MW-L=0.008 MW-F=0.006]
  Mini-Benders[3]: LB stagnated, break
  α-step: Z₀=18.174813, α=[0.000,0.000,3.613,0.000,0.000,0.000,0.000,0.000,0.000,0.000,0.000,0.000,1.534,1.365,0.000,0.000,0.000,0.000,0.000,0.000,0.000,0.000,0.000,0.000,0.000,0.000,0.000,0.000,0.000,0.000,0.000,0.000,0.000,3.432,0.000,0.000]
  Alt-Benders[1] (mw): LB=13.096807, Z₀(α*)=16.871461, intercept=-54.039045 (0.167s) [OMP=0.144 ISP-L=0.003 ISP-F=0.010 MW-L=0.007 MW-F=0.005]
  Alt-Benders[2] (mw): LB=13.096807, Z₀(α*)=17.420529, intercept=-51.109909 (0.164s) [OMP=0.127 ISP-L=0.003 ISP-F=0.009 MW-L=0.005 MW-F=0.007]
  Alt-Benders[3] (mw): LB=13.421805, Z₀(α*)=-11.874289, intercept=-34.006753 (0.134s) [OMP=0.111 ISP-L=0.002 ISP-F=0.009 MW-L=0.005 MW-F=0.008]
  Alt-Benders[4] (mw): LB=13.421805, Z₀(α*)=-11.874289, intercept=-34.006753 (0.156s) [OMP=0.129 ISP-L=0.003 ISP-F=0.010 MW-L=0.005 MW-F=0.007]
  Alt-Benders[5] (mw): LB=13.421805, Z₀(α*)=-11.874289, intercept=-34.006753 (0.131s) [OMP=0.118 ISP-L=0.002 ISP-F=0.009 MW-L=0.008 MW-F=0.006]
  OMP re-solve: 0.119s

=== True-DRO Benders iter 20 ===
  OMP: t₀=13.421805, UB=15.690749, gap=1.45e-01, x=[0, 0, 0, 0, 0, 0, 0, 0, 0, 0, 0, 0, 0, 0, 0, 0, 0, 0, 0, 0, 0, 0, 0, 0, 0, 0, 0, 0, 0, 0, 1, 0, 1, 0, 0, 0] (0.000s)
  Sub: Z₀=18.167471 (0.1s), α=[0.000,0.000,2.038,0.000,0.000,0.000,0.000,0.000,0.000,0.000,0.000,0.000,0.000,0.000,0.000,0.000,0.000,0.000,0.000,0.000,0.000,0.000,0.000,0.000,0.000,0.000,0.000,0.000,0.000,0.000,0.000,0.000,6.192,1.715,0.000,0.000]
  Iter 20: LB=13.421805  UB=15.690749  gap=1.45e-01
  Cut: intercept=-49.315047, π_x_range=[-264.0000, 51.0995]
  Sherali-Cut: intercept=-34.733579, π_x_range=[-88.5507, 49.8114]
  Mini-Benders[1] (mw): LB=13.510969, Z₀(α*)=-4.387040, intercept=-107.096944 (0.187s) [OMP=0.150 ISP-L=0.003 ISP-F=0.009 MW-L=0.005 MW-F=0.009]
  Mini-Benders[2] (mw): LB=13.510969, Z₀(α*)=-4.387040, intercept=-107.096944 (0.141s) [OMP=0.110 ISP-L=0.002 ISP-F=0.010 MW-L=0.005 MW-F=0.008]
  Mini-Benders[3] (mw): LB=13.510969, Z₀(α*)=-4.387040, intercept=-107.096944 (0.125s) [OMP=0.112 ISP-L=0.002 ISP-F=0.009 MW-L=0.005 MW-F=0.006]
  Mini-Benders[4]: LB stagnated, break
  α-step: Z₀=18.081333, α=[0.000,0.000,2.113,0.000,0.000,0.000,0.000,0.000,0.000,0.000,0.000,0.000,0.000,0.000,0.000,0.000,0.000,0.000,0.000,0.000,0.000,1.775,4.828,0.000,0.000,0.000,0.000,0.000,0.000,0.000,0.000,0.000,1.229,0.000,0.000,0.000]
  Alt-Benders[1] (mw): LB=13.592117, Z₀(α*)=-22.724279, intercept=-83.864992 (0.171s) [OMP=0.146 ISP-L=0.003 ISP-F=0.009 MW-L=0.007 MW-F=0.007]
  Alt-Benders[2] (mw): LB=13.592117, Z₀(α*)=-22.724279, intercept=-83.864992 (0.125s) [OMP=0.110 ISP-L=0.003 ISP-F=0.009 MW-L=0.005 MW-F=0.008]
  Alt-Benders[3] (mw): LB=13.592117, Z₀(α*)=-22.724279, intercept=-83.864992 (0.141s) [OMP=0.110 ISP-L=0.002 ISP-F=0.008 MW-L=0.005 MW-F=0.008]
  Alt-Benders[4]: LB stagnated, break
  OMP re-solve: 0.000s

=== True-DRO Benders iter 21 ===
  OMP: t₀=13.592117, UB=15.690749, gap=1.34e-01, x=[0, 0, 1, 0, 0, 0, 0, 0, 0, 0, 0, 0, 0, 0, 0, 0, 0, 0, 0, 0, 0, 0, 0, 0, 0, 0, 0, 0, 0, 0, 0, 0, 1, 0, 0, 0] (0.000s)
  Sub: Z₀=13.592115 [LOCAL] (0.1s), α=[0.000,0.000,5.908,0.000,0.000,0.000,0.000,0.000,0.000,0.000,0.000,0.000,0.000,0.000,0.000,0.000,0.000,0.000,0.000,0.000,0.000,0.000,0.000,0.000,0.000,0.000,0.000,0.000,0.000,0.000,0.000,0.000,3.663,0.374,0.000,0.000]
  Iter 21: LB=13.592117  UB=15.690749  gap=1.34e-01
  Cut: intercept=-1148.255448, π_x_range=[-820.6259, 584.4685]
  Mini-Benders[1] (mw): LB=13.592117, Z₀(α*)=13.592117, intercept=-81.047579 (0.146s) [OMP=0.117 ISP-L=0.003 ISP-F=0.008 MW-L=0.005 MW-F=0.006]
  Mini-Benders[2] (mw): LB=13.592117, Z₀(α*)=13.592117, intercept=-81.047579 (0.139s) [OMP=0.114 ISP-L=0.002 ISP-F=0.008 MW-L=0.007 MW-F=0.006]
  Mini-Benders[3]: LB stagnated, break
  α-step: Z₀=13.592117, α=[0.000,0.000,5.305,0.000,0.000,0.000,0.000,0.000,0.000,0.000,0.000,0.000,0.000,0.000,0.000,0.000,0.000,0.000,0.000,0.000,0.000,0.000,0.000,0.000,0.000,0.000,0.000,0.000,0.000,0.000,0.000,0.000,4.640,0.000,0.000,0.000]
  Alt-Benders[1] (mw): LB=13.592117, Z₀(α*)=13.592117, intercept=-81.085012 (0.139s) [OMP=0.115 ISP-L=0.003 ISP-F=0.008 MW-L=0.005 MW-F=0.008]
  Alt-Benders[2] (mw): LB=13.592117, Z₀(α*)=13.592117, intercept=-81.085012 (0.125s) [OMP=0.110 ISP-L=0.003 ISP-F=0.009 MW-L=0.005 MW-F=0.007]
  Alt-Benders[3]: LB stagnated, break
  OMP re-solve: 0.000s

=== True-DRO Benders iter 22 ===
  OMP: t₀=13.592117, UB=15.690749, gap=1.34e-01, x=[0, 0, 1, 0, 0, 0, 0, 0, 0, 0, 0, 0, 0, 0, 0, 0, 0, 0, 0, 0, 0, 0, 0, 0, 0, 0, 0, 0, 0, 0, 0, 0, 1, 0, 0, 0] (0.000s)
  Sub: Z₀=13.592115 [LOCAL] (0.1s), α=[0.000,0.000,5.908,0.000,0.000,0.000,0.000,0.000,0.000,0.000,0.000,0.000,0.000,0.000,0.000,0.000,0.000,0.000,0.000,0.000,0.000,0.000,0.000,0.000,0.000,0.000,0.000,0.000,0.000,0.000,0.000,0.000,3.663,0.374,0.000,0.000]
  Iter 22: LB=13.592117  UB=15.690749  gap=1.34e-01
  Cut: intercept=-1148.255448, π_x_range=[-820.6259, 584.4685]
  Mini-Benders[1] (mw): LB=13.592117, Z₀(α*)=13.592117, intercept=-81.047579 (0.135s) [OMP=0.111 ISP-L=0.003 ISP-F=0.008 MW-L=0.007 MW-F=0.006]
  Mini-Benders[2] (mw): LB=13.592117, Z₀(α*)=13.592117, intercept=-81.047579 (0.125s) [OMP=0.108 ISP-L=0.003 ISP-F=0.008 MW-L=0.007 MW-F=0.006]
  Mini-Benders[3]: LB stagnated, break
  α-step: Z₀=13.592117, α=[0.000,0.000,5.305,0.000,0.000,0.000,0.000,0.000,0.000,0.000,0.000,0.000,0.000,0.000,0.000,0.000,0.000,0.000,0.000,0.000,0.000,0.000,0.000,0.000,0.000,0.000,0.000,0.000,0.000,0.000,0.000,0.000,4.640,0.000,0.000,0.000]
  Alt-Benders[1] (mw): LB=13.592117, Z₀(α*)=13.592117, intercept=-81.085012 (0.135s) [OMP=0.110 ISP-L=0.003 ISP-F=0.008 MW-L=0.005 MW-F=0.008]
  Alt-Benders[2] (mw): LB=13.592117, Z₀(α*)=13.592117, intercept=-81.085012 (0.133s) [OMP=0.108 ISP-L=0.002 ISP-F=0.008 MW-L=0.005 MW-F=0.007]
  Alt-Benders[3]: LB stagnated, break
  OMP re-solve: 0.000s

=== True-DRO Benders iter 23 ===
  OMP: t₀=13.592117, UB=15.690749, gap=1.34e-01, x=[0, 0, 1, 0, 0, 0, 0, 0, 0, 0, 0, 0, 0, 0, 0, 0, 0, 0, 0, 0, 0, 0, 0, 0, 0, 0, 0, 0, 0, 0, 0, 0, 1, 0, 0, 0] (0.000s)
  Sub: Z₀=13.592115 [LOCAL] (0.1s), α=[0.000,0.000,5.908,0.000,0.000,0.000,0.000,0.000,0.000,0.000,0.000,0.000,0.000,0.000,0.000,0.000,0.000,0.000,0.000,0.000,0.000,0.000,0.000,0.000,0.000,0.000,0.000,0.000,0.000,0.000,0.000,0.000,3.663,0.374,0.000,0.000]
  Iter 23: LB=13.592117  UB=15.690749  gap=1.34e-01
  Cut: intercept=-1148.255448, π_x_range=[-820.6259, 584.4685]
  Mini-Benders[1] (mw): LB=13.592117, Z₀(α*)=13.592117, intercept=-81.047579 (0.131s) [OMP=0.110 ISP-L=0.003 ISP-F=0.009 MW-L=0.007 MW-F=0.006]
  Mini-Benders[2] (mw): LB=13.592117, Z₀(α*)=13.592117, intercept=-81.047579 (0.141s) [OMP=0.112 ISP-L=0.003 ISP-F=0.008 MW-L=0.007 MW-F=0.006]
  Mini-Benders[3]: LB stagnated, break
  α-step: Z₀=13.592117, α=[0.000,0.000,5.305,0.000,0.000,0.000,0.000,0.000,0.000,0.000,0.000,0.000,0.000,0.000,0.000,0.000,0.000,0.000,0.000,0.000,0.000,0.000,0.000,0.000,0.000,0.000,0.000,0.000,0.000,0.000,0.000,0.000,4.640,0.000,0.000,0.000]
  Alt-Benders[1] (mw): LB=13.592117, Z₀(α*)=13.592117, intercept=-81.085012 (0.145s) [OMP=0.110 ISP-L=0.003 ISP-F=0.009 MW-L=0.005 MW-F=0.008]
  Alt-Benders[2] (mw): LB=13.592117, Z₀(α*)=13.592117, intercept=-81.085012 (0.133s) [OMP=0.108 ISP-L=0.003 ISP-F=0.008 MW-L=0.005 MW-F=0.007]
  Alt-Benders[3]: LB stagnated, break
  OMP re-solve: 0.000s

=== True-DRO Benders iter 24 ===
  OMP: t₀=13.592117, UB=15.690749, gap=1.34e-01, x=[0, 0, 1, 0, 0, 0, 0, 0, 0, 0, 0, 0, 0, 0, 0, 0, 0, 0, 0, 0, 0, 0, 0, 0, 0, 0, 0, 0, 0, 0, 0, 0, 1, 0, 0, 0] (0.000s)
  Sub: Z₀=13.592115 [LOCAL] (0.1s), α=[0.000,0.000,5.908,0.000,0.000,0.000,0.000,0.000,0.000,0.000,0.000,0.000,0.000,0.000,0.000,0.000,0.000,0.000,0.000,0.000,0.000,0.000,0.000,0.000,0.000,0.000,0.000,0.000,0.000,0.000,0.000,0.000,3.663,0.374,0.000,0.000]
  Iter 24: LB=13.592117  UB=15.690749  gap=1.34e-01
  Cut: intercept=-1148.255448, π_x_range=[-820.6259, 584.4685]
  Mini-Benders[1] (mw): LB=13.592117, Z₀(α*)=13.592117, intercept=-81.047579 (0.135s) [OMP=0.111 ISP-L=0.003 ISP-F=0.009 MW-L=0.007 MW-F=0.006]
  Mini-Benders[2] (mw): LB=13.592117, Z₀(α*)=13.592117, intercept=-81.047579 (0.125s) [OMP=0.112 ISP-L=0.003 ISP-F=0.008 MW-L=0.007 MW-F=0.006]
  Mini-Benders[3]: LB stagnated, break
  α-step: Z₀=13.592117, α=[0.000,0.000,5.305,0.000,0.000,0.000,0.000,0.000,0.000,0.000,0.000,0.000,0.000,0.000,0.000,0.000,0.000,0.000,0.000,0.000,0.000,0.000,0.000,0.000,0.000,0.000,0.000,0.000,0.000,0.000,0.000,0.000,4.640,0.000,0.000,0.000]
  Alt-Benders[1] (mw): LB=13.592117, Z₀(α*)=13.592117, intercept=-81.085012 (0.141s) [OMP=0.111 ISP-L=0.003 ISP-F=0.009 MW-L=0.005 MW-F=0.008]
  Alt-Benders[2] (mw): LB=13.592117, Z₀(α*)=13.592117, intercept=-81.085012 (0.142s) [OMP=0.114 ISP-L=0.002 ISP-F=0.009 MW-L=0.005 MW-F=0.008]
  Alt-Benders[3]: LB stagnated, break
  OMP re-solve: 0.000s

=== True-DRO Benders iter 25 ===
  OMP: t₀=13.592117, UB=15.690749, gap=1.34e-01, x=[0, 0, 1, 0, 0, 0, 0, 0, 0, 0, 0, 0, 0, 0, 0, 0, 0, 0, 0, 0, 0, 0, 0, 0, 0, 0, 0, 0, 0, 0, 0, 0, 1, 0, 0, 0] (0.000s)
  Sub: Z₀=13.592117 (0.1s), α=[0.000,0.000,5.305,0.000,0.000,0.000,0.000,0.000,0.000,0.000,0.000,0.000,0.000,0.000,0.000,0.000,0.000,0.000,0.000,0.000,0.000,0.000,0.000,0.000,0.000,0.000,0.000,0.000,0.000,0.000,0.000,0.000,4.640,0.000,0.000,0.000]
  Iter 25: LB=13.592117  UB=13.592117  gap=5.01e-09
True-DRO Benders converged at iter 25 (gap=5.01e-09)
  Wall time: 24.52 sec
  OMP  time: mean=0.071s, median=0.096s, max=0.172s
  Sub  time (exact): mean=0.088s, median=0.085s, q90=0.097s, max=0.101s (n=5/25)

Result (nominal): Z₀=13.592117, iters=25, time=24.6s
x arcs = [3, 33]
