============================================================
polska — single_l: ε̂=0.20, ε̃=0.00, β=0.00
============================================================
Set parameter Username
Set parameter LicenseID to value 2742039
Academic license - for non-commercial use only - expires 2026-11-20
Set parameter Username
Set parameter LicenseID to value 2742039
Academic license - for non-commercial use only - expires 2026-11-20
Set parameter OutputFlag to value 1
Set parameter LogFile to value "global_miqcp.log"
Set parameter Username
Set parameter LicenseID to value 2742039
Academic license - for non-commercial use only - expires 2026-11-20
Set parameter Username
Set parameter LicenseID to value 2742039
Academic license - for non-commercial use only - expires 2026-11-20
Set parameter Username
Set parameter LicenseID to value 2742039
Academic license - for non-commercial use only - expires 2026-11-20
Set parameter Username
Set parameter LicenseID to value 2742039
Academic license - for non-commercial use only - expires 2026-11-20

=== True-DRO Benders iter 1 ===
  OMP: t₀=6.268929, UB=Inf, gap=NaN, x=[0, 0, 0, 0, 0, 0, 0, 0, 0, 0, 0, 0, 1, 0, 0, 0, 0, 0, 0, 0, 0, 0, 0, 0, 0, 0, 0, 0, 0, 0, 0, 0, 0, 1, 0, 0] (0.012s)
  Sub: Z₀=15.366425 [LOCAL] (0.2s), α=[0.000,0.000,0.000,0.000,0.000,0.000,0.000,0.000,0.000,0.000,0.000,0.000,1.779,0.156,0.000,0.000,0.000,0.000,0.000,0.000,0.000,0.000,0.000,0.000,0.000,0.000,0.000,0.000,0.000,0.000,0.000,0.000,0.000,8.009,0.000,0.000]
  Iter 1: LB=6.268929  UB=Inf  gap=NaN
  Cut: intercept=-1161.919407, π_x_range=[-819.0428, 593.5388]
  Mini-Benders[1] (mw): LB=9.544851, Z₀(α*)=8.836936, intercept=-56.972366 (0.078s) [OMP=0.029 ISP-L=0.006 ISP-F=0.015 MW-L=0.007 MW-F=0.006]
  Mini-Benders[2] (mw): LB=9.544851, Z₀(α*)=8.836936, intercept=-56.972366 (0.099s) [OMP=0.036 ISP-L=0.003 ISP-F=0.011 MW-L=0.051 MW-F=0.007]
  Mini-Benders[3] (mw): LB=9.544851, Z₀(α*)=8.836936, intercept=-56.972366 (0.077s) [OMP=0.036 ISP-L=0.004 ISP-F=0.011 MW-L=0.007 MW-F=0.006]
  Mini-Benders[4]: LB stagnated, break
Set parameter NonConvex to value 2
Set parameter DualReductions to value 0
  α-step: Z₀=18.436507, α=[0.000,0.000,1.860,0.000,0.000,0.000,0.000,0.000,0.000,0.000,0.000,0.000,0.000,0.000,0.000,0.000,0.000,0.000,0.000,0.000,0.000,0.000,0.000,0.000,0.000,0.000,0.000,0.000,0.000,0.000,0.000,0.000,0.003,8.082,0.000,0.000]
  Alt-Benders[1] (mw): LB=9.735199, Z₀(α*)=-54.278930, intercept=-159.442539 (0.102s) [OMP=0.064 ISP-L=0.004 ISP-F=0.009 MW-L=0.007 MW-F=0.007]
  Alt-Benders[2] (mw): LB=9.735199, Z₀(α*)=-54.278930, intercept=-159.442539 (0.078s) [OMP=0.050 ISP-L=0.003 ISP-F=0.008 MW-L=0.007 MW-F=0.007]
  Alt-Benders[3] (mw): LB=9.735199, Z₀(α*)=-54.278930, intercept=-159.442539 (0.080s) [OMP=0.051 ISP-L=0.003 ISP-F=0.008 MW-L=0.008 MW-F=0.008]
  Alt-Benders[4]: LB stagnated, break
  OMP re-solve: 0.000s

=== True-DRO Benders iter 2 ===
  OMP: t₀=9.735199, UB=Inf, gap=NaN, x=[0, 0, 0, 0, 0, 1, 0, 0, 0, 0, 0, 0, 0, 0, 0, 0, 0, 0, 0, 0, 0, 0, 1, 0, 0, 0, 0, 0, 0, 0, 0, 0, 0, 0, 0, 0] (0.000s)
  Sub: Z₀=16.088027 [LOCAL] (0.2s), α=[0.000,0.000,0.000,0.000,0.000,9.057,0.000,0.000,0.000,0.000,0.000,0.000,0.000,0.888,0.000,0.000,0.000,0.000,0.000,0.000,0.000,0.000,0.000,0.000,0.000,0.000,0.000,0.000,0.000,0.000,0.000,0.000,0.000,0.000,0.000,0.000]
  Iter 2: LB=9.735199  UB=Inf  gap=NaN
  Cut: intercept=-1135.330876, π_x_range=[-818.8694, 579.2886]
  Mini-Benders[1] (mw): LB=10.950919, Z₀(α*)=-42.967526, intercept=-74.999901 (0.136s) [OMP=0.106 ISP-L=0.004 ISP-F=0.009 MW-L=0.009 MW-F=0.007]
  Mini-Benders[2] (mw): LB=10.950919, Z₀(α*)=-42.967526, intercept=-74.999901 (0.137s) [OMP=0.096 ISP-L=0.004 ISP-F=0.009 MW-L=0.009 MW-F=0.008]
  Mini-Benders[3] (mw): LB=10.950919, Z₀(α*)=-42.967526, intercept=-74.999901 (0.120s) [OMP=0.092 ISP-L=0.004 ISP-F=0.009 MW-L=0.009 MW-F=0.008]
  Mini-Benders[4]: LB stagnated, break
  α-step: Z₀=19.425193, α=[0.000,0.000,1.862,0.000,0.000,0.000,0.000,0.000,0.000,0.000,0.000,0.000,0.930,1.814,0.000,0.000,0.000,0.226,0.000,0.000,0.000,0.000,0.000,0.000,0.000,0.000,0.000,0.000,0.000,0.000,0.000,0.000,0.000,5.113,0.000,0.000]
  Alt-Benders[1] (mw): LB=11.035939, Z₀(α*)=2.719624, intercept=-35.738847 (0.119s) [OMP=0.093 ISP-L=0.004 ISP-F=0.009 MW-L=0.008 MW-F=0.007]
  Alt-Benders[2] (mw): LB=11.035939, Z₀(α*)=2.719624, intercept=-35.738847 (0.119s) [OMP=0.098 ISP-L=0.004 ISP-F=0.009 MW-L=0.008 MW-F=0.007]
  Alt-Benders[3] (mw): LB=11.035939, Z₀(α*)=2.719624, intercept=-35.738847 (0.138s) [OMP=0.097 ISP-L=0.004 ISP-F=0.009 MW-L=0.009 MW-F=0.008]
  Alt-Benders[4]: LB stagnated, break
  OMP re-solve: 0.000s

=== True-DRO Benders iter 3 ===
  OMP: t₀=11.035939, UB=Inf, gap=NaN, x=[0, 0, 0, 0, 0, 0, 0, 0, 0, 0, 0, 0, 0, 1, 0, 0, 0, 0, 0, 0, 0, 0, 0, 0, 0, 0, 0, 0, 0, 0, 0, 0, 0, 1, 0, 0] (0.000s)
  Sub: Z₀=19.483436 [LOCAL] (0.2s), α=[0.000,0.000,1.184,0.000,0.000,0.000,0.000,0.000,0.000,0.000,0.000,0.000,0.000,0.000,0.000,0.000,0.000,0.033,0.000,0.000,0.000,0.000,0.000,0.000,0.000,0.000,0.000,0.000,0.000,0.000,0.000,0.000,0.000,8.728,0.000,0.000]
  Iter 3: LB=11.035939  UB=Inf  gap=NaN
  Cut: intercept=-1154.396505, π_x_range=[-823.0086, 591.2899]
  Mini-Benders[1] (mw): LB=11.592142, Z₀(α*)=4.773052, intercept=-74.381393 (0.135s) [OMP=0.098 ISP-L=0.004 ISP-F=0.009 MW-L=0.016 MW-F=0.006]
  Mini-Benders[2] (mw): LB=11.592142, Z₀(α*)=4.773052, intercept=-74.381393 (0.135s) [OMP=0.096 ISP-L=0.004 ISP-F=0.009 MW-L=0.009 MW-F=0.007]
  Mini-Benders[3] (mw): LB=11.592142, Z₀(α*)=4.773052, intercept=-74.381393 (0.122s) [OMP=0.096 ISP-L=0.004 ISP-F=0.009 MW-L=0.009 MW-F=0.007]
  Mini-Benders[4]: LB stagnated, break
  α-step: Z₀=15.474661, α=[0.000,0.000,0.000,0.000,0.000,1.888,0.000,0.000,0.000,0.000,0.000,0.000,0.000,0.542,0.000,0.000,0.000,0.000,0.000,0.000,0.000,0.000,0.000,0.000,0.000,0.000,0.000,0.000,0.000,0.181,0.385,0.000,0.637,6.311,0.000,0.000]
  Alt-Benders[1] (mw): LB=11.656086, Z₀(α*)=10.248724, intercept=-58.123055 (0.143s) [OMP=0.116 ISP-L=0.003 ISP-F=0.010 MW-L=0.006 MW-F=0.007]
  Alt-Benders[2] (mw): LB=11.656086, Z₀(α*)=10.248724, intercept=-58.123055 (0.135s) [OMP=0.116 ISP-L=0.003 ISP-F=0.010 MW-L=0.006 MW-F=0.006]
  Alt-Benders[3] (mw): LB=11.656086, Z₀(α*)=10.248724, intercept=-58.123055 (0.151s) [OMP=0.115 ISP-L=0.003 ISP-F=0.010 MW-L=0.006 MW-F=0.007]
  Alt-Benders[4]: LB stagnated, break
  OMP re-solve: 0.000s

=== True-DRO Benders iter 4 ===
  OMP: t₀=11.656086, UB=Inf, gap=NaN, x=[0, 0, 0, 0, 0, 0, 0, 0, 0, 0, 0, 0, 0, 0, 0, 0, 0, 0, 0, 0, 0, 0, 1, 0, 0, 0, 0, 0, 0, 0, 0, 0, 0, 1, 0, 0] (0.000s)
  Sub: Z₀=19.128054 [LOCAL] (0.2s), α=[0.000,0.000,1.217,0.000,0.000,0.000,0.000,0.000,0.000,0.000,0.000,0.000,0.000,0.000,0.000,0.000,0.000,0.000,0.000,0.000,0.000,0.000,0.000,0.000,0.000,0.000,0.000,0.000,0.000,0.000,0.000,0.000,1.132,7.596,0.000,0.000]
  Iter 4: LB=11.656086  UB=Inf  gap=NaN
  Cut: intercept=-1110.481516, π_x_range=[-821.2150, 575.9462]
  Mini-Benders[1] (mw): LB=11.763232, Z₀(α*)=-1.659605, intercept=-82.628535 (0.120s) [OMP=0.093 ISP-L=0.004 ISP-F=0.008 MW-L=0.009 MW-F=0.008]
  Mini-Benders[2] (mw): LB=11.763232, Z₀(α*)=-1.659605, intercept=-82.628535 (0.135s) [OMP=0.100 ISP-L=0.004 ISP-F=0.009 MW-L=0.009 MW-F=0.011]
  Mini-Benders[3] (mw): LB=11.763232, Z₀(α*)=-1.659605, intercept=-82.628535 (0.135s) [OMP=0.104 ISP-L=0.004 ISP-F=0.009 MW-L=0.009 MW-F=0.008]
  Mini-Benders[4]: LB stagnated, break
  α-step: Z₀=15.177574, α=[0.000,0.000,0.000,0.000,0.000,3.672,0.000,0.000,0.000,0.000,0.000,0.000,0.000,0.665,0.000,0.000,0.000,0.000,0.000,0.000,0.000,0.000,0.000,0.000,0.000,0.000,0.000,0.000,0.000,0.000,0.000,0.000,4.908,0.699,0.000,0.000]
  Alt-Benders[1] (mw): LB=11.781872, Z₀(α*)=-17.368934, intercept=-30.140579 (0.115s) [OMP=0.091 ISP-L=0.004 ISP-F=0.010 MW-L=0.008 MW-F=0.007]
  Alt-Benders[2] (mw): LB=11.781872, Z₀(α*)=-17.368934, intercept=-30.140579 (0.122s) [OMP=0.096 ISP-L=0.004 ISP-F=0.010 MW-L=0.008 MW-F=0.009]
  Alt-Benders[3] (mw): LB=11.781872, Z₀(α*)=-17.368934, intercept=-30.140579 (0.120s) [OMP=0.094 ISP-L=0.004 ISP-F=0.009 MW-L=0.008 MW-F=0.006]
  Alt-Benders[4]: LB stagnated, break
  OMP re-solve: 0.000s

=== True-DRO Benders iter 5 ===
  OMP: t₀=11.781872, UB=Inf, gap=NaN, x=[0, 0, 0, 0, 0, 0, 0, 0, 0, 0, 0, 0, 0, 0, 1, 0, 0, 0, 0, 0, 0, 0, 0, 0, 0, 0, 0, 0, 0, 0, 0, 0, 0, 1, 0, 0] (0.000s)
  Sub: Z₀=20.034931 (0.5s), α=[0.000,0.000,1.783,0.000,0.000,0.000,0.000,0.000,0.000,0.000,0.000,0.000,0.000,0.000,0.000,0.000,0.000,0.000,0.000,0.000,0.000,0.000,0.000,0.000,0.000,0.000,0.000,0.000,0.000,0.000,0.000,0.000,0.000,8.162,0.000,0.000]
  Iter 5: LB=11.781872  UB=20.034931  gap=4.12e-01
  Cut: intercept=-24.767223, π_x_range=[-231.0000, 43.0475]
  Sherali-Cut: intercept=-22.648978, π_x_range=[-79.8524, 42.6839]
  Mini-Benders[1] (mw): LB=11.781872, Z₀(α*)=17.667166, intercept=-59.288054 (0.135s) [OMP=0.113 ISP-L=0.004 ISP-F=0.010 MW-L=0.007 MW-F=0.006]
  Mini-Benders[2] (mw): LB=11.781872, Z₀(α*)=1.952477, intercept=-109.343111 (0.120s) [OMP=0.085 ISP-L=0.004 ISP-F=0.009 MW-L=0.007 MW-F=0.010]
  Mini-Benders[3]: LB stagnated, break
  α-step: Z₀=17.401614, α=[0.000,0.000,0.000,0.000,0.000,0.000,0.000,0.000,0.000,0.000,0.000,0.000,0.000,0.000,0.000,0.000,0.000,3.314,0.000,0.000,0.000,0.000,0.000,0.000,0.291,0.000,0.000,0.000,0.000,0.000,0.000,0.000,0.000,6.340,0.000,0.000]
  Alt-Benders[1] (mw): LB=11.781872, Z₀(α*)=14.649935, intercept=-61.154122 (0.124s) [OMP=0.103 ISP-L=0.003 ISP-F=0.009 MW-L=0.006 MW-F=0.009]
  Alt-Benders[2] (mw): LB=11.781872, Z₀(α*)=7.318018, intercept=-32.273638 (0.150s) [OMP=0.113 ISP-L=0.004 ISP-F=0.010 MW-L=0.007 MW-F=0.007]
  Alt-Benders[3]: LB stagnated, break
  OMP re-solve: 0.000s

=== True-DRO Benders iter 6 ===
  OMP: t₀=11.781872, UB=20.034931, gap=4.12e-01, x=[0, 0, 0, 0, 0, 0, 0, 0, 0, 0, 0, 0, 0, 0, 0, 0, 0, 0, 0, 0, 0, 0, 0, 0, 0, 0, 0, 1, 0, 0, 0, 0, 0, 1, 0, 0] (0.000s)
  Sub: Z₀=19.866636 [LOCAL] (0.2s), α=[0.000,0.000,2.920,0.000,0.000,0.000,0.000,0.000,0.000,0.000,0.000,0.000,0.000,0.000,0.000,0.000,0.000,0.000,0.000,0.000,0.000,0.000,0.000,0.000,0.000,0.000,0.000,0.000,0.000,0.000,0.000,0.000,0.000,7.025,0.000,0.000]
  Iter 6: LB=11.781872  UB=20.034931  gap=4.12e-01
  Cut: intercept=-1144.955421, π_x_range=[-822.8008, 583.0982]
  Mini-Benders[1] (mw): LB=11.781872, Z₀(α*)=13.279723, intercept=-38.252646 (0.151s) [OMP=0.111 ISP-L=0.004 ISP-F=0.009 MW-L=0.008 MW-F=0.006]
  Mini-Benders[2] (mw): LB=11.781872, Z₀(α*)=-1.762012, intercept=-75.386301 (0.151s) [OMP=0.122 ISP-L=0.003 ISP-F=0.010 MW-L=0.008 MW-F=0.010]
  Mini-Benders[3]: LB stagnated, break
  α-step: Z₀=16.264827, α=[0.000,0.000,5.350,0.000,0.000,0.000,0.000,0.000,0.000,0.000,0.000,0.000,0.000,0.000,0.000,0.000,0.000,0.000,0.000,0.000,0.000,0.000,0.000,0.000,0.000,0.000,0.000,0.000,0.000,0.000,0.000,0.000,0.000,4.594,0.000,0.000]
  Alt-Benders[1] (mw): LB=11.781872, Z₀(α*)=-3.127943, intercept=-21.076555 (0.141s) [OMP=0.121 ISP-L=0.004 ISP-F=0.009 MW-L=0.007 MW-F=0.007]
  Alt-Benders[2] (mw): LB=11.781872, Z₀(α*)=-3.127943, intercept=-21.076555 (0.138s) [OMP=0.098 ISP-L=0.004 ISP-F=0.009 MW-L=0.010 MW-F=0.007]
  Alt-Benders[3]: LB stagnated, break
  OMP re-solve: 0.000s

=== True-DRO Benders iter 7 ===
  OMP: t₀=11.781872, UB=20.034931, gap=4.12e-01, x=[0, 0, 0, 0, 0, 0, 1, 0, 0, 0, 0, 0, 0, 0, 0, 0, 0, 0, 0, 0, 0, 0, 0, 0, 0, 0, 0, 0, 0, 0, 0, 0, 0, 1, 0, 0] (0.000s)
  Sub: Z₀=20.034929 [LOCAL] (0.2s), α=[0.000,0.000,1.728,0.000,0.000,0.000,0.000,0.000,0.000,0.000,0.000,0.000,0.000,0.000,0.000,0.000,0.000,0.000,0.000,0.000,0.000,0.000,0.000,0.000,0.000,0.000,0.000,0.000,0.000,0.000,0.000,0.000,0.004,8.212,0.000,0.000]
  Iter 7: LB=11.781872  UB=20.034931  gap=4.12e-01
  Cut: intercept=-1146.097693, π_x_range=[-822.8497, 584.4455]
  Mini-Benders[1] (mw): LB=11.781872, Z₀(α*)=6.413700, intercept=-46.771903 (0.151s) [OMP=0.108 ISP-L=0.003 ISP-F=0.010 MW-L=0.011 MW-F=0.006]
  Mini-Benders[2] (mw): LB=11.781872, Z₀(α*)=6.413700, intercept=-46.771903 (0.122s) [OMP=0.091 ISP-L=0.003 ISP-F=0.010 MW-L=0.008 MW-F=0.006]
  Mini-Benders[3]: LB stagnated, break
  α-step: Z₀=18.478461, α=[0.000,0.000,4.204,0.000,0.000,0.000,0.000,0.000,0.000,0.000,0.000,0.000,0.000,0.000,0.000,0.000,0.000,0.000,0.000,0.000,0.000,0.000,0.000,0.000,0.000,0.000,0.000,0.000,0.000,0.000,0.000,0.000,0.000,5.741,0.000,0.000]
  Alt-Benders[1] (mw): LB=11.781872, Z₀(α*)=7.563908, intercept=-19.932902 (0.135s) [OMP=0.112 ISP-L=0.004 ISP-F=0.009 MW-L=0.007 MW-F=0.007]
  Alt-Benders[2] (mw): LB=11.781872, Z₀(α*)=7.563908, intercept=-19.932902 (0.135s) [OMP=0.106 ISP-L=0.004 ISP-F=0.009 MW-L=0.010 MW-F=0.007]
  Alt-Benders[3]: LB stagnated, break
  OMP re-solve: 0.000s

=== True-DRO Benders iter 8 ===
  OMP: t₀=11.781872, UB=20.034931, gap=4.12e-01, x=[0, 0, 0, 0, 0, 0, 0, 0, 0, 0, 0, 0, 0, 0, 0, 0, 0, 0, 0, 0, 0, 0, 0, 0, 0, 0, 0, 0, 0, 1, 0, 0, 0, 1, 0, 0] (0.000s)
  Sub: Z₀=19.967401 [LOCAL] (0.2s), α=[0.000,0.000,1.783,0.000,0.000,0.000,0.000,0.000,0.000,0.000,0.000,0.000,0.000,0.000,0.000,0.000,0.000,0.000,0.000,0.000,0.000,0.000,0.000,0.000,0.000,0.000,0.000,0.000,0.000,0.000,0.000,0.000,0.000,8.162,0.000,0.000]
  Iter 8: LB=11.781872  UB=20.034931  gap=4.12e-01
  Cut: intercept=-1146.343311, π_x_range=[-820.9064, 590.5156]
  Mini-Benders[1] (mw): LB=11.908421, Z₀(α*)=0.039457, intercept=-74.264586 (0.119s) [OMP=0.101 ISP-L=0.003 ISP-F=0.011 MW-L=0.010 MW-F=0.007]
  Mini-Benders[2] (mw): LB=11.908421, Z₀(α*)=0.039457, intercept=-74.264586 (0.120s) [OMP=0.106 ISP-L=0.003 ISP-F=0.011 MW-L=0.007 MW-F=0.007]
  Mini-Benders[3] (mw): LB=11.908421, Z₀(α*)=0.039457, intercept=-74.264586 (0.135s) [OMP=0.099 ISP-L=0.003 ISP-F=0.011 MW-L=0.010 MW-F=0.007]
  Mini-Benders[4]: LB stagnated, break
  α-step: Z₀=19.223774, α=[0.000,0.000,2.169,0.000,0.000,0.000,0.000,0.000,0.000,0.000,0.000,0.000,0.000,0.000,0.000,0.000,0.000,0.000,0.000,0.000,0.000,0.000,0.000,0.000,0.000,0.000,0.000,0.000,0.000,0.000,0.000,0.000,6.309,1.467,0.000,0.000]
  Alt-Benders[1] (mw): LB=12.109595, Z₀(α*)=2.123460, intercept=-55.115510 (0.135s) [OMP=0.113 ISP-L=0.004 ISP-F=0.009 MW-L=0.007 MW-F=0.009]
  Alt-Benders[2] (mw): LB=12.109595, Z₀(α*)=2.123460, intercept=-55.115510 (0.135s) [OMP=0.096 ISP-L=0.004 ISP-F=0.009 MW-L=0.007 MW-F=0.006]
  Alt-Benders[3] (mw): LB=12.109595, Z₀(α*)=2.123460, intercept=-55.115510 (0.122s) [OMP=0.095 ISP-L=0.004 ISP-F=0.009 MW-L=0.007 MW-F=0.009]
  Alt-Benders[4]: LB stagnated, break
  OMP re-solve: 0.000s

=== True-DRO Benders iter 9 ===
  OMP: t₀=12.109595, UB=20.034931, gap=3.96e-01, x=[0, 0, 0, 0, 0, 0, 0, 0, 0, 0, 0, 0, 0, 0, 0, 0, 0, 0, 0, 0, 0, 0, 0, 0, 0, 0, 0, 0, 1, 0, 0, 0, 0, 1, 0, 0] (0.000s)
  Sub: Z₀=19.715263 [LOCAL] (0.2s), α=[0.000,0.000,2.725,0.000,0.000,0.000,0.000,0.000,0.000,0.000,0.000,0.000,0.000,0.000,0.000,0.000,0.000,0.000,0.000,0.000,0.000,0.000,0.000,0.000,0.000,0.000,0.000,0.000,0.000,0.000,0.000,0.000,0.000,7.220,0.000,0.000]
  Iter 9: LB=12.109595  UB=20.034931  gap=3.96e-01
  Cut: intercept=-1132.684363, π_x_range=[-822.6313, 582.7611]
  Mini-Benders[1] (mw): LB=12.273291, Z₀(α*)=16.961617, intercept=-32.541406 (0.120s) [OMP=0.099 ISP-L=0.003 ISP-F=0.009 MW-L=0.007 MW-F=0.008]
  Mini-Benders[2] (mw): LB=12.381944, Z₀(α*)=19.888374, intercept=-60.277206 (0.137s) [OMP=0.104 ISP-L=0.003 ISP-F=0.009 MW-L=0.007 MW-F=0.006]
  Mini-Benders[3] (mw): LB=12.494595, Z₀(α*)=18.783378, intercept=-26.708588 (0.135s) [OMP=0.105 ISP-L=0.003 ISP-F=0.010 MW-L=0.007 MW-F=0.009]
  Mini-Benders[4] (mw): LB=12.533151, Z₀(α*)=-0.379281, intercept=-80.043769 (0.120s) [OMP=0.101 ISP-L=0.003 ISP-F=0.009 MW-L=0.008 MW-F=0.006]
  Mini-Benders[5] (mw): LB=12.533151, Z₀(α*)=-0.379281, intercept=-80.043769 (0.135s) [OMP=0.101 ISP-L=0.003 ISP-F=0.009 MW-L=0.007 MW-F=0.009]
  α-step: Z₀=14.647013, α=[0.000,0.000,5.230,0.000,0.000,0.000,0.000,0.000,0.000,0.000,0.000,0.000,0.000,0.000,0.000,0.000,0.000,0.000,0.000,0.000,0.000,0.000,0.000,0.000,0.000,0.000,0.000,0.000,0.000,0.000,0.000,0.000,4.714,0.000,0.000,0.000]
  Alt-Benders[1] (mw): LB=12.533151, Z₀(α*)=13.673052, intercept=-74.426284 (0.135s) [OMP=0.116 ISP-L=0.004 ISP-F=0.008 MW-L=0.007 MW-F=0.009]
  Alt-Benders[2] (mw): LB=12.533151, Z₀(α*)=1.589889, intercept=-49.029726 (0.135s) [OMP=0.106 ISP-L=0.004 ISP-F=0.009 MW-L=0.008 MW-F=0.007]
  Alt-Benders[3] (mw): LB=12.533151, Z₀(α*)=1.589889, intercept=-49.029726 (0.138s) [OMP=0.104 ISP-L=0.004 ISP-F=0.009 MW-L=0.008 MW-F=0.006]
  Alt-Benders[4]: LB stagnated, break
  OMP re-solve: 0.000s

=== True-DRO Benders iter 10 ===
  OMP: t₀=12.533151, UB=20.034931, gap=3.74e-01, x=[0, 0, 0, 0, 0, 0, 0, 0, 0, 0, 0, 0, 0, 0, 0, 0, 0, 0, 0, 0, 0, 0, 0, 0, 0, 0, 0, 0, 1, 0, 0, 0, 1, 0, 0, 0] (0.000s)
  Sub: Z₀=19.535252 (1.5s), α=[0.000,0.000,2.169,0.000,0.000,0.000,0.000,0.000,0.000,0.000,0.000,0.000,0.000,0.000,0.000,0.000,0.000,0.000,0.000,0.000,0.000,0.000,0.000,0.000,0.000,0.000,0.000,0.000,0.000,0.000,0.000,0.000,0.589,7.186,0.000,0.000]
  Iter 10: LB=12.533151  UB=19.535252  gap=3.58e-01
  Cut: intercept=-51.165650, π_x_range=[-183.4424, 52.5537]
  Sherali-Cut: intercept=-50.659962, π_x_range=[-80.5134, 52.0480]
  Mini-Benders[1] (mw): LB=12.533151, Z₀(α*)=-10.060425, intercept=-61.067228 (0.141s) [OMP=0.109 ISP-L=0.004 ISP-F=0.009 MW-L=0.008 MW-F=0.007]
  Mini-Benders[2] (mw): LB=12.533151, Z₀(α*)=-10.060425, intercept=-61.067228 (0.135s) [OMP=0.101 ISP-L=0.004 ISP-F=0.009 MW-L=0.010 MW-F=0.007]
  Mini-Benders[3]: LB stagnated, break
  α-step: Z₀=18.476656, α=[0.000,0.000,1.455,0.000,0.000,0.000,0.000,0.000,0.000,0.000,0.000,0.000,0.000,0.000,0.000,0.000,0.000,0.000,0.000,0.000,0.000,0.000,0.000,0.000,0.000,0.000,0.000,0.000,0.000,0.000,0.000,0.000,8.490,0.000,0.000,0.000]
  Alt-Benders[1] (mw): LB=12.533151, Z₀(α*)=18.409463, intercept=-32.927311 (0.137s) [OMP=0.109 ISP-L=0.004 ISP-F=0.011 MW-L=0.010 MW-F=0.007]
  Alt-Benders[2] (mw): LB=12.533151, Z₀(α*)=16.417912, intercept=-60.274819 (0.136s) [OMP=0.106 ISP-L=0.004 ISP-F=0.009 MW-L=0.007 MW-F=0.007]
  Alt-Benders[3]: LB stagnated, break
  OMP re-solve: 0.000s

=== True-DRO Benders iter 11 ===
  OMP: t₀=12.533151, UB=19.535252, gap=3.58e-01, x=[0, 0, 0, 0, 0, 0, 0, 0, 0, 0, 0, 0, 0, 0, 0, 0, 0, 0, 0, 0, 0, 0, 0, 0, 0, 0, 0, 0, 0, 1, 0, 0, 1, 0, 0, 0] (0.000s)
  Sub: Z₀=19.820718 [LOCAL] (0.2s), α=[0.000,0.000,2.169,0.000,0.000,0.000,0.000,0.000,0.000,0.000,0.000,0.000,0.000,0.000,0.000,0.000,0.000,0.000,0.000,0.000,0.000,0.000,0.000,0.000,0.000,0.000,0.000,0.000,0.000,0.000,0.000,0.000,6.304,1.472,0.000,0.000]
  Iter 11: LB=12.533151  UB=19.535252  gap=3.58e-01
  Cut: intercept=-1162.271050, π_x_range=[-822.1181, 596.4960]
  Mini-Benders[1] (mw): LB=12.533151, Z₀(α*)=11.651112, intercept=-70.158078 (0.135s) [OMP=0.110 ISP-L=0.003 ISP-F=0.011 MW-L=0.008 MW-F=0.006]
  Mini-Benders[2] (mw): LB=12.533151, Z₀(α*)=11.651112, intercept=-70.158078 (0.135s) [OMP=0.105 ISP-L=0.003 ISP-F=0.011 MW-L=0.011 MW-F=0.006]
  Mini-Benders[3]: LB stagnated, break
  α-step: Z₀=18.066285, α=[0.000,0.000,4.016,0.000,0.000,0.000,0.000,0.000,0.000,0.000,0.000,0.000,0.000,0.000,0.000,0.000,0.000,0.000,0.000,0.000,0.000,0.000,0.000,0.000,0.000,0.000,0.000,0.000,0.000,0.000,0.000,0.000,4.024,1.904,0.000,0.000]
  Alt-Benders[1] (mw): LB=12.533151, Z₀(α*)=-2.167934, intercept=-84.577993 (0.135s) [OMP=0.109 ISP-L=0.003 ISP-F=0.011 MW-L=0.011 MW-F=0.006]
  Alt-Benders[2] (mw): LB=12.533151, Z₀(α*)=-2.167934, intercept=-84.577993 (0.138s) [OMP=0.107 ISP-L=0.003 ISP-F=0.011 MW-L=0.008 MW-F=0.006]
  Alt-Benders[3]: LB stagnated, break
  OMP re-solve: 0.000s

=== True-DRO Benders iter 12 ===
  OMP: t₀=12.533151, UB=19.535252, gap=3.58e-01, x=[0, 0, 0, 0, 0, 0, 0, 0, 0, 0, 0, 0, 0, 0, 0, 0, 0, 0, 0, 0, 0, 0, 0, 0, 1, 0, 0, 0, 0, 0, 0, 0, 1, 0, 0, 0] (0.000s)
  Sub: Z₀=16.853410 [LOCAL] (0.2s), α=[0.000,0.000,0.000,0.000,0.000,0.000,0.030,0.000,0.000,0.000,0.000,0.000,0.000,0.000,0.000,0.000,0.000,1.438,0.000,0.000,0.000,0.000,0.000,0.000,1.280,0.000,0.000,0.000,0.000,0.000,0.000,0.000,5.985,1.211,0.000,0.000]
  Iter 12: LB=12.533151  UB=19.535252  gap=3.58e-01
  Cut: intercept=-1104.146706, π_x_range=[-820.7067, 574.1411]
  Mini-Benders[1] (mw): LB=12.913926, Z₀(α*)=11.338682, intercept=-34.846623 (0.135s) [OMP=0.110 ISP-L=0.003 ISP-F=0.009 MW-L=0.008 MW-F=0.006]
  Mini-Benders[2] (mw): LB=12.913926, Z₀(α*)=11.338682, intercept=-34.846623 (0.167s) [OMP=0.140 ISP-L=0.003 ISP-F=0.009 MW-L=0.008 MW-F=0.009]
  Mini-Benders[3] (mw): LB=12.913926, Z₀(α*)=11.338682, intercept=-34.846623 (0.151s) [OMP=0.139 ISP-L=0.003 ISP-F=0.009 MW-L=0.007 MW-F=0.006]
  Mini-Benders[4]: LB stagnated, break
  α-step: Z₀=19.849310, α=[0.000,0.000,2.038,0.000,0.000,0.000,0.000,0.000,0.000,0.000,0.000,0.000,0.000,0.000,0.000,0.000,0.000,0.000,0.000,0.000,0.000,0.000,0.000,0.000,0.000,0.000,0.000,0.000,0.000,0.000,0.000,0.000,5.369,2.538,0.000,0.000]
  Alt-Benders[1] (mw): LB=12.965403, Z₀(α*)=-17.111467, intercept=-59.210892 (0.166s) [OMP=0.138 ISP-L=0.004 ISP-F=0.009 MW-L=0.007 MW-F=0.006]
  Alt-Benders[2] (mw): LB=12.965403, Z₀(α*)=-17.111467, intercept=-59.210892 (0.136s) [OMP=0.104 ISP-L=0.004 ISP-F=0.009 MW-L=0.008 MW-F=0.009]
  Alt-Benders[3] (mw): LB=12.965403, Z₀(α*)=-17.111467, intercept=-59.210892 (0.135s) [OMP=0.104 ISP-L=0.004 ISP-F=0.009 MW-L=0.008 MW-F=0.006]
  Alt-Benders[4]: LB stagnated, break
  OMP re-solve: 0.000s

=== True-DRO Benders iter 13 ===
  OMP: t₀=12.965403, UB=19.535252, gap=3.36e-01, x=[0, 0, 0, 0, 0, 0, 0, 0, 1, 0, 0, 0, 1, 0, 0, 0, 0, 0, 0, 0, 0, 0, 0, 0, 0, 0, 0, 0, 0, 0, 0, 0, 0, 0, 0, 0] (0.000s)
  Sub: Z₀=20.594159 [LOCAL] (0.2s), α=[0.000,0.000,2.990,0.000,0.000,0.000,0.000,0.000,0.000,0.000,0.000,0.000,2.171,0.000,0.000,0.000,0.000,0.000,0.000,0.000,0.000,0.000,0.000,0.000,0.000,0.000,0.000,0.000,0.000,0.000,0.000,0.000,0.000,4.783,0.000,0.000]
  Iter 13: LB=12.965403  UB=19.535252  gap=3.36e-01
  Cut: intercept=-1137.282363, π_x_range=[-820.9270, 586.2409]
  Mini-Benders[1] (mw): LB=13.096807, Z₀(α*)=-14.347795, intercept=-71.316884 (0.137s) [OMP=0.109 ISP-L=0.004 ISP-F=0.009 MW-L=0.008 MW-F=0.006]
  Mini-Benders[2] (mw): LB=13.096807, Z₀(α*)=-14.347795, intercept=-71.316884 (0.138s) [OMP=0.104 ISP-L=0.004 ISP-F=0.009 MW-L=0.008 MW-F=0.009]
  Mini-Benders[3] (mw): LB=13.096807, Z₀(α*)=-14.347795, intercept=-71.316884 (0.137s) [OMP=0.104 ISP-L=0.004 ISP-F=0.009 MW-L=0.008 MW-F=0.006]
  Mini-Benders[4]: LB stagnated, break
  α-step: Z₀=17.323613, α=[0.000,0.000,0.000,0.000,0.000,2.148,0.000,0.000,0.000,0.000,0.000,0.000,0.000,3.744,0.000,0.000,0.000,1.762,0.000,0.000,0.000,0.000,0.000,0.000,0.000,0.000,0.000,0.000,0.000,0.710,0.000,0.000,0.000,1.580,0.000,0.000]
  Alt-Benders[1] (mw): LB=13.096807, Z₀(α*)=5.802119, intercept=-82.837651 (0.127s) [OMP=0.108 ISP-L=0.003 ISP-F=0.010 MW-L=0.010 MW-F=0.006]
  Alt-Benders[2] (mw): LB=13.096807, Z₀(α*)=5.802119, intercept=-82.837651 (0.138s) [OMP=0.100 ISP-L=0.004 ISP-F=0.010 MW-L=0.007 MW-F=0.006]
  Alt-Benders[3] (mw): LB=13.096807, Z₀(α*)=5.802119, intercept=-82.837651 (0.122s) [OMP=0.100 ISP-L=0.003 ISP-F=0.009 MW-L=0.010 MW-F=0.006]
  Alt-Benders[4]: LB stagnated, break
  OMP re-solve: 0.000s

=== True-DRO Benders iter 14 ===
  OMP: t₀=13.096807, UB=19.535252, gap=3.30e-01, x=[0, 0, 0, 0, 0, 0, 0, 0, 0, 0, 0, 0, 1, 0, 0, 0, 0, 0, 0, 0, 0, 0, 1, 0, 0, 0, 0, 0, 0, 0, 0, 0, 0, 0, 0, 0] (0.000s)
  Sub: Z₀=19.776280 [LOCAL] (0.2s), α=[0.000,0.000,2.400,0.000,0.000,0.000,0.000,0.000,0.000,0.000,0.000,0.000,1.356,3.506,0.000,0.000,0.000,0.000,0.000,0.000,0.000,0.000,0.000,0.000,0.000,0.000,0.000,0.000,0.000,0.000,0.000,0.000,0.000,2.682,0.000,0.000]
  Iter 14: LB=13.096807  UB=19.535252  gap=3.30e-01
  Cut: intercept=-1097.317434, π_x_range=[-819.5310, 563.6501]
  Mini-Benders[1] (mw): LB=13.096807, Z₀(α*)=13.417194, intercept=-88.976820 (0.151s) [OMP=0.116 ISP-L=0.003 ISP-F=0.010 MW-L=0.010 MW-F=0.006]
  Mini-Benders[2] (mw): LB=13.096807, Z₀(α*)=-10.932220, intercept=-74.838432 (0.135s) [OMP=0.104 ISP-L=0.003 ISP-F=0.008 MW-L=0.007 MW-F=0.007]
  Mini-Benders[3]: LB stagnated, break
  α-step: Z₀=16.591361, α=[0.000,0.000,6.252,0.000,0.000,0.000,0.000,0.000,0.000,0.000,0.000,0.000,0.000,0.000,0.000,0.000,0.000,0.000,0.000,0.000,0.000,0.000,0.000,0.000,0.000,0.000,0.000,0.000,0.000,0.000,0.000,0.000,0.000,3.693,0.000,0.000]
  Alt-Benders[1] (mw): LB=13.096807, Z₀(α*)=-7.848176, intercept=-98.610880 (0.137s) [OMP=0.110 ISP-L=0.004 ISP-F=0.009 MW-L=0.007 MW-F=0.006]
  Alt-Benders[2] (mw): LB=13.096807, Z₀(α*)=-7.848176, intercept=-98.610880 (0.138s) [OMP=0.110 ISP-L=0.004 ISP-F=0.009 MW-L=0.010 MW-F=0.006]
  Alt-Benders[3]: LB stagnated, break
  OMP re-solve: 0.000s

=== True-DRO Benders iter 15 ===
  OMP: t₀=13.096807, UB=19.535252, gap=3.30e-01, x=[0, 0, 0, 0, 0, 0, 0, 0, 0, 0, 0, 0, 1, 0, 0, 0, 0, 0, 0, 0, 0, 0, 0, 0, 1, 0, 0, 0, 0, 0, 0, 0, 0, 0, 0, 0] (0.000s)
  Sub: Z₀=19.240595 [TIME_LIMIT] (15.0s), α=[0.000,0.000,0.000,0.000,0.000,0.000,0.178,0.000,0.000,0.000,0.000,0.000,1.163,0.901,0.000,0.000,0.000,3.221,0.000,0.000,0.000,0.000,0.000,0.000,0.849,0.000,0.000,0.000,0.000,0.000,0.000,0.000,0.000,3.632,0.000,0.000]
  Iter 15: LB=13.096807  UB=19.289562  gap=3.21e-01
  Cut: intercept=-100.139696, π_x_range=[-264.0000, 63.5557]
  Mini-Benders[1] (mw): LB=13.096807, Z₀(α*)=1.592770, intercept=-93.378201 (0.182s) [OMP=0.140 ISP-L=0.004 ISP-F=0.010 MW-L=0.010 MW-F=0.006]
  Mini-Benders[2] (mw): LB=13.096807, Z₀(α*)=1.592770, intercept=-93.378201 (0.166s) [OMP=0.147 ISP-L=0.004 ISP-F=0.010 MW-L=0.007 MW-F=0.006]
  Mini-Benders[3]: LB stagnated, break
  α-step: Z₀=19.584765, α=[0.000,0.000,4.358,0.000,0.000,0.000,0.000,0.000,0.000,0.000,0.000,0.000,0.046,1.365,0.000,0.000,0.000,0.000,0.000,0.000,0.000,0.000,0.000,0.000,0.000,0.000,0.000,0.000,0.000,0.000,0.000,0.000,0.000,4.176,0.000,0.000]
  Alt-Benders[1] (mw): LB=13.096807, Z₀(α*)=15.580264, intercept=-52.422465 (0.143s) [OMP=0.118 ISP-L=0.004 ISP-F=0.009 MW-L=0.007 MW-F=0.006]
  Alt-Benders[2] (mw): LB=13.096807, Z₀(α*)=13.853506, intercept=-91.319151 (0.182s) [OMP=0.152 ISP-L=0.004 ISP-F=0.009 MW-L=0.006 MW-F=0.009]
  Alt-Benders[3]: LB stagnated, break
  OMP re-solve: 0.000s

=== True-DRO Benders iter 16 ===
  OMP: t₀=13.096807, UB=19.289562, gap=3.21e-01, x=[0, 0, 0, 0, 0, 0, 0, 0, 0, 0, 0, 0, 1, 0, 0, 0, 0, 0, 0, 0, 0, 1, 0, 0, 0, 0, 0, 0, 0, 0, 0, 0, 0, 0, 0, 0] (0.000s)
  Sub: Z₀=19.524975 [LOCAL] (0.2s), α=[0.000,0.000,1.374,0.000,0.000,0.000,0.000,0.000,0.000,0.000,0.000,0.000,3.209,0.579,0.000,0.000,0.000,1.560,0.000,0.000,0.000,0.470,0.000,0.000,0.000,0.000,0.000,0.000,0.000,0.000,0.000,0.000,0.023,2.729,0.000,0.000]
  Iter 16: LB=13.096807  UB=19.289562  gap=3.21e-01
  Cut: intercept=-1109.231725, π_x_range=[-818.7027, 572.1469]
  Mini-Benders[1] (mw): LB=13.096807, Z₀(α*)=15.566646, intercept=-51.153084 (0.182s) [OMP=0.145 ISP-L=0.003 ISP-F=0.010 MW-L=0.007 MW-F=0.008]
  Mini-Benders[2] (mw): LB=13.096807, Z₀(α*)=11.106791, intercept=-65.183454 (0.135s) [OMP=0.111 ISP-L=0.004 ISP-F=0.009 MW-L=0.008 MW-F=0.006]
  Mini-Benders[3]: LB stagnated, break
  α-step: Z₀=19.571056, α=[0.000,0.000,4.533,0.000,0.000,0.000,0.000,0.000,0.000,0.000,0.000,0.000,0.000,1.060,0.000,0.000,0.000,0.000,0.000,0.000,0.000,0.000,0.000,0.000,0.000,0.000,0.000,0.000,0.000,0.000,0.000,0.000,0.000,4.351,0.000,0.000]
  Alt-Benders[1] (mw): LB=13.096807, Z₀(α*)=15.010680, intercept=-60.292454 (0.129s) [OMP=0.115 ISP-L=0.004 ISP-F=0.009 MW-L=0.008 MW-F=0.006]
  Alt-Benders[2] (mw): LB=13.096807, Z₀(α*)=16.508312, intercept=-93.687251 (0.151s) [OMP=0.109 ISP-L=0.003 ISP-F=0.008 MW-L=0.007 MW-F=0.009]
  Alt-Benders[3] (mw): LB=13.279721, Z₀(α*)=0.385757, intercept=-38.774544 (0.137s) [OMP=0.113 ISP-L=0.004 ISP-F=0.009 MW-L=0.007 MW-F=0.006]
  Alt-Benders[4] (mw): LB=13.279721, Z₀(α*)=0.385757, intercept=-38.774544 (0.136s) [OMP=0.109 ISP-L=0.004 ISP-F=0.009 MW-L=0.007 MW-F=0.007]
  Alt-Benders[5] (mw): LB=13.279721, Z₀(α*)=0.385757, intercept=-38.774544 (0.137s) [OMP=0.111 ISP-L=0.004 ISP-F=0.009 MW-L=0.011 MW-F=0.007]
  OMP re-solve: 0.111s

=== True-DRO Benders iter 17 ===
  OMP: t₀=13.279721, UB=19.289562, gap=3.12e-01, x=[0, 0, 0, 0, 0, 0, 0, 0, 0, 0, 0, 0, 0, 0, 0, 0, 0, 0, 0, 0, 0, 1, 0, 0, 0, 0, 0, 0, 0, 0, 0, 0, 0, 1, 0, 0] (0.000s)
  Sub: Z₀=19.581138 [LOCAL] (0.2s), α=[0.000,0.000,1.214,0.000,0.000,0.000,0.000,0.000,0.000,0.000,0.000,0.000,0.000,0.000,0.000,0.000,0.000,0.003,0.000,0.000,0.000,0.000,0.000,0.000,0.000,0.000,0.000,0.000,0.000,0.000,0.000,0.000,1.193,7.535,0.000,0.000]
  Iter 17: LB=13.279721  UB=19.289562  gap=3.12e-01
  Cut: intercept=-1127.960548, π_x_range=[-820.5806, 575.9260]
  Mini-Benders[1] (mw): LB=13.417192, Z₀(α*)=8.331240, intercept=-89.450712 (0.135s) [OMP=0.113 ISP-L=0.003 ISP-F=0.010 MW-L=0.010 MW-F=0.006]
  Mini-Benders[2] (mw): LB=13.417192, Z₀(α*)=8.331240, intercept=-89.450712 (0.135s) [OMP=0.103 ISP-L=0.003 ISP-F=0.010 MW-L=0.007 MW-F=0.006]
  Mini-Benders[3] (mw): LB=13.417192, Z₀(α*)=8.331240, intercept=-89.450712 (0.136s) [OMP=0.103 ISP-L=0.003 ISP-F=0.010 MW-L=0.010 MW-F=0.006]
  Mini-Benders[4]: LB stagnated, break
  α-step: Z₀=20.272963, α=[0.000,0.000,3.376,0.000,0.000,0.000,0.000,0.000,0.000,0.000,0.000,0.000,1.820,1.079,0.000,0.000,0.000,0.000,0.000,0.000,0.000,0.000,0.000,0.000,0.000,0.000,0.000,0.000,0.000,0.000,0.000,0.000,0.000,3.669,0.000,0.000]
  Alt-Benders[1] (mw): LB=13.510969, Z₀(α*)=-23.135359, intercept=-105.775957 (0.125s) [OMP=0.104 ISP-L=0.004 ISP-F=0.009 MW-L=0.010 MW-F=0.007]
  Alt-Benders[2] (mw): LB=13.510969, Z₀(α*)=-23.135359, intercept=-105.775957 (0.138s) [OMP=0.105 ISP-L=0.003 ISP-F=0.009 MW-L=0.007 MW-F=0.007]
  Alt-Benders[3] (mw): LB=13.510969, Z₀(α*)=-23.135359, intercept=-105.775957 (0.138s) [OMP=0.105 ISP-L=0.004 ISP-F=0.009 MW-L=0.010 MW-F=0.007]
  Alt-Benders[4]: LB stagnated, break
  OMP re-solve: 0.000s

=== True-DRO Benders iter 18 ===
  OMP: t₀=13.510969, UB=19.289562, gap=3.00e-01, x=[0, 0, 0, 0, 0, 0, 0, 0, 0, 0, 0, 0, 0, 0, 0, 0, 0, 0, 0, 0, 0, 1, 1, 0, 0, 0, 0, 0, 0, 0, 0, 0, 0, 0, 0, 0] (0.000s)
  Sub: Z₀=20.247399 [LOCAL] (0.2s), α=[0.000,0.000,2.237,0.000,0.000,0.000,0.000,0.000,0.000,0.000,0.000,0.000,0.000,0.000,0.000,0.000,0.000,0.000,0.000,0.000,0.000,1.775,4.597,0.000,0.000,0.000,0.000,0.000,0.000,0.000,0.000,0.000,1.336,0.000,0.000,0.000]
  Iter 18: LB=13.510969  UB=19.289562  gap=3.00e-01
  Cut: intercept=-1120.369159, π_x_range=[-821.7799, 575.0990]
  Mini-Benders[1] (mw): LB=13.673050, Z₀(α*)=-17.017677, intercept=-76.359219 (0.182s) [OMP=0.154 ISP-L=0.003 ISP-F=0.008 MW-L=0.007 MW-F=0.009]
  Mini-Benders[2] (mw): LB=13.673050, Z₀(α*)=-17.017677, intercept=-76.359219 (0.119s) [OMP=0.105 ISP-L=0.003 ISP-F=0.008 MW-L=0.007 MW-F=0.006]
  Mini-Benders[3] (mw): LB=13.673050, Z₀(α*)=-17.017677, intercept=-76.359219 (0.138s) [OMP=0.106 ISP-L=0.003 ISP-F=0.008 MW-L=0.007 MW-F=0.009]
  Mini-Benders[4]: LB stagnated, break
  α-step: Z₀=17.578484, α=[0.000,0.000,0.000,0.000,0.000,0.000,0.000,0.000,0.000,0.000,0.000,0.000,0.000,0.000,0.000,0.000,0.000,5.486,0.000,0.000,0.000,0.000,0.000,0.000,0.000,0.000,0.000,0.000,0.000,0.000,0.000,0.000,1.670,2.787,0.000,0.000]
  Alt-Benders[1] (mw): LB=13.843235, Z₀(α*)=10.550400, intercept=-41.894003 (0.183s) [OMP=0.162 ISP-L=0.004 ISP-F=0.010 MW-L=0.007 MW-F=0.008]
  Alt-Benders[2] (mw): LB=13.843235, Z₀(α*)=10.550400, intercept=-41.894003 (0.151s) [OMP=0.112 ISP-L=0.004 ISP-F=0.010 MW-L=0.007 MW-F=0.006]
  Alt-Benders[3] (mw): LB=13.843235, Z₀(α*)=10.550400, intercept=-41.894003 (0.135s) [OMP=0.111 ISP-L=0.004 ISP-F=0.010 MW-L=0.007 MW-F=0.008]
  Alt-Benders[4]: LB stagnated, break
  OMP re-solve: 0.000s

=== True-DRO Benders iter 19 ===
  OMP: t₀=13.843235, UB=19.289562, gap=2.82e-01, x=[0, 0, 0, 0, 0, 0, 0, 0, 0, 0, 0, 0, 0, 0, 0, 1, 0, 0, 0, 0, 0, 0, 1, 0, 0, 0, 0, 0, 0, 0, 0, 0, 0, 0, 0, 0] (0.000s)
  Sub: Z₀=21.883553 [LOCAL] (0.2s), α=[0.000,0.000,4.171,0.000,0.000,0.061,0.000,0.000,0.000,0.000,0.000,0.000,0.000,1.641,0.000,0.000,0.000,0.000,0.000,0.000,0.000,0.000,0.784,0.000,0.000,0.000,0.000,0.000,0.000,0.000,0.000,0.000,2.310,0.977,0.000,0.000]
  Iter 19: LB=13.843235  UB=19.289562  gap=2.82e-01
  Cut: intercept=-1076.363730, π_x_range=[-823.2402, 560.6851]
  Mini-Benders[1] (mw): LB=13.853504, Z₀(α*)=1.727970, intercept=-93.449178 (0.168s) [OMP=0.141 ISP-L=0.003 ISP-F=0.009 MW-L=0.007 MW-F=0.008]
  Mini-Benders[2] (mw): LB=13.853504, Z₀(α*)=1.727970, intercept=-93.449178 (0.136s) [OMP=0.114 ISP-L=0.003 ISP-F=0.009 MW-L=0.007 MW-F=0.006]
  Mini-Benders[3] (mw): LB=13.853504, Z₀(α*)=1.727970, intercept=-93.449178 (0.153s) [OMP=0.117 ISP-L=0.003 ISP-F=0.009 MW-L=0.007 MW-F=0.006]
  Mini-Benders[4]: LB stagnated, break
  α-step: Z₀=17.724912, α=[0.000,0.000,4.721,0.000,0.000,0.000,0.000,0.000,0.000,1.404,0.000,0.000,0.000,0.000,0.000,0.000,0.000,0.000,0.000,0.000,0.000,0.000,0.000,0.000,0.000,0.000,0.000,0.000,0.000,0.000,0.000,0.000,0.000,3.820,0.000,0.000]
  Alt-Benders[1] (mw): LB=14.318869, Z₀(α*)=-18.366979, intercept=-31.260524 (0.159s) [OMP=0.141 ISP-L=0.004 ISP-F=0.009 MW-L=0.008 MW-F=0.006]
  Alt-Benders[2] (mw): LB=14.318869, Z₀(α*)=-18.366979, intercept=-31.260524 (0.151s) [OMP=0.120 ISP-L=0.004 ISP-F=0.009 MW-L=0.011 MW-F=0.006]
  Alt-Benders[3] (mw): LB=14.318869, Z₀(α*)=-18.366979, intercept=-31.260524 (0.151s) [OMP=0.112 ISP-L=0.004 ISP-F=0.009 MW-L=0.008 MW-F=0.006]
  Alt-Benders[4]: LB stagnated, break
  OMP re-solve: 0.000s

=== True-DRO Benders iter 20 ===
  OMP: t₀=14.318869, UB=19.289562, gap=2.58e-01, x=[0, 0, 0, 0, 1, 1, 0, 0, 0, 0, 0, 0, 0, 0, 0, 0, 0, 0, 0, 0, 0, 0, 0, 0, 0, 0, 0, 0, 0, 0, 0, 0, 0, 0, 0, 0] (0.000s)
  Sub: Z₀=18.654438 [TIME_LIMIT] (15.1s), α=[0.000,0.000,1.762,0.000,0.000,5.460,0.000,0.000,0.000,0.000,0.000,0.000,0.000,0.000,0.000,0.000,0.000,0.000,0.000,0.000,0.000,0.000,0.000,0.000,0.000,0.000,0.000,0.000,0.000,0.000,1.142,0.000,0.000,1.580,0.000,0.000]
  Iter 20: LB=14.318869  UB=18.899611  gap=2.42e-01
  Cut: intercept=-33.357658, π_x_range=[-228.0000, 52.0121]
  Mini-Benders[1] (mw): LB=14.622305, Z₀(α*)=-10.139663, intercept=-116.327988 (0.198s) [OMP=0.180 ISP-L=0.004 ISP-F=0.011 MW-L=0.008 MW-F=0.007]
  Mini-Benders[2] (mw): LB=14.622305, Z₀(α*)=-10.139663, intercept=-116.327988 (0.229s) [OMP=0.195 ISP-L=0.004 ISP-F=0.011 MW-L=0.011 MW-F=0.007]
  Mini-Benders[3] (mw): LB=14.622305, Z₀(α*)=-10.139663, intercept=-116.327988 (0.229s) [OMP=0.193 ISP-L=0.004 ISP-F=0.010 MW-L=0.008 MW-F=0.007]
  Mini-Benders[4]: LB stagnated, break
  α-step: Z₀=20.953669, α=[0.000,0.000,4.523,0.000,0.000,0.000,0.000,0.000,0.000,0.000,0.000,0.000,0.000,0.000,0.000,0.000,0.000,0.000,0.000,0.000,0.000,0.000,2.295,0.000,0.000,0.000,0.000,0.000,0.000,0.000,0.000,0.000,0.000,3.127,0.000,0.000]
  Alt-Benders[1] (mw): LB=14.647013, Z₀(α*)=2.505106, intercept=-80.241483 (0.200s) [OMP=0.176 ISP-L=0.004 ISP-F=0.010 MW-L=0.008 MW-F=0.006]
  Alt-Benders[2] (mw): LB=14.647013, Z₀(α*)=2.505106, intercept=-80.241483 (0.151s) [OMP=0.130 ISP-L=0.004 ISP-F=0.009 MW-L=0.007 MW-F=0.009]
  Alt-Benders[3] (mw): LB=14.647013, Z₀(α*)=2.505106, intercept=-80.241483 (0.166s) [OMP=0.129 ISP-L=0.004 ISP-F=0.010 MW-L=0.008 MW-F=0.006]
  Alt-Benders[4]: LB stagnated, break
  OMP re-solve: 0.000s

=== True-DRO Benders iter 21 ===
  OMP: t₀=14.647013, UB=18.899611, gap=2.25e-01, x=[0, 0, 1, 0, 0, 0, 0, 0, 0, 0, 0, 0, 0, 0, 0, 0, 0, 0, 0, 0, 0, 0, 0, 0, 0, 0, 0, 0, 0, 0, 0, 0, 1, 0, 0, 0] (0.000s)
  Sub: Z₀=15.354495 [LOCAL] (0.1s), α=[0.000,0.000,6.382,0.000,0.000,0.000,0.000,0.000,0.000,0.000,0.000,0.000,0.000,0.000,0.000,0.000,0.000,0.000,0.000,0.000,0.000,0.000,0.000,0.000,0.000,0.000,0.000,0.000,0.000,0.000,0.000,0.000,3.248,0.314,0.000,0.000]
  Iter 21: LB=14.647013  UB=18.899611  gap=2.25e-01
  Cut: intercept=-1147.458777, π_x_range=[-821.1348, 585.7134]
  Mini-Benders[1] (mw): LB=14.649932, Z₀(α*)=3.269328, intercept=-62.153548 (0.151s) [OMP=0.124 ISP-L=0.004 ISP-F=0.009 MW-L=0.008 MW-F=0.007]
  Mini-Benders[2] (mw): LB=14.649932, Z₀(α*)=3.269328, intercept=-62.153548 (0.151s) [OMP=0.122 ISP-L=0.003 ISP-F=0.009 MW-L=0.008 MW-F=0.009]
  Mini-Benders[3] (mw): LB=14.649932, Z₀(α*)=3.269328, intercept=-62.153548 (0.151s) [OMP=0.120 ISP-L=0.004 ISP-F=0.009 MW-L=0.008 MW-F=0.007]
  Mini-Benders[4]: LB stagnated, break
  α-step: Z₀=16.450971, α=[0.000,0.000,0.000,0.000,0.000,0.000,0.000,0.000,0.000,0.000,0.000,0.000,0.000,0.000,0.000,0.000,0.000,4.314,0.000,0.000,0.000,0.000,0.000,0.000,0.000,0.000,0.000,0.000,0.000,0.000,0.000,0.000,0.000,5.631,0.000,0.000]
  Alt-Benders[1] (mw): LB=14.769232, Z₀(α*)=6.704427, intercept=-31.101371 (0.184s) [OMP=0.155 ISP-L=0.004 ISP-F=0.011 MW-L=0.008 MW-F=0.006]
  Alt-Benders[2] (mw): LB=14.769232, Z₀(α*)=6.704427, intercept=-31.101371 (0.198s) [OMP=0.174 ISP-L=0.004 ISP-F=0.011 MW-L=0.008 MW-F=0.009]
  Alt-Benders[3] (mw): LB=14.769232, Z₀(α*)=6.704427, intercept=-31.101371 (0.213s) [OMP=0.175 ISP-L=0.004 ISP-F=0.011 MW-L=0.008 MW-F=0.006]
  Alt-Benders[4]: LB stagnated, break
  OMP re-solve: 0.000s

=== True-DRO Benders iter 22 ===
  OMP: t₀=14.769232, UB=18.899611, gap=2.19e-01, x=[0, 0, 0, 0, 0, 0, 0, 0, 1, 0, 0, 0, 0, 0, 0, 0, 0, 0, 0, 0, 0, 0, 0, 0, 0, 0, 0, 0, 0, 0, 0, 0, 1, 0, 0, 0] (0.000s)
  Sub: Z₀=19.977435 [LOCAL] (0.1s), α=[0.000,0.000,2.169,0.000,0.000,0.000,0.000,0.000,0.000,0.000,0.000,0.000,0.000,0.000,0.000,0.000,0.000,0.000,0.000,0.000,0.000,0.000,0.000,0.000,0.000,0.000,0.000,0.000,0.000,0.000,0.000,0.000,4.948,2.827,0.000,0.000]
  Iter 22: LB=14.769232  UB=18.899611  gap=2.19e-01
  Cut: intercept=-1151.679703, π_x_range=[-823.4552, 585.9999]
  Mini-Benders[1] (mw): LB=15.010678, Z₀(α*)=-10.396240, intercept=-61.591158 (0.182s) [OMP=0.154 ISP-L=0.004 ISP-F=0.010 MW-L=0.011 MW-F=0.006]
  Mini-Benders[2] (mw): LB=15.010678, Z₀(α*)=-10.396240, intercept=-61.591158 (0.151s) [OMP=0.126 ISP-L=0.004 ISP-F=0.010 MW-L=0.008 MW-F=0.007]
  Mini-Benders[3] (mw): LB=15.010678, Z₀(α*)=-10.396240, intercept=-61.591158 (0.166s) [OMP=0.136 ISP-L=0.004 ISP-F=0.010 MW-L=0.011 MW-F=0.007]
  Mini-Benders[4]: LB stagnated, break
  α-step: Z₀=20.530969, α=[0.000,0.000,2.990,0.000,0.000,0.000,0.000,0.000,0.000,0.000,0.000,0.000,2.097,1.733,0.000,0.000,0.000,0.000,0.000,0.000,0.000,0.000,0.000,0.000,0.000,0.000,0.000,0.000,0.000,0.000,0.000,0.000,0.000,3.124,0.000,0.000]
  Alt-Benders[1] (mw): LB=15.177574, Z₀(α*)=-13.923077, intercept=-82.588923 (0.163s) [OMP=0.145 ISP-L=0.004 ISP-F=0.009 MW-L=0.011 MW-F=0.007]
  Alt-Benders[2] (mw): LB=15.177574, Z₀(α*)=-13.923077, intercept=-82.588923 (0.151s) [OMP=0.122 ISP-L=0.004 ISP-F=0.009 MW-L=0.008 MW-F=0.007]
  Alt-Benders[3] (mw): LB=15.177574, Z₀(α*)=-13.923077, intercept=-82.588923 (0.166s) [OMP=0.122 ISP-L=0.004 ISP-F=0.008 MW-L=0.011 MW-F=0.007]
  Alt-Benders[4]: LB stagnated, break
  OMP re-solve: 0.000s

=== True-DRO Benders iter 23 ===
  OMP: t₀=15.177574, UB=18.899611, gap=1.97e-01, x=[0, 0, 0, 0, 0, 1, 0, 0, 0, 0, 0, 0, 0, 0, 0, 0, 0, 0, 0, 0, 0, 0, 0, 0, 0, 0, 0, 0, 0, 0, 0, 0, 1, 0, 0, 0] (0.000s)
  Sub: Z₀=15.613560 [LOCAL] (0.1s), α=[0.000,0.000,0.000,0.000,0.000,3.835,0.000,0.000,0.000,0.000,0.000,0.000,0.000,0.502,0.000,0.000,0.000,0.000,0.000,0.000,0.000,0.000,0.000,0.000,0.000,0.000,0.000,0.000,0.000,0.000,0.000,0.000,5.216,0.391,0.000,0.000]
  Iter 23: LB=15.177574  UB=18.899611  gap=1.97e-01
  Cut: intercept=-1119.106016, π_x_range=[-818.5837, 576.0790]
  Mini-Benders[1] (mw): LB=15.354495, Z₀(α*)=-29.127975, intercept=-81.994917 (0.198s) [OMP=0.160 ISP-L=0.003 ISP-F=0.009 MW-L=0.010 MW-F=0.007]
  Mini-Benders[2] (mw): LB=15.354495, Z₀(α*)=-29.127975, intercept=-81.994917 (0.151s) [OMP=0.125 ISP-L=0.003 ISP-F=0.009 MW-L=0.007 MW-F=0.007]
  Mini-Benders[3] (mw): LB=15.354495, Z₀(α*)=-29.127975, intercept=-81.994917 (0.150s) [OMP=0.126 ISP-L=0.003 ISP-F=0.009 MW-L=0.007 MW-F=0.009]
  Mini-Benders[4]: LB stagnated, break
  α-step: Z₀=14.647013, α=[0.000,0.000,5.230,0.000,0.000,0.000,0.000,0.000,0.000,0.000,0.000,0.000,0.000,0.000,0.000,0.000,0.000,0.000,0.000,0.000,0.000,0.000,0.000,0.000,0.000,0.000,0.000,0.000,0.000,0.000,0.000,0.000,4.714,0.000,0.000,0.000]
  Alt-Benders[1] (mw): LB=15.354495, Z₀(α*)=15.037006, intercept=-79.742950 (0.154s) [OMP=0.126 ISP-L=0.003 ISP-F=0.008 MW-L=0.009 MW-F=0.009]
  Alt-Benders[2] (mw): LB=15.354495, Z₀(α*)=15.037006, intercept=-79.742950 (0.151s) [OMP=0.127 ISP-L=0.003 ISP-F=0.009 MW-L=0.008 MW-F=0.006]
  Alt-Benders[3] (mw): LB=15.354495, Z₀(α*)=15.037006, intercept=-79.742950 (0.151s) [OMP=0.129 ISP-L=0.004 ISP-F=0.009 MW-L=0.008 MW-F=0.009]
  Alt-Benders[4]: LB stagnated, break
  OMP re-solve: 0.000s

=== True-DRO Benders iter 24 ===
  OMP: t₀=15.354495, UB=18.899611, gap=1.88e-01, x=[0, 0, 1, 0, 0, 0, 0, 0, 0, 0, 0, 0, 0, 0, 0, 0, 0, 0, 0, 0, 0, 0, 0, 0, 0, 0, 0, 0, 0, 0, 0, 0, 1, 0, 0, 0] (0.000s)
  Sub: Z₀=15.354495 [LOCAL] (0.1s), α=[0.000,0.000,6.382,0.000,0.000,0.000,0.000,0.000,0.000,0.000,0.000,0.000,0.000,0.000,0.000,0.000,0.000,0.000,0.000,0.000,0.000,0.000,0.000,0.000,0.000,0.000,0.000,0.000,0.000,0.000,0.000,0.000,3.248,0.314,0.000,0.000]
  Iter 24: LB=15.354495  UB=18.899611  gap=1.88e-01
  Cut: intercept=-1147.458777, π_x_range=[-821.1348, 585.7134]
  Mini-Benders[1] (mw): LB=15.354495, Z₀(α*)=15.354497, intercept=-79.774581 (0.150s) [OMP=0.128 ISP-L=0.003 ISP-F=0.009 MW-L=0.008 MW-F=0.009]
  Mini-Benders[2] (mw): LB=15.354495, Z₀(α*)=15.354497, intercept=-79.774581 (0.151s) [OMP=0.122 ISP-L=0.003 ISP-F=0.008 MW-L=0.008 MW-F=0.006]
  Mini-Benders[3]: LB stagnated, break
  α-step: Z₀=15.354497, α=[0.000,0.000,6.382,0.000,0.000,0.000,0.000,0.000,0.000,0.000,0.000,0.000,0.000,0.000,0.000,0.000,0.000,0.000,0.000,0.000,0.000,0.000,0.000,0.000,0.000,0.000,0.000,0.000,0.000,0.000,0.000,0.000,3.562,0.000,0.000,0.000]
  Alt-Benders[1] (mw): LB=15.354497, Z₀(α*)=15.354497, intercept=-79.805994 (0.154s) [OMP=0.126 ISP-L=0.003 ISP-F=0.009 MW-L=0.008 MW-F=0.006]
  Alt-Benders[2] (mw): LB=15.354497, Z₀(α*)=15.354497, intercept=-79.805994 (0.151s) [OMP=0.123 ISP-L=0.003 ISP-F=0.009 MW-L=0.008 MW-F=0.006]
  Alt-Benders[3] (mw): LB=15.354497, Z₀(α*)=15.354497, intercept=-79.805994 (0.151s) [OMP=0.131 ISP-L=0.004 ISP-F=0.009 MW-L=0.011 MW-F=0.006]
  Alt-Benders[4]: LB stagnated, break
  OMP re-solve: 0.000s

=== True-DRO Benders iter 25 ===
  OMP: t₀=15.354497, UB=18.899611, gap=1.88e-01, x=[0, 0, 1, 0, 0, 0, 0, 0, 0, 0, 0, 0, 0, 0, 0, 0, 0, 0, 0, 0, 0, 0, 0, 0, 0, 0, 0, 0, 0, 0, 0, 0, 1, 0, 0, 0] (0.000s)
  Sub: Z₀=15.354501 (1.6s), α=[0.000,0.000,6.382,0.000,0.000,0.000,0.000,0.000,0.000,0.000,0.000,0.000,0.000,0.000,0.000,0.000,0.000,0.000,0.000,0.000,0.000,0.000,0.000,0.000,0.000,0.000,0.000,0.000,0.000,0.000,0.000,0.000,0.000,3.562,0.000,0.000]
  Iter 25: LB=15.354497  UB=15.354501  gap=2.52e-07
True-DRO Benders converged at iter 25 (gap=2.52e-07)
  Wall time: 65.13 sec
  OMP  time: mean=0.081s, median=0.103s, max=0.195s
  Sub  time (exact): mean=1.184s, median=1.473s, q90=1.541s, max=1.557s (n=3/25)

Result (single_l): Z₀=15.354501, iters=25, time=65.2s
x arcs = [3, 33]
