============================================================
sioux_falls — double: ε̂=0.20, ε̃=0.20, β=0.00
============================================================
Set parameter Username
Set parameter LicenseID to value 2742039
Academic license - for non-commercial use only - expires 2026-11-20
Set parameter Username
Set parameter LicenseID to value 2742039
Academic license - for non-commercial use only - expires 2026-11-20
Set parameter OutputFlag to value 1
Set parameter LogFile to value "global_miqcp.log"
Set parameter Username
Set parameter LicenseID to value 2742039
Academic license - for non-commercial use only - expires 2026-11-20
Set parameter Username
Set parameter LicenseID to value 2742039
Academic license - for non-commercial use only - expires 2026-11-20
Set parameter Username
Set parameter LicenseID to value 2742039
Academic license - for non-commercial use only - expires 2026-11-20
Set parameter Username
Set parameter LicenseID to value 2742039
Academic license - for non-commercial use only - expires 2026-11-20

=== True-DRO Benders iter 1 ===
  OMP: t₀=4.381626, UB=Inf, gap=NaN, x=[0, 0, 0, 0, 0, 0, 0, 0, 0, 0, 0, 0, 0, 0, 0, 0, 0, 0, 0, 0, 0, 0, 0, 0, 0, 0, 0, 0, 0, 0, 0, 0, 0, 0, 1, 0, 0, 0, 0, 0, 0, 0, 0, 0, 0, 0, 0, 0, 0, 0, 0, 0, 0, 0, 0, 0, 0, 0, 0, 0, 0, 0, 0, 0, 0, 0, 0, 0, 0, 0, 0, 0, 1, 0, 0, 0] (0.038s)
  Sub: Z₀=15.851200 [LOCAL] (6.1s), α=[0.000,0.000,0.000,0.000,0.000,0.000,0.000,0.000,0.000,0.000,0.000,0.000,0.000,0.000,0.000,0.000,0.000,0.000,0.000,0.000,0.000,0.000,0.000,0.000,0.000,0.000,0.000,0.000,0.000,0.000,0.000,0.000,0.000,0.000,4.788,0.000,0.000,0.000,0.000,0.000,0.000,0.000,0.000,0.000,0.000,0.000,0.000,0.000,0.000,0.000,0.000,0.000,0.000,0.000,0.000,0.000,0.000,0.000,0.000,0.000,0.000,0.000,0.000,0.000,0.000,0.000,0.000,0.000,0.000,0.000,0.000,0.000,5.654,0.000,0.000,0.000]
  Iter 1: LB=4.381626  UB=Inf  gap=NaN
  Cut: intercept=-1166.910440, π_x_range=[-824.9258, 593.6476]
  Mini-Benders[1] (mw): LB=4.405663, Z₀(α*)=-14.050552, intercept=-128.292166 (0.198s) [OMP=0.083 ISP-L=0.014 ISP-F=0.044 MW-L=0.023 MW-F=0.032]
  Mini-Benders[2] (mw): LB=4.405663, Z₀(α*)=-14.050552, intercept=-128.292166 (0.730s) [OMP=0.074 ISP-L=0.008 ISP-F=0.028 MW-L=0.064 MW-F=0.552]
  Mini-Benders[3] (mw): LB=4.405663, Z₀(α*)=-14.050552, intercept=-128.292166 (0.183s) [OMP=0.088 ISP-L=0.008 ISP-F=0.028 MW-L=0.025 MW-F=0.028]
  Mini-Benders[4]: LB stagnated, break
Set parameter NonConvex to value 2
Set parameter DualReductions to value 0
  α-step: Z₀=14.026358, α=[0.000,0.000,0.000,0.000,0.000,0.000,0.000,0.000,0.000,0.000,0.000,0.000,0.000,0.000,0.000,0.000,0.000,0.000,0.000,0.000,0.000,0.000,0.000,0.000,0.000,0.000,0.000,0.000,0.000,0.000,0.000,0.000,0.000,0.000,0.000,0.000,0.000,0.000,0.000,0.000,0.000,0.000,0.000,0.000,0.000,0.000,0.000,0.000,0.000,0.000,0.000,0.000,0.000,0.000,0.000,0.000,0.000,0.000,0.000,0.000,0.000,0.000,0.000,0.000,0.000,0.000,0.000,0.000,0.000,0.000,0.000,7.770,2.673,0.000,0.000,0.000]
  Alt-Benders[1] (mw): LB=5.059815, Z₀(α*)=8.320676, intercept=-116.961105 (0.187s) [OMP=0.090 ISP-L=0.008 ISP-F=0.025 MW-L=0.041 MW-F=0.026]
  Alt-Benders[2] (mw): LB=6.168579, Z₀(α*)=-35.313090, intercept=-75.218815 (0.245s) [OMP=0.148 ISP-L=0.008 ISP-F=0.025 MW-L=0.023 MW-F=0.034]
  Alt-Benders[3] (mw): LB=6.168579, Z₀(α*)=-35.313090, intercept=-75.218815 (0.229s) [OMP=0.140 ISP-L=0.008 ISP-F=0.026 MW-L=0.021 MW-F=0.024]
  Alt-Benders[4] (mw): LB=6.168579, Z₀(α*)=-35.313090, intercept=-75.218815 (0.229s) [OMP=0.139 ISP-L=0.008 ISP-F=0.026 MW-L=0.026 MW-F=0.026]
  Alt-Benders[5]: LB stagnated, break
  OMP re-solve: 0.001s

=== True-DRO Benders iter 2 ===
  OMP: t₀=6.168579, UB=Inf, gap=NaN, x=[0, 0, 0, 0, 0, 0, 0, 0, 0, 0, 0, 0, 0, 0, 0, 0, 0, 0, 0, 0, 0, 0, 0, 0, 0, 0, 0, 0, 0, 0, 0, 0, 0, 0, 1, 0, 0, 0, 0, 0, 0, 0, 0, 0, 0, 0, 0, 0, 0, 0, 0, 0, 0, 1, 0, 0, 0, 0, 0, 0, 0, 0, 0, 0, 0, 0, 0, 0, 0, 0, 0, 0, 0, 0, 0, 0] (0.001s)
  Sub: Z₀=17.206025 [LOCAL] (0.4s), α=[0.000,0.000,0.000,0.000,0.000,0.000,0.000,0.000,0.000,0.000,0.000,0.000,0.000,0.000,0.000,0.000,0.000,0.000,0.000,0.000,0.000,0.000,0.000,0.000,0.000,0.000,0.000,0.000,0.000,0.000,0.000,0.000,0.000,0.000,10.443,0.000,0.000,0.000,0.000,0.000,0.000,0.000,0.000,0.000,0.000,0.000,0.000,0.000,0.000,0.000,0.000,0.000,0.000,0.000,0.000,0.000,0.000,0.000,0.000,0.000,0.000,0.000,0.000,0.000,0.000,0.000,0.000,0.000,0.000,0.000,0.000,0.000,0.000,0.000,0.000,0.000]
  Iter 2: LB=6.168579  UB=Inf  gap=NaN
  Cut: intercept=-1144.500111, π_x_range=[-825.0429, 589.4089]
  Mini-Benders[1] (mw): LB=6.822731, Z₀(α*)=17.958263, intercept=-81.453541 (0.308s) [OMP=0.222 ISP-L=0.009 ISP-F=0.027 MW-L=0.023 MW-F=0.035]
  Mini-Benders[2] (mw): LB=8.320674, Z₀(α*)=-47.983487, intercept=-119.670430 (0.291s) [OMP=0.198 ISP-L=0.007 ISP-F=0.029 MW-L=0.021 MW-F=0.034]
  Mini-Benders[3] (mw): LB=8.320674, Z₀(α*)=-47.983487, intercept=-119.670430 (0.307s) [OMP=0.214 ISP-L=0.007 ISP-F=0.029 MW-L=0.024 MW-F=0.032]
  Mini-Benders[4] (mw): LB=8.320674, Z₀(α*)=-47.983487, intercept=-119.670430 (0.307s) [OMP=0.220 ISP-L=0.007 ISP-F=0.029 MW-L=0.025 MW-F=0.033]
  Mini-Benders[5]: LB stagnated, break
  α-step: Z₀=14.708145, α=[0.000,0.000,0.000,0.000,0.000,0.000,0.000,0.000,0.000,0.000,0.000,0.000,0.000,0.000,0.000,0.000,0.000,0.000,0.000,0.000,0.000,0.000,0.000,0.000,0.000,0.000,0.000,0.000,0.000,0.000,0.000,0.000,0.000,0.000,0.016,0.000,0.000,0.000,0.000,0.000,0.000,0.000,0.000,0.000,0.000,0.000,0.000,0.000,0.000,0.000,0.010,0.033,0.000,0.000,0.000,0.000,0.000,0.000,0.000,0.000,0.000,0.000,0.000,0.000,0.000,0.000,0.000,0.000,0.000,0.000,0.000,10.322,0.062,0.000,0.000,0.000]
  Alt-Benders[1] (mw): LB=8.953326, Z₀(α*)=-15.636069, intercept=-86.912555 (0.263s) [OMP=0.178 ISP-L=0.008 ISP-F=0.025 MW-L=0.022 MW-F=0.023]
  Alt-Benders[2] (mw): LB=8.953326, Z₀(α*)=-15.636069, intercept=-86.912555 (0.323s) [OMP=0.239 ISP-L=0.008 ISP-F=0.025 MW-L=0.022 MW-F=0.023]
  Alt-Benders[3] (mw): LB=8.953326, Z₀(α*)=-15.636069, intercept=-86.912555 (0.322s) [OMP=0.251 ISP-L=0.008 ISP-F=0.026 MW-L=0.022 MW-F=0.022]
  Alt-Benders[4]: LB stagnated, break
  OMP re-solve: 0.000s

=== True-DRO Benders iter 3 ===
  OMP: t₀=8.953326, UB=Inf, gap=NaN, x=[0, 0, 0, 0, 0, 0, 0, 0, 0, 0, 0, 0, 0, 0, 0, 0, 0, 0, 0, 0, 0, 0, 0, 0, 0, 0, 0, 0, 0, 0, 0, 0, 0, 0, 1, 0, 0, 0, 0, 0, 0, 0, 0, 0, 0, 0, 0, 0, 0, 0, 0, 0, 0, 0, 0, 0, 0, 0, 0, 0, 0, 0, 0, 0, 0, 0, 0, 0, 0, 0, 0, 1, 0, 0, 0, 0] (0.000s)
  Sub: Z₀=17.897252 [LOCAL] (0.5s), α=[0.000,0.000,0.000,0.000,0.000,0.000,0.000,0.000,0.000,0.000,0.000,0.000,0.000,0.000,0.000,0.000,0.000,0.000,0.000,0.000,0.000,0.000,0.000,0.000,0.000,0.000,0.000,0.000,0.000,0.000,0.000,0.000,0.000,0.000,1.996,0.000,0.000,0.000,0.000,0.000,0.000,0.000,0.000,0.000,0.000,0.000,0.000,0.000,0.000,0.000,0.531,0.000,0.000,0.000,0.000,0.000,0.000,0.000,0.000,0.000,0.000,0.000,0.000,0.000,0.000,0.000,0.000,0.000,0.000,0.000,0.000,1.996,5.920,0.000,0.000,0.000]
  Iter 3: LB=8.953326  UB=Inf  gap=NaN
  Cut: intercept=-1109.325094, π_x_range=[-824.9509, 570.0413]
  Mini-Benders[1] (mw): LB=9.421703, Z₀(α*)=16.579554, intercept=-76.796215 (0.292s) [OMP=0.207 ISP-L=0.008 ISP-F=0.024 MW-L=0.023 MW-F=0.030]
  Mini-Benders[2] (mw): LB=9.446063, Z₀(α*)=-1.443264, intercept=-112.755809 (0.338s) [OMP=0.248 ISP-L=0.006 ISP-F=0.024 MW-L=0.023 MW-F=0.028]
  Mini-Benders[3] (mw): LB=9.446063, Z₀(α*)=-1.443264, intercept=-112.755809 (0.261s) [OMP=0.172 ISP-L=0.006 ISP-F=0.024 MW-L=0.024 MW-F=0.030]
  Mini-Benders[4] (mw): LB=9.446063, Z₀(α*)=-1.443264, intercept=-112.755809 (0.260s) [OMP=0.171 ISP-L=0.006 ISP-F=0.024 MW-L=0.023 MW-F=0.031]
  Mini-Benders[5]: LB stagnated, break
  α-step: Z₀=16.833546, α=[0.000,0.000,0.000,0.000,0.000,0.000,0.000,0.000,0.000,0.000,0.000,0.000,0.000,0.000,0.000,0.000,0.000,0.000,0.000,0.000,0.000,0.000,0.000,0.000,0.000,0.000,0.000,0.000,0.000,0.000,0.000,0.000,0.000,0.000,2.461,0.000,0.000,0.000,0.000,0.000,0.000,0.000,5.854,0.000,0.000,0.000,0.000,0.000,0.000,0.000,0.000,0.000,0.000,0.000,0.000,0.000,0.000,0.000,0.000,0.000,0.000,0.000,0.000,0.000,0.000,0.000,0.000,0.000,0.000,0.000,0.000,0.000,2.128,0.000,0.000,0.000]
  Alt-Benders[1] (mw): LB=9.465275, Z₀(α*)=-9.442444, intercept=-60.553324 (0.328s) [OMP=0.232 ISP-L=0.009 ISP-F=0.030 MW-L=0.023 MW-F=0.032]
  Alt-Benders[2] (mw): LB=9.465275, Z₀(α*)=-9.442444, intercept=-60.553324 (0.276s) [OMP=0.190 ISP-L=0.008 ISP-F=0.030 MW-L=0.023 MW-F=0.032]
  Alt-Benders[3] (mw): LB=9.465275, Z₀(α*)=-9.442444, intercept=-60.553324 (0.281s) [OMP=0.182 ISP-L=0.008 ISP-F=0.030 MW-L=0.023 MW-F=0.032]
  Alt-Benders[4]: LB stagnated, break
  OMP re-solve: 0.000s

=== True-DRO Benders iter 4 ===
  OMP: t₀=9.465275, UB=Inf, gap=NaN, x=[0, 0, 0, 0, 0, 0, 0, 0, 0, 0, 0, 0, 0, 0, 0, 0, 0, 0, 0, 0, 1, 0, 0, 0, 0, 0, 0, 0, 0, 0, 0, 0, 0, 0, 1, 0, 0, 0, 0, 0, 0, 0, 0, 0, 0, 0, 0, 0, 0, 0, 0, 0, 0, 0, 0, 0, 0, 0, 0, 0, 0, 0, 0, 0, 0, 0, 0, 0, 0, 0, 0, 0, 0, 0, 0, 0] (0.000s)
  Sub: Z₀=18.979203 [LOCAL] (0.4s), α=[0.000,0.000,0.000,0.000,0.000,0.000,0.000,0.000,0.000,0.000,0.000,0.000,0.000,0.000,0.000,0.000,0.000,0.000,0.000,0.000,0.000,0.000,0.000,0.000,0.000,0.000,0.000,0.000,0.000,0.000,0.000,0.000,0.000,0.000,7.759,0.000,0.000,0.000,0.000,0.000,0.000,0.000,0.000,0.000,0.000,0.000,0.000,0.000,0.000,0.000,0.000,0.000,0.000,0.000,0.000,0.000,0.000,0.000,0.000,0.000,0.000,0.000,0.000,0.000,0.000,0.000,0.000,0.000,0.000,0.000,0.000,0.000,2.684,0.000,0.000,0.000]
  Iter 4: LB=9.465275  UB=Inf  gap=NaN
  Cut: intercept=-1148.797697, π_x_range=[-824.0657, 597.5690]
  Mini-Benders[1] (mw): LB=9.748259, Z₀(α*)=-37.231664, intercept=-123.088031 (0.339s) [OMP=0.229 ISP-L=0.009 ISP-F=0.029 MW-L=0.024 MW-F=0.034]
  Mini-Benders[2] (mw): LB=9.748259, Z₀(α*)=-37.231664, intercept=-123.088031 (0.291s) [OMP=0.201 ISP-L=0.008 ISP-F=0.028 MW-L=0.023 MW-F=0.033]
  Mini-Benders[3] (mw): LB=9.748259, Z₀(α*)=-37.231664, intercept=-123.088031 (0.292s) [OMP=0.195 ISP-L=0.008 ISP-F=0.028 MW-L=0.021 MW-F=0.034]
  Mini-Benders[4]: LB stagnated, break
  α-step: Z₀=20.149231, α=[0.000,0.000,0.000,0.000,0.000,0.000,0.000,0.000,0.000,0.000,0.000,0.000,0.000,0.000,0.000,0.000,0.000,0.000,0.000,0.000,0.000,0.000,0.000,0.000,0.000,0.000,0.000,0.000,0.000,0.000,0.000,0.000,0.000,0.000,0.000,0.000,0.000,0.000,0.000,0.000,0.000,0.000,0.000,0.000,0.000,0.000,0.000,0.000,0.000,0.000,0.000,0.000,0.000,0.000,0.000,0.000,0.000,0.000,0.000,0.000,0.000,0.000,0.000,0.000,0.000,0.000,0.000,0.000,0.000,0.000,0.000,5.689,4.754,0.000,0.000,0.000]
  Alt-Benders[1] (mw): LB=9.795956, Z₀(α*)=19.921323, intercept=-53.934909 (0.322s) [OMP=0.215 ISP-L=0.008 ISP-F=0.030 MW-L=0.024 MW-F=0.032]
  Alt-Benders[2] (mw): LB=9.815182, Z₀(α*)=20.388131, intercept=-51.401143 (0.322s) [OMP=0.210 ISP-L=0.010 ISP-F=0.027 MW-L=0.022 MW-F=0.054]
  Alt-Benders[3] (mw): LB=9.815182, Z₀(α*)=20.758163, intercept=-43.974524 (0.323s) [OMP=0.232 ISP-L=0.009 ISP-F=0.028 MW-L=0.021 MW-F=0.031]
  Alt-Benders[4] (mw): LB=9.815182, Z₀(α*)=20.758163, intercept=-44.219313 (0.354s) [OMP=0.271 ISP-L=0.009 ISP-F=0.026 MW-L=0.023 MW-F=0.031]
  Alt-Benders[5]: LB stagnated, break
  OMP re-solve: 0.000s

=== True-DRO Benders iter 5 ===
  OMP: t₀=9.815182, UB=Inf, gap=NaN, x=[0, 0, 0, 0, 0, 0, 0, 0, 0, 0, 0, 0, 0, 0, 0, 0, 0, 0, 0, 0, 0, 0, 0, 0, 0, 0, 0, 0, 0, 0, 0, 0, 0, 0, 0, 0, 0, 0, 0, 0, 0, 0, 0, 0, 0, 0, 0, 0, 0, 0, 0, 0, 0, 0, 0, 0, 0, 0, 0, 0, 0, 0, 0, 0, 1, 0, 0, 0, 0, 0, 0, 1, 0, 0, 0, 0] (0.000s)
  Sub: Z₀=20.443692 [TIME_LIMIT] (15.1s), α=[0.000,0.000,0.000,0.000,0.000,0.000,0.000,0.000,0.000,0.000,0.000,0.000,0.000,0.000,0.000,0.000,0.000,0.000,0.000,0.000,0.000,0.000,0.000,0.000,0.000,0.000,0.000,0.000,0.000,0.000,0.000,0.000,0.000,0.000,0.000,0.000,0.000,0.000,0.000,0.000,0.000,0.000,0.000,0.000,0.000,0.000,0.000,0.000,0.000,0.000,0.000,0.000,0.000,0.000,0.000,0.000,0.000,0.000,0.000,0.000,0.000,0.000,0.000,0.000,0.000,0.000,0.000,0.000,0.000,0.000,0.000,6.576,3.867,0.000,0.000,0.000]
  Iter 5: LB=9.815182  UB=20.448856  gap=5.20e-01
  Cut: intercept=-211.443085, π_x_range=[-153.3654, 148.8242]
  Mini-Benders[1] (mw): LB=9.815182, Z₀(α*)=20.108533, intercept=-74.669018 (0.339s) [OMP=0.240 ISP-L=0.008 ISP-F=0.032 MW-L=0.024 MW-F=0.034]
  Mini-Benders[2] (mw): LB=9.815182, Z₀(α*)=20.656326, intercept=-62.467839 (0.322s) [OMP=0.215 ISP-L=0.007 ISP-F=0.029 MW-L=0.023 MW-F=0.053]
  Mini-Benders[3]: LB stagnated, break
  α-step: Z₀=20.153507, α=[0.000,0.000,0.000,0.000,0.000,0.000,0.000,0.000,0.000,0.000,0.000,0.000,0.000,0.000,0.000,0.000,0.000,0.000,0.000,0.000,0.000,0.000,0.000,0.000,0.000,0.000,0.000,0.000,0.000,0.000,0.000,0.000,0.000,0.000,0.000,0.000,0.000,0.000,0.000,0.000,0.000,0.000,0.000,0.000,0.000,0.000,0.000,0.000,0.000,0.000,0.000,0.000,0.000,0.000,0.000,0.000,0.000,0.000,0.000,0.000,0.000,0.000,0.000,0.000,0.000,0.000,0.000,0.000,0.000,0.000,0.000,7.186,3.257,0.000,0.000,0.000]
  Alt-Benders[1] (mw): LB=9.815182, Z₀(α*)=20.627667, intercept=-54.616875 (0.325s) [OMP=0.233 ISP-L=0.008 ISP-F=0.029 MW-L=0.023 MW-F=0.028]
  Alt-Benders[2] (mw): LB=9.815182, Z₀(α*)=20.501124, intercept=-65.355625 (0.307s) [OMP=0.217 ISP-L=0.008 ISP-F=0.029 MW-L=0.022 MW-F=0.032]
  Alt-Benders[3]: LB stagnated, break
  OMP re-solve: 0.001s

=== True-DRO Benders iter 6 ===
  OMP: t₀=9.815182, UB=20.448856, gap=5.20e-01, x=[0, 0, 0, 0, 0, 0, 0, 0, 0, 0, 0, 0, 0, 0, 0, 0, 1, 0, 0, 0, 0, 0, 0, 0, 0, 0, 0, 0, 0, 0, 0, 0, 0, 0, 0, 0, 0, 0, 0, 0, 0, 0, 0, 0, 0, 0, 0, 0, 0, 0, 0, 0, 0, 0, 0, 0, 0, 0, 0, 0, 0, 0, 0, 0, 0, 0, 0, 0, 0, 0, 0, 1, 0, 0, 0, 0] (0.000s)
  Sub: Z₀=20.652085 [LOCAL] (0.4s), α=[0.000,0.000,0.000,0.000,0.000,0.000,0.000,0.000,0.000,0.000,0.000,0.000,0.000,0.000,0.000,0.000,0.000,0.000,0.000,0.000,0.000,0.000,0.000,0.000,0.000,0.000,0.000,0.000,0.000,0.000,0.000,0.000,0.000,0.000,0.000,0.000,0.000,0.000,0.000,0.000,0.000,0.000,0.000,0.000,0.000,0.000,0.000,0.000,0.000,0.000,0.000,0.000,0.000,0.000,0.000,0.000,0.000,0.000,0.000,0.000,0.000,0.000,0.000,0.000,0.000,0.000,0.000,0.000,0.000,0.000,0.000,7.186,3.257,0.000,0.000,0.000]
  Iter 6: LB=9.815182  UB=20.448856  gap=5.20e-01
  Cut: intercept=-1130.455115, π_x_range=[-825.1819, 585.0530]
  Mini-Benders[1] (mw): LB=9.815182, Z₀(α*)=20.418252, intercept=-64.079830 (0.323s) [OMP=0.219 ISP-L=0.008 ISP-F=0.028 MW-L=0.021 MW-F=0.036]
  Mini-Benders[2] (mw): LB=9.815182, Z₀(α*)=20.555647, intercept=-78.329357 (0.322s) [OMP=0.226 ISP-L=0.008 ISP-F=0.032 MW-L=0.023 MW-F=0.028]
  Mini-Benders[3]: LB stagnated, break
  α-step: Z₀=20.478608, α=[0.000,0.000,0.000,0.000,0.000,0.000,0.000,0.000,0.000,0.000,0.000,0.000,0.000,0.000,0.000,0.000,0.000,0.000,0.000,0.000,0.000,0.000,0.000,0.000,0.000,0.000,0.000,0.000,0.000,0.000,0.000,0.000,0.000,0.000,0.000,0.000,0.000,0.000,0.000,0.000,0.000,0.000,0.000,0.000,0.000,0.000,0.000,0.000,0.000,0.000,0.000,0.000,0.000,0.000,0.000,0.000,0.000,0.000,0.000,0.000,0.000,0.000,0.000,0.000,0.000,0.000,0.000,0.000,0.000,0.000,0.000,7.186,3.257,0.000,0.000,0.000]
  Alt-Benders[1] (mw): LB=10.084977, Z₀(α*)=20.922882, intercept=-49.372117 (0.361s) [OMP=0.273 ISP-L=0.009 ISP-F=0.028 MW-L=0.023 MW-F=0.028]
  Alt-Benders[2] (mw): LB=10.119112, Z₀(α*)=20.922882, intercept=-49.916036 (0.341s) [OMP=0.249 ISP-L=0.008 ISP-F=0.029 MW-L=0.023 MW-F=0.028]
  Alt-Benders[3] (mw): LB=10.412381, Z₀(α*)=-21.013590, intercept=-34.516688 (0.323s) [OMP=0.233 ISP-L=0.007 ISP-F=0.025 MW-L=0.024 MW-F=0.032]
  Alt-Benders[4] (mw): LB=10.412381, Z₀(α*)=-21.013590, intercept=-34.516688 (0.291s) [OMP=0.197 ISP-L=0.007 ISP-F=0.025 MW-L=0.023 MW-F=0.032]
  Alt-Benders[5] (mw): LB=10.412381, Z₀(α*)=-21.013590, intercept=-34.516688 (0.276s) [OMP=0.196 ISP-L=0.007 ISP-F=0.025 MW-L=0.023 MW-F=0.032]
  OMP re-solve: 0.197s

=== True-DRO Benders iter 7 ===
  OMP: t₀=10.412381, UB=20.448856, gap=4.91e-01, x=[0, 0, 0, 0, 0, 0, 0, 0, 0, 0, 1, 0, 0, 0, 0, 0, 0, 0, 0, 0, 0, 0, 0, 0, 0, 0, 0, 0, 0, 0, 0, 0, 0, 0, 1, 0, 0, 0, 0, 0, 0, 0, 0, 0, 0, 0, 0, 0, 0, 0, 0, 0, 0, 0, 0, 0, 0, 0, 0, 0, 0, 0, 0, 0, 0, 0, 0, 0, 0, 0, 0, 0, 0, 0, 0, 0] (0.000s)
  Sub: Z₀=20.353235 [LOCAL] (0.4s), α=[0.000,0.000,0.000,0.000,0.000,0.000,0.000,0.000,0.000,0.000,0.000,0.000,0.000,0.000,0.000,0.000,0.000,0.000,0.000,0.000,0.000,0.000,0.000,0.000,0.000,0.000,0.000,0.000,0.000,0.000,0.000,0.000,0.000,0.000,8.023,0.000,0.000,0.000,0.000,0.000,0.000,0.000,0.000,0.000,0.000,0.000,0.000,0.000,0.000,0.000,0.000,0.000,0.000,0.000,0.000,0.000,0.000,0.000,0.000,0.000,0.000,0.000,0.000,0.000,0.000,0.000,0.000,0.000,0.000,0.000,0.000,0.000,2.420,0.000,0.000,0.000]
  Iter 7: LB=10.412381  UB=20.448856  gap=4.91e-01
  Cut: intercept=-1136.815530, π_x_range=[-825.9930, 584.7255]
  Mini-Benders[1] (mw): LB=10.412381, Z₀(α*)=20.353238, intercept=-49.953543 (0.338s) [OMP=0.219 ISP-L=0.009 ISP-F=0.035 MW-L=0.023 MW-F=0.056]
  Mini-Benders[2] (mw): LB=10.422381, Z₀(α*)=20.603853, intercept=-61.333965 (0.325s) [OMP=0.226 ISP-L=0.008 ISP-F=0.030 MW-L=0.023 MW-F=0.027]
  Mini-Benders[3] (mw): LB=10.451047, Z₀(α*)=20.495123, intercept=-60.320782 (0.339s) [OMP=0.237 ISP-L=0.008 ISP-F=0.031 MW-L=0.024 MW-F=0.031]
  Mini-Benders[4] (mw): LB=10.461047, Z₀(α*)=20.540098, intercept=-59.065625 (0.323s) [OMP=0.231 ISP-L=0.008 ISP-F=0.027 MW-L=0.023 MW-F=0.031]
  Mini-Benders[5] (mw): LB=10.526018, Z₀(α*)=20.482663, intercept=-95.027943 (0.307s) [OMP=0.225 ISP-L=0.009 ISP-F=0.028 MW-L=0.022 MW-F=0.030]
  α-step: Z₀=20.289526, α=[0.000,0.000,0.000,0.000,0.000,0.000,0.000,0.000,0.000,0.000,0.000,0.000,0.000,0.000,0.000,0.000,0.000,0.000,0.000,0.000,0.000,0.000,0.000,0.000,0.000,0.000,0.000,0.000,0.000,0.000,0.000,0.000,0.000,0.000,7.997,0.000,0.000,0.000,0.000,0.000,0.000,0.000,0.000,0.000,0.000,0.000,0.000,0.000,0.000,0.000,0.000,0.000,0.000,0.000,0.000,0.000,0.000,0.000,0.000,0.000,0.000,0.000,0.000,0.000,0.000,0.000,0.000,0.000,0.000,0.000,0.000,0.000,2.446,0.000,0.000,0.000]
  Alt-Benders[1] (mw): LB=10.813081, Z₀(α*)=20.585414, intercept=-47.275458 (0.323s) [OMP=0.228 ISP-L=0.008 ISP-F=0.027 MW-L=0.023 MW-F=0.049]
  Alt-Benders[2] (mw): LB=10.822307, Z₀(α*)=21.030737, intercept=-33.981825 (0.292s) [OMP=0.217 ISP-L=0.008 ISP-F=0.025 MW-L=0.023 MW-F=0.030]
  Alt-Benders[3] (mw): LB=10.832307, Z₀(α*)=20.693663, intercept=-34.983764 (0.369s) [OMP=0.276 ISP-L=0.008 ISP-F=0.026 MW-L=0.023 MW-F=0.032]
  Alt-Benders[4] (mw): LB=10.832307, Z₀(α*)=21.040737, intercept=-43.858891 (0.417s) [OMP=0.314 ISP-L=0.008 ISP-F=0.028 MW-L=0.023 MW-F=0.034]
  Alt-Benders[5] (mw): LB=10.832307, Z₀(α*)=21.040737, intercept=-33.515134 (0.385s) [OMP=0.295 ISP-L=0.008 ISP-F=0.029 MW-L=0.021 MW-F=0.030]
  OMP re-solve: 0.277s

=== True-DRO Benders iter 8 ===
  OMP: t₀=10.832307, UB=20.448856, gap=4.70e-01, x=[0, 0, 0, 0, 0, 0, 0, 0, 0, 0, 0, 0, 0, 0, 0, 0, 0, 0, 0, 0, 0, 0, 0, 0, 0, 0, 0, 0, 0, 0, 0, 0, 0, 0, 1, 0, 0, 0, 0, 0, 0, 0, 0, 0, 0, 0, 0, 0, 0, 0, 0, 0, 0, 0, 0, 0, 0, 0, 0, 0, 1, 0, 0, 0, 0, 0, 0, 0, 0, 0, 0, 0, 0, 0, 0, 0] (0.000s)
  Sub: Z₀=21.040734 [LOCAL] (0.4s), α=[0.000,0.000,0.000,0.000,0.000,0.000,0.000,0.000,0.000,0.000,0.000,0.000,0.000,0.000,0.000,0.000,0.000,0.000,0.000,0.000,0.000,0.000,0.000,0.000,0.000,0.000,0.000,0.000,0.000,0.000,0.000,0.000,0.000,0.000,7.773,0.000,0.000,0.000,0.000,0.000,0.000,0.000,0.000,0.000,0.000,0.000,0.000,0.000,0.000,0.000,0.000,0.000,0.000,0.000,0.000,0.000,0.000,0.000,0.000,0.000,0.000,0.000,0.000,0.000,0.000,0.000,0.000,0.000,0.000,0.000,0.000,0.000,2.670,0.000,0.000,0.000]
  Iter 8: LB=10.832307  UB=20.448856  gap=4.70e-01
  Cut: intercept=-1147.930841, π_x_range=[-825.3427, 588.7271]
  Mini-Benders[1] (mw): LB=10.832307, Z₀(α*)=20.669241, intercept=-35.718971 (0.387s) [OMP=0.256 ISP-L=0.009 ISP-F=0.028 MW-L=0.022 MW-F=0.070]
  Mini-Benders[2] (mw): LB=10.832307, Z₀(α*)=21.040737, intercept=-33.180713 (0.354s) [OMP=0.256 ISP-L=0.009 ISP-F=0.030 MW-L=0.023 MW-F=0.027]
  Mini-Benders[3]: LB stagnated, break
  α-step: Z₀=20.939341, α=[0.000,0.000,0.000,0.000,0.000,0.000,0.000,0.000,0.000,0.000,0.000,0.000,0.000,0.000,0.000,0.000,0.000,0.000,0.000,0.000,0.000,0.000,0.000,0.000,0.000,0.000,0.000,0.000,0.000,0.000,0.000,0.000,0.000,0.000,7.997,0.000,0.000,0.000,0.000,0.000,0.000,0.000,0.000,0.000,0.000,0.000,0.000,0.000,0.000,0.000,0.000,0.000,0.000,0.000,0.000,0.000,0.000,0.000,0.000,0.000,0.000,0.000,0.000,0.000,0.000,0.000,0.000,0.000,0.000,0.000,0.000,0.000,2.446,0.000,0.000,0.000]
  Alt-Benders[1] (mw): LB=10.832307, Z₀(α*)=21.040737, intercept=-33.270364 (0.385s) [OMP=0.292 ISP-L=0.009 ISP-F=0.029 MW-L=0.022 MW-F=0.034]
  Alt-Benders[2] (mw): LB=11.109339, Z₀(α*)=-10.320261, intercept=-129.986520 (0.386s) [OMP=0.294 ISP-L=0.008 ISP-F=0.027 MW-L=0.022 MW-F=0.035]
  Alt-Benders[3] (mw): LB=11.109339, Z₀(α*)=-10.320261, intercept=-129.986520 (0.291s) [OMP=0.191 ISP-L=0.008 ISP-F=0.027 MW-L=0.023 MW-F=0.036]
  Alt-Benders[4] (mw): LB=11.109339, Z₀(α*)=-10.320261, intercept=-129.986520 (0.291s) [OMP=0.191 ISP-L=0.008 ISP-F=0.027 MW-L=0.023 MW-F=0.036]
  Alt-Benders[5]: LB stagnated, break
  OMP re-solve: 0.000s

=== True-DRO Benders iter 9 ===
  OMP: t₀=11.109339, UB=20.448856, gap=4.57e-01, x=[0, 0, 0, 0, 0, 0, 0, 0, 0, 0, 0, 0, 0, 0, 0, 0, 0, 0, 0, 0, 0, 0, 0, 0, 0, 0, 0, 0, 0, 0, 0, 0, 0, 0, 0, 0, 0, 0, 0, 0, 0, 0, 0, 0, 0, 0, 0, 0, 0, 0, 0, 0, 0, 0, 0, 0, 0, 0, 0, 0, 1, 1, 0, 0, 0, 0, 0, 0, 0, 0, 0, 0, 0, 0, 0, 0] (0.000s)
  Sub: Z₀=21.331452 [LOCAL] (0.4s), α=[0.000,0.000,0.000,0.000,0.000,0.000,0.000,0.000,0.000,0.000,0.000,0.000,0.000,0.000,0.000,0.000,0.000,0.000,0.000,0.000,0.000,0.000,0.000,0.000,0.000,0.000,0.000,0.000,0.000,0.000,0.000,0.000,0.000,0.000,0.000,0.000,0.000,0.000,0.000,0.000,0.000,0.000,0.000,0.000,0.000,0.000,0.000,0.000,0.000,0.000,0.000,0.000,0.000,0.000,0.000,0.000,0.000,0.000,0.000,0.000,2.890,3.941,0.000,0.000,0.000,0.000,0.000,0.000,0.000,0.000,0.000,0.000,3.612,0.000,0.000,0.000]
  Iter 9: LB=11.109339  UB=20.448856  gap=4.57e-01
  Cut: intercept=-1098.755945, π_x_range=[-826.3176, 570.0298]
  Mini-Benders[1] (mw): LB=11.259645, Z₀(α*)=-11.167034, intercept=-108.898716 (0.369s) [OMP=0.264 ISP-L=0.008 ISP-F=0.029 MW-L=0.024 MW-F=0.035]
  Mini-Benders[2] (mw): LB=11.259645, Z₀(α*)=-11.167034, intercept=-108.898716 (0.341s) [OMP=0.248 ISP-L=0.008 ISP-F=0.031 MW-L=0.024 MW-F=0.035]
  Mini-Benders[3] (mw): LB=11.259645, Z₀(α*)=-11.167034, intercept=-108.898716 (0.354s) [OMP=0.245 ISP-L=0.008 ISP-F=0.030 MW-L=0.021 MW-F=0.037]
  Mini-Benders[4]: LB stagnated, break
  α-step: Z₀=22.441750, α=[0.000,0.000,0.000,0.000,0.000,0.000,0.000,0.000,0.000,0.000,0.000,0.000,0.000,0.000,0.000,0.000,0.000,0.000,0.000,0.000,0.000,0.000,0.000,0.000,0.000,0.000,0.000,0.000,0.000,0.000,0.000,0.000,0.000,0.000,0.000,0.000,0.000,0.000,0.000,0.000,0.000,0.000,0.000,0.000,0.000,0.000,0.000,0.000,0.000,0.000,0.000,0.000,0.000,0.000,0.000,0.000,0.000,0.000,0.000,0.000,0.000,0.669,0.000,0.000,0.000,0.000,0.000,0.000,0.000,0.000,0.000,0.000,9.773,0.000,0.000,0.000]
  Alt-Benders[1] (mw): LB=11.317217, Z₀(α*)=9.403184, intercept=-28.502801 (0.399s) [OMP=0.315 ISP-L=0.008 ISP-F=0.028 MW-L=0.023 MW-F=0.029]
  Alt-Benders[2] (mw): LB=11.317217, Z₀(α*)=9.403184, intercept=-28.502801 (0.292s) [OMP=0.212 ISP-L=0.007 ISP-F=0.027 MW-L=0.020 MW-F=0.030]
  Alt-Benders[3] (mw): LB=11.317217, Z₀(α*)=9.403184, intercept=-28.502801 (0.307s) [OMP=0.210 ISP-L=0.008 ISP-F=0.027 MW-L=0.023 MW-F=0.030]
  Alt-Benders[4]: LB stagnated, break
  OMP re-solve: 0.000s

=== True-DRO Benders iter 10 ===
  OMP: t₀=11.317217, UB=20.448856, gap=4.47e-01, x=[0, 0, 0, 0, 0, 0, 0, 0, 0, 0, 0, 0, 0, 0, 0, 0, 1, 0, 0, 0, 0, 0, 0, 0, 0, 0, 0, 0, 0, 0, 0, 0, 0, 0, 1, 0, 0, 0, 0, 0, 0, 0, 0, 0, 0, 0, 0, 0, 0, 0, 0, 0, 0, 0, 0, 0, 0, 0, 0, 0, 0, 0, 0, 0, 0, 0, 0, 0, 0, 0, 0, 0, 0, 0, 0, 0] (0.000s)
  Sub: Z₀=20.699815 (6.5s), α=[0.000,0.000,0.000,0.000,0.000,0.000,0.000,0.000,0.000,0.000,0.000,0.000,0.000,0.000,0.000,0.000,0.000,0.000,0.000,0.000,0.000,0.000,0.000,0.000,0.000,0.000,0.000,0.000,0.000,0.000,0.000,0.000,0.000,0.000,7.951,0.000,0.000,0.000,0.000,0.000,0.000,0.000,0.000,0.000,0.000,0.000,0.000,0.000,0.000,0.000,0.000,0.000,0.000,0.000,0.000,0.000,0.000,0.000,0.000,0.000,0.000,0.000,0.000,0.000,0.000,0.000,0.000,0.000,0.000,0.000,0.000,0.000,2.491,0.000,0.000,0.000]
  Iter 10: LB=11.317217  UB=20.448856  gap=4.47e-01
  Cut: intercept=-52.369718, π_x_range=[-178.3320, 73.0695]
  Sherali-Cut: intercept=-24.324925, π_x_range=[-83.7937, 39.3484]
  Mini-Benders[1] (mw): LB=11.555484, Z₀(α*)=-3.534650, intercept=-110.898272 (0.354s) [OMP=0.246 ISP-L=0.009 ISP-F=0.031 MW-L=0.025 MW-F=0.028]
  Mini-Benders[2] (mw): LB=11.555484, Z₀(α*)=-3.534650, intercept=-110.898272 (0.339s) [OMP=0.252 ISP-L=0.009 ISP-F=0.031 MW-L=0.025 MW-F=0.027]
  Mini-Benders[3] (mw): LB=11.555484, Z₀(α*)=-3.534650, intercept=-110.898272 (0.369s) [OMP=0.265 ISP-L=0.009 ISP-F=0.032 MW-L=0.026 MW-F=0.029]
  Mini-Benders[4]: LB stagnated, break
  α-step: Z₀=19.082200, α=[0.000,0.000,0.000,0.000,0.000,0.000,0.000,0.000,0.000,0.000,0.000,0.000,0.000,0.000,0.000,0.000,0.000,0.000,0.000,0.000,0.000,0.000,0.000,0.000,0.000,0.000,0.000,0.000,0.000,0.000,0.000,0.000,0.000,0.000,0.000,0.000,0.000,0.000,0.000,0.000,0.000,0.000,0.000,0.000,0.000,0.000,0.000,0.000,0.000,0.000,2.532,0.000,0.000,3.124,0.000,0.000,0.000,0.000,0.000,0.000,0.000,0.000,0.000,0.000,0.000,0.000,0.000,0.000,0.000,0.000,0.000,0.000,4.787,0.000,0.000,0.000]
  Alt-Benders[1] (mw): LB=11.584307, Z₀(α*)=7.074073, intercept=-115.038770 (0.363s) [OMP=0.275 ISP-L=0.008 ISP-F=0.028 MW-L=0.024 MW-F=0.026]
  Alt-Benders[2] (mw): LB=11.584307, Z₀(α*)=7.074073, intercept=-115.038770 (0.294s) [OMP=0.212 ISP-L=0.008 ISP-F=0.028 MW-L=0.024 MW-F=0.027]
  Alt-Benders[3] (mw): LB=11.584307, Z₀(α*)=7.074073, intercept=-115.038770 (0.307s) [OMP=0.211 ISP-L=0.008 ISP-F=0.027 MW-L=0.024 MW-F=0.029]
  Alt-Benders[4]: LB stagnated, break
  OMP re-solve: 0.001s

=== True-DRO Benders iter 11 ===
  OMP: t₀=11.584307, UB=20.448856, gap=4.33e-01, x=[0, 0, 0, 0, 0, 0, 0, 0, 0, 0, 0, 0, 0, 0, 0, 0, 0, 0, 0, 0, 0, 0, 0, 0, 0, 0, 0, 0, 0, 0, 0, 0, 0, 0, 0, 0, 0, 0, 0, 0, 0, 0, 0, 0, 0, 0, 0, 0, 0, 0, 0, 0, 0, 0, 0, 0, 0, 0, 0, 0, 0, 0, 0, 0, 1, 0, 0, 0, 0, 0, 0, 0, 1, 0, 0, 0] (0.000s)
  Sub: Z₀=22.471056 [LOCAL] (0.4s), α=[0.000,0.000,0.000,0.000,0.000,0.000,0.000,0.000,0.000,0.000,0.000,0.000,0.000,0.000,0.000,0.000,0.000,0.000,0.000,0.000,0.000,0.000,0.000,0.000,0.000,0.000,0.000,0.000,0.000,0.000,0.000,0.000,0.000,0.000,0.000,0.000,0.000,0.000,0.000,0.000,0.000,0.000,0.000,0.000,0.000,0.000,0.000,0.000,0.000,0.000,0.000,0.000,0.000,0.000,0.000,0.000,0.000,0.000,0.000,0.000,0.000,0.000,0.000,0.000,0.000,0.000,0.000,0.000,0.000,0.000,0.000,0.000,10.443,0.000,0.000,0.000]
  Iter 11: LB=11.584307  UB=20.448856  gap=4.33e-01
  Cut: intercept=-1125.103901, π_x_range=[-825.9292, 584.2422]
  Mini-Benders[1] (mw): LB=11.708586, Z₀(α*)=21.391007, intercept=-26.804012 (0.401s) [OMP=0.314 ISP-L=0.008 ISP-F=0.029 MW-L=0.023 MW-F=0.034]
  Mini-Benders[2] (mw): LB=11.713542, Z₀(α*)=10.413342, intercept=-38.809039 (0.385s) [OMP=0.290 ISP-L=0.008 ISP-F=0.028 MW-L=0.022 MW-F=0.031]
  Mini-Benders[3] (mw): LB=11.713542, Z₀(α*)=10.413342, intercept=-38.809039 (0.341s) [OMP=0.257 ISP-L=0.008 ISP-F=0.027 MW-L=0.020 MW-F=0.032]
  Mini-Benders[4] (mw): LB=11.713542, Z₀(α*)=10.413342, intercept=-38.809039 (0.339s) [OMP=0.255 ISP-L=0.008 ISP-F=0.027 MW-L=0.022 MW-F=0.031]
  Mini-Benders[5]: LB stagnated, break
  α-step: Z₀=20.726524, α=[0.000,0.000,0.000,0.000,0.000,0.000,0.000,0.000,0.000,0.000,0.000,0.000,0.000,0.000,0.000,0.000,0.000,0.000,0.000,0.000,0.000,0.000,0.000,0.000,0.000,0.000,0.000,0.000,0.000,0.000,0.000,0.000,0.000,0.000,5.689,0.000,0.000,0.000,0.000,0.000,0.000,0.000,0.000,0.000,0.000,0.000,0.000,0.000,0.000,0.000,0.000,0.000,0.000,0.000,0.000,0.000,0.000,0.000,0.000,0.000,0.000,0.000,0.000,0.000,0.000,0.000,0.000,0.000,0.000,0.000,0.000,0.000,4.754,0.000,0.000,0.000]
  Alt-Benders[1] (mw): LB=11.824944, Z₀(α*)=9.615781, intercept=-102.486260 (0.338s) [OMP=0.251 ISP-L=0.006 ISP-F=0.024 MW-L=0.022 MW-F=0.030]
  Alt-Benders[2] (mw): LB=11.824944, Z₀(α*)=9.615781, intercept=-102.486260 (0.338s) [OMP=0.244 ISP-L=0.006 ISP-F=0.023 MW-L=0.025 MW-F=0.028]
  Alt-Benders[3] (mw): LB=11.824944, Z₀(α*)=9.615781, intercept=-102.486260 (0.308s) [OMP=0.232 ISP-L=0.006 ISP-F=0.023 MW-L=0.025 MW-F=0.028]
  Alt-Benders[4]: LB stagnated, break
  OMP re-solve: 0.000s

=== True-DRO Benders iter 12 ===
  OMP: t₀=11.824944, UB=20.448856, gap=4.22e-01, x=[0, 0, 0, 0, 0, 0, 0, 0, 0, 0, 0, 0, 0, 0, 0, 0, 0, 0, 0, 0, 0, 0, 0, 0, 0, 0, 0, 0, 0, 0, 0, 0, 0, 0, 0, 0, 0, 0, 0, 0, 0, 0, 0, 0, 0, 1, 0, 0, 0, 1, 0, 0, 0, 0, 0, 0, 0, 0, 0, 0, 0, 0, 0, 0, 0, 0, 0, 0, 0, 0, 0, 0, 0, 0, 0, 0] (0.000s)
  Sub: Z₀=21.173470 [LOCAL] (0.4s), α=[0.000,0.000,0.000,0.000,0.000,0.000,0.000,0.000,0.000,0.000,0.000,0.000,0.000,0.000,0.000,0.000,0.000,0.000,0.000,0.000,0.000,0.000,0.000,0.000,0.000,0.000,0.000,0.000,0.000,0.000,0.000,0.000,0.000,0.000,0.000,0.000,0.000,0.000,0.383,0.000,0.000,0.000,0.000,0.000,0.000,2.865,0.000,0.000,0.000,4.749,0.000,0.000,0.000,0.000,0.000,0.000,0.000,0.000,0.000,0.000,0.000,0.000,0.000,0.000,0.000,0.000,0.000,0.000,0.000,0.000,0.000,0.000,2.446,0.000,0.000,0.000]
  Iter 12: LB=11.824944  UB=20.448856  gap=4.22e-01
  Cut: intercept=-1104.448934, π_x_range=[-824.2199, 572.3853]
  Mini-Benders[1] (mw): LB=12.223982, Z₀(α*)=-24.449112, intercept=-101.204261 (0.369s) [OMP=0.267 ISP-L=0.008 ISP-F=0.026 MW-L=0.023 MW-F=0.037]
  Mini-Benders[2] (mw): LB=12.223982, Z₀(α*)=-24.449112, intercept=-101.204261 (0.341s) [OMP=0.244 ISP-L=0.008 ISP-F=0.026 MW-L=0.023 MW-F=0.036]
  Mini-Benders[3] (mw): LB=12.223982, Z₀(α*)=-24.449112, intercept=-101.204261 (0.354s) [OMP=0.254 ISP-L=0.008 ISP-F=0.026 MW-L=0.024 MW-F=0.038]
  Mini-Benders[4]: LB stagnated, break
  α-step: Z₀=19.666768, α=[0.000,0.000,0.000,0.000,0.000,0.000,0.000,0.000,0.000,0.000,0.000,0.000,0.000,0.000,0.000,0.000,0.000,0.000,0.000,0.000,0.000,0.000,0.000,0.000,0.000,0.000,0.000,0.000,0.000,0.000,0.000,0.000,0.000,0.000,0.181,0.000,0.000,0.000,0.000,0.000,0.000,0.000,0.000,0.000,0.000,0.000,0.000,0.000,0.000,0.000,0.100,4.288,0.000,0.000,0.000,0.000,0.000,0.000,0.000,0.000,0.000,0.000,0.000,0.000,0.000,0.000,0.000,0.000,0.000,0.000,0.000,0.000,5.874,0.000,0.000,0.000]
  Alt-Benders[1] (mw): LB=12.227469, Z₀(α*)=-2.612072, intercept=-68.728162 (0.347s) [OMP=0.257 ISP-L=0.008 ISP-F=0.029 MW-L=0.024 MW-F=0.032]
  Alt-Benders[2] (mw): LB=12.227469, Z₀(α*)=-2.612072, intercept=-68.728162 (0.354s) [OMP=0.258 ISP-L=0.008 ISP-F=0.029 MW-L=0.024 MW-F=0.034]
  Alt-Benders[3] (mw): LB=12.227469, Z₀(α*)=-2.612072, intercept=-68.728162 (0.340s) [OMP=0.245 ISP-L=0.008 ISP-F=0.028 MW-L=0.024 MW-F=0.034]
  Alt-Benders[4]: LB stagnated, break
  OMP re-solve: 0.000s

=== True-DRO Benders iter 13 ===
  OMP: t₀=12.227469, UB=20.448856, gap=4.02e-01, x=[0, 1, 0, 0, 0, 0, 0, 0, 0, 0, 0, 0, 0, 0, 0, 0, 0, 0, 0, 0, 0, 0, 0, 0, 0, 0, 0, 0, 0, 0, 0, 0, 0, 0, 0, 0, 0, 0, 0, 0, 0, 0, 0, 0, 0, 0, 0, 0, 0, 0, 0, 0, 0, 0, 0, 0, 0, 0, 0, 0, 0, 0, 0, 0, 0, 0, 0, 0, 0, 0, 0, 0, 1, 0, 0, 0] (0.000s)
  Sub: Z₀=22.845506 [LOCAL] (0.4s), α=[0.000,0.000,0.000,0.000,0.000,0.000,0.000,0.000,0.000,0.000,0.000,0.000,0.000,0.000,0.000,0.000,0.000,0.000,0.000,0.000,0.000,0.000,0.000,0.000,0.000,0.000,0.000,0.000,0.000,0.000,0.000,0.000,0.000,0.000,0.000,0.000,0.000,0.000,0.000,0.000,0.000,0.000,0.000,0.000,0.000,0.000,0.000,0.000,0.000,0.000,0.000,0.000,0.000,0.000,0.000,0.000,0.000,0.000,0.000,0.000,0.000,0.000,0.000,0.000,0.000,0.000,0.000,0.000,0.000,0.000,0.000,0.000,10.443,0.000,0.000,0.000]
  Iter 13: LB=12.227469  UB=20.448856  gap=4.02e-01
  Cut: intercept=-1107.942726, π_x_range=[-826.3505, 578.0186]
  Mini-Benders[1] (mw): LB=12.306524, Z₀(α*)=3.021753, intercept=-117.706136 (0.357s) [OMP=0.264 ISP-L=0.009 ISP-F=0.032 MW-L=0.024 MW-F=0.031]
  Mini-Benders[2] (mw): LB=12.306524, Z₀(α*)=3.021753, intercept=-117.706136 (0.338s) [OMP=0.248 ISP-L=0.009 ISP-F=0.031 MW-L=0.024 MW-F=0.032]
  Mini-Benders[3] (mw): LB=12.306524, Z₀(α*)=3.021753, intercept=-117.706136 (0.325s) [OMP=0.243 ISP-L=0.008 ISP-F=0.030 MW-L=0.021 MW-F=0.033]
  Mini-Benders[4]: LB stagnated, break
  α-step: Z₀=19.891968, α=[0.000,0.000,0.000,0.000,0.000,0.000,0.000,0.000,0.000,0.000,0.000,0.000,0.000,0.000,0.000,0.000,0.000,0.000,0.000,0.000,0.000,0.000,0.000,0.000,0.000,0.000,0.000,0.000,0.000,0.000,0.000,0.000,0.000,0.000,0.000,0.000,0.000,0.000,0.000,0.000,0.000,0.000,0.000,0.000,0.000,0.000,0.000,0.000,0.000,0.000,1.651,0.000,0.000,0.452,0.000,0.000,0.000,0.000,0.000,0.000,0.000,0.669,0.000,0.000,0.000,0.000,0.000,0.000,0.000,0.000,0.000,0.000,7.671,0.000,0.000,0.000]
  Alt-Benders[1] (mw): LB=12.799989, Z₀(α*)=5.679031, intercept=-35.029271 (0.372s) [OMP=0.292 ISP-L=0.008 ISP-F=0.027 MW-L=0.022 MW-F=0.031]
  Alt-Benders[2] (mw): LB=12.799989, Z₀(α*)=5.679031, intercept=-35.029271 (0.370s) [OMP=0.271 ISP-L=0.008 ISP-F=0.026 MW-L=0.020 MW-F=0.032]
  Alt-Benders[3] (mw): LB=12.799989, Z₀(α*)=5.679031, intercept=-35.029271 (0.357s) [OMP=0.269 ISP-L=0.008 ISP-F=0.026 MW-L=0.023 MW-F=0.031]
  Alt-Benders[4]: LB stagnated, break
  OMP re-solve: 0.000s

=== True-DRO Benders iter 14 ===
  OMP: t₀=12.799989, UB=20.448856, gap=3.74e-01, x=[0, 0, 0, 0, 0, 0, 0, 0, 0, 0, 0, 0, 0, 0, 0, 0, 0, 0, 0, 0, 0, 0, 0, 0, 0, 0, 0, 0, 0, 1, 0, 0, 0, 0, 0, 0, 0, 0, 0, 0, 0, 0, 0, 0, 0, 0, 0, 0, 0, 0, 0, 0, 0, 0, 0, 0, 0, 0, 0, 0, 0, 0, 0, 0, 0, 0, 0, 0, 0, 0, 0, 0, 1, 0, 0, 0] (0.000s)
  Sub: Z₀=23.084577 [LOCAL] (0.4s), α=[0.000,0.000,0.000,0.000,0.000,0.000,0.000,0.000,0.000,0.000,0.000,0.000,0.000,0.000,0.000,0.000,0.000,0.000,0.000,0.000,0.000,0.000,0.000,0.000,0.000,0.000,0.000,0.000,0.000,0.000,0.000,0.000,0.000,0.000,0.000,0.000,0.000,0.000,0.000,0.000,0.000,0.000,0.000,0.000,0.000,0.000,0.000,0.000,0.000,0.000,0.000,0.000,0.000,0.000,0.000,0.000,0.000,0.000,0.000,0.000,0.000,0.000,0.000,0.000,0.000,0.000,0.000,0.000,0.000,0.000,0.000,0.000,10.443,0.000,0.000,0.000]
  Iter 14: LB=12.799989  UB=20.448856  gap=3.74e-01
  Cut: intercept=-1152.843090, π_x_range=[-826.5202, 592.9234]
  Mini-Benders[1] (mw): LB=12.865037, Z₀(α*)=21.546868, intercept=-33.479111 (0.401s) [OMP=0.304 ISP-L=0.009 ISP-F=0.029 MW-L=0.021 MW-F=0.037]
  Mini-Benders[2] (mw): LB=12.865037, Z₀(α*)=21.546868, intercept=-23.873618 (0.401s) [OMP=0.298 ISP-L=0.008 ISP-F=0.030 MW-L=0.023 MW-F=0.034]
  Mini-Benders[3] (mw): LB=12.867592, Z₀(α*)=19.469236, intercept=-60.643104 (0.370s) [OMP=0.277 ISP-L=0.007 ISP-F=0.028 MW-L=0.024 MW-F=0.032]
  Mini-Benders[4] (mw): LB=12.947892, Z₀(α*)=14.385073, intercept=-63.332392 (0.401s) [OMP=0.301 ISP-L=0.009 ISP-F=0.028 MW-L=0.027 MW-F=0.032]
  Mini-Benders[5] (mw): LB=12.947892, Z₀(α*)=23.834189, intercept=-3.661405 (0.385s) [OMP=0.290 ISP-L=0.009 ISP-F=0.032 MW-L=0.023 MW-F=0.031]
  α-step: Z₀=21.932660, α=[0.000,0.000,0.000,0.000,0.000,0.000,0.000,0.000,0.000,0.000,0.000,0.000,0.000,0.000,0.000,0.000,0.000,0.000,0.000,0.000,0.000,0.000,0.000,0.000,0.000,0.000,0.000,0.000,0.000,0.000,0.000,0.000,0.000,0.000,1.507,0.000,0.000,0.000,0.000,0.000,0.000,0.000,0.000,0.000,0.000,0.000,0.000,0.000,0.000,0.000,0.000,0.000,0.000,0.000,0.000,0.000,0.000,0.000,0.000,0.000,0.000,0.000,0.000,0.000,0.000,0.000,0.000,0.000,0.000,0.000,0.000,0.000,8.935,0.000,0.000,0.000]
  Alt-Benders[1] (mw): LB=12.947892, Z₀(α*)=23.873331, intercept=-11.944864 (0.434s) [OMP=0.345 ISP-L=0.009 ISP-F=0.027 MW-L=0.026 MW-F=0.026]
  Alt-Benders[2] (mw): LB=12.947892, Z₀(α*)=23.401588, intercept=-41.801381 (0.464s) [OMP=0.363 ISP-L=0.007 ISP-F=0.027 MW-L=0.027 MW-F=0.032]
  Alt-Benders[3] (mw): LB=12.947892, Z₀(α*)=23.873331, intercept=-11.944864 (0.448s) [OMP=0.359 ISP-L=0.008 ISP-F=0.029 MW-L=0.024 MW-F=0.025]
  Alt-Benders[4]: LB stagnated, break
  OMP re-solve: 0.000s

=== True-DRO Benders iter 15 ===
  OMP: t₀=12.947892, UB=20.448856, gap=3.67e-01, x=[0, 0, 0, 0, 0, 0, 0, 1, 0, 0, 0, 0, 0, 0, 0, 0, 0, 0, 0, 0, 0, 0, 0, 0, 0, 0, 0, 0, 0, 0, 0, 0, 0, 0, 0, 0, 0, 0, 0, 0, 0, 0, 0, 0, 0, 0, 0, 0, 0, 0, 0, 0, 0, 0, 0, 0, 0, 0, 0, 0, 0, 0, 0, 0, 0, 0, 0, 0, 0, 0, 0, 0, 1, 0, 0, 0] (0.000s)
  Sub: Z₀=23.827509 (9.4s), α=[0.000,0.000,0.000,0.000,0.000,0.000,0.000,0.000,0.000,0.000,0.000,0.000,0.000,0.000,0.000,0.000,0.000,0.000,0.000,0.000,0.000,0.000,0.000,0.000,0.000,0.000,0.000,0.000,0.000,0.000,0.000,0.000,0.000,0.000,1.268,0.000,0.000,0.000,0.000,0.000,0.000,0.000,0.000,0.000,0.000,0.000,0.000,0.000,0.000,0.000,0.000,0.000,0.000,0.000,0.000,0.000,0.000,0.000,0.000,0.000,0.000,0.000,0.000,0.000,0.000,0.000,0.000,0.000,0.000,0.000,0.000,0.000,9.174,0.000,0.000,0.000]
  Iter 15: LB=12.947892  UB=20.448856  gap=3.67e-01
  Cut: intercept=-18.742444, π_x_range=[-183.2085, 32.4156]
  Sherali-Cut: intercept=-2.404481, π_x_range=[-96.0443, 26.3210]
  Mini-Benders[1] (mw): LB=12.947892, Z₀(α*)=22.518371, intercept=-15.040206 (0.464s) [OMP=0.366 ISP-L=0.008 ISP-F=0.027 MW-L=0.022 MW-F=0.034]
  Mini-Benders[2] (mw): LB=12.947892, Z₀(α*)=23.419788, intercept=-12.586831 (0.448s) [OMP=0.363 ISP-L=0.008 ISP-F=0.030 MW-L=0.023 MW-F=0.028]
  Mini-Benders[3]: LB stagnated, break
  α-step: Z₀=23.159264, α=[0.000,0.000,0.000,0.000,0.000,0.000,0.000,0.000,0.000,0.000,0.000,0.000,0.000,0.000,0.000,0.000,0.000,0.000,0.000,0.000,0.000,0.000,0.000,0.000,0.000,0.000,0.000,0.000,0.000,0.000,0.000,0.000,0.000,0.000,0.708,0.000,0.000,0.000,0.000,0.000,0.000,0.000,0.000,0.000,0.000,0.000,0.000,0.000,0.000,0.000,0.000,0.000,0.000,0.000,0.000,0.000,0.000,0.000,0.000,0.000,0.000,0.000,0.000,0.000,0.000,0.000,0.000,0.000,0.000,0.000,0.000,0.000,9.735,0.000,0.000,0.000]
  Alt-Benders[1] (mw): LB=12.947892, Z₀(α*)=22.951722, intercept=-20.594380 (0.401s) [OMP=0.319 ISP-L=0.009 ISP-F=0.032 MW-L=0.024 MW-F=0.024]
  Alt-Benders[2] (mw): LB=12.947892, Z₀(α*)=23.975782, intercept=-2.422803 (0.339s) [OMP=0.249 ISP-L=0.008 ISP-F=0.029 MW-L=0.021 MW-F=0.027]
  Alt-Benders[3] (mw): LB=13.047787, Z₀(α*)=11.062143, intercept=-81.485695 (0.447s) [OMP=0.354 ISP-L=0.008 ISP-F=0.031 MW-L=0.021 MW-F=0.032]
  Alt-Benders[4] (mw): LB=13.047787, Z₀(α*)=11.062143, intercept=-81.485695 (0.370s) [OMP=0.275 ISP-L=0.008 ISP-F=0.031 MW-L=0.023 MW-F=0.029]
  Alt-Benders[5] (mw): LB=13.047787, Z₀(α*)=11.062143, intercept=-81.485695 (0.357s) [OMP=0.263 ISP-L=0.008 ISP-F=0.030 MW-L=0.023 MW-F=0.029]
  OMP re-solve: 0.275s

=== True-DRO Benders iter 16 ===
  OMP: t₀=13.047787, UB=20.448856, gap=3.62e-01, x=[0, 1, 0, 0, 0, 0, 0, 1, 0, 0, 0, 0, 0, 0, 0, 0, 0, 0, 0, 0, 0, 0, 0, 0, 0, 0, 0, 0, 0, 0, 0, 0, 0, 0, 0, 0, 0, 0, 0, 0, 0, 0, 0, 0, 0, 0, 0, 0, 0, 0, 0, 0, 0, 0, 0, 0, 0, 0, 0, 0, 0, 0, 0, 0, 0, 0, 0, 0, 0, 0, 0, 0, 0, 0, 0, 0] (0.000s)
  Sub: Z₀=21.859832 [LOCAL] (0.4s), α=[0.000,3.406,0.000,0.000,0.000,0.000,0.000,1.535,0.000,0.000,0.000,0.000,0.000,0.000,0.000,0.000,0.000,0.000,0.000,0.000,0.000,0.000,0.000,0.000,0.000,0.000,0.000,3.666,0.000,0.000,0.000,0.000,0.000,0.000,0.000,0.000,0.000,0.000,0.000,0.000,0.000,0.000,0.000,0.000,0.000,0.000,0.000,0.000,0.000,0.000,0.000,0.000,0.000,0.000,0.000,0.000,0.000,0.000,0.000,0.000,0.000,0.000,0.000,0.000,0.000,0.000,0.000,0.000,0.000,0.000,0.000,0.000,1.836,0.000,0.000,0.000]
  Iter 16: LB=13.047787  UB=20.448856  gap=3.62e-01
  Cut: intercept=-1104.514523, π_x_range=[-824.7854, 570.5991]
  Mini-Benders[1] (mw): LB=13.057825, Z₀(α*)=-11.492150, intercept=-59.672925 (0.418s) [OMP=0.309 ISP-L=0.007 ISP-F=0.029 MW-L=0.024 MW-F=0.034]
  Mini-Benders[2] (mw): LB=13.057825, Z₀(α*)=-11.492150, intercept=-59.672925 (0.403s) [OMP=0.304 ISP-L=0.007 ISP-F=0.029 MW-L=0.023 MW-F=0.033]
  Mini-Benders[3] (mw): LB=13.057825, Z₀(α*)=-11.492150, intercept=-59.672925 (0.403s) [OMP=0.314 ISP-L=0.007 ISP-F=0.029 MW-L=0.024 MW-F=0.034]
  Mini-Benders[4]: LB stagnated, break
  α-step: Z₀=21.252469, α=[0.000,0.000,0.000,0.000,0.000,0.000,0.000,0.000,0.000,0.000,0.000,0.000,0.000,0.000,0.000,0.000,0.000,0.000,0.000,0.000,0.000,0.000,0.000,0.000,0.000,0.000,0.000,0.000,0.000,0.000,0.000,0.000,0.000,0.000,5.468,0.000,0.000,0.000,0.000,0.000,0.000,0.000,0.000,0.000,0.000,0.000,0.000,0.000,0.000,0.000,0.100,0.429,0.000,0.000,0.000,0.000,0.000,0.000,0.000,0.000,0.000,0.000,0.000,0.000,0.000,0.000,0.000,0.000,0.000,0.000,0.000,2.879,1.567,0.000,0.000,0.000]
  Alt-Benders[1] (mw): LB=13.089621, Z₀(α*)=18.806006, intercept=-25.966399 (0.467s) [OMP=0.381 ISP-L=0.009 ISP-F=0.031 MW-L=0.022 MW-F=0.023]
  Alt-Benders[2] (mw): LB=13.391177, Z₀(α*)=9.946004, intercept=-56.507784 (0.447s) [OMP=0.358 ISP-L=0.008 ISP-F=0.031 MW-L=0.023 MW-F=0.029]
  Alt-Benders[3] (mw): LB=13.391177, Z₀(α*)=9.946004, intercept=-56.507784 (0.386s) [OMP=0.289 ISP-L=0.008 ISP-F=0.030 MW-L=0.022 MW-F=0.030]
  Alt-Benders[4] (mw): LB=13.391177, Z₀(α*)=9.946004, intercept=-56.507784 (0.372s) [OMP=0.286 ISP-L=0.008 ISP-F=0.029 MW-L=0.020 MW-F=0.031]
  Alt-Benders[5]: LB stagnated, break
  OMP re-solve: 0.000s

=== True-DRO Benders iter 17 ===
  OMP: t₀=13.391177, UB=20.448856, gap=3.45e-01, x=[0, 1, 0, 0, 0, 0, 0, 0, 0, 0, 0, 0, 0, 0, 0, 0, 0, 0, 0, 0, 0, 0, 0, 0, 0, 0, 0, 0, 0, 0, 0, 0, 0, 0, 0, 0, 0, 0, 0, 0, 0, 0, 0, 0, 0, 0, 0, 0, 0, 0, 0, 0, 0, 1, 0, 0, 0, 0, 0, 0, 0, 0, 0, 0, 0, 0, 0, 0, 0, 0, 0, 0, 0, 0, 0, 0] (0.000s)
  Sub: Z₀=21.668935 [LOCAL] (0.5s), α=[0.000,0.000,0.000,0.000,0.000,0.000,0.000,0.000,0.000,0.000,0.000,0.000,0.000,0.000,0.000,0.000,0.000,0.000,0.000,0.000,0.000,0.000,0.000,0.000,0.000,0.000,0.000,0.000,0.000,0.000,0.000,0.000,0.000,0.000,2.533,0.000,0.000,0.000,0.000,0.000,0.000,0.000,0.000,0.000,0.000,0.000,0.000,0.000,0.000,0.000,1.710,0.000,0.000,5.632,0.000,0.000,0.000,0.000,0.000,0.000,0.000,0.000,0.000,0.000,0.000,0.000,0.000,0.000,0.000,0.000,0.000,0.000,0.569,0.000,0.000,0.000]
  Iter 17: LB=13.391177  UB=20.448856  gap=3.45e-01
  Cut: intercept=-1088.600243, π_x_range=[-826.2110, 556.9417]
  Mini-Benders[1] (mw): LB=13.407661, Z₀(α*)=-51.681205, intercept=-61.635458 (0.479s) [OMP=0.373 ISP-L=0.008 ISP-F=0.026 MW-L=0.024 MW-F=0.034]
  Mini-Benders[2] (mw): LB=13.407661, Z₀(α*)=-51.681205, intercept=-61.635458 (0.464s) [OMP=0.382 ISP-L=0.008 ISP-F=0.026 MW-L=0.021 MW-F=0.034]
  Mini-Benders[3] (mw): LB=13.407661, Z₀(α*)=-51.681205, intercept=-61.635458 (0.479s) [OMP=0.377 ISP-L=0.008 ISP-F=0.026 MW-L=0.024 MW-F=0.033]
  Mini-Benders[4]: LB stagnated, break
  α-step: Z₀=20.350002, α=[0.000,0.000,0.000,0.000,0.000,0.000,0.000,0.000,0.000,0.000,0.000,0.000,0.000,0.000,0.000,0.000,0.000,0.000,0.000,0.000,0.000,0.000,0.000,0.000,0.000,0.000,0.000,0.000,0.000,0.000,0.000,0.000,0.000,0.000,0.000,0.000,0.000,0.000,0.000,0.000,0.000,0.000,0.000,0.000,0.000,0.000,0.000,0.000,0.000,0.000,0.000,0.000,0.000,0.000,0.000,0.000,0.000,0.000,0.000,0.000,0.000,0.000,0.000,0.000,0.000,0.000,0.000,0.000,0.000,0.000,0.000,5.689,4.754,0.000,0.000,0.000]
  Alt-Benders[1] (mw): LB=13.571854, Z₀(α*)=-23.139932, intercept=-73.310386 (0.428s) [OMP=0.346 ISP-L=0.008 ISP-F=0.025 MW-L=0.024 MW-F=0.032]
  Alt-Benders[2] (mw): LB=13.571854, Z₀(α*)=-23.139932, intercept=-73.310386 (0.432s) [OMP=0.333 ISP-L=0.008 ISP-F=0.025 MW-L=0.023 MW-F=0.031]
  Alt-Benders[3] (mw): LB=13.571854, Z₀(α*)=-23.139932, intercept=-73.310386 (0.417s) [OMP=0.325 ISP-L=0.008 ISP-F=0.026 MW-L=0.021 MW-F=0.033]
  Alt-Benders[4]: LB stagnated, break
  OMP re-solve: 0.000s

=== True-DRO Benders iter 18 ===
  OMP: t₀=13.571854, UB=20.448856, gap=3.36e-01, x=[0, 0, 0, 0, 0, 0, 0, 0, 0, 0, 0, 0, 0, 0, 0, 0, 0, 0, 0, 0, 0, 0, 0, 0, 0, 0, 0, 0, 0, 0, 0, 0, 0, 0, 0, 0, 0, 0, 0, 0, 0, 0, 0, 0, 0, 0, 0, 0, 0, 0, 0, 1, 0, 1, 0, 0, 0, 0, 0, 0, 0, 0, 0, 0, 0, 0, 0, 0, 0, 0, 0, 0, 0, 0, 0, 0] (0.000s)
  Sub: Z₀=22.093316 [LOCAL] (0.6s), α=[0.000,0.000,0.000,0.000,0.000,0.000,0.000,0.000,0.000,0.000,0.000,0.000,0.000,0.000,0.000,0.000,0.000,0.000,0.000,0.000,0.000,0.000,0.000,0.000,0.000,0.000,0.000,0.000,0.000,0.000,0.000,0.000,0.000,0.000,3.090,0.000,0.000,0.000,0.000,0.000,0.000,0.000,0.000,0.000,0.000,0.000,0.000,0.000,0.000,0.000,6.537,0.315,0.000,0.000,0.000,0.000,0.000,0.000,0.000,0.000,0.000,0.000,0.000,0.000,0.000,0.000,0.000,0.000,0.000,0.000,0.000,0.501,0.000,0.000,0.000,0.000]
  Iter 18: LB=13.571854  UB=20.448856  gap=3.36e-01
  Cut: intercept=-1098.585859, π_x_range=[-827.0305, 560.7065]
  Mini-Benders[1] (mw): LB=13.700750, Z₀(α*)=9.106346, intercept=-148.017486 (0.435s) [OMP=0.336 ISP-L=0.009 ISP-F=0.026 MW-L=0.024 MW-F=0.031]
  Mini-Benders[2] (mw): LB=13.700750, Z₀(α*)=9.106346, intercept=-148.017486 (0.388s) [OMP=0.296 ISP-L=0.009 ISP-F=0.027 MW-L=0.022 MW-F=0.032]
  Mini-Benders[3] (mw): LB=13.700750, Z₀(α*)=9.106346, intercept=-148.017486 (0.403s) [OMP=0.309 ISP-L=0.009 ISP-F=0.027 MW-L=0.024 MW-F=0.031]
  Mini-Benders[4]: LB stagnated, break
  α-step: Z₀=21.731887, α=[0.000,0.000,0.000,0.000,0.000,0.000,0.000,0.000,0.000,0.000,0.000,0.000,0.000,0.000,0.000,0.000,0.000,0.000,0.000,0.000,0.000,0.000,0.000,0.000,0.000,0.000,0.000,0.000,0.000,0.000,0.000,0.000,0.000,0.000,0.000,0.000,0.000,0.000,0.000,0.000,0.000,0.000,0.000,0.000,0.000,0.000,0.000,0.000,0.000,0.000,2.532,5.627,0.000,0.000,0.000,0.000,0.000,0.000,0.000,0.000,0.000,0.000,0.000,0.000,0.000,0.000,0.000,0.000,0.000,0.000,0.000,0.000,2.284,0.000,0.000,0.000]
  Alt-Benders[1] (mw): LB=13.876123, Z₀(α*)=21.689627, intercept=-98.989175 (0.441s) [OMP=0.326 ISP-L=0.008 ISP-F=0.028 MW-L=0.022 MW-F=0.067]
  Alt-Benders[2] (mw): LB=14.026357, Z₀(α*)=-30.702462, intercept=-121.602956 (0.448s) [OMP=0.342 ISP-L=0.008 ISP-F=0.028 MW-L=0.024 MW-F=0.032]
  Alt-Benders[3] (mw): LB=14.026358, Z₀(α*)=-30.702462, intercept=-121.602956 (0.447s) [OMP=0.358 ISP-L=0.007 ISP-F=0.028 MW-L=0.021 MW-F=0.035]
  Alt-Benders[4] (mw): LB=14.026358, Z₀(α*)=-30.702462, intercept=-121.602956 (0.479s) [OMP=0.380 ISP-L=0.008 ISP-F=0.029 MW-L=0.024 MW-F=0.033]
  Alt-Benders[5]: LB stagnated, break
  OMP re-solve: 0.001s

=== True-DRO Benders iter 19 ===
  OMP: t₀=14.026358, UB=20.448856, gap=3.14e-01, x=[0, 0, 0, 0, 0, 0, 0, 0, 0, 0, 0, 0, 0, 0, 0, 0, 0, 0, 0, 0, 0, 0, 0, 0, 0, 0, 0, 0, 0, 0, 0, 0, 0, 0, 0, 0, 0, 0, 0, 0, 0, 0, 0, 0, 0, 0, 0, 0, 0, 0, 0, 0, 0, 1, 0, 0, 0, 0, 0, 0, 0, 0, 0, 0, 0, 0, 0, 0, 0, 0, 0, 1, 0, 0, 0, 0] (0.000s)
  Sub: Z₀=15.775180 [LOCAL] (0.4s), α=[0.000,0.000,0.000,0.000,0.000,0.000,0.000,0.000,0.000,0.000,0.000,0.000,0.000,0.000,0.000,0.000,0.000,0.000,0.000,0.000,0.000,0.000,0.000,0.000,0.000,0.000,0.000,0.000,0.000,0.000,0.000,0.000,0.000,0.000,0.000,0.000,0.000,0.000,0.000,0.000,0.000,0.000,0.000,0.000,0.000,0.000,0.000,0.000,0.000,0.000,0.000,0.000,0.000,0.000,0.000,0.000,0.000,0.000,0.000,0.000,0.000,0.000,0.000,0.000,0.000,0.000,0.000,0.000,0.000,0.000,0.000,10.443,0.000,0.000,0.000,0.000]
  Iter 19: LB=14.026358  UB=20.448856  gap=3.14e-01
  Cut: intercept=-1117.747345, π_x_range=[-824.4379, 571.4145]
  Mini-Benders[1] (mw): LB=14.050390, Z₀(α*)=-14.667562, intercept=-32.820044 (0.386s) [OMP=0.292 ISP-L=0.007 ISP-F=0.028 MW-L=0.021 MW-F=0.035]
  Mini-Benders[2] (mw): LB=14.050390, Z₀(α*)=-14.667562, intercept=-32.820044 (0.403s) [OMP=0.308 ISP-L=0.007 ISP-F=0.028 MW-L=0.024 MW-F=0.033]
  Mini-Benders[3] (mw): LB=14.050390, Z₀(α*)=-14.667562, intercept=-32.820044 (0.404s) [OMP=0.307 ISP-L=0.007 ISP-F=0.028 MW-L=0.024 MW-F=0.032]
  Mini-Benders[4]: LB stagnated, break
  α-step: Z₀=22.865202, α=[0.000,0.000,0.000,0.000,0.000,0.000,0.000,0.000,0.000,0.000,0.000,0.000,0.000,0.000,0.000,0.000,0.000,0.000,0.000,0.000,0.000,0.000,0.000,0.000,0.000,0.000,0.000,0.000,0.000,0.000,0.000,0.000,0.000,0.000,0.797,0.000,0.000,0.000,0.000,0.000,0.000,0.000,0.000,0.000,0.000,0.000,0.000,0.000,0.000,0.000,1.940,3.495,0.000,0.000,0.000,0.000,0.000,0.000,0.000,0.000,0.000,0.000,0.000,0.000,0.000,0.000,0.000,0.000,0.000,0.000,0.000,0.616,3.595,0.000,0.000,0.000]
  Alt-Benders[1] (mw): LB=14.132097, Z₀(α*)=22.644553, intercept=-51.265405 (0.425s) [OMP=0.343 ISP-L=0.009 ISP-F=0.030 MW-L=0.024 MW-F=0.022]
  Alt-Benders[2] (mw): LB=14.190847, Z₀(α*)=1.722203, intercept=-51.412648 (0.479s) [OMP=0.375 ISP-L=0.009 ISP-F=0.034 MW-L=0.023 MW-F=0.033]
  Alt-Benders[3] (mw): LB=14.190847, Z₀(α*)=1.722203, intercept=-51.412648 (0.401s) [OMP=0.306 ISP-L=0.008 ISP-F=0.032 MW-L=0.025 MW-F=0.031]
  Alt-Benders[4] (mw): LB=14.190847, Z₀(α*)=1.722203, intercept=-51.412648 (0.401s) [OMP=0.305 ISP-L=0.008 ISP-F=0.032 MW-L=0.025 MW-F=0.031]
  Alt-Benders[5]: LB stagnated, break
  OMP re-solve: 0.000s

=== True-DRO Benders iter 20 ===
  OMP: t₀=14.190847, UB=20.448856, gap=3.06e-01, x=[0, 0, 0, 0, 0, 0, 0, 0, 0, 0, 0, 0, 0, 0, 0, 0, 0, 0, 0, 0, 0, 0, 0, 0, 0, 0, 0, 0, 0, 0, 0, 0, 0, 0, 0, 0, 0, 0, 0, 0, 0, 0, 0, 0, 0, 0, 0, 0, 0, 0, 0, 0, 0, 1, 0, 1, 0, 0, 0, 0, 0, 0, 0, 0, 0, 0, 0, 0, 0, 0, 0, 0, 0, 0, 0, 0] (0.000s)
  Sub: Z₀=22.851684 [TIME_LIMIT] (15.1s), α=[0.000,0.000,0.000,0.000,0.000,0.000,0.000,0.000,0.000,0.000,0.000,0.000,0.000,0.000,0.000,0.000,0.000,0.000,0.000,0.000,0.000,0.000,0.000,0.000,0.000,0.000,0.000,0.000,0.000,0.000,0.000,0.000,0.000,0.000,2.589,0.000,0.000,0.000,0.000,0.000,0.000,0.000,0.000,0.000,0.000,0.000,0.000,0.000,0.000,0.000,1.564,0.000,0.000,4.645,0.000,1.644,0.000,0.000,0.000,0.000,0.000,0.000,0.000,0.000,0.000,0.000,0.000,0.000,0.000,0.000,0.000,0.000,0.000,0.000,0.000,0.000]
  Iter 20: LB=14.190847  UB=20.448856  gap=3.06e-01
  Cut: intercept=-36.716399, π_x_range=[-515.7826, 55.9253]
  Mini-Benders[1] (mw): LB=14.266341, Z₀(α*)=-15.329510, intercept=-27.919175 (0.463s) [OMP=0.373 ISP-L=0.008 ISP-F=0.028 MW-L=0.022 MW-F=0.040]
  Mini-Benders[2] (mw): LB=14.266341, Z₀(α*)=-15.329510, intercept=-27.919175 (0.479s) [OMP=0.368 ISP-L=0.009 ISP-F=0.029 MW-L=0.022 MW-F=0.038]
  Mini-Benders[3] (mw): LB=14.266341, Z₀(α*)=-15.329510, intercept=-27.919175 (0.464s) [OMP=0.361 ISP-L=0.008 ISP-F=0.028 MW-L=0.023 MW-F=0.040]
  Mini-Benders[4]: LB stagnated, break
  α-step: Z₀=22.999499, α=[0.000,0.000,0.000,0.000,0.000,0.000,0.000,0.000,0.000,0.000,0.000,0.000,0.000,0.000,0.000,0.000,3.722,0.000,0.000,0.000,0.000,0.000,0.000,0.000,0.000,0.000,0.000,0.000,0.000,0.000,0.000,0.000,0.000,0.000,4.275,0.000,0.000,0.000,0.000,0.000,0.000,0.000,0.000,0.000,0.000,0.000,0.000,0.000,0.000,0.000,0.000,0.000,0.000,0.000,0.000,0.000,0.000,0.000,0.000,0.000,0.000,0.000,0.000,0.000,0.000,0.000,0.000,0.000,0.000,0.000,0.000,0.000,2.446,0.000,0.000,0.000]
  Alt-Benders[1] (mw): LB=14.266341, Z₀(α*)=22.999499, intercept=-10.833593 (0.419s) [OMP=0.338 ISP-L=0.008 ISP-F=0.027 MW-L=0.021 MW-F=0.029]
  Alt-Benders[2] (mw): LB=14.269142, Z₀(α*)=1.406702, intercept=-57.626017 (0.416s) [OMP=0.308 ISP-L=0.007 ISP-F=0.028 MW-L=0.025 MW-F=0.036]
  Alt-Benders[3] (mw): LB=14.269142, Z₀(α*)=1.406702, intercept=-57.626017 (0.448s) [OMP=0.352 ISP-L=0.008 ISP-F=0.029 MW-L=0.025 MW-F=0.036]
  Alt-Benders[4] (mw): LB=14.269142, Z₀(α*)=1.406702, intercept=-57.626017 (0.448s) [OMP=0.343 ISP-L=0.007 ISP-F=0.027 MW-L=0.023 MW-F=0.040]
  Alt-Benders[5]: LB stagnated, break
  OMP re-solve: 0.000s

=== True-DRO Benders iter 21 ===
  OMP: t₀=14.269142, UB=20.448856, gap=3.02e-01, x=[0, 0, 0, 0, 0, 0, 0, 0, 0, 0, 0, 0, 0, 0, 0, 0, 0, 0, 0, 0, 0, 0, 0, 0, 0, 0, 0, 0, 0, 0, 0, 0, 0, 0, 0, 0, 0, 0, 0, 0, 0, 0, 0, 0, 0, 0, 0, 0, 0, 1, 0, 1, 0, 0, 0, 0, 0, 0, 0, 0, 0, 0, 0, 0, 0, 0, 0, 0, 0, 0, 0, 0, 0, 0, 0, 0] (0.000s)
  Sub: Z₀=22.342845 [LOCAL] (0.5s), α=[0.000,0.000,0.000,0.000,0.000,0.000,0.000,0.000,0.000,0.000,0.000,0.000,0.000,0.000,0.000,0.000,0.000,0.000,0.000,0.000,0.000,0.000,0.000,0.000,0.000,0.000,0.000,0.000,0.000,0.000,0.000,0.000,0.000,0.000,3.849,0.000,0.000,0.000,0.000,0.000,0.000,0.000,0.000,0.000,0.000,0.000,0.000,0.000,0.000,0.000,1.963,4.631,0.000,0.000,0.000,0.000,0.000,0.000,0.000,0.000,0.000,0.000,0.000,0.000,0.000,0.000,0.000,0.000,0.000,0.000,0.000,0.000,0.000,0.000,0.000,0.000]
  Iter 21: LB=14.269142  UB=20.448856  gap=3.02e-01
  Cut: intercept=-1092.803780, π_x_range=[-829.8962, 558.3357]
  Mini-Benders[1] (mw): LB=14.385071, Z₀(α*)=-8.703775, intercept=-51.101673 (0.463s) [OMP=0.378 ISP-L=0.008 ISP-F=0.032 MW-L=0.024 MW-F=0.030]
  Mini-Benders[2] (mw): LB=14.385071, Z₀(α*)=-8.703775, intercept=-51.101673 (0.417s) [OMP=0.303 ISP-L=0.008 ISP-F=0.032 MW-L=0.025 MW-F=0.031]
  Mini-Benders[3] (mw): LB=14.385071, Z₀(α*)=-8.703775, intercept=-51.101673 (0.403s) [OMP=0.307 ISP-L=0.008 ISP-F=0.032 MW-L=0.024 MW-F=0.031]
  Mini-Benders[4]: LB stagnated, break
  α-step: Z₀=21.408096, α=[0.000,0.000,0.000,0.000,0.000,0.000,0.000,0.000,0.000,0.000,0.000,0.000,0.000,0.000,0.000,0.000,0.982,0.000,0.000,0.000,0.000,0.000,0.000,0.000,0.000,0.000,0.000,0.000,0.000,0.000,0.000,0.000,0.000,0.000,2.589,0.000,0.000,0.000,0.000,0.000,0.000,0.000,0.000,0.000,0.000,0.000,0.000,0.000,0.000,0.000,2.532,0.000,0.000,0.330,0.000,0.000,0.000,0.000,0.000,0.000,0.000,0.000,0.000,0.000,0.000,0.000,0.000,0.000,0.000,0.000,0.000,0.000,4.011,0.000,0.000,0.000]
  Alt-Benders[1] (mw): LB=14.416492, Z₀(α*)=20.804441, intercept=-19.080690 (0.390s) [OMP=0.301 ISP-L=0.009 ISP-F=0.028 MW-L=0.025 MW-F=0.030]
  Alt-Benders[2] (mw): LB=14.461980, Z₀(α*)=9.223837, intercept=-41.689131 (0.388s) [OMP=0.295 ISP-L=0.008 ISP-F=0.028 MW-L=0.023 MW-F=0.030]
  Alt-Benders[3] (mw): LB=14.461980, Z₀(α*)=9.223837, intercept=-41.689131 (0.434s) [OMP=0.336 ISP-L=0.008 ISP-F=0.027 MW-L=0.024 MW-F=0.032]
  Alt-Benders[4] (mw): LB=14.461980, Z₀(α*)=9.223837, intercept=-41.689131 (0.416s) [OMP=0.325 ISP-L=0.007 ISP-F=0.027 MW-L=0.023 MW-F=0.032]
  Alt-Benders[5]: LB stagnated, break
  OMP re-solve: 0.001s

=== True-DRO Benders iter 22 ===
  OMP: t₀=14.461980, UB=20.448856, gap=2.93e-01, x=[0, 0, 0, 0, 0, 0, 0, 0, 0, 0, 1, 0, 0, 0, 0, 0, 0, 0, 0, 0, 0, 0, 0, 0, 0, 0, 0, 0, 0, 0, 0, 0, 0, 0, 0, 0, 0, 0, 0, 0, 0, 0, 0, 0, 0, 0, 0, 0, 0, 0, 0, 1, 0, 0, 0, 0, 0, 0, 0, 0, 0, 0, 0, 0, 0, 0, 0, 0, 0, 0, 0, 0, 0, 0, 0, 0] (0.000s)
  Sub: Z₀=22.472619 [LOCAL] (0.9s), α=[0.000,0.000,0.000,0.000,0.000,0.000,0.000,0.000,0.000,0.000,1.340,0.000,0.000,0.000,0.000,0.000,0.000,0.000,0.000,0.000,0.000,0.000,0.000,0.000,0.000,0.000,0.000,0.000,0.000,0.000,0.000,0.000,0.000,0.000,2.769,0.000,0.000,0.000,0.000,0.000,0.000,0.000,0.000,0.000,0.000,0.000,0.000,0.000,0.000,0.000,0.000,4.283,0.000,0.000,0.000,0.000,0.000,0.000,0.000,0.000,0.000,0.000,0.000,0.000,0.000,0.000,0.000,0.000,0.000,0.000,0.000,0.180,1.870,0.000,0.000,0.000]
  Iter 22: LB=14.461980  UB=20.448856  gap=2.93e-01
  Cut: intercept=-1113.630244, π_x_range=[-826.1396, 576.8161]
  Mini-Benders[1] (mw): LB=14.480222, Z₀(α*)=-0.203773, intercept=-67.632925 (0.417s) [OMP=0.307 ISP-L=0.008 ISP-F=0.032 MW-L=0.025 MW-F=0.030]
  Mini-Benders[2] (mw): LB=14.480222, Z₀(α*)=-0.203773, intercept=-67.632925 (0.401s) [OMP=0.308 ISP-L=0.007 ISP-F=0.032 MW-L=0.025 MW-F=0.030]
  Mini-Benders[3] (mw): LB=14.480222, Z₀(α*)=-0.203773, intercept=-67.632925 (0.417s) [OMP=0.322 ISP-L=0.007 ISP-F=0.032 MW-L=0.022 MW-F=0.031]
  Mini-Benders[4]: LB stagnated, break
  α-step: Z₀=20.497940, α=[0.000,0.000,0.000,0.000,0.000,0.000,0.000,0.000,0.000,0.000,0.000,0.000,0.000,0.939,0.000,0.000,0.000,0.000,0.000,0.000,0.000,0.000,0.000,0.000,0.000,0.000,0.000,0.000,0.000,0.000,0.000,0.000,0.000,0.000,2.589,0.000,0.000,0.000,0.000,0.000,0.000,0.000,0.023,0.000,0.000,0.000,0.000,0.000,0.000,0.000,3.470,0.000,0.000,0.410,0.000,0.000,0.000,0.000,0.000,0.000,0.000,0.000,0.000,0.000,0.000,0.000,0.000,0.000,0.000,0.000,0.000,0.000,3.012,0.000,0.000,0.000]
  Alt-Benders[1] (mw): LB=14.495988, Z₀(α*)=14.691609, intercept=-56.755136 (0.383s) [OMP=0.301 ISP-L=0.010 ISP-F=0.030 MW-L=0.025 MW-F=0.025]
  Alt-Benders[2] (mw): LB=14.523529, Z₀(α*)=20.623271, intercept=-28.902421 (0.448s) [OMP=0.344 ISP-L=0.008 ISP-F=0.030 MW-L=0.024 MW-F=0.028]
  Alt-Benders[3] (mw): LB=14.566659, Z₀(α*)=20.283329, intercept=-17.053441 (0.448s) [OMP=0.364 ISP-L=0.009 ISP-F=0.029 MW-L=0.024 MW-F=0.026]
  Alt-Benders[4] (mw): LB=14.573828, Z₀(α*)=5.194048, intercept=-73.369578 (0.479s) [OMP=0.382 ISP-L=0.008 ISP-F=0.029 MW-L=0.022 MW-F=0.037]
  Alt-Benders[5] (mw): LB=14.573828, Z₀(α*)=5.194048, intercept=-73.369578 (0.448s) [OMP=0.348 ISP-L=0.008 ISP-F=0.029 MW-L=0.025 MW-F=0.036]
  OMP re-solve: 0.351s

=== True-DRO Benders iter 23 ===
  OMP: t₀=14.573828, UB=20.448856, gap=2.87e-01, x=[0, 0, 0, 0, 0, 0, 0, 0, 0, 0, 0, 0, 0, 0, 0, 0, 0, 0, 0, 0, 0, 0, 0, 0, 0, 0, 0, 0, 0, 0, 0, 0, 0, 0, 0, 0, 0, 0, 0, 0, 0, 0, 0, 0, 0, 0, 0, 0, 0, 0, 0, 0, 0, 0, 0, 0, 0, 0, 1, 0, 0, 1, 0, 0, 0, 0, 0, 0, 0, 0, 0, 0, 0, 0, 0, 0] (0.001s)
  Sub: Z₀=23.453373 [LOCAL] (0.5s), α=[0.000,0.000,0.000,0.000,0.000,0.000,0.000,0.000,0.000,0.000,0.000,0.000,0.000,0.000,0.000,0.000,0.000,0.000,0.000,0.000,0.000,0.000,0.000,0.000,0.000,0.000,0.000,0.000,0.000,0.000,0.000,0.000,0.000,0.000,0.000,0.000,0.000,0.000,0.000,0.000,0.000,0.000,0.000,0.000,0.000,0.000,0.000,0.000,0.000,0.000,2.023,0.000,0.000,0.250,0.000,0.000,0.000,0.000,0.247,0.000,0.000,1.015,0.000,0.000,0.000,0.000,0.000,0.000,0.000,0.000,0.000,0.000,6.908,0.000,0.000,0.000]
  Iter 23: LB=14.573828  UB=20.448856  gap=2.87e-01
  Cut: intercept=-1082.329827, π_x_range=[-826.2430, 563.1952]
  Mini-Benders[1] (mw): LB=14.586942, Z₀(α*)=16.224663, intercept=-43.440978 (0.495s) [OMP=0.380 ISP-L=0.009 ISP-F=0.033 MW-L=0.025 MW-F=0.031]
  Mini-Benders[2] (mw): LB=14.598143, Z₀(α*)=17.522870, intercept=-54.402381 (0.370s) [OMP=0.278 ISP-L=0.009 ISP-F=0.030 MW-L=0.021 MW-F=0.028]
  Mini-Benders[3] (mw): LB=14.610270, Z₀(α*)=16.438661, intercept=-29.949363 (0.419s) [OMP=0.330 ISP-L=0.009 ISP-F=0.035 MW-L=0.021 MW-F=0.033]
  Mini-Benders[4] (mw): LB=14.647213, Z₀(α*)=14.020715, intercept=-32.798292 (0.464s) [OMP=0.367 ISP-L=0.008 ISP-F=0.030 MW-L=0.023 MW-F=0.034]
  Mini-Benders[5] (mw): LB=14.647213, Z₀(α*)=14.020715, intercept=-32.798292 (0.447s) [OMP=0.349 ISP-L=0.008 ISP-F=0.029 MW-L=0.023 MW-F=0.033]
  α-step: Z₀=23.422661, α=[0.000,0.000,0.000,0.000,0.000,0.000,0.000,0.000,0.000,0.000,0.000,0.000,0.000,0.000,0.000,0.000,0.000,0.000,0.000,0.000,1.697,0.000,0.000,0.000,0.000,0.000,0.000,0.000,0.000,0.000,0.000,0.000,0.000,0.000,3.970,0.000,0.000,0.000,0.000,0.000,0.000,0.000,0.000,0.000,0.000,0.000,0.000,0.000,0.000,0.000,0.000,0.000,0.000,0.000,0.000,0.000,0.000,0.000,0.000,0.000,0.000,0.000,0.000,0.000,0.000,0.000,0.000,0.000,0.000,0.000,0.000,0.000,4.775,0.000,0.000,0.000]
  Alt-Benders[1] (mw): LB=14.651990, Z₀(α*)=18.707702, intercept=-36.853004 (0.432s) [OMP=0.343 ISP-L=0.008 ISP-F=0.031 MW-L=0.024 MW-F=0.030]
  Alt-Benders[2] (mw): LB=14.651990, Z₀(α*)=18.707702, intercept=-42.728243 (0.432s) [OMP=0.327 ISP-L=0.009 ISP-F=0.031 MW-L=0.022 MW-F=0.031]
  Alt-Benders[3] (mw): LB=14.688089, Z₀(α*)=2.426800, intercept=-67.873319 (0.417s) [OMP=0.331 ISP-L=0.007 ISP-F=0.026 MW-L=0.022 MW-F=0.027]
  Alt-Benders[4] (mw): LB=14.688089, Z₀(α*)=2.426800, intercept=-67.873319 (0.448s) [OMP=0.360 ISP-L=0.008 ISP-F=0.027 MW-L=0.022 MW-F=0.027]
  Alt-Benders[5] (mw): LB=14.688089, Z₀(α*)=2.426800, intercept=-67.873319 (0.432s) [OMP=0.349 ISP-L=0.007 ISP-F=0.027 MW-L=0.020 MW-F=0.028]
  OMP re-solve: 0.344s

=== True-DRO Benders iter 24 ===
  OMP: t₀=14.688089, UB=20.448856, gap=2.82e-01, x=[0, 0, 0, 0, 0, 0, 0, 0, 0, 0, 0, 0, 0, 0, 0, 0, 0, 0, 0, 0, 0, 0, 0, 0, 0, 0, 0, 0, 0, 0, 0, 0, 0, 0, 0, 0, 0, 0, 0, 0, 0, 0, 1, 0, 0, 0, 0, 0, 0, 0, 0, 1, 0, 0, 0, 0, 0, 0, 0, 0, 0, 0, 0, 0, 0, 0, 0, 0, 0, 0, 0, 0, 0, 0, 0, 0] (0.001s)
  Sub: Z₀=22.256819 [LOCAL] (0.6s), α=[0.000,0.000,0.000,0.000,0.000,0.000,0.000,0.000,0.000,0.000,2.522,0.000,0.000,0.000,0.000,0.000,0.000,0.000,0.000,0.000,0.000,0.000,0.000,0.000,0.000,0.000,0.000,0.000,0.000,0.000,0.000,0.000,0.000,0.000,2.589,0.000,0.000,0.000,0.000,0.000,0.000,0.000,0.745,0.000,0.000,0.000,0.000,0.000,0.000,0.000,1.866,2.721,0.000,0.000,0.000,0.000,0.000,0.000,0.000,0.000,0.000,0.000,0.000,0.000,0.000,0.000,0.000,0.000,0.000,0.000,0.000,0.000,0.000,0.000,0.000,0.000]
  Iter 24: LB=14.688089  UB=20.448856  gap=2.82e-01
  Cut: intercept=-1070.723720, π_x_range=[-825.6309, 559.1806]
  Mini-Benders[1] (mw): LB=14.691607, Z₀(α*)=7.172633, intercept=-64.085830 (0.433s) [OMP=0.334 ISP-L=0.008 ISP-F=0.028 MW-L=0.023 MW-F=0.038]
  Mini-Benders[2] (mw): LB=14.691607, Z₀(α*)=7.172633, intercept=-64.085830 (0.448s) [OMP=0.349 ISP-L=0.008 ISP-F=0.027 MW-L=0.025 MW-F=0.037]
  Mini-Benders[3] (mw): LB=14.691607, Z₀(α*)=7.172633, intercept=-64.085830 (0.463s) [OMP=0.359 ISP-L=0.008 ISP-F=0.028 MW-L=0.025 MW-F=0.036]
  Mini-Benders[4]: LB stagnated, break
  α-step: Z₀=22.472623, α=[0.000,0.000,0.000,0.000,0.000,0.000,0.000,0.000,0.000,0.000,0.000,0.000,0.000,1.222,0.000,0.000,0.000,0.000,0.000,0.000,0.000,0.000,0.000,0.000,0.000,0.000,0.000,0.000,0.000,0.000,0.000,0.000,0.000,0.000,2.589,0.000,0.000,0.000,0.000,0.000,0.000,0.000,0.000,0.000,0.000,0.000,0.000,0.000,0.000,0.000,0.000,4.582,0.000,0.000,0.000,0.000,0.000,0.000,0.000,0.000,0.000,0.000,0.000,0.000,0.000,0.000,0.000,0.000,0.000,0.000,0.000,0.000,2.050,0.000,0.000,0.000]
  Alt-Benders[1] (mw): LB=14.708145, Z₀(α*)=-10.085394, intercept=-191.353079 (0.472s) [OMP=0.385 ISP-L=0.008 ISP-F=0.024 MW-L=0.023 MW-F=0.035]
  Alt-Benders[2] (mw): LB=14.708145, Z₀(α*)=-10.085394, intercept=-191.353079 (0.422s) [OMP=0.335 ISP-L=0.008 ISP-F=0.024 MW-L=0.021 MW-F=0.037]
  Alt-Benders[3] (mw): LB=14.708145, Z₀(α*)=-10.085394, intercept=-191.353079 (0.432s) [OMP=0.332 ISP-L=0.008 ISP-F=0.023 MW-L=0.023 MW-F=0.035]
  Alt-Benders[4]: LB stagnated, break
  OMP re-solve: 0.000s

=== True-DRO Benders iter 25 ===
  OMP: t₀=14.708145, UB=20.448856, gap=2.81e-01, x=[0, 0, 0, 0, 0, 0, 0, 0, 0, 0, 0, 0, 0, 0, 0, 0, 0, 0, 0, 0, 0, 0, 0, 0, 0, 0, 0, 0, 0, 0, 0, 0, 0, 0, 0, 0, 0, 0, 0, 0, 0, 0, 0, 0, 0, 0, 0, 0, 0, 0, 0, 1, 0, 0, 0, 0, 0, 0, 0, 0, 0, 0, 0, 0, 0, 0, 0, 0, 0, 0, 0, 1, 0, 0, 0, 0] (0.000s)
  Sub: Z₀=16.768890 (1.2s), α=[0.000,0.000,0.000,0.000,0.000,0.000,0.000,0.000,0.000,0.000,0.000,0.000,0.000,0.000,0.000,0.000,0.000,0.000,0.000,0.000,0.000,0.000,0.000,0.000,0.000,0.000,0.000,0.000,0.000,0.000,0.000,0.000,0.000,0.000,0.000,0.000,0.000,0.000,0.000,0.000,0.000,0.000,0.000,0.000,0.000,0.000,0.000,0.000,0.000,0.000,0.000,0.000,0.000,0.000,0.000,0.000,0.000,0.000,0.000,0.000,0.000,0.000,0.000,0.000,0.000,0.000,0.000,0.000,0.000,0.000,0.000,10.443,0.000,0.000,0.000,0.000]
  Iter 25: LB=14.708145  UB=16.768890  gap=1.23e-01
  Cut: intercept=-226.056712, π_x_range=[-161.9292, 128.5509]
  Sherali-Cut: intercept=-108.528371, π_x_range=[-76.2311, 64.2367]
  Mini-Benders[1] (mw): LB=14.734844, Z₀(α*)=-17.376290, intercept=-84.765879 (0.510s) [OMP=0.411 ISP-L=0.009 ISP-F=0.029 MW-L=0.024 MW-F=0.029]
  Mini-Benders[2] (mw): LB=14.734844, Z₀(α*)=-17.376290, intercept=-84.765879 (0.416s) [OMP=0.322 ISP-L=0.008 ISP-F=0.029 MW-L=0.023 MW-F=0.030]
  Mini-Benders[3] (mw): LB=14.734844, Z₀(α*)=-17.376290, intercept=-84.765879 (0.417s) [OMP=0.324 ISP-L=0.008 ISP-F=0.029 MW-L=0.023 MW-F=0.030]
  Mini-Benders[4]: LB stagnated, break
  α-step: Z₀=22.682937, α=[0.000,0.000,0.000,0.000,0.000,0.000,0.000,0.000,0.000,0.000,0.000,0.000,0.000,0.000,0.000,0.000,0.000,0.000,0.000,0.000,0.000,0.000,0.000,0.000,0.000,0.000,0.000,0.000,0.000,0.000,0.000,0.000,0.000,0.000,1.300,0.000,0.000,0.000,0.000,0.000,0.000,0.000,0.000,0.000,0.000,0.000,0.000,0.000,0.000,0.000,2.532,0.000,0.000,2.960,0.000,0.000,0.000,0.000,0.000,0.000,0.000,0.000,0.000,0.000,0.000,0.000,0.000,0.000,0.000,0.000,0.000,0.000,3.651,0.000,0.000,0.000]
  Alt-Benders[1] (mw): LB=14.734844, Z₀(α*)=22.692937, intercept=-29.048836 (0.459s) [OMP=0.383 ISP-L=0.009 ISP-F=0.030 MW-L=0.023 MW-F=0.026]
  Alt-Benders[2] (mw): LB=14.734844, Z₀(α*)=22.692937, intercept=-29.048836 (0.479s) [OMP=0.367 ISP-L=0.009 ISP-F=0.033 MW-L=0.024 MW-F=0.055]
  Alt-Benders[3] (mw): LB=14.734844, Z₀(α*)=22.261532, intercept=-29.262587 (0.463s) [OMP=0.330 ISP-L=0.008 ISP-F=0.030 MW-L=0.021 MW-F=0.061]
  Alt-Benders[4]: LB stagnated, break
  OMP re-solve: 0.000s

=== True-DRO Benders iter 26 ===
  OMP: t₀=14.734844, UB=16.768890, gap=1.21e-01, x=[0, 0, 0, 0, 0, 0, 0, 0, 0, 0, 0, 0, 0, 0, 0, 0, 0, 0, 0, 0, 0, 0, 0, 1, 0, 0, 0, 0, 0, 0, 0, 0, 0, 0, 0, 0, 0, 0, 0, 0, 0, 0, 0, 0, 0, 0, 0, 0, 0, 0, 0, 0, 0, 1, 0, 0, 0, 0, 0, 0, 0, 0, 0, 0, 0, 0, 0, 0, 0, 0, 0, 0, 0, 0, 0, 0] (0.000s)
  Sub: Z₀=22.348418 [LOCAL] (0.8s), α=[0.000,0.000,0.000,0.000,0.000,0.000,0.000,0.000,0.000,0.000,0.000,0.000,0.000,0.000,0.000,0.000,0.008,0.000,0.000,0.000,0.007,0.000,0.000,0.174,0.000,0.000,0.000,0.000,0.000,0.000,0.000,0.000,0.000,0.000,2.626,0.000,0.000,0.000,0.000,0.000,0.000,0.000,0.000,0.000,0.000,0.000,0.000,0.000,0.000,0.000,2.362,0.000,0.000,4.258,0.000,0.554,0.000,0.000,0.000,0.000,0.000,0.000,0.013,0.000,0.000,0.000,0.000,0.000,0.000,0.000,0.000,0.038,0.402,0.000,0.000,0.000]
  Iter 26: LB=14.734844  UB=16.768890  gap=1.21e-01
  Cut: intercept=-1112.067390, π_x_range=[-826.0954, 587.6238]
  Mini-Benders[1] (mw): LB=14.734844, Z₀(α*)=22.642888, intercept=-19.975732 (0.464s) [OMP=0.340 ISP-L=0.009 ISP-F=0.028 MW-L=0.023 MW-F=0.056]
  Mini-Benders[2] (mw): LB=14.734844, Z₀(α*)=23.086555, intercept=-20.862729 (0.448s) [OMP=0.352 ISP-L=0.009 ISP-F=0.030 MW-L=0.022 MW-F=0.031]
  Mini-Benders[3] (mw): LB=14.785402, Z₀(α*)=4.979475, intercept=-37.147254 (0.448s) [OMP=0.344 ISP-L=0.009 ISP-F=0.028 MW-L=0.025 MW-F=0.035]
  Mini-Benders[4] (mw): LB=14.785402, Z₀(α*)=4.979475, intercept=-37.147254 (0.385s) [OMP=0.301 ISP-L=0.009 ISP-F=0.027 MW-L=0.022 MW-F=0.036]
  Mini-Benders[5] (mw): LB=14.785402, Z₀(α*)=4.979475, intercept=-37.147254 (0.401s) [OMP=0.297 ISP-L=0.008 ISP-F=0.027 MW-L=0.024 MW-F=0.034]
  α-step: Z₀=23.049508, α=[0.000,0.000,0.000,0.000,0.000,0.000,0.000,0.000,0.000,0.000,0.000,0.000,0.000,0.000,0.000,0.000,0.946,0.000,0.000,0.000,0.000,0.000,0.000,0.000,0.000,0.000,0.000,0.000,0.000,0.000,0.000,0.000,0.000,0.000,0.181,0.000,0.000,0.000,0.000,0.000,0.000,0.000,0.000,0.000,0.000,0.000,0.000,0.000,0.000,0.000,2.532,3.046,0.000,0.000,0.000,0.000,0.000,0.000,0.000,0.000,0.000,0.000,0.000,0.000,0.000,0.000,0.000,0.000,0.000,0.000,0.000,0.000,3.738,0.000,0.000,0.000]
  Alt-Benders[1] (mw): LB=14.792359, Z₀(α*)=4.269047, intercept=-18.776789 (0.466s) [OMP=0.375 ISP-L=0.008 ISP-F=0.029 MW-L=0.021 MW-F=0.034]
  Alt-Benders[2] (mw): LB=14.792359, Z₀(α*)=4.269047, intercept=-18.776789 (0.464s) [OMP=0.368 ISP-L=0.008 ISP-F=0.030 MW-L=0.021 MW-F=0.034]
  Alt-Benders[3] (mw): LB=14.792359, Z₀(α*)=4.269047, intercept=-18.776789 (0.447s) [OMP=0.359 ISP-L=0.008 ISP-F=0.030 MW-L=0.018 MW-F=0.035]
  Alt-Benders[4]: LB stagnated, break
  OMP re-solve: 0.000s

=== True-DRO Benders iter 27 ===
  OMP: t₀=14.792359, UB=16.768890, gap=1.18e-01, x=[0, 0, 0, 0, 0, 0, 0, 0, 0, 0, 0, 0, 0, 0, 0, 0, 0, 0, 0, 0, 1, 0, 0, 1, 0, 0, 0, 0, 0, 0, 0, 0, 0, 0, 0, 0, 0, 0, 0, 0, 0, 0, 0, 0, 0, 0, 0, 0, 0, 0, 0, 0, 0, 0, 0, 0, 0, 0, 0, 0, 0, 0, 0, 0, 0, 0, 0, 0, 0, 0, 0, 0, 0, 0, 0, 0] (0.000s)
  Sub: Z₀=23.870563 [LOCAL] (0.5s), α=[0.000,0.000,0.000,0.000,0.000,0.000,0.000,0.000,0.000,0.000,0.000,0.000,0.000,0.000,0.000,0.000,0.532,0.000,0.000,0.000,1.754,0.000,0.000,1.426,0.000,0.000,0.000,0.000,0.000,0.000,0.000,0.000,0.000,0.000,1.138,0.000,0.000,0.000,0.000,0.000,0.000,0.000,0.000,0.000,0.000,0.000,0.000,0.000,0.000,0.000,0.000,0.000,0.000,0.000,0.000,0.000,0.000,0.000,0.000,0.000,0.000,0.000,0.839,0.000,0.000,0.000,0.000,0.000,0.000,0.000,0.000,0.000,4.754,0.000,0.000,0.000]
  Iter 27: LB=14.792359  UB=16.768890  gap=1.18e-01
  Cut: intercept=-1141.548908, π_x_range=[-824.8746, 583.7813]
  Mini-Benders[1] (mw): LB=14.926300, Z₀(α*)=19.802329, intercept=-82.079224 (0.464s) [OMP=0.371 ISP-L=0.007 ISP-F=0.027 MW-L=0.026 MW-F=0.031]
  Mini-Benders[2] (mw): LB=14.939251, Z₀(α*)=23.765635, intercept=-44.249033 (0.432s) [OMP=0.317 ISP-L=0.008 ISP-F=0.027 MW-L=0.024 MW-F=0.058]
  Mini-Benders[3] (mw): LB=15.019593, Z₀(α*)=-3.349266, intercept=-71.181506 (0.463s) [OMP=0.360 ISP-L=0.007 ISP-F=0.031 MW-L=0.023 MW-F=0.028]
  Mini-Benders[4] (mw): LB=15.019593, Z₀(α*)=-3.349266, intercept=-71.181506 (0.432s) [OMP=0.351 ISP-L=0.007 ISP-F=0.030 MW-L=0.020 MW-F=0.029]
  Mini-Benders[5] (mw): LB=15.019593, Z₀(α*)=-3.349266, intercept=-71.181506 (0.433s) [OMP=0.344 ISP-L=0.007 ISP-F=0.030 MW-L=0.023 MW-F=0.028]
  α-step: Z₀=23.472986, α=[0.000,0.000,0.000,0.000,0.000,0.000,0.000,0.000,0.000,0.000,0.000,0.000,0.000,0.000,0.000,0.000,0.000,0.000,0.000,0.000,0.000,0.000,0.000,0.000,0.000,0.000,0.000,0.000,0.000,0.000,0.000,0.000,0.000,0.000,1.749,0.000,0.000,0.000,0.000,0.000,0.000,0.000,0.000,0.000,0.000,0.000,0.000,0.000,0.000,0.000,0.100,3.462,0.000,0.000,0.000,0.000,0.000,0.000,0.000,0.000,0.000,0.000,0.000,0.000,0.000,0.000,0.000,0.000,0.000,0.000,0.000,1.569,3.562,0.000,0.000,0.000]
  Alt-Benders[1] (mw): LB=15.024929, Z₀(α*)=23.478322, intercept=-31.188549 (0.526s) [OMP=0.409 ISP-L=0.007 ISP-F=0.027 MW-L=0.024 MW-F=0.050]
  Alt-Benders[2] (mw): LB=15.032612, Z₀(α*)=7.831169, intercept=-16.653885 (0.432s) [OMP=0.344 ISP-L=0.008 ISP-F=0.030 MW-L=0.021 MW-F=0.027]
  Alt-Benders[3] (mw): LB=15.032612, Z₀(α*)=7.831169, intercept=-16.653885 (0.479s) [OMP=0.390 ISP-L=0.008 ISP-F=0.030 MW-L=0.021 MW-F=0.028]
  Alt-Benders[4] (mw): LB=15.032612, Z₀(α*)=7.831169, intercept=-16.653885 (0.495s) [OMP=0.403 ISP-L=0.008 ISP-F=0.030 MW-L=0.021 MW-F=0.029]
  Alt-Benders[5]: LB stagnated, break
  OMP re-solve: 0.001s

=== True-DRO Benders iter 28 ===
  OMP: t₀=15.032612, UB=16.768890, gap=1.04e-01, x=[0, 0, 0, 0, 0, 0, 0, 0, 0, 0, 0, 0, 0, 0, 0, 0, 1, 0, 0, 0, 1, 0, 0, 0, 0, 0, 0, 0, 0, 0, 0, 0, 0, 0, 0, 0, 0, 0, 0, 0, 0, 0, 0, 0, 0, 0, 0, 0, 0, 0, 0, 0, 0, 0, 0, 0, 0, 0, 0, 0, 0, 0, 0, 0, 0, 0, 0, 0, 0, 0, 0, 0, 0, 0, 0, 0] (0.000s)
  Sub: Z₀=24.392952 [LOCAL] (0.7s), α=[0.000,0.000,0.000,0.000,0.000,0.000,0.000,0.000,0.000,0.000,0.000,0.000,0.000,0.000,0.000,0.000,1.579,0.000,0.000,0.000,0.763,0.000,0.000,0.000,0.000,0.000,0.000,0.000,0.000,0.000,0.000,0.000,0.000,0.000,2.603,0.000,0.000,0.000,0.000,0.000,0.000,0.000,0.000,0.000,0.000,0.000,0.000,0.000,0.000,0.000,0.364,0.000,0.000,0.000,0.000,0.000,0.000,0.000,0.000,0.000,0.000,0.000,0.000,0.000,0.000,0.000,0.000,0.000,0.000,0.000,0.000,0.015,5.118,0.000,0.000,0.000]
  Iter 28: LB=15.032612  UB=16.768890  gap=1.04e-01
  Cut: intercept=-1129.942538, π_x_range=[-825.1251, 583.9012]
  Mini-Benders[1] (mw): LB=15.060909, Z₀(α*)=9.661428, intercept=-78.243075 (0.463s) [OMP=0.358 ISP-L=0.009 ISP-F=0.030 MW-L=0.023 MW-F=0.034]
  Mini-Benders[2] (mw): LB=15.060909, Z₀(α*)=9.661428, intercept=-78.243075 (0.417s) [OMP=0.329 ISP-L=0.009 ISP-F=0.029 MW-L=0.023 MW-F=0.032]
  Mini-Benders[3] (mw): LB=15.060909, Z₀(α*)=9.661428, intercept=-78.243075 (0.416s) [OMP=0.323 ISP-L=0.009 ISP-F=0.029 MW-L=0.023 MW-F=0.034]
  Mini-Benders[4]: LB stagnated, break
  α-step: Z₀=25.193044, α=[0.000,0.000,0.000,0.000,0.000,0.000,0.000,0.000,0.000,0.000,0.000,0.000,0.000,0.000,0.000,0.000,0.000,0.000,0.000,0.000,0.000,0.000,0.000,0.000,0.000,0.000,0.000,0.000,0.000,0.000,0.000,0.000,0.000,0.000,0.000,0.000,0.000,0.000,0.000,0.000,0.000,0.000,0.000,0.000,0.000,0.000,0.000,0.000,0.000,0.000,1.304,0.000,0.000,0.000,0.000,0.000,0.000,0.000,0.000,0.000,0.000,0.000,1.275,0.000,0.569,0.000,0.000,0.000,0.000,0.000,0.000,0.000,7.294,0.000,0.000,0.000]
  Alt-Benders[1] (mw): LB=15.101967, Z₀(α*)=1.454563, intercept=-47.963439 (0.481s) [OMP=0.387 ISP-L=0.008 ISP-F=0.027 MW-L=0.021 MW-F=0.034]
  Alt-Benders[2] (mw): LB=15.101967, Z₀(α*)=1.454563, intercept=-47.963439 (0.401s) [OMP=0.310 ISP-L=0.009 ISP-F=0.027 MW-L=0.023 MW-F=0.032]
  Alt-Benders[3] (mw): LB=15.101967, Z₀(α*)=1.454563, intercept=-47.963439 (0.386s) [OMP=0.297 ISP-L=0.007 ISP-F=0.027 MW-L=0.024 MW-F=0.031]
  Alt-Benders[4]: LB stagnated, break
  OMP re-solve: 0.000s

=== True-DRO Benders iter 29 ===
  OMP: t₀=15.101967, UB=16.768890, gap=9.94e-02, x=[0, 0, 0, 0, 0, 0, 1, 0, 0, 0, 0, 0, 0, 0, 0, 0, 0, 0, 0, 0, 0, 0, 0, 0, 0, 0, 0, 0, 0, 0, 0, 0, 0, 0, 0, 0, 0, 0, 0, 0, 0, 0, 0, 0, 0, 0, 0, 0, 0, 0, 0, 1, 0, 0, 0, 0, 0, 0, 0, 0, 0, 0, 0, 0, 0, 0, 0, 0, 0, 0, 0, 0, 0, 0, 0, 0] (0.000s)
  Sub: Z₀=23.383757 [LOCAL] (0.5s), α=[0.000,0.000,0.000,0.000,0.000,0.000,0.000,0.000,0.000,0.000,0.000,0.000,0.000,0.000,0.000,0.000,0.000,0.000,0.000,0.000,0.000,0.000,0.000,0.000,0.000,0.000,0.000,0.000,0.000,0.000,0.000,0.000,0.000,0.000,2.659,0.000,0.000,0.000,0.000,0.000,0.000,0.000,0.000,0.000,0.000,0.000,0.000,0.000,0.000,0.000,3.339,2.137,0.000,0.000,0.000,0.000,0.000,0.000,0.000,0.000,0.000,0.000,0.000,0.000,0.000,0.000,0.000,0.000,0.000,0.000,0.000,0.071,2.237,0.000,0.000,0.000]
  Iter 29: LB=15.101967  UB=16.768890  gap=9.94e-02
  Cut: intercept=-1105.160198, π_x_range=[-825.9616, 566.9092]
  Mini-Benders[1] (mw): LB=15.105173, Z₀(α*)=-0.389593, intercept=-7.700479 (0.479s) [OMP=0.376 ISP-L=0.009 ISP-F=0.031 MW-L=0.023 MW-F=0.038]
  Mini-Benders[2] (mw): LB=15.105173, Z₀(α*)=-0.389593, intercept=-7.700479 (0.417s) [OMP=0.330 ISP-L=0.008 ISP-F=0.030 MW-L=0.020 MW-F=0.039]
  Mini-Benders[3] (mw): LB=15.105173, Z₀(α*)=-0.389593, intercept=-7.700479 (0.432s) [OMP=0.330 ISP-L=0.008 ISP-F=0.030 MW-L=0.023 MW-F=0.038]
  Mini-Benders[4]: LB stagnated, break
  α-step: Z₀=24.205632, α=[0.000,0.000,0.000,0.000,0.000,0.000,0.000,0.000,0.000,0.000,0.000,0.000,0.000,0.000,0.000,0.000,2.145,0.000,0.000,0.000,0.000,0.000,0.000,0.000,0.000,0.000,0.000,0.000,0.000,0.000,0.000,0.000,0.000,0.000,2.589,0.000,0.000,0.000,0.000,0.000,0.000,0.000,0.000,0.000,0.000,0.000,0.000,0.000,0.000,0.000,0.478,0.000,0.000,0.000,0.000,0.000,0.000,0.000,0.000,0.000,0.000,0.000,0.000,0.000,0.000,0.000,0.000,0.000,0.000,0.000,0.000,0.000,5.232,0.000,0.000,0.000]
  Alt-Benders[1] (mw): LB=15.121366, Z₀(α*)=11.384168, intercept=-61.337829 (0.437s) [OMP=0.356 ISP-L=0.008 ISP-F=0.028 MW-L=0.024 MW-F=0.029]
  Alt-Benders[2] (mw): LB=15.121366, Z₀(α*)=11.384168, intercept=-61.337829 (0.573s) [OMP=0.487 ISP-L=0.007 ISP-F=0.028 MW-L=0.024 MW-F=0.028]
  Alt-Benders[3] (mw): LB=15.121366, Z₀(α*)=11.384168, intercept=-61.337829 (0.573s) [OMP=0.475 ISP-L=0.008 ISP-F=0.028 MW-L=0.021 MW-F=0.029]
  Alt-Benders[4]: LB stagnated, break
  OMP re-solve: 0.001s

=== True-DRO Benders iter 30 ===
  OMP: t₀=15.121366, UB=16.768890, gap=9.82e-02, x=[0, 0, 0, 0, 0, 0, 0, 0, 0, 0, 0, 0, 0, 0, 0, 0, 0, 0, 0, 0, 0, 0, 0, 0, 0, 0, 0, 0, 0, 0, 0, 0, 0, 0, 0, 0, 0, 0, 0, 1, 0, 0, 0, 0, 0, 0, 0, 0, 0, 0, 0, 1, 0, 0, 0, 0, 0, 0, 0, 0, 0, 0, 0, 0, 0, 0, 0, 0, 0, 0, 0, 0, 0, 0, 0, 0] (0.000s)
  Sub: Z₀=23.574762 [TIME_LIMIT] (15.1s), α=[0.000,0.000,0.000,0.000,0.000,0.000,0.000,0.000,0.000,0.000,0.000,0.000,0.000,0.000,0.000,0.000,0.000,0.000,0.000,0.000,0.000,0.000,0.000,0.000,0.000,0.000,0.000,0.000,0.000,0.000,0.000,0.000,0.000,0.000,3.739,0.000,0.000,0.000,0.000,0.000,0.000,0.000,0.000,0.000,0.000,0.000,0.000,0.000,0.000,0.000,0.245,1.715,0.000,0.000,0.000,0.000,0.000,0.000,0.000,0.000,0.000,0.000,0.000,0.000,0.000,0.000,0.000,0.000,0.000,0.000,0.000,4.104,0.640,0.000,0.000,0.000]
  Iter 30: LB=15.121366  UB=16.768890  gap=9.82e-02
  Cut: intercept=-103.923988, π_x_range=[-167.8591, 71.3328]
  Mini-Benders[1] (mw): LB=15.136691, Z₀(α*)=-14.218215, intercept=-84.811045 (0.463s) [OMP=0.376 ISP-L=0.007 ISP-F=0.025 MW-L=0.022 MW-F=0.035]
  Mini-Benders[2] (mw): LB=15.136691, Z₀(α*)=-14.218215, intercept=-84.811045 (0.480s) [OMP=0.393 ISP-L=0.006 ISP-F=0.024 MW-L=0.022 MW-F=0.037]
  Mini-Benders[3] (mw): LB=15.136691, Z₀(α*)=-14.218215, intercept=-84.811045 (0.494s) [OMP=0.401 ISP-L=0.007 ISP-F=0.025 MW-L=0.022 MW-F=0.035]
  Mini-Benders[4]: LB stagnated, break
  α-step: Z₀=23.120558, α=[0.000,0.000,0.000,0.000,0.000,0.000,0.000,0.000,0.000,0.000,0.000,0.000,0.000,4.199,0.000,0.000,0.000,0.000,0.000,0.000,0.000,0.000,0.000,0.000,0.000,0.000,0.000,0.000,0.000,0.000,0.000,0.000,0.000,0.000,2.143,0.000,0.000,0.000,0.000,0.000,0.000,0.000,1.655,0.000,0.000,0.000,0.000,0.000,0.000,0.000,0.000,0.000,0.000,0.000,0.000,0.000,0.000,0.000,0.000,0.000,0.000,0.000,0.000,0.000,0.000,0.000,0.000,0.000,0.000,0.000,0.000,0.000,2.446,0.000,0.000,0.000]
  Alt-Benders[1] (mw): LB=15.142329, Z₀(α*)=-4.303900, intercept=-45.730386 (0.453s) [OMP=0.354 ISP-L=0.008 ISP-F=0.029 MW-L=0.023 MW-F=0.033]
  Alt-Benders[2] (mw): LB=15.142329, Z₀(α*)=-4.303900, intercept=-45.730386 (0.417s) [OMP=0.331 ISP-L=0.008 ISP-F=0.029 MW-L=0.021 MW-F=0.034]
  Alt-Benders[3] (mw): LB=15.142329, Z₀(α*)=-4.303900, intercept=-45.730386 (0.416s) [OMP=0.316 ISP-L=0.008 ISP-F=0.029 MW-L=0.023 MW-F=0.033]
  Alt-Benders[4]: LB stagnated, break
  OMP re-solve: 0.001s

=== True-DRO Benders iter 31 ===
  OMP: t₀=15.142329, UB=16.768890, gap=9.70e-02, x=[0, 0, 0, 0, 0, 0, 0, 1, 0, 0, 0, 0, 0, 0, 0, 0, 0, 0, 0, 0, 0, 0, 0, 0, 0, 0, 0, 0, 0, 0, 0, 0, 0, 0, 0, 0, 0, 0, 0, 0, 0, 0, 0, 0, 0, 0, 0, 0, 0, 0, 0, 1, 0, 0, 0, 0, 0, 0, 0, 0, 0, 0, 0, 0, 0, 0, 0, 0, 0, 0, 0, 0, 0, 0, 0, 0] (0.000s)
  Sub: Z₀=23.354925 [LOCAL] (0.5s), α=[0.000,0.000,0.000,0.000,0.000,0.000,0.000,0.000,0.000,0.000,0.000,0.000,0.000,0.000,0.000,0.000,0.000,0.000,0.000,0.000,0.000,0.000,0.000,0.000,0.000,0.000,0.000,0.000,0.000,0.000,0.000,0.000,0.000,0.000,2.811,0.000,0.000,0.000,0.000,0.000,0.000,0.000,0.000,0.000,0.000,0.000,0.000,0.000,0.000,0.000,1.252,3.372,0.000,0.000,0.000,0.000,0.000,0.000,0.000,0.000,0.000,0.000,0.000,0.000,0.000,0.000,0.000,0.000,0.000,0.000,0.000,0.222,2.785,0.000,0.000,0.000]
  Iter 31: LB=15.142329  UB=16.768890  gap=9.70e-02
  Cut: intercept=-1105.459223, π_x_range=[-825.3671, 565.8745]
  Mini-Benders[1] (mw): LB=15.146508, Z₀(α*)=9.580562, intercept=-57.836160 (0.465s) [OMP=0.369 ISP-L=0.007 ISP-F=0.033 MW-L=0.021 MW-F=0.026]
  Mini-Benders[2] (mw): LB=15.146508, Z₀(α*)=9.580562, intercept=-57.836160 (0.432s) [OMP=0.353 ISP-L=0.007 ISP-F=0.032 MW-L=0.020 MW-F=0.026]
  Mini-Benders[3] (mw): LB=15.146508, Z₀(α*)=9.580562, intercept=-57.836160 (0.464s) [OMP=0.372 ISP-L=0.007 ISP-F=0.033 MW-L=0.018 MW-F=0.027]
  Mini-Benders[4]: LB stagnated, break
  α-step: Z₀=23.721922, α=[0.000,0.000,0.000,0.000,0.000,0.000,0.000,0.000,0.000,0.000,0.000,0.000,0.000,0.000,0.000,0.000,1.462,0.000,0.000,0.000,0.000,0.000,0.000,0.000,0.000,0.000,0.000,0.000,0.000,0.000,0.000,0.000,0.000,0.000,2.589,0.000,0.000,0.000,0.031,0.000,0.000,0.000,0.000,0.000,0.000,0.000,0.000,0.000,0.000,0.000,1.958,0.000,0.000,0.000,0.000,0.000,0.000,0.000,0.000,0.000,0.000,0.000,0.000,0.000,0.000,0.000,0.000,0.000,0.000,0.000,0.000,0.000,4.403,0.000,0.000,0.000]
  Alt-Benders[1] (mw): LB=15.153706, Z₀(α*)=21.833317, intercept=-71.001975 (0.464s) [OMP=0.353 ISP-L=0.009 ISP-F=0.035 MW-L=0.022 MW-F=0.033]
  Alt-Benders[2] (mw): LB=15.178295, Z₀(α*)=15.579879, intercept=-83.817720 (0.510s) [OMP=0.416 ISP-L=0.008 ISP-F=0.029 MW-L=0.023 MW-F=0.033]
  Alt-Benders[3] (mw): LB=15.203977, Z₀(α*)=13.715372, intercept=-30.463108 (0.495s) [OMP=0.402 ISP-L=0.008 ISP-F=0.027 MW-L=0.025 MW-F=0.031]
  Alt-Benders[4] (mw): LB=15.203977, Z₀(α*)=13.715372, intercept=-30.463108 (0.494s) [OMP=0.413 ISP-L=0.008 ISP-F=0.026 MW-L=0.022 MW-F=0.031]
  Alt-Benders[5] (mw): LB=15.203977, Z₀(α*)=13.715372, intercept=-30.463108 (0.495s) [OMP=0.407 ISP-L=0.007 ISP-F=0.025 MW-L=0.024 MW-F=0.031]
  OMP re-solve: 0.412s

=== True-DRO Benders iter 32 ===
  OMP: t₀=15.203977, UB=16.768890, gap=9.33e-02, x=[0, 0, 0, 0, 0, 0, 0, 0, 0, 1, 0, 0, 0, 0, 0, 0, 0, 0, 0, 0, 0, 0, 0, 0, 0, 0, 0, 0, 0, 0, 0, 0, 0, 0, 0, 0, 0, 0, 0, 0, 0, 0, 0, 0, 0, 0, 0, 0, 0, 0, 0, 1, 0, 0, 0, 0, 0, 0, 0, 0, 0, 0, 0, 0, 0, 0, 0, 0, 0, 0, 0, 0, 0, 0, 0, 0] (0.001s)
  Sub: Z₀=23.599722 [LOCAL] (0.5s), α=[0.000,0.000,0.000,0.000,0.000,0.000,0.000,0.000,0.000,0.000,0.000,0.000,0.000,0.000,0.000,0.000,0.000,0.000,0.000,0.000,0.000,0.000,0.000,0.000,0.000,0.000,0.000,0.000,0.000,0.000,0.000,0.000,0.000,0.000,2.885,0.000,0.000,0.000,0.000,0.000,0.000,0.000,0.000,0.000,0.000,0.000,0.000,0.000,0.000,0.000,0.001,4.550,0.000,0.000,0.000,0.000,0.000,0.000,0.000,0.000,0.000,0.000,0.000,0.000,0.000,0.000,0.000,0.000,0.000,0.000,0.000,0.296,2.711,0.000,0.000,0.000]
  Iter 32: LB=15.203977  UB=16.768890  gap=9.33e-02
  Cut: intercept=-1131.817578, π_x_range=[-825.9197, 592.5381]
  Mini-Benders[1] (mw): LB=15.297126, Z₀(α*)=-4.950591, intercept=-68.104832 (0.510s) [OMP=0.422 ISP-L=0.006 ISP-F=0.028 MW-L=0.024 MW-F=0.030]
  Mini-Benders[2] (mw): LB=15.297126, Z₀(α*)=-4.950591, intercept=-68.104832 (0.495s) [OMP=0.405 ISP-L=0.006 ISP-F=0.028 MW-L=0.024 MW-F=0.028]
  Mini-Benders[3] (mw): LB=15.297126, Z₀(α*)=-4.950591, intercept=-68.104832 (0.495s) [OMP=0.404 ISP-L=0.006 ISP-F=0.028 MW-L=0.024 MW-F=0.029]
  Mini-Benders[4]: LB stagnated, break
  α-step: Z₀=24.122330, α=[0.000,0.000,0.000,0.000,0.000,0.000,0.000,0.000,0.000,0.000,4.201,0.000,0.000,0.000,0.000,0.000,0.000,0.000,0.000,0.000,0.000,0.000,0.000,0.000,0.000,0.000,0.000,0.000,0.000,0.000,0.000,0.000,0.000,0.000,0.000,0.000,0.000,0.000,0.000,0.000,0.000,0.000,3.494,0.000,0.000,0.000,0.000,0.000,0.000,0.000,0.000,0.000,0.000,0.000,0.000,0.000,0.000,0.000,0.000,0.000,0.000,0.000,0.000,0.000,0.000,0.000,0.000,0.000,0.000,0.000,0.000,0.000,2.747,0.000,0.000,0.000]
  Alt-Benders[1] (mw): LB=15.323049, Z₀(α*)=4.949008, intercept=-77.121504 (0.461s) [OMP=0.384 ISP-L=0.008 ISP-F=0.028 MW-L=0.020 MW-F=0.033]
  Alt-Benders[2] (mw): LB=15.323049, Z₀(α*)=4.949008, intercept=-77.121504 (0.463s) [OMP=0.374 ISP-L=0.008 ISP-F=0.028 MW-L=0.022 MW-F=0.032]
  Alt-Benders[3] (mw): LB=15.323049, Z₀(α*)=4.949008, intercept=-77.121504 (0.448s) [OMP=0.363 ISP-L=0.008 ISP-F=0.028 MW-L=0.020 MW-F=0.033]
  Alt-Benders[4]: LB stagnated, break
  OMP re-solve: 0.000s

=== True-DRO Benders iter 33 ===
  OMP: t₀=15.323049, UB=16.768890, gap=8.62e-02, x=[0, 1, 0, 0, 0, 0, 0, 0, 0, 0, 0, 0, 0, 0, 0, 1, 0, 0, 0, 0, 0, 0, 0, 0, 0, 0, 0, 0, 0, 0, 0, 0, 0, 0, 0, 0, 0, 0, 0, 0, 0, 0, 0, 0, 0, 0, 0, 0, 0, 0, 0, 0, 0, 0, 0, 0, 0, 0, 0, 0, 0, 0, 0, 0, 0, 0, 0, 0, 0, 0, 0, 0, 0, 0, 0, 0] (0.000s)
  Sub: Z₀=23.719377 [LOCAL] (0.5s), α=[0.000,1.723,0.000,0.000,0.000,0.000,0.000,0.000,0.000,0.000,0.000,0.000,0.000,0.000,0.000,0.000,3.502,0.000,0.000,0.000,0.000,0.000,0.000,0.000,0.000,0.000,0.000,1.716,0.000,0.000,0.000,0.000,0.000,0.000,0.000,0.000,0.000,0.000,0.000,0.000,0.000,0.000,0.000,0.000,0.000,0.000,0.000,0.000,0.000,0.000,0.000,0.000,0.000,0.000,0.000,0.000,0.000,0.000,0.000,0.000,0.000,0.000,0.000,0.000,0.000,0.000,0.000,0.000,0.000,0.000,0.000,0.000,3.502,0.000,0.000,0.000]
  Iter 33: LB=15.323049  UB=16.768890  gap=8.62e-02
  Cut: intercept=-1103.805665, π_x_range=[-824.4429, 580.3838]
  Mini-Benders[1] (mw): LB=15.330197, Z₀(α*)=0.138199, intercept=-28.273422 (0.480s) [OMP=0.384 ISP-L=0.009 ISP-F=0.031 MW-L=0.025 MW-F=0.027]
  Mini-Benders[2] (mw): LB=15.330197, Z₀(α*)=0.138199, intercept=-28.273422 (0.494s) [OMP=0.398 ISP-L=0.008 ISP-F=0.032 MW-L=0.025 MW-F=0.028]
  Mini-Benders[3] (mw): LB=15.330197, Z₀(α*)=0.138199, intercept=-28.273422 (0.479s) [OMP=0.389 ISP-L=0.008 ISP-F=0.031 MW-L=0.024 MW-F=0.028]
  Mini-Benders[4]: LB stagnated, break
  α-step: Z₀=23.412330, α=[0.000,0.000,0.000,0.000,0.000,0.000,0.000,0.000,0.000,0.000,0.000,0.000,0.000,0.000,0.000,0.000,0.000,0.000,0.000,0.000,0.000,0.000,0.000,0.000,0.000,0.000,0.000,0.000,0.000,0.000,0.000,0.000,0.000,0.000,0.181,0.000,0.000,0.000,0.000,0.000,0.000,0.000,0.000,0.000,0.000,0.000,0.000,0.000,0.000,0.000,1.224,4.469,0.000,0.000,0.000,0.000,0.000,0.000,0.000,0.000,0.000,0.000,0.000,0.000,0.000,0.000,0.000,0.000,0.000,0.000,0.000,0.000,4.569,0.000,0.000,0.000]
  Alt-Benders[1] (mw): LB=15.332319, Z₀(α*)=2.654501, intercept=-21.729364 (0.518s) [OMP=0.433 ISP-L=0.008 ISP-F=0.028 MW-L=0.024 MW-F=0.028]
  Alt-Benders[2] (mw): LB=15.332319, Z₀(α*)=2.654501, intercept=-21.729364 (0.510s) [OMP=0.415 ISP-L=0.009 ISP-F=0.029 MW-L=0.024 MW-F=0.027]
  Alt-Benders[3] (mw): LB=15.332319, Z₀(α*)=2.654501, intercept=-21.729364 (0.495s) [OMP=0.401 ISP-L=0.008 ISP-F=0.028 MW-L=0.024 MW-F=0.029]
  Alt-Benders[4]: LB stagnated, break
  OMP re-solve: 0.000s

=== True-DRO Benders iter 34 ===
  OMP: t₀=15.332319, UB=16.768890, gap=8.57e-02, x=[0, 0, 0, 0, 0, 0, 0, 1, 0, 0, 0, 0, 0, 0, 0, 0, 0, 0, 0, 0, 0, 0, 0, 0, 0, 0, 0, 0, 0, 0, 0, 0, 0, 0, 0, 0, 0, 0, 0, 0, 0, 0, 0, 0, 0, 0, 0, 0, 0, 0, 0, 0, 0, 1, 0, 0, 0, 0, 0, 0, 0, 0, 0, 0, 0, 0, 0, 0, 0, 0, 0, 0, 0, 0, 0, 0] (0.000s)
  Sub: Z₀=23.148361 [LOCAL] (0.4s), α=[0.000,0.000,0.000,0.000,0.000,0.000,0.000,0.000,0.000,0.000,0.000,0.000,0.000,0.000,0.000,0.000,0.000,0.000,0.000,0.000,0.000,0.000,0.000,0.000,0.000,0.000,0.000,0.000,0.000,0.000,0.000,0.000,0.000,0.000,3.670,0.000,0.000,0.000,0.000,0.000,0.000,0.000,0.000,0.000,0.000,0.000,0.000,0.000,0.000,0.000,1.775,0.000,0.000,4.369,0.000,0.629,0.000,0.000,0.000,0.000,0.000,0.000,0.000,0.000,0.000,0.000,0.000,0.000,0.000,0.000,0.000,0.000,0.000,0.000,0.000,0.000]
  Iter 34: LB=15.332319  UB=16.768890  gap=8.57e-02
  Cut: intercept=-1094.164571, π_x_range=[-826.3735, 566.2827]
  Mini-Benders[1] (mw): LB=15.345384, Z₀(α*)=-10.483149, intercept=-79.132206 (0.558s) [OMP=0.452 ISP-L=0.008 ISP-F=0.033 MW-L=0.022 MW-F=0.033]
  Mini-Benders[2] (mw): LB=15.345384, Z₀(α*)=-10.483149, intercept=-79.132206 (0.448s) [OMP=0.359 ISP-L=0.008 ISP-F=0.033 MW-L=0.024 MW-F=0.031]
  Mini-Benders[3] (mw): LB=15.345384, Z₀(α*)=-10.483149, intercept=-79.132206 (0.463s) [OMP=0.357 ISP-L=0.008 ISP-F=0.033 MW-L=0.021 MW-F=0.033]
  Mini-Benders[4]: LB stagnated, break
  α-step: Z₀=24.307110, α=[0.000,0.000,0.000,0.000,0.000,0.000,0.000,0.000,0.000,0.000,0.000,0.000,0.000,0.000,0.000,0.000,2.457,0.000,0.000,0.000,0.000,0.000,0.000,0.000,0.000,0.000,0.000,0.000,0.000,0.000,0.000,0.000,0.000,0.000,4.729,0.000,0.000,0.000,0.000,0.000,0.000,0.000,0.000,0.000,0.000,0.000,0.000,0.000,0.000,0.000,0.000,0.000,0.000,0.000,0.000,0.000,0.000,0.000,0.000,0.000,0.000,0.000,0.000,0.000,0.000,0.000,0.000,0.000,0.000,0.000,0.000,0.000,3.257,0.000,0.000,0.000]
  Alt-Benders[1] (mw): LB=15.348114, Z₀(α*)=24.191006, intercept=-16.351138 (0.463s) [OMP=0.387 ISP-L=0.008 ISP-F=0.028 MW-L=0.023 MW-F=0.024]
  Alt-Benders[2] (mw): LB=15.374763, Z₀(α*)=-22.717941, intercept=-75.647448 (0.526s) [OMP=0.444 ISP-L=0.008 ISP-F=0.026 MW-L=0.024 MW-F=0.025]
  Alt-Benders[3] (mw): LB=15.374763, Z₀(α*)=-22.717941, intercept=-75.647448 (0.557s) [OMP=0.465 ISP-L=0.007 ISP-F=0.026 MW-L=0.024 MW-F=0.025]
  Alt-Benders[4] (mw): LB=15.374763, Z₀(α*)=-22.717941, intercept=-75.647448 (0.557s) [OMP=0.472 ISP-L=0.007 ISP-F=0.027 MW-L=0.021 MW-F=0.027]
  Alt-Benders[5]: LB stagnated, break
  OMP re-solve: 0.000s

=== True-DRO Benders iter 35 ===
  OMP: t₀=15.374763, UB=16.768890, gap=8.31e-02, x=[0, 0, 0, 0, 0, 0, 0, 0, 0, 0, 0, 0, 0, 0, 0, 0, 0, 0, 0, 0, 0, 0, 0, 0, 0, 0, 0, 0, 0, 0, 0, 0, 0, 0, 0, 0, 0, 0, 0, 0, 0, 0, 0, 0, 0, 0, 0, 0, 0, 0, 0, 0, 0, 0, 0, 0, 0, 0, 0, 0, 0, 0, 0, 0, 0, 0, 1, 0, 0, 0, 0, 1, 0, 0, 0, 0] (0.000s)
  Sub: Z₀=20.927012 (1.6s), α=[0.000,0.000,0.000,0.000,0.000,0.000,0.000,0.000,0.000,0.000,0.000,0.000,0.000,0.000,0.000,0.000,0.000,0.000,0.000,0.000,0.000,0.000,0.000,0.000,0.000,0.000,0.000,0.000,0.000,0.000,0.000,0.000,0.000,0.000,0.000,0.000,0.000,0.000,0.000,0.000,0.000,0.000,0.000,0.000,0.000,0.000,0.000,0.000,0.000,0.000,0.000,0.000,0.000,0.000,0.000,0.000,0.000,0.000,0.000,0.000,0.000,0.000,0.000,0.000,0.000,0.000,0.000,0.000,0.000,0.000,0.000,8.634,1.808,0.000,0.000,0.000]
  Iter 35: LB=15.374763  UB=16.768890  gap=8.31e-02
  Cut: intercept=-134.900312, π_x_range=[-179.8915, 138.9317]
  Sherali-Cut: intercept=-90.783679, π_x_range=[-97.7142, 94.8277]
  Mini-Benders[1] (mw): LB=15.377126, Z₀(α*)=-7.204932, intercept=-27.581396 (0.482s) [OMP=0.391 ISP-L=0.008 ISP-F=0.029 MW-L=0.022 MW-F=0.035]
  Mini-Benders[2] (mw): LB=15.377126, Z₀(α*)=-7.204932, intercept=-27.581396 (0.494s) [OMP=0.394 ISP-L=0.008 ISP-F=0.028 MW-L=0.020 MW-F=0.036]
  Mini-Benders[3] (mw): LB=15.377126, Z₀(α*)=-7.204932, intercept=-27.581396 (0.479s) [OMP=0.391 ISP-L=0.008 ISP-F=0.029 MW-L=0.023 MW-F=0.034]
  Mini-Benders[4]: LB stagnated, break
  α-step: Z₀=23.820519, α=[0.000,0.000,0.000,0.000,0.000,0.000,0.000,0.000,0.000,0.000,0.000,0.000,0.000,0.000,0.000,0.000,0.000,0.000,0.000,0.000,0.000,0.000,0.000,0.000,0.000,0.000,0.000,0.000,0.000,0.000,0.000,0.000,0.000,0.000,0.449,0.000,0.000,0.000,0.000,0.000,0.000,0.000,0.000,0.000,0.000,0.000,0.000,0.000,0.000,0.000,0.100,4.763,0.000,0.000,0.000,0.000,0.000,0.000,0.000,0.000,0.000,0.000,0.000,0.000,0.000,0.000,0.000,0.000,0.000,0.000,0.000,0.268,4.863,0.000,0.000,0.000]
  Alt-Benders[1] (mw): LB=15.387126, Z₀(α*)=23.840519, intercept=-20.274905 (0.447s) [OMP=0.343 ISP-L=0.009 ISP-F=0.029 MW-L=0.023 MW-F=0.056]
  Alt-Benders[2] (mw): LB=15.387126, Z₀(α*)=23.840519, intercept=-20.274906 (0.511s) [OMP=0.396 ISP-L=0.008 ISP-F=0.029 MW-L=0.021 MW-F=0.050]
  Alt-Benders[3] (mw): LB=15.387126, Z₀(α*)=23.840519, intercept=-20.274907 (0.526s) [OMP=0.410 ISP-L=0.008 ISP-F=0.029 MW-L=0.023 MW-F=0.055]
  Alt-Benders[4]: LB stagnated, break
  OMP re-solve: 0.001s

=== True-DRO Benders iter 36 ===
  OMP: t₀=15.387126, UB=16.768890, gap=8.24e-02, x=[0, 0, 0, 0, 0, 0, 0, 0, 0, 0, 0, 0, 0, 0, 0, 0, 0, 0, 0, 0, 0, 0, 0, 0, 0, 0, 0, 0, 0, 0, 0, 0, 0, 0, 0, 0, 0, 0, 1, 0, 0, 0, 0, 0, 0, 0, 0, 0, 0, 0, 0, 1, 0, 0, 0, 0, 0, 0, 0, 0, 0, 0, 0, 0, 0, 0, 0, 0, 0, 0, 0, 0, 0, 0, 0, 0] (0.000s)
  Sub: Z₀=23.599722 [LOCAL] (0.5s), α=[0.000,0.000,0.000,0.000,0.000,0.000,0.000,0.000,0.000,0.000,0.000,0.000,0.000,0.000,0.000,0.000,0.000,0.000,0.000,0.000,0.000,0.000,0.000,0.000,0.000,0.000,0.000,0.000,0.000,0.000,0.000,0.000,0.000,0.000,2.729,0.000,0.000,0.000,0.000,0.000,0.000,0.000,0.000,0.000,0.000,0.000,0.000,0.000,0.000,0.000,1.249,3.458,0.000,0.000,0.000,0.000,0.000,0.000,0.000,0.000,0.000,0.000,0.000,0.000,0.000,0.000,0.000,0.000,0.000,0.000,0.000,0.140,2.867,0.000,0.000,0.000]
  Iter 36: LB=15.387126  UB=16.768890  gap=8.24e-02
  Cut: intercept=-1126.021245, π_x_range=[-826.2401, 586.3913]
  Mini-Benders[1] (mw): LB=15.387126, Z₀(α*)=23.050922, intercept=-26.125027 (0.495s) [OMP=0.381 ISP-L=0.008 ISP-F=0.033 MW-L=0.021 MW-F=0.050]
  Mini-Benders[2] (mw): LB=15.387126, Z₀(α*)=23.599726, intercept=-18.477573 (0.541s) [OMP=0.420 ISP-L=0.008 ISP-F=0.031 MW-L=0.024 MW-F=0.058]
  Mini-Benders[3]: LB stagnated, break
  α-step: Z₀=23.589726, α=[0.000,0.000,0.000,0.000,0.000,0.000,0.000,0.000,0.000,0.000,0.000,0.000,0.000,0.000,0.000,0.000,0.000,0.000,0.000,0.000,0.000,0.000,0.000,0.000,0.000,0.000,0.000,0.000,0.000,0.000,0.000,0.000,0.000,0.000,2.589,0.000,0.000,0.000,0.000,0.000,0.000,0.000,0.000,0.000,0.000,0.000,0.000,0.000,0.000,0.000,1.940,2.907,0.000,0.000,0.000,0.000,0.000,0.000,0.000,0.000,0.000,0.000,0.000,0.000,0.000,0.000,0.000,0.000,0.000,0.000,0.000,0.000,3.007,0.000,0.000,0.000]
  Alt-Benders[1] (mw): LB=15.555031, Z₀(α*)=-1.769421, intercept=-49.134122 (0.485s) [OMP=0.405 ISP-L=0.007 ISP-F=0.025 MW-L=0.021 MW-F=0.029]
  Alt-Benders[2] (mw): LB=15.555031, Z₀(α*)=-1.769421, intercept=-49.134122 (0.526s) [OMP=0.440 ISP-L=0.007 ISP-F=0.024 MW-L=0.021 MW-F=0.027]
  Alt-Benders[3] (mw): LB=15.555031, Z₀(α*)=-1.769421, intercept=-49.134122 (0.526s) [OMP=0.452 ISP-L=0.007 ISP-F=0.024 MW-L=0.022 MW-F=0.029]
  Alt-Benders[4]: LB stagnated, break
  OMP re-solve: 0.001s

=== True-DRO Benders iter 37 ===
  OMP: t₀=15.555031, UB=16.768890, gap=7.24e-02, x=[0, 0, 0, 0, 0, 0, 0, 0, 0, 0, 0, 0, 0, 0, 0, 0, 0, 0, 0, 0, 0, 0, 0, 0, 0, 0, 0, 0, 0, 0, 0, 0, 0, 0, 0, 0, 0, 0, 0, 0, 0, 0, 1, 0, 0, 0, 1, 0, 0, 0, 0, 0, 0, 0, 0, 0, 0, 0, 0, 0, 0, 0, 0, 0, 0, 0, 0, 0, 0, 0, 0, 0, 0, 0, 0, 0] (0.000s)
  Sub: Z₀=24.063044 [LOCAL] (0.7s), α=[0.000,0.000,0.000,0.000,0.000,0.000,0.000,0.000,0.000,0.000,2.522,0.000,0.000,0.000,0.000,0.000,1.118,0.000,0.000,0.000,0.000,0.000,0.000,0.000,0.000,0.000,0.000,0.000,0.000,0.000,0.000,0.000,0.000,0.000,0.181,0.000,0.000,0.000,0.000,0.000,0.000,0.000,3.685,0.000,0.000,0.000,0.000,0.000,0.000,0.000,0.000,0.000,0.000,0.000,0.000,0.000,0.000,0.000,0.000,0.000,0.000,0.000,0.000,0.000,0.000,0.000,0.000,0.000,0.000,0.000,0.000,0.000,2.938,0.000,0.000,0.000]
  Iter 37: LB=15.555031  UB=16.768890  gap=7.24e-02
  Cut: intercept=-1087.699384, π_x_range=[-825.5316, 573.5785]
  Mini-Benders[1] (mw): LB=15.579877, Z₀(α*)=-1.720899, intercept=-84.142935 (0.448s) [OMP=0.365 ISP-L=0.008 ISP-F=0.027 MW-L=0.021 MW-F=0.032]
  Mini-Benders[2] (mw): LB=15.579877, Z₀(α*)=-1.720899, intercept=-84.142935 (0.495s) [OMP=0.393 ISP-L=0.008 ISP-F=0.028 MW-L=0.023 MW-F=0.031]
  Mini-Benders[3] (mw): LB=15.579877, Z₀(α*)=-1.720899, intercept=-84.142935 (0.494s) [OMP=0.403 ISP-L=0.008 ISP-F=0.028 MW-L=0.021 MW-F=0.032]
  Mini-Benders[4]: LB stagnated, break
  α-step: Z₀=23.380895, α=[0.000,0.000,0.000,0.000,0.000,0.000,0.000,0.000,0.000,0.000,0.000,0.000,0.000,0.000,0.000,0.000,0.000,0.000,0.000,0.000,0.000,0.000,0.000,0.000,0.000,0.000,0.000,0.000,0.000,0.000,0.000,0.000,0.000,0.000,2.589,0.000,0.000,0.000,0.000,0.000,0.000,0.000,0.000,0.000,0.000,0.000,0.000,0.000,0.000,0.000,1.940,2.907,0.000,0.000,0.000,0.000,0.000,0.000,0.000,0.000,0.000,0.000,0.000,0.000,0.000,0.000,0.000,0.000,0.000,0.000,0.000,0.000,3.007,0.000,0.000,0.000]
  Alt-Benders[1] (mw): LB=15.604336, Z₀(α*)=7.992358, intercept=-6.912486 (0.431s) [OMP=0.353 ISP-L=0.008 ISP-F=0.032 MW-L=0.022 MW-F=0.026]
  Alt-Benders[2] (mw): LB=15.604336, Z₀(α*)=7.992358, intercept=-6.912486 (0.464s) [OMP=0.373 ISP-L=0.008 ISP-F=0.031 MW-L=0.022 MW-F=0.028]
  Alt-Benders[3] (mw): LB=15.604336, Z₀(α*)=7.992358, intercept=-6.912486 (0.463s) [OMP=0.365 ISP-L=0.007 ISP-F=0.031 MW-L=0.021 MW-F=0.028]
  Alt-Benders[4]: LB stagnated, break
  OMP re-solve: 0.001s

=== True-DRO Benders iter 38 ===
  OMP: t₀=15.604336, UB=16.768890, gap=6.94e-02, x=[0, 0, 0, 0, 0, 0, 0, 0, 0, 0, 0, 0, 0, 0, 0, 0, 0, 0, 0, 0, 1, 0, 0, 0, 0, 0, 0, 0, 0, 0, 0, 0, 0, 1, 0, 0, 0, 0, 0, 0, 0, 0, 0, 0, 0, 0, 0, 0, 0, 0, 0, 0, 0, 0, 0, 0, 0, 0, 0, 0, 0, 0, 0, 0, 0, 0, 0, 0, 0, 0, 0, 0, 0, 0, 0, 0] (0.000s)
  Sub: Z₀=24.863816 [LOCAL] (0.7s), α=[0.000,0.000,0.000,0.000,0.000,0.000,0.000,0.000,0.000,0.000,0.000,0.000,0.000,0.000,0.000,0.000,0.228,0.000,0.000,0.000,1.083,0.000,0.000,0.000,0.000,0.000,0.000,0.000,0.000,0.000,0.000,0.000,0.000,0.066,2.617,0.000,0.000,0.000,0.000,0.000,0.000,0.000,0.000,0.000,0.000,0.000,0.000,0.000,0.000,0.000,0.833,0.000,0.000,0.000,0.000,0.000,0.000,0.000,0.000,0.000,0.000,0.000,0.000,0.000,0.000,0.000,0.000,0.000,0.000,0.000,0.000,0.028,5.587,0.000,0.000,0.000]
  Iter 38: LB=15.604336  UB=16.768890  gap=6.94e-02
  Cut: intercept=-1139.542600, π_x_range=[-825.5896, 583.6060]
  Mini-Benders[1] (mw): LB=15.615109, Z₀(α*)=24.017930, intercept=-16.530476 (0.541s) [OMP=0.426 ISP-L=0.009 ISP-F=0.029 MW-L=0.021 MW-F=0.056]
  Mini-Benders[2] (mw): LB=15.624336, Z₀(α*)=24.729033, intercept=-9.980523 (0.620s) [OMP=0.519 ISP-L=0.009 ISP-F=0.030 MW-L=0.019 MW-F=0.035]
  Mini-Benders[3] (mw): LB=15.634336, Z₀(α*)=22.778819, intercept=-45.915026 (0.560s) [OMP=0.459 ISP-L=0.009 ISP-F=0.032 MW-L=0.025 MW-F=0.029]
  Mini-Benders[4] (mw): LB=15.634336, Z₀(α*)=24.871334, intercept=-14.119892 (0.526s) [OMP=0.441 ISP-L=0.009 ISP-F=0.029 MW-L=0.022 MW-F=0.028]
  Mini-Benders[5] (mw): LB=15.634336, Z₀(α*)=24.897247, intercept=-11.378659 (0.541s) [OMP=0.415 ISP-L=0.010 ISP-F=0.034 MW-L=0.022 MW-F=0.054]
  α-step: Z₀=23.309494, α=[0.000,0.000,0.000,0.000,0.000,0.000,0.000,0.000,0.000,0.000,0.000,0.000,0.000,0.000,0.000,0.000,0.000,0.000,0.000,0.000,0.000,0.000,0.000,0.000,0.000,0.000,0.000,0.000,0.000,0.000,0.000,0.000,0.000,0.000,0.000,0.000,0.000,0.000,0.000,0.000,0.000,0.000,0.000,0.000,0.000,0.000,0.000,0.000,0.000,0.000,0.000,0.000,0.000,0.000,0.000,0.000,0.000,0.000,0.000,0.000,0.000,0.000,0.000,0.000,0.000,0.000,0.000,0.000,0.000,0.000,0.000,0.000,10.443,0.000,0.000,0.000]
  Alt-Benders[1] (mw): LB=15.763668, Z₀(α*)=12.781927, intercept=-26.253283 (0.510s) [OMP=0.417 ISP-L=0.007 ISP-F=0.027 MW-L=0.023 MW-F=0.032]
  Alt-Benders[2] (mw): LB=15.763668, Z₀(α*)=12.781927, intercept=-26.253283 (0.541s) [OMP=0.446 ISP-L=0.007 ISP-F=0.027 MW-L=0.023 MW-F=0.032]
  Alt-Benders[3] (mw): LB=15.763668, Z₀(α*)=12.781927, intercept=-26.253283 (0.526s) [OMP=0.435 ISP-L=0.007 ISP-F=0.026 MW-L=0.020 MW-F=0.034]
  Alt-Benders[4]: LB stagnated, break
  OMP re-solve: 0.001s

=== True-DRO Benders iter 39 ===
  OMP: t₀=15.763668, UB=16.768890, gap=5.99e-02, x=[0, 0, 0, 0, 0, 0, 0, 0, 0, 0, 0, 0, 0, 1, 0, 0, 0, 0, 0, 0, 0, 0, 0, 0, 0, 0, 0, 0, 0, 0, 0, 0, 0, 0, 0, 0, 0, 0, 0, 0, 0, 0, 0, 0, 0, 0, 0, 0, 0, 1, 0, 0, 0, 0, 0, 0, 0, 0, 0, 0, 0, 0, 0, 0, 0, 0, 0, 0, 0, 0, 0, 0, 0, 0, 0, 0] (0.000s)
  Sub: Z₀=23.792322 [LOCAL] (0.5s), α=[0.000,0.000,0.000,0.000,0.000,0.000,0.000,0.000,0.000,0.000,0.000,0.000,0.000,5.211,0.000,0.000,0.000,0.000,0.000,0.000,0.000,0.000,0.000,0.000,0.000,0.000,0.000,0.000,0.000,0.000,0.000,0.000,0.000,0.000,2.589,0.000,0.000,0.000,0.000,0.000,0.000,0.000,0.000,0.000,0.000,0.000,0.000,0.000,0.000,0.000,0.000,0.000,0.000,0.000,0.000,0.000,0.000,0.000,0.000,0.000,0.000,0.000,0.000,0.000,0.000,0.000,0.000,0.000,0.000,0.000,0.000,0.000,2.643,0.000,0.000,0.000]
  Iter 39: LB=15.763668  UB=16.768890  gap=5.99e-02
  Cut: intercept=-1109.882065, π_x_range=[-830.8425, 579.0251]
  Mini-Benders[1] (mw): LB=15.766196, Z₀(α*)=2.191850, intercept=-17.408153 (0.510s) [OMP=0.420 ISP-L=0.009 ISP-F=0.032 MW-L=0.023 MW-F=0.028]
  Mini-Benders[2] (mw): LB=15.766196, Z₀(α*)=2.191850, intercept=-17.408153 (0.448s) [OMP=0.340 ISP-L=0.008 ISP-F=0.032 MW-L=0.026 MW-F=0.027]
  Mini-Benders[3] (mw): LB=15.766196, Z₀(α*)=2.191850, intercept=-17.408153 (0.416s) [OMP=0.326 ISP-L=0.008 ISP-F=0.032 MW-L=0.025 MW-F=0.025]
  Mini-Benders[4]: LB stagnated, break
  α-step: Z₀=22.699694, α=[0.000,0.000,0.000,0.000,0.000,0.000,0.000,0.000,0.000,0.000,0.000,0.000,0.000,0.000,0.000,0.000,0.000,0.000,0.000,0.000,0.000,0.000,0.000,0.000,0.000,0.000,0.000,0.000,0.000,0.000,0.000,0.000,0.000,0.000,2.589,0.000,0.000,0.000,0.000,0.000,0.000,0.000,0.000,0.000,0.000,0.000,0.000,0.000,0.000,0.000,2.532,0.000,0.000,2.792,0.000,0.000,0.000,0.000,0.000,0.000,0.000,0.000,0.000,0.000,0.000,0.000,0.000,0.000,0.000,0.000,0.000,0.000,2.530,0.000,0.000,0.000]
  Alt-Benders[1] (mw): LB=15.775180, Z₀(α*)=-3.007138, intercept=-171.720137 (0.496s) [OMP=0.416 ISP-L=0.008 ISP-F=0.023 MW-L=0.024 MW-F=0.032]
  Alt-Benders[2] (mw): LB=15.775180, Z₀(α*)=-3.007138, intercept=-171.720137 (0.495s) [OMP=0.403 ISP-L=0.008 ISP-F=0.024 MW-L=0.022 MW-F=0.033]
  Alt-Benders[3] (mw): LB=15.775180, Z₀(α*)=-3.007138, intercept=-171.720137 (0.479s) [OMP=0.392 ISP-L=0.008 ISP-F=0.023 MW-L=0.025 MW-F=0.032]
  Alt-Benders[4]: LB stagnated, break
  OMP re-solve: 0.001s

=== True-DRO Benders iter 40 ===
  OMP: t₀=15.775180, UB=16.768890, gap=5.93e-02, x=[0, 0, 0, 0, 0, 0, 0, 0, 0, 0, 0, 0, 0, 0, 0, 0, 0, 0, 0, 0, 0, 0, 0, 0, 0, 0, 0, 0, 0, 0, 0, 0, 0, 0, 0, 0, 0, 0, 0, 0, 0, 0, 0, 0, 0, 0, 0, 0, 0, 0, 0, 0, 0, 1, 0, 0, 0, 0, 0, 0, 0, 0, 0, 0, 0, 0, 0, 0, 0, 0, 0, 1, 0, 0, 0, 0] (0.000s)
  Sub: Z₀=15.775185 (4.6s), α=[0.000,0.000,0.000,0.000,0.000,0.000,0.000,0.000,0.000,0.000,0.000,0.000,0.000,0.000,0.000,0.000,0.000,0.000,0.000,0.000,0.000,0.000,0.000,0.000,0.000,0.000,0.000,0.000,0.000,0.000,0.000,0.000,0.000,0.000,0.000,0.000,0.000,0.000,0.000,0.000,0.000,0.000,0.000,0.000,0.000,0.000,0.000,0.000,0.000,0.000,0.000,0.000,0.000,0.000,0.000,0.000,0.000,0.000,0.000,0.000,0.000,0.000,0.000,0.000,0.000,0.000,0.000,0.000,0.000,0.000,0.000,10.443,0.000,0.000,0.000,0.000]
  Iter 40: LB=15.775180  UB=15.775185  gap=2.77e-07
True-DRO Benders converged at iter 40 (gap=2.77e-07)
  Wall time: 267.79 sec
  OMP  time: mean=0.242s, median=0.294s, max=0.519s
  Sub  time (exact): mean=4.671s, median=4.610s, q90=8.269s, max=9.417s (n=5/40)

Result (double): Z₀=15.775185, iters=40, time=267.9s
x arcs = [54, 72]
