============================================================
abilene — single_l: ε̂=0.10, ε̃=0.00, β=0.00
============================================================
Set parameter Username
Set parameter LicenseID to value 2742039
Academic license - for non-commercial use only - expires 2026-11-20
Set parameter Username
Set parameter LicenseID to value 2742039
Academic license - for non-commercial use only - expires 2026-11-20
Set parameter OutputFlag to value 1
Set parameter LogFile to value "global_miqcp.log"
Set parameter Username
Set parameter LicenseID to value 2742039
Academic license - for non-commercial use only - expires 2026-11-20
Set parameter Username
Set parameter LicenseID to value 2742039
Academic license - for non-commercial use only - expires 2026-11-20
Set parameter Username
Set parameter LicenseID to value 2742039
Academic license - for non-commercial use only - expires 2026-11-20
Set parameter Username
Set parameter LicenseID to value 2742039
Academic license - for non-commercial use only - expires 2026-11-20

=== True-DRO Benders iter 1 ===
  OMP: t₀=3.652761, UB=Inf, gap=NaN, x=[0, 0, 0, 0, 0, 0, 0, 0, 0, 0, 1, 0, 0, 0, 0, 0, 0, 0, 1, 0, 0, 0, 0, 0, 0, 0, 0, 0, 0, 0] (0.034s)
  Sub: Z₀=12.330617 [LOCAL] (0.1s), α=[0.000,0.000,0.000,0.000,0.000,0.000,0.000,0.000,0.000,0.000,10.391,0.000,0.000,0.000,0.424,0.000,0.000,0.000,0.000,0.000,0.000,0.000,0.000,0.000,0.000,0.000,0.000,0.000,0.000,0.000]
  Iter 1: LB=3.652761  UB=Inf  gap=NaN
  Cut: intercept=-1081.894374, π_x_range=[-817.1311, 555.6725]
  Mini-Benders[1] (mw): LB=4.239475, Z₀(α*)=-24.258960, intercept=-151.614569 (0.078s) [OMP=0.038 ISP-L=0.005 ISP-F=0.009 MW-L=0.006 MW-F=0.005]
  Mini-Benders[2] (mw): LB=4.239475, Z₀(α*)=-24.258960, intercept=-151.614569 (0.051s) [OMP=0.031 ISP-L=0.002 ISP-F=0.006 MW-L=0.005 MW-F=0.005]
  Mini-Benders[3] (mw): LB=4.239475, Z₀(α*)=-24.258960, intercept=-151.614569 (0.058s) [OMP=0.031 ISP-L=0.002 ISP-F=0.006 MW-L=0.005 MW-F=0.012]
  Mini-Benders[4]: LB stagnated, break
Set parameter NonConvex to value 2
Set parameter DualReductions to value 0
  α-step: Z₀=11.011367, α=[0.000,0.000,0.000,0.000,4.931,0.000,0.000,0.000,0.000,0.000,4.364,0.000,0.000,0.000,1.520,0.000,0.000,0.000,0.000,0.000,0.000,0.000,0.000,0.000,0.000,0.000,0.000,0.000,0.000,0.000]
  Alt-Benders[1] (mw): LB=4.611359, Z₀(α*)=-68.563677, intercept=-91.361772 (0.056s) [OMP=0.034 ISP-L=0.002 ISP-F=0.006 MW-L=0.005 MW-F=0.005]
  Alt-Benders[2] (mw): LB=4.611359, Z₀(α*)=-68.563677, intercept=-91.361772 (0.054s) [OMP=0.029 ISP-L=0.002 ISP-F=0.006 MW-L=0.005 MW-F=0.010]
  Alt-Benders[3] (mw): LB=4.611359, Z₀(α*)=-68.563677, intercept=-91.361772 (0.050s) [OMP=0.029 ISP-L=0.002 ISP-F=0.006 MW-L=0.006 MW-F=0.005]
  Alt-Benders[4]: LB stagnated, break
  OMP re-solve: 0.000s

=== True-DRO Benders iter 2 ===
  OMP: t₀=4.611359, UB=Inf, gap=NaN, x=[0, 0, 0, 0, 0, 0, 0, 1, 0, 0, 0, 0, 0, 0, 0, 0, 0, 0, 0, 1, 0, 0, 0, 0, 0, 0, 0, 0, 0, 0] (0.000s)
  Sub: Z₀=13.219388 [LOCAL] (0.1s), α=[0.000,0.000,0.000,0.000,0.000,0.000,0.000,4.563,0.000,0.000,0.000,0.000,0.000,0.000,0.000,0.000,0.000,0.000,0.000,5.828,0.000,0.000,0.000,0.000,0.000,0.424,0.000,0.000,0.000,0.000]
  Iter 2: LB=4.611359  UB=Inf  gap=NaN
  Cut: intercept=-1114.389402, π_x_range=[-829.0036, 564.1707]
  Mini-Benders[1] (mw): LB=5.015886, Z₀(α*)=-46.316054, intercept=-99.449548 (0.064s) [OMP=0.031 ISP-L=0.003 ISP-F=0.006 MW-L=0.006 MW-F=0.009]
  Mini-Benders[2] (mw): LB=5.015886, Z₀(α*)=-46.316054, intercept=-99.449548 (0.049s) [OMP=0.028 ISP-L=0.003 ISP-F=0.006 MW-L=0.006 MW-F=0.005]
  Mini-Benders[3] (mw): LB=5.015886, Z₀(α*)=-46.316054, intercept=-99.449548 (0.048s) [OMP=0.028 ISP-L=0.003 ISP-F=0.006 MW-L=0.006 MW-F=0.005]
  Mini-Benders[4]: LB stagnated, break
  α-step: Z₀=11.688236, α=[0.000,0.000,0.000,0.000,6.027,0.000,0.000,0.000,0.000,0.000,0.000,0.000,0.000,0.000,1.890,0.000,0.000,0.000,0.000,0.000,0.000,0.000,0.000,0.000,0.000,0.000,2.423,0.474,0.000,0.000]
  Alt-Benders[1] (mw): LB=5.232305, Z₀(α*)=-10.783334, intercept=-70.657684 (0.053s) [OMP=0.032 ISP-L=0.003 ISP-F=0.006 MW-L=0.006 MW-F=0.005]
  Alt-Benders[2] (mw): LB=5.232305, Z₀(α*)=-10.783334, intercept=-70.657684 (0.060s) [OMP=0.037 ISP-L=0.003 ISP-F=0.006 MW-L=0.006 MW-F=0.008]
  Alt-Benders[3] (mw): LB=5.232305, Z₀(α*)=-10.783334, intercept=-70.657684 (0.059s) [OMP=0.038 ISP-L=0.002 ISP-F=0.006 MW-L=0.006 MW-F=0.005]
  Alt-Benders[4]: LB stagnated, break
  OMP re-solve: 0.000s

=== True-DRO Benders iter 3 ===
  OMP: t₀=5.232305, UB=Inf, gap=NaN, x=[0, 0, 0, 0, 1, 0, 1, 0, 0, 0, 0, 0, 0, 0, 0, 0, 0, 0, 0, 0, 0, 0, 0, 0, 0, 0, 0, 0, 0, 0] (0.000s)
  Sub: Z₀=12.018812 [LOCAL] (0.1s), α=[0.000,0.000,0.000,0.000,7.103,0.000,2.978,0.000,0.000,0.000,0.000,0.000,0.000,0.000,0.665,0.000,0.000,0.000,0.000,0.000,0.000,0.000,0.000,0.000,0.000,0.069,0.000,0.000,0.000,0.000]
  Iter 3: LB=5.232305  UB=Inf  gap=NaN
  Cut: intercept=-1140.773226, π_x_range=[-828.7624, 584.8779]
  Mini-Benders[1] (mw): LB=5.303459, Z₀(α*)=-8.410148, intercept=-82.325199 (0.061s) [OMP=0.041 ISP-L=0.003 ISP-F=0.006 MW-L=0.005 MW-F=0.005]
  Mini-Benders[2] (mw): LB=5.303459, Z₀(α*)=-8.410148, intercept=-82.325199 (0.061s) [OMP=0.038 ISP-L=0.003 ISP-F=0.006 MW-L=0.009 MW-F=0.005]
  Mini-Benders[3] (mw): LB=5.303459, Z₀(α*)=-8.410148, intercept=-82.325199 (0.056s) [OMP=0.037 ISP-L=0.003 ISP-F=0.006 MW-L=0.005 MW-F=0.005]
  Mini-Benders[4]: LB stagnated, break
  α-step: Z₀=12.209537, α=[0.000,0.000,0.000,0.000,6.378,0.000,0.000,0.000,0.000,0.000,0.000,0.000,0.000,0.000,4.437,0.000,0.000,0.000,0.000,0.000,0.000,0.000,0.000,0.000,0.000,0.000,0.000,0.000,0.000,0.000]
  Alt-Benders[1] (mw): LB=5.323459, Z₀(α*)=12.803176, intercept=-45.888204 (0.061s) [OMP=0.039 ISP-L=0.003 ISP-F=0.006 MW-L=0.006 MW-F=0.007]
  Alt-Benders[2] (mw): LB=5.382118, Z₀(α*)=8.055662, intercept=-65.271036 (0.059s) [OMP=0.038 ISP-L=0.003 ISP-F=0.006 MW-L=0.006 MW-F=0.005]
  Alt-Benders[3] (mw): LB=5.566875, Z₀(α*)=7.596263, intercept=-106.934321 (0.058s) [OMP=0.036 ISP-L=0.003 ISP-F=0.006 MW-L=0.006 MW-F=0.007]
  Alt-Benders[4] (mw): LB=5.677265, Z₀(α*)=-29.314163, intercept=-134.111791 (0.067s) [OMP=0.046 ISP-L=0.003 ISP-F=0.006 MW-L=0.006 MW-F=0.005]
  Alt-Benders[5] (mw): LB=5.677265, Z₀(α*)=-29.314163, intercept=-134.111791 (0.070s) [OMP=0.046 ISP-L=0.003 ISP-F=0.006 MW-L=0.006 MW-F=0.008]
  OMP re-solve: 0.045s

=== True-DRO Benders iter 4 ===
  OMP: t₀=5.677265, UB=Inf, gap=NaN, x=[0, 0, 0, 0, 0, 0, 0, 0, 0, 0, 1, 0, 0, 0, 0, 0, 0, 0, 0, 0, 0, 0, 0, 0, 0, 0, 1, 0, 0, 0] (0.000s)
  Sub: Z₀=12.320800 [LOCAL] (0.1s), α=[0.000,0.000,0.000,0.000,0.000,0.000,0.000,0.000,0.000,0.000,5.326,0.000,0.000,0.000,0.000,0.000,0.000,0.000,0.000,0.000,0.000,0.000,0.000,0.000,0.000,0.000,5.318,0.170,0.000,0.000]
  Iter 4: LB=5.677265  UB=Inf  gap=NaN
  Cut: intercept=-1084.148652, π_x_range=[-818.9833, 557.3278]
  Mini-Benders[1] (mw): LB=5.785279, Z₀(α*)=-41.271782, intercept=-92.190219 (0.083s) [OMP=0.052 ISP-L=0.003 ISP-F=0.006 MW-L=0.007 MW-F=0.005]
  Mini-Benders[2] (mw): LB=5.785279, Z₀(α*)=-41.271782, intercept=-92.190219 (0.059s) [OMP=0.039 ISP-L=0.003 ISP-F=0.006 MW-L=0.005 MW-F=0.006]
  Mini-Benders[3] (mw): LB=5.785279, Z₀(α*)=-41.271782, intercept=-92.190219 (0.064s) [OMP=0.041 ISP-L=0.003 ISP-F=0.006 MW-L=0.008 MW-F=0.005]
  Mini-Benders[4]: LB stagnated, break
  α-step: Z₀=13.529598, α=[0.000,0.000,0.000,0.000,0.000,0.000,0.000,2.958,0.000,0.000,0.000,0.000,0.000,0.000,0.000,0.000,0.000,0.000,0.000,0.000,0.000,0.000,0.000,0.000,0.000,0.651,0.000,7.206,0.000,0.000]
  Alt-Benders[1] (mw): LB=5.922414, Z₀(α*)=-23.218409, intercept=-111.547003 (0.085s) [OMP=0.071 ISP-L=0.003 ISP-F=0.007 MW-L=0.008 MW-F=0.005]
  Alt-Benders[2] (mw): LB=5.922414, Z₀(α*)=-23.218409, intercept=-111.547003 (0.079s) [OMP=0.046 ISP-L=0.003 ISP-F=0.006 MW-L=0.006 MW-F=0.008]
  Alt-Benders[3] (mw): LB=5.922414, Z₀(α*)=-23.218409, intercept=-111.547003 (0.067s) [OMP=0.046 ISP-L=0.003 ISP-F=0.006 MW-L=0.006 MW-F=0.005]
  Alt-Benders[4]: LB stagnated, break
  OMP re-solve: 0.000s

=== True-DRO Benders iter 5 ===
  OMP: t₀=5.922414, UB=Inf, gap=NaN, x=[0, 0, 0, 0, 0, 0, 0, 0, 0, 0, 1, 0, 0, 0, 0, 0, 0, 0, 0, 0, 0, 0, 0, 0, 0, 0, 0, 1, 0, 0] (0.000s)
  Sub: Z₀=12.866186 (2.4s), α=[0.000,0.000,0.000,0.000,0.000,0.000,0.000,0.000,0.000,0.000,6.010,0.000,0.000,0.000,1.520,0.000,0.000,0.000,0.000,0.000,0.000,0.000,0.000,0.000,0.000,0.000,1.611,1.674,0.000,0.000]
  Iter 5: LB=5.922414  UB=12.866186  gap=5.40e-01
  Cut: intercept=-113.537849, π_x_range=[-164.4215, 93.3597]
  Sherali-Cut: intercept=-111.693719, π_x_range=[-68.2598, 92.7426]
  Mini-Benders[1] (mw): LB=6.189946, Z₀(α*)=-55.654681, intercept=-91.526370 (0.082s) [OMP=0.053 ISP-L=0.003 ISP-F=0.006 MW-L=0.005 MW-F=0.005]
  Mini-Benders[2] (mw): LB=6.189946, Z₀(α*)=-55.654681, intercept=-91.526370 (0.109s) [OMP=0.090 ISP-L=0.001 ISP-F=0.006 MW-L=0.005 MW-F=0.005]
  Mini-Benders[3] (mw): LB=6.189946, Z₀(α*)=-55.654681, intercept=-91.526370 (0.106s) [OMP=0.091 ISP-L=0.001 ISP-F=0.006 MW-L=0.003 MW-F=0.008]
  Mini-Benders[4]: LB stagnated, break
  α-step: Z₀=13.519629, α=[0.000,0.000,0.000,0.000,0.000,0.000,0.000,8.674,0.000,0.000,0.000,0.000,0.000,0.000,0.000,0.000,0.000,0.000,0.000,0.000,0.000,0.000,1.659,0.000,0.000,0.481,0.000,0.000,0.000,0.000]
  Alt-Benders[1] (mw): LB=6.413535, Z₀(α*)=-50.286104, intercept=-57.933790 (0.110s) [OMP=0.099 ISP-L=0.002 ISP-F=0.006 MW-L=0.004 MW-F=0.007]
  Alt-Benders[2] (mw): LB=6.413535, Z₀(α*)=-50.286104, intercept=-57.933790 (0.122s) [OMP=0.104 ISP-L=0.002 ISP-F=0.006 MW-L=0.006 MW-F=0.005]
  Alt-Benders[3] (mw): LB=6.413535, Z₀(α*)=-50.286104, intercept=-57.933790 (0.135s) [OMP=0.103 ISP-L=0.003 ISP-F=0.006 MW-L=0.006 MW-F=0.008]
  Alt-Benders[4]: LB stagnated, break
  OMP re-solve: 0.000s

=== True-DRO Benders iter 6 ===
  OMP: t₀=6.413535, UB=12.866186, gap=5.02e-01, x=[0, 0, 0, 0, 1, 0, 0, 0, 0, 0, 0, 0, 0, 0, 0, 0, 0, 0, 0, 1, 0, 0, 0, 0, 0, 0, 0, 0, 0, 0] (0.000s)
  Sub: Z₀=13.334148 [LOCAL] (0.1s), α=[0.000,0.000,0.000,0.000,6.453,0.000,0.000,0.000,0.000,0.000,0.000,0.000,0.000,0.000,4.362,0.000,0.000,0.000,0.000,0.000,0.000,0.000,0.000,0.000,0.000,0.000,0.000,0.000,0.000,0.000]
  Iter 6: LB=6.413535  UB=12.866186  gap=5.02e-01
  Cut: intercept=-1105.021155, π_x_range=[-828.1836, 561.5808]
  Mini-Benders[1] (mw): LB=6.480837, Z₀(α*)=-51.599361, intercept=-93.887090 (0.083s) [OMP=0.058 ISP-L=0.003 ISP-F=0.005 MW-L=0.008 MW-F=0.005]
  Mini-Benders[2] (mw): LB=6.480837, Z₀(α*)=-51.599361, intercept=-93.887090 (0.073s) [OMP=0.052 ISP-L=0.002 ISP-F=0.005 MW-L=0.006 MW-F=0.006]
  Mini-Benders[3] (mw): LB=6.480837, Z₀(α*)=-51.599361, intercept=-93.887090 (0.074s) [OMP=0.051 ISP-L=0.002 ISP-F=0.005 MW-L=0.009 MW-F=0.005]
  Mini-Benders[4]: LB stagnated, break
  α-step: Z₀=13.158999, α=[0.000,0.000,0.000,0.000,0.000,0.000,2.418,0.000,0.000,0.000,7.375,0.000,0.000,0.000,0.000,0.000,0.000,0.000,0.000,0.000,0.000,0.000,0.000,0.000,0.000,1.022,0.000,0.000,0.000,0.000]
  Alt-Benders[1] (mw): LB=6.489786, Z₀(α*)=2.163522, intercept=-103.579791 (0.088s) [OMP=0.065 ISP-L=0.003 ISP-F=0.007 MW-L=0.008 MW-F=0.006]
  Alt-Benders[2] (mw): LB=6.489786, Z₀(α*)=2.163522, intercept=-103.579791 (0.087s) [OMP=0.071 ISP-L=0.003 ISP-F=0.007 MW-L=0.006 MW-F=0.008]
  Alt-Benders[3] (mw): LB=6.489786, Z₀(α*)=2.163522, intercept=-103.579791 (0.088s) [OMP=0.071 ISP-L=0.003 ISP-F=0.007 MW-L=0.006 MW-F=0.006]
  Alt-Benders[4]: LB stagnated, break
  OMP re-solve: 0.000s

=== True-DRO Benders iter 7 ===
  OMP: t₀=6.489786, UB=12.866186, gap=4.96e-01, x=[0, 0, 0, 0, 0, 0, 0, 0, 0, 0, 1, 0, 0, 1, 0, 0, 0, 0, 0, 0, 0, 0, 0, 0, 0, 0, 0, 0, 0, 0] (0.000s)
  Sub: Z₀=14.897932 [LOCAL] (0.1s), α=[0.000,0.000,0.000,0.000,0.000,0.000,0.566,0.000,0.000,0.000,7.033,0.000,0.000,0.000,3.215,0.000,0.000,0.000,0.000,0.000,0.000,0.000,0.000,0.000,0.000,0.000,0.000,0.000,0.000,0.000]
  Iter 7: LB=6.489786  UB=12.866186  gap=4.96e-01
  Cut: intercept=-1116.196061, π_x_range=[-818.3142, 593.0804]
  Mini-Benders[1] (mw): LB=6.701834, Z₀(α*)=-37.347892, intercept=-57.283259 (0.087s) [OMP=0.067 ISP-L=0.003 ISP-F=0.006 MW-L=0.005 MW-F=0.005]
  Mini-Benders[2] (mw): LB=6.701834, Z₀(α*)=-37.347892, intercept=-57.283259 (0.090s) [OMP=0.067 ISP-L=0.002 ISP-F=0.006 MW-L=0.005 MW-F=0.008]
  Mini-Benders[3] (mw): LB=6.701834, Z₀(α*)=-37.347892, intercept=-57.283259 (0.089s) [OMP=0.068 ISP-L=0.003 ISP-F=0.006 MW-L=0.005 MW-F=0.005]
  Mini-Benders[4]: LB stagnated, break
  α-step: Z₀=13.671720, α=[0.000,0.000,0.000,0.000,7.221,0.000,0.000,0.000,0.000,0.000,0.000,0.000,0.000,0.000,2.825,0.000,0.000,0.000,0.000,0.000,0.000,0.000,0.000,0.000,0.000,0.768,0.000,0.000,0.000,0.000]
  Alt-Benders[1] (mw): LB=6.701834, Z₀(α*)=13.042033, intercept=-65.811061 (0.088s) [OMP=0.079 ISP-L=0.003 ISP-F=0.006 MW-L=0.005 MW-F=0.005]
  Alt-Benders[2] (mw): LB=6.701834, Z₀(α*)=-9.782307, intercept=-68.287639 (0.109s) [OMP=0.075 ISP-L=0.003 ISP-F=0.006 MW-L=0.008 MW-F=0.005]
  Alt-Benders[3] (mw): LB=6.701834, Z₀(α*)=-9.782307, intercept=-68.287639 (0.062s) [OMP=0.042 ISP-L=0.003 ISP-F=0.006 MW-L=0.005 MW-F=0.005]
  Alt-Benders[4]: LB stagnated, break
  OMP re-solve: 0.000s

=== True-DRO Benders iter 8 ===
  OMP: t₀=6.701834, UB=12.866186, gap=4.79e-01, x=[0, 0, 0, 0, 1, 0, 0, 0, 0, 0, 0, 0, 0, 0, 0, 0, 0, 0, 0, 0, 0, 0, 0, 0, 0, 1, 0, 0, 0, 0] (0.000s)
  Sub: Z₀=11.174295 [LOCAL] (0.1s), α=[0.000,0.000,0.000,0.000,3.464,0.000,1.184,0.000,0.000,0.000,0.000,0.000,0.000,0.000,2.703,0.000,0.000,0.000,0.000,0.000,0.000,0.000,0.000,0.000,0.000,3.464,0.000,0.000,0.000,0.000]
  Iter 8: LB=6.701834  UB=12.866186  gap=4.79e-01
  Cut: intercept=-1133.263021, π_x_range=[-826.4372, 578.4537]
  Mini-Benders[1] (mw): LB=6.701834, Z₀(α*)=-7.168626, intercept=-44.551946 (0.082s) [OMP=0.058 ISP-L=0.003 ISP-F=0.006 MW-L=0.006 MW-F=0.007]
  Mini-Benders[2] (mw): LB=6.701834, Z₀(α*)=-7.168626, intercept=-44.551946 (0.084s) [OMP=0.064 ISP-L=0.003 ISP-F=0.006 MW-L=0.006 MW-F=0.005]
  Mini-Benders[3]: LB stagnated, break
  α-step: Z₀=13.506473, α=[0.000,0.000,0.000,0.000,7.874,0.000,0.000,0.000,0.000,0.000,0.000,0.000,0.000,0.000,1.520,0.000,0.000,0.000,0.000,0.000,0.000,0.000,0.000,0.000,0.000,1.421,0.000,0.000,0.000,0.000]
  Alt-Benders[1] (mw): LB=6.982619, Z₀(α*)=-44.548729, intercept=-133.405887 (0.097s) [OMP=0.081 ISP-L=0.003 ISP-F=0.006 MW-L=0.005 MW-F=0.005]
  Alt-Benders[2] (mw): LB=6.982619, Z₀(α*)=-44.548729, intercept=-133.405887 (0.078s) [OMP=0.049 ISP-L=0.003 ISP-F=0.006 MW-L=0.005 MW-F=0.008]
  Alt-Benders[3] (mw): LB=6.982619, Z₀(α*)=-44.548729, intercept=-133.405887 (0.070s) [OMP=0.050 ISP-L=0.003 ISP-F=0.006 MW-L=0.005 MW-F=0.005]
  Alt-Benders[4]: LB stagnated, break
  OMP re-solve: 0.000s

=== True-DRO Benders iter 9 ===
  OMP: t₀=6.982619, UB=12.866186, gap=4.57e-01, x=[0, 0, 0, 0, 0, 0, 0, 0, 0, 0, 1, 0, 0, 0, 1, 0, 0, 0, 0, 0, 0, 0, 0, 0, 0, 0, 0, 0, 0, 0] (0.000s)
  Sub: Z₀=12.890401 [LOCAL] (0.1s), α=[0.000,0.000,0.000,0.000,0.000,0.000,0.000,0.000,0.000,0.000,5.084,0.000,0.000,0.000,5.731,0.000,0.000,0.000,0.000,0.000,0.000,0.000,0.000,0.000,0.000,0.000,0.000,0.000,0.000,0.000]
  Iter 9: LB=6.982619  UB=12.866186  gap=4.57e-01
  Cut: intercept=-1110.752674, π_x_range=[-819.4503, 584.8012]
  Mini-Benders[1] (mw): LB=7.002619, Z₀(α*)=11.029679, intercept=-57.375758 (0.099s) [OMP=0.070 ISP-L=0.003 ISP-F=0.007 MW-L=0.006 MW-F=0.005]
  Mini-Benders[2] (mw): LB=7.247957, Z₀(α*)=8.204118, intercept=-144.878112 (0.077s) [OMP=0.053 ISP-L=0.003 ISP-F=0.006 MW-L=0.009 MW-F=0.005]
  Mini-Benders[3] (mw): LB=7.267756, Z₀(α*)=-27.268403, intercept=-55.858160 (0.088s) [OMP=0.068 ISP-L=0.003 ISP-F=0.006 MW-L=0.006 MW-F=0.005]
  Mini-Benders[4] (mw): LB=7.267756, Z₀(α*)=-27.268403, intercept=-55.858160 (0.088s) [OMP=0.066 ISP-L=0.002 ISP-F=0.006 MW-L=0.008 MW-F=0.005]
  Mini-Benders[5] (mw): LB=7.267756, Z₀(α*)=-27.268403, intercept=-55.858160 (0.089s) [OMP=0.066 ISP-L=0.002 ISP-F=0.006 MW-L=0.006 MW-F=0.008]
  α-step: Z₀=13.586863, α=[0.000,0.000,0.000,0.000,6.453,0.000,0.000,0.000,0.000,0.000,0.000,0.000,0.000,0.000,4.362,0.000,0.000,0.000,0.000,0.000,0.000,0.000,0.000,0.000,0.000,0.000,0.000,0.000,0.000,0.000]
  Alt-Benders[1] (mw): LB=7.409898, Z₀(α*)=-25.478788, intercept=-82.764253 (0.108s) [OMP=0.088 ISP-L=0.003 ISP-F=0.006 MW-L=0.006 MW-F=0.007]
  Alt-Benders[2] (mw): LB=7.409898, Z₀(α*)=-25.478788, intercept=-82.764253 (0.092s) [OMP=0.068 ISP-L=0.003 ISP-F=0.006 MW-L=0.006 MW-F=0.005]
  Alt-Benders[3] (mw): LB=7.409898, Z₀(α*)=-25.478788, intercept=-82.764253 (0.092s) [OMP=0.069 ISP-L=0.003 ISP-F=0.006 MW-L=0.006 MW-F=0.008]
  Alt-Benders[4]: LB stagnated, break
  OMP re-solve: 0.000s

=== True-DRO Benders iter 10 ===
  OMP: t₀=7.409898, UB=12.866186, gap=4.24e-01, x=[0, 0, 0, 0, 0, 0, 0, 0, 0, 0, 1, 0, 0, 0, 0, 0, 0, 0, 0, 1, 0, 0, 0, 0, 0, 0, 0, 0, 0, 0] (0.000s)
  Sub: Z₀=14.348987 (1.2s), α=[0.000,0.000,0.000,0.000,0.000,0.000,0.000,0.000,0.000,0.000,6.402,0.000,0.000,0.000,1.520,0.000,0.000,0.000,0.000,2.843,0.000,0.000,0.000,0.000,0.000,0.049,0.000,0.000,0.000,0.000]
  Iter 10: LB=7.409898  UB=12.866186  gap=4.24e-01
  Cut: intercept=-84.058927, π_x_range=[-221.0000, 73.7471]
  Sherali-Cut: intercept=-83.879714, π_x_range=[-71.5243, 73.6354]
  Mini-Benders[1] (mw): LB=7.596261, Z₀(α*)=-35.329699, intercept=-108.180978 (0.104s) [OMP=0.085 ISP-L=0.003 ISP-F=0.007 MW-L=0.008 MW-F=0.005]
  Mini-Benders[2] (mw): LB=7.596261, Z₀(α*)=-35.329699, intercept=-108.180978 (0.109s) [OMP=0.072 ISP-L=0.003 ISP-F=0.006 MW-L=0.005 MW-F=0.007]
  Mini-Benders[3] (mw): LB=7.596261, Z₀(α*)=-35.329699, intercept=-108.180978 (0.093s) [OMP=0.073 ISP-L=0.003 ISP-F=0.006 MW-L=0.006 MW-F=0.005]
  Mini-Benders[4]: LB stagnated, break
  α-step: Z₀=12.495850, α=[0.000,0.000,0.000,0.000,6.453,0.000,0.000,2.230,0.000,0.000,0.000,0.000,0.000,0.000,2.132,0.000,0.000,0.000,0.000,0.000,0.000,0.000,0.000,0.000,0.000,0.000,0.000,0.000,0.000,0.000]
  Alt-Benders[1] (mw): LB=7.698197, Z₀(α*)=-29.787771, intercept=-106.886801 (0.087s) [OMP=0.081 ISP-L=0.003 ISP-F=0.006 MW-L=0.006 MW-F=0.005]
  Alt-Benders[2] (mw): LB=7.698197, Z₀(α*)=-29.787771, intercept=-106.886801 (0.091s) [OMP=0.053 ISP-L=0.003 ISP-F=0.006 MW-L=0.006 MW-F=0.008]
  Alt-Benders[3] (mw): LB=7.698197, Z₀(α*)=-29.787771, intercept=-106.886801 (0.074s) [OMP=0.053 ISP-L=0.003 ISP-F=0.006 MW-L=0.006 MW-F=0.005]
  Alt-Benders[4]: LB stagnated, break
  OMP re-solve: 0.000s

=== True-DRO Benders iter 11 ===
  OMP: t₀=7.698197, UB=12.866186, gap=4.02e-01, x=[0, 0, 0, 0, 0, 0, 0, 0, 0, 0, 1, 0, 0, 0, 0, 0, 0, 0, 0, 0, 0, 0, 1, 0, 0, 0, 0, 0, 0, 0] (0.000s)
  Sub: Z₀=14.264558 [LOCAL] (0.1s), α=[0.000,0.000,0.000,0.000,0.000,0.000,0.000,0.026,0.000,0.000,6.353,0.000,0.000,0.000,2.453,0.000,0.000,0.000,0.000,0.000,0.000,0.000,1.982,0.000,0.000,0.000,0.000,0.000,0.000,0.000]
  Iter 11: LB=7.698197  UB=12.866186  gap=4.02e-01
  Cut: intercept=-1075.893051, π_x_range=[-820.9657, 559.4519]
  Mini-Benders[1] (mw): LB=8.055660, Z₀(α*)=-37.790117, intercept=-69.659456 (0.105s) [OMP=0.095 ISP-L=0.003 ISP-F=0.006 MW-L=0.006 MW-F=0.005]
  Mini-Benders[2] (mw): LB=8.055660, Z₀(α*)=-37.790117, intercept=-69.659456 (0.098s) [OMP=0.062 ISP-L=0.002 ISP-F=0.006 MW-L=0.008 MW-F=0.005]
  Mini-Benders[3] (mw): LB=8.055660, Z₀(α*)=-37.790117, intercept=-69.659456 (0.081s) [OMP=0.061 ISP-L=0.002 ISP-F=0.006 MW-L=0.006 MW-F=0.005]
  Mini-Benders[4]: LB stagnated, break
  α-step: Z₀=13.237355, α=[0.000,0.000,0.000,0.000,6.453,0.000,0.000,0.000,0.000,0.000,0.000,0.000,0.000,0.000,1.701,0.000,0.000,0.000,0.000,0.000,0.000,0.000,0.000,0.000,0.000,0.000,0.000,2.661,0.000,0.000]
  Alt-Benders[1] (mw): LB=8.204116, Z₀(α*)=-32.107123, intercept=-146.210760 (0.103s) [OMP=0.086 ISP-L=0.003 ISP-F=0.006 MW-L=0.006 MW-F=0.007]
  Alt-Benders[2] (mw): LB=8.204116, Z₀(α*)=-32.107123, intercept=-146.210760 (0.121s) [OMP=0.095 ISP-L=0.003 ISP-F=0.006 MW-L=0.006 MW-F=0.005]
  Alt-Benders[3] (mw): LB=8.204116, Z₀(α*)=-32.107123, intercept=-146.210760 (0.107s) [OMP=0.095 ISP-L=0.003 ISP-F=0.006 MW-L=0.006 MW-F=0.008]
  Alt-Benders[4]: LB stagnated, break
  OMP re-solve: 0.000s

=== True-DRO Benders iter 12 ===
  OMP: t₀=8.204116, UB=12.866186, gap=3.62e-01, x=[0, 0, 0, 0, 0, 0, 0, 1, 0, 0, 1, 0, 0, 0, 0, 0, 0, 0, 0, 0, 0, 0, 0, 0, 0, 0, 0, 0, 0, 0] (0.000s)
  Sub: Z₀=14.053203 [LOCAL] (0.1s), α=[0.000,0.000,0.000,0.000,0.000,0.000,0.000,0.975,0.000,0.000,6.353,0.000,0.000,0.000,3.478,0.000,0.000,0.000,0.000,0.009,0.000,0.000,0.000,0.000,0.000,0.000,0.000,0.000,0.000,0.000]
  Iter 12: LB=8.204116  UB=12.866186  gap=3.62e-01
  Cut: intercept=-1086.098985, π_x_range=[-818.4010, 562.3806]
  Mini-Benders[1] (mw): LB=8.287138, Z₀(α*)=12.272971, intercept=-57.867941 (0.095s) [OMP=0.087 ISP-L=0.003 ISP-F=0.006 MW-L=0.005 MW-F=0.007]
  Mini-Benders[2] (mw): LB=8.287138, Z₀(α*)=12.274444, intercept=-78.060878 (0.096s) [OMP=0.061 ISP-L=0.003 ISP-F=0.006 MW-L=0.006 MW-F=0.005]
  Mini-Benders[3] (mw): LB=8.287138, Z₀(α*)=-14.041507, intercept=-119.232890 (0.114s) [OMP=0.090 ISP-L=0.003 ISP-F=0.006 MW-L=0.009 MW-F=0.005]
  Mini-Benders[4]: LB stagnated, break
  α-step: Z₀=11.131339, α=[0.000,0.000,0.000,0.000,0.000,0.000,0.000,0.000,0.000,0.000,4.597,0.000,0.000,0.000,1.520,0.000,0.000,0.000,0.000,0.000,0.000,0.000,0.000,0.000,0.000,4.697,0.000,0.000,0.000,0.000]
  Alt-Benders[1] (mw): LB=8.524640, Z₀(α*)=0.977808, intercept=-61.308749 (0.086s) [OMP=0.063 ISP-L=0.003 ISP-F=0.007 MW-L=0.008 MW-F=0.005]
  Alt-Benders[2] (mw): LB=8.524640, Z₀(α*)=0.977808, intercept=-61.308749 (0.080s) [OMP=0.059 ISP-L=0.003 ISP-F=0.007 MW-L=0.006 MW-F=0.005]
  Alt-Benders[3] (mw): LB=8.524640, Z₀(α*)=0.977808, intercept=-61.308749 (0.083s) [OMP=0.058 ISP-L=0.003 ISP-F=0.007 MW-L=0.009 MW-F=0.005]
  Alt-Benders[4]: LB stagnated, break
  OMP re-solve: 0.000s

=== True-DRO Benders iter 13 ===
  OMP: t₀=8.524640, UB=12.866186, gap=3.37e-01, x=[0, 0, 0, 0, 0, 0, 0, 0, 0, 0, 1, 0, 0, 0, 0, 0, 0, 0, 0, 0, 0, 1, 0, 0, 0, 0, 0, 0, 0, 0] (0.000s)
  Sub: Z₀=15.518340 [LOCAL] (0.1s), α=[0.000,0.000,0.000,0.000,0.000,0.000,0.009,0.000,0.000,0.000,6.835,0.000,0.000,0.000,3.561,0.000,0.000,0.000,0.000,0.000,0.000,0.000,0.000,0.000,0.000,0.262,0.147,0.000,0.000,0.000]
  Iter 13: LB=8.524640  UB=12.866186  gap=3.37e-01
  Cut: intercept=-1064.279660, π_x_range=[-819.2008, 554.5758]
  Mini-Benders[1] (mw): LB=9.010174, Z₀(α*)=-30.576488, intercept=-65.926711 (0.088s) [OMP=0.071 ISP-L=0.003 ISP-F=0.006 MW-L=0.005 MW-F=0.005]
  Mini-Benders[2] (mw): LB=9.010174, Z₀(α*)=-30.576488, intercept=-65.926711 (0.078s) [OMP=0.041 ISP-L=0.003 ISP-F=0.006 MW-L=0.005 MW-F=0.008]
  Mini-Benders[3] (mw): LB=9.010174, Z₀(α*)=-30.576488, intercept=-65.926711 (0.061s) [OMP=0.042 ISP-L=0.003 ISP-F=0.006 MW-L=0.005 MW-F=0.005]
  Mini-Benders[4]: LB stagnated, break
  α-step: Z₀=15.564010, α=[0.000,0.000,0.000,0.000,0.000,0.000,0.000,0.000,0.000,0.000,0.000,0.000,0.000,0.000,1.520,0.000,0.000,0.000,0.000,0.000,0.000,0.000,0.000,0.000,0.000,2.001,0.000,7.294,0.000,0.000]
  Alt-Benders[1] (mw): LB=9.616024, Z₀(α*)=-36.821210, intercept=-44.836371 (0.097s) [OMP=0.089 ISP-L=0.003 ISP-F=0.006 MW-L=0.006 MW-F=0.005]
  Alt-Benders[2] (mw): LB=9.616025, Z₀(α*)=-36.821210, intercept=-44.836371 (0.082s) [OMP=0.048 ISP-L=0.002 ISP-F=0.006 MW-L=0.008 MW-F=0.005]
  Alt-Benders[3] (mw): LB=9.616025, Z₀(α*)=-36.821210, intercept=-44.836371 (0.068s) [OMP=0.049 ISP-L=0.002 ISP-F=0.006 MW-L=0.006 MW-F=0.005]
  Alt-Benders[4]: LB stagnated, break
  OMP re-solve: 0.000s

=== True-DRO Benders iter 14 ===
  OMP: t₀=9.616025, UB=12.866186, gap=2.53e-01, x=[0, 0, 0, 0, 1, 0, 0, 0, 1, 0, 0, 0, 0, 0, 0, 0, 0, 0, 0, 0, 0, 0, 0, 0, 0, 0, 0, 0, 0, 0] (0.000s)
  Sub: Z₀=13.995030 [LOCAL] (0.1s), α=[0.000,0.000,0.000,0.000,7.184,0.000,0.981,0.000,0.000,0.000,0.000,0.000,0.000,0.000,2.500,0.000,0.000,0.000,0.000,0.000,0.000,0.000,0.000,0.000,0.000,0.150,0.000,0.000,0.000,0.000]
  Iter 14: LB=9.616025  UB=12.866186  gap=2.53e-01
  Cut: intercept=-1138.534989, π_x_range=[-829.0317, 585.0800]
  Mini-Benders[1] (mw): LB=9.706348, Z₀(α*)=-20.333731, intercept=-70.517152 (0.104s) [OMP=0.087 ISP-L=0.003 ISP-F=0.006 MW-L=0.006 MW-F=0.005]
  Mini-Benders[2] (mw): LB=9.706348, Z₀(α*)=-20.333731, intercept=-70.517152 (0.082s) [OMP=0.052 ISP-L=0.003 ISP-F=0.006 MW-L=0.009 MW-F=0.005]
  Mini-Benders[3] (mw): LB=9.706348, Z₀(α*)=-20.333731, intercept=-70.517152 (0.072s) [OMP=0.050 ISP-L=0.003 ISP-F=0.006 MW-L=0.006 MW-F=0.007]
  Mini-Benders[4]: LB stagnated, break
  α-step: Z₀=13.083507, α=[0.000,0.000,0.000,0.000,0.000,0.000,0.000,3.431,0.000,0.000,0.000,0.000,0.000,0.000,0.832,0.000,0.000,0.000,0.000,0.000,0.000,0.000,0.000,0.000,0.000,1.202,4.844,0.506,0.000,0.000]
  Alt-Benders[1] (mw): LB=9.752159, Z₀(α*)=-22.645730, intercept=-78.940790 (0.107s) [OMP=0.096 ISP-L=0.003 ISP-F=0.006 MW-L=0.006 MW-F=0.008]
  Alt-Benders[2] (mw): LB=9.752159, Z₀(α*)=-22.645730, intercept=-78.940790 (0.078s) [OMP=0.046 ISP-L=0.003 ISP-F=0.006 MW-L=0.006 MW-F=0.005]
  Alt-Benders[3] (mw): LB=9.752159, Z₀(α*)=-22.645730, intercept=-78.940790 (0.068s) [OMP=0.045 ISP-L=0.003 ISP-F=0.006 MW-L=0.005 MW-F=0.008]
  Alt-Benders[4]: LB stagnated, break
  OMP re-solve: 0.000s

=== True-DRO Benders iter 15 ===
  OMP: t₀=9.752159, UB=12.866186, gap=2.42e-01, x=[0, 0, 0, 0, 0, 0, 0, 0, 0, 0, 0, 0, 0, 0, 0, 0, 0, 1, 0, 1, 0, 0, 0, 0, 0, 0, 0, 0, 0, 0] (0.000s)
  Sub: Z₀=15.499464 [TIME_LIMIT] (15.1s), α=[0.000,0.000,0.000,0.000,0.000,0.000,0.000,0.000,0.000,0.000,0.000,0.000,0.000,0.000,1.520,0.000,0.000,0.000,0.000,6.484,0.000,0.000,0.000,0.000,0.000,2.811,0.000,0.000,0.000,0.000]
  Iter 15: LB=9.752159  UB=12.866186  gap=2.42e-01
  Cut: intercept=-78.820507, π_x_range=[-221.3534, 55.6055]
  Mini-Benders[1] (mw): LB=9.809641, Z₀(α*)=-18.011083, intercept=-47.317665 (0.134s) [OMP=0.115 ISP-L=0.003 ISP-F=0.007 MW-L=0.009 MW-F=0.005]
  Mini-Benders[2] (mw): LB=9.809641, Z₀(α*)=-18.011083, intercept=-47.317665 (0.088s) [OMP=0.067 ISP-L=0.003 ISP-F=0.007 MW-L=0.006 MW-F=0.005]
  Mini-Benders[3] (mw): LB=9.809641, Z₀(α*)=-18.011083, intercept=-47.317665 (0.088s) [OMP=0.066 ISP-L=0.003 ISP-F=0.007 MW-L=0.008 MW-F=0.005]
  Mini-Benders[4]: LB stagnated, break
  α-step: Z₀=13.756594, α=[0.000,0.000,0.000,0.000,0.000,0.000,0.000,0.000,0.000,0.000,0.000,0.000,0.000,0.000,0.000,0.000,0.000,0.000,0.000,1.238,0.000,0.000,0.000,0.000,0.000,2.714,6.862,0.000,0.000,0.000]
  Alt-Benders[1] (mw): LB=10.066568, Z₀(α*)=8.763218, intercept=-37.844120 (0.112s) [OMP=0.093 ISP-L=0.003 ISP-F=0.007 MW-L=0.008 MW-F=0.005]
  Alt-Benders[2] (mw): LB=10.066568, Z₀(α*)=8.763218, intercept=-37.844120 (0.086s) [OMP=0.059 ISP-L=0.003 ISP-F=0.006 MW-L=0.005 MW-F=0.007]
  Alt-Benders[3] (mw): LB=10.066568, Z₀(α*)=8.763218, intercept=-37.844120 (0.080s) [OMP=0.059 ISP-L=0.003 ISP-F=0.006 MW-L=0.006 MW-F=0.005]
  Alt-Benders[4]: LB stagnated, break
  OMP re-solve: 0.000s

=== True-DRO Benders iter 16 ===
  OMP: t₀=10.066568, UB=12.866186, gap=2.18e-01, x=[0, 0, 0, 0, 0, 0, 0, 0, 0, 0, 0, 0, 0, 0, 0, 0, 0, 1, 0, 0, 0, 0, 0, 0, 0, 0, 1, 0, 0, 0] (0.000s)
  Sub: Z₀=16.316740 [LOCAL] (0.1s), α=[0.000,0.000,0.000,0.000,0.000,0.000,0.000,0.000,0.000,0.000,0.000,0.000,0.000,0.000,0.000,0.000,0.000,0.000,0.000,0.000,0.000,0.000,0.000,0.000,0.000,2.130,7.923,0.761,0.000,0.000]
  Iter 16: LB=10.066568  UB=12.866186  gap=2.18e-01
  Cut: intercept=-1105.506319, π_x_range=[-829.0061, 563.7868]
  Mini-Benders[1] (mw): LB=10.097939, Z₀(α*)=13.578870, intercept=-47.416383 (0.104s) [OMP=0.098 ISP-L=0.003 ISP-F=0.006 MW-L=0.005 MW-F=0.005]
  Mini-Benders[2] (mw): LB=10.217625, Z₀(α*)=-37.626773, intercept=-57.254139 (0.136s) [OMP=0.099 ISP-L=0.003 ISP-F=0.007 MW-L=0.006 MW-F=0.008]
  Mini-Benders[3] (mw): LB=10.217625, Z₀(α*)=-37.626773, intercept=-57.254139 (0.088s) [OMP=0.078 ISP-L=0.003 ISP-F=0.006 MW-L=0.006 MW-F=0.005]
  Mini-Benders[4] (mw): LB=10.217625, Z₀(α*)=-37.626773, intercept=-57.254139 (0.114s) [OMP=0.077 ISP-L=0.003 ISP-F=0.006 MW-L=0.006 MW-F=0.008]
  Mini-Benders[5]: LB stagnated, break
  α-step: Z₀=15.474625, α=[0.000,0.000,0.000,0.000,0.000,0.000,0.000,0.000,0.000,0.000,6.989,0.000,0.000,0.000,3.016,0.000,0.000,0.000,0.000,0.000,0.000,0.000,0.000,0.000,0.000,0.636,0.174,0.000,0.000,0.000]
  Alt-Benders[1] (mw): LB=10.360728, Z₀(α*)=-31.917034, intercept=-25.119782 (0.134s) [OMP=0.113 ISP-L=0.003 ISP-F=0.006 MW-L=0.008 MW-F=0.005]
  Alt-Benders[2] (mw): LB=10.360728, Z₀(α*)=-31.917034, intercept=-25.119782 (0.080s) [OMP=0.057 ISP-L=0.003 ISP-F=0.006 MW-L=0.006 MW-F=0.005]
  Alt-Benders[3] (mw): LB=10.360728, Z₀(α*)=-31.917034, intercept=-25.119782 (0.079s) [OMP=0.055 ISP-L=0.003 ISP-F=0.006 MW-L=0.009 MW-F=0.005]
  Alt-Benders[4]: LB stagnated, break
  OMP re-solve: 0.000s

=== True-DRO Benders iter 17 ===
  OMP: t₀=10.360728, UB=12.866186, gap=1.95e-01, x=[0, 0, 0, 0, 0, 0, 0, 0, 0, 0, 0, 0, 0, 0, 0, 0, 0, 0, 0, 0, 0, 1, 0, 0, 0, 0, 1, 0, 0, 0] (0.000s)
  Sub: Z₀=16.250969 [LOCAL] (0.1s), α=[0.000,0.000,0.000,0.000,0.000,0.000,0.000,0.000,0.000,0.000,0.000,0.000,0.000,0.000,0.000,0.000,0.000,0.000,0.000,0.000,0.000,0.000,0.000,0.000,0.000,2.130,8.684,0.000,0.000,0.000]
  Iter 17: LB=10.360728  UB=12.866186  gap=1.95e-01
  Cut: intercept=-1108.800833, π_x_range=[-831.0729, 564.7460]
  Mini-Benders[1] (mw): LB=10.363907, Z₀(α*)=-39.911920, intercept=-49.275132 (0.137s) [OMP=0.114 ISP-L=0.003 ISP-F=0.006 MW-L=0.008 MW-F=0.005]
  Mini-Benders[2] (mw): LB=10.363907, Z₀(α*)=-39.911920, intercept=-49.275132 (0.078s) [OMP=0.056 ISP-L=0.002 ISP-F=0.006 MW-L=0.006 MW-F=0.008]
  Mini-Benders[3] (mw): LB=10.363907, Z₀(α*)=-39.911920, intercept=-49.275132 (0.080s) [OMP=0.057 ISP-L=0.003 ISP-F=0.006 MW-L=0.006 MW-F=0.005]
  Mini-Benders[4]: LB stagnated, break
  α-step: Z₀=13.571629, α=[0.000,0.000,0.000,0.000,8.164,0.000,0.000,0.000,0.000,0.000,0.000,0.000,0.000,0.000,1.520,0.000,0.000,0.000,0.000,0.000,0.000,0.000,0.000,0.000,0.000,1.131,0.000,0.000,0.000,0.000]
  Alt-Benders[1] (mw): LB=10.614154, Z₀(α*)=-31.156347, intercept=-41.338080 (0.105s) [OMP=0.089 ISP-L=0.003 ISP-F=0.007 MW-L=0.006 MW-F=0.005]
  Alt-Benders[2] (mw): LB=10.614154, Z₀(α*)=-31.156347, intercept=-41.338080 (0.089s) [OMP=0.058 ISP-L=0.003 ISP-F=0.007 MW-L=0.006 MW-F=0.008]
  Alt-Benders[3] (mw): LB=10.614154, Z₀(α*)=-31.156347, intercept=-41.338080 (0.079s) [OMP=0.057 ISP-L=0.003 ISP-F=0.007 MW-L=0.006 MW-F=0.005]
  Alt-Benders[4]: LB stagnated, break
  OMP re-solve: 0.000s

=== True-DRO Benders iter 18 ===
  OMP: t₀=10.614154, UB=12.866186, gap=1.75e-01, x=[0, 0, 0, 0, 0, 0, 0, 0, 0, 0, 0, 0, 0, 0, 1, 0, 0, 0, 0, 0, 0, 0, 0, 0, 0, 0, 1, 0, 0, 0] (0.000s)
  Sub: Z₀=14.684409 [LOCAL] (0.1s), α=[0.000,0.000,0.000,0.000,0.000,0.000,0.000,0.000,0.000,0.000,0.000,0.000,0.000,0.000,3.937,0.000,0.000,0.000,0.000,0.000,0.000,0.000,0.000,0.000,0.000,1.365,5.330,0.182,0.000,0.000]
  Iter 18: LB=10.614154  UB=12.866186  gap=1.75e-01
  Cut: intercept=-1135.834658, π_x_range=[-829.9717, 588.5406]
  Mini-Benders[1] (mw): LB=10.624154, Z₀(α*)=9.699039, intercept=-16.936195 (0.125s) [OMP=0.113 ISP-L=0.003 ISP-F=0.007 MW-L=0.006 MW-F=0.005]
  Mini-Benders[2] (mw): LB=10.624154, Z₀(α*)=9.699039, intercept=-16.936195 (0.088s) [OMP=0.058 ISP-L=0.003 ISP-F=0.007 MW-L=0.009 MW-F=0.005]
  Mini-Benders[3] (mw): LB=10.624154, Z₀(α*)=9.699039, intercept=-16.936195 (0.084s) [OMP=0.059 ISP-L=0.003 ISP-F=0.007 MW-L=0.006 MW-F=0.005]
  Mini-Benders[4]: LB stagnated, break
  α-step: Z₀=16.316741, α=[0.000,0.000,0.000,0.000,0.000,0.000,0.000,0.000,0.000,0.000,0.000,0.000,0.000,0.000,0.000,0.000,0.000,0.000,0.000,0.000,0.000,0.000,0.000,0.000,0.000,2.130,8.684,0.000,0.000,0.000]
  Alt-Benders[1] (mw): LB=10.624154, Z₀(α*)=7.872710, intercept=-40.543068 (0.112s) [OMP=0.104 ISP-L=0.003 ISP-F=0.006 MW-L=0.005 MW-F=0.007]
  Alt-Benders[2] (mw): LB=10.624154, Z₀(α*)=7.872710, intercept=-40.543068 (0.089s) [OMP=0.055 ISP-L=0.003 ISP-F=0.006 MW-L=0.005 MW-F=0.005]
  Alt-Benders[3] (mw): LB=10.624154, Z₀(α*)=7.872710, intercept=-40.543068 (0.069s) [OMP=0.058 ISP-L=0.003 ISP-F=0.006 MW-L=0.005 MW-F=0.007]
  Alt-Benders[4]: LB stagnated, break
  OMP re-solve: 0.000s

=== True-DRO Benders iter 19 ===
  OMP: t₀=10.624154, UB=12.866186, gap=1.74e-01, x=[0, 0, 0, 0, 0, 0, 1, 0, 0, 0, 0, 0, 0, 0, 0, 0, 0, 0, 0, 0, 0, 0, 0, 0, 0, 0, 1, 0, 0, 0] (0.000s)
  Sub: Z₀=14.648052 [LOCAL] (0.1s), α=[0.000,0.000,0.000,0.000,0.000,0.000,1.006,0.000,0.000,0.000,0.000,0.000,0.000,0.000,0.000,0.000,0.000,0.000,0.000,0.000,0.000,0.000,0.000,0.000,0.000,3.342,6.245,0.221,0.000,0.000]
  Iter 19: LB=10.624154  UB=12.866186  gap=1.74e-01
  Cut: intercept=-1129.282756, π_x_range=[-831.0310, 586.0991]
  Mini-Benders[1] (mw): LB=10.634154, Z₀(α*)=8.100651, intercept=-17.051511 (0.106s) [OMP=0.091 ISP-L=0.003 ISP-F=0.006 MW-L=0.006 MW-F=0.007]
  Mini-Benders[2] (mw): LB=10.634154, Z₀(α*)=8.100651, intercept=-17.051511 (0.088s) [OMP=0.060 ISP-L=0.003 ISP-F=0.006 MW-L=0.006 MW-F=0.005]
  Mini-Benders[3] (mw): LB=10.634154, Z₀(α*)=8.100651, intercept=-17.051511 (0.084s) [OMP=0.060 ISP-L=0.003 ISP-F=0.006 MW-L=0.006 MW-F=0.007]
  Mini-Benders[4]: LB stagnated, break
  α-step: Z₀=16.316741, α=[0.000,0.000,0.000,0.000,0.000,0.000,0.000,0.000,0.000,0.000,0.000,0.000,0.000,0.000,0.000,0.000,0.000,0.000,0.000,0.000,0.000,0.000,0.000,0.000,0.000,2.130,8.684,0.000,0.000,0.000]
  Alt-Benders[1] (mw): LB=10.634154, Z₀(α*)=16.316741, intercept=-17.936279 (0.128s) [OMP=0.111 ISP-L=0.003 ISP-F=0.006 MW-L=0.008 MW-F=0.005]
  Alt-Benders[2] (mw): LB=10.634154, Z₀(α*)=16.316741, intercept=-17.936279 (0.119s) [OMP=0.094 ISP-L=0.003 ISP-F=0.006 MW-L=0.005 MW-F=0.005]
  Alt-Benders[3] (mw): LB=10.634154, Z₀(α*)=-7.997631, intercept=-68.619775 (0.119s) [OMP=0.105 ISP-L=0.003 ISP-F=0.007 MW-L=0.008 MW-F=0.005]
  Alt-Benders[4]: LB stagnated, break
  OMP re-solve: 0.000s

=== True-DRO Benders iter 20 ===
  OMP: t₀=10.634154, UB=12.866186, gap=1.73e-01, x=[0, 0, 0, 0, 0, 0, 0, 0, 0, 0, 0, 0, 0, 0, 0, 0, 0, 0, 0, 0, 0, 0, 0, 0, 0, 1, 1, 0, 0, 0] (0.000s)
  Sub: Z₀=11.395021 [TIME_LIMIT] (15.1s), α=[0.000,0.000,0.000,0.000,0.000,0.000,0.000,0.000,0.000,0.000,0.000,0.000,0.000,0.000,1.520,0.000,0.000,0.000,0.000,0.000,0.000,0.000,0.000,0.000,0.000,6.357,2.341,0.597,0.000,0.000]
  Iter 20: LB=10.634154  UB=11.450025  gap=7.13e-02
  Cut: intercept=-72.344353, π_x_range=[-208.4930, 45.3436]
  Mini-Benders[1] (mw): LB=10.634154, Z₀(α*)=1.630209, intercept=-20.239082 (0.135s) [OMP=0.103 ISP-L=0.003 ISP-F=0.007 MW-L=0.010 MW-F=0.006]
  Mini-Benders[2] (mw): LB=10.634154, Z₀(α*)=1.630209, intercept=-20.239082 (0.106s) [OMP=0.085 ISP-L=0.003 ISP-F=0.007 MW-L=0.007 MW-F=0.008]
  Mini-Benders[3]: LB stagnated, break
  α-step: Z₀=14.877106, α=[0.000,0.000,0.000,0.000,0.000,0.000,0.000,0.000,0.000,0.000,0.000,0.000,0.000,0.000,1.520,0.000,0.000,0.000,0.000,0.000,0.000,0.000,0.000,0.000,0.000,2.574,6.721,0.000,0.000,0.000]
  Alt-Benders[1] (mw): LB=10.688955, Z₀(α*)=-7.203210, intercept=-76.699045 (0.118s) [OMP=0.107 ISP-L=0.003 ISP-F=0.006 MW-L=0.006 MW-F=0.008]
  Alt-Benders[2] (mw): LB=10.688955, Z₀(α*)=-7.203210, intercept=-76.699045 (0.090s) [OMP=0.057 ISP-L=0.003 ISP-F=0.006 MW-L=0.006 MW-F=0.005]
  Alt-Benders[3] (mw): LB=10.688955, Z₀(α*)=-7.203210, intercept=-76.699045 (0.079s) [OMP=0.057 ISP-L=0.003 ISP-F=0.006 MW-L=0.006 MW-F=0.007]
  Alt-Benders[4]: LB stagnated, break
  OMP re-solve: 0.000s

=== True-DRO Benders iter 21 ===
  OMP: t₀=10.688955, UB=11.450025, gap=6.65e-02, x=[0, 0, 0, 0, 0, 0, 0, 0, 0, 0, 0, 0, 0, 0, 0, 0, 0, 1, 0, 0, 0, 0, 1, 0, 0, 0, 0, 0, 0, 0] (0.000s)
  Sub: Z₀=15.467566 [LOCAL] (0.1s), α=[0.000,0.000,0.000,0.000,0.000,0.000,0.000,0.000,0.000,0.000,0.000,0.000,0.000,0.000,1.520,0.000,0.000,1.785,0.000,0.000,0.000,0.000,6.039,0.000,0.000,1.471,0.000,0.000,0.000,0.000]
  Iter 21: LB=10.688955  UB=11.450025  gap=6.65e-02
  Cut: intercept=-1092.039281, π_x_range=[-827.8468, 557.5588]
  Mini-Benders[1] (mw): LB=11.011367, Z₀(α*)=-31.898303, intercept=-154.397408 (0.135s) [OMP=0.108 ISP-L=0.003 ISP-F=0.006 MW-L=0.009 MW-F=0.005]
  Mini-Benders[2] (mw): LB=11.011367, Z₀(α*)=-31.898303, intercept=-154.397408 (0.085s) [OMP=0.064 ISP-L=0.003 ISP-F=0.006 MW-L=0.007 MW-F=0.005]
  Mini-Benders[3] (mw): LB=11.011367, Z₀(α*)=-31.898303, intercept=-154.397408 (0.087s) [OMP=0.064 ISP-L=0.003 ISP-F=0.006 MW-L=0.009 MW-F=0.005]
  Mini-Benders[4]: LB stagnated, break
  α-step: Z₀=11.232617, α=[0.000,0.000,0.000,0.000,4.931,0.000,0.000,0.000,0.000,0.000,4.364,0.000,0.000,0.000,1.520,0.000,0.000,0.000,0.000,0.000,0.000,0.000,0.000,0.000,0.000,0.000,0.000,0.000,0.000,0.000]
  Alt-Benders[1] (mw): LB=11.131339, Z₀(α*)=-24.701367, intercept=-120.712879 (0.078s) [OMP=0.065 ISP-L=0.003 ISP-F=0.006 MW-L=0.009 MW-F=0.005]
  Alt-Benders[2] (mw): LB=11.131339, Z₀(α*)=-24.701367, intercept=-120.712879 (0.095s) [OMP=0.063 ISP-L=0.003 ISP-F=0.006 MW-L=0.006 MW-F=0.005]
  Alt-Benders[3] (mw): LB=11.131339, Z₀(α*)=-24.701367, intercept=-120.712879 (0.086s) [OMP=0.062 ISP-L=0.003 ISP-F=0.006 MW-L=0.009 MW-F=0.005]
  Alt-Benders[4]: LB stagnated, break
  OMP re-solve: 0.000s

=== True-DRO Benders iter 22 ===
  OMP: t₀=11.131339, UB=11.450025, gap=2.78e-02, x=[0, 0, 0, 0, 0, 0, 0, 0, 0, 0, 1, 0, 0, 0, 0, 0, 0, 0, 0, 0, 0, 0, 0, 0, 0, 1, 0, 0, 0, 0] (0.000s)
  Sub: Z₀=11.255935 [LOCAL] (0.1s), α=[0.000,0.000,0.000,0.000,0.000,0.000,0.000,0.000,0.000,0.000,4.597,0.000,0.000,0.000,1.520,0.000,0.000,0.000,0.000,0.000,0.000,0.000,0.000,0.000,0.000,4.697,0.000,0.000,0.000,0.000]
  Iter 22: LB=11.131339  UB=11.450025  gap=2.78e-02
  Cut: intercept=-1102.554519, π_x_range=[-819.2322, 579.8209]
  Mini-Benders[1] (mw): LB=11.174295, Z₀(α*)=-24.312734, intercept=-69.263096 (0.085s) [OMP=0.065 ISP-L=0.003 ISP-F=0.006 MW-L=0.005 MW-F=0.005]
  Mini-Benders[2] (mw): LB=11.174295, Z₀(α*)=-24.312734, intercept=-69.263096 (0.082s) [OMP=0.060 ISP-L=0.003 ISP-F=0.006 MW-L=0.005 MW-F=0.007]
  Mini-Benders[3] (mw): LB=11.174295, Z₀(α*)=-24.312734, intercept=-69.263096 (0.080s) [OMP=0.060 ISP-L=0.003 ISP-F=0.006 MW-L=0.006 MW-F=0.005]
  Mini-Benders[4]: LB stagnated, break
  α-step: Z₀=10.953046, α=[0.000,0.000,0.000,0.000,0.100,0.000,4.547,0.000,0.000,0.000,0.000,0.000,0.000,0.000,6.067,0.000,0.000,0.000,0.000,0.000,0.000,0.000,0.000,0.000,0.000,0.100,0.000,0.000,0.000,0.000]
  Alt-Benders[1] (mw): LB=11.174295, Z₀(α*)=11.174296, intercept=-70.157591 (0.082s) [OMP=0.066 ISP-L=0.003 ISP-F=0.006 MW-L=0.005 MW-F=0.005]
  Alt-Benders[2] (mw): LB=11.174294, Z₀(α*)=11.174296, intercept=-70.157591 (0.088s) [OMP=0.063 ISP-L=0.003 ISP-F=0.006 MW-L=0.008 MW-F=0.005]
  Alt-Benders[3] (mw): LB=11.174294, Z₀(α*)=11.174296, intercept=-70.157591 (0.084s) [OMP=0.063 ISP-L=0.003 ISP-F=0.006 MW-L=0.005 MW-F=0.005]
  Alt-Benders[4]: LB stagnated, break
  OMP re-solve: 0.000s

=== True-DRO Benders iter 23 ===
  OMP: t₀=11.174294, UB=11.450025, gap=2.41e-02, x=[0, 0, 0, 0, 1, 0, 0, 0, 0, 0, 0, 0, 0, 0, 0, 0, 0, 0, 0, 0, 0, 0, 0, 0, 0, 1, 0, 0, 0, 0] (0.000s)
  Sub: Z₀=11.174295 [LOCAL] (0.1s), α=[0.000,0.000,0.000,0.000,3.464,0.000,1.184,0.000,0.000,0.000,0.000,0.000,0.000,0.000,2.703,0.000,0.000,0.000,0.000,0.000,0.000,0.000,0.000,0.000,0.000,3.464,0.000,0.000,0.000,0.000]
  Iter 23: LB=11.174294  UB=11.450025  gap=2.41e-02
  Cut: intercept=-1133.263021, π_x_range=[-826.4372, 578.4537]
  Mini-Benders[1] (mw): LB=11.174294, Z₀(α*)=11.174296, intercept=-70.157591 (0.084s) [OMP=0.063 ISP-L=0.003 ISP-F=0.006 MW-L=0.006 MW-F=0.005]
  Mini-Benders[2] (mw): LB=11.174294, Z₀(α*)=11.174296, intercept=-70.157591 (0.084s) [OMP=0.062 ISP-L=0.003 ISP-F=0.006 MW-L=0.008 MW-F=0.005]
  Mini-Benders[3]: LB stagnated, break
  α-step: Z₀=11.174296, α=[0.000,0.000,0.000,0.000,2.418,0.000,2.229,0.000,0.000,0.000,0.000,0.000,0.000,0.000,3.749,0.000,0.000,0.000,0.000,0.000,0.000,0.000,0.000,0.000,0.000,2.418,0.000,0.000,0.000,0.000]
  Alt-Benders[1] (mw): LB=11.174296, Z₀(α*)=11.174296, intercept=-70.157591 (0.084s) [OMP=0.061 ISP-L=0.003 ISP-F=0.006 MW-L=0.008 MW-F=0.005]
  Alt-Benders[2] (mw): LB=11.174296, Z₀(α*)=11.174296, intercept=-70.157591 (0.083s) [OMP=0.062 ISP-L=0.003 ISP-F=0.006 MW-L=0.006 MW-F=0.007]
  Alt-Benders[3] (mw): LB=11.174296, Z₀(α*)=11.174296, intercept=-70.157591 (0.081s) [OMP=0.062 ISP-L=0.003 ISP-F=0.006 MW-L=0.006 MW-F=0.005]
  Alt-Benders[4]: LB stagnated, break
  OMP re-solve: 0.000s

=== True-DRO Benders iter 24 ===
  OMP: t₀=11.174296, UB=11.450025, gap=2.41e-02, x=[0, 0, 0, 0, 1, 0, 0, 0, 0, 0, 0, 0, 0, 0, 0, 0, 0, 0, 0, 0, 0, 0, 0, 0, 0, 1, 0, 0, 0, 0] (0.000s)
  Sub: Z₀=11.174295 [LOCAL] (0.1s), α=[0.000,0.000,0.000,0.000,3.464,0.000,1.184,0.000,0.000,0.000,0.000,0.000,0.000,0.000,2.703,0.000,0.000,0.000,0.000,0.000,0.000,0.000,0.000,0.000,0.000,3.464,0.000,0.000,0.000,0.000]
  Iter 24: LB=11.174296  UB=11.450025  gap=2.41e-02
  Cut: intercept=-1133.263021, π_x_range=[-826.4372, 578.4537]
  Mini-Benders[1] (mw): LB=11.174296, Z₀(α*)=11.174296, intercept=-70.157591 (0.085s) [OMP=0.063 ISP-L=0.003 ISP-F=0.006 MW-L=0.006 MW-F=0.005]
  Mini-Benders[2] (mw): LB=11.174296, Z₀(α*)=11.174296, intercept=-70.157591 (0.084s) [OMP=0.062 ISP-L=0.003 ISP-F=0.006 MW-L=0.006 MW-F=0.007]
  Mini-Benders[3]: LB stagnated, break
  α-step: Z₀=11.174296, α=[0.000,0.000,0.000,0.000,2.418,0.000,2.229,0.000,0.000,0.000,0.000,0.000,0.000,0.000,3.749,0.000,0.000,0.000,0.000,0.000,0.000,0.000,0.000,0.000,0.000,2.418,0.000,0.000,0.000,0.000]
  Alt-Benders[1] (mw): LB=11.174296, Z₀(α*)=11.174296, intercept=-70.157591 (0.084s) [OMP=0.062 ISP-L=0.003 ISP-F=0.006 MW-L=0.008 MW-F=0.005]
  Alt-Benders[2] (mw): LB=11.174296, Z₀(α*)=11.174296, intercept=-70.157591 (0.081s) [OMP=0.062 ISP-L=0.003 ISP-F=0.006 MW-L=0.006 MW-F=0.005]
  Alt-Benders[3]: LB stagnated, break
  OMP re-solve: 0.000s

=== True-DRO Benders iter 25 ===
  OMP: t₀=11.174296, UB=11.450025, gap=2.41e-02, x=[0, 0, 0, 0, 1, 0, 0, 0, 0, 0, 0, 0, 0, 0, 0, 0, 0, 0, 0, 0, 0, 0, 0, 0, 0, 1, 0, 0, 0, 0] (0.000s)
  Sub: Z₀=11.174299 (15.0s), α=[0.000,0.000,0.000,0.000,0.921,0.000,3.727,0.000,0.000,0.000,0.000,0.000,0.000,0.000,5.246,0.000,0.000,0.000,0.000,0.000,0.000,0.000,0.000,0.000,0.000,0.921,0.000,0.000,0.000,0.000]
  Iter 25: LB=11.174296  UB=11.174299  gap=1.97e-07
True-DRO Benders converged at iter 25 (gap=1.97e-07)
  Wall time: 68.38 sec
  OMP  time: mean=0.047s, median=0.055s, max=0.115s
  Sub  time (exact): mean=6.188s, median=2.375s, q90=12.504s, max=15.036s (n=3/25)

Result (single_l): Z₀=11.174299, iters=25, time=68.4s
x arcs = [5, 26]
