============================================================
abilene — nominal: ε̂=0.00, ε̃=0.00, β=0.00
============================================================
Set parameter Username
Set parameter LicenseID to value 2742039
Academic license - for non-commercial use only - expires 2026-11-20
Set parameter Username
Set parameter LicenseID to value 2742039
Academic license - for non-commercial use only - expires 2026-11-20
Set parameter OutputFlag to value 1
Set parameter LogFile to value "global_miqcp.log"
Set parameter Username
Set parameter LicenseID to value 2742039
Academic license - for non-commercial use only - expires 2026-11-20
Set parameter Username
Set parameter LicenseID to value 2742039
Academic license - for non-commercial use only - expires 2026-11-20
Set parameter Username
Set parameter LicenseID to value 2742039
Academic license - for non-commercial use only - expires 2026-11-20
Set parameter Username
Set parameter LicenseID to value 2742039
Academic license - for non-commercial use only - expires 2026-11-20

=== True-DRO Benders iter 1 ===
  OMP: t₀=3.652761, UB=Inf, gap=NaN, x=[0, 0, 0, 0, 0, 0, 0, 0, 0, 0, 1, 0, 0, 0, 0, 0, 0, 0, 1, 0, 0, 0, 0, 0, 0, 0, 0, 0, 0, 0] (0.045s)
  Sub: Z₀=11.257069 [LOCAL] (0.1s), α=[0.000,0.000,0.000,0.000,0.000,0.000,0.000,0.000,0.000,0.000,10.391,0.000,0.000,0.000,0.424,0.000,0.000,0.000,0.000,0.000,0.000,0.000,0.000,0.000,0.000,0.000,0.000,0.000,0.000,0.000]
  Iter 1: LB=3.652761  UB=Inf  gap=NaN
  Cut: intercept=-1081.163822, π_x_range=[-817.2770, 554.7623]
  Mini-Benders[1] (mw): LB=4.239475, Z₀(α*)=-25.492845, intercept=-152.203148 (0.073s) [OMP=0.046 ISP-L=0.005 ISP-F=0.009 MW-L=0.004 MW-F=0.005]
  Mini-Benders[2] (mw): LB=4.239475, Z₀(α*)=-25.492845, intercept=-152.203148 (0.052s) [OMP=0.034 ISP-L=0.002 ISP-F=0.006 MW-L=0.004 MW-F=0.005]
  Mini-Benders[3] (mw): LB=4.239475, Z₀(α*)=-25.492845, intercept=-152.203148 (0.059s) [OMP=0.035 ISP-L=0.002 ISP-F=0.006 MW-L=0.009 MW-F=0.005]
  Mini-Benders[4]: LB stagnated, break
Set parameter NonConvex to value 2
Set parameter DualReductions to value 0
  α-step: Z₀=10.333523, α=[0.000,0.000,0.000,0.000,4.209,0.000,0.090,0.000,0.000,0.000,3.819,0.000,0.000,0.119,2.579,0.000,0.000,0.000,0.000,0.000,0.000,0.000,0.000,0.000,0.000,0.000,0.000,0.000,0.000,0.000]
  Alt-Benders[1] (mw): LB=4.611359, Z₀(α*)=-70.309950, intercept=-91.938392 (0.057s) [OMP=0.033 ISP-L=0.002 ISP-F=0.006 MW-L=0.008 MW-F=0.006]
  Alt-Benders[2] (mw): LB=4.611359, Z₀(α*)=-70.309950, intercept=-91.938392 (0.051s) [OMP=0.034 ISP-L=0.001 ISP-F=0.006 MW-L=0.003 MW-F=0.006]
  Alt-Benders[3] (mw): LB=4.611359, Z₀(α*)=-70.309950, intercept=-91.938392 (0.053s) [OMP=0.033 ISP-L=0.001 ISP-F=0.006 MW-L=0.006 MW-F=0.006]
  Alt-Benders[4]: LB stagnated, break
  OMP re-solve: 0.000s

=== True-DRO Benders iter 2 ===
  OMP: t₀=4.611359, UB=Inf, gap=NaN, x=[0, 0, 0, 0, 0, 0, 0, 1, 0, 0, 0, 0, 0, 0, 0, 0, 0, 0, 0, 1, 0, 0, 0, 0, 0, 0, 0, 0, 0, 0] (0.000s)
  Sub: Z₀=12.103489 [LOCAL] (0.1s), α=[0.000,0.000,0.000,0.000,0.000,0.000,0.000,4.576,0.000,0.000,0.000,0.000,0.000,0.000,0.214,0.000,0.000,0.000,0.000,5.815,0.000,0.000,0.000,0.000,0.000,0.210,0.000,0.000,0.000,0.000]
  Iter 2: LB=4.611359  UB=Inf  gap=NaN
  Cut: intercept=-1115.589533, π_x_range=[-829.2610, 564.5180]
  Mini-Benders[1] (mw): LB=5.015886, Z₀(α*)=-46.062068, intercept=-99.449188 (0.070s) [OMP=0.040 ISP-L=0.001 ISP-F=0.006 MW-L=0.003 MW-F=0.005]
  Mini-Benders[2] (mw): LB=5.015886, Z₀(α*)=-46.062068, intercept=-99.449188 (0.055s) [OMP=0.035 ISP-L=0.002 ISP-F=0.006 MW-L=0.004 MW-F=0.007]
  Mini-Benders[3] (mw): LB=5.015886, Z₀(α*)=-46.062068, intercept=-99.449188 (0.052s) [OMP=0.034 ISP-L=0.002 ISP-F=0.006 MW-L=0.004 MW-F=0.005]
  Mini-Benders[4]: LB stagnated, break
  α-step: Z₀=11.410671, α=[0.000,0.000,0.000,0.000,6.071,0.000,0.000,0.000,0.000,0.000,0.000,0.000,0.000,0.000,1.765,0.000,0.000,0.000,0.000,0.000,0.000,0.000,0.000,0.000,0.000,0.000,2.443,0.537,0.000,0.000]
  Alt-Benders[1] (mw): LB=5.232305, Z₀(α*)=-11.409968, intercept=-71.428205 (0.057s) [OMP=0.039 ISP-L=0.002 ISP-F=0.007 MW-L=0.004 MW-F=0.005]
  Alt-Benders[2] (mw): LB=5.232305, Z₀(α*)=-11.409968, intercept=-71.428205 (0.060s) [OMP=0.042 ISP-L=0.001 ISP-F=0.006 MW-L=0.005 MW-F=0.005]
  Alt-Benders[3] (mw): LB=5.232305, Z₀(α*)=-11.409968, intercept=-71.428205 (0.060s) [OMP=0.041 ISP-L=0.001 ISP-F=0.006 MW-L=0.003 MW-F=0.007]
  Alt-Benders[4]: LB stagnated, break
  OMP re-solve: 0.000s

=== True-DRO Benders iter 3 ===
  OMP: t₀=5.232305, UB=Inf, gap=NaN, x=[0, 0, 0, 0, 1, 0, 1, 0, 0, 0, 0, 0, 0, 0, 0, 0, 0, 0, 0, 0, 0, 0, 0, 0, 0, 0, 0, 0, 0, 0] (0.000s)
  Sub: Z₀=11.227418 [LOCAL] (0.1s), α=[0.000,0.000,0.000,0.000,6.825,0.000,3.141,0.000,0.000,0.000,0.000,0.000,0.000,0.000,0.773,0.000,0.000,0.000,0.000,0.000,0.000,0.000,0.000,0.000,0.000,0.076,0.000,0.000,0.000,0.000]
  Iter 3: LB=5.232305  UB=Inf  gap=NaN
  Cut: intercept=-1141.923874, π_x_range=[-828.6811, 584.6241]
  Mini-Benders[1] (mw): LB=5.303459, Z₀(α*)=-9.361457, intercept=-82.824114 (0.061s) [OMP=0.038 ISP-L=0.001 ISP-F=0.006 MW-L=0.003 MW-F=0.007]
  Mini-Benders[2] (mw): LB=5.303459, Z₀(α*)=-9.361457, intercept=-82.824114 (0.062s) [OMP=0.044 ISP-L=0.002 ISP-F=0.006 MW-L=0.004 MW-F=0.005]
  Mini-Benders[3] (mw): LB=5.303459, Z₀(α*)=-9.361457, intercept=-82.824114 (0.061s) [OMP=0.042 ISP-L=0.001 ISP-F=0.006 MW-L=0.006 MW-F=0.005]
  Mini-Benders[4]: LB stagnated, break
  α-step: Z₀=11.852560, α=[0.000,0.000,0.000,0.000,6.375,0.000,0.000,0.000,0.000,0.000,0.000,0.000,0.000,0.000,4.440,0.000,0.000,0.000,0.000,0.000,0.000,0.000,0.000,0.000,0.000,0.000,0.000,0.000,0.000,0.000]
  Alt-Benders[1] (mw): LB=5.323459, Z₀(α*)=12.201042, intercept=-46.483136 (0.061s) [OMP=0.042 ISP-L=0.001 ISP-F=0.006 MW-L=0.006 MW-F=0.005]
  Alt-Benders[2] (mw): LB=5.382118, Z₀(α*)=6.738094, intercept=-65.866824 (0.065s) [OMP=0.047 ISP-L=0.001 ISP-F=0.006 MW-L=0.003 MW-F=0.007]
  Alt-Benders[3] (mw): LB=5.566875, Z₀(α*)=6.661566, intercept=-107.445447 (0.063s) [OMP=0.045 ISP-L=0.002 ISP-F=0.006 MW-L=0.004 MW-F=0.005]
  Alt-Benders[4] (mw): LB=5.677265, Z₀(α*)=-30.158091, intercept=-135.375189 (0.066s) [OMP=0.045 ISP-L=0.002 ISP-F=0.007 MW-L=0.004 MW-F=0.008]
  Alt-Benders[5] (mw): LB=5.677265, Z₀(α*)=-30.158091, intercept=-135.375189 (0.068s) [OMP=0.049 ISP-L=0.002 ISP-F=0.007 MW-L=0.004 MW-F=0.005]
  OMP re-solve: 0.046s

=== True-DRO Benders iter 4 ===
  OMP: t₀=5.677265, UB=Inf, gap=NaN, x=[0, 0, 0, 0, 0, 0, 0, 0, 0, 0, 1, 0, 0, 0, 0, 0, 0, 0, 0, 0, 0, 0, 0, 0, 0, 0, 1, 0, 0, 0] (0.000s)
  Sub: Z₀=11.067411 [LOCAL] (0.1s), α=[0.000,0.000,0.000,0.000,0.000,0.000,0.000,0.000,0.000,0.000,5.326,0.000,0.000,0.000,0.000,0.000,0.000,0.000,0.000,0.000,0.000,0.000,0.000,0.000,0.000,0.000,5.318,0.170,0.000,0.000]
  Iter 4: LB=5.677265  UB=Inf  gap=NaN
  Cut: intercept=-1083.519014, π_x_range=[-818.7443, 556.9167]
  Mini-Benders[1] (mw): LB=5.785279, Z₀(α*)=-43.024662, intercept=-92.857888 (0.078s) [OMP=0.057 ISP-L=0.002 ISP-F=0.007 MW-L=0.004 MW-F=0.005]
  Mini-Benders[2] (mw): LB=5.785279, Z₀(α*)=-43.024662, intercept=-92.857888 (0.065s) [OMP=0.043 ISP-L=0.002 ISP-F=0.007 MW-L=0.006 MW-F=0.005]
  Mini-Benders[3] (mw): LB=5.785279, Z₀(α*)=-43.024662, intercept=-92.857888 (0.068s) [OMP=0.047 ISP-L=0.002 ISP-F=0.007 MW-L=0.004 MW-F=0.008]
  Mini-Benders[4]: LB stagnated, break
  α-step: Z₀=12.711715, α=[0.000,0.000,0.000,0.000,0.000,0.000,0.000,2.958,0.000,0.000,0.000,0.000,0.000,0.000,0.000,0.000,0.000,0.000,0.000,0.000,0.000,0.000,0.000,0.000,0.000,0.651,0.000,7.206,0.000,0.000]
  Alt-Benders[1] (mw): LB=5.922414, Z₀(α*)=-24.922184, intercept=-112.348082 (0.126s) [OMP=0.111 ISP-L=0.002 ISP-F=0.007 MW-L=0.004 MW-F=0.007]
  Alt-Benders[2] (mw): LB=5.922414, Z₀(α*)=-24.922184, intercept=-112.348082 (0.075s) [OMP=0.050 ISP-L=0.002 ISP-F=0.007 MW-L=0.004 MW-F=0.005]
  Alt-Benders[3] (mw): LB=5.922414, Z₀(α*)=-24.922184, intercept=-112.348082 (0.072s) [OMP=0.050 ISP-L=0.002 ISP-F=0.007 MW-L=0.004 MW-F=0.008]
  Alt-Benders[4]: LB stagnated, break
  OMP re-solve: 0.000s

=== True-DRO Benders iter 5 ===
  OMP: t₀=5.922414, UB=Inf, gap=NaN, x=[0, 0, 0, 0, 0, 0, 0, 0, 0, 0, 1, 0, 0, 0, 0, 0, 0, 0, 0, 0, 0, 0, 0, 0, 0, 0, 0, 1, 0, 0] (0.000s)
  Sub: Z₀=11.649954 (0.1s), α=[0.000,0.000,0.000,0.000,0.000,0.000,0.000,0.000,0.000,0.000,6.010,0.000,0.000,0.000,1.520,0.000,0.000,0.000,0.000,0.000,0.000,0.000,0.000,0.000,0.000,0.000,0.105,3.180,0.000,0.000]
  Iter 5: LB=5.922414  UB=11.649954  gap=4.92e-01
  Cut: intercept=-114.221804, π_x_range=[-231.0000, 93.1988]
  Sherali-Cut: intercept=-112.185069, π_x_range=[-68.2265, 92.7426]
  Mini-Benders[1] (mw): LB=6.189946, Z₀(α*)=-57.433856, intercept=-92.314538 (0.104s) [OMP=0.080 ISP-L=0.002 ISP-F=0.006 MW-L=0.004 MW-F=0.005]
  Mini-Benders[2] (mw): LB=6.189946, Z₀(α*)=-57.433856, intercept=-92.314538 (0.087s) [OMP=0.062 ISP-L=0.001 ISP-F=0.006 MW-L=0.003 MW-F=0.008]
  Mini-Benders[3] (mw): LB=6.189946, Z₀(α*)=-57.433856, intercept=-92.314538 (0.079s) [OMP=0.063 ISP-L=0.001 ISP-F=0.006 MW-L=0.003 MW-F=0.006]
  Mini-Benders[4]: LB stagnated, break
  α-step: Z₀=12.851184, α=[0.000,0.000,0.000,0.000,0.000,0.000,0.000,8.674,0.000,0.000,0.000,0.000,0.000,0.000,0.000,0.000,0.000,0.000,0.000,0.000,0.000,0.000,1.659,0.000,0.000,0.481,0.000,0.000,0.000,0.000]
  Alt-Benders[1] (mw): LB=6.413535, Z₀(α*)=-51.562340, intercept=-58.516605 (0.079s) [OMP=0.062 ISP-L=0.001 ISP-F=0.006 MW-L=0.003 MW-F=0.005]
  Alt-Benders[2] (mw): LB=6.413535, Z₀(α*)=-51.562340, intercept=-58.516605 (0.090s) [OMP=0.075 ISP-L=0.002 ISP-F=0.006 MW-L=0.006 MW-F=0.005]
  Alt-Benders[3] (mw): LB=6.413535, Z₀(α*)=-51.562340, intercept=-58.516605 (0.088s) [OMP=0.076 ISP-L=0.002 ISP-F=0.006 MW-L=0.004 MW-F=0.007]
  Alt-Benders[4]: LB stagnated, break
  OMP re-solve: 0.000s

=== True-DRO Benders iter 6 ===
  OMP: t₀=6.413535, UB=11.649954, gap=4.49e-01, x=[0, 0, 0, 0, 1, 0, 0, 0, 0, 0, 0, 0, 0, 0, 0, 0, 0, 0, 0, 1, 0, 0, 0, 0, 0, 0, 0, 0, 0, 0] (0.000s)
  Sub: Z₀=12.457586 [LOCAL] (0.1s), α=[0.000,0.000,0.000,0.000,6.602,0.000,0.009,0.000,0.000,0.000,0.000,0.000,0.000,0.000,3.650,0.000,0.000,0.000,0.000,0.545,0.000,0.000,0.000,0.000,0.000,0.008,0.000,0.000,0.000,0.000]
  Iter 6: LB=6.413535  UB=11.649954  gap=4.49e-01
  Cut: intercept=-1105.846014, π_x_range=[-828.0602, 561.7055]
  Mini-Benders[1] (mw): LB=6.480837, Z₀(α*)=-53.742354, intercept=-95.354904 (0.102s) [OMP=0.081 ISP-L=0.002 ISP-F=0.006 MW-L=0.004 MW-F=0.007]
  Mini-Benders[2] (mw): LB=6.480837, Z₀(α*)=-53.742354, intercept=-95.354904 (0.109s) [OMP=0.104 ISP-L=0.002 ISP-F=0.006 MW-L=0.004 MW-F=0.005]
  Mini-Benders[3] (mw): LB=6.480837, Z₀(α*)=-53.742354, intercept=-95.354904 (0.135s) [OMP=0.104 ISP-L=0.002 ISP-F=0.006 MW-L=0.006 MW-F=0.005]
  Mini-Benders[4]: LB stagnated, break
  α-step: Z₀=12.113880, α=[0.000,0.000,0.000,0.000,0.000,0.000,2.418,0.000,0.000,0.000,7.375,0.000,0.000,0.000,0.000,0.000,0.000,0.000,0.000,0.000,0.000,0.000,0.000,0.000,0.000,1.022,0.000,0.000,0.000,0.000]
  Alt-Benders[1] (mw): LB=6.489786, Z₀(α*)=0.896240, intercept=-104.380875 (0.101s) [OMP=0.088 ISP-L=0.002 ISP-F=0.007 MW-L=0.006 MW-F=0.006]
  Alt-Benders[2] (mw): LB=6.489786, Z₀(α*)=0.896240, intercept=-104.380875 (0.103s) [OMP=0.077 ISP-L=0.002 ISP-F=0.007 MW-L=0.004 MW-F=0.008]
  Alt-Benders[3] (mw): LB=6.489786, Z₀(α*)=0.896240, intercept=-104.380875 (0.103s) [OMP=0.077 ISP-L=0.002 ISP-F=0.007 MW-L=0.004 MW-F=0.006]
  Alt-Benders[4]: LB stagnated, break
  OMP re-solve: 0.000s

=== True-DRO Benders iter 7 ===
  OMP: t₀=6.489786, UB=11.649954, gap=4.43e-01, x=[0, 0, 0, 0, 0, 0, 0, 0, 0, 0, 1, 0, 0, 1, 0, 0, 0, 0, 0, 0, 0, 0, 0, 0, 0, 0, 0, 0, 0, 0] (0.000s)
  Sub: Z₀=13.536032 [LOCAL] (0.1s), α=[0.000,0.000,0.000,0.000,0.000,0.000,0.725,0.000,0.000,0.000,7.363,0.000,0.000,0.000,2.654,0.000,0.000,0.000,0.000,0.000,0.000,0.000,0.000,0.000,0.000,0.072,0.000,0.000,0.000,0.000]
  Iter 7: LB=6.489786  UB=11.649954  gap=4.43e-01
  Cut: intercept=-1115.636000, π_x_range=[-818.5111, 592.6119]
  Mini-Benders[1] (mw): LB=6.661564, Z₀(α*)=-31.374047, intercept=-108.814366 (0.120s) [OMP=0.087 ISP-L=0.002 ISP-F=0.006 MW-L=0.004 MW-F=0.005]
  Mini-Benders[2] (mw): LB=6.661564, Z₀(α*)=-31.374047, intercept=-108.814366 (0.099s) [OMP=0.078 ISP-L=0.002 ISP-F=0.006 MW-L=0.006 MW-F=0.005]
  Mini-Benders[3] (mw): LB=6.661564, Z₀(α*)=-31.374047, intercept=-108.814366 (0.095s) [OMP=0.078 ISP-L=0.002 ISP-F=0.006 MW-L=0.004 MW-F=0.005]
  Mini-Benders[4]: LB stagnated, break
  α-step: Z₀=12.078096, α=[0.000,0.000,0.000,0.000,6.453,0.000,0.000,2.230,0.000,0.000,0.000,0.000,0.000,0.000,2.132,0.000,0.000,0.000,0.000,0.000,0.000,0.000,0.000,0.000,0.000,0.000,0.000,0.000,0.000,0.000]
  Alt-Benders[1] (mw): LB=6.701834, Z₀(α*)=7.982452, intercept=-57.202548 (0.094s) [OMP=0.084 ISP-L=0.002 ISP-F=0.006 MW-L=0.004 MW-F=0.005]
  Alt-Benders[2] (mw): LB=6.701834, Z₀(α*)=3.446941, intercept=-67.503192 (0.104s) [OMP=0.083 ISP-L=0.002 ISP-F=0.006 MW-L=0.007 MW-F=0.005]
  Alt-Benders[3] (mw): LB=6.701834, Z₀(α*)=3.446941, intercept=-67.503192 (0.101s) [OMP=0.073 ISP-L=0.002 ISP-F=0.006 MW-L=0.004 MW-F=0.007]
  Alt-Benders[4]: LB stagnated, break
  OMP re-solve: 0.000s

=== True-DRO Benders iter 8 ===
  OMP: t₀=6.701834, UB=11.649954, gap=4.25e-01, x=[0, 0, 0, 0, 1, 0, 0, 0, 0, 0, 0, 0, 0, 0, 0, 0, 0, 1, 0, 0, 0, 0, 0, 0, 0, 0, 0, 0, 0, 0] (0.000s)
  Sub: Z₀=13.257957 [LOCAL] (0.1s), α=[0.000,0.000,0.000,0.000,6.802,0.000,0.743,0.000,0.000,0.000,0.000,0.000,0.000,0.000,3.270,0.000,0.000,0.000,0.000,0.000,0.000,0.000,0.000,0.000,0.000,0.000,0.000,0.000,0.000,0.000]
  Iter 8: LB=6.701834  UB=11.649954  gap=4.25e-01
  Cut: intercept=-1113.791146, π_x_range=[-827.2466, 568.0695]
  Mini-Benders[1] (mw): LB=6.701834, Z₀(α*)=12.392326, intercept=-58.036238 (0.107s) [OMP=0.093 ISP-L=0.002 ISP-F=0.007 MW-L=0.004 MW-F=0.007]
  Mini-Benders[2] (mw): LB=6.701834, Z₀(α*)=13.077069, intercept=-46.585777 (0.104s) [OMP=0.084 ISP-L=0.002 ISP-F=0.006 MW-L=0.004 MW-F=0.005]
  Mini-Benders[3]: LB stagnated, break
  α-step: Z₀=10.293523, α=[0.000,0.000,0.000,0.000,0.100,0.000,3.535,0.000,0.000,0.000,0.000,0.000,0.000,0.000,7.080,0.000,0.000,0.000,0.000,0.000,0.000,0.000,0.000,0.000,0.000,0.100,0.000,0.000,0.000,0.000]
  Alt-Benders[1] (mw): LB=6.738092, Z₀(α*)=-6.010899, intercept=-65.573497 (0.073s) [OMP=0.056 ISP-L=0.001 ISP-F=0.006 MW-L=0.003 MW-F=0.006]
  Alt-Benders[2] (mw): LB=6.738092, Z₀(α*)=-6.010899, intercept=-65.573497 (0.068s) [OMP=0.058 ISP-L=0.002 ISP-F=0.006 MW-L=0.007 MW-F=0.005]
  Alt-Benders[3] (mw): LB=6.738092, Z₀(α*)=-6.010899, intercept=-65.573497 (0.091s) [OMP=0.059 ISP-L=0.002 ISP-F=0.006 MW-L=0.004 MW-F=0.007]
  Alt-Benders[4]: LB stagnated, break
  OMP re-solve: 0.000s

=== True-DRO Benders iter 9 ===
  OMP: t₀=6.738092, UB=11.649954, gap=4.22e-01, x=[0, 0, 0, 0, 1, 0, 0, 0, 0, 0, 0, 0, 0, 0, 0, 0, 0, 0, 0, 0, 0, 0, 0, 0, 0, 0, 0, 1, 0, 0] (0.000s)
  Sub: Z₀=11.964316 [LOCAL] (0.1s), α=[0.000,0.000,0.000,0.000,6.369,0.000,0.000,0.000,0.000,0.000,0.000,0.000,0.000,0.000,1.785,0.000,0.000,0.000,0.000,0.000,0.000,0.000,0.000,0.000,0.000,0.000,0.064,2.597,0.000,0.000]
  Iter 9: LB=6.738092  UB=11.649954  gap=4.22e-01
  Cut: intercept=-1112.393375, π_x_range=[-828.2520, 565.9563]
  Mini-Benders[1] (mw): LB=6.982619, Z₀(α*)=-44.298385, intercept=-134.876715 (0.104s) [OMP=0.080 ISP-L=0.002 ISP-F=0.006 MW-L=0.004 MW-F=0.008]
  Mini-Benders[2] (mw): LB=6.982619, Z₀(α*)=-44.298385, intercept=-134.876715 (0.074s) [OMP=0.054 ISP-L=0.002 ISP-F=0.006 MW-L=0.004 MW-F=0.005]
  Mini-Benders[3] (mw): LB=6.982619, Z₀(α*)=-44.298385, intercept=-134.876715 (0.073s) [OMP=0.052 ISP-L=0.002 ISP-F=0.006 MW-L=0.006 MW-F=0.005]
  Mini-Benders[4]: LB stagnated, break
  α-step: Z₀=13.193704, α=[0.000,0.000,0.000,0.000,0.000,0.000,0.000,0.000,0.000,0.000,5.628,0.000,0.000,0.000,5.186,0.000,0.000,0.000,0.000,0.000,0.000,0.000,0.000,0.000,0.000,0.000,0.000,0.000,0.000,0.000]
  Alt-Benders[1] (mw): LB=7.002619, Z₀(α*)=12.642017, intercept=-58.702817 (0.095s) [OMP=0.088 ISP-L=0.002 ISP-F=0.007 MW-L=0.006 MW-F=0.005]
  Alt-Benders[2] (mw): LB=7.247957, Z₀(α*)=7.122017, intercept=-146.011727 (0.104s) [OMP=0.078 ISP-L=0.002 ISP-F=0.006 MW-L=0.004 MW-F=0.007]
  Alt-Benders[3] (mw): LB=7.247957, Z₀(α*)=7.122017, intercept=-146.011727 (0.088s) [OMP=0.058 ISP-L=0.002 ISP-F=0.006 MW-L=0.004 MW-F=0.005]
  Alt-Benders[4] (mw): LB=7.247957, Z₀(α*)=7.122017, intercept=-146.011727 (0.077s) [OMP=0.056 ISP-L=0.002 ISP-F=0.006 MW-L=0.004 MW-F=0.008]
  Alt-Benders[5]: LB stagnated, break
  OMP re-solve: 0.000s

=== True-DRO Benders iter 10 ===
  OMP: t₀=7.247957, UB=11.649954, gap=3.78e-01, x=[0, 0, 0, 0, 0, 0, 0, 1, 0, 0, 1, 0, 0, 0, 0, 0, 0, 0, 0, 0, 0, 0, 0, 0, 0, 0, 0, 0, 0, 0] (0.000s)
  Sub: Z₀=12.521885 (0.1s), α=[0.000,0.000,0.000,0.000,0.000,0.000,0.000,1.904,0.000,0.000,6.097,0.000,0.000,0.000,2.782,0.000,0.000,0.000,0.000,0.032,0.000,0.000,0.000,0.000,0.000,0.000,0.000,0.000,0.000,0.000]
  Iter 10: LB=7.247957  UB=11.649954  gap=3.78e-01
  Cut: intercept=-147.873318, π_x_range=[-231.0000, 100.9972]
  Sherali-Cut: intercept=-146.571594, π_x_range=[-70.2635, 100.4521]
  Mini-Benders[1] (mw): LB=7.409898, Z₀(α*)=9.193034, intercept=-84.296065 (0.106s) [OMP=0.084 ISP-L=0.002 ISP-F=0.007 MW-L=0.006 MW-F=0.005]
  Mini-Benders[2] (mw): LB=7.698197, Z₀(α*)=11.385009, intercept=-107.398948 (0.086s) [OMP=0.064 ISP-L=0.002 ISP-F=0.006 MW-L=0.004 MW-F=0.007]
  Mini-Benders[3] (mw): LB=7.982450, Z₀(α*)=-37.456252, intercept=-57.139333 (0.091s) [OMP=0.074 ISP-L=0.002 ISP-F=0.006 MW-L=0.004 MW-F=0.005]
  Mini-Benders[4] (mw): LB=7.982450, Z₀(α*)=-37.456252, intercept=-57.139333 (0.088s) [OMP=0.080 ISP-L=0.002 ISP-F=0.006 MW-L=0.004 MW-F=0.008]
  Mini-Benders[5] (mw): LB=7.982450, Z₀(α*)=-37.456252, intercept=-57.139333 (0.116s) [OMP=0.083 ISP-L=0.002 ISP-F=0.006 MW-L=0.004 MW-F=0.005]
  α-step: Z₀=12.745886, α=[0.000,0.000,0.000,0.000,6.862,0.000,0.000,0.000,0.000,0.000,0.000,0.000,0.000,0.000,3.545,0.000,0.000,0.000,0.000,0.000,0.000,0.000,0.000,0.000,0.000,0.408,0.000,0.000,0.000,0.000]
  Alt-Benders[1] (mw): LB=8.287138, Z₀(α*)=-31.027036, intercept=-79.104982 (0.104s) [OMP=0.084 ISP-L=0.002 ISP-F=0.006 MW-L=0.004 MW-F=0.005]
  Alt-Benders[2] (mw): LB=8.287138, Z₀(α*)=-31.027036, intercept=-79.104982 (0.092s) [OMP=0.063 ISP-L=0.002 ISP-F=0.006 MW-L=0.007 MW-F=0.005]
  Alt-Benders[3] (mw): LB=8.287138, Z₀(α*)=-31.027036, intercept=-79.104982 (0.083s) [OMP=0.063 ISP-L=0.002 ISP-F=0.006 MW-L=0.004 MW-F=0.007]
  Alt-Benders[4]: LB stagnated, break
  OMP re-solve: 0.000s

=== True-DRO Benders iter 11 ===
  OMP: t₀=8.287138, UB=11.649954, gap=2.89e-01, x=[0, 0, 0, 0, 0, 0, 0, 0, 0, 0, 1, 0, 0, 0, 0, 0, 0, 1, 0, 0, 0, 0, 0, 0, 0, 0, 0, 0, 0, 0] (0.000s)
  Sub: Z₀=14.209200 [LOCAL] (0.1s), α=[0.000,0.000,0.000,0.000,0.000,0.000,0.138,0.000,0.000,0.000,6.736,0.000,0.000,0.013,3.778,0.000,0.000,0.000,0.000,0.000,0.000,0.000,0.000,0.000,0.000,0.107,0.021,0.021,0.000,0.000]
  Iter 11: LB=8.287138  UB=11.649954  gap=2.89e-01
  Cut: intercept=-1057.012497, π_x_range=[-819.8815, 548.3918]
  Mini-Benders[1] (mw): LB=8.287138, Z₀(α*)=-12.232034, intercept=-119.674746 (0.118s) [OMP=0.098 ISP-L=0.002 ISP-F=0.007 MW-L=0.004 MW-F=0.007]
  Mini-Benders[2] (mw): LB=8.287138, Z₀(α*)=-12.232034, intercept=-119.674746 (0.087s) [OMP=0.066 ISP-L=0.002 ISP-F=0.006 MW-L=0.004 MW-F=0.005]
  Mini-Benders[3]: LB stagnated, break
  α-step: Z₀=10.380164, α=[0.000,0.000,0.000,0.000,0.000,0.000,0.000,0.000,0.000,0.000,3.585,0.000,0.000,0.000,3.545,0.000,0.000,0.000,0.000,0.000,0.000,0.000,0.000,0.000,0.000,3.685,0.000,0.000,0.000,0.000]
  Alt-Benders[1] (mw): LB=8.287138, Z₀(α*)=-1.698864, intercept=-57.266913 (0.089s) [OMP=0.074 ISP-L=0.002 ISP-F=0.006 MW-L=0.004 MW-F=0.005]
  Alt-Benders[2] (mw): LB=8.287138, Z₀(α*)=-1.698864, intercept=-57.266913 (0.081s) [OMP=0.056 ISP-L=0.002 ISP-F=0.006 MW-L=0.007 MW-F=0.005]
  Alt-Benders[3]: LB stagnated, break
  OMP re-solve: 0.001s

=== True-DRO Benders iter 12 ===
  OMP: t₀=8.287138, UB=11.649954, gap=2.89e-01, x=[0, 0, 0, 1, 0, 0, 0, 0, 0, 0, 1, 0, 0, 0, 0, 0, 0, 0, 0, 0, 0, 0, 0, 0, 0, 0, 0, 0, 0, 0] (0.000s)
  Sub: Z₀=14.217342 [LOCAL] (0.1s), α=[0.000,0.000,0.000,0.000,0.000,0.000,0.058,0.000,0.000,0.000,6.812,0.000,0.000,0.000,3.688,0.000,0.000,0.000,0.000,0.000,0.000,0.000,0.000,0.000,0.000,0.203,0.027,0.025,0.000,0.000]
  Iter 12: LB=8.287138  UB=11.649954  gap=2.89e-01
  Cut: intercept=-1069.866440, π_x_range=[-819.9829, 561.9245]
  Mini-Benders[1] (mw): LB=9.010174, Z₀(α*)=-31.914302, intercept=-66.480509 (0.107s) [OMP=0.090 ISP-L=0.002 ISP-F=0.006 MW-L=0.006 MW-F=0.005]
  Mini-Benders[2] (mw): LB=9.010174, Z₀(α*)=-31.914302, intercept=-66.480509 (0.090s) [OMP=0.058 ISP-L=0.002 ISP-F=0.006 MW-L=0.004 MW-F=0.007]
  Mini-Benders[3] (mw): LB=9.010174, Z₀(α*)=-31.914302, intercept=-66.480509 (0.076s) [OMP=0.058 ISP-L=0.002 ISP-F=0.006 MW-L=0.004 MW-F=0.005]
  Mini-Benders[4]: LB stagnated, break
  α-step: Z₀=14.683591, α=[0.000,0.000,0.000,0.000,0.000,0.000,0.000,0.000,0.000,0.000,0.000,0.000,0.000,0.000,0.000,0.000,0.000,0.000,0.000,0.000,0.000,0.000,0.000,0.000,0.000,2.761,0.000,8.054,0.000,0.000]
  Alt-Benders[1] (mw): LB=9.090097, Z₀(α*)=-46.238576, intercept=-45.719430 (0.106s) [OMP=0.100 ISP-L=0.002 ISP-F=0.006 MW-L=0.004 MW-F=0.005]
  Alt-Benders[2] (mw): LB=9.090097, Z₀(α*)=-46.238576, intercept=-45.719430 (0.086s) [OMP=0.056 ISP-L=0.001 ISP-F=0.006 MW-L=0.005 MW-F=0.005]
  Alt-Benders[3] (mw): LB=9.090097, Z₀(α*)=-46.238576, intercept=-45.719430 (0.070s) [OMP=0.054 ISP-L=0.001 ISP-F=0.006 MW-L=0.003 MW-F=0.005]
  Alt-Benders[4]: LB stagnated, break
  OMP re-solve: 0.000s

=== True-DRO Benders iter 13 ===
  OMP: t₀=9.090097, UB=11.649954, gap=2.20e-01, x=[0, 0, 0, 0, 1, 0, 0, 0, 1, 0, 0, 0, 0, 0, 0, 0, 0, 0, 0, 0, 0, 0, 0, 0, 0, 0, 0, 0, 0, 0] (0.000s)
  Sub: Z₀=13.271519 [LOCAL] (0.1s), α=[0.000,0.000,0.000,0.000,6.965,0.000,0.538,0.000,0.000,0.000,0.000,0.000,0.000,0.000,3.180,0.000,0.000,0.000,0.000,0.000,0.000,0.000,0.000,0.000,0.000,0.131,0.000,0.000,0.000,0.000]
  Iter 13: LB=9.090097  UB=11.649954  gap=2.20e-01
  Cut: intercept=-1139.900724, π_x_range=[-829.0453, 585.0569]
  Mini-Benders[1] (mw): LB=9.193032, Z₀(α*)=-28.207461, intercept=-84.583023 (0.103s) [OMP=0.082 ISP-L=0.001 ISP-F=0.006 MW-L=0.003 MW-F=0.008]
  Mini-Benders[2] (mw): LB=9.193032, Z₀(α*)=-28.207461, intercept=-84.583023 (0.078s) [OMP=0.052 ISP-L=0.002 ISP-F=0.006 MW-L=0.004 MW-F=0.005]
  Mini-Benders[3] (mw): LB=9.193032, Z₀(α*)=-28.207461, intercept=-84.583023 (0.075s) [OMP=0.054 ISP-L=0.002 ISP-F=0.006 MW-L=0.004 MW-F=0.007]
  Mini-Benders[4]: LB stagnated, break
  α-step: Z₀=13.130599, α=[0.000,0.000,0.000,0.000,0.000,0.000,0.000,0.000,0.000,0.000,6.795,0.000,0.000,0.000,1.127,0.000,0.000,0.000,0.000,2.451,0.000,0.000,0.000,0.000,0.000,0.442,0.000,0.000,0.000,0.000]
  Alt-Benders[1] (mw): LB=9.706348, Z₀(α*)=-18.868906, intercept=-71.117708 (0.094s) [OMP=0.081 ISP-L=0.002 ISP-F=0.006 MW-L=0.006 MW-F=0.005]
  Alt-Benders[2] (mw): LB=9.706348, Z₀(α*)=-18.868906, intercept=-71.117708 (0.086s) [OMP=0.059 ISP-L=0.002 ISP-F=0.006 MW-L=0.004 MW-F=0.005]
  Alt-Benders[3] (mw): LB=9.706348, Z₀(α*)=-18.868906, intercept=-71.117708 (0.080s) [OMP=0.059 ISP-L=0.002 ISP-F=0.006 MW-L=0.006 MW-F=0.005]
  Alt-Benders[4]: LB stagnated, break
  OMP re-solve: 0.000s

=== True-DRO Benders iter 14 ===
  OMP: t₀=9.706348, UB=11.649954, gap=1.67e-01, x=[0, 0, 0, 0, 0, 0, 0, 1, 0, 0, 0, 0, 0, 0, 0, 0, 0, 0, 0, 0, 0, 0, 0, 0, 0, 0, 1, 0, 0, 0] (0.000s)
  Sub: Z₀=12.690873 [LOCAL] (0.1s), α=[0.000,0.000,0.000,0.000,0.000,0.000,0.000,3.385,0.000,0.000,0.000,0.000,0.000,0.000,0.832,0.000,0.000,0.000,0.000,0.047,0.000,0.000,0.000,0.000,0.000,1.202,4.154,1.195,0.000,0.000]
  Iter 14: LB=9.706348  UB=11.649954  gap=1.67e-01
  Cut: intercept=-1101.491707, π_x_range=[-829.9924, 560.1560]
  Mini-Benders[1] (mw): LB=9.752159, Z₀(α*)=-24.614265, intercept=-79.705125 (0.107s) [OMP=0.085 ISP-L=0.002 ISP-F=0.006 MW-L=0.006 MW-F=0.005]
  Mini-Benders[2] (mw): LB=9.752159, Z₀(α*)=-24.614265, intercept=-79.705125 (0.088s) [OMP=0.062 ISP-L=0.002 ISP-F=0.006 MW-L=0.004 MW-F=0.007]
  Mini-Benders[3] (mw): LB=9.752159, Z₀(α*)=-24.614265, intercept=-79.705125 (0.083s) [OMP=0.064 ISP-L=0.002 ISP-F=0.006 MW-L=0.004 MW-F=0.005]
  Mini-Benders[4]: LB stagnated, break
  α-step: Z₀=14.452850, α=[0.000,0.000,0.000,0.000,0.000,0.000,0.000,0.000,0.000,0.000,0.000,0.000,0.000,0.000,1.520,0.000,0.000,1.412,0.000,5.411,0.000,0.000,0.000,0.000,0.000,1.738,0.733,0.000,0.000,0.000]
  Alt-Benders[1] (mw): LB=9.758824, Z₀(α*)=-35.764166, intercept=-58.643279 (0.111s) [OMP=0.093 ISP-L=0.002 ISP-F=0.006 MW-L=0.004 MW-F=0.005]
  Alt-Benders[2] (mw): LB=9.758824, Z₀(α*)=-35.764166, intercept=-58.643279 (0.078s) [OMP=0.057 ISP-L=0.002 ISP-F=0.007 MW-L=0.006 MW-F=0.005]
  Alt-Benders[3] (mw): LB=9.758824, Z₀(α*)=-35.764166, intercept=-58.643279 (0.075s) [OMP=0.057 ISP-L=0.002 ISP-F=0.006 MW-L=0.004 MW-F=0.005]
  Alt-Benders[4]: LB stagnated, break
  OMP re-solve: 0.000s

=== True-DRO Benders iter 15 ===
  OMP: t₀=9.758824, UB=11.649954, gap=1.62e-01, x=[0, 0, 0, 0, 0, 0, 0, 0, 1, 0, 1, 0, 0, 0, 0, 0, 0, 0, 0, 0, 0, 0, 0, 0, 0, 0, 0, 0, 0, 0] (0.000s)
  Sub: Z₀=14.217342 (0.1s), α=[0.000,0.000,0.000,0.000,0.000,0.000,0.069,0.000,0.000,0.000,6.848,0.000,0.000,0.000,3.640,0.000,0.000,0.000,0.000,0.000,0.000,0.000,0.000,0.000,0.000,0.187,0.033,0.036,0.000,0.000]
  Iter 15: LB=9.758824  UB=11.649954  gap=1.62e-01
  Cut: intercept=-78.781397, π_x_range=[-231.0000, 73.6225]
  Sherali-Cut: intercept=-58.817314, π_x_range=[-79.7386, 73.0346]
  Mini-Benders[1] (mw): LB=9.809641, Z₀(α*)=-31.677824, intercept=-48.567106 (0.120s) [OMP=0.097 ISP-L=0.002 ISP-F=0.007 MW-L=0.004 MW-F=0.007]
  Mini-Benders[2] (mw): LB=9.809641, Z₀(α*)=-31.677824, intercept=-48.567106 (0.090s) [OMP=0.062 ISP-L=0.002 ISP-F=0.007 MW-L=0.004 MW-F=0.005]
  Mini-Benders[3] (mw): LB=9.809641, Z₀(α*)=-31.677824, intercept=-48.567106 (0.082s) [OMP=0.061 ISP-L=0.002 ISP-F=0.007 MW-L=0.006 MW-F=0.005]
  Mini-Benders[4]: LB stagnated, break
  α-step: Z₀=13.726121, α=[0.000,0.000,0.000,0.000,0.000,0.000,0.000,0.000,0.000,0.000,0.000,0.000,0.000,0.000,0.000,0.000,0.000,0.000,0.000,1.025,0.000,0.000,0.000,0.000,0.000,0.546,9.244,0.000,0.000,0.000]
  Alt-Benders[1] (mw): LB=10.066568, Z₀(α*)=8.288177, intercept=-44.170711 (0.113s) [OMP=0.096 ISP-L=0.002 ISP-F=0.006 MW-L=0.006 MW-F=0.005]
  Alt-Benders[2] (mw): LB=10.066568, Z₀(α*)=8.288177, intercept=-44.170711 (0.082s) [OMP=0.058 ISP-L=0.002 ISP-F=0.006 MW-L=0.004 MW-F=0.007]
  Alt-Benders[3] (mw): LB=10.066568, Z₀(α*)=8.288177, intercept=-44.170711 (0.075s) [OMP=0.057 ISP-L=0.002 ISP-F=0.006 MW-L=0.004 MW-F=0.005]
  Alt-Benders[4]: LB stagnated, break
  OMP re-solve: 0.000s

=== True-DRO Benders iter 16 ===
  OMP: t₀=10.066568, UB=11.649954, gap=1.36e-01, x=[0, 0, 0, 0, 0, 0, 0, 0, 0, 0, 0, 0, 0, 0, 0, 0, 0, 1, 0, 0, 0, 0, 0, 0, 0, 0, 1, 0, 0, 0] (0.000s)
  Sub: Z₀=15.022027 [LOCAL] (0.1s), α=[0.000,0.000,0.000,0.000,0.000,0.000,0.000,0.000,0.000,0.000,0.000,0.000,0.000,0.000,0.726,0.000,0.000,0.000,0.000,0.000,0.000,0.000,0.000,0.000,0.000,1.404,7.985,0.699,0.000,0.000]
  Iter 16: LB=10.066568  UB=11.649954  gap=1.36e-01
  Cut: intercept=-1106.854168, π_x_range=[-829.0358, 563.4641]
  Mini-Benders[1] (mw): LB=10.097939, Z₀(α*)=12.447253, intercept=-48.438299 (0.122s) [OMP=0.098 ISP-L=0.002 ISP-F=0.006 MW-L=0.004 MW-F=0.005]
  Mini-Benders[2] (mw): LB=10.293523, Z₀(α*)=-20.168438, intercept=-71.635873 (0.107s) [OMP=0.094 ISP-L=0.002 ISP-F=0.006 MW-L=0.006 MW-F=0.005]
  Mini-Benders[3] (mw): LB=10.293523, Z₀(α*)=-20.168438, intercept=-71.635873 (0.103s) [OMP=0.087 ISP-L=0.002 ISP-F=0.006 MW-L=0.004 MW-F=0.005]
  Mini-Benders[4] (mw): LB=10.293523, Z₀(α*)=-20.168438, intercept=-71.635873 (0.107s) [OMP=0.089 ISP-L=0.002 ISP-F=0.006 MW-L=0.007 MW-F=0.005]
  Mini-Benders[5]: LB stagnated, break
  α-step: Z₀=10.293523, α=[0.000,0.000,0.000,0.000,0.100,0.000,3.535,0.000,0.000,0.000,0.000,0.000,0.000,0.000,7.080,0.000,0.000,0.000,0.000,0.000,0.000,0.000,0.000,0.000,0.000,0.100,0.000,0.000,0.000,0.000]
  Alt-Benders[1] (mw): LB=10.293523, Z₀(α*)=10.293523, intercept=-69.849752 (0.105s) [OMP=0.087 ISP-L=0.002 ISP-F=0.006 MW-L=0.004 MW-F=0.005]
  Alt-Benders[2] (mw): LB=10.293523, Z₀(α*)=10.293523, intercept=-69.849752 (0.087s) [OMP=0.071 ISP-L=0.002 ISP-F=0.006 MW-L=0.004 MW-F=0.007]
  Alt-Benders[3] (mw): LB=10.293523, Z₀(α*)=10.293523, intercept=-69.849752 (0.089s) [OMP=0.073 ISP-L=0.002 ISP-F=0.006 MW-L=0.004 MW-F=0.005]
  Alt-Benders[4]: LB stagnated, break
  OMP re-solve: 0.000s

=== True-DRO Benders iter 17 ===
  OMP: t₀=10.293523, UB=11.649954, gap=1.16e-01, x=[0, 0, 0, 0, 1, 0, 0, 0, 0, 0, 0, 0, 0, 0, 0, 0, 0, 0, 0, 0, 0, 0, 0, 0, 0, 1, 0, 0, 0, 0] (0.000s)
  Sub: Z₀=10.293522 [LOCAL] (0.1s), α=[0.000,0.000,0.000,0.000,3.328,0.000,0.812,0.000,0.000,0.000,0.000,0.000,0.000,0.000,3.346,0.000,0.000,0.000,0.000,0.000,0.000,0.000,0.000,0.000,0.000,3.328,0.000,0.000,0.000,0.000]
  Iter 17: LB=10.293523  UB=11.649954  gap=1.16e-01
  Cut: intercept=-1133.267029, π_x_range=[-826.4702, 577.8068]
  Mini-Benders[1] (mw): LB=10.293523, Z₀(α*)=10.293523, intercept=-69.886169 (0.091s) [OMP=0.076 ISP-L=0.002 ISP-F=0.006 MW-L=0.004 MW-F=0.005]
  Mini-Benders[2] (mw): LB=10.293521, Z₀(α*)=10.293523, intercept=-69.886169 (0.104s) [OMP=0.090 ISP-L=0.002 ISP-F=0.006 MW-L=0.006 MW-F=0.005]
  Mini-Benders[3]: LB stagnated, break
  α-step: Z₀=10.293523, α=[0.000,0.000,0.000,0.000,0.100,0.000,3.535,0.000,0.000,0.000,0.000,0.000,0.000,0.000,7.080,0.000,0.000,0.000,0.000,0.000,0.000,0.000,0.000,0.000,0.000,0.100,0.000,0.000,0.000,0.000]
  Alt-Benders[1] (mw): LB=10.293521, Z₀(α*)=10.293523, intercept=-69.849752 (0.104s) [OMP=0.089 ISP-L=0.002 ISP-F=0.006 MW-L=0.006 MW-F=0.005]
  Alt-Benders[2] (mw): LB=10.293521, Z₀(α*)=10.293523, intercept=-69.849752 (0.103s) [OMP=0.090 ISP-L=0.002 ISP-F=0.006 MW-L=0.004 MW-F=0.007]
  Alt-Benders[3]: LB stagnated, break
  OMP re-solve: 0.000s

=== True-DRO Benders iter 18 ===
  OMP: t₀=10.293521, UB=11.649954, gap=1.16e-01, x=[0, 0, 0, 0, 1, 0, 0, 0, 0, 0, 0, 0, 0, 0, 0, 0, 0, 0, 0, 0, 0, 0, 0, 0, 0, 1, 0, 0, 0, 0] (0.000s)
  Sub: Z₀=10.293522 [LOCAL] (0.1s), α=[0.000,0.000,0.000,0.000,3.328,0.000,0.812,0.000,0.000,0.000,0.000,0.000,0.000,0.000,3.346,0.000,0.000,0.000,0.000,0.000,0.000,0.000,0.000,0.000,0.000,3.328,0.000,0.000,0.000,0.000]
  Iter 18: LB=10.293521  UB=11.649954  gap=1.16e-01
  Cut: intercept=-1133.267029, π_x_range=[-826.4702, 577.8068]
  Mini-Benders[1] (mw): LB=10.293521, Z₀(α*)=10.293523, intercept=-69.886169 (0.102s) [OMP=0.092 ISP-L=0.002 ISP-F=0.006 MW-L=0.004 MW-F=0.007]
  Mini-Benders[2] (mw): LB=10.293523, Z₀(α*)=10.293523, intercept=-69.886169 (0.118s) [OMP=0.090 ISP-L=0.002 ISP-F=0.006 MW-L=0.004 MW-F=0.005]
  Mini-Benders[3] (mw): LB=10.293523, Z₀(α*)=10.293523, intercept=-69.886169 (0.108s) [OMP=0.091 ISP-L=0.002 ISP-F=0.006 MW-L=0.004 MW-F=0.008]
  Mini-Benders[4] (mw): LB=10.293521, Z₀(α*)=10.293523, intercept=-69.886169 (0.094s) [OMP=0.088 ISP-L=0.002 ISP-F=0.005 MW-L=0.004 MW-F=0.005]
  Mini-Benders[5]: LB stagnated, break
  α-step: Z₀=10.293523, α=[0.000,0.000,0.000,0.000,0.100,0.000,3.535,0.000,0.000,0.000,0.000,0.000,0.000,0.000,7.080,0.000,0.000,0.000,0.000,0.000,0.000,0.000,0.000,0.000,0.000,0.100,0.000,0.000,0.000,0.000]
  Alt-Benders[1] (mw): LB=10.293523, Z₀(α*)=10.293523, intercept=-69.849752 (0.102s) [OMP=0.091 ISP-L=0.002 ISP-F=0.006 MW-L=0.004 MW-F=0.005]
  Alt-Benders[2] (mw): LB=10.293523, Z₀(α*)=10.293523, intercept=-69.849752 (0.106s) [OMP=0.090 ISP-L=0.002 ISP-F=0.006 MW-L=0.007 MW-F=0.005]
  Alt-Benders[3] (mw): LB=10.293523, Z₀(α*)=10.293523, intercept=-69.849752 (0.106s) [OMP=0.089 ISP-L=0.002 ISP-F=0.006 MW-L=0.004 MW-F=0.007]
  Alt-Benders[4]: LB stagnated, break
  OMP re-solve: 0.000s

=== True-DRO Benders iter 19 ===
  OMP: t₀=10.293521, UB=11.649954, gap=1.16e-01, x=[0, 0, 0, 0, 1, 0, 0, 0, 0, 0, 0, 0, 0, 0, 0, 0, 0, 0, 0, 0, 0, 0, 0, 0, 0, 1, 0, 0, 0, 0] (0.000s)
  Sub: Z₀=10.293522 [LOCAL] (0.1s), α=[0.000,0.000,0.000,0.000,3.328,0.000,0.812,0.000,0.000,0.000,0.000,0.000,0.000,0.000,3.346,0.000,0.000,0.000,0.000,0.000,0.000,0.000,0.000,0.000,0.000,3.328,0.000,0.000,0.000,0.000]
  Iter 19: LB=10.293521  UB=11.649954  gap=1.16e-01
  Cut: intercept=-1133.267029, π_x_range=[-826.4702, 577.8068]
  Mini-Benders[1] (mw): LB=10.293521, Z₀(α*)=10.293523, intercept=-69.886169 (0.102s) [OMP=0.088 ISP-L=0.002 ISP-F=0.006 MW-L=0.004 MW-F=0.007]
  Mini-Benders[2] (mw): LB=10.293521, Z₀(α*)=10.293523, intercept=-69.886169 (0.104s) [OMP=0.089 ISP-L=0.002 ISP-F=0.006 MW-L=0.004 MW-F=0.005]
  Mini-Benders[3]: LB stagnated, break
  α-step: Z₀=10.293523, α=[0.000,0.000,0.000,0.000,0.100,0.000,3.535,0.000,0.000,0.000,0.000,0.000,0.000,0.000,7.080,0.000,0.000,0.000,0.000,0.000,0.000,0.000,0.000,0.000,0.000,0.100,0.000,0.000,0.000,0.000]
  Alt-Benders[1] (mw): LB=10.293521, Z₀(α*)=10.293523, intercept=-69.849752 (0.105s) [OMP=0.090 ISP-L=0.002 ISP-F=0.006 MW-L=0.004 MW-F=0.005]
  Alt-Benders[2] (mw): LB=10.293521, Z₀(α*)=10.293523, intercept=-69.849752 (0.106s) [OMP=0.090 ISP-L=0.002 ISP-F=0.006 MW-L=0.007 MW-F=0.005]
  Alt-Benders[3]: LB stagnated, break
  OMP re-solve: 0.000s

=== True-DRO Benders iter 20 ===
  OMP: t₀=10.293521, UB=11.649954, gap=1.16e-01, x=[0, 0, 0, 0, 1, 0, 0, 0, 0, 0, 0, 0, 0, 0, 0, 0, 0, 0, 0, 0, 0, 0, 0, 0, 0, 1, 0, 0, 0, 0] (0.000s)
  Sub: Z₀=10.293523 (0.1s), α=[0.000,0.000,0.000,0.000,0.100,0.000,3.535,0.000,0.000,0.000,0.000,0.000,0.000,0.000,7.080,0.000,0.000,0.000,0.000,0.000,0.000,0.000,0.000,0.000,0.000,0.100,0.000,0.000,0.000,0.000]
  Iter 20: LB=10.293521  UB=10.293523  gap=1.95e-07
True-DRO Benders converged at iter 20 (gap=1.95e-07)
  Wall time: 15.41 sec
  OMP  time: mean=0.050s, median=0.057s, max=0.111s
  Sub  time (exact): mean=0.065s, median=0.066s, q90=0.069s, max=0.069s (n=4/20)

Result (nominal): Z₀=10.293523, iters=20, time=15.4s
x arcs = [5, 26]
