============================================================
nobel_us — single_l: ε̂=0.10, ε̃=0.00, β=0.00
============================================================
Set parameter Username
Set parameter LicenseID to value 2742039
Academic license - for non-commercial use only - expires 2026-11-20
Set parameter Username
Set parameter LicenseID to value 2742039
Academic license - for non-commercial use only - expires 2026-11-20
Set parameter OutputFlag to value 1
Set parameter LogFile to value "global_miqcp.log"
Set parameter Username
Set parameter LicenseID to value 2742039
Academic license - for non-commercial use only - expires 2026-11-20
Set parameter Username
Set parameter LicenseID to value 2742039
Academic license - for non-commercial use only - expires 2026-11-20
Set parameter Username
Set parameter LicenseID to value 2742039
Academic license - for non-commercial use only - expires 2026-11-20
Set parameter Username
Set parameter LicenseID to value 2742039
Academic license - for non-commercial use only - expires 2026-11-20

=== True-DRO Benders iter 1 ===
  OMP: t₀=2.595511, UB=Inf, gap=NaN, x=[0, 0, 0, 0, 0, 0, 0, 0, 0, 0, 0, 0, 0, 0, 0, 0, 0, 0, 0, 1, 0, 1, 0, 0, 0, 0, 0, 0, 0, 0, 0, 0, 0, 0, 0, 0, 0, 0] (0.029s)
  Sub: Z₀=11.605443 [LOCAL] (0.2s), α=[0.000,0.000,0.000,0.000,0.000,0.000,0.000,0.000,0.000,0.000,0.000,0.000,0.000,0.000,0.000,0.000,0.000,0.000,0.000,6.946,0.000,3.756,0.000,0.000,0.000,0.000,0.000,0.000,0.000,0.000,0.000,0.000,0.000,0.000,0.000,0.000,0.000,0.000]
  Iter 1: LB=2.595511  UB=Inf  gap=NaN
  Cut: intercept=-1117.788359, π_x_range=[-827.5911, 577.0189]
  Mini-Benders[1] (mw): LB=2.630839, Z₀(α*)=-18.965890, intercept=-95.272281 (0.078s) [OMP=0.039 ISP-L=0.010 ISP-F=0.012 MW-L=0.007 MW-F=0.007]
  Mini-Benders[2] (mw): LB=2.630839, Z₀(α*)=-18.965890, intercept=-95.272281 (0.073s) [OMP=0.042 ISP-L=0.003 ISP-F=0.008 MW-L=0.007 MW-F=0.011]
  Mini-Benders[3] (mw): LB=2.630839, Z₀(α*)=-18.965890, intercept=-95.272281 (0.068s) [OMP=0.042 ISP-L=0.003 ISP-F=0.008 MW-L=0.007 MW-F=0.007]
  Mini-Benders[4]: LB stagnated, break
Set parameter NonConvex to value 2
Set parameter DualReductions to value 0
  α-step: Z₀=11.948151, α=[0.000,0.000,0.000,0.000,0.000,0.000,0.000,0.000,0.000,0.000,0.000,0.000,0.000,0.000,4.845,0.000,0.000,0.000,0.000,5.858,0.000,0.000,0.000,0.000,0.000,0.000,0.000,0.000,0.000,0.000,0.000,0.000,0.000,0.000,0.000,0.000,0.000,0.000]
  Alt-Benders[1] (mw): LB=2.674080, Z₀(α*)=-65.240860, intercept=-176.017884 (0.071s) [OMP=0.045 ISP-L=0.003 ISP-F=0.008 MW-L=0.007 MW-F=0.007]
  Alt-Benders[2] (mw): LB=2.674080, Z₀(α*)=-65.240860, intercept=-176.017884 (0.073s) [OMP=0.043 ISP-L=0.003 ISP-F=0.008 MW-L=0.011 MW-F=0.007]
  Alt-Benders[3] (mw): LB=2.674080, Z₀(α*)=-65.240860, intercept=-176.017884 (0.072s) [OMP=0.043 ISP-L=0.003 ISP-F=0.007 MW-L=0.007 MW-F=0.010]
  Alt-Benders[4]: LB stagnated, break
  OMP re-solve: 0.000s

=== True-DRO Benders iter 2 ===
  OMP: t₀=2.674080, UB=Inf, gap=NaN, x=[0, 0, 0, 0, 0, 0, 0, 0, 0, 0, 0, 0, 0, 0, 0, 0, 0, 0, 0, 0, 0, 1, 0, 0, 1, 0, 0, 0, 0, 0, 0, 0, 0, 0, 0, 0, 0, 0] (0.000s)
  Sub: Z₀=8.027165 [LOCAL] (0.2s), α=[0.000,0.000,0.000,0.000,0.000,0.000,0.000,0.000,0.000,0.000,0.000,0.000,0.000,0.000,0.000,0.000,0.000,0.000,0.000,0.000,0.000,3.796,0.000,0.000,6.906,0.000,0.000,0.000,0.000,0.000,0.000,0.000,0.000,0.000,0.000,0.000,0.000,0.000]
  Iter 2: LB=2.674080  UB=Inf  gap=NaN
  Cut: intercept=-1117.453212, π_x_range=[-827.8611, 577.0529]
  Mini-Benders[1] (mw): LB=2.693208, Z₀(α*)=-57.497106, intercept=-119.962825 (0.063s) [OMP=0.032 ISP-L=0.003 ISP-F=0.008 MW-L=0.010 MW-F=0.007]
  Mini-Benders[2] (mw): LB=2.693208, Z₀(α*)=-57.497106, intercept=-119.962825 (0.071s) [OMP=0.043 ISP-L=0.003 ISP-F=0.008 MW-L=0.007 MW-F=0.008]
  Mini-Benders[3] (mw): LB=2.693208, Z₀(α*)=-57.497106, intercept=-119.962825 (0.071s) [OMP=0.043 ISP-L=0.003 ISP-F=0.008 MW-L=0.007 MW-F=0.009]
  Mini-Benders[4]: LB stagnated, break
  α-step: Z₀=9.165205, α=[0.000,0.000,0.000,0.000,0.000,3.205,0.000,0.000,3.091,0.000,0.000,0.000,0.000,0.000,0.109,0.000,0.000,0.000,0.000,0.000,0.000,0.000,0.000,0.000,0.000,0.000,4.297,0.000,0.000,0.000,0.000,0.000,0.000,0.000,0.000,0.000,0.000,0.000]
  Alt-Benders[1] (mw): LB=2.709409, Z₀(α*)=-64.294608, intercept=-147.703711 (0.064s) [OMP=0.037 ISP-L=0.003 ISP-F=0.008 MW-L=0.008 MW-F=0.007]
  Alt-Benders[2] (mw): LB=2.709409, Z₀(α*)=-64.294608, intercept=-147.703711 (0.080s) [OMP=0.050 ISP-L=0.003 ISP-F=0.008 MW-L=0.011 MW-F=0.007]
  Alt-Benders[3] (mw): LB=2.709409, Z₀(α*)=-64.294608, intercept=-147.703711 (0.077s) [OMP=0.046 ISP-L=0.003 ISP-F=0.008 MW-L=0.010 MW-F=0.007]
  Alt-Benders[4]: LB stagnated, break
  OMP re-solve: 0.000s

=== True-DRO Benders iter 3 ===
  OMP: t₀=2.709409, UB=Inf, gap=NaN, x=[0, 0, 0, 0, 0, 0, 0, 0, 0, 0, 0, 0, 0, 0, 1, 0, 0, 0, 0, 0, 0, 0, 0, 0, 1, 0, 0, 0, 0, 0, 0, 0, 0, 0, 0, 0, 0, 0] (0.000s)
  Sub: Z₀=8.332784 [LOCAL] (0.2s), α=[0.000,0.000,0.000,0.000,0.000,0.000,0.000,0.000,0.000,0.000,0.000,0.000,0.000,0.000,5.570,0.000,0.000,0.000,0.000,0.000,0.000,0.000,0.000,0.000,5.132,0.000,0.000,0.000,0.000,0.000,0.000,0.000,0.000,0.000,0.000,0.000,0.000,0.000]
  Iter 3: LB=2.709409  UB=Inf  gap=NaN
  Cut: intercept=-1129.882037, π_x_range=[-828.0771, 587.5609]
  Mini-Benders[1] (mw): LB=2.716786, Z₀(α*)=-67.637628, intercept=-128.614594 (0.072s) [OMP=0.038 ISP-L=0.003 ISP-F=0.007 MW-L=0.008 MW-F=0.009]
  Mini-Benders[2] (mw): LB=2.716786, Z₀(α*)=-67.637628, intercept=-128.614594 (0.077s) [OMP=0.051 ISP-L=0.003 ISP-F=0.007 MW-L=0.008 MW-F=0.007]
  Mini-Benders[3] (mw): LB=2.716786, Z₀(α*)=-67.637628, intercept=-128.614594 (0.081s) [OMP=0.052 ISP-L=0.003 ISP-F=0.007 MW-L=0.010 MW-F=0.007]
  Mini-Benders[4]: LB stagnated, break
  α-step: Z₀=11.200163, α=[0.000,0.000,0.000,0.000,0.000,0.000,3.788,0.000,0.000,0.000,0.000,0.000,0.000,0.000,0.000,0.000,0.000,0.000,0.000,6.914,0.000,0.000,0.000,0.000,0.000,0.000,0.000,0.000,0.000,0.000,0.000,0.000,0.000,0.000,0.000,0.000,0.000,0.000]
  Alt-Benders[1] (mw): LB=2.795356, Z₀(α*)=-42.061493, intercept=-193.063029 (0.068s) [OMP=0.039 ISP-L=0.003 ISP-F=0.008 MW-L=0.008 MW-F=0.009]
  Alt-Benders[2] (mw): LB=2.795356, Z₀(α*)=-42.061493, intercept=-193.063029 (0.069s) [OMP=0.048 ISP-L=0.003 ISP-F=0.008 MW-L=0.008 MW-F=0.008]
  Alt-Benders[3] (mw): LB=2.795356, Z₀(α*)=-42.061493, intercept=-193.063029 (0.082s) [OMP=0.047 ISP-L=0.003 ISP-F=0.008 MW-L=0.008 MW-F=0.009]
  Alt-Benders[4]: LB stagnated, break
  OMP re-solve: 0.000s

=== True-DRO Benders iter 4 ===
  OMP: t₀=2.795356, UB=Inf, gap=NaN, x=[0, 0, 0, 0, 0, 0, 1, 0, 0, 0, 0, 0, 0, 0, 0, 0, 0, 0, 0, 0, 0, 0, 0, 0, 1, 0, 0, 0, 0, 0, 0, 0, 0, 0, 0, 0, 0, 0] (0.000s)
  Sub: Z₀=8.299782 [LOCAL] (0.2s), α=[0.000,0.000,0.000,0.000,0.000,0.000,3.796,0.000,0.000,0.000,0.000,0.000,0.000,0.000,0.000,0.000,0.000,0.000,0.000,0.000,0.000,0.000,0.000,0.000,6.906,0.000,0.000,0.000,0.000,0.000,0.000,0.000,0.000,0.000,0.000,0.000,0.000,0.000]
  Iter 4: LB=2.795356  UB=Inf  gap=NaN
  Cut: intercept=-1112.740810, π_x_range=[-827.6673, 572.2715]
  Mini-Benders[1] (mw): LB=3.238428, Z₀(α*)=-82.093529, intercept=-132.932936 (0.075s) [OMP=0.037 ISP-L=0.003 ISP-F=0.008 MW-L=0.010 MW-F=0.007]
  Mini-Benders[2] (mw): LB=3.238428, Z₀(α*)=-82.093529, intercept=-132.932934 (0.060s) [OMP=0.044 ISP-L=0.001 ISP-F=0.008 MW-L=0.006 MW-F=0.006]
  Mini-Benders[3] (mw): LB=3.238428, Z₀(α*)=-82.093529, intercept=-132.932936 (0.075s) [OMP=0.040 ISP-L=0.003 ISP-F=0.008 MW-L=0.008 MW-F=0.009]
  Mini-Benders[4]: LB stagnated, break
  α-step: Z₀=12.849788, α=[0.000,0.000,0.000,0.000,0.000,0.000,0.000,0.000,0.000,0.000,0.000,0.000,0.000,0.000,0.000,0.000,0.000,0.000,0.000,6.205,0.000,0.000,0.000,0.000,0.000,0.000,3.299,1.199,0.000,0.000,0.000,0.000,0.000,0.000,0.000,0.000,0.000,0.000]
  Alt-Benders[1] (mw): LB=3.331327, Z₀(α*)=-77.564534, intercept=-130.098200 (0.067s) [OMP=0.045 ISP-L=0.002 ISP-F=0.008 MW-L=0.004 MW-F=0.007]
  Alt-Benders[2] (mw): LB=3.331327, Z₀(α*)=-77.564534, intercept=-130.098199 (0.069s) [OMP=0.041 ISP-L=0.003 ISP-F=0.008 MW-L=0.010 MW-F=0.007]
  Alt-Benders[3] (mw): LB=3.331327, Z₀(α*)=-77.564534, intercept=-130.098199 (0.070s) [OMP=0.041 ISP-L=0.003 ISP-F=0.008 MW-L=0.010 MW-F=0.007]
  Alt-Benders[4]: LB stagnated, break
  OMP re-solve: 0.000s

=== True-DRO Benders iter 5 ===
  OMP: t₀=3.331327, UB=Inf, gap=NaN, x=[0, 0, 0, 0, 0, 0, 0, 0, 1, 0, 0, 0, 0, 0, 0, 0, 0, 0, 0, 0, 0, 1, 0, 0, 0, 0, 0, 0, 0, 0, 0, 0, 0, 0, 0, 0, 0, 0] (0.000s)
  Sub: Z₀=12.260537 (0.2s), α=[0.000,0.000,0.000,0.000,0.000,0.000,0.000,0.000,10.576,0.000,0.000,0.000,0.000,0.000,0.000,0.000,0.000,0.000,0.000,0.000,0.000,0.126,0.000,0.000,0.000,0.000,0.000,0.000,0.000,0.000,0.000,0.000,0.000,0.000,0.000,0.000,0.000,0.000]
  Iter 5: LB=3.331327  UB=12.260537  gap=7.28e-01
  Cut: intercept=-132.105744, π_x_range=[-276.0000, 74.0158]
  Sherali-Cut: intercept=-129.896031, π_x_range=[-115.2529, 72.4675]
  Mini-Benders[1] (mw): LB=3.366655, Z₀(α*)=12.093359, intercept=-81.003527 (0.104s) [OMP=0.064 ISP-L=0.003 ISP-F=0.008 MW-L=0.007 MW-F=0.006]
  Mini-Benders[2] (mw): LB=3.384592, Z₀(α*)=-81.468303, intercept=-73.205406 (0.088s) [OMP=0.062 ISP-L=0.003 ISP-F=0.008 MW-L=0.011 MW-F=0.008]
  Mini-Benders[3] (mw): LB=3.384592, Z₀(α*)=-81.468303, intercept=-73.205406 (0.089s) [OMP=0.062 ISP-L=0.003 ISP-F=0.008 MW-L=0.010 MW-F=0.008]
  Mini-Benders[4] (mw): LB=3.384592, Z₀(α*)=-81.468303, intercept=-73.205406 (0.088s) [OMP=0.062 ISP-L=0.003 ISP-F=0.008 MW-L=0.008 MW-F=0.010]
  Mini-Benders[5]: LB stagnated, break
  α-step: Z₀=12.751411, α=[0.000,0.000,0.000,0.000,0.000,10.391,0.000,0.000,0.000,0.000,0.000,0.000,0.000,0.000,0.000,0.000,0.000,0.000,0.000,0.000,0.000,0.000,0.000,0.000,0.000,0.000,0.311,0.000,0.000,0.000,0.000,0.000,0.000,0.000,0.000,0.000,0.000,0.000]
  Alt-Benders[1] (mw): LB=3.395491, Z₀(α*)=-16.787711, intercept=-142.036880 (0.110s) [OMP=0.089 ISP-L=0.003 ISP-F=0.008 MW-L=0.007 MW-F=0.007]
  Alt-Benders[2] (mw): LB=3.395491, Z₀(α*)=-16.787711, intercept=-142.036880 (0.153s) [OMP=0.123 ISP-L=0.003 ISP-F=0.008 MW-L=0.010 MW-F=0.006]
  Alt-Benders[3] (mw): LB=3.395491, Z₀(α*)=-16.787711, intercept=-142.036880 (0.137s) [OMP=0.120 ISP-L=0.003 ISP-F=0.008 MW-L=0.008 MW-F=0.006]
  Alt-Benders[4]: LB stagnated, break
  OMP re-solve: 0.000s

=== True-DRO Benders iter 6 ===
  OMP: t₀=3.395491, UB=12.260537, gap=7.23e-01, x=[0, 0, 0, 0, 0, 1, 0, 0, 0, 0, 0, 0, 0, 0, 0, 0, 0, 0, 0, 0, 0, 0, 0, 0, 1, 0, 0, 0, 0, 0, 0, 0, 0, 0, 0, 0, 0, 0] (0.000s)
  Sub: Z₀=10.488139 [LOCAL] (0.2s), α=[0.000,0.000,0.000,0.000,0.000,2.539,0.000,0.000,0.000,0.000,0.000,0.000,0.000,0.000,1.072,0.000,0.000,0.000,0.000,0.000,0.000,0.000,0.000,0.000,2.031,0.000,5.061,0.000,0.000,0.000,0.000,0.000,0.000,0.000,0.000,0.000,0.000,0.000]
  Iter 6: LB=3.395491  UB=12.260537  gap=7.23e-01
  Cut: intercept=-1111.079242, π_x_range=[-824.5619, 573.2851]
  Mini-Benders[1] (mw): LB=3.493136, Z₀(α*)=-10.307991, intercept=-164.766586 (0.104s) [OMP=0.067 ISP-L=0.003 ISP-F=0.009 MW-L=0.008 MW-F=0.009]
  Mini-Benders[2] (mw): LB=3.493136, Z₀(α*)=-10.307991, intercept=-164.766586 (0.088s) [OMP=0.066 ISP-L=0.003 ISP-F=0.008 MW-L=0.008 MW-F=0.009]
  Mini-Benders[3] (mw): LB=3.493136, Z₀(α*)=-10.307991, intercept=-164.766586 (0.107s) [OMP=0.066 ISP-L=0.003 ISP-F=0.008 MW-L=0.008 MW-F=0.007]
  Mini-Benders[4]: LB stagnated, break
  α-step: Z₀=12.122070, α=[0.000,0.000,0.000,0.000,0.000,0.000,0.000,0.000,0.000,0.000,0.000,0.000,0.000,0.000,0.000,0.000,0.000,0.000,0.000,0.000,0.000,0.000,0.000,0.000,6.205,0.000,0.100,4.397,0.000,0.000,0.000,0.000,0.000,0.000,0.000,0.000,0.000,0.000]
  Alt-Benders[1] (mw): LB=3.596636, Z₀(α*)=-88.633434, intercept=-105.053576 (0.083s) [OMP=0.068 ISP-L=0.003 ISP-F=0.008 MW-L=0.010 MW-F=0.007]
  Alt-Benders[2] (mw): LB=3.596636, Z₀(α*)=-88.633434, intercept=-105.053576 (0.108s) [OMP=0.067 ISP-L=0.003 ISP-F=0.008 MW-L=0.008 MW-F=0.009]
  Alt-Benders[3] (mw): LB=3.596636, Z₀(α*)=-88.633434, intercept=-105.053576 (0.096s) [OMP=0.067 ISP-L=0.003 ISP-F=0.008 MW-L=0.008 MW-F=0.009]
  Alt-Benders[4]: LB stagnated, break
  OMP re-solve: 0.000s

=== True-DRO Benders iter 7 ===
  OMP: t₀=3.596636, UB=12.260537, gap=7.07e-01, x=[0, 0, 0, 0, 0, 0, 1, 0, 1, 0, 0, 0, 0, 0, 0, 0, 0, 0, 0, 0, 0, 0, 0, 0, 0, 0, 0, 0, 0, 0, 0, 0, 0, 0, 0, 0, 0, 0] (0.000s)
  Sub: Z₀=13.784916 [LOCAL] (0.2s), α=[0.000,0.000,0.000,0.000,0.000,0.032,0.426,0.000,9.538,0.000,0.000,0.000,0.000,0.000,0.000,0.000,0.000,0.000,0.000,0.000,0.000,0.000,0.000,0.000,0.000,0.000,0.706,0.000,0.000,0.000,0.000,0.000,0.000,0.000,0.000,0.000,0.000,0.000]
  Iter 7: LB=3.596636  UB=12.260537  gap=7.07e-01
  Cut: intercept=-1146.247207, π_x_range=[-829.6815, 587.8553]
  Mini-Benders[1] (mw): LB=3.703745, Z₀(α*)=-49.808883, intercept=-131.686056 (0.119s) [OMP=0.099 ISP-L=0.003 ISP-F=0.008 MW-L=0.009 MW-F=0.006]
  Mini-Benders[2] (mw): LB=3.703745, Z₀(α*)=-49.808883, intercept=-131.686056 (0.097s) [OMP=0.062 ISP-L=0.003 ISP-F=0.008 MW-L=0.009 MW-F=0.006]
  Mini-Benders[3] (mw): LB=3.703745, Z₀(α*)=-49.808883, intercept=-131.686056 (0.092s) [OMP=0.064 ISP-L=0.003 ISP-F=0.008 MW-L=0.007 MW-F=0.008]
  Mini-Benders[4]: LB stagnated, break
  α-step: Z₀=11.214909, α=[0.000,0.000,0.000,0.000,0.000,2.601,0.000,0.000,0.000,0.000,0.000,0.000,0.000,0.000,1.072,0.000,0.000,0.000,0.000,2.031,0.000,0.000,0.000,0.000,0.000,0.000,4.999,0.000,0.000,0.000,0.000,0.000,0.000,0.000,0.000,0.000,0.000,0.000]
  Alt-Benders[1] (mw): LB=3.839976, Z₀(α*)=-7.225734, intercept=-105.412510 (0.116s) [OMP=0.092 ISP-L=0.003 ISP-F=0.009 MW-L=0.007 MW-F=0.007]
  Alt-Benders[2] (mw): LB=3.839976, Z₀(α*)=-7.225734, intercept=-105.412510 (0.106s) [OMP=0.085 ISP-L=0.003 ISP-F=0.009 MW-L=0.010 MW-F=0.007]
  Alt-Benders[3] (mw): LB=3.839976, Z₀(α*)=-7.225734, intercept=-105.412510 (0.121s) [OMP=0.084 ISP-L=0.003 ISP-F=0.009 MW-L=0.010 MW-F=0.006]
  Alt-Benders[4]: LB stagnated, break
  OMP re-solve: 0.000s

=== True-DRO Benders iter 8 ===
  OMP: t₀=3.839976, UB=12.260537, gap=6.87e-01, x=[0, 0, 0, 0, 0, 1, 1, 0, 0, 0, 0, 0, 0, 0, 0, 0, 0, 0, 0, 0, 0, 0, 0, 0, 0, 0, 0, 0, 0, 0, 0, 0, 0, 0, 0, 0, 0, 0] (0.000s)
  Sub: Z₀=10.993437 [LOCAL] (0.1s), α=[0.000,0.000,0.000,0.000,0.000,6.790,2.927,0.000,0.000,0.000,0.000,0.000,0.000,0.000,0.000,0.000,0.000,0.000,0.000,0.000,0.000,0.000,0.000,0.000,0.000,0.000,0.985,0.000,0.000,0.000,0.000,0.000,0.000,0.000,0.000,0.000,0.000,0.000]
  Iter 8: LB=3.839976  UB=12.260537  gap=6.87e-01
  Cut: intercept=-1126.916573, π_x_range=[-826.5027, 571.2833]
  Mini-Benders[1] (mw): LB=3.839976, Z₀(α*)=-9.200033, intercept=-98.030210 (0.088s) [OMP=0.069 ISP-L=0.003 ISP-F=0.008 MW-L=0.008 MW-F=0.009]
  Mini-Benders[2] (mw): LB=3.839976, Z₀(α*)=-9.200033, intercept=-98.030210 (0.138s) [OMP=0.098 ISP-L=0.003 ISP-F=0.008 MW-L=0.007 MW-F=0.008]
  Mini-Benders[3]: LB stagnated, break
  α-step: Z₀=10.594170, α=[0.000,0.000,0.000,0.000,0.000,7.397,0.000,0.000,0.000,0.000,0.000,0.000,0.000,0.000,0.000,0.000,0.000,0.000,0.000,0.000,0.000,3.305,0.000,0.000,0.000,0.000,0.000,0.000,0.000,0.000,0.000,0.000,0.000,0.000,0.000,0.000,0.000,0.000]
  Alt-Benders[1] (mw): LB=3.892439, Z₀(α*)=-6.797824, intercept=-51.332356 (0.122s) [OMP=0.103 ISP-L=0.003 ISP-F=0.008 MW-L=0.009 MW-F=0.006]
  Alt-Benders[2] (mw): LB=3.892439, Z₀(α*)=-6.797824, intercept=-51.332356 (0.122s) [OMP=0.092 ISP-L=0.002 ISP-F=0.008 MW-L=0.006 MW-F=0.006]
  Alt-Benders[3] (mw): LB=3.892439, Z₀(α*)=-6.797824, intercept=-51.332356 (0.119s) [OMP=0.092 ISP-L=0.003 ISP-F=0.008 MW-L=0.007 MW-F=0.008]
  Alt-Benders[4]: LB stagnated, break
  OMP re-solve: 0.000s

=== True-DRO Benders iter 9 ===
  OMP: t₀=3.892439, UB=12.260537, gap=6.83e-01, x=[0, 0, 0, 0, 0, 1, 0, 0, 0, 0, 0, 0, 0, 0, 0, 0, 0, 0, 0, 0, 0, 0, 0, 0, 0, 0, 0, 0, 0, 0, 0, 0, 0, 0, 0, 0, 1, 0] (0.000s)
  Sub: Z₀=13.978962 [LOCAL] (0.1s), α=[0.000,0.000,0.000,0.000,0.000,8.153,0.000,0.000,0.000,0.000,0.000,0.000,0.000,0.000,0.314,0.000,0.000,0.000,0.000,0.000,0.000,0.000,0.000,0.000,0.000,0.000,2.236,0.000,0.000,0.000,0.000,0.000,0.000,0.000,0.000,0.000,0.000,0.000]
  Iter 9: LB=3.892439  UB=12.260537  gap=6.83e-01
  Cut: intercept=-1141.137698, π_x_range=[-827.4375, 579.7084]
  Mini-Benders[1] (mw): LB=4.294417, Z₀(α*)=-70.307308, intercept=-105.926355 (0.104s) [OMP=0.082 ISP-L=0.002 ISP-F=0.008 MW-L=0.005 MW-F=0.006]
  Mini-Benders[2] (mw): LB=4.294417, Z₀(α*)=-70.307308, intercept=-105.926355 (0.122s) [OMP=0.083 ISP-L=0.003 ISP-F=0.008 MW-L=0.011 MW-F=0.006]
  Mini-Benders[3] (mw): LB=4.294417, Z₀(α*)=-70.307308, intercept=-105.926355 (0.104s) [OMP=0.084 ISP-L=0.003 ISP-F=0.008 MW-L=0.011 MW-F=0.006]
  Mini-Benders[4]: LB stagnated, break
  α-step: Z₀=14.875600, α=[0.000,0.000,0.000,0.000,0.000,0.000,0.000,0.000,7.578,0.000,0.000,0.000,0.000,0.000,0.000,0.000,0.000,0.000,0.000,0.000,0.000,0.000,0.000,0.000,0.000,0.000,3.125,0.000,0.000,0.000,0.000,0.000,0.000,0.000,0.000,0.000,0.000,0.000]
  Alt-Benders[1] (mw): LB=4.358860, Z₀(α*)=-46.319926, intercept=-60.650567 (0.104s) [OMP=0.080 ISP-L=0.003 ISP-F=0.008 MW-L=0.007 MW-F=0.008]
  Alt-Benders[2] (mw): LB=4.358860, Z₀(α*)=-46.319926, intercept=-60.650567 (0.106s) [OMP=0.079 ISP-L=0.003 ISP-F=0.008 MW-L=0.007 MW-F=0.007]
  Alt-Benders[3] (mw): LB=4.358860, Z₀(α*)=-46.319926, intercept=-60.650567 (0.104s) [OMP=0.080 ISP-L=0.003 ISP-F=0.008 MW-L=0.010 MW-F=0.007]
  Alt-Benders[4]: LB stagnated, break
  OMP re-solve: 0.000s

=== True-DRO Benders iter 10 ===
  OMP: t₀=4.358860, UB=12.260537, gap=6.44e-01, x=[0, 0, 1, 0, 0, 1, 0, 0, 0, 0, 0, 0, 0, 0, 0, 0, 0, 0, 0, 0, 0, 0, 0, 0, 0, 0, 0, 0, 0, 0, 0, 0, 0, 0, 0, 0, 0, 0] (0.000s)
  Sub: Z₀=13.771445 (0.1s), α=[0.000,0.000,0.000,0.000,0.000,10.702,0.000,0.000,0.000,0.000,0.000,0.000,0.000,0.000,0.000,0.000,0.000,0.000,0.000,0.000,0.000,0.000,0.000,0.000,0.000,0.000,0.000,0.000,0.000,0.000,0.000,0.000,0.000,0.000,0.000,0.000,0.000,0.000]
  Iter 10: LB=4.358860  UB=12.260537  gap=6.44e-01
  Cut: intercept=-82.356564, π_x_range=[-275.0000, 70.8690]
  Sherali-Cut: intercept=-63.834370, π_x_range=[-82.9132, 70.0916]
  Mini-Benders[1] (mw): LB=4.460530, Z₀(α*)=9.119361, intercept=-94.059493 (0.119s) [OMP=0.095 ISP-L=0.004 ISP-F=0.008 MW-L=0.007 MW-F=0.008]
  Mini-Benders[2] (mw): LB=4.539499, Z₀(α*)=13.978964, intercept=-51.332357 (0.120s) [OMP=0.091 ISP-L=0.003 ISP-F=0.008 MW-L=0.007 MW-F=0.007]
  Mini-Benders[3] (mw): LB=4.641233, Z₀(α*)=-4.925490, intercept=-67.587214 (0.125s) [OMP=0.098 ISP-L=0.002 ISP-F=0.008 MW-L=0.007 MW-F=0.006]
  Mini-Benders[4] (mw): LB=4.641233, Z₀(α*)=-4.925490, intercept=-67.587215 (0.120s) [OMP=0.101 ISP-L=0.003 ISP-F=0.008 MW-L=0.010 MW-F=0.006]
  Mini-Benders[5] (mw): LB=4.641233, Z₀(α*)=-4.925490, intercept=-67.587215 (0.137s) [OMP=0.100 ISP-L=0.003 ISP-F=0.008 MW-L=0.007 MW-F=0.008]
  α-step: Z₀=11.912677, α=[0.000,0.000,0.000,0.000,0.000,7.397,0.000,0.000,1.052,0.000,0.000,0.000,0.000,0.000,2.254,0.000,0.000,0.000,0.000,0.000,0.000,0.000,0.000,0.000,0.000,0.000,0.000,0.000,0.000,0.000,0.000,0.000,0.000,0.000,0.000,0.000,0.000,0.000]
  Alt-Benders[1] (mw): LB=4.662207, Z₀(α*)=-12.946349, intercept=-60.281587 (0.135s) [OMP=0.110 ISP-L=0.003 ISP-F=0.009 MW-L=0.007 MW-F=0.006]
  Alt-Benders[2] (mw): LB=4.662207, Z₀(α*)=-12.946349, intercept=-60.281587 (0.119s) [OMP=0.099 ISP-L=0.003 ISP-F=0.008 MW-L=0.010 MW-F=0.006]
  Alt-Benders[3] (mw): LB=4.662207, Z₀(α*)=-12.946349, intercept=-60.281587 (0.135s) [OMP=0.100 ISP-L=0.003 ISP-F=0.008 MW-L=0.009 MW-F=0.006]
  Alt-Benders[4]: LB stagnated, break
  OMP re-solve: 0.000s

=== True-DRO Benders iter 11 ===
  OMP: t₀=4.662207, UB=12.260537, gap=6.20e-01, x=[0, 0, 0, 0, 0, 1, 0, 0, 0, 0, 0, 0, 0, 0, 0, 0, 0, 0, 0, 0, 0, 0, 0, 0, 0, 0, 0, 1, 0, 0, 0, 0, 0, 0, 0, 0, 0, 0] (0.000s)
  Sub: Z₀=13.978962 [LOCAL] (0.1s), α=[0.000,0.000,0.000,0.000,0.000,5.466,0.000,0.000,0.000,0.000,0.000,0.000,0.000,0.000,0.000,0.000,0.000,0.000,0.000,0.000,0.000,0.000,0.000,0.000,0.000,0.000,5.237,0.000,0.000,0.000,0.000,0.000,0.000,0.000,0.000,0.000,0.000,0.000]
  Iter 11: LB=4.662207  UB=12.260537  gap=6.20e-01
  Cut: intercept=-1139.215345, π_x_range=[-826.5662, 578.3533]
  Mini-Benders[1] (mw): LB=5.127524, Z₀(α*)=13.978964, intercept=-50.835052 (0.119s) [OMP=0.087 ISP-L=0.003 ISP-F=0.008 MW-L=0.007 MW-F=0.008]
  Mini-Benders[2] (mw): LB=5.127524, Z₀(α*)=13.254530, intercept=-57.061053 (0.138s) [OMP=0.115 ISP-L=0.003 ISP-F=0.008 MW-L=0.008 MW-F=0.008]
  Mini-Benders[3] (mw): LB=5.127524, Z₀(α*)=2.892002, intercept=-129.821246 (0.138s) [OMP=0.112 ISP-L=0.003 ISP-F=0.008 MW-L=0.008 MW-F=0.007]
  Mini-Benders[4]: LB stagnated, break
  α-step: Z₀=12.127593, α=[0.000,0.000,0.000,0.000,0.000,2.575,0.000,0.000,0.000,0.000,0.000,0.000,0.000,0.000,0.000,0.000,0.000,0.000,0.000,0.000,0.000,0.000,0.000,0.000,0.000,0.000,5.653,0.000,0.000,0.000,0.000,2.475,0.000,0.000,0.000,0.000,0.000,0.000]
  Alt-Benders[1] (mw): LB=5.658501, Z₀(α*)=-44.290771, intercept=-170.766793 (0.129s) [OMP=0.111 ISP-L=0.003 ISP-F=0.008 MW-L=0.008 MW-F=0.006]
  Alt-Benders[2] (mw): LB=5.658501, Z₀(α*)=-44.290771, intercept=-170.766793 (0.137s) [OMP=0.104 ISP-L=0.003 ISP-F=0.008 MW-L=0.007 MW-F=0.008]
  Alt-Benders[3] (mw): LB=5.658501, Z₀(α*)=-44.290771, intercept=-170.766793 (0.120s) [OMP=0.102 ISP-L=0.003 ISP-F=0.008 MW-L=0.007 MW-F=0.008]
  Alt-Benders[4]: LB stagnated, break
  OMP re-solve: 0.000s

=== True-DRO Benders iter 12 ===
  OMP: t₀=5.658501, UB=12.260537, gap=5.38e-01, x=[0, 0, 0, 0, 0, 0, 0, 0, 0, 0, 0, 0, 0, 0, 0, 0, 0, 0, 0, 1, 0, 0, 0, 0, 1, 0, 0, 0, 0, 0, 0, 0, 0, 0, 0, 0, 0, 0] (0.000s)
  Sub: Z₀=12.376760 [LOCAL] (0.2s), α=[0.000,0.000,0.000,0.000,0.000,0.000,0.000,0.000,0.000,0.000,0.000,0.000,0.000,0.000,2.557,0.000,0.000,0.000,0.000,4.073,0.000,0.000,0.000,0.000,4.073,0.000,0.000,0.000,0.000,0.000,0.000,0.000,0.000,0.000,0.000,0.000,0.000,0.000]
  Iter 12: LB=5.658501  UB=12.260537  gap=5.38e-01
  Cut: intercept=-1083.846984, π_x_range=[-828.3356, 550.7866]
  Mini-Benders[1] (mw): LB=5.658501, Z₀(α*)=-18.549092, intercept=-104.746600 (0.135s) [OMP=0.119 ISP-L=0.003 ISP-F=0.008 MW-L=0.009 MW-F=0.006]
  Mini-Benders[2] (mw): LB=5.658501, Z₀(α*)=-18.549092, intercept=-104.746600 (0.136s) [OMP=0.117 ISP-L=0.003 ISP-F=0.009 MW-L=0.009 MW-F=0.007]
  Mini-Benders[3]: LB stagnated, break
  α-step: Z₀=12.402498, α=[0.000,0.000,0.000,0.000,0.000,0.000,0.000,0.000,4.073,0.000,0.000,0.000,0.000,0.000,2.557,0.000,0.000,0.000,0.000,4.073,0.000,0.000,0.000,0.000,0.000,0.000,0.000,0.000,0.000,0.000,0.000,0.000,0.000,0.000,0.000,0.000,0.000,0.000]
  Alt-Benders[1] (mw): LB=6.065740, Z₀(α*)=-2.578622, intercept=-77.201884 (0.138s) [OMP=0.114 ISP-L=0.003 ISP-F=0.009 MW-L=0.007 MW-F=0.009]
  Alt-Benders[2] (mw): LB=6.065740, Z₀(α*)=-2.578622, intercept=-77.201884 (0.137s) [OMP=0.109 ISP-L=0.004 ISP-F=0.009 MW-L=0.007 MW-F=0.007]
  Alt-Benders[3] (mw): LB=6.065740, Z₀(α*)=-2.578622, intercept=-77.201884 (0.138s) [OMP=0.109 ISP-L=0.003 ISP-F=0.008 MW-L=0.009 MW-F=0.007]
  Alt-Benders[4]: LB stagnated, break
  OMP re-solve: 0.000s

=== True-DRO Benders iter 13 ===
  OMP: t₀=6.065740, UB=12.260537, gap=5.05e-01, x=[0, 0, 0, 0, 0, 0, 0, 0, 0, 0, 0, 0, 0, 0, 0, 0, 0, 0, 0, 1, 0, 0, 0, 0, 0, 0, 0, 0, 0, 0, 0, 0, 1, 0, 0, 0, 0, 0] (0.000s)
  Sub: Z₀=13.124524 [LOCAL] (0.2s), α=[0.000,0.000,0.000,0.000,0.000,0.000,0.000,0.000,0.000,0.000,0.000,0.000,0.000,0.000,2.518,0.000,0.000,0.000,0.000,5.801,0.000,0.000,0.000,0.000,0.000,0.000,0.000,0.000,0.000,0.000,0.000,0.000,2.313,0.071,0.000,0.000,0.000,0.000]
  Iter 13: LB=6.065740  UB=12.260537  gap=5.05e-01
  Cut: intercept=-1058.525582, π_x_range=[-829.1685, 536.5234]
  Mini-Benders[1] (mw): LB=6.067067, Z₀(α*)=-3.029077, intercept=-69.297457 (0.136s) [OMP=0.106 ISP-L=0.003 ISP-F=0.009 MW-L=0.007 MW-F=0.009]
  Mini-Benders[2] (mw): LB=6.067067, Z₀(α*)=-3.029077, intercept=-69.297457 (0.134s) [OMP=0.109 ISP-L=0.003 ISP-F=0.009 MW-L=0.007 MW-F=0.009]
  Mini-Benders[3] (mw): LB=6.067067, Z₀(α*)=-3.029077, intercept=-69.297457 (0.140s) [OMP=0.108 ISP-L=0.003 ISP-F=0.009 MW-L=0.008 MW-F=0.007]
  Mini-Benders[4]: LB stagnated, break
  α-step: Z₀=13.212875, α=[0.000,0.000,0.000,0.000,0.000,0.000,0.000,0.000,0.000,0.000,0.000,0.000,0.000,0.000,2.069,0.000,0.000,0.000,0.000,5.630,0.000,0.000,0.000,0.000,0.000,0.000,3.004,0.000,0.000,0.000,0.000,0.000,0.000,0.000,0.000,0.000,0.000,0.000]
  Alt-Benders[1] (mw): LB=6.081013, Z₀(α*)=8.057299, intercept=-40.446310 (0.115s) [OMP=0.099 ISP-L=0.003 ISP-F=0.008 MW-L=0.009 MW-F=0.006]
  Alt-Benders[2] (mw): LB=6.221463, Z₀(α*)=-25.094104, intercept=-120.201400 (0.153s) [OMP=0.121 ISP-L=0.003 ISP-F=0.009 MW-L=0.007 MW-F=0.008]
  Alt-Benders[3] (mw): LB=6.221463, Z₀(α*)=-25.094104, intercept=-120.201400 (0.138s) [OMP=0.107 ISP-L=0.003 ISP-F=0.008 MW-L=0.007 MW-F=0.008]
  Alt-Benders[4] (mw): LB=6.221463, Z₀(α*)=-25.094104, intercept=-120.201400 (0.135s) [OMP=0.107 ISP-L=0.003 ISP-F=0.008 MW-L=0.007 MW-F=0.006]
  Alt-Benders[5]: LB stagnated, break
  OMP re-solve: 0.000s

=== True-DRO Benders iter 14 ===
  OMP: t₀=6.221463, UB=12.260537, gap=4.93e-01, x=[0, 0, 0, 0, 0, 0, 0, 0, 1, 0, 0, 0, 0, 0, 0, 0, 0, 0, 0, 0, 0, 0, 0, 0, 1, 0, 0, 0, 0, 0, 0, 0, 0, 0, 0, 0, 0, 0] (0.000s)
  Sub: Z₀=12.928294 [LOCAL] (0.2s), α=[0.000,0.000,0.000,0.000,0.000,0.000,0.000,0.000,4.073,0.000,0.000,0.000,0.000,0.000,2.557,0.000,0.000,0.000,0.000,0.000,0.000,0.000,0.000,0.000,4.073,0.000,0.000,0.000,0.000,0.000,0.000,0.000,0.000,0.000,0.000,0.000,0.000,0.000]
  Iter 14: LB=6.221463  UB=12.260537  gap=4.93e-01
  Cut: intercept=-1114.524353, π_x_range=[-828.7538, 579.8865]
  Mini-Benders[1] (mw): LB=6.481610, Z₀(α*)=-2.507084, intercept=-101.327200 (0.151s) [OMP=0.114 ISP-L=0.003 ISP-F=0.008 MW-L=0.010 MW-F=0.007]
  Mini-Benders[2] (mw): LB=6.481610, Z₀(α*)=-2.507084, intercept=-101.327200 (0.138s) [OMP=0.111 ISP-L=0.004 ISP-F=0.008 MW-L=0.008 MW-F=0.009]
  Mini-Benders[3] (mw): LB=6.481610, Z₀(α*)=-2.507084, intercept=-101.327200 (0.138s) [OMP=0.111 ISP-L=0.003 ISP-F=0.008 MW-L=0.008 MW-F=0.009]
  Mini-Benders[4]: LB stagnated, break
  α-step: Z₀=13.131171, α=[0.000,0.000,0.000,0.000,0.000,0.000,0.000,0.000,0.000,0.000,0.000,0.000,0.000,0.000,2.557,0.000,0.000,0.000,0.000,0.000,0.000,0.000,0.000,0.000,5.734,0.000,0.000,0.000,0.000,0.000,0.000,0.000,2.411,0.000,0.000,0.000,0.000,0.000]
  Alt-Benders[1] (mw): LB=6.503427, Z₀(α*)=-46.422806, intercept=-56.790453 (0.134s) [OMP=0.111 ISP-L=0.003 ISP-F=0.008 MW-L=0.010 MW-F=0.007]
  Alt-Benders[2] (mw): LB=6.503427, Z₀(α*)=-46.422806, intercept=-56.790453 (0.153s) [OMP=0.126 ISP-L=0.003 ISP-F=0.008 MW-L=0.009 MW-F=0.007]
  Alt-Benders[3] (mw): LB=6.503427, Z₀(α*)=-46.422806, intercept=-56.790453 (0.151s) [OMP=0.126 ISP-L=0.003 ISP-F=0.008 MW-L=0.007 MW-F=0.009]
  Alt-Benders[4]: LB stagnated, break
  OMP re-solve: 0.000s

=== True-DRO Benders iter 15 ===
  OMP: t₀=6.503427, UB=12.260537, gap=4.70e-01, x=[1, 0, 0, 0, 0, 0, 0, 0, 0, 0, 0, 0, 0, 0, 0, 0, 0, 0, 0, 1, 0, 0, 0, 0, 0, 0, 0, 0, 0, 0, 0, 0, 0, 0, 0, 0, 0, 0] (0.000s)
  Sub: Z₀=14.727605 (3.7s), α=[0.000,0.000,0.000,0.000,0.000,0.890,0.000,0.000,0.459,0.000,0.000,0.000,0.000,0.000,1.816,0.000,0.000,0.000,0.000,7.537,0.000,0.000,0.000,0.000,0.000,0.000,0.000,0.000,0.000,0.000,0.000,0.000,0.000,0.000,0.000,0.000,0.000,0.000]
  Iter 15: LB=6.503427  UB=12.260537  gap=4.70e-01
  Cut: intercept=-56.617835, π_x_range=[-273.0000, 46.3400]
  Sherali-Cut: intercept=-56.062145, π_x_range=[-90.9537, 45.9874]
  Mini-Benders[1] (mw): LB=6.581622, Z₀(α*)=-42.049178, intercept=-97.096505 (0.156s) [OMP=0.131 ISP-L=0.003 ISP-F=0.008 MW-L=0.009 MW-F=0.007]
  Mini-Benders[2] (mw): LB=6.581622, Z₀(α*)=-42.049178, intercept=-97.096505 (0.136s) [OMP=0.101 ISP-L=0.003 ISP-F=0.008 MW-L=0.009 MW-F=0.006]
  Mini-Benders[3] (mw): LB=6.581622, Z₀(α*)=-42.049178, intercept=-97.096505 (0.121s) [OMP=0.101 ISP-L=0.003 ISP-F=0.008 MW-L=0.007 MW-F=0.008]
  Mini-Benders[4]: LB stagnated, break
  α-step: Z₀=13.450922, α=[0.000,0.000,0.000,0.000,0.000,0.000,0.000,0.000,0.000,0.000,0.000,0.000,0.000,0.000,2.606,0.000,0.000,0.000,0.000,0.000,0.000,0.000,0.000,0.000,5.179,0.000,2.917,0.000,0.000,0.000,0.000,0.000,0.000,0.000,0.000,0.000,0.000,0.000]
  Alt-Benders[1] (mw): LB=6.583299, Z₀(α*)=-17.475245, intercept=-163.832627 (0.145s) [OMP=0.124 ISP-L=0.003 ISP-F=0.010 MW-L=0.007 MW-F=0.006]
  Alt-Benders[2] (mw): LB=6.583299, Z₀(α*)=-17.475245, intercept=-163.832627 (0.138s) [OMP=0.115 ISP-L=0.003 ISP-F=0.009 MW-L=0.010 MW-F=0.007]
  Alt-Benders[3] (mw): LB=6.583299, Z₀(α*)=-17.475245, intercept=-163.832627 (0.153s) [OMP=0.116 ISP-L=0.003 ISP-F=0.010 MW-L=0.009 MW-F=0.006]
  Alt-Benders[4]: LB stagnated, break
  OMP re-solve: 0.000s

=== True-DRO Benders iter 16 ===
  OMP: t₀=6.583299, UB=12.260537, gap=4.63e-01, x=[0, 0, 0, 0, 0, 0, 0, 0, 0, 0, 0, 0, 0, 0, 0, 0, 0, 0, 0, 1, 0, 0, 0, 0, 0, 0, 0, 0, 0, 0, 0, 1, 0, 0, 0, 0, 0, 0] (0.000s)
  Sub: Z₀=10.271031 [LOCAL] (0.2s), α=[0.000,0.000,0.000,0.000,0.000,0.000,0.000,0.000,0.000,0.000,0.000,0.000,0.000,0.000,0.360,0.000,0.000,0.000,0.000,4.563,0.000,0.000,0.000,0.000,0.000,0.000,2.682,0.000,0.000,0.000,0.000,3.098,0.000,0.000,0.000,0.000,0.000,0.000]
  Iter 16: LB=6.583299  UB=12.260537  gap=4.63e-01
  Cut: intercept=-1081.816290, π_x_range=[-820.9904, 546.5203]
  Mini-Benders[1] (mw): LB=6.648926, Z₀(α*)=-19.923412, intercept=-151.083058 (0.150s) [OMP=0.110 ISP-L=0.003 ISP-F=0.009 MW-L=0.009 MW-F=0.008]
  Mini-Benders[2] (mw): LB=6.648926, Z₀(α*)=-19.923412, intercept=-151.083058 (0.135s) [OMP=0.114 ISP-L=0.003 ISP-F=0.008 MW-L=0.009 MW-F=0.006]
  Mini-Benders[3] (mw): LB=6.648926, Z₀(α*)=-19.923412, intercept=-151.083058 (0.151s) [OMP=0.117 ISP-L=0.003 ISP-F=0.009 MW-L=0.011 MW-F=0.006]
  Mini-Benders[4]: LB stagnated, break
  α-step: Z₀=11.259148, α=[0.000,0.000,0.000,0.000,0.000,0.000,0.000,0.000,4.471,0.000,0.000,0.000,0.000,0.000,0.000,0.000,0.000,0.000,0.000,0.000,0.000,0.000,0.000,0.000,0.000,0.000,2.682,0.000,0.000,0.000,0.000,3.549,0.000,0.000,0.000,0.000,0.000,0.000]
  Alt-Benders[1] (mw): LB=6.669038, Z₀(α*)=-58.794100, intercept=-39.346981 (0.153s) [OMP=0.125 ISP-L=0.003 ISP-F=0.009 MW-L=0.007 MW-F=0.009]
  Alt-Benders[2] (mw): LB=6.669038, Z₀(α*)=-58.794100, intercept=-39.346981 (0.151s) [OMP=0.130 ISP-L=0.003 ISP-F=0.009 MW-L=0.007 MW-F=0.009]
  Alt-Benders[3] (mw): LB=6.669038, Z₀(α*)=-58.794100, intercept=-39.346981 (0.166s) [OMP=0.131 ISP-L=0.003 ISP-F=0.009 MW-L=0.007 MW-F=0.007]
  Alt-Benders[4]: LB stagnated, break
  OMP re-solve: 0.000s

=== True-DRO Benders iter 17 ===
  OMP: t₀=6.669038, UB=12.260537, gap=4.56e-01, x=[0, 0, 0, 0, 0, 0, 0, 0, 0, 0, 0, 0, 0, 0, 0, 0, 0, 0, 1, 1, 0, 0, 0, 0, 0, 0, 0, 0, 0, 0, 0, 0, 0, 0, 0, 0, 0, 0] (0.000s)
  Sub: Z₀=14.982208 [LOCAL] (0.2s), α=[0.000,0.000,0.000,0.000,0.000,0.000,0.000,0.000,0.459,0.000,0.000,0.000,0.000,0.000,1.816,0.000,0.000,0.000,0.000,7.537,0.000,0.000,0.000,0.000,0.000,0.000,0.890,0.000,0.000,0.000,0.000,0.000,0.000,0.000,0.000,0.000,0.000,0.000]
  Iter 17: LB=6.669038  UB=12.260537  gap=4.56e-01
  Cut: intercept=-1083.105482, π_x_range=[-829.7107, 555.1980]
  Mini-Benders[1] (mw): LB=6.669038, Z₀(α*)=13.667846, intercept=-55.553226 (0.151s) [OMP=0.120 ISP-L=0.003 ISP-F=0.009 MW-L=0.010 MW-F=0.006]
  Mini-Benders[2] (mw): LB=6.669038, Z₀(α*)=14.331433, intercept=-61.452464 (0.151s) [OMP=0.121 ISP-L=0.003 ISP-F=0.008 MW-L=0.007 MW-F=0.008]
  Mini-Benders[3]: LB stagnated, break
  α-step: Z₀=14.895836, α=[0.000,0.000,0.000,0.000,0.000,0.000,0.000,0.000,0.066,0.000,0.000,0.000,0.000,0.000,2.491,0.000,0.000,0.000,0.000,6.973,0.000,0.000,0.000,0.000,0.000,0.000,1.172,0.000,0.000,0.000,0.000,0.000,0.000,0.000,0.000,0.000,0.000,0.000]
  Alt-Benders[1] (mw): LB=6.669038, Z₀(α*)=14.953990, intercept=-41.073190 (0.142s) [OMP=0.125 ISP-L=0.004 ISP-F=0.009 MW-L=0.008 MW-F=0.006]
  Alt-Benders[2] (mw): LB=6.833764, Z₀(α*)=-34.372140, intercept=-129.294290 (0.150s) [OMP=0.117 ISP-L=0.003 ISP-F=0.009 MW-L=0.010 MW-F=0.007]
  Alt-Benders[3] (mw): LB=6.833764, Z₀(α*)=-34.372140, intercept=-129.294290 (0.154s) [OMP=0.120 ISP-L=0.003 ISP-F=0.008 MW-L=0.010 MW-F=0.007]
  Alt-Benders[4] (mw): LB=6.833764, Z₀(α*)=-34.372140, intercept=-129.294290 (0.137s) [OMP=0.119 ISP-L=0.003 ISP-F=0.008 MW-L=0.007 MW-F=0.009]
  Alt-Benders[5]: LB stagnated, break
  OMP re-solve: 0.000s

=== True-DRO Benders iter 18 ===
  OMP: t₀=6.833764, UB=12.260537, gap=4.43e-01, x=[0, 0, 0, 0, 0, 0, 0, 0, 0, 0, 0, 0, 0, 0, 0, 0, 0, 0, 0, 0, 0, 1, 0, 0, 0, 0, 0, 0, 0, 0, 0, 1, 0, 0, 0, 0, 0, 0] (0.000s)
  Sub: Z₀=12.052351 [LOCAL] (0.2s), α=[0.000,0.000,0.000,0.000,0.000,0.000,0.000,0.000,0.000,0.000,0.000,0.000,0.000,0.000,0.000,0.000,0.000,0.000,0.000,0.000,0.000,4.126,0.000,0.000,0.000,0.000,0.977,0.000,0.000,0.000,0.000,5.599,0.000,0.000,0.000,0.000,0.000,0.000]
  Iter 18: LB=6.833764  UB=12.260537  gap=4.43e-01
  Cut: intercept=-1101.756292, π_x_range=[-823.6343, 571.3654]
  Mini-Benders[1] (mw): LB=6.838007, Z₀(α*)=-20.091117, intercept=-182.262089 (0.150s) [OMP=0.114 ISP-L=0.003 ISP-F=0.009 MW-L=0.008 MW-F=0.007]
  Mini-Benders[2] (mw): LB=6.838007, Z₀(α*)=-20.091117, intercept=-182.262089 (0.135s) [OMP=0.106 ISP-L=0.003 ISP-F=0.009 MW-L=0.010 MW-F=0.007]
  Mini-Benders[3] (mw): LB=6.838007, Z₀(α*)=-20.091117, intercept=-182.262089 (0.136s) [OMP=0.105 ISP-L=0.003 ISP-F=0.009 MW-L=0.010 MW-F=0.007]
  Mini-Benders[4]: LB stagnated, break
  α-step: Z₀=10.801060, α=[0.000,0.000,0.000,0.000,0.000,0.000,0.000,0.000,0.000,0.000,0.000,0.000,0.000,0.000,1.072,0.000,0.000,0.000,0.000,0.000,0.000,0.000,0.000,0.000,3.830,0.000,1.970,0.000,0.000,0.000,0.000,3.830,0.000,0.000,0.000,0.000,0.000,0.000]
  Alt-Benders[1] (mw): LB=6.869092, Z₀(α*)=-10.015550, intercept=-122.533173 (0.129s) [OMP=0.108 ISP-L=0.003 ISP-F=0.009 MW-L=0.008 MW-F=0.009]
  Alt-Benders[2] (mw): LB=6.869092, Z₀(α*)=-10.015550, intercept=-122.533173 (0.135s) [OMP=0.105 ISP-L=0.003 ISP-F=0.009 MW-L=0.008 MW-F=0.007]
  Alt-Benders[3] (mw): LB=6.869092, Z₀(α*)=-10.015550, intercept=-122.533173 (0.138s) [OMP=0.105 ISP-L=0.003 ISP-F=0.009 MW-L=0.010 MW-F=0.007]
  Alt-Benders[4]: LB stagnated, break
  OMP re-solve: 0.000s

=== True-DRO Benders iter 19 ===
  OMP: t₀=6.869092, UB=12.260537, gap=4.40e-01, x=[0, 0, 0, 0, 0, 0, 0, 0, 0, 0, 0, 0, 0, 0, 1, 0, 0, 0, 0, 0, 0, 0, 0, 0, 0, 0, 0, 0, 0, 0, 0, 1, 0, 0, 0, 0, 0, 0] (0.000s)
  Sub: Z₀=10.946725 [LOCAL] (0.2s), α=[0.000,0.000,0.000,0.000,0.000,0.000,0.000,0.000,0.000,0.000,0.000,0.000,0.000,0.000,4.016,0.000,0.000,0.000,0.000,0.000,0.000,0.000,0.000,0.000,0.000,0.000,0.640,0.000,0.000,0.000,0.000,6.046,0.000,0.000,0.000,0.000,0.000,0.000]
  Iter 19: LB=6.869092  UB=12.260537  gap=4.40e-01
  Cut: intercept=-1119.490036, π_x_range=[-823.4832, 586.9697]
  Mini-Benders[1] (mw): LB=6.896578, Z₀(α*)=-33.714990, intercept=-66.728945 (0.151s) [OMP=0.119 ISP-L=0.003 ISP-F=0.008 MW-L=0.007 MW-F=0.008]
  Mini-Benders[2] (mw): LB=6.896578, Z₀(α*)=-33.714990, intercept=-66.728945 (0.166s) [OMP=0.132 ISP-L=0.003 ISP-F=0.008 MW-L=0.007 MW-F=0.009]
  Mini-Benders[3] (mw): LB=6.896578, Z₀(α*)=-33.714990, intercept=-66.728945 (0.151s) [OMP=0.130 ISP-L=0.003 ISP-F=0.008 MW-L=0.007 MW-F=0.006]
  Mini-Benders[4]: LB stagnated, break
  α-step: Z₀=14.693828, α=[0.000,0.000,0.000,0.000,0.000,0.000,0.000,0.000,0.000,0.000,0.000,0.000,0.000,0.000,2.505,0.000,0.000,0.000,0.000,0.000,0.000,0.000,0.000,0.000,7.078,0.000,1.120,0.000,0.000,0.000,0.000,0.000,0.000,0.000,0.000,0.000,0.000,0.000]
  Alt-Benders[1] (mw): LB=6.923746, Z₀(α*)=14.292815, intercept=-85.037653 (0.157s) [OMP=0.129 ISP-L=0.003 ISP-F=0.009 MW-L=0.009 MW-F=0.007]
  Alt-Benders[2] (mw): LB=6.923746, Z₀(α*)=14.731628, intercept=-77.241865 (0.137s) [OMP=0.110 ISP-L=0.003 ISP-F=0.010 MW-L=0.007 MW-F=0.008]
  Alt-Benders[3] (mw): LB=6.923746, Z₀(α*)=14.795034, intercept=-66.389040 (0.154s) [OMP=0.124 ISP-L=0.003 ISP-F=0.009 MW-L=0.008 MW-F=0.008]
  Alt-Benders[4]: LB stagnated, break
  OMP re-solve: 0.000s

=== True-DRO Benders iter 20 ===
  OMP: t₀=6.923746, UB=12.260537, gap=4.35e-01, x=[0, 0, 0, 0, 0, 0, 0, 0, 0, 0, 0, 0, 0, 0, 0, 0, 0, 0, 1, 0, 0, 0, 0, 0, 1, 0, 0, 0, 0, 0, 0, 0, 0, 0, 0, 0, 0, 0] (0.000s)
  Sub: Z₀=14.822006 (1.3s), α=[0.000,0.000,0.000,0.000,0.000,0.000,0.000,0.000,0.419,0.000,0.000,0.000,0.000,0.000,1.816,0.000,0.000,0.000,0.000,0.000,0.000,0.000,0.000,0.000,7.617,0.000,0.850,0.000,0.000,0.000,0.000,0.000,0.000,0.000,0.000,0.000,0.000,0.000]
  Iter 20: LB=6.923746  UB=12.260537  gap=4.35e-01
  Cut: intercept=-107.518820, π_x_range=[-273.0000, 81.5641]
  Sherali-Cut: intercept=-66.589865, π_x_range=[-90.6213, 81.4119]
  Mini-Benders[1] (mw): LB=7.202554, Z₀(α*)=-30.759185, intercept=-86.560996 (0.182s) [OMP=0.148 ISP-L=0.004 ISP-F=0.010 MW-L=0.010 MW-F=0.007]
  Mini-Benders[2] (mw): LB=7.202554, Z₀(α*)=-30.759185, intercept=-86.560996 (0.182s) [OMP=0.151 ISP-L=0.003 ISP-F=0.010 MW-L=0.008 MW-F=0.009]
  Mini-Benders[3] (mw): LB=7.202554, Z₀(α*)=-30.759185, intercept=-86.560996 (0.182s) [OMP=0.148 ISP-L=0.003 ISP-F=0.009 MW-L=0.008 MW-F=0.009]
  Mini-Benders[4]: LB stagnated, break
  α-step: Z₀=13.650860, α=[0.000,0.000,0.000,0.000,0.000,0.000,0.000,0.000,8.321,0.000,0.000,0.000,0.000,0.000,0.000,0.000,0.000,0.000,0.000,0.000,0.000,0.000,0.000,0.000,0.000,0.000,0.267,0.000,0.000,0.000,0.000,0.000,2.115,0.000,0.000,0.000,0.000,0.000]
  Alt-Benders[1] (mw): LB=7.262806, Z₀(α*)=3.098315, intercept=-44.533588 (0.164s) [OMP=0.143 ISP-L=0.004 ISP-F=0.008 MW-L=0.010 MW-F=0.006]
  Alt-Benders[2] (mw): LB=7.262806, Z₀(α*)=3.098315, intercept=-44.533588 (0.166s) [OMP=0.134 ISP-L=0.004 ISP-F=0.008 MW-L=0.009 MW-F=0.006]
  Alt-Benders[3] (mw): LB=7.262806, Z₀(α*)=3.098315, intercept=-44.533588 (0.167s) [OMP=0.141 ISP-L=0.004 ISP-F=0.009 MW-L=0.008 MW-F=0.009]
  Alt-Benders[4]: LB stagnated, break
  OMP re-solve: 0.000s

=== True-DRO Benders iter 21 ===
  OMP: t₀=7.262806, UB=12.260537, gap=4.08e-01, x=[0, 0, 0, 0, 0, 0, 0, 0, 1, 0, 0, 1, 0, 0, 0, 0, 0, 0, 0, 0, 0, 0, 0, 0, 0, 0, 0, 0, 0, 0, 0, 0, 0, 0, 0, 0, 0, 0] (0.000s)
  Sub: Z₀=15.981497 [LOCAL] (0.1s), α=[0.000,0.000,0.000,0.000,0.000,0.000,0.000,0.000,9.497,0.000,0.000,0.000,0.000,0.000,0.000,0.000,0.000,0.000,0.000,0.000,0.000,0.000,0.000,0.000,0.000,0.000,1.205,0.000,0.000,0.000,0.000,0.000,0.000,0.000,0.000,0.000,0.000,0.000]
  Iter 21: LB=7.262806  UB=12.260537  gap=4.08e-01
  Cut: intercept=-1158.787263, π_x_range=[-829.8726, 588.9086]
  Mini-Benders[1] (mw): LB=7.278470, Z₀(α*)=8.802746, intercept=-53.884271 (0.151s) [OMP=0.123 ISP-L=0.003 ISP-F=0.009 MW-L=0.008 MW-F=0.006]
  Mini-Benders[2] (mw): LB=7.280484, Z₀(α*)=15.981499, intercept=-43.376356 (0.167s) [OMP=0.135 ISP-L=0.003 ISP-F=0.009 MW-L=0.010 MW-F=0.006]
  Mini-Benders[3] (mw): LB=7.368971, Z₀(α*)=-53.167674, intercept=-105.404393 (0.150s) [OMP=0.131 ISP-L=0.003 ISP-F=0.008 MW-L=0.011 MW-F=0.007]
  Mini-Benders[4] (mw): LB=7.368971, Z₀(α*)=-53.167674, intercept=-105.404393 (0.167s) [OMP=0.139 ISP-L=0.003 ISP-F=0.008 MW-L=0.008 MW-F=0.009]
  Mini-Benders[5] (mw): LB=7.368971, Z₀(α*)=-53.167674, intercept=-105.404393 (0.166s) [OMP=0.139 ISP-L=0.003 ISP-F=0.008 MW-L=0.008 MW-F=0.009]
  α-step: Z₀=14.459569, α=[0.000,0.000,0.000,0.000,0.000,0.000,0.000,0.000,0.000,0.000,0.000,0.000,0.000,0.000,0.583,0.000,0.000,0.000,0.000,0.000,0.000,0.000,0.000,0.000,0.000,0.000,2.345,0.000,0.000,0.000,0.000,7.774,0.000,0.000,0.000,0.000,0.000,0.000]
  Alt-Benders[1] (mw): LB=7.390413, Z₀(α*)=-4.139724, intercept=-138.803964 (0.151s) [OMP=0.124 ISP-L=0.003 ISP-F=0.008 MW-L=0.010 MW-F=0.006]
  Alt-Benders[2] (mw): LB=7.390413, Z₀(α*)=-4.139724, intercept=-138.803964 (0.167s) [OMP=0.140 ISP-L=0.003 ISP-F=0.008 MW-L=0.010 MW-F=0.007]
  Alt-Benders[3] (mw): LB=7.390413, Z₀(α*)=-4.139724, intercept=-138.803964 (0.166s) [OMP=0.136 ISP-L=0.003 ISP-F=0.009 MW-L=0.008 MW-F=0.009]
  Alt-Benders[4]: LB stagnated, break
  OMP re-solve: 0.000s

=== True-DRO Benders iter 22 ===
  OMP: t₀=7.390413, UB=12.260537, gap=3.97e-01, x=[0, 0, 0, 0, 0, 0, 1, 0, 0, 0, 0, 0, 0, 0, 0, 0, 0, 0, 0, 0, 0, 0, 0, 0, 0, 0, 0, 0, 0, 0, 0, 1, 0, 0, 0, 0, 0, 0] (0.000s)
  Sub: Z₀=12.619008 [LOCAL] (0.2s), α=[0.000,0.000,0.000,0.000,0.000,0.000,0.989,0.000,2.485,0.000,0.000,0.000,0.000,0.000,0.000,0.000,0.000,0.000,0.000,0.000,0.000,0.000,0.000,0.000,0.000,0.000,2.373,0.000,0.000,0.000,0.000,4.855,0.000,0.000,0.000,0.000,0.000,0.000]
  Iter 22: LB=7.390413  UB=12.260537  gap=3.97e-01
  Cut: intercept=-1097.077592, π_x_range=[-825.2742, 568.3515]
  Mini-Benders[1] (mw): LB=7.427447, Z₀(α*)=-26.819914, intercept=-29.386596 (0.166s) [OMP=0.143 ISP-L=0.003 ISP-F=0.008 MW-L=0.007 MW-F=0.007]
  Mini-Benders[2] (mw): LB=7.427447, Z₀(α*)=-26.819914, intercept=-29.386596 (0.167s) [OMP=0.129 ISP-L=0.003 ISP-F=0.008 MW-L=0.010 MW-F=0.006]
  Mini-Benders[3] (mw): LB=7.427447, Z₀(α*)=-26.819914, intercept=-29.386596 (0.151s) [OMP=0.127 ISP-L=0.003 ISP-F=0.008 MW-L=0.009 MW-F=0.007]
  Mini-Benders[4]: LB stagnated, break
  α-step: Z₀=16.029723, α=[0.000,0.000,0.000,0.000,0.000,1.561,0.000,0.000,3.375,0.000,0.000,0.000,0.000,0.000,0.000,0.000,0.000,0.000,0.000,0.000,0.000,5.667,0.000,0.000,0.000,0.000,0.100,0.000,0.000,0.000,0.000,0.000,0.000,0.000,0.000,0.000,0.000,0.000]
  Alt-Benders[1] (mw): LB=7.462776, Z₀(α*)=-23.587567, intercept=-16.049002 (0.146s) [OMP=0.131 ISP-L=0.003 ISP-F=0.008 MW-L=0.008 MW-F=0.009]
  Alt-Benders[2] (mw): LB=7.462776, Z₀(α*)=-23.587567, intercept=-16.049002 (0.169s) [OMP=0.135 ISP-L=0.003 ISP-F=0.008 MW-L=0.007 MW-F=0.007]
  Alt-Benders[3] (mw): LB=7.462776, Z₀(α*)=-23.587567, intercept=-16.049002 (0.168s) [OMP=0.136 ISP-L=0.003 ISP-F=0.008 MW-L=0.010 MW-F=0.007]
  Alt-Benders[4]: LB stagnated, break
  OMP re-solve: 0.000s

=== True-DRO Benders iter 23 ===
  OMP: t₀=7.462776, UB=12.260537, gap=3.91e-01, x=[0, 0, 0, 0, 0, 0, 0, 0, 0, 0, 0, 0, 0, 0, 1, 0, 0, 0, 0, 0, 0, 0, 0, 0, 0, 0, 0, 0, 0, 0, 0, 0, 0, 0, 0, 0, 1, 0] (0.000s)
  Sub: Z₀=16.297378 [LOCAL] (0.2s), α=[0.000,0.000,0.000,0.000,0.000,1.347,0.000,0.000,3.124,0.000,0.000,0.000,0.000,0.000,6.221,0.000,0.000,0.000,0.000,0.000,0.000,0.000,0.000,0.000,0.000,0.000,0.011,0.000,0.000,0.000,0.000,0.000,0.000,0.000,0.000,0.000,0.000,0.000]
  Iter 23: LB=7.462776  UB=12.260537  gap=3.91e-01
  Cut: intercept=-1146.978201, π_x_range=[-830.7632, 585.9441]
  Mini-Benders[1] (mw): LB=7.580993, Z₀(α*)=-10.183741, intercept=-57.265075 (0.167s) [OMP=0.130 ISP-L=0.003 ISP-F=0.008 MW-L=0.007 MW-F=0.009]
  Mini-Benders[2] (mw): LB=7.580993, Z₀(α*)=-10.183741, intercept=-57.265075 (0.166s) [OMP=0.142 ISP-L=0.003 ISP-F=0.009 MW-L=0.007 MW-F=0.009]
  Mini-Benders[3] (mw): LB=7.580993, Z₀(α*)=-10.183741, intercept=-57.265075 (0.167s) [OMP=0.141 ISP-L=0.003 ISP-F=0.008 MW-L=0.008 MW-F=0.007]
  Mini-Benders[4]: LB stagnated, break
  α-step: Z₀=15.033113, α=[0.000,0.000,0.000,0.000,0.000,0.000,0.000,0.000,9.497,0.000,0.000,0.000,0.000,0.000,0.000,0.000,0.000,0.000,0.000,0.000,0.000,0.000,0.000,0.000,0.000,0.000,1.205,0.000,0.000,0.000,0.000,0.000,0.000,0.000,0.000,0.000,0.000,0.000]
  Alt-Benders[1] (mw): LB=7.580993, Z₀(α*)=15.981499, intercept=-33.456759 (0.134s) [OMP=0.120 ISP-L=0.003 ISP-F=0.010 MW-L=0.009 MW-F=0.006]
  Alt-Benders[2] (mw): LB=7.580993, Z₀(α*)=15.981499, intercept=-43.376354 (0.151s) [OMP=0.120 ISP-L=0.003 ISP-F=0.008 MW-L=0.008 MW-F=0.008]
  Alt-Benders[3] (mw): LB=7.605673, Z₀(α*)=13.585921, intercept=-40.709288 (0.151s) [OMP=0.125 ISP-L=0.003 ISP-F=0.009 MW-L=0.007 MW-F=0.006]
  Alt-Benders[4] (mw): LB=7.605673, Z₀(α*)=13.585921, intercept=-58.411106 (0.166s) [OMP=0.126 ISP-L=0.003 ISP-F=0.008 MW-L=0.009 MW-F=0.007]
  Alt-Benders[5] (mw): LB=7.715796, Z₀(α*)=-12.188214, intercept=-33.294563 (0.166s) [OMP=0.136 ISP-L=0.003 ISP-F=0.009 MW-L=0.010 MW-F=0.007]
  OMP re-solve: 0.123s

=== True-DRO Benders iter 24 ===
  OMP: t₀=7.715796, UB=12.260537, gap=3.71e-01, x=[0, 0, 0, 0, 0, 0, 0, 0, 0, 0, 0, 0, 0, 0, 0, 0, 0, 0, 0, 0, 0, 0, 0, 0, 0, 0, 1, 1, 0, 0, 0, 0, 0, 0, 0, 0, 0, 0] (0.000s)
  Sub: Z₀=17.617407 [LOCAL] (0.2s), α=[0.000,0.000,0.000,0.000,0.000,0.276,0.000,0.000,3.703,0.000,0.000,0.000,0.000,0.000,0.000,0.000,0.000,0.000,0.000,0.000,0.000,0.000,0.000,0.000,0.000,0.000,6.723,0.000,0.000,0.000,0.000,0.000,0.000,0.000,0.000,0.000,0.000,0.000]
  Iter 24: LB=7.715796  UB=12.260537  gap=3.71e-01
  Cut: intercept=-1157.919048, π_x_range=[-830.9573, 595.0157]
  Mini-Benders[1] (mw): LB=7.828205, Z₀(α*)=-11.670487, intercept=-101.637211 (0.167s) [OMP=0.125 ISP-L=0.003 ISP-F=0.008 MW-L=0.008 MW-F=0.009]
  Mini-Benders[2] (mw): LB=7.828205, Z₀(α*)=-11.670487, intercept=-101.637211 (0.151s) [OMP=0.137 ISP-L=0.003 ISP-F=0.008 MW-L=0.007 MW-F=0.007]
  Mini-Benders[3] (mw): LB=7.828205, Z₀(α*)=-11.670487, intercept=-101.637211 (0.166s) [OMP=0.136 ISP-L=0.003 ISP-F=0.008 MW-L=0.010 MW-F=0.007]
  Mini-Benders[4]: LB stagnated, break
  α-step: Z₀=14.423307, α=[0.000,0.000,0.000,0.000,0.000,0.000,0.000,0.000,0.131,0.000,0.000,0.000,0.000,0.000,0.000,0.000,0.000,0.000,0.000,0.000,0.000,0.000,0.000,0.000,0.000,0.000,4.626,0.000,0.000,0.000,0.000,5.945,0.000,0.000,0.000,0.000,0.000,0.000]
  Alt-Benders[1] (mw): LB=7.877050, Z₀(α*)=-40.464418, intercept=-50.931880 (0.143s) [OMP=0.126 ISP-L=0.003 ISP-F=0.008 MW-L=0.007 MW-F=0.008]
  Alt-Benders[2] (mw): LB=7.877050, Z₀(α*)=-40.464418, intercept=-50.931880 (0.153s) [OMP=0.121 ISP-L=0.003 ISP-F=0.008 MW-L=0.007 MW-F=0.008]
  Alt-Benders[3] (mw): LB=7.877050, Z₀(α*)=-40.464418, intercept=-50.931880 (0.153s) [OMP=0.121 ISP-L=0.003 ISP-F=0.008 MW-L=0.007 MW-F=0.007]
  Alt-Benders[4]: LB stagnated, break
  OMP re-solve: 0.000s

=== True-DRO Benders iter 25 ===
  OMP: t₀=7.877050, UB=12.260537, gap=3.58e-01, x=[0, 0, 0, 0, 0, 0, 0, 0, 0, 0, 0, 0, 0, 0, 0, 0, 0, 0, 0, 0, 0, 1, 0, 0, 0, 0, 0, 1, 0, 0, 0, 0, 0, 0, 0, 0, 0, 0] (0.000s)
  Sub: Z₀=15.256135 (1.3s), α=[0.000,0.000,0.000,0.000,0.000,0.000,0.000,0.000,6.341,0.000,0.000,0.000,0.000,0.000,0.000,0.000,0.000,0.000,0.000,0.000,0.000,2.701,0.000,0.000,0.000,0.000,1.661,0.000,0.000,0.000,0.000,0.000,0.000,0.000,0.000,0.000,0.000,0.000]
  Iter 25: LB=7.877050  UB=12.260537  gap=3.58e-01
  Cut: intercept=-66.987338, π_x_range=[-275.0000, 47.8791]
  Sherali-Cut: intercept=-46.705060, π_x_range=[-121.4757, 47.0269]
  Mini-Benders[1] (mw): LB=7.903236, Z₀(α*)=-5.969631, intercept=-13.391514 (0.167s) [OMP=0.142 ISP-L=0.004 ISP-F=0.010 MW-L=0.008 MW-F=0.008]
  Mini-Benders[2] (mw): LB=7.903236, Z₀(α*)=-5.969631, intercept=-13.391514 (0.151s) [OMP=0.125 ISP-L=0.003 ISP-F=0.009 MW-L=0.008 MW-F=0.008]
  Mini-Benders[3] (mw): LB=7.903236, Z₀(α*)=-5.969631, intercept=-13.391514 (0.150s) [OMP=0.123 ISP-L=0.003 ISP-F=0.009 MW-L=0.008 MW-F=0.006]
  Mini-Benders[4]: LB stagnated, break
  α-step: Z₀=18.782733, α=[0.000,0.000,0.000,0.000,0.000,0.000,0.000,0.000,5.685,0.000,0.000,0.000,0.000,0.000,0.182,0.000,0.000,0.000,0.000,0.000,0.000,0.000,0.000,0.000,0.000,0.000,4.835,0.000,0.000,0.000,0.000,0.000,0.000,0.000,0.000,0.000,0.000,0.000]
  Alt-Benders[1] (mw): LB=7.966099, Z₀(α*)=-0.343297, intercept=-38.772418 (0.149s) [OMP=0.132 ISP-L=0.003 ISP-F=0.009 MW-L=0.008 MW-F=0.007]
  Alt-Benders[2] (mw): LB=7.966099, Z₀(α*)=-0.343297, intercept=-38.772418 (0.166s) [OMP=0.128 ISP-L=0.003 ISP-F=0.009 MW-L=0.007 MW-F=0.009]
  Alt-Benders[3] (mw): LB=7.966099, Z₀(α*)=-0.343297, intercept=-38.772418 (0.151s) [OMP=0.135 ISP-L=0.004 ISP-F=0.009 MW-L=0.007 MW-F=0.007]
  Alt-Benders[4]: LB stagnated, break
  OMP re-solve: 0.000s

=== True-DRO Benders iter 26 ===
  OMP: t₀=7.966099, UB=12.260537, gap=3.50e-01, x=[0, 0, 0, 0, 0, 0, 1, 0, 0, 0, 0, 0, 0, 0, 0, 0, 0, 0, 0, 0, 0, 0, 0, 0, 0, 0, 0, 0, 0, 0, 0, 0, 0, 0, 0, 0, 1, 0] (0.000s)
  Sub: Z₀=16.381422 [LOCAL] (0.2s), α=[0.000,0.000,0.000,0.000,0.000,0.811,5.667,0.000,3.211,0.000,0.000,0.000,0.000,0.000,0.000,0.000,0.000,0.000,0.000,0.000,0.000,0.000,0.000,0.000,0.000,0.000,1.014,0.000,0.000,0.000,0.000,0.000,0.000,0.000,0.000,0.000,0.000,0.000]
  Iter 26: LB=7.966099  UB=12.260537  gap=3.50e-01
  Cut: intercept=-1123.152481, π_x_range=[-830.5814, 575.3103]
  Mini-Benders[1] (mw): LB=8.027165, Z₀(α*)=-60.505095, intercept=-174.019583 (0.173s) [OMP=0.137 ISP-L=0.003 ISP-F=0.008 MW-L=0.010 MW-F=0.007]
  Mini-Benders[2] (mw): LB=8.027165, Z₀(α*)=-60.505095, intercept=-174.019583 (0.166s) [OMP=0.134 ISP-L=0.003 ISP-F=0.008 MW-L=0.008 MW-F=0.009]
  Mini-Benders[3] (mw): LB=8.027165, Z₀(α*)=-60.505095, intercept=-174.019583 (0.151s) [OMP=0.132 ISP-L=0.003 ISP-F=0.008 MW-L=0.008 MW-F=0.009]
  Mini-Benders[4]: LB stagnated, break
  α-step: Z₀=10.321173, α=[0.000,0.000,0.000,0.000,0.000,0.000,0.000,0.000,0.000,0.000,0.000,0.000,0.000,0.000,0.000,0.000,0.000,0.000,0.000,0.000,0.000,3.796,0.000,0.000,6.906,0.000,0.000,0.000,0.000,0.000,0.000,0.000,0.000,0.000,0.000,0.000,0.000,0.000]
  Alt-Benders[1] (mw): LB=8.104546, Z₀(α*)=-40.775390, intercept=-58.999187 (0.152s) [OMP=0.130 ISP-L=0.003 ISP-F=0.008 MW-L=0.009 MW-F=0.007]
  Alt-Benders[2] (mw): LB=8.104546, Z₀(α*)=-40.775390, intercept=-58.999187 (0.166s) [OMP=0.133 ISP-L=0.003 ISP-F=0.008 MW-L=0.010 MW-F=0.007]
  Alt-Benders[3] (mw): LB=8.104546, Z₀(α*)=-40.775390, intercept=-58.999187 (0.172s) [OMP=0.140 ISP-L=0.003 ISP-F=0.008 MW-L=0.007 MW-F=0.010]
  Alt-Benders[4]: LB stagnated, break
  OMP re-solve: 0.000s

=== True-DRO Benders iter 27 ===
  OMP: t₀=8.104546, UB=12.260537, gap=3.39e-01, x=[0, 0, 0, 0, 0, 0, 0, 0, 0, 0, 0, 0, 0, 0, 1, 0, 0, 0, 0, 0, 0, 1, 0, 0, 0, 0, 0, 0, 0, 0, 0, 0, 0, 0, 0, 0, 0, 0] (0.000s)
  Sub: Z₀=14.679147 [LOCAL] (0.2s), α=[0.000,0.000,0.000,0.000,0.000,0.473,0.000,0.000,9.214,0.000,0.000,0.000,0.000,0.000,0.296,0.000,0.000,0.000,0.000,0.005,0.000,0.296,0.000,0.000,0.000,0.000,0.419,0.000,0.000,0.000,0.000,0.000,0.000,0.000,0.000,0.000,0.000,0.000]
  Iter 27: LB=8.104546  UB=12.260537  gap=3.39e-01
  Cut: intercept=-1134.402167, π_x_range=[-831.0183, 582.6691]
  Mini-Benders[1] (mw): LB=8.121401, Z₀(α*)=-5.502254, intercept=-56.272038 (0.167s) [OMP=0.130 ISP-L=0.003 ISP-F=0.009 MW-L=0.007 MW-F=0.006]
  Mini-Benders[2] (mw): LB=8.121401, Z₀(α*)=-5.502254, intercept=-56.272038 (0.166s) [OMP=0.132 ISP-L=0.003 ISP-F=0.008 MW-L=0.010 MW-F=0.006]
  Mini-Benders[3] (mw): LB=8.121401, Z₀(α*)=-5.502254, intercept=-56.272038 (0.151s) [OMP=0.131 ISP-L=0.003 ISP-F=0.009 MW-L=0.010 MW-F=0.006]
  Mini-Benders[4]: LB stagnated, break
  α-step: Z₀=15.780133, α=[0.000,0.000,0.000,0.000,0.000,1.630,0.000,0.000,3.406,0.000,0.000,0.000,0.000,0.000,0.000,0.000,0.000,0.000,0.000,0.000,0.000,5.667,0.000,0.000,0.000,0.000,0.000,0.000,0.000,0.000,0.000,0.000,0.000,0.000,0.000,0.000,0.000,0.000]
  Alt-Benders[1] (mw): LB=8.134784, Z₀(α*)=-21.334222, intercept=-47.382332 (0.166s) [OMP=0.145 ISP-L=0.003 ISP-F=0.008 MW-L=0.008 MW-F=0.009]
  Alt-Benders[2] (mw): LB=8.134784, Z₀(α*)=-21.334222, intercept=-47.382332 (0.151s) [OMP=0.119 ISP-L=0.003 ISP-F=0.007 MW-L=0.008 MW-F=0.007]
  Alt-Benders[3] (mw): LB=8.134784, Z₀(α*)=-21.334222, intercept=-47.382332 (0.151s) [OMP=0.126 ISP-L=0.003 ISP-F=0.008 MW-L=0.010 MW-F=0.007]
  Alt-Benders[4]: LB stagnated, break
  OMP re-solve: 0.000s

=== True-DRO Benders iter 28 ===
  OMP: t₀=8.134784, UB=12.260537, gap=3.37e-01, x=[0, 0, 0, 0, 0, 0, 0, 0, 0, 0, 0, 0, 0, 0, 1, 0, 0, 0, 0, 0, 0, 0, 0, 0, 0, 0, 0, 1, 0, 0, 0, 0, 0, 0, 0, 0, 0, 0] (0.000s)
  Sub: Z₀=15.651252 [LOCAL] (0.2s), α=[0.000,0.000,0.000,0.000,0.000,0.000,0.000,0.000,5.685,0.000,0.000,0.000,0.000,0.000,2.900,0.000,0.000,0.000,0.000,0.000,0.000,0.000,0.000,0.000,0.000,0.000,2.118,0.000,0.000,0.000,0.000,0.000,0.000,0.000,0.000,0.000,0.000,0.000]
  Iter 28: LB=8.134784  UB=12.260537  gap=3.37e-01
  Cut: intercept=-1148.158463, π_x_range=[-830.4202, 587.2113]
  Mini-Benders[1] (mw): LB=8.156730, Z₀(α*)=7.468367, intercept=-38.103897 (0.166s) [OMP=0.137 ISP-L=0.003 ISP-F=0.009 MW-L=0.007 MW-F=0.008]
  Mini-Benders[2] (mw): LB=8.156730, Z₀(α*)=7.468367, intercept=-38.103897 (0.167s) [OMP=0.126 ISP-L=0.003 ISP-F=0.009 MW-L=0.007 MW-F=0.009]
  Mini-Benders[3] (mw): LB=8.156730, Z₀(α*)=7.468367, intercept=-38.103897 (0.135s) [OMP=0.122 ISP-L=0.003 ISP-F=0.009 MW-L=0.007 MW-F=0.006]
  Mini-Benders[4]: LB stagnated, break
  α-step: Z₀=15.906979, α=[0.000,0.000,0.000,0.000,0.000,1.354,0.000,0.000,3.131,0.000,0.000,0.000,0.000,0.000,6.217,0.000,0.000,0.000,0.000,0.000,0.000,0.000,0.000,0.000,0.000,0.000,0.000,0.000,0.000,0.000,0.000,0.000,0.000,0.000,0.000,0.000,0.000,0.000]
  Alt-Benders[1] (mw): LB=8.162446, Z₀(α*)=-24.321388, intercept=-42.236884 (0.158s) [OMP=0.140 ISP-L=0.003 ISP-F=0.008 MW-L=0.008 MW-F=0.009]
  Alt-Benders[2] (mw): LB=8.162446, Z₀(α*)=-24.321388, intercept=-42.236884 (0.166s) [OMP=0.140 ISP-L=0.003 ISP-F=0.008 MW-L=0.008 MW-F=0.009]
  Alt-Benders[3] (mw): LB=8.162446, Z₀(α*)=-24.321388, intercept=-42.236884 (0.166s) [OMP=0.149 ISP-L=0.003 ISP-F=0.008 MW-L=0.008 MW-F=0.007]
  Alt-Benders[4]: LB stagnated, break
  OMP re-solve: 0.000s

=== True-DRO Benders iter 29 ===
  OMP: t₀=8.162446, UB=12.260537, gap=3.34e-01, x=[0, 0, 1, 0, 0, 0, 0, 0, 0, 0, 0, 0, 0, 0, 0, 0, 0, 0, 0, 0, 0, 1, 0, 0, 0, 0, 0, 0, 0, 0, 0, 0, 0, 0, 0, 0, 0, 0] (0.000s)
  Sub: Z₀=15.882274 [LOCAL] (0.2s), α=[0.000,0.000,0.000,0.000,0.000,1.630,0.000,0.000,3.406,0.000,0.000,0.000,0.000,0.000,0.000,0.000,0.000,0.000,0.000,0.000,0.000,5.667,0.000,0.000,0.000,0.000,0.000,0.000,0.000,0.000,0.000,0.000,0.000,0.000,0.000,0.000,0.000,0.000]
  Iter 29: LB=8.162446  UB=12.260537  gap=3.34e-01
  Cut: intercept=-1146.877955, π_x_range=[-832.1658, 590.7375]
  Mini-Benders[1] (mw): LB=8.197775, Z₀(α*)=-21.771145, intercept=-24.949373 (0.166s) [OMP=0.142 ISP-L=0.003 ISP-F=0.009 MW-L=0.010 MW-F=0.006]
  Mini-Benders[2] (mw): LB=8.197775, Z₀(α*)=-21.771145, intercept=-24.949373 (0.167s) [OMP=0.140 ISP-L=0.003 ISP-F=0.009 MW-L=0.008 MW-F=0.009]
  Mini-Benders[3] (mw): LB=8.197775, Z₀(α*)=-21.771145, intercept=-24.949373 (0.166s) [OMP=0.140 ISP-L=0.003 ISP-F=0.008 MW-L=0.008 MW-F=0.009]
  Mini-Benders[4]: LB stagnated, break
  α-step: Z₀=15.462100, α=[0.000,0.000,0.000,0.000,0.000,1.354,0.000,0.000,3.131,0.000,0.000,0.000,0.000,0.000,6.217,0.000,0.000,0.000,0.000,0.000,0.000,0.000,0.000,0.000,0.000,0.000,0.000,0.000,0.000,0.000,0.000,0.000,0.000,0.000,0.000,0.000,0.000,0.000]
  Alt-Benders[1] (mw): LB=8.210572, Z₀(α*)=-27.209638, intercept=-98.892455 (0.157s) [OMP=0.133 ISP-L=0.003 ISP-F=0.008 MW-L=0.011 MW-F=0.007]
  Alt-Benders[2] (mw): LB=8.210572, Z₀(α*)=-27.209638, intercept=-98.892455 (0.151s) [OMP=0.127 ISP-L=0.003 ISP-F=0.008 MW-L=0.010 MW-F=0.007]
  Alt-Benders[3] (mw): LB=8.210572, Z₀(α*)=-27.209638, intercept=-98.892455 (0.166s) [OMP=0.129 ISP-L=0.003 ISP-F=0.009 MW-L=0.008 MW-F=0.009]
  Alt-Benders[4]: LB stagnated, break
  OMP re-solve: 0.000s

=== True-DRO Benders iter 30 ===
  OMP: t₀=8.210572, UB=12.260537, gap=3.30e-01, x=[0, 0, 0, 0, 0, 0, 0, 0, 0, 0, 0, 0, 0, 0, 0, 0, 0, 0, 0, 0, 0, 1, 0, 0, 0, 0, 0, 0, 0, 0, 0, 0, 1, 0, 0, 0, 0, 0] (0.000s)
  Sub: Z₀=13.666430 [TIME_LIMIT] (15.0s), α=[0.000,0.000,0.000,0.000,0.000,0.000,0.000,0.000,2.183,0.000,0.000,0.000,0.000,0.000,0.000,0.000,0.000,0.000,0.000,0.000,0.000,4.755,0.000,0.000,0.000,0.000,0.000,0.000,0.000,0.000,0.000,0.000,3.525,0.240,0.000,0.000,0.000,0.000]
  Iter 30: LB=8.210572  UB=12.260537  gap=3.30e-01
  Cut: intercept=-100.535340, π_x_range=[-218.1189, 69.3112]
  Mini-Benders[1] (mw): LB=8.256693, Z₀(α*)=-13.764009, intercept=-95.097206 (0.198s) [OMP=0.164 ISP-L=0.004 ISP-F=0.008 MW-L=0.007 MW-F=0.008]
  Mini-Benders[2] (mw): LB=8.256693, Z₀(α*)=-13.764009, intercept=-95.097206 (0.182s) [OMP=0.150 ISP-L=0.003 ISP-F=0.008 MW-L=0.009 MW-F=0.007]
  Mini-Benders[3] (mw): LB=8.256693, Z₀(α*)=-13.764009, intercept=-95.097206 (0.183s) [OMP=0.148 ISP-L=0.003 ISP-F=0.008 MW-L=0.009 MW-F=0.007]
  Mini-Benders[4]: LB stagnated, break
  α-step: Z₀=13.605420, α=[0.000,0.000,0.000,0.000,0.000,0.000,4.232,0.000,3.057,0.000,0.000,0.000,0.000,0.000,0.000,0.000,0.000,0.000,0.000,0.000,0.000,0.000,0.000,0.000,0.000,0.000,0.000,0.000,0.000,0.000,0.000,0.000,3.414,0.000,0.000,0.000,0.000,0.000]
  Alt-Benders[1] (mw): LB=8.299782, Z₀(α*)=-32.058734, intercept=-191.949400 (0.164s) [OMP=0.145 ISP-L=0.004 ISP-F=0.009 MW-L=0.007 MW-F=0.007]
  Alt-Benders[2] (mw): LB=8.299782, Z₀(α*)=-32.058734, intercept=-191.949400 (0.182s) [OMP=0.154 ISP-L=0.003 ISP-F=0.008 MW-L=0.010 MW-F=0.007]
  Alt-Benders[3] (mw): LB=8.299782, Z₀(α*)=-32.058734, intercept=-191.949400 (0.182s) [OMP=0.146 ISP-L=0.003 ISP-F=0.008 MW-L=0.010 MW-F=0.007]
  Alt-Benders[4]: LB stagnated, break
  OMP re-solve: 0.000s

=== True-DRO Benders iter 31 ===
  OMP: t₀=8.299782, UB=12.260537, gap=3.23e-01, x=[0, 0, 0, 0, 0, 0, 1, 0, 0, 0, 0, 0, 0, 0, 0, 0, 0, 0, 0, 0, 0, 0, 0, 0, 1, 0, 0, 0, 0, 0, 0, 0, 0, 0, 0, 0, 0, 0] (0.000s)
  Sub: Z₀=8.299782 [LOCAL] (0.2s), α=[0.000,0.000,0.000,0.000,0.000,0.000,3.796,0.000,0.000,0.000,0.000,0.000,0.000,0.000,0.000,0.000,0.000,0.000,0.000,0.000,0.000,0.000,0.000,0.000,6.906,0.000,0.000,0.000,0.000,0.000,0.000,0.000,0.000,0.000,0.000,0.000,0.000,0.000]
  Iter 31: LB=8.299782  UB=12.260537  gap=3.23e-01
  Cut: intercept=-1112.740810, π_x_range=[-827.6673, 572.2715]
  Mini-Benders[1] (mw): LB=8.299782, Z₀(α*)=11.079807, intercept=-192.256376 (0.166s) [OMP=0.145 ISP-L=0.003 ISP-F=0.008 MW-L=0.007 MW-F=0.008]
  Mini-Benders[2] (mw): LB=8.332784, Z₀(α*)=-19.697019, intercept=-151.130975 (0.182s) [OMP=0.151 ISP-L=0.003 ISP-F=0.008 MW-L=0.008 MW-F=0.007]
  Mini-Benders[3] (mw): LB=8.332784, Z₀(α*)=-19.697019, intercept=-151.130975 (0.182s) [OMP=0.144 ISP-L=0.003 ISP-F=0.008 MW-L=0.010 MW-F=0.007]
  Mini-Benders[4] (mw): LB=8.332784, Z₀(α*)=-19.697019, intercept=-151.130975 (0.182s) [OMP=0.153 ISP-L=0.003 ISP-F=0.009 MW-L=0.010 MW-F=0.007]
  Mini-Benders[5]: LB stagnated, break
  α-step: Z₀=11.345433, α=[0.000,0.000,0.000,0.000,0.000,0.000,0.000,0.000,0.000,0.000,0.000,0.000,0.000,0.000,4.845,0.000,0.000,0.000,0.000,0.000,0.000,0.000,0.000,0.000,5.858,0.000,0.000,0.000,0.000,0.000,0.000,0.000,0.000,0.000,0.000,0.000,0.000,0.000]
  Alt-Benders[1] (mw): LB=8.351582, Z₀(α*)=-51.976578, intercept=-96.588847 (0.159s) [OMP=0.146 ISP-L=0.003 ISP-F=0.008 MW-L=0.007 MW-F=0.009]
  Alt-Benders[2] (mw): LB=8.351582, Z₀(α*)=-51.976578, intercept=-96.588847 (0.167s) [OMP=0.139 ISP-L=0.003 ISP-F=0.009 MW-L=0.007 MW-F=0.007]
  Alt-Benders[3] (mw): LB=8.351582, Z₀(α*)=-51.976578, intercept=-96.588847 (0.182s) [OMP=0.140 ISP-L=0.003 ISP-F=0.008 MW-L=0.010 MW-F=0.007]
  Alt-Benders[4]: LB stagnated, break
  OMP re-solve: 0.000s

=== True-DRO Benders iter 32 ===
  OMP: t₀=8.351582, UB=12.260537, gap=3.19e-01, x=[0, 0, 0, 0, 0, 0, 1, 0, 0, 0, 0, 0, 0, 0, 0, 0, 0, 0, 0, 0, 0, 0, 0, 0, 0, 0, 0, 1, 0, 0, 0, 0, 0, 0, 0, 0, 0, 0] (0.000s)
  Sub: Z₀=16.132642 [LOCAL] (0.1s), α=[0.000,0.000,0.000,0.000,0.000,0.008,2.427,0.000,5.941,0.000,0.000,0.000,0.000,0.000,0.000,0.000,0.000,0.000,0.000,0.000,0.000,0.000,0.000,0.000,0.000,0.000,2.327,0.000,0.000,0.000,0.000,0.000,0.000,0.000,0.000,0.000,0.000,0.000]
  Iter 32: LB=8.351582  UB=12.260537  gap=3.19e-01
  Cut: intercept=-1128.070800, π_x_range=[-830.4017, 575.9810]
  Mini-Benders[1] (mw): LB=8.386711, Z₀(α*)=8.696936, intercept=-67.584598 (0.182s) [OMP=0.144 ISP-L=0.003 ISP-F=0.010 MW-L=0.008 MW-F=0.008]
  Mini-Benders[2] (mw): LB=8.418108, Z₀(α*)=-37.228834, intercept=-89.272856 (0.151s) [OMP=0.133 ISP-L=0.003 ISP-F=0.008 MW-L=0.007 MW-F=0.007]
  Mini-Benders[3] (mw): LB=8.418108, Z₀(α*)=-37.228834, intercept=-89.272856 (0.182s) [OMP=0.144 ISP-L=0.003 ISP-F=0.009 MW-L=0.010 MW-F=0.007]
  Mini-Benders[4] (mw): LB=8.418108, Z₀(α*)=-37.228834, intercept=-89.272856 (0.166s) [OMP=0.136 ISP-L=0.003 ISP-F=0.008 MW-L=0.009 MW-F=0.007]
  Mini-Benders[5]: LB stagnated, break
  α-step: Z₀=15.234688, α=[0.000,0.000,0.000,0.000,0.000,0.000,0.000,0.000,0.596,0.000,0.000,0.000,0.000,0.000,1.816,0.000,0.000,0.000,0.000,0.000,0.000,0.000,0.000,0.000,0.000,0.000,1.026,0.000,0.000,0.000,0.000,0.000,7.265,0.000,0.000,0.000,0.000,0.000]
  Alt-Benders[1] (mw): LB=8.427756, Z₀(α*)=-40.093539, intercept=-55.101395 (0.172s) [OMP=0.155 ISP-L=0.003 ISP-F=0.009 MW-L=0.008 MW-F=0.008]
  Alt-Benders[2] (mw): LB=8.427756, Z₀(α*)=-40.093539, intercept=-55.101395 (0.182s) [OMP=0.143 ISP-L=0.003 ISP-F=0.009 MW-L=0.008 MW-F=0.006]
  Alt-Benders[3] (mw): LB=8.427756, Z₀(α*)=-40.093539, intercept=-55.101395 (0.166s) [OMP=0.140 ISP-L=0.003 ISP-F=0.009 MW-L=0.011 MW-F=0.006]
  Alt-Benders[4]: LB stagnated, break
  OMP re-solve: 0.000s

=== True-DRO Benders iter 33 ===
  OMP: t₀=8.427756, UB=12.260537, gap=3.13e-01, x=[0, 0, 1, 0, 0, 0, 1, 0, 0, 0, 0, 0, 0, 0, 0, 0, 0, 0, 0, 0, 0, 0, 0, 0, 0, 0, 0, 0, 0, 0, 0, 0, 0, 0, 0, 0, 0, 0] (0.000s)
  Sub: Z₀=16.098869 [LOCAL] (0.1s), α=[0.000,0.000,0.000,0.000,0.000,1.630,5.667,0.000,3.406,0.000,0.000,0.000,0.000,0.000,0.000,0.000,0.000,0.000,0.000,0.000,0.000,0.000,0.000,0.000,0.000,0.000,0.000,0.000,0.000,0.000,0.000,0.000,0.000,0.000,0.000,0.000,0.000,0.000]
  Iter 33: LB=8.427756  UB=12.260537  gap=3.13e-01
  Cut: intercept=-1140.329994, π_x_range=[-832.1775, 590.7375]
  Mini-Benders[1] (mw): LB=8.442388, Z₀(α*)=-17.233028, intercept=-28.986193 (0.182s) [OMP=0.144 ISP-L=0.003 ISP-F=0.008 MW-L=0.007 MW-F=0.009]
  Mini-Benders[2] (mw): LB=8.442388, Z₀(α*)=-17.233028, intercept=-28.986193 (0.167s) [OMP=0.141 ISP-L=0.003 ISP-F=0.008 MW-L=0.007 MW-F=0.008]
  Mini-Benders[3] (mw): LB=8.442388, Z₀(α*)=-17.233028, intercept=-28.986193 (0.182s) [OMP=0.150 ISP-L=0.003 ISP-F=0.008 MW-L=0.007 MW-F=0.007]
  Mini-Benders[4]: LB stagnated, break
  α-step: Z₀=15.320311, α=[0.000,0.000,0.000,0.000,0.000,2.006,0.000,0.000,3.782,0.000,0.000,0.000,0.000,0.000,3.273,0.000,0.000,0.000,0.000,0.000,0.000,0.000,0.000,0.000,0.000,0.000,1.642,0.000,0.000,0.000,0.000,0.000,0.000,0.000,0.000,0.000,0.000,0.000]
  Alt-Benders[1] (mw): LB=8.450554, Z₀(α*)=-15.153410, intercept=-27.518709 (0.150s) [OMP=0.135 ISP-L=0.003 ISP-F=0.008 MW-L=0.009 MW-F=0.006]
  Alt-Benders[2] (mw): LB=8.450554, Z₀(α*)=-15.153410, intercept=-27.518709 (0.166s) [OMP=0.134 ISP-L=0.003 ISP-F=0.009 MW-L=0.007 MW-F=0.009]
  Alt-Benders[3] (mw): LB=8.450554, Z₀(α*)=-15.153410, intercept=-27.518709 (0.151s) [OMP=0.120 ISP-L=0.003 ISP-F=0.009 MW-L=0.007 MW-F=0.007]
  Alt-Benders[4]: LB stagnated, break
  OMP re-solve: 0.000s

=== True-DRO Benders iter 34 ===
  OMP: t₀=8.450554, UB=12.260537, gap=3.11e-01, x=[0, 0, 0, 0, 0, 0, 0, 0, 0, 0, 0, 1, 0, 0, 0, 0, 0, 0, 0, 0, 0, 1, 0, 0, 0, 0, 0, 0, 0, 0, 0, 0, 0, 0, 0, 0, 0, 0] (0.000s)
  Sub: Z₀=16.142107 [LOCAL] (0.2s), α=[0.000,0.000,0.000,0.000,0.000,1.009,0.000,0.000,3.232,0.000,0.000,0.000,0.000,0.000,0.000,0.000,0.000,0.000,0.000,0.000,0.000,5.810,0.000,0.000,0.000,0.000,0.651,0.000,0.000,0.000,0.000,0.000,0.000,0.000,0.000,0.000,0.000,0.000]
  Iter 34: LB=8.450554  UB=12.260537  gap=3.11e-01
  Cut: intercept=-1132.890249, π_x_range=[-830.2477, 578.9023]
  Mini-Benders[1] (mw): LB=8.476785, Z₀(α*)=-8.946106, intercept=-22.244092 (0.182s) [OMP=0.146 ISP-L=0.003 ISP-F=0.009 MW-L=0.009 MW-F=0.007]
  Mini-Benders[2] (mw): LB=8.476785, Z₀(α*)=-8.946106, intercept=-22.244092 (0.182s) [OMP=0.152 ISP-L=0.003 ISP-F=0.009 MW-L=0.007 MW-F=0.009]
  Mini-Benders[3] (mw): LB=8.476785, Z₀(α*)=-8.946106, intercept=-22.244092 (0.166s) [OMP=0.150 ISP-L=0.003 ISP-F=0.008 MW-L=0.007 MW-F=0.009]
  Mini-Benders[4]: LB stagnated, break
  α-step: Z₀=19.396178, α=[0.000,0.000,0.000,0.000,0.000,2.361,0.000,0.000,3.928,0.000,0.000,0.000,0.000,0.000,1.939,0.000,0.000,0.000,0.000,0.000,0.000,0.000,0.000,0.000,0.000,0.000,2.474,0.000,0.000,0.000,0.000,0.000,0.000,0.000,0.000,0.000,0.000,0.000]
  Alt-Benders[1] (mw): LB=8.485882, Z₀(α*)=2.910291, intercept=-13.326956 (0.160s) [OMP=0.142 ISP-L=0.004 ISP-F=0.009 MW-L=0.010 MW-F=0.007]
  Alt-Benders[2] (mw): LB=8.485882, Z₀(α*)=2.910291, intercept=-13.326956 (0.166s) [OMP=0.131 ISP-L=0.003 ISP-F=0.009 MW-L=0.010 MW-F=0.007]
  Alt-Benders[3] (mw): LB=8.485882, Z₀(α*)=2.910291, intercept=-13.326956 (0.167s) [OMP=0.131 ISP-L=0.003 ISP-F=0.010 MW-L=0.008 MW-F=0.009]
  Alt-Benders[4]: LB stagnated, break
  OMP re-solve: 0.000s

=== True-DRO Benders iter 35 ===
  OMP: t₀=8.485882, UB=12.260537, gap=3.08e-01, x=[0, 0, 0, 0, 0, 0, 0, 0, 0, 0, 0, 1, 0, 0, 1, 0, 0, 0, 0, 0, 0, 0, 0, 0, 0, 0, 0, 0, 0, 0, 0, 0, 0, 0, 0, 0, 0, 0] (0.000s)
  Sub: Z₀=16.297381 (0.6s), α=[0.000,0.000,0.000,0.000,0.000,1.347,0.000,0.000,3.124,0.000,0.000,0.000,0.000,0.000,6.221,0.000,0.000,0.000,0.000,0.000,0.000,0.000,0.000,0.000,0.000,0.000,0.011,0.000,0.000,0.000,0.000,0.000,0.000,0.000,0.000,0.000,0.000,0.000]
  Iter 35: LB=8.485882  UB=12.260537  gap=3.08e-01
  Cut: intercept=-26.640840, π_x_range=[-272.0321, 32.6057]
  Sherali-Cut: intercept=-16.024234, π_x_range=[-102.4550, 32.3216]
  Mini-Benders[1] (mw): LB=8.508560, Z₀(α*)=-17.652203, intercept=-56.557283 (0.167s) [OMP=0.144 ISP-L=0.003 ISP-F=0.009 MW-L=0.010 MW-F=0.007]
  Mini-Benders[2] (mw): LB=8.508560, Z₀(α*)=-17.652203, intercept=-56.557283 (0.182s) [OMP=0.148 ISP-L=0.003 ISP-F=0.008 MW-L=0.008 MW-F=0.008]
  Mini-Benders[3] (mw): LB=8.508560, Z₀(α*)=-17.652203, intercept=-56.557283 (0.182s) [OMP=0.145 ISP-L=0.003 ISP-F=0.008 MW-L=0.008 MW-F=0.009]
  Mini-Benders[4]: LB stagnated, break
  α-step: Z₀=15.257748, α=[0.000,0.000,0.000,0.000,0.000,2.108,2.856,0.000,4.616,0.000,0.000,0.000,0.000,0.000,0.000,0.000,0.000,0.000,0.000,0.000,0.000,0.000,0.000,0.000,0.000,0.000,1.123,0.000,0.000,0.000,0.000,0.000,0.000,0.000,0.000,0.000,0.000,0.000]
  Alt-Benders[1] (mw): LB=8.513034, Z₀(α*)=-36.968807, intercept=-48.408508 (0.163s) [OMP=0.147 ISP-L=0.003 ISP-F=0.009 MW-L=0.010 MW-F=0.007]
  Alt-Benders[2] (mw): LB=8.513034, Z₀(α*)=-36.968807, intercept=-48.408508 (0.166s) [OMP=0.150 ISP-L=0.003 ISP-F=0.008 MW-L=0.008 MW-F=0.008]
  Alt-Benders[3] (mw): LB=8.513034, Z₀(α*)=-36.968807, intercept=-48.408508 (0.198s) [OMP=0.157 ISP-L=0.003 ISP-F=0.009 MW-L=0.008 MW-F=0.009]
  Alt-Benders[4]: LB stagnated, break
  OMP re-solve: 0.000s

=== True-DRO Benders iter 36 ===
  OMP: t₀=8.513034, UB=12.260537, gap=3.06e-01, x=[0, 0, 0, 0, 0, 1, 0, 0, 0, 0, 0, 0, 0, 0, 0, 0, 0, 0, 0, 0, 0, 0, 0, 0, 0, 0, 0, 0, 0, 0, 1, 0, 0, 0, 0, 0, 0, 0] (0.000s)
  Sub: Z₀=13.978962 [LOCAL] (0.1s), α=[0.000,0.000,0.000,0.000,0.000,8.149,0.000,0.000,0.000,0.000,0.000,0.000,0.000,0.000,0.312,0.000,0.000,0.000,0.000,0.000,0.000,0.000,0.000,0.000,0.000,0.000,2.241,0.000,0.000,0.000,0.000,0.000,0.000,0.000,0.000,0.000,0.000,0.000]
  Iter 36: LB=8.513034  UB=12.260537  gap=3.06e-01
  Cut: intercept=-1152.393730, π_x_range=[-828.6305, 590.9681]
  Mini-Benders[1] (mw): LB=8.560643, Z₀(α*)=-31.667840, intercept=-77.540302 (0.168s) [OMP=0.131 ISP-L=0.003 ISP-F=0.009 MW-L=0.010 MW-F=0.007]
  Mini-Benders[2] (mw): LB=8.560643, Z₀(α*)=-31.667840, intercept=-77.540302 (0.151s) [OMP=0.132 ISP-L=0.003 ISP-F=0.009 MW-L=0.010 MW-F=0.007]
  Mini-Benders[3] (mw): LB=8.560643, Z₀(α*)=-31.667840, intercept=-77.540302 (0.167s) [OMP=0.132 ISP-L=0.003 ISP-F=0.009 MW-L=0.009 MW-F=0.009]
  Mini-Benders[4]: LB stagnated, break
  α-step: Z₀=13.755249, α=[0.000,0.000,0.000,0.000,0.000,0.000,0.000,0.000,3.960,0.000,0.000,0.000,0.000,0.000,3.329,0.000,0.000,0.000,0.000,0.000,0.000,0.000,0.000,0.000,0.000,0.000,0.000,0.000,0.000,0.000,0.000,0.000,3.414,0.000,0.000,0.000,0.000,0.000]
  Alt-Benders[1] (mw): LB=8.561624, Z₀(α*)=-19.215454, intercept=-58.054325 (0.165s) [OMP=0.148 ISP-L=0.003 ISP-F=0.009 MW-L=0.008 MW-F=0.007]
  Alt-Benders[2] (mw): LB=8.561624, Z₀(α*)=-19.215454, intercept=-58.054325 (0.182s) [OMP=0.145 ISP-L=0.003 ISP-F=0.009 MW-L=0.010 MW-F=0.007]
  Alt-Benders[3] (mw): LB=8.561624, Z₀(α*)=-19.215454, intercept=-58.054325 (0.166s) [OMP=0.146 ISP-L=0.003 ISP-F=0.009 MW-L=0.010 MW-F=0.006]
  Alt-Benders[4]: LB stagnated, break
  OMP re-solve: 0.000s

=== True-DRO Benders iter 37 ===
  OMP: t₀=8.561624, UB=12.260537, gap=3.02e-01, x=[0, 0, 0, 0, 0, 0, 0, 0, 0, 0, 0, 0, 0, 0, 0, 0, 0, 0, 0, 0, 0, 1, 0, 0, 0, 0, 1, 0, 0, 0, 0, 0, 0, 0, 0, 0, 0, 0] (0.000s)
  Sub: Z₀=15.489055 [LOCAL] (0.2s), α=[0.000,0.000,0.000,0.000,0.000,1.052,0.000,0.000,3.651,0.000,0.000,0.000,0.000,0.000,0.000,0.000,0.000,0.000,0.000,0.000,0.000,3.403,0.000,0.000,0.000,0.000,2.595,0.000,0.000,0.000,0.000,0.000,0.000,0.000,0.000,0.000,0.000,0.000]
  Iter 37: LB=8.561624  UB=12.260537  gap=3.02e-01
  Cut: intercept=-1151.673285, π_x_range=[-831.2315, 592.4297]
  Mini-Benders[1] (mw): LB=8.628356, Z₀(α*)=-10.579382, intercept=-106.074347 (0.182s) [OMP=0.147 ISP-L=0.003 ISP-F=0.009 MW-L=0.008 MW-F=0.007]
  Mini-Benders[2] (mw): LB=8.628356, Z₀(α*)=-10.579382, intercept=-106.074347 (0.149s) [OMP=0.129 ISP-L=0.003 ISP-F=0.009 MW-L=0.011 MW-F=0.007]
  Mini-Benders[3] (mw): LB=8.628356, Z₀(α*)=-10.579382, intercept=-106.074347 (0.167s) [OMP=0.127 ISP-L=0.003 ISP-F=0.009 MW-L=0.010 MW-F=0.007]
  Mini-Benders[4]: LB stagnated, break
  α-step: Z₀=14.930379, α=[0.000,0.000,0.000,0.000,0.000,0.000,0.000,0.000,2.862,0.000,0.000,0.000,0.000,0.000,0.000,0.000,0.000,0.000,0.000,0.000,0.000,0.000,0.000,0.000,0.000,0.000,4.302,0.195,0.000,0.000,0.000,0.000,3.343,0.000,0.000,0.000,0.000,0.000]
  Alt-Benders[1] (mw): LB=8.666339, Z₀(α*)=-21.640812, intercept=-28.619323 (0.178s) [OMP=0.151 ISP-L=0.003 ISP-F=0.009 MW-L=0.007 MW-F=0.008]
  Alt-Benders[2] (mw): LB=8.666339, Z₀(α*)=-21.640812, intercept=-28.619323 (0.167s) [OMP=0.151 ISP-L=0.003 ISP-F=0.009 MW-L=0.007 MW-F=0.007]
  Alt-Benders[3] (mw): LB=8.666339, Z₀(α*)=-21.640812, intercept=-28.619323 (0.197s) [OMP=0.159 ISP-L=0.003 ISP-F=0.009 MW-L=0.010 MW-F=0.006]
  Alt-Benders[4]: LB stagnated, break
  OMP re-solve: 0.000s

=== True-DRO Benders iter 38 ===
  OMP: t₀=8.666339, UB=12.260537, gap=2.93e-01, x=[0, 0, 0, 0, 0, 0, 0, 0, 0, 0, 0, 0, 0, 0, 0, 0, 0, 0, 0, 0, 0, 1, 0, 0, 0, 0, 0, 0, 0, 0, 0, 0, 0, 0, 0, 1, 0, 0] (0.000s)
  Sub: Z₀=16.142107 [LOCAL] (0.2s), α=[0.000,0.000,0.000,0.000,0.000,0.745,0.000,0.000,3.232,0.000,0.000,0.000,0.000,0.000,0.000,0.000,0.000,0.000,0.000,0.000,0.000,5.810,0.000,0.000,0.000,0.000,0.916,0.000,0.000,0.000,0.000,0.000,0.000,0.000,0.000,0.000,0.000,0.000]
  Iter 38: LB=8.666339  UB=12.260537  gap=2.93e-01
  Cut: intercept=-1136.325292, π_x_range=[-830.6877, 582.2905]
  Mini-Benders[1] (mw): LB=8.696934, Z₀(α*)=-21.602000, intercept=-68.296668 (0.182s) [OMP=0.150 ISP-L=0.003 ISP-F=0.008 MW-L=0.008 MW-F=0.009]
  Mini-Benders[2] (mw): LB=8.696934, Z₀(α*)=-21.602000, intercept=-68.296668 (0.151s) [OMP=0.128 ISP-L=0.003 ISP-F=0.008 MW-L=0.008 MW-F=0.009]
  Mini-Benders[3] (mw): LB=8.696934, Z₀(α*)=-21.602000, intercept=-68.296668 (0.150s) [OMP=0.125 ISP-L=0.003 ISP-F=0.008 MW-L=0.008 MW-F=0.007]
  Mini-Benders[4]: LB stagnated, break
  α-step: Z₀=15.756238, α=[0.000,0.000,0.000,0.000,0.000,1.630,5.667,0.000,3.406,0.000,0.000,0.000,0.000,0.000,0.000,0.000,0.000,0.000,0.000,0.000,0.000,0.000,0.000,0.000,0.000,0.000,0.000,0.000,0.000,0.000,0.000,0.000,0.000,0.000,0.000,0.000,0.000,0.000]
  Alt-Benders[1] (mw): LB=8.777063, Z₀(α*)=15.582464, intercept=-45.876379 (0.182s) [OMP=0.145 ISP-L=0.003 ISP-F=0.008 MW-L=0.008 MW-F=0.008]
  Alt-Benders[2] (mw): LB=8.802744, Z₀(α*)=-23.803681, intercept=-55.694652 (0.167s) [OMP=0.146 ISP-L=0.003 ISP-F=0.008 MW-L=0.008 MW-F=0.008]
  Alt-Benders[3] (mw): LB=8.802744, Z₀(α*)=-23.803681, intercept=-55.694652 (0.198s) [OMP=0.158 ISP-L=0.003 ISP-F=0.009 MW-L=0.008 MW-F=0.006]
  Alt-Benders[4] (mw): LB=8.802744, Z₀(α*)=-23.803681, intercept=-55.694652 (0.166s) [OMP=0.151 ISP-L=0.003 ISP-F=0.008 MW-L=0.010 MW-F=0.006]
  Alt-Benders[5]: LB stagnated, break
  OMP re-solve: 0.000s

=== True-DRO Benders iter 39 ===
  OMP: t₀=8.802744, UB=12.260537, gap=2.82e-01, x=[0, 0, 0, 0, 0, 0, 0, 0, 1, 0, 0, 0, 0, 0, 0, 0, 0, 0, 0, 0, 0, 0, 0, 0, 0, 0, 1, 0, 0, 0, 0, 0, 0, 0, 0, 0, 0, 0] (0.000s)
  Sub: Z₀=14.885508 [LOCAL] (0.1s), α=[0.000,0.000,0.000,0.000,0.000,0.000,0.000,0.000,7.699,0.000,0.000,0.000,0.000,0.000,0.000,0.000,0.000,0.000,0.000,0.000,0.000,0.000,0.000,0.000,0.000,0.000,3.004,0.000,0.000,0.000,0.000,0.000,0.000,0.000,0.000,0.000,0.000,0.000]
  Iter 39: LB=8.802744  UB=12.260537  gap=2.82e-01
  Cut: intercept=-1167.247272, π_x_range=[-829.8901, 592.7317]
  Mini-Benders[1] (mw): LB=8.809586, Z₀(α*)=12.195564, intercept=-46.530104 (0.182s) [OMP=0.154 ISP-L=0.003 ISP-F=0.009 MW-L=0.007 MW-F=0.008]
  Mini-Benders[2] (mw): LB=8.813396, Z₀(α*)=-37.600215, intercept=-95.127733 (0.182s) [OMP=0.145 ISP-L=0.003 ISP-F=0.009 MW-L=0.008 MW-F=0.009]
  Mini-Benders[3] (mw): LB=8.813396, Z₀(α*)=-37.600215, intercept=-95.127733 (0.182s) [OMP=0.149 ISP-L=0.003 ISP-F=0.009 MW-L=0.008 MW-F=0.008]
  Mini-Benders[4] (mw): LB=8.813396, Z₀(α*)=-37.600215, intercept=-95.127733 (0.182s) [OMP=0.148 ISP-L=0.003 ISP-F=0.009 MW-L=0.011 MW-F=0.007]
  Mini-Benders[5]: LB stagnated, break
  α-step: Z₀=13.824603, α=[0.000,0.000,0.000,0.000,0.000,0.000,0.000,0.000,0.000,0.000,0.000,0.000,0.000,0.000,0.000,0.000,0.000,0.000,0.000,0.000,0.000,0.000,0.000,0.000,0.000,0.000,4.888,0.000,0.000,0.000,0.000,5.815,0.000,0.000,0.000,0.000,0.000,0.000]
  Alt-Benders[1] (mw): LB=8.832113, Z₀(α*)=-47.305228, intercept=-64.956082 (0.182s) [OMP=0.155 ISP-L=0.003 ISP-F=0.008 MW-L=0.007 MW-F=0.008]
  Alt-Benders[2] (mw): LB=8.832113, Z₀(α*)=-47.305228, intercept=-64.956082 (0.182s) [OMP=0.147 ISP-L=0.003 ISP-F=0.008 MW-L=0.007 MW-F=0.006]
  Alt-Benders[3] (mw): LB=8.832113, Z₀(α*)=-47.305228, intercept=-64.956082 (0.166s) [OMP=0.146 ISP-L=0.003 ISP-F=0.008 MW-L=0.009 MW-F=0.006]
  Alt-Benders[4]: LB stagnated, break
  OMP re-solve: 0.000s

=== True-DRO Benders iter 40 ===
  OMP: t₀=8.832113, UB=12.260537, gap=2.80e-01, x=[1, 0, 0, 0, 0, 0, 0, 0, 0, 0, 0, 0, 0, 0, 0, 0, 0, 0, 0, 0, 0, 1, 0, 0, 0, 0, 0, 0, 0, 0, 0, 0, 0, 0, 0, 0, 0, 0] (0.000s)
  Sub: Z₀=16.045807 (0.7s), α=[0.000,0.000,0.000,0.000,0.000,1.661,0.000,0.000,3.614,0.000,0.000,0.000,0.000,0.000,0.000,0.000,0.000,0.000,0.000,0.000,0.000,5.428,0.000,0.000,0.000,0.000,0.000,0.000,0.000,0.000,0.000,0.000,0.000,0.000,0.000,0.000,0.000,0.000]
  Iter 40: LB=8.832113  UB=12.260537  gap=2.80e-01
  Cut: intercept=-44.510619, π_x_range=[-218.5055, 50.1781]
  Sherali-Cut: intercept=-43.881124, π_x_range=[-111.5077, 49.5711]
  Mini-Benders[1] (mw): LB=8.851185, Z₀(α*)=-30.361233, intercept=-17.028681 (0.198s) [OMP=0.170 ISP-L=0.003 ISP-F=0.008 MW-L=0.007 MW-F=0.006]
  Mini-Benders[2] (mw): LB=8.851185, Z₀(α*)=-30.361233, intercept=-17.028681 (0.167s) [OMP=0.137 ISP-L=0.003 ISP-F=0.008 MW-L=0.010 MW-F=0.006]
  Mini-Benders[3] (mw): LB=8.851185, Z₀(α*)=-30.361233, intercept=-17.028681 (0.151s) [OMP=0.135 ISP-L=0.003 ISP-F=0.008 MW-L=0.009 MW-F=0.006]
  Mini-Benders[4]: LB stagnated, break
  α-step: Z₀=17.690634, α=[0.000,0.000,0.000,0.000,0.000,0.000,0.000,0.000,5.685,0.000,0.000,0.000,0.000,0.000,0.182,0.000,0.000,0.000,0.000,0.000,0.000,0.000,0.000,0.000,0.000,0.000,4.835,0.000,0.000,0.000,0.000,0.000,0.000,0.000,0.000,0.000,0.000,0.000]
  Alt-Benders[1] (mw): LB=8.870474, Z₀(α*)=-3.636526, intercept=-27.148543 (0.176s) [OMP=0.152 ISP-L=0.003 ISP-F=0.008 MW-L=0.008 MW-F=0.008]
  Alt-Benders[2] (mw): LB=8.870474, Z₀(α*)=-3.636526, intercept=-27.148543 (0.182s) [OMP=0.160 ISP-L=0.003 ISP-F=0.007 MW-L=0.008 MW-F=0.006]
  Alt-Benders[3] (mw): LB=8.870474, Z₀(α*)=-3.636526, intercept=-27.148543 (0.182s) [OMP=0.158 ISP-L=0.003 ISP-F=0.008 MW-L=0.010 MW-F=0.006]
  Alt-Benders[4]: LB stagnated, break
  OMP re-solve: 0.000s

=== True-DRO Benders iter 41 ===
  OMP: t₀=8.870474, UB=12.260537, gap=2.77e-01, x=[0, 1, 0, 0, 0, 0, 0, 0, 0, 0, 0, 0, 0, 0, 0, 0, 0, 0, 0, 0, 0, 1, 0, 0, 0, 0, 0, 0, 0, 0, 0, 0, 0, 0, 0, 0, 0, 0] (0.000s)
  Sub: Z₀=16.142107 [LOCAL] (0.2s), α=[0.000,0.000,0.000,0.000,0.000,0.762,0.000,0.000,3.232,0.000,0.000,0.000,0.000,0.000,0.000,0.000,0.000,0.000,0.000,0.000,0.000,5.810,0.000,0.000,0.000,0.000,0.899,0.000,0.000,0.000,0.000,0.000,0.000,0.000,0.000,0.000,0.000,0.000]
  Iter 41: LB=8.870474  UB=12.260537  gap=2.77e-01
  Cut: intercept=-1079.280107, π_x_range=[-830.8437, 570.1694]
  Mini-Benders[1] (mw): LB=8.870474, Z₀(α*)=16.142109, intercept=-29.334517 (0.197s) [OMP=0.176 ISP-L=0.003 ISP-F=0.008 MW-L=0.006 MW-F=0.008]
  Mini-Benders[2] (mw): LB=8.870474, Z₀(α*)=16.142109, intercept=-29.334517 (0.167s) [OMP=0.140 ISP-L=0.003 ISP-F=0.008 MW-L=0.006 MW-F=0.006]
  Mini-Benders[3]: LB stagnated, break
  α-step: Z₀=15.599869, α=[0.000,0.000,0.000,0.000,0.000,1.456,0.000,0.000,3.232,0.000,0.000,0.000,0.000,0.000,0.000,0.000,0.000,0.000,0.000,0.000,0.000,5.810,0.000,0.000,0.000,0.000,0.205,0.000,0.000,0.000,0.000,0.000,0.000,0.000,0.000,0.000,0.000,0.000]
  Alt-Benders[1] (mw): LB=8.898352, Z₀(α*)=-31.509094, intercept=-83.107535 (0.163s) [OMP=0.137 ISP-L=0.003 ISP-F=0.009 MW-L=0.009 MW-F=0.006]
  Alt-Benders[2] (mw): LB=8.898352, Z₀(α*)=-31.509094, intercept=-83.107535 (0.166s) [OMP=0.145 ISP-L=0.003 ISP-F=0.009 MW-L=0.008 MW-F=0.009]
  Alt-Benders[3] (mw): LB=8.898352, Z₀(α*)=-31.509094, intercept=-83.107535 (0.182s) [OMP=0.144 ISP-L=0.003 ISP-F=0.009 MW-L=0.007 MW-F=0.006]
  Alt-Benders[4]: LB stagnated, break
  OMP re-solve: 0.000s

=== True-DRO Benders iter 42 ===
  OMP: t₀=8.898352, UB=12.260537, gap=2.74e-01, x=[0, 0, 0, 0, 1, 0, 0, 0, 0, 0, 0, 0, 0, 0, 0, 0, 0, 0, 0, 0, 0, 0, 0, 0, 0, 0, 0, 1, 0, 0, 0, 0, 0, 0, 0, 0, 0, 0] (0.000s)
  Sub: Z₀=18.600268 [LOCAL] (0.2s), α=[0.000,0.000,0.000,0.000,0.000,0.000,0.000,0.000,5.541,0.000,0.000,0.000,0.000,0.000,0.293,0.000,0.000,0.000,0.000,0.000,0.000,0.000,0.000,0.000,0.000,0.000,4.868,0.000,0.000,0.000,0.000,0.000,0.000,0.000,0.000,0.000,0.000,0.000]
  Iter 42: LB=8.898352  UB=12.260537  gap=2.74e-01
  Cut: intercept=-1130.205141, π_x_range=[-831.3871, 581.4656]
  Mini-Benders[1] (mw): LB=8.905803, Z₀(α*)=0.646821, intercept=-24.583057 (0.182s) [OMP=0.167 ISP-L=0.003 ISP-F=0.009 MW-L=0.010 MW-F=0.007]
  Mini-Benders[2] (mw): LB=8.905803, Z₀(α*)=0.646821, intercept=-24.583057 (0.198s) [OMP=0.154 ISP-L=0.003 ISP-F=0.009 MW-L=0.007 MW-F=0.009]
  Mini-Benders[3] (mw): LB=8.905803, Z₀(α*)=0.646821, intercept=-24.583057 (0.166s) [OMP=0.153 ISP-L=0.003 ISP-F=0.008 MW-L=0.007 MW-F=0.009]
  Mini-Benders[4]: LB stagnated, break
  α-step: Z₀=15.903574, α=[0.000,0.000,0.000,0.000,0.000,1.347,0.000,0.000,3.124,0.000,0.000,0.000,0.000,0.000,5.918,0.000,0.000,0.000,0.000,0.000,0.000,0.000,0.000,0.000,0.000,0.000,0.313,0.000,0.000,0.000,0.000,0.000,0.000,0.000,0.000,0.000,0.000,0.000]
  Alt-Benders[1] (mw): LB=8.931649, Z₀(α*)=-20.747265, intercept=-40.815365 (0.175s) [OMP=0.156 ISP-L=0.003 ISP-F=0.009 MW-L=0.011 MW-F=0.006]
  Alt-Benders[2] (mw): LB=8.931649, Z₀(α*)=-20.747265, intercept=-40.815365 (0.198s) [OMP=0.158 ISP-L=0.003 ISP-F=0.008 MW-L=0.010 MW-F=0.006]
  Alt-Benders[3] (mw): LB=8.931649, Z₀(α*)=-20.747265, intercept=-40.815365 (0.182s) [OMP=0.156 ISP-L=0.003 ISP-F=0.009 MW-L=0.008 MW-F=0.009]
  Alt-Benders[4]: LB stagnated, break
  OMP re-solve: 0.000s

=== True-DRO Benders iter 43 ===
  OMP: t₀=8.931649, UB=12.260537, gap=2.72e-01, x=[0, 0, 0, 0, 0, 0, 1, 0, 0, 0, 0, 0, 0, 0, 0, 0, 0, 0, 0, 0, 0, 0, 0, 0, 0, 0, 0, 0, 0, 0, 0, 0, 0, 0, 0, 1, 0, 0] (0.000s)
  Sub: Z₀=16.381422 [LOCAL] (0.2s), α=[0.000,0.000,0.000,0.000,0.000,0.818,5.667,0.000,3.211,0.000,0.000,0.000,0.000,0.000,0.000,0.000,0.000,0.000,0.000,0.000,0.000,0.000,0.000,0.000,0.000,0.000,1.008,0.000,0.000,0.000,0.000,0.000,0.000,0.000,0.000,0.000,0.000,0.000]
  Iter 43: LB=8.931649  UB=12.260537  gap=2.72e-01
  Cut: intercept=-1130.137459, π_x_range=[-831.0253, 582.2932]
  Mini-Benders[1] (mw): LB=8.961387, Z₀(α*)=-19.901577, intercept=-68.962616 (0.167s) [OMP=0.137 ISP-L=0.003 ISP-F=0.008 MW-L=0.010 MW-F=0.007]
  Mini-Benders[2] (mw): LB=8.961387, Z₀(α*)=-19.901577, intercept=-68.962616 (0.166s) [OMP=0.150 ISP-L=0.003 ISP-F=0.008 MW-L=0.010 MW-F=0.007]
  Mini-Benders[3] (mw): LB=8.961387, Z₀(α*)=-19.901577, intercept=-68.962616 (0.182s) [OMP=0.151 ISP-L=0.003 ISP-F=0.008 MW-L=0.007 MW-F=0.009]
  Mini-Benders[4]: LB stagnated, break
  α-step: Z₀=18.158427, α=[0.000,0.000,0.000,0.000,0.000,0.423,0.000,0.000,6.355,0.000,0.000,0.000,0.000,0.000,0.000,0.000,0.000,0.000,0.000,0.000,0.000,0.000,0.000,0.000,0.000,0.000,3.925,0.000,0.000,0.000,0.000,0.000,0.000,0.000,0.000,0.000,0.000,0.000]
  Alt-Benders[1] (mw): LB=8.965769, Z₀(α*)=-32.188097, intercept=-124.571719 (0.198s) [OMP=0.167 ISP-L=0.003 ISP-F=0.009 MW-L=0.007 MW-F=0.008]
  Alt-Benders[2] (mw): LB=8.965769, Z₀(α*)=-32.188097, intercept=-124.571719 (0.198s) [OMP=0.159 ISP-L=0.003 ISP-F=0.009 MW-L=0.010 MW-F=0.008]
  Alt-Benders[3] (mw): LB=8.965769, Z₀(α*)=-32.188097, intercept=-124.571719 (0.182s) [OMP=0.161 ISP-L=0.003 ISP-F=0.009 MW-L=0.009 MW-F=0.008]
  Alt-Benders[4]: LB stagnated, break
  OMP re-solve: 0.000s

=== True-DRO Benders iter 44 ===
  OMP: t₀=8.965769, UB=12.260537, gap=2.69e-01, x=[0, 0, 0, 0, 0, 0, 0, 0, 0, 0, 0, 0, 0, 0, 0, 0, 0, 0, 0, 0, 0, 0, 0, 0, 0, 0, 0, 0, 0, 0, 0, 1, 1, 0, 0, 0, 0, 0] (0.000s)
  Sub: Z₀=12.690871 [LOCAL] (0.2s), α=[0.000,0.000,0.000,0.000,0.000,0.000,0.000,0.000,0.000,0.000,0.000,0.000,0.000,0.000,0.000,0.000,0.000,0.000,0.000,0.000,0.000,0.000,0.000,0.000,0.000,0.000,0.878,0.000,0.000,0.000,0.000,7.709,2.065,0.050,0.000,0.000,0.000,0.000]
  Iter 44: LB=8.965769  UB=12.260537  gap=2.69e-01
  Cut: intercept=-1060.029891, π_x_range=[-823.0555, 540.2739]
  Mini-Benders[1] (mw): LB=9.034050, Z₀(α*)=-46.528162, intercept=-59.488265 (0.182s) [OMP=0.145 ISP-L=0.003 ISP-F=0.009 MW-L=0.007 MW-F=0.007]
  Mini-Benders[2] (mw): LB=9.034050, Z₀(α*)=-46.528162, intercept=-59.488265 (0.167s) [OMP=0.141 ISP-L=0.003 ISP-F=0.008 MW-L=0.009 MW-F=0.006]
  Mini-Benders[3] (mw): LB=9.034050, Z₀(α*)=-46.528162, intercept=-59.488265 (0.166s) [OMP=0.141 ISP-L=0.003 ISP-F=0.008 MW-L=0.009 MW-F=0.007]
  Mini-Benders[4]: LB stagnated, break
  α-step: Z₀=16.381424, α=[0.000,0.000,0.000,0.000,0.000,1.434,5.667,0.000,3.211,0.000,0.000,0.000,0.000,0.000,0.000,0.000,0.000,0.000,0.000,0.000,0.000,0.000,0.000,0.000,0.000,0.000,0.391,0.000,0.000,0.000,0.000,0.000,0.000,0.000,0.000,0.000,0.000,0.000]
  Alt-Benders[1] (mw): LB=9.097423, Z₀(α*)=15.357467, intercept=-50.423489 (0.187s) [OMP=0.165 ISP-L=0.003 ISP-F=0.009 MW-L=0.007 MW-F=0.008]
  Alt-Benders[2] (mw): LB=9.119359, Z₀(α*)=-45.804236, intercept=-93.268289 (0.182s) [OMP=0.155 ISP-L=0.003 ISP-F=0.008 MW-L=0.008 MW-F=0.007]
  Alt-Benders[3] (mw): LB=9.119359, Z₀(α*)=-45.804236, intercept=-93.268289 (0.182s) [OMP=0.156 ISP-L=0.003 ISP-F=0.008 MW-L=0.010 MW-F=0.007]
  Alt-Benders[4] (mw): LB=9.119359, Z₀(α*)=-45.804236, intercept=-93.268289 (0.198s) [OMP=0.158 ISP-L=0.003 ISP-F=0.008 MW-L=0.008 MW-F=0.010]
  Alt-Benders[5]: LB stagnated, break
  OMP re-solve: 0.000s

=== True-DRO Benders iter 45 ===
  OMP: t₀=9.119359, UB=12.260537, gap=2.56e-01, x=[0, 0, 0, 0, 0, 1, 0, 0, 0, 0, 0, 0, 0, 0, 0, 0, 0, 0, 0, 0, 0, 0, 0, 0, 0, 0, 0, 0, 0, 0, 0, 0, 1, 0, 0, 0, 0, 0] (0.000s)
  Sub: Z₀=11.929474 [TIME_LIMIT] (15.0s), α=[0.000,0.000,0.000,0.000,0.000,9.006,0.000,0.000,0.000,0.000,0.000,0.000,0.000,0.000,0.000,0.000,0.000,0.000,0.000,0.000,0.000,0.000,0.000,0.000,0.000,0.000,0.707,0.000,0.000,0.000,0.000,0.000,0.525,0.465,0.000,0.000,0.000,0.000]
  Iter 45: LB=9.119359  UB=11.941245  gap=2.36e-01
  Cut: intercept=-95.807482, π_x_range=[-232.5083, 62.2102]
  Mini-Benders[1] (mw): LB=9.135784, Z₀(α*)=-46.528158, intercept=-57.972881 (0.197s) [OMP=0.179 ISP-L=0.004 ISP-F=0.009 MW-L=0.007 MW-F=0.007]
  Mini-Benders[2] (mw): LB=9.135784, Z₀(α*)=-46.528158, intercept=-57.972881 (0.214s) [OMP=0.185 ISP-L=0.003 ISP-F=0.008 MW-L=0.010 MW-F=0.007]
  Mini-Benders[3] (mw): LB=9.135784, Z₀(α*)=-46.528158, intercept=-57.972881 (0.213s) [OMP=0.183 ISP-L=0.004 ISP-F=0.009 MW-L=0.010 MW-F=0.006]
  Mini-Benders[4]: LB stagnated, break
  α-step: Z₀=16.381424, α=[0.000,0.000,0.000,0.000,0.000,1.434,5.667,0.000,3.211,0.000,0.000,0.000,0.000,0.000,0.000,0.000,0.000,0.000,0.000,0.000,0.000,0.000,0.000,0.000,0.000,0.000,0.391,0.000,0.000,0.000,0.000,0.000,0.000,0.000,0.000,0.000,0.000,0.000]
  Alt-Benders[1] (mw): LB=9.135784, Z₀(α*)=16.381424, intercept=-40.937211 (0.183s) [OMP=0.158 ISP-L=0.004 ISP-F=0.008 MW-L=0.007 MW-F=0.006]
  Alt-Benders[2] (mw): LB=9.165205, Z₀(α*)=-32.708654, intercept=-117.265884 (0.198s) [OMP=0.174 ISP-L=0.003 ISP-F=0.008 MW-L=0.010 MW-F=0.007]
  Alt-Benders[3] (mw): LB=9.165205, Z₀(α*)=-32.708654, intercept=-117.265884 (0.182s) [OMP=0.147 ISP-L=0.003 ISP-F=0.008 MW-L=0.010 MW-F=0.006]
  Alt-Benders[4] (mw): LB=9.165205, Z₀(α*)=-32.708654, intercept=-117.265884 (0.166s) [OMP=0.146 ISP-L=0.003 ISP-F=0.008 MW-L=0.008 MW-F=0.009]
  Alt-Benders[5]: LB stagnated, break
  OMP re-solve: 0.000s

=== True-DRO Benders iter 46 ===
  OMP: t₀=9.165205, UB=11.941245, gap=2.32e-01, x=[0, 0, 0, 0, 0, 1, 0, 0, 1, 0, 0, 0, 0, 0, 0, 0, 0, 0, 0, 0, 0, 0, 0, 0, 0, 0, 0, 0, 0, 0, 0, 0, 0, 0, 0, 0, 0, 0] (0.000s)
  Sub: Z₀=9.633638 [LOCAL] (0.1s), α=[0.000,0.000,0.000,0.000,0.000,3.240,0.000,0.000,3.164,0.000,0.000,0.000,0.000,0.000,0.019,0.000,0.000,0.000,0.000,0.000,0.000,0.000,0.000,0.000,0.000,0.000,4.279,0.000,0.000,0.000,0.000,0.000,0.000,0.000,0.000,0.000,0.000,0.000]
  Iter 46: LB=9.165205  UB=11.941245  gap=2.32e-01
  Cut: intercept=-1155.389323, π_x_range=[-824.5147, 589.8861]
  Mini-Benders[1] (mw): LB=9.171233, Z₀(α*)=-24.388771, intercept=-42.764779 (0.198s) [OMP=0.177 ISP-L=0.003 ISP-F=0.009 MW-L=0.007 MW-F=0.006]
  Mini-Benders[2] (mw): LB=9.171233, Z₀(α*)=-24.388771, intercept=-42.764779 (0.197s) [OMP=0.166 ISP-L=0.003 ISP-F=0.009 MW-L=0.010 MW-F=0.006]
  Mini-Benders[3] (mw): LB=9.171233, Z₀(α*)=-24.388771, intercept=-42.764779 (0.198s) [OMP=0.165 ISP-L=0.003 ISP-F=0.009 MW-L=0.007 MW-F=0.009]
  Mini-Benders[4]: LB stagnated, break
  α-step: Z₀=15.711072, α=[0.000,0.000,0.000,0.000,0.000,0.000,0.000,0.000,9.497,0.000,0.000,0.000,0.000,0.000,0.000,0.000,0.000,0.000,0.000,0.000,0.000,0.000,0.000,0.000,0.000,0.000,1.205,0.000,0.000,0.000,0.000,0.000,0.000,0.000,0.000,0.000,0.000,0.000]
  Alt-Benders[1] (mw): LB=9.218916, Z₀(α*)=7.978503, intercept=-41.359714 (0.193s) [OMP=0.167 ISP-L=0.003 ISP-F=0.009 MW-L=0.008 MW-F=0.006]
  Alt-Benders[2] (mw): LB=9.218916, Z₀(α*)=7.978503, intercept=-41.359714 (0.167s) [OMP=0.150 ISP-L=0.003 ISP-F=0.008 MW-L=0.010 MW-F=0.006]
  Alt-Benders[3] (mw): LB=9.218916, Z₀(α*)=7.978503, intercept=-41.359714 (0.166s) [OMP=0.152 ISP-L=0.003 ISP-F=0.008 MW-L=0.010 MW-F=0.006]
  Alt-Benders[4]: LB stagnated, break
  OMP re-solve: 0.000s

=== True-DRO Benders iter 47 ===
  OMP: t₀=9.218916, UB=11.941245, gap=2.28e-01, x=[0, 0, 0, 0, 0, 0, 1, 0, 0, 0, 0, 0, 0, 0, 0, 0, 0, 0, 1, 0, 0, 0, 0, 0, 0, 0, 0, 0, 0, 0, 0, 0, 0, 0, 0, 0, 0, 0] (0.000s)
  Sub: Z₀=16.381422 [LOCAL] (0.2s), α=[0.000,0.000,0.000,0.000,0.000,0.838,5.667,0.000,3.211,0.000,0.000,0.000,0.000,0.000,0.000,0.000,0.000,0.000,0.000,0.000,0.000,0.000,0.000,0.000,0.000,0.000,0.988,0.000,0.000,0.000,0.000,0.000,0.000,0.000,0.000,0.000,0.000,0.000]
  Iter 47: LB=9.218916  UB=11.941245  gap=2.28e-01
  Cut: intercept=-1102.412742, π_x_range=[-831.2582, 564.1934]
  Mini-Benders[1] (mw): LB=9.346459, Z₀(α*)=-42.506741, intercept=-82.985615 (0.198s) [OMP=0.173 ISP-L=0.003 ISP-F=0.009 MW-L=0.008 MW-F=0.009]
  Mini-Benders[2] (mw): LB=9.346459, Z₀(α*)=-42.506741, intercept=-82.985615 (0.182s) [OMP=0.153 ISP-L=0.003 ISP-F=0.009 MW-L=0.008 MW-F=0.007]
  Mini-Benders[3] (mw): LB=9.346459, Z₀(α*)=-42.506741, intercept=-82.985615 (0.182s) [OMP=0.153 ISP-L=0.003 ISP-F=0.009 MW-L=0.010 MW-F=0.007]
  Mini-Benders[4]: LB stagnated, break
  α-step: Z₀=15.201058, α=[0.000,0.000,0.000,0.000,0.000,0.000,0.000,0.000,0.000,0.000,0.000,0.000,0.000,0.000,0.986,0.000,0.000,0.000,0.000,0.000,0.000,0.000,0.000,0.000,0.000,0.000,2.747,0.000,0.000,0.000,0.000,6.970,0.000,0.000,0.000,0.000,0.000,0.000]
  Alt-Benders[1] (mw): LB=9.355241, Z₀(α*)=-38.949097, intercept=-110.340376 (0.189s) [OMP=0.166 ISP-L=0.003 ISP-F=0.009 MW-L=0.007 MW-F=0.009]
  Alt-Benders[2] (mw): LB=9.355241, Z₀(α*)=-38.949097, intercept=-110.340376 (0.182s) [OMP=0.161 ISP-L=0.001 ISP-F=0.009 MW-L=0.004 MW-F=0.007]
  Alt-Benders[3] (mw): LB=9.355241, Z₀(α*)=-38.949097, intercept=-110.340376 (0.182s) [OMP=0.161 ISP-L=0.001 ISP-F=0.009 MW-L=0.007 MW-F=0.006]
  Alt-Benders[4]: LB stagnated, break
  OMP re-solve: 0.000s

=== True-DRO Benders iter 48 ===
  OMP: t₀=9.355241, UB=11.941245, gap=2.17e-01, x=[1, 0, 0, 0, 0, 0, 0, 0, 0, 0, 0, 0, 0, 0, 0, 0, 0, 0, 0, 0, 0, 0, 0, 0, 0, 0, 0, 1, 0, 0, 0, 0, 0, 0, 0, 0, 0, 0] (0.000s)
  Sub: Z₀=17.112380 [LOCAL] (0.2s), α=[1.572,0.000,0.359,0.000,0.000,0.383,0.000,0.000,4.759,0.000,0.000,0.000,0.000,0.000,0.000,0.000,0.000,0.000,0.000,0.000,0.000,0.000,0.000,0.000,0.000,0.000,2.321,1.309,0.000,0.000,0.000,0.000,0.000,0.000,0.000,0.000,0.000,0.000]
  Iter 48: LB=9.355241  UB=11.941245  gap=2.17e-01
  Cut: intercept=-1114.982347, π_x_range=[-830.0804, 578.8746]
  Mini-Benders[1] (mw): LB=9.357762, Z₀(α*)=1.250678, intercept=-7.409413 (0.182s) [OMP=0.146 ISP-L=0.002 ISP-F=0.010 MW-L=0.005 MW-F=0.009]
  Mini-Benders[2] (mw): LB=9.357762, Z₀(α*)=1.250678, intercept=-7.409413 (0.182s) [OMP=0.166 ISP-L=0.003 ISP-F=0.010 MW-L=0.008 MW-F=0.006]
  Mini-Benders[3] (mw): LB=9.357762, Z₀(α*)=1.250678, intercept=-7.409413 (0.198s) [OMP=0.155 ISP-L=0.003 ISP-F=0.010 MW-L=0.010 MW-F=0.006]
  Mini-Benders[4]: LB stagnated, break
  α-step: Z₀=18.782733, α=[0.000,0.000,0.000,0.000,0.000,0.000,0.000,0.000,5.685,0.000,0.000,0.000,0.000,0.000,0.182,0.000,0.000,0.000,0.000,0.000,0.000,0.000,0.000,0.000,0.000,0.000,4.835,0.000,0.000,0.000,0.000,0.000,0.000,0.000,0.000,0.000,0.000,0.000]
  Alt-Benders[1] (mw): LB=9.532667, Z₀(α*)=17.658913, intercept=-10.732623 (0.202s) [OMP=0.174 ISP-L=0.003 ISP-F=0.008 MW-L=0.007 MW-F=0.008]
  Alt-Benders[2] (mw): LB=9.561896, Z₀(α*)=18.782733, intercept=3.914117 (0.182s) [OMP=0.166 ISP-L=0.004 ISP-F=0.009 MW-L=0.007 MW-F=0.008]
  Alt-Benders[3] (mw): LB=9.561896, Z₀(α*)=18.782733, intercept=3.914117 (0.213s) [OMP=0.177 ISP-L=0.003 ISP-F=0.010 MW-L=0.007 MW-F=0.006]
  Alt-Benders[4] (mw): LB=9.581790, Z₀(α*)=-7.635588, intercept=-54.579753 (0.167s) [OMP=0.146 ISP-L=0.003 ISP-F=0.009 MW-L=0.009 MW-F=0.007]
  Alt-Benders[5] (mw): LB=9.581790, Z₀(α*)=-7.635588, intercept=-54.579753 (0.213s) [OMP=0.174 ISP-L=0.003 ISP-F=0.009 MW-L=0.007 MW-F=0.009]
  OMP re-solve: 0.174s

=== True-DRO Benders iter 49 ===
  OMP: t₀=9.581790, UB=11.941245, gap=1.98e-01, x=[1, 0, 0, 0, 0, 0, 0, 0, 1, 0, 0, 0, 0, 0, 0, 0, 0, 0, 0, 0, 0, 0, 0, 0, 0, 0, 0, 0, 0, 0, 0, 0, 0, 0, 0, 0, 0, 0] (0.000s)
  Sub: Z₀=15.929171 [LOCAL] (0.2s), α=[0.000,0.000,0.000,0.000,0.000,1.149,0.000,0.000,9.526,0.000,0.000,0.000,0.000,0.000,0.000,0.000,0.000,0.000,0.000,0.000,0.000,0.000,0.000,0.000,0.000,0.000,0.028,0.000,0.000,0.000,0.000,0.000,0.000,0.000,0.000,0.000,0.000,0.000]
  Iter 49: LB=9.581790  UB=11.941245  gap=1.98e-01
  Cut: intercept=-1122.948677, π_x_range=[-830.7063, 586.8487]
  Mini-Benders[1] (mw): LB=9.633638, Z₀(α*)=-17.796190, intercept=-115.515461 (0.182s) [OMP=0.160 ISP-L=0.003 ISP-F=0.008 MW-L=0.008 MW-F=0.007]
  Mini-Benders[2] (mw): LB=9.633638, Z₀(α*)=-17.796190, intercept=-115.515461 (0.213s) [OMP=0.179 ISP-L=0.003 ISP-F=0.008 MW-L=0.011 MW-F=0.007]
  Mini-Benders[3] (mw): LB=9.633638, Z₀(α*)=-17.796190, intercept=-115.515461 (0.214s) [OMP=0.187 ISP-L=0.003 ISP-F=0.009 MW-L=0.008 MW-F=0.009]
  Mini-Benders[4]: LB stagnated, break
  α-step: Z₀=9.165205, α=[0.000,0.000,0.000,0.000,0.000,3.364,0.000,0.000,3.264,0.000,0.000,0.000,0.000,0.000,0.000,0.000,0.000,0.000,0.000,0.000,0.000,0.000,0.000,0.000,0.000,0.000,4.074,0.000,0.000,0.000,0.000,0.000,0.000,0.000,0.000,0.000,0.000,0.000]
  Alt-Benders[1] (mw): LB=9.633638, Z₀(α*)=9.633640, intercept=-117.394504 (0.186s) [OMP=0.169 ISP-L=0.003 ISP-F=0.008 MW-L=0.008 MW-F=0.006]
  Alt-Benders[2] (mw): LB=9.633638, Z₀(α*)=9.633640, intercept=-117.394504 (0.214s) [OMP=0.176 ISP-L=0.003 ISP-F=0.008 MW-L=0.010 MW-F=0.006]
  Alt-Benders[3] (mw): LB=9.633638, Z₀(α*)=9.633640, intercept=-117.394504 (0.197s) [OMP=0.174 ISP-L=0.003 ISP-F=0.008 MW-L=0.009 MW-F=0.006]
  Alt-Benders[4]: LB stagnated, break
  OMP re-solve: 0.000s

=== True-DRO Benders iter 50 ===
  OMP: t₀=9.633638, UB=11.941245, gap=1.93e-01, x=[0, 0, 0, 0, 0, 1, 0, 0, 1, 0, 0, 0, 0, 0, 0, 0, 0, 0, 0, 0, 0, 0, 0, 0, 0, 0, 0, 0, 0, 0, 0, 0, 0, 0, 0, 0, 0, 0] (0.000s)
  Sub: Z₀=9.633645 (11.1s), α=[0.000,0.000,0.000,0.000,0.000,2.594,0.000,0.000,2.184,0.000,0.000,0.000,0.000,0.000,0.925,0.000,0.000,0.000,0.000,0.000,0.000,0.000,0.000,0.000,0.000,0.000,4.999,0.000,0.000,0.000,0.000,0.000,0.000,0.000,0.000,0.000,0.000,0.000]
  Iter 50: LB=9.633638  UB=9.633645  gap=7.12e-07
True-DRO Benders converged at iter 50 (gap=7.12e-07)
  Wall time: 131.82 sec
  OMP  time: mean=0.092s, median=0.120s, max=0.187s
  Sub  time (exact): mean=2.374s, median=0.972s, q90=5.912s, max=11.109s (n=8/50)

Result (single_l): Z₀=9.633645, iters=50, time=131.9s
x arcs = [6, 9]
