============================================================
polska — single_l: ε̂=0.10, ε̃=0.00, β=0.00
============================================================
Set parameter Username
Set parameter LicenseID to value 2742039
Academic license - for non-commercial use only - expires 2026-11-20
Set parameter Username
Set parameter LicenseID to value 2742039
Academic license - for non-commercial use only - expires 2026-11-20
Set parameter OutputFlag to value 1
Set parameter LogFile to value "global_miqcp.log"
Set parameter Username
Set parameter LicenseID to value 2742039
Academic license - for non-commercial use only - expires 2026-11-20
Set parameter Username
Set parameter LicenseID to value 2742039
Academic license - for non-commercial use only - expires 2026-11-20
Set parameter Username
Set parameter LicenseID to value 2742039
Academic license - for non-commercial use only - expires 2026-11-20
Set parameter Username
Set parameter LicenseID to value 2742039
Academic license - for non-commercial use only - expires 2026-11-20

=== True-DRO Benders iter 1 ===
  OMP: t₀=6.268929, UB=Inf, gap=NaN, x=[0, 0, 0, 0, 0, 0, 0, 0, 0, 0, 0, 0, 1, 0, 0, 0, 0, 0, 0, 0, 0, 0, 0, 0, 0, 0, 0, 0, 0, 0, 0, 0, 0, 1, 0, 0] (0.014s)
  Sub: Z₀=14.793300 [LOCAL] (0.1s), α=[0.000,0.000,0.000,0.000,0.000,0.000,0.000,0.000,0.000,0.000,0.000,0.000,1.769,0.155,0.000,0.000,0.000,0.000,0.000,0.000,0.000,0.000,0.000,0.000,0.000,0.000,0.000,0.000,0.000,0.000,0.000,0.000,0.000,8.021,0.000,0.000]
  Iter 1: LB=6.268929  UB=Inf  gap=NaN
  Cut: intercept=-1162.468933, π_x_range=[-819.1268, 593.8177]
  Mini-Benders[1] (mw): LB=9.544851, Z₀(α*)=8.491393, intercept=-57.015267 (0.065s) [OMP=0.029 ISP-L=0.006 ISP-F=0.015 MW-L=0.007 MW-F=0.007]
  Mini-Benders[2] (mw): LB=9.544851, Z₀(α*)=8.491393, intercept=-57.015267 (0.062s) [OMP=0.035 ISP-L=0.003 ISP-F=0.011 MW-L=0.014 MW-F=0.006]
  Mini-Benders[3] (mw): LB=9.544851, Z₀(α*)=8.491393, intercept=-57.015267 (0.063s) [OMP=0.034 ISP-L=0.003 ISP-F=0.011 MW-L=0.007 MW-F=0.006]
  Mini-Benders[4]: LB stagnated, break
Set parameter NonConvex to value 2
Set parameter DualReductions to value 0
  α-step: Z₀=17.864909, α=[0.000,0.000,1.860,0.000,0.000,0.000,0.000,0.000,0.000,0.000,0.000,0.000,0.000,0.000,0.000,0.000,0.000,0.000,0.000,0.000,0.000,0.000,0.000,0.000,0.000,0.000,0.000,0.000,0.000,0.000,0.000,0.000,0.003,8.082,0.000,0.000]
  Alt-Benders[1] (mw): LB=9.735199, Z₀(α*)=-55.962019, intercept=-159.018320 (0.077s) [OMP=0.050 ISP-L=0.003 ISP-F=0.008 MW-L=0.007 MW-F=0.007]
  Alt-Benders[2] (mw): LB=9.735199, Z₀(α*)=-55.962019, intercept=-159.018320 (0.113s) [OMP=0.041 ISP-L=0.004 ISP-F=0.008 MW-L=0.008 MW-F=0.049]
  Alt-Benders[3] (mw): LB=9.735199, Z₀(α*)=-55.962019, intercept=-159.018320 (0.061s) [OMP=0.040 ISP-L=0.003 ISP-F=0.008 MW-L=0.007 MW-F=0.007]
  Alt-Benders[4]: LB stagnated, break
  OMP re-solve: 0.001s

=== True-DRO Benders iter 2 ===
  OMP: t₀=9.735199, UB=Inf, gap=NaN, x=[0, 0, 0, 0, 0, 1, 0, 0, 0, 0, 0, 0, 0, 0, 0, 0, 0, 0, 0, 0, 0, 0, 1, 0, 0, 0, 0, 0, 0, 0, 0, 0, 0, 0, 0, 0] (0.000s)
  Sub: Z₀=15.462608 [LOCAL] (0.3s), α=[0.000,0.000,0.000,0.000,0.000,9.059,0.000,0.000,0.000,0.000,0.000,0.000,0.000,0.885,0.000,0.000,0.000,0.000,0.000,0.000,0.000,0.000,0.000,0.000,0.000,0.000,0.000,0.000,0.000,0.000,0.000,0.000,0.000,0.000,0.000,0.000]
  Iter 2: LB=9.735199  UB=Inf  gap=NaN
  Cut: intercept=-1135.079407, π_x_range=[-818.8953, 578.8004]
  Mini-Benders[1] (mw): LB=10.950919, Z₀(α*)=-44.282041, intercept=-75.042794 (0.111s) [OMP=0.084 ISP-L=0.004 ISP-F=0.009 MW-L=0.008 MW-F=0.006]
  Mini-Benders[2] (mw): LB=10.950919, Z₀(α*)=-44.282041, intercept=-75.042794 (0.118s) [OMP=0.099 ISP-L=0.004 ISP-F=0.008 MW-L=0.008 MW-F=0.006]
  Mini-Benders[3] (mw): LB=10.950919, Z₀(α*)=-44.282041, intercept=-75.042794 (0.135s) [OMP=0.097 ISP-L=0.003 ISP-F=0.008 MW-L=0.007 MW-F=0.007]
  Mini-Benders[4]: LB stagnated, break
  α-step: Z₀=18.389102, α=[0.000,0.000,1.863,0.000,0.000,0.000,0.000,0.000,0.000,0.000,0.000,0.000,0.975,1.684,0.000,0.000,0.000,0.225,0.000,0.000,0.000,0.000,0.000,0.000,0.000,0.000,0.000,0.000,0.000,0.000,0.000,0.000,0.000,5.198,0.000,0.000]
  Alt-Benders[1] (mw): LB=11.035939, Z₀(α*)=2.465954, intercept=-36.056502 (0.115s) [OMP=0.080 ISP-L=0.003 ISP-F=0.009 MW-L=0.008 MW-F=0.007]
  Alt-Benders[2] (mw): LB=11.035939, Z₀(α*)=2.465954, intercept=-36.056502 (0.085s) [OMP=0.062 ISP-L=0.003 ISP-F=0.009 MW-L=0.008 MW-F=0.007]
  Alt-Benders[3] (mw): LB=11.035939, Z₀(α*)=2.465954, intercept=-36.056502 (0.095s) [OMP=0.062 ISP-L=0.003 ISP-F=0.009 MW-L=0.008 MW-F=0.007]
  Alt-Benders[4]: LB stagnated, break
  OMP re-solve: 0.000s

=== True-DRO Benders iter 3 ===
  OMP: t₀=11.035939, UB=Inf, gap=NaN, x=[0, 0, 0, 0, 0, 0, 0, 0, 0, 0, 0, 0, 0, 1, 0, 0, 0, 0, 0, 0, 0, 0, 0, 0, 0, 0, 0, 0, 0, 0, 0, 0, 0, 1, 0, 0] (0.000s)
  Sub: Z₀=18.802601 [LOCAL] (0.1s), α=[0.000,0.000,1.184,0.000,0.000,0.000,0.000,0.000,0.000,0.000,0.000,0.000,0.000,0.000,0.000,0.000,0.000,0.033,0.000,0.000,0.000,0.000,0.000,0.000,0.000,0.000,0.000,0.000,0.000,0.000,0.000,0.000,0.000,8.728,0.000,0.000]
  Iter 3: LB=11.035939  UB=Inf  gap=NaN
  Cut: intercept=-1154.776487, π_x_range=[-822.9869, 591.0521]
  Mini-Benders[1] (mw): LB=11.592142, Z₀(α*)=3.779719, intercept=-74.212349 (0.107s) [OMP=0.078 ISP-L=0.004 ISP-F=0.009 MW-L=0.008 MW-F=0.007]
  Mini-Benders[2] (mw): LB=11.592142, Z₀(α*)=3.779719, intercept=-74.212349 (0.123s) [OMP=0.095 ISP-L=0.004 ISP-F=0.009 MW-L=0.008 MW-F=0.007]
  Mini-Benders[3] (mw): LB=11.592142, Z₀(α*)=3.779719, intercept=-74.212349 (0.137s) [OMP=0.092 ISP-L=0.004 ISP-F=0.008 MW-L=0.008 MW-F=0.023]
  Mini-Benders[4]: LB stagnated, break
  α-step: Z₀=14.902600, α=[0.000,0.000,0.000,0.000,0.000,1.726,0.000,0.000,0.000,0.000,0.000,0.000,0.000,0.664,0.000,0.000,0.000,0.000,0.000,0.000,0.000,0.000,0.000,0.000,0.000,0.000,0.000,0.000,0.000,0.213,0.392,0.000,0.812,6.136,0.000,0.000]
  Alt-Benders[1] (mw): LB=11.656086, Z₀(α*)=9.841289, intercept=-58.696478 (0.096s) [OMP=0.083 ISP-L=0.004 ISP-F=0.009 MW-L=0.006 MW-F=0.006]
  Alt-Benders[2] (mw): LB=11.656086, Z₀(α*)=9.841289, intercept=-58.696478 (0.139s) [OMP=0.099 ISP-L=0.004 ISP-F=0.009 MW-L=0.006 MW-F=0.006]
  Alt-Benders[3] (mw): LB=11.656086, Z₀(α*)=9.841289, intercept=-58.696478 (0.111s) [OMP=0.097 ISP-L=0.004 ISP-F=0.009 MW-L=0.006 MW-F=0.006]
  Alt-Benders[4]: LB stagnated, break
  OMP re-solve: 0.000s

=== True-DRO Benders iter 4 ===
  OMP: t₀=11.656086, UB=Inf, gap=NaN, x=[0, 0, 0, 0, 0, 0, 0, 0, 0, 0, 0, 0, 0, 0, 0, 0, 0, 0, 0, 0, 0, 0, 1, 0, 0, 0, 0, 0, 0, 0, 0, 0, 0, 1, 0, 0] (0.000s)
  Sub: Z₀=18.498085 [LOCAL] (0.1s), α=[0.000,0.000,1.195,0.000,0.000,0.000,0.000,0.000,0.000,0.000,0.000,0.000,0.000,0.000,0.000,0.000,0.000,0.022,0.000,0.000,0.000,0.000,0.000,0.000,0.000,0.000,0.000,0.000,0.000,0.000,0.000,0.000,1.841,6.887,0.000,0.000]
  Iter 4: LB=11.656086  UB=Inf  gap=NaN
  Cut: intercept=-1111.471743, π_x_range=[-820.9091, 576.4543]
  Mini-Benders[1] (mw): LB=11.763232, Z₀(α*)=-2.058655, intercept=-82.506105 (0.128s) [OMP=0.086 ISP-L=0.004 ISP-F=0.008 MW-L=0.008 MW-F=0.006]
  Mini-Benders[2] (mw): LB=11.763232, Z₀(α*)=-2.058655, intercept=-82.506105 (0.098s) [OMP=0.070 ISP-L=0.004 ISP-F=0.008 MW-L=0.008 MW-F=0.006]
  Mini-Benders[3] (mw): LB=11.763232, Z₀(α*)=-2.058655, intercept=-82.506105 (0.096s) [OMP=0.069 ISP-L=0.004 ISP-F=0.008 MW-L=0.008 MW-F=0.006]
  Mini-Benders[4]: LB stagnated, break
  α-step: Z₀=14.745402, α=[0.000,0.000,0.000,0.000,0.000,3.396,0.000,0.000,0.000,0.000,0.000,0.000,0.000,0.942,0.000,0.000,0.000,0.000,0.000,0.000,0.000,0.000,0.000,0.000,0.000,0.000,0.000,0.000,0.000,0.000,0.000,0.000,4.778,0.828,0.000,0.000]
  Alt-Benders[1] (mw): LB=11.781872, Z₀(α*)=-15.995227, intercept=-30.583192 (0.092s) [OMP=0.065 ISP-L=0.003 ISP-F=0.010 MW-L=0.007 MW-F=0.006]
  Alt-Benders[2] (mw): LB=11.781872, Z₀(α*)=-15.995227, intercept=-30.583192 (0.103s) [OMP=0.076 ISP-L=0.003 ISP-F=0.009 MW-L=0.007 MW-F=0.006]
  Alt-Benders[3] (mw): LB=11.781872, Z₀(α*)=-15.995227, intercept=-30.583192 (0.108s) [OMP=0.076 ISP-L=0.003 ISP-F=0.009 MW-L=0.007 MW-F=0.012]
  Alt-Benders[4]: LB stagnated, break
  OMP re-solve: 0.000s

=== True-DRO Benders iter 5 ===
  OMP: t₀=11.781872, UB=Inf, gap=NaN, x=[0, 0, 0, 0, 0, 0, 0, 0, 0, 0, 0, 0, 0, 0, 1, 0, 0, 0, 0, 0, 0, 0, 0, 0, 0, 0, 0, 0, 0, 0, 0, 0, 0, 1, 0, 0] (0.000s)
  Sub: Z₀=19.427682 (0.4s), α=[0.000,0.000,1.696,0.000,0.000,0.000,0.000,0.000,0.000,0.000,0.000,0.000,0.000,0.000,0.000,0.000,0.000,0.000,0.000,0.000,0.000,0.000,0.000,0.000,0.000,0.000,0.000,0.000,0.000,0.000,0.000,0.000,0.000,8.249,0.000,0.000]
  Iter 5: LB=11.781872  UB=19.427682  gap=3.94e-01
  Cut: intercept=-23.591933, π_x_range=[-179.3678, 43.0196]
  Sherali-Cut: intercept=-23.018124, π_x_range=[-77.1163, 42.4458]
  Mini-Benders[1] (mw): LB=11.781872, Z₀(α*)=18.707197, intercept=-55.437767 (0.125s) [OMP=0.096 ISP-L=0.004 ISP-F=0.009 MW-L=0.007 MW-F=0.006]
  Mini-Benders[2] (mw): LB=11.781872, Z₀(α*)=17.700619, intercept=-33.163829 (0.109s) [OMP=0.088 ISP-L=0.003 ISP-F=0.009 MW-L=0.009 MW-F=0.007]
  Mini-Benders[3]: LB stagnated, break
  α-step: Z₀=18.884865, α=[0.000,0.000,1.120,0.000,0.000,0.000,0.000,0.000,0.000,0.000,0.000,0.000,0.000,0.000,0.000,0.000,0.000,0.096,0.000,0.000,0.000,0.000,0.000,0.000,0.000,0.000,0.000,0.000,0.000,0.000,0.000,0.000,1.229,7.499,0.000,0.000]
  Alt-Benders[1] (mw): LB=11.781872, Z₀(α*)=15.135323, intercept=-60.107936 (0.123s) [OMP=0.086 ISP-L=0.003 ISP-F=0.009 MW-L=0.007 MW-F=0.006]
  Alt-Benders[2] (mw): LB=11.781872, Z₀(α*)=-18.317200, intercept=-76.023358 (0.118s) [OMP=0.089 ISP-L=0.003 ISP-F=0.009 MW-L=0.009 MW-F=0.006]
  Alt-Benders[3]: LB stagnated, break
  OMP re-solve: 0.000s

=== True-DRO Benders iter 6 ===
  OMP: t₀=11.781872, UB=19.427682, gap=3.94e-01, x=[0, 0, 1, 0, 0, 0, 0, 0, 0, 0, 0, 0, 0, 0, 0, 0, 0, 0, 0, 0, 0, 0, 0, 0, 0, 0, 0, 0, 0, 0, 0, 0, 0, 1, 0, 0] (0.000s)
  Sub: Z₀=15.438566 [LOCAL] (0.1s), α=[0.000,0.000,5.355,0.000,0.000,0.000,0.000,0.000,0.000,0.000,0.000,0.000,0.000,0.000,0.000,0.000,0.000,0.000,0.000,0.000,0.000,0.000,0.000,0.000,0.000,0.000,0.000,0.000,0.000,0.000,0.000,0.000,0.000,4.589,0.000,0.000]
  Iter 6: LB=11.781872  UB=19.427682  gap=3.94e-01
  Cut: intercept=-1148.201545, π_x_range=[-820.4285, 582.3096]
  Mini-Benders[1] (mw): LB=11.781872, Z₀(α*)=13.247087, intercept=-61.013288 (0.119s) [OMP=0.094 ISP-L=0.003 ISP-F=0.009 MW-L=0.009 MW-F=0.006]
  Mini-Benders[2] (mw): LB=11.781872, Z₀(α*)=-3.989521, intercept=-20.921213 (0.117s) [OMP=0.085 ISP-L=0.004 ISP-F=0.009 MW-L=0.009 MW-F=0.007]
  Mini-Benders[3]: LB stagnated, break
  α-step: Z₀=18.977948, α=[0.000,0.000,1.783,0.000,0.000,0.000,0.000,0.000,0.000,0.000,0.000,0.000,0.000,0.000,0.000,0.000,0.000,0.000,0.000,0.000,0.000,0.000,0.000,0.000,0.000,0.000,0.000,0.000,0.000,0.000,0.000,0.000,0.000,8.162,0.000,0.000]
  Alt-Benders[1] (mw): LB=11.781872, Z₀(α*)=5.388935, intercept=-46.991189 (0.121s) [OMP=0.082 ISP-L=0.003 ISP-F=0.009 MW-L=0.007 MW-F=0.008]
  Alt-Benders[2] (mw): LB=11.781872, Z₀(α*)=5.388935, intercept=-46.991189 (0.119s) [OMP=0.092 ISP-L=0.003 ISP-F=0.009 MW-L=0.007 MW-F=0.007]
  Alt-Benders[3]: LB stagnated, break
  OMP re-solve: 0.000s

=== True-DRO Benders iter 7 ===
  OMP: t₀=11.781872, UB=19.427682, gap=3.94e-01, x=[0, 0, 0, 0, 0, 0, 0, 0, 0, 1, 0, 0, 0, 0, 0, 0, 0, 0, 0, 0, 0, 0, 0, 0, 0, 0, 0, 0, 0, 0, 0, 0, 0, 1, 0, 0] (0.000s)
  Sub: Z₀=17.351887 [LOCAL] (0.1s), α=[0.000,0.000,4.350,0.000,0.000,0.000,0.000,0.000,0.000,0.000,0.000,0.000,0.000,0.000,0.000,0.000,0.000,0.000,0.000,0.000,0.000,0.000,0.000,0.000,0.000,0.000,0.000,0.000,0.000,0.000,0.000,0.000,0.066,5.528,0.000,0.000]
  Iter 7: LB=11.781872  UB=19.427682  gap=3.94e-01
  Cut: intercept=-1128.302040, π_x_range=[-823.6406, 580.1697]
  Mini-Benders[1] (mw): LB=11.781872, Z₀(α*)=-2.624616, intercept=-110.076781 (0.117s) [OMP=0.090 ISP-L=0.004 ISP-F=0.009 MW-L=0.007 MW-F=0.006]
  Mini-Benders[2] (mw): LB=11.781872, Z₀(α*)=-2.624616, intercept=-110.076781 (0.142s) [OMP=0.112 ISP-L=0.003 ISP-F=0.009 MW-L=0.010 MW-F=0.006]
  Mini-Benders[3]: LB stagnated, break
  α-step: Z₀=17.128322, α=[0.000,0.000,0.000,0.000,0.000,0.000,0.181,0.000,0.000,0.000,0.000,0.000,0.000,0.000,0.000,0.000,0.000,3.314,0.000,0.000,0.000,0.000,0.000,0.000,0.110,0.000,0.000,0.000,0.000,0.000,0.000,0.000,0.000,6.340,0.000,0.000]
  Alt-Benders[1] (mw): LB=11.781872, Z₀(α*)=10.086222, intercept=-21.209032 (0.141s) [OMP=0.108 ISP-L=0.004 ISP-F=0.009 MW-L=0.008 MW-F=0.006]
  Alt-Benders[2] (mw): LB=11.781872, Z₀(α*)=10.086222, intercept=-21.209032 (0.126s) [OMP=0.095 ISP-L=0.004 ISP-F=0.009 MW-L=0.008 MW-F=0.006]
  Alt-Benders[3]: LB stagnated, break
  OMP re-solve: 0.000s

=== True-DRO Benders iter 8 ===
  OMP: t₀=11.781872, UB=19.427682, gap=3.94e-01, x=[0, 0, 0, 0, 0, 0, 0, 0, 0, 0, 0, 0, 0, 0, 0, 0, 0, 0, 0, 0, 0, 0, 0, 0, 0, 0, 0, 0, 0, 1, 0, 0, 0, 1, 0, 0] (0.000s)
  Sub: Z₀=19.365157 [LOCAL] (0.1s), α=[0.000,0.000,1.783,0.000,0.000,0.000,0.000,0.000,0.000,0.000,0.000,0.000,0.000,0.000,0.000,0.000,0.000,0.000,0.000,0.000,0.000,0.000,0.000,0.000,0.000,0.000,0.000,0.000,0.000,0.000,0.000,0.000,0.000,8.162,0.000,0.000]
  Iter 8: LB=11.781872  UB=19.427682  gap=3.94e-01
  Cut: intercept=-1147.065427, π_x_range=[-821.1919, 590.7040]
  Mini-Benders[1] (mw): LB=11.781872, Z₀(α*)=19.427682, intercept=-23.018094 (0.131s) [OMP=0.092 ISP-L=0.003 ISP-F=0.010 MW-L=0.007 MW-F=0.008]
  Mini-Benders[2] (mw): LB=11.908421, Z₀(α*)=-1.171299, intercept=-74.688806 (0.128s) [OMP=0.097 ISP-L=0.003 ISP-F=0.011 MW-L=0.007 MW-F=0.008]
  Mini-Benders[3] (mw): LB=11.908421, Z₀(α*)=-1.171299, intercept=-74.688806 (0.123s) [OMP=0.093 ISP-L=0.003 ISP-F=0.011 MW-L=0.007 MW-F=0.008]
  Mini-Benders[4] (mw): LB=11.908421, Z₀(α*)=-1.171299, intercept=-74.688806 (0.119s) [OMP=0.095 ISP-L=0.004 ISP-F=0.011 MW-L=0.008 MW-F=0.008]
  Mini-Benders[5]: LB stagnated, break
  α-step: Z₀=18.578035, α=[0.000,0.000,2.169,0.000,0.000,0.000,0.000,0.000,0.000,0.000,0.000,0.000,0.000,0.000,0.000,0.000,0.000,0.000,0.000,0.000,0.000,0.000,0.000,0.000,0.000,0.000,0.000,0.000,0.000,0.000,0.000,0.000,6.309,1.467,0.000,0.000]
  Alt-Benders[1] (mw): LB=12.273291, Z₀(α*)=18.970700, intercept=-33.494536 (0.123s) [OMP=0.092 ISP-L=0.004 ISP-F=0.009 MW-L=0.009 MW-F=0.006]
  Alt-Benders[2] (mw): LB=12.381944, Z₀(α*)=-28.098433, intercept=-60.876049 (0.121s) [OMP=0.092 ISP-L=0.004 ISP-F=0.009 MW-L=0.009 MW-F=0.006]
  Alt-Benders[3] (mw): LB=12.381944, Z₀(α*)=-28.098433, intercept=-60.876049 (0.121s) [OMP=0.094 ISP-L=0.003 ISP-F=0.009 MW-L=0.009 MW-F=0.006]
  Alt-Benders[4] (mw): LB=12.381944, Z₀(α*)=-28.098433, intercept=-60.876049 (0.121s) [OMP=0.092 ISP-L=0.003 ISP-F=0.009 MW-L=0.009 MW-F=0.006]
  Alt-Benders[5]: LB stagnated, break
  OMP re-solve: 0.000s

=== True-DRO Benders iter 9 ===
  OMP: t₀=12.381944, UB=19.427682, gap=3.63e-01, x=[0, 0, 0, 0, 0, 0, 1, 0, 0, 0, 0, 0, 1, 0, 0, 0, 0, 0, 0, 0, 0, 0, 0, 0, 0, 0, 0, 0, 0, 0, 0, 0, 0, 0, 0, 0] (0.000s)
  Sub: Z₀=19.525230 [LOCAL] (0.2s), α=[0.000,0.000,2.990,0.000,0.000,0.000,0.000,0.000,0.000,0.000,0.000,0.000,2.298,0.000,0.000,0.000,0.000,0.000,0.000,0.000,0.000,0.000,0.000,0.000,0.000,0.000,0.000,0.000,0.000,0.000,0.000,0.000,0.000,4.656,0.000,0.000]
  Iter 9: LB=12.381944  UB=19.427682  gap=3.63e-01
  Cut: intercept=-1138.212094, π_x_range=[-823.1080, 585.2613]
  Mini-Benders[1] (mw): LB=12.494595, Z₀(α*)=-0.041365, intercept=-27.038467 (0.141s) [OMP=0.095 ISP-L=0.004 ISP-F=0.009 MW-L=0.008 MW-F=0.009]
  Mini-Benders[2] (mw): LB=12.494595, Z₀(α*)=-0.041365, intercept=-27.038467 (0.122s) [OMP=0.091 ISP-L=0.004 ISP-F=0.009 MW-L=0.008 MW-F=0.009]
  Mini-Benders[3] (mw): LB=12.494595, Z₀(α*)=-0.041365, intercept=-27.038467 (0.112s) [OMP=0.091 ISP-L=0.004 ISP-F=0.010 MW-L=0.008 MW-F=0.009]
  Mini-Benders[4]: LB stagnated, break
  α-step: Z₀=19.042258, α=[0.000,0.000,2.193,0.000,0.000,0.000,0.000,0.000,0.000,0.000,0.000,0.000,0.000,0.000,0.000,0.000,0.000,0.000,0.000,0.000,0.000,0.000,0.000,0.000,0.000,0.000,0.000,0.000,0.000,0.000,0.000,0.000,3.688,4.063,0.000,0.000]
  Alt-Benders[1] (mw): LB=12.533151, Z₀(α*)=-5.821547, intercept=-79.737638 (0.133s) [OMP=0.104 ISP-L=0.003 ISP-F=0.009 MW-L=0.009 MW-F=0.007]
  Alt-Benders[2] (mw): LB=12.533151, Z₀(α*)=-5.821547, intercept=-79.737638 (0.126s) [OMP=0.100 ISP-L=0.003 ISP-F=0.008 MW-L=0.009 MW-F=0.006]
  Alt-Benders[3] (mw): LB=12.533151, Z₀(α*)=-5.821547, intercept=-79.737638 (0.125s) [OMP=0.097 ISP-L=0.003 ISP-F=0.008 MW-L=0.009 MW-F=0.006]
  Alt-Benders[4]: LB stagnated, break
  OMP re-solve: 0.000s

=== True-DRO Benders iter 10 ===
  OMP: t₀=12.533151, UB=19.427682, gap=3.55e-01, x=[0, 0, 1, 0, 0, 0, 0, 0, 0, 0, 0, 0, 0, 0, 0, 0, 0, 0, 0, 0, 0, 0, 0, 0, 0, 0, 0, 0, 0, 0, 0, 0, 1, 0, 0, 0] (0.000s)
  Sub: Z₀=14.671609 (0.4s), α=[0.000,0.000,6.382,0.000,0.000,0.000,0.000,0.000,0.000,0.000,0.000,0.000,0.000,0.000,0.000,0.000,0.000,0.000,0.000,0.000,0.000,0.000,0.000,0.000,0.000,0.000,0.000,0.000,0.000,0.000,0.000,0.000,3.562,0.000,0.000,0.000]
  Iter 10: LB=12.533151  UB=14.671609  gap=1.46e-01
  Cut: intercept=-84.182707, π_x_range=[-230.0000, 52.8486]
  Sherali-Cut: intercept=-79.954011, π_x_range=[-68.7514, 50.7676]
  Mini-Benders[1] (mw): LB=12.533151, Z₀(α*)=-10.734948, intercept=-31.433600 (0.126s) [OMP=0.094 ISP-L=0.004 ISP-F=0.010 MW-L=0.007 MW-F=0.008]
  Mini-Benders[2] (mw): LB=12.533151, Z₀(α*)=-10.734948, intercept=-31.433600 (0.125s) [OMP=0.088 ISP-L=0.004 ISP-F=0.010 MW-L=0.007 MW-F=0.008]
  Mini-Benders[3]: LB stagnated, break
  α-step: Z₀=19.283362, α=[0.000,0.000,2.169,0.000,0.000,0.000,0.000,0.000,0.000,0.000,0.000,0.000,0.000,0.000,0.000,0.000,0.000,0.000,0.000,0.000,0.000,0.000,0.000,0.000,0.000,0.000,0.000,0.000,0.000,0.000,0.000,0.000,3.166,4.609,0.000,0.000]
  Alt-Benders[1] (mw): LB=12.533151, Z₀(α*)=18.690065, intercept=-50.911839 (0.125s) [OMP=0.099 ISP-L=0.004 ISP-F=0.008 MW-L=0.007 MW-F=0.006]
  Alt-Benders[2] (mw): LB=12.533151, Z₀(α*)=3.521183, intercept=-84.525164 (0.130s) [OMP=0.101 ISP-L=0.003 ISP-F=0.010 MW-L=0.010 MW-F=0.006]
  Alt-Benders[3]: LB stagnated, break
  OMP re-solve: 0.000s

=== True-DRO Benders iter 11 ===
  OMP: t₀=12.533151, UB=14.671609, gap=1.46e-01, x=[0, 0, 0, 0, 0, 0, 0, 0, 0, 0, 0, 0, 0, 0, 0, 0, 0, 0, 0, 0, 0, 0, 0, 0, 1, 0, 0, 0, 0, 0, 0, 0, 1, 0, 0, 0] (0.000s)
  Sub: Z₀=16.433115 [LOCAL] (0.1s), α=[0.000,0.000,0.000,0.000,0.000,0.000,0.031,0.000,0.000,0.000,0.000,0.000,0.000,0.000,0.000,0.000,0.000,1.434,0.000,0.000,0.000,0.000,0.000,0.000,1.350,0.000,0.000,0.000,0.000,0.000,0.000,0.000,5.945,1.185,0.000,0.000]
  Iter 11: LB=12.533151  UB=14.671609  gap=1.46e-01
  Cut: intercept=-1104.474553, π_x_range=[-820.7035, 574.2448]
  Mini-Benders[1] (mw): LB=12.533151, Z₀(α*)=10.300700, intercept=-48.293747 (0.125s) [OMP=0.099 ISP-L=0.003 ISP-F=0.010 MW-L=0.010 MW-F=0.006]
  Mini-Benders[2] (mw): LB=12.533151, Z₀(α*)=10.300700, intercept=-48.293747 (0.125s) [OMP=0.097 ISP-L=0.003 ISP-F=0.010 MW-L=0.009 MW-F=0.006]
  Mini-Benders[3]: LB stagnated, break
  α-step: Z₀=18.769782, α=[0.000,0.000,2.169,0.000,0.000,0.000,0.000,0.000,0.000,0.000,0.000,0.000,0.000,0.000,0.000,0.000,0.000,0.000,0.000,0.000,0.000,0.000,0.000,0.000,0.000,0.000,0.000,0.000,0.000,0.000,0.000,0.000,5.013,2.763,0.000,0.000]
  Alt-Benders[1] (mw): LB=12.533151, Z₀(α*)=18.558918, intercept=-59.955418 (0.123s) [OMP=0.095 ISP-L=0.004 ISP-F=0.008 MW-L=0.007 MW-F=0.007]
  Alt-Benders[2] (mw): LB=12.533151, Z₀(α*)=10.267742, intercept=-70.409961 (0.121s) [OMP=0.091 ISP-L=0.004 ISP-F=0.010 MW-L=0.007 MW-F=0.007]
  Alt-Benders[3]: LB stagnated, break
  OMP re-solve: 0.000s

=== True-DRO Benders iter 12 ===
  OMP: t₀=12.533151, UB=14.671609, gap=1.46e-01, x=[0, 0, 0, 0, 0, 0, 0, 0, 0, 1, 0, 0, 0, 0, 0, 0, 0, 0, 0, 0, 0, 0, 0, 0, 0, 0, 0, 0, 0, 0, 0, 0, 1, 0, 0, 0] (0.000s)
  Sub: Z₀=16.682913 [LOCAL] (0.1s), α=[0.000,0.000,4.016,0.000,0.000,0.000,0.000,0.000,0.000,0.000,0.000,0.000,0.000,0.000,0.000,0.000,0.000,0.000,0.000,0.000,0.000,0.000,0.000,0.000,0.000,0.000,0.000,0.000,0.000,0.000,0.000,0.000,4.024,1.904,0.000,0.000]
  Iter 12: LB=12.533151  UB=14.671609  gap=1.46e-01
  Cut: intercept=-1128.181144, π_x_range=[-823.3774, 580.7098]
  Mini-Benders[1] (mw): LB=12.533151, Z₀(α*)=13.352171, intercept=-74.496329 (0.125s) [OMP=0.095 ISP-L=0.003 ISP-F=0.008 MW-L=0.007 MW-F=0.006]
  Mini-Benders[2] (mw): LB=12.533151, Z₀(α*)=8.473440, intercept=-32.552222 (0.125s) [OMP=0.099 ISP-L=0.004 ISP-F=0.009 MW-L=0.010 MW-F=0.006]
  Mini-Benders[3]: LB stagnated, break
  α-step: Z₀=19.206693, α=[0.000,0.000,2.038,0.000,0.000,0.000,0.000,0.000,0.000,0.000,0.000,0.000,0.000,0.000,0.000,0.000,0.000,0.000,0.000,0.000,0.000,0.000,0.000,0.000,0.000,0.000,0.000,0.000,0.000,0.000,0.000,0.000,4.402,3.505,0.000,0.000]
  Alt-Benders[1] (mw): LB=12.533151, Z₀(α*)=7.231235, intercept=-61.524825 (0.133s) [OMP=0.100 ISP-L=0.004 ISP-F=0.009 MW-L=0.009 MW-F=0.006]
  Alt-Benders[2] (mw): LB=12.533151, Z₀(α*)=7.231235, intercept=-61.524825 (0.117s) [OMP=0.100 ISP-L=0.004 ISP-F=0.009 MW-L=0.009 MW-F=0.006]
  Alt-Benders[3]: LB stagnated, break
  OMP re-solve: 0.000s

=== True-DRO Benders iter 13 ===
  OMP: t₀=12.533151, UB=14.671609, gap=1.46e-01, x=[0, 0, 0, 0, 0, 0, 0, 0, 0, 0, 0, 0, 0, 0, 0, 0, 0, 0, 0, 0, 0, 1, 0, 0, 0, 0, 0, 0, 0, 0, 0, 0, 1, 0, 0, 0] (0.000s)
  Sub: Z₀=18.419741 [LOCAL] (0.1s), α=[0.000,0.000,1.455,0.000,0.000,0.000,0.000,0.000,0.000,0.000,0.000,0.000,0.000,0.000,0.000,0.000,0.000,0.000,0.000,0.000,0.000,0.000,0.000,0.000,0.000,0.000,0.000,0.000,0.000,0.000,0.000,0.000,8.490,0.000,0.000,0.000]
  Iter 13: LB=12.533151  UB=14.671609  gap=1.46e-01
  Cut: intercept=-1140.236254, π_x_range=[-821.4369, 584.8430]
  Mini-Benders[1] (mw): LB=12.965403, Z₀(α*)=-41.565871, intercept=-60.186417 (0.140s) [OMP=0.109 ISP-L=0.003 ISP-F=0.009 MW-L=0.008 MW-F=0.008]
  Mini-Benders[2] (mw): LB=12.965403, Z₀(α*)=-41.565871, intercept=-60.186417 (0.140s) [OMP=0.104 ISP-L=0.003 ISP-F=0.009 MW-L=0.008 MW-F=0.008]
  Mini-Benders[3] (mw): LB=12.965403, Z₀(α*)=-41.565871, intercept=-60.186417 (0.134s) [OMP=0.100 ISP-L=0.004 ISP-F=0.009 MW-L=0.008 MW-F=0.008]
  Mini-Benders[4]: LB stagnated, break
  α-step: Z₀=19.833147, α=[0.000,0.000,2.990,0.000,0.000,0.000,0.000,0.000,0.000,0.000,0.000,0.000,2.900,0.000,0.000,0.000,0.000,0.000,0.000,0.000,0.000,0.000,0.000,0.000,0.000,0.000,0.000,0.000,0.000,0.000,0.000,0.000,0.000,4.054,0.000,0.000]
  Alt-Benders[1] (mw): LB=13.067530, Z₀(α*)=19.833147, intercept=-54.262629 (0.128s) [OMP=0.098 ISP-L=0.004 ISP-F=0.010 MW-L=0.009 MW-F=0.006]
  Alt-Benders[2] (mw): LB=13.096807, Z₀(α*)=-15.518535, intercept=-71.335420 (0.128s) [OMP=0.099 ISP-L=0.004 ISP-F=0.009 MW-L=0.010 MW-F=0.006]
  Alt-Benders[3] (mw): LB=13.096807, Z₀(α*)=-15.518535, intercept=-71.335420 (0.120s) [OMP=0.091 ISP-L=0.004 ISP-F=0.009 MW-L=0.009 MW-F=0.006]
  Alt-Benders[4] (mw): LB=13.096807, Z₀(α*)=-15.518535, intercept=-71.335420 (0.119s) [OMP=0.091 ISP-L=0.004 ISP-F=0.009 MW-L=0.009 MW-F=0.006]
  Alt-Benders[5]: LB stagnated, break
  OMP re-solve: 0.000s

=== True-DRO Benders iter 14 ===
  OMP: t₀=13.096807, UB=14.671609, gap=1.07e-01, x=[0, 0, 0, 0, 0, 1, 0, 0, 0, 0, 0, 0, 1, 0, 0, 0, 0, 0, 0, 0, 0, 0, 0, 0, 0, 0, 0, 0, 0, 0, 0, 0, 0, 0, 0, 0] (0.000s)
  Sub: Z₀=17.403021 [LOCAL] (0.1s), α=[0.000,0.000,1.510,0.000,0.000,1.964,0.000,0.000,0.000,0.000,0.000,0.000,0.000,4.123,0.000,0.000,0.000,0.252,0.000,0.000,0.000,0.000,0.000,0.000,0.000,0.000,0.000,0.000,0.000,0.092,0.423,0.000,0.000,1.580,0.000,0.000]
  Iter 14: LB=13.096807  UB=14.671609  gap=1.07e-01
  Cut: intercept=-1099.323133, π_x_range=[-818.3372, 561.7139]
  Mini-Benders[1] (mw): LB=13.096807, Z₀(α*)=7.406651, intercept=-83.364816 (0.125s) [OMP=0.097 ISP-L=0.003 ISP-F=0.009 MW-L=0.006 MW-F=0.008]
  Mini-Benders[2] (mw): LB=13.096807, Z₀(α*)=7.406651, intercept=-83.364816 (0.118s) [OMP=0.090 ISP-L=0.003 ISP-F=0.009 MW-L=0.007 MW-F=0.008]
  Mini-Benders[3]: LB stagnated, break
  α-step: Z₀=18.923104, α=[0.000,0.000,2.400,0.000,0.000,0.000,0.000,0.000,0.000,0.000,0.000,0.000,1.825,3.506,0.000,0.000,0.000,0.000,0.000,0.000,0.000,0.000,0.000,0.000,0.000,0.000,0.000,0.000,0.000,0.000,0.000,0.000,0.000,2.213,0.000,0.000]
  Alt-Benders[1] (mw): LB=13.096807, Z₀(α*)=1.919068, intercept=-92.636827 (0.146s) [OMP=0.119 ISP-L=0.003 ISP-F=0.009 MW-L=0.007 MW-F=0.006]
  Alt-Benders[2] (mw): LB=13.096807, Z₀(α*)=1.919068, intercept=-92.636827 (0.150s) [OMP=0.126 ISP-L=0.003 ISP-F=0.009 MW-L=0.009 MW-F=0.006]
  Alt-Benders[3]: LB stagnated, break
  OMP re-solve: 0.000s

=== True-DRO Benders iter 15 ===
  OMP: t₀=13.096807, UB=14.671609, gap=1.07e-01, x=[0, 0, 0, 0, 0, 0, 0, 0, 0, 1, 0, 0, 1, 0, 0, 0, 0, 0, 0, 0, 0, 0, 0, 0, 0, 0, 0, 0, 0, 0, 0, 0, 0, 0, 0, 0] (0.000s)
  Sub: Z₀=16.773950 (1.9s), α=[0.000,0.000,4.385,0.000,0.000,0.000,0.000,0.000,0.000,2.118,0.000,0.000,0.000,0.000,0.000,0.000,0.000,0.000,0.000,0.000,0.000,0.000,0.000,0.000,0.000,0.000,0.000,0.000,0.000,0.000,0.000,0.000,0.000,3.441,0.000,0.000]
  Iter 15: LB=13.096807  UB=14.671609  gap=1.07e-01
  Cut: intercept=-95.496454, π_x_range=[-182.1326, 57.1880]
  Sherali-Cut: intercept=-93.707203, π_x_range=[-73.4157, 56.2781]
  Mini-Benders[1] (mw): LB=13.096807, Z₀(α*)=-9.622358, intercept=-100.217402 (0.132s) [OMP=0.109 ISP-L=0.003 ISP-F=0.010 MW-L=0.008 MW-F=0.006]
  Mini-Benders[2] (mw): LB=13.096807, Z₀(α*)=-9.622358, intercept=-100.217402 (0.120s) [OMP=0.098 ISP-L=0.003 ISP-F=0.009 MW-L=0.006 MW-F=0.008]
  Mini-Benders[3]: LB stagnated, break
  α-step: Z₀=18.332700, α=[0.000,0.000,0.000,0.000,0.000,0.000,0.330,0.000,0.000,0.000,0.000,0.000,0.000,1.958,0.000,0.000,0.000,3.919,0.000,0.000,0.000,0.000,0.000,0.000,0.000,0.000,0.000,0.000,0.000,0.000,0.000,0.000,0.000,3.737,0.000,0.000]
  Alt-Benders[1] (mw): LB=13.096807, Z₀(α*)=7.266807, intercept=-88.958761 (0.131s) [OMP=0.102 ISP-L=0.004 ISP-F=0.010 MW-L=0.007 MW-F=0.007]
  Alt-Benders[2] (mw): LB=13.096807, Z₀(α*)=7.266807, intercept=-88.958761 (0.120s) [OMP=0.094 ISP-L=0.004 ISP-F=0.009 MW-L=0.007 MW-F=0.007]
  Alt-Benders[3]: LB stagnated, break
  OMP re-solve: 0.000s

=== True-DRO Benders iter 16 ===
  OMP: t₀=13.096807, UB=14.671609, gap=1.07e-01, x=[0, 0, 0, 0, 0, 0, 0, 0, 0, 0, 0, 0, 1, 0, 0, 0, 0, 0, 0, 0, 0, 0, 0, 0, 0, 0, 0, 0, 1, 0, 0, 0, 0, 0, 0, 0] (0.000s)
  Sub: Z₀=19.384886 [LOCAL] (0.1s), α=[0.000,0.000,3.448,0.000,0.000,0.000,0.000,0.000,0.000,0.000,0.000,0.000,1.665,0.198,0.000,0.000,0.000,0.000,0.000,0.000,0.000,0.000,0.000,0.000,0.000,0.000,0.000,0.000,0.000,0.000,0.000,0.000,0.000,4.633,0.000,0.000]
  Iter 16: LB=13.096807  UB=14.671609  gap=1.07e-01
  Cut: intercept=-1119.092412, π_x_range=[-821.3809, 572.1019]
  Mini-Benders[1] (mw): LB=13.096807, Z₀(α*)=19.060405, intercept=-64.041037 (0.135s) [OMP=0.113 ISP-L=0.003 ISP-F=0.009 MW-L=0.009 MW-F=0.006]
  Mini-Benders[2] (mw): LB=13.096807, Z₀(α*)=17.325039, intercept=-92.441055 (0.167s) [OMP=0.132 ISP-L=0.004 ISP-F=0.010 MW-L=0.009 MW-F=0.006]
  Mini-Benders[3]: LB stagnated, break
  α-step: Z₀=15.200944, α=[0.000,0.000,0.918,0.000,0.000,0.000,0.000,0.000,0.000,0.000,0.000,0.000,0.000,0.000,0.000,0.000,0.000,4.145,0.000,0.000,0.000,0.000,0.000,0.000,0.000,0.000,0.000,0.000,0.000,0.000,0.000,0.000,0.000,4.881,0.000,0.000]
  Alt-Benders[1] (mw): LB=13.096807, Z₀(α*)=-1.988537, intercept=-64.114802 (0.157s) [OMP=0.127 ISP-L=0.004 ISP-F=0.009 MW-L=0.009 MW-F=0.007]
  Alt-Benders[2] (mw): LB=13.096807, Z₀(α*)=-1.988537, intercept=-64.114802 (0.122s) [OMP=0.096 ISP-L=0.004 ISP-F=0.009 MW-L=0.007 MW-F=0.009]
  Alt-Benders[3]: LB stagnated, break
  OMP re-solve: 0.000s

=== True-DRO Benders iter 17 ===
  OMP: t₀=13.096807, UB=14.671609, gap=1.07e-01, x=[0, 0, 0, 0, 0, 0, 0, 0, 0, 0, 0, 0, 1, 0, 0, 0, 0, 0, 0, 0, 0, 1, 0, 0, 0, 0, 0, 0, 0, 0, 0, 0, 0, 0, 0, 0] (0.000s)
  Sub: Z₀=18.601154 [LOCAL] (0.1s), α=[0.000,0.000,1.701,0.000,0.000,0.000,0.000,0.000,0.000,0.000,0.000,0.000,3.848,0.939,0.000,0.000,0.000,0.578,0.000,0.000,0.000,0.781,0.000,0.000,0.000,0.000,0.000,0.000,0.000,0.000,0.000,0.000,0.039,2.058,0.000,0.000]
  Iter 17: LB=13.096807  UB=14.671609  gap=1.07e-01
  Cut: intercept=-1108.612367, π_x_range=[-819.5136, 571.0109]
  Mini-Benders[1] (mw): LB=13.096807, Z₀(α*)=12.561624, intercept=-61.908949 (0.182s) [OMP=0.145 ISP-L=0.004 ISP-F=0.010 MW-L=0.007 MW-F=0.008]
  Mini-Benders[2] (mw): LB=13.096807, Z₀(α*)=12.561624, intercept=-61.908949 (0.120s) [OMP=0.100 ISP-L=0.003 ISP-F=0.010 MW-L=0.007 MW-F=0.006]
  Mini-Benders[3]: LB stagnated, break
  α-step: Z₀=19.462040, α=[0.000,0.000,2.990,0.000,0.000,0.000,0.000,0.000,0.000,0.000,0.000,0.000,2.097,1.733,0.000,0.000,0.000,0.000,0.000,0.000,0.000,0.000,0.000,0.000,0.000,0.000,0.000,0.000,0.000,0.000,0.000,0.000,0.000,3.124,0.000,0.000]
  Alt-Benders[1] (mw): LB=13.096807, Z₀(α*)=-5.465160, intercept=-74.648838 (0.132s) [OMP=0.108 ISP-L=0.003 ISP-F=0.009 MW-L=0.009 MW-F=0.007]
  Alt-Benders[2] (mw): LB=13.096807, Z₀(α*)=-5.465160, intercept=-74.648838 (0.120s) [OMP=0.098 ISP-L=0.003 ISP-F=0.008 MW-L=0.009 MW-F=0.007]
  Alt-Benders[3]: LB stagnated, break
  OMP re-solve: 0.000s

=== True-DRO Benders iter 18 ===
  OMP: t₀=13.096807, UB=14.671609, gap=1.07e-01, x=[0, 0, 1, 0, 0, 0, 0, 0, 0, 0, 0, 0, 1, 0, 0, 0, 0, 0, 0, 0, 0, 0, 0, 0, 0, 0, 0, 0, 0, 0, 0, 0, 0, 0, 0, 0] (0.000s)
  Sub: Z₀=15.908699 [LOCAL] (0.1s), α=[0.000,0.000,6.994,0.000,0.000,0.000,0.000,0.000,0.000,0.000,0.000,0.000,0.000,0.000,0.000,0.000,0.000,0.044,0.000,0.000,0.000,0.000,0.000,0.000,0.000,0.000,0.000,0.000,0.000,0.000,0.000,0.000,0.000,2.906,0.000,0.000]
  Iter 18: LB=13.096807  UB=14.671609  gap=1.07e-01
  Cut: intercept=-1126.857312, π_x_range=[-819.1200, 580.0763]
  Mini-Benders[1] (mw): LB=13.096807, Z₀(α*)=-9.915493, intercept=-50.348040 (0.150s) [OMP=0.119 ISP-L=0.004 ISP-F=0.010 MW-L=0.007 MW-F=0.008]
  Mini-Benders[2] (mw): LB=13.096807, Z₀(α*)=-9.915493, intercept=-50.348040 (0.166s) [OMP=0.133 ISP-L=0.004 ISP-F=0.010 MW-L=0.007 MW-F=0.008]
  Mini-Benders[3]: LB stagnated, break
  α-step: Z₀=19.833147, α=[0.000,0.000,2.990,0.000,0.000,0.000,0.000,0.000,0.000,0.000,0.000,0.000,1.820,1.079,0.000,0.000,0.000,0.000,0.000,0.000,0.000,0.000,0.000,0.000,0.000,0.000,0.000,0.000,0.000,0.000,0.000,0.000,0.000,4.054,0.000,0.000]
  Alt-Benders[1] (mw): LB=13.247085, Z₀(α*)=3.139704, intercept=-62.046175 (0.135s) [OMP=0.120 ISP-L=0.003 ISP-F=0.008 MW-L=0.007 MW-F=0.008]
  Alt-Benders[2] (mw): LB=13.247085, Z₀(α*)=3.139704, intercept=-62.046175 (0.135s) [OMP=0.109 ISP-L=0.003 ISP-F=0.008 MW-L=0.007 MW-F=0.006]
  Alt-Benders[3] (mw): LB=13.247085, Z₀(α*)=3.139704, intercept=-62.046175 (0.138s) [OMP=0.102 ISP-L=0.003 ISP-F=0.008 MW-L=0.009 MW-F=0.006]
  Alt-Benders[4]: LB stagnated, break
  OMP re-solve: 0.000s

=== True-DRO Benders iter 19 ===
  OMP: t₀=13.247085, UB=14.671609, gap=9.71e-02, x=[0, 0, 0, 0, 0, 0, 0, 0, 0, 0, 0, 0, 0, 0, 0, 0, 0, 1, 0, 0, 0, 0, 0, 0, 0, 0, 0, 0, 0, 0, 0, 0, 0, 1, 0, 0] (0.000s)
  Sub: Z₀=16.175830 [LOCAL] (0.1s), α=[0.000,0.000,2.122,0.000,0.000,0.000,0.000,0.000,0.000,0.000,0.000,0.000,0.000,0.000,0.000,0.000,0.000,1.700,0.000,0.000,0.000,0.000,0.000,0.000,0.000,0.000,0.000,0.000,0.000,0.000,0.000,0.000,0.000,6.123,0.000,0.000]
  Iter 19: LB=13.247085  UB=14.671609  gap=9.71e-02
  Cut: intercept=-1150.553991, π_x_range=[-822.1573, 587.0797]
  Mini-Benders[1] (mw): LB=13.352169, Z₀(α*)=12.923239, intercept=-74.901683 (0.167s) [OMP=0.138 ISP-L=0.003 ISP-F=0.009 MW-L=0.010 MW-F=0.006]
  Mini-Benders[2] (mw): LB=13.352169, Z₀(α*)=12.923239, intercept=-74.901683 (0.136s) [OMP=0.101 ISP-L=0.003 ISP-F=0.009 MW-L=0.010 MW-F=0.006]
  Mini-Benders[3] (mw): LB=13.352169, Z₀(α*)=12.923239, intercept=-74.901683 (0.135s) [OMP=0.101 ISP-L=0.003 ISP-F=0.009 MW-L=0.008 MW-F=0.008]
  Mini-Benders[4]: LB stagnated, break
  α-step: Z₀=15.882879, α=[0.000,0.000,0.000,0.000,0.000,0.000,0.000,0.000,0.000,0.000,0.000,0.000,0.000,0.000,0.000,0.000,0.000,5.486,0.000,0.000,0.000,0.000,0.000,0.000,0.000,0.000,0.000,0.000,0.000,0.000,0.000,0.000,1.670,2.787,0.000,0.000]
  Alt-Benders[1] (mw): LB=13.510969, Z₀(α*)=-19.958516, intercept=-105.678791 (0.146s) [OMP=0.121 ISP-L=0.003 ISP-F=0.009 MW-L=0.007 MW-F=0.009]
  Alt-Benders[2] (mw): LB=13.510969, Z₀(α*)=-19.958516, intercept=-105.678791 (0.135s) [OMP=0.107 ISP-L=0.003 ISP-F=0.009 MW-L=0.007 MW-F=0.007]
  Alt-Benders[3] (mw): LB=13.510969, Z₀(α*)=-19.958516, intercept=-105.678791 (0.138s) [OMP=0.110 ISP-L=0.003 ISP-F=0.009 MW-L=0.009 MW-F=0.007]
  Alt-Benders[4]: LB stagnated, break
  OMP re-solve: 0.000s

=== True-DRO Benders iter 20 ===
  OMP: t₀=13.510969, UB=14.671609, gap=7.91e-02, x=[0, 0, 0, 0, 0, 0, 0, 0, 0, 0, 0, 0, 0, 0, 0, 0, 0, 0, 0, 0, 0, 1, 1, 0, 0, 0, 0, 0, 0, 0, 0, 0, 0, 0, 0, 0] (0.000s)
  Sub: Z₀=19.346238 (0.9s), α=[0.000,0.000,2.237,0.000,0.000,0.000,0.000,0.000,0.000,0.000,0.000,0.000,0.000,0.000,0.000,0.000,0.000,0.000,0.000,0.000,0.000,1.775,4.597,0.000,0.000,0.000,0.000,0.000,0.000,0.000,0.000,0.000,1.336,0.000,0.000,0.000]
  Iter 20: LB=13.510969  UB=14.671609  gap=7.91e-02
  Cut: intercept=-107.480953, π_x_range=[-238.2669, 76.4885]
  Sherali-Cut: intercept=-107.115765, π_x_range=[-85.4783, 76.3474]
  Mini-Benders[1] (mw): LB=13.843235, Z₀(α*)=7.372967, intercept=-56.330806 (0.167s) [OMP=0.138 ISP-L=0.003 ISP-F=0.011 MW-L=0.009 MW-F=0.006]
  Mini-Benders[2] (mw): LB=13.843235, Z₀(α*)=7.372967, intercept=-56.330806 (0.134s) [OMP=0.105 ISP-L=0.004 ISP-F=0.011 MW-L=0.007 MW-F=0.008]
  Mini-Benders[3] (mw): LB=13.843235, Z₀(α*)=7.372967, intercept=-56.330806 (0.135s) [OMP=0.103 ISP-L=0.003 ISP-F=0.011 MW-L=0.007 MW-F=0.008]
  Mini-Benders[4]: LB stagnated, break
  α-step: Z₀=20.665224, α=[0.000,0.000,4.171,0.000,0.000,0.000,0.000,0.000,0.000,0.000,0.000,0.000,0.000,0.671,0.000,0.000,0.000,0.000,0.000,0.000,0.000,0.000,1.815,0.000,0.000,0.000,0.000,0.000,0.000,0.000,0.000,0.000,0.764,2.523,0.000,0.000]
  Alt-Benders[1] (mw): LB=14.318869, Z₀(α*)=-16.696703, intercept=-31.708069 (0.158s) [OMP=0.140 ISP-L=0.004 ISP-F=0.009 MW-L=0.007 MW-F=0.008]
  Alt-Benders[2] (mw): LB=14.318869, Z₀(α*)=-16.696703, intercept=-31.708069 (0.136s) [OMP=0.109 ISP-L=0.004 ISP-F=0.008 MW-L=0.007 MW-F=0.006]
  Alt-Benders[3] (mw): LB=14.318869, Z₀(α*)=-16.696703, intercept=-31.708069 (0.135s) [OMP=0.107 ISP-L=0.004 ISP-F=0.008 MW-L=0.010 MW-F=0.006]
  Alt-Benders[4]: LB stagnated, break
  OMP re-solve: 0.000s

=== True-DRO Benders iter 21 ===
  OMP: t₀=14.318869, UB=14.671609, gap=2.40e-02, x=[0, 0, 0, 0, 1, 1, 0, 0, 0, 0, 0, 0, 0, 0, 0, 0, 0, 0, 0, 0, 0, 0, 0, 0, 0, 0, 0, 0, 0, 0, 0, 0, 0, 0, 0, 0] (0.000s)
  Sub: Z₀=17.795273 [LOCAL] (0.1s), α=[0.000,0.000,1.534,0.000,0.000,5.474,0.000,0.000,0.000,0.000,0.000,0.000,0.000,0.836,0.000,0.000,0.000,0.228,0.000,0.000,0.000,0.000,0.000,0.000,0.000,0.000,0.000,0.000,0.000,0.046,0.246,0.000,0.052,1.528,0.000,0.000]
  Iter 21: LB=14.318869  UB=14.671609  gap=2.40e-02
  Cut: intercept=-1089.125704, π_x_range=[-819.5124, 554.8911]
  Mini-Benders[1] (mw): LB=14.622305, Z₀(α*)=-13.099647, intercept=-117.229495 (0.166s) [OMP=0.130 ISP-L=0.003 ISP-F=0.010 MW-L=0.009 MW-F=0.006]
  Mini-Benders[1]: gap=3.36e-03 ≤ tol, break
  α-step: Z₀=20.135107, α=[0.000,0.000,4.523,0.000,0.000,0.000,0.000,0.000,0.000,0.000,0.000,0.000,0.000,0.000,0.000,0.000,0.000,0.000,0.000,0.000,0.000,0.000,2.310,0.000,0.000,0.000,0.000,0.000,0.000,0.000,0.000,0.000,0.000,3.111,0.000,0.000]
  Alt-Benders[1] (mw): LB=14.671609, Z₀(α*)=1.825111, intercept=-80.471913 (0.166s) [OMP=0.127 ISP-L=0.003 ISP-F=0.010 MW-L=0.007 MW-F=0.006]
  Alt-Benders[1]: gap=1.02e-09 ≤ tol, break
  OMP re-solve: 0.125s

=== True-DRO Benders iter 22 ===
  OMP: t₀=14.671609, UB=14.671609, gap=1.02e-09, x=[0, 0, 1, 0, 0, 0, 0, 0, 0, 0, 0, 0, 0, 0, 0, 0, 0, 0, 0, 0, 0, 0, 0, 0, 0, 0, 0, 0, 0, 0, 0, 0, 1, 0, 0, 0] (0.000s)
  Sub: Z₀=14.671608 [LOCAL] (0.1s), α=[0.000,0.000,6.382,0.000,0.000,0.000,0.000,0.000,0.000,0.000,0.000,0.000,0.000,0.000,0.000,0.000,0.000,0.000,0.000,0.000,0.000,0.000,0.000,0.000,0.000,0.000,0.000,0.000,0.000,0.000,0.000,0.000,3.249,0.314,0.000,0.000]
  Iter 22: LB=14.671609  UB=14.671609  gap=1.02e-09
True-DRO Benders converged at iter 22 (gap=1.02e-09)
  Wall time: 30.93 sec
  OMP  time: mean=0.067s, median=0.091s, max=0.145s
  Sub  time (exact): mean=0.905s, median=0.665s, q90=1.573s, max=1.868s (n=4/22)

Result (single_l): Z₀=14.671609, iters=22, time=31.0s
x arcs = [3, 33]
