============================================================
sioux_falls — single_l: ε̂=0.10, ε̃=0.00, β=0.00
============================================================
Set parameter Username
Set parameter LicenseID to value 2742039
Academic license - for non-commercial use only - expires 2026-11-20
Set parameter Username
Set parameter LicenseID to value 2742039
Academic license - for non-commercial use only - expires 2026-11-20
Set parameter OutputFlag to value 1
Set parameter LogFile to value "global_miqcp.log"
Set parameter Username
Set parameter LicenseID to value 2742039
Academic license - for non-commercial use only - expires 2026-11-20
Set parameter Username
Set parameter LicenseID to value 2742039
Academic license - for non-commercial use only - expires 2026-11-20
Set parameter Username
Set parameter LicenseID to value 2742039
Academic license - for non-commercial use only - expires 2026-11-20
Set parameter Username
Set parameter LicenseID to value 2742039
Academic license - for non-commercial use only - expires 2026-11-20

=== True-DRO Benders iter 1 ===
  OMP: t₀=4.381626, UB=Inf, gap=NaN, x=[0, 0, 0, 0, 0, 0, 0, 0, 0, 0, 0, 0, 0, 0, 0, 0, 0, 0, 0, 0, 0, 0, 0, 0, 0, 0, 0, 0, 0, 0, 0, 0, 0, 0, 1, 0, 0, 0, 0, 0, 0, 0, 0, 0, 0, 0, 0, 0, 0, 0, 0, 0, 0, 0, 0, 0, 0, 0, 0, 0, 0, 0, 0, 0, 0, 0, 0, 0, 0, 0, 0, 0, 1, 0, 0, 0] (0.032s)
  Sub: Z₀=14.707796 [LOCAL] (0.4s), α=[0.000,0.000,0.000,0.000,0.000,0.000,0.000,0.000,0.000,0.000,0.000,0.000,0.000,0.000,0.000,0.000,0.000,0.000,0.000,0.000,0.000,0.000,0.000,0.000,0.000,0.000,0.000,0.000,0.000,0.000,0.000,0.000,0.000,0.000,5.053,0.000,0.000,0.000,0.000,0.000,0.000,0.000,0.000,0.000,0.000,0.000,0.000,0.000,0.000,0.000,0.000,0.000,0.000,0.000,0.000,0.000,0.000,0.000,0.000,0.000,0.000,0.000,0.000,0.000,0.000,0.000,0.000,0.000,0.000,0.000,0.000,0.000,5.390,0.000,0.000,0.000]
  Iter 1: LB=4.381626  UB=Inf  gap=NaN
  Cut: intercept=-1167.509426, π_x_range=[-824.5653, 592.9629]
  Mini-Benders[1] (mw): LB=4.405663, Z₀(α*)=-54.108308, intercept=-160.024083 (0.388s) [OMP=0.063 ISP-L=0.249 ISP-F=0.032 MW-L=0.024 MW-F=0.022]
  Mini-Benders[2] (mw): LB=4.405663, Z₀(α*)=-54.108308, intercept=-160.024083 (0.169s) [OMP=0.075 ISP-L=0.008 ISP-F=0.023 MW-L=0.026 MW-F=0.026]
  Mini-Benders[3] (mw): LB=4.405663, Z₀(α*)=-54.108308, intercept=-160.024083 (0.152s) [OMP=0.077 ISP-L=0.008 ISP-F=0.024 MW-L=0.026 MW-F=0.026]
  Mini-Benders[4]: LB stagnated, break
Set parameter NonConvex to value 2
Set parameter DualReductions to value 0
  α-step: Z₀=13.476661, α=[0.000,0.000,0.000,0.000,0.000,0.000,0.000,0.000,0.000,0.000,0.000,0.000,0.000,0.000,0.000,0.000,0.000,0.000,0.000,0.000,0.000,0.000,0.000,0.000,0.000,0.000,0.000,0.000,0.000,0.000,0.000,0.000,0.000,0.000,0.000,0.000,0.000,0.000,0.000,0.000,0.000,0.000,0.000,0.000,0.000,0.000,0.000,0.000,0.000,0.000,0.028,0.000,0.000,0.097,0.000,0.012,0.000,0.000,0.000,0.000,0.000,0.000,0.000,0.000,0.000,0.000,0.000,0.000,0.000,0.000,0.000,10.306,0.000,0.000,0.000,0.000]
  Alt-Benders[1] (mw): LB=5.059815, Z₀(α*)=14.836499, intercept=-176.683070 (0.185s) [OMP=0.099 ISP-L=0.007 ISP-F=0.026 MW-L=0.023 MW-F=0.029]
  Alt-Benders[2] (mw): LB=6.168579, Z₀(α*)=-75.248174, intercept=-141.942728 (0.276s) [OMP=0.193 ISP-L=0.007 ISP-F=0.022 MW-L=0.020 MW-F=0.021]
  Alt-Benders[3] (mw): LB=6.168579, Z₀(α*)=-75.248174, intercept=-141.942728 (0.260s) [OMP=0.182 ISP-L=0.007 ISP-F=0.022 MW-L=0.026 MW-F=0.020]
  Alt-Benders[4] (mw): LB=6.168579, Z₀(α*)=-75.248174, intercept=-141.942728 (0.260s) [OMP=0.180 ISP-L=0.007 ISP-F=0.022 MW-L=0.024 MW-F=0.021]
  Alt-Benders[5]: LB stagnated, break
  OMP re-solve: 0.000s

=== True-DRO Benders iter 2 ===
  OMP: t₀=6.168579, UB=Inf, gap=NaN, x=[0, 0, 0, 0, 0, 0, 0, 0, 0, 0, 0, 0, 0, 0, 0, 0, 0, 0, 0, 0, 0, 0, 0, 0, 0, 0, 0, 0, 0, 0, 0, 0, 0, 0, 1, 0, 0, 0, 0, 0, 0, 0, 0, 0, 0, 0, 0, 0, 0, 0, 0, 0, 0, 1, 0, 0, 0, 0, 0, 0, 0, 0, 0, 0, 0, 0, 0, 0, 0, 0, 0, 0, 0, 0, 0, 0] (0.000s)
  Sub: Z₀=16.103561 [LOCAL] (0.4s), α=[0.000,0.000,0.000,0.000,0.000,0.000,0.000,0.000,0.000,0.000,0.000,0.000,0.000,0.000,0.000,0.000,0.000,0.000,0.000,0.000,0.000,0.000,0.000,0.000,0.000,0.000,0.000,0.000,0.000,0.000,0.000,0.000,0.000,0.000,10.443,0.000,0.000,0.000,0.000,0.000,0.000,0.000,0.000,0.000,0.000,0.000,0.000,0.000,0.000,0.000,0.000,0.000,0.000,0.000,0.000,0.000,0.000,0.000,0.000,0.000,0.000,0.000,0.000,0.000,0.000,0.000,0.000,0.000,0.000,0.000,0.000,0.000,0.000,0.000,0.000,0.000]
  Iter 2: LB=6.168579  UB=Inf  gap=NaN
  Cut: intercept=-1145.602662, π_x_range=[-824.7433, 589.1158]
  Mini-Benders[1] (mw): LB=6.822731, Z₀(α*)=16.796015, intercept=-145.426950 (0.247s) [OMP=0.172 ISP-L=0.008 ISP-F=0.024 MW-L=0.022 MW-F=0.018]
  Mini-Benders[2] (mw): LB=8.953326, Z₀(α*)=-49.470758, intercept=-98.237941 (0.260s) [OMP=0.187 ISP-L=0.008 ISP-F=0.019 MW-L=0.024 MW-F=0.023]
  Mini-Benders[3] (mw): LB=8.953326, Z₀(α*)=-49.470758, intercept=-98.237941 (0.307s) [OMP=0.224 ISP-L=0.008 ISP-F=0.019 MW-L=0.023 MW-F=0.023]
  Mini-Benders[4] (mw): LB=8.953326, Z₀(α*)=-49.470758, intercept=-98.237941 (0.307s) [OMP=0.230 ISP-L=0.008 ISP-F=0.020 MW-L=0.023 MW-F=0.025]
  Mini-Benders[5]: LB stagnated, break
  α-step: Z₀=16.835128, α=[0.000,0.000,0.000,0.000,0.000,0.000,0.000,0.000,0.000,0.000,0.000,0.000,0.000,0.000,0.000,0.000,0.000,0.000,0.000,0.000,0.000,0.000,0.000,0.000,0.000,0.000,0.000,0.000,0.000,0.000,0.000,0.000,0.000,0.000,1.453,0.000,0.000,0.000,0.000,0.000,0.000,0.000,0.000,0.000,0.000,0.000,0.000,0.000,0.000,0.000,0.646,0.000,0.000,0.000,0.000,0.000,0.000,0.000,0.000,0.000,0.000,0.000,0.000,0.000,0.000,0.000,0.000,0.000,0.000,0.000,0.000,1.453,6.891,0.000,0.000,0.000]
  Alt-Benders[1] (mw): LB=9.421703, Z₀(α*)=3.365855, intercept=-98.069100 (0.291s) [OMP=0.216 ISP-L=0.008 ISP-F=0.022 MW-L=0.023 MW-F=0.018]
  Alt-Benders[2] (mw): LB=9.421703, Z₀(α*)=3.365855, intercept=-98.069100 (0.292s) [OMP=0.217 ISP-L=0.008 ISP-F=0.022 MW-L=0.021 MW-F=0.018]
  Alt-Benders[3] (mw): LB=9.421703, Z₀(α*)=3.365855, intercept=-98.069100 (0.276s) [OMP=0.210 ISP-L=0.007 ISP-F=0.022 MW-L=0.022 MW-F=0.018]
  Alt-Benders[4]: LB stagnated, break
  OMP re-solve: 0.000s

=== True-DRO Benders iter 3 ===
  OMP: t₀=9.421703, UB=Inf, gap=NaN, x=[0, 0, 0, 0, 0, 0, 0, 0, 0, 0, 0, 0, 0, 0, 0, 0, 0, 0, 0, 0, 1, 0, 0, 0, 0, 0, 0, 0, 0, 0, 0, 0, 0, 0, 0, 0, 0, 0, 0, 0, 0, 0, 0, 0, 0, 0, 0, 0, 0, 0, 0, 0, 0, 0, 0, 0, 0, 0, 0, 0, 0, 0, 0, 0, 0, 0, 0, 0, 0, 0, 0, 1, 0, 0, 0, 0] (0.000s)
  Sub: Z₀=17.542298 [LOCAL] (0.3s), α=[0.000,0.000,0.000,0.000,0.000,0.000,0.000,0.000,0.000,0.000,0.000,0.000,0.000,0.000,0.000,0.000,0.000,0.000,0.000,0.000,0.000,0.000,0.000,0.000,0.000,0.000,0.000,0.000,0.000,0.000,0.000,0.000,0.000,0.000,0.000,0.000,0.000,0.000,0.000,0.000,0.000,0.000,0.000,0.000,0.000,0.000,0.000,0.000,0.000,0.000,0.000,0.000,0.000,0.000,0.000,0.000,0.000,0.000,0.000,0.000,0.000,0.000,0.000,0.000,0.000,0.000,0.000,0.000,0.000,0.000,0.000,7.186,3.257,0.000,0.000,0.000]
  Iter 3: LB=9.421703  UB=Inf  gap=NaN
  Cut: intercept=-1132.105753, π_x_range=[-824.0519, 591.8284]
  Mini-Benders[1] (mw): LB=9.446063, Z₀(α*)=-45.099310, intercept=-164.512744 (0.277s) [OMP=0.203 ISP-L=0.006 ISP-F=0.020 MW-L=0.023 MW-F=0.020]
  Mini-Benders[2] (mw): LB=9.446063, Z₀(α*)=-45.099310, intercept=-164.512744 (0.292s) [OMP=0.223 ISP-L=0.005 ISP-F=0.019 MW-L=0.022 MW-F=0.020]
  Mini-Benders[3] (mw): LB=9.446063, Z₀(α*)=-45.099310, intercept=-164.512744 (0.291s) [OMP=0.221 ISP-L=0.006 ISP-F=0.020 MW-L=0.022 MW-F=0.020]
  Mini-Benders[4]: LB stagnated, break
  α-step: Z₀=16.701387, α=[0.000,0.000,0.000,0.000,0.000,0.000,0.000,0.000,0.000,0.000,0.000,0.000,0.000,0.000,0.000,0.000,0.000,0.000,0.000,0.000,0.000,0.000,0.000,0.000,0.000,0.000,0.000,0.000,0.000,0.000,0.000,0.000,0.000,0.000,0.000,0.000,0.000,0.000,0.000,0.000,0.000,0.000,5.023,0.000,0.000,0.000,0.000,0.000,0.000,5.420,0.000,0.000,0.000,0.000,0.000,0.000,0.000,0.000,0.000,0.000,0.000,0.000,0.000,0.000,0.000,0.000,0.000,0.000,0.000,0.000,0.000,0.000,0.000,0.000,0.000,0.000]
  Alt-Benders[1] (mw): LB=9.465275, Z₀(α*)=-58.403763, intercept=-79.261138 (0.307s) [OMP=0.238 ISP-L=0.007 ISP-F=0.023 MW-L=0.023 MW-F=0.019]
  Alt-Benders[2] (mw): LB=9.465275, Z₀(α*)=-58.403763, intercept=-79.261138 (0.307s) [OMP=0.234 ISP-L=0.007 ISP-F=0.023 MW-L=0.022 MW-F=0.019]
  Alt-Benders[3] (mw): LB=9.465275, Z₀(α*)=-58.403763, intercept=-79.261138 (0.323s) [OMP=0.243 ISP-L=0.008 ISP-F=0.024 MW-L=0.022 MW-F=0.020]
  Alt-Benders[4]: LB stagnated, break
  OMP re-solve: 0.000s

=== True-DRO Benders iter 4 ===
  OMP: t₀=9.465275, UB=Inf, gap=NaN, x=[0, 0, 0, 0, 0, 0, 0, 0, 0, 0, 0, 0, 0, 0, 0, 0, 0, 0, 0, 0, 1, 0, 0, 0, 0, 0, 0, 0, 0, 0, 0, 0, 0, 0, 1, 0, 0, 0, 0, 0, 0, 0, 0, 0, 0, 0, 0, 0, 0, 0, 0, 0, 0, 0, 0, 0, 0, 0, 0, 0, 0, 0, 0, 0, 0, 0, 0, 0, 0, 0, 0, 0, 0, 0, 0, 0] (0.000s)
  Sub: Z₀=17.816956 [LOCAL] (0.3s), α=[0.000,0.000,0.000,0.000,0.000,0.000,0.000,0.000,0.000,0.000,0.000,0.000,0.000,0.000,0.000,0.000,0.000,0.000,0.000,0.000,0.000,0.000,0.000,0.000,0.000,0.000,0.000,0.000,0.000,0.000,0.000,0.000,0.000,0.000,7.778,0.000,0.000,0.000,0.000,0.000,0.000,0.000,0.000,0.000,0.000,0.000,0.000,0.000,0.000,0.000,0.000,0.000,0.000,0.000,0.000,0.000,0.000,0.000,0.000,0.000,0.000,0.000,0.000,0.000,0.000,0.000,0.000,0.000,0.000,0.000,0.000,0.000,2.665,0.000,0.000,0.000]
  Iter 4: LB=9.465275  UB=Inf  gap=NaN
  Cut: intercept=-1149.081822, π_x_range=[-824.2676, 596.5585]
  Mini-Benders[1] (mw): LB=9.748259, Z₀(α*)=-50.658495, intercept=-110.489393 (0.292s) [OMP=0.210 ISP-L=0.007 ISP-F=0.024 MW-L=0.025 MW-F=0.021]
  Mini-Benders[2] (mw): LB=9.748259, Z₀(α*)=-50.658495, intercept=-110.489393 (0.244s) [OMP=0.173 ISP-L=0.007 ISP-F=0.024 MW-L=0.023 MW-F=0.022]
  Mini-Benders[3] (mw): LB=9.748259, Z₀(α*)=-50.658495, intercept=-110.489393 (0.276s) [OMP=0.186 ISP-L=0.007 ISP-F=0.025 MW-L=0.024 MW-F=0.022]
  Mini-Benders[4]: LB stagnated, break
  α-step: Z₀=20.113662, α=[0.000,0.000,0.000,0.000,0.000,0.000,0.000,0.000,0.000,0.000,0.000,0.000,0.000,0.000,0.000,0.000,0.000,0.000,0.000,0.000,0.000,0.000,0.000,0.000,0.000,0.000,0.000,0.000,0.000,0.000,0.000,0.000,0.000,0.000,0.000,0.000,0.000,0.000,0.000,0.000,0.000,0.000,0.000,0.000,0.000,0.000,0.000,0.000,0.000,0.000,0.000,0.000,0.000,0.000,0.000,0.000,0.000,0.000,0.000,0.000,0.000,0.000,0.000,0.000,0.000,0.000,0.000,0.000,0.000,0.000,0.000,7.042,3.401,0.000,0.000,0.000]
  Alt-Benders[1] (mw): LB=9.795956, Z₀(α*)=17.586108, intercept=-93.720227 (0.276s) [OMP=0.214 ISP-L=0.008 ISP-F=0.022 MW-L=0.022 MW-F=0.018]
  Alt-Benders[2] (mw): LB=9.815182, Z₀(α*)=20.016618, intercept=-100.629268 (0.292s) [OMP=0.217 ISP-L=0.006 ISP-F=0.024 MW-L=0.021 MW-F=0.020]
  Alt-Benders[3] (mw): LB=9.815182, Z₀(α*)=19.609765, intercept=-82.744398 (0.322s) [OMP=0.246 ISP-L=0.008 ISP-F=0.025 MW-L=0.021 MW-F=0.018]
  Alt-Benders[4] (mw): LB=9.815182, Z₀(α*)=19.828870, intercept=-94.188535 (0.307s) [OMP=0.234 ISP-L=0.008 ISP-F=0.023 MW-L=0.023 MW-F=0.019]
  Alt-Benders[5]: LB stagnated, break
  OMP re-solve: 0.000s

=== True-DRO Benders iter 5 ===
  OMP: t₀=9.815182, UB=Inf, gap=NaN, x=[0, 0, 0, 0, 0, 0, 0, 0, 0, 0, 0, 0, 0, 0, 0, 0, 0, 0, 0, 0, 0, 0, 0, 0, 0, 0, 0, 0, 0, 0, 0, 0, 0, 0, 0, 0, 0, 0, 0, 0, 0, 0, 0, 0, 0, 0, 0, 0, 0, 0, 0, 0, 0, 0, 0, 0, 0, 0, 0, 0, 0, 0, 0, 0, 0, 0, 0, 0, 1, 0, 0, 1, 0, 0, 0, 0] (0.000s)
  Sub: Z₀=20.551706 (1.1s), α=[0.000,0.000,0.000,0.000,0.000,0.000,0.000,0.000,0.000,0.000,0.000,0.000,0.000,0.000,0.000,0.000,0.000,0.000,0.000,0.000,0.000,0.000,0.000,0.000,0.000,0.000,0.000,0.000,0.000,0.000,0.000,0.000,0.000,0.000,0.000,0.000,0.000,0.000,0.000,0.000,0.000,0.000,0.000,0.000,0.000,0.000,0.000,0.000,0.000,0.000,0.000,0.000,0.000,0.000,0.000,0.000,0.000,0.000,0.000,0.000,0.000,0.000,0.000,0.000,0.000,0.000,0.000,0.000,0.000,0.000,0.000,7.186,3.257,0.000,0.000,0.000]
  Iter 5: LB=9.815182  UB=20.551706  gap=5.22e-01
  Cut: intercept=-91.811537, π_x_range=[-187.2981, 112.3632]
  Sherali-Cut: intercept=-88.072688, π_x_range=[-103.0209, 108.6244]
  Mini-Benders[1] (mw): LB=9.815182, Z₀(α*)=20.551706, intercept=-88.134711 (0.308s) [OMP=0.237 ISP-L=0.008 ISP-F=0.026 MW-L=0.020 MW-F=0.019]
  Mini-Benders[2] (mw): LB=9.815182, Z₀(α*)=20.117423, intercept=-98.532252 (0.291s) [OMP=0.212 ISP-L=0.008 ISP-F=0.025 MW-L=0.023 MW-F=0.018]
  Mini-Benders[3]: LB stagnated, break
  α-step: Z₀=19.470459, α=[0.000,0.000,0.000,0.000,0.000,0.000,0.000,0.000,0.000,0.000,0.000,0.000,0.000,0.000,0.000,0.000,0.000,0.000,0.000,0.000,0.000,0.000,0.000,0.000,0.000,0.000,0.000,0.000,0.000,0.000,0.000,0.000,0.000,0.000,0.000,0.000,0.000,0.000,0.000,0.000,0.000,0.000,0.000,0.000,0.000,0.000,0.000,0.000,0.000,0.000,0.000,0.000,0.000,0.000,0.000,0.000,0.000,0.000,0.000,0.000,0.000,0.000,0.000,0.000,0.000,0.000,0.000,0.000,0.000,0.000,0.000,5.689,4.754,0.000,0.000,0.000]
  Alt-Benders[1] (mw): LB=9.815182, Z₀(α*)=18.591325, intercept=-94.074034 (0.351s) [OMP=0.285 ISP-L=0.008 ISP-F=0.026 MW-L=0.021 MW-F=0.018]
  Alt-Benders[2] (mw): LB=9.815182, Z₀(α*)=19.145525, intercept=-87.683010 (0.292s) [OMP=0.218 ISP-L=0.008 ISP-F=0.024 MW-L=0.020 MW-F=0.018]
  Alt-Benders[3]: LB stagnated, break
  OMP re-solve: 0.000s

=== True-DRO Benders iter 6 ===
  OMP: t₀=9.815182, UB=20.551706, gap=5.22e-01, x=[0, 0, 0, 0, 0, 0, 0, 0, 0, 0, 0, 0, 0, 1, 0, 0, 0, 0, 0, 0, 0, 0, 0, 0, 0, 0, 0, 0, 0, 0, 0, 0, 0, 0, 0, 0, 0, 0, 0, 0, 0, 0, 0, 0, 0, 0, 0, 0, 0, 0, 0, 0, 0, 0, 0, 0, 0, 0, 0, 0, 0, 0, 0, 0, 0, 0, 0, 0, 0, 0, 0, 1, 0, 0, 0, 0] (0.000s)
  Sub: Z₀=19.863436 [LOCAL] (0.3s), α=[0.000,0.000,0.000,0.000,0.000,0.000,0.000,0.000,0.000,0.000,0.000,0.000,0.000,0.000,0.000,0.000,0.000,0.000,0.000,0.000,0.000,0.000,0.000,0.000,0.000,0.000,0.000,0.000,0.000,0.000,0.000,0.000,0.000,0.000,0.000,0.000,0.000,0.000,0.000,0.000,0.000,0.000,0.000,0.000,0.000,0.000,0.000,0.000,0.000,0.000,0.000,0.000,0.000,0.000,0.000,0.000,0.000,0.000,0.000,0.000,0.000,0.000,0.000,0.000,0.000,0.000,0.000,0.000,0.000,0.000,0.000,7.997,2.446,0.000,0.000,0.000]
  Iter 6: LB=9.815182  UB=20.551706  gap=5.22e-01
  Cut: intercept=-1128.261428, π_x_range=[-826.1056, 589.6545]
  Mini-Benders[1] (mw): LB=9.815182, Z₀(α*)=19.399692, intercept=-82.375122 (0.292s) [OMP=0.222 ISP-L=0.008 ISP-F=0.025 MW-L=0.020 MW-F=0.018]
  Mini-Benders[2] (mw): LB=9.815182, Z₀(α*)=19.633884, intercept=-97.762799 (0.323s) [OMP=0.246 ISP-L=0.007 ISP-F=0.028 MW-L=0.020 MW-F=0.018]
  Mini-Benders[3]: LB stagnated, break
  α-step: Z₀=20.450310, α=[0.000,0.000,0.000,0.000,0.000,0.000,0.000,0.000,0.000,0.000,0.000,0.000,0.000,0.000,0.000,0.000,0.000,0.000,0.000,0.000,0.000,0.000,0.000,0.000,0.000,0.000,0.000,0.000,0.000,0.000,0.000,0.000,0.000,0.000,0.000,0.000,0.000,0.000,0.000,0.000,0.000,0.000,0.000,0.000,0.000,0.000,0.000,0.000,0.000,0.000,0.000,0.000,0.000,0.000,0.000,0.000,0.000,0.000,0.000,0.000,0.000,0.000,0.000,0.000,0.000,0.000,0.000,0.000,0.000,0.000,0.000,7.186,3.257,0.000,0.000,0.000]
  Alt-Benders[1] (mw): LB=9.815182, Z₀(α*)=19.536166, intercept=-81.569987 (0.288s) [OMP=0.224 ISP-L=0.008 ISP-F=0.027 MW-L=0.021 MW-F=0.017]
  Alt-Benders[2] (mw): LB=9.815182, Z₀(α*)=20.008693, intercept=-80.519589 (0.307s) [OMP=0.236 ISP-L=0.007 ISP-F=0.024 MW-L=0.020 MW-F=0.018]
  Alt-Benders[3] (mw): LB=10.316457, Z₀(α*)=20.551706, intercept=-88.072681 (0.307s) [OMP=0.224 ISP-L=0.007 ISP-F=0.028 MW-L=0.022 MW-F=0.017]
  Alt-Benders[4] (mw): LB=10.412381, Z₀(α*)=-40.172115, intercept=-76.434602 (0.307s) [OMP=0.239 ISP-L=0.007 ISP-F=0.024 MW-L=0.023 MW-F=0.020]
  Alt-Benders[5] (mw): LB=10.412381, Z₀(α*)=-40.172115, intercept=-76.434602 (0.323s) [OMP=0.241 ISP-L=0.007 ISP-F=0.024 MW-L=0.024 MW-F=0.021]
  OMP re-solve: 0.244s

=== True-DRO Benders iter 7 ===
  OMP: t₀=10.412381, UB=20.551706, gap=4.93e-01, x=[0, 0, 0, 0, 0, 0, 0, 0, 0, 0, 0, 0, 0, 1, 0, 0, 0, 0, 0, 0, 0, 0, 0, 0, 0, 0, 0, 0, 0, 0, 0, 0, 0, 0, 1, 0, 0, 0, 0, 0, 0, 0, 0, 0, 0, 0, 0, 0, 0, 0, 0, 0, 0, 0, 0, 0, 0, 0, 0, 0, 0, 0, 0, 0, 0, 0, 0, 0, 0, 0, 0, 0, 0, 0, 0, 0] (0.000s)
  Sub: Z₀=19.905011 [LOCAL] (0.4s), α=[0.000,0.000,0.000,0.000,0.000,0.000,0.000,0.000,0.000,0.000,0.000,0.000,0.000,0.000,0.000,0.000,0.000,0.000,0.000,0.000,0.000,0.000,0.000,0.000,0.000,0.000,0.000,0.000,0.000,0.000,0.000,0.000,0.000,0.000,8.024,0.000,0.000,0.000,0.000,0.000,0.000,0.000,0.000,0.000,0.000,0.000,0.000,0.000,0.000,0.000,0.000,0.000,0.000,0.000,0.000,0.000,0.000,0.000,0.000,0.000,0.000,0.000,0.000,0.000,0.000,0.000,0.000,0.000,0.000,0.000,0.000,0.000,2.419,0.000,0.000,0.000]
  Iter 7: LB=10.412381  UB=20.551706  gap=4.93e-01
  Cut: intercept=-1145.817916, π_x_range=[-826.3212, 593.1405]
  Mini-Benders[1] (mw): LB=10.412381, Z₀(α*)=19.905014, intercept=-59.594350 (0.307s) [OMP=0.223 ISP-L=0.008 ISP-F=0.025 MW-L=0.024 MW-F=0.017]
  Mini-Benders[2] (mw): LB=10.422381, Z₀(α*)=20.129888, intercept=-74.289111 (0.292s) [OMP=0.227 ISP-L=0.008 ISP-F=0.025 MW-L=0.022 MW-F=0.017]
  Mini-Benders[3] (mw): LB=10.451047, Z₀(α*)=20.021158, intercept=-72.906675 (0.291s) [OMP=0.226 ISP-L=0.008 ISP-F=0.027 MW-L=0.024 MW-F=0.018]
  Mini-Benders[4] (mw): LB=10.461047, Z₀(α*)=19.903764, intercept=-71.843184 (0.323s) [OMP=0.242 ISP-L=0.009 ISP-F=0.026 MW-L=0.022 MW-F=0.017]
  Mini-Benders[5] (mw): LB=10.526018, Z₀(α*)=19.482925, intercept=-119.270256 (0.291s) [OMP=0.217 ISP-L=0.008 ISP-F=0.029 MW-L=0.021 MW-F=0.016]
  α-step: Z₀=19.968847, α=[0.000,0.000,0.000,0.000,0.000,0.000,0.000,0.000,0.000,0.000,0.000,0.000,0.000,0.000,0.000,0.000,0.000,0.000,0.000,0.000,0.000,0.000,0.000,0.000,0.000,0.000,0.000,0.000,0.000,0.000,0.000,0.000,0.000,0.000,8.159,0.000,0.000,0.000,0.000,0.000,0.000,0.000,0.000,0.000,0.000,0.000,0.000,0.000,0.000,0.000,0.000,0.000,0.000,0.000,0.000,0.000,0.000,0.000,0.000,0.000,0.000,0.000,0.000,0.000,0.000,0.000,0.000,0.000,0.000,0.000,0.000,0.000,2.284,0.000,0.000,0.000]
  Alt-Benders[1] (mw): LB=10.813081, Z₀(α*)=19.235578, intercept=-71.207602 (0.309s) [OMP=0.237 ISP-L=0.008 ISP-F=0.028 MW-L=0.023 MW-F=0.018]
  Alt-Benders[2] (mw): LB=10.822307, Z₀(α*)=20.405598, intercept=-85.095235 (0.339s) [OMP=0.263 ISP-L=0.008 ISP-F=0.025 MW-L=0.022 MW-F=0.017]
  Alt-Benders[3] (mw): LB=10.822307, Z₀(α*)=20.405598, intercept=-68.020823 (0.307s) [OMP=0.229 ISP-L=0.008 ISP-F=0.023 MW-L=0.020 MW-F=0.018]
  Alt-Benders[4] (mw): LB=10.832307, Z₀(α*)=20.185421, intercept=-69.999378 (0.338s) [OMP=0.267 ISP-L=0.008 ISP-F=0.027 MW-L=0.022 MW-F=0.018]
  Alt-Benders[5] (mw): LB=10.832307, Z₀(α*)=20.308866, intercept=-73.443782 (0.386s) [OMP=0.307 ISP-L=0.007 ISP-F=0.023 MW-L=0.021 MW-F=0.017]
  OMP re-solve: 0.305s

=== True-DRO Benders iter 8 ===
  OMP: t₀=10.832307, UB=20.551706, gap=4.73e-01, x=[0, 0, 0, 0, 0, 0, 0, 0, 0, 0, 0, 0, 0, 0, 0, 0, 0, 0, 0, 0, 0, 0, 0, 0, 0, 0, 0, 0, 0, 0, 0, 0, 0, 0, 1, 0, 0, 0, 0, 0, 0, 0, 0, 0, 0, 0, 0, 0, 0, 1, 0, 0, 0, 0, 0, 0, 0, 0, 0, 0, 0, 0, 0, 0, 0, 0, 0, 0, 0, 0, 0, 0, 0, 0, 0, 0] (0.000s)
  Sub: Z₀=19.884821 [LOCAL] (0.3s), α=[0.000,0.000,0.000,0.000,0.000,0.000,0.000,0.000,0.000,0.000,0.000,0.000,0.000,0.000,0.000,0.000,0.000,0.000,0.000,0.000,0.000,0.000,0.000,0.000,0.000,0.000,0.000,0.000,0.000,0.000,0.000,0.000,0.000,0.000,7.794,0.000,0.000,0.000,0.000,0.000,0.000,0.000,0.000,0.000,0.000,0.000,0.000,0.000,0.000,0.000,0.000,0.000,0.000,0.000,0.000,0.000,0.000,0.000,0.000,0.000,0.000,0.000,0.000,0.000,0.000,0.000,0.000,0.000,0.000,0.000,0.000,0.000,2.649,0.000,0.000,0.000]
  Iter 8: LB=10.832307  UB=20.551706  gap=4.73e-01
  Cut: intercept=-1131.875968, π_x_range=[-828.9575, 580.3207]
  Mini-Benders[1] (mw): LB=10.832307, Z₀(α*)=20.039080, intercept=-70.480611 (0.308s) [OMP=0.230 ISP-L=0.009 ISP-F=0.023 MW-L=0.021 MW-F=0.017]
  Mini-Benders[2] (mw): LB=10.832307, Z₀(α*)=20.252357, intercept=-57.612620 (0.291s) [OMP=0.225 ISP-L=0.007 ISP-F=0.024 MW-L=0.021 MW-F=0.017]
  Mini-Benders[3]: LB stagnated, break
  α-step: Z₀=20.593280, α=[0.000,0.000,0.000,0.000,0.000,0.000,0.000,0.000,0.000,0.000,0.000,0.000,0.000,0.000,0.000,0.000,0.000,0.000,0.000,0.000,0.000,0.000,0.000,0.000,0.000,0.000,0.000,0.000,0.000,0.000,0.000,0.000,0.000,0.000,7.186,0.000,0.000,0.000,0.000,0.000,0.000,0.000,0.000,0.000,0.000,0.000,0.000,0.000,0.000,0.000,0.000,0.000,0.000,0.000,0.000,0.000,0.000,0.000,0.000,0.000,0.000,0.000,0.000,0.000,0.000,0.000,0.000,0.000,0.000,0.000,0.000,0.000,3.257,0.000,0.000,0.000]
  Alt-Benders[1] (mw): LB=10.832307, Z₀(α*)=20.593280, intercept=-67.515626 (0.330s) [OMP=0.264 ISP-L=0.008 ISP-F=0.024 MW-L=0.020 MW-F=0.018]
  Alt-Benders[2] (mw): LB=10.832307, Z₀(α*)=20.593280, intercept=-67.760388 (0.354s) [OMP=0.274 ISP-L=0.008 ISP-F=0.024 MW-L=0.022 MW-F=0.019]
  Alt-Benders[3]: LB stagnated, break
  OMP re-solve: 0.000s

=== True-DRO Benders iter 9 ===
  OMP: t₀=10.832307, UB=20.551706, gap=4.73e-01, x=[0, 0, 0, 0, 0, 0, 0, 0, 0, 0, 0, 0, 0, 0, 0, 0, 0, 0, 0, 0, 0, 0, 0, 0, 0, 0, 0, 0, 0, 0, 0, 0, 0, 0, 1, 0, 0, 0, 0, 0, 0, 0, 0, 0, 0, 1, 0, 0, 0, 0, 0, 0, 0, 0, 0, 0, 0, 0, 0, 0, 0, 0, 0, 0, 0, 0, 0, 0, 0, 0, 0, 0, 0, 0, 0, 0] (0.000s)
  Sub: Z₀=20.491881 [LOCAL] (0.3s), α=[0.000,0.000,0.000,0.000,0.000,0.000,0.000,0.000,0.000,0.000,0.000,0.000,0.000,0.000,0.000,0.000,0.000,0.000,0.000,0.000,0.000,0.000,0.000,0.000,0.000,0.000,0.000,0.000,0.000,0.000,0.000,0.000,0.000,0.000,7.787,0.000,0.000,0.000,0.000,0.000,0.000,0.000,0.000,0.000,0.000,0.000,0.000,0.000,0.000,0.000,0.000,0.000,0.000,0.000,0.000,0.000,0.000,0.000,0.000,0.000,0.000,0.000,0.000,0.000,0.000,0.000,0.000,0.000,0.000,0.000,0.000,0.000,2.656,0.000,0.000,0.000]
  Iter 9: LB=10.832307  UB=20.551706  gap=4.73e-01
  Cut: intercept=-1114.535917, π_x_range=[-824.6427, 580.7794]
  Mini-Benders[1] (mw): LB=10.832307, Z₀(α*)=20.593280, intercept=-67.756002 (0.323s) [OMP=0.243 ISP-L=0.008 ISP-F=0.025 MW-L=0.021 MW-F=0.017]
  Mini-Benders[2] (mw): LB=11.109339, Z₀(α*)=-31.045352, intercept=-156.051775 (0.339s) [OMP=0.270 ISP-L=0.008 ISP-F=0.026 MW-L=0.022 MW-F=0.019]
  Mini-Benders[3] (mw): LB=11.109339, Z₀(α*)=-31.045352, intercept=-156.051775 (0.325s) [OMP=0.240 ISP-L=0.008 ISP-F=0.026 MW-L=0.022 MW-F=0.019]
  Mini-Benders[4] (mw): LB=11.109339, Z₀(α*)=-31.045352, intercept=-156.051775 (0.323s) [OMP=0.251 ISP-L=0.008 ISP-F=0.027 MW-L=0.022 MW-F=0.019]
  Mini-Benders[5]: LB stagnated, break
  α-step: Z₀=19.699433, α=[0.000,0.000,0.000,0.000,0.000,0.000,0.000,0.000,0.000,0.000,0.000,0.000,0.000,0.000,0.000,0.000,0.000,0.000,0.000,0.000,0.000,0.000,0.000,0.000,0.000,0.000,0.000,0.000,0.000,0.000,0.000,0.000,0.000,0.000,0.000,0.000,0.000,0.000,0.000,0.000,0.000,0.000,0.000,0.000,0.000,0.000,0.000,0.000,0.000,0.000,0.000,0.000,0.000,0.000,0.000,0.000,0.000,0.000,0.000,0.000,0.000,5.689,0.000,0.000,0.000,0.000,0.000,0.000,0.000,0.000,0.000,0.000,4.754,0.000,0.000,0.000]
  Alt-Benders[1] (mw): LB=11.170106, Z₀(α*)=-32.745389, intercept=-89.216576 (0.342s) [OMP=0.271 ISP-L=0.008 ISP-F=0.023 MW-L=0.021 MW-F=0.020]
  Alt-Benders[2] (mw): LB=11.170106, Z₀(α*)=-32.745389, intercept=-89.216576 (0.308s) [OMP=0.234 ISP-L=0.008 ISP-F=0.024 MW-L=0.020 MW-F=0.020]
  Alt-Benders[3] (mw): LB=11.170106, Z₀(α*)=-32.745389, intercept=-89.216576 (0.291s) [OMP=0.227 ISP-L=0.008 ISP-F=0.023 MW-L=0.020 MW-F=0.020]
  Alt-Benders[4]: LB stagnated, break
  OMP re-solve: 0.000s

=== True-DRO Benders iter 10 ===
  OMP: t₀=11.170106, UB=20.551706, gap=4.56e-01, x=[0, 0, 0, 0, 0, 1, 0, 0, 0, 0, 0, 0, 0, 0, 0, 0, 0, 0, 0, 0, 0, 0, 0, 0, 0, 0, 0, 0, 0, 0, 0, 0, 0, 0, 0, 0, 0, 0, 0, 0, 0, 0, 0, 0, 0, 0, 0, 0, 0, 0, 0, 0, 0, 0, 0, 0, 0, 0, 0, 0, 0, 0, 0, 0, 0, 0, 0, 0, 0, 0, 0, 1, 0, 0, 0, 0] (0.000s)
  Sub: Z₀=20.551706 (2.0s), α=[0.000,0.000,0.000,0.000,0.000,0.000,0.000,0.000,0.000,0.000,0.000,0.000,0.000,0.000,0.000,0.000,0.000,0.000,0.000,0.000,0.000,0.000,0.000,0.000,0.000,0.000,0.000,0.000,0.000,0.000,0.000,0.000,0.000,0.000,0.000,0.000,0.000,0.000,0.000,0.000,0.000,0.000,0.000,0.000,0.000,0.000,0.000,0.000,0.000,0.000,0.000,0.000,0.000,0.000,0.000,0.000,0.000,0.000,0.000,0.000,0.000,0.000,0.000,0.000,0.000,0.000,0.000,0.000,0.000,0.000,0.000,7.186,3.257,0.000,0.000,0.000]
  Iter 10: LB=11.170106  UB=20.551706  gap=4.56e-01
  Cut: intercept=-91.885983, π_x_range=[-187.2981, 112.4377]
  Sherali-Cut: intercept=-88.072688, π_x_range=[-101.1001, 108.6244]
  Mini-Benders[1] (mw): LB=11.259645, Z₀(α*)=-45.227717, intercept=-125.488673 (0.390s) [OMP=0.298 ISP-L=0.008 ISP-F=0.027 MW-L=0.024 MW-F=0.020]
  Mini-Benders[2] (mw): LB=11.259645, Z₀(α*)=-45.227717, intercept=-125.488673 (0.355s) [OMP=0.273 ISP-L=0.008 ISP-F=0.026 MW-L=0.024 MW-F=0.019]
  Mini-Benders[3] (mw): LB=11.259645, Z₀(α*)=-45.227717, intercept=-125.488673 (0.340s) [OMP=0.265 ISP-L=0.008 ISP-F=0.026 MW-L=0.024 MW-F=0.021]
  Mini-Benders[4]: LB stagnated, break
  α-step: Z₀=21.965779, α=[0.000,0.000,0.000,0.000,0.000,0.000,0.000,0.000,0.000,0.000,0.000,0.000,0.000,0.000,0.000,0.000,0.000,0.000,0.000,0.000,0.000,0.000,0.000,0.000,0.000,0.000,0.000,0.000,0.000,0.000,0.000,0.000,0.000,0.000,0.000,0.000,0.000,0.000,0.000,0.000,0.000,0.000,0.000,0.000,0.000,0.000,0.000,0.000,0.000,0.000,0.000,0.000,0.000,0.000,0.000,0.000,0.000,0.000,0.000,0.000,0.000,0.000,0.000,0.000,0.000,0.000,0.000,0.000,0.000,0.000,0.000,0.000,10.443,0.000,0.000,0.000]
  Alt-Benders[1] (mw): LB=11.266086, Z₀(α*)=-7.286223, intercept=-68.208050 (0.335s) [OMP=0.259 ISP-L=0.008 ISP-F=0.027 MW-L=0.023 MW-F=0.019]
  Alt-Benders[2] (mw): LB=11.266086, Z₀(α*)=-7.286223, intercept=-68.208050 (0.307s) [OMP=0.235 ISP-L=0.008 ISP-F=0.027 MW-L=0.021 MW-F=0.020]
  Alt-Benders[3] (mw): LB=11.266086, Z₀(α*)=-7.286223, intercept=-68.208050 (0.323s) [OMP=0.237 ISP-L=0.007 ISP-F=0.027 MW-L=0.021 MW-F=0.019]
  Alt-Benders[4]: LB stagnated, break
  OMP re-solve: 0.000s

=== True-DRO Benders iter 11 ===
  OMP: t₀=11.266086, UB=20.551706, gap=4.52e-01, x=[0, 0, 0, 0, 0, 0, 0, 0, 0, 0, 0, 0, 0, 0, 0, 1, 0, 0, 0, 0, 0, 0, 0, 0, 0, 0, 0, 0, 0, 0, 0, 0, 0, 0, 1, 0, 0, 0, 0, 0, 0, 0, 0, 0, 0, 0, 0, 0, 0, 0, 0, 0, 0, 0, 0, 0, 0, 0, 0, 0, 0, 0, 0, 0, 0, 0, 0, 0, 0, 0, 0, 0, 0, 0, 0, 0] (0.000s)
  Sub: Z₀=20.593277 [LOCAL] (0.3s), α=[0.000,0.000,0.000,0.000,0.000,0.000,0.000,0.000,0.000,0.000,0.000,0.000,0.000,0.000,0.000,0.000,0.000,0.000,0.000,0.000,0.000,0.000,0.000,0.000,0.000,0.000,0.000,0.000,0.000,0.000,0.000,0.000,0.000,0.000,7.792,0.000,0.000,0.000,0.000,0.000,0.000,0.000,0.000,0.000,0.000,0.000,0.000,0.000,0.000,0.000,0.000,0.000,0.000,0.000,0.000,0.000,0.000,0.000,0.000,0.000,0.000,0.000,0.000,0.000,0.000,0.000,0.000,0.000,0.000,0.000,0.000,0.000,2.651,0.000,0.000,0.000]
  Iter 11: LB=11.266086  UB=20.551706  gap=4.52e-01
  Cut: intercept=-1156.303783, π_x_range=[-826.0840, 589.2422]
  Mini-Benders[1] (mw): LB=11.555484, Z₀(α*)=-30.346997, intercept=-148.422202 (0.373s) [OMP=0.303 ISP-L=0.008 ISP-F=0.028 MW-L=0.023 MW-F=0.020]
  Mini-Benders[2] (mw): LB=11.555484, Z₀(α*)=-30.346997, intercept=-148.422202 (0.339s) [OMP=0.240 ISP-L=0.009 ISP-F=0.028 MW-L=0.023 MW-F=0.021]
  Mini-Benders[3] (mw): LB=11.555484, Z₀(α*)=-30.346997, intercept=-148.422202 (0.307s) [OMP=0.230 ISP-L=0.008 ISP-F=0.028 MW-L=0.023 MW-F=0.018]
  Mini-Benders[4]: LB stagnated, break
  α-step: Z₀=18.343946, α=[0.000,0.000,0.000,0.000,0.000,0.000,0.000,0.000,0.000,0.000,0.000,0.000,0.000,0.000,0.000,0.000,0.000,0.000,0.000,0.000,0.000,0.000,0.000,0.000,0.000,0.000,0.000,0.000,0.000,0.000,0.000,0.000,0.000,0.000,0.000,0.000,0.000,0.000,0.000,0.000,0.000,0.000,0.000,0.000,0.000,0.000,0.000,0.000,0.000,0.000,2.532,0.000,0.000,6.838,0.000,0.000,0.000,0.000,0.000,0.000,0.000,0.000,0.000,0.000,0.206,0.000,0.000,0.000,0.000,0.000,0.000,0.000,0.868,0.000,0.000,0.000]
  Alt-Benders[1] (mw): LB=11.584307, Z₀(α*)=-58.150973, intercept=-122.263805 (0.337s) [OMP=0.261 ISP-L=0.008 ISP-F=0.026 MW-L=0.024 MW-F=0.021]
  Alt-Benders[2] (mw): LB=11.584307, Z₀(α*)=-58.150973, intercept=-122.263805 (0.308s) [OMP=0.229 ISP-L=0.008 ISP-F=0.026 MW-L=0.024 MW-F=0.020]
  Alt-Benders[3] (mw): LB=11.584307, Z₀(α*)=-58.150973, intercept=-122.263805 (0.307s) [OMP=0.224 ISP-L=0.008 ISP-F=0.025 MW-L=0.023 MW-F=0.020]
  Alt-Benders[4]: LB stagnated, break
  OMP re-solve: 0.000s

=== True-DRO Benders iter 12 ===
  OMP: t₀=11.584307, UB=20.551706, gap=4.36e-01, x=[0, 0, 0, 0, 0, 0, 0, 0, 0, 0, 0, 0, 0, 0, 0, 0, 0, 0, 0, 0, 0, 0, 0, 0, 0, 0, 0, 0, 0, 0, 0, 0, 0, 0, 0, 0, 0, 0, 0, 0, 0, 0, 0, 0, 0, 0, 0, 0, 0, 0, 0, 0, 0, 0, 0, 0, 0, 0, 0, 0, 0, 0, 0, 0, 1, 0, 0, 0, 0, 0, 0, 0, 1, 0, 0, 0] (0.000s)
  Sub: Z₀=21.198474 [LOCAL] (0.3s), α=[0.000,0.000,0.000,0.000,0.000,0.000,0.000,0.000,0.000,0.000,0.000,0.000,0.000,0.000,0.000,0.000,0.000,0.000,0.000,0.000,0.000,0.000,0.000,0.000,0.000,0.000,0.000,0.000,0.000,0.000,0.000,0.000,0.000,0.000,0.000,0.000,0.000,0.000,0.000,0.000,0.000,0.000,0.000,0.000,0.000,0.000,0.000,0.000,0.000,0.000,0.000,0.000,0.000,0.000,0.000,0.000,0.000,0.000,0.000,0.000,0.000,0.000,0.000,0.000,0.000,0.000,0.000,0.000,0.000,0.000,0.000,0.000,10.443,0.000,0.000,0.000]
  Iter 12: LB=11.584307  UB=20.551706  gap=4.36e-01
  Cut: intercept=-1124.321140, π_x_range=[-825.9406, 583.4598]
  Mini-Benders[1] (mw): LB=11.708586, Z₀(α*)=20.003529, intercept=-52.526188 (0.370s) [OMP=0.301 ISP-L=0.008 ISP-F=0.022 MW-L=0.021 MW-F=0.017]
  Mini-Benders[2] (mw): LB=11.824944, Z₀(α*)=-21.538372, intercept=-159.564825 (0.310s) [OMP=0.236 ISP-L=0.006 ISP-F=0.023 MW-L=0.021 MW-F=0.019]
  Mini-Benders[3] (mw): LB=11.824944, Z₀(α*)=-21.538372, intercept=-159.564825 (0.307s) [OMP=0.238 ISP-L=0.006 ISP-F=0.023 MW-L=0.021 MW-F=0.019]
  Mini-Benders[4] (mw): LB=11.824944, Z₀(α*)=-21.538372, intercept=-159.564825 (0.323s) [OMP=0.248 ISP-L=0.006 ISP-F=0.023 MW-L=0.022 MW-F=0.018]
  Mini-Benders[5]: LB stagnated, break
  α-step: Z₀=18.629859, α=[0.000,0.000,0.000,0.000,0.000,0.000,0.000,0.000,0.000,0.000,0.000,0.000,0.000,0.000,0.000,0.000,0.000,0.000,0.000,0.000,0.000,0.000,0.000,0.000,0.000,0.000,0.000,0.000,0.000,0.000,0.000,0.000,0.000,0.000,0.000,0.000,0.000,0.000,1.980,0.000,0.000,0.000,0.000,0.000,0.000,0.000,0.000,0.000,0.000,6.017,0.000,0.000,0.000,0.000,0.000,0.000,0.000,0.000,0.000,0.000,0.000,0.000,0.000,0.000,0.000,0.000,0.000,0.000,0.000,0.000,0.000,0.000,2.446,0.000,0.000,0.000]
  Alt-Benders[1] (mw): LB=12.223982, Z₀(α*)=-27.910465, intercept=-92.455043 (0.321s) [OMP=0.252 ISP-L=0.008 ISP-F=0.026 MW-L=0.022 MW-F=0.019]
  Alt-Benders[2] (mw): LB=12.223982, Z₀(α*)=-27.910465, intercept=-92.455043 (0.417s) [OMP=0.332 ISP-L=0.008 ISP-F=0.026 MW-L=0.022 MW-F=0.018]
  Alt-Benders[3] (mw): LB=12.223982, Z₀(α*)=-27.910465, intercept=-92.455043 (0.385s) [OMP=0.320 ISP-L=0.008 ISP-F=0.026 MW-L=0.021 MW-F=0.019]
  Alt-Benders[4]: LB stagnated, break
  OMP re-solve: 0.001s

=== True-DRO Benders iter 13 ===
  OMP: t₀=12.223982, UB=20.551706, gap=4.05e-01, x=[0, 0, 0, 0, 0, 0, 0, 0, 0, 0, 0, 0, 0, 0, 0, 0, 0, 0, 0, 0, 0, 0, 0, 0, 0, 0, 0, 0, 0, 0, 0, 0, 0, 0, 0, 0, 0, 0, 0, 0, 0, 0, 0, 0, 0, 0, 0, 0, 0, 0, 0, 1, 0, 0, 0, 0, 0, 0, 0, 0, 0, 0, 0, 0, 0, 0, 0, 0, 0, 0, 0, 0, 1, 0, 0, 0] (0.000s)
  Sub: Z₀=19.056621 [LOCAL] (0.3s), α=[0.000,0.000,0.000,0.000,0.000,0.000,0.000,0.000,0.000,0.000,0.000,0.000,0.000,0.000,0.000,0.000,0.000,0.000,0.000,0.000,0.000,0.000,0.000,0.000,0.000,0.000,0.000,0.000,0.000,0.000,0.000,0.000,0.000,0.000,2.653,0.000,0.000,0.000,0.000,0.000,0.000,0.000,0.000,0.000,0.000,0.000,0.000,0.000,0.000,0.000,0.055,3.289,0.000,0.000,0.000,0.000,0.000,0.000,0.000,0.000,0.000,0.000,0.000,0.000,0.000,0.000,0.000,0.000,0.000,0.000,0.000,0.065,4.381,0.000,0.000,0.000]
  Iter 13: LB=12.223982  UB=20.551706  gap=4.05e-01
  Cut: intercept=-1118.038657, π_x_range=[-825.3887, 578.4203]
  Mini-Benders[1] (mw): LB=12.227469, Z₀(α*)=-13.975751, intercept=-59.211113 (0.342s) [OMP=0.259 ISP-L=0.009 ISP-F=0.027 MW-L=0.024 MW-F=0.018]
  Mini-Benders[2] (mw): LB=12.227469, Z₀(α*)=-13.975751, intercept=-59.211113 (0.369s) [OMP=0.283 ISP-L=0.008 ISP-F=0.026 MW-L=0.024 MW-F=0.019]
  Mini-Benders[3] (mw): LB=12.227469, Z₀(α*)=-13.975751, intercept=-59.211113 (0.357s) [OMP=0.283 ISP-L=0.008 ISP-F=0.026 MW-L=0.023 MW-F=0.018]
  Mini-Benders[4]: LB stagnated, break
  α-step: Z₀=21.614662, α=[0.000,0.000,0.000,0.000,0.000,0.000,0.000,0.000,0.000,0.000,0.000,0.000,0.000,0.000,0.000,0.000,0.000,0.000,0.000,0.000,0.000,0.000,0.000,0.000,0.000,0.000,0.000,0.000,0.000,0.000,0.000,0.000,0.000,0.000,0.000,0.000,0.000,0.000,0.000,0.000,0.000,0.000,0.000,0.000,0.000,0.000,0.000,0.000,0.000,0.000,0.000,0.000,0.000,0.000,0.000,0.000,0.000,0.000,0.000,0.000,0.000,0.000,0.000,0.000,0.000,0.000,0.000,0.000,0.000,0.000,0.000,0.000,10.443,0.000,0.000,0.000]
  Alt-Benders[1] (mw): LB=12.306524, Z₀(α*)=-18.672827, intercept=-148.421226 (0.414s) [OMP=0.338 ISP-L=0.008 ISP-F=0.028 MW-L=0.022 MW-F=0.019]
  Alt-Benders[2] (mw): LB=12.306524, Z₀(α*)=-18.672827, intercept=-148.421226 (0.370s) [OMP=0.299 ISP-L=0.008 ISP-F=0.027 MW-L=0.022 MW-F=0.019]
  Alt-Benders[3] (mw): LB=12.306524, Z₀(α*)=-18.672827, intercept=-148.421226 (0.372s) [OMP=0.290 ISP-L=0.007 ISP-F=0.026 MW-L=0.023 MW-F=0.018]
  Alt-Benders[4]: LB stagnated, break
  OMP re-solve: 0.000s

=== True-DRO Benders iter 14 ===
  OMP: t₀=12.306524, UB=20.551706, gap=4.01e-01, x=[0, 0, 0, 0, 0, 0, 0, 0, 0, 0, 0, 0, 0, 0, 0, 0, 0, 0, 0, 0, 0, 0, 0, 0, 0, 0, 0, 0, 0, 0, 0, 0, 0, 0, 0, 0, 0, 0, 0, 0, 0, 0, 0, 0, 0, 0, 0, 0, 0, 0, 0, 0, 0, 1, 0, 0, 0, 0, 0, 0, 0, 1, 0, 0, 0, 0, 0, 0, 0, 0, 0, 0, 0, 0, 0, 0] (0.000s)
  Sub: Z₀=20.313964 [LOCAL] (0.4s), α=[0.000,0.000,0.000,0.000,0.000,0.000,0.000,0.000,0.000,0.000,0.000,0.000,0.000,0.000,0.000,0.000,0.000,0.000,0.000,0.000,0.000,0.000,0.000,0.000,0.000,0.000,0.000,0.000,0.000,0.000,0.000,0.000,0.000,0.000,0.000,0.000,0.000,0.000,0.000,0.000,0.000,0.000,0.000,0.000,0.000,0.000,0.000,0.000,0.000,0.000,1.771,0.000,0.000,6.766,0.000,0.000,0.000,0.000,0.000,0.000,0.000,0.671,0.000,0.000,0.000,0.000,0.000,0.000,0.000,0.000,0.000,0.000,1.235,0.000,0.000,0.000]
  Iter 14: LB=12.306524  UB=20.551706  gap=4.01e-01
  Cut: intercept=-1091.267934, π_x_range=[-825.5297, 563.5015]
  Mini-Benders[1] (mw): LB=12.799989, Z₀(α*)=-56.435197, intercept=-54.489644 (0.292s) [OMP=0.227 ISP-L=0.008 ISP-F=0.024 MW-L=0.022 MW-F=0.019]
  Mini-Benders[2] (mw): LB=12.799989, Z₀(α*)=-56.435197, intercept=-54.489644 (0.354s) [OMP=0.278 ISP-L=0.008 ISP-F=0.023 MW-L=0.023 MW-F=0.021]
  Mini-Benders[3] (mw): LB=12.799989, Z₀(α*)=-56.435197, intercept=-54.489644 (0.356s) [OMP=0.290 ISP-L=0.009 ISP-F=0.024 MW-L=0.022 MW-F=0.020]
  Mini-Benders[4]: LB stagnated, break
  α-step: Z₀=21.685881, α=[0.000,0.000,0.000,0.000,0.000,0.000,0.000,0.000,0.000,0.000,0.000,0.000,0.000,0.000,0.000,0.000,0.000,0.000,0.000,0.000,0.000,0.000,0.000,0.000,0.000,0.000,0.000,0.000,0.000,0.000,0.000,0.000,0.000,0.000,0.000,0.000,0.000,0.000,0.000,0.000,0.000,0.000,0.000,0.000,0.000,0.000,0.000,0.000,0.000,0.000,0.000,0.000,0.000,0.000,0.000,0.000,0.000,0.000,0.000,0.000,0.000,0.000,0.000,0.000,0.000,0.000,0.000,0.000,0.000,0.000,0.000,0.000,10.443,0.000,0.000,0.000]
  Alt-Benders[1] (mw): LB=12.865037, Z₀(α*)=20.897130, intercept=-57.887819 (0.334s) [OMP=0.271 ISP-L=0.008 ISP-F=0.026 MW-L=0.021 MW-F=0.018]
  Alt-Benders[2] (mw): LB=12.865037, Z₀(α*)=20.897130, intercept=-47.137926 (0.401s) [OMP=0.309 ISP-L=0.008 ISP-F=0.028 MW-L=0.022 MW-F=0.018]
  Alt-Benders[3] (mw): LB=12.867592, Z₀(α*)=16.914870, intercept=-85.291201 (0.388s) [OMP=0.322 ISP-L=0.007 ISP-F=0.023 MW-L=0.024 MW-F=0.018]
  Alt-Benders[4] (mw): LB=12.947892, Z₀(α*)=23.221770, intercept=-25.225236 (0.372s) [OMP=0.293 ISP-L=0.008 ISP-F=0.027 MW-L=0.022 MW-F=0.017]
  Alt-Benders[5] (mw): LB=12.947892, Z₀(α*)=0.444097, intercept=-59.471598 (0.388s) [OMP=0.308 ISP-L=0.008 ISP-F=0.027 MW-L=0.023 MW-F=0.019]
  OMP re-solve: 0.314s

=== True-DRO Benders iter 15 ===
  OMP: t₀=12.947892, UB=20.551706, gap=3.70e-01, x=[0, 0, 0, 0, 0, 0, 0, 0, 0, 0, 0, 0, 0, 0, 0, 0, 0, 0, 0, 0, 0, 0, 0, 0, 0, 0, 0, 0, 0, 0, 0, 0, 0, 0, 0, 0, 0, 0, 0, 0, 0, 0, 0, 0, 0, 0, 0, 0, 0, 0, 0, 0, 0, 1, 0, 0, 0, 0, 0, 0, 0, 0, 0, 0, 0, 0, 0, 0, 0, 0, 0, 0, 1, 0, 0, 0] (0.000s)
  Sub: Z₀=20.236369 [TIME_LIMIT] (15.1s), α=[0.000,0.000,0.000,0.000,0.000,0.000,0.000,0.000,0.000,0.000,0.000,0.000,0.000,0.000,0.000,0.000,0.000,0.000,0.000,0.000,0.000,0.000,0.000,0.000,0.000,0.000,0.000,0.000,0.000,0.000,0.000,0.000,0.000,0.000,4.248,0.000,0.000,0.000,0.000,0.000,0.000,0.000,0.000,0.000,0.000,0.000,0.000,0.000,0.000,0.000,0.024,0.000,0.000,0.000,0.000,0.197,0.000,0.000,0.000,0.000,0.000,0.000,0.000,0.000,0.000,0.000,0.000,0.000,0.000,0.000,0.000,2.632,3.341,0.000,0.000,0.000]
  Iter 15: LB=12.947892  UB=20.281920  gap=3.62e-01
  Cut: intercept=-62.097444, π_x_range=[-192.2185, 63.4160]
  Mini-Benders[1] (mw): LB=12.947892, Z₀(α*)=3.920118, intercept=-60.152899 (0.417s) [OMP=0.335 ISP-L=0.008 ISP-F=0.024 MW-L=0.023 MW-F=0.019]
  Mini-Benders[2] (mw): LB=12.947892, Z₀(α*)=3.920118, intercept=-60.152899 (0.369s) [OMP=0.302 ISP-L=0.008 ISP-F=0.025 MW-L=0.023 MW-F=0.018]
  Mini-Benders[3]: LB stagnated, break
  α-step: Z₀=21.658008, α=[0.000,0.000,0.000,0.000,0.000,0.000,0.000,0.000,0.000,0.000,0.000,0.000,0.000,0.000,0.000,0.000,0.000,0.000,0.000,0.000,0.000,0.000,0.000,0.000,0.000,0.000,0.000,0.000,0.000,0.000,0.000,0.000,0.000,0.000,0.207,0.000,0.000,0.000,0.000,0.000,0.000,0.000,0.000,0.000,0.000,0.000,0.000,0.000,0.000,0.000,0.000,0.000,0.000,0.000,0.000,0.000,0.000,0.000,0.000,0.000,0.000,0.000,0.000,0.000,0.000,0.000,0.000,0.000,0.000,0.000,0.000,0.000,10.235,0.000,0.000,0.000]
  Alt-Benders[1] (mw): LB=12.947892, Z₀(α*)=23.014278, intercept=-25.121491 (0.385s) [OMP=0.320 ISP-L=0.008 ISP-F=0.025 MW-L=0.023 MW-F=0.018]
  Alt-Benders[2] (mw): LB=12.947892, Z₀(α*)=22.901182, intercept=-41.004308 (0.432s) [OMP=0.347 ISP-L=0.007 ISP-F=0.023 MW-L=0.021 MW-F=0.017]
  Alt-Benders[3]: LB stagnated, break
  OMP re-solve: 0.001s

=== True-DRO Benders iter 16 ===
  OMP: t₀=12.947892, UB=20.281920, gap=3.62e-01, x=[0, 0, 0, 0, 0, 0, 1, 0, 0, 0, 0, 0, 0, 0, 0, 0, 0, 0, 0, 0, 0, 0, 0, 0, 0, 0, 0, 0, 0, 0, 0, 0, 0, 0, 0, 0, 0, 0, 0, 0, 0, 0, 0, 0, 0, 0, 0, 0, 0, 0, 0, 0, 0, 0, 0, 0, 0, 0, 0, 0, 0, 0, 0, 0, 0, 0, 0, 0, 0, 0, 0, 0, 1, 0, 0, 0] (0.000s)
  Sub: Z₀=22.623203 [LOCAL] (0.3s), α=[0.000,0.000,0.000,0.000,0.000,0.000,0.000,0.000,0.000,0.000,0.000,0.000,0.000,0.000,0.000,0.000,0.000,0.000,0.000,0.000,0.000,0.000,0.000,0.000,0.000,0.000,0.000,0.000,0.000,0.000,0.000,0.000,0.000,0.000,0.708,0.000,0.000,0.000,0.000,0.000,0.000,0.000,0.000,0.000,0.000,0.000,0.000,0.000,0.000,0.000,0.000,0.000,0.000,0.000,0.000,0.000,0.000,0.000,0.000,0.000,0.000,0.000,0.000,0.000,0.000,0.000,0.000,0.000,0.000,0.000,0.000,0.000,9.735,0.000,0.000,0.000]
  Iter 16: LB=12.947892  UB=20.281920  gap=3.62e-01
  Cut: intercept=-1130.499699, π_x_range=[-827.1355, 577.7743]
  Mini-Benders[1] (mw): LB=12.947892, Z₀(α*)=23.073494, intercept=-24.403545 (0.386s) [OMP=0.296 ISP-L=0.008 ISP-F=0.028 MW-L=0.023 MW-F=0.018]
  Mini-Benders[2] (mw): LB=12.947892, Z₀(α*)=22.513802, intercept=-24.871254 (0.385s) [OMP=0.306 ISP-L=0.008 ISP-F=0.025 MW-L=0.025 MW-F=0.018]
  Mini-Benders[3]: LB stagnated, break
  α-step: Z₀=22.950758, α=[0.000,0.000,0.000,0.000,0.000,0.000,0.000,0.000,0.000,0.000,0.000,0.000,0.000,0.000,0.000,0.000,0.000,0.000,0.000,0.000,0.000,0.000,0.000,0.000,0.000,0.000,0.000,0.000,0.000,0.000,0.000,0.000,0.000,0.000,0.708,0.000,0.000,0.000,0.000,0.000,0.000,0.000,0.000,0.000,0.000,0.000,0.000,0.000,0.000,0.000,0.000,0.000,0.000,0.000,0.000,0.000,0.000,0.000,0.000,0.000,0.000,0.000,0.000,0.000,0.000,0.000,0.000,0.000,0.000,0.000,0.000,0.000,9.735,0.000,0.000,0.000]
  Alt-Benders[1] (mw): LB=12.947892, Z₀(α*)=22.513802, intercept=-24.871254 (0.434s) [OMP=0.368 ISP-L=0.008 ISP-F=0.028 MW-L=0.022 MW-F=0.017]
  Alt-Benders[2] (mw): LB=12.947892, Z₀(α*)=22.716567, intercept=-20.493917 (0.370s) [OMP=0.292 ISP-L=0.008 ISP-F=0.024 MW-L=0.022 MW-F=0.018]
  Alt-Benders[3]: LB stagnated, break
  OMP re-solve: 0.000s

=== True-DRO Benders iter 17 ===
  OMP: t₀=12.947892, UB=20.281920, gap=3.62e-01, x=[0, 0, 0, 0, 0, 0, 0, 0, 0, 0, 0, 0, 0, 0, 0, 0, 0, 0, 0, 0, 0, 0, 0, 1, 0, 0, 0, 0, 0, 0, 0, 0, 0, 0, 0, 0, 0, 0, 0, 0, 0, 0, 0, 0, 0, 0, 0, 0, 0, 0, 0, 0, 0, 0, 0, 0, 0, 0, 0, 0, 0, 0, 0, 0, 0, 0, 0, 0, 0, 0, 0, 0, 1, 0, 0, 0] (0.000s)
  Sub: Z₀=21.998290 [LOCAL] (0.3s), α=[0.000,0.000,0.000,0.000,0.000,0.000,0.000,0.000,0.000,0.000,0.000,0.000,0.000,0.000,0.000,0.000,0.006,0.000,0.000,0.000,0.005,0.000,0.000,0.135,0.000,0.000,0.000,0.000,0.000,0.000,0.000,0.000,0.000,0.000,0.000,0.000,0.000,0.000,0.000,0.000,0.000,0.000,0.000,0.000,0.000,0.000,0.000,0.000,0.000,0.000,0.000,0.000,0.000,0.000,0.000,0.000,0.000,0.000,0.000,0.000,0.000,0.000,0.009,0.000,0.000,0.000,0.000,0.000,0.000,0.000,0.000,0.000,10.287,0.000,0.000,0.000]
  Iter 17: LB=12.947892  UB=20.281920  gap=3.62e-01
  Cut: intercept=-1141.549626, π_x_range=[-826.2382, 588.4423]
  Mini-Benders[1] (mw): LB=12.947892, Z₀(α*)=22.550873, intercept=-25.178430 (0.433s) [OMP=0.354 ISP-L=0.008 ISP-F=0.024 MW-L=0.022 MW-F=0.018]
  Mini-Benders[2] (mw): LB=12.947892, Z₀(α*)=21.340207, intercept=-36.903338 (0.386s) [OMP=0.316 ISP-L=0.008 ISP-F=0.025 MW-L=0.023 MW-F=0.018]
  Mini-Benders[3] (mw): LB=12.999008, Z₀(α*)=22.550873, intercept=-25.178430 (0.432s) [OMP=0.352 ISP-L=0.009 ISP-F=0.024 MW-L=0.023 MW-F=0.019]
  Mini-Benders[4] (mw): LB=13.047787, Z₀(α*)=-6.256473, intercept=-117.271304 (0.463s) [OMP=0.377 ISP-L=0.007 ISP-F=0.026 MW-L=0.021 MW-F=0.019]
  Mini-Benders[5] (mw): LB=13.047787, Z₀(α*)=-6.256473, intercept=-117.271304 (0.354s) [OMP=0.290 ISP-L=0.007 ISP-F=0.025 MW-L=0.021 MW-F=0.019]
  α-step: Z₀=19.438215, α=[0.000,1.480,0.000,0.000,0.000,0.000,0.000,6.517,0.000,0.000,0.000,0.000,0.000,0.000,0.000,0.000,0.000,0.000,0.000,0.000,0.000,0.000,0.000,0.000,0.000,0.000,0.000,0.000,0.000,0.000,0.000,0.000,0.000,0.000,0.000,0.000,0.000,0.000,0.000,0.000,0.000,0.000,0.000,0.000,0.000,0.000,0.000,0.000,0.000,0.000,0.000,0.000,0.000,0.000,0.000,0.000,0.000,0.000,0.000,0.000,0.000,0.000,0.000,0.000,0.000,0.000,0.000,0.000,0.000,0.000,0.000,0.000,2.446,0.000,0.000,0.000]
  Alt-Benders[1] (mw): LB=13.057825, Z₀(α*)=-23.494049, intercept=-69.671362 (0.401s) [OMP=0.325 ISP-L=0.007 ISP-F=0.027 MW-L=0.023 MW-F=0.019]
  Alt-Benders[2] (mw): LB=13.057825, Z₀(α*)=-23.494049, intercept=-69.671362 (0.464s) [OMP=0.379 ISP-L=0.007 ISP-F=0.027 MW-L=0.021 MW-F=0.020]
  Alt-Benders[3] (mw): LB=13.057825, Z₀(α*)=-23.494049, intercept=-69.671362 (0.448s) [OMP=0.368 ISP-L=0.007 ISP-F=0.026 MW-L=0.022 MW-F=0.020]
  Alt-Benders[4]: LB stagnated, break
  OMP re-solve: 0.000s

=== True-DRO Benders iter 18 ===
  OMP: t₀=13.057825, UB=20.281920, gap=3.56e-01, x=[0, 0, 0, 0, 0, 0, 0, 0, 0, 0, 0, 0, 0, 0, 0, 0, 0, 0, 0, 0, 1, 0, 0, 0, 0, 0, 0, 0, 0, 0, 0, 0, 0, 0, 0, 0, 0, 0, 0, 0, 0, 0, 0, 0, 0, 0, 0, 0, 0, 0, 0, 1, 0, 0, 0, 0, 0, 0, 0, 0, 0, 0, 0, 0, 0, 0, 0, 0, 0, 0, 0, 0, 0, 0, 0, 0] (0.000s)
  Sub: Z₀=19.218595 [LOCAL] (0.4s), α=[0.000,0.000,0.000,0.000,0.000,0.000,0.000,0.000,0.000,0.000,0.000,0.000,0.000,0.000,0.000,0.000,0.000,0.000,0.000,0.000,0.000,0.000,0.000,0.000,0.000,0.000,0.000,0.000,0.000,0.000,0.000,0.000,0.000,0.000,5.783,0.000,0.000,0.000,0.000,0.000,0.000,0.000,0.000,0.000,0.000,0.000,0.000,0.000,0.000,0.000,1.117,2.104,0.000,0.000,0.000,0.000,0.000,0.000,0.000,0.000,0.000,0.000,0.000,0.000,0.000,0.000,0.000,0.000,0.000,0.000,0.000,0.057,1.381,0.000,0.000,0.000]
  Iter 18: LB=13.057825  UB=20.281920  gap=3.56e-01
  Cut: intercept=-1120.811393, π_x_range=[-824.4720, 586.1122]
  Mini-Benders[1] (mw): LB=13.089621, Z₀(α*)=9.142227, intercept=-51.461609 (0.401s) [OMP=0.329 ISP-L=0.008 ISP-F=0.027 MW-L=0.022 MW-F=0.017]
  Mini-Benders[2] (mw): LB=13.089621, Z₀(α*)=9.142227, intercept=-51.461609 (0.404s) [OMP=0.319 ISP-L=0.008 ISP-F=0.027 MW-L=0.023 MW-F=0.017]
  Mini-Benders[3] (mw): LB=13.089621, Z₀(α*)=9.142227, intercept=-51.461609 (0.387s) [OMP=0.320 ISP-L=0.008 ISP-F=0.027 MW-L=0.022 MW-F=0.018]
  Mini-Benders[4]: LB stagnated, break
  α-step: Z₀=19.012607, α=[0.000,0.000,0.000,0.000,0.000,0.000,0.000,0.000,0.000,0.000,0.000,0.000,0.000,0.000,0.000,0.000,2.662,0.000,0.000,0.000,0.000,0.000,0.000,0.000,0.000,0.000,0.000,0.000,0.000,0.000,0.000,0.000,0.000,0.000,5.726,0.000,0.000,0.000,0.000,0.000,0.000,0.000,0.000,0.000,0.000,0.000,0.000,0.000,0.000,0.000,0.000,0.000,0.000,0.000,0.000,0.000,0.000,0.000,0.000,0.000,0.000,0.000,0.000,0.000,0.000,0.000,0.000,0.000,0.000,0.000,0.000,0.000,2.055,0.000,0.000,0.000]
  Alt-Benders[1] (mw): LB=13.391177, Z₀(α*)=-12.971788, intercept=-98.636693 (0.332s) [OMP=0.265 ISP-L=0.008 ISP-F=0.028 MW-L=0.023 MW-F=0.018]
  Alt-Benders[2] (mw): LB=13.391177, Z₀(α*)=-12.971788, intercept=-98.636693 (0.370s) [OMP=0.285 ISP-L=0.008 ISP-F=0.027 MW-L=0.022 MW-F=0.019]
  Alt-Benders[3] (mw): LB=13.391177, Z₀(α*)=-12.971788, intercept=-98.636693 (0.356s) [OMP=0.280 ISP-L=0.008 ISP-F=0.026 MW-L=0.022 MW-F=0.019]
  Alt-Benders[4]: LB stagnated, break
  OMP re-solve: 0.000s

=== True-DRO Benders iter 19 ===
  OMP: t₀=13.391177, UB=20.281920, gap=3.40e-01, x=[0, 1, 0, 0, 0, 0, 0, 0, 0, 0, 0, 0, 0, 0, 0, 0, 0, 0, 0, 0, 0, 0, 0, 0, 0, 0, 0, 0, 0, 0, 0, 0, 0, 0, 0, 0, 0, 0, 0, 0, 0, 0, 0, 0, 0, 0, 0, 0, 0, 0, 0, 0, 0, 1, 0, 0, 0, 0, 0, 0, 0, 0, 0, 0, 0, 0, 0, 0, 0, 0, 0, 0, 0, 0, 0, 0] (0.000s)
  Sub: Z₀=20.697419 [LOCAL] (0.3s), α=[0.000,0.000,0.000,0.000,0.000,0.000,0.000,0.000,0.000,0.000,0.000,0.000,0.000,0.000,0.000,0.000,0.000,0.000,0.000,0.000,0.000,0.000,0.000,0.000,0.000,0.000,0.000,0.000,0.000,0.000,0.000,0.000,0.000,0.000,1.585,0.000,0.000,0.000,0.000,0.000,0.000,0.000,0.000,0.000,0.000,0.000,0.000,0.000,0.000,0.000,1.780,0.000,0.000,6.035,0.000,0.000,0.000,0.000,0.000,0.000,0.000,0.000,0.000,0.000,0.000,0.000,0.000,0.000,0.000,0.000,0.000,0.000,1.042,0.000,0.000,0.000]
  Iter 19: LB=13.391177  UB=20.281920  gap=3.40e-01
  Cut: intercept=-1088.456650, π_x_range=[-825.3998, 556.5206]
  Mini-Benders[1] (mw): LB=13.476661, Z₀(α*)=-21.434458, intercept=-162.036122 (0.417s) [OMP=0.347 ISP-L=0.009 ISP-F=0.023 MW-L=0.024 MW-F=0.021]
  Mini-Benders[2] (mw): LB=13.476661, Z₀(α*)=-21.434458, intercept=-162.036122 (0.432s) [OMP=0.351 ISP-L=0.008 ISP-F=0.023 MW-L=0.024 MW-F=0.020]
  Mini-Benders[3] (mw): LB=13.476661, Z₀(α*)=-21.434458, intercept=-162.036122 (0.448s) [OMP=0.362 ISP-L=0.008 ISP-F=0.024 MW-L=0.024 MW-F=0.022]
  Mini-Benders[4]: LB stagnated, break
  α-step: Z₀=14.287663, α=[0.000,0.000,0.000,0.000,0.000,0.000,0.000,0.000,0.000,0.000,0.000,0.000,0.000,0.000,0.000,0.000,0.000,0.000,0.000,0.000,0.000,0.000,0.000,0.000,0.000,0.000,0.000,0.000,0.000,0.000,0.000,0.000,0.000,0.000,0.000,0.000,0.000,0.000,0.000,0.000,0.000,0.000,0.000,0.000,0.000,0.000,0.000,0.000,0.000,0.000,0.138,0.000,0.000,0.000,0.000,0.000,0.000,0.000,0.000,0.000,0.000,0.000,0.000,0.000,0.000,0.000,0.000,0.000,0.000,0.000,0.000,10.304,0.000,0.000,0.000,0.000]
  Alt-Benders[1] (mw): LB=13.571854, Z₀(α*)=-33.401834, intercept=-109.484932 (0.404s) [OMP=0.336 ISP-L=0.008 ISP-F=0.024 MW-L=0.022 MW-F=0.020]
  Alt-Benders[2] (mw): LB=13.571854, Z₀(α*)=-33.401834, intercept=-109.484932 (0.401s) [OMP=0.320 ISP-L=0.007 ISP-F=0.023 MW-L=0.021 MW-F=0.020]
  Alt-Benders[3] (mw): LB=13.571854, Z₀(α*)=-33.401834, intercept=-109.484932 (0.385s) [OMP=0.313 ISP-L=0.007 ISP-F=0.023 MW-L=0.022 MW-F=0.020]
  Alt-Benders[4]: LB stagnated, break
  OMP re-solve: 0.001s

=== True-DRO Benders iter 20 ===
  OMP: t₀=13.571854, UB=20.281920, gap=3.31e-01, x=[0, 0, 0, 0, 0, 0, 0, 0, 0, 0, 0, 0, 0, 0, 0, 0, 0, 0, 0, 0, 0, 0, 0, 0, 0, 0, 0, 0, 0, 0, 0, 0, 0, 0, 0, 0, 0, 0, 0, 0, 0, 0, 0, 0, 0, 0, 0, 0, 0, 0, 0, 1, 0, 1, 0, 0, 0, 0, 0, 0, 0, 0, 0, 0, 0, 0, 0, 0, 0, 0, 0, 0, 0, 0, 0, 0] (0.000s)
  Sub: Z₀=21.088536 (2.4s), α=[0.000,0.000,0.000,0.000,0.000,0.000,0.000,0.000,0.000,0.000,0.000,0.000,0.000,0.000,0.000,0.000,0.000,0.000,0.000,0.000,0.000,0.000,0.000,0.000,0.000,0.000,0.000,0.000,0.000,0.000,0.000,0.000,0.000,0.000,4.645,0.000,0.000,0.000,0.000,0.000,0.000,0.000,0.000,0.000,0.000,0.000,0.000,0.000,0.000,0.000,3.741,0.000,0.000,0.000,0.000,0.000,0.000,0.000,0.000,0.000,0.000,0.000,0.000,0.000,0.000,0.000,0.000,0.000,0.000,0.000,0.000,2.056,0.000,0.000,0.000,0.000]
  Iter 20: LB=13.571854  UB=20.281920  gap=3.31e-01
  Cut: intercept=-83.442067, π_x_range=[-188.1421, 69.7351]
  Sherali-Cut: intercept=-81.867542, π_x_range=[-124.8203, 69.0219]
  Mini-Benders[1] (mw): LB=13.700750, Z₀(α*)=-4.708662, intercept=-162.935528 (0.404s) [OMP=0.327 ISP-L=0.008 ISP-F=0.025 MW-L=0.023 MW-F=0.020]
  Mini-Benders[2] (mw): LB=13.700750, Z₀(α*)=-4.708662, intercept=-162.935528 (0.369s) [OMP=0.300 ISP-L=0.008 ISP-F=0.025 MW-L=0.023 MW-F=0.020]
  Mini-Benders[3] (mw): LB=13.700750, Z₀(α*)=-4.708662, intercept=-162.935528 (0.370s) [OMP=0.284 ISP-L=0.008 ISP-F=0.025 MW-L=0.024 MW-F=0.019]
  Mini-Benders[4]: LB stagnated, break
  α-step: Z₀=21.186230, α=[0.000,0.000,0.000,0.000,0.000,0.000,0.000,0.000,0.000,0.000,0.000,0.000,0.000,0.000,0.000,0.000,0.000,0.000,0.000,0.000,0.000,0.000,0.000,0.000,0.000,0.000,0.000,0.000,0.000,0.000,0.000,0.000,0.000,0.000,0.000,0.000,0.000,0.000,0.000,0.000,0.000,0.000,0.000,0.000,0.000,0.000,0.000,0.000,0.000,0.000,2.532,4.384,0.000,0.000,0.000,0.000,0.000,0.000,0.000,0.000,0.000,0.671,0.000,0.000,0.000,0.000,0.000,0.000,0.000,0.000,0.000,0.000,2.856,0.000,0.000,0.000]
  Alt-Benders[1] (mw): LB=13.876123, Z₀(α*)=12.274917, intercept=-102.773050 (0.417s) [OMP=0.340 ISP-L=0.008 ISP-F=0.029 MW-L=0.022 MW-F=0.017]
  Alt-Benders[2] (mw): LB=13.876123, Z₀(α*)=12.274917, intercept=-102.773050 (0.401s) [OMP=0.335 ISP-L=0.007 ISP-F=0.029 MW-L=0.021 MW-F=0.018]
  Alt-Benders[3] (mw): LB=13.876123, Z₀(α*)=12.274917, intercept=-102.773050 (0.432s) [OMP=0.347 ISP-L=0.007 ISP-F=0.029 MW-L=0.021 MW-F=0.019]
  Alt-Benders[4]: LB stagnated, break
  OMP re-solve: 0.000s

=== True-DRO Benders iter 21 ===
  OMP: t₀=13.876123, UB=20.281920, gap=3.16e-01, x=[0, 1, 0, 0, 0, 0, 0, 0, 0, 0, 0, 0, 0, 0, 0, 0, 0, 0, 0, 0, 0, 0, 0, 0, 0, 0, 0, 0, 0, 0, 0, 0, 0, 0, 0, 0, 0, 0, 0, 0, 0, 0, 0, 0, 0, 0, 0, 0, 0, 0, 0, 1, 0, 0, 0, 0, 0, 0, 0, 0, 0, 0, 0, 0, 0, 0, 0, 0, 0, 0, 0, 0, 0, 0, 0, 0] (0.000s)
  Sub: Z₀=21.119073 [LOCAL] (0.4s), α=[0.000,0.000,0.000,0.000,0.000,0.000,0.000,0.000,0.000,0.000,0.000,0.000,0.000,0.000,0.000,0.000,0.000,0.000,0.000,0.000,0.000,0.000,0.000,0.000,0.000,0.000,0.000,0.000,0.000,0.000,0.000,0.000,0.000,0.000,3.078,0.000,0.000,0.000,0.000,0.000,0.000,0.000,0.000,0.000,0.000,0.000,0.000,0.000,0.000,0.000,2.189,5.113,0.000,0.000,0.000,0.000,0.000,0.000,0.000,0.000,0.000,0.000,0.000,0.000,0.000,0.000,0.000,0.000,0.000,0.000,0.000,0.000,0.063,0.000,0.000,0.000]
  Iter 21: LB=13.876123  UB=20.281920  gap=3.16e-01
  Cut: intercept=-1089.585287, π_x_range=[-825.1670, 561.8475]
  Mini-Benders[1] (mw): LB=13.968900, Z₀(α*)=-75.798366, intercept=-90.564522 (0.434s) [OMP=0.361 ISP-L=0.008 ISP-F=0.024 MW-L=0.022 MW-F=0.018]
  Mini-Benders[2] (mw): LB=13.968900, Z₀(α*)=-75.798366, intercept=-90.564522 (0.417s) [OMP=0.332 ISP-L=0.008 ISP-F=0.023 MW-L=0.023 MW-F=0.018]
  Mini-Benders[3] (mw): LB=13.968900, Z₀(α*)=-75.798366, intercept=-90.564522 (0.385s) [OMP=0.325 ISP-L=0.007 ISP-F=0.023 MW-L=0.022 MW-F=0.018]
  Mini-Benders[4]: LB stagnated, break
  α-step: Z₀=20.247509, α=[0.000,0.000,0.000,0.000,0.000,0.000,0.000,0.000,0.000,0.000,0.000,0.000,0.000,0.000,0.000,0.000,0.000,0.000,0.000,0.000,0.000,0.000,0.000,0.000,0.000,0.000,0.000,0.000,0.000,0.000,0.000,0.000,0.000,0.000,0.000,0.000,0.000,0.000,0.000,0.000,0.000,0.000,0.000,0.000,0.000,0.000,0.000,0.000,0.000,0.000,0.000,0.000,0.000,0.000,0.000,0.000,0.000,0.000,0.000,0.000,0.000,0.000,0.000,0.000,0.000,0.000,0.000,0.000,0.000,0.000,0.000,6.831,3.612,0.000,0.000,0.000]
  Alt-Benders[1] (mw): LB=14.050390, Z₀(α*)=-32.081938, intercept=-50.853451 (0.385s) [OMP=0.313 ISP-L=0.008 ISP-F=0.026 MW-L=0.021 MW-F=0.018]
  Alt-Benders[2] (mw): LB=14.050390, Z₀(α*)=-32.081938, intercept=-50.853451 (0.419s) [OMP=0.346 ISP-L=0.007 ISP-F=0.026 MW-L=0.021 MW-F=0.018]
  Alt-Benders[3] (mw): LB=14.050390, Z₀(α*)=-32.081938, intercept=-50.853451 (0.417s) [OMP=0.336 ISP-L=0.007 ISP-F=0.026 MW-L=0.021 MW-F=0.018]
  Alt-Benders[4]: LB stagnated, break
  OMP re-solve: 0.000s

=== True-DRO Benders iter 22 ===
  OMP: t₀=14.050390, UB=20.281920, gap=3.07e-01, x=[0, 0, 0, 0, 0, 0, 0, 0, 0, 0, 0, 0, 0, 0, 0, 0, 0, 0, 0, 0, 0, 0, 0, 0, 0, 0, 0, 0, 0, 0, 0, 0, 0, 0, 0, 0, 0, 0, 0, 0, 0, 0, 0, 0, 0, 0, 0, 0, 0, 0, 1, 1, 0, 0, 0, 0, 0, 0, 0, 0, 0, 0, 0, 0, 0, 0, 0, 0, 0, 0, 0, 0, 0, 0, 0, 0] (0.000s)
  Sub: Z₀=21.923913 [LOCAL] (0.3s), α=[0.000,0.000,0.000,0.000,0.000,0.000,0.000,0.000,0.000,0.000,0.000,0.000,0.000,0.000,0.000,0.000,0.000,0.000,0.000,0.000,0.000,0.000,0.000,0.000,0.000,0.000,0.000,0.000,0.000,0.000,0.000,0.000,0.000,0.000,2.647,0.000,0.000,0.000,0.000,0.000,0.000,0.000,0.000,0.000,0.000,0.000,0.000,0.000,0.000,0.000,2.186,5.405,0.000,0.000,0.000,0.000,0.000,0.000,0.000,0.000,0.000,0.000,0.000,0.000,0.000,0.000,0.000,0.000,0.000,0.000,0.000,0.058,0.147,0.000,0.000,0.000]
  Iter 22: LB=14.050390  UB=20.281920  gap=3.07e-01
  Cut: intercept=-1130.310664, π_x_range=[-825.6440, 593.0708]
  Mini-Benders[1] (mw): LB=14.132097, Z₀(α*)=18.461192, intercept=-130.363811 (0.433s) [OMP=0.348 ISP-L=0.009 ISP-F=0.032 MW-L=0.023 MW-F=0.018]
  Mini-Benders[2] (mw): LB=14.177332, Z₀(α*)=-53.076390, intercept=-80.229626 (0.463s) [OMP=0.393 ISP-L=0.008 ISP-F=0.023 MW-L=0.022 MW-F=0.021]
  Mini-Benders[3] (mw): LB=14.177332, Z₀(α*)=-53.076390, intercept=-80.229626 (0.463s) [OMP=0.382 ISP-L=0.008 ISP-F=0.024 MW-L=0.022 MW-F=0.020]
  Mini-Benders[4] (mw): LB=14.177332, Z₀(α*)=-53.076390, intercept=-80.229626 (0.448s) [OMP=0.373 ISP-L=0.008 ISP-F=0.023 MW-L=0.022 MW-F=0.021]
  Mini-Benders[5]: LB stagnated, break
  α-step: Z₀=22.892891, α=[0.000,0.000,0.000,0.000,0.000,0.000,0.000,0.000,0.000,0.000,0.000,0.000,0.000,0.000,0.000,0.000,0.000,0.000,0.000,0.000,0.000,0.000,0.000,0.000,0.000,0.000,0.000,0.000,0.000,0.000,0.000,0.000,0.000,0.000,0.708,0.000,0.000,0.000,0.000,0.000,0.000,0.000,0.000,0.000,0.000,0.000,0.000,0.000,0.000,0.000,0.000,0.000,0.000,0.000,0.000,0.000,0.000,0.000,0.000,0.000,0.000,0.000,0.000,0.000,0.000,0.000,0.000,0.000,0.000,0.000,0.000,0.000,9.735,0.000,0.000,0.000]
  Alt-Benders[1] (mw): LB=14.190847, Z₀(α*)=-27.037131, intercept=-32.142424 (0.416s) [OMP=0.343 ISP-L=0.008 ISP-F=0.026 MW-L=0.022 MW-F=0.018]
  Alt-Benders[2] (mw): LB=14.190847, Z₀(α*)=-27.037131, intercept=-32.142424 (0.417s) [OMP=0.333 ISP-L=0.008 ISP-F=0.027 MW-L=0.023 MW-F=0.019]
  Alt-Benders[3] (mw): LB=14.190847, Z₀(α*)=-27.037131, intercept=-32.142424 (0.385s) [OMP=0.321 ISP-L=0.008 ISP-F=0.026 MW-L=0.022 MW-F=0.018]
  Alt-Benders[4]: LB stagnated, break
  OMP re-solve: 0.000s

=== True-DRO Benders iter 23 ===
  OMP: t₀=14.190847, UB=20.281920, gap=3.00e-01, x=[0, 0, 0, 0, 0, 0, 0, 0, 0, 0, 0, 0, 0, 0, 0, 0, 0, 0, 0, 0, 0, 0, 0, 0, 0, 0, 0, 0, 0, 0, 0, 0, 0, 0, 0, 0, 0, 0, 0, 0, 0, 0, 0, 0, 0, 0, 0, 0, 0, 0, 0, 0, 0, 1, 0, 1, 0, 0, 0, 0, 0, 0, 0, 0, 0, 0, 0, 0, 0, 0, 0, 0, 0, 0, 0, 0] (0.000s)
  Sub: Z₀=22.043846 [LOCAL] (0.4s), α=[0.000,0.000,0.000,0.000,0.000,0.000,0.000,0.000,0.000,0.000,0.000,0.000,0.000,0.000,0.000,0.000,0.000,0.000,0.000,0.000,0.000,0.000,0.000,0.000,0.000,0.000,0.000,0.000,0.000,0.000,0.000,0.000,0.000,0.000,2.589,0.000,0.000,0.000,0.000,0.000,0.000,0.000,0.000,0.000,0.000,0.000,0.000,0.000,0.000,0.000,1.699,0.000,0.000,4.702,0.000,1.453,0.000,0.000,0.000,0.000,0.000,0.000,0.000,0.000,0.000,0.000,0.000,0.000,0.000,0.000,0.000,0.000,0.000,0.000,0.000,0.000]
  Iter 23: LB=14.190847  UB=20.281920  gap=3.00e-01
  Cut: intercept=-1116.748749, π_x_range=[-826.0562, 588.4549]
  Mini-Benders[1] (mw): LB=14.266341, Z₀(α*)=-19.663813, intercept=-54.002339 (0.357s) [OMP=0.287 ISP-L=0.007 ISP-F=0.023 MW-L=0.023 MW-F=0.018]
  Mini-Benders[2] (mw): LB=14.266341, Z₀(α*)=-19.663813, intercept=-54.002339 (0.385s) [OMP=0.314 ISP-L=0.008 ISP-F=0.023 MW-L=0.024 MW-F=0.018]
  Mini-Benders[3] (mw): LB=14.266341, Z₀(α*)=-19.663813, intercept=-54.002339 (0.386s) [OMP=0.304 ISP-L=0.007 ISP-F=0.023 MW-L=0.024 MW-F=0.017]
  Mini-Benders[4]: LB stagnated, break
  α-step: Z₀=21.100982, α=[0.000,0.000,0.000,0.000,0.000,0.000,0.000,0.000,0.000,0.000,0.000,0.000,0.000,2.952,0.000,0.000,0.148,0.000,0.000,0.000,0.000,0.000,0.000,0.000,0.000,0.000,0.000,0.000,0.000,0.000,0.000,0.000,0.000,0.000,2.589,0.000,0.000,0.000,0.000,0.000,0.000,0.000,0.000,0.000,0.000,0.000,0.000,0.000,0.000,0.000,0.000,0.000,0.000,0.000,0.000,0.000,0.000,0.000,0.000,0.000,0.000,0.000,0.000,0.000,0.000,0.000,0.000,0.000,0.000,0.000,0.000,0.000,4.754,0.000,0.000,0.000]
  Alt-Benders[1] (mw): LB=14.266341, Z₀(α*)=5.663023, intercept=-35.176190 (0.391s) [OMP=0.315 ISP-L=0.007 ISP-F=0.026 MW-L=0.022 MW-F=0.018]
  Alt-Benders[2] (mw): LB=14.266341, Z₀(α*)=5.663023, intercept=-35.176190 (0.401s) [OMP=0.325 ISP-L=0.007 ISP-F=0.025 MW-L=0.023 MW-F=0.017]
  Alt-Benders[3] (mw): LB=14.266341, Z₀(α*)=5.663023, intercept=-35.176190 (0.401s) [OMP=0.332 ISP-L=0.008 ISP-F=0.026 MW-L=0.023 MW-F=0.019]
  Alt-Benders[4]: LB stagnated, break
  OMP re-solve: 0.000s

=== True-DRO Benders iter 24 ===
  OMP: t₀=14.266341, UB=20.281920, gap=2.97e-01, x=[0, 0, 0, 0, 0, 0, 0, 0, 0, 0, 1, 0, 0, 0, 0, 0, 0, 0, 0, 0, 1, 0, 0, 0, 0, 0, 0, 0, 0, 0, 0, 0, 0, 0, 0, 0, 0, 0, 0, 0, 0, 0, 0, 0, 0, 0, 0, 0, 0, 0, 0, 0, 0, 0, 0, 0, 0, 0, 0, 0, 0, 0, 0, 0, 0, 0, 0, 0, 0, 0, 0, 0, 0, 0, 0, 0] (0.000s)
  Sub: Z₀=21.243989 [LOCAL] (0.4s), α=[0.000,0.000,0.000,0.000,0.000,0.000,0.000,0.000,0.000,0.000,3.027,0.000,0.000,0.000,0.000,0.000,0.455,0.000,0.000,0.000,1.583,0.000,0.000,0.000,0.000,0.000,0.000,0.000,0.000,0.000,0.000,0.000,0.000,0.000,0.624,0.000,0.000,0.000,0.000,0.000,0.000,0.000,0.000,0.000,0.000,0.000,0.000,0.000,0.000,0.000,0.000,0.000,0.000,0.000,0.000,0.000,0.000,0.000,0.000,0.000,0.000,0.000,0.000,0.000,0.000,0.000,0.000,0.000,0.000,0.000,0.000,0.000,4.754,0.000,0.000,0.000]
  Iter 24: LB=14.266341  UB=20.281920  gap=2.97e-01
  Cut: intercept=-1136.737944, π_x_range=[-825.3925, 583.0834]
  Mini-Benders[1] (mw): LB=14.269142, Z₀(α*)=-22.782896, intercept=-74.723455 (0.463s) [OMP=0.374 ISP-L=0.007 ISP-F=0.027 MW-L=0.023 MW-F=0.020]
  Mini-Benders[2] (mw): LB=14.269142, Z₀(α*)=-22.782896, intercept=-74.723455 (0.417s) [OMP=0.347 ISP-L=0.007 ISP-F=0.027 MW-L=0.022 MW-F=0.019]
  Mini-Benders[3] (mw): LB=14.269142, Z₀(α*)=-22.782896, intercept=-74.723455 (0.448s) [OMP=0.355 ISP-L=0.007 ISP-F=0.027 MW-L=0.023 MW-F=0.020]
  Mini-Benders[4]: LB stagnated, break
  α-step: Z₀=21.123141, α=[0.000,0.000,0.000,0.000,0.000,0.000,0.000,0.000,0.000,0.000,0.000,0.000,0.000,0.000,0.000,0.000,0.000,0.000,0.000,0.000,0.000,0.000,0.000,0.000,0.000,0.000,0.000,0.000,0.000,0.000,0.000,0.000,0.000,0.000,3.849,0.000,0.000,0.000,0.000,0.000,0.000,0.000,0.000,0.000,0.000,0.000,0.000,0.000,0.000,0.000,2.532,4.062,0.000,0.000,0.000,0.000,0.000,0.000,0.000,0.000,0.000,0.000,0.000,0.000,0.000,0.000,0.000,0.000,0.000,0.000,0.000,0.000,0.000,0.000,0.000,0.000]
  Alt-Benders[1] (mw): LB=14.287663, Z₀(α*)=-59.689368, intercept=-161.885885 (0.432s) [OMP=0.357 ISP-L=0.007 ISP-F=0.023 MW-L=0.025 MW-F=0.021]
  Alt-Benders[2] (mw): LB=14.287663, Z₀(α*)=-59.689368, intercept=-161.885885 (0.479s) [OMP=0.403 ISP-L=0.007 ISP-F=0.023 MW-L=0.024 MW-F=0.021]
  Alt-Benders[3] (mw): LB=14.287663, Z₀(α*)=-59.689368, intercept=-161.885885 (0.495s) [OMP=0.420 ISP-L=0.008 ISP-F=0.023 MW-L=0.024 MW-F=0.021]
  Alt-Benders[4]: LB stagnated, break
  OMP re-solve: 0.000s

=== True-DRO Benders iter 25 ===
  OMP: t₀=14.287663, UB=20.281920, gap=2.96e-01, x=[0, 0, 0, 0, 0, 0, 0, 0, 0, 0, 0, 0, 0, 0, 0, 0, 0, 0, 0, 0, 0, 0, 0, 0, 0, 0, 0, 0, 0, 0, 0, 0, 0, 0, 0, 0, 0, 0, 0, 0, 0, 0, 0, 0, 0, 0, 0, 0, 0, 0, 0, 0, 0, 1, 0, 0, 0, 0, 0, 0, 0, 0, 0, 0, 0, 0, 0, 0, 0, 0, 0, 1, 0, 0, 0, 0] (0.000s)
  Sub: Z₀=14.763497 (0.4s), α=[0.000,0.000,0.000,0.000,0.000,0.000,0.000,0.000,0.000,0.000,0.000,0.000,0.000,0.000,0.000,0.000,0.000,0.000,0.000,0.000,0.000,0.000,0.000,0.000,0.000,0.000,0.000,0.000,0.000,0.000,0.000,0.000,0.000,0.000,0.000,0.000,0.000,0.000,0.000,0.000,0.000,0.000,0.000,0.000,0.000,0.000,0.000,0.000,0.000,0.000,0.010,0.000,0.000,0.106,0.000,0.006,0.000,0.000,0.000,0.000,0.000,0.000,0.000,0.000,0.000,0.000,0.000,0.000,0.000,0.000,0.000,10.320,0.000,0.000,0.000,0.000]
  Iter 25: LB=14.287663  UB=14.763497  gap=3.22e-02
  Cut: intercept=-167.896303, π_x_range=[-264.0000, 93.4354]
  Sherali-Cut: intercept=-162.601738, π_x_range=[-82.3041, 92.1402]
  Mini-Benders[1] (mw): LB=14.416492, Z₀(α*)=-30.409052, intercept=-37.657913 (0.385s) [OMP=0.295 ISP-L=0.009 ISP-F=0.029 MW-L=0.022 MW-F=0.019]
  Mini-Benders[2] (mw): LB=14.416492, Z₀(α*)=-30.409052, intercept=-37.657913 (0.404s) [OMP=0.330 ISP-L=0.009 ISP-F=0.028 MW-L=0.023 MW-F=0.018]
  Mini-Benders[3] (mw): LB=14.416492, Z₀(α*)=-30.409052, intercept=-37.657913 (0.416s) [OMP=0.333 ISP-L=0.009 ISP-F=0.029 MW-L=0.022 MW-F=0.020]
  Mini-Benders[4]: LB stagnated, break
  α-step: Z₀=21.909114, α=[0.000,0.000,0.000,0.000,0.000,0.000,0.000,0.000,0.000,0.000,0.000,0.000,0.000,0.000,0.000,0.000,0.000,0.000,0.000,0.000,0.000,0.000,0.000,0.000,0.000,0.000,0.000,0.000,0.000,0.000,0.000,0.000,0.000,0.000,2.589,0.000,0.000,0.000,0.000,0.000,0.000,0.000,0.000,0.000,0.000,0.000,0.000,0.000,0.000,0.000,2.632,0.000,0.000,5.222,0.000,0.000,0.000,0.000,0.000,0.000,0.000,0.000,0.000,0.000,0.000,0.000,0.000,0.000,0.000,0.000,0.000,0.000,0.000,0.000,0.000,0.000]
  Alt-Benders[1] (mw): LB=14.461980, Z₀(α*)=-12.974706, intercept=-59.979094 (0.362s) [OMP=0.297 ISP-L=0.008 ISP-F=0.026 MW-L=0.021 MW-F=0.019]
  Alt-Benders[2] (mw): LB=14.461980, Z₀(α*)=-12.974706, intercept=-59.979094 (0.463s) [OMP=0.378 ISP-L=0.007 ISP-F=0.026 MW-L=0.022 MW-F=0.019]
  Alt-Benders[3] (mw): LB=14.461980, Z₀(α*)=-12.974706, intercept=-59.979094 (0.433s) [OMP=0.365 ISP-L=0.007 ISP-F=0.026 MW-L=0.021 MW-F=0.019]
  Alt-Benders[4]: LB stagnated, break
  OMP re-solve: 0.001s

=== True-DRO Benders iter 26 ===
  OMP: t₀=14.461980, UB=14.763497, gap=2.04e-02, x=[0, 0, 0, 0, 0, 0, 0, 0, 0, 0, 1, 0, 0, 0, 0, 0, 0, 0, 0, 0, 0, 0, 0, 0, 0, 0, 0, 0, 0, 0, 0, 0, 0, 0, 0, 0, 0, 0, 0, 0, 0, 0, 0, 0, 0, 0, 0, 0, 0, 0, 0, 1, 0, 0, 0, 0, 0, 0, 0, 0, 0, 0, 0, 0, 0, 0, 0, 0, 0, 0, 0, 0, 0, 0, 0, 0] (0.000s)
  Sub: Z₀=21.313275 [LOCAL] (0.3s), α=[0.000,0.000,0.000,0.000,0.000,0.000,0.000,0.000,0.000,0.000,0.740,0.000,0.000,0.000,0.000,0.000,0.000,0.000,0.000,0.000,0.000,0.000,0.000,0.000,0.000,0.000,0.000,0.000,0.000,0.000,0.000,0.000,0.000,0.000,4.617,0.000,0.000,0.000,0.000,0.000,0.000,0.000,0.000,0.000,0.000,0.000,0.000,0.000,0.000,0.000,0.000,4.000,0.000,0.000,0.000,0.000,0.000,0.000,0.000,0.000,0.000,0.000,0.000,0.000,0.000,0.000,0.000,0.000,0.000,0.000,0.000,0.100,0.986,0.000,0.000,0.000]
  Iter 26: LB=14.461980  UB=14.763497  gap=2.04e-02
  Cut: intercept=-1111.278091, π_x_range=[-826.2802, 576.4283]
  Mini-Benders[1] (mw): LB=14.480222, Z₀(α*)=-5.245295, intercept=-81.992293 (0.432s) [OMP=0.352 ISP-L=0.007 ISP-F=0.026 MW-L=0.023 MW-F=0.018]
  Mini-Benders[2] (mw): LB=14.480222, Z₀(α*)=-5.245295, intercept=-81.992293 (0.510s) [OMP=0.427 ISP-L=0.007 ISP-F=0.026 MW-L=0.023 MW-F=0.018]
  Mini-Benders[3] (mw): LB=14.480222, Z₀(α*)=-5.245295, intercept=-81.992293 (0.480s) [OMP=0.413 ISP-L=0.007 ISP-F=0.026 MW-L=0.024 MW-F=0.017]
  Mini-Benders[4]: LB stagnated, break
  α-step: Z₀=21.029710, α=[0.000,0.000,0.000,0.000,0.000,0.000,0.000,0.000,0.000,0.000,0.000,0.000,0.000,0.000,0.000,0.000,0.156,0.000,0.000,0.000,0.000,0.000,0.000,0.000,0.000,0.000,0.000,0.000,0.000,0.000,0.000,0.000,0.000,0.000,1.096,0.000,0.000,0.000,0.000,0.000,0.000,0.000,1.743,0.000,0.000,0.000,0.000,0.000,0.000,0.000,2.532,0.000,0.000,4.916,0.000,0.000,0.000,0.000,0.000,0.000,0.000,0.000,0.000,0.000,0.000,0.000,0.000,0.000,0.000,0.000,0.000,0.000,0.000,0.000,0.000,0.000]
  Alt-Benders[1] (mw): LB=14.495988, Z₀(α*)=-18.513341, intercept=-74.872118 (0.396s) [OMP=0.328 ISP-L=0.008 ISP-F=0.028 MW-L=0.023 MW-F=0.020]
  Alt-Benders[2] (mw): LB=14.495988, Z₀(α*)=-18.513341, intercept=-74.872118 (0.401s) [OMP=0.317 ISP-L=0.008 ISP-F=0.029 MW-L=0.022 MW-F=0.020]
  Alt-Benders[3] (mw): LB=14.495988, Z₀(α*)=-18.513341, intercept=-74.872118 (0.401s) [OMP=0.309 ISP-L=0.008 ISP-F=0.028 MW-L=0.023 MW-F=0.019]
  Alt-Benders[4]: LB stagnated, break
  OMP re-solve: 0.000s

=== True-DRO Benders iter 27 ===
  OMP: t₀=14.495988, UB=14.763497, gap=1.81e-02, x=[0, 0, 0, 0, 0, 0, 0, 0, 0, 0, 0, 0, 0, 1, 0, 0, 0, 0, 0, 0, 0, 0, 0, 0, 0, 0, 0, 0, 0, 0, 0, 0, 0, 0, 0, 0, 0, 0, 0, 0, 0, 0, 0, 0, 0, 0, 0, 0, 0, 0, 0, 1, 0, 0, 0, 0, 0, 0, 0, 0, 0, 0, 0, 0, 0, 0, 0, 0, 0, 0, 0, 0, 0, 0, 0, 0] (0.000s)
  Sub: Z₀=21.313275 [LOCAL] (0.3s), α=[0.000,0.000,0.000,0.000,0.000,0.000,0.000,0.000,0.000,0.000,0.000,0.000,0.000,0.740,0.000,0.000,0.000,0.000,0.000,0.000,0.000,0.000,0.000,0.000,0.000,0.000,0.000,0.000,0.000,0.000,0.000,0.000,0.000,0.000,4.620,0.000,0.000,0.000,0.000,0.000,0.000,0.000,0.000,0.000,0.000,0.000,0.000,0.000,0.000,0.000,0.000,3.997,0.000,0.000,0.000,0.000,0.000,0.000,0.000,0.000,0.000,0.000,0.000,0.000,0.000,0.000,0.000,0.000,0.000,0.000,0.000,0.102,0.984,0.000,0.000,0.000]
  Iter 27: LB=14.495988  UB=14.763497  gap=1.81e-02
  Cut: intercept=-1118.840080, π_x_range=[-826.3209, 584.0158]
  Mini-Benders[1] (mw): LB=14.523529, Z₀(α*)=0.391934, intercept=-47.978023 (0.451s) [OMP=0.363 ISP-L=0.007 ISP-F=0.026 MW-L=0.023 MW-F=0.017]
  Mini-Benders[2] (mw): LB=14.523529, Z₀(α*)=0.391934, intercept=-47.978023 (0.417s) [OMP=0.340 ISP-L=0.008 ISP-F=0.027 MW-L=0.023 MW-F=0.018]
  Mini-Benders[3] (mw): LB=14.523529, Z₀(α*)=0.391934, intercept=-47.978023 (0.401s) [OMP=0.329 ISP-L=0.008 ISP-F=0.026 MW-L=0.024 MW-F=0.018]
  Mini-Benders[4]: LB stagnated, break
  α-step: Z₀=21.233649, α=[0.000,0.000,0.000,0.000,0.000,0.000,0.000,0.000,0.000,0.000,0.000,0.000,0.000,0.000,0.000,0.000,0.000,0.000,0.000,0.000,0.000,0.000,0.000,0.000,0.000,0.000,0.000,0.000,0.000,0.000,0.000,0.000,0.000,0.000,2.589,0.000,0.000,0.000,0.000,0.000,0.000,0.000,0.000,0.000,0.000,0.000,0.000,0.000,0.000,0.000,2.532,0.000,0.000,3.424,0.000,0.000,0.000,0.000,0.000,0.000,0.000,0.000,0.000,0.000,0.000,0.000,0.000,0.000,0.000,0.000,0.000,0.000,1.899,0.000,0.000,0.000]
  Alt-Benders[1] (mw): LB=14.566659, Z₀(α*)=20.514044, intercept=-52.003104 (0.495s) [OMP=0.429 ISP-L=0.008 ISP-F=0.028 MW-L=0.022 MW-F=0.017]
  Alt-Benders[2] (mw): LB=14.573828, Z₀(α*)=-14.149301, intercept=-115.433979 (0.417s) [OMP=0.333 ISP-L=0.007 ISP-F=0.025 MW-L=0.023 MW-F=0.021]
  Alt-Benders[3] (mw): LB=14.573828, Z₀(α*)=-14.149301, intercept=-115.433979 (0.494s) [OMP=0.412 ISP-L=0.008 ISP-F=0.026 MW-L=0.022 MW-F=0.020]
  Alt-Benders[4] (mw): LB=14.573828, Z₀(α*)=-14.149301, intercept=-115.433979 (0.479s) [OMP=0.404 ISP-L=0.008 ISP-F=0.025 MW-L=0.023 MW-F=0.020]
  Alt-Benders[5]: LB stagnated, break
  OMP re-solve: 0.000s

=== True-DRO Benders iter 28 ===
  OMP: t₀=14.573828, UB=14.763497, gap=1.28e-02, x=[0, 0, 0, 0, 0, 0, 0, 0, 0, 0, 0, 0, 0, 0, 0, 0, 0, 0, 0, 0, 0, 0, 0, 0, 0, 0, 0, 0, 0, 0, 0, 0, 0, 0, 0, 0, 0, 0, 0, 0, 0, 0, 0, 0, 0, 0, 0, 0, 0, 0, 0, 0, 0, 0, 0, 0, 0, 0, 1, 0, 0, 1, 0, 0, 0, 0, 0, 0, 0, 0, 0, 0, 0, 0, 0, 0] (0.000s)
  Sub: Z₀=22.200711 [LOCAL] (0.3s), α=[0.000,0.000,0.000,0.000,0.000,0.000,0.000,0.000,0.000,0.000,0.000,0.000,0.000,0.000,0.000,0.000,0.000,0.000,0.000,0.000,0.000,0.000,0.000,0.000,0.000,0.000,0.000,0.000,0.000,0.000,0.000,0.000,0.000,0.000,0.000,0.000,0.000,0.000,0.000,0.000,0.000,0.000,0.000,0.000,0.000,0.000,0.000,0.000,0.000,0.000,1.406,0.000,0.000,0.190,0.000,0.000,0.000,0.000,0.251,0.000,0.000,1.011,0.000,0.000,0.000,0.000,0.000,0.000,0.000,0.000,0.000,0.000,7.585,0.000,0.000,0.000]
  Iter 28: LB=14.573828  UB=14.763497  gap=1.28e-02
  Cut: intercept=-1081.718267, π_x_range=[-826.1322, 559.5935]
  Mini-Benders[1] (mw): LB=14.586942, Z₀(α*)=0.507544, intercept=-53.370686 (0.416s) [OMP=0.337 ISP-L=0.008 ISP-F=0.027 MW-L=0.024 MW-F=0.019]
  Mini-Benders[2] (mw): LB=14.586942, Z₀(α*)=0.507544, intercept=-53.370686 (0.433s) [OMP=0.354 ISP-L=0.008 ISP-F=0.028 MW-L=0.022 MW-F=0.019]
  Mini-Benders[3] (mw): LB=14.586942, Z₀(α*)=0.507544, intercept=-53.370686 (0.432s) [OMP=0.348 ISP-L=0.009 ISP-F=0.028 MW-L=0.024 MW-F=0.018]
  Mini-Benders[4]: LB stagnated, break
  α-step: Z₀=20.770561, α=[0.000,0.000,0.000,0.000,0.000,0.000,0.000,0.000,0.000,0.000,0.000,0.000,0.000,0.000,0.000,0.000,0.000,0.000,0.000,0.000,0.000,0.000,0.000,0.000,0.000,0.000,0.000,0.000,0.000,0.000,0.000,0.000,0.000,0.000,2.057,0.000,0.000,0.000,0.000,0.000,0.000,0.000,0.000,0.000,0.000,0.000,0.000,0.000,0.000,0.000,2.532,0.000,0.000,5.048,0.000,0.000,0.000,0.000,0.000,0.000,0.000,0.000,0.000,0.000,0.000,0.000,0.000,0.000,0.000,0.000,0.000,0.000,0.806,0.000,0.000,0.000]
  Alt-Benders[1] (mw): LB=14.598143, Z₀(α*)=-9.530295, intercept=-89.348267 (0.417s) [OMP=0.352 ISP-L=0.008 ISP-F=0.026 MW-L=0.023 MW-F=0.017]
  Alt-Benders[2] (mw): LB=14.598143, Z₀(α*)=-9.530295, intercept=-89.348267 (0.417s) [OMP=0.332 ISP-L=0.008 ISP-F=0.025 MW-L=0.022 MW-F=0.018]
  Alt-Benders[3] (mw): LB=14.598143, Z₀(α*)=-9.530295, intercept=-89.348267 (0.401s) [OMP=0.332 ISP-L=0.008 ISP-F=0.026 MW-L=0.022 MW-F=0.018]
  Alt-Benders[4]: LB stagnated, break
  OMP re-solve: 0.000s

=== True-DRO Benders iter 29 ===
  OMP: t₀=14.598143, UB=14.763497, gap=1.12e-02, x=[0, 0, 0, 0, 0, 0, 0, 0, 0, 0, 0, 0, 0, 0, 0, 0, 0, 0, 0, 0, 1, 0, 0, 0, 0, 0, 0, 0, 0, 0, 0, 0, 0, 0, 0, 0, 0, 0, 0, 0, 0, 0, 0, 0, 0, 0, 0, 0, 0, 0, 0, 0, 0, 0, 0, 0, 0, 0, 0, 0, 0, 0, 0, 0, 1, 0, 0, 0, 0, 0, 0, 0, 0, 0, 0, 0] (0.000s)
  Sub: Z₀=21.782270 [LOCAL] (0.3s), α=[0.000,0.000,0.000,0.000,0.000,0.000,0.000,0.000,0.000,0.000,0.000,0.000,0.000,0.000,0.000,0.000,0.000,0.000,0.000,0.000,0.000,0.000,0.000,0.000,0.000,0.000,0.000,0.000,0.000,0.000,0.000,0.000,0.000,0.000,0.000,0.000,0.000,0.000,0.000,0.000,0.000,0.000,0.000,0.000,0.000,0.000,0.000,0.000,0.000,0.000,0.000,0.000,0.000,0.000,0.000,0.000,0.000,0.000,0.000,0.000,0.000,0.000,5.898,0.000,0.000,0.000,0.000,0.000,0.000,0.000,0.000,0.000,4.545,0.000,0.000,0.000]
  Iter 29: LB=14.598143  UB=14.763497  gap=1.12e-02
  Cut: intercept=-1121.684311, π_x_range=[-825.1149, 588.0134]
  Mini-Benders[1] (mw): LB=14.610270, Z₀(α*)=-19.473748, intercept=-62.649992 (0.466s) [OMP=0.377 ISP-L=0.008 ISP-F=0.028 MW-L=0.021 MW-F=0.019]
  Mini-Benders[2] (mw): LB=14.610270, Z₀(α*)=-19.473748, intercept=-62.649992 (0.448s) [OMP=0.373 ISP-L=0.008 ISP-F=0.027 MW-L=0.021 MW-F=0.019]
  Mini-Benders[3] (mw): LB=14.610270, Z₀(α*)=-19.473748, intercept=-62.649992 (0.463s) [OMP=0.380 ISP-L=0.008 ISP-F=0.028 MW-L=0.021 MW-F=0.019]
  Mini-Benders[4]: LB stagnated, break
  α-step: Z₀=22.033664, α=[0.000,0.000,0.000,0.000,0.000,0.000,0.000,0.000,0.000,0.000,0.000,0.000,0.000,0.000,0.000,0.000,0.000,0.000,0.000,0.000,0.000,0.000,0.000,0.000,0.000,0.000,0.000,0.000,0.000,0.000,0.000,0.000,0.000,0.000,2.589,0.000,0.000,0.000,0.000,0.000,0.000,0.000,0.000,0.000,0.000,0.000,0.000,0.000,0.000,0.000,2.532,0.000,0.000,4.782,0.000,0.000,0.000,0.000,0.000,0.000,0.000,0.000,0.000,0.000,0.000,0.000,0.000,0.000,0.000,0.000,0.000,0.000,0.540,0.000,0.000,0.000]
  Alt-Benders[1] (mw): LB=14.647213, Z₀(α*)=-14.166801, intercept=-61.989594 (0.457s) [OMP=0.381 ISP-L=0.008 ISP-F=0.026 MW-L=0.021 MW-F=0.019]
  Alt-Benders[2] (mw): LB=14.647213, Z₀(α*)=-14.166801, intercept=-61.989594 (0.401s) [OMP=0.334 ISP-L=0.008 ISP-F=0.025 MW-L=0.021 MW-F=0.019]
  Alt-Benders[3] (mw): LB=14.647213, Z₀(α*)=-14.166801, intercept=-61.989594 (0.432s) [OMP=0.347 ISP-L=0.008 ISP-F=0.027 MW-L=0.021 MW-F=0.019]
  Alt-Benders[4]: LB stagnated, break
  OMP re-solve: 0.000s

=== True-DRO Benders iter 30 ===
  OMP: t₀=14.647213, UB=14.763497, gap=7.88e-03, x=[0, 0, 0, 0, 0, 0, 0, 0, 0, 0, 0, 0, 0, 0, 0, 0, 0, 0, 0, 0, 1, 0, 0, 0, 0, 0, 0, 0, 0, 0, 0, 0, 0, 0, 0, 0, 0, 0, 0, 0, 0, 0, 0, 0, 0, 0, 0, 0, 0, 1, 0, 0, 0, 0, 0, 0, 0, 0, 0, 0, 0, 0, 0, 0, 0, 0, 0, 0, 0, 0, 0, 0, 0, 0, 0, 0] (0.000s)
  Sub: Z₀=21.474071 (9.7s), α=[0.000,0.000,0.000,0.000,0.000,0.000,0.000,0.000,0.000,0.000,2.522,0.000,0.000,0.000,0.000,0.000,0.000,0.000,0.000,0.000,1.401,0.000,0.000,0.000,0.000,0.000,0.000,0.000,0.000,0.000,0.000,0.000,0.000,0.000,3.263,0.000,0.000,0.000,0.000,0.000,0.000,0.000,0.000,0.000,0.000,0.000,0.000,0.000,0.000,0.000,0.000,0.000,0.000,0.000,0.000,0.000,0.000,0.000,0.000,0.000,0.000,0.000,0.000,0.000,0.000,0.000,0.000,0.000,0.000,0.000,0.000,0.000,3.257,0.000,0.000,0.000]
  Iter 30: LB=14.647213  UB=14.763497  gap=7.88e-03
  Cut: intercept=-69.296892, π_x_range=[-263.9827, 54.3501]
  Sherali-Cut: intercept=-58.965638, π_x_range=[-103.7597, 46.5075]
  Mini-Benders[1] (mw): LB=14.651990, Z₀(α*)=5.256426, intercept=-41.765857 (0.448s) [OMP=0.363 ISP-L=0.008 ISP-F=0.026 MW-L=0.023 MW-F=0.020]
  Mini-Benders[2] (mw): LB=14.651990, Z₀(α*)=5.256426, intercept=-41.765857 (0.432s) [OMP=0.354 ISP-L=0.008 ISP-F=0.026 MW-L=0.023 MW-F=0.018]
  Mini-Benders[3] (mw): LB=14.651990, Z₀(α*)=5.256426, intercept=-41.765857 (0.417s) [OMP=0.336 ISP-L=0.008 ISP-F=0.026 MW-L=0.022 MW-F=0.018]
  Mini-Benders[4]: LB stagnated, break
  α-step: Z₀=20.613730, α=[0.000,0.000,0.000,0.000,0.000,0.000,0.000,0.000,0.000,0.000,1.613,0.000,0.000,0.000,0.000,0.000,0.000,0.000,0.000,0.000,0.000,0.000,0.000,0.000,0.000,0.000,0.000,0.000,0.000,0.000,0.000,0.000,0.000,0.000,2.589,0.000,0.000,0.000,0.000,0.000,0.000,0.000,0.000,0.000,0.000,0.000,0.000,0.000,0.000,0.000,1.613,0.000,0.000,4.628,0.000,0.000,0.000,0.000,0.000,0.000,0.000,0.000,0.000,0.000,0.000,0.000,0.000,0.000,0.000,0.000,0.000,0.000,0.000,0.000,0.000,0.000]
  Alt-Benders[1] (mw): LB=14.651990, Z₀(α*)=12.101623, intercept=-54.911633 (0.384s) [OMP=0.311 ISP-L=0.008 ISP-F=0.027 MW-L=0.025 MW-F=0.020]
  Alt-Benders[2] (mw): LB=14.651990, Z₀(α*)=12.101623, intercept=-54.911633 (0.401s) [OMP=0.314 ISP-L=0.008 ISP-F=0.027 MW-L=0.026 MW-F=0.020]
  Alt-Benders[3] (mw): LB=14.651990, Z₀(α*)=12.101623, intercept=-54.911633 (0.417s) [OMP=0.339 ISP-L=0.008 ISP-F=0.028 MW-L=0.025 MW-F=0.020]
  Alt-Benders[4]: LB stagnated, break
  OMP re-solve: 0.000s

=== True-DRO Benders iter 31 ===
  OMP: t₀=14.651990, UB=14.763497, gap=7.55e-03, x=[0, 0, 0, 0, 0, 0, 0, 0, 0, 0, 0, 0, 0, 1, 0, 0, 0, 0, 0, 0, 0, 0, 0, 0, 0, 0, 0, 0, 0, 0, 0, 0, 0, 0, 0, 0, 0, 0, 0, 0, 0, 0, 0, 0, 0, 0, 0, 0, 0, 0, 0, 0, 0, 1, 0, 0, 0, 0, 0, 0, 0, 0, 0, 0, 0, 0, 0, 0, 0, 0, 0, 0, 0, 0, 0, 0] (0.000s)
  Sub: Z₀=20.973584 [LOCAL] (0.3s), α=[0.000,0.000,0.000,0.000,0.000,0.000,0.000,0.000,0.000,0.000,0.000,0.000,0.000,1.518,0.000,0.000,0.066,0.000,0.000,0.000,0.028,0.000,0.000,0.000,0.000,0.000,0.000,0.000,0.000,0.000,0.000,0.000,0.000,0.000,2.589,0.000,0.000,0.000,0.000,0.000,0.000,0.000,0.000,0.000,0.000,0.000,0.000,0.000,0.000,0.000,0.970,0.000,0.000,4.682,0.000,0.589,0.000,0.000,0.000,0.000,0.000,0.000,0.000,0.000,0.000,0.000,0.000,0.000,0.000,0.000,0.000,0.000,0.000,0.000,0.000,0.000]
  Iter 31: LB=14.651990  UB=14.763497  gap=7.55e-03
  Cut: intercept=-1107.913085, π_x_range=[-826.3385, 582.8012]
  Mini-Benders[1] (mw): LB=14.688089, Z₀(α*)=-6.861370, intercept=-85.273265 (0.527s) [OMP=0.444 ISP-L=0.007 ISP-F=0.026 MW-L=0.023 MW-F=0.019]
  Mini-Benders[2] (mw): LB=14.688089, Z₀(α*)=-6.861370, intercept=-85.273265 (0.385s) [OMP=0.314 ISP-L=0.007 ISP-F=0.025 MW-L=0.023 MW-F=0.018]
  Mini-Benders[3] (mw): LB=14.688089, Z₀(α*)=-6.861370, intercept=-85.273265 (0.385s) [OMP=0.305 ISP-L=0.007 ISP-F=0.025 MW-L=0.023 MW-F=0.019]
  Mini-Benders[4]: LB stagnated, break
  α-step: Z₀=21.315662, α=[0.000,0.000,0.000,0.000,0.000,0.000,0.000,0.000,0.000,0.000,0.520,0.000,0.000,0.000,0.000,0.000,0.000,0.000,0.000,0.000,0.000,0.000,0.000,0.000,0.000,0.000,0.000,0.000,0.000,0.000,0.000,0.000,0.000,0.000,2.589,0.000,0.000,0.000,0.000,0.000,0.000,0.000,1.743,0.000,0.000,0.000,0.000,0.000,0.000,0.000,2.532,3.059,0.000,0.000,0.000,0.000,0.000,0.000,0.000,0.000,0.000,0.000,0.000,0.000,0.000,0.000,0.000,0.000,0.000,0.000,0.000,0.000,0.000,0.000,0.000,0.000]
  Alt-Benders[1] (mw): LB=14.707796, Z₀(α*)=-60.091104, intercept=-130.089859 (0.410s) [OMP=0.332 ISP-L=0.008 ISP-F=0.026 MW-L=0.022 MW-F=0.022]
  Alt-Benders[1]: gap=3.77e-03 ≤ tol, break
  OMP re-solve: 0.374s

=== True-DRO Benders iter 32 ===
  OMP: t₀=14.707796, UB=14.763497, gap=3.77e-03, x=[0, 0, 0, 0, 0, 0, 0, 0, 0, 0, 0, 0, 0, 0, 0, 0, 0, 0, 0, 0, 0, 0, 0, 0, 0, 0, 0, 0, 0, 0, 0, 0, 0, 0, 1, 0, 0, 0, 0, 0, 0, 0, 0, 0, 0, 0, 0, 0, 0, 0, 0, 0, 0, 0, 0, 0, 0, 0, 0, 0, 0, 0, 0, 0, 0, 0, 0, 0, 0, 0, 0, 0, 1, 0, 0, 0] (0.001s)
  Sub: Z₀=14.707796 [LOCAL] (0.3s), α=[0.000,0.000,0.000,0.000,0.000,0.000,0.000,0.000,0.000,0.000,0.000,0.000,0.000,0.000,0.000,0.000,0.000,0.000,0.000,0.000,0.000,0.000,0.000,0.000,0.000,0.000,0.000,0.000,0.000,0.000,0.000,0.000,0.000,0.000,5.053,0.000,0.000,0.000,0.000,0.000,0.000,0.000,0.000,0.000,0.000,0.000,0.000,0.000,0.000,0.000,0.000,0.000,0.000,0.000,0.000,0.000,0.000,0.000,0.000,0.000,0.000,0.000,0.000,0.000,0.000,0.000,0.000,0.000,0.000,0.000,0.000,0.000,5.390,0.000,0.000,0.000]
  Iter 32: LB=14.707796  UB=14.763497  gap=3.77e-03
True-DRO Benders converged at iter 32 (gap=3.77e-03)
  Wall time: 139.30 sec
  OMP  time: mean=0.218s, median=0.260s, max=0.444s
  Sub  time (exact): mean=3.112s, median=2.020s, q90=6.772s, max=9.692s (n=5/32)

Result (single_l): Z₀=14.763497, iters=32, time=139.4s
x arcs = [54, 72]
