============================================================
sioux_falls — double: ε̂=0.10, ε̃=0.10, β=0.00
============================================================
Set parameter Username
Set parameter LicenseID to value 2742039
Academic license - for non-commercial use only - expires 2026-11-20
Set parameter Username
Set parameter LicenseID to value 2742039
Academic license - for non-commercial use only - expires 2026-11-20
Set parameter OutputFlag to value 1
Set parameter LogFile to value "global_miqcp.log"
Set parameter Username
Set parameter LicenseID to value 2742039
Academic license - for non-commercial use only - expires 2026-11-20
Set parameter Username
Set parameter LicenseID to value 2742039
Academic license - for non-commercial use only - expires 2026-11-20
Set parameter Username
Set parameter LicenseID to value 2742039
Academic license - for non-commercial use only - expires 2026-11-20
Set parameter Username
Set parameter LicenseID to value 2742039
Academic license - for non-commercial use only - expires 2026-11-20

=== True-DRO Benders iter 1 ===
  OMP: t₀=4.381626, UB=Inf, gap=NaN, x=[0, 0, 0, 0, 0, 0, 0, 0, 0, 0, 0, 0, 0, 0, 0, 0, 0, 0, 0, 0, 0, 0, 0, 0, 0, 0, 0, 0, 0, 0, 0, 0, 0, 0, 1, 0, 0, 0, 0, 0, 0, 0, 0, 0, 0, 0, 0, 0, 0, 0, 0, 0, 0, 0, 0, 0, 0, 0, 0, 0, 0, 0, 0, 0, 0, 0, 0, 0, 0, 0, 0, 0, 1, 0, 0, 0] (0.032s)
  Sub: Z₀=14.707250 [LOCAL] (5.9s), α=[0.000,0.000,0.000,0.000,0.000,0.000,0.000,0.000,0.000,0.000,0.000,0.000,0.000,0.000,0.000,0.000,0.000,0.000,0.000,0.000,0.000,0.000,0.000,0.000,0.000,0.000,0.000,0.000,0.000,0.000,0.000,0.000,0.000,0.000,4.786,0.000,0.000,0.000,0.000,0.000,0.000,0.000,0.000,0.000,0.000,0.000,0.000,0.000,0.000,0.000,0.000,0.000,0.000,0.000,0.000,0.000,0.000,0.000,0.000,0.000,0.000,0.000,0.000,0.000,0.000,0.000,0.000,0.000,0.000,0.000,0.000,0.000,5.656,0.000,0.000,0.000]
  Iter 1: LB=4.381626  UB=Inf  gap=NaN
  Cut: intercept=-1167.568401, π_x_range=[-824.6006, 593.0357]
  Mini-Benders[1] (mw): LB=4.405663, Z₀(α*)=-34.611326, intercept=-119.241511 (0.182s) [OMP=0.074 ISP-L=0.013 ISP-F=0.032 MW-L=0.027 MW-F=0.033]
  Mini-Benders[2] (mw): LB=4.405663, Z₀(α*)=-34.611326, intercept=-119.241511 (0.151s) [OMP=0.061 ISP-L=0.007 ISP-F=0.025 MW-L=0.024 MW-F=0.032]
  Mini-Benders[3] (mw): LB=4.405663, Z₀(α*)=-34.611326, intercept=-119.241511 (0.168s) [OMP=0.063 ISP-L=0.008 ISP-F=0.025 MW-L=0.025 MW-F=0.031]
  Mini-Benders[4]: LB stagnated, break
Set parameter NonConvex to value 2
Set parameter DualReductions to value 0
  α-step: Z₀=13.476661, α=[0.000,0.000,0.000,0.000,0.000,0.000,0.000,0.000,0.000,0.000,0.000,0.000,0.000,0.000,0.000,0.000,0.000,0.000,0.000,0.000,0.000,0.000,0.000,0.000,0.000,0.000,0.000,0.000,0.000,0.000,0.000,0.000,0.000,0.000,0.008,0.000,0.000,0.000,0.000,0.000,0.000,0.000,0.000,0.000,0.000,0.000,0.000,0.000,0.000,0.000,0.024,0.000,0.000,0.062,0.000,0.020,0.000,0.000,0.000,0.000,0.000,0.000,0.000,0.000,0.000,0.000,0.000,0.000,0.000,0.000,0.000,10.313,0.016,0.000,0.000,0.000]
  Alt-Benders[1] (mw): LB=5.059815, Z₀(α*)=15.096738, intercept=-126.760017 (0.168s) [OMP=0.078 ISP-L=0.007 ISP-F=0.024 MW-L=0.024 MW-F=0.028]
  Alt-Benders[2] (mw): LB=6.168579, Z₀(α*)=-63.424140, intercept=-131.620904 (0.214s) [OMP=0.117 ISP-L=0.008 ISP-F=0.028 MW-L=0.023 MW-F=0.035]
  Alt-Benders[3] (mw): LB=6.168579, Z₀(α*)=-63.424140, intercept=-131.620904 (0.197s) [OMP=0.108 ISP-L=0.008 ISP-F=0.029 MW-L=0.023 MW-F=0.035]
  Alt-Benders[4] (mw): LB=6.168579, Z₀(α*)=-63.424140, intercept=-131.620904 (0.198s) [OMP=0.103 ISP-L=0.008 ISP-F=0.029 MW-L=0.024 MW-F=0.036]
  Alt-Benders[5]: LB stagnated, break
  OMP re-solve: 0.001s

=== True-DRO Benders iter 2 ===
  OMP: t₀=6.168579, UB=Inf, gap=NaN, x=[0, 0, 0, 0, 0, 0, 0, 0, 0, 0, 0, 0, 0, 0, 0, 0, 0, 0, 0, 0, 0, 0, 0, 0, 0, 0, 0, 0, 0, 0, 0, 0, 0, 0, 1, 0, 0, 0, 0, 0, 0, 0, 0, 0, 0, 0, 0, 0, 0, 0, 0, 0, 0, 1, 0, 0, 0, 0, 0, 0, 0, 0, 0, 0, 0, 0, 0, 0, 0, 0, 0, 0, 0, 0, 0, 0] (0.001s)
  Sub: Z₀=16.103561 [LOCAL] (0.4s), α=[0.000,0.000,0.000,0.000,0.000,0.000,0.000,0.000,0.000,0.000,0.000,0.000,0.000,0.000,0.000,0.000,0.000,0.000,0.000,0.000,0.000,0.000,0.000,0.000,0.000,0.000,0.000,0.000,0.000,0.000,0.000,0.000,0.000,0.000,10.443,0.000,0.000,0.000,0.000,0.000,0.000,0.000,0.000,0.000,0.000,0.000,0.000,0.000,0.000,0.000,0.000,0.000,0.000,0.000,0.000,0.000,0.000,0.000,0.000,0.000,0.000,0.000,0.000,0.000,0.000,0.000,0.000,0.000,0.000,0.000,0.000,0.000,0.000,0.000,0.000,0.000]
  Iter 2: LB=6.168579  UB=Inf  gap=NaN
  Cut: intercept=-1145.443577, π_x_range=[-824.8459, 589.0120]
  Mini-Benders[1] (mw): LB=6.822731, Z₀(α*)=16.796015, intercept=-110.317532 (0.246s) [OMP=0.161 ISP-L=0.008 ISP-F=0.023 MW-L=0.022 MW-F=0.030]
  Mini-Benders[2] (mw): LB=8.953326, Z₀(α*)=-39.028059, intercept=-97.037317 (0.291s) [OMP=0.208 ISP-L=0.008 ISP-F=0.022 MW-L=0.024 MW-F=0.027]
  Mini-Benders[3] (mw): LB=8.953326, Z₀(α*)=-39.028059, intercept=-97.037317 (0.275s) [OMP=0.197 ISP-L=0.008 ISP-F=0.023 MW-L=0.024 MW-F=0.026]
  Mini-Benders[4] (mw): LB=8.953326, Z₀(α*)=-39.028059, intercept=-97.037317 (0.276s) [OMP=0.190 ISP-L=0.007 ISP-F=0.021 MW-L=0.023 MW-F=0.026]
  Mini-Benders[5]: LB stagnated, break
  α-step: Z₀=16.835128, α=[0.000,0.000,0.000,0.000,0.000,0.000,0.000,0.000,0.000,0.000,0.000,0.000,0.000,0.000,0.000,0.000,0.000,0.000,0.000,0.000,0.000,0.000,0.000,0.000,0.000,0.000,0.000,0.000,0.000,0.000,0.000,0.000,0.000,0.000,1.749,0.000,0.000,0.000,0.000,0.000,0.000,0.000,0.000,0.000,0.000,0.000,0.000,0.000,0.000,0.000,0.473,0.000,0.000,0.000,0.000,0.000,0.000,0.000,0.000,0.000,0.000,0.000,0.000,0.000,0.000,0.000,0.000,0.000,0.000,0.000,0.000,1.749,6.472,0.000,0.000,0.000]
  Alt-Benders[1] (mw): LB=9.421703, Z₀(α*)=11.564479, intercept=-75.987607 (0.293s) [OMP=0.197 ISP-L=0.007 ISP-F=0.027 MW-L=0.023 MW-F=0.030]
  Alt-Benders[2] (mw): LB=9.446063, Z₀(α*)=-16.461687, intercept=-131.309441 (0.323s) [OMP=0.241 ISP-L=0.006 ISP-F=0.024 MW-L=0.023 MW-F=0.027]
  Alt-Benders[3] (mw): LB=9.446063, Z₀(α*)=-16.461687, intercept=-131.309441 (0.260s) [OMP=0.177 ISP-L=0.005 ISP-F=0.024 MW-L=0.023 MW-F=0.025]
  Alt-Benders[4] (mw): LB=9.446063, Z₀(α*)=-16.461687, intercept=-131.309441 (0.260s) [OMP=0.186 ISP-L=0.006 ISP-F=0.025 MW-L=0.022 MW-F=0.027]
  Alt-Benders[5]: LB stagnated, break
  OMP re-solve: 0.000s

=== True-DRO Benders iter 3 ===
  OMP: t₀=9.446063, UB=Inf, gap=NaN, x=[0, 0, 0, 0, 0, 0, 0, 0, 0, 0, 0, 0, 0, 0, 0, 0, 0, 0, 0, 0, 0, 0, 0, 0, 0, 0, 0, 0, 0, 0, 0, 0, 0, 0, 0, 0, 0, 0, 0, 0, 0, 0, 1, 0, 0, 0, 0, 0, 0, 1, 0, 0, 0, 0, 0, 0, 0, 0, 0, 0, 0, 0, 0, 0, 0, 0, 0, 0, 0, 0, 0, 0, 0, 0, 0, 0] (0.000s)
  Sub: Z₀=17.852456 [LOCAL] (0.3s), α=[0.000,0.000,0.000,0.000,0.000,0.000,0.000,0.000,0.000,0.000,0.000,0.000,0.000,0.000,0.000,0.000,0.000,0.000,0.000,0.000,0.000,0.000,0.000,0.000,0.000,0.000,0.000,0.000,0.000,0.000,0.000,0.000,0.000,0.000,0.000,0.000,0.000,0.000,0.000,0.000,0.000,0.000,5.394,0.000,0.000,0.000,0.000,0.000,0.000,5.048,0.000,0.000,0.000,0.000,0.000,0.000,0.000,0.000,0.000,0.000,0.000,0.000,0.000,0.000,0.000,0.000,0.000,0.000,0.000,0.000,0.000,0.000,0.000,0.000,0.000,0.000]
  Iter 3: LB=9.446063  UB=Inf  gap=NaN
  Cut: intercept=-1100.746938, π_x_range=[-824.3660, 567.1588]
  Mini-Benders[1] (mw): LB=9.465275, Z₀(α*)=-47.961063, intercept=-75.812182 (0.276s) [OMP=0.183 ISP-L=0.007 ISP-F=0.027 MW-L=0.024 MW-F=0.032]
  Mini-Benders[2] (mw): LB=9.465275, Z₀(α*)=-47.961063, intercept=-75.812182 (0.291s) [OMP=0.207 ISP-L=0.007 ISP-F=0.027 MW-L=0.024 MW-F=0.032]
  Mini-Benders[3] (mw): LB=9.465275, Z₀(α*)=-47.961063, intercept=-75.812182 (0.323s) [OMP=0.218 ISP-L=0.007 ISP-F=0.028 MW-L=0.024 MW-F=0.031]
  Mini-Benders[4]: LB stagnated, break
  α-step: Z₀=17.397534, α=[0.000,0.000,0.000,0.000,0.000,0.000,0.000,0.000,0.000,0.000,0.000,0.000,0.000,0.000,0.000,0.000,0.000,0.000,0.000,0.000,0.000,0.000,0.000,0.000,0.000,0.000,0.000,0.000,0.000,0.000,0.000,0.000,0.000,0.000,7.186,0.000,0.000,0.000,0.000,0.000,0.000,0.000,0.000,0.000,0.000,0.000,0.000,0.000,0.000,0.000,0.000,0.000,0.000,0.000,0.000,0.000,0.000,0.000,0.000,0.000,0.000,0.000,0.000,0.000,0.000,0.000,0.000,0.000,0.000,0.000,0.000,0.000,3.257,0.000,0.000,0.000]
  Alt-Benders[1] (mw): LB=9.748259, Z₀(α*)=-37.968689, intercept=-115.316409 (0.276s) [OMP=0.192 ISP-L=0.007 ISP-F=0.026 MW-L=0.023 MW-F=0.028]
  Alt-Benders[2] (mw): LB=9.748259, Z₀(α*)=-37.968689, intercept=-115.316409 (0.260s) [OMP=0.169 ISP-L=0.007 ISP-F=0.026 MW-L=0.023 MW-F=0.028]
  Alt-Benders[3] (mw): LB=9.748259, Z₀(α*)=-37.968689, intercept=-115.316409 (0.244s) [OMP=0.167 ISP-L=0.007 ISP-F=0.025 MW-L=0.022 MW-F=0.027]
  Alt-Benders[4]: LB stagnated, break
  OMP re-solve: 0.000s

=== True-DRO Benders iter 4 ===
  OMP: t₀=9.748259, UB=Inf, gap=NaN, x=[0, 0, 0, 0, 0, 0, 0, 0, 0, 0, 0, 0, 0, 0, 0, 0, 0, 0, 0, 0, 0, 0, 0, 0, 0, 0, 0, 0, 0, 0, 0, 0, 0, 0, 0, 0, 0, 0, 0, 0, 0, 0, 0, 0, 0, 0, 0, 0, 0, 0, 0, 0, 0, 0, 0, 0, 0, 0, 0, 0, 0, 1, 0, 0, 0, 0, 0, 0, 0, 0, 0, 1, 0, 0, 0, 0] (0.000s)
  Sub: Z₀=20.449266 [LOCAL] (0.4s), α=[0.000,0.000,0.000,0.000,0.000,0.000,0.000,0.000,0.000,0.000,0.000,0.000,0.000,0.000,0.000,0.000,0.000,0.000,0.000,0.000,0.000,0.000,0.000,0.000,0.000,0.000,0.000,0.000,0.000,0.000,0.000,0.000,0.000,0.000,0.000,0.000,0.000,0.000,0.000,0.000,0.000,0.000,0.000,0.000,0.000,0.000,0.000,0.000,0.000,0.000,0.000,0.000,0.000,0.000,0.000,0.000,0.000,0.000,0.000,0.000,0.000,0.000,0.000,0.000,0.000,0.000,0.000,0.000,0.000,0.000,0.000,6.831,3.612,0.000,0.000,0.000]
  Iter 4: LB=9.748259  UB=Inf  gap=NaN
  Cut: intercept=-1097.778654, π_x_range=[-825.6194, 568.9403]
  Mini-Benders[1] (mw): LB=9.795956, Z₀(α*)=19.717969, intercept=-76.800207 (0.278s) [OMP=0.182 ISP-L=0.008 ISP-F=0.025 MW-L=0.022 MW-F=0.034]
  Mini-Benders[2] (mw): LB=9.815182, Z₀(α*)=19.711305, intercept=-80.021283 (0.338s) [OMP=0.247 ISP-L=0.008 ISP-F=0.025 MW-L=0.021 MW-F=0.033]
  Mini-Benders[3] (mw): LB=9.815182, Z₀(α*)=20.516193, intercept=-65.776650 (0.292s) [OMP=0.192 ISP-L=0.008 ISP-F=0.030 MW-L=0.022 MW-F=0.029]
  Mini-Benders[4] (mw): LB=9.815182, Z₀(α*)=20.516193, intercept=-65.776648 (0.276s) [OMP=0.199 ISP-L=0.003 ISP-F=0.027 MW-L=0.013 MW-F=0.031]
  Mini-Benders[5]: LB stagnated, break
  α-step: Z₀=19.470459, α=[0.000,0.000,0.000,0.000,0.000,0.000,0.000,0.000,0.000,0.000,0.000,0.000,0.000,0.000,0.000,0.000,0.000,0.000,0.000,0.000,0.000,0.000,0.000,0.000,0.000,0.000,0.000,0.000,0.000,0.000,0.000,0.000,0.000,0.000,0.000,0.000,0.000,0.000,0.000,0.000,0.000,0.000,0.000,0.000,0.000,0.000,0.000,0.000,0.000,0.000,0.000,0.000,0.000,0.000,0.000,0.000,0.000,0.000,0.000,0.000,0.000,0.000,0.000,0.000,0.000,0.000,0.000,0.000,0.000,0.000,0.000,5.689,4.754,0.000,0.000,0.000]
  Alt-Benders[1] (mw): LB=9.815182, Z₀(α*)=19.579292, intercept=-71.854493 (0.294s) [OMP=0.206 ISP-L=0.007 ISP-F=0.027 MW-L=0.020 MW-F=0.031]
  Alt-Benders[2] (mw): LB=9.815182, Z₀(α*)=20.287748, intercept=-65.682376 (0.275s) [OMP=0.181 ISP-L=0.008 ISP-F=0.029 MW-L=0.021 MW-F=0.034]
  Alt-Benders[3] (mw): LB=9.815182, Z₀(α*)=19.482860, intercept=-50.506836 (0.292s) [OMP=0.194 ISP-L=0.009 ISP-F=0.028 MW-L=0.024 MW-F=0.032]
  Alt-Benders[4]: LB stagnated, break
  OMP re-solve: 0.000s

=== True-DRO Benders iter 5 ===
  OMP: t₀=9.815182, UB=Inf, gap=NaN, x=[0, 0, 0, 0, 0, 0, 0, 1, 0, 0, 0, 0, 0, 0, 0, 0, 0, 0, 0, 0, 0, 0, 0, 0, 0, 0, 0, 0, 0, 0, 0, 0, 0, 0, 0, 0, 0, 0, 0, 0, 0, 0, 0, 0, 0, 0, 0, 0, 0, 0, 0, 0, 0, 0, 0, 0, 0, 0, 0, 0, 0, 0, 0, 0, 0, 0, 0, 0, 0, 0, 0, 1, 0, 0, 0, 0] (0.000s)
  Sub: Z₀=20.551707 (4.0s), α=[0.000,0.000,0.000,0.000,0.000,0.000,0.000,0.000,0.000,0.000,0.000,0.000,0.000,0.000,0.000,0.000,0.000,0.000,0.000,0.000,0.000,0.000,0.000,0.000,0.000,0.000,0.000,0.000,0.000,0.000,0.000,0.000,0.000,0.000,0.000,0.000,0.000,0.000,0.000,0.000,0.000,0.000,0.000,0.000,0.000,0.000,0.000,0.000,0.000,0.000,0.000,0.000,0.000,0.000,0.000,0.000,0.000,0.000,0.000,0.000,0.000,0.000,0.000,0.000,0.000,0.000,0.000,0.000,0.000,0.000,0.000,7.721,2.721,0.000,0.000,0.000]
  Iter 5: LB=9.815182  UB=20.551707  gap=5.22e-01
  Cut: intercept=-88.589834, π_x_range=[-168.9395, 109.1415]
  Sherali-Cut: intercept=-66.199304, π_x_range=[-107.8696, 86.7510]
  Mini-Benders[1] (mw): LB=9.815182, Z₀(α*)=19.997505, intercept=-91.466200 (0.338s) [OMP=0.236 ISP-L=0.008 ISP-F=0.030 MW-L=0.022 MW-F=0.033]
  Mini-Benders[2] (mw): LB=9.815182, Z₀(α*)=20.030998, intercept=-97.244346 (0.276s) [OMP=0.194 ISP-L=0.007 ISP-F=0.029 MW-L=0.021 MW-F=0.025]
  Mini-Benders[3]: LB stagnated, break
  α-step: Z₀=20.450310, α=[0.000,0.000,0.000,0.000,0.000,0.000,0.000,0.000,0.000,0.000,0.000,0.000,0.000,0.000,0.000,0.000,0.000,0.000,0.000,0.000,0.000,0.000,0.000,0.000,0.000,0.000,0.000,0.000,0.000,0.000,0.000,0.000,0.000,0.000,0.000,0.000,0.000,0.000,0.000,0.000,0.000,0.000,0.000,0.000,0.000,0.000,0.000,0.000,0.000,0.000,0.000,0.000,0.000,0.000,0.000,0.000,0.000,0.000,0.000,0.000,0.000,0.000,0.000,0.000,0.000,0.000,0.000,0.000,0.000,0.000,0.000,7.997,2.446,0.000,0.000,0.000]
  Alt-Benders[1] (mw): LB=9.815182, Z₀(α*)=20.210783, intercept=-79.307238 (0.320s) [OMP=0.231 ISP-L=0.008 ISP-F=0.027 MW-L=0.023 MW-F=0.031]
  Alt-Benders[2] (mw): LB=9.815182, Z₀(α*)=20.117423, intercept=-95.772947 (0.323s) [OMP=0.249 ISP-L=0.008 ISP-F=0.029 MW-L=0.022 MW-F=0.025]
  Alt-Benders[3]: LB stagnated, break
  OMP re-solve: 0.000s

=== True-DRO Benders iter 6 ===
  OMP: t₀=9.815182, UB=20.551707, gap=5.22e-01, x=[0, 0, 0, 0, 0, 0, 0, 0, 0, 0, 0, 0, 0, 0, 0, 0, 0, 0, 0, 0, 0, 0, 0, 1, 0, 0, 0, 0, 0, 0, 0, 0, 0, 0, 0, 0, 0, 0, 0, 0, 0, 0, 0, 0, 0, 0, 0, 0, 0, 0, 0, 0, 0, 0, 0, 0, 0, 0, 0, 0, 0, 0, 0, 0, 0, 0, 0, 0, 0, 0, 0, 1, 0, 0, 0, 0] (0.000s)
  Sub: Z₀=19.891295 [LOCAL] (0.4s), α=[0.000,0.000,0.000,0.000,0.000,0.000,0.000,0.000,0.000,0.000,0.000,0.000,0.000,0.000,0.000,0.000,0.000,0.000,0.000,0.000,0.000,0.000,0.000,0.000,0.000,0.000,0.000,0.000,0.000,0.000,0.000,0.000,0.000,0.000,0.000,0.000,0.000,0.000,0.000,0.000,0.000,0.000,0.000,0.000,0.000,0.000,0.000,0.000,0.000,0.000,0.000,0.000,0.000,0.000,0.000,0.000,0.000,0.000,0.000,0.000,0.000,0.000,0.000,0.000,0.000,0.000,0.000,0.000,0.000,0.000,0.000,6.831,3.612,0.000,0.000,0.000]
  Iter 6: LB=9.815182  UB=20.551707  gap=5.22e-01
  Cut: intercept=-1134.645225, π_x_range=[-825.0600, 590.9623]
  Mini-Benders[1] (mw): LB=10.412381, Z₀(α*)=-28.049490, intercept=-60.040767 (0.292s) [OMP=0.213 ISP-L=0.008 ISP-F=0.029 MW-L=0.022 MW-F=0.023]
  Mini-Benders[2] (mw): LB=10.412381, Z₀(α*)=-28.049490, intercept=-60.040767 (0.292s) [OMP=0.201 ISP-L=0.007 ISP-F=0.029 MW-L=0.023 MW-F=0.025]
  Mini-Benders[3] (mw): LB=10.412381, Z₀(α*)=-28.049490, intercept=-60.040767 (0.291s) [OMP=0.205 ISP-L=0.007 ISP-F=0.029 MW-L=0.023 MW-F=0.024]
  Mini-Benders[4]: LB stagnated, break
  α-step: Z₀=19.637563, α=[0.000,0.000,0.000,0.000,0.000,0.000,0.000,0.000,0.000,0.000,0.000,0.000,0.000,0.000,0.000,0.000,0.000,0.000,0.000,0.000,0.000,0.000,0.000,0.000,0.000,0.000,0.000,0.000,0.000,0.000,0.000,0.000,0.000,0.000,7.186,0.000,0.000,0.000,0.000,0.000,0.000,0.000,0.000,0.000,0.000,0.000,0.000,0.000,0.000,0.000,0.000,0.000,0.000,0.000,0.000,0.000,0.000,0.000,0.000,0.000,0.000,0.000,0.000,0.000,0.000,0.000,0.000,0.000,0.000,0.000,0.000,0.000,3.257,0.000,0.000,0.000]
  Alt-Benders[1] (mw): LB=10.412381, Z₀(α*)=19.823905, intercept=-39.312282 (0.313s) [OMP=0.233 ISP-L=0.008 ISP-F=0.028 MW-L=0.022 MW-F=0.028]
  Alt-Benders[2] (mw): LB=10.422381, Z₀(α*)=20.158997, intercept=-56.985838 (0.338s) [OMP=0.257 ISP-L=0.008 ISP-F=0.027 MW-L=0.022 MW-F=0.027]
  Alt-Benders[3] (mw): LB=10.451047, Z₀(α*)=20.050267, intercept=-55.821730 (0.341s) [OMP=0.250 ISP-L=0.007 ISP-F=0.026 MW-L=0.023 MW-F=0.028]
  Alt-Benders[4] (mw): LB=10.461047, Z₀(α*)=19.932872, intercept=-57.188272 (0.339s) [OMP=0.252 ISP-L=0.007 ISP-F=0.028 MW-L=0.021 MW-F=0.031]
  Alt-Benders[5] (mw): LB=10.526018, Z₀(α*)=19.512034, intercept=-93.069634 (0.356s) [OMP=0.266 ISP-L=0.008 ISP-F=0.029 MW-L=0.021 MW-F=0.030]
  OMP re-solve: 0.253s

=== True-DRO Benders iter 7 ===
  OMP: t₀=10.657985, UB=20.551707, gap=4.81e-01, x=[0, 0, 0, 0, 0, 0, 0, 0, 0, 0, 0, 0, 0, 0, 0, 0, 0, 0, 0, 0, 0, 0, 0, 0, 0, 0, 0, 0, 0, 0, 0, 0, 0, 0, 1, 0, 0, 0, 0, 0, 0, 0, 1, 0, 0, 0, 0, 0, 0, 0, 0, 0, 0, 0, 0, 0, 0, 0, 0, 0, 0, 0, 0, 0, 0, 0, 0, 0, 0, 0, 0, 0, 0, 0, 0, 0] (0.000s)
  Sub: Z₀=19.968843 [LOCAL] (0.4s), α=[0.000,0.000,0.000,0.000,0.000,0.000,0.000,0.000,0.000,0.000,0.000,0.000,0.000,0.000,0.000,0.000,0.000,0.000,0.000,0.000,0.000,0.000,0.000,0.000,0.000,0.000,0.000,0.000,0.000,0.000,0.000,0.000,0.000,0.000,8.137,0.000,0.000,0.000,0.000,0.000,0.000,0.000,0.000,0.000,0.000,0.000,0.000,0.000,0.000,0.000,0.000,0.000,0.000,0.000,0.000,0.000,0.000,0.000,0.000,0.000,0.000,0.000,0.000,0.000,0.000,0.000,0.000,0.000,0.000,0.000,0.000,0.000,2.306,0.000,0.000,0.000]
  Iter 7: LB=10.657985  UB=20.551707  gap=4.81e-01
  Cut: intercept=-1105.164916, π_x_range=[-824.4655, 575.0686]
  Mini-Benders[1] (mw): LB=10.813081, Z₀(α*)=20.066266, intercept=-65.010770 (0.358s) [OMP=0.275 ISP-L=0.008 ISP-F=0.028 MW-L=0.022 MW-F=0.030]
  Mini-Benders[2] (mw): LB=10.822307, Z₀(α*)=20.569298, intercept=-68.109873 (0.356s) [OMP=0.264 ISP-L=0.008 ISP-F=0.030 MW-L=0.021 MW-F=0.031]
  Mini-Benders[3] (mw): LB=10.832307, Z₀(α*)=20.579298, intercept=-67.909856 (0.323s) [OMP=0.230 ISP-L=0.008 ISP-F=0.027 MW-L=0.022 MW-F=0.025]
  Mini-Benders[4] (mw): LB=10.832307, Z₀(α*)=19.870842, intercept=-69.521823 (0.386s) [OMP=0.288 ISP-L=0.008 ISP-F=0.032 MW-L=0.021 MW-F=0.034]
  Mini-Benders[5] (mw): LB=10.832307, Z₀(α*)=20.025097, intercept=-70.549093 (0.387s) [OMP=0.277 ISP-L=0.008 ISP-F=0.032 MW-L=0.022 MW-F=0.047]
  α-step: Z₀=20.593280, α=[0.000,0.000,0.000,0.000,0.000,0.000,0.000,0.000,0.000,0.000,0.000,0.000,0.000,0.000,0.000,0.000,0.000,0.000,0.000,0.000,0.000,0.000,0.000,0.000,0.000,0.000,0.000,0.000,0.000,0.000,0.000,0.000,0.000,0.000,7.949,0.000,0.000,0.000,0.000,0.000,0.000,0.000,0.000,0.000,0.000,0.000,0.000,0.000,0.000,0.000,0.000,0.000,0.000,0.000,0.000,0.000,0.000,0.000,0.000,0.000,0.000,0.000,0.000,0.000,0.000,0.000,0.000,0.000,0.000,0.000,0.000,0.000,2.493,0.000,0.000,0.000]
  Alt-Benders[1] (mw): LB=10.832307, Z₀(α*)=20.593280, intercept=-51.315806 (0.359s) [OMP=0.270 ISP-L=0.008 ISP-F=0.026 MW-L=0.021 MW-F=0.032]
  Alt-Benders[2] (mw): LB=10.832307, Z₀(α*)=20.491884, intercept=-48.104785 (0.339s) [OMP=0.244 ISP-L=0.007 ISP-F=0.030 MW-L=0.022 MW-F=0.031]
  Alt-Benders[3] (mw): LB=10.832307, Z₀(α*)=20.252357, intercept=-40.555499 (0.323s) [OMP=0.234 ISP-L=0.008 ISP-F=0.027 MW-L=0.022 MW-F=0.028]
  Alt-Benders[4] (mw): LB=11.109339, Z₀(α*)=-21.238844, intercept=-123.485946 (0.338s) [OMP=0.259 ISP-L=0.008 ISP-F=0.029 MW-L=0.025 MW-F=0.026]
  Alt-Benders[5] (mw): LB=11.109339, Z₀(α*)=-21.238844, intercept=-123.485946 (0.325s) [OMP=0.233 ISP-L=0.007 ISP-F=0.028 MW-L=0.025 MW-F=0.025]
  OMP re-solve: 0.234s

=== True-DRO Benders iter 8 ===
  OMP: t₀=11.109339, UB=20.551707, gap=4.59e-01, x=[0, 0, 0, 0, 0, 0, 0, 0, 0, 0, 0, 0, 0, 0, 0, 0, 0, 0, 0, 0, 0, 0, 0, 0, 0, 0, 0, 0, 0, 0, 0, 0, 0, 0, 0, 0, 0, 0, 0, 0, 0, 0, 0, 0, 0, 0, 0, 0, 0, 0, 0, 0, 0, 0, 0, 0, 0, 0, 0, 0, 1, 1, 0, 0, 0, 0, 0, 0, 0, 0, 0, 0, 0, 0, 0, 0] (0.000s)
  Sub: Z₀=20.883995 [LOCAL] (0.4s), α=[0.000,0.000,0.000,0.000,0.000,0.000,0.000,0.000,0.000,0.000,0.000,0.000,0.000,0.000,0.000,0.000,0.000,0.000,0.000,0.000,0.000,0.000,0.000,0.000,0.000,0.000,0.000,0.000,0.000,0.000,0.000,0.000,0.000,0.000,0.000,0.000,0.000,0.000,0.000,0.000,0.000,0.000,0.000,0.000,0.000,0.000,0.000,0.000,0.000,0.000,0.000,0.000,0.000,0.000,0.000,0.000,0.000,0.000,0.000,0.000,2.889,3.942,0.000,0.000,0.000,0.000,0.000,0.000,0.000,0.000,0.000,0.000,3.612,0.000,0.000,0.000]
  Iter 8: LB=11.109339  UB=20.551707  gap=4.59e-01
  Cut: intercept=-1099.162857, π_x_range=[-826.5193, 570.1693]
  Mini-Benders[1] (mw): LB=11.193046, Z₀(α*)=-32.067877, intercept=-52.680296 (0.370s) [OMP=0.271 ISP-L=0.008 ISP-F=0.030 MW-L=0.024 MW-F=0.029]
  Mini-Benders[2] (mw): LB=11.193046, Z₀(α*)=-32.067877, intercept=-52.680296 (0.354s) [OMP=0.256 ISP-L=0.007 ISP-F=0.029 MW-L=0.025 MW-F=0.028]
  Mini-Benders[3] (mw): LB=11.193046, Z₀(α*)=-32.067877, intercept=-52.680296 (0.341s) [OMP=0.255 ISP-L=0.007 ISP-F=0.028 MW-L=0.024 MW-F=0.029]
  Mini-Benders[4]: LB stagnated, break
  α-step: Z₀=20.564982, α=[0.000,0.000,0.000,0.000,0.000,0.000,0.000,0.000,0.000,0.000,0.000,0.000,0.000,0.000,0.000,0.000,0.000,0.000,0.000,0.000,0.000,0.000,0.000,0.000,0.000,0.000,0.000,0.000,0.000,0.000,0.000,0.000,0.000,0.000,7.186,0.000,0.000,0.000,0.000,0.000,0.000,0.000,0.000,0.000,0.000,0.000,0.000,0.000,0.000,0.000,0.000,0.000,0.000,0.000,0.000,0.000,0.000,0.000,0.000,0.000,0.000,0.000,0.000,0.000,0.000,0.000,0.000,0.000,0.000,0.000,0.000,0.000,3.257,0.000,0.000,0.000]
  Alt-Benders[1] (mw): LB=11.259645, Z₀(α*)=-27.251673, intercept=-94.619121 (0.379s) [OMP=0.285 ISP-L=0.008 ISP-F=0.028 MW-L=0.024 MW-F=0.031]
  Alt-Benders[2] (mw): LB=11.259645, Z₀(α*)=-27.251673, intercept=-94.619121 (0.322s) [OMP=0.241 ISP-L=0.008 ISP-F=0.027 MW-L=0.024 MW-F=0.031]
  Alt-Benders[3] (mw): LB=11.259645, Z₀(α*)=-27.251673, intercept=-94.619121 (0.339s) [OMP=0.238 ISP-L=0.008 ISP-F=0.026 MW-L=0.024 MW-F=0.033]
  Alt-Benders[4]: LB stagnated, break
  OMP re-solve: 0.000s

=== True-DRO Benders iter 9 ===
  OMP: t₀=11.259645, UB=20.551707, gap=4.52e-01, x=[0, 0, 0, 0, 0, 0, 0, 0, 0, 0, 0, 0, 0, 0, 0, 0, 0, 0, 0, 0, 0, 0, 0, 0, 0, 0, 0, 0, 0, 0, 0, 0, 0, 0, 0, 0, 0, 0, 0, 0, 0, 0, 0, 0, 0, 0, 0, 0, 0, 0, 0, 0, 0, 0, 0, 0, 0, 0, 0, 0, 0, 1, 0, 0, 0, 0, 0, 0, 0, 0, 0, 0, 1, 0, 0, 0] (0.000s)
  Sub: Z₀=22.035300 [LOCAL] (0.4s), α=[0.000,0.000,0.000,0.000,0.000,0.000,0.000,0.000,0.000,0.000,0.000,0.000,0.000,0.000,0.000,0.000,0.000,0.000,0.000,0.000,0.000,0.000,0.000,0.000,0.000,0.000,0.000,0.000,0.000,0.000,0.000,0.000,0.000,0.000,0.000,0.000,0.000,0.000,0.000,0.000,0.000,0.000,0.000,0.000,0.000,0.000,0.000,0.000,0.000,0.000,0.000,0.000,0.000,0.000,0.000,0.000,0.000,0.000,0.000,0.000,0.000,0.000,0.000,0.000,0.000,0.000,0.000,0.000,0.000,0.000,0.000,0.000,10.443,0.000,0.000,0.000]
  Iter 9: LB=11.259645  UB=20.551707  gap=4.52e-01
  Cut: intercept=-1118.651068, π_x_range=[-826.5499, 588.4286]
  Mini-Benders[1] (mw): LB=11.266085, Z₀(α*)=3.478426, intercept=-56.165319 (0.355s) [OMP=0.275 ISP-L=0.008 ISP-F=0.027 MW-L=0.023 MW-F=0.026]
  Mini-Benders[2] (mw): LB=11.266085, Z₀(α*)=3.478426, intercept=-56.165319 (0.341s) [OMP=0.263 ISP-L=0.007 ISP-F=0.027 MW-L=0.023 MW-F=0.025]
  Mini-Benders[3] (mw): LB=11.266085, Z₀(α*)=3.478426, intercept=-56.165319 (0.369s) [OMP=0.271 ISP-L=0.008 ISP-F=0.028 MW-L=0.023 MW-F=0.026]
  Mini-Benders[4]: LB stagnated, break
  α-step: Z₀=20.406938, α=[0.000,0.000,0.000,0.000,0.000,0.000,0.000,0.000,0.000,0.000,0.000,0.000,0.000,0.000,0.000,0.000,0.000,0.000,0.000,0.000,0.000,0.000,0.000,0.000,0.000,0.000,0.000,0.000,0.000,0.000,0.000,0.000,0.000,0.000,7.186,0.000,0.000,0.000,0.000,0.000,0.000,0.000,0.000,0.000,0.000,0.000,0.000,0.000,0.000,0.000,0.000,0.000,0.000,0.000,0.000,0.000,0.000,0.000,0.000,0.000,0.000,0.000,0.000,0.000,0.000,0.000,0.000,0.000,0.000,0.000,0.000,0.000,3.257,0.000,0.000,0.000]
  Alt-Benders[1] (mw): LB=11.335448, Z₀(α*)=-27.851787, intercept=-66.458676 (0.369s) [OMP=0.285 ISP-L=0.007 ISP-F=0.029 MW-L=0.023 MW-F=0.027]
  Alt-Benders[2] (mw): LB=11.335448, Z₀(α*)=-27.851787, intercept=-66.458676 (0.357s) [OMP=0.261 ISP-L=0.007 ISP-F=0.030 MW-L=0.023 MW-F=0.028]
  Alt-Benders[3] (mw): LB=11.335448, Z₀(α*)=-27.851787, intercept=-66.458676 (0.338s) [OMP=0.256 ISP-L=0.007 ISP-F=0.029 MW-L=0.022 MW-F=0.028]
  Alt-Benders[4]: LB stagnated, break
  OMP re-solve: 0.000s

=== True-DRO Benders iter 10 ===
  OMP: t₀=11.335448, UB=20.551707, gap=4.48e-01, x=[0, 0, 0, 0, 0, 0, 0, 0, 0, 0, 0, 0, 0, 0, 0, 0, 0, 0, 0, 0, 0, 0, 0, 0, 0, 0, 0, 0, 0, 1, 0, 0, 0, 0, 0, 0, 0, 0, 0, 0, 0, 0, 0, 0, 0, 0, 0, 0, 0, 0, 0, 0, 0, 0, 0, 0, 0, 0, 0, 0, 0, 0, 0, 0, 0, 0, 0, 0, 0, 0, 0, 1, 0, 0, 0, 0] (0.000s)
  Sub: Z₀=20.008695 (8.2s), α=[0.000,0.000,0.000,0.000,0.000,0.000,0.000,0.000,0.000,0.000,0.000,0.000,0.000,0.000,0.000,0.000,0.000,0.000,0.000,0.000,0.000,0.000,0.000,0.000,0.000,0.000,0.000,0.000,0.000,0.000,0.000,0.000,0.000,0.000,0.000,0.000,0.000,0.000,0.000,0.000,0.000,0.000,0.000,0.000,0.000,0.000,0.000,0.000,0.000,0.000,0.000,0.000,0.000,0.000,0.000,0.000,0.000,0.000,0.000,0.000,0.000,0.000,0.000,0.000,0.000,0.000,0.000,0.000,0.000,0.000,0.000,7.647,2.796,0.000,0.000,0.000]
  Iter 10: LB=11.335448  UB=20.008695  gap=4.33e-01
  Cut: intercept=-136.376003, π_x_range=[-173.0045, 95.1894]
  Sherali-Cut: intercept=-71.573021, π_x_range=[-81.2869, 71.2730]
  Mini-Benders[1] (mw): LB=11.555484, Z₀(α*)=-22.882770, intercept=-133.670454 (0.406s) [OMP=0.324 ISP-L=0.009 ISP-F=0.027 MW-L=0.022 MW-F=0.027]
  Mini-Benders[2] (mw): LB=11.555484, Z₀(α*)=-22.882770, intercept=-133.670454 (0.354s) [OMP=0.270 ISP-L=0.008 ISP-F=0.026 MW-L=0.022 MW-F=0.028]
  Mini-Benders[3] (mw): LB=11.555484, Z₀(α*)=-22.882770, intercept=-133.670454 (0.356s) [OMP=0.267 ISP-L=0.008 ISP-F=0.026 MW-L=0.022 MW-F=0.027]
  Mini-Benders[4]: LB stagnated, break
  α-step: Z₀=18.482362, α=[0.000,0.000,0.000,0.000,0.000,0.000,0.000,0.000,0.000,0.000,0.000,0.000,0.000,0.000,0.000,0.000,0.000,0.000,0.000,0.000,0.000,0.000,0.000,0.000,0.000,0.000,0.000,0.000,0.000,0.000,0.000,0.000,0.000,0.000,0.000,0.000,0.000,0.000,0.000,0.000,0.000,0.000,0.000,0.000,0.000,0.000,0.000,0.000,0.000,0.000,2.532,0.000,0.000,6.076,0.000,0.000,0.000,0.000,0.000,0.000,0.000,0.000,0.000,0.000,0.000,0.000,0.000,0.000,0.000,0.000,0.000,0.000,1.835,0.000,0.000,0.000]
  Alt-Benders[1] (mw): LB=11.564477, Z₀(α*)=-27.968871, intercept=-92.229031 (0.368s) [OMP=0.284 ISP-L=0.008 ISP-F=0.024 MW-L=0.024 MW-F=0.029]
  Alt-Benders[2] (mw): LB=11.564477, Z₀(α*)=-27.968871, intercept=-92.229031 (0.339s) [OMP=0.256 ISP-L=0.007 ISP-F=0.024 MW-L=0.023 MW-F=0.028]
  Alt-Benders[3] (mw): LB=11.564477, Z₀(α*)=-27.968871, intercept=-92.229031 (0.338s) [OMP=0.255 ISP-L=0.007 ISP-F=0.024 MW-L=0.023 MW-F=0.028]
  Alt-Benders[4]: LB stagnated, break
  OMP re-solve: 0.000s

=== True-DRO Benders iter 11 ===
  OMP: t₀=11.564477, UB=20.008695, gap=4.22e-01, x=[0, 0, 0, 0, 0, 0, 0, 0, 0, 0, 0, 0, 0, 0, 0, 0, 0, 0, 0, 0, 1, 0, 0, 0, 0, 0, 0, 0, 0, 0, 0, 0, 0, 0, 0, 0, 0, 0, 0, 0, 0, 0, 0, 0, 0, 0, 0, 0, 0, 0, 0, 0, 0, 0, 0, 0, 0, 0, 0, 0, 0, 0, 0, 0, 0, 0, 0, 0, 0, 0, 0, 1, 0, 0, 0, 0] (0.000s)
  Sub: Z₀=17.542298 [LOCAL] (0.4s), α=[0.000,0.000,0.000,0.000,0.000,0.000,0.000,0.000,0.000,0.000,0.000,0.000,0.000,0.000,0.000,0.000,0.000,0.000,0.000,0.000,0.000,0.000,0.000,0.000,0.000,0.000,0.000,0.000,0.000,0.000,0.000,0.000,0.000,0.000,0.000,0.000,0.000,0.000,0.000,0.000,0.000,0.000,0.000,0.000,0.000,0.000,0.000,0.000,0.000,0.000,0.000,0.000,0.000,0.000,0.000,0.000,0.000,0.000,0.000,0.000,0.000,0.000,0.000,0.000,0.000,0.000,0.000,0.000,0.000,0.000,0.000,7.186,3.257,0.000,0.000,0.000]
  Iter 11: LB=11.564477  UB=20.008695  gap=4.22e-01
  Cut: intercept=-1133.320126, π_x_range=[-824.0850, 592.4331]
  Mini-Benders[1] (mw): LB=11.584307, Z₀(α*)=-24.451352, intercept=-107.039200 (0.416s) [OMP=0.308 ISP-L=0.009 ISP-F=0.032 MW-L=0.023 MW-F=0.034]
  Mini-Benders[2] (mw): LB=11.584307, Z₀(α*)=-24.451352, intercept=-107.039200 (0.354s) [OMP=0.263 ISP-L=0.008 ISP-F=0.032 MW-L=0.022 MW-F=0.033]
  Mini-Benders[3] (mw): LB=11.584307, Z₀(α*)=-24.451352, intercept=-107.039200 (0.356s) [OMP=0.254 ISP-L=0.008 ISP-F=0.032 MW-L=0.024 MW-F=0.034]
  Mini-Benders[4]: LB stagnated, break
  α-step: Z₀=21.012139, α=[0.000,0.000,0.000,0.000,0.000,0.000,0.000,0.000,0.000,0.000,0.000,0.000,0.000,0.000,0.000,0.000,0.000,0.000,0.000,0.000,0.000,0.000,0.000,0.000,0.000,0.000,0.000,0.000,0.000,0.000,0.000,0.000,0.000,0.000,0.000,0.000,0.000,0.000,0.000,0.000,0.000,0.000,0.000,0.000,0.000,0.000,0.000,0.000,0.000,0.000,0.000,0.000,0.000,0.000,0.000,0.000,0.000,0.000,0.000,0.000,0.000,0.000,0.000,0.000,0.000,0.000,0.000,0.000,0.000,0.000,0.000,0.000,10.443,0.000,0.000,0.000]
  Alt-Benders[1] (mw): LB=11.708586, Z₀(α*)=20.003529, intercept=-38.955856 (0.393s) [OMP=0.287 ISP-L=0.007 ISP-F=0.025 MW-L=0.021 MW-F=0.056]
  Alt-Benders[2] (mw): LB=11.824944, Z₀(α*)=-7.576342, intercept=-123.013583 (0.370s) [OMP=0.279 ISP-L=0.006 ISP-F=0.026 MW-L=0.023 MW-F=0.027]
  Alt-Benders[3] (mw): LB=11.824944, Z₀(α*)=-7.576342, intercept=-123.013583 (0.354s) [OMP=0.276 ISP-L=0.006 ISP-F=0.026 MW-L=0.021 MW-F=0.027]
  Alt-Benders[4] (mw): LB=11.824944, Z₀(α*)=-7.576342, intercept=-123.013583 (0.372s) [OMP=0.285 ISP-L=0.006 ISP-F=0.026 MW-L=0.021 MW-F=0.028]
  Alt-Benders[5]: LB stagnated, break
  OMP re-solve: 0.000s

=== True-DRO Benders iter 12 ===
  OMP: t₀=11.824944, UB=20.008695, gap=4.09e-01, x=[0, 0, 0, 0, 0, 0, 0, 0, 0, 0, 0, 0, 0, 0, 0, 0, 0, 0, 0, 0, 0, 0, 0, 0, 0, 0, 0, 0, 0, 0, 0, 0, 0, 0, 0, 0, 0, 0, 0, 0, 0, 0, 0, 0, 0, 1, 0, 0, 0, 1, 0, 0, 0, 0, 0, 0, 0, 0, 0, 0, 0, 0, 0, 0, 0, 0, 0, 0, 0, 0, 0, 0, 0, 0, 0, 0] (0.000s)
  Sub: Z₀=19.487759 [LOCAL] (0.4s), α=[0.000,0.000,0.000,0.000,0.000,0.000,0.000,0.000,0.000,0.000,0.000,0.000,0.000,0.000,0.000,0.000,0.000,0.000,0.000,0.000,0.000,0.000,0.000,0.000,0.000,0.000,0.000,0.000,0.000,0.000,0.000,0.000,0.000,0.000,0.000,0.000,0.000,0.000,0.414,0.000,0.000,0.000,0.000,0.000,0.000,2.998,0.000,0.000,0.000,4.842,0.000,0.000,0.000,0.000,0.000,0.000,0.000,0.000,0.000,0.000,0.000,0.000,0.000,0.000,0.000,0.000,0.000,0.000,0.000,0.000,0.000,0.000,2.188,0.000,0.000,0.000]
  Iter 12: LB=11.824944  UB=20.008695  gap=4.09e-01
  Cut: intercept=-1107.097125, π_x_range=[-824.0023, 572.7283]
  Mini-Benders[1] (mw): LB=12.108869, Z₀(α*)=-48.693387, intercept=-74.972617 (0.401s) [OMP=0.313 ISP-L=0.008 ISP-F=0.029 MW-L=0.024 MW-F=0.032]
  Mini-Benders[2] (mw): LB=12.108869, Z₀(α*)=-48.693387, intercept=-74.972617 (0.385s) [OMP=0.290 ISP-L=0.007 ISP-F=0.028 MW-L=0.024 MW-F=0.032]
  Mini-Benders[3] (mw): LB=12.108869, Z₀(α*)=-48.693387, intercept=-74.972617 (0.401s) [OMP=0.292 ISP-L=0.007 ISP-F=0.029 MW-L=0.024 MW-F=0.031]
  Mini-Benders[4]: LB stagnated, break
  α-step: Z₀=20.247509, α=[0.000,0.000,0.000,0.000,0.000,0.000,0.000,0.000,0.000,0.000,0.000,0.000,0.000,0.000,0.000,0.000,0.000,0.000,0.000,0.000,0.000,0.000,0.000,0.000,0.000,0.000,0.000,0.000,0.000,0.000,0.000,0.000,0.000,0.000,0.000,0.000,0.000,0.000,0.000,0.000,0.000,0.000,0.000,0.000,0.000,0.000,0.000,0.000,0.000,0.000,0.000,0.000,0.000,0.000,0.000,0.000,0.000,0.000,0.000,0.000,0.000,0.000,0.000,0.000,0.000,0.000,0.000,0.000,0.000,0.000,0.000,6.831,3.612,0.000,0.000,0.000]
  Alt-Benders[1] (mw): LB=12.223982, Z₀(α*)=-6.755757, intercept=-104.964763 (0.373s) [OMP=0.276 ISP-L=0.008 ISP-F=0.031 MW-L=0.021 MW-F=0.035]
  Alt-Benders[2] (mw): LB=12.223982, Z₀(α*)=-6.755757, intercept=-104.964763 (0.372s) [OMP=0.278 ISP-L=0.007 ISP-F=0.030 MW-L=0.021 MW-F=0.034]
  Alt-Benders[3] (mw): LB=12.223982, Z₀(α*)=-6.755757, intercept=-104.964763 (0.369s) [OMP=0.283 ISP-L=0.008 ISP-F=0.031 MW-L=0.022 MW-F=0.035]
  Alt-Benders[4]: LB stagnated, break
  OMP re-solve: 0.000s

=== True-DRO Benders iter 13 ===
  OMP: t₀=12.223982, UB=20.008695, gap=3.89e-01, x=[0, 0, 0, 0, 0, 0, 0, 0, 0, 0, 0, 0, 0, 0, 0, 0, 0, 0, 0, 0, 0, 0, 0, 0, 0, 0, 0, 0, 0, 0, 0, 0, 0, 0, 0, 0, 0, 0, 0, 0, 0, 0, 0, 0, 0, 0, 0, 0, 0, 0, 0, 1, 0, 0, 0, 0, 0, 0, 0, 0, 0, 0, 0, 0, 0, 0, 0, 0, 0, 0, 0, 0, 1, 0, 0, 0] (0.000s)
  Sub: Z₀=19.056621 [LOCAL] (0.4s), α=[0.000,0.000,0.000,0.000,0.000,0.000,0.000,0.000,0.000,0.000,0.000,0.000,0.000,0.000,0.000,0.000,0.000,0.000,0.000,0.000,0.000,0.000,0.000,0.000,0.000,0.000,0.000,0.000,0.000,0.000,0.000,0.000,0.000,0.000,2.653,0.000,0.000,0.000,0.000,0.000,0.000,0.000,0.000,0.000,0.000,0.000,0.000,0.000,0.000,0.000,0.055,3.289,0.000,0.000,0.000,0.000,0.000,0.000,0.000,0.000,0.000,0.000,0.000,0.000,0.000,0.000,0.000,0.000,0.000,0.000,0.000,0.065,4.381,0.000,0.000,0.000]
  Iter 13: LB=12.223982  UB=20.008695  gap=3.89e-01
  Cut: intercept=-1118.349373, π_x_range=[-825.3198, 578.5835]
  Mini-Benders[1] (mw): LB=12.227469, Z₀(α*)=-7.924365, intercept=-58.004004 (0.354s) [OMP=0.259 ISP-L=0.008 ISP-F=0.029 MW-L=0.025 MW-F=0.030]
  Mini-Benders[2] (mw): LB=12.227469, Z₀(α*)=-7.924365, intercept=-58.004004 (0.357s) [OMP=0.272 ISP-L=0.008 ISP-F=0.030 MW-L=0.024 MW-F=0.030]
  Mini-Benders[3] (mw): LB=12.227469, Z₀(α*)=-7.924365, intercept=-58.004004 (0.354s) [OMP=0.261 ISP-L=0.008 ISP-F=0.029 MW-L=0.024 MW-F=0.031]
  Mini-Benders[4]: LB stagnated, break
  α-step: Z₀=21.614662, α=[0.000,0.708,0.000,0.000,0.000,0.000,0.000,0.000,0.000,0.000,0.000,0.000,0.000,0.000,0.000,0.000,0.000,0.000,0.000,0.000,0.000,0.000,0.000,0.000,0.000,0.000,0.000,0.000,0.000,0.000,0.000,0.000,0.000,0.000,0.000,0.000,0.000,0.000,0.000,0.000,0.000,0.000,0.000,0.000,0.000,0.000,0.000,0.000,0.000,0.000,0.000,0.000,0.000,0.000,0.000,0.000,0.000,0.000,0.000,0.000,0.000,0.000,0.000,0.000,0.000,0.000,0.000,0.000,0.000,0.000,0.000,0.000,9.735,0.000,0.000,0.000]
  Alt-Benders[1] (mw): LB=12.306524, Z₀(α*)=-3.659778, intercept=-139.080838 (0.385s) [OMP=0.293 ISP-L=0.008 ISP-F=0.027 MW-L=0.023 MW-F=0.029]
  Alt-Benders[2] (mw): LB=12.306524, Z₀(α*)=-3.659778, intercept=-139.080838 (0.325s) [OMP=0.242 ISP-L=0.007 ISP-F=0.027 MW-L=0.024 MW-F=0.030]
  Alt-Benders[3] (mw): LB=12.306524, Z₀(α*)=-3.659778, intercept=-139.080838 (0.354s) [OMP=0.250 ISP-L=0.008 ISP-F=0.027 MW-L=0.023 MW-F=0.030]
  Alt-Benders[4]: LB stagnated, break
  OMP re-solve: 0.000s

=== True-DRO Benders iter 14 ===
  OMP: t₀=12.306524, UB=20.008695, gap=3.85e-01, x=[0, 0, 0, 0, 0, 0, 0, 0, 0, 0, 0, 0, 0, 0, 0, 0, 0, 0, 0, 0, 0, 0, 0, 0, 0, 0, 0, 0, 0, 0, 0, 0, 0, 0, 0, 0, 0, 0, 0, 0, 0, 0, 0, 0, 0, 0, 0, 0, 0, 0, 0, 0, 0, 1, 0, 0, 0, 0, 0, 0, 0, 1, 0, 0, 0, 0, 0, 0, 0, 0, 0, 0, 0, 0, 0, 0] (0.000s)
  Sub: Z₀=20.313964 [LOCAL] (0.4s), α=[0.000,0.000,0.000,0.000,0.000,0.000,0.000,0.000,0.000,0.000,0.000,0.000,0.000,0.000,0.000,0.000,0.000,0.000,0.000,0.000,0.000,0.000,0.000,0.000,0.000,0.000,0.000,0.000,0.000,0.000,0.000,0.000,0.000,0.000,0.000,0.000,0.000,0.000,0.000,0.000,0.000,0.000,0.000,0.000,0.000,0.000,0.000,0.000,0.000,0.000,1.766,0.000,0.000,6.739,0.000,0.000,0.000,0.000,0.000,0.000,0.000,0.671,0.000,0.000,0.000,0.000,0.000,0.000,0.000,0.000,0.000,0.000,1.267,0.000,0.000,0.000]
  Iter 14: LB=12.306524  UB=20.008695  gap=3.85e-01
  Cut: intercept=-1091.358168, π_x_range=[-825.4892, 563.5659]
  Mini-Benders[1] (mw): LB=12.799989, Z₀(α*)=-46.979783, intercept=-47.598256 (0.354s) [OMP=0.264 ISP-L=0.008 ISP-F=0.027 MW-L=0.022 MW-F=0.026]
  Mini-Benders[2] (mw): LB=12.799989, Z₀(α*)=-46.979783, intercept=-47.598256 (0.388s) [OMP=0.299 ISP-L=0.008 ISP-F=0.027 MW-L=0.022 MW-F=0.025]
  Mini-Benders[3] (mw): LB=12.799989, Z₀(α*)=-46.979783, intercept=-47.598256 (0.372s) [OMP=0.292 ISP-L=0.008 ISP-F=0.026 MW-L=0.021 MW-F=0.025]
  Mini-Benders[4]: LB stagnated, break
  α-step: Z₀=21.685881, α=[0.000,0.000,0.000,0.000,0.000,0.000,0.000,0.000,0.000,0.000,0.000,0.000,0.000,0.000,0.000,0.000,0.000,0.000,0.000,0.000,0.000,0.000,0.000,0.000,0.000,0.000,0.000,0.000,0.000,0.000,0.000,0.000,0.000,0.000,0.000,0.000,0.000,0.000,0.000,0.000,0.000,0.000,0.000,0.000,0.000,0.000,0.000,0.000,0.000,0.000,0.000,0.000,0.000,0.000,0.000,0.000,0.000,0.000,0.000,0.000,0.000,0.000,0.000,0.000,0.000,0.000,0.000,0.000,0.000,0.000,0.000,0.000,10.443,0.000,0.000,0.000]
  Alt-Benders[1] (mw): LB=12.865037, Z₀(α*)=20.897130, intercept=-45.699539 (0.421s) [OMP=0.346 ISP-L=0.008 ISP-F=0.029 MW-L=0.021 MW-F=0.029]
  Alt-Benders[2] (mw): LB=12.865037, Z₀(α*)=20.897130, intercept=-35.515451 (0.369s) [OMP=0.280 ISP-L=0.007 ISP-F=0.028 MW-L=0.023 MW-F=0.027]
  Alt-Benders[3] (mw): LB=12.867592, Z₀(α*)=17.909183, intercept=-67.821696 (0.401s) [OMP=0.302 ISP-L=0.007 ISP-F=0.029 MW-L=0.024 MW-F=0.030]
  Alt-Benders[4] (mw): LB=12.947892, Z₀(α*)=23.221770, intercept=-14.606586 (0.386s) [OMP=0.297 ISP-L=0.008 ISP-F=0.028 MW-L=0.022 MW-F=0.027]
  Alt-Benders[5] (mw): LB=12.947892, Z₀(α*)=23.221770, intercept=-14.606586 (0.385s) [OMP=0.302 ISP-L=0.008 ISP-F=0.027 MW-L=0.021 MW-F=0.027]
  OMP re-solve: 0.320s

=== True-DRO Benders iter 15 ===
  OMP: t₀=12.947892, UB=20.008695, gap=3.53e-01, x=[0, 0, 0, 0, 0, 0, 0, 0, 0, 0, 0, 0, 0, 0, 0, 0, 0, 0, 0, 0, 0, 0, 0, 0, 0, 0, 0, 0, 0, 0, 0, 0, 0, 0, 0, 0, 0, 0, 0, 0, 0, 0, 0, 0, 0, 0, 0, 0, 0, 1, 0, 0, 0, 0, 0, 0, 0, 0, 0, 0, 0, 0, 0, 0, 0, 0, 0, 0, 0, 0, 0, 0, 1, 0, 0, 0] (0.000s)
  Sub: Z₀=21.658009 [TIME_LIMIT] (15.1s), α=[0.000,0.000,0.000,0.000,0.000,0.000,0.000,0.000,0.000,0.000,0.000,0.000,0.000,0.000,0.000,0.000,0.000,0.000,0.000,0.000,0.000,0.000,0.000,0.000,0.000,0.000,0.000,0.000,0.000,0.000,0.000,0.000,0.000,0.000,1.227,0.000,0.000,0.000,0.000,0.000,0.000,0.000,0.000,0.000,0.000,0.000,0.000,0.000,0.000,0.000,0.000,0.000,0.000,0.000,0.000,0.000,0.000,0.000,0.000,0.000,0.000,0.000,0.000,0.000,0.000,0.000,0.000,0.000,0.000,0.000,0.000,0.000,9.216,0.000,0.000,0.000]
  Iter 15: LB=12.947892  UB=20.008695  gap=3.53e-01
  Cut: intercept=-93.833552, π_x_range=[-183.4168, 76.2340]
  Mini-Benders[1] (mw): LB=12.947892, Z₀(α*)=13.171441, intercept=-65.494233 (0.401s) [OMP=0.314 ISP-L=0.009 ISP-F=0.032 MW-L=0.022 MW-F=0.026]
  Mini-Benders[2] (mw): LB=12.947892, Z₀(α*)=22.571329, intercept=-25.311737 (0.417s) [OMP=0.331 ISP-L=0.008 ISP-F=0.029 MW-L=0.022 MW-F=0.028]
  Mini-Benders[3]: LB stagnated, break
  α-step: Z₀=22.950758, α=[0.000,0.000,0.000,0.000,0.000,0.000,0.000,0.000,0.000,0.000,0.000,0.000,0.000,0.000,0.000,0.000,0.000,0.000,0.000,0.000,0.000,0.000,0.000,0.000,0.000,0.000,0.000,0.000,0.000,0.000,0.000,0.000,0.000,0.000,0.708,0.000,0.000,0.000,0.000,0.000,0.000,0.000,0.000,0.000,0.000,0.000,0.000,0.000,0.000,0.000,0.000,0.000,0.000,0.000,0.000,0.000,0.000,0.000,0.000,0.000,0.000,0.000,0.000,0.000,0.000,0.000,0.000,0.000,0.000,0.000,0.000,0.000,9.735,0.000,0.000,0.000]
  Alt-Benders[1] (mw): LB=12.947892, Z₀(α*)=23.073494, intercept=-12.781070 (0.391s) [OMP=0.306 ISP-L=0.008 ISP-F=0.030 MW-L=0.025 MW-F=0.031]
  Alt-Benders[2] (mw): LB=12.947892, Z₀(α*)=22.921725, intercept=-40.804119 (0.370s) [OMP=0.275 ISP-L=0.007 ISP-F=0.028 MW-L=0.023 MW-F=0.033]
  Alt-Benders[3]: LB stagnated, break
  OMP re-solve: 0.001s

=== True-DRO Benders iter 16 ===
  OMP: t₀=12.947892, UB=20.008695, gap=3.53e-01, x=[0, 0, 0, 0, 0, 0, 0, 0, 0, 0, 0, 0, 0, 0, 0, 0, 1, 0, 0, 0, 0, 0, 0, 0, 0, 0, 0, 0, 0, 0, 0, 0, 0, 0, 0, 0, 0, 0, 0, 0, 0, 0, 0, 0, 0, 0, 0, 0, 0, 0, 0, 0, 0, 0, 0, 0, 0, 0, 0, 0, 0, 0, 0, 0, 0, 0, 0, 0, 0, 0, 0, 0, 1, 0, 0, 0] (0.000s)
  Sub: Z₀=22.716563 [LOCAL] (0.4s), α=[0.000,0.000,0.000,0.000,0.000,0.000,0.000,0.000,0.000,0.000,0.000,0.000,0.000,0.000,0.000,0.000,0.000,0.000,0.000,0.000,0.000,0.000,0.000,0.000,0.000,0.000,0.000,0.000,0.000,0.000,0.000,0.000,0.000,0.000,0.708,0.000,0.000,0.000,0.000,0.000,0.000,0.000,0.000,0.000,0.000,0.000,0.000,0.000,0.000,0.000,0.000,0.000,0.000,0.000,0.000,0.000,0.000,0.000,0.000,0.000,0.000,0.000,0.000,0.000,0.000,0.000,0.000,0.000,0.000,0.000,0.000,0.000,9.735,0.000,0.000,0.000]
  Iter 16: LB=12.947892  UB=20.008695  gap=3.53e-01
  Cut: intercept=-1134.250581, π_x_range=[-826.6033, 579.2013]
  Mini-Benders[1] (mw): LB=12.947892, Z₀(α*)=23.221770, intercept=-14.252636 (0.417s) [OMP=0.307 ISP-L=0.009 ISP-F=0.033 MW-L=0.023 MW-F=0.032]
  Mini-Benders[2] (mw): LB=12.947892, Z₀(α*)=21.927497, intercept=-32.694187 (0.354s) [OMP=0.275 ISP-L=0.008 ISP-F=0.033 MW-L=0.020 MW-F=0.025]
  Mini-Benders[3]: LB stagnated, break
  α-step: Z₀=21.256489, α=[0.000,0.000,0.000,0.000,0.000,0.000,0.000,0.000,0.000,0.000,0.000,0.000,0.000,0.000,0.000,0.000,0.000,0.000,0.000,0.000,0.000,0.000,0.000,0.000,0.000,0.000,0.000,0.000,0.000,0.000,0.000,0.000,0.000,0.000,1.282,0.000,0.000,0.000,0.000,0.000,0.000,0.000,0.000,0.000,0.000,0.000,0.000,0.000,0.000,0.000,0.000,0.000,0.000,0.000,0.000,0.000,0.000,0.000,0.000,0.000,0.000,0.000,0.000,0.000,0.000,0.000,0.000,0.000,0.000,0.000,0.000,0.000,9.161,0.000,0.000,0.000]
  Alt-Benders[1] (mw): LB=12.947892, Z₀(α*)=23.106946, intercept=-13.980405 (0.350s) [OMP=0.241 ISP-L=0.008 ISP-F=0.026 MW-L=0.021 MW-F=0.051]
  Alt-Benders[2] (mw): LB=13.047787, Z₀(α*)=6.077433, intercept=-86.222246 (0.370s) [OMP=0.299 ISP-L=0.007 ISP-F=0.031 MW-L=0.021 MW-F=0.022]
  Alt-Benders[3] (mw): LB=13.047787, Z₀(α*)=6.077433, intercept=-86.222246 (0.401s) [OMP=0.306 ISP-L=0.007 ISP-F=0.031 MW-L=0.022 MW-F=0.024]
  Alt-Benders[4] (mw): LB=13.047787, Z₀(α*)=6.077433, intercept=-86.222246 (0.385s) [OMP=0.307 ISP-L=0.007 ISP-F=0.031 MW-L=0.022 MW-F=0.023]
  Alt-Benders[5]: LB stagnated, break
  OMP re-solve: 0.000s

=== True-DRO Benders iter 17 ===
  OMP: t₀=13.047787, UB=20.008695, gap=3.48e-01, x=[0, 1, 0, 0, 0, 0, 0, 1, 0, 0, 0, 0, 0, 0, 0, 0, 0, 0, 0, 0, 0, 0, 0, 0, 0, 0, 0, 0, 0, 0, 0, 0, 0, 0, 0, 0, 0, 0, 0, 0, 0, 0, 0, 0, 0, 0, 0, 0, 0, 0, 0, 0, 0, 0, 0, 0, 0, 0, 0, 0, 0, 0, 0, 0, 0, 0, 0, 0, 0, 0, 0, 0, 0, 0, 0, 0] (0.000s)
  Sub: Z₀=20.561875 [LOCAL] (0.4s), α=[0.000,3.403,0.000,0.000,0.000,0.000,0.000,1.540,0.000,0.000,0.000,0.000,0.000,0.000,0.000,0.000,0.000,0.000,0.000,0.000,0.000,0.000,0.000,0.000,0.000,0.000,0.000,3.664,0.000,0.000,0.000,0.000,0.000,0.000,0.000,0.000,0.000,0.000,0.000,0.000,0.000,0.000,0.000,0.000,0.000,0.000,0.000,0.000,0.000,0.000,0.000,0.000,0.000,0.000,0.000,0.000,0.000,0.000,0.000,0.000,0.000,0.000,0.000,0.000,0.000,0.000,0.000,0.000,0.000,0.000,0.000,0.000,1.836,0.000,0.000,0.000]
  Iter 17: LB=13.047787  UB=20.008695  gap=3.48e-01
  Cut: intercept=-1105.687740, π_x_range=[-824.8995, 570.3917]
  Mini-Benders[1] (mw): LB=13.057825, Z₀(α*)=-16.616118, intercept=-64.027798 (0.402s) [OMP=0.317 ISP-L=0.007 ISP-F=0.028 MW-L=0.025 MW-F=0.029]
  Mini-Benders[2] (mw): LB=13.057825, Z₀(α*)=-16.616118, intercept=-64.027798 (0.400s) [OMP=0.299 ISP-L=0.007 ISP-F=0.027 MW-L=0.026 MW-F=0.028]
  Mini-Benders[3] (mw): LB=13.057825, Z₀(α*)=-16.616118, intercept=-64.027798 (0.386s) [OMP=0.299 ISP-L=0.007 ISP-F=0.027 MW-L=0.025 MW-F=0.029]
  Mini-Benders[4]: LB stagnated, break
  α-step: Z₀=19.134947, α=[0.000,0.000,0.000,0.000,0.000,0.000,0.000,0.000,0.000,0.000,0.000,0.000,0.000,0.000,0.000,0.000,0.000,0.000,0.000,0.000,0.000,0.000,0.000,0.000,0.000,0.000,0.000,0.000,0.000,0.000,0.000,0.000,0.000,0.000,2.589,0.000,0.000,0.000,0.000,0.000,0.000,0.000,0.000,0.000,0.000,0.000,0.000,0.000,0.000,0.000,0.100,3.827,0.000,0.000,0.000,0.000,0.000,0.000,0.000,0.000,0.000,0.000,0.000,0.000,0.000,0.000,0.000,0.000,0.000,0.000,0.000,0.000,3.927,0.000,0.000,0.000]
  Alt-Benders[1] (mw): LB=13.089621, Z₀(α*)=4.841671, intercept=-40.600424 (0.361s) [OMP=0.280 ISP-L=0.008 ISP-F=0.031 MW-L=0.022 MW-F=0.029]
  Alt-Benders[2] (mw): LB=13.089621, Z₀(α*)=4.841671, intercept=-40.600424 (0.416s) [OMP=0.316 ISP-L=0.008 ISP-F=0.032 MW-L=0.022 MW-F=0.030]
  Alt-Benders[3] (mw): LB=13.089621, Z₀(α*)=4.841671, intercept=-40.600424 (0.401s) [OMP=0.311 ISP-L=0.008 ISP-F=0.031 MW-L=0.022 MW-F=0.030]
  Alt-Benders[4]: LB stagnated, break
  OMP re-solve: 0.000s

=== True-DRO Benders iter 18 ===
  OMP: t₀=13.089621, UB=20.008695, gap=3.46e-01, x=[0, 0, 0, 0, 0, 0, 0, 0, 0, 0, 0, 0, 0, 0, 0, 0, 0, 0, 0, 0, 1, 0, 0, 0, 0, 0, 0, 0, 0, 0, 0, 0, 0, 0, 0, 0, 0, 0, 0, 0, 0, 0, 0, 0, 0, 0, 0, 0, 0, 0, 0, 0, 0, 1, 0, 0, 0, 0, 0, 0, 0, 0, 0, 0, 0, 0, 0, 0, 0, 0, 0, 0, 0, 0, 0, 0] (0.000s)
  Sub: Z₀=18.890134 [LOCAL] (0.6s), α=[0.000,0.000,0.000,0.000,0.000,0.000,0.000,0.000,0.000,0.000,0.000,0.000,0.000,0.000,0.000,0.000,0.000,0.000,0.000,0.000,0.000,0.000,0.000,0.000,0.000,0.000,0.000,0.000,0.000,0.000,0.000,0.000,0.000,0.000,5.119,0.000,0.000,0.000,0.000,0.000,0.000,0.000,0.000,0.000,0.000,0.000,0.000,0.000,0.000,0.000,1.617,0.000,0.000,3.215,0.000,0.491,0.000,0.000,0.000,0.000,0.000,0.000,0.000,0.000,0.000,0.000,0.000,0.000,0.000,0.000,0.000,0.000,0.000,0.000,0.000,0.000]
  Iter 18: LB=13.089621  UB=20.008695  gap=3.46e-01
  Cut: intercept=-1109.675607, π_x_range=[-824.7813, 584.2789]
  Mini-Benders[1] (mw): LB=13.171439, Z₀(α*)=-6.201953, intercept=-47.158205 (0.386s) [OMP=0.283 ISP-L=0.008 ISP-F=0.033 MW-L=0.024 MW-F=0.030]
  Mini-Benders[2] (mw): LB=13.171439, Z₀(α*)=-6.201953, intercept=-47.158205 (0.338s) [OMP=0.244 ISP-L=0.008 ISP-F=0.033 MW-L=0.024 MW-F=0.029]
  Mini-Benders[3] (mw): LB=13.171439, Z₀(α*)=-6.201953, intercept=-47.158205 (0.338s) [OMP=0.243 ISP-L=0.008 ISP-F=0.033 MW-L=0.023 MW-F=0.030]
  Mini-Benders[4]: LB stagnated, break
  α-step: Z₀=20.236364, α=[0.000,0.000,0.000,0.000,0.000,0.000,0.000,0.000,0.000,0.000,0.000,0.000,0.000,0.000,0.000,0.000,0.000,0.000,0.000,0.000,0.000,0.000,0.000,0.000,0.000,0.000,0.000,0.000,0.000,0.000,0.000,0.000,0.000,0.000,1.615,0.000,0.000,0.000,0.000,0.000,0.000,0.000,0.000,0.000,0.000,0.000,0.000,0.000,0.000,0.000,2.532,0.000,0.000,0.322,0.000,0.000,0.000,0.000,0.000,0.000,0.000,0.000,0.000,0.000,0.000,0.000,0.000,0.000,0.000,0.000,0.000,0.000,5.974,0.000,0.000,0.000]
  Alt-Benders[1] (mw): LB=13.391177, Z₀(α*)=19.429443, intercept=-75.868381 (0.401s) [OMP=0.312 ISP-L=0.009 ISP-F=0.032 MW-L=0.022 MW-F=0.029]
  Alt-Benders[2] (mw): LB=13.476661, Z₀(α*)=-16.967075, intercept=-119.536004 (0.416s) [OMP=0.335 ISP-L=0.008 ISP-F=0.026 MW-L=0.025 MW-F=0.026]
  Alt-Benders[3] (mw): LB=13.476661, Z₀(α*)=-16.967075, intercept=-119.536004 (0.370s) [OMP=0.280 ISP-L=0.007 ISP-F=0.026 MW-L=0.026 MW-F=0.026]
  Alt-Benders[4] (mw): LB=13.476661, Z₀(α*)=-16.967075, intercept=-119.536004 (0.372s) [OMP=0.277 ISP-L=0.007 ISP-F=0.025 MW-L=0.025 MW-F=0.026]
  Alt-Benders[5]: LB stagnated, break
  OMP re-solve: 0.000s

=== True-DRO Benders iter 19 ===
  OMP: t₀=13.476661, UB=20.008695, gap=3.26e-01, x=[0, 0, 0, 0, 0, 0, 0, 0, 0, 0, 0, 0, 0, 0, 0, 0, 0, 0, 0, 0, 0, 0, 0, 0, 0, 0, 0, 0, 0, 0, 0, 0, 0, 0, 0, 0, 0, 0, 0, 0, 0, 0, 0, 0, 0, 0, 0, 0, 0, 0, 0, 0, 0, 1, 0, 0, 0, 0, 0, 0, 0, 0, 0, 0, 0, 0, 0, 0, 0, 0, 0, 1, 0, 0, 0, 0] (0.000s)
  Sub: Z₀=14.763497 [LOCAL] (0.4s), α=[0.000,0.000,0.000,0.000,0.000,0.000,0.000,0.000,0.000,0.000,0.000,0.000,0.000,0.000,0.000,0.000,0.000,0.000,0.000,0.000,0.000,0.000,0.000,0.000,0.000,0.000,0.000,0.000,0.000,0.000,0.000,0.000,0.000,0.000,0.000,0.000,0.000,0.000,0.000,0.000,0.000,0.000,0.000,0.000,0.000,0.000,0.000,0.000,0.000,0.000,0.006,0.000,0.000,0.092,0.000,0.004,0.000,0.000,0.000,0.000,0.000,0.000,0.000,0.000,0.000,0.000,0.000,0.000,0.000,0.000,0.000,10.341,0.000,0.000,0.000,0.000]
  Iter 19: LB=13.476661  UB=20.008695  gap=3.26e-01
  Cut: intercept=-1117.335600, π_x_range=[-824.2982, 570.3709]
  Mini-Benders[1] (mw): LB=13.571854, Z₀(α*)=-29.198626, intercept=-103.817397 (0.388s) [OMP=0.287 ISP-L=0.008 ISP-F=0.026 MW-L=0.023 MW-F=0.032]
  Mini-Benders[2] (mw): LB=13.571854, Z₀(α*)=-29.198626, intercept=-103.817397 (0.388s) [OMP=0.299 ISP-L=0.008 ISP-F=0.026 MW-L=0.022 MW-F=0.031]
  Mini-Benders[3] (mw): LB=13.571854, Z₀(α*)=-29.198626, intercept=-103.817397 (0.401s) [OMP=0.312 ISP-L=0.009 ISP-F=0.027 MW-L=0.022 MW-F=0.031]
  Mini-Benders[4]: LB stagnated, break
  α-step: Z₀=21.158781, α=[0.000,0.000,0.000,0.000,0.000,0.000,0.000,0.000,0.000,0.000,0.000,0.000,0.000,0.000,0.000,0.000,0.000,0.000,0.000,0.000,0.000,0.000,0.000,0.000,0.000,0.000,0.000,0.000,0.000,0.000,0.000,0.000,0.000,0.000,2.863,0.000,0.000,0.000,0.000,0.000,0.000,0.000,0.000,0.000,0.000,0.000,0.000,0.000,0.000,0.000,6.537,0.000,0.000,0.000,0.000,0.000,0.000,0.000,0.000,0.000,0.000,0.000,0.000,0.000,0.000,0.000,0.000,0.000,0.000,0.000,0.000,1.043,0.000,0.000,0.000,0.000]
  Alt-Benders[1] (mw): LB=13.700750, Z₀(α*)=3.597810, intercept=-163.952379 (0.365s) [OMP=0.279 ISP-L=0.008 ISP-F=0.028 MW-L=0.022 MW-F=0.034]
  Alt-Benders[2] (mw): LB=13.700750, Z₀(α*)=3.597810, intercept=-163.952379 (0.372s) [OMP=0.279 ISP-L=0.008 ISP-F=0.028 MW-L=0.022 MW-F=0.033]
  Alt-Benders[3] (mw): LB=13.700750, Z₀(α*)=3.597810, intercept=-163.952379 (0.388s) [OMP=0.287 ISP-L=0.008 ISP-F=0.028 MW-L=0.022 MW-F=0.033]
  Alt-Benders[4]: LB stagnated, break
  OMP re-solve: 0.000s

=== True-DRO Benders iter 20 ===
  OMP: t₀=13.700750, UB=20.008695, gap=3.15e-01, x=[0, 0, 0, 0, 0, 0, 0, 0, 0, 0, 0, 0, 0, 0, 0, 0, 0, 0, 0, 0, 0, 0, 0, 0, 0, 0, 0, 0, 0, 0, 0, 0, 0, 0, 0, 0, 0, 0, 0, 0, 0, 0, 0, 0, 0, 0, 0, 0, 0, 0, 0, 1, 0, 0, 0, 0, 0, 0, 0, 0, 0, 1, 0, 0, 0, 0, 0, 0, 0, 0, 0, 0, 0, 0, 0, 0] (0.000s)
  Sub: Z₀=21.186231 [TIME_LIMIT] (15.1s), α=[0.000,0.000,0.000,0.000,0.000,0.000,0.000,0.000,0.000,0.000,0.000,0.000,0.000,0.000,0.000,0.000,0.000,0.000,0.000,0.000,0.000,0.000,0.000,0.000,0.000,0.000,0.000,0.000,0.000,0.000,0.000,0.000,0.000,0.000,0.000,0.000,0.000,0.000,0.000,0.000,0.000,0.000,0.000,0.000,0.000,0.000,0.000,0.000,0.000,0.000,1.785,4.872,0.000,0.000,0.000,0.000,0.000,0.000,0.000,0.000,0.000,0.671,0.000,0.000,0.000,0.000,0.000,0.000,0.000,0.000,0.000,0.000,3.114,0.000,0.000,0.000]
  Iter 20: LB=13.700750  UB=20.008695  gap=3.15e-01
  Cut: intercept=-165.424500, π_x_range=[-264.0000, 96.1206]
  Mini-Benders[1] (mw): LB=13.876123, Z₀(α*)=17.328114, intercept=-121.944288 (0.495s) [OMP=0.388 ISP-L=0.008 ISP-F=0.034 MW-L=0.022 MW-F=0.033]
  Mini-Benders[2] (mw): LB=14.050390, Z₀(α*)=18.402010, intercept=-47.342303 (0.432s) [OMP=0.349 ISP-L=0.008 ISP-F=0.030 MW-L=0.022 MW-F=0.030]
  Mini-Benders[3] (mw): LB=14.054522, Z₀(α*)=-35.130874, intercept=-52.826897 (0.386s) [OMP=0.301 ISP-L=0.007 ISP-F=0.023 MW-L=0.022 MW-F=0.032]
  Mini-Benders[4] (mw): LB=14.054522, Z₀(α*)=-35.130874, intercept=-52.826897 (0.432s) [OMP=0.331 ISP-L=0.007 ISP-F=0.023 MW-L=0.022 MW-F=0.033]
  Mini-Benders[5] (mw): LB=14.054522, Z₀(α*)=-35.130874, intercept=-52.826897 (0.401s) [OMP=0.323 ISP-L=0.007 ISP-F=0.023 MW-L=0.022 MW-F=0.032]
  α-step: Z₀=20.564982, α=[0.000,0.000,0.000,0.000,0.000,0.000,0.000,0.000,0.000,0.000,0.000,0.000,0.000,0.000,0.000,0.000,0.000,0.000,0.000,0.000,0.000,0.000,0.000,0.000,0.000,0.000,0.000,0.000,0.000,0.000,0.000,0.000,0.000,0.000,7.186,0.000,0.000,0.000,0.000,0.000,0.000,0.000,0.000,0.000,0.000,0.000,0.000,0.000,0.000,0.000,0.000,0.000,0.000,0.000,0.000,0.000,0.000,0.000,0.000,0.000,0.000,0.000,0.000,0.000,0.000,0.000,0.000,0.000,0.000,0.000,0.000,0.000,3.257,0.000,0.000,0.000]
  Alt-Benders[1] (mw): LB=14.132097, Z₀(α*)=1.310674, intercept=-86.452627 (0.416s) [OMP=0.332 ISP-L=0.008 ISP-F=0.029 MW-L=0.024 MW-F=0.029]
  Alt-Benders[2] (mw): LB=14.132097, Z₀(α*)=1.310674, intercept=-86.452627 (0.401s) [OMP=0.305 ISP-L=0.008 ISP-F=0.028 MW-L=0.023 MW-F=0.029]
  Alt-Benders[3] (mw): LB=14.132097, Z₀(α*)=1.310674, intercept=-86.452627 (0.386s) [OMP=0.304 ISP-L=0.008 ISP-F=0.029 MW-L=0.023 MW-F=0.030]
  Alt-Benders[4]: LB stagnated, break
  OMP re-solve: 0.000s

=== True-DRO Benders iter 21 ===
  OMP: t₀=14.132097, UB=20.008695, gap=2.94e-01, x=[0, 0, 0, 0, 0, 0, 0, 0, 0, 0, 0, 0, 0, 0, 0, 0, 0, 0, 0, 0, 0, 0, 0, 0, 0, 0, 0, 0, 0, 0, 0, 0, 0, 0, 0, 0, 0, 0, 0, 0, 0, 0, 0, 0, 0, 0, 0, 0, 0, 0, 0, 1, 0, 0, 0, 0, 0, 0, 0, 0, 0, 0, 0, 0, 1, 0, 0, 0, 0, 0, 0, 0, 0, 0, 0, 0] (0.000s)
  Sub: Z₀=21.315141 [LOCAL] (0.4s), α=[0.000,0.000,0.000,0.000,0.000,0.000,0.000,0.000,0.000,0.000,0.000,0.000,0.000,0.000,0.000,0.000,0.000,0.000,0.000,0.000,0.000,0.000,0.000,0.000,0.000,0.000,0.000,0.000,0.000,0.000,0.000,0.000,0.000,0.000,0.000,0.000,0.000,0.000,0.000,0.000,0.000,0.000,0.000,0.000,0.000,0.000,0.000,0.000,0.000,0.000,2.775,3.899,0.000,0.000,0.000,0.000,0.000,0.000,0.000,0.000,0.000,0.000,0.225,0.000,0.000,0.000,0.000,0.000,0.000,0.000,0.000,0.000,3.544,0.000,0.000,0.000]
  Iter 21: LB=14.132097  UB=20.008695  gap=2.94e-01
  Cut: intercept=-1101.859922, π_x_range=[-825.0975, 567.0804]
  Mini-Benders[1] (mw): LB=14.132194, Z₀(α*)=-33.683872, intercept=-91.208242 (0.417s) [OMP=0.335 ISP-L=0.007 ISP-F=0.027 MW-L=0.025 MW-F=0.034]
  Mini-Benders[2] (mw): LB=14.132194, Z₀(α*)=-33.683872, intercept=-91.208242 (0.448s) [OMP=0.339 ISP-L=0.007 ISP-F=0.028 MW-L=0.024 MW-F=0.033]
  Mini-Benders[3] (mw): LB=14.132194, Z₀(α*)=-33.683872, intercept=-91.208242 (0.416s) [OMP=0.325 ISP-L=0.007 ISP-F=0.027 MW-L=0.025 MW-F=0.033]
  Mini-Benders[4]: LB stagnated, break
  α-step: Z₀=20.237509, α=[0.000,0.000,0.000,0.000,0.000,0.000,0.000,0.000,0.000,0.000,0.000,0.000,0.000,0.000,0.000,0.000,0.000,0.000,0.000,0.000,0.000,0.000,0.000,0.000,0.000,0.000,0.000,0.000,0.000,0.000,0.000,0.000,0.000,0.000,0.000,0.000,0.000,0.000,0.000,0.000,0.000,0.000,0.000,0.000,0.000,0.000,0.000,0.000,0.000,0.000,0.000,0.000,0.000,0.000,0.000,0.000,0.000,0.000,0.000,0.000,0.000,0.000,0.000,0.000,0.000,0.000,0.000,0.000,0.000,0.000,0.000,6.831,3.612,0.000,0.000,0.000]
  Alt-Benders[1] (mw): LB=14.190847, Z₀(α*)=-17.417963, intercept=-40.887031 (0.356s) [OMP=0.280 ISP-L=0.008 ISP-F=0.027 MW-L=0.023 MW-F=0.029]
  Alt-Benders[2] (mw): LB=14.190847, Z₀(α*)=-17.417963, intercept=-40.887031 (0.437s) [OMP=0.338 ISP-L=0.009 ISP-F=0.027 MW-L=0.023 MW-F=0.029]
  Alt-Benders[3] (mw): LB=14.190847, Z₀(α*)=-17.417963, intercept=-40.887031 (0.417s) [OMP=0.336 ISP-L=0.008 ISP-F=0.027 MW-L=0.023 MW-F=0.029]
  Alt-Benders[4]: LB stagnated, break
  OMP re-solve: 0.000s

=== True-DRO Benders iter 22 ===
  OMP: t₀=14.190847, UB=20.008695, gap=2.91e-01, x=[0, 0, 0, 0, 0, 0, 0, 0, 0, 0, 0, 0, 0, 0, 0, 0, 0, 0, 0, 0, 0, 0, 0, 0, 0, 0, 0, 0, 0, 0, 0, 0, 0, 0, 0, 0, 0, 0, 0, 0, 0, 0, 0, 0, 0, 0, 0, 0, 0, 0, 0, 0, 0, 1, 0, 1, 0, 0, 0, 0, 0, 0, 0, 0, 0, 0, 0, 0, 0, 0, 0, 0, 0, 0, 0, 0] (0.000s)
  Sub: Z₀=22.043846 [LOCAL] (0.4s), α=[0.000,0.000,0.000,0.000,0.000,0.000,0.000,0.000,0.000,0.000,0.000,0.000,0.000,0.000,0.000,0.000,0.000,0.000,0.000,0.000,0.000,0.000,0.000,0.000,0.000,0.000,0.000,0.000,0.000,0.000,0.000,0.000,0.000,0.000,2.589,0.000,0.000,0.000,0.000,0.000,0.000,0.000,0.000,0.000,0.000,0.000,0.000,0.000,0.000,0.000,1.698,0.000,0.000,4.702,0.000,1.454,0.000,0.000,0.000,0.000,0.000,0.000,0.000,0.000,0.000,0.000,0.000,0.000,0.000,0.000,0.000,0.000,0.000,0.000,0.000,0.000]
  Iter 22: LB=14.190847  UB=20.008695  gap=2.91e-01
  Cut: intercept=-1117.622239, π_x_range=[-826.0066, 588.6344]
  Mini-Benders[1] (mw): LB=14.266341, Z₀(α*)=-18.182469, intercept=-41.836724 (0.417s) [OMP=0.313 ISP-L=0.007 ISP-F=0.029 MW-L=0.024 MW-F=0.032]
  Mini-Benders[2] (mw): LB=14.266341, Z₀(α*)=-18.182469, intercept=-41.836724 (0.407s) [OMP=0.318 ISP-L=0.007 ISP-F=0.029 MW-L=0.024 MW-F=0.032]
  Mini-Benders[3] (mw): LB=14.266341, Z₀(α*)=-18.182469, intercept=-41.836724 (0.416s) [OMP=0.327 ISP-L=0.008 ISP-F=0.030 MW-L=0.026 MW-F=0.032]
  Mini-Benders[4]: LB stagnated, break
  α-step: Z₀=21.113607, α=[0.000,0.000,0.000,0.000,0.000,0.000,0.000,0.000,0.000,0.000,0.000,0.000,0.000,2.952,0.000,0.000,0.022,0.000,0.000,0.000,0.000,0.000,0.000,0.000,0.000,0.000,0.000,0.000,0.000,0.000,0.000,0.000,0.000,0.000,2.715,0.000,0.000,0.000,0.000,0.000,0.000,0.000,0.000,0.000,0.000,0.000,0.000,0.000,0.000,0.000,0.000,0.000,0.000,0.000,0.000,0.000,0.000,0.000,0.000,0.000,0.000,0.000,0.000,0.000,0.000,0.000,0.000,0.000,0.000,0.000,0.000,0.000,4.754,0.000,0.000,0.000]
  Alt-Benders[1] (mw): LB=14.266341, Z₀(α*)=8.336851, intercept=-20.711787 (0.414s) [OMP=0.335 ISP-L=0.007 ISP-F=0.030 MW-L=0.021 MW-F=0.029]
  Alt-Benders[2] (mw): LB=14.266341, Z₀(α*)=8.336851, intercept=-20.711787 (0.369s) [OMP=0.282 ISP-L=0.007 ISP-F=0.030 MW-L=0.022 MW-F=0.029]
  Alt-Benders[3] (mw): LB=14.266341, Z₀(α*)=8.336851, intercept=-20.711787 (0.354s) [OMP=0.275 ISP-L=0.007 ISP-F=0.030 MW-L=0.023 MW-F=0.028]
  Alt-Benders[4]: LB stagnated, break
  OMP re-solve: 0.000s

=== True-DRO Benders iter 23 ===
  OMP: t₀=14.266341, UB=20.008695, gap=2.87e-01, x=[0, 0, 0, 0, 0, 0, 0, 0, 0, 0, 1, 0, 0, 0, 0, 0, 0, 0, 0, 0, 1, 0, 0, 0, 0, 0, 0, 0, 0, 0, 0, 0, 0, 0, 0, 0, 0, 0, 0, 0, 0, 0, 0, 0, 0, 0, 0, 0, 0, 0, 0, 0, 0, 0, 0, 0, 0, 0, 0, 0, 0, 0, 0, 0, 0, 0, 0, 0, 0, 0, 0, 0, 0, 0, 0, 0] (0.000s)
  Sub: Z₀=21.323825 [LOCAL] (0.5s), α=[0.000,0.000,0.000,0.000,0.000,0.000,0.000,0.000,0.000,0.000,1.913,0.000,0.000,0.000,0.000,0.000,0.179,0.000,0.000,0.000,1.009,0.000,0.000,0.000,0.000,0.000,0.000,0.000,0.000,0.000,0.000,0.000,0.000,0.000,2.589,0.000,0.000,0.000,0.000,0.000,0.000,0.000,0.000,0.000,0.000,0.000,0.000,0.000,0.000,0.000,0.000,0.000,0.000,0.000,0.000,0.000,0.000,0.000,0.000,0.000,0.000,0.000,0.000,0.000,0.000,0.000,0.000,0.000,0.000,0.000,0.000,0.000,4.754,0.000,0.000,0.000]
  Iter 23: LB=14.266341  UB=20.008695  gap=2.87e-01
  Cut: intercept=-1138.119233, π_x_range=[-825.6067, 583.7841]
  Mini-Benders[1] (mw): LB=14.269142, Z₀(α*)=-4.452506, intercept=-71.253161 (0.433s) [OMP=0.342 ISP-L=0.007 ISP-F=0.027 MW-L=0.023 MW-F=0.028]
  Mini-Benders[2] (mw): LB=14.269142, Z₀(α*)=-4.452506, intercept=-71.253161 (0.354s) [OMP=0.266 ISP-L=0.007 ISP-F=0.026 MW-L=0.023 MW-F=0.030]
  Mini-Benders[3] (mw): LB=14.269142, Z₀(α*)=-4.452506, intercept=-71.253161 (0.357s) [OMP=0.277 ISP-L=0.007 ISP-F=0.027 MW-L=0.023 MW-F=0.028]
  Mini-Benders[4]: LB stagnated, break
  α-step: Z₀=21.249151, α=[0.000,0.000,0.000,0.000,0.000,0.000,0.000,0.000,0.000,0.000,0.732,0.000,0.000,0.000,0.000,0.000,0.000,0.000,0.000,0.000,0.000,0.000,0.000,0.000,0.000,0.000,0.000,0.000,0.000,0.000,0.000,0.000,0.000,0.000,2.589,0.000,0.000,0.000,0.000,0.000,0.000,0.000,0.000,0.000,0.000,0.000,0.000,0.000,0.000,0.000,2.532,4.590,0.000,0.000,0.000,0.000,0.000,0.000,0.000,0.000,0.000,0.000,0.000,0.000,0.000,0.000,0.000,0.000,0.000,0.000,0.000,0.000,0.000,0.000,0.000,0.000]
  Alt-Benders[1] (mw): LB=14.416492, Z₀(α*)=-0.866446, intercept=-33.954927 (0.418s) [OMP=0.327 ISP-L=0.008 ISP-F=0.031 MW-L=0.024 MW-F=0.029]
  Alt-Benders[2] (mw): LB=14.416492, Z₀(α*)=-0.866446, intercept=-33.954927 (0.417s) [OMP=0.329 ISP-L=0.008 ISP-F=0.031 MW-L=0.024 MW-F=0.029]
  Alt-Benders[3] (mw): LB=14.416492, Z₀(α*)=-0.866446, intercept=-33.954927 (0.416s) [OMP=0.317 ISP-L=0.008 ISP-F=0.030 MW-L=0.024 MW-F=0.029]
  Alt-Benders[4]: LB stagnated, break
  OMP re-solve: 0.000s

=== True-DRO Benders iter 24 ===
  OMP: t₀=14.416492, UB=20.008695, gap=2.79e-01, x=[0, 0, 0, 0, 0, 0, 0, 0, 0, 0, 0, 0, 0, 0, 0, 0, 0, 0, 0, 0, 0, 0, 0, 0, 0, 0, 0, 0, 0, 0, 0, 0, 0, 0, 0, 0, 0, 0, 0, 0, 0, 0, 0, 0, 0, 0, 0, 0, 0, 0, 1, 0, 0, 1, 0, 0, 0, 0, 0, 0, 0, 0, 0, 0, 0, 0, 0, 0, 0, 0, 0, 0, 0, 0, 0, 0] (0.000s)
  Sub: Z₀=21.991528 [LOCAL] (0.4s), α=[0.000,0.000,0.000,0.000,0.000,0.000,0.000,0.000,0.000,0.000,0.000,0.000,0.000,0.000,0.000,0.000,0.000,0.000,0.000,0.000,0.000,0.000,0.000,0.000,0.000,0.000,0.000,0.000,0.000,0.000,0.000,0.000,0.000,0.000,2.589,0.000,0.000,0.000,0.000,0.000,0.000,0.000,0.000,0.000,0.000,0.000,0.000,0.000,0.000,0.000,2.118,0.000,0.000,5.189,0.000,0.547,0.000,0.000,0.000,0.000,0.000,0.000,0.000,0.000,0.000,0.000,0.000,0.000,0.000,0.000,0.000,0.000,0.000,0.000,0.000,0.000]
  Iter 24: LB=14.416492  UB=20.008695  gap=2.79e-01
  Cut: intercept=-1120.443786, π_x_range=[-825.9527, 591.8976]
  Mini-Benders[1] (mw): LB=14.461980, Z₀(α*)=-9.039677, intercept=-48.986546 (0.389s) [OMP=0.292 ISP-L=0.007 ISP-F=0.028 MW-L=0.024 MW-F=0.029]
  Mini-Benders[2] (mw): LB=14.461980, Z₀(α*)=-9.039677, intercept=-48.986546 (0.387s) [OMP=0.297 ISP-L=0.007 ISP-F=0.027 MW-L=0.025 MW-F=0.029]
  Mini-Benders[3] (mw): LB=14.461980, Z₀(α*)=-9.039677, intercept=-48.986546 (0.388s) [OMP=0.295 ISP-L=0.007 ISP-F=0.028 MW-L=0.024 MW-F=0.029]
  Mini-Benders[4]: LB stagnated, break
  α-step: Z₀=21.457941, α=[0.000,0.000,0.000,0.000,0.000,0.000,0.000,0.000,0.000,0.000,1.222,0.000,0.000,0.000,0.000,0.000,0.000,0.000,0.000,0.000,0.000,0.000,0.000,0.000,0.000,0.000,0.000,0.000,0.000,0.000,0.000,0.000,0.000,0.000,2.589,0.000,0.000,0.000,0.000,0.000,0.000,0.000,0.000,0.000,0.000,0.000,0.000,0.000,0.000,0.000,0.000,4.582,0.000,0.000,0.000,0.000,0.000,0.000,0.000,0.000,0.000,0.000,0.000,0.000,0.000,0.000,0.000,0.000,0.000,0.000,0.000,0.000,2.050,0.000,0.000,0.000]
  Alt-Benders[1] (mw): LB=14.480222, Z₀(α*)=-4.673328, intercept=-82.469165 (0.485s) [OMP=0.403 ISP-L=0.007 ISP-F=0.030 MW-L=0.024 MW-F=0.033]
  Alt-Benders[2] (mw): LB=14.480222, Z₀(α*)=-4.673328, intercept=-82.469165 (0.417s) [OMP=0.307 ISP-L=0.007 ISP-F=0.030 MW-L=0.024 MW-F=0.032]
  Alt-Benders[3] (mw): LB=14.480222, Z₀(α*)=-4.673328, intercept=-82.469165 (0.401s) [OMP=0.305 ISP-L=0.007 ISP-F=0.030 MW-L=0.024 MW-F=0.032]
  Alt-Benders[4]: LB stagnated, break
  OMP re-solve: 0.000s

=== True-DRO Benders iter 25 ===
  OMP: t₀=14.480222, UB=20.008695, gap=2.76e-01, x=[0, 0, 0, 0, 0, 0, 0, 0, 0, 0, 0, 0, 0, 0, 0, 0, 0, 0, 0, 0, 0, 0, 0, 0, 0, 0, 0, 0, 0, 0, 0, 0, 0, 0, 0, 0, 0, 0, 0, 0, 0, 0, 1, 0, 0, 0, 0, 0, 0, 0, 0, 0, 0, 1, 0, 0, 0, 0, 0, 0, 0, 0, 0, 0, 0, 0, 0, 0, 0, 0, 0, 0, 0, 0, 0, 0] (0.000s)
  Sub: Z₀=21.262268 [TIME_LIMIT] (15.1s), α=[0.000,0.000,0.000,0.000,0.000,0.000,0.000,0.000,0.000,0.000,0.077,0.000,0.000,0.000,0.000,0.000,0.000,0.000,0.000,0.000,0.000,0.000,0.000,0.000,0.000,0.000,0.000,0.000,0.000,0.000,0.000,0.000,0.000,0.000,0.536,0.000,0.000,0.000,0.000,0.000,0.000,0.000,1.784,0.000,0.000,0.000,0.000,0.000,0.000,0.000,2.251,0.000,0.000,3.864,0.000,1.905,0.000,0.000,0.000,0.000,0.000,0.000,0.000,0.000,0.000,0.000,0.000,0.000,0.000,0.000,0.000,0.022,0.004,0.000,0.000,0.000]
  Iter 25: LB=14.480222  UB=20.008695  gap=2.76e-01
  Cut: intercept=-74.873118, π_x_range=[-183.6194, 51.7436]
  Mini-Benders[1] (mw): LB=14.495988, Z₀(α*)=-15.295506, intercept=-77.947408 (0.404s) [OMP=0.327 ISP-L=0.008 ISP-F=0.029 MW-L=0.021 MW-F=0.025]
  Mini-Benders[2] (mw): LB=14.495988, Z₀(α*)=-15.295506, intercept=-77.947408 (0.386s) [OMP=0.298 ISP-L=0.007 ISP-F=0.029 MW-L=0.023 MW-F=0.025]
  Mini-Benders[3] (mw): LB=14.495988, Z₀(α*)=-15.295506, intercept=-77.947408 (0.401s) [OMP=0.306 ISP-L=0.008 ISP-F=0.029 MW-L=0.022 MW-F=0.025]
  Mini-Benders[4]: LB stagnated, break
  α-step: Z₀=21.457941, α=[0.000,0.000,0.000,0.000,0.000,0.000,0.000,0.000,0.000,0.000,0.000,0.000,0.000,1.222,0.000,0.000,0.000,0.000,0.000,0.000,0.000,0.000,0.000,0.000,0.000,0.000,0.000,0.000,0.000,0.000,0.000,0.000,0.000,0.000,2.589,0.000,0.000,0.000,0.000,0.000,0.000,0.000,0.000,0.000,0.000,0.000,0.000,0.000,0.000,0.000,0.000,4.582,0.000,0.000,0.000,0.000,0.000,0.000,0.000,0.000,0.000,0.000,0.000,0.000,0.000,0.000,0.000,0.000,0.000,0.000,0.000,0.000,2.050,0.000,0.000,0.000]
  Alt-Benders[1] (mw): LB=14.523529, Z₀(α*)=-1.046711, intercept=-47.578721 (0.435s) [OMP=0.345 ISP-L=0.008 ISP-F=0.031 MW-L=0.023 MW-F=0.027]
  Alt-Benders[2] (mw): LB=14.523529, Z₀(α*)=-1.046711, intercept=-47.578721 (0.369s) [OMP=0.274 ISP-L=0.008 ISP-F=0.030 MW-L=0.024 MW-F=0.026]
  Alt-Benders[3] (mw): LB=14.523529, Z₀(α*)=-1.046711, intercept=-47.578721 (0.372s) [OMP=0.272 ISP-L=0.008 ISP-F=0.030 MW-L=0.023 MW-F=0.028]
  Alt-Benders[4]: LB stagnated, break
  OMP re-solve: 0.000s

=== True-DRO Benders iter 26 ===
  OMP: t₀=14.523529, UB=20.008695, gap=2.74e-01, x=[0, 0, 0, 0, 0, 0, 0, 0, 0, 0, 0, 0, 0, 0, 0, 0, 0, 0, 0, 0, 0, 0, 0, 0, 0, 0, 0, 0, 0, 0, 0, 0, 0, 0, 0, 0, 0, 0, 0, 0, 0, 0, 0, 0, 0, 0, 0, 0, 0, 1, 0, 0, 0, 1, 0, 0, 0, 0, 0, 0, 0, 0, 0, 0, 0, 0, 0, 0, 0, 0, 0, 0, 0, 0, 0, 0] (0.000s)
  Sub: Z₀=21.384521 [LOCAL] (0.6s), α=[0.000,0.000,0.000,0.000,0.000,0.000,0.000,0.000,0.000,0.000,0.000,0.000,0.000,0.000,0.000,0.000,0.000,0.000,0.000,0.000,0.000,0.000,0.000,0.000,0.000,0.000,0.000,0.000,0.000,0.000,0.000,0.000,0.000,0.000,4.487,0.000,0.000,0.000,0.000,0.000,0.000,0.000,0.000,0.000,0.000,0.000,0.000,0.000,0.000,0.000,1.714,0.000,0.000,3.782,0.000,0.460,0.000,0.000,0.000,0.000,0.000,0.000,0.000,0.000,0.000,0.000,0.000,0.000,0.000,0.000,0.000,0.000,0.000,0.000,0.000,0.000]
  Iter 26: LB=14.523529  UB=20.008695  gap=2.74e-01
  Cut: intercept=-1086.985245, π_x_range=[-829.8390, 558.3729]
  Mini-Benders[1] (mw): LB=14.545894, Z₀(α*)=-27.980631, intercept=-53.090181 (0.401s) [OMP=0.307 ISP-L=0.007 ISP-F=0.029 MW-L=0.023 MW-F=0.032]
  Mini-Benders[2] (mw): LB=14.545894, Z₀(α*)=-27.980631, intercept=-53.090181 (0.401s) [OMP=0.313 ISP-L=0.008 ISP-F=0.029 MW-L=0.023 MW-F=0.031]
  Mini-Benders[3] (mw): LB=14.545894, Z₀(α*)=-27.980631, intercept=-53.090181 (0.401s) [OMP=0.300 ISP-L=0.007 ISP-F=0.029 MW-L=0.023 MW-F=0.031]
  Mini-Benders[4]: LB stagnated, break
  α-step: Z₀=20.564982, α=[0.000,0.000,0.000,0.000,0.000,0.000,0.000,0.000,0.000,0.000,0.000,0.000,0.000,0.000,0.000,0.000,0.000,0.000,0.000,0.000,0.000,0.000,0.000,0.000,0.000,0.000,0.000,0.000,0.000,0.000,0.000,0.000,0.000,0.000,7.997,0.000,0.000,0.000,0.000,0.000,0.000,0.000,0.000,0.000,0.000,0.000,0.000,0.000,0.000,0.000,0.000,0.000,0.000,0.000,0.000,0.000,0.000,0.000,0.000,0.000,0.000,0.000,0.000,0.000,0.000,0.000,0.000,0.000,0.000,0.000,0.000,0.000,2.446,0.000,0.000,0.000]
  Alt-Benders[1] (mw): LB=14.566659, Z₀(α*)=14.581683, intercept=-28.941887 (0.430s) [OMP=0.356 ISP-L=0.008 ISP-F=0.031 MW-L=0.021 MW-F=0.024]
  Alt-Benders[2] (mw): LB=14.573828, Z₀(α*)=-6.061332, intercept=-103.704916 (0.526s) [OMP=0.422 ISP-L=0.008 ISP-F=0.028 MW-L=0.023 MW-F=0.041]
  Alt-Benders[3] (mw): LB=14.573828, Z₀(α*)=-6.061332, intercept=-103.704916 (0.479s) [OMP=0.369 ISP-L=0.008 ISP-F=0.027 MW-L=0.022 MW-F=0.042]
  Alt-Benders[4] (mw): LB=14.573828, Z₀(α*)=-6.061332, intercept=-103.704916 (0.479s) [OMP=0.376 ISP-L=0.008 ISP-F=0.028 MW-L=0.022 MW-F=0.042]
  Alt-Benders[5]: LB stagnated, break
  OMP re-solve: 0.000s

=== True-DRO Benders iter 27 ===
  OMP: t₀=14.573828, UB=20.008695, gap=2.72e-01, x=[0, 0, 0, 0, 0, 0, 0, 0, 0, 0, 0, 0, 0, 0, 0, 0, 0, 0, 0, 0, 0, 0, 0, 0, 0, 0, 0, 0, 0, 0, 0, 0, 0, 0, 0, 0, 0, 0, 0, 0, 0, 0, 0, 0, 0, 0, 0, 0, 0, 0, 0, 0, 0, 0, 0, 0, 0, 0, 1, 0, 0, 1, 0, 0, 0, 0, 0, 0, 0, 0, 0, 0, 0, 0, 0, 0] (0.000s)
  Sub: Z₀=22.268410 [LOCAL] (0.4s), α=[0.000,0.000,0.000,0.000,0.000,0.000,0.000,0.000,0.000,0.000,0.000,0.000,0.000,0.000,0.000,0.000,0.000,0.000,0.000,0.000,0.000,0.000,0.000,0.000,0.000,0.000,0.000,0.000,0.000,0.000,0.000,0.000,0.000,0.000,0.000,0.000,0.000,0.000,0.000,0.000,0.000,0.000,0.000,0.000,0.000,0.000,0.000,0.000,0.000,0.000,2.096,0.000,0.000,0.177,0.000,0.000,0.000,0.000,0.486,0.000,0.000,1.455,0.000,0.000,0.000,0.000,0.000,0.000,0.000,0.000,0.000,0.000,6.228,0.000,0.000,0.000]
  Iter 27: LB=14.573828  UB=20.008695  gap=2.72e-01
  Cut: intercept=-1079.537390, π_x_range=[-825.4590, 560.5568]
  Mini-Benders[1] (mw): LB=14.581681, Z₀(α*)=11.896710, intercept=-37.620613 (0.402s) [OMP=0.311 ISP-L=0.009 ISP-F=0.027 MW-L=0.024 MW-F=0.028]
  Mini-Benders[2] (mw): LB=14.581681, Z₀(α*)=11.896710, intercept=-37.620613 (0.385s) [OMP=0.294 ISP-L=0.008 ISP-F=0.026 MW-L=0.023 MW-F=0.028]
  Mini-Benders[3] (mw): LB=14.581681, Z₀(α*)=11.896710, intercept=-37.620613 (0.370s) [OMP=0.292 ISP-L=0.008 ISP-F=0.026 MW-L=0.023 MW-F=0.028]
  Mini-Benders[4]: LB stagnated, break
  α-step: Z₀=21.809133, α=[0.000,0.000,0.000,0.000,0.000,0.000,0.000,0.000,0.000,0.000,0.000,0.000,0.000,0.000,0.000,0.000,0.000,0.000,0.000,0.000,0.000,0.000,0.000,0.000,0.000,0.000,0.000,0.000,0.000,0.000,0.000,0.000,0.000,0.000,2.589,0.000,0.000,0.000,0.000,0.000,0.000,0.000,0.000,0.000,0.000,0.000,0.000,0.000,0.000,0.000,2.532,0.000,0.000,2.792,0.000,0.000,0.000,0.000,0.000,0.000,0.000,0.000,0.000,0.000,0.000,0.000,0.000,0.000,0.000,0.000,0.000,0.000,2.530,0.000,0.000,0.000]
  Alt-Benders[1] (mw): LB=14.586942, Z₀(α*)=20.770898, intercept=-43.762171 (0.418s) [OMP=0.334 ISP-L=0.008 ISP-F=0.031 MW-L=0.024 MW-F=0.031]
  Alt-Benders[2] (mw): LB=14.598143, Z₀(α*)=9.519374, intercept=-65.173877 (0.479s) [OMP=0.367 ISP-L=0.008 ISP-F=0.033 MW-L=0.024 MW-F=0.032]
  Alt-Benders[3] (mw): LB=14.598143, Z₀(α*)=9.519374, intercept=-65.173877 (0.464s) [OMP=0.374 ISP-L=0.007 ISP-F=0.033 MW-L=0.024 MW-F=0.031]
  Alt-Benders[4] (mw): LB=14.598143, Z₀(α*)=9.519374, intercept=-65.173877 (0.484s) [OMP=0.383 ISP-L=0.008 ISP-F=0.033 MW-L=0.023 MW-F=0.031]
  Alt-Benders[5]: LB stagnated, break
  OMP re-solve: 0.000s

=== True-DRO Benders iter 28 ===
  OMP: t₀=14.598143, UB=20.008695, gap=2.70e-01, x=[0, 0, 0, 0, 0, 0, 0, 0, 0, 0, 0, 0, 0, 0, 0, 0, 0, 0, 0, 0, 1, 0, 0, 0, 0, 0, 0, 0, 0, 0, 0, 0, 0, 0, 0, 0, 0, 0, 0, 0, 0, 0, 0, 0, 0, 0, 0, 0, 0, 0, 0, 0, 0, 0, 0, 0, 0, 0, 0, 0, 0, 0, 0, 0, 1, 0, 0, 0, 0, 0, 0, 0, 0, 0, 0, 0] (0.000s)
  Sub: Z₀=21.782270 [LOCAL] (0.4s), α=[0.000,0.000,0.000,0.000,0.000,0.000,0.000,0.000,0.000,0.000,0.000,0.000,0.000,0.000,0.000,0.000,0.000,0.000,0.000,0.000,0.000,0.000,0.000,0.000,0.000,0.000,0.000,0.000,0.000,0.000,0.000,0.000,0.000,0.000,0.000,0.000,0.000,0.000,0.000,0.000,0.000,0.000,0.000,0.000,0.000,0.000,0.000,0.000,0.000,0.000,0.000,0.000,0.000,0.000,0.000,0.000,0.000,0.000,0.000,0.000,0.000,0.000,5.827,0.000,0.000,0.000,0.000,0.000,0.000,0.000,0.000,0.000,4.616,0.000,0.000,0.000]
  Iter 28: LB=14.598143  UB=20.008695  gap=2.70e-01
  Cut: intercept=-1122.011213, π_x_range=[-825.0658, 588.0984]
  Mini-Benders[1] (mw): LB=14.603669, Z₀(α*)=-20.043257, intercept=-42.026193 (0.417s) [OMP=0.319 ISP-L=0.009 ISP-F=0.030 MW-L=0.024 MW-F=0.032]
  Mini-Benders[2] (mw): LB=14.603669, Z₀(α*)=-20.043257, intercept=-42.026193 (0.432s) [OMP=0.341 ISP-L=0.008 ISP-F=0.031 MW-L=0.025 MW-F=0.032]
  Mini-Benders[3] (mw): LB=14.603669, Z₀(α*)=-20.043257, intercept=-42.026193 (0.448s) [OMP=0.342 ISP-L=0.009 ISP-F=0.031 MW-L=0.024 MW-F=0.033]
  Mini-Benders[4]: LB stagnated, break
  α-step: Z₀=22.890234, α=[0.000,0.000,0.000,0.000,0.000,0.000,0.000,0.000,0.000,0.000,0.000,0.000,0.000,0.000,0.000,0.000,0.000,0.000,0.000,0.000,0.000,0.000,0.000,0.000,0.000,0.000,0.000,0.000,0.000,0.000,0.000,0.000,0.000,0.000,0.000,0.000,0.000,0.000,0.000,0.000,0.000,0.000,0.000,0.000,0.000,0.000,0.000,0.000,0.000,0.000,0.000,0.000,0.000,0.000,0.000,0.000,0.000,0.000,0.000,0.000,0.000,0.000,0.000,0.000,0.000,0.000,0.000,0.000,0.000,0.000,0.000,0.000,10.443,0.000,0.000,0.000]
  Alt-Benders[1] (mw): LB=14.610270, Z₀(α*)=-0.055283, intercept=-56.444544 (0.395s) [OMP=0.301 ISP-L=0.008 ISP-F=0.032 MW-L=0.024 MW-F=0.029]
  Alt-Benders[2] (mw): LB=14.610270, Z₀(α*)=-0.055283, intercept=-56.444544 (0.404s) [OMP=0.313 ISP-L=0.008 ISP-F=0.032 MW-L=0.023 MW-F=0.028]
  Alt-Benders[3] (mw): LB=14.610270, Z₀(α*)=-0.055283, intercept=-56.444544 (0.403s) [OMP=0.312 ISP-L=0.007 ISP-F=0.031 MW-L=0.023 MW-F=0.028]
  Alt-Benders[4]: LB stagnated, break
  OMP re-solve: 0.000s

=== True-DRO Benders iter 29 ===
  OMP: t₀=14.610270, UB=20.008695, gap=2.70e-01, x=[0, 0, 0, 0, 0, 0, 0, 0, 0, 0, 0, 0, 0, 0, 0, 0, 0, 0, 0, 0, 0, 1, 0, 0, 0, 0, 0, 0, 0, 0, 0, 0, 0, 0, 0, 0, 0, 0, 0, 0, 0, 0, 0, 0, 0, 0, 0, 0, 0, 0, 0, 0, 0, 1, 0, 0, 0, 0, 0, 0, 0, 0, 0, 0, 0, 0, 0, 0, 0, 0, 0, 0, 0, 0, 0, 0] (0.000s)
  Sub: Z₀=22.266313 [LOCAL] (0.4s), α=[0.000,0.000,0.000,0.000,0.000,0.000,0.000,0.000,0.000,0.000,0.000,0.000,0.000,0.000,0.000,0.000,0.000,0.000,0.000,0.000,0.000,0.000,0.000,0.000,0.000,0.000,0.000,0.000,0.000,0.000,0.000,0.000,0.000,0.000,2.589,0.000,0.000,0.000,0.000,0.000,0.000,0.000,0.000,0.000,0.000,0.000,0.000,0.000,0.000,0.000,1.750,0.000,0.000,5.563,0.000,0.000,0.000,0.000,0.000,0.000,0.000,0.000,0.000,0.000,0.000,0.000,0.000,0.000,0.000,0.000,0.000,0.000,0.540,0.000,0.000,0.000]
  Iter 29: LB=14.610270  UB=20.008695  gap=2.70e-01
  Cut: intercept=-1091.528067, π_x_range=[-826.0778, 557.6944]
  Mini-Benders[1] (mw): LB=14.647213, Z₀(α*)=-12.765887, intercept=-47.544067 (0.402s) [OMP=0.309 ISP-L=0.007 ISP-F=0.031 MW-L=0.021 MW-F=0.030]
  Mini-Benders[2] (mw): LB=14.647213, Z₀(α*)=-12.765887, intercept=-47.544067 (0.401s) [OMP=0.310 ISP-L=0.007 ISP-F=0.031 MW-L=0.021 MW-F=0.031]
  Mini-Benders[3] (mw): LB=14.647213, Z₀(α*)=-12.765887, intercept=-47.544067 (0.400s) [OMP=0.310 ISP-L=0.007 ISP-F=0.031 MW-L=0.021 MW-F=0.031]
  Mini-Benders[4]: LB stagnated, break
  α-step: Z₀=21.474071, α=[0.000,0.000,0.000,0.000,0.000,0.000,0.000,0.000,0.000,0.000,2.522,0.000,0.000,0.000,0.000,0.000,0.000,0.000,0.000,0.000,1.401,0.000,0.000,0.000,0.000,0.000,0.000,0.000,0.000,0.000,0.000,0.000,0.000,0.000,3.263,0.000,0.000,0.000,0.000,0.000,0.000,0.000,0.000,0.000,0.000,0.000,0.000,0.000,0.000,0.000,0.000,0.000,0.000,0.000,0.000,0.000,0.000,0.000,0.000,0.000,0.000,0.000,0.000,0.000,0.000,0.000,0.000,0.000,0.000,0.000,0.000,0.000,3.257,0.000,0.000,0.000]
  Alt-Benders[1] (mw): LB=14.651990, Z₀(α*)=7.304096, intercept=-45.130961 (0.411s) [OMP=0.328 ISP-L=0.008 ISP-F=0.029 MW-L=0.023 MW-F=0.025]
  Alt-Benders[2] (mw): LB=14.651990, Z₀(α*)=7.304096, intercept=-45.130961 (0.385s) [OMP=0.298 ISP-L=0.008 ISP-F=0.028 MW-L=0.023 MW-F=0.025]
  Alt-Benders[3] (mw): LB=14.651990, Z₀(α*)=7.304096, intercept=-45.130961 (0.401s) [OMP=0.313 ISP-L=0.008 ISP-F=0.029 MW-L=0.024 MW-F=0.025]
  Alt-Benders[4]: LB stagnated, break
  OMP re-solve: 0.000s

=== True-DRO Benders iter 30 ===
  OMP: t₀=14.651990, UB=20.008695, gap=2.68e-01, x=[0, 0, 0, 0, 0, 0, 0, 0, 0, 0, 0, 0, 0, 1, 0, 0, 0, 0, 0, 0, 0, 0, 0, 0, 0, 0, 0, 0, 0, 0, 0, 0, 0, 0, 0, 0, 0, 0, 0, 0, 0, 0, 0, 0, 0, 0, 0, 0, 0, 0, 0, 0, 0, 1, 0, 0, 0, 0, 0, 0, 0, 0, 0, 0, 0, 0, 0, 0, 0, 0, 0, 0, 0, 0, 0, 0] (0.000s)
  Sub: Z₀=20.973590 [TIME_LIMIT] (15.0s), α=[0.000,0.000,0.000,0.000,0.000,0.000,0.000,0.000,0.000,0.000,0.000,0.000,0.000,0.770,0.000,0.000,0.661,0.000,0.000,0.000,0.708,0.000,0.000,0.000,0.000,0.000,0.000,0.000,0.000,0.000,0.000,0.000,0.000,0.000,1.531,0.000,0.000,0.000,0.000,0.000,0.000,0.000,0.000,0.000,0.000,0.000,0.000,0.000,0.000,0.000,0.767,0.000,0.000,5.803,0.000,0.203,0.000,0.000,0.000,0.000,0.000,0.000,0.000,0.000,0.000,0.000,0.000,0.000,0.000,0.000,0.000,0.000,0.000,0.000,0.000,0.000]
  Iter 30: LB=14.651990  UB=20.008695  gap=2.68e-01
  Cut: intercept=-61.515282, π_x_range=[-174.9597, 46.1199]
  Mini-Benders[1] (base*): LB=14.651990, Z₀(α*)=17.510051, intercept=-48.991634 (0.432s) [OMP=0.334 ISP-L=0.009 ISP-F=0.033 MW-L=0.024 MW-F=0.030]
  Mini-Benders[2] (mw): LB=14.688089, Z₀(α*)=-10.253605, intercept=-78.514517 (0.448s) [OMP=0.365 ISP-L=0.007 ISP-F=0.026 MW-L=0.022 MW-F=0.027]
  Mini-Benders[3] (mw): LB=14.688089, Z₀(α*)=-10.253605, intercept=-78.514517 (0.448s) [OMP=0.356 ISP-L=0.007 ISP-F=0.025 MW-L=0.022 MW-F=0.027]
  Mini-Benders[4] (mw): LB=14.688089, Z₀(α*)=-10.253605, intercept=-78.514517 (0.432s) [OMP=0.354 ISP-L=0.007 ISP-F=0.025 MW-L=0.022 MW-F=0.027]
  Mini-Benders[5]: LB stagnated, break
  α-step: Z₀=21.315662, α=[0.000,0.000,0.000,0.000,0.000,0.000,0.000,0.000,0.000,0.000,1.525,0.000,0.000,0.000,0.000,0.000,0.000,0.000,0.000,0.000,0.000,0.000,0.000,0.000,0.000,0.000,0.000,0.000,0.000,0.000,0.000,0.000,0.000,0.000,2.589,0.000,0.000,0.000,0.000,0.000,0.000,0.000,1.743,0.000,0.000,0.000,0.000,0.000,0.000,0.000,2.532,2.054,0.000,0.000,0.000,0.000,0.000,0.000,0.000,0.000,0.000,0.000,0.000,0.000,0.000,0.000,0.000,0.000,0.000,0.000,0.000,0.000,0.000,0.000,0.000,0.000]
  Alt-Benders[1] (mw): LB=14.707250, Z₀(α*)=-54.317172, intercept=-101.028970 (0.418s) [OMP=0.338 ISP-L=0.008 ISP-F=0.025 MW-L=0.023 MW-F=0.028]
  Alt-Benders[2] (mw): LB=14.707250, Z₀(α*)=-54.317172, intercept=-101.028970 (0.464s) [OMP=0.378 ISP-L=0.008 ISP-F=0.024 MW-L=0.023 MW-F=0.028]
  Alt-Benders[3] (mw): LB=14.707250, Z₀(α*)=-54.317172, intercept=-101.028970 (0.448s) [OMP=0.362 ISP-L=0.008 ISP-F=0.024 MW-L=0.023 MW-F=0.028]
  Alt-Benders[4]: LB stagnated, break
  OMP re-solve: 0.001s

=== True-DRO Benders iter 31 ===
  OMP: t₀=14.707250, UB=20.008695, gap=2.65e-01, x=[0, 0, 0, 0, 0, 0, 0, 0, 0, 0, 0, 0, 0, 0, 0, 0, 0, 0, 0, 0, 0, 0, 0, 0, 0, 0, 0, 0, 0, 0, 0, 0, 0, 0, 1, 0, 0, 0, 0, 0, 0, 0, 0, 0, 0, 0, 0, 0, 0, 0, 0, 0, 0, 0, 0, 0, 0, 0, 0, 0, 0, 0, 0, 0, 0, 0, 0, 0, 0, 0, 0, 0, 1, 0, 0, 0] (0.000s)
  Sub: Z₀=14.707250 [LOCAL] (5.9s), α=[0.000,0.000,0.000,0.000,0.000,0.000,0.000,0.000,0.000,0.000,0.000,0.000,0.000,0.000,0.000,0.000,0.000,0.000,0.000,0.000,0.000,0.000,0.000,0.000,0.000,0.000,0.000,0.000,0.000,0.000,0.000,0.000,0.000,0.000,4.786,0.000,0.000,0.000,0.000,0.000,0.000,0.000,0.000,0.000,0.000,0.000,0.000,0.000,0.000,0.000,0.000,0.000,0.000,0.000,0.000,0.000,0.000,0.000,0.000,0.000,0.000,0.000,0.000,0.000,0.000,0.000,0.000,0.000,0.000,0.000,0.000,0.000,5.656,0.000,0.000,0.000]
  Iter 31: LB=14.707250  UB=20.008695  gap=2.65e-01
  Cut: intercept=-1167.568401, π_x_range=[-824.6006, 593.0357]
  Mini-Benders[1] (mw): LB=14.707250, Z₀(α*)=14.707789, intercept=-98.787881 (0.448s) [OMP=0.361 ISP-L=0.009 ISP-F=0.025 MW-L=0.023 MW-F=0.026]
  Mini-Benders[2] (mw): LB=14.707787, Z₀(α*)=14.707789, intercept=-98.787881 (0.432s) [OMP=0.349 ISP-L=0.009 ISP-F=0.026 MW-L=0.022 MW-F=0.027]
  Mini-Benders[3] (mw): LB=14.707787, Z₀(α*)=14.707789, intercept=-98.787881 (0.433s) [OMP=0.342 ISP-L=0.009 ISP-F=0.025 MW-L=0.022 MW-F=0.027]
  Mini-Benders[4] (mw): LB=14.707787, Z₀(α*)=14.707789, intercept=-98.787881 (0.416s) [OMP=0.338 ISP-L=0.008 ISP-F=0.025 MW-L=0.022 MW-F=0.027]
  Mini-Benders[5]: LB stagnated, break
  α-step: Z₀=14.707800, α=[0.000,0.000,0.000,0.000,0.000,0.000,0.000,0.000,0.000,0.000,0.000,0.000,0.000,0.000,0.000,0.000,0.000,0.000,0.000,0.000,0.000,0.000,0.000,0.000,0.000,0.000,0.000,0.000,0.000,0.000,0.000,0.000,0.000,0.000,2.080,0.000,0.000,0.000,0.000,0.000,0.000,0.000,0.000,0.000,0.000,0.000,0.000,0.000,0.000,0.000,0.000,0.000,0.000,0.000,0.000,0.000,0.000,0.000,0.000,0.000,0.000,0.000,0.000,0.000,0.000,0.000,0.000,0.000,0.000,0.000,0.000,0.000,8.363,0.000,0.000,0.000]
  Alt-Benders[1] (mw): LB=14.707800, Z₀(α*)=14.707800, intercept=-98.704656 (0.475s) [OMP=0.364 ISP-L=0.008 ISP-F=0.028 MW-L=0.024 MW-F=0.053]
  Alt-Benders[2] (mw): LB=14.707800, Z₀(α*)=14.707800, intercept=-98.704656 (0.510s) [OMP=0.400 ISP-L=0.008 ISP-F=0.028 MW-L=0.023 MW-F=0.053]
  Alt-Benders[3] (mw): LB=14.707800, Z₀(α*)=14.707800, intercept=-98.704656 (0.511s) [OMP=0.390 ISP-L=0.008 ISP-F=0.027 MW-L=0.023 MW-F=0.053]
  Alt-Benders[4]: LB stagnated, break
  OMP re-solve: 0.000s

=== True-DRO Benders iter 32 ===
  OMP: t₀=14.707800, UB=20.008695, gap=2.65e-01, x=[0, 0, 0, 0, 0, 0, 0, 0, 0, 0, 0, 0, 0, 0, 0, 0, 0, 0, 0, 0, 0, 0, 0, 0, 0, 0, 0, 0, 0, 0, 0, 0, 0, 0, 1, 0, 0, 0, 0, 0, 0, 0, 0, 0, 0, 0, 0, 0, 0, 0, 0, 0, 0, 0, 0, 0, 0, 0, 0, 0, 0, 0, 0, 0, 0, 0, 0, 0, 0, 0, 0, 0, 1, 0, 0, 0] (0.000s)
  Sub: Z₀=14.707250 [LOCAL] (5.9s), α=[0.000,0.000,0.000,0.000,0.000,0.000,0.000,0.000,0.000,0.000,0.000,0.000,0.000,0.000,0.000,0.000,0.000,0.000,0.000,0.000,0.000,0.000,0.000,0.000,0.000,0.000,0.000,0.000,0.000,0.000,0.000,0.000,0.000,0.000,4.786,0.000,0.000,0.000,0.000,0.000,0.000,0.000,0.000,0.000,0.000,0.000,0.000,0.000,0.000,0.000,0.000,0.000,0.000,0.000,0.000,0.000,0.000,0.000,0.000,0.000,0.000,0.000,0.000,0.000,0.000,0.000,0.000,0.000,0.000,0.000,0.000,0.000,5.656,0.000,0.000,0.000]
  Iter 32: LB=14.707800  UB=20.008695  gap=2.65e-01
  Cut: intercept=-1167.568401, π_x_range=[-824.6006, 593.0357]
  Mini-Benders[1] (mw): LB=14.707800, Z₀(α*)=14.707789, intercept=-98.787881 (0.480s) [OMP=0.389 ISP-L=0.009 ISP-F=0.025 MW-L=0.022 MW-F=0.028]
  Mini-Benders[2] (mw): LB=14.707800, Z₀(α*)=14.707789, intercept=-98.787881 (0.479s) [OMP=0.394 ISP-L=0.009 ISP-F=0.025 MW-L=0.022 MW-F=0.028]
  Mini-Benders[3]: LB stagnated, break
  α-step: Z₀=14.707800, α=[0.000,0.000,0.000,0.000,0.000,0.000,0.000,0.000,0.000,0.000,0.000,0.000,0.000,0.000,0.000,0.000,0.000,0.000,0.000,0.000,0.000,0.000,0.000,0.000,0.000,0.000,0.000,0.000,0.000,0.000,0.000,0.000,0.000,0.000,2.080,0.000,0.000,0.000,0.000,0.000,0.000,0.000,0.000,0.000,0.000,0.000,0.000,0.000,0.000,0.000,0.000,0.000,0.000,0.000,0.000,0.000,0.000,0.000,0.000,0.000,0.000,0.000,0.000,0.000,0.000,0.000,0.000,0.000,0.000,0.000,0.000,0.000,8.363,0.000,0.000,0.000]
  Alt-Benders[1] (mw): LB=14.707800, Z₀(α*)=14.707800, intercept=-98.704656 (0.505s) [OMP=0.391 ISP-L=0.009 ISP-F=0.028 MW-L=0.023 MW-F=0.052]
  Alt-Benders[2] (mw): LB=14.707800, Z₀(α*)=14.707800, intercept=-98.704656 (0.495s) [OMP=0.387 ISP-L=0.008 ISP-F=0.028 MW-L=0.023 MW-F=0.052]
  Alt-Benders[3]: LB stagnated, break
  OMP re-solve: 0.000s

=== True-DRO Benders iter 33 ===
  OMP: t₀=14.707800, UB=20.008695, gap=2.65e-01, x=[0, 0, 0, 0, 0, 0, 0, 0, 0, 0, 0, 0, 0, 0, 0, 0, 0, 0, 0, 0, 0, 0, 0, 0, 0, 0, 0, 0, 0, 0, 0, 0, 0, 0, 1, 0, 0, 0, 0, 0, 0, 0, 0, 0, 0, 0, 0, 0, 0, 0, 0, 0, 0, 0, 0, 0, 0, 0, 0, 0, 0, 0, 0, 0, 0, 0, 0, 0, 0, 0, 0, 0, 1, 0, 0, 0] (0.000s)
  Sub: Z₀=14.707250 [LOCAL] (5.9s), α=[0.000,0.000,0.000,0.000,0.000,0.000,0.000,0.000,0.000,0.000,0.000,0.000,0.000,0.000,0.000,0.000,0.000,0.000,0.000,0.000,0.000,0.000,0.000,0.000,0.000,0.000,0.000,0.000,0.000,0.000,0.000,0.000,0.000,0.000,4.786,0.000,0.000,0.000,0.000,0.000,0.000,0.000,0.000,0.000,0.000,0.000,0.000,0.000,0.000,0.000,0.000,0.000,0.000,0.000,0.000,0.000,0.000,0.000,0.000,0.000,0.000,0.000,0.000,0.000,0.000,0.000,0.000,0.000,0.000,0.000,0.000,0.000,5.656,0.000,0.000,0.000]
  Iter 33: LB=14.707800  UB=20.008695  gap=2.65e-01
  Cut: intercept=-1167.568401, π_x_range=[-824.6006, 593.0357]
  Mini-Benders[1] (mw): LB=14.707800, Z₀(α*)=14.707789, intercept=-98.787881 (0.464s) [OMP=0.377 ISP-L=0.009 ISP-F=0.025 MW-L=0.022 MW-F=0.027]
  Mini-Benders[2] (mw): LB=14.707800, Z₀(α*)=14.707789, intercept=-98.787881 (0.479s) [OMP=0.393 ISP-L=0.009 ISP-F=0.025 MW-L=0.022 MW-F=0.028]
  Mini-Benders[3]: LB stagnated, break
  α-step: Z₀=14.707800, α=[0.000,0.000,0.000,0.000,0.000,0.000,0.000,0.000,0.000,0.000,0.000,0.000,0.000,0.000,0.000,0.000,0.000,0.000,0.000,0.000,0.000,0.000,0.000,0.000,0.000,0.000,0.000,0.000,0.000,0.000,0.000,0.000,0.000,0.000,2.080,0.000,0.000,0.000,0.000,0.000,0.000,0.000,0.000,0.000,0.000,0.000,0.000,0.000,0.000,0.000,0.000,0.000,0.000,0.000,0.000,0.000,0.000,0.000,0.000,0.000,0.000,0.000,0.000,0.000,0.000,0.000,0.000,0.000,0.000,0.000,0.000,0.000,8.363,0.000,0.000,0.000]
  Alt-Benders[1] (mw): LB=14.707800, Z₀(α*)=14.707800, intercept=-98.704656 (0.481s) [OMP=0.369 ISP-L=0.008 ISP-F=0.027 MW-L=0.023 MW-F=0.052]
  Alt-Benders[2] (mw): LB=14.707800, Z₀(α*)=14.707800, intercept=-98.704656 (0.479s) [OMP=0.371 ISP-L=0.008 ISP-F=0.027 MW-L=0.024 MW-F=0.051]
  Alt-Benders[3]: LB stagnated, break
  OMP re-solve: 0.000s

=== True-DRO Benders iter 34 ===
  OMP: t₀=14.707800, UB=20.008695, gap=2.65e-01, x=[0, 0, 0, 0, 0, 0, 0, 0, 0, 0, 0, 0, 0, 0, 0, 0, 0, 0, 0, 0, 0, 0, 0, 0, 0, 0, 0, 0, 0, 0, 0, 0, 0, 0, 1, 0, 0, 0, 0, 0, 0, 0, 0, 0, 0, 0, 0, 0, 0, 0, 0, 0, 0, 0, 0, 0, 0, 0, 0, 0, 0, 0, 0, 0, 0, 0, 0, 0, 0, 0, 0, 0, 1, 0, 0, 0] (0.000s)
  Sub: Z₀=14.707250 [LOCAL] (5.9s), α=[0.000,0.000,0.000,0.000,0.000,0.000,0.000,0.000,0.000,0.000,0.000,0.000,0.000,0.000,0.000,0.000,0.000,0.000,0.000,0.000,0.000,0.000,0.000,0.000,0.000,0.000,0.000,0.000,0.000,0.000,0.000,0.000,0.000,0.000,4.786,0.000,0.000,0.000,0.000,0.000,0.000,0.000,0.000,0.000,0.000,0.000,0.000,0.000,0.000,0.000,0.000,0.000,0.000,0.000,0.000,0.000,0.000,0.000,0.000,0.000,0.000,0.000,0.000,0.000,0.000,0.000,0.000,0.000,0.000,0.000,0.000,0.000,5.656,0.000,0.000,0.000]
  Iter 34: LB=14.707800  UB=20.008695  gap=2.65e-01
  Cut: intercept=-1167.568401, π_x_range=[-824.6006, 593.0357]
  Mini-Benders[1] (mw): LB=14.707800, Z₀(α*)=14.707789, intercept=-98.787881 (0.482s) [OMP=0.390 ISP-L=0.009 ISP-F=0.026 MW-L=0.022 MW-F=0.027]
  Mini-Benders[2] (mw): LB=14.707800, Z₀(α*)=14.707789, intercept=-98.787881 (0.464s) [OMP=0.384 ISP-L=0.009 ISP-F=0.026 MW-L=0.022 MW-F=0.027]
  Mini-Benders[3]: LB stagnated, break
  α-step: Z₀=14.707800, α=[0.000,0.000,0.000,0.000,0.000,0.000,0.000,0.000,0.000,0.000,0.000,0.000,0.000,0.000,0.000,0.000,0.000,0.000,0.000,0.000,0.000,0.000,0.000,0.000,0.000,0.000,0.000,0.000,0.000,0.000,0.000,0.000,0.000,0.000,2.080,0.000,0.000,0.000,0.000,0.000,0.000,0.000,0.000,0.000,0.000,0.000,0.000,0.000,0.000,0.000,0.000,0.000,0.000,0.000,0.000,0.000,0.000,0.000,0.000,0.000,0.000,0.000,0.000,0.000,0.000,0.000,0.000,0.000,0.000,0.000,0.000,0.000,8.363,0.000,0.000,0.000]
  Alt-Benders[1] (mw): LB=14.707800, Z₀(α*)=14.707800, intercept=-98.704656 (0.495s) [OMP=0.372 ISP-L=0.008 ISP-F=0.028 MW-L=0.024 MW-F=0.052]
  Alt-Benders[2] (mw): LB=14.707800, Z₀(α*)=14.707800, intercept=-98.704656 (0.510s) [OMP=0.392 ISP-L=0.008 ISP-F=0.028 MW-L=0.023 MW-F=0.052]
  Alt-Benders[3]: LB stagnated, break
  OMP re-solve: 0.001s

=== True-DRO Benders iter 35 ===
  OMP: t₀=14.707800, UB=20.008695, gap=2.65e-01, x=[0, 0, 0, 0, 0, 0, 0, 0, 0, 0, 0, 0, 0, 0, 0, 0, 0, 0, 0, 0, 0, 0, 0, 0, 0, 0, 0, 0, 0, 0, 0, 0, 0, 0, 1, 0, 0, 0, 0, 0, 0, 0, 0, 0, 0, 0, 0, 0, 0, 0, 0, 0, 0, 0, 0, 0, 0, 0, 0, 0, 0, 0, 0, 0, 0, 0, 0, 0, 0, 0, 0, 0, 1, 0, 0, 0] (0.000s)
  Sub: Z₀=14.707802 [TIME_LIMIT] (15.1s), α=[0.000,0.000,0.000,0.000,0.000,0.000,0.000,0.000,0.000,0.000,0.000,0.000,0.000,0.000,0.000,0.000,0.000,0.000,0.000,0.000,0.000,0.000,0.000,0.000,0.000,0.000,0.000,0.000,0.000,0.000,0.000,0.000,0.000,0.000,3.093,0.000,0.000,0.000,0.000,0.000,0.000,0.000,0.000,0.000,0.000,0.000,0.000,0.000,0.000,0.000,0.000,0.000,0.000,0.000,0.000,0.000,0.000,0.000,0.000,0.000,0.000,0.000,0.000,0.000,0.000,0.000,0.000,0.000,0.000,0.000,0.000,0.000,7.350,0.000,0.000,0.000]
  Iter 35: LB=14.707800  UB=14.715160  gap=5.00e-04
True-DRO Benders converged at iter 35 (gap=5.00e-04)
  Wall time: 235.09 sec
  OMP  time: mean=0.213s, median=0.270s, max=0.422s
  Sub  time (exact): mean=6.126s, median=6.126s, q90=7.824s, max=8.248s (n=2/35)

Result (double): Z₀=14.715160, iters=35, time=235.2s
x arcs = [35, 73]
